EDITING DELEGATE: shouldBeginEditingInDOMRange:range from 0 of DIV > BODY > HTML > #document to 11 of DIV > BODY > HTML > #document
EDITING DELEGATE: webViewDidBeginEditing:WebViewDidBeginEditingNotification
EDITING DELEGATE: webViewDidChangeSelection:WebViewDidChangeSelectionNotification
EDITING DELEGATE: webViewDidChangeSelection:WebViewDidChangeSelectionNotification
EDITING DELEGATE: shouldChangeSelectedDOMRange:(null) toDOMRange:range from 0 of PRE > DIV > BODY > HTML > #document to 0 of PRE > DIV > BODY > HTML > #document affinity:NSSelectionAffinityDownstream stillSelecting:FALSE
EDITING DELEGATE: webViewDidChangeSelection:WebViewDidChangeSelectionNotification
EDITING DELEGATE: webViewDidChange:WebViewDidChangeNotification
EDITING DELEGATE: webViewDidChangeSelection:WebViewDidChangeSelectionNotification
EDITING DELEGATE: webViewDidChangeSelection:WebViewDidChangeSelectionNotification
EDITING DELEGATE: shouldChangeSelectedDOMRange:(null) toDOMRange:range from 0 of H1 > DIV > DIV > BODY > HTML > #document to 0 of H1 > DIV > DIV > BODY > HTML > #document affinity:NSSelectionAffinityDownstream stillSelecting:FALSE
EDITING DELEGATE: webViewDidChangeSelection:WebViewDidChangeSelectionNotification
EDITING DELEGATE: webViewDidChange:WebViewDidChangeNotification
EDITING DELEGATE: webViewDidChangeSelection:WebViewDidChangeSelectionNotification
EDITING DELEGATE: webViewDidChange:WebViewDidChangeNotification
layer at (0,0) size 800x600
  RenderView at (0,0) size 800x600
layer at (0,0) size 800x600
  RenderBlock {HTML} at (0,0) size 800x600
    RenderBody {BODY} at (8,8) size 784x584
      RenderBlock {DIV} at (0,0) size 784x18
        RenderText {#text} at (0,0) size 427x18
          text run at (0,0) width 427: "This test uses FormatBlock to modify three of the paragraphs below"
      RenderBlock (anonymous) at (0,18) size 784x18
        RenderBR {BR} at (0,0) size 0x18
      RenderBlock {DIV} at (0,36) size 784x212 [border: (1px solid #000000)]
        RenderBlock {PRE} at (1,14) size 782x15
          RenderText {#text} at (0,0) size 64x15
            text run at (0,0) width 64: "Make Pre"
        RenderBlock (anonymous) at (1,42) size 782x18
          RenderBR {BR} at (0,0) size 0x18
        RenderBlock {DIV} at (1,60) size 782x115
          RenderBlock (anonymous) at (0,0) size 782x18
            RenderText {#text} at (0,0) size 25x18
              text run at (0,0) width 25: "Foo"
            RenderBR {BR} at (25,14) size 0x0
          RenderBlock {H1} at (0,39) size 782x37
            RenderText {#text} at (0,0) size 120x37
              text run at (0,0) width 120: "Make h1"
          RenderBlock (anonymous) at (0,97) size 782x18
            RenderText {#text} at (0,0) size 22x18
              text run at (0,0) width 22: "baz"
        RenderBlock (anonymous) at (1,175) size 782x18
          RenderBR {BR} at (0,0) size 0x18
        RenderBlock {ADDRESS} at (1,193) size 782x18
          RenderText {#text} at (0,0) size 279x18
            text run at (0,0) width 279: "Attempt to apply the current formatting here"
caret: position 0 of child 0 {#text} of child 9 {ADDRESS} of child 4 {DIV} of child 1 {BODY} of child 0 {HTML} of document
