layer at (0,0) size 800x600
  RenderView at (0,0) size 800x600
layer at (0,0) size 800x600
  RenderBlock {HTML} at (0,0) size 800x600
    RenderBody {BODY} at (8,8) size 784x576
      RenderBlock {P} at (0,0) size 784x18
        RenderText {#text} at (0,0) size 750x18
          text run at (0,0) width 386: "This tests InsertList inside an empty div with no placeholder. "
          text run at (386,0) width 364: "You should see an empty list item with a caret inside of it."
      RenderBlock {DIV} at (0,34) size 784x18
        RenderBlock {UL} at (0,0) size 784x18
          RenderListItem {LI} at (40,0) size 744x18
            RenderListMarker at (-17,0) size 7x18: bullet
            RenderBR {BR} at (0,0) size 0x18
        RenderBlock (anonymous) at (0,34) size 784x0
caret: position 0 of child 0 {BR} of child 0 {LI} of child 0 {UL} of child 2 {DIV} of child 1 {BODY} of child 0 {HTML} of document
