EDITING DELEGATE: shouldBeginEditingInDOMRange:range from 0 of DIV > BODY > HTML > #document to 13 of DIV > BODY > HTML > #document
EDITING DELEGATE: webViewDidBeginEditing:WebViewDidBeginEditingNotification
EDITING DELEGATE: webViewDidChangeSelection:WebViewDidChangeSelectionNotification
EDITING DELEGATE: shouldChangeSelectedDOMRange:range from 0 of DIV > BODY > HTML > #document to 0 of DIV > BODY > HTML > #document toDOMRange:range from 0 of #text > B > DIV > BODY > HTML > #document to 3 of #text > SPAN > DIV > BODY > HTML > #document affinity:NSSelectionAffinityDownstream stillSelecting:FALSE
EDITING DELEGATE: webViewDidChangeSelection:WebViewDidChangeSelectionNotification
EDITING DELEGATE: webViewDidChangeSelection:WebViewDidChangeSelectionNotification
EDITING DELEGATE: shouldChangeSelectedDOMRange:(null) toDOMRange:range from 0 of #text > DIV > BODY > HTML > #document to 9 of #text > DIV > BODY > HTML > #document affinity:NSSelectionAffinityDownstream stillSelecting:FALSE
EDITING DELEGATE: webViewDidChangeSelection:WebViewDidChangeSelectionNotification
EDITING DELEGATE: webViewDidChange:WebViewDidChangeNotification
layer at (0,0) size 800x600
  RenderView at (0,0) size 800x600
layer at (0,0) size 800x600
  RenderBlock {HTML} at (0,0) size 800x600
    RenderBody {BODY} at (8,8) size 784x576
      RenderBlock {P} at (0,0) size 784x36
        RenderText {#text} at (0,0) size 329x18
          text run at (0,0) width 329: "This is a test for execCommand(\"RemoveFormat\"). "
        RenderInline {B} at (0,0) size 747x36
          RenderText {#text} at (329,0) size 747x36
            text run at (329,0) width 418: "It demonstrates a bug: everything in the editable region below"
            text run at (0,18) width 576: "should be selected, as everything was selected before Remove Format was performed."
      RenderBlock {DIV} at (0,52) size 784x54
        RenderText {#text} at (0,0) size 63x18
          text run at (0,0) width 63: "foobarbaz"
        RenderBR {BR} at (63,14) size 0x0
        RenderText {#text} at (0,18) size 71x18
          text run at (0,18) width 71: "foo\x{9}bar\x{9}baz"
        RenderBR {BR} at (71,32) size 0x0
        RenderText {#text} at (0,36) size 63x18
          text run at (0,36) width 63: "foobarbaz"
      RenderBlock {UL} at (0,122) size 784x0
selection start: position 0 of child 0 {#text} of child 2 {DIV} of child 1 {BODY} of child 0 {HTML} of document
selection end:   position 9 of child 4 {#text} of child 2 {DIV} of child 1 {BODY} of child 0 {HTML} of document
