layer at (0,0) size 800x600
  RenderView at (0,0) size 800x600
    RenderSVGContainer {svg} at (20,0) size 52x27
      RenderSVGText {text} at (20,20) size 800x27
        RenderSVGInlineText {#text} at (0,-20) size 52x27
          text run at (0,-20) width 52: "PASS"
