layer at (0,0) size 800x1710
  RenderView at (0,0) size 800x600
layer at (0,0) size 800x600
  RenderBlock {HTML} at (0,0) size 800x600
    RenderBody {BODY} at (8,8) size 784x584
layer at (8,8) size 208x1702
  RenderBlock (positioned) {DIV} at (8,8) size 208x1702
    RenderBlock {P} at (0,72) size 208x91
      RenderInline {A} at (0,0) size 168x91 [color=#0000EE]
        RenderText {#text} at (0,0) size 168x91
          text run at (0,0) width 168: "link 1"
    RenderBlock {P} at (0,235) size 208x91
      RenderInline {A} at (0,0) size 168x91 [color=#0000EE]
        RenderText {#text} at (0,0) size 168x91
          text run at (0,0) width 168: "link 2"
    RenderBlock {P} at (0,398) size 208x91
      RenderInline {A} at (0,0) size 168x91 [color=#0000EE]
        RenderText {#text} at (0,0) size 168x91
          text run at (0,0) width 168: "link 3"
    RenderBlock {P} at (0,561) size 208x91
      RenderInline {A} at (0,0) size 168x91 [color=#0000EE]
        RenderText {#text} at (0,0) size 168x91
          text run at (0,0) width 168: "link 4"
    RenderBlock {P} at (0,724) size 208x91
      RenderInline {A} at (0,0) size 168x91 [color=#0000EE]
        RenderText {#text} at (0,0) size 168x91
          text run at (0,0) width 168: "link 5"
    RenderBlock {P} at (0,887) size 208x91
      RenderInline {A} at (0,0) size 168x91 [color=#0000EE]
        RenderText {#text} at (0,0) size 168x91
          text run at (0,0) width 168: "link 6"
    RenderBlock {P} at (0,1050) size 208x91
      RenderInline {A} at (0,0) size 168x91 [color=#0000EE]
        RenderText {#text} at (0,0) size 168x91
          text run at (0,0) width 168: "link 7"
    RenderBlock {P} at (0,1213) size 208x91
      RenderInline {A} at (0,0) size 168x91 [color=#0000EE]
        RenderText {#text} at (0,0) size 168x91
          text run at (0,0) width 168: "link 8"
    RenderBlock {P} at (0,1376) size 208x91
      RenderInline {A} at (0,0) size 168x91 [color=#0000EE]
        RenderText {#text} at (0,0) size 168x91
          text run at (0,0) width 168: "link 9"
    RenderBlock {P} at (0,1539) size 208x91
      RenderInline {A} at (0,0) size 208x91 [color=#0000EE]
        RenderText {#text} at (0,0) size 208x91
          text run at (0,0) width 208: "link 10"
