layer at (0,0) size 800x600
  RenderView at (0,0) size 800x600
layer at (0,0) size 800x600
  RenderBlock {HTML} at (0,0) size 800x600
    RenderBody {BODY} at (8,8) size 784x584
      RenderBlock {P} at (0,0) size 784x62
        RenderText {#text} at (0,0) size 739x40
          text run at (0,0) width 615: "This tests for a bug where images with align right/left would fail to be inserted on paste. "
          text run at (615,0) width 124: "You should see a"
          text run at (0,20) width 443: "picture of abe in the editable region below, aligned to the right. "
        RenderInline {B} at (0,0) size 774x41
          RenderText {#text} at (443,20) size 774x41
            text run at (443,20) width 331: "This demonstrates a bug: the focus halo for"
            text run at (0,41) width 505: "the editable region doesn't expand to fit an image with align='right'."
      RenderBlock {DIV} at (0,78) size 784x40
        RenderText {#text} at (0,0) size 228x20
          text run at (0,0) width 228: "Four score and seven years ago"
        RenderImage {IMG} at (708,0) size 76x103
        RenderText {#text} at (228,0) size 700x40
          text run at (228,0) width 468: " our fathers brought forth on this continent a new nation, conceived"
          text run at (696,0) width 4: " "
          text run at (0,20) width 509: "in liberty and dedicated to the proposition that all men are created equal."
caret: position 1 of child 1 {IMG} of child 2 {DIV} of child 1 {BODY} of child 0 {HTML} of document
