EDITING DELEGATE: shouldBeginEditingInDOMRange:range from 0 of DIV > BODY > HTML > #document to 3 of DIV > BODY > HTML > #document
EDITING DELEGATE: webViewDidBeginEditing:WebViewDidBeginEditingNotification
EDITING DELEGATE: webViewDidChangeSelection:WebViewDidChangeSelectionNotification
EDITING DELEGATE: webViewDidChangeSelection:WebViewDidChangeSelectionNotification
EDITING DELEGATE: webViewDidChangeSelection:WebViewDidChangeSelectionNotification
EDITING DELEGATE: shouldChangeSelectedDOMRange:range from 2 of #text > PRE > DIV > BODY > HTML > #document to 2 of #text > PRE > DIV > BODY > HTML > #document toDOMRange:range from 3 of #text > PRE > DIV > BODY > HTML > #document to 3 of #text > PRE > DIV > BODY > HTML > #document affinity:NSSelectionAffinityDownstream stillSelecting:FALSE
EDITING DELEGATE: webViewDidChangeSelection:WebViewDidChangeSelectionNotification
EDITING DELEGATE: webViewDidChange:WebViewDidChangeNotification
layer at (0,0) size 800x600
  RenderView at (0,0) size 800x600
layer at (0,0) size 800x600
  RenderBlock {HTML} at (0,0) size 800x600
    RenderBody {BODY} at (8,8) size 784x584
      RenderBlock {P} at (0,0) size 784x38
        RenderText {#text} at (0,0) size 780x38
          text run at (0,0) width 780: "This tests to see if inserting a space inside normal whitespace inside of a whitespace:pre element will collapse other spaces"
          text run at (0,19) width 91: "surrounding it."
      RenderBlock {P} at (0,52) size 784x19
        RenderText {#text} at (0,0) size 441x19
          text run at (0,0) width 441: "If successful, you should see 'a' followed by 10 spaces followed by 'b'."
      RenderBlock {HR} at (0,85) size 784x2 [border: (1px inset #000000)]
      RenderBlock {DIV} at (0,94) size 784x27 [border: (2px solid #FFAAAA)]
        RenderBlock {PRE} at (2,2) size 780x23 [border: (2px solid #AAAAFF)]
          RenderText {#text} at (2,3) size 96x17
            text run at (2,3) width 96: "a          b"
caret: position 3 of child 0 {#text} of child 1 {PRE} of child 7 {DIV} of child 1 {BODY} of child 0 {HTML} of document
