layer at (0,0) size 800x600
  RenderView at (0,0) size 800x600
layer at (0,0) size 800x600
  RenderBlock {HTML} at (0,0) size 800x600
    RenderBody {BODY} at (8,8) size 784x576
      RenderBlock {P} at (0,0) size 784x20
        RenderText {#text} at (0,0) size 728x20
          text run at (0,0) width 399: "This tests for a bug when replacing the contents of a list. "
          text run at (399,0) width 329: "The list shouldn't be removed, just its contents."
      RenderBlock {DIV} at (0,36) size 784x20
        RenderBlock {UL} at (0,0) size 784x20
          RenderListItem {LI} at (40,0) size 744x20
            RenderListMarker at (-18,0) size 7x20: bullet
            RenderText {#text} at (0,0) size 197x20
              text run at (0,0) width 197: "This should be in a list item."
caret: position 30 of child 0 {#text} of child 0 {LI} of child 0 {UL} of child 2 {DIV} of child 1 {BODY} of child 0 {HTML} of document
