layer at (0,0) size 800x600
  RenderView at (0,0) size 800x600
layer at (0,0) size 800x600
  RenderBlock {HTML} at (0,0) size 800x600
    RenderBody {BODY} at (8,8) size 784x579
      RenderBlock {P} at (0,0) size 784x40
        RenderText {#text} at (0,0) size 775x40
          text run at (0,0) width 718: "This tests that inserting a newline at the beginning of quoted content doesn't add an extra quoted line. "
          text run at (718,0) width 57: "The test"
          text run at (0,20) width 544: "has passed if there are no empty lines (quoted or unquoted) in the box below."
      RenderBlock {DIV} at (0,56) size 784x100
        RenderBlock (anonymous) at (0,0) size 784x20
          RenderText {#text} at (0,0) size 67x20
            text run at (0,0) width 67: "unquoted"
          RenderBR {BR} at (67,16) size 0x0
        RenderBlock {BLOCKQUOTE} at (0,20) size 784x20 [color=#0000FF] [border: (2px solid #0000FF)]
          RenderBlock {DIV} at (12,0) size 772x20
            RenderText {#text} at (0,0) size 109x20
              text run at (0,0) width 109: "quote level one"
        RenderBlock {BLOCKQUOTE} at (0,40) size 784x20 [color=#0000FF] [border: (2px solid #0000FF)]
          RenderBlock {DIV} at (12,0) size 772x20
            RenderText {#text} at (0,0) size 109x20
              text run at (0,0) width 109: "quote level one"
        RenderBlock (anonymous) at (0,60) size 784x20
          RenderText {#text} at (0,0) size 67x20
            text run at (0,0) width 67: "unquoted"
          RenderBR {BR} at (67,16) size 0x0
        RenderBlock {BLOCKQUOTE} at (0,80) size 784x20 [color=#0000FF] [border: (2px solid #0000FF)]
          RenderBlock {DIV} at (12,0) size 772x20
            RenderBlock {BLOCKQUOTE} at (0,0) size 772x20 [border: (2px solid #0000FF)]
              RenderBlock {DIV} at (12,0) size 760x20
                RenderText {#text} at (0,0) size 107x20
                  text run at (0,0) width 107: "quote level two"
      RenderBlock {PRE} at (0,169) size 784x0
caret: position 8 of child 6 {#text} of child 3 {DIV} of child 1 {BODY} of child 0 {HTML} of document
