EDITING DELEGATE: shouldBeginEditingInDOMRange:range from 0 of DIV > BODY > HTML > #document to 1 of DIV > BODY > HTML > #document
EDITING DELEGATE: webViewDidBeginEditing:WebViewDidBeginEditingNotification
EDITING DELEGATE: webViewDidChangeSelection:WebViewDidChangeSelectionNotification
EDITING DELEGATE: webViewDidChange:WebViewDidChangeNotification
EDITING DELEGATE: shouldEndEditingInDOMRange:range from 0 of DIV > BODY > HTML > #document to 1 of DIV > BODY > HTML > #document
EDITING DELEGATE: webViewDidEndEditing:WebViewDidEndEditingNotification
EDITING DELEGATE: shouldBeginEditingInDOMRange:range from 0 of DIV > BODY > HTML > #document to 0 of DIV > BODY > HTML > #document
EDITING DELEGATE: webViewDidBeginEditing:WebViewDidBeginEditingNotification
EDITING DELEGATE: webViewDidChangeSelection:WebViewDidChangeSelectionNotification
EDITING DELEGATE: shouldChangeSelectedDOMRange:range from 0 of DIV > BODY > HTML > #document to 0 of DIV > BODY > HTML > #document toDOMRange:range from 1 of #text > DIV > BODY > HTML > #document to 1 of #text > DIV > BODY > HTML > #document affinity:NSSelectionAffinityDownstream stillSelecting:FALSE
EDITING DELEGATE: webViewDidChangeSelection:WebViewDidChangeSelectionNotification
EDITING DELEGATE: webViewDidChange:WebViewDidChangeNotification
EDITING DELEGATE: shouldEndEditingInDOMRange:range from 0 of DIV > BODY > HTML > #document to 1 of DIV > BODY > HTML > #document
EDITING DELEGATE: webViewDidEndEditing:WebViewDidEndEditingNotification
EDITING DELEGATE: shouldBeginEditingInDOMRange:range from 0 of DIV > BODY > HTML > #document to 1 of DIV > BODY > HTML > #document
EDITING DELEGATE: webViewDidBeginEditing:WebViewDidBeginEditingNotification
EDITING DELEGATE: webViewDidChangeSelection:WebViewDidChangeSelectionNotification
EDITING DELEGATE: shouldChangeSelectedDOMRange:range from 0 of DIV > BODY > HTML > #document to 0 of DIV > BODY > HTML > #document toDOMRange:range from 1 of #text > DIV > BODY > HTML > #document to 1 of #text > DIV > BODY > HTML > #document affinity:NSSelectionAffinityDownstream stillSelecting:FALSE
EDITING DELEGATE: webViewDidChangeSelection:WebViewDidChangeSelectionNotification
EDITING DELEGATE: webViewDidChange:WebViewDidChangeNotification
EDITING DELEGATE: shouldEndEditingInDOMRange:range from 0 of DIV > BODY > HTML > #document to 2 of DIV > BODY > HTML > #document
EDITING DELEGATE: webViewDidEndEditing:WebViewDidEndEditingNotification
EDITING DELEGATE: shouldBeginEditingInDOMRange:range from 0 of DIV > BODY > HTML > #document to 1 of DIV > BODY > HTML > #document
EDITING DELEGATE: webViewDidBeginEditing:WebViewDidBeginEditingNotification
EDITING DELEGATE: webViewDidChangeSelection:WebViewDidChangeSelectionNotification
EDITING DELEGATE: shouldChangeSelectedDOMRange:range from 0 of DIV > BODY > HTML > #document to 0 of DIV > BODY > HTML > #document toDOMRange:range from 1 of #text > DIV > BODY > HTML > #document to 1 of #text > DIV > BODY > HTML > #document affinity:NSSelectionAffinityDownstream stillSelecting:FALSE
EDITING DELEGATE: webViewDidChangeSelection:WebViewDidChangeSelectionNotification
EDITING DELEGATE: webViewDidChange:WebViewDidChangeNotification
EDITING DELEGATE: shouldEndEditingInDOMRange:range from 0 of DIV > BODY > HTML > #document to 2 of DIV > BODY > HTML > #document
EDITING DELEGATE: webViewDidEndEditing:WebViewDidEndEditingNotification
EDITING DELEGATE: shouldBeginEditingInDOMRange:range from 0 of DIV > BODY > HTML > #document to 2 of DIV > BODY > HTML > #document
EDITING DELEGATE: webViewDidBeginEditing:WebViewDidBeginEditingNotification
EDITING DELEGATE: webViewDidChangeSelection:WebViewDidChangeSelectionNotification
EDITING DELEGATE: shouldChangeSelectedDOMRange:range from 0 of DIV > BODY > HTML > #document to 0 of DIV > BODY > HTML > #document toDOMRange:range from 1 of #text > DIV > BODY > HTML > #document to 1 of #text > DIV > BODY > HTML > #document affinity:NSSelectionAffinityDownstream stillSelecting:FALSE
EDITING DELEGATE: webViewDidChangeSelection:WebViewDidChangeSelectionNotification
EDITING DELEGATE: webViewDidChange:WebViewDidChangeNotification
layer at (0,0) size 800x600
  RenderView at (0,0) size 800x600
layer at (0,0) size 800x600
  RenderBlock {HTML} at (0,0) size 800x600
    RenderBody {BODY} at (8,8) size 784x584
      RenderBlock {P} at (0,0) size 784x38
        RenderText {#text} at (0,0) size 770x38
          text run at (0,0) width 562: "This tests the ability to start editing in blocks that are visible, but have little or no content. "
          text run at (562,0) width 208: "Each of the divs below should be"
          text run at (0,19) width 141: "able to accept a caret."
      RenderBlock {P} at (0,52) size 784x19
        RenderText {#text} at (0,0) size 176x19
          text run at (0,0) width 176: "This div contains some text."
      RenderBlock {DIV} at (0,85) size 707x22 [border: (1px dotted #0000FF)]
        RenderText {#text} at (1,1) size 37x19
          text run at (1,1) width 37: "chello"
      RenderBlock {P} at (0,121) size 784x19
        RenderText {#text} at (0,0) size 182x19
          text run at (0,0) width 182: "This div is completely empty."
      RenderBlock {DIV} at (0,154) size 707x22 [border: (1px dotted #0000FF)]
        RenderText {#text} at (1,1) size 7x19
          text run at (1,1) width 7: "c"
      RenderBlock {P} at (0,190) size 784x19
        RenderText {#text} at (0,0) size 343x19
          text run at (0,0) width 343: "This div contains some collapsable whitespace (a '\\n')."
      RenderBlock {DIV} at (0,223) size 707x22 [border: (1px dotted #0000FF)]
        RenderText {#text} at (1,1) size 7x19
          text run at (1,1) width 7: "c"
      RenderBlock {P} at (0,259) size 784x19
        RenderText {#text} at (0,0) size 233x19
          text run at (0,0) width 233: "This div contains a self-closing p tag."
      RenderBlock {DIV} at (0,292) size 707x35 [border: (1px dotted #0000FF)]
        RenderBlock (anonymous) at (1,1) size 705x19
          RenderText {#text} at (0,0) size 7x19
            text run at (0,0) width 7: "c"
        RenderBlock {P} at (1,34) size 705x0
      RenderBlock {P} at (0,341) size 784x19
        RenderText {#text} at (0,0) size 726x19
          text run at (0,0) width 726: "This div contains a self-closing p tag and some collapsable whitespace (two '\\n's before and after the self closing p."
      RenderBlock {DIV} at (0,374) size 707x35 [border: (1px dotted #0000FF)]
        RenderBlock (anonymous) at (1,1) size 705x19
          RenderText {#text} at (0,0) size 7x19
            text run at (0,0) width 7: "c"
        RenderBlock {P} at (1,34) size 705x0
caret: position 1 of child 0 {#text} of child 21 {DIV} of child 1 {BODY} of child 0 {HTML} of document
