EDITING DELEGATE: shouldBeginEditingInDOMRange:range from 0 of DIV > BODY > HTML > #document to 1 of DIV > BODY > HTML > #document
EDITING DELEGATE: webViewDidBeginEditing:WebViewDidBeginEditingNotification
EDITING DELEGATE: webViewDidChangeSelection:WebViewDidChangeSelectionNotification
EDITING DELEGATE: webViewDidChangeSelection:WebViewDidChangeSelectionNotification
EDITING DELEGATE: shouldChangeSelectedDOMRange:range from 1 of #text > DIV > BODY > HTML > #document to 1 of #text > DIV > BODY > HTML > #document toDOMRange:range from 1 of #text > DIV > BODY > HTML > #document to 1 of #text > DIV > BODY > HTML > #document affinity:NSSelectionAffinityDownstream stillSelecting:FALSE
EDITING DELEGATE: webViewDidChangeSelection:WebViewDidChangeSelectionNotification
EDITING DELEGATE: webViewDidChange:WebViewDidChangeNotification
layer at (0,0) size 800x600
  RenderView at (0,0) size 800x600
layer at (0,0) size 800x600
  RenderBlock {HTML} at (0,0) size 800x600
    RenderBody {BODY} at (8,8) size 784x584
      RenderBlock {P} at (0,0) size 784x40
        RenderText {#text} at (0,0) size 770x40
          text run at (0,0) width 349: "This tests for a bug in InsertLineBreakCommand. "
          text run at (349,0) width 421: "Only one line break should be inserted and the caret should"
          text run at (0,20) width 310: "end up at the end of the bordered div below."
      RenderBlock {DIV} at (0,56) size 784x62 [border: (1px solid #000000)]
        RenderText {#text} at (1,1) size 85x20
          text run at (1,1) width 85: "Hello world."
          text run at (86,1) width 0: " "
        RenderText {#text} at (1,21) size 0x20
          text run at (1,21) width 0: " "
        RenderText {#text} at (1,41) size 0x20
          text run at (1,41) width 0: " "
caret: position 0 of child 2 {#text} of child 1 {DIV} of child 1 {BODY} of child 0 {HTML} of document
