EDITING DELEGATE: shouldBeginEditingInDOMRange:range from 0 of DIV > BODY > HTML > #document to 3 of DIV > BODY > HTML > #document
EDITING DELEGATE: webViewDidBeginEditing:WebViewDidBeginEditingNotification
EDITING DELEGATE: webViewDidChangeSelection:WebViewDidChangeSelectionNotification
EDITING DELEGATE: webViewDidChangeSelection:WebViewDidChangeSelectionNotification
EDITING DELEGATE: webViewDidChangeSelection:WebViewDidChangeSelectionNotification
EDITING DELEGATE: webViewDidChangeSelection:WebViewDidChangeSelectionNotification
EDITING DELEGATE: webViewDidChangeSelection:WebViewDidChangeSelectionNotification
EDITING DELEGATE: shouldChangeSelectedDOMRange:range from 0 of DIV > DIV > DIV > BLOCKQUOTE > DIV > DIV > BODY > HTML > #document to 0 of DIV > DIV > DIV > BLOCKQUOTE > DIV > DIV > BODY > HTML > #document toDOMRange:range from 2 of DIV > DIV > BODY > HTML > #document to 2 of DIV > DIV > BODY > HTML > #document affinity:NSSelectionAffinityDownstream stillSelecting:FALSE
EDITING DELEGATE: webViewDidChangeSelection:WebViewDidChangeSelectionNotification
EDITING DELEGATE: webViewDidChange:WebViewDidChangeNotification
layer at (0,0) size 800x600
  RenderView at (0,0) size 800x600
layer at (0,0) size 800x600
  RenderBlock {HTML} at (0,0) size 800x600
    RenderBody {BODY} at (8,8) size 784x584
      RenderBlock {DIV} at (0,0) size 784x122
        RenderBlock {DIV} at (0,0) size 784x31
          RenderText {#text} at (0,0) size 308x31
            text run at (0,0) width 308: "Splitting Mail blockquotes."
        RenderBlock {DIV} at (0,31) size 784x91
          RenderText {#text} at (0,0) size 214x31
            text run at (0,0) width 214: "Expected Results: "
          RenderBR {BR} at (214,24) size 0x0
          RenderText {#text} at (0,31) size 410x20
            text run at (0,31) width 410: "Two blockquotes, with an unquoted blank line in between."
          RenderBR {BR} at (410,47) size 0x0
          RenderText {#text} at (0,51) size 450x20
            text run at (0,51) width 450: "The first blockquote contains two lines, the second one is blank."
          RenderBR {BR} at (450,67) size 0x0
          RenderText {#text} at (0,71) size 450x20
            text run at (0,71) width 450: "The second blockquote contains two lines, the first one is blank."
          RenderBR {BR} at (450,87) size 0x0
      RenderBlock {DIV} at (0,122) size 784x312 [border: (2px solid #FF0000)]
        RenderBlock (anonymous) at (14,14) size 756x30
          RenderText {#text} at (0,0) size 121x29
            text run at (0,0) width 121: "My citation:"
        RenderBlock {DIV} at (14,68) size 756x206
          RenderBlock {BLOCKQUOTE} at (40,0) size 676x64 [border: (2px solid #0000FF)]
            RenderBlock {DIV} at (2,2) size 672x30
              RenderText {#text} at (0,0) size 39x29
                text run at (0,0) width 39: "one"
            RenderBlock {DIV} at (2,32) size 672x30
              RenderBlock {DIV} at (0,0) size 672x30
                RenderBlock {DIV} at (0,0) size 672x30
                  RenderBR {BR} at (0,0) size 0x29
            RenderBlock (anonymous) at (2,62) size 672x0
          RenderBlock (anonymous) at (0,88) size 756x30
            RenderBR {BR} at (0,0) size 0x29
          RenderBlock {BLOCKQUOTE} at (40,142) size 676x64 [border: (2px solid #0000FF)]
            RenderBlock (anonymous) at (2,2) size 672x30
              RenderBR {BR} at (0,0) size 0x29
            RenderBlock {DIV} at (2,32) size 672x30
              RenderText {#text} at (0,0) size 37x29
                text run at (0,0) width 37: "two"
caret: position 0 of child 2 {BR} of child 1 {DIV} of child 3 {DIV} of child 1 {BODY} of child 0 {HTML} of document
