EDITING DELEGATE: shouldBeginEditingInDOMRange:range from 0 of BODY > HTML > #document to 9 of BODY > HTML > #document
EDITING DELEGATE: webViewDidBeginEditing:WebViewDidBeginEditingNotification
EDITING DELEGATE: webViewDidChangeSelection:WebViewDidChangeSelectionNotification
EDITING DELEGATE: webViewDidChangeSelection:WebViewDidChangeSelectionNotification
EDITING DELEGATE: webViewDidChangeSelection:WebViewDidChangeSelectionNotification
EDITING DELEGATE: webViewDidChangeSelection:WebViewDidChangeSelectionNotification
EDITING DELEGATE: webViewDidChangeSelection:WebViewDidChangeSelectionNotification
EDITING DELEGATE: shouldDeleteDOMRange:range from 6 of BODY > HTML > #document to 7 of BODY > HTML > #document
EDITING DELEGATE: shouldChangeSelectedDOMRange:range from 3 of #text > SPAN > BODY > HTML > #document to 3 of #text > SPAN > BODY > HTML > #document toDOMRange:range from 3 of #text > SPAN > BODY > HTML > #document to 3 of #text > SPAN > BODY > HTML > #document affinity:NSSelectionAffinityDownstream stillSelecting:FALSE
EDITING DELEGATE: webViewDidChangeSelection:WebViewDidChangeSelectionNotification
EDITING DELEGATE: webViewDidChange:WebViewDidChangeNotification
EDITING DELEGATE: shouldChangeSelectedDOMRange:range from 3 of #text > SPAN > BODY > HTML > #document to 3 of #text > SPAN > BODY > HTML > #document toDOMRange:range from 0 of DIV > BODY > HTML > #document to 0 of DIV > BODY > HTML > #document affinity:NSSelectionAffinityDownstream stillSelecting:FALSE
EDITING DELEGATE: webViewDidChangeSelection:WebViewDidChangeSelectionNotification
EDITING DELEGATE: webViewDidChange:WebViewDidChangeNotification
EDITING DELEGATE: webViewDidChangeSelection:WebViewDidChangeSelectionNotification
EDITING DELEGATE: webViewDidChange:WebViewDidChangeNotification
layer at (0,0) size 800x600
  RenderView at (0,0) size 800x600
layer at (0,0) size 800x600
  RenderBlock {HTML} at (0,0) size 800x600
    RenderBody {BODY} at (8,8) size 784x584
      RenderBlock (anonymous) at (0,0) size 784x120
        RenderText {#text} at (0,0) size 783x59
          text run at (0,0) width 776: "Test inserting paragraphs: should see \"foo\", then an empty blue box, then"
          text run at (776,0) width 7: " "
          text run at (0,30) width 495: "a blue box with with \"bar\" in it. Fix for this bug: "
        RenderInline {A} at (0,0) size 274x29 [color=#0000EE]
          RenderText {#text} at (495,30) size 274x29
            text run at (495,30) width 274: "<rdar://problem/3924579>"
        RenderText {#text} at (769,30) size 776x89
          text run at (769,30) width 7: " "
          text run at (0,60) width 733: "REGRESSION (Mail): After deleting, hitting return key does not insert"
          text run at (733,60) width 7: " "
          text run at (0,90) width 151: "visible newline"
      RenderBlock {DIV} at (0,120) size 784x36
      RenderBlock (anonymous) at (0,156) size 784x30
        RenderInline {SPAN} at (0,0) size 33x29
          RenderText {#text} at (0,0) size 33x29
            text run at (0,0) width 33: "foo"
      RenderBlock {DIV} at (0,186) size 784x58 [border: (2px solid #0000FF)]
        RenderBR {BR} at (14,14) size 0x29
      RenderBlock {DIV} at (0,244) size 784x58 [border: (2px solid #0000FF)]
        RenderInline {SPAN} at (0,0) size 0x0
        RenderText {#text} at (14,14) size 34x29
          text run at (14,14) width 34: "bar"
caret: position 0 of child 1 {#text} of child 7 {DIV} of child 1 {BODY} of child 0 {HTML} of document
