EDITING DELEGATE: shouldBeginEditingInDOMRange:range from 0 of DIV > BODY > HTML > #document to 1 of DIV > BODY > HTML > #document
EDITING DELEGATE: webViewDidBeginEditing:WebViewDidBeginEditingNotification
EDITING DELEGATE: webViewDidChangeSelection:WebViewDidChangeSelectionNotification
EDITING DELEGATE: webViewDidChangeSelection:WebViewDidChangeSelectionNotification
EDITING DELEGATE: webViewDidChangeSelection:WebViewDidChangeSelectionNotification
EDITING DELEGATE: shouldChangeSelectedDOMRange:(null) toDOMRange:range from 0 of PRE > DIV > BODY > HTML > #document to 0 of PRE > DIV > BODY > HTML > #document affinity:NSSelectionAffinityDownstream stillSelecting:FALSE
EDITING DELEGATE: webViewDidChangeSelection:WebViewDidChangeSelectionNotification
EDITING DELEGATE: webViewDidChange:WebViewDidChangeNotification
layer at (0,0) size 800x600
  RenderView at (0,0) size 800x600
layer at (0,0) size 800x600
  RenderBlock {HTML} at (0,0) size 800x600
    RenderBody {BODY} at (8,8) size 784x579
      RenderBlock {P} at (0,0) size 784x60
        RenderText {#text} at (0,0) size 751x60
          text run at (0,0) width 750: "Tests for a bug in the paragraph separator insertion code that would add an extra newline when inserting a"
          text run at (0,20) width 551: "paragraph separator at the end of a paragraph in text that preserves newlines. "
          text run at (551,20) width 188: "Also, an extraneous space"
          text run at (0,40) width 189: "would be added after 'foo'. "
          text run at (189,40) width 255: "Only one newline should be added. "
          text run at (444,40) width 307: "And there should be no extraneous spaces."
      RenderBlock {P} at (0,76) size 784x41
        RenderInline {B} at (0,0) size 170x20
          RenderText {#text} at (0,0) size 170x20
            text run at (0,0) width 170: "It demonstrates a bug:"
        RenderText {#text} at (170,0) size 783x41
          text run at (170,0) width 613: " too much padding is left between the new line and the end of the paragraph containing"
          text run at (0,21) width 32: "'foo'."
      RenderBlock {DIV} at (0,133) size 784x61
        RenderBlock {PRE} at (0,0) size 784x16
          RenderText {#text} at (0,0) size 18x16
            text run at (0,0) width 18: "foo"
        RenderBlock {PRE} at (0,29) size 784x32
          RenderText {#text} at (0,0) size 18x32
            text run at (0,0) width 0: " "
            text run at (0,16) width 18: "bar"
caret: position 0 of child 0 {#text} of child 1 {PRE} of child 4 {DIV} of child 1 {BODY} of child 0 {HTML} of document
