EDITING DELEGATE: shouldBeginEditingInDOMRange:range from 0 of DIV > BODY > HTML > #document to 3 of DIV > BODY > HTML > #document
EDITING DELEGATE: webViewDidBeginEditing:WebViewDidBeginEditingNotification
EDITING DELEGATE: webViewDidChangeSelection:WebViewDidChangeSelectionNotification
EDITING DELEGATE: webViewDidChangeSelection:WebViewDidChangeSelectionNotification
EDITING DELEGATE: webViewDidChangeSelection:WebViewDidChangeSelectionNotification
EDITING DELEGATE: webViewDidChangeSelection:WebViewDidChangeSelectionNotification
EDITING DELEGATE: shouldChangeSelectedDOMRange:(null) toDOMRange:range from 0 of DIV > DIV > DIV > BODY > HTML > #document to 0 of DIV > DIV > DIV > BODY > HTML > #document affinity:NSSelectionAffinityDownstream stillSelecting:FALSE
EDITING DELEGATE: webViewDidChangeSelection:WebViewDidChangeSelectionNotification
EDITING DELEGATE: webViewDidChange:WebViewDidChangeNotification
layer at (0,0) size 800x600
  RenderView at (0,0) size 800x600
layer at (0,0) size 800x600
  RenderBlock {HTML} at (0,0) size 800x600
    RenderBody {BODY} at (8,8) size 784x584
      RenderBlock {DIV} at (0,0) size 784x346 [border: (2px solid #0000FF)]
        RenderBlock {DIV} at (14,14) size 756x91
          RenderText {#text} at (0,0) size 77x31
            text run at (0,0) width 77: "Tests: "
          RenderBR {BR} at (0,0) size 0x0
          RenderText {#text} at (0,31) size 171x29
            text run at (0,31) width 171: "Fix for this bug: "
          RenderInline {A} at (0,0) size 274x29 [color=#0000EE]
            RenderText {#text} at (171,31) size 274x29
              text run at (171,31) width 274: "<rdar://problem/4045521>"
          RenderText {#text} at (445,31) size 718x59
            text run at (445,31) width 273: " Hitting return key with full"
            text run at (0,61) width 508: "line selected does not add blank line as it should"
        RenderBlock {DIV} at (14,121) size 756x211
          RenderBlock (anonymous) at (0,0) size 756x121
            RenderText {#text} at (0,0) size 214x31
              text run at (0,0) width 214: "Expected Results: "
            RenderBR {BR} at (214,24) size 0x0
            RenderText {#text} at (0,31) size 710x89
              text run at (0,31) width 710: "Should see this content in the red box below (note that the insertion"
              text run at (0,61) width 694: "point should be at the start of the third line, immediately preceding"
              text run at (0,91) width 71: "\"baz\"):"
          RenderBlock {DIV} at (0,121) size 756x30
            RenderText {#text} at (0,0) size 33x29
              text run at (0,0) width 33: "foo"
          RenderBlock {DIV} at (0,151) size 756x30
            RenderBR {BR} at (0,0) size 0x29
          RenderBlock {DIV} at (0,181) size 756x30
            RenderText {#text} at (0,0) size 38x29
              text run at (0,0) width 38: "baz"
      RenderBlock {DIV} at (0,370) size 784x94
        RenderBlock {DIV} at (0,0) size 784x94 [border: (2px solid #FF0000)]
          RenderBlock {DIV} at (2,2) size 780x30
            RenderText {#text} at (0,0) size 33x29
              text run at (0,0) width 33: "foo"
          RenderBlock {DIV} at (2,32) size 780x30
            RenderBR {BR} at (0,0) size 0x29
          RenderBlock {DIV} at (2,62) size 780x30
            RenderText {#text} at (0,0) size 38x29
              text run at (0,0) width 38: "baz"
caret: position 0 of child 0 {#text} of child 3 {DIV} of child 1 {DIV} of child 3 {DIV} of child 1 {BODY} of child 0 {HTML} of document
