EDITING DELEGATE: shouldBeginEditingInDOMRange:range from 0 of DIV > BODY > HTML > #document to 4 of DIV > BODY > HTML > #document
EDITING DELEGATE: webViewDidBeginEditing:WebViewDidBeginEditingNotification
EDITING DELEGATE: webViewDidChangeSelection:WebViewDidChangeSelectionNotification
EDITING DELEGATE: webViewDidChangeSelection:WebViewDidChangeSelectionNotification
EDITING DELEGATE: webViewDidChangeSelection:WebViewDidChangeSelectionNotification
layer at (0,0) size 800x600
  RenderView at (0,0) size 800x600
layer at (0,0) size 800x600
  RenderBlock {HTML} at (0,0) size 800x600
    RenderBody {BODY} at (8,8) size 784x584
      RenderBlock {P} at (0,0) size 784x19
        RenderText {#text} at (0,0) size 581x19
          text run at (0,0) width 273: "This tests caret movement across buttons. "
          text run at (273,0) width 308: "The caret should be just after the second button."
      RenderBlock {DIV} at (0,33) size 784x32
        RenderButton {INPUT} at (2,2) size 33x28 [bgcolor=#C0C0C0]
          RenderBlock (anonymous) at (6,6) size 21x17
            RenderText at (0,0) size 21x17
              text run at (0,0) width 21: "Foo"
        RenderButton {INPUT} at (39,2) size 31x28 [bgcolor=#C0C0C0]
          RenderBlock (anonymous) at (6,6) size 19x17
            RenderText at (0,0) size 19x17
              text run at (0,0) width 19: "Bar"
        RenderText {#text} at (0,0) size 0x0
caret: position 1 of child 2 {INPUT} of child 2 {DIV} of child 1 {BODY} of child 0 {HTML} of document
