EDITING DELEGATE: webViewDidChangeSelection:WebViewDidChangeSelectionNotification
layer at (0,0) size 800x600
  RenderView at (0,0) size 800x600
layer at (0,0) size 800x600
  RenderBlock {HTML} at (0,0) size 800x600
    RenderBody {BODY} at (8,8) size 784x584
      RenderBlock {P} at (0,0) size 784x38
        RenderText {#text} at (0,0) size 135x19
          text run at (0,0) width 135: "This is a testcase for "
        RenderInline {A} at (0,0) size 150x19 [color=#0000EE]
          RenderText {#text} at (135,0) size 150x19
            text run at (135,0) width 150: "rdar://problem/4402375"
        RenderText {#text} at (285,0) size 756x38
          text run at (285,0) width 471: " \"REGRESSION (417.8-TOT): finding text sometimes also selects previous"
          text run at (0,19) width 136: "image (5127) (6451)\""
      RenderBlock {HR} at (0,52) size 784x2 [border: (1px inset #000000)]
      RenderBlock {P} at (0,68) size 784x38
        RenderText {#text} at (0,0) size 756x38
          text run at (0,0) width 419: "This test uses a right aligned image next to some left aligned text. "
          text run at (419,0) width 337: "The image should not be selected, and should not be"
          text run at (0,19) width 601: "included in the selection rect (you won't see the selection rect when you run this test manually)."
      RenderBlock {DIV} at (0,120) size 784x19
        RenderImage {IMG} at (708,0) size 76x103
        RenderText {#text} at (0,0) size 181x19
          text run at (0,0) width 181: "This text should be selected."
selection start: position 0 of child 1 {#text} of child 6 {DIV} of child 1 {BODY} of child 0 {HTML} of document
selection end:   position 29 of child 1 {#text} of child 6 {DIV} of child 1 {BODY} of child 0 {HTML} of document
