layer at (0,0) size 800x600
  RenderView at (0,0) size 800x600
layer at (0,0) size 800x600
  RenderBlock {HTML} at (0,0) size 800x600
    RenderBody {BODY} at (8,8) size 784x584
      RenderBlock {P} at (0,0) size 784x58
        RenderText {#text} at (0,0) size 762x57
          text run at (0,0) width 762: "We delay focus until mouse up if the mouse down occurs inside a focusable node that is inside an already focused node."
          text run at (0,19) width 564: "But we shouldn't delay focus unless the mouse down occurs in an already focused node. "
          text run at (564,19) width 189: "The text field below should be"
          text run at (0,38) width 58: "focused. "
        RenderInline {B} at (0,0) size 664x20
          RenderText {#text} at (58,38) size 664x20
            text run at (58,38) width 664: "To run manually, select everything from 'foo' though 'baz', then mouse down inside the text field."
      RenderBlock {DIV} at (0,72) size 784x67
        RenderBlock {DIV} at (0,0) size 784x19
          RenderText {#text} at (0,0) size 20x19
            text run at (0,0) width 20: "foo"
        RenderBlock (anonymous) at (0,19) size 784x29
          RenderTextControl {INPUT} at (2,2) size 168x25 [border: (2px inset #000000)]
        RenderBlock {DIV} at (0,48) size 784x19
          RenderText {#text} at (0,0) size 23x19
            text run at (0,0) width 23: "baz"
layer at (13,104) size 162x19
  RenderBlock {DIV} at (3,3) size 162x19
caret: position 0 of child 0 {DIV} of child 1 {INPUT} of child 2 {DIV} of child 1 {BODY} of child 0 {HTML} of document
