layer at (0,0) size 800x600
  RenderView at (0,0) size 800x600
layer at (0,0) size 800x600
  RenderBlock {HTML} at (0,0) size 800x600
    RenderBody {BODY} at (8,8) size 784x584
      RenderBlock {P} at (0,0) size 784x57
        RenderText {#text} at (0,0) size 779x57
          text run at (0,0) width 766: "This tests for a crash when performing a selection modification, when a node containing the selection was made invisible,"
          text run at (0,19) width 364: "and when there is nowhere visible for the selection to go. "
          text run at (364,19) width 415: "For example, set the caret inside of an editable div, and make the"
          text run at (0,38) width 489: "div invisible, then try to move the selection forward/backward by a paragraph."
      RenderBlock {DIV} at (0,71) size 784x19
caret: position 0 of child 2 {DIV} of child 1 {BODY} of child 0 {HTML} of document
