layer at (0,0) size 800x600
  RenderView at (0,0) size 800x600
layer at (0,0) size 800x600
  RenderBlock {HTML} at (0,0) size 800x600
    RenderBody {BODY} at (8,8) size 784x578
      RenderBlock {P} at (0,0) size 784x38
        RenderText {#text} at (0,0) size 784x38
          text run at (0,0) width 784: "This tests for a bug where moving the selection to the end of the document would move it outside of an editable region if the"
          text run at (0,19) width 226: "selection started just before a table."
      RenderBlock {DIV} at (0,52) size 784x46
        RenderTable {TABLE} at (0,0) size 28x27 [border: (1px solid #AAAAAA)]
          RenderTableSection {TBODY} at (1,1) size 26x25
            RenderTableRow {TR} at (0,2) size 26x21
              RenderTableCell {TD} at (2,2) size 22x21 [r=0 c=0 rs=1 cs=1]
                RenderText {#text} at (1,1) size 20x19
                  text run at (1,1) width 20: "foo"
        RenderBlock (anonymous) at (0,27) size 784x19
          RenderText {#text} at (0,0) size 21x19
            text run at (0,0) width 21: "bar"
      RenderBlock {P} at (0,112) size 784x19
        RenderText {#text} at (0,0) size 571x19
          text run at (0,0) width 571: "In the above editable region, you should see 'foo' in the bordered table and 'bar' outside it."
caret: position 3 of child 1 {#text} of child 2 {DIV} of child 1 {BODY} of child 0 {HTML} of document
