EDITING DELEGATE: shouldBeginEditingInDOMRange:range from 0 of BODY > HTML > #document to 7 of BODY > HTML > #document
EDITING DELEGATE: webViewDidBeginEditing:WebViewDidBeginEditingNotification
EDITING DELEGATE: webViewDidChangeSelection:WebViewDidChangeSelectionNotification
EDITING DELEGATE: shouldChangeSelectedDOMRange:range from 1 of BODY > HTML > #document to 1 of BODY > HTML > #document toDOMRange:range from 1 of BODY > HTML > #document to 341 of #text > P > BODY > HTML > #document affinity:NSSelectionAffinityDownstream stillSelecting:FALSE
EDITING DELEGATE: webViewDidChangeSelection:WebViewDidChangeSelectionNotification
layer at (0,0) size 800x600
  RenderView at (0,0) size 800x600
layer at (0,0) size 800x600
  RenderBlock {HTML} at (0,0) size 800x600
    RenderBody {BODY} at (8,8) size 784x578
      RenderTable {TABLE} at (0,0) size 164x54 [border: (1px outset #808080)]
        RenderTableSection {TBODY} at (1,1) size 162x52
          RenderTableRow {TR} at (0,2) size 162x23
            RenderTableCell {TD} at (2,2) size 158x23 [border: (1px inset #808080)] [r=0 c=0 rs=1 cs=1]
              RenderText {#text} at (2,2) size 154x19
                text run at (2,2) width 154: "This should be selected."
          RenderTableRow {TR} at (0,27) size 162x23
            RenderTableCell {TD} at (2,27) size 158x23 [border: (1px inset #808080)] [r=1 c=0 rs=1 cs=1]
              RenderText {#text} at (2,2) size 154x19
                text run at (2,2) width 154: "This should be selected."
      RenderBlock {HR} at (0,61) size 784x2 [border: (1px inset #000000)]
      RenderBlock {P} at (0,77) size 784x76
        RenderText {#text} at (0,0) size 135x19
          text run at (0,0) width 135: "This is a testcase for "
        RenderInline {A} at (0,0) size 337x19 [color=#0000EE]
          RenderText {#text} at (135,0) size 337x19
            text run at (135,0) width 337: "http://bugzilla.opendarwin.org/show_bug.cgi?id=7152"
        RenderText {#text} at (472,0) size 782x76
          text run at (472,0) width 8: ". "
          text run at (480,0) width 302: "Adding visible candidates after tables, at [table, "
          text run at (0,19) width 771: "numberOfChildren], threw RenderView::setSelection for a loop because it assumed the end of a selection would be inside "
          text run at (0,38) width 106: "an atomic node. "
          text run at (106,38) width 629: "It didn't make the same assumption about start of a selection, but for good measure, we also test a "
          text run at (0,57) width 300: "selection that starts at a position before a table."
selection start: position 0 of child 1 {TABLE} of child 1 {BODY} of child 0 {HTML} of document
selection end:   position 341 of child 2 {#text} of child 5 {P} of child 1 {BODY} of child 0 {HTML} of document
