layer at (0,0) size 800x600
  RenderView at (0,0) size 800x600
layer at (0,0) size 800x600
  RenderBlock {HTML} at (0,0) size 800x600
    RenderBody {BODY} at (8,8) size 784x584
      RenderBlock {P} at (0,0) size 784x38
        RenderText {#text} at (0,0) size 773x38
          text run at (0,0) width 215: "This tests Selection::addRange(). "
          text run at (215,0) width 558: "It should have no effect if the range passed to it does not intersect the currently selected"
          text run at (0,19) width 45: "range. "
          text run at (45,19) width 165: "'3456' should be selected."
      RenderBlock {DIV} at (0,52) size 784x19
        RenderText {#text} at (0,0) size 72x19
          text run at (0,0) width 72: "123456789"
selection start: position 2 of child 0 {#text} of child 2 {DIV} of child 1 {BODY} of child 0 {HTML} of document
selection end:   position 6 of child 0 {#text} of child 2 {DIV} of child 1 {BODY} of child 0 {HTML} of document
