EDITING DELEGATE: shouldBeginEditingInDOMRange:range from 0 of DIV > BODY > HTML > #document to 3 of DIV > BODY > HTML > #document
EDITING DELEGATE: webViewDidBeginEditing:WebViewDidBeginEditingNotification
EDITING DELEGATE: webViewDidChangeSelection:WebViewDidChangeSelectionNotification
EDITING DELEGATE: webViewDidChangeSelection:WebViewDidChangeSelectionNotification
EDITING DELEGATE: webViewDidChangeSelection:WebViewDidChangeSelectionNotification
EDITING DELEGATE: webViewDidChangeSelection:WebViewDidChangeSelectionNotification
EDITING DELEGATE: webViewDidChangeSelection:WebViewDidChangeSelectionNotification
layer at (0,0) size 800x600
  RenderView at (0,0) size 800x600
layer at (0,0) size 800x600
  RenderBlock {HTML} at (0,0) size 800x600
    RenderBody {BODY} at (8,8) size 784x578
      RenderBlock {P} at (0,0) size 784x39
        RenderInline {B} at (0,0) size 306x20
          RenderText {#text} at (0,0) size 306x20
            text run at (0,0) width 306: "Make sure that your window is small enough"
        RenderText {#text} at (306,0) size 771x39
          text run at (306,0) width 465: " so that 'don't select this line' and 'try to select just this line' appear on two"
          text run at (0,20) width 93: "different lines. "
          text run at (93,20) width 627: "The two phrases are actually in the same paragraph, there are just lots of spaces in between them."
      RenderBlock {P} at (0,53) size 784x38
        RenderText {#text} at (0,0) size 105x19
          text run at (0,0) width 105: "This is a test for "
        RenderInline {A} at (0,0) size 363x19 [color=#0000EE]
          RenderText {#text} at (105,0) size 363x19
            text run at (105,0) width 363: "REGRESSION: Selection includes spaces that it shouldn't"
        RenderText {#text} at (468,0) size 755x38
          text run at (468,0) width 287: ". The test makes sure that a word that is right"
          text run at (0,19) width 290: "after a line wrap can be selected successfully."
      RenderBlock {P} at (0,105) size 784x0
      RenderBlock {DIV} at (14,105) size 756x41 [border: (1px solid #000000)]
        RenderText {#text} at (1,1) size 754x19
          text run at (1,1) width 752: "don't select me                                                                                                                                                                    "
          text run at (753,1) width 2: "                                                                                                                                                                                         "
        RenderInline {I} at (0,0) size 152x19
          RenderText {#text} at (1,20) size 152x19
            text run at (1,20) width 152: "try to select just this text"
        RenderText {#text} at (0,0) size 0x0
selection start: position 0 of child 0 {#text} of child 1 {I} of child 7 {DIV} of child 1 {BODY} of child 0 {HTML} of document
selection end:   position 3 of child 0 {#text} of child 1 {I} of child 7 {DIV} of child 1 {BODY} of child 0 {HTML} of document
