layer at (0,0) size 800x600
  RenderView at (0,0) size 800x600
layer at (0,0) size 800x600
  RenderBlock {HTML} at (0,0) size 800x600
    RenderBody {BODY} at (8,8) size 784x584
      RenderBlock {DIV} at (0,0) size 784x95 [border: (5px solid #FF0000)]
        RenderMenuList {SELECT} at (35,35) size 74x25 [bgcolor=#FFFFFF]
          RenderBlock (anonymous) at (8,4) size 42x19
            RenderText at (0,0) size 27x19
              text run at (0,0) width 27: "One"
        RenderText {#text} at (111,39) size 27x19
          text run at (111,39) width 27: "blaa"
caret: position 0 of child 0 {SELECT} of child 0 {DIV} of child 1 {BODY} of child 0 {HTML} of document
