layer at (0,0) size 800x600
  RenderView at (0,0) size 800x600
layer at (0,0) size 800x600
  RenderBlock {HTML} at (0,0) size 800x600
    RenderBody {BODY} at (8,8) size 784x584
      RenderBlock {P} at (0,0) size 784x38
        RenderText {#text} at (0,0) size 759x38
          text run at (0,0) width 543: "This is an automatic pixel test. To test interactively, drag selected text onto the iframe "
          text run at (543,0) width 216: "below and verify that a drag caret "
          text run at (0,19) width 162: "appears inside the frame."
      RenderBlock (anonymous) at (0,52) size 784x152
        RenderPartObject {IFRAME} at (0,0) size 302x152 [border: (1px solid #000000)]
          layer at (0,0) size 300x150
            RenderView at (0,0) size 300x150
          layer at (0,0) size 300x150
            RenderBlock {HTML} at (0,0) size 300x150
              RenderBody {BODY} at (8,8) size 284x134
                RenderInline {SPAN} at (0,0) size 38x19
                  RenderText {#text} at (0,0) size 38x19
                    text run at (0,0) width 38: "There"
                RenderText {#text} at (38,0) size 173x19
                  text run at (38,0) width 173: " should be a caret here --> "
                RenderBR {BR} at (211,14) size 0x0
                RenderText {#text} at (0,19) size 44x19
                  text run at (0,19) width 44: "See it?"
        RenderText {#text} at (0,0) size 0x0
        RenderText {#text} at (0,0) size 0x0
        RenderText {#text} at (0,0) size 0x0
        RenderText {#text} at (0,0) size 0x0
