EDITING DELEGATE: shouldBeginEditingInDOMRange:range from 0 of DIV > BODY > HTML > #document to 4 of DIV > BODY > HTML > #document
EDITING DELEGATE: webViewDidBeginEditing:WebViewDidBeginEditingNotification
EDITING DELEGATE: webViewDidChangeSelection:WebViewDidChangeSelectionNotification
EDITING DELEGATE: shouldChangeSelectedDOMRange:range from 0 of DIV > DIV > DIV > BODY > HTML > #document to 0 of DIV > DIV > DIV > BODY > HTML > #document toDOMRange:range from 0 of #text > DIV > DIV > DIV > BODY > HTML > #document to 2 of DIV > BODY > HTML > #document affinity:NSSelectionAffinityDownstream stillSelecting:FALSE
EDITING DELEGATE: webViewDidChangeSelection:WebViewDidChangeSelectionNotification
EDITING DELEGATE: webViewDidChangeSelection:WebViewDidChangeSelectionNotification
EDITING DELEGATE: webViewDidChangeSelection:WebViewDidChangeSelectionNotification
layer at (0,0) size 800x600
  RenderView at (0,0) size 800x600
layer at (0,0) size 800x600
  RenderBlock {HTML} at (0,0) size 800x600
    RenderBody {BODY} at (8,8) size 784x584
      RenderBlock {DIV} at (0,0) size 784x332
        RenderBlock {DIV} at (0,0) size 784x299
          RenderBlock {DIV} at (0,0) size 784x19
            RenderText {#text} at (0,0) size 301x19
              text run at (0,0) width 301: "On Feb 1, 2006, at 7:37 PM, David Hyatt wrote:"
          RenderBlock (anonymous) at (0,19) size 784x19
            RenderBR {BR} at (0,0) size 0x19
          RenderBlock {BLOCKQUOTE} at (40,52) size 704x247 [color=#0000FF]
            RenderBlock {DIV} at (0,0) size 704x95
              RenderText {#text} at (0,0) size 437x19
                text run at (0,0) width 437: "While reworking images I ran into something that really concerns me."
              RenderInline {SPAN} at (0,0) size 4x19
                RenderText {#text} at (437,0) size 4x19
                  text run at (437,0) width 4: " "
              RenderText {#text} at (441,0) size 702x38
                text run at (441,0) width 261: "WebElementImageKey is a key added to "
                text run at (0,19) width 412: "the elementAtPoint dictionary and the key's value is an NSImage."
              RenderInline {SPAN} at (0,0) size 4x19
                RenderText {#text} at (412,19) size 4x19
                  text run at (412,19) width 4: " "
              RenderText {#text} at (416,19) size 255x19
                text run at (416,19) width 255: "Unfortunately we use CGImageRef now."
              RenderInline {SPAN} at (0,0) size 4x19
                RenderText {#text} at (671,19) size 4x19
                  text run at (671,19) width 4: " "
              RenderText {#text} at (0,38) size 702x57
                text run at (0,38) width 699: "What this means is that as you move the mouse around a web page we are aggressively mallocing NSImages "
                text run at (0,57) width 702: "that then move into our image cache and stay around until the CGImageRef goes away (which could be a long "
                text run at (0,76) width 36: "time)."
            RenderBlock {DIV} at (0,95) size 704x19
              RenderBR {BR} at (0,0) size 0x19
            RenderBlock {DIV} at (0,114) size 704x57
              RenderText {#text} at (0,0) size 309x19
                text run at (0,0) width 309: "I think this is terrible but am not sure how to fix it."
              RenderInline {SPAN} at (0,0) size 4x19
                RenderText {#text} at (309,0) size 4x19
                  text run at (309,0) width 4: " "
              RenderText {#text} at (313,0) size 195x19
                text run at (313,0) width 195: "I assume this key is public API."
              RenderInline {SPAN} at (0,0) size 4x19
                RenderText {#text} at (508,0) size 4x19
                  text run at (508,0) width 4: " "
              RenderText {#text} at (512,0) size 686x38
                text run at (512,0) width 174: "Could we change the key's "
                text run at (0,19) width 227: "value to be a CGImageRef instead?"
              RenderInline {SPAN} at (0,0) size 4x19
                RenderText {#text} at (227,19) size 4x19
                  text run at (227,19) width 4: " "
              RenderText {#text} at (231,19) size 685x38
                text run at (231,19) width 454: "Could we just eliminate the key in favor of a DOM extension method for "
                text run at (0,38) width 154: "accessing an NSImage?"
            RenderBlock {DIV} at (0,171) size 704x19
              RenderBR {BR} at (0,0) size 0x19
            RenderBlock {DIV} at (0,190) size 704x19
              RenderText {#text} at (0,0) size 31x19
                text run at (0,0) width 31: "dave"
            RenderBlock {DIV} at (0,209) size 704x19
              RenderText {#text} at (0,0) size 121x19
                text run at (0,0) width 121: "(hyatt@apple.com)"
            RenderBlock {DIV} at (0,228) size 704x19
              RenderBR {BR} at (0,0) size 0x19
        RenderBlock (anonymous) at (0,313) size 784x19
          RenderBR {BR} at (0,0) size 0x19
caret: position 0 of child 0 {BR} of child 6 {DIV} of child 2 {BLOCKQUOTE} of child 1 {DIV} of child 1 {DIV} of child 3 {BODY} of child 0 {HTML} of document
