EDITING DELEGATE: webViewDidChangeSelection:WebViewDidChangeSelectionNotification
layer at (0,0) size 800x600
  RenderView at (0,0) size 800x600
layer at (0,0) size 800x600
  RenderBlock {HTML} at (0,0) size 800x600
    RenderBody {BODY} at (8,8) size 784x584
      RenderBlock {P} at (0,0) size 784x19
        RenderText {#text} at (0,0) size 230x19
          text run at (0,0) width 230: "Only 'baz' should be selected below."
      RenderBlock {DIV} at (50,33) size 52x40 [border: (1px solid #000000)]
        RenderText {#text} at (1,1) size 45x19
          text run at (1,1) width 45: "foo bar"
        RenderInline {A} at (0,0) size 23x19 [color=#0000EE]
          RenderText {#text} at (1,20) size 23x19
            text run at (1,20) width 23: "baz"
selection start: position 0 of child 0 {#text} of child 1 {A} of child 2 {DIV} of child 1 {BODY} of child 0 {HTML} of document
selection end:   position 3 of child 0 {#text} of child 1 {A} of child 2 {DIV} of child 1 {BODY} of child 0 {HTML} of document
