EDITING DELEGATE: shouldBeginEditingInDOMRange:range from 0 of SPAN > DIV > TD > TR > TBODY > TABLE > DIV > BODY > HTML > #document to 1 of SPAN > DIV > TD > TR > TBODY > TABLE > DIV > BODY > HTML > #document
EDITING DELEGATE: webViewDidBeginEditing:WebViewDidBeginEditingNotification
EDITING DELEGATE: webViewDidChangeSelection:WebViewDidChangeSelectionNotification
EDITING DELEGATE: webViewDidChangeSelection:WebViewDidChangeSelectionNotification
EDITING DELEGATE: shouldEndEditingInDOMRange:range from 0 of SPAN > DIV > TD > TR > TBODY > TABLE > DIV > BODY > HTML > #document to 1 of SPAN > DIV > TD > TR > TBODY > TABLE > DIV > BODY > HTML > #document
EDITING DELEGATE: webViewDidEndEditing:WebViewDidEndEditingNotification
EDITING DELEGATE: shouldBeginEditingInDOMRange:range from 0 of DIV > BODY > HTML > #document to 3 of DIV > BODY > HTML > #document
EDITING DELEGATE: webViewDidBeginEditing:WebViewDidBeginEditingNotification
EDITING DELEGATE: webViewDidChangeSelection:WebViewDidChangeSelectionNotification
layer at (0,0) size 800x600
  RenderView at (0,0) size 800x600
layer at (0,0) size 800x600
  RenderBlock {HTML} at (0,0) size 800x600
    RenderBody {BODY} at (8,8) size 784x584
      RenderBlock {P} at (0,0) size 784x38
        RenderText {#text} at (0,0) size 775x38
          text run at (0,0) width 775: "This tests moving the caret backward through content of mixed editability. The caret should back to just before the outlined"
          text run at (0,19) width 35: "table."
      RenderBlock {DIV} at (0,52) size 784x67
        RenderBlock (anonymous) at (0,0) size 784x19
          RenderText {#text} at (0,0) size 50x19
            text run at (0,0) width 50: "editable"
        RenderTable {TABLE} at (0,19) size 93x29 [border: (1px outset #808080)]
          RenderTableSection {TBODY} at (1,1) size 91x27
            RenderTableRow {TR} at (0,2) size 91x23
              RenderTableCell {TD} at (2,2) size 87x23 [border: (1px inset #808080)] [r=0 c=0 rs=1 cs=1]
                RenderBlock {DIV} at (2,2) size 83x19
                  RenderInline {SPAN} at (0,0) size 33x19
                    RenderText {#text} at (0,0) size 33x19
                      text run at (0,0) width 33: "static"
                  RenderInline {SPAN} at (0,0) size 50x19
                    RenderText {#text} at (33,0) size 50x19
                      text run at (33,0) width 50: "editable"
        RenderBlock (anonymous) at (0,48) size 784x19
          RenderText {#text} at (0,0) size 50x19
            text run at (0,0) width 50: "editable"
caret: position 0 of child 1 {TABLE} of child 2 {DIV} of child 1 {BODY} of child 0 {HTML} of document
