layer at (0,0) size 800x600
  RenderView at (0,0) size 800x600
layer at (0,0) size 800x600
  RenderBlock {HTML} at (0,0) size 800x600
    RenderBody {BODY} at (8,8) size 784x584
      RenderBlock {P} at (0,0) size 784x38
        RenderText {#text} at (0,0) size 763x38
          text run at (0,0) width 763: "This tests creating a selection based inside a nested editable region that extends out to editable content that is inside the"
          text run at (0,19) width 176: "same highest editable root. "
          text run at (176,19) width 261: "'One' through 'Three' should be selected."
      RenderBlock {DIV} at (0,52) size 784x57
        RenderBlock {DIV} at (0,0) size 784x19
          RenderText {#text} at (0,0) size 27x19
            text run at (0,0) width 27: "One"
        RenderBlock {DIV} at (0,19) size 784x19
          RenderInline {SPAN} at (0,0) size 27x19
            RenderText {#text} at (0,0) size 27x19
              text run at (0,0) width 27: "Two"
          RenderText {#text} at (27,0) size 4x19
            text run at (27,0) width 4: " "
          RenderInline {SPAN} at (0,0) size 38x19
            RenderText {#text} at (31,0) size 38x19
              text run at (31,0) width 38: "Three"
        RenderBlock {DIV} at (0,38) size 784x19
          RenderText {#text} at (0,0) size 30x19
            text run at (0,0) width 30: "Four"
selection start: position 0 of child 0 {#text} of child 1 {DIV} of child 2 {DIV} of child 1 {BODY} of child 0 {HTML} of document
selection end:   position 5 of child 0 {#text} of child 2 {SPAN} of child 3 {DIV} of child 2 {DIV} of child 1 {BODY} of child 0 {HTML} of document
