layer at (0,0) size 800x600
  RenderView at (0,0) size 800x600
layer at (0,0) size 800x600
  RenderBlock {HTML} at (0,0) size 800x600
    RenderBody {BODY} at (8,8) size 784x584
      RenderBlock {P} at (0,0) size 784x38
        RenderText {#text} at (0,0) size 772x38
          text run at (0,0) width 623: "This tests Select All when the caret is inside an editable region that is inside a non editable region. "
          text run at (623,0) width 149: "Whenever the selection"
          text run at (0,19) width 555: "is in an editable region, Select All should select the contents of the highest editable root."
      RenderBlock {DIV} at (0,52) size 784x57
        RenderBlock {DIV} at (0,0) size 784x19
          RenderText {#text} at (0,0) size 27x19
            text run at (0,0) width 27: "One"
        RenderBlock {DIV} at (0,19) size 784x19
          RenderInline {SPAN} at (0,0) size 27x19
            RenderText {#text} at (0,0) size 27x19
              text run at (0,0) width 27: "Two"
          RenderText {#text} at (27,0) size 4x19
            text run at (27,0) width 4: " "
          RenderInline {SPAN} at (0,0) size 38x19
            RenderText {#text} at (31,0) size 38x19
              text run at (31,0) width 38: "Three"
        RenderBlock {DIV} at (0,38) size 784x19
          RenderText {#text} at (0,0) size 30x19
            text run at (0,0) width 30: "Four"
selection start: position 0 of child 0 {#text} of child 1 {DIV} of child 2 {DIV} of child 1 {BODY} of child 0 {HTML} of document
selection end:   position 4 of child 0 {#text} of child 5 {DIV} of child 2 {DIV} of child 1 {BODY} of child 0 {HTML} of document
