layer at (0,0) size 800x600
  RenderView at (0,0) size 800x600
layer at (0,0) size 800x600
  RenderBlock {HTML} at (0,0) size 800x600
    RenderBody {BODY} at (8,8) size 784x584
      RenderBlock {P} at (0,0) size 784x38
        RenderText {#text} at (0,0) size 562x19
          text run at (0,0) width 562: "This tests for sentence boundary when there are empty line breaks between lines of text."
        RenderBR {BR} at (562,14) size 0x0
        RenderText {#text} at (0,19) size 495x19
          text run at (0,19) width 495: "The result insertion point should be at the end of the sentence \"How are you?\""
      RenderBlock {DIV} at (0,52) size 784x114
        RenderBlock (anonymous) at (0,0) size 784x19
          RenderText {#text} at (0,0) size 30x19
            text run at (0,0) width 30: "hello"
        RenderBlock {DIV} at (0,19) size 784x19
          RenderBR {BR} at (0,0) size 0x19
        RenderBlock {DIV} at (0,38) size 784x19
          RenderText {#text} at (0,0) size 34x19
            text run at (0,0) width 34: "world"
        RenderBlock {DIV} at (0,57) size 784x19
          RenderBR {BR} at (0,0) size 0x19
        RenderBlock {DIV} at (0,76) size 784x19
          RenderBR {BR} at (0,0) size 0x19
        RenderBlock {DIV} at (0,95) size 784x19
          RenderText {#text} at (0,0) size 262x19
            text run at (0,0) width 88: "This is a test. "
            text run at (88,0) width 92: "How are you? "
            text run at (180,0) width 82: "Life is sweet!"
caret: position 30 of child 0 {#text} of child 9 {DIV} of child 2 {DIV} of child 1 {BODY} of child 0 {HTML} of document
