EDITING DELEGATE: shouldBeginEditingInDOMRange:range from 0 of DIV > BODY > HTML > #document to 3 of DIV > BODY > HTML > #document
EDITING DELEGATE: webViewDidBeginEditing:WebViewDidBeginEditingNotification
EDITING DELEGATE: webViewDidChangeSelection:WebViewDidChangeSelectionNotification
EDITING DELEGATE: shouldChangeSelectedDOMRange:range from 0 of DIV > BODY > HTML > #document to 0 of DIV > BODY > HTML > #document toDOMRange:range from 1 of #text > DIV > BODY > HTML > #document to 3 of #text > DIV > BODY > HTML > #document affinity:NSSelectionAffinityDownstream stillSelecting:FALSE
EDITING DELEGATE: webViewDidChangeSelection:WebViewDidChangeSelectionNotification
EDITING DELEGATE: webViewDidChangeSelection:WebViewDidChangeSelectionNotification
EDITING DELEGATE: webViewDidChangeSelection:WebViewDidChangeSelectionNotification
EDITING DELEGATE: webViewDidChangeSelection:WebViewDidChangeSelectionNotification
EDITING DELEGATE: webViewDidChangeSelection:WebViewDidChangeSelectionNotification
layer at (0,0) size 800x600
  RenderView at (0,0) size 800x600
layer at (0,0) size 800x600
  RenderBlock {HTML} at (0,0) size 800x600
    RenderBody {BODY} at (8,8) size 784x584
      RenderBlock {P} at (0,0) size 784x38
        RenderText {#text} at (0,0) size 783x38
          text run at (0,0) width 783: "This tests that when a selection that ends at [replaced element, 0] is painted, the replaced element doesn't appear selected."
          text run at (0,19) width 314: "This test uses an image for the replaced element."
      RenderBlock {DIV} at (0,52) size 784x108
        RenderText {#text} at (0,89) size 23x19
          text run at (0,89) width 23: "abc"
        RenderImage {IMG} at (23,0) size 76x103
        RenderText {#text} at (99,89) size 20x19
          text run at (99,89) width 20: "def"
selection start: position 1 of child 0 {#text} of child 3 {DIV} of child 1 {BODY} of child 0 {HTML} of document
selection end:   position 4 of child 0 {#text} of child 3 {DIV} of child 1 {BODY} of child 0 {HTML} of document
