EDITING DELEGATE: webViewDidChangeSelection:WebViewDidChangeSelectionNotification
EDITING DELEGATE: webViewDidChangeSelection:WebViewDidChangeSelectionNotification
EDITING DELEGATE: webViewDidChangeSelection:WebViewDidChangeSelectionNotification
EDITING DELEGATE: webViewDidChangeSelection:WebViewDidChangeSelectionNotification
EDITING DELEGATE: webViewDidChangeSelection:WebViewDidChangeSelectionNotification
EDITING DELEGATE: webViewDidChangeSelection:WebViewDidChangeSelectionNotification
EDITING DELEGATE: webViewDidChangeSelection:WebViewDidChangeSelectionNotification
layer at (0,0) size 800x600
  RenderView at (0,0) size 800x600
layer at (0,0) size 800x600
  RenderBlock {HTML} at (0,0) size 800x600
    RenderBody {BODY} at (8,8) size 784x584
      RenderBlock {DIV} at (0,0) size 784x77 [border: (2px solid #FF0000)]
        RenderBlock {DIV} at (14,14) size 756x49
          RenderInline {SPAN} at (0,0) size 0x0
          RenderBR {BR} at (0,0) size 0x31
          RenderInline {SPAN} at (0,0) size 29x17
            RenderText {#text} at (0,32) size 29x17
              text run at (0,32) width 29: "- Ken"
          RenderBR {BR} at (29,44) size 0x0
          RenderInline {SPAN} at (0,0) size 0x0
          RenderText {#text} at (0,0) size 0x0
caret: position 5 of child 0 {#text} of child 4 {SPAN} of child 1 {DIV} of child 1 {DIV} of child 1 {BODY} of child 0 {HTML} of document
