EDITING DELEGATE: webViewDidChangeSelection:WebViewDidChangeSelectionNotification
layer at (0,0) size 800x600
  RenderView at (0,0) size 800x600
layer at (0,0) size 800x600
  RenderBlock {HTML} at (0,0) size 800x600
    RenderBody {BODY} at (8,8) size 784x584
      RenderBlock {P} at (0,0) size 784x19
        RenderText {#text} at (0,0) size 384x19
          text run at (0,0) width 384: "This tests the caret position for the caret after an inline table."
      RenderBlock {DIV} at (0,33) size 784x84
        RenderText {#text} at (0,65) size 20x19
          text run at (0,65) width 20: "foo"
        RenderTable {TABLE} at (20,0) size 53x79 [border: (1px solid #999999)]
          RenderTableSection {TBODY} at (1,1) size 51x77
            RenderTableRow {TR} at (0,2) size 51x23
              RenderTableCell {TD} at (2,2) size 47x23 [border: (1px solid #999999)] [r=0 c=0 rs=1 cs=1]
                RenderText {#text} at (2,2) size 22x19
                  text run at (2,2) width 22: "this"
            RenderTableRow {TR} at (0,27) size 51x23
              RenderTableCell {TD} at (2,27) size 47x23 [border: (1px solid #999999)] [r=1 c=0 rs=1 cs=1]
                RenderText {#text} at (2,2) size 10x19
                  text run at (2,2) width 10: "is"
            RenderTableRow {TR} at (0,52) size 51x23
              RenderTableCell {TD} at (2,52) size 47x23 [border: (1px solid #999999)] [r=2 c=0 rs=1 cs=1]
                RenderText {#text} at (2,2) size 43x19
                  text run at (2,2) width 43: "a table"
        RenderText {#text} at (73,65) size 23x19
          text run at (73,65) width 23: "baz"
caret: position 1 of child 1 {TABLE} of child 2 {DIV} of child 1 {BODY} of child 0 {HTML} of document
