layer at (0,0) size 800x600
  RenderView at (0,0) size 800x600
layer at (0,0) size 800x600
  RenderBlock {HTML} at (0,0) size 800x600
    RenderBody {BODY} at (8,8) size 784x576
      RenderBlock (anonymous) at (0,0) size 784x23
        RenderInline {BIG} at (0,0) size 42x23
          RenderText {#text} at (0,0) size 0x0
          RenderInline {PARSERERROR} at (0,0) size 42x23
            RenderText {#text} at (0,0) size 42x23
              text run at (0,0) width 42: "TEXT"
      RenderBlock (anonymous) at (0,39) size 784x0
        RenderBlock {P} at (0,0) size 784x0
      RenderBlock (anonymous) at (0,39) size 784x0
        RenderInline {BIG} at (0,0) size 0x0
          RenderInline {PARSERERROR} at (0,0) size 0x0
