layer at (0,0) size 800x600
  RenderView at (0,0) size 800x600
layer at (0,0) size 800x600
  RenderBlock {HTML} at (0,0) size 800x600
    RenderBody {BODY} at (8,8) size 784x578
      RenderBlock {P} at (0,0) size 784x19
        RenderInline (generated) at (0,0) size 54x19
          RenderInline (generated) at (0,0) size 9x19 [color=#FFD800]
            RenderText at (0,0) size 9x19
              text run at (0,0) width 9: "S"
          RenderText at (9,0) size 45x19
            text run at (9,0) width 45: "pecial: "
        RenderText {#text} at (54,0) size 583x19
          text run at (54,0) width 216: "The \"S\" to the left should be gold. "
          text run at (270,0) width 367: "This is testing :before used in conjunction with :first-letter. "
        RenderInline (generated) at (0,0) size 62x19
          RenderText at (637,0) size 62x19
            text run at (637,0) width 62: "[The End]"
