layer at (0,0) size 800x600
  RenderView at (0,0) size 800x600
layer at (0,0) size 800x600
  RenderBlock {HTML} at (0,0) size 800x600
    RenderBody {BODY} at (8,8) size 784x578
      RenderBlock {DIV} at (0,0) size 784x19
        RenderInline (generated) at (0,0) size 9x19
          RenderText {#text} at (0,0) size 9x19
            text run at (0,0) width 9: "T"
        RenderText {#text} at (9,0) size 239x19
          text run at (9,0) width 239: "HIS TEXT SHOULD BE UPPERCASE."
      RenderBlock {P} at (0,33) size 784x19
        RenderInline (generated) at (0,0) size 248x19
          RenderText at (0,0) size 248x19
            text run at (0,0) width 248: "THIS TEXT SHOULD BE UPPERCASE."
