layer at (0,0) size 800x600
  RenderView at (0,0) size 800x600
layer at (0,0) size 800x600
  RenderBlock {HTML} at (0,0) size 800x600
    RenderBody {BODY} at (8,8) size 784x584
      RenderBlock {H1} at (0,0) size 784x38
        RenderInline (generated) at (0,0) size 192x38
          RenderText at (0,0) size 192x38
            text run at (0,0) width 192: "First Chapter: "
        RenderText {#text} at (192,0) size 96x38
          text run at (192,0) width 96: "TEST 1"
      RenderBlock (anonymous) at (0,56) size 784x19
        RenderText {#text} at (0,0) size 234x19
          text run at (0,0) width 234: "Should read: \"First Chapter: TEST 1\""
      RenderBlock {H2} at (0,92) size 784x29
        RenderInline (generated) at (0,0) size 93x29
          RenderText at (0,0) size 93x29
            text run at (0,0) width 93: "Chapter: "
        RenderText {#text} at (93,0) size 72x29
          text run at (93,0) width 72: "TEST 2"
      RenderBlock (anonymous) at (0,138) size 784x19
        RenderText {#text} at (0,0) size 202x19
          text run at (0,0) width 202: "Should read: \"Chapter: TEST 2\""
      RenderBlock {H3} at (0,173) size 784x23
        RenderInline (generated) at (0,0) size 105x22
          RenderText at (0,0) size 105x22
            text run at (0,0) width 105: "Chapter One: "
        RenderText {#text} at (105,0) size 55x22
          text run at (105,0) width 55: "TEST 3"
      RenderBlock (anonymous) at (0,212) size 784x19
        RenderText {#text} at (0,0) size 233x19
          text run at (0,0) width 233: "Should read: \"Chapter One: TEST 3\""
      RenderBlock {H4} at (0,249) size 784x20
        RenderInline (generated) at (0,0) size 63x20
          RenderText at (0,0) size 63x20
            text run at (0,0) width 63: "Chapter: "
        RenderText {#text} at (63,0) size 48x20
          text run at (63,0) width 48: "TEST 4"
      RenderBlock (anonymous) at (0,287) size 784x19
        RenderText {#text} at (0,0) size 202x19
          text run at (0,0) width 202: "Should read: \"Chapter: TEST 4\""
        RenderText {#text} at (0,0) size 0x0
