layer at (0,0) size 800x600
  RenderView at (0,0) size 800x600
layer at (0,0) size 800x600
  RenderBlock {HTML} at (0,0) size 800x600
    RenderBody {BODY} at (8,8) size 784x582
      RenderBlock {P} at (0,0) size 784x20
        RenderInline {EM} at (0,0) size 628x19
          RenderText {#text} at (0,0) size 628x19
            text run at (0,0) width 628: "When an :after rule has multiple pieces of content, older versions of Safari display them backwards."
      RenderBlock {DIV} at (10,34) size 764x52 [border: (1px solid #000000)]
        RenderText {#text} at (11,22) size 42x19
          text run at (11,22) width 42: "Inline: "
        RenderInline (generated) at (0,0) size 489x19
          RenderText at (53,22) size 238x19
            text run at (53,22) width 238: "This should be before the green box. "
          RenderImage at (291,11) size 25x25
          RenderText at (316,22) size 226x19
            text run at (316,22) width 226: " This should be after the green box."
      RenderBlock {DIV} at (10,96) size 764x90 [border: (1px solid #000000)]
        RenderText {#text} at (11,60) size 80x19
          text run at (11,60) width 80: "Inline-block: "
        RenderBlock (generated) at (91,11) size 200x68
          RenderText at (0,0) size 162x49
            text run at (0,0) width 162: "This should be before the"
            text run at (0,30) width 72: "green box. "
          RenderImage at (72,19) size 25x25
          RenderText at (97,30) size 194x38
            text run at (97,30) width 97: " This should be"
            text run at (0,49) width 125: "after the green box."
      RenderBlock {DIV} at (10,196) size 764x109 [border: (1px solid #000000)]
        RenderBlock (anonymous) at (11,11) size 742x19
          RenderText {#text} at (0,0) size 38x19
            text run at (0,0) width 38: "Block:"
        RenderBlock (generated) at (11,30) size 200x68
          RenderText at (0,0) size 162x49
            text run at (0,0) width 162: "This should be before the"
            text run at (0,30) width 72: "green box. "
          RenderImage at (72,19) size 25x25
          RenderText at (97,30) size 194x38
            text run at (97,30) width 97: " This should be"
            text run at (0,49) width 125: "after the green box."
