layer at (0,0) size 800x600
  RenderView at (0,0) size 800x600
layer at (0,0) size 800x600
  RenderBlock {HTML} at (0,0) size 800x600
    RenderBody {BODY} at (8,8) size 784x584
      RenderBlock {P} at (0,0) size 784x40
        RenderText {#text} at (0,0) size 53x19
          text run at (0,0) width 53: "Test for "
        RenderInline {I} at (0,0) size 641x39
          RenderInline {A} at (0,0) size 294x19 [color=#0000EE]
            RenderText {#text} at (53,0) size 294x19
              text run at (53,0) width 294: "http://bugs.webkit.org/show_bug.cgi?id=14221"
          RenderText {#text} at (347,0) size 641x39
            text run at (347,0) width 4: " "
            text run at (351,0) width 290: "Repro crash (ASSERTION FAILED: oldText in"
            text run at (0,20) width 554: "RenderBlock::updateFirstLetter() during relayout of :before content with first-letter style)"
        RenderText {#text} at (554,20) size 4x19
          text run at (554,20) width 4: "."
      RenderBlock {DIV} at (0,54) size 784x38
        RenderInline (generated) at (0,0) size 51x31
          RenderInline (generated) at (0,0) size 18x38 [color=#008000]
            RenderText at (0,0) size 18x38
              text run at (0,0) width 18: "T"
          RenderText at (18,5) size 33x31
            text run at (18,5) width 33: "he "
        RenderText {#text} at (51,5) size 450x31
          text run at (51,5) width 450: "first letter is green and larger than the rest."
