layer at (0,0) size 800x600
  RenderView at (0,0) size 800x600
layer at (0,0) size 800x208
  RenderBlock {HTML} at (0,0) size 800x208
    RenderBody {BODY} at (8,8) size 784x186
      RenderBlock {DIV} at (0,0) size 784x19
        RenderText {#text} at (0,0) size 84x19
          text run at (0,0) width 84: "This is a test "
        RenderInline (generated) at (0,0) size 184x19
          RenderText at (84,0) size 184x19
            text run at (84,0) width 184: "and generated hover content"
      RenderBlock {HR} at (0,26) size 784x2 [border: (1px inset #000000)]
      RenderBlock {P} at (0,42) size 784x40
        RenderText {#text} at (0,0) size 53x19
          text run at (0,0) width 53: "Test for "
        RenderInline {I} at (0,0) size 769x39
          RenderInline {A} at (0,0) size 337x19 [color=#0000EE]
            RenderText {#text} at (53,0) size 337x19
              text run at (53,0) width 337: "http://bugzilla.opendarwin.org/show_bug.cgi?id=6431"
          RenderText {#text} at (390,0) size 769x39
            text run at (390,0) width 4: " "
            text run at (394,0) width 375: "REGRESSION: style change where :hover changes only an"
            text run at (0,20) width 150: ":after style doesn't work"
        RenderText {#text} at (150,20) size 4x19
          text run at (150,20) width 4: "."
      RenderBlock {P} at (0,96) size 784x38
        RenderText {#text} at (0,0) size 755x38
          text run at (0,0) width 516: "The line at the top of the page should read \x{201C}This is a test and generated content\x{201D} "
          text run at (516,0) width 239: "or \x{201C}This is a test and generated hover"
          text run at (0,19) width 227: "content\x{201D} depending on whether it is "
          text run at (227,19) width 56: "hovered."
      RenderBlock {P} at (0,148) size 784x38
        RenderText {#text} at (0,0) size 765x38
          text run at (0,0) width 765: "To reproduce the bug outside of DumpRenderTree, mouse over the div several times, and the style change won't update"
          text run at (0,19) width 70: "every time "
          text run at (70,19) width 82: "like it should."
caret: position 3 of child 0 {#text} of child 1 {DIV} of child 1 {BODY} of child 0 {HTML} of document
