layer at (0,0) size 800x600
  RenderView at (0,0) size 800x600
layer at (0,0) size 800x600
  RenderBlock {HTML} at (0,0) size 800x600
    RenderBody {BODY} at (8,8) size 784x584
      RenderBlock {H1} at (0,0) size 784x38
        RenderText {#text} at (0,0) size 93x38
          text run at (0,0) width 93: "Blocks"
      RenderBlock {DIV} at (0,56) size 784x19
        RenderInline (generated) at (0,0) size 36x19
          RenderText at (0,0) size 36x19
            text run at (0,0) width 36: "Test: "
        RenderText {#text} at (36,0) size 47x19
          text run at (36,0) width 47: "content"
      RenderBlock {DIV} at (0,75) size 784x19
        RenderBlock (generated) at (0,0) size 32x19
          RenderText at (0,0) size 32x19
            text run at (0,0) width 32: "Test:"
        RenderText {#text} at (32,0) size 47x19
          text run at (32,0) width 47: "content"
      RenderBlock {DIV} at (0,94) size 784x24
        RenderTable at (0,0) size 32x19
          RenderTableSection (anonymous) at (0,0) size 32x19
            RenderTableRow (anonymous) at (0,0) size 32x19
              RenderTableCell (anonymous) at (0,0) size 32x19 [r=0 c=0 rs=1 cs=1]
                RenderText at (0,0) size 32x19
                  text run at (0,0) width 32: "Test:"
        RenderText {#text} at (32,5) size 47x19
          text run at (32,5) width 47: "content"
      RenderBlock {H1} at (0,136) size 784x38
        RenderText {#text} at (0,0) size 90x38
          text run at (0,0) width 90: "Inlines"
      RenderBlock (anonymous) at (0,192) size 784x62
        RenderInline {SPAN} at (0,0) size 83x19
          RenderInline (generated) at (0,0) size 36x19
            RenderText at (0,0) size 36x19
              text run at (0,0) width 36: "Test: "
          RenderText {#text} at (36,0) size 47x19
            text run at (36,0) width 47: "content"
        RenderBR {BR} at (83,14) size 0x0
        RenderInline {SPAN} at (0,0) size 79x19
          RenderBlock (generated) at (0,19) size 32x19
            RenderText at (0,0) size 32x19
              text run at (0,0) width 32: "Test:"
          RenderText {#text} at (32,19) size 47x19
            text run at (32,19) width 47: "content"
        RenderBR {BR} at (79,33) size 0x0
        RenderInline {SPAN} at (0,0) size 79x19
          RenderTable at (0,38) size 32x19
            RenderTableSection (anonymous) at (0,0) size 32x19
              RenderTableRow (anonymous) at (0,0) size 32x19
                RenderTableCell (anonymous) at (0,0) size 32x19 [r=0 c=0 rs=1 cs=1]
                  RenderText at (0,0) size 32x19
                    text run at (0,0) width 32: "Test:"
          RenderText {#text} at (32,43) size 47x19
            text run at (32,43) width 47: "content"
        RenderBR {BR} at (79,57) size 0x0
