layer at (0,0) size 800x600
  RenderView at (0,0) size 800x600
layer at (0,0) size 800x600
  RenderBlock {HTML} at (0,0) size 800x600
    RenderBody {BODY} at (8,8) size 784x584
      RenderTable {TABLE} at (0,0) size 784x44 [border: (2px outset #808080)]
        RenderTableSection {TBODY} at (2,2) size 780x40
          RenderTableRow {TR} at (0,0) size 780x40
            RenderTableCell {TD} at (0,9) size 724x21 [border: (1px inset #808080)] [r=0 c=0 rs=1 cs=1]
              RenderText {#text} at (1,1) size 61x19
                text run at (1,1) width 61: "A Big Cell"
            RenderTableCell {TD} at (724,0) size 56x40 [border: (1px inset #808080)] [r=0 c=1 rs=1 cs=1]
              RenderText {#text} at (1,1) size 33x38
                text run at (1,1) width 9: "A"
                text run at (1,20) width 33: "small"
              RenderInline {SPAN} at (0,0) size 21x19
                RenderText {#text} at (34,20) size 21x19
                  text run at (34,20) width 21: "cell"
      RenderTable {TABLE} at (0,44) size 784x44 [border: (2px outset #808080)]
        RenderTableSection {TBODY} at (2,2) size 780x40
          RenderTableRow {TR} at (0,0) size 780x40
            RenderTableCell {TD} at (0,9) size 720x21 [border: (1px inset #808080)] [r=0 c=0 rs=1 cs=1]
              RenderText {#text} at (1,1) size 61x19
                text run at (1,1) width 61: "A Big Cell"
            RenderTableCell {TD} at (720,0) size 60x40 [border: (1px inset #808080)] [r=0 c=1 rs=1 cs=1]
              RenderText {#text} at (1,1) size 46x19
                text run at (1,1) width 46: "A small"
                text run at (47,1) width 0: " "
              RenderInline {SPAN} at (0,0) size 21x19
                RenderText {#text} at (1,20) size 21x19
                  text run at (1,20) width 21: "cell"
              RenderText {#text} at (22,20) size 37x19
                text run at (22,20) width 37: "block!"
      RenderTable {TABLE} at (0,88) size 784x25 [border: (2px outset #808080)]
        RenderTableSection {TBODY} at (2,2) size 780x21
          RenderTableRow {TR} at (0,0) size 780x21
            RenderTableCell {TD} at (0,0) size 711x21 [border: (1px inset #808080)] [r=0 c=0 rs=1 cs=1]
              RenderText {#text} at (1,1) size 61x19
                text run at (1,1) width 61: "A Big Cell"
            RenderTableCell {TD} at (711,0) size 69x21 [border: (1px inset #808080)] [r=0 c=1 rs=1 cs=1]
              RenderText {#text} at (1,1) size 46x19
                text run at (1,1) width 46: "A small"
              RenderInline {SPAN} at (0,0) size 21x19
                RenderText {#text} at (47,1) size 21x19
                  text run at (47,1) width 21: "cell"
