layer at (0,0) size 800x600
  RenderView at (0,0) size 800x600
layer at (0,0) size 800x142
  RenderBlock {HTML} at (0,0) size 800x142
    RenderBody {BODY} at (8,8) size 784x126
      RenderBlock {DIV} at (0,0) size 784x38
        RenderText {#text} at (0,0) size 100x19
          text run at (0,0) width 100: "Select this text. "
        RenderInline {FONT} at (0,0) size 761x33
          RenderText {#text} at (100,4) size 761x33
            text run at (100,4) width 95: "I am teeny and tiny. "
            text run at (195,4) width 337: "I am going to have lots of text but each line should retain the big height. "
            text run at (532,4) width 229: "If the lines shrink, it means that the root line box's"
            text run at (0,23) width 223: "height is not being considered and that's wrong."
        RenderText {#text} at (0,0) size 0x0
      RenderBlock {P} at (0,52) size 784x0
      RenderBlock {DIV} at (0,52) size 784x74
        RenderInline {FONT} at (0,0) size 780x73
          RenderText {#text} at (0,0) size 421x36
            text run at (0,0) width 421: "This text is absolutely enormous. "
          RenderInline {FONT} at (0,0) size 780x51
            RenderText {#text} at (421,17) size 780x51
              text run at (421,17) width 95: "I am teeny and tiny. "
              text run at (516,17) width 264: "I am going to have lots of text but each line should retain"
              text run at (0,54) width 70: "the big height. "
              text run at (70,54) width 467: "If the lines shrink, it means that the span's line box's height is not being considered and that's wrong."
          RenderText {#text} at (0,0) size 0x0
