layer at (0,0) size 800x600
  RenderView at (0,0) size 800x600
layer at (0,0) size 800x600
  RenderBlock {HTML} at (0,0) size 800x600
    RenderBody {BODY} at (8,8) size 784x584 [bgcolor=#FFFFFF]
      RenderBlock {H2} at (0,0) size 784x29
        RenderText {#text} at (0,0) size 341x29
          text run at (0,0) width 341: "Safari Whitespace/Non-ASCII Bug"
      RenderBlock {P} at (0,46) size 784x38
        RenderText {#text} at (0,0) size 759x38
          text run at (0,0) width 636: "Apart from whitespace (tab and linefeed characters), the two lists below (in red) use identical HTML. "
          text run at (636,0) width 123: "Both lists should be"
          text run at (0,19) width 588: "rendered on a single line. In Safari, however, the first list shows each item on a separate line."
      RenderBlock {P} at (0,98) size 784x38
        RenderText {#text} at (0,0) size 747x38
          text run at (0,0) width 747: "This bug only seems to occur if the bullet character is non-ASCII (has a Unicode value higher than 127). Non-breaking"
          text run at (0,19) width 284: "spaces (&#160;), however, are an exception."
      RenderBlock (anonymous) at (0,150) size 784x76
        RenderBR {BR} at (0,0) size 0x19
        RenderInline {FONT} at (0,0) size 335x57 [color=#CC0000]
          RenderText {#text} at (0,19) size 335x19
            text run at (0,19) width 68: "\x{BB} England "
            text run at (68,19) width 60: "\x{BB} Ireland "
            text run at (128,19) width 71: "\x{BB} Scotland "
            text run at (199,19) width 75: "\x{BB} Germany "
            text run at (274,19) width 61: "\x{BB} France "
          RenderBR {BR} at (335,33) size 0x0
          RenderBR {BR} at (0,38) size 0x19
          RenderText {#text} at (0,57) size 335x19
            text run at (0,57) width 68: "\x{BB} England "
            text run at (68,57) width 60: "\x{BB} Ireland "
            text run at (128,57) width 71: "\x{BB} Scotland "
            text run at (199,57) width 75: "\x{BB} Germany "
            text run at (274,57) width 61: "\x{BB} France "
        RenderText {#text} at (0,0) size 0x0
        RenderBR {BR} at (0,0) size 0x0
