layer at (0,0) size 800x600
  RenderView at (0,0) size 800x600
layer at (0,0) size 800x600
  RenderBlock {HTML} at (0,0) size 800x600
    RenderFrameSet {FRAMESET} at (0,0) size 800x600
      RenderFrame {FRAME} at (0,0) size 800x534
        layer at (0,0) size 785x1551
          RenderView at (0,0) size 785x534
        layer at (0,0) size 785x1551
          RenderBlock {HTML} at (0,0) size 785x1551
            RenderBody {BODY} at (8,8) size 769x1511
              RenderBlock (anonymous) at (0,0) size 769x222
                RenderText {#text} at (0,0) size 769x147
                  text run at (0,0) width 760: "This is test page that we navigate to as part of testing various"
                  text run at (0,37) width 224: "navigation styles. "
                  text run at (224,37) width 545: "It includes a form so that we can test saving"
                  text run at (0,74) width 724: "and restoring of form data, and it needs to be long enough"
                  text run at (0,111) width 690: "that we can test saving and restoring of scroll position. "
                RenderBR {BR} at (690,139) size 0x0
                RenderBR {BR} at (0,148) size 0x36
                RenderBR {BR} at (0,185) size 0x36
              RenderBlock {HR} at (0,238) size 769x2 [border: (1px inset #000000)]
              RenderBlock {FORM} at (0,256) size 769x462
                RenderButton {INPUT} at (2,2) size 123x20 [bgcolor=#C0C0C0] [border: (2px outset #C0C0C0)]
                  RenderBlock (anonymous) at (8,2) size 107x16
                    RenderText at (0,0) size 107x16
                      text run at (0,0) width 107: "Submit with POST"
                RenderBR {BR} at (127,17) size 0x0
                RenderButton {INPUT} at (2,26) size 249x20 [bgcolor=#C0C0C0] [border: (2px outset #C0C0C0)]
                  RenderBlock (anonymous) at (8,2) size 233x16
                    RenderText at (0,0) size 233x16
                      text run at (0,0) width 233: "Submit with POST followed by a redirect"
                RenderBR {BR} at (253,41) size 0x0
                RenderText {#text} at (0,48) size 366x36
                  text run at (0,48) width 366: "Here are some form elements"
                RenderTextControl {INPUT} at (368,60) size 155x22 [bgcolor=#FFFFFF] [border: (2px inset #000000)]
                RenderBR {BR} at (525,76) size 0x0
                RenderText {#text} at (0,85) size 326x36
                  text run at (0,85) width 326: "that we can use for testing"
                RenderTextControl {INPUT} at (328,97) size 155x22 [bgcolor=#FFFFFF] [border: (2px inset #000000)]
                RenderBR {BR} at (485,113) size 0x0
                RenderBlock {INPUT} at (5,137) size 13x13
                RenderText {#text} at (21,122) size 73x36
                  text run at (21,122) width 73: " Male"
                RenderBR {BR} at (94,150) size 0x0
                RenderBlock {INPUT} at (5,174) size 13x13
                RenderText {#text} at (21,159) size 100x36
                  text run at (21,159) width 100: " Female"
                RenderBR {BR} at (121,187) size 0x0
                RenderBlock {INPUT} at (4,211) size 13x13
                RenderText {#text} at (20,196) size 129x36
                  text run at (20,196) width 129: " option #1"
                RenderBR {BR} at (149,224) size 0x0
                RenderBlock {INPUT} at (4,248) size 13x13
                RenderText {#text} at (20,233) size 129x36
                  text run at (20,233) width 129: " option #2"
                RenderBR {BR} at (149,261) size 0x0
                RenderMenuList {SELECT} at (2,272) size 271x20 [bgcolor=#FFFFFF] [border: (1px solid #000000)]
                  RenderBlock (anonymous) at (1,1) size 269x18
                    RenderText at (4,1) size 67x16
                      text run at (4,1) width 67: "Initial Value"
                RenderBR {BR} at (275,287) size 0x0
                RenderText {#text} at (0,0) size 0x0
              RenderBlock {HR} at (0,750) size 769x2 [border: (1px inset #000000)]
              RenderBlock {P} at (0,784) size 769x37
                RenderText {#text} at (0,0) size 62x36
                  text run at (0,0) width 62: "Now"
              RenderBlock {P} at (0,853) size 769x37
                RenderText {#text} at (0,0) size 64x36
                  text run at (0,0) width 64: "some"
              RenderBlock {P} at (0,922) size 769x37
                RenderText {#text} at (0,0) size 62x36
                  text run at (0,0) width 62: "filler"
              RenderBlock {P} at (0,991) size 769x37
                RenderText {#text} at (0,0) size 27x36
                  text run at (0,0) width 27: "so"
              RenderBlock {P} at (0,1060) size 769x37
                RenderText {#text} at (0,0) size 38x36
                  text run at (0,0) width 38: "the"
              RenderBlock {P} at (0,1129) size 769x37
                RenderText {#text} at (0,0) size 46x36
                  text run at (0,0) width 46: "doc"
              RenderBlock {P} at (0,1198) size 769x37
                RenderText {#text} at (0,0) size 20x36
                  text run at (0,0) width 20: "is"
              RenderBlock {P} at (0,1267) size 769x37
                RenderText {#text} at (0,0) size 55x36
                  text run at (0,0) width 55: "long"
              RenderBlock {P} at (0,1336) size 769x37
                RenderText {#text} at (0,0) size 90x36
                  text run at (0,0) width 90: "enough"
              RenderBlock {P} at (0,1405) size 769x37
                RenderText {#text} at (0,0) size 111x36
                  text run at (0,0) width 111: "to scroll."
              RenderBlock {P} at (0,1474) size 769x37
                RenderInline {A} at (0,0) size 518x36
                  RenderText {#text} at (0,0) size 518x36
                    text run at (0,0) width 518: "This is an anchor point named \"anchor1\"."
        layer at (378,327) size 151x16 scrollWidth 158
          RenderBlock {DIV} at (2,3) size 151x16
            RenderText {#text} at (1,0) size 156x16
              text run at (1,0) width 156: "Initial text before user input"
        layer at (338,364) size 151x16
          RenderBlock {DIV} at (2,3) size 151x16
        layer at (10,560) size 259x164 clip at (11,561) size 257x162
          RenderTextControl {TEXTAREA} at (2,296) size 259x164 [bgcolor=#FFFFFF] [border: (1px solid #000000)]
            RenderBlock {DIV} at (3,3) size 255x48
              RenderText {#text} at (0,0) size 240x32
                text run at (0,0) width 232: "More initial text before user"
                text run at (232,0) width 8: " "
                text run at (0,16) width 48: "input."
                text run at (48,16) width 0: " "
              RenderBR {BR} at (0,32) size 0x16
      RenderFrame {FRAME} at (0,540) size 800x60
        layer at (0,0) size 785x90
          RenderView at (0,0) size 785x60
        layer at (0,0) size 785x90
          RenderBlock {HTML} at (0,0) size 785x90
            RenderBody {BODY} at (8,8) size 769x74
              RenderText {#text} at (0,0) size 704x73
                text run at (0,0) width 704: "This is just a minimal page that we navigate to as part of"
                text run at (0,37) width 268: "testing back/forward."
              RenderText {#text} at (0,0) size 0x0
              RenderText {#text} at (0,0) size 0x0
frame 'main' scrolled to 0,1017

============== Back Forward List ==============
        http://127.0.0.1:8000/navigation/anchor-frames.html  **nav target**
curr->  http://127.0.0.1:8000/navigation/resources/frameset.pl?frameURL=success200.html%23anchor1  **nav target**
            http://127.0.0.1:8000/navigation/resources/otherpage.html (in frame "footer")
            http://127.0.0.1:8000/navigation/resources/success200.html#anchor1 (in frame "main")
===============================================
