layer at (0,0) size 800x600
  RenderView at (0,0) size 800x600
layer at (0,0) size 800x600
  RenderBlock {HTML} at (0,0) size 800x600
    RenderBody {BODY} at (8,8) size 784x584
      RenderBlock {P} at (0,0) size 784x38
        RenderText {#text} at (0,0) size 764x38
          text run at (0,0) width 307: "You should see a 200x200 green square below. "
          text run at (307,0) width 242: "If you see any red, the test has failed. "
          text run at (549,0) width 215: "This test is checking to make sure"
          text run at (0,19) width 545: "that boxes will shift to avoid floats that try to intrude into their space (just as tables do)."
      RenderBlock {DIV} at (0,52) size 200x200 [bgcolor=#FF0000]
        RenderBlock (floating) {DIV} at (0,0) size 100x200 [bgcolor=#008000]
        RenderFlexibleBox {DIV} at (100,0) size 100x200 [bgcolor=#008000]
