layer at (0,0) size 800x600
  RenderView at (0,0) size 800x600
layer at (0,0) size 800x600
  RenderBlock {HTML} at (0,0) size 800x600
    RenderBody {BODY} at (8,8) size 784x584
      RenderBlock {P} at (0,0) size 784x76
        RenderText {#text} at (0,0) size 779x76
          text run at (0,0) width 450: "You should see a black box below that is the width of the content area. "
          text run at (450,0) width 261: "It contains alternating struts and springs. "
          text run at (711,0) width 64: "The struts"
          text run at (0,19) width 259: "are bordered in green and are inflexible. "
          text run at (259,19) width 520: "The springs are bordered in purple and should grow and shrink as you resize your"
          text run at (0,38) width 110: "browser window. "
          text run at (110,38) width 659: "The black box should get taller when you make your window wider and get shorter when you shrink your"
          text run at (0,57) width 106: "browser window."
      RenderFlexibleBox {DIV} at (0,90) size 784x54 [border: (2px solid #000000)]
        RenderFlexibleBox {DIV} at (6,6) size 39x42 [border: (2px solid #008000)]
          RenderBlock (anonymous) at (2,2) size 35x38
            RenderText {#text} at (0,0) size 35x19
              text run at (0,0) width 35: "Fixed"
        RenderFlexibleBox {DIV} at (49,6) size 198x42 [border: (2px solid #800080)]
          RenderBlock (anonymous) at (2,2) size 194x38
            RenderText {#text} at (0,0) size 188x38
              text run at (0,0) width 181: "This is a flexible block, and it"
              text run at (0,19) width 188: "will shrink or grow as needed."
        RenderFlexibleBox {DIV} at (251,6) size 39x42 [border: (2px solid #008000)]
          RenderBlock (anonymous) at (2,2) size 35x38
            RenderText {#text} at (0,0) size 35x19
              text run at (0,0) width 35: "Fixed"
        RenderFlexibleBox {DIV} at (294,6) size 197x42 [border: (2px solid #800080)]
          RenderBlock (anonymous) at (2,2) size 193x38
            RenderText {#text} at (0,0) size 188x38
              text run at (0,0) width 181: "This is a flexible block, and it"
              text run at (0,19) width 188: "will shrink or grow as needed."
        RenderFlexibleBox {DIV} at (495,6) size 39x42 [border: (2px solid #008000)]
          RenderBlock (anonymous) at (2,2) size 35x38
            RenderText {#text} at (0,0) size 35x19
              text run at (0,0) width 35: "Fixed"
        RenderFlexibleBox {DIV} at (538,6) size 197x42 [border: (2px solid #800080)]
          RenderBlock (anonymous) at (2,2) size 193x38
            RenderText {#text} at (0,0) size 188x38
              text run at (0,0) width 181: "This is a flexible block, and it"
              text run at (0,19) width 188: "will shrink or grow as needed."
        RenderFlexibleBox {DIV} at (739,6) size 39x42 [border: (2px solid #008000)]
          RenderBlock (anonymous) at (2,2) size 35x38
            RenderText {#text} at (0,0) size 35x19
              text run at (0,0) width 35: "Fixed"
