layer at (0,0) size 800x600
  RenderView at (0,0) size 800x600
layer at (0,0) size 800x600
  RenderBlock {HTML} at (0,0) size 800x600
    RenderBody {BODY} at (8,8) size 784x584
      RenderBlock {P} at (0,0) size 784x38
        RenderText {#text} at (0,0) size 764x38
          text run at (0,0) width 307: "You should see a 100x100 green square below. "
          text run at (307,0) width 242: "If you see any red, the test has failed. "
          text run at (549,0) width 215: "This test is checking to make sure"
          text run at (0,19) width 431: "inlines get wrapped in anonymous blocks when placed inside boxes."
      RenderFlexibleBox {DIV} at (0,52) size 100x100 [bgcolor=#008000]
        RenderBlock (anonymous) at (0,0) size 0x100
          RenderInline {SPAN} at (0,0) size 0x0 [bgcolor=#FF0000]
          RenderText {#text} at (0,0) size 0x0
