layer at (0,0) size 800x600
  RenderView at (0,0) size 800x600
layer at (0,0) size 800x600
  RenderFlexibleBox {HTML} at (0,0) size 800x600 [bgcolor=#FFFFFF]
    RenderFlexibleBox {BODY} at (0,0) size 800x600 [color=#FFFFFF] [bgcolor=#008000]
      RenderBlock (anonymous) at (0,0) size 445x600
        RenderText {#text} at (0,0) size 445x19
          text run at (0,0) width 445: "You should see white text on a green background that fills the window."
        RenderText {#text} at (0,0) size 0x0
        RenderText {#text} at (0,0) size 0x0
