layer at (0,0) size 800x600
  RenderView at (0,0) size 800x600
layer at (0,0) size 800x600
  RenderBlock {HTML} at (0,0) size 800x600
    RenderBody {BODY} at (8,8) size 784x584
      RenderBlock {P} at (0,0) size 784x20
        RenderText {#text} at (0,0) size 260x19
          text run at (0,0) width 260: "The look of the controls should not change."
      RenderBlock {DIV} at (0,36) size 784x240 [color=#0000FF]
        RenderText {#text} at (0,0) size 0x0
      RenderBlock (anonymous) at (0,276) size 784x240
        RenderText {#text} at (0,0) size 0x0
        RenderText {#text} at (0,0) size 0x0
        RenderText {#text} at (0,0) size 0x0
layer at (18,44) size 320x240
  RenderVideo {VIDEO} at (10,0) size 320x240
layer at (8,284) size 320x240
  RenderVideo {VIDEO} at (0,0) size 320x240
layer at (18,44) size 320x240
  RenderBlock (relative positioned) {DIV} at (0,0) size 320x240
layer at (18,252) size 320x32
  RenderFlexibleBox (positioned) {DIV} at (0,208) size 320x32 [bgcolor=#00000099]
layer at (25,258) size 18x19
  RenderButton {INPUT} at (7,6) size 18x19
layer at (48,252) size 256x32
  RenderFlexibleBox (positioned) {DIV} at (30,0) size 256x32
layer at (246,258) size 58x20 scrollWidth 202
  RenderBlock (positioned) {DIV} at (198,6) size 58x20 [color=#FFFFFF]
    RenderText {#text} at (10,1) size 192x19
      text run at (10,1) width 192: "00:00"
layer at (54,258) size 185x24
  RenderSlider {INPUT} at (6,6) size 185x18 [color=#328CDF] [bgcolor=#FFFFFF14] [border: (1px solid #FFFFFF33)]
    RenderBlock {DIV} at (3,-5) size 9x29
layer at (304,252) size 34x32
  RenderButton {INPUT} at (286,0) size 34x32
layer at (8,284) size 320x240
  RenderBlock (relative positioned) {DIV} at (0,0) size 320x240
layer at (8,492) size 320x32
  RenderFlexibleBox (positioned) {DIV} at (0,208) size 320x32 [bgcolor=#00000099]
layer at (15,498) size 18x19
  RenderButton {INPUT} at (7,6) size 18x19
layer at (38,492) size 256x32
  RenderFlexibleBox (positioned) {DIV} at (30,0) size 256x32
layer at (236,498) size 58x20
  RenderBlock (positioned) {DIV} at (198,6) size 58x20 [color=#FFFFFF]
    RenderText {#text} at (8,1) size 42x19
      text run at (8,1) width 42: "00:00"
layer at (44,498) size 185x24
  RenderSlider {INPUT} at (6,6) size 185x18 [color=#328CDF] [bgcolor=#FFFFFF14] [border: (1px solid #FFFFFF33)]
    RenderBlock {DIV} at (3,-5) size 9x29
layer at (294,492) size 34x32
  RenderButton {INPUT} at (286,0) size 34x32
