layer at (0,0) size 800x600
  RenderView at (0,0) size 800x600
layer at (0,0) size 800x355
  RenderBlock {HTML} at (0,0) size 800x355
    RenderBody {BODY} at (8,16) size 784x331
      RenderBlock {P} at (0,0) size 784x40
        RenderText {#text} at (0,0) size 51x19
          text run at (0,0) width 51: "Test for "
        RenderInline {A} at (0,0) size 291x19 [color=#0000EE]
          RenderText {#text} at (51,0) size 291x19
            text run at (51,0) width 291: "https://bugs.webkit.org/show_bug.cgi?id=34966"
        RenderText {#text} at (342,0) size 8x19
          text run at (342,0) width 8: ". "
        RenderBR {BR} at (350,0) size 0x19
        RenderText {#text} at (0,20) size 226x19
          text run at (0,20) width 226: "You should see the video play below."
      RenderBlock (anonymous) at (0,56) size 784x275
        RenderText {#text} at (0,0) size 0x0
        RenderText {#text} at (0,0) size 0x0
        RenderText {#text} at (0,0) size 0x0
layer at (8,72) size 480x270
  RenderVideo {VIDEO} at (0,0) size 480x270
