layer at (0,0) size 800x2508
  RenderView at (0,0) size 800x600
layer at (0,0) size 800x2508
  RenderBlock {HTML} at (0,0) size 800x2508
    RenderBody {BODY} at (8,8) size 784x2484
      RenderBlock {H1} at (0,0) size 784x33
        RenderText {#text} at (0,0) size 576x33
          text run at (0,0) width 576: "Example 4: Some simple tables."
      RenderTable {TABLE} at (0,54) size 627x100 [border: (1px outset #808080)]
        RenderTableSection {TBODY} at (1,1) size 625x98
          RenderTableRow {TR} at (0,2) size 625x22
            RenderTableCell {TH} at (2,2) size 92x22 [border: (1px inset #808080)] [r=0 c=0 rs=1 cs=1]
              RenderText {#text} at (18,2) size 56x18
                text run at (18,2) width 56: "Color "
            RenderTableCell {TH} at (96,2) size 527x22 [border: (1px inset #808080)] [r=0 c=1 rs=1 cs=1]
              RenderText {#text} at (219,2) size 88x18
                text run at (219,2) width 88: "Meaning "
          RenderTableRow {TR} at (0,26) size 625x22
            RenderTableCell {TD} at (2,26) size 92x22 [bgcolor=#90EE90] [border: (1px inset #808080)] [r=1 c=0 rs=1 cs=1]
              RenderText {#text} at (2,2) size 88x18
                text run at (2,2) width 88: "lightgreen"
            RenderTableCell {TD} at (96,26) size 527x22 [border: (1px inset #808080)] [r=1 c=1 rs=1 cs=1]
              RenderText {#text} at (2,2) size 402x18
                text run at (2,2) width 402: "Light green is used on cells that have a colspan"
          RenderTableRow {TR} at (0,50) size 625x22
            RenderTableCell {TD} at (2,50) size 92x22 [bgcolor=#F0E68C] [border: (1px inset #808080)] [r=2 c=0 rs=1 cs=1]
              RenderText {#text} at (2,2) size 46x18
                text run at (2,2) width 46: "khaki"
            RenderTableCell {TD} at (96,50) size 527x22 [border: (1px inset #808080)] [r=2 c=1 rs=1 cs=1]
              RenderText {#text} at (2,2) size 359x18
                text run at (2,2) width 359: "Khaki is used on cells that have a rowspan"
          RenderTableRow {TR} at (0,74) size 625x22
            RenderTableCell {TD} at (2,74) size 92x22 [bgcolor=#D3D3D3] [border: (1px inset #808080)] [r=3 c=0 rs=1 cs=1]
              RenderText {#text} at (2,2) size 77x18
                text run at (2,2) width 77: "lightgrey"
            RenderTableCell {TD} at (96,74) size 527x22 [border: (1px inset #808080)] [r=3 c=1 rs=1 cs=1]
              RenderText {#text} at (2,2) size 403x18
                text run at (2,2) width 403: "Light grey is used on cells that have a rowspan "
              RenderInline {B} at (0,0) size 35x18
                RenderText {#text} at (405,2) size 35x18
                  text run at (405,2) width 35: "and"
              RenderText {#text} at (440,2) size 85x18
                text run at (440,2) width 85: " a colspan"
      RenderBlock (anonymous) at (0,154) size 784x34
        RenderBR {BR} at (0,0) size 0x17
        RenderText {#text} at (0,17) size 5x17
          text run at (0,17) width 5: " "
      RenderTable {TABLE} at (0,188) size 784x130 [border: (1px outset #808080)]
        RenderBlock {CAPTION} at (0,0) size 782x18
          RenderText {#text} at (45,0) size 691x18
            text run at (45,0) width 691: "Table 1 has this caption at the top.  It is defined to be 100% of it's parent's width."
        RenderTableSection {TBODY} at (1,19) size 782x110
          RenderTableRow {TR} at (0,2) size 782x40
            RenderTableCell {TD} at (2,11) size 407x22 [bgcolor=#90EE90] [border: (1px inset #808080)] [r=0 c=0 rs=1 cs=2]
              RenderText {#text} at (2,2) size 32x18
                text run at (2,2) width 32: "Cell"
            RenderTableCell {TD} at (411,2) size 369x40 [border: (1px inset #808080)] [r=0 c=2 rs=1 cs=1]
              RenderText {#text} at (2,2) size 319x36
                text run at (2,2) width 319: "Stuff to test out table cell layout. This"
                text run at (2,20) width 199: "should be long enough."
          RenderTableRow {TR} at (0,44) size 782x22
            RenderTableCell {TD} at (2,44) size 36x22 [border: (1px inset #808080)] [r=1 c=0 rs=1 cs=1]
              RenderText {#text} at (2,2) size 32x18
                text run at (2,2) width 32: "Cell"
            RenderTableCell {TD} at (40,44) size 740x22 [bgcolor=#90EE90] [border: (1px inset #808080)] [r=1 c=1 rs=1 cs=2]
              RenderText {#text} at (2,2) size 524x18
                text run at (2,2) width 524: "Stuff to test out table cell layout. This should be long enough."
          RenderTableRow {TR} at (0,68) size 782x40
            RenderTableCell {TD} at (2,77) size 36x22 [border: (1px inset #808080)] [r=2 c=0 rs=1 cs=1]
              RenderText {#text} at (2,2) size 32x18
                text run at (2,2) width 32: "Cell"
            RenderTableCell {TD} at (40,68) size 369x40 [border: (1px inset #808080)] [r=2 c=1 rs=1 cs=1]
              RenderText {#text} at (2,2) size 319x36
                text run at (2,2) width 319: "Stuff to test out table cell layout. This"
                text run at (2,20) width 199: "should be long enough."
            RenderTableCell {TD} at (411,77) size 369x22 [border: (1px inset #808080)] [r=2 c=2 rs=1 cs=1]
              RenderText {#text} at (2,2) size 32x18
                text run at (2,2) width 32: "Cell"
      RenderBlock (anonymous) at (0,318) size 784x34
        RenderBR {BR} at (0,0) size 0x17
        RenderText {#text} at (0,17) size 5x17
          text run at (0,17) width 5: " "
      RenderTable {TABLE} at (0,352) size 661x94 [border: (1px outset #808080)]
        RenderBlock {CAPTION} at (0,0) size 659x18
          RenderText {#text} at (113,0) size 432x18
            text run at (113,0) width 432: "Table 2 has auto-width (no width param specified.)"
        RenderTableSection {TBODY} at (1,19) size 659x74
          RenderTableRow {TR} at (0,2) size 659x22
            RenderTableCell {TD} at (2,2) size 36x22 [border: (1px inset #808080)] [r=0 c=0 rs=1 cs=1]
              RenderText {#text} at (2,2) size 32x18
                text run at (2,2) width 32: "Cell"
            RenderTableCell {TD} at (40,14) size 617x22 [bgcolor=#D3D3D3] [border: (1px inset #808080)] [r=0 c=1 rs=2 cs=2]
              RenderText {#text} at (2,2) size 524x18
                text run at (2,2) width 524: "Stuff to test out table cell layout. This should be long enough."
          RenderTableRow {TR} at (0,26) size 659x22
            RenderTableCell {TD} at (2,26) size 36x22 [border: (1px inset #808080)] [r=1 c=0 rs=1 cs=1]
              RenderText {#text} at (2,2) size 32x18
                text run at (2,2) width 32: "Cell"
          RenderTableRow {TR} at (0,50) size 659x22
            RenderTableCell {TD} at (2,50) size 36x22 [border: (1px inset #808080)] [r=2 c=0 rs=1 cs=1]
              RenderText {#text} at (2,2) size 32x18
                text run at (2,2) width 32: "Cell"
            RenderTableCell {TD} at (40,50) size 528x22 [border: (1px inset #808080)] [r=2 c=1 rs=1 cs=1]
              RenderText {#text} at (2,2) size 524x18
                text run at (2,2) width 524: "Stuff to test out table cell layout. This should be long enough."
            RenderTableCell {TD} at (570,50) size 87x22 [border: (1px inset #808080)] [r=2 c=2 rs=1 cs=1]
              RenderText {#text} at (2,2) size 83x18
                text run at (2,2) width 83: "more text"
      RenderBlock (anonymous) at (0,446) size 784x17
        RenderText {#text} at (0,0) size 5x17
          text run at (0,0) width 5: " "
      RenderTable {TABLE} at (0,463) size 661x94 [border: (1px outset #808080)]
        RenderBlock {CAPTION} at (0,0) size 659x18
          RenderText {#text} at (66,0) size 527x18
            text run at (66,0) width 527: "Table 3 is the same as Table 2, but with equal column widths. "
        RenderTableSection {TBODY} at (1,19) size 659x74
          RenderTableRow {TR} at (0,2) size 659x22
            RenderTableCell {TD} at (2,2) size 36x22 [border: (1px inset #808080)] [r=0 c=0 rs=1 cs=1]
              RenderText {#text} at (2,2) size 32x18
                text run at (2,2) width 32: "Cell"
            RenderTableCell {TD} at (40,14) size 617x22 [bgcolor=#D3D3D3] [border: (1px inset #808080)] [r=0 c=1 rs=2 cs=2]
              RenderText {#text} at (2,2) size 524x18
                text run at (2,2) width 524: "Stuff to test out table cell layout. This should be long enough."
          RenderTableRow {TR} at (0,26) size 659x22
            RenderTableCell {TD} at (2,26) size 36x22 [border: (1px inset #808080)] [r=1 c=0 rs=1 cs=1]
              RenderText {#text} at (2,2) size 32x18
                text run at (2,2) width 32: "Cell"
          RenderTableRow {TR} at (0,50) size 659x22
            RenderTableCell {TD} at (2,50) size 36x22 [border: (1px inset #808080)] [r=2 c=0 rs=1 cs=1]
              RenderText {#text} at (2,2) size 32x18
                text run at (2,2) width 32: "Cell"
            RenderTableCell {TD} at (40,50) size 528x22 [border: (1px inset #808080)] [r=2 c=1 rs=1 cs=1]
              RenderText {#text} at (2,2) size 524x18
                text run at (2,2) width 524: "Stuff to test out table cell layout. This should be long enough."
            RenderTableCell {TD} at (570,50) size 87x22 [border: (1px inset #808080)] [r=2 c=2 rs=1 cs=1]
              RenderText {#text} at (2,2) size 83x18
                text run at (2,2) width 83: "more text"
      RenderBlock (anonymous) at (0,557) size 784x34
        RenderBR {BR} at (0,0) size 0x17
        RenderText {#text} at (0,17) size 5x17
          text run at (0,17) width 5: " "
      RenderTable {TABLE} at (0,591) size 253x228 [border: (1px none #808080)]
        RenderBlock {CAPTION} at (0,156) size 251x72
          RenderText {#text} at (25,0) size 243x72
            text run at (25,0) width 200: "Table 4 has this bottom"
            text run at (32,18) width 187: "caption. The table has"
            text run at (4,36) width 243: "specified column widths and"
            text run at (45,54) width 161: "collapsing borders."
        RenderTableCol {COLGROUP} at (0,0) size 0x0
          RenderTableCol {COL} at (0,0) size 0x0 [border: (2px dashed #0000FF) none (2px solid #000000)]
          RenderTableCol {COL} at (0,0) size 0x0 [border: (1px solid #FF0000) none]
          RenderTableCol {COL} at (0,0) size 0x0 [border: (2px solid #000000) none]
        RenderTableSection {THEAD} at (1,1) size 251x26 [border: none (6px solid #000000) none]
          RenderTableRow {TR} at (0,0) size 251x26 [border: (2px solid #000000)]
            RenderTableCell {TH} at (0,0) size 90x26 [border: (1px none #000000) none (3px none #000000)] [r=0 c=0 rs=1 cs=1]
              RenderText {#text} at (15,3) size 60x18
                text run at (15,3) width 60: "Player"
            RenderTableCell {TH} at (90,0) size 81x26 [border: (1px none #000000) none (3px none #000000)] [r=0 c=1 rs=1 cs=1]
              RenderText {#text} at (2,3) size 77x18
                text run at (2,3) width 77: "Ranking"
            RenderTableCell {TH} at (171,0) size 80x26 [border: (1px none #000000)] [r=0 c=2 rs=1 cs=1]
              RenderText {#text} at (6,3) size 67x18
                text run at (6,3) width 67: "Record"
        RenderTableSection {TBODY} at (1,27) size 251x128
          RenderTableRow {TR} at (0,0) size 251x44 [border: (2px solid #000000)]
            RenderTableCell {TD} at (0,0) size 90x44 [border: (3px none #000000)] [r=0 c=0 rs=1 cs=1]
              RenderText {#text} at (3,5) size 48x36
                text run at (3,5) width 48: "Steve"
                text run at (3,23) width 44: "Clark"
            RenderTableCell {TD} at (90,9) size 81x26 [border: (3px none #000000)] [r=0 c=1 rs=1 cs=1]
              RenderText {#text} at (35,5) size 11x18
                text run at (35,5) width 11: "1"
            RenderTableCell {TD} at (171,9) size 80x26 [border: (3px none #000000)] [r=0 c=2 rs=1 cs=1]
              RenderText {#text} at (20,5) size 39x18
                text run at (20,5) width 39: "77-0"
          RenderTableRow {TR} at (0,44) size 251x42 [border: (2px solid #000000)]
            RenderTableCell {TD} at (0,44) size 90x42 [border: (1px none #000000)] [r=1 c=0 rs=1 cs=1]
              RenderText {#text} at (3,3) size 51x36
                text run at (3,3) width 34: "Cliff"
                text run at (3,21) width 51: "Swain"
            RenderTableCell {TD} at (90,53) size 81x24 [border: (1px none #000000)] [r=1 c=1 rs=1 cs=1]
              RenderText {#text} at (35,3) size 11x18
                text run at (35,3) width 11: "2"
            RenderTableCell {TD} at (171,53) size 80x24 [border: (1px none #000000)] [r=1 c=2 rs=1 cs=1]
              RenderText {#text} at (15,3) size 50x18
                text run at (15,3) width 50: "67-10"
          RenderTableRow {TR} at (0,86) size 251x42 [border: (2px solid #000000)]
            RenderTableCell {TD} at (0,86) size 90x42 [border: (1px none #000000)] [r=2 c=0 rs=1 cs=1]
              RenderText {#text} at (3,3) size 55x36
                text run at (3,3) width 49: "Marty"
                text run at (3,21) width 55: "Hogan"
            RenderTableCell {TD} at (90,95) size 81x24 [border: (1px none #000000)] [r=2 c=1 rs=1 cs=1]
              RenderText {#text} at (35,3) size 11x18
                text run at (35,3) width 11: "3"
            RenderTableCell {TD} at (171,95) size 80x24 [border: (1px none #000000)] [r=2 c=2 rs=1 cs=1]
              RenderText {#text} at (15,3) size 50x18
                text run at (15,3) width 50: "57-15"
      RenderBlock (anonymous) at (0,819) size 784x17
        RenderBR {BR} at (0,0) size 0x17
      RenderTable {TABLE} at (0,836) size 246x408
        RenderBlock {CAPTION} at (0,390) size 246x18
          RenderText {#text} at (0,0) size 245x18
            text run at (0,0) width 245: "Table 5 has a scrolling tbody."
        RenderTableSection {THEAD} at (0,0) size 246x18
          RenderTableRow {TR} at (0,2) size 246x14
            RenderTableCell {TD} at (2,2) size 120x14 [r=0 c=0 rs=1 cs=2]
              RenderText {#text} at (1,1) size 51x12
                text run at (1,1) width 51: "HEADER"
        RenderTableSection {TBODY} at (0,18) size 246x354 [border: (1px solid #000000)]
          RenderTableRow {TR} at (0,2) size 246x20
            RenderTableCell {TD} at (2,2) size 59x20 [r=0 c=0 rs=1 cs=1]
              RenderText {#text} at (1,1) size 57x18
                text run at (1,1) width 57: "cell-00"
            RenderTableCell {TD} at (63,2) size 59x20 [r=0 c=1 rs=1 cs=1]
              RenderText {#text} at (1,1) size 57x18
                text run at (1,1) width 57: "cell-01"
            RenderTableCell {TD} at (124,2) size 59x20 [r=0 c=2 rs=1 cs=1]
              RenderText {#text} at (1,1) size 57x18
                text run at (1,1) width 57: "cell-02"
            RenderTableCell {TD} at (185,2) size 59x20 [r=0 c=3 rs=1 cs=1]
              RenderText {#text} at (1,1) size 57x18
                text run at (1,1) width 57: "cell-03"
          RenderTableRow {TR} at (0,24) size 246x20
            RenderTableCell {TD} at (2,24) size 59x20 [r=1 c=0 rs=1 cs=1]
              RenderText {#text} at (1,1) size 57x18
                text run at (1,1) width 57: "cell-10"
            RenderTableCell {TD} at (63,24) size 59x20 [r=1 c=1 rs=1 cs=1]
              RenderText {#text} at (1,1) size 57x18
                text run at (1,1) width 57: "cell-11"
            RenderTableCell {TD} at (124,24) size 59x20 [r=1 c=2 rs=1 cs=1]
              RenderText {#text} at (1,1) size 57x18
                text run at (1,1) width 57: "cell-12"
            RenderTableCell {TD} at (185,24) size 59x20 [r=1 c=3 rs=1 cs=1]
              RenderText {#text} at (1,1) size 57x18
                text run at (1,1) width 57: "cell-13"
          RenderTableRow {TR} at (0,46) size 246x20
            RenderTableCell {TD} at (2,46) size 59x20 [r=2 c=0 rs=1 cs=1]
              RenderText {#text} at (1,1) size 57x18
                text run at (1,1) width 57: "cell-20"
            RenderTableCell {TD} at (63,46) size 59x20 [r=2 c=1 rs=1 cs=1]
              RenderText {#text} at (1,1) size 57x18
                text run at (1,1) width 57: "cell-21"
            RenderTableCell {TD} at (124,46) size 59x20 [r=2 c=2 rs=1 cs=1]
              RenderText {#text} at (1,1) size 57x18
                text run at (1,1) width 57: "cell-22"
            RenderTableCell {TD} at (185,46) size 59x20 [r=2 c=3 rs=1 cs=1]
              RenderText {#text} at (1,1) size 57x18
                text run at (1,1) width 57: "cell-23"
          RenderTableRow {TR} at (0,68) size 246x20
            RenderTableCell {TD} at (2,68) size 59x20 [r=3 c=0 rs=1 cs=1]
              RenderText {#text} at (1,1) size 57x18
                text run at (1,1) width 57: "cell-30"
            RenderTableCell {TD} at (63,68) size 59x20 [r=3 c=1 rs=1 cs=1]
              RenderText {#text} at (1,1) size 57x18
                text run at (1,1) width 57: "cell-31"
            RenderTableCell {TD} at (124,68) size 59x20 [r=3 c=2 rs=1 cs=1]
              RenderText {#text} at (1,1) size 57x18
                text run at (1,1) width 57: "cell-32"
            RenderTableCell {TD} at (185,68) size 59x20 [r=3 c=3 rs=1 cs=1]
              RenderText {#text} at (1,1) size 57x18
                text run at (1,1) width 57: "cell-33"
          RenderTableRow {TR} at (0,90) size 246x20
            RenderTableCell {TD} at (2,90) size 59x20 [r=4 c=0 rs=1 cs=1]
              RenderText {#text} at (1,1) size 57x18
                text run at (1,1) width 57: "cell-40"
            RenderTableCell {TD} at (63,90) size 59x20 [r=4 c=1 rs=1 cs=1]
              RenderText {#text} at (1,1) size 57x18
                text run at (1,1) width 57: "cell-41"
            RenderTableCell {TD} at (124,90) size 59x20 [r=4 c=2 rs=1 cs=1]
              RenderText {#text} at (1,1) size 57x18
                text run at (1,1) width 57: "cell-42"
            RenderTableCell {TD} at (185,90) size 59x20 [r=4 c=3 rs=1 cs=1]
              RenderText {#text} at (1,1) size 57x18
                text run at (1,1) width 57: "cell-43"
          RenderTableRow {TR} at (0,112) size 246x20
            RenderTableCell {TD} at (2,112) size 59x20 [r=5 c=0 rs=1 cs=1]
              RenderText {#text} at (1,1) size 57x18
                text run at (1,1) width 57: "cell-50"
            RenderTableCell {TD} at (63,112) size 59x20 [r=5 c=1 rs=1 cs=1]
              RenderText {#text} at (1,1) size 57x18
                text run at (1,1) width 57: "cell-51"
            RenderTableCell {TD} at (124,112) size 59x20 [r=5 c=2 rs=1 cs=1]
              RenderText {#text} at (1,1) size 57x18
                text run at (1,1) width 57: "cell-52"
            RenderTableCell {TD} at (185,112) size 59x20 [r=5 c=3 rs=1 cs=1]
              RenderText {#text} at (1,1) size 57x18
                text run at (1,1) width 57: "cell-53"
          RenderTableRow {TR} at (0,134) size 246x20
            RenderTableCell {TD} at (2,134) size 59x20 [r=6 c=0 rs=1 cs=1]
              RenderText {#text} at (1,1) size 57x18
                text run at (1,1) width 57: "cell-60"
            RenderTableCell {TD} at (63,134) size 59x20 [r=6 c=1 rs=1 cs=1]
              RenderText {#text} at (1,1) size 57x18
                text run at (1,1) width 57: "cell-61"
            RenderTableCell {TD} at (124,134) size 59x20 [r=6 c=2 rs=1 cs=1]
              RenderText {#text} at (1,1) size 57x18
                text run at (1,1) width 57: "cell-62"
            RenderTableCell {TD} at (185,134) size 59x20 [r=6 c=3 rs=1 cs=1]
              RenderText {#text} at (1,1) size 57x18
                text run at (1,1) width 57: "cell-63"
          RenderTableRow {TR} at (0,156) size 246x20
            RenderTableCell {TD} at (2,156) size 59x20 [r=7 c=0 rs=1 cs=1]
              RenderText {#text} at (1,1) size 57x18
                text run at (1,1) width 57: "cell-70"
            RenderTableCell {TD} at (63,156) size 59x20 [r=7 c=1 rs=1 cs=1]
              RenderText {#text} at (1,1) size 57x18
                text run at (1,1) width 57: "cell-71"
            RenderTableCell {TD} at (124,156) size 59x20 [r=7 c=2 rs=1 cs=1]
              RenderText {#text} at (1,1) size 57x18
                text run at (1,1) width 57: "cell-72"
            RenderTableCell {TD} at (185,156) size 59x20 [r=7 c=3 rs=1 cs=1]
              RenderText {#text} at (1,1) size 57x18
                text run at (1,1) width 57: "cell-73"
          RenderTableRow {TR} at (0,178) size 246x20
            RenderTableCell {TD} at (2,178) size 59x20 [r=8 c=0 rs=1 cs=1]
              RenderText {#text} at (1,1) size 57x18
                text run at (1,1) width 57: "cell-80"
            RenderTableCell {TD} at (63,178) size 59x20 [r=8 c=1 rs=1 cs=1]
              RenderText {#text} at (1,1) size 57x18
                text run at (1,1) width 57: "cell-81"
            RenderTableCell {TD} at (124,178) size 59x20 [r=8 c=2 rs=1 cs=1]
              RenderText {#text} at (1,1) size 57x18
                text run at (1,1) width 57: "cell-82"
            RenderTableCell {TD} at (185,178) size 59x20 [r=8 c=3 rs=1 cs=1]
              RenderText {#text} at (1,1) size 57x18
                text run at (1,1) width 57: "cell-83"
          RenderTableRow {TR} at (0,200) size 246x20
            RenderTableCell {TD} at (2,200) size 59x20 [r=9 c=0 rs=1 cs=1]
              RenderText {#text} at (1,1) size 57x18
                text run at (1,1) width 57: "cell-90"
            RenderTableCell {TD} at (63,200) size 59x20 [r=9 c=1 rs=1 cs=1]
              RenderText {#text} at (1,1) size 57x18
                text run at (1,1) width 57: "cell-91"
            RenderTableCell {TD} at (124,200) size 59x20 [r=9 c=2 rs=1 cs=1]
              RenderText {#text} at (1,1) size 57x18
                text run at (1,1) width 57: "cell-92"
            RenderTableCell {TD} at (185,200) size 59x20 [r=9 c=3 rs=1 cs=1]
              RenderText {#text} at (1,1) size 57x18
                text run at (1,1) width 57: "cell-93"
          RenderTableRow {TR} at (0,222) size 246x20
            RenderTableCell {TD} at (2,222) size 59x20 [r=10 c=0 rs=1 cs=1]
              RenderText {#text} at (1,1) size 56x18
                text run at (1,1) width 56: "cell-a0"
            RenderTableCell {TD} at (63,222) size 59x20 [r=10 c=1 rs=1 cs=1]
              RenderText {#text} at (1,1) size 56x18
                text run at (1,1) width 56: "cell-a1"
            RenderTableCell {TD} at (124,222) size 59x20 [r=10 c=2 rs=1 cs=1]
              RenderText {#text} at (1,1) size 56x18
                text run at (1,1) width 56: "cell-a2"
            RenderTableCell {TD} at (185,222) size 59x20 [r=10 c=3 rs=1 cs=1]
              RenderText {#text} at (1,1) size 56x18
                text run at (1,1) width 56: "cell-a3"
          RenderTableRow {TR} at (0,244) size 246x20
            RenderTableCell {TD} at (2,244) size 59x20 [r=11 c=0 rs=1 cs=1]
              RenderText {#text} at (1,1) size 57x18
                text run at (1,1) width 57: "cell-b0"
            RenderTableCell {TD} at (63,244) size 59x20 [r=11 c=1 rs=1 cs=1]
              RenderText {#text} at (1,1) size 57x18
                text run at (1,1) width 57: "cell-b1"
            RenderTableCell {TD} at (124,244) size 59x20 [r=11 c=2 rs=1 cs=1]
              RenderText {#text} at (1,1) size 57x18
                text run at (1,1) width 57: "cell-b2"
            RenderTableCell {TD} at (185,244) size 59x20 [r=11 c=3 rs=1 cs=1]
              RenderText {#text} at (1,1) size 57x18
                text run at (1,1) width 57: "cell-b3"
          RenderTableRow {TR} at (0,266) size 246x20
            RenderTableCell {TD} at (2,266) size 59x20 [r=12 c=0 rs=1 cs=1]
              RenderText {#text} at (1,1) size 55x18
                text run at (1,1) width 55: "cell-c0"
            RenderTableCell {TD} at (63,266) size 59x20 [r=12 c=1 rs=1 cs=1]
              RenderText {#text} at (1,1) size 55x18
                text run at (1,1) width 55: "cell-c1"
            RenderTableCell {TD} at (124,266) size 59x20 [r=12 c=2 rs=1 cs=1]
              RenderText {#text} at (1,1) size 55x18
                text run at (1,1) width 55: "cell-c2"
            RenderTableCell {TD} at (185,266) size 59x20 [r=12 c=3 rs=1 cs=1]
              RenderText {#text} at (1,1) size 55x18
                text run at (1,1) width 55: "cell-c3"
          RenderTableRow {TR} at (0,288) size 246x20
            RenderTableCell {TD} at (2,288) size 59x20 [r=13 c=0 rs=1 cs=1]
              RenderText {#text} at (1,1) size 57x18
                text run at (1,1) width 57: "cell-d0"
            RenderTableCell {TD} at (63,288) size 59x20 [r=13 c=1 rs=1 cs=1]
              RenderText {#text} at (1,1) size 57x18
                text run at (1,1) width 57: "cell-d1"
            RenderTableCell {TD} at (124,288) size 59x20 [r=13 c=2 rs=1 cs=1]
              RenderText {#text} at (1,1) size 57x18
                text run at (1,1) width 57: "cell-d2"
            RenderTableCell {TD} at (185,288) size 59x20 [r=13 c=3 rs=1 cs=1]
              RenderText {#text} at (1,1) size 57x18
                text run at (1,1) width 57: "cell-d3"
          RenderTableRow {TR} at (0,310) size 246x20
            RenderTableCell {TD} at (2,310) size 59x20 [r=14 c=0 rs=1 cs=1]
              RenderText {#text} at (1,1) size 56x18
                text run at (1,1) width 56: "cell-e0"
            RenderTableCell {TD} at (63,310) size 59x20 [r=14 c=1 rs=1 cs=1]
              RenderText {#text} at (1,1) size 56x18
                text run at (1,1) width 56: "cell-e1"
            RenderTableCell {TD} at (124,310) size 59x20 [r=14 c=2 rs=1 cs=1]
              RenderText {#text} at (1,1) size 56x18
                text run at (1,1) width 56: "cell-e2"
            RenderTableCell {TD} at (185,310) size 59x20 [r=14 c=3 rs=1 cs=1]
              RenderText {#text} at (1,1) size 56x18
                text run at (1,1) width 56: "cell-e3"
          RenderTableRow {TR} at (0,332) size 246x20
            RenderTableCell {TD} at (2,332) size 59x20 [r=15 c=0 rs=1 cs=1]
              RenderText {#text} at (1,1) size 52x18
                text run at (1,1) width 52: "cell-f0"
            RenderTableCell {TD} at (63,332) size 59x20 [r=15 c=1 rs=1 cs=1]
              RenderText {#text} at (1,1) size 52x18
                text run at (1,1) width 52: "cell-f1"
            RenderTableCell {TD} at (124,332) size 59x20 [r=15 c=2 rs=1 cs=1]
              RenderText {#text} at (1,1) size 52x18
                text run at (1,1) width 52: "cell-f2"
            RenderTableCell {TD} at (185,332) size 59x20 [r=15 c=3 rs=1 cs=1]
              RenderText {#text} at (1,1) size 52x18
                text run at (1,1) width 52: "cell-f3"
        RenderTableSection {TFOOT} at (0,372) size 246x18
          RenderTableRow {TR} at (0,2) size 246x14
            RenderTableCell {TD} at (2,2) size 120x14 [r=0 c=0 rs=1 cs=2]
              RenderText {#text} at (1,1) size 50x12
                text run at (1,1) width 50: "FOOTER"
        RenderBlock {CAPTION} at (0,0) size 0x0
          RenderText {#text} at (0,0) size 0x0
      RenderBlock (anonymous) at (0,1244) size 784x34
        RenderBR {BR} at (0,0) size 0x17
        RenderText {#text} at (0,17) size 773x17
          text run at (0,17) width 773: "This is a table formed from a list with display of table-row and list items with display of table-cell."
      RenderTable at (0,1278) size 209x17
        RenderTableSection (anonymous) at (0,0) size 209x17
          RenderTableRow {UL} at (0,0) size 209x17 [bgcolor=#FFA500]
            RenderTableCell {LI} at (0,0) size 35x17 [r=0 c=0 rs=1 cs=1]
              RenderText {#text} at (0,0) size 35x17
                text run at (0,0) width 35: "ONE"
            RenderTableCell {LI} at (35,0) size 40x17 [r=0 c=1 rs=1 cs=1]
              RenderText {#text} at (0,0) size 40x17
                text run at (0,0) width 40: "TWO"
            RenderTableCell {LI} at (75,0) size 54x17 [r=0 c=2 rs=1 cs=1]
              RenderText {#text} at (0,0) size 54x17
                text run at (0,0) width 54: "THREE"
            RenderTableCell {LI} at (129,0) size 45x17 [r=0 c=3 rs=1 cs=1]
              RenderText {#text} at (0,0) size 45x17
                text run at (0,0) width 45: "FOUR"
            RenderTableCell {LI} at (174,0) size 35x17 [r=0 c=4 rs=1 cs=1]
              RenderText {#text} at (0,0) size 35x17
                text run at (0,0) width 35: "FIVE"
      RenderBlock (anonymous) at (0,1295) size 784x51
        RenderBR {BR} at (0,0) size 0x17
        RenderText {#text} at (0,17) size 743x34
          text run at (0,17) width 743: "This is a table formed from a list with display of table-row-group and list items with display of"
          text run at (0,34) width 83: "table-cell. "
        RenderBR {BR} at (0,0) size 0x0
      RenderTable at (0,1346) size 235x17
        RenderTableSection {UL} at (0,0) size 235x17
          RenderTableRow (anonymous) at (0,0) size 235x17
            RenderTableCell {LI} at (0,0) size 35x17 [bgcolor=#FFA500] [r=0 c=0 rs=1 cs=1]
              RenderText {#text} at (0,0) size 35x17
                text run at (0,0) width 35: "ONE"
            RenderTableCell {LI} at (35,0) size 40x17 [bgcolor=#FFA500] [r=0 c=1 rs=1 cs=1]
              RenderText {#text} at (0,0) size 40x17
                text run at (0,0) width 40: "TWO"
            RenderTableCell {LI} at (75,0) size 54x17 [bgcolor=#FFA500] [r=0 c=2 rs=1 cs=1]
              RenderText {#text} at (0,0) size 54x17
                text run at (0,0) width 54: "THREE"
            RenderTableCell {LI} at (129,0) size 45x17 [bgcolor=#FFA500] [r=0 c=3 rs=1 cs=1]
              RenderText {#text} at (0,0) size 45x17
                text run at (0,0) width 45: "FOUR"
            RenderTableCell {LI} at (174,0) size 35x17 [bgcolor=#FFA500] [r=0 c=4 rs=1 cs=1]
              RenderText {#text} at (0,0) size 35x17
                text run at (0,0) width 35: "FIVE"
            RenderTableCell {LI} at (209,0) size 26x17 [bgcolor=#FFA500] [r=0 c=5 rs=1 cs=1]
              RenderText {#text} at (0,0) size 26x17
                text run at (0,0) width 26: "SIX"
      RenderBlock (anonymous) at (0,1363) size 784x34
        RenderBR {BR} at (0,0) size 0x17
        RenderText {#text} at (0,17) size 515x17
          text run at (0,17) width 515: "This is like the previous table plus the list's overflow property set"
      RenderTable at (0,1397) size 235x17
        RenderTableSection {UL} at (0,0) size 235x17
          RenderTableRow (anonymous) at (0,0) size 235x17
            RenderTableCell {LI} at (0,0) size 35x17 [bgcolor=#FFA500] [r=0 c=0 rs=1 cs=1]
              RenderText {#text} at (0,0) size 35x17
                text run at (0,0) width 35: "ONE"
            RenderTableCell {LI} at (35,0) size 40x17 [bgcolor=#FFA500] [r=0 c=1 rs=1 cs=1]
              RenderText {#text} at (0,0) size 40x17
                text run at (0,0) width 40: "TWO"
            RenderTableCell {LI} at (75,0) size 54x17 [bgcolor=#FFA500] [r=0 c=2 rs=1 cs=1]
              RenderText {#text} at (0,0) size 54x17
                text run at (0,0) width 54: "THREE"
            RenderTableCell {LI} at (129,0) size 45x17 [bgcolor=#FFA500] [r=0 c=3 rs=1 cs=1]
              RenderText {#text} at (0,0) size 45x17
                text run at (0,0) width 45: "FOUR"
            RenderTableCell {LI} at (174,0) size 35x17 [bgcolor=#FFA500] [r=0 c=4 rs=1 cs=1]
              RenderText {#text} at (0,0) size 35x17
                text run at (0,0) width 35: "FIVE"
            RenderTableCell {LI} at (209,0) size 26x17 [bgcolor=#FFA500] [r=0 c=5 rs=1 cs=1]
              RenderText {#text} at (0,0) size 26x17
                text run at (0,0) width 26: "SIX"
      RenderBlock (anonymous) at (0,1414) size 784x17
        RenderBR {BR} at (0,0) size 0x17
      RenderBlock {P} at (0,1447) size 784x222
        RenderBlock (anonymous) at (0,0) size 784x17
          RenderText {#text} at (0,0) size 535x17
            text run at (0,0) width 535: "The following table will have its rows and columns in red collapsed "
          RenderBR {BR} at (0,0) size 0x0
        RenderTable {TABLE} at (0,17) size 172x94 [bgcolor=#FFA500] [border: (1px outset #808080)]
          RenderBlock {CAPTION} at (0,0) size 170x18
            RenderInline {B} at (0,0) size 63x18
              RenderText {#text} at (53,0) size 63x18
                text run at (53,0) width 63: "before"
          RenderTableCol {COLGROUP} at (0,0) size 0x0
            RenderTableCol {COL} at (0,0) size 0x0
            RenderTableCol {COL} at (0,0) size 0x0
            RenderTableCol {COL} at (0,0) size 0x0
          RenderTableSection {TBODY} at (1,19) size 170x74
            RenderTableRow {TR} at (0,2) size 170x22
              RenderTableCell {TD} at (2,2) size 38x22 [border: (1px inset #808080)] [r=0 c=0 rs=1 cs=1]
                RenderText {#text} at (2,2) size 34x18
                  text run at (2,2) width 34: "C11"
              RenderTableCell {TD} at (42,2) size 38x22 [bgcolor=#FF0000] [border: (1px inset #808080)] [r=0 c=1 rs=1 cs=1]
                RenderText {#text} at (2,2) size 34x18
                  text run at (2,2) width 34: "C12"
              RenderTableCell {TD} at (82,2) size 86x22 [border: (1px inset #808080)] [r=0 c=2 rs=1 cs=1]
                RenderText {#text} at (2,2) size 82x18
                  text run at (2,2) width 82: "C13 large"
            RenderTableRow {TR} at (0,26) size 170x22 [bgcolor=#FF0000]
              RenderTableCell {TD} at (2,26) size 38x22 [border: (1px inset #808080)] [r=1 c=0 rs=1 cs=1]
                RenderText {#text} at (2,2) size 34x18
                  text run at (2,2) width 34: "C21"
              RenderTableCell {TD} at (42,26) size 38x22 [border: (1px inset #808080)] [r=1 c=1 rs=1 cs=1]
                RenderText {#text} at (2,2) size 34x18
                  text run at (2,2) width 34: "C22"
              RenderTableCell {TD} at (82,26) size 86x22 [border: (1px inset #808080)] [r=1 c=2 rs=1 cs=1]
                RenderText {#text} at (2,2) size 34x18
                  text run at (2,2) width 34: "C23"
            RenderTableRow {TR} at (0,50) size 170x22
              RenderTableCell {TD} at (2,50) size 38x22 [border: (1px inset #808080)] [r=2 c=0 rs=1 cs=1]
                RenderText {#text} at (2,2) size 34x18
                  text run at (2,2) width 34: "C31"
              RenderTableCell {TD} at (42,50) size 38x22 [bgcolor=#FF0000] [border: (1px inset #808080)] [r=2 c=1 rs=1 cs=1]
                RenderText {#text} at (2,2) size 34x18
                  text run at (2,2) width 34: "C32"
              RenderTableCell {TD} at (82,50) size 86x22 [border: (1px inset #808080)] [r=2 c=2 rs=1 cs=1]
                RenderText {#text} at (2,2) size 34x18
                  text run at (2,2) width 34: "C33"
        RenderBlock (anonymous) at (0,111) size 784x17
          RenderBR {BR} at (0,0) size 0x17
        RenderTable {TABLE} at (0,128) size 172x94 [bgcolor=#FFA500] [border: (1px outset #808080)]
          RenderBlock {CAPTION} at (0,0) size 170x18
            RenderInline {B} at (0,0) size 46x18
              RenderText {#text} at (62,0) size 46x18
                text run at (62,0) width 46: "after"
          RenderTableCol {COLGROUP} at (0,0) size 0x0
            RenderTableCol {COL} at (0,0) size 0x0
            RenderTableCol {COL} at (0,0) size 0x0
            RenderTableCol {COL} at (0,0) size 0x0
          RenderTableSection {TBODY} at (1,19) size 170x74
            RenderTableRow {TR} at (0,2) size 170x22
              RenderTableCell {TD} at (2,2) size 38x22 [border: (1px inset #808080)] [r=0 c=0 rs=1 cs=1]
                RenderText {#text} at (2,2) size 34x18
                  text run at (2,2) width 34: "C11"
              RenderTableCell {TD} at (42,2) size 38x22 [border: (1px inset #808080)] [r=0 c=1 rs=1 cs=1]
                RenderText {#text} at (2,2) size 34x18
                  text run at (2,2) width 34: "C12"
              RenderTableCell {TD} at (82,2) size 86x22 [border: (1px inset #808080)] [r=0 c=2 rs=1 cs=1]
                RenderText {#text} at (2,2) size 82x18
                  text run at (2,2) width 82: "C13 large"
            RenderTableRow {TR} at (0,26) size 170x22
              RenderTableCell {TD} at (2,26) size 38x22 [border: (1px inset #808080)] [r=1 c=0 rs=1 cs=1]
                RenderText {#text} at (2,2) size 34x18
                  text run at (2,2) width 34: "C21"
              RenderTableCell {TD} at (42,26) size 38x22 [border: (1px inset #808080)] [r=1 c=1 rs=1 cs=1]
                RenderText {#text} at (2,2) size 34x18
                  text run at (2,2) width 34: "C22"
              RenderTableCell {TD} at (82,26) size 86x22 [border: (1px inset #808080)] [r=1 c=2 rs=1 cs=1]
                RenderText {#text} at (2,2) size 34x18
                  text run at (2,2) width 34: "C23"
            RenderTableRow {TR} at (0,50) size 170x22
              RenderTableCell {TD} at (2,50) size 38x22 [border: (1px inset #808080)] [r=2 c=0 rs=1 cs=1]
                RenderText {#text} at (2,2) size 34x18
                  text run at (2,2) width 34: "C31"
              RenderTableCell {TD} at (42,50) size 38x22 [border: (1px inset #808080)] [r=2 c=1 rs=1 cs=1]
                RenderText {#text} at (2,2) size 34x18
                  text run at (2,2) width 34: "C32"
              RenderTableCell {TD} at (82,50) size 86x22 [border: (1px inset #808080)] [r=2 c=2 rs=1 cs=1]
                RenderText {#text} at (2,2) size 34x18
                  text run at (2,2) width 34: "C33"
      RenderBlock {P} at (0,1685) size 784x250
        RenderBlock (anonymous) at (0,0) size 784x34
          RenderText {#text} at (0,0) size 700x34
            text run at (0,0) width 700: "The following table will have its 2nd row and 2nd col collapsed. A window resize may be"
            text run at (0,17) width 231: "necessary to see it properly. "
          RenderBR {BR} at (231,30) size 0x0
        RenderTable {TABLE} at (0,34) size 233x108 [bgcolor=#FFA500] [border: (1px outset #808080)]
          RenderBlock {CAPTION} at (0,0) size 231x18
            RenderInline {B} at (0,0) size 63x18
              RenderText {#text} at (84,0) size 63x18
                text run at (84,0) width 63: "before"
          RenderTableCol {COLGROUP} at (0,0) size 0x0
            RenderTableCol {COL} at (0,0) size 0x0
            RenderTableCol {COL} at (0,0) size 0x0
            RenderTableCol {COL} at (0,0) size 0x0
            RenderTableCol {COL} at (0,0) size 0x0
          RenderTableSection {TBODY} at (1,19) size 231x88
            RenderTableRow {TR} at (0,0) size 231x22
              RenderTableCell {TD} at (0,0) size 38x22 [border: (1px inset #808080)] [r=0 c=0 rs=1 cs=1]
                RenderText {#text} at (2,2) size 34x18
                  text run at (2,2) width 34: "C11"
              RenderTableCell {TD} at (38,0) size 77x22 [border: (1px inset #808080)] [r=0 c=1 rs=1 cs=1]
                RenderText {#text} at (2,2) size 34x18
                  text run at (2,2) width 34: "C12"
              RenderTableCell {TD} at (115,0) size 78x22 [border: (1px inset #808080)] [r=0 c=2 rs=1 cs=1]
                RenderText {#text} at (2,2) size 34x18
                  text run at (2,2) width 34: "C13"
              RenderTableCell {TD} at (193,0) size 38x22 [border: (1px inset #808080)] [r=0 c=3 rs=1 cs=1]
                RenderText {#text} at (2,2) size 34x18
                  text run at (2,2) width 34: "C14"
            RenderTableRow {TR} at (0,22) size 231x22
              RenderTableCell {TD} at (0,22) size 38x22 [border: (1px inset #808080)] [r=1 c=0 rs=1 cs=1]
                RenderText {#text} at (2,2) size 34x18
                  text run at (2,2) width 34: "C21"
              RenderTableCell {TD} at (38,33) size 155x22 [border: (1px inset #808080)] [r=1 c=1 rs=2 cs=2]
                RenderText {#text} at (2,2) size 151x18
                  text run at (2,2) width 151: "C12 C13 C22 C23"
              RenderTableCell {TD} at (193,22) size 38x22 [border: (1px inset #808080)] [r=1 c=3 rs=1 cs=1]
                RenderText {#text} at (2,2) size 34x18
                  text run at (2,2) width 34: "C14"
            RenderTableRow {TR} at (0,44) size 231x22
              RenderTableCell {TD} at (0,44) size 38x22 [border: (1px inset #808080)] [r=2 c=0 rs=1 cs=1]
                RenderText {#text} at (2,2) size 34x18
                  text run at (2,2) width 34: "C31"
              RenderTableCell {TD} at (193,44) size 38x22 [border: (1px inset #808080)] [r=2 c=3 rs=1 cs=1]
                RenderText {#text} at (2,2) size 34x18
                  text run at (2,2) width 34: "C34"
            RenderTableRow {TR} at (0,66) size 231x22
              RenderTableCell {TD} at (0,66) size 38x22 [border: (1px inset #808080)] [r=3 c=0 rs=1 cs=1]
                RenderText {#text} at (2,2) size 34x18
                  text run at (2,2) width 34: "C41"
              RenderTableCell {TD} at (38,66) size 77x22 [border: (1px inset #808080)] [r=3 c=1 rs=1 cs=1]
                RenderText {#text} at (2,2) size 34x18
                  text run at (2,2) width 34: "C42"
              RenderTableCell {TD} at (115,66) size 78x22 [border: (1px inset #808080)] [r=3 c=2 rs=1 cs=1]
                RenderText {#text} at (2,2) size 34x18
                  text run at (2,2) width 34: "C43"
              RenderTableCell {TD} at (193,66) size 38x22 [border: (1px inset #808080)] [r=3 c=3 rs=1 cs=1]
                RenderText {#text} at (2,2) size 34x18
                  text run at (2,2) width 34: "C44"
        RenderTable {TABLE} at (0,142) size 233x108 [bgcolor=#FFA500] [border: (1px outset #808080)]
          RenderBlock {CAPTION} at (0,0) size 231x18
            RenderInline {B} at (0,0) size 46x18
              RenderText {#text} at (92,0) size 46x18
                text run at (92,0) width 46: "after"
          RenderTableCol {COLGROUP} at (0,0) size 0x0
            RenderTableCol {COL} at (0,0) size 0x0
            RenderTableCol {COL} at (0,0) size 0x0
            RenderTableCol {COL} at (0,0) size 0x0
            RenderTableCol {COL} at (0,0) size 0x0
          RenderTableSection {TBODY} at (1,19) size 231x88
            RenderTableRow {TR} at (0,0) size 231x22
              RenderTableCell {TD} at (0,0) size 38x22 [border: (1px inset #808080)] [r=0 c=0 rs=1 cs=1]
                RenderText {#text} at (2,2) size 34x18
                  text run at (2,2) width 34: "C11"
              RenderTableCell {TD} at (38,0) size 77x22 [border: (1px inset #808080)] [r=0 c=1 rs=1 cs=1]
                RenderText {#text} at (2,2) size 34x18
                  text run at (2,2) width 34: "C12"
              RenderTableCell {TD} at (115,0) size 78x22 [border: (1px inset #808080)] [r=0 c=2 rs=1 cs=1]
                RenderText {#text} at (2,2) size 34x18
                  text run at (2,2) width 34: "C13"
              RenderTableCell {TD} at (193,0) size 38x22 [border: (1px inset #808080)] [r=0 c=3 rs=1 cs=1]
                RenderText {#text} at (2,2) size 34x18
                  text run at (2,2) width 34: "C14"
            RenderTableRow {TR} at (0,22) size 231x22
              RenderTableCell {TD} at (0,22) size 38x22 [border: (1px inset #808080)] [r=1 c=0 rs=1 cs=1]
                RenderText {#text} at (2,2) size 34x18
                  text run at (2,2) width 34: "C21"
              RenderTableCell {TD} at (38,33) size 155x22 [border: (1px inset #808080)] [r=1 c=1 rs=2 cs=2]
                RenderText {#text} at (2,2) size 151x18
                  text run at (2,2) width 151: "C12 C13 C22 C23"
              RenderTableCell {TD} at (193,22) size 38x22 [border: (1px inset #808080)] [r=1 c=3 rs=1 cs=1]
                RenderText {#text} at (2,2) size 34x18
                  text run at (2,2) width 34: "C14"
            RenderTableRow {TR} at (0,44) size 231x22
              RenderTableCell {TD} at (0,44) size 38x22 [border: (1px inset #808080)] [r=2 c=0 rs=1 cs=1]
                RenderText {#text} at (2,2) size 34x18
                  text run at (2,2) width 34: "C31"
              RenderTableCell {TD} at (193,44) size 38x22 [border: (1px inset #808080)] [r=2 c=3 rs=1 cs=1]
                RenderText {#text} at (2,2) size 34x18
                  text run at (2,2) width 34: "C34"
            RenderTableRow {TR} at (0,66) size 231x22
              RenderTableCell {TD} at (0,66) size 38x22 [border: (1px inset #808080)] [r=3 c=0 rs=1 cs=1]
                RenderText {#text} at (2,2) size 34x18
                  text run at (2,2) width 34: "C41"
              RenderTableCell {TD} at (38,66) size 77x22 [border: (1px inset #808080)] [r=3 c=1 rs=1 cs=1]
                RenderText {#text} at (2,2) size 34x18
                  text run at (2,2) width 34: "C42"
              RenderTableCell {TD} at (115,66) size 78x22 [border: (1px inset #808080)] [r=3 c=2 rs=1 cs=1]
                RenderText {#text} at (2,2) size 34x18
                  text run at (2,2) width 34: "C43"
              RenderTableCell {TD} at (193,66) size 38x22 [border: (1px inset #808080)] [r=3 c=3 rs=1 cs=1]
                RenderText {#text} at (2,2) size 34x18
                  text run at (2,2) width 34: "C44"
      RenderBlock {P} at (0,1951) size 784x267
        RenderBlock (anonymous) at (0,0) size 784x17
          RenderText {#text} at (0,0) size 570x17
            text run at (0,0) width 570: "The following table will have its 1st row group collapsed (rows 1 and 2) "
          RenderBR {BR} at (570,13) size 0x0
        RenderTable {TABLE} at (0,17) size 154x108 [bgcolor=#FFA500] [border: (1px outset #808080)]
          RenderBlock {CAPTION} at (0,0) size 152x18
            RenderInline {B} at (0,0) size 63x18
              RenderText {#text} at (44,0) size 63x18
                text run at (44,0) width 63: "before"
          RenderTableSection {TBODY} at (1,19) size 152x44 [bgcolor=#FF0000]
            RenderTableRow {TR} at (0,0) size 152x22
              RenderTableCell {TD} at (0,0) size 38x22 [border: (1px inset #808080)] [r=0 c=0 rs=1 cs=1]
                RenderText {#text} at (2,2) size 34x18
                  text run at (2,2) width 34: "C11"
              RenderTableCell {TD} at (38,0) size 38x22 [border: (1px inset #808080)] [r=0 c=1 rs=1 cs=1]
                RenderText {#text} at (2,2) size 34x18
                  text run at (2,2) width 34: "C12"
              RenderTableCell {TD} at (76,0) size 38x22 [border: (1px inset #808080)] [r=0 c=2 rs=1 cs=1]
                RenderText {#text} at (2,2) size 34x18
                  text run at (2,2) width 34: "C13"
              RenderTableCell {TD} at (114,0) size 38x22 [border: (1px inset #808080)] [r=0 c=3 rs=1 cs=1]
                RenderText {#text} at (2,2) size 34x18
                  text run at (2,2) width 34: "C14"
            RenderTableRow {TR} at (0,22) size 152x22
              RenderTableCell {TD} at (0,22) size 38x22 [border: (1px inset #808080)] [r=1 c=0 rs=1 cs=1]
                RenderText {#text} at (2,2) size 34x18
                  text run at (2,2) width 34: "C21"
              RenderTableCell {TD} at (38,22) size 38x22 [border: (1px inset #808080)] [r=1 c=1 rs=1 cs=1]
                RenderText {#text} at (2,2) size 34x18
                  text run at (2,2) width 34: "C22"
              RenderTableCell {TD} at (76,22) size 38x22 [border: (1px inset #808080)] [r=1 c=2 rs=1 cs=1]
                RenderText {#text} at (2,2) size 34x18
                  text run at (2,2) width 34: "C23"
              RenderTableCell {TD} at (114,22) size 38x22 [border: (1px inset #808080)] [r=1 c=3 rs=1 cs=1]
                RenderText {#text} at (2,2) size 34x18
                  text run at (2,2) width 34: "C24"
          RenderTableSection {TBODY} at (1,63) size 152x44
            RenderTableRow {TR} at (0,0) size 152x22
              RenderTableCell {TD} at (0,0) size 38x22 [border: (1px inset #808080)] [r=0 c=0 rs=1 cs=1]
                RenderText {#text} at (2,2) size 34x18
                  text run at (2,2) width 34: "C31"
              RenderTableCell {TD} at (38,0) size 38x22 [border: (1px inset #808080)] [r=0 c=1 rs=1 cs=1]
                RenderText {#text} at (2,2) size 34x18
                  text run at (2,2) width 34: "C32"
              RenderTableCell {TD} at (76,0) size 38x22 [border: (1px inset #808080)] [r=0 c=2 rs=1 cs=1]
                RenderText {#text} at (2,2) size 34x18
                  text run at (2,2) width 34: "C33"
              RenderTableCell {TD} at (114,0) size 38x22 [border: (1px inset #808080)] [r=0 c=3 rs=1 cs=1]
                RenderText {#text} at (2,2) size 34x18
                  text run at (2,2) width 34: "C34"
            RenderTableRow {TR} at (0,22) size 152x22
              RenderTableCell {TD} at (0,22) size 38x22 [border: (1px inset #808080)] [r=1 c=0 rs=1 cs=1]
                RenderText {#text} at (2,2) size 34x18
                  text run at (2,2) width 34: "C41"
              RenderTableCell {TD} at (38,22) size 38x22 [border: (1px inset #808080)] [r=1 c=1 rs=1 cs=1]
                RenderText {#text} at (2,2) size 34x18
                  text run at (2,2) width 34: "C42"
              RenderTableCell {TD} at (76,22) size 38x22 [border: (1px inset #808080)] [r=1 c=2 rs=1 cs=1]
                RenderText {#text} at (2,2) size 34x18
                  text run at (2,2) width 34: "C43"
              RenderTableCell {TD} at (114,22) size 38x22 [border: (1px inset #808080)] [r=1 c=3 rs=1 cs=1]
                RenderText {#text} at (2,2) size 34x18
                  text run at (2,2) width 34: "C44"
        RenderBlock (anonymous) at (0,125) size 784x17
          RenderBR {BR} at (0,0) size 0x17
        RenderTable {TABLE} at (0,142) size 154x108 [bgcolor=#FFA500] [border: (1px outset #808080)]
          RenderBlock {CAPTION} at (0,0) size 152x18
            RenderInline {B} at (0,0) size 46x18
              RenderText {#text} at (53,0) size 46x18
                text run at (53,0) width 46: "after"
          RenderTableSection {TBODY} at (1,19) size 152x44
            RenderTableRow {TR} at (0,0) size 152x22
              RenderTableCell {TD} at (0,0) size 38x22 [border: (1px inset #808080)] [r=0 c=0 rs=1 cs=1]
                RenderText {#text} at (2,2) size 34x18
                  text run at (2,2) width 34: "C11"
              RenderTableCell {TD} at (38,0) size 38x22 [border: (1px inset #808080)] [r=0 c=1 rs=1 cs=1]
                RenderText {#text} at (2,2) size 34x18
                  text run at (2,2) width 34: "C12"
              RenderTableCell {TD} at (76,0) size 38x22 [border: (1px inset #808080)] [r=0 c=2 rs=1 cs=1]
                RenderText {#text} at (2,2) size 34x18
                  text run at (2,2) width 34: "C13"
              RenderTableCell {TD} at (114,0) size 38x22 [border: (1px inset #808080)] [r=0 c=3 rs=1 cs=1]
                RenderText {#text} at (2,2) size 34x18
                  text run at (2,2) width 34: "C14"
            RenderTableRow {TR} at (0,22) size 152x22
              RenderTableCell {TD} at (0,22) size 38x22 [border: (1px inset #808080)] [r=1 c=0 rs=1 cs=1]
                RenderText {#text} at (2,2) size 34x18
                  text run at (2,2) width 34: "C21"
              RenderTableCell {TD} at (38,22) size 38x22 [border: (1px inset #808080)] [r=1 c=1 rs=1 cs=1]
                RenderText {#text} at (2,2) size 34x18
                  text run at (2,2) width 34: "C22"
              RenderTableCell {TD} at (76,22) size 38x22 [border: (1px inset #808080)] [r=1 c=2 rs=1 cs=1]
                RenderText {#text} at (2,2) size 34x18
                  text run at (2,2) width 34: "C23"
              RenderTableCell {TD} at (114,22) size 38x22 [border: (1px inset #808080)] [r=1 c=3 rs=1 cs=1]
                RenderText {#text} at (2,2) size 34x18
                  text run at (2,2) width 34: "C24"
          RenderTableSection {TBODY} at (1,63) size 152x44
            RenderTableRow {TR} at (0,0) size 152x22
              RenderTableCell {TD} at (0,0) size 38x22 [border: (1px inset #808080)] [r=0 c=0 rs=1 cs=1]
                RenderText {#text} at (2,2) size 34x18
                  text run at (2,2) width 34: "C31"
              RenderTableCell {TD} at (38,0) size 38x22 [border: (1px inset #808080)] [r=0 c=1 rs=1 cs=1]
                RenderText {#text} at (2,2) size 34x18
                  text run at (2,2) width 34: "C32"
              RenderTableCell {TD} at (76,0) size 38x22 [border: (1px inset #808080)] [r=0 c=2 rs=1 cs=1]
                RenderText {#text} at (2,2) size 34x18
                  text run at (2,2) width 34: "C33"
              RenderTableCell {TD} at (114,0) size 38x22 [border: (1px inset #808080)] [r=0 c=3 rs=1 cs=1]
                RenderText {#text} at (2,2) size 34x18
                  text run at (2,2) width 34: "C34"
            RenderTableRow {TR} at (0,22) size 152x22
              RenderTableCell {TD} at (0,22) size 38x22 [border: (1px inset #808080)] [r=1 c=0 rs=1 cs=1]
                RenderText {#text} at (2,2) size 34x18
                  text run at (2,2) width 34: "C41"
              RenderTableCell {TD} at (38,22) size 38x22 [border: (1px inset #808080)] [r=1 c=1 rs=1 cs=1]
                RenderText {#text} at (2,2) size 34x18
                  text run at (2,2) width 34: "C42"
              RenderTableCell {TD} at (76,22) size 38x22 [border: (1px inset #808080)] [r=1 c=2 rs=1 cs=1]
                RenderText {#text} at (2,2) size 34x18
                  text run at (2,2) width 34: "C43"
              RenderTableCell {TD} at (114,22) size 38x22 [border: (1px inset #808080)] [r=1 c=3 rs=1 cs=1]
                RenderText {#text} at (2,2) size 34x18
                  text run at (2,2) width 34: "C44"
        RenderBlock (anonymous) at (0,250) size 784x17
          RenderBR {BR} at (0,0) size 0x17
      RenderBlock {P} at (0,2234) size 784x250
        RenderBlock (anonymous) at (0,0) size 784x34
          RenderText {#text} at (0,0) size 749x34
            text run at (0,0) width 706: "The following table is similar to a previous table except that the direction is right-to-left. "
            text run at (706,0) width 41: "It will"
            text run at (0,17) width 749: "have its 2nd row and 2nd col collapsed. A window resize may be necessary to see it properly. "
          RenderBR {BR} at (749,30) size 0x0
        RenderTable {TABLE} at (0,34) size 233x108 [bgcolor=#FFA500] [border: (1px outset #808080)]
          RenderBlock {CAPTION} at (0,0) size 231x18
            RenderInline {B} at (0,0) size 63x18
              RenderText {#text} at (84,0) size 63x18
                text run at (84,0) width 63: "before"
          RenderTableCol {COLGROUP} at (0,0) size 0x0
            RenderTableCol {COL} at (0,0) size 0x0
            RenderTableCol {COL} at (0,0) size 0x0
            RenderTableCol {COL} at (0,0) size 0x0
            RenderTableCol {COL} at (0,0) size 0x0
          RenderTableSection {TBODY} at (1,19) size 231x88
            RenderTableRow {TR} at (0,0) size 231x22
              RenderTableCell {TD} at (193,0) size 38x22 [border: (1px inset #808080)] [r=0 c=0 rs=1 cs=1]
                RenderText {#text} at (2,2) size 34x18
                  text run at (2,2) width 34: "C11"
              RenderTableCell {TD} at (116,0) size 77x22 [border: (1px inset #808080)] [r=0 c=1 rs=1 cs=1]
                RenderText {#text} at (41,2) size 34x18
                  text run at (41,2) width 34: "C12"
              RenderTableCell {TD} at (38,0) size 78x22 [border: (1px inset #808080)] [r=0 c=2 rs=1 cs=1]
                RenderText {#text} at (42,2) size 34x18
                  text run at (42,2) width 34: "C13"
              RenderTableCell {TD} at (0,0) size 38x22 [border: (1px inset #808080)] [r=0 c=3 rs=1 cs=1]
                RenderText {#text} at (2,2) size 34x18
                  text run at (2,2) width 34: "C14"
            RenderTableRow {TR} at (0,22) size 231x22
              RenderTableCell {TD} at (193,22) size 38x22 [border: (1px inset #808080)] [r=1 c=0 rs=1 cs=1]
                RenderText {#text} at (2,2) size 34x18
                  text run at (2,2) width 34: "C21"
              RenderTableCell {TD} at (38,33) size 155x22 [border: (1px inset #808080)] [r=1 c=1 rs=2 cs=2]
                RenderText {#text} at (2,2) size 151x18
                  text run at (2,2) width 151: "C12 C13 C22 C23"
              RenderTableCell {TD} at (0,22) size 38x22 [border: (1px inset #808080)] [r=1 c=3 rs=1 cs=1]
                RenderText {#text} at (2,2) size 34x18
                  text run at (2,2) width 34: "C14"
            RenderTableRow {TR} at (0,44) size 231x22
              RenderTableCell {TD} at (193,44) size 38x22 [border: (1px inset #808080)] [r=2 c=0 rs=1 cs=1]
                RenderText {#text} at (2,2) size 34x18
                  text run at (2,2) width 34: "C31"
              RenderTableCell {TD} at (0,44) size 38x22 [border: (1px inset #808080)] [r=2 c=3 rs=1 cs=1]
                RenderText {#text} at (2,2) size 34x18
                  text run at (2,2) width 34: "C34"
            RenderTableRow {TR} at (0,66) size 231x22
              RenderTableCell {TD} at (193,66) size 38x22 [border: (1px inset #808080)] [r=3 c=0 rs=1 cs=1]
                RenderText {#text} at (2,2) size 34x18
                  text run at (2,2) width 34: "C41"
              RenderTableCell {TD} at (116,66) size 77x22 [border: (1px inset #808080)] [r=3 c=1 rs=1 cs=1]
                RenderText {#text} at (41,2) size 34x18
                  text run at (41,2) width 34: "C42"
              RenderTableCell {TD} at (38,66) size 78x22 [border: (1px inset #808080)] [r=3 c=2 rs=1 cs=1]
                RenderText {#text} at (42,2) size 34x18
                  text run at (42,2) width 34: "C43"
              RenderTableCell {TD} at (0,66) size 38x22 [border: (1px inset #808080)] [r=3 c=3 rs=1 cs=1]
                RenderText {#text} at (2,2) size 34x18
                  text run at (2,2) width 34: "C44"
        RenderTable {TABLE} at (0,142) size 233x108 [bgcolor=#FFA500] [border: (1px outset #808080)]
          RenderBlock {CAPTION} at (0,0) size 231x18
            RenderInline {B} at (0,0) size 46x18
              RenderText {#text} at (92,0) size 46x18
                text run at (92,0) width 46: "after"
          RenderTableCol {COLGROUP} at (0,0) size 0x0
            RenderTableCol {COL} at (0,0) size 0x0
            RenderTableCol {COL} at (0,0) size 0x0
            RenderTableCol {COL} at (0,0) size 0x0
            RenderTableCol {COL} at (0,0) size 0x0
          RenderTableSection {TBODY} at (1,19) size 231x88
            RenderTableRow {TR} at (0,0) size 231x22
              RenderTableCell {TD} at (193,0) size 38x22 [border: (1px inset #808080)] [r=0 c=0 rs=1 cs=1]
                RenderText {#text} at (2,2) size 34x18
                  text run at (2,2) width 34: "C11"
              RenderTableCell {TD} at (116,0) size 77x22 [border: (1px inset #808080)] [r=0 c=1 rs=1 cs=1]
                RenderText {#text} at (41,2) size 34x18
                  text run at (41,2) width 34: "C12"
              RenderTableCell {TD} at (38,0) size 78x22 [border: (1px inset #808080)] [r=0 c=2 rs=1 cs=1]
                RenderText {#text} at (42,2) size 34x18
                  text run at (42,2) width 34: "C13"
              RenderTableCell {TD} at (0,0) size 38x22 [border: (1px inset #808080)] [r=0 c=3 rs=1 cs=1]
                RenderText {#text} at (2,2) size 34x18
                  text run at (2,2) width 34: "C14"
            RenderTableRow {TR} at (0,22) size 231x22
              RenderTableCell {TD} at (193,22) size 38x22 [border: (1px inset #808080)] [r=1 c=0 rs=1 cs=1]
                RenderText {#text} at (2,2) size 34x18
                  text run at (2,2) width 34: "C21"
              RenderTableCell {TD} at (38,33) size 155x22 [border: (1px inset #808080)] [r=1 c=1 rs=2 cs=2]
                RenderText {#text} at (2,2) size 151x18
                  text run at (2,2) width 151: "C12 C13 C22 C23"
              RenderTableCell {TD} at (0,22) size 38x22 [border: (1px inset #808080)] [r=1 c=3 rs=1 cs=1]
                RenderText {#text} at (2,2) size 34x18
                  text run at (2,2) width 34: "C14"
            RenderTableRow {TR} at (0,44) size 231x22
              RenderTableCell {TD} at (193,44) size 38x22 [border: (1px inset #808080)] [r=2 c=0 rs=1 cs=1]
                RenderText {#text} at (2,2) size 34x18
                  text run at (2,2) width 34: "C31"
              RenderTableCell {TD} at (0,44) size 38x22 [border: (1px inset #808080)] [r=2 c=3 rs=1 cs=1]
                RenderText {#text} at (2,2) size 34x18
                  text run at (2,2) width 34: "C34"
            RenderTableRow {TR} at (0,66) size 231x22
              RenderTableCell {TD} at (193,66) size 38x22 [border: (1px inset #808080)] [r=3 c=0 rs=1 cs=1]
                RenderText {#text} at (2,2) size 34x18
                  text run at (2,2) width 34: "C41"
              RenderTableCell {TD} at (116,66) size 77x22 [border: (1px inset #808080)] [r=3 c=1 rs=1 cs=1]
                RenderText {#text} at (41,2) size 34x18
                  text run at (41,2) width 34: "C42"
              RenderTableCell {TD} at (38,66) size 78x22 [border: (1px inset #808080)] [r=3 c=2 rs=1 cs=1]
                RenderText {#text} at (42,2) size 34x18
                  text run at (42,2) width 34: "C43"
              RenderTableCell {TD} at (0,66) size 38x22 [border: (1px inset #808080)] [r=3 c=3 rs=1 cs=1]
                RenderText {#text} at (2,2) size 34x18
                  text run at (2,2) width 34: "C44"
