layer at (0,0) size 800x600
  RenderView at (0,0) size 800x600
layer at (0,0) size 800x600
  RenderBlock {HTML} at (0,0) size 800x600
    RenderBody {BODY} at (8,8) size 784x584
      RenderBlock {P} at (0,0) size 784x19
        RenderText {#text} at (0,0) size 115x19
          text run at (0,0) width 115: "Tests: the bdo tag"
      RenderBlock {P} at (0,33) size 784x19
        RenderText {#text} at (0,0) size 331x19
          text run at (0,0) width 331: "The bdo element overrides the default text direction."
      RenderBlock {P} at (0,66) size 784x38
        RenderText {#text} at (0,0) size 776x38
          text run at (0,0) width 742: "If successful, the first sentence would be backward, and the second sentence regular. There should then be an extra "
          text run at (742,0) width 34: "blank"
          text run at (0,19) width 678: "line, followed by a line reading only \"A,\" and finally, a sentence where only the word \"umbrella\" is backward."
      RenderBlock {HR} at (0,118) size 784x2 [border: (1px inset #000000)]
      RenderBlock (anonymous) at (0,127) size 784x114
        RenderBR {BR} at (0,0) size 0x19
        RenderInline {BDO} at (0,0) size 224x19
          RenderText {#text} at (0,19) size 224x19
            text run at (0,19) width 224 RTL override: "This sentence should be backward."
        RenderText {#text} at (224,19) size 4x19
          text run at (224,19) width 4: " "
        RenderBR {BR} at (228,33) size 0x0
        RenderInline {BDO} at (0,0) size 211x19
          RenderText {#text} at (0,38) size 211x19
            text run at (0,38) width 211 LTR override: "This sentence should be forward."
        RenderText {#text} at (211,38) size 4x19
          text run at (211,38) width 4: " "
        RenderBR {BR} at (215,52) size 0x0
        RenderInline {BDO} at (0,0) size 0x0
        RenderText {#text} at (0,0) size 0x0
        RenderBR {BR} at (0,57) size 0x19
        RenderInline {BDO} at (0,0) size 9x19
          RenderText {#text} at (0,76) size 9x19
            text run at (0,76) width 9 RTL override: "A"
        RenderText {#text} at (9,76) size 4x19
          text run at (9,76) width 4: " "
        RenderBR {BR} at (13,90) size 0x0
        RenderInline {BDO} at (0,0) size 286x19
          RenderText {#text} at (0,95) size 23x19
            text run at (0,95) width 23 LTR override: "My "
          RenderInline {BDO} at (0,0) size 55x19
            RenderText {#text} at (23,95) size 55x19
              text run at (23,95) width 55 RTL override: "umbrella"
          RenderText {#text} at (78,95) size 208x19
            text run at (78,95) width 208 LTR override: " sure would be useful in this rain."
        RenderText {#text} at (0,0) size 0x0
        RenderText {#text} at (0,0) size 0x0
