layer at (0,0) size 131401x600
  RenderView at (0,0) size 800x600
layer at (0,0) size 131401x600
  RenderBlock {HTML} at (0,0) size 800x600
    RenderBody {BODY} at (8,8) size 784x584
      RenderBlock (floating) {DIV} at (0,0) size 288x22 [border: (2px solid #008000)]
        RenderText {#text} at (2,2) size 131391x18
          text run at (2,2) width 131391: "Words should have a negative spacing of 5px."
