layer at (0,0) size 800x600
  RenderView at (0,0) size 800x600
layer at (0,0) size 800x174
  RenderBlock {HTML} at (0,0) size 800x174
    RenderBody {BODY} at (8,8) size 784x158
      RenderBlock {DIV} at (0,0) size 784x36
        RenderText {#text} at (0,0) size 138x18
          text run at (0,0) width 138: "Select this text. "
        RenderInline {FONT} at (0,0) size 782x32
          RenderText {#text} at (138,3) size 782x32
            text run at (138,3) width 134: "I am teeny and tiny. "
            text run at (272,3) width 476: "I am going to have lots of text but each line should retain the big height. "
            text run at (748,3) width 34: "If the"
            text run at (0,21) width 609: "lines shrink, it means that the root line box's height is not being considered and that's wrong."
        RenderText {#text} at (0,0) size 0x0
      RenderBlock {P} at (0,53) size 784x0
      RenderBlock {DIV} at (0,53) size 784x105
        RenderInline {FONT} at (0,0) size 780x105
          RenderText {#text} at (0,0) size 577x35
            text run at (0,0) width 577: "This text is absolutely enormous. "
          RenderInline {FONT} at (0,0) size 780x84
            RenderText {#text} at (577,16) size 780x84
              text run at (577,16) width 134: "I am teeny and tiny. "
              text run at (711,16) width 69: "I am going"
              text run at (0,51) width 403: "to have lots of text but each line should retain the big height. "
              text run at (403,51) width 346: "If the lines shrink, it means that the span's line box's"
              text run at (0,86) width 313: "height is not being considered and that's wrong."
          RenderText {#text} at (0,0) size 0x0
