layer at (0,0) size 800x600
  RenderView at (0,0) size 800x600
layer at (0,0) size 800x600
  RenderBlock {HTML} at (0,0) size 800x600
    RenderBody {BODY} at (8,8) size 784x584 [bgcolor=#FFFFFF]
      RenderBlock {H2} at (0,0) size 784x27
        RenderText {#text} at (0,0) size 494x27
          text run at (0,0) width 494: "Safari Whitespace/Non-ASCII Bug"
      RenderBlock {P} at (0,48) size 784x54
        RenderText {#text} at (0,0) size 757x54
          text run at (0,0) width 716: "Apart from whitespace (tab and linefeed characters), the two lists below (in red) use"
          text run at (0,18) width 135: "identical HTML. "
          text run at (135,18) width 622: "Both lists should be rendered on a single line. In Safari, however, the first"
          text run at (0,36) width 334: "list shows each item on a separate line."
      RenderBlock {P} at (0,119) size 784x36
        RenderText {#text} at (0,0) size 784x36
          text run at (0,0) width 784: "This bug only seems to occur if the bullet character is non-ASCII (has a Unicode value higher"
          text run at (0,18) width 595: "than 127). Non-breaking spaces (&#160;), however, are an exception."
      RenderBlock (anonymous) at (0,172) size 784x72
        RenderBR {BR} at (0,0) size 0x18
        RenderInline {FONT} at (0,0) size 437x54 [color=#CC0000]
          RenderText {#text} at (0,18) size 437x18
            text run at (0,18) width 90: "\x{BB} England "
            text run at (90,18) width 79: "\x{BB} Ireland "
            text run at (169,18) width 94: "\x{BB} Scotland "
            text run at (263,18) width 98: "\x{BB} Germany "
            text run at (361,18) width 76: "\x{BB} France "
          RenderBR {BR} at (437,31) size 0x0
          RenderBR {BR} at (0,36) size 0x18
          RenderText {#text} at (0,54) size 437x18
            text run at (0,54) width 90: "\x{BB} England "
            text run at (90,54) width 79: "\x{BB} Ireland "
            text run at (169,54) width 94: "\x{BB} Scotland "
            text run at (263,54) width 98: "\x{BB} Germany "
            text run at (361,54) width 76: "\x{BB} France "
        RenderText {#text} at (0,0) size 0x0
        RenderBR {BR} at (0,0) size 0x0
