layer at (0,0) size 800x600
  RenderView at (0,0) size 800x600
layer at (0,0) size 800x600
  RenderBlock {HTML} at (0,0) size 800x600
    RenderBody {BODY} at (8,8) size 784x575
      RenderBlock {DIV} at (0,0) size 396x198 [border: (2px solid #FF0000)]
        RenderBlock {P} at (2,19) size 392x36
          RenderText {#text} at (0,0) size 391x36
            text run at (0,0) width 391: "I\x{2019}m told this is the longest word in the English"
            text run at (0,18) width 123: "language: anti"
            text run at (123,18) width 25: "dis"
            text run at (148,18) width 26: "est"
            text run at (174,18) width 21: "ab"
            text run at (195,18) width 30: "lish"
            text run at (225,18) width 45: "ment"
            text run at (270,18) width 43: "arian"
            text run at (313,18) width 36: "ism."
        RenderBlock {P} at (2,72) size 392x36
          RenderText {#text} at (0,0) size 391x36
            text run at (0,0) width 391: "I\x{2019}m told this is the longest word in the English"
            text run at (0,18) width 123: "language: anti"
            text run at (123,18) width 25: "dis"
            text run at (148,18) width 26: "est"
            text run at (174,18) width 21: "ab"
            text run at (195,18) width 30: "lish"
            text run at (225,18) width 45: "ment"
            text run at (270,18) width 43: "arian"
            text run at (313,18) width 36: "ism."
        RenderBlock {P} at (2,125) size 392x54
          RenderText {#text} at (0,0) size 391x36
            text run at (0,0) width 391: "I\x{2019}m told this is the longest word in the English"
            text run at (0,18) width 123: "language: anti"
            text run at (123,18) width 25: "dis"
            text run at (148,18) width 26: "est"
            text run at (174,18) width 21: "ab"
          RenderBR {BR} at (195,31) size 0x0
          RenderText {#text} at (0,36) size 154x18
            text run at (0,36) width 30: "lish"
            text run at (30,36) width 45: "ment"
            text run at (75,36) width 43: "arian"
            text run at (118,36) width 36: "ism."
      RenderBlock {P} at (0,215) size 784x0
      RenderBlock (floating) {DIV} at (0,215) size 749x144 [border: (2px solid #FF0000)]
        RenderBlock {P} at (2,19) size 745x18
          RenderText {#text} at (0,0) size 745x18
            text run at (0,0) width 519: "I\x{2019}m told this is the longest word in the English language: anti"
            text run at (519,0) width 25: "dis"
            text run at (544,0) width 26: "est"
            text run at (570,0) width 21: "ab"
            text run at (591,0) width 30: "lish"
            text run at (621,0) width 45: "ment"
            text run at (666,0) width 43: "arian"
            text run at (709,0) width 36: "ism."
        RenderBlock {P} at (2,54) size 745x18
          RenderText {#text} at (0,0) size 745x18
            text run at (0,0) width 519: "I\x{2019}m told this is the longest word in the English language: anti"
            text run at (519,0) width 25: "dis"
            text run at (544,0) width 26: "est"
            text run at (570,0) width 21: "ab"
            text run at (591,0) width 30: "lish"
            text run at (621,0) width 45: "ment"
            text run at (666,0) width 43: "arian"
            text run at (709,0) width 36: "ism."
        RenderBlock {P} at (2,89) size 745x36
          RenderText {#text} at (0,0) size 591x18
            text run at (0,0) width 519: "I\x{2019}m told this is the longest word in the English language: anti"
            text run at (519,0) width 25: "dis"
            text run at (544,0) width 26: "est"
            text run at (570,0) width 21: "ab"
          RenderBR {BR} at (591,13) size 0x0
          RenderText {#text} at (0,18) size 154x18
            text run at (0,18) width 30: "lish"
            text run at (30,18) width 45: "ment"
            text run at (75,18) width 43: "arian"
            text run at (118,18) width 36: "ism."
