layer at (0,0) size 800x600
  RenderView at (0,0) size 800x600
layer at (0,0) size 800x600
  RenderBlock {HTML} at (0,0) size 800x600
    RenderBody {BODY} at (8,8) size 784x575
      RenderBlock {P} at (0,0) size 784x36
        RenderText {#text} at (0,0) size 293x18
          text run at (0,0) width 293: "This tests for a regression against "
        RenderInline {I} at (0,0) size 756x36
          RenderInline {A} at (0,0) size 463x18 [color=#0000EE]
            RenderText {#text} at (293,0) size 463x18
              text run at (293,0) width 463: "http://bugzilla.opendarwin.org/show_bug.cgi?id=6418"
          RenderText {#text} at (0,18) size 741x18
            text run at (0,18) width 622: "Incorrect scrollbar when using overflow:auto and word-wrap:break-word; "
            text run at (622,18) width 119: "in some cases"
        RenderText {#text} at (741,18) size 5x18
          text run at (741,18) width 5: "."
      RenderBlock {HR} at (0,53) size 784x2 [border: (1px inset #000000)]
      RenderBlock {P} at (0,72) size 784x18
        RenderText {#text} at (0,0) size 348x18
          text run at (0,0) width 348: "The first line should break after \x{201C}Lorem\x{201D}."
      RenderBlock {DIV} at (0,107) size 85x53 [border: (1px solid #00FFFF)]
        RenderText {#text} at (1,1) size 52x34
          text run at (1,1) width 52: "Lorem"
          text run at (1,18) width 48: "ipsum"
        RenderInline {SPAN} at (0,0) size 41x17
          RenderText {#text} at (1,35) size 41x17
            text run at (1,35) width 41: "dolor"
        RenderText {#text} at (0,0) size 0x0
      RenderBlock {HR} at (0,168) size 784x2 [border: (1px inset #000000)]
      RenderBlock {P} at (0,187) size 784x36
        RenderText {#text} at (0,0) size 783x36
          text run at (0,0) width 656: "The first line should break after the letter u, so that the gray border does not "
          text run at (656,0) width 127: "extend beyond"
          text run at (0,18) width 114: "the cyan box."
      RenderBlock {DIV} at (0,240) size 87x40 [border: (1px solid #00FFFF)]
        RenderInline {SPAN} at (0,0) size 68x38 [border: (30px solid #C0C0C0) none]
          RenderText {#text} at (1,1) size 68x38
            text run at (1,1) width 68: "Loremipsu"
            text run at (1,20) width 12: "m"
        RenderText {#text} at (0,0) size 0x0
      RenderBlock {HR} at (0,288) size 784x2 [border: (1px inset #000000)]
      RenderBlock {P} at (0,307) size 784x36
        RenderText {#text} at (0,0) size 751x36
          text run at (0,0) width 591: "The first line should break after the letter p, so that the text does not "
          text run at (591,0) width 160: "extend beyond the"
          text run at (0,18) width 81: "cyan box."
      RenderBlock {DIV} at (0,360) size 87x40 [border: (1px solid #00FFFF)]
        RenderInline {SPAN} at (0,0) size 84x38 [border: (30px solid #C0C0C0)]
          RenderText {#text} at (31,1) size 84x38
            text run at (31,1) width 54: "Loremip"
            text run at (1,20) width 26: "sum"
        RenderText {#text} at (0,0) size 0x0
      RenderBlock {HR} at (0,408) size 784x2 [border: (1px inset #000000)]
      RenderBlock {P} at (0,427) size 784x18
        RenderText {#text} at (0,0) size 335x18
          text run at (0,0) width 335: "\x{201C}Dolor\x{201D} should not break into two lines."
layer at (8,470) size 45x19
  RenderBlock (positioned) {DIV} at (8,470) size 45x19
    RenderBlock {DIV} at (0,0) size 45x19 [border: (1px solid #00FFFF)]
      RenderText {#text} at (1,1) size 43x17
        text run at (1,1) width 43: "Dolor"
