layer at (0,0) size 800x600
  RenderView at (0,0) size 800x600
layer at (0,0) size 800x600
  RenderBlock {HTML} at (0,0) size 800x600
    RenderBody {BODY} at (8,8) size 784x584
      RenderBlock (anonymous) at (0,0) size 784x18
        RenderText {#text} at (0,0) size 291x18
          text run at (0,0) width 291: "The 2 tables should look the same"
      RenderTable {TABLE} at (0,18) size 136x52 [bgcolor=#FFA500] [border: (1px outset #808080)]
        RenderTableSection {TBODY} at (1,1) size 134x50
          RenderTableRow {TR} at (0,2) size 134x22
            RenderTableCell {TD} at (2,2) size 35x22 [border: (1px inset #808080)] [r=0 c=0 rs=1 cs=1]
              RenderText {#text} at (2,2) size 31x18
                text run at (2,2) width 31: "c11"
            RenderTableCell {TD} at (39,2) size 27x22 [border: (1px inset #808080)] [r=0 c=1 rs=1 cs=1]
              RenderText {#text} at (2,2) size 23x18
                text run at (2,2) width 23: "X2"
            RenderTableCell {TD} at (68,2) size 27x22 [border: (1px inset #808080)] [r=0 c=2 rs=1 cs=1]
              RenderText {#text} at (2,2) size 23x18
                text run at (2,2) width 23: "X1"
            RenderTableCell {TD} at (97,2) size 35x22 [border: (1px inset #808080)] [r=0 c=3 rs=1 cs=1]
              RenderText {#text} at (2,2) size 31x18
                text run at (2,2) width 31: "c12"
          RenderTableRow {TR} at (0,26) size 134x22
            RenderTableCell {TD} at (2,26) size 35x22 [border: (1px inset #808080)] [r=1 c=0 rs=1 cs=1]
              RenderText {#text} at (2,2) size 31x18
                text run at (2,2) width 31: "c21"
            RenderTableCell {TD} at (39,26) size 27x22 [border: (1px inset #808080)] [r=1 c=1 rs=1 cs=1]
              RenderText {#text} at (2,2) size 23x18
                text run at (2,2) width 23: "X4"
            RenderTableCell {TD} at (68,26) size 27x22 [border: (1px inset #808080)] [r=1 c=2 rs=1 cs=1]
              RenderText {#text} at (2,2) size 23x18
                text run at (2,2) width 23: "X3"
            RenderTableCell {TD} at (97,26) size 35x22 [border: (1px inset #808080)] [r=1 c=3 rs=1 cs=1]
              RenderText {#text} at (2,2) size 31x18
                text run at (2,2) width 31: "c22"
      RenderBlock (anonymous) at (0,70) size 784x18
        RenderBR {BR} at (0,0) size 0x18
      RenderTable {TABLE} at (0,88) size 136x52 [bgcolor=#FFA500] [border: (1px outset #808080)]
        RenderTableSection {TBODY} at (1,1) size 134x50
          RenderTableRow {TR} at (0,2) size 134x22
            RenderTableCell {TD} at (2,2) size 35x22 [border: (1px inset #808080)] [r=0 c=0 rs=1 cs=1]
              RenderText {#text} at (2,2) size 31x18
                text run at (2,2) width 31: "c11"
            RenderTableCell {TD} at (39,2) size 27x22 [border: (1px inset #808080)] [r=0 c=1 rs=1 cs=1]
              RenderText {#text} at (2,2) size 23x18
                text run at (2,2) width 23: "X2"
            RenderTableCell {TD} at (68,2) size 27x22 [border: (1px inset #808080)] [r=0 c=2 rs=1 cs=1]
              RenderText {#text} at (2,2) size 23x18
                text run at (2,2) width 23: "X1"
            RenderTableCell {TD} at (97,2) size 35x22 [border: (1px inset #808080)] [r=0 c=3 rs=1 cs=1]
              RenderText {#text} at (2,2) size 31x18
                text run at (2,2) width 31: "c12"
          RenderTableRow {TR} at (0,26) size 134x22
            RenderTableCell {TD} at (2,26) size 35x22 [border: (1px inset #808080)] [r=1 c=0 rs=1 cs=1]
              RenderText {#text} at (2,2) size 31x18
                text run at (2,2) width 31: "c21"
            RenderTableCell {TD} at (39,26) size 27x22 [border: (1px inset #808080)] [r=1 c=1 rs=1 cs=1]
              RenderText {#text} at (2,2) size 23x18
                text run at (2,2) width 23: "X4"
            RenderTableCell {TD} at (68,26) size 27x22 [border: (1px inset #808080)] [r=1 c=2 rs=1 cs=1]
              RenderText {#text} at (2,2) size 23x18
                text run at (2,2) width 23: "X3"
            RenderTableCell {TD} at (97,26) size 35x22 [border: (1px inset #808080)] [r=1 c=3 rs=1 cs=1]
              RenderText {#text} at (2,2) size 31x18
                text run at (2,2) width 31: "c22"
