layer at (0,0) size 800x600
  RenderView at (0,0) size 800x600
layer at (0,0) size 800x600
  RenderBlock {HTML} at (0,0) size 800x600
    RenderBody {BODY} at (8,8) size 784x300
      RenderBlock (floating) {DIV} at (0,0) size 392x100 [bgcolor=#008000]
      RenderBlock (floating) {DIV} at (392,0) size 100x100 [bgcolor=#800080]
      RenderBlock (floating) {DIV} at (584,0) size 200x500 [bgcolor=#FFA500]
      RenderBlock (floating) {DIV} at (484,100) size 100x50 [bgcolor=#0000FF]
      RenderBlock (floating) {DIV} at (0,100) size 140x200 [bgcolor=#FF0000]
      RenderBlock (floating) {DIV} at (384,100) size 100x100 [bgcolor=#808000]
      RenderText {#text} at (492,0) size 432x171
        text run at (492,0) width 68: "Some text."
        text run at (492,19) width 73: "This should"
        text run at (492,38) width 80: "find a way to"
        text run at (492,57) width 79: "wrap among"
        text run at (492,76) width 76: "all the floats"
        text run at (492,95) width 45: "without"
        text run at (140,114) width 161: "overlapping any of them. "
        text run at (301,114) width 54: "It should"
        text run at (140,133) width 240: "start just under the blue box and wrap"
        text run at (140,152) width 99: "to several lines."
