layer at (0,0) size 800x600
  RenderView at (0,0) size 800x600
layer at (0,0) size 800x144
  RenderBlock {HTML} at (0,0) size 800x144
    RenderBody {BODY} at (8,8) size 784x122
      RenderBlock {DIV} at (0,0) size 784x122
        RenderBlock {DIV} at (0,0) size 784x2
        RenderBlock (floating) {DIV} at (0,2) size 60x45
          RenderImage {IMG} at (0,0) size 60x45
        RenderBlock {UL} at (15,47) size 769x75 [bgcolor=#FF0000]
          RenderListItem {LI} at (0,8) size 769x19
            RenderListMarker at (-17,0) size 7x19: bullet
            RenderText {#text} at (0,0) size 124x19
              text run at (0,0) width 124: "Classroom Training"
          RenderListItem {LI} at (0,41) size 769x19
            RenderListMarker at (-17,0) size 7x19: bullet
            RenderText {#text} at (0,0) size 79x19
              text run at (0,0) width 79: "Find a Class"
