layer at (0,0) size 800x600
  RenderView at (0,0) size 800x600
layer at (0,0) size 800x600
  RenderBlock {HTML} at (0,0) size 800x600
    RenderBody {BODY} at (8,8) size 784x584
      RenderBlock {DIV} at (0,0) size 784x100
        RenderText {#text} at (0,0) size 255x19
          text run at (0,0) width 255: "This test checks for regressions against "
        RenderInline {A} at (0,0) size 768x38 [color=#0000EE]
          RenderText {#text} at (255,0) size 768x38
            text run at (255,0) width 513: "Radar 4279765: REGRESSION: \"More...\" links on flickr groups pages have hover"
            text run at (0,19) width 114: "issues (flickr.com)"
        RenderText {#text} at (114,19) size 383x19
          text run at (114,19) width 383: ". Click on the word TEST below and it should turn into PASS."
      RenderBlock {DIV} at (0,100) size 784x200
        RenderBlock (floating) {DIV} at (0,0) size 273x200
          RenderImage {IMG} at (0,0) size 100x100
          RenderText {#text} at (100,86) size 4x19
            text run at (100,86) width 4: " "
          RenderBR {BR} at (0,0) size 0x0
          RenderBlock (floating) {H1} at (0,172) size 273x131
            RenderInline {A} at (0,0) size 273x130 [color=#0000EE]
              RenderText {#text} at (0,0) size 273x130
                text run at (0,0) width 273: "PASS"
          RenderText {#text} at (0,0) size 0x0
        RenderBR {BR} at (273,0) size 0x19
