layer at (0,0) size 800x600
  RenderView at (0,0) size 800x600
layer at (0,0) size 800x600
  RenderBlock {HTML} at (0,0) size 800x600
    RenderBody {BODY} at (8,8) size 784x584
      RenderBlock {P} at (0,0) size 784x40
        RenderText {#text} at (0,0) size 138x19
          text run at (0,0) width 138: "This is a pixel test for "
        RenderInline {I} at (0,0) size 744x39
          RenderInline {A} at (0,0) size 337x19 [color=#0000EE]
            RenderText {#text} at (138,0) size 337x19
              text run at (138,0) width 337: "http://bugzilla.opendarwin.org/show_bug.cgi?id=4334"
          RenderText {#text} at (475,0) size 744x39
            text run at (475,0) width 4: " "
            text run at (479,0) width 265: "REGRESSION: Flickering when css-hover"
            text run at (0,20) width 274: "should change opacity on floating elements"
        RenderText {#text} at (274,20) size 4x19
          text run at (274,20) width 4: "."
      RenderBlock {P} at (0,54) size 784x19
        RenderText {#text} at (0,0) size 283x19
          text run at (0,0) width 283: "There should be a solid green square below."
      RenderBlock {HR} at (0,87) size 784x2 [border: (1px inset #000000)]
      RenderBlock (floating) {DIV} at (0,96) size 100x100 [bgcolor=#008000]
