layer at (0,0) size 800x600
  RenderView at (0,0) size 800x600
layer at (0,0) size 800x600
  RenderBlock {HTML} at (0,0) size 800x600
    RenderBody {BODY} at (8,8) size 784x578
      RenderBlock {P} at (0,0) size 784x40
        RenderText {#text} at (0,0) size 138x19
          text run at (0,0) width 138: "This is a pixel test for "
        RenderInline {I} at (0,0) size 744x39
          RenderInline {A} at (0,0) size 337x19 [color=#0000EE]
            RenderText {#text} at (138,0) size 337x19
              text run at (138,0) width 337: "http://bugzilla.opendarwin.org/show_bug.cgi?id=4334"
          RenderText {#text} at (475,0) size 744x39
            text run at (475,0) width 4: " "
            text run at (479,0) width 265: "REGRESSION: Flickering when css-hover"
            text run at (0,20) width 274: "should change opacity on floating elements"
        RenderText {#text} at (274,20) size 4x19
          text run at (274,20) width 4: "."
      RenderBlock {P} at (0,54) size 784x19
        RenderText {#text} at (0,0) size 494x19
          text run at (0,0) width 494: "There should be a solid green square below mixed in with a paragraph of text."
      RenderBlock {HR} at (0,87) size 784x2 [border: (1px inset #000000)]
      RenderBlock {DIV} at (0,105) size 784x134
        RenderBlock {DIV} at (0,0) size 784x134
          RenderBlock (floating) {DIV} at (3,3) size 75x75 [bgcolor=#008000]
          RenderBlock {H3} at (0,0) size 784x23
            RenderText {#text} at (81,0) size 149x22
              text run at (81,0) width 149: "Stanley Park Forest"
          RenderBlock {P} at (0,39) size 784x95
            RenderText {#text} at (81,0) size 784x95
              text run at (81,0) width 703: "The forest is primarily second and third growth. The area was saved from development because of its status as"
              text run at (81,19) width 671: "a federal military reserve; it occupied a strategic location for defending the former provincial capital of New"
              text run at (81,38) width 695: "Westminster in the case of an American naval invasion. Nevertheless, the federal government allowed logging"
              text run at (0,57) width 765: "operations there in the mid-nineteenth century. Large swathes of the park were also deforested by natural causes on two"
              text run at (0,76) width 189: "occasions in the 20th century."
