layer at (0,0) size 800x600
  RenderView at (0,0) size 800x600
layer at (0,0) size 800x600
  RenderBlock {HTML} at (0,0) size 800x600
    RenderBody {BODY} at (8,8) size 784x584
      RenderBlock {P} at (0,0) size 784x40
        RenderText {#text} at (0,0) size 176x19
          text run at (0,0) width 176: "This is a regression test for "
        RenderInline {I} at (0,0) size 781x39
          RenderInline {A} at (0,0) size 337x19 [color=#0000EE]
            RenderText {#text} at (176,0) size 337x19
              text run at (176,0) width 337: "http://bugzilla.opendarwin.org/show_bug.cgi?id=7395"
          RenderText {#text} at (513,0) size 781x39
            text run at (513,0) width 4: " "
            text run at (517,0) width 264: "Table not properly re-flowed when floated"
            text run at (0,20) width 153: "div removed from layout"
        RenderText {#text} at (153,20) size 4x19
          text run at (153,20) width 4: "."
      RenderBlock {P} at (0,54) size 784x19
        RenderText {#text} at (0,0) size 260x19
          text run at (0,0) width 260: "The two boxes below should be identical."
      RenderBlock {HR} at (0,87) size 784x2 [border: (1px inset #000000)]
      RenderBlock {DIV} at (0,96) size 200x63 [bgcolor=#C0C0C0]
        RenderTable {TABLE} at (0,0) size 200x63
          RenderTableSection {TBODY} at (0,0) size 200x63
            RenderTableRow {TR} at (0,2) size 200x59
              RenderTableCell {TD} at (2,2) size 196x59 [r=0 c=0 rs=1 cs=1]
                RenderText {#text} at (1,1) size 177x57
                  text run at (1,1) width 177: "Lorem ipsum dolor sit amet,"
                  text run at (1,20) width 175: "consectetuer adipiscing elit."
                  text run at (1,39) width 81: "Nunc neque."
      RenderBlock (anonymous) at (0,159) size 784x19
        RenderBR {BR} at (0,0) size 0x19
      RenderBlock {DIV} at (0,178) size 200x63 [bgcolor=#C0C0C0]
        RenderTable {TABLE} at (0,0) size 200x63
          RenderTableSection {TBODY} at (0,0) size 200x63
            RenderTableRow {TR} at (0,2) size 200x59
              RenderTableCell {TD} at (2,2) size 196x59 [r=0 c=0 rs=1 cs=1]
                RenderText {#text} at (1,1) size 177x57
                  text run at (1,1) width 177: "Lorem ipsum dolor sit amet,"
                  text run at (1,20) width 175: "consectetuer adipiscing elit."
                  text run at (1,39) width 81: "Nunc neque."
