layer at (0,0) size 800x600
  RenderView at (0,0) size 800x600
layer at (0,0) size 800x324
  RenderBlock {HTML} at (0,0) size 800x324
    RenderBody {BODY} at (8,8) size 784x308
      RenderBlock {DIV} at (0,0) size 385x308
        RenderBlock {DIV} at (0,0) size 385x19
          RenderText {#text} at (0,0) size 365x19
            text run at (0,0) width 365: "The yellow block should be to the right of the green block."
        RenderBlock (floating) {DIV} at (0,19) size 100x100 [bgcolor=#008000]
        RenderImage {IMG} at (100,33) size 395x275 [bgcolor=#FFFF00]
