layer at (0,0) size 800x600
  RenderView at (0,0) size 800x600
layer at (0,0) size 800x99
  RenderBlock {HTML} at (0,0) size 800x99
    RenderBody {BODY} at (8,14) size 784x71
      RenderBlock {UL} at (0,0) size 784x38
        RenderListItem {LI} at (40,0) size 744x19 [bgcolor=#00FF00]
          RenderListMarker at (-17,0) size 7x19: bullet
          RenderText {#text} at (0,0) size 305x19
            text run at (0,0) width 305: "The background of this list item should be green"
        RenderListItem {LI} at (40,19) size 744x19 [bgcolor=#00FF00]
          RenderListMarker at (-17,0) size 7x19: bullet
          RenderText {#text} at (0,0) size 385x19
            text run at (0,0) width 385: "The background of this second list item should be also green"
      RenderBlock {P} at (0,52) size 784x19 [bgcolor=#00FF00]
        RenderText {#text} at (0,0) size 327x19
          text run at (0,0) width 327: "The background of this paragraph should be green."
