layer at (0,0) size 800x600
  RenderView at (0,0) size 800x600
layer at (0,0) size 800x36
  RenderBlock {HTML} at (0,0) size 800x36
    RenderBody {BODY} at (8,8) size 784x20
      RenderBlock {ADDRESS} at (0,0) size 784x20 [bgcolor=#00FF00]
        RenderInline {SPAN} at (0,0) size 132x19
          RenderText {#text} at (0,0) size 132x19
            text run at (0,0) width 132: "This address should "
        RenderText {#text} at (0,0) size 0x0
        RenderInline {SPAN} at (0,0) size 569x19
          RenderText {#text} at (132,0) size 569x19
            text run at (132,0) width 249: "have a green background because the "
            text run at (381,0) width 320: "selector in last rule does not apply to inner SPANs."
        RenderText {#text} at (0,0) size 0x0
