layer at (0,0) size 800x600
  RenderView at (0,0) size 800x600
layer at (0,0) size 800x75
  RenderBlock {HTML} at (0,0) size 800x75
    RenderBody {BODY} at (8,14) size 784x53
      RenderBlock {P} at (0,0) size 784x19 [bgcolor=#00FF00]
        RenderText {#text} at (0,0) size 484x19
          text run at (0,0) width 409: "This paragraph should have green background because CLASS "
          text run at (409,0) width 75: "contains \"b\""
      RenderBlock {ADDRESS} at (0,33) size 784x20 [bgcolor=#00FF00]
        RenderInline {SPAN} at (0,0) size 158x19
          RenderText {#text} at (0,0) size 158x19
            text run at (0,0) width 158: "This address should also"
        RenderText {#text} at (158,0) size 4x19
          text run at (158,0) width 4: " "
        RenderInline {SPAN} at (0,0) size 605x19
          RenderText {#text} at (162,0) size 605x19
            text run at (162,0) width 356: "have green background because the selector in the last "
            text run at (518,0) width 249: "rule does not apply to the inner SPANs."
        RenderText {#text} at (0,0) size 0x0
