layer at (0,0) size 800x600
  RenderView at (0,0) size 800x600
layer at (0,0) size 800x47
  RenderBlock {HTML} at (0,0) size 800x47
    RenderBody {BODY} at (8,14) size 784x19
      RenderBlock {P} at (0,0) size 784x19
        RenderText {#text} at (0,0) size 159x19
          text run at (0,0) width 159: "The background color of "
        RenderInline {A} at (0,0) size 51x19 [color=#0000EE]
          RenderText {#text} at (159,0) size 51x19
            text run at (159,0) width 51: "anchors"
        RenderText {#text} at (210,0) size 156x19
          text run at (210,0) width 4: " "
          text run at (214,0) width 152: "in this page should turn "
        RenderInline {A} at (0,0) size 53x19 [color=#0000EE]
          RenderText {#text} at (366,0) size 53x19
            text run at (366,0) width 53: "to green"
        RenderText {#text} at (419,0) size 132x19
          text run at (419,0) width 132: " when they have the "
        RenderInline {A} at (0,0) size 34x19 [color=#0000EE]
          RenderText {#text} at (551,0) size 34x19
            text run at (551,0) width 34: "focus"
        RenderText {#text} at (585,0) size 4x19
          text run at (585,0) width 4: "."
