layer at (0,0) size 800x600
  RenderView at (0,0) size 800x600
layer at (0,0) size 800x65
  RenderBlock {HTML} at (0,0) size 800x65
    RenderBody {BODY} at (8,14) size 784x37
      RenderBlock {P} at (0,0) size 784x37
        RenderInline (generated) at (0,0) size 17x36 [bgcolor=#00FF00]
          RenderText {#text} at (0,0) size 17x36
            text run at (0,0) width 17: "T"
        RenderText {#text} at (17,13) size 482x19
          text run at (17,13) width 333: "his very long paragraph should have a big first letter "
          text run at (350,13) width 149: "with green background."
