layer at (0,0) size 800x600
  RenderView at (0,0) size 800x600
layer at (0,0) size 800x47
  RenderBlock {HTML} at (0,0) size 800x47
    RenderBody {BODY} at (8,14) size 784x19
      RenderBlock {P} at (0,0) size 784x19
        RenderInline (generated) at (0,0) size 162x19 [bgcolor=#00FF00]
          RenderText at (0,0) size 162x19
            text run at (0,0) width 162: "GENERATED CONTENT "
        RenderText {#text} at (162,0) size 619x19
          text run at (162,0) width 619: "You should see before this paragraph the words GENERATED CONTENT over green background"
