layer at (0,0) size 800x600
  RenderView at (0,0) size 800x600
layer at (0,0) size 800x141
  RenderBlock {HTML} at (0,0) size 800x141
    RenderBody {BODY} at (8,14) size 784x119
      RenderBlock {DIV} at (0,0) size 784x52
        RenderBlock {P} at (0,0) size 784x19 [bgcolor=#00FF00]
          RenderText {#text} at (0,0) size 310x19
            text run at (0,0) width 310: "This paragraph should have a green background"
        RenderBlock {DIV} at (0,33) size 784x19
          RenderBlock {P} at (0,0) size 784x19 [bgcolor=#00FF00]
            RenderText {#text} at (0,0) size 310x19
              text run at (0,0) width 310: "This paragraph should have a green background"
      RenderTable {TABLE} at (0,66) size 230x53
        RenderTableSection {TBODY} at (0,0) size 230x53
          RenderTableRow {TR} at (0,2) size 230x49
            RenderTableCell {TD} at (2,2) size 226x49 [r=0 c=0 rs=1 cs=1]
              RenderBlock {P} at (1,15) size 224x19
                RenderText {#text} at (0,0) size 224x19
                  text run at (0,0) width 224: "This paragraph should be unstyled."
