layer at (0,0) size 800x600
  RenderView at (0,0) size 800x600
layer at (0,0) size 800x180
  RenderBlock {HTML} at (0,0) size 800x180
    RenderBody {BODY} at (8,14) size 784x152
      RenderBlock {DIV} at (0,0) size 784x152
        RenderBlock {P} at (0,0) size 784x19 [bgcolor=#00FF00]
          RenderText {#text} at (0,0) size 314x19
            text run at (0,0) width 314: "This paragraph should have a green background."
        RenderBlock {P} at (0,33) size 784x19
          RenderText {#text} at (0,0) size 202x19
            text run at (0,0) width 202: "But this one should be unstyled."
        RenderBlock {P} at (0,66) size 784x19
          RenderText {#text} at (0,0) size 236x19
            text run at (0,0) width 236: "And this one should also be unstyled."
        RenderBlock {ADDRESS} at (0,99) size 784x20 [bgcolor=#00FF00]
          RenderText {#text} at (0,0) size 679x19
            text run at (0,0) width 679: "This address is only here to fill some space between two paragraphs and should have a green background."
        RenderBlock {P} at (0,133) size 784x19 [bgcolor=#00FF00]
          RenderText {#text} at (0,0) size 338x19
            text run at (0,0) width 338: "This paragraph should have a green background too."
