layer at (0,0) size 800x600
  RenderView at (0,0) size 800x600
layer at (0,0) size 800x35
  RenderBlock {HTML} at (0,0) size 800x35
    RenderBody {BODY} at (8,8) size 784x19
      RenderBlock {DIV} at (0,0) size 784x19
        RenderInline {A} at (0,0) size 288x19 [color=#0000EE] [bgcolor=#FF0000]
          RenderText {#text} at (0,0) size 288x19
            text run at (0,0) width 288: "This anchor should have a green background"
        RenderText {#text} at (288,0) size 459x19
          text run at (288,0) width 459: " (Note: You must have visited http://www.w3.org/ for this test to be valid.)"
