layer at (0,0) size 800x600
  RenderView at (0,0) size 800x600
layer at (0,0) size 800x80
  RenderBlock {HTML} at (0,0) size 800x80
    RenderBody {BODY} at (8,14) size 784x52
      RenderBlock {DIV} at (0,0) size 784x52
        RenderBlock {P} at (0,0) size 784x19 [color=#00FF00]
          RenderInline {SPAN} at (0,0) size 491x19 [color=#000000]
            RenderText {#text} at (0,0) size 491x19
              text run at (0,0) width 491: "The color of this text should be green when the pointing device hovers over it."
          RenderText {#text} at (0,0) size 0x0
        RenderBlock {P} at (0,33) size 784x19 [color=#00FF00]
          RenderInline {A} at (0,0) size 491x19 [color=#000000]
            RenderText {#text} at (0,0) size 491x19
              text run at (0,0) width 491: "The color of this text should be green when the pointing device hovers over it."
          RenderText {#text} at (0,0) size 0x0
