layer at (0,0) size 800x600
  RenderView at (0,0) size 800x600
layer at (0,0) size 800x93
  RenderBlock {HTML} at (0,0) size 800x93
    RenderBody {BODY} at (8,14) size 784x65
      RenderBlock {DIV} at (0,0) size 784x65
        RenderBlock {P} at (0,0) size 784x19 [color=#00FF00]
          RenderInline {A} at (0,0) size 276x19 [color=#000000]
            RenderText {#text} at (0,0) size 276x19
              text run at (0,0) width 276: "This text should turn green while it is active."
          RenderText {#text} at (0,0) size 0x0
        RenderBlock {P} at (0,33) size 784x32 [color=#00FF00]
          RenderButton {BUTTON} at (2,2) size 247x28 [color=#000000] [bgcolor=#C0C0C0]
            RenderBlock (anonymous) at (6,6) size 235x17
              RenderText {#text} at (0,0) size 235x17
                text run at (0,0) width 235: "This text should turn green while it is active."
          RenderText {#text} at (0,0) size 0x0
