layer at (0,0) size 800x600
  RenderView at (0,0) size 800x600
layer at (0,0) size 800x170
  RenderBlock {HTML} at (0,0) size 800x170
    RenderBody {BODY} at (8,14) size 784x142
      RenderBlock {P} at (0,0) size 784x38
        RenderText {#text} at (0,0) size 752x19
          text run at (0,0) width 228: "This paragraph should be unstyled. "
          text run at (228,0) width 457: "The background of the following paragraph should become green when "
          text run at (685,0) width 67: "you follow "
        RenderInline {A} at (0,0) size 774x38 [color=#0000EE]
          RenderText {#text} at (752,0) size 774x38
            text run at (752,0) width 22: "this"
            text run at (0,19) width 21: "link"
        RenderText {#text} at (21,19) size 4x19
          text run at (21,19) width 4: "."
      RenderBlock {P} at (0,52) size 784x38
        RenderText {#text} at (0,0) size 739x19
          text run at (0,0) width 274: "This paragraph should initially be unstyled. "
          text run at (274,0) width 465: "It should become green when you select the link above. When you select "
        RenderInline {A} at (0,0) size 761x38 [color=#0000EE]
          RenderText {#text} at (739,0) size 761x38
            text run at (739,0) width 22: "this"
            text run at (0,19) width 21: "link"
        RenderText {#text} at (21,19) size 643x19
          text run at (21,19) width 271: ", it should return to being unstyled and the "
          text run at (292,19) width 372: "background of the paragraph below should become green."
      RenderBlock {P} at (0,104) size 784x38
        RenderText {#text} at (0,0) size 738x19
          text run at (0,0) width 274: "This paragraph should initially be unstyled. "
          text run at (274,0) width 464: "It should become green when you select the link above. When you follow "
        RenderInline {A} at (0,0) size 760x38 [color=#0000EE]
          RenderText {#text} at (738,0) size 760x38
            text run at (738,0) width 22: "this"
            text run at (0,19) width 21: "link"
        RenderText {#text} at (21,19) size 364x19
          text run at (21,19) width 146: ", the three paragraphs "
          text run at (167,19) width 218: "should all return to being unstyled."
