layer at (0,0) size 800x600
  RenderView at (0,0) size 800x600
layer at (0,0) size 800x47
  RenderBlock {HTML} at (0,0) size 800x47
    RenderBody {BODY} at (8,14) size 784x19
      RenderBlock {BLOCKQUOTE} at (40,0) size 704x19
        RenderBlock {DIV} at (0,0) size 704x19
          RenderBlock {DIV} at (0,0) size 704x19
            RenderBlock {P} at (0,0) size 704x19 [color=#008000]
              RenderText {#text} at (0,0) size 165x19
                text run at (0,0) width 165: "This text should be green."
