layer at (0,0) size 800x600
  RenderView at (0,0) size 800x600
layer at (0,0) size 800x47
  RenderBlock {HTML} at (0,0) size 800x47
    RenderBody {BODY} at (8,14) size 784x19
      RenderBlock {P} at (0,0) size 784x19
        RenderText {#text} at (0,0) size 508x19
          text run at (0,0) width 508: "Try selecting some text in this document. It should be have a green background."
selection start: position 0 of child 0 {#text} of child 1 {P} of child 1 {BODY} of child 0 {HTML} of document
selection end:   position 79 of child 0 {#text} of child 1 {P} of child 1 {BODY} of child 0 {HTML} of document
