layer at (0,0) size 800x3472
  RenderView at (0,0) size 800x600
layer at (0,0) size 800x3472
  RenderBlock {HTML} at (0,0) size 800x3472
    RenderBody {BODY} at (8,18) size 784x3440
      RenderBlock {H1} at (0,0) size 784x38
        RenderText {#text} at (0,0) size 225x38
          text run at (0,0) width 225: "HTML Test Index"
      RenderBlock {P} at (0,56) size 784x19
        RenderText {#text} at (0,0) size 310x19
          text run at (0,0) width 310: "The HTML tests are available in several variants."
      RenderBlock {H2} at (0,92) size 784x29
        RenderText {#text} at (0,0) size 275x29
          text run at (0,0) width 275: "Tests With Navigation Aids"
      RenderBlock {P} at (0,138) size 784x38
        RenderText {#text} at (0,0) size 736x38
          text run at (0,0) width 736: "Each category of test is available using several different harnesses. The name of the harness describes how the test"
          text run at (0,19) width 705: "markup is contained within it, for example the Xlink embed case uses an XLink with the show axis set to embed."
      RenderBlock {UL} at (0,190) size 784x190
        RenderListItem {LI} at (40,0) size 744x38
          RenderListMarker at (-17,0) size 7x19: bullet
          RenderInline {A} at (0,0) size 18x19 [color=#0000EE]
            RenderText {#text} at (0,0) size 18x19
              text run at (0,0) width 18: "full"
          RenderText {#text} at (18,0) size 8x19
            text run at (18,0) width 8: ": "
          RenderInline {A} at (0,0) size 93x19 [color=#0000EE]
            RenderText {#text} at (26,0) size 93x19
              text run at (26,0) width 93: "Self Contained"
          RenderText {#text} at (119,0) size 8x19
            text run at (119,0) width 8: ", "
          RenderInline {A} at (0,0) size 108x19 [color=#0000EE]
            RenderText {#text} at (127,0) size 108x19
              text run at (127,0) width 108: "XHTML <iframe>"
          RenderText {#text} at (235,0) size 8x19
            text run at (235,0) width 8: ", "
          RenderInline {A} at (0,0) size 106x19 [color=#0000EE]
            RenderText {#text} at (243,0) size 106x19
              text run at (243,0) width 106: "XHTML <object>"
          RenderText {#text} at (349,0) size 8x19
            text run at (349,0) width 8: ", "
          RenderInline {A} at (0,0) size 105x19 [color=#0000EE]
            RenderText {#text} at (357,0) size 105x19
              text run at (357,0) width 105: "XHTML <frame>"
          RenderText {#text} at (462,0) size 8x19
            text run at (462,0) width 8: ", "
          RenderInline {A} at (0,0) size 99x19 [color=#0000EE]
            RenderText {#text} at (470,0) size 99x19
              text run at (470,0) width 99: "HTML <iframe>"
          RenderText {#text} at (569,0) size 8x19
            text run at (569,0) width 8: ", "
          RenderInline {A} at (0,0) size 97x19 [color=#0000EE]
            RenderText {#text} at (577,0) size 97x19
              text run at (577,0) width 97: "HTML <object>"
          RenderText {#text} at (674,0) size 8x19
            text run at (674,0) width 8: ", "
          RenderInline {A} at (0,0) size 721x38 [color=#0000EE]
            RenderText {#text} at (682,0) size 721x38
              text run at (682,0) width 39: "HTML"
              text run at (0,19) width 53: "<frame>"
          RenderText {#text} at (53,19) size 8x19
            text run at (53,19) width 8: ", "
          RenderInline {A} at (0,0) size 83x19 [color=#0000EE]
            RenderText {#text} at (61,19) size 83x19
              text run at (61,19) width 83: "XLink embed"
          RenderText {#text} at (144,19) size 8x19
            text run at (144,19) width 8: ", "
          RenderInline {A} at (0,0) size 80x19 [color=#0000EE]
            RenderText {#text} at (152,19) size 80x19
              text run at (152,19) width 80: "TNG Format"
        RenderListItem {LI} at (40,38) size 744x38
          RenderListMarker at (-17,0) size 7x19: bullet
          RenderInline {A} at (0,0) size 33x19 [color=#0000EE]
            RenderText {#text} at (0,0) size 33x19
              text run at (0,0) width 33: "static"
          RenderText {#text} at (33,0) size 8x19
            text run at (33,0) width 8: ": "
          RenderInline {A} at (0,0) size 93x19 [color=#0000EE]
            RenderText {#text} at (41,0) size 93x19
              text run at (41,0) width 93: "Self Contained"
          RenderText {#text} at (134,0) size 8x19
            text run at (134,0) width 8: ", "
          RenderInline {A} at (0,0) size 108x19 [color=#0000EE]
            RenderText {#text} at (142,0) size 108x19
              text run at (142,0) width 108: "XHTML <iframe>"
          RenderText {#text} at (250,0) size 8x19
            text run at (250,0) width 8: ", "
          RenderInline {A} at (0,0) size 106x19 [color=#0000EE]
            RenderText {#text} at (258,0) size 106x19
              text run at (258,0) width 106: "XHTML <object>"
          RenderText {#text} at (364,0) size 8x19
            text run at (364,0) width 8: ", "
          RenderInline {A} at (0,0) size 105x19 [color=#0000EE]
            RenderText {#text} at (372,0) size 105x19
              text run at (372,0) width 105: "XHTML <frame>"
          RenderText {#text} at (477,0) size 8x19
            text run at (477,0) width 8: ", "
          RenderInline {A} at (0,0) size 99x19 [color=#0000EE]
            RenderText {#text} at (485,0) size 99x19
              text run at (485,0) width 99: "HTML <iframe>"
          RenderText {#text} at (584,0) size 8x19
            text run at (584,0) width 8: ", "
          RenderInline {A} at (0,0) size 97x19 [color=#0000EE]
            RenderText {#text} at (592,0) size 97x19
              text run at (592,0) width 97: "HTML <object>"
          RenderText {#text} at (689,0) size 8x19
            text run at (689,0) width 8: ", "
          RenderInline {A} at (0,0) size 736x38 [color=#0000EE]
            RenderText {#text} at (697,0) size 736x38
              text run at (697,0) width 39: "HTML"
              text run at (0,19) width 53: "<frame>"
          RenderText {#text} at (53,19) size 8x19
            text run at (53,19) width 8: ", "
          RenderInline {A} at (0,0) size 83x19 [color=#0000EE]
            RenderText {#text} at (61,19) size 83x19
              text run at (61,19) width 83: "XLink embed"
          RenderText {#text} at (144,19) size 8x19
            text run at (144,19) width 8: ", "
          RenderInline {A} at (0,0) size 80x19 [color=#0000EE]
            RenderText {#text} at (152,19) size 80x19
              text run at (152,19) width 80: "TNG Format"
        RenderListItem {LI} at (40,76) size 744x38
          RenderListMarker at (-17,0) size 7x19: bullet
          RenderInline {A} at (0,0) size 91x19 [color=#0000EE]
            RenderText {#text} at (0,0) size 91x19
              text run at (0,0) width 91: "history-related"
          RenderText {#text} at (91,0) size 8x19
            text run at (91,0) width 8: ": "
          RenderInline {A} at (0,0) size 93x19 [color=#0000EE]
            RenderText {#text} at (99,0) size 93x19
              text run at (99,0) width 93: "Self Contained"
          RenderText {#text} at (192,0) size 8x19
            text run at (192,0) width 8: ", "
          RenderInline {A} at (0,0) size 108x19 [color=#0000EE]
            RenderText {#text} at (200,0) size 108x19
              text run at (200,0) width 108: "XHTML <iframe>"
          RenderText {#text} at (308,0) size 8x19
            text run at (308,0) width 8: ", "
          RenderInline {A} at (0,0) size 106x19 [color=#0000EE]
            RenderText {#text} at (316,0) size 106x19
              text run at (316,0) width 106: "XHTML <object>"
          RenderText {#text} at (422,0) size 8x19
            text run at (422,0) width 8: ", "
          RenderInline {A} at (0,0) size 105x19 [color=#0000EE]
            RenderText {#text} at (430,0) size 105x19
              text run at (430,0) width 105: "XHTML <frame>"
          RenderText {#text} at (535,0) size 8x19
            text run at (535,0) width 8: ", "
          RenderInline {A} at (0,0) size 99x19 [color=#0000EE]
            RenderText {#text} at (543,0) size 99x19
              text run at (543,0) width 99: "HTML <iframe>"
          RenderText {#text} at (642,0) size 8x19
            text run at (642,0) width 8: ", "
          RenderInline {A} at (0,0) size 689x38 [color=#0000EE]
            RenderText {#text} at (650,0) size 689x38
              text run at (650,0) width 39: "HTML"
              text run at (0,19) width 54: "<object>"
          RenderText {#text} at (54,19) size 8x19
            text run at (54,19) width 8: ", "
          RenderInline {A} at (0,0) size 96x19 [color=#0000EE]
            RenderText {#text} at (62,19) size 96x19
              text run at (62,19) width 96: "HTML <frame>"
          RenderText {#text} at (158,19) size 8x19
            text run at (158,19) width 8: ", "
          RenderInline {A} at (0,0) size 83x19 [color=#0000EE]
            RenderText {#text} at (166,19) size 83x19
              text run at (166,19) width 83: "XLink embed"
          RenderText {#text} at (249,19) size 8x19
            text run at (249,19) width 8: ", "
          RenderInline {A} at (0,0) size 80x19 [color=#0000EE]
            RenderText {#text} at (257,19) size 80x19
              text run at (257,19) width 80: "TNG Format"
        RenderListItem {LI} at (40,114) size 744x38
          RenderListMarker at (-17,0) size 7x19: bullet
          RenderInline {A} at (0,0) size 65x19 [color=#0000EE]
            RenderText {#text} at (0,0) size 65x19
              text run at (0,0) width 65: "interactive"
          RenderText {#text} at (65,0) size 8x19
            text run at (65,0) width 8: ": "
          RenderInline {A} at (0,0) size 93x19 [color=#0000EE]
            RenderText {#text} at (73,0) size 93x19
              text run at (73,0) width 93: "Self Contained"
          RenderText {#text} at (166,0) size 8x19
            text run at (166,0) width 8: ", "
          RenderInline {A} at (0,0) size 108x19 [color=#0000EE]
            RenderText {#text} at (174,0) size 108x19
              text run at (174,0) width 108: "XHTML <iframe>"
          RenderText {#text} at (282,0) size 8x19
            text run at (282,0) width 8: ", "
          RenderInline {A} at (0,0) size 106x19 [color=#0000EE]
            RenderText {#text} at (290,0) size 106x19
              text run at (290,0) width 106: "XHTML <object>"
          RenderText {#text} at (396,0) size 8x19
            text run at (396,0) width 8: ", "
          RenderInline {A} at (0,0) size 105x19 [color=#0000EE]
            RenderText {#text} at (404,0) size 105x19
              text run at (404,0) width 105: "XHTML <frame>"
          RenderText {#text} at (509,0) size 8x19
            text run at (509,0) width 8: ", "
          RenderInline {A} at (0,0) size 99x19 [color=#0000EE]
            RenderText {#text} at (517,0) size 99x19
              text run at (517,0) width 99: "HTML <iframe>"
          RenderText {#text} at (616,0) size 8x19
            text run at (616,0) width 8: ", "
          RenderInline {A} at (0,0) size 97x19 [color=#0000EE]
            RenderText {#text} at (624,0) size 97x19
              text run at (624,0) width 97: "HTML <object>"
          RenderText {#text} at (721,0) size 4x19
            text run at (721,0) width 4: ","
          RenderInline {A} at (0,0) size 96x19 [color=#0000EE]
            RenderText {#text} at (0,19) size 96x19
              text run at (0,19) width 96: "HTML <frame>"
          RenderText {#text} at (96,19) size 8x19
            text run at (96,19) width 8: ", "
          RenderInline {A} at (0,0) size 83x19 [color=#0000EE]
            RenderText {#text} at (104,19) size 83x19
              text run at (104,19) width 83: "XLink embed"
          RenderText {#text} at (187,19) size 8x19
            text run at (187,19) width 8: ", "
          RenderInline {A} at (0,0) size 80x19 [color=#0000EE]
            RenderText {#text} at (195,19) size 80x19
              text run at (195,19) width 80: "TNG Format"
        RenderListItem {LI} at (40,152) size 744x38
          RenderListMarker at (-17,0) size 7x19: bullet
          RenderInline {A} at (0,0) size 53x19 [color=#0000EE]
            RenderText {#text} at (0,0) size 53x19
              text run at (0,0) width 53: "dynamic"
          RenderText {#text} at (53,0) size 8x19
            text run at (53,0) width 8: ": "
          RenderInline {A} at (0,0) size 93x19 [color=#0000EE]
            RenderText {#text} at (61,0) size 93x19
              text run at (61,0) width 93: "Self Contained"
          RenderText {#text} at (154,0) size 8x19
            text run at (154,0) width 8: ", "
          RenderInline {A} at (0,0) size 108x19 [color=#0000EE]
            RenderText {#text} at (162,0) size 108x19
              text run at (162,0) width 108: "XHTML <iframe>"
          RenderText {#text} at (270,0) size 8x19
            text run at (270,0) width 8: ", "
          RenderInline {A} at (0,0) size 106x19 [color=#0000EE]
            RenderText {#text} at (278,0) size 106x19
              text run at (278,0) width 106: "XHTML <object>"
          RenderText {#text} at (384,0) size 8x19
            text run at (384,0) width 8: ", "
          RenderInline {A} at (0,0) size 105x19 [color=#0000EE]
            RenderText {#text} at (392,0) size 105x19
              text run at (392,0) width 105: "XHTML <frame>"
          RenderText {#text} at (497,0) size 8x19
            text run at (497,0) width 8: ", "
          RenderInline {A} at (0,0) size 99x19 [color=#0000EE]
            RenderText {#text} at (505,0) size 99x19
              text run at (505,0) width 99: "HTML <iframe>"
          RenderText {#text} at (604,0) size 8x19
            text run at (604,0) width 8: ", "
          RenderInline {A} at (0,0) size 97x19 [color=#0000EE]
            RenderText {#text} at (612,0) size 97x19
              text run at (612,0) width 97: "HTML <object>"
          RenderText {#text} at (709,0) size 4x19
            text run at (709,0) width 4: ","
          RenderInline {A} at (0,0) size 96x19 [color=#0000EE]
            RenderText {#text} at (0,19) size 96x19
              text run at (0,19) width 96: "HTML <frame>"
          RenderText {#text} at (96,19) size 8x19
            text run at (96,19) width 8: ", "
          RenderInline {A} at (0,0) size 83x19 [color=#0000EE]
            RenderText {#text} at (104,19) size 83x19
              text run at (104,19) width 83: "XLink embed"
          RenderText {#text} at (187,19) size 8x19
            text run at (187,19) width 8: ", "
          RenderInline {A} at (0,0) size 80x19 [color=#0000EE]
            RenderText {#text} at (195,19) size 80x19
              text run at (195,19) width 80: "TNG Format"
      RenderBlock {H2} at (0,397) size 784x29
        RenderText {#text} at (0,0) size 174x29
          text run at (0,0) width 174: "Unadorned Tests"
      RenderBlock {UL} at (0,443) size 784x2964
        RenderListItem {LI} at (40,0) size 744x19
          RenderListMarker at (-17,0) size 7x19: bullet
          RenderInline {A} at (0,0) size 124x19 [color=#0000EE]
            RenderText {#text} at (0,0) size 124x19
              text run at (0,0) width 124: "Groups of selectors"
          RenderText {#text} at (124,0) size 30x19
            text run at (124,0) width 30: " (#1)"
        RenderListItem {LI} at (40,19) size 744x19
          RenderListMarker at (-17,0) size 7x19: bullet
          RenderInline {A} at (0,0) size 148x19 [color=#0000EE]
            RenderText {#text} at (0,0) size 148x19
              text run at (0,0) width 148: "Type element selectors"
          RenderText {#text} at (148,0) size 30x19
            text run at (148,0) width 30: " (#2)"
        RenderListItem {LI} at (40,38) size 744x19
          RenderListMarker at (-17,0) size 7x19: bullet
          RenderInline {A} at (0,0) size 165x19 [color=#0000EE]
            RenderText {#text} at (0,0) size 165x19
              text run at (0,0) width 165: "Omitted universal selector"
          RenderText {#text} at (165,0) size 30x19
            text run at (165,0) width 30: " (#4)"
        RenderListItem {LI} at (40,57) size 744x19
          RenderListMarker at (-17,0) size 7x19: bullet
          RenderInline {A} at (0,0) size 171x19 [color=#0000EE]
            RenderText {#text} at (0,0) size 171x19
              text run at (0,0) width 171: "Attribute existence selector"
          RenderText {#text} at (171,0) size 30x19
            text run at (171,0) width 30: " (#5)"
        RenderListItem {LI} at (40,76) size 744x19
          RenderListMarker at (-17,0) size 7x19: bullet
          RenderInline {A} at (0,0) size 145x19 [color=#0000EE]
            RenderText {#text} at (0,0) size 145x19
              text run at (0,0) width 145: "Attribute value selector"
          RenderText {#text} at (145,0) size 30x19
            text run at (145,0) width 30: " (#6)"
        RenderListItem {LI} at (40,95) size 744x19
          RenderListMarker at (-17,0) size 7x19: bullet
          RenderInline {A} at (0,0) size 175x19 [color=#0000EE]
            RenderText {#text} at (0,0) size 175x19
              text run at (0,0) width 175: "Attribute multivalue selector"
          RenderText {#text} at (175,0) size 30x19
            text run at (175,0) width 30: " (#7)"
        RenderListItem {LI} at (40,114) size 744x19
          RenderListMarker at (-17,0) size 7x19: bullet
          RenderInline {A} at (0,0) size 175x19 [color=#0000EE]
            RenderText {#text} at (0,0) size 175x19
              text run at (0,0) width 175: "Attribute multivalue selector"
          RenderText {#text} at (175,0) size 38x19
            text run at (175,0) width 38: " (#7b)"
        RenderListItem {LI} at (40,133) size 744x19
          RenderListMarker at (-17,0) size 7x19: bullet
          RenderInline {A} at (0,0) size 345x19 [color=#0000EE]
            RenderText {#text} at (0,0) size 345x19
              text run at (0,0) width 345: "Attribute value selectors (hyphen-separated attributes)"
          RenderText {#text} at (345,0) size 30x19
            text run at (345,0) width 30: " (#8)"
        RenderListItem {LI} at (40,152) size 744x19
          RenderListMarker at (-17,0) size 7x19: bullet
          RenderInline {A} at (0,0) size 308x19 [color=#0000EE]
            RenderText {#text} at (0,0) size 308x19
              text run at (0,0) width 308: "Substring matching attribute selector (beginning)"
          RenderText {#text} at (308,0) size 30x19
            text run at (308,0) width 30: " (#9)"
        RenderListItem {LI} at (40,171) size 744x19
          RenderListMarker at (-17,0) size 7x19: bullet
          RenderInline {A} at (0,0) size 270x19 [color=#0000EE]
            RenderText {#text} at (0,0) size 270x19
              text run at (0,0) width 270: "Substring matching attribute selector (end)"
          RenderText {#text} at (270,0) size 38x19
            text run at (270,0) width 38: " (#10)"
        RenderListItem {LI} at (40,190) size 744x19
          RenderListMarker at (-17,0) size 7x19: bullet
          RenderInline {A} at (0,0) size 299x19 [color=#0000EE]
            RenderText {#text} at (0,0) size 299x19
              text run at (0,0) width 299: "Substring matching attribute selector (contains)"
          RenderText {#text} at (299,0) size 38x19
            text run at (299,0) width 38: " (#11)"
        RenderListItem {LI} at (40,209) size 744x19
          RenderListMarker at (-17,0) size 7x19: bullet
          RenderInline {A} at (0,0) size 139x19 [color=#0000EE]
            RenderText {#text} at (0,0) size 139x19
              text run at (0,0) width 139: "Default attribute value"
          RenderText {#text} at (139,0) size 38x19
            text run at (139,0) width 38: " (#12)"
        RenderListItem {LI} at (40,228) size 744x19
          RenderListMarker at (-17,0) size 7x19: bullet
          RenderInline {A} at (0,0) size 96x19 [color=#0000EE]
            RenderText {#text} at (0,0) size 96x19
              text run at (0,0) width 96: "Class selectors"
          RenderText {#text} at (96,0) size 38x19
            text run at (96,0) width 38: " (#13)"
        RenderListItem {LI} at (40,247) size 744x19
          RenderListMarker at (-17,0) size 7x19: bullet
          RenderInline {A} at (0,0) size 183x19 [color=#0000EE]
            RenderText {#text} at (0,0) size 183x19
              text run at (0,0) width 183: "More than one class selector"
          RenderText {#text} at (183,0) size 38x19
            text run at (183,0) width 38: " (#14)"
        RenderListItem {LI} at (40,266) size 744x19
          RenderListMarker at (-17,0) size 7x19: bullet
          RenderInline {A} at (0,0) size 75x19 [color=#0000EE]
            RenderText {#text} at (0,0) size 75x19
              text run at (0,0) width 75: "ID selectors"
          RenderText {#text} at (75,0) size 38x19
            text run at (75,0) width 38: " (#15)"
        RenderListItem {LI} at (40,285) size 744x19
          RenderListMarker at (-17,0) size 7x19: bullet
          RenderInline {A} at (0,0) size 113x19 [color=#0000EE]
            RenderText {#text} at (0,0) size 113x19
              text run at (0,0) width 113: ":link pseudo-class"
          RenderText {#text} at (113,0) size 38x19
            text run at (113,0) width 38: " (#16)"
        RenderListItem {LI} at (40,304) size 744x19
          RenderListMarker at (-17,0) size 7x19: bullet
          RenderInline {A} at (0,0) size 132x19 [color=#0000EE]
            RenderText {#text} at (0,0) size 132x19
              text run at (0,0) width 132: ":visited pseudo-class"
          RenderText {#text} at (132,0) size 38x19
            text run at (132,0) width 38: " (#17)"
        RenderListItem {LI} at (40,323) size 744x19
          RenderListMarker at (-17,0) size 7x19: bullet
          RenderInline {A} at (0,0) size 128x19 [color=#0000EE]
            RenderText {#text} at (0,0) size 128x19
              text run at (0,0) width 128: ":hover pseudo-class"
          RenderText {#text} at (128,0) size 38x19
            text run at (128,0) width 38: " (#18)"
        RenderListItem {LI} at (40,342) size 744x19
          RenderListMarker at (-17,0) size 7x19: bullet
          RenderInline {A} at (0,0) size 128x19 [color=#0000EE]
            RenderText {#text} at (0,0) size 128x19
              text run at (0,0) width 128: ":hover pseudo-class"
          RenderText {#text} at (128,0) size 46x19
            text run at (128,0) width 46: " (#18b)"
        RenderListItem {LI} at (40,361) size 744x19
          RenderListMarker at (-17,0) size 7x19: bullet
          RenderInline {A} at (0,0) size 129x19 [color=#0000EE]
            RenderText {#text} at (0,0) size 129x19
              text run at (0,0) width 129: ":active pseudo-class"
          RenderText {#text} at (129,0) size 38x19
            text run at (129,0) width 38: " (#19)"
        RenderListItem {LI} at (40,380) size 744x19
          RenderListMarker at (-17,0) size 7x19: bullet
          RenderInline {A} at (0,0) size 126x19 [color=#0000EE]
            RenderText {#text} at (0,0) size 126x19
              text run at (0,0) width 126: ":focus pseudo-class"
          RenderText {#text} at (126,0) size 38x19
            text run at (126,0) width 38: " (#20)"
        RenderListItem {LI} at (40,399) size 744x19
          RenderListMarker at (-17,0) size 7x19: bullet
          RenderInline {A} at (0,0) size 129x19 [color=#0000EE]
            RenderText {#text} at (0,0) size 129x19
              text run at (0,0) width 129: ":target pseudo-class"
          RenderText {#text} at (129,0) size 38x19
            text run at (129,0) width 38: " (#21)"
        RenderListItem {LI} at (40,418) size 744x19
          RenderListMarker at (-17,0) size 7x19: bullet
          RenderInline {A} at (0,0) size 129x19 [color=#0000EE]
            RenderText {#text} at (0,0) size 129x19
              text run at (0,0) width 129: ":target pseudo-class"
          RenderText {#text} at (129,0) size 46x19
            text run at (129,0) width 46: " (#21b)"
        RenderListItem {LI} at (40,437) size 744x19
          RenderListMarker at (-17,0) size 7x19: bullet
          RenderInline {A} at (0,0) size 129x19 [color=#0000EE]
            RenderText {#text} at (0,0) size 129x19
              text run at (0,0) width 129: ":target pseudo-class"
          RenderText {#text} at (129,0) size 45x19
            text run at (129,0) width 45: " (#21c)"
        RenderListItem {LI} at (40,456) size 744x19
          RenderListMarker at (-17,0) size 7x19: bullet
          RenderInline {A} at (0,0) size 129x19 [color=#0000EE]
            RenderText {#text} at (0,0) size 129x19
              text run at (0,0) width 129: ":lang() pseudo-class"
          RenderText {#text} at (129,0) size 38x19
            text run at (129,0) width 38: " (#22)"
        RenderListItem {LI} at (40,475) size 744x19
          RenderListMarker at (-17,0) size 7x19: bullet
          RenderInline {A} at (0,0) size 143x19 [color=#0000EE]
            RenderText {#text} at (0,0) size 143x19
              text run at (0,0) width 143: ":enabled pseudo-class"
          RenderText {#text} at (143,0) size 38x19
            text run at (143,0) width 38: " (#23)"
        RenderListItem {LI} at (40,494) size 744x19
          RenderListMarker at (-17,0) size 7x19: bullet
          RenderInline {A} at (0,0) size 145x19 [color=#0000EE]
            RenderText {#text} at (0,0) size 145x19
              text run at (0,0) width 145: ":disabled pseudo-class"
          RenderText {#text} at (145,0) size 38x19
            text run at (145,0) width 38: " (#24)"
        RenderListItem {LI} at (40,513) size 744x19
          RenderListMarker at (-17,0) size 7x19: bullet
          RenderInline {A} at (0,0) size 145x19 [color=#0000EE]
            RenderText {#text} at (0,0) size 145x19
              text run at (0,0) width 145: ":checked pseudo-class"
          RenderText {#text} at (145,0) size 38x19
            text run at (145,0) width 38: " (#25)"
        RenderListItem {LI} at (40,532) size 744x19
          RenderListMarker at (-17,0) size 7x19: bullet
          RenderInline {A} at (0,0) size 117x19 [color=#0000EE]
            RenderText {#text} at (0,0) size 117x19
              text run at (0,0) width 117: ":root pseudo-class"
          RenderText {#text} at (117,0) size 38x19
            text run at (117,0) width 38: " (#27)"
        RenderListItem {LI} at (40,551) size 744x19
          RenderListMarker at (-17,0) size 7x19: bullet
          RenderInline {A} at (0,0) size 156x19 [color=#0000EE]
            RenderText {#text} at (0,0) size 156x19
              text run at (0,0) width 156: ":nth-child() pseudo-class"
          RenderText {#text} at (156,0) size 38x19
            text run at (156,0) width 38: " (#28)"
        RenderListItem {LI} at (40,570) size 744x19
          RenderListMarker at (-17,0) size 7x19: bullet
          RenderInline {A} at (0,0) size 156x19 [color=#0000EE]
            RenderText {#text} at (0,0) size 156x19
              text run at (0,0) width 156: ":nth-child() pseudo-class"
          RenderText {#text} at (156,0) size 46x19
            text run at (156,0) width 46: " (#28b)"
        RenderListItem {LI} at (40,589) size 744x19
          RenderListMarker at (-17,0) size 7x19: bullet
          RenderInline {A} at (0,0) size 183x19 [color=#0000EE]
            RenderText {#text} at (0,0) size 183x19
              text run at (0,0) width 183: ":nth-last-child() pseudo-class"
          RenderText {#text} at (183,0) size 38x19
            text run at (183,0) width 38: " (#29)"
        RenderListItem {LI} at (40,608) size 744x19
          RenderListMarker at (-17,0) size 7x19: bullet
          RenderInline {A} at (0,0) size 183x19 [color=#0000EE]
            RenderText {#text} at (0,0) size 183x19
              text run at (0,0) width 183: ":nth-last-child() pseudo-class"
          RenderText {#text} at (183,0) size 46x19
            text run at (183,0) width 46: " (#29b)"
        RenderListItem {LI} at (40,627) size 744x19
          RenderListMarker at (-17,0) size 7x19: bullet
          RenderInline {A} at (0,0) size 171x19 [color=#0000EE]
            RenderText {#text} at (0,0) size 171x19
              text run at (0,0) width 171: ":nth-of-type() pseudo-class"
          RenderText {#text} at (171,0) size 38x19
            text run at (171,0) width 38: " (#30)"
        RenderListItem {LI} at (40,646) size 744x19
          RenderListMarker at (-17,0) size 7x19: bullet
          RenderInline {A} at (0,0) size 198x19 [color=#0000EE]
            RenderText {#text} at (0,0) size 198x19
              text run at (0,0) width 198: ":nth-last-of-type() pseudo-class"
          RenderText {#text} at (198,0) size 38x19
            text run at (198,0) width 38: " (#31)"
        RenderListItem {LI} at (40,665) size 744x19
          RenderListMarker at (-17,0) size 7x19: bullet
          RenderInline {A} at (0,0) size 149x19 [color=#0000EE]
            RenderText {#text} at (0,0) size 149x19
              text run at (0,0) width 149: ":first-child pseudo-class"
          RenderText {#text} at (149,0) size 38x19
            text run at (149,0) width 38: " (#32)"
        RenderListItem {LI} at (40,684) size 744x19
          RenderListMarker at (-17,0) size 7x19: bullet
          RenderInline {A} at (0,0) size 148x19 [color=#0000EE]
            RenderText {#text} at (0,0) size 148x19
              text run at (0,0) width 148: ":last-child pseudo-class"
          RenderText {#text} at (148,0) size 38x19
            text run at (148,0) width 38: " (#33)"
        RenderListItem {LI} at (40,703) size 744x19
          RenderListMarker at (-17,0) size 7x19: bullet
          RenderInline {A} at (0,0) size 164x19 [color=#0000EE]
            RenderText {#text} at (0,0) size 164x19
              text run at (0,0) width 164: ":first-of-type pseudo-class"
          RenderText {#text} at (164,0) size 38x19
            text run at (164,0) width 38: " (#34)"
        RenderListItem {LI} at (40,722) size 744x19
          RenderListMarker at (-17,0) size 7x19: bullet
          RenderInline {A} at (0,0) size 163x19 [color=#0000EE]
            RenderText {#text} at (0,0) size 163x19
              text run at (0,0) width 163: ":last-of-type pseudo-class"
          RenderText {#text} at (163,0) size 38x19
            text run at (163,0) width 38: " (#35)"
        RenderListItem {LI} at (40,741) size 744x19
          RenderListMarker at (-17,0) size 7x19: bullet
          RenderInline {A} at (0,0) size 152x19 [color=#0000EE]
            RenderText {#text} at (0,0) size 152x19
              text run at (0,0) width 152: ":only-child pseudo-class"
          RenderText {#text} at (152,0) size 38x19
            text run at (152,0) width 38: " (#36)"
        RenderListItem {LI} at (40,760) size 744x19
          RenderListMarker at (-17,0) size 7x19: bullet
          RenderInline {A} at (0,0) size 167x19 [color=#0000EE]
            RenderText {#text} at (0,0) size 167x19
              text run at (0,0) width 167: ":only-of-type pseudo-class"
          RenderText {#text} at (167,0) size 38x19
            text run at (167,0) width 38: " (#37)"
        RenderListItem {LI} at (40,779) size 744x19
          RenderListMarker at (-17,0) size 7x19: bullet
          RenderInline {A} at (0,0) size 165x19 [color=#0000EE]
            RenderText {#text} at (0,0) size 165x19
              text run at (0,0) width 165: "::first-line pseudo-element"
          RenderText {#text} at (165,0) size 38x19
            text run at (165,0) width 38: " (#38)"
        RenderListItem {LI} at (40,798) size 744x19
          RenderListMarker at (-17,0) size 7x19: bullet
          RenderInline {A} at (0,0) size 175x19 [color=#0000EE]
            RenderText {#text} at (0,0) size 175x19
              text run at (0,0) width 175: "::first-letter pseudo-element"
          RenderText {#text} at (175,0) size 38x19
            text run at (175,0) width 38: " (#39)"
        RenderListItem {LI} at (40,817) size 744x19
          RenderListMarker at (-17,0) size 7x19: bullet
          RenderInline {A} at (0,0) size 364x19 [color=#0000EE]
            RenderText {#text} at (0,0) size 364x19
              text run at (0,0) width 364: "::first-letter pseudo-element with ::before pseudo-element"
          RenderText {#text} at (364,0) size 46x19
            text run at (364,0) width 46: " (#39a)"
        RenderListItem {LI} at (40,836) size 744x19
          RenderListMarker at (-17,0) size 7x19: bullet
          RenderInline {A} at (0,0) size 364x19 [color=#0000EE]
            RenderText {#text} at (0,0) size 364x19
              text run at (0,0) width 364: "::first-letter pseudo-element with ::before pseudo-element"
          RenderText {#text} at (364,0) size 46x19
            text run at (364,0) width 46: " (#39a)"
        RenderListItem {LI} at (40,855) size 744x19
          RenderListMarker at (-17,0) size 7x19: bullet
          RenderInline {A} at (0,0) size 175x19 [color=#0000EE]
            RenderText {#text} at (0,0) size 175x19
              text run at (0,0) width 175: "::first-letter pseudo-element"
          RenderText {#text} at (175,0) size 46x19
            text run at (175,0) width 46: " (#39b)"
        RenderListItem {LI} at (40,874) size 744x19
          RenderListMarker at (-17,0) size 7x19: bullet
          RenderInline {A} at (0,0) size 171x19 [color=#0000EE]
            RenderText {#text} at (0,0) size 171x19
              text run at (0,0) width 171: "::selection pseudo-element"
          RenderText {#text} at (171,0) size 38x19
            text run at (171,0) width 38: " (#40)"
        RenderListItem {LI} at (40,893) size 744x19
          RenderListMarker at (-17,0) size 7x19: bullet
          RenderInline {A} at (0,0) size 156x19 [color=#0000EE]
            RenderText {#text} at (0,0) size 156x19
              text run at (0,0) width 156: "::before pseudo-element"
          RenderText {#text} at (156,0) size 38x19
            text run at (156,0) width 38: " (#41)"
        RenderListItem {LI} at (40,912) size 744x19
          RenderListMarker at (-17,0) size 7x19: bullet
          RenderInline {A} at (0,0) size 144x19 [color=#0000EE]
            RenderText {#text} at (0,0) size 144x19
              text run at (0,0) width 144: "::after pseudo-element"
          RenderText {#text} at (144,0) size 38x19
            text run at (144,0) width 38: " (#42)"
        RenderListItem {LI} at (40,931) size 744x19
          RenderListMarker at (-17,0) size 7x19: bullet
          RenderInline {A} at (0,0) size 151x19 [color=#0000EE]
            RenderText {#text} at (0,0) size 151x19
              text run at (0,0) width 151: "Descendant combinator"
          RenderText {#text} at (151,0) size 38x19
            text run at (151,0) width 38: " (#43)"
        RenderListItem {LI} at (40,950) size 744x19
          RenderListMarker at (-17,0) size 7x19: bullet
          RenderInline {A} at (0,0) size 151x19 [color=#0000EE]
            RenderText {#text} at (0,0) size 151x19
              text run at (0,0) width 151: "Descendant combinator"
          RenderText {#text} at (151,0) size 46x19
            text run at (151,0) width 46: " (#43b)"
        RenderListItem {LI} at (40,969) size 744x19
          RenderListMarker at (-17,0) size 7x19: bullet
          RenderInline {A} at (0,0) size 107x19 [color=#0000EE]
            RenderText {#text} at (0,0) size 107x19
              text run at (0,0) width 107: "Child combinator"
          RenderText {#text} at (107,0) size 38x19
            text run at (107,0) width 38: " (#44)"
        RenderListItem {LI} at (40,988) size 744x19
          RenderListMarker at (-17,0) size 7x19: bullet
          RenderInline {A} at (0,0) size 107x19 [color=#0000EE]
            RenderText {#text} at (0,0) size 107x19
              text run at (0,0) width 107: "Child combinator"
          RenderText {#text} at (107,0) size 46x19
            text run at (107,0) width 46: " (#44b)"
        RenderListItem {LI} at (40,1007) size 744x19
          RenderListMarker at (-17,0) size 7x19: bullet
          RenderInline {A} at (0,0) size 186x19 [color=#0000EE]
            RenderText {#text} at (0,0) size 186x19
              text run at (0,0) width 186: "Child combinator and classes"
          RenderText {#text} at (186,0) size 45x19
            text run at (186,0) width 45: " (#44c)"
        RenderListItem {LI} at (40,1026) size 744x19
          RenderListMarker at (-17,0) size 7x19: bullet
          RenderInline {A} at (0,0) size 163x19 [color=#0000EE]
            RenderText {#text} at (0,0) size 163x19
              text run at (0,0) width 163: "Child combinatior and IDs"
          RenderText {#text} at (163,0) size 46x19
            text run at (163,0) width 46: " (#44d)"
        RenderListItem {LI} at (40,1045) size 744x19
          RenderListMarker at (-17,0) size 7x19: bullet
          RenderInline {A} at (0,0) size 170x19 [color=#0000EE]
            RenderText {#text} at (0,0) size 170x19
              text run at (0,0) width 170: "Direct adjacent combinator"
          RenderText {#text} at (170,0) size 38x19
            text run at (170,0) width 38: " (#45)"
        RenderListItem {LI} at (40,1064) size 744x19
          RenderListMarker at (-17,0) size 7x19: bullet
          RenderInline {A} at (0,0) size 170x19 [color=#0000EE]
            RenderText {#text} at (0,0) size 170x19
              text run at (0,0) width 170: "Direct adjacent combinator"
          RenderText {#text} at (170,0) size 46x19
            text run at (170,0) width 46: " (#45b)"
        RenderListItem {LI} at (40,1083) size 744x19
          RenderListMarker at (-17,0) size 7x19: bullet
          RenderInline {A} at (0,0) size 249x19 [color=#0000EE]
            RenderText {#text} at (0,0) size 249x19
              text run at (0,0) width 249: "Direct adjacent combinator and classes"
          RenderText {#text} at (249,0) size 45x19
            text run at (249,0) width 45: " (#45c)"
        RenderListItem {LI} at (40,1102) size 744x19
          RenderListMarker at (-17,0) size 7x19: bullet
          RenderInline {A} at (0,0) size 180x19 [color=#0000EE]
            RenderText {#text} at (0,0) size 180x19
              text run at (0,0) width 180: "Indirect adjacent combinator"
          RenderText {#text} at (180,0) size 38x19
            text run at (180,0) width 38: " (#46)"
        RenderListItem {LI} at (40,1121) size 744x19
          RenderListMarker at (-17,0) size 7x19: bullet
          RenderInline {A} at (0,0) size 180x19 [color=#0000EE]
            RenderText {#text} at (0,0) size 180x19
              text run at (0,0) width 180: "Indirect adjacent combinator"
          RenderText {#text} at (180,0) size 46x19
            text run at (180,0) width 46: " (#46b)"
        RenderListItem {LI} at (40,1140) size 744x19
          RenderListMarker at (-17,0) size 7x19: bullet
          RenderInline {A} at (0,0) size 387x19 [color=#0000EE]
            RenderText {#text} at (0,0) size 387x19
              text run at (0,0) width 387: "NEGATED substring matching attribute selector on beginning"
          RenderText {#text} at (387,0) size 38x19
            text run at (387,0) width 38: " (#54)"
        RenderListItem {LI} at (40,1159) size 744x19
          RenderListMarker at (-17,0) size 7x19: bullet
          RenderInline {A} at (0,0) size 349x19 [color=#0000EE]
            RenderText {#text} at (0,0) size 349x19
              text run at (0,0) width 349: "NEGATED substring matching attribute selector on end"
          RenderText {#text} at (349,0) size 38x19
            text run at (349,0) width 38: " (#55)"
        RenderListItem {LI} at (40,1178) size 744x19
          RenderListMarker at (-17,0) size 7x19: bullet
          RenderInline {A} at (0,0) size 367x19 [color=#0000EE]
            RenderText {#text} at (0,0) size 367x19
              text run at (0,0) width 367: "NEGATED substring matching attribute selector on middle"
          RenderText {#text} at (367,0) size 38x19
            text run at (367,0) width 38: " (#56)"
        RenderListItem {LI} at (40,1197) size 744x19
          RenderListMarker at (-17,0) size 7x19: bullet
          RenderInline {A} at (0,0) size 314x19 [color=#0000EE]
            RenderText {#text} at (0,0) size 314x19
              text run at (0,0) width 314: "Default attribute value and negation pseudo-class"
          RenderText {#text} at (314,0) size 38x19
            text run at (314,0) width 38: " (#58)"
        RenderListItem {LI} at (40,1216) size 744x19
          RenderListMarker at (-17,0) size 7x19: bullet
          RenderInline {A} at (0,0) size 157x19 [color=#0000EE]
            RenderText {#text} at (0,0) size 157x19
              text run at (0,0) width 157: "NEGATED class selector"
          RenderText {#text} at (157,0) size 38x19
            text run at (157,0) width 38: " (#59)"
        RenderListItem {LI} at (40,1235) size 744x19
          RenderListMarker at (-17,0) size 7x19: bullet
          RenderInline {A} at (0,0) size 139x19 [color=#0000EE]
            RenderText {#text} at (0,0) size 139x19
              text run at (0,0) width 139: "NEGATED ID selector"
          RenderText {#text} at (139,0) size 38x19
            text run at (139,0) width 38: " (#60)"
        RenderListItem {LI} at (40,1254) size 744x19
          RenderListMarker at (-17,0) size 7x19: bullet
          RenderInline {A} at (0,0) size 184x19 [color=#0000EE]
            RenderText {#text} at (0,0) size 184x19
              text run at (0,0) width 184: "NEGATED :link pseudo-class"
          RenderText {#text} at (184,0) size 38x19
            text run at (184,0) width 38: " (#61)"
        RenderListItem {LI} at (40,1273) size 744x19
          RenderListMarker at (-17,0) size 7x19: bullet
          RenderInline {A} at (0,0) size 203x19 [color=#0000EE]
            RenderText {#text} at (0,0) size 203x19
              text run at (0,0) width 203: "NEGATED :visited pseudo-class"
          RenderText {#text} at (203,0) size 38x19
            text run at (203,0) width 38: " (#62)"
        RenderListItem {LI} at (40,1292) size 744x19
          RenderListMarker at (-17,0) size 7x19: bullet
          RenderInline {A} at (0,0) size 199x19 [color=#0000EE]
            RenderText {#text} at (0,0) size 199x19
              text run at (0,0) width 199: "NEGATED :hover pseudo-class"
          RenderText {#text} at (199,0) size 38x19
            text run at (199,0) width 38: " (#63)"
        RenderListItem {LI} at (40,1311) size 744x19
          RenderListMarker at (-17,0) size 7x19: bullet
          RenderInline {A} at (0,0) size 200x19 [color=#0000EE]
            RenderText {#text} at (0,0) size 200x19
              text run at (0,0) width 200: "NEGATED :active pseudo-class"
          RenderText {#text} at (200,0) size 38x19
            text run at (200,0) width 38: " (#64)"
        RenderListItem {LI} at (40,1330) size 744x19
          RenderListMarker at (-17,0) size 7x19: bullet
          RenderInline {A} at (0,0) size 197x19 [color=#0000EE]
            RenderText {#text} at (0,0) size 197x19
              text run at (0,0) width 197: "NEGATED :focus pseudo-class"
          RenderText {#text} at (197,0) size 38x19
            text run at (197,0) width 38: " (#65)"
        RenderListItem {LI} at (40,1349) size 744x19
          RenderListMarker at (-17,0) size 7x19: bullet
          RenderInline {A} at (0,0) size 200x19 [color=#0000EE]
            RenderText {#text} at (0,0) size 200x19
              text run at (0,0) width 200: "NEGATED :target pseudo-class"
          RenderText {#text} at (200,0) size 38x19
            text run at (200,0) width 38: " (#66)"
        RenderListItem {LI} at (40,1368) size 744x19
          RenderListMarker at (-17,0) size 7x19: bullet
          RenderInline {A} at (0,0) size 200x19 [color=#0000EE]
            RenderText {#text} at (0,0) size 200x19
              text run at (0,0) width 200: "NEGATED :target pseudo-class"
          RenderText {#text} at (200,0) size 46x19
            text run at (200,0) width 46: " (#66b)"
        RenderListItem {LI} at (40,1387) size 744x19
          RenderListMarker at (-17,0) size 7x19: bullet
          RenderInline {A} at (0,0) size 200x19 [color=#0000EE]
            RenderText {#text} at (0,0) size 200x19
              text run at (0,0) width 200: "NEGATED :lang() pseudo-class"
          RenderText {#text} at (200,0) size 38x19
            text run at (200,0) width 38: " (#67)"
        RenderListItem {LI} at (40,1406) size 744x19
          RenderListMarker at (-17,0) size 7x19: bullet
          RenderInline {A} at (0,0) size 216x19 [color=#0000EE]
            RenderText {#text} at (0,0) size 216x19
              text run at (0,0) width 216: "NEGATED :checked pseudo-class"
          RenderText {#text} at (216,0) size 38x19
            text run at (216,0) width 38: " (#70)"
        RenderListItem {LI} at (40,1425) size 744x19
          RenderListMarker at (-17,0) size 7x19: bullet
          RenderInline {A} at (0,0) size 188x19 [color=#0000EE]
            RenderText {#text} at (0,0) size 188x19
              text run at (0,0) width 188: "NEGATED :root pseudo-class"
          RenderText {#text} at (188,0) size 38x19
            text run at (188,0) width 38: " (#72)"
        RenderListItem {LI} at (40,1444) size 744x19
          RenderListMarker at (-17,0) size 7x19: bullet
          RenderInline {A} at (0,0) size 188x19 [color=#0000EE]
            RenderText {#text} at (0,0) size 188x19
              text run at (0,0) width 188: "NEGATED :root pseudo-class"
          RenderText {#text} at (188,0) size 46x19
            text run at (188,0) width 46: " (#72b)"
        RenderListItem {LI} at (40,1463) size 744x19
          RenderListMarker at (-17,0) size 7x19: bullet
          RenderInline {A} at (0,0) size 227x19 [color=#0000EE]
            RenderText {#text} at (0,0) size 227x19
              text run at (0,0) width 227: "NEGATED :nth-child() pseudo-class"
          RenderText {#text} at (227,0) size 38x19
            text run at (227,0) width 38: " (#73)"
        RenderListItem {LI} at (40,1482) size 744x19
          RenderListMarker at (-17,0) size 7x19: bullet
          RenderInline {A} at (0,0) size 227x19 [color=#0000EE]
            RenderText {#text} at (0,0) size 227x19
              text run at (0,0) width 227: "NEGATED :nth-child() pseudo-class"
          RenderText {#text} at (227,0) size 46x19
            text run at (227,0) width 46: " (#73b)"
        RenderListItem {LI} at (40,1501) size 744x19
          RenderListMarker at (-17,0) size 7x19: bullet
          RenderInline {A} at (0,0) size 254x19 [color=#0000EE]
            RenderText {#text} at (0,0) size 254x19
              text run at (0,0) width 254: "NEGATED :nth-last-child() pseudo-class"
          RenderText {#text} at (254,0) size 38x19
            text run at (254,0) width 38: " (#74)"
        RenderListItem {LI} at (40,1520) size 744x19
          RenderListMarker at (-17,0) size 7x19: bullet
          RenderInline {A} at (0,0) size 254x19 [color=#0000EE]
            RenderText {#text} at (0,0) size 254x19
              text run at (0,0) width 254: "NEGATED :nth-last-child() pseudo-class"
          RenderText {#text} at (254,0) size 46x19
            text run at (254,0) width 46: " (#74b)"
        RenderListItem {LI} at (40,1539) size 744x19
          RenderListMarker at (-17,0) size 7x19: bullet
          RenderInline {A} at (0,0) size 242x19 [color=#0000EE]
            RenderText {#text} at (0,0) size 242x19
              text run at (0,0) width 242: "NEGATED :nth-of-type() pseudo-class"
          RenderText {#text} at (242,0) size 38x19
            text run at (242,0) width 38: " (#75)"
        RenderListItem {LI} at (40,1558) size 744x19
          RenderListMarker at (-17,0) size 7x19: bullet
          RenderInline {A} at (0,0) size 242x19 [color=#0000EE]
            RenderText {#text} at (0,0) size 242x19
              text run at (0,0) width 242: "NEGATED :nth-of-type() pseudo-class"
          RenderText {#text} at (242,0) size 46x19
            text run at (242,0) width 46: " (#75b)"
        RenderListItem {LI} at (40,1577) size 744x19
          RenderListMarker at (-17,0) size 7x19: bullet
          RenderInline {A} at (0,0) size 269x19 [color=#0000EE]
            RenderText {#text} at (0,0) size 269x19
              text run at (0,0) width 269: "NEGATED :nth-last-of-type() pseudo-class"
          RenderText {#text} at (269,0) size 38x19
            text run at (269,0) width 38: " (#76)"
        RenderListItem {LI} at (40,1596) size 744x19
          RenderListMarker at (-17,0) size 7x19: bullet
          RenderInline {A} at (0,0) size 269x19 [color=#0000EE]
            RenderText {#text} at (0,0) size 269x19
              text run at (0,0) width 269: "NEGATED :nth-last-of-type() pseudo-class"
          RenderText {#text} at (269,0) size 46x19
            text run at (269,0) width 46: " (#76b)"
        RenderListItem {LI} at (40,1615) size 744x19
          RenderListMarker at (-17,0) size 7x19: bullet
          RenderInline {A} at (0,0) size 220x19 [color=#0000EE]
            RenderText {#text} at (0,0) size 220x19
              text run at (0,0) width 220: "NEGATED :first-child pseudo-class"
          RenderText {#text} at (220,0) size 38x19
            text run at (220,0) width 38: " (#77)"
        RenderListItem {LI} at (40,1634) size 744x19
          RenderListMarker at (-17,0) size 7x19: bullet
          RenderInline {A} at (0,0) size 220x19 [color=#0000EE]
            RenderText {#text} at (0,0) size 220x19
              text run at (0,0) width 220: "NEGATED :first-child pseudo-class"
          RenderText {#text} at (220,0) size 46x19
            text run at (220,0) width 46: " (#77b)"
        RenderListItem {LI} at (40,1653) size 744x19
          RenderListMarker at (-17,0) size 7x19: bullet
          RenderInline {A} at (0,0) size 219x19 [color=#0000EE]
            RenderText {#text} at (0,0) size 219x19
              text run at (0,0) width 219: "NEGATED :last-child pseudo-class"
          RenderText {#text} at (219,0) size 38x19
            text run at (219,0) width 38: " (#78)"
        RenderListItem {LI} at (40,1672) size 744x19
          RenderListMarker at (-17,0) size 7x19: bullet
          RenderInline {A} at (0,0) size 219x19 [color=#0000EE]
            RenderText {#text} at (0,0) size 219x19
              text run at (0,0) width 219: "NEGATED :last-child pseudo-class"
          RenderText {#text} at (219,0) size 46x19
            text run at (219,0) width 46: " (#78b)"
        RenderListItem {LI} at (40,1691) size 744x19
          RenderListMarker at (-17,0) size 7x19: bullet
          RenderInline {A} at (0,0) size 235x19 [color=#0000EE]
            RenderText {#text} at (0,0) size 235x19
              text run at (0,0) width 235: "NEGATED :first-of-type pseudo-class"
          RenderText {#text} at (235,0) size 38x19
            text run at (235,0) width 38: " (#79)"
        RenderListItem {LI} at (40,1710) size 744x19
          RenderListMarker at (-17,0) size 7x19: bullet
          RenderInline {A} at (0,0) size 234x19 [color=#0000EE]
            RenderText {#text} at (0,0) size 234x19
              text run at (0,0) width 234: "NEGATED :last-of-type pseudo-class"
          RenderText {#text} at (234,0) size 38x19
            text run at (234,0) width 38: " (#80)"
        RenderListItem {LI} at (40,1729) size 744x19
          RenderListMarker at (-17,0) size 7x19: bullet
          RenderInline {A} at (0,0) size 223x19 [color=#0000EE]
            RenderText {#text} at (0,0) size 223x19
              text run at (0,0) width 223: "NEGATED :only-child pseudo-class"
          RenderText {#text} at (223,0) size 38x19
            text run at (223,0) width 38: " (#81)"
        RenderListItem {LI} at (40,1748) size 744x19
          RenderListMarker at (-17,0) size 7x19: bullet
          RenderInline {A} at (0,0) size 223x19 [color=#0000EE]
            RenderText {#text} at (0,0) size 223x19
              text run at (0,0) width 223: "NEGATED :only-child pseudo-class"
          RenderText {#text} at (223,0) size 46x19
            text run at (223,0) width 46: " (#81b)"
        RenderListItem {LI} at (40,1767) size 744x19
          RenderListMarker at (-17,0) size 7x19: bullet
          RenderInline {A} at (0,0) size 238x19 [color=#0000EE]
            RenderText {#text} at (0,0) size 238x19
              text run at (0,0) width 238: "NEGATED :only-of-type pseudo-class"
          RenderText {#text} at (238,0) size 38x19
            text run at (238,0) width 38: " (#82)"
        RenderListItem {LI} at (40,1786) size 744x19
          RenderListMarker at (-17,0) size 7x19: bullet
          RenderInline {A} at (0,0) size 238x19 [color=#0000EE]
            RenderText {#text} at (0,0) size 238x19
              text run at (0,0) width 238: "NEGATED :only-of-type pseudo-class"
          RenderText {#text} at (238,0) size 46x19
            text run at (238,0) width 46: " (#82b)"
        RenderListItem {LI} at (40,1805) size 744x19
          RenderListMarker at (-17,0) size 7x19: bullet
          RenderInline {A} at (0,0) size 346x19 [color=#0000EE]
            RenderText {#text} at (0,0) size 346x19
              text run at (0,0) width 346: "Negation pseudo-class cannot be an argument of itself"
          RenderText {#text} at (346,0) size 38x19
            text run at (346,0) width 38: " (#83)"
        RenderListItem {LI} at (40,1824) size 744x19
          RenderListMarker at (-17,0) size 7x19: bullet
          RenderInline {A} at (0,0) size 155x19 [color=#0000EE]
            RenderText {#text} at (0,0) size 155x19
              text run at (0,0) width 155: ":contains() pseudo-class"
          RenderText {#text} at (155,0) size 38x19
            text run at (155,0) width 38: " (#84)"
        RenderListItem {LI} at (40,1843) size 744x19
          RenderListMarker at (-17,0) size 7x19: bullet
          RenderInline {A} at (0,0) size 155x19 [color=#0000EE]
            RenderText {#text} at (0,0) size 155x19
              text run at (0,0) width 155: ":contains() pseudo-class"
          RenderText {#text} at (155,0) size 46x19
            text run at (155,0) width 46: " (#84b)"
        RenderListItem {LI} at (40,1862) size 744x19
          RenderListMarker at (-17,0) size 7x19: bullet
          RenderInline {A} at (0,0) size 226x19 [color=#0000EE]
            RenderText {#text} at (0,0) size 226x19
              text run at (0,0) width 226: "NEGATED :contains() pseudo-class"
          RenderText {#text} at (226,0) size 38x19
            text run at (226,0) width 38: " (#85)"
        RenderListItem {LI} at (40,1881) size 744x19
          RenderListMarker at (-17,0) size 7x19: bullet
          RenderInline {A} at (0,0) size 441x19 [color=#0000EE]
            RenderText {#text} at (0,0) size 441x19
              text run at (0,0) width 441: "Nondeterministic matching of direct and indirect adjacent combinators"
          RenderText {#text} at (441,0) size 38x19
            text run at (441,0) width 38: " (#87)"
        RenderListItem {LI} at (40,1900) size 744x19
          RenderListMarker at (-17,0) size 7x19: bullet
          RenderInline {A} at (0,0) size 441x19 [color=#0000EE]
            RenderText {#text} at (0,0) size 441x19
              text run at (0,0) width 441: "Nondeterministic matching of direct and indirect adjacent combinators"
          RenderText {#text} at (441,0) size 46x19
            text run at (441,0) width 46: " (#87b)"
        RenderListItem {LI} at (40,1919) size 744x19
          RenderListMarker at (-17,0) size 7x19: bullet
          RenderInline {A} at (0,0) size 469x19 [color=#0000EE]
            RenderText {#text} at (0,0) size 469x19
              text run at (0,0) width 469: "Nondeterministic matching of descendant and direct adjacent combinators"
          RenderText {#text} at (469,0) size 38x19
            text run at (469,0) width 38: " (#88)"
        RenderListItem {LI} at (40,1938) size 744x19
          RenderListMarker at (-17,0) size 7x19: bullet
          RenderInline {A} at (0,0) size 469x19 [color=#0000EE]
            RenderText {#text} at (0,0) size 469x19
              text run at (0,0) width 469: "Nondeterministic matching of descendant and direct adjacent combinators"
          RenderText {#text} at (469,0) size 46x19
            text run at (469,0) width 46: " (#88b)"
        RenderListItem {LI} at (40,1957) size 744x19
          RenderListMarker at (-17,0) size 7x19: bullet
          RenderInline {A} at (0,0) size 361x19 [color=#0000EE]
            RenderText {#text} at (0,0) size 361x19
              text run at (0,0) width 361: "Simple combination of descendant and child combinators"
          RenderText {#text} at (361,0) size 38x19
            text run at (361,0) width 38: " (#89)"
        RenderListItem {LI} at (40,1976) size 744x19
          RenderListMarker at (-17,0) size 7x19: bullet
          RenderInline {A} at (0,0) size 397x19 [color=#0000EE]
            RenderText {#text} at (0,0) size 397x19
              text run at (0,0) width 397: "Simple combination of direct and indirect adjacent combinators"
          RenderText {#text} at (397,0) size 38x19
            text run at (397,0) width 38: " (#90)"
        RenderListItem {LI} at (40,1995) size 744x19
          RenderListMarker at (-17,0) size 7x19: bullet
          RenderInline {A} at (0,0) size 397x19 [color=#0000EE]
            RenderText {#text} at (0,0) size 397x19
              text run at (0,0) width 397: "Simple combination of direct and indirect adjacent combinators"
          RenderText {#text} at (397,0) size 46x19
            text run at (397,0) width 46: " (#90b)"
        RenderListItem {LI} at (40,2014) size 744x19
          RenderListMarker at (-17,0) size 7x19: bullet
          RenderInline {A} at (0,0) size 286x19 [color=#0000EE]
            RenderText {#text} at (0,0) size 286x19
              text run at (0,0) width 286: "NEGATED :enabled:disabled pseudo-classes"
          RenderText {#text} at (286,0) size 46x19
            text run at (286,0) width 46: " (#144)"
        RenderListItem {LI} at (40,2033) size 744x19
          RenderListMarker at (-17,0) size 7x19: bullet
          RenderInline {A} at (0,0) size 186x19 [color=#0000EE]
            RenderText {#text} at (0,0) size 186x19
              text run at (0,0) width 186: ":empty pseudo-class and text"
          RenderText {#text} at (186,0) size 46x19
            text run at (186,0) width 46: " (#148)"
        RenderListItem {LI} at (40,2052) size 744x19
          RenderListMarker at (-17,0) size 7x19: bullet
          RenderInline {A} at (0,0) size 264x19 [color=#0000EE]
            RenderText {#text} at (0,0) size 264x19
              text run at (0,0) width 264: ":empty pseudo-class and empty elements"
          RenderText {#text} at (264,0) size 46x19
            text run at (264,0) width 46: " (#149)"
        RenderListItem {LI} at (40,2071) size 744x19
          RenderListMarker at (-17,0) size 7x19: bullet
          RenderInline {A} at (0,0) size 264x19 [color=#0000EE]
            RenderText {#text} at (0,0) size 264x19
              text run at (0,0) width 264: ":empty pseudo-class and empty elements"
          RenderText {#text} at (264,0) size 54x19
            text run at (264,0) width 54: " (#149b)"
        RenderListItem {LI} at (40,2090) size 744x19
          RenderListMarker at (-17,0) size 7x19: bullet
          RenderInline {A} at (0,0) size 234x19 [color=#0000EE]
            RenderText {#text} at (0,0) size 234x19
              text run at (0,0) width 234: ":empty pseudo-class and whitespace"
          RenderText {#text} at (234,0) size 46x19
            text run at (234,0) width 46: " (#151)"
        RenderListItem {LI} at (40,2109) size 744x19
          RenderListMarker at (-17,0) size 7x19: bullet
          RenderInline {A} at (0,0) size 221x19 [color=#0000EE]
            RenderText {#text} at (0,0) size 221x19
              text run at (0,0) width 221: ":empty pseudo-class and elements"
          RenderText {#text} at (221,0) size 46x19
            text run at (221,0) width 46: " (#152)"
        RenderListItem {LI} at (40,2128) size 744x19
          RenderListMarker at (-17,0) size 7x19: bullet
          RenderInline {A} at (0,0) size 122x19 [color=#0000EE]
            RenderText {#text} at (0,0) size 122x19
              text run at (0,0) width 122: "Syntax and parsing"
          RenderText {#text} at (122,0) size 46x19
            text run at (122,0) width 46: " (#154)"
        RenderListItem {LI} at (40,2147) size 744x19
          RenderListMarker at (-17,0) size 7x19: bullet
          RenderInline {A} at (0,0) size 122x19 [color=#0000EE]
            RenderText {#text} at (0,0) size 122x19
              text run at (0,0) width 122: "Syntax and parsing"
          RenderText {#text} at (122,0) size 46x19
            text run at (122,0) width 46: " (#155)"
        RenderListItem {LI} at (40,2166) size 744x19
          RenderListMarker at (-17,0) size 7x19: bullet
          RenderInline {A} at (0,0) size 122x19 [color=#0000EE]
            RenderText {#text} at (0,0) size 122x19
              text run at (0,0) width 122: "Syntax and parsing"
          RenderText {#text} at (122,0) size 54x19
            text run at (122,0) width 54: " (#155a)"
        RenderListItem {LI} at (40,2185) size 744x19
          RenderListMarker at (-17,0) size 7x19: bullet
          RenderInline {A} at (0,0) size 122x19 [color=#0000EE]
            RenderText {#text} at (0,0) size 122x19
              text run at (0,0) width 122: "Syntax and parsing"
          RenderText {#text} at (122,0) size 54x19
            text run at (122,0) width 54: " (#155b)"
        RenderListItem {LI} at (40,2204) size 744x19
          RenderListMarker at (-17,0) size 7x19: bullet
          RenderInline {A} at (0,0) size 122x19 [color=#0000EE]
            RenderText {#text} at (0,0) size 122x19
              text run at (0,0) width 122: "Syntax and parsing"
          RenderText {#text} at (122,0) size 53x19
            text run at (122,0) width 53: " (#155c)"
        RenderListItem {LI} at (40,2223) size 744x19
          RenderListMarker at (-17,0) size 7x19: bullet
          RenderInline {A} at (0,0) size 122x19 [color=#0000EE]
            RenderText {#text} at (0,0) size 122x19
              text run at (0,0) width 122: "Syntax and parsing"
          RenderText {#text} at (122,0) size 54x19
            text run at (122,0) width 54: " (#155d)"
        RenderListItem {LI} at (40,2242) size 744x19
          RenderListMarker at (-17,0) size 7x19: bullet
          RenderInline {A} at (0,0) size 122x19 [color=#0000EE]
            RenderText {#text} at (0,0) size 122x19
              text run at (0,0) width 122: "Syntax and parsing"
          RenderText {#text} at (122,0) size 46x19
            text run at (122,0) width 46: " (#156)"
        RenderListItem {LI} at (40,2261) size 744x19
          RenderListMarker at (-17,0) size 7x19: bullet
          RenderInline {A} at (0,0) size 122x19 [color=#0000EE]
            RenderText {#text} at (0,0) size 122x19
              text run at (0,0) width 122: "Syntax and parsing"
          RenderText {#text} at (122,0) size 54x19
            text run at (122,0) width 54: " (#156b)"
        RenderListItem {LI} at (40,2280) size 744x19
          RenderListMarker at (-17,0) size 7x19: bullet
          RenderInline {A} at (0,0) size 122x19 [color=#0000EE]
            RenderText {#text} at (0,0) size 122x19
              text run at (0,0) width 122: "Syntax and parsing"
          RenderText {#text} at (122,0) size 53x19
            text run at (122,0) width 53: " (#156c)"
        RenderListItem {LI} at (40,2299) size 744x19
          RenderListMarker at (-17,0) size 7x19: bullet
          RenderInline {A} at (0,0) size 122x19 [color=#0000EE]
            RenderText {#text} at (0,0) size 122x19
              text run at (0,0) width 122: "Syntax and parsing"
          RenderText {#text} at (122,0) size 46x19
            text run at (122,0) width 46: " (#157)"
        RenderListItem {LI} at (40,2318) size 744x19
          RenderListMarker at (-17,0) size 7x19: bullet
          RenderInline {A} at (0,0) size 122x19 [color=#0000EE]
            RenderText {#text} at (0,0) size 122x19
              text run at (0,0) width 122: "Syntax and parsing"
          RenderText {#text} at (122,0) size 46x19
            text run at (122,0) width 46: " (#158)"
        RenderListItem {LI} at (40,2337) size 744x19
          RenderListMarker at (-17,0) size 7x19: bullet
          RenderInline {A} at (0,0) size 282x19 [color=#0000EE]
            RenderText {#text} at (0,0) size 282x19
              text run at (0,0) width 282: "Syntax and parsing of new pseudo-elements"
          RenderText {#text} at (282,0) size 46x19
            text run at (282,0) width 46: " (#159)"
        RenderListItem {LI} at (40,2356) size 744x19
          RenderListMarker at (-17,0) size 7x19: bullet
          RenderInline {A} at (0,0) size 302x19 [color=#0000EE]
            RenderText {#text} at (0,0) size 302x19
              text run at (0,0) width 302: "Syntax and parsing of unknown psuedo-classes"
          RenderText {#text} at (302,0) size 46x19
            text run at (302,0) width 46: " (#160)"
        RenderListItem {LI} at (40,2375) size 744x19
          RenderListMarker at (-17,0) size 7x19: bullet
          RenderInline {A} at (0,0) size 444x19 [color=#0000EE]
            RenderText {#text} at (0,0) size 444x19
              text run at (0,0) width 444: "Syntax and parsing of unknown psuedo-classes and pseudo-elements"
          RenderText {#text} at (444,0) size 46x19
            text run at (444,0) width 46: " (#161)"
        RenderListItem {LI} at (40,2394) size 744x19
          RenderListMarker at (-17,0) size 7x19: bullet
          RenderInline {A} at (0,0) size 136x19 [color=#0000EE]
            RenderText {#text} at (0,0) size 136x19
              text run at (0,0) width 136: "Contextual ::selection"
          RenderText {#text} at (136,0) size 46x19
            text run at (136,0) width 46: " (#162)"
        RenderListItem {LI} at (40,2413) size 744x19
          RenderListMarker at (-17,0) size 7x19: bullet
          RenderInline {A} at (0,0) size 129x19 [color=#0000EE]
            RenderText {#text} at (0,0) size 129x19
              text run at (0,0) width 129: "Contextual :contains"
          RenderText {#text} at (129,0) size 46x19
            text run at (129,0) width 46: " (#163)"
        RenderListItem {LI} at (40,2432) size 744x19
          RenderListMarker at (-17,0) size 7x19: bullet
          RenderInline {A} at (0,0) size 135x19 [color=#0000EE]
            RenderText {#text} at (0,0) size 135x19
              text run at (0,0) width 135: ":focus with ::selection"
          RenderText {#text} at (135,0) size 46x19
            text run at (135,0) width 46: " (#164)"
        RenderListItem {LI} at (40,2451) size 744x19
          RenderListMarker at (-17,0) size 7x19: bullet
          RenderInline {A} at (0,0) size 137x19 [color=#0000EE]
            RenderText {#text} at (0,0) size 137x19
              text run at (0,0) width 137: ":hover with ::selection"
          RenderText {#text} at (137,0) size 46x19
            text run at (137,0) width 46: " (#165)"
        RenderListItem {LI} at (40,2470) size 744x19
          RenderListMarker at (-17,0) size 7x19: bullet
          RenderInline {A} at (0,0) size 165x19 [color=#0000EE]
            RenderText {#text} at (0,0) size 165x19
              text run at (0,0) width 165: ":first-letter with ::first-letter"
          RenderText {#text} at (165,0) size 46x19
            text run at (165,0) width 46: " (#166)"
        RenderListItem {LI} at (40,2489) size 744x19
          RenderListMarker at (-17,0) size 7x19: bullet
          RenderInline {A} at (0,0) size 165x19 [color=#0000EE]
            RenderText {#text} at (0,0) size 165x19
              text run at (0,0) width 165: ":first-letter with ::first-letter"
          RenderText {#text} at (165,0) size 54x19
            text run at (165,0) width 54: " (#166a)"
        RenderListItem {LI} at (40,2508) size 744x19
          RenderListMarker at (-17,0) size 7x19: bullet
          RenderInline {A} at (0,0) size 145x19 [color=#0000EE]
            RenderText {#text} at (0,0) size 145x19
              text run at (0,0) width 145: ":first-line with ::first-line"
          RenderText {#text} at (145,0) size 46x19
            text run at (145,0) width 46: " (#167)"
        RenderListItem {LI} at (40,2527) size 744x19
          RenderListMarker at (-17,0) size 7x19: bullet
          RenderInline {A} at (0,0) size 145x19 [color=#0000EE]
            RenderText {#text} at (0,0) size 145x19
              text run at (0,0) width 145: ":first-line with ::first-line"
          RenderText {#text} at (145,0) size 54x19
            text run at (145,0) width 54: " (#167a)"
        RenderListItem {LI} at (40,2546) size 744x19
          RenderListMarker at (-17,0) size 7x19: bullet
          RenderInline {A} at (0,0) size 127x19 [color=#0000EE]
            RenderText {#text} at (0,0) size 127x19
              text run at (0,0) width 127: ":before with ::before"
          RenderText {#text} at (127,0) size 46x19
            text run at (127,0) width 46: " (#168)"
        RenderListItem {LI} at (40,2565) size 744x19
          RenderListMarker at (-17,0) size 7x19: bullet
          RenderInline {A} at (0,0) size 127x19 [color=#0000EE]
            RenderText {#text} at (0,0) size 127x19
              text run at (0,0) width 127: ":before with ::before"
          RenderText {#text} at (127,0) size 54x19
            text run at (127,0) width 54: " (#168a)"
        RenderListItem {LI} at (40,2584) size 744x19
          RenderListMarker at (-17,0) size 7x19: bullet
          RenderInline {A} at (0,0) size 103x19 [color=#0000EE]
            RenderText {#text} at (0,0) size 103x19
              text run at (0,0) width 103: ":after with ::after"
          RenderText {#text} at (103,0) size 46x19
            text run at (103,0) width 46: " (#169)"
        RenderListItem {LI} at (40,2603) size 744x19
          RenderListMarker at (-17,0) size 7x19: bullet
          RenderInline {A} at (0,0) size 103x19 [color=#0000EE]
            RenderText {#text} at (0,0) size 103x19
              text run at (0,0) width 103: ":after with ::after"
          RenderText {#text} at (103,0) size 54x19
            text run at (103,0) width 54: " (#169a)"
        RenderListItem {LI} at (40,2622) size 744x19
          RenderListMarker at (-17,0) size 7x19: bullet
          RenderInline {A} at (0,0) size 154x19 [color=#0000EE]
            RenderText {#text} at (0,0) size 154x19
              text run at (0,0) width 154: "Long chains of selectors"
          RenderText {#text} at (154,0) size 46x19
            text run at (154,0) width 46: " (#170)"
        RenderListItem {LI} at (40,2641) size 744x19
          RenderListMarker at (-17,0) size 7x19: bullet
          RenderInline {A} at (0,0) size 154x19 [color=#0000EE]
            RenderText {#text} at (0,0) size 154x19
              text run at (0,0) width 154: "Long chains of selectors"
          RenderText {#text} at (154,0) size 54x19
            text run at (154,0) width 54: " (#170a)"
        RenderListItem {LI} at (40,2660) size 744x19
          RenderListMarker at (-17,0) size 7x19: bullet
          RenderInline {A} at (0,0) size 154x19 [color=#0000EE]
            RenderText {#text} at (0,0) size 154x19
              text run at (0,0) width 154: "Long chains of selectors"
          RenderText {#text} at (154,0) size 54x19
            text run at (154,0) width 54: " (#170b)"
        RenderListItem {LI} at (40,2679) size 744x19
          RenderListMarker at (-17,0) size 7x19: bullet
          RenderInline {A} at (0,0) size 154x19 [color=#0000EE]
            RenderText {#text} at (0,0) size 154x19
              text run at (0,0) width 154: "Long chains of selectors"
          RenderText {#text} at (154,0) size 53x19
            text run at (154,0) width 53: " (#170c)"
        RenderListItem {LI} at (40,2698) size 744x19
          RenderListMarker at (-17,0) size 7x19: bullet
          RenderInline {A} at (0,0) size 154x19 [color=#0000EE]
            RenderText {#text} at (0,0) size 154x19
              text run at (0,0) width 154: "Long chains of selectors"
          RenderText {#text} at (154,0) size 54x19
            text run at (154,0) width 54: " (#170d)"
        RenderListItem {LI} at (40,2717) size 744x19
          RenderListMarker at (-17,0) size 7x19: bullet
          RenderInline {A} at (0,0) size 180x19 [color=#0000EE]
            RenderText {#text} at (0,0) size 180x19
              text run at (0,0) width 180: "Parsing: Numbers in classes"
          RenderText {#text} at (180,0) size 54x19
            text run at (180,0) width 54: " (#175a)"
        RenderListItem {LI} at (40,2736) size 744x19
          RenderListMarker at (-17,0) size 7x19: bullet
          RenderInline {A} at (0,0) size 180x19 [color=#0000EE]
            RenderText {#text} at (0,0) size 180x19
              text run at (0,0) width 180: "Parsing: Numbers in classes"
          RenderText {#text} at (180,0) size 54x19
            text run at (180,0) width 54: " (#175b)"
        RenderListItem {LI} at (40,2755) size 744x19
          RenderListMarker at (-17,0) size 7x19: bullet
          RenderInline {A} at (0,0) size 180x19 [color=#0000EE]
            RenderText {#text} at (0,0) size 180x19
              text run at (0,0) width 180: "Parsing: Numbers in classes"
          RenderText {#text} at (180,0) size 53x19
            text run at (180,0) width 53: " (#175c)"
        RenderListItem {LI} at (40,2774) size 744x19
          RenderListMarker at (-17,0) size 7x19: bullet
          RenderInline {A} at (0,0) size 247x19 [color=#0000EE]
            RenderText {#text} at (0,0) size 247x19
              text run at (0,0) width 247: "NEGATED Dynamic handling of :empty"
          RenderText {#text} at (247,0) size 38x19
            text run at (247,0) width 38: " (#d1)"
        RenderListItem {LI} at (40,2793) size 744x19
          RenderListMarker at (-17,0) size 7x19: bullet
          RenderInline {A} at (0,0) size 247x19 [color=#0000EE]
            RenderText {#text} at (0,0) size 247x19
              text run at (0,0) width 247: "NEGATED Dynamic handling of :empty"
          RenderText {#text} at (247,0) size 46x19
            text run at (247,0) width 46: " (#d1b)"
        RenderListItem {LI} at (40,2812) size 744x19
          RenderListMarker at (-17,0) size 7x19: bullet
          RenderInline {A} at (0,0) size 211x19 [color=#0000EE]
            RenderText {#text} at (0,0) size 211x19
              text run at (0,0) width 211: "Dynamic handling of combinators"
          RenderText {#text} at (211,0) size 38x19
            text run at (211,0) width 38: " (#d2)"
        RenderListItem {LI} at (40,2831) size 744x19
          RenderListMarker at (-17,0) size 7x19: bullet
          RenderInline {A} at (0,0) size 287x19 [color=#0000EE]
            RenderText {#text} at (0,0) size 287x19
              text run at (0,0) width 287: "Dynamic updating of :first-child and :last-child"
          RenderText {#text} at (287,0) size 38x19
            text run at (287,0) width 38: " (#d4)"
        RenderListItem {LI} at (40,2850) size 744x19
          RenderListMarker at (-17,0) size 7x19: bullet
          RenderInline {A} at (0,0) size 91x19 [color=#0000EE]
            RenderText {#text} at (0,0) size 91x19
              text run at (0,0) width 91: ":indeterminate"
          RenderText {#text} at (91,0) size 38x19
            text run at (91,0) width 38: " (#d5)"
        RenderListItem {LI} at (40,2869) size 744x19
          RenderListMarker at (-17,0) size 7x19: bullet
          RenderInline {A} at (0,0) size 180x19 [color=#0000EE]
            RenderText {#text} at (0,0) size 180x19
              text run at (0,0) width 180: ":indeterminate and :checked"
          RenderText {#text} at (180,0) size 46x19
            text run at (180,0) width 46: " (#d5a)"
        RenderListItem {LI} at (40,2888) size 744x19
          RenderListMarker at (-17,0) size 7x19: bullet
          RenderInline {A} at (0,0) size 251x19 [color=#0000EE]
            RenderText {#text} at (0,0) size 251x19
              text run at (0,0) width 251: "NEGATED :indeterminate and :checked"
          RenderText {#text} at (251,0) size 46x19
            text run at (251,0) width 46: " (#d5b)"
        RenderListItem {LI} at (40,2907) size 744x19
          RenderListMarker at (-17,0) size 7x19: bullet
          RenderInline {A} at (0,0) size 180x19 [color=#0000EE]
            RenderText {#text} at (0,0) size 180x19
              text run at (0,0) width 180: ":indeterminate and :checked"
          RenderText {#text} at (180,0) size 45x19
            text run at (180,0) width 45: " (#d5c)"
        RenderListItem {LI} at (40,2926) size 744x19
          RenderListMarker at (-17,0) size 7x19: bullet
          RenderInline {A} at (0,0) size 181x19 [color=#0000EE]
            RenderText {#text} at (0,0) size 181x19
              text run at (0,0) width 181: ":indeterminate with :checked"
          RenderText {#text} at (181,0) size 46x19
            text run at (181,0) width 46: " (#d5d)"
        RenderListItem {LI} at (40,2945) size 744x19
          RenderListMarker at (-17,0) size 7x19: bullet
          RenderInline {A} at (0,0) size 252x19 [color=#0000EE]
            RenderText {#text} at (0,0) size 252x19
              text run at (0,0) width 252: "NEGATED :indeterminate with :checked"
          RenderText {#text} at (252,0) size 46x19
            text run at (252,0) width 46: " (#d5e)"
      RenderBlock {P} at (0,3421) size 784x19
        RenderText {#text} at (0,0) size 63x19
          text run at (0,0) width 63: "See also: "
        RenderInline {A} at (0,0) size 35x19 [color=#0000EE]
          RenderText {#text} at (63,0) size 35x19
            text run at (63,0) width 35: "Index"
        RenderText {#text} at (98,0) size 8x19
          text run at (98,0) width 8: ", "
        RenderInline {A} at (0,0) size 48x19 [color=#0000EE]
          RenderText {#text} at (106,0) size 48x19
            text run at (106,0) width 48: "XHTML"
        RenderText {#text} at (154,0) size 8x19
          text run at (154,0) width 8: ", "
        RenderInline {A} at (0,0) size 29x19 [color=#0000EE]
          RenderText {#text} at (162,0) size 29x19
            text run at (162,0) width 29: "XML"
