layer at (0,0) size 800x600
  RenderView at (0,0) size 800x600
layer at (0,0) size 800x47
  RenderBlock {HTML} at (0,0) size 800x47
    RenderBody {BODY} at (8,14) size 784x19
      RenderBlock {P} at (0,0) size 784x19
        RenderInline (generated) at (0,0) size 9x19 [bgcolor=#00FF00]
          RenderText {#text} at (0,0) size 9x19
            text run at (0,0) width 9: "T"
        RenderText {#text} at (9,0) size 408x19
          text run at (9,0) width 408: "he first letter of this paragraph should have a green background."
