layer at (0,0) size 800x600
  RenderView at (0,0) size 800x600
layer at (0,0) size 800x88
  RenderBlock {HTML} at (0,0) size 800x88 [bgcolor=#666666]
    RenderBody {BODY} at (8,16) size 784x58
      RenderBlock {H3} at (0,0) size 784x23
        RenderText {#text} at (0,0) size 424x22
          text run at (0,0) width 424: "Test of unqualifed :hover selector in strict parsing mode"
      RenderBlock {P} at (0,39) size 784x19
        RenderText {#text} at (0,0) size 694x19
          text run at (0,0) width 694: "Moving the mouse anywhere over the document should result in the background color being changed to grey."
