layer at (0,0) size 800x600
  RenderView at (0,0) size 800x600
layer at (0,0) size 800x600
  RenderBlock {HTML} at (0,0) size 800x600
    RenderBody {BODY} at (8,8) size 784x578
      RenderBlock {H3} at (0,0) size 784x23
        RenderText {#text} at (0,0) size 434x22
          text run at (0,0) width 434: "Test of unqualifed :hover selector in quirks parsing mode"
      RenderBlock {P} at (0,39) size 784x19
        RenderText {#text} at (0,0) size 620x19
          text run at (0,0) width 620: "Moving the mouse anywhere over the document should result no change to the background color."
