layer at (0,0) size 800x600
  RenderView at (0,0) size 800x600
layer at (0,0) size 800x600
  RenderBlock {HTML} at (0,0) size 800x600
    RenderBody {BODY} at (8,8) size 784x584
      RenderBlock {DIV} at (0,0) size 784x96 [border: (5px solid #FF0000)]
        RenderMenuList {SELECT} at (39,39) size 47x18 [bgcolor=#DDDDDD]
          RenderBlock (anonymous) at (0,0) size 47x18
            RenderText at (4,1) size 24x16
              text run at (4,1) width 24: "One"
        RenderText {#text} at (88,38) size 25x19
          text run at (88,38) width 25: "blaa"
caret: position 0 of child 0 {SELECT} of child 0 {DIV} of child 1 {BODY} of child 0 {HTML} of document
