layer at (0,0) size 800x600
  RenderView at (0,0) size 800x600
layer at (0,0) size 800x600
  RenderBlock {HTML} at (0,0) size 800x600
    RenderBody {BODY} at (8,8) size 784x584
      RenderBlock {P} at (0,0) size 784x57
        RenderText {#text} at (0,0) size 774x57
          text run at (0,0) width 774: "This tests to see that plaintext-only regions can be styled as long as they are fully selected. The editable, plaintext-only cell"
          text run at (0,19) width 765: "should contain bold text, which should be implemented with the bold CSS property in the cell's inline style declaration, not"
          text run at (0,38) width 217: "with wrapper spans inside the cell."
      RenderBlock {DIV} at (0,71) size 784x50
        RenderBlock {DIV} at (0,0) size 784x20
          RenderInline {B} at (0,0) size 23x20
            RenderText {#text} at (0,0) size 23x20
              text run at (0,0) width 23: "foo"
        RenderTable {TABLE} at (0,20) size 190x30 [border: (1px outset #808080)]
          RenderTableSection {TBODY} at (1,1) size 188x28
            RenderTableRow {TR} at (0,2) size 188x24
              RenderTableCell {TD} at (2,2) size 83x23 [border: (1px inset #808080)] [r=0 c=0 rs=1 cs=1]
                RenderText {#text} at (2,2) size 79x19
                  text run at (2,2) width 79: "non-editable"
              RenderTableCell {TD} at (87,2) size 99x24 [border: (1px inset #808080)] [r=0 c=1 rs=1 cs=1]
                RenderText {#text} at (2,2) size 95x20
                  text run at (2,2) width 95: "plaintext-only"
selection start: position 0 of child 0 {#text} of child 0 {B} of child 0 {DIV} of child 2 {DIV} of child 1 {BODY} of child 0 {HTML} of document
selection end:   position 1 of child 1 {TABLE} of child 2 {DIV} of child 1 {BODY} of child 0 {HTML} of document
