layer at (0,0) size 800x600
  RenderView at (0,0) size 800x600
layer at (0,0) size 800x600
  RenderBlock {HTML} at (0,0) size 800x600
    RenderBody {BODY} at (8,8) size 784x584
      RenderBlock {P} at (0,0) size 784x38
        RenderText {#text} at (0,0) size 733x38
          text run at (0,0) width 480: "This tests for a bug where centering two paragraphs would center the third. "
          text run at (480,0) width 253: "Only the selected paragraphs should be"
          text run at (0,19) width 57: "selected."
      RenderBlock {DIV} at (0,52) size 784x57
        RenderBlock {DIV} at (0,0) size 784x19
          RenderText {#text} at (382,0) size 20x19
            text run at (382,0) width 20: "foo"
        RenderBlock (anonymous) at (0,19) size 784x0
        RenderBlock {DIV} at (0,19) size 784x38
          RenderBlock {DIV} at (0,0) size 784x19
            RenderText {#text} at (381,0) size 21x19
              text run at (381,0) width 21: "bar"
          RenderBlock (anonymous) at (0,19) size 784x19
            RenderText {#text} at (0,0) size 23x19
              text run at (0,0) width 23: "baz"
selection start: position 0 of child 0 {#text} of child 0 {DIV} of child 2 {DIV} of child 1 {BODY} of child 0 {HTML} of document
selection end:   position 3 of child 0 {#text} of child 0 {DIV} of child 1 {DIV} of child 2 {DIV} of child 1 {BODY} of child 0 {HTML} of document
