layer at (0,0) size 800x600
  RenderView at (0,0) size 800x600
layer at (0,0) size 800x600
  RenderBlock {HTML} at (0,0) size 800x600
    RenderBody {BODY} at (8,8) size 784x584
      RenderBlock {P} at (0,0) size 784x38
        RenderText {#text} at (0,0) size 762x38
          text run at (0,0) width 733: "This tests for a bug where left justifying a paragraph amongst several that are centered would left justify all of them. "
          text run at (733,0) width 29: "Only"
          text run at (0,19) width 285: "the second paragraph should be left justified."
      RenderBlock {DIV} at (0,52) size 784x57
        RenderBlock (anonymous) at (0,0) size 784x19
          RenderText {#text} at (382,0) size 20x19
            text run at (382,0) width 20: "foo"
          RenderBR {BR} at (402,14) size 0x0
        RenderBlock {DIV} at (0,19) size 784x19
          RenderText {#text} at (0,0) size 21x19
            text run at (0,0) width 21: "bar"
        RenderBlock (anonymous) at (0,38) size 784x0
        RenderBlock {DIV} at (0,38) size 784x19
          RenderText {#text} at (380,0) size 23x19
            text run at (380,0) width 23: "baz"
selection start: position 0 of child 0 {#text} of child 2 {DIV} of child 2 {DIV} of child 1 {BODY} of child 0 {HTML} of document
selection end:   position 3 of child 0 {#text} of child 2 {DIV} of child 2 {DIV} of child 1 {BODY} of child 0 {HTML} of document
