EDITING DELEGATE: shouldBeginEditingInDOMRange:range from 0 of DIV > BODY > HTML > #document to 3 of DIV > BODY > HTML > #document
EDITING DELEGATE: webViewDidBeginEditing:WebViewDidBeginEditingNotification
EDITING DELEGATE: webViewDidChangeSelection:WebViewDidChangeSelectionNotification
EDITING DELEGATE: webViewDidChangeSelection:WebViewDidChangeSelectionNotification
EDITING DELEGATE: shouldChangeSelectedDOMRange:range from 1 of #text > DIV > DIV > BODY > HTML > #document to 1 of #text > DIV > DIV > BODY > HTML > #document toDOMRange:range from 0 of DIV > DIV > BODY > HTML > #document to 0 of DIV > DIV > BODY > HTML > #document affinity:NSSelectionAffinityDownstream stillSelecting:FALSE
EDITING DELEGATE: webViewDidChangeSelection:WebViewDidChangeSelectionNotification
EDITING DELEGATE: webViewDidChange:WebViewDidChangeNotification
EDITING DELEGATE: shouldChangeSelectedDOMRange:range from 0 of DIV > DIV > BODY > HTML > #document to 0 of DIV > DIV > BODY > HTML > #document toDOMRange:range from 0 of DIV > DIV > BODY > HTML > #document to 0 of DIV > DIV > BODY > HTML > #document affinity:NSSelectionAffinityDownstream stillSelecting:FALSE
EDITING DELEGATE: webViewDidChangeSelection:WebViewDidChangeSelectionNotification
EDITING DELEGATE: webViewDidChange:WebViewDidChangeNotification
EDITING DELEGATE: webViewDidChangeSelection:WebViewDidChangeSelectionNotification
EDITING DELEGATE: shouldChangeSelectedDOMRange:(null) toDOMRange:range from 1 of #text > DIV > DIV > BODY > HTML > #document to 1 of #text > DIV > DIV > BODY > HTML > #document affinity:NSSelectionAffinityDownstream stillSelecting:FALSE
EDITING DELEGATE: webViewDidChangeSelection:WebViewDidChangeSelectionNotification
EDITING DELEGATE: webViewDidChange:WebViewDidChangeNotification
EDITING DELEGATE: webViewDidChangeSelection:WebViewDidChangeSelectionNotification
EDITING DELEGATE: webViewDidChangeSelection:WebViewDidChangeSelectionNotification
EDITING DELEGATE: webViewDidChangeSelection:WebViewDidChangeSelectionNotification
EDITING DELEGATE: webViewDidChangeSelection:WebViewDidChangeSelectionNotification
EDITING DELEGATE: shouldChangeSelectedDOMRange:(null) toDOMRange:range from 0 of #text > SPAN > DIV > DIV > BODY > HTML > #document to 1 of #text > SPAN > DIV > DIV > BODY > HTML > #document affinity:NSSelectionAffinityDownstream stillSelecting:FALSE
EDITING DELEGATE: webViewDidChangeSelection:WebViewDidChangeSelectionNotification
EDITING DELEGATE: webViewDidChange:WebViewDidChangeNotification
EDITING DELEGATE: webViewDidChangeSelection:WebViewDidChangeSelectionNotification
EDITING DELEGATE: shouldDeleteDOMRange:range from 0 of #text > SPAN > DIV > DIV > BODY > HTML > #document to 1 of #text > SPAN > DIV > DIV > BODY > HTML > #document
EDITING DELEGATE: webViewDidChangeSelection:WebViewDidChangeSelectionNotification
EDITING DELEGATE: shouldChangeSelectedDOMRange:(null) toDOMRange:range from 0 of DIV > DIV > BODY > HTML > #document to 0 of DIV > DIV > BODY > HTML > #document affinity:NSSelectionAffinityDownstream stillSelecting:FALSE
EDITING DELEGATE: webViewDidChangeSelection:WebViewDidChangeSelectionNotification
EDITING DELEGATE: webViewDidChange:WebViewDidChangeNotification
layer at (0,0) size 800x600
  RenderView at (0,0) size 800x600
layer at (0,0) size 800x600
  RenderBlock {HTML} at (0,0) size 800x600
    RenderBody {BODY} at (8,8) size 784x584
      RenderBlock {DIV} at (0,0) size 784x157 [border: (2px solid #0000FF)]
        RenderText {#text} at (14,14) size 706x64
          text run at (14,14) width 706: "You should see one \"x\" followed by two blank lines. The blank lines"
          text run at (14,47) width 292: "should be the same height. "
          text run at (306,47) width 174: "The second line "
        RenderInline {B} at (0,0) size 57x33
          RenderText {#text} at (480,46) size 57x33
            text run at (480,46) width 57: "must"
        RenderText {#text} at (537,47) size 732x63
          text run at (537,47) width 209: " be the same height"
          text run at (14,79) width 195: "as the first. See: <"
        RenderInline {A} at (0,0) size 246x31 [color=#0000EE]
          RenderText {#text} at (209,79) size 246x31
            text run at (209,79) width 246: "rdar://problem/3959727"
        RenderText {#text} at (455,79) size 755x63
          text run at (455,79) width 314: "> REGRESSION (Mail): Style"
          text run at (14,111) width 296: "not preserved on blank lines"
      RenderBlock {DIV} at (0,181) size 784x162
        RenderBlock {DIV} at (0,0) size 784x54
          RenderInline {SPAN} at (0,0) size 21x54
            RenderText {#text} at (0,0) size 21x54
              text run at (0,0) width 21: "x"
        RenderBlock {DIV} at (0,54) size 784x54
          RenderInline {SPAN} at (0,0) size 0x54
            RenderBR {BR} at (0,0) size 0x54
        RenderBlock {DIV} at (0,108) size 784x54
          RenderInline {FONT} at (0,0) size 0x54
            RenderInline {SPAN} at (0,0) size 0x54
              RenderBR {BR} at (0,0) size 0x54
caret: position 0 of child 0 {BR} of child 0 {SPAN} of child 0 {FONT} of child 3 {DIV} of child 3 {DIV} of child 1 {BODY} of child 0 {HTML} of document
