EDITING DELEGATE: shouldBeginEditingInDOMRange:range from 0 of DIV > BODY > HTML > #document to 3 of DIV > BODY > HTML > #document
EDITING DELEGATE: webViewDidBeginEditing:WebViewDidBeginEditingNotification
EDITING DELEGATE: webViewDidChangeSelection:WebViewDidChangeSelectionNotification
EDITING DELEGATE: webViewDidChangeSelection:WebViewDidChangeSelectionNotification
EDITING DELEGATE: shouldChangeSelectedDOMRange:range from 1 of #text > DIV > DIV > BODY > HTML > #document to 1 of #text > DIV > DIV > BODY > HTML > #document toDOMRange:range from 0 of DIV > DIV > BODY > HTML > #document to 0 of DIV > DIV > BODY > HTML > #document affinity:NSSelectionAffinityDownstream stillSelecting:FALSE
EDITING DELEGATE: webViewDidChangeSelection:WebViewDidChangeSelectionNotification
EDITING DELEGATE: webViewDidChange:WebViewDidChangeNotification
EDITING DELEGATE: shouldChangeSelectedDOMRange:range from 0 of DIV > DIV > BODY > HTML > #document to 0 of DIV > DIV > BODY > HTML > #document toDOMRange:range from 0 of DIV > DIV > BODY > HTML > #document to 0 of DIV > DIV > BODY > HTML > #document affinity:NSSelectionAffinityDownstream stillSelecting:FALSE
EDITING DELEGATE: webViewDidChangeSelection:WebViewDidChangeSelectionNotification
EDITING DELEGATE: webViewDidChange:WebViewDidChangeNotification
EDITING DELEGATE: webViewDidChangeSelection:WebViewDidChangeSelectionNotification
EDITING DELEGATE: shouldChangeSelectedDOMRange:(null) toDOMRange:range from 1 of #text > DIV > DIV > BODY > HTML > #document to 1 of #text > DIV > DIV > BODY > HTML > #document affinity:NSSelectionAffinityDownstream stillSelecting:FALSE
EDITING DELEGATE: webViewDidChangeSelection:WebViewDidChangeSelectionNotification
EDITING DELEGATE: webViewDidChange:WebViewDidChangeNotification
EDITING DELEGATE: webViewDidChangeSelection:WebViewDidChangeSelectionNotification
EDITING DELEGATE: webViewDidChangeSelection:WebViewDidChangeSelectionNotification
EDITING DELEGATE: webViewDidChangeSelection:WebViewDidChangeSelectionNotification
EDITING DELEGATE: webViewDidChangeSelection:WebViewDidChangeSelectionNotification
EDITING DELEGATE: shouldChangeSelectedDOMRange:(null) toDOMRange:range from 0 of #text > SPAN > DIV > DIV > BODY > HTML > #document to 1 of #text > SPAN > DIV > DIV > BODY > HTML > #document affinity:NSSelectionAffinityDownstream stillSelecting:FALSE
EDITING DELEGATE: webViewDidChangeSelection:WebViewDidChangeSelectionNotification
EDITING DELEGATE: webViewDidChange:WebViewDidChangeNotification
EDITING DELEGATE: webViewDidChangeSelection:WebViewDidChangeSelectionNotification
EDITING DELEGATE: webViewDidChangeSelection:WebViewDidChangeSelectionNotification
EDITING DELEGATE: shouldChangeSelectedDOMRange:range from 0 of DIV > DIV > BODY > HTML > #document to 0 of DIV > DIV > BODY > HTML > #document toDOMRange:range from 0 of DIV > DIV > BODY > HTML > #document to 0 of DIV > DIV > BODY > HTML > #document affinity:NSSelectionAffinityDownstream stillSelecting:FALSE
EDITING DELEGATE: webViewDidChangeSelection:WebViewDidChangeSelectionNotification
EDITING DELEGATE: webViewDidChange:WebViewDidChangeNotification
layer at (0,0) size 800x600
  RenderView at (0,0) size 800x600
layer at (0,0) size 800x600
  RenderBlock {HTML} at (0,0) size 800x600
    RenderBody {BODY} at (8,8) size 784x584
      RenderBlock {DIV} at (0,0) size 784x189 [border: (2px solid #0000FF)]
        RenderText {#text} at (14,14) size 744x96
          text run at (14,14) width 744: "You should see one \"x\" followed by two blank lines, then one more \"x\"."
          text run at (14,46) width 730: "The blank lines in between the characters should be the same height."
          text run at (14,79) width 131: "The second "
        RenderInline {B} at (0,0) size 57x33
          RenderText {#text} at (145,78) size 57x33
            text run at (145,78) width 57: "must"
        RenderText {#text} at (202,79) size 578x63
          text run at (202,79) width 390: " be the same height as the first. See:"
          text run at (14,111) width 14: "<"
        RenderInline {A} at (0,0) size 246x31 [color=#0000EE]
          RenderText {#text} at (28,111) size 246x31
            text run at (28,111) width 246: "rdar://problem/3959727"
        RenderText {#text} at (274,111) size 726x63
          text run at (274,111) width 466: "> REGRESSION (Mail): Style not preserved"
          text run at (14,143) width 144: "on blank lines"
      RenderBlock {DIV} at (0,213) size 784x216
        RenderBlock {DIV} at (0,0) size 784x54
          RenderInline {SPAN} at (0,0) size 21x54
            RenderText {#text} at (0,0) size 21x54
              text run at (0,0) width 21: "x"
        RenderBlock {DIV} at (0,54) size 784x54
          RenderInline {SPAN} at (0,0) size 0x54
            RenderBR {BR} at (0,0) size 0x54
        RenderBlock {DIV} at (0,108) size 784x54
          RenderInline {FONT} at (0,0) size 0x54
            RenderInline {SPAN} at (0,0) size 0x54
              RenderBR {BR} at (0,0) size 0x54
        RenderBlock {DIV} at (0,162) size 784x54
          RenderInline {SPAN} at (0,0) size 21x54
            RenderText {#text} at (0,0) size 21x54
              text run at (0,0) width 21: "x"
caret: position 0 of child 0 {BR} of child 0 {SPAN} of child 0 {FONT} of child 3 {DIV} of child 3 {DIV} of child 1 {BODY} of child 0 {HTML} of document
