EDITING DELEGATE: shouldBeginEditingInDOMRange:range from 0 of BODY > HTML > #document to 6 of BODY > HTML > #document
EDITING DELEGATE: webViewDidBeginEditing:WebViewDidBeginEditingNotification
EDITING DELEGATE: webViewDidChangeSelection:WebViewDidChangeSelectionNotification
EDITING DELEGATE: webViewDidChangeSelection:WebViewDidChangeSelectionNotification
EDITING DELEGATE: webViewDidChangeSelection:WebViewDidChangeSelectionNotification
EDITING DELEGATE: webViewDidChange:WebViewDidChangeNotification
layer at (0,0) size 800x600
  RenderView at (0,0) size 800x600
layer at (0,0) size 800x600
  RenderBlock {HTML} at (0,0) size 800x600
    RenderBody {BODY} at (8,8) size 784x584
      RenderBlock {DIV} at (0,0) size 784x92 [border: (2px solid #0000FF)]
        RenderText {#text} at (14,14) size 744x63
          text run at (14,14) width 744: "Should see \"foo\" and \"bar\" centered in their own red boxes. The \"baz\" "
          text run at (14,46) width 530: "line should be in its own red box, but not centered."
      RenderBlock {DIV} at (0,116) size 784x180
        RenderBlock {DIV} at (0,0) size 784x60 [border: (2px solid #FF0000)]
          RenderText {#text} at (375,14) size 33x31
            text run at (375,14) width 33: "foo"
        RenderBlock {DIV} at (0,60) size 784x60 [border: (2px solid #FF0000)]
          RenderText {#text} at (375,14) size 34x31
            text run at (375,14) width 34: "bar"
        RenderBlock {DIV} at (0,120) size 784x60 [border: (2px solid #FF0000)]
          RenderText {#text} at (14,14) size 38x31
            text run at (14,14) width 38: "baz"
selection start: position 1 of child 0 {#text} of child 1 {DIV} of child 3 {DIV} of child 1 {BODY} of child 0 {HTML} of document
selection end:   position 2 of child 0 {#text} of child 3 {DIV} of child 3 {DIV} of child 1 {BODY} of child 0 {HTML} of document
