EDITING DELEGATE: shouldBeginEditingInDOMRange:range from 0 of BODY > HTML > #document to 6 of BODY > HTML > #document
EDITING DELEGATE: webViewDidBeginEditing:WebViewDidBeginEditingNotification
EDITING DELEGATE: webViewDidChangeSelection:WebViewDidChangeSelectionNotification
EDITING DELEGATE: webViewDidChangeSelection:WebViewDidChangeSelectionNotification
EDITING DELEGATE: webViewDidChangeSelection:WebViewDidChangeSelectionNotification
EDITING DELEGATE: webViewDidChangeSelection:WebViewDidChangeSelectionNotification
EDITING DELEGATE: shouldChangeSelectedDOMRange:(null) toDOMRange:range from 0 of DIV > DIV > DIV > BODY > HTML > #document to 0 of DIV > DIV > DIV > BODY > HTML > #document affinity:NSSelectionAffinityDownstream stillSelecting:FALSE
EDITING DELEGATE: webViewDidChangeSelection:WebViewDidChangeSelectionNotification
EDITING DELEGATE: webViewDidChange:WebViewDidChangeNotification
layer at (0,0) size 800x600
  RenderView at (0,0) size 800x600
layer at (0,0) size 800x600
  RenderBlock {HTML} at (0,0) size 800x600
    RenderBody {BODY} at (8,8) size 784x584
      RenderBlock {DIV} at (0,0) size 784x92 [border: (2px solid #0000FF)]
        RenderText {#text} at (14,14) size 746x63
          text run at (14,14) width 746: "Should see \"baz\" centered in its own red box inside the box containing "
          text run at (14,46) width 579: "\"foo\". The \"foo\" and \"bar\" lines should not be centered."
      RenderBlock {DIV} at (0,116) size 784x152
        RenderBlock {DIV} at (0,0) size 784x152 [border: (2px solid #FF0000)]
          RenderBlock (anonymous) at (14,14) size 756x32
            RenderText {#text} at (0,0) size 33x31
              text run at (0,0) width 33: "foo"
          RenderBlock {DIV} at (14,46) size 756x60 [border: (2px solid #FF0000)]
            RenderText {#text} at (14,14) size 34x31
              text run at (14,14) width 34: "bar"
          RenderBlock {DIV} at (14,106) size 756x32
            RenderText {#text} at (359,0) size 38x31
              text run at (359,0) width 38: "baz"
          RenderBlock (anonymous) at (14,138) size 756x0
caret: position 0 of child 0 {#text} of child 2 {DIV} of child 1 {DIV} of child 3 {DIV} of child 1 {BODY} of child 0 {HTML} of document
