EDITING DELEGATE: shouldBeginEditingInDOMRange:range from 0 of BODY > HTML > #document to 6 of BODY > HTML > #document
EDITING DELEGATE: webViewDidBeginEditing:WebViewDidBeginEditingNotification
EDITING DELEGATE: webViewDidChangeSelection:WebViewDidChangeSelectionNotification
EDITING DELEGATE: webViewDidChangeSelection:WebViewDidChangeSelectionNotification
EDITING DELEGATE: webViewDidChangeSelection:WebViewDidChangeSelectionNotification
EDITING DELEGATE: webViewDidChangeSelection:WebViewDidChangeSelectionNotification
EDITING DELEGATE: shouldChangeSelectedDOMRange:(null) toDOMRange:range from 0 of DIV > DIV > DIV > DIV > BODY > HTML > #document to 0 of DIV > DIV > DIV > DIV > BODY > HTML > #document affinity:NSSelectionAffinityDownstream stillSelecting:FALSE
EDITING DELEGATE: webViewDidChangeSelection:WebViewDidChangeSelectionNotification
EDITING DELEGATE: webViewDidChange:WebViewDidChangeNotification
layer at (0,0) size 800x600
  RenderView at (0,0) size 800x600
layer at (0,0) size 800x600
  RenderBlock {HTML} at (0,0) size 800x600
    RenderBody {BODY} at (8,8) size 784x584
      RenderBlock {DIV} at (0,0) size 784x92 [border: (2px solid #0000FF)]
        RenderText {#text} at (14,14) size 694x63
          text run at (14,14) width 665: "Should see the \"baz\" line centered in its red box inside the box "
          text run at (14,46) width 694: "containing \"bar\". The \"foo\" and \"bar\" lines should not be centered."
      RenderBlock {DIV} at (0,116) size 784x152
        RenderBlock {DIV} at (0,0) size 784x152 [border: (2px solid #FF0000)]
          RenderBlock (anonymous) at (14,14) size 756x32
            RenderText {#text} at (0,0) size 33x31
              text run at (0,0) width 33: "foo"
          RenderBlock {DIV} at (14,46) size 756x92 [border: (2px solid #FF0000)]
            RenderBlock (anonymous) at (14,14) size 728x32
              RenderText {#text} at (0,0) size 41x31
                text run at (0,0) width 41: "bar "
              RenderBR {BR} at (41,23) size 0x0
            RenderBlock {DIV} at (14,46) size 728x32
              RenderText {#text} at (345,0) size 38x31
                text run at (345,0) width 38: "baz"
            RenderBlock (anonymous) at (14,78) size 728x0
caret: position 0 of child 0 {#text} of child 2 {DIV} of child 1 {DIV} of child 1 {DIV} of child 3 {DIV} of child 1 {BODY} of child 0 {HTML} of document
