EDITING DELEGATE: shouldBeginEditingInDOMRange:range from 0 of SPAN > BODY > HTML > #document to 3 of SPAN > BODY > HTML > #document
EDITING DELEGATE: webViewDidBeginEditing:WebViewDidBeginEditingNotification
EDITING DELEGATE: webViewDidChangeSelection:WebViewDidChangeSelectionNotification
EDITING DELEGATE: shouldChangeSelectedDOMRange:range from 0 of SPAN > BODY > HTML > #document to 0 of SPAN > BODY > HTML > #document toDOMRange:range from 1 of #text > SPAN > BODY > HTML > #document to 30 of #text > SPAN > BODY > HTML > #document affinity:NSSelectionAffinityDownstream stillSelecting:FALSE
EDITING DELEGATE: webViewDidChangeSelection:WebViewDidChangeSelectionNotification
EDITING DELEGATE: shouldEndEditingInDOMRange:range from 0 of SPAN > BODY > HTML > #document to 3 of SPAN > BODY > HTML > #document
EDITING DELEGATE: webViewDidEndEditing:WebViewDidEndEditingNotification
EDITING DELEGATE: shouldBeginEditingInDOMRange:range from 0 of SPAN > BODY > HTML > #document to 0 of SPAN > BODY > HTML > #document
EDITING DELEGATE: webViewDidBeginEditing:WebViewDidBeginEditingNotification
EDITING DELEGATE: webViewDidChangeSelection:WebViewDidChangeSelectionNotification
EDITING DELEGATE: shouldInsertNode:#document-fragment replacingDOMRange:range from 0 of SPAN > BODY > HTML > #document to 0 of SPAN > BODY > HTML > #document givenAction:WebViewInsertActionPasted
EDITING DELEGATE: shouldChangeSelectedDOMRange:range from 0 of SPAN > BODY > HTML > #document to 0 of SPAN > BODY > HTML > #document toDOMRange:range from 29 of #text > SPAN > BODY > HTML > #document to 29 of #text > SPAN > BODY > HTML > #document affinity:NSSelectionAffinityDownstream stillSelecting:FALSE
EDITING DELEGATE: webViewDidChangeSelection:WebViewDidChangeSelectionNotification
EDITING DELEGATE: webViewDidChange:WebViewDidChangeNotification
layer at (0,0) size 800x600
  RenderView at (0,0) size 800x600
layer at (0,0) size 800x600
  RenderBlock {HTML} at (0,0) size 800x600
    RenderBody {BODY} at (8,8) size 784x584
      RenderBlock {P} at (0,0) size 784x19
        RenderText {#text} at (0,0) size 509x19
          text run at (0,0) width 103: "This tests copy. "
          text run at (103,0) width 406: "Non-inheritable styles should be brought down from stylesheets."
      RenderBlock {SPAN} at (0,33) size 784x57
        RenderBlock (anonymous) at (0,0) size 784x19
          RenderText {#text} at (0,0) size 185x19
            text run at (0,0) width 185: "This shouldn't have a border."
        RenderBlock {DIV} at (0,19) size 784x19
          RenderText {#text} at (0,0) size 292x19
            text run at (0,0) width 292: "This should have blue border when its pasted."
        RenderBlock (anonymous) at (0,38) size 784x19
          RenderText {#text} at (0,0) size 185x19
            text run at (0,0) width 185: "This shouldn't have a border."
      RenderBlock {SPAN} at (0,90) size 784x59
        RenderBlock (anonymous) at (0,0) size 784x19
          RenderText {#text} at (0,0) size 185x19
            text run at (0,0) width 185: "This shouldn't have a border."
        RenderBlock {DIV} at (0,19) size 784x21 [border: (1px solid #0000FF)]
          RenderText {#text} at (1,1) size 292x19
            text run at (1,1) width 292: "This should have blue border when its pasted."
        RenderBlock (anonymous) at (0,40) size 784x19
          RenderText {#text} at (0,0) size 185x19
            text run at (0,0) width 185: "This shouldn't have a border."
caret: position 29 of child 2 {#text} of child 5 {SPAN} of child 1 {BODY} of child 0 {HTML} of document
