EDITING DELEGATE: shouldBeginEditingInDOMRange:range from 0 of BODY > HTML > #document to 8 of BODY > HTML > #document
EDITING DELEGATE: webViewDidBeginEditing:WebViewDidBeginEditingNotification
EDITING DELEGATE: webViewDidChangeSelection:WebViewDidChangeSelectionNotification
EDITING DELEGATE: webViewDidChangeSelection:WebViewDidChangeSelectionNotification
EDITING DELEGATE: webViewDidChangeSelection:WebViewDidChangeSelectionNotification
EDITING DELEGATE: webViewDidChangeSelection:WebViewDidChangeSelectionNotification
EDITING DELEGATE: webViewDidChangeSelection:WebViewDidChangeSelectionNotification
EDITING DELEGATE: webViewDidChangeSelection:WebViewDidChangeSelectionNotification
EDITING DELEGATE: webViewDidChangeSelection:WebViewDidChangeSelectionNotification
EDITING DELEGATE: webViewDidChange:WebViewDidChangeNotification
EDITING DELEGATE: webViewDidChange:WebViewDidChangeNotification
EDITING DELEGATE: webViewDidChange:WebViewDidChangeNotification
EDITING DELEGATE: webViewDidChange:WebViewDidChangeNotification
EDITING DELEGATE: webViewDidChange:WebViewDidChangeNotification
EDITING DELEGATE: webViewDidChange:WebViewDidChangeNotification
EDITING DELEGATE: webViewDidChangeSelection:WebViewDidChangeSelectionNotification
EDITING DELEGATE: webViewDidChangeSelection:WebViewDidChangeSelectionNotification
EDITING DELEGATE: webViewDidChangeSelection:WebViewDidChangeSelectionNotification
EDITING DELEGATE: shouldChangeSelectedDOMRange:range from 0 of #text > DIV > DIV > DIV > BODY > HTML > #document to 6 of #text > DIV > DIV > DIV > BODY > HTML > #document toDOMRange:range from 0 of #text > SPAN > DIV > DIV > DIV > BODY > HTML > #document to 6 of #text > SPAN > DIV > DIV > DIV > BODY > HTML > #document affinity:NSSelectionAffinityDownstream stillSelecting:FALSE
EDITING DELEGATE: webViewDidChangeSelection:WebViewDidChangeSelectionNotification
EDITING DELEGATE: webViewDidChange:WebViewDidChangeNotification
EDITING DELEGATE: webViewDidChange:WebViewDidChangeNotification
EDITING DELEGATE: webViewDidChange:WebViewDidChangeNotification
EDITING DELEGATE: webViewDidChange:WebViewDidChangeNotification
EDITING DELEGATE: webViewDidChange:WebViewDidChangeNotification
EDITING DELEGATE: webViewDidChange:WebViewDidChangeNotification
layer at (0,0) size 800x600
  RenderView at (0,0) size 800x600
layer at (0,0) size 800x600
  RenderBlock {HTML} at (0,0) size 800x600
    RenderBody {BODY} at (8,8) size 784x584
      RenderBlock {DIV} at (0,0) size 784x124 [border: (2px solid #0000FF)]
        RenderText {#text} at (14,14) size 715x95
          text run at (14,14) width 715: "Size check should say: 24px. The first two words of the second line "
          text run at (14,46) width 443: "should appear to be 24px. The rest of the "
          text run at (457,46) width 269: "words on the second line "
          text run at (14,78) width 274: "should appear to be 30px."
      RenderBlock {DIV} at (0,148) size 784x32
        RenderText {#text} at (0,0) size 129x31
          text run at (0,0) width 129: "Size check: "
        RenderInline {SPAN} at (0,0) size 51x31
          RenderText {#text} at (129,0) size 51x31
            text run at (129,0) width 51: "24px"
      RenderBlock {DIV} at (0,196) size 784x159
        RenderBlock {DIV} at (0,0) size 784x159 [border: (2px solid #FF0000)]
          RenderBlock (anonymous) at (14,14) size 756x32
            RenderText {#text} at (0,0) size 151x31
              text run at (0,0) width 151: "There is a tide"
          RenderBlock {DIV} at (14,46) size 756x67 [border: (2px solid #FF0000)]
            RenderInline {SPAN} at (0,0) size 60x31
              RenderText {#text} at (14,20) size 60x31
                text run at (14,20) width 60: "In the"
            RenderText {#text} at (74,14) size 190x39
              text run at (74,14) width 190: " affairs of men"
          RenderBlock (anonymous) at (14,113) size 756x32
            RenderText {#text} at (0,0) size 256x31
              text run at (0,0) width 256: "Which taken at the flood"
selection start: position 0 of child 0 {#text} of child 0 {SPAN} of child 1 {DIV} of child 1 {DIV} of child 5 {DIV} of child 1 {BODY} of child 0 {HTML} of document
selection end:   position 6 of child 0 {#text} of child 0 {SPAN} of child 1 {DIV} of child 1 {DIV} of child 5 {DIV} of child 1 {BODY} of child 0 {HTML} of document
