EDITING DELEGATE: shouldBeginEditingInDOMRange:range from 0 of DIV > BODY > HTML > #document to 3 of DIV > BODY > HTML > #document
EDITING DELEGATE: webViewDidBeginEditing:WebViewDidBeginEditingNotification
EDITING DELEGATE: webViewDidChangeSelection:WebViewDidChangeSelectionNotification
EDITING DELEGATE: webViewDidChangeSelection:WebViewDidChangeSelectionNotification
EDITING DELEGATE: webViewDidChangeSelection:WebViewDidChangeSelectionNotification
EDITING DELEGATE: webViewDidChangeSelection:WebViewDidChangeSelectionNotification
EDITING DELEGATE: shouldChangeSelectedDOMRange:(null) toDOMRange:range from 0 of #text > B > DIV > DIV > BODY > HTML > #document to 1 of #text > B > DIV > DIV > BODY > HTML > #document affinity:NSSelectionAffinityDownstream stillSelecting:FALSE
EDITING DELEGATE: webViewDidChangeSelection:WebViewDidChangeSelectionNotification
EDITING DELEGATE: webViewDidChange:WebViewDidChangeNotification
layer at (0,0) size 800x600
  RenderView at (0,0) size 800x600
layer at (0,0) size 800x600
  RenderBlock {HTML} at (0,0) size 800x600
    RenderBody {BODY} at (8,8) size 784x584
      RenderBlock {DIV} at (0,0) size 784x175 [border: (2px solid #0000FF)]
        RenderBlock {DIV} at (14,14) size 756x65
          RenderText {#text} at (0,0) size 77x33
            text run at (0,0) width 77: "Tests: "
          RenderBR {BR} at (0,0) size 0x0
          RenderText {#text} at (0,33) size 660x31
            text run at (0,33) width 660: "Style checks performed on boundaries between style changes."
        RenderBlock {DIV} at (14,95) size 756x66
          RenderText {#text} at (0,0) size 214x33
            text run at (0,0) width 214: "Expected Results: "
          RenderBR {BR} at (214,24) size 0x0
          RenderText {#text} at (0,34) size 480x31
            text run at (0,34) width 480: "Should see this content in the red box below: "
          RenderInline {B} at (0,0) size 28x33
            RenderText {#text} at (480,33) size 28x33
              text run at (480,33) width 28: "ab"
          RenderText {#text} at (0,0) size 0x0
      RenderBlock {DIV} at (0,199) size 784x37
        RenderBlock {DIV} at (0,0) size 784x37 [border: (2px solid #FF0000)]
          RenderInline {B} at (0,0) size 13x33
            RenderText {#text} at (2,2) size 13x33
              text run at (2,2) width 13: "a"
          RenderInline {B} at (0,0) size 15x33
            RenderText {#text} at (15,2) size 15x33
              text run at (15,2) width 15: "b"
selection start: position 0 of child 0 {#text} of child 1 {B} of child 1 {DIV} of child 3 {DIV} of child 1 {BODY} of child 0 {HTML} of document
selection end:   position 1 of child 0 {#text} of child 1 {B} of child 1 {DIV} of child 3 {DIV} of child 1 {BODY} of child 0 {HTML} of document
