layer at (0,0) size 800x600
  RenderView at (0,0) size 800x600
layer at (0,0) size 800x432
  RenderBlock {HTML} at (0,0) size 800x432
    RenderBody {BODY} at (8,20) size 784x312
      RenderBlock {DIV} at (20,0) size 744x112
        RenderInline {SPAN} at (0,0) size 365x56
          RenderText {#text} at (0,0) size 365x56
            text run at (0,0) width 365: "      multiple    "
        RenderText {#text} at (365,0) size 727x112
          text run at (365,0) width 362: "     shadows    "
          text run at (0,56) width 16: " "
      RenderBlock {DIV} at (100,212) size 100x100
