layer at (0,0) size 800x600
  RenderView at (0,0) size 800x600
layer at (0,0) size 800x600
  RenderBlock {HTML} at (0,0) size 800x600
    RenderBody {BODY} at (8,8) size 784x584
      RenderText {#text} at (0,0) size 772x38
        text run at (0,0) width 772: "THIS TEST'S RESULTS ARE NOT CORRECT, SINCE INLINE TABLES ARE NOT BASELINE-ALIGNING PROPERLY, AND"
        text run at (0,19) width 336: "WHEN THEY DO, THE FIRST ROW WILL BE USED. "
      RenderBR {BR} at (336,33) size 0x0
      RenderBlock {P} at (0,45) size 58x42 [border: (2px solid #0000FF)]
        RenderText {#text} at (2,2) size 54x19
          text run at (2,2) width 54: "This text"
        RenderBR {BR} at (56,16) size 0x0
        RenderText {#text} at (2,21) size 54x19
          text run at (2,21) width 54: "This text"
      RenderText {#text} at (58,66) size 4x19
        text run at (58,66) width 4: " "
      RenderBlock {P} at (62,45) size 114x42 [border: (2px solid #0000FF)]
        RenderBlock {SPAN} at (2,2) size 110x38
          RenderText {#text} at (0,0) size 80x19
            text run at (0,0) width 80: "should all be"
          RenderBR {BR} at (80,14) size 0x0
          RenderText {#text} at (0,19) size 110x19
            text run at (0,19) width 110: "should also all be"
      RenderText {#text} at (176,66) size 4x19
        text run at (176,66) width 4: " "
      RenderTable {TABLE} at (180,38) size 44x42 [border: (2px solid #0000FF)]
        RenderTableSection {TBODY} at (2,2) size 40x38
          RenderTableRow {TR} at (0,0) size 40x19
            RenderTableCell {TD} at (0,0) size 40x19 [r=0 c=0 rs=1 cs=1]
              RenderText {#text} at (0,0) size 40x19
                text run at (0,0) width 40: "on the"
          RenderTableRow {TR} at (0,19) size 40x19
            RenderTableCell {TD} at (0,19) size 40x19 [r=1 c=0 rs=1 cs=1]
              RenderText {#text} at (0,0) size 40x19
                text run at (0,0) width 40: "on the"
      RenderText {#text} at (224,66) size 4x19
        text run at (224,66) width 4: " "
      RenderTable {TABLE} at (228,38) size 73x42 [border: (2px solid #0000FF)]
        RenderTableSection {TBODY} at (2,2) size 69x38
          RenderTableRow {TR} at (0,0) size 69x19
            RenderTableCell {TD} at (0,0) size 69x19 [r=0 c=0 rs=1 cs=1]
              RenderText {#text} at (0,0) size 69x19
                text run at (0,0) width 69: "same line. "
          RenderTableRow {TR} at (0,19) size 69x19
            RenderTableCell {TD} at (0,19) size 69x19 [r=1 c=0 rs=1 cs=1]
              RenderText {#text} at (0,0) size 65x19
                text run at (0,0) width 65: "same line."
      RenderText {#text} at (0,0) size 0x0
      RenderText {#text} at (0,0) size 0x0
      RenderText {#text} at (0,0) size 0x0
