layer at (0,0) size 800x600
  RenderView at (0,0) size 800x600
layer at (0,0) size 800x600
  RenderBlock {HTML} at (0,0) size 800x600
    RenderBody {BODY} at (8,8) size 784x584
      RenderBlock {P} at (0,0) size 784x40
        RenderText {#text} at (0,0) size 105x19
          text run at (0,0) width 105: "This is a test for "
        RenderInline {I} at (0,0) size 759x39
          RenderInline {A} at (0,0) size 337x19 [color=#0000EE]
            RenderText {#text} at (105,0) size 337x19
              text run at (105,0) width 337: "http://bugzilla.opendarwin.org/show_bug.cgi?id=9252"
          RenderText {#text} at (442,0) size 759x39
            text run at (442,0) width 4: " "
            text run at (446,0) width 313: "REGRESSION: Very odd roll-over issues (content"
            text run at (0,20) width 87: "disappearing)"
        RenderText {#text} at (87,20) size 4x19
          text run at (87,20) width 4: "."
      RenderBlock {P} at (0,54) size 784x19
        RenderText {#text} at (0,0) size 250x19
          text run at (0,0) width 250: "There should be a green square below."
      RenderBlock {HR} at (0,87) size 784x2 [border: (1px inset #000000)]
      RenderBlock {DIV} at (0,96) size 784x0
      RenderBlock {DIV} at (0,96) size 100x100 [bgcolor=#008000]
