layer at (0,0) size 800x761
  RenderView at (0,0) size 800x600
layer at (0,0) size 800x761
  RenderBlock {HTML} at (0,0) size 800x761
    RenderBody {BODY} at (8,8) size 784x745 [bgcolor=#CCCCCC]
      RenderBlock {P} at (0,0) size 784x20
        RenderInline (generated) at (0,0) size 10x20 [color=#800000]
          RenderText {#text} at (0,0) size 10x20
            text run at (0,0) width 10: "T"
        RenderText {#text} at (10,0) size 345x20
          text run at (10,0) width 345: "he style declarations which apply to the text below are:"
      RenderBlock {PRE} at (0,36) size 784x64
        RenderText {#text} at (0,0) size 312x63
          text run at (0,0) width 248: "P:first-letter {color: maroon;}"
          text run at (248,0) width 0: " "
          text run at (0,16) width 288: ".two:first-letter {font-size: 200%;}"
          text run at (288,16) width 0: " "
          text run at (0,32) width 312: "P.three:first-letter {font-size: 350%;}"
          text run at (312,32) width 0: " "
          text run at (0,48) width 0: " "
      RenderBlock {HR} at (0,113) size 784x2 [border: (1px inset #000000)]
      RenderBlock {P} at (0,131) size 784x60
        RenderInline (generated) at (0,0) size 10x20 [color=#800000]
          RenderText {#text} at (0,0) size 10x20
            text run at (0,0) width 10: "T"
        RenderText {#text} at (10,0) size 764x60
          text run at (10,0) width 434: "he first letter of this paragraph, and only that one, should be maroon. "
          text run at (444,0) width 320: "If this precise combination does not occur, then the"
          text run at (0,20) width 187: "user agent has failed this test. "
          text run at (187,20) width 574: "Remember that in order to ensure a complete test, the paragraph must be displayed on more"
          text run at (0,40) width 85: "than one line."
      RenderBlock {P} at (0,207) size 784x79
        RenderInline (generated) at (0,0) size 20x39 [color=#800000]
          RenderText {#text} at (0,0) size 20x39
            text run at (0,0) width 20: "T"
        RenderText {#text} at (20,15) size 757x64
          text run at (20,15) width 611: "he first letter of this paragraph, and only that one, should be a larger font size, as well as maroon. "
          text run at (631,15) width 84: "If this precise"
          text run at (0,39) width 423: "combination does not occur, then the user agent has failed this test. "
          text run at (423,39) width 334: "Remember that in order to ensure a complete test, the"
          text run at (0,59) width 325: "paragraph must be displayed on more than one line."
      RenderBlock {P} at (0,302) size 784x108
        RenderInline (generated) at (0,0) size 76x68 [color=#800000]
          RenderText {#text} at (0,0) size 76x68
            text run at (0,0) width 76: "\"W"
        RenderText {#text} at (76,37) size 760x71
          text run at (76,37) width 319: "e should check for quotation support,\" it was said. "
          text run at (395,37) width 365: "The first two characters in this paragraph-- a double-quote"
          text run at (0,68) width 578: "mark and a capital 'W'-- should be 350% bigger than the rest of the paragraph, and maroon. "
          text run at (578,68) width 178: "Note that this is not required"
          text run at (0,88) width 228: "under CSS1, but it is recommended."
      RenderTable {TABLE} at (0,426) size 784x319 [border: (1px outset #808080)]
        RenderTableSection {TBODY} at (1,1) size 782x317
          RenderTableRow {TR} at (0,0) size 782x30
            RenderTableCell {TD} at (0,0) size 782x30 [bgcolor=#C0C0C0] [border: (1px inset #808080)] [r=0 c=0 rs=1 cs=2]
              RenderInline {STRONG} at (0,0) size 163x22
                RenderText {#text} at (4,4) size 163x22
                  text run at (4,4) width 163: "TABLE Testing Section"
          RenderTableRow {TR} at (0,30) size 782x287
            RenderTableCell {TD} at (0,159) size 12x28 [bgcolor=#C0C0C0] [border: (1px inset #808080)] [r=1 c=0 rs=1 cs=1]
              RenderText {#text} at (4,4) size 4x20
                text run at (4,4) width 4: " "
            RenderTableCell {TD} at (12,30) size 770x287 [border: (1px inset #808080)] [r=1 c=1 rs=1 cs=1]
              RenderBlock {P} at (4,4) size 762x60
                RenderInline (generated) at (0,0) size 10x20 [color=#800000]
                  RenderText {#text} at (0,0) size 10x20
                    text run at (0,0) width 10: "T"
                RenderText {#text} at (10,0) size 748x60
                  text run at (10,0) width 434: "he first letter of this paragraph, and only that one, should be maroon. "
                  text run at (444,0) width 297: "If this precise combination does not occur, then"
                  text run at (0,20) width 210: "the user agent has failed this test. "
                  text run at (210,20) width 538: "Remember that in order to ensure a complete test, the paragraph must be displayed on"
                  text run at (0,40) width 121: "more than one line."
              RenderBlock {P} at (4,80) size 762x79
                RenderInline (generated) at (0,0) size 20x39 [color=#800000]
                  RenderText {#text} at (0,0) size 20x39
                    text run at (0,0) width 20: "T"
                RenderText {#text} at (20,15) size 757x64
                  text run at (20,15) width 611: "he first letter of this paragraph, and only that one, should be a larger font size, as well as maroon. "
                  text run at (631,15) width 84: "If this precise"
                  text run at (0,39) width 423: "combination does not occur, then the user agent has failed this test. "
                  text run at (423,39) width 334: "Remember that in order to ensure a complete test, the"
                  text run at (0,59) width 325: "paragraph must be displayed on more than one line."
              RenderBlock {P} at (4,175) size 762x108
                RenderInline (generated) at (0,0) size 76x68 [color=#800000]
                  RenderText {#text} at (0,0) size 76x68
                    text run at (0,0) width 76: "\"W"
                RenderText {#text} at (76,37) size 760x71
                  text run at (76,37) width 319: "e should check for quotation support,\" it was said. "
                  text run at (395,37) width 365: "The first two characters in this paragraph-- a double-quote"
                  text run at (0,68) width 578: "mark and a capital 'W'-- should be 350% bigger than the rest of the paragraph, and maroon. "
                  text run at (578,68) width 178: "Note that this is not required"
                  text run at (0,88) width 228: "under CSS1, but it is recommended."
