layer at (0,0) size 800x600
  RenderView at (0,0) size 800x600
layer at (0,0) size 800x600
  RenderBlock {HTML} at (0,0) size 800x600
    RenderBody {BODY} at (8,8) size 784x584
      RenderBlock {H2} at (0,0) size 784x29
        RenderText {#text} at (0,0) size 563x29
          text run at (0,0) width 563: "HTML 4.0 Table Column Proportional Width Constraints"
      RenderBlock {P} at (0,46) size 784x19
        RenderText {#text} at (0,0) size 664x19
          text run at (0,0) width 664: "The table below is 350 pixels wide. The columns are assigned proportional widths using COLs as follows:"
      RenderBlock (anonymous) at (0,79) size 784x76
        RenderInline {TT} at (0,0) size 95x76
          RenderText {#text} at (0,0) size 95x19
            text run at (0,0) width 95: "<col width=50>"
          RenderBR {BR} at (95,14) size 0x0
          RenderText {#text} at (0,19) size 92x19
            text run at (0,19) width 92: "<col width=2*>"
          RenderBR {BR} at (92,33) size 0x0
          RenderText {#text} at (0,38) size 92x19
            text run at (0,38) width 92: "<col width=1*>"
          RenderBR {BR} at (92,52) size 0x0
          RenderText {#text} at (0,57) size 92x19
            text run at (0,57) width 92: "<col width=3*>"
        RenderText {#text} at (0,0) size 0x0
      RenderBlock {P} at (0,169) size 784x76
        RenderText {#text} at (0,0) size 773x76
          text run at (0,0) width 762: "This means the first column should be 50 pixels wide. The remaining width should be divided among the three remaining"
          text run at (0,19) width 766: "columns according to the proportional width statements into six (2+1+3) parts. Since the Table is 350 pixels wide, and the"
          text run at (0,38) width 773: "remaining width is 300 pixels (350-50), the remaining columns should be 100 (2*50), 50 (1*50) and 150 (3*50) pixels wide,"
          text run at (0,57) width 79: "respectively."
      RenderTable {TABLE} at (0,259) size 350x55 [border: (1px outset #808080)]
        RenderTableCol {COLGROUP} at (0,0) size 0x0
          RenderTableCol {COL} at (0,0) size 0x0
          RenderTableCol {COL} at (0,0) size 0x0
          RenderTableCol {COL} at (0,0) size 0x0
          RenderTableCol {COL} at (0,0) size 0x0
        RenderTableSection {TBODY} at (1,1) size 348x53
          RenderTableRow {TR} at (0,2) size 348x24
            RenderTableCell {TH} at (2,2) size 50x24 [border: (1px inset #808080)] [r=0 c=0 rs=1 cs=1]
              RenderText {#text} at (11,2) size 28x20
                text run at (11,2) width 28: "One"
            RenderTableCell {TH} at (54,2) size 96x24 [border: (1px inset #808080)] [r=0 c=1 rs=1 cs=1]
              RenderText {#text} at (33,2) size 29x20
                text run at (33,2) width 29: "Two"
            RenderTableCell {TH} at (152,2) size 94x24 [border: (1px inset #808080)] [r=0 c=2 rs=1 cs=1]
              RenderText {#text} at (27,2) size 39x20
                text run at (27,2) width 39: "Three"
            RenderTableCell {TH} at (248,2) size 98x24 [border: (1px inset #808080)] [r=0 c=3 rs=1 cs=1]
              RenderText {#text} at (33,2) size 32x20
                text run at (33,2) width 32: "Four"
          RenderTableRow {TR} at (0,28) size 348x23
            RenderTableCell {TD} at (2,28) size 50x23 [border: (1px inset #808080)] [r=1 c=0 rs=1 cs=1]
              RenderText {#text} at (2,2) size 26x19
                text run at (2,2) width 26: "Red"
            RenderTableCell {TD} at (54,28) size 96x23 [border: (1px inset #808080)] [r=1 c=1 rs=1 cs=1]
              RenderText {#text} at (2,2) size 40x19
                text run at (2,2) width 40: "Green"
            RenderTableCell {TD} at (152,28) size 94x23 [border: (1px inset #808080)] [r=1 c=2 rs=1 cs=1]
              RenderText {#text} at (2,2) size 28x19
                text run at (2,2) width 28: "Blue"
            RenderTableCell {TD} at (248,28) size 98x23 [border: (1px inset #808080)] [r=1 c=3 rs=1 cs=1]
              RenderText {#text} at (2,2) size 40x19
                text run at (2,2) width 40: "Green"
