layer at (0,0) size 800x751
  RenderView at (0,0) size 800x600
layer at (0,0) size 800x751
  RenderBlock {HTML} at (0,0) size 800x751
    RenderBody {BODY} at (8,18) size 784x725
      RenderBlock {H1} at (0,0) size 784x38
        RenderText {#text} at (0,0) size 418x38
          text run at (0,0) width 418: "caption element: align attribute"
      RenderTable {TABLE} at (0,56) size 76x168 [border: (1px outset #808080)]
        RenderBlock {CAPTION} at (0,0) size 74x114
          RenderText {#text} at (2,0) size 70x114
            text run at (2,0) width 70: "The table's"
            text run at (12,19) width 50: "caption,"
            text run at (14,38) width 45: "with no"
            text run at (20,57) width 34: "align."
            text run at (7,76) width 59: "Default is"
            text run at (20,95) width 34: "\"top\"."
        RenderTableSection {TBODY} at (1,115) size 74x52
          RenderTableRow {TR} at (0,2) size 74x23
            RenderTableCell {TD} at (2,2) size 34x23 [border: (1px inset #808080)] [r=0 c=0 rs=1 cs=1]
              RenderText {#text} at (2,2) size 30x19
                text run at (2,2) width 30: "Data"
            RenderTableCell {TD} at (38,2) size 34x23 [border: (1px inset #808080)] [r=0 c=1 rs=1 cs=1]
              RenderText {#text} at (2,2) size 30x19
                text run at (2,2) width 30: "Data"
          RenderTableRow {TR} at (0,27) size 74x23
            RenderTableCell {TD} at (2,27) size 34x23 [border: (1px inset #808080)] [r=1 c=0 rs=1 cs=1]
              RenderText {#text} at (2,2) size 30x19
                text run at (2,2) width 30: "Data"
            RenderTableCell {TD} at (38,27) size 34x23 [border: (1px inset #808080)] [r=1 c=1 rs=1 cs=1]
              RenderText {#text} at (2,2) size 30x19
                text run at (2,2) width 30: "Data"
      RenderTable {TABLE} at (0,224) size 76x130 [border: (1px outset #808080)]
        RenderBlock {CAPTION} at (0,0) size 74x76
          RenderText {#text} at (2,0) size 72x76
            text run at (2,0) width 70: "The table's"
            text run at (12,19) width 50: "caption,"
            text run at (24,38) width 25: "with"
            text run at (1,57) width 72: "align=\"top\"."
        RenderTableSection {TBODY} at (1,77) size 74x52
          RenderTableRow {TR} at (0,2) size 74x23
            RenderTableCell {TD} at (2,2) size 34x23 [border: (1px inset #808080)] [r=0 c=0 rs=1 cs=1]
              RenderText {#text} at (2,2) size 30x19
                text run at (2,2) width 30: "Data"
            RenderTableCell {TD} at (38,2) size 34x23 [border: (1px inset #808080)] [r=0 c=1 rs=1 cs=1]
              RenderText {#text} at (2,2) size 30x19
                text run at (2,2) width 30: "Data"
          RenderTableRow {TR} at (0,27) size 74x23
            RenderTableCell {TD} at (2,27) size 34x23 [border: (1px inset #808080)] [r=1 c=0 rs=1 cs=1]
              RenderText {#text} at (2,2) size 30x19
                text run at (2,2) width 30: "Data"
            RenderTableCell {TD} at (38,27) size 34x23 [border: (1px inset #808080)] [r=1 c=1 rs=1 cs=1]
              RenderText {#text} at (2,2) size 30x19
                text run at (2,2) width 30: "Data"
      RenderTable {TABLE} at (0,354) size 96x111 [border: (1px outset #808080)]
        RenderBlock {CAPTION} at (0,54) size 94x57
          RenderText {#text} at (12,0) size 96x57
            text run at (12,0) width 70: "The table's"
            text run at (7,19) width 79: "caption, with"
            text run at (0,38) width 96: "align=\"bottom\"."
        RenderTableSection {TBODY} at (1,1) size 94x52
          RenderTableRow {TR} at (0,2) size 94x23
            RenderTableCell {TD} at (2,2) size 44x23 [border: (1px inset #808080)] [r=0 c=0 rs=1 cs=1]
              RenderText {#text} at (2,2) size 30x19
                text run at (2,2) width 30: "Data"
            RenderTableCell {TD} at (48,2) size 44x23 [border: (1px inset #808080)] [r=0 c=1 rs=1 cs=1]
              RenderText {#text} at (2,2) size 30x19
                text run at (2,2) width 30: "Data"
          RenderTableRow {TR} at (0,27) size 94x23
            RenderTableCell {TD} at (2,27) size 44x23 [border: (1px inset #808080)] [r=1 c=0 rs=1 cs=1]
              RenderText {#text} at (2,2) size 30x19
                text run at (2,2) width 30: "Data"
            RenderTableCell {TD} at (48,27) size 44x23 [border: (1px inset #808080)] [r=1 c=1 rs=1 cs=1]
              RenderText {#text} at (2,2) size 30x19
                text run at (2,2) width 30: "Data"
      RenderTable {TABLE} at (0,465) size 76x130 [border: (1px outset #808080)]
        RenderBlock {CAPTION} at (0,0) size 74x76
          RenderText {#text} at (2,0) size 71x76
            text run at (2,0) width 70: "The table's"
            text run at (12,19) width 50: "caption,"
            text run at (24,38) width 25: "with"
            text run at (1,57) width 71: "align=\"left\"."
        RenderTableSection {TBODY} at (1,77) size 74x52
          RenderTableRow {TR} at (0,2) size 74x23
            RenderTableCell {TD} at (2,2) size 34x23 [border: (1px inset #808080)] [r=0 c=0 rs=1 cs=1]
              RenderText {#text} at (2,2) size 30x19
                text run at (2,2) width 30: "Data"
            RenderTableCell {TD} at (38,2) size 34x23 [border: (1px inset #808080)] [r=0 c=1 rs=1 cs=1]
              RenderText {#text} at (2,2) size 30x19
                text run at (2,2) width 30: "Data"
          RenderTableRow {TR} at (0,27) size 74x23
            RenderTableCell {TD} at (2,27) size 34x23 [border: (1px inset #808080)] [r=1 c=0 rs=1 cs=1]
              RenderText {#text} at (2,2) size 30x19
                text run at (2,2) width 30: "Data"
            RenderTableCell {TD} at (38,27) size 34x23 [border: (1px inset #808080)] [r=1 c=1 rs=1 cs=1]
              RenderText {#text} at (2,2) size 30x19
                text run at (2,2) width 30: "Data"
      RenderTable {TABLE} at (0,595) size 80x130 [border: (1px outset #808080)]
        RenderBlock {CAPTION} at (0,0) size 78x76
          RenderText {#text} at (4,0) size 80x76
            text run at (4,0) width 70: "The table's"
            text run at (14,19) width 50: "caption,"
            text run at (26,38) width 25: "with"
            text run at (0,57) width 80: "align=\"right\"."
        RenderTableSection {TBODY} at (1,77) size 78x52
          RenderTableRow {TR} at (0,2) size 78x23
            RenderTableCell {TD} at (2,2) size 36x23 [border: (1px inset #808080)] [r=0 c=0 rs=1 cs=1]
              RenderText {#text} at (2,2) size 30x19
                text run at (2,2) width 30: "Data"
            RenderTableCell {TD} at (40,2) size 36x23 [border: (1px inset #808080)] [r=0 c=1 rs=1 cs=1]
              RenderText {#text} at (2,2) size 30x19
                text run at (2,2) width 30: "Data"
          RenderTableRow {TR} at (0,27) size 78x23
            RenderTableCell {TD} at (2,27) size 36x23 [border: (1px inset #808080)] [r=1 c=0 rs=1 cs=1]
              RenderText {#text} at (2,2) size 30x19
                text run at (2,2) width 30: "Data"
            RenderTableCell {TD} at (40,27) size 36x23 [border: (1px inset #808080)] [r=1 c=1 rs=1 cs=1]
              RenderText {#text} at (2,2) size 30x19
                text run at (2,2) width 30: "Data"
