layer at (0,0) size 800x2315
  RenderView at (0,0) size 800x600
layer at (0,0) size 800x2315
  RenderBlock {HTML} at (0,0) size 800x2315
    RenderBody {BODY} at (8,8) size 784x2299 [bgcolor=#19BCD2]
      RenderTable {TABLE} at (0,0) size 784x199 [bgcolor=#FFA500] [border: (1px outset #808080)]
        RenderTableSection {TBODY} at (1,1) size 782x197
          RenderTableRow {TR} at (0,0) size 782x158
            RenderTableCell {TD} at (0,0) size 782x21 [border: (1px inset #808080)] [r=0 c=0 rs=1 cs=1]
              RenderText {#text} at (1,1) size 157x19
                text run at (1,1) width 157: "80% of table 200px table"
          RenderTableRow {TR} at (0,158) size 782x39
            RenderTableCell {TD} at (0,158) size 782x21 [border: (1px inset #808080)] [r=1 c=0 rs=1 cs=1]
              RenderText {#text} at (1,1) size 157x19
                text run at (1,1) width 157: "20% of table 200px table"
      RenderBlock (anonymous) at (0,199) size 784x19
        RenderBR {BR} at (0,0) size 0x19
      RenderTable {TABLE} at (0,218) size 784x44 [bgcolor=#FFA500] [border: (1px outset #808080)]
        RenderTableSection {TBODY} at (1,1) size 782x42
          RenderTableRow {TR} at (0,0) size 782x21
            RenderTableCell {TD} at (0,0) size 782x21 [border: (1px inset #808080)] [r=0 c=0 rs=1 cs=1]
              RenderText {#text} at (1,1) size 126x19
                text run at (1,1) width 126: "80% of 200px tbody"
          RenderTableRow {TR} at (0,21) size 782x21
            RenderTableCell {TD} at (0,21) size 782x21 [border: (1px inset #808080)] [r=1 c=0 rs=1 cs=1]
              RenderText {#text} at (1,1) size 126x19
                text run at (1,1) width 126: "20% of 200px tbody"
      RenderBlock (anonymous) at (0,262) size 784x19
        RenderBR {BR} at (0,0) size 0x19
      RenderTable {TABLE} at (0,281) size 784x44 [bgcolor=#FFA500] [border: (1px outset #808080)]
        RenderTableSection {TBODY} at (1,1) size 782x42
          RenderTableRow {TR} at (0,0) size 782x21
            RenderTableCell {TD} at (0,0) size 782x21 [border: (1px inset #808080)] [r=0 c=0 rs=1 cs=1]
              RenderText {#text} at (1,1) size 126x19
                text run at (1,1) width 126: "80% of 200px tbody"
          RenderTableRow {TR} at (0,21) size 782x21
            RenderTableCell {TD} at (0,21) size 782x21 [border: (1px inset #808080)] [r=1 c=0 rs=1 cs=1]
              RenderText {#text} at (1,1) size 126x19
                text run at (1,1) width 126: "20% of 200px tbody"
      RenderBlock (anonymous) at (0,325) size 784x19
        RenderBR {BR} at (0,0) size 0x19
      RenderTable {TABLE} at (0,344) size 784x199 [bgcolor=#FFA500] [border: (1px outset #808080)]
        RenderTableSection {TBODY} at (1,1) size 782x197
          RenderTableRow {TR} at (0,0) size 782x158
            RenderTableCell {TD} at (0,0) size 782x21 [border: (1px inset #808080)] [r=0 c=0 rs=1 cs=1]
              RenderText {#text} at (1,1) size 149x19
                text run at (1,1) width 149: "row 80% of 200px table"
          RenderTableRow {TR} at (0,158) size 782x39
            RenderTableCell {TD} at (0,158) size 782x21 [border: (1px inset #808080)] [r=1 c=0 rs=1 cs=1]
              RenderText {#text} at (1,1) size 149x19
                text run at (1,1) width 149: "row 20% of 200px table"
      RenderBlock (anonymous) at (0,543) size 784x19
        RenderBR {BR} at (0,0) size 0x19
      RenderTable {TABLE} at (0,562) size 784x44 [bgcolor=#FFA500] [border: (1px outset #808080)]
        RenderTableSection {TBODY} at (1,1) size 782x42
          RenderTableRow {TR} at (0,0) size 782x21
            RenderTableCell {TD} at (0,0) size 782x21 [border: (1px inset #808080)] [r=0 c=0 rs=1 cs=1]
              RenderText {#text} at (1,1) size 153x19
                text run at (1,1) width 153: "row 80% of 200px tbody"
          RenderTableRow {TR} at (0,21) size 782x21
            RenderTableCell {TD} at (0,21) size 782x21 [border: (1px inset #808080)] [r=1 c=0 rs=1 cs=1]
              RenderText {#text} at (1,1) size 153x19
                text run at (1,1) width 153: "row 20% of 200px tbody"
      RenderBlock (anonymous) at (0,606) size 784x19
        RenderBR {BR} at (0,0) size 0x19
      RenderTable {TABLE} at (0,625) size 784x389 [bgcolor=#FFA500] [border: (1px outset #808080)]
        RenderTableSection {TBODY} at (1,1) size 782x387
          RenderTableRow {TR} at (0,0) size 782x387
            RenderTableCell {TD} at (0,0) size 782x387 [border: (1px inset #808080)] [r=0 c=0 rs=1 cs=1]
              RenderTable {TABLE} at (1,1) size 780x100 [bgcolor=#FFFF00]
                RenderTableSection {TBODY} at (0,0) size 780x100
                  RenderTableRow {TR} at (0,0) size 780x100
                    RenderTableCell {TD} at (0,40) size 780x19 [r=0 c=0 rs=1 cs=1]
                      RenderText {#text} at (0,0) size 11x19
                        text run at (0,0) width 11: " x"
              RenderTable {TABLE} at (1,101) size 780x285
                RenderTableSection {TBODY} at (0,0) size 780x285
                  RenderTableRow {TR} at (0,0) size 780x285
                    RenderTableCell {TD} at (0,0) size 780x285 [bgcolor=#E0FFFF] [r=0 c=0 rs=1 cs=1]
                      RenderText {#text} at (0,0) size 107x19
                        text run at (0,0) width 76: "yuiyututuyu "
                        text run at (76,0) width 31: "fesfe"
                      RenderBR {BR} at (107,14) size 0x0
                      RenderText {#text} at (0,19) size 4x19
                        text run at (0,19) width 4: " "
                      RenderBR {BR} at (4,33) size 0x0
                      RenderText {#text} at (0,38) size 4x19
                        text run at (0,38) width 4: " "
                      RenderBR {BR} at (4,52) size 0x0
                      RenderText {#text} at (0,57) size 4x19
                        text run at (0,57) width 4: " "
                      RenderBR {BR} at (4,71) size 0x0
                      RenderText {#text} at (0,76) size 4x19
                        text run at (0,76) width 4: " "
                      RenderBR {BR} at (4,90) size 0x0
                      RenderText {#text} at (0,95) size 4x19
                        text run at (0,95) width 4: " "
                      RenderBR {BR} at (4,109) size 0x0
                      RenderText {#text} at (0,114) size 4x19
                        text run at (0,114) width 4: " "
                      RenderBR {BR} at (4,128) size 0x0
                      RenderText {#text} at (0,133) size 4x19
                        text run at (0,133) width 4: " "
                      RenderBR {BR} at (4,147) size 0x0
                      RenderText {#text} at (0,152) size 4x19
                        text run at (0,152) width 4: " "
                      RenderBR {BR} at (4,166) size 0x0
                      RenderText {#text} at (0,171) size 4x19
                        text run at (0,171) width 4: " "
                      RenderBR {BR} at (4,185) size 0x0
                      RenderText {#text} at (0,190) size 4x19
                        text run at (0,190) width 4: " "
                      RenderBR {BR} at (4,204) size 0x0
                      RenderText {#text} at (0,209) size 4x19
                        text run at (0,209) width 4: " "
                      RenderBR {BR} at (4,223) size 0x0
                      RenderText {#text} at (0,228) size 4x19
                        text run at (0,228) width 4: " "
                      RenderBR {BR} at (4,242) size 0x0
                      RenderText {#text} at (0,247) size 4x19
                        text run at (0,247) width 4: " "
                      RenderBR {BR} at (4,261) size 0x0
                      RenderText {#text} at (0,266) size 4x19
                        text run at (0,266) width 4: " "
      RenderBlock (anonymous) at (0,1014) size 784x19
        RenderBR {BR} at (0,0) size 0x19
      RenderTable {TABLE} at (0,1033) size 600x400 [border: (1px outset #808080)]
        RenderTableSection {TBODY} at (1,1) size 598x398
          RenderTableRow {TR} at (0,2) size 598x394
            RenderTableCell {TD} at (2,2) size 594x394 [border: (1px inset #808080)] [r=0 c=0 rs=1 cs=1]
              RenderTable {TABLE} at (2,2) size 590x390 [border: (1px outset #808080)]
                RenderTableSection {TBODY} at (1,1) size 588x388
                  RenderTableRow {TR} at (0,2) size 588x384
                    RenderTableCell {TD} at (2,2) size 584x384 [border: (1px inset #808080)] [r=0 c=0 rs=1 cs=1]
                      RenderTable {TABLE} at (2,2) size 580x380 [border: (1px outset #808080)]
                        RenderTableSection {TBODY} at (1,1) size 578x378
                          RenderTableRow {TR} at (0,2) size 578x374
                            RenderTableCell {TD} at (2,177) size 574x23 [border: (1px inset #808080)] [r=0 c=0 rs=1 cs=1]
                              RenderText {#text} at (2,2) size 20x19
                                text run at (2,2) width 20: "foo"
      RenderBlock (anonymous) at (0,1433) size 784x19
        RenderBR {BR} at (0,0) size 0x19
      RenderTable {TABLE} at (0,1452) size 62x23 [border: (1px outset #808080)]
        RenderTableSection {TBODY} at (1,1) size 60x21
          RenderTableRow {TR} at (0,0) size 60x0
            RenderTableCell {TD} at (0,0) size 60x21 [border: (1px inset #808080)] [r=0 c=0 rs=2 cs=1]
              RenderText {#text} at (1,1) size 58x19
                text run at (1,1) width 58: "blah blah"
          RenderTableRow {TR} at (0,0) size 60x21
      RenderBlock (anonymous) at (0,1475) size 784x19
        RenderBR {BR} at (0,0) size 0x19
      RenderTable {TABLE} at (0,1494) size 602x364 [border: (1px outset #808080)]
        RenderTableSection {TBODY} at (1,1) size 600x362
          RenderTableRow {TR} at (0,0) size 600x0
            RenderTableCell {TD} at (0,0) size 512x362 [bgcolor=#FFFFFF] [border: (1px inset #808080)] [r=0 c=0 rs=2 cs=2]
              RenderImage {IMG} at (1,1) size 132x360
          RenderTableRow {TR} at (0,0) size 600x362
            RenderTableCell {TD} at (512,170) size 88x21 [border: (1px inset #808080)] [r=1 c=2 rs=1 cs=6]
              RenderText {#text} at (66,1) size 21x19
                text run at (66,1) width 21: "xxx"
      RenderBlock (anonymous) at (0,1858) size 784x19
        RenderBR {BR} at (0,0) size 0x19
      RenderTable {TABLE} at (18,1877) size 748x422 [bgcolor=#808080]
        RenderTableSection {TBODY} at (0,0) size 748x422
          RenderTableRow {TR} at (0,4) size 748x414
            RenderTableCell {TD} at (4,4) size 740x414 [r=0 c=0 rs=1 cs=1]
              RenderTable {TABLE} at (3,3) size 734x408 [bgcolor=#FFA500] [border: (1px outset #808080)]
                RenderTableSection {TBODY} at (1,1) size 732x406
                  RenderTableRow {TR} at (0,0) size 732x406
                    RenderTableCell {TD} at (0,0) size 732x406 [border: (1px inset #808080)] [r=0 c=0 rs=1 cs=1]
                      RenderBlock (anonymous) at (1,1) size 730x19
                        RenderText {#text} at (0,0) size 7x19
                          text run at (0,0) width 7: "x"
                      RenderTable {TABLE} at (1,20) size 730x100 [bgcolor=#FFFF00]
                        RenderTableSection {TBODY} at (0,0) size 730x100
                          RenderTableRow {TR} at (0,0) size 730x100
                            RenderTableCell {TD} at (0,40) size 730x19 [r=0 c=0 rs=1 cs=1]
                              RenderText {#text} at (0,0) size 4x19
                                text run at (0,0) width 4: " "
                      RenderTable {TABLE} at (1,120) size 730x285
                        RenderTableSection {TBODY} at (0,0) size 730x285
                          RenderTableRow {TR} at (0,0) size 730x285
                            RenderTableCell {TD} at (0,0) size 730x285 [bgcolor=#E0FFFF] [r=0 c=0 rs=1 cs=1]
                              RenderText {#text} at (0,0) size 111x19
                                text run at (0,0) width 76: "yuiyututuyu "
                                text run at (76,0) width 35: "fesf e"
                              RenderBR {BR} at (111,14) size 0x0
                              RenderText {#text} at (0,19) size 4x19
                                text run at (0,19) width 4: " "
                              RenderBR {BR} at (4,33) size 0x0
                              RenderText {#text} at (0,38) size 4x19
                                text run at (0,38) width 4: " "
                              RenderBR {BR} at (4,52) size 0x0
                              RenderText {#text} at (0,57) size 4x19
                                text run at (0,57) width 4: " "
                              RenderBR {BR} at (4,71) size 0x0
                              RenderText {#text} at (0,76) size 4x19
                                text run at (0,76) width 4: " "
                              RenderBR {BR} at (4,90) size 0x0
                              RenderText {#text} at (0,95) size 4x19
                                text run at (0,95) width 4: " "
                              RenderBR {BR} at (4,109) size 0x0
                              RenderText {#text} at (0,114) size 4x19
                                text run at (0,114) width 4: " "
                              RenderBR {BR} at (4,128) size 0x0
                              RenderText {#text} at (0,133) size 4x19
                                text run at (0,133) width 4: " "
                              RenderBR {BR} at (4,147) size 0x0
                              RenderText {#text} at (0,152) size 4x19
                                text run at (0,152) width 4: " "
                              RenderBR {BR} at (4,166) size 0x0
                              RenderText {#text} at (0,171) size 4x19
                                text run at (0,171) width 4: " "
                              RenderBR {BR} at (4,185) size 0x0
                              RenderText {#text} at (0,190) size 4x19
                                text run at (0,190) width 4: " "
                              RenderBR {BR} at (4,204) size 0x0
                              RenderText {#text} at (0,209) size 4x19
                                text run at (0,209) width 4: " "
                              RenderBR {BR} at (4,223) size 0x0
                              RenderText {#text} at (0,228) size 4x19
                                text run at (0,228) width 4: " "
                              RenderBR {BR} at (4,242) size 0x0
                              RenderText {#text} at (0,247) size 4x19
                                text run at (0,247) width 4: " "
                              RenderBR {BR} at (4,261) size 0x0
                              RenderText {#text} at (0,266) size 4x19
                                text run at (0,266) width 4: " "
