layer at (0,0) size 800x664
  RenderView at (0,0) size 800x600
layer at (0,0) size 800x664
  RenderBlock {HTML} at (0,0) size 800x664
    RenderBody {BODY} at (8,8) size 784x648
      RenderTable {TABLE} at (0,0) size 784x648
        RenderTableSection {TBODY} at (0,0) size 784x648
          RenderTableRow {TR} at (0,0) size 784x324
            RenderTableCell {TD} at (0,0) size 243x324 [r=0 c=0 rs=1 cs=1]
              RenderTable {TABLE} at (0,0) size 243x324
                RenderTableSection {THEAD} at (0,0) size 243x20
                  RenderTableRow {TR} at (0,0) size 243x20
                    RenderTableCell {TH} at (0,0) size 243x20 [r=0 c=0 rs=1 cs=1]
                      RenderText {#text} at (85,0) size 72x20
                        text run at (85,0) width 72: "Header 1/1"
                RenderTableSection {TBODY} at (0,20) size 243x304
                  RenderTableRow {TR} at (0,0) size 243x304
                    RenderTableCell {TD} at (0,0) size 243x304 [r=0 c=0 rs=1 cs=1]
                      RenderText {#text} at (0,0) size 239x304
                        text run at (0,0) width 239: "1 2 3 - - - - - - - - - - - - - - - - - - - - - - -"
                        text run at (0,19) width 239: "- - - - - - - - - - - - - - - - - - - - - - - - - - -"
                        text run at (0,38) width 239: "- - - - - - - - - - - - - - - - - - - - - - - - - - -"
                        text run at (0,57) width 239: "- - - - - - - - - - - - - - - - - - - - - - - - - - -"
                        text run at (0,76) width 239: "- - - - - - - - - - - - - - - - - - - - - - - - - - -"
                        text run at (0,95) width 239: "- - - - - - - - - - - - - - - - - - - - - - - - - - -"
                        text run at (0,114) width 239: "- - - - - - - - - - - - - - - - - - - - - - - - - - -"
                        text run at (0,133) width 198: "- - - - - - - - - - - - - - - - - - - - - - "
                        text run at (198,133) width 41: "- - - - -"
                        text run at (0,152) width 239: "- - - - - - - - - - - - - - - - - - - - - - - - - - -"
                        text run at (0,171) width 239: "- - - - - - - - - - - - - - - - - - - - - - - - - - -"
                        text run at (0,190) width 239: "- - - - - - - - - - - - - - - - - - - - - - - - - - -"
                        text run at (0,209) width 239: "- - - - - - - - - - - - - - - - - - - - - - - - - - -"
                        text run at (0,228) width 239: "- - - - - - - - - - - - - - - - - - - - - - - - - - -"
                        text run at (0,247) width 239: "- - - - - - - - - - - - - - - - - - - - - - - - - - -"
                        text run at (0,266) width 239: "- - - - - - - - - - - - - - - - - - - - - - - - - - -"
                        text run at (0,285) width 140: "- - - - - - - - - - - - - - - -"
            RenderTableCell {TD} at (243,0) size 324x324 [r=0 c=1 rs=1 cs=1]
              RenderTable {TABLE} at (0,0) size 324x324
                RenderTableSection {THEAD} at (0,0) size 324x20
                  RenderTableRow {TR} at (0,0) size 324x20
                    RenderTableCell {TH} at (0,0) size 324x20 [r=0 c=0 rs=1 cs=1]
                      RenderText {#text} at (126,0) size 72x20
                        text run at (126,0) width 72: "Header 2/1"
                RenderTableSection {TBODY} at (0,20) size 324x304
                  RenderTableRow {TR} at (0,0) size 324x304
                    RenderTableCell {TD} at (0,0) size 324x304 [r=0 c=0 rs=1 cs=1]
                      RenderText {#text} at (0,0) size 320x304
                        text run at (0,0) width 320: "1 2 3 # # # # # # # # # # # # # # # # # # # # # # # #"
                        text run at (0,19) width 320: "# # # # # # # # # # # # # # # # # # # # # # # # # # #"
                        text run at (0,38) width 320: "# # # # # # # # # # # # # # # # # # # # # # # # # # #"
                        text run at (0,57) width 320: "# # # # # # # # # # # # # # # # # # # # # # # # # # #"
                        text run at (0,76) width 320: "# # # # # # # # # # # # # # # # # # # # # # # # # # #"
                        text run at (0,95) width 320: "# # # # # # # # # # # # # # # # # # # # # # # # # # #"
                        text run at (0,114) width 320: "# # # # # # # # # # # # # # # # # # # # # # # # # # #"
                        text run at (0,133) width 252: "# # # # # # # # # # # # # # # # # # # # # "
                        text run at (252,133) width 68: "# # # # # #"
                        text run at (0,152) width 320: "# # # # # # # # # # # # # # # # # # # # # # # # # # #"
                        text run at (0,171) width 320: "# # # # # # # # # # # # # # # # # # # # # # # # # # #"
                        text run at (0,190) width 320: "# # # # # # # # # # # # # # # # # # # # # # # # # # #"
                        text run at (0,209) width 320: "# # # # # # # # # # # # # # # # # # # # # # # # # # #"
                        text run at (0,228) width 320: "# # # # # # # # # # # # # # # # # # # # # # # # # # #"
                        text run at (0,247) width 320: "# # # # # # # # # # # # # # # # # # # # # # # # # # #"
                        text run at (0,266) width 320: "# # # # # # # # # # # # # # # # # # # # # # # # # # #"
                        text run at (0,285) width 176: "# # # # # # # # # # # # # # #"
            RenderTableCell {TD} at (567,0) size 217x324 [r=0 c=2 rs=1 cs=1]
              RenderTable {TABLE} at (0,0) size 217x324
                RenderTableSection {THEAD} at (0,0) size 217x20
                  RenderTableRow {TR} at (0,0) size 217x20
                    RenderTableCell {TH} at (0,0) size 217x20 [r=0 c=0 rs=1 cs=1]
                      RenderText {#text} at (72,0) size 72x20
                        text run at (72,0) width 72: "Header 3/1"
                RenderTableSection {TBODY} at (0,20) size 217x304
                  RenderTableRow {TR} at (0,0) size 217x304
                    RenderTableCell {TD} at (0,0) size 217x304 [r=0 c=0 rs=1 cs=1]
                      RenderText {#text} at (0,0) size 216x304
                        text run at (0,0) width 216: "1 2 3 ! ! ! ! ! ! ! ! ! ! ! ! ! ! ! ! ! ! ! ! ! ! !"
                        text run at (0,19) width 212: "! ! ! ! ! ! ! ! ! ! ! ! ! ! ! ! ! ! ! ! ! ! ! ! ! ! !"
                        text run at (0,38) width 212: "! ! ! ! ! ! ! ! ! ! ! ! ! ! ! ! ! ! ! ! ! ! ! ! ! ! !"
                        text run at (0,57) width 212: "! ! ! ! ! ! ! ! ! ! ! ! ! ! ! ! ! ! ! ! ! ! ! ! ! ! !"
                        text run at (0,76) width 212: "! ! ! ! ! ! ! ! ! ! ! ! ! ! ! ! ! ! ! ! ! ! ! ! ! ! !"
                        text run at (0,95) width 212: "! ! ! ! ! ! ! ! ! ! ! ! ! ! ! ! ! ! ! ! ! ! ! ! ! ! !"
                        text run at (0,114) width 212: "! ! ! ! ! ! ! ! ! ! ! ! ! ! ! ! ! ! ! ! ! ! ! ! ! ! !"
                        text run at (0,133) width 176: "! ! ! ! ! ! ! ! ! ! ! ! ! ! ! ! ! ! ! ! ! ! "
                        text run at (176,133) width 36: "! ! ! ! !"
                        text run at (0,152) width 212: "! ! ! ! ! ! ! ! ! ! ! ! ! ! ! ! ! ! ! ! ! ! ! ! ! ! !"
                        text run at (0,171) width 212: "! ! ! ! ! ! ! ! ! ! ! ! ! ! ! ! ! ! ! ! ! ! ! ! ! ! !"
                        text run at (0,190) width 212: "! ! ! ! ! ! ! ! ! ! ! ! ! ! ! ! ! ! ! ! ! ! ! ! ! ! !"
                        text run at (0,209) width 212: "! ! ! ! ! ! ! ! ! ! ! ! ! ! ! ! ! ! ! ! ! ! ! ! ! ! !"
                        text run at (0,228) width 212: "! ! ! ! ! ! ! ! ! ! ! ! ! ! ! ! ! ! ! ! ! ! ! ! ! ! !"
                        text run at (0,247) width 212: "! ! ! ! ! ! ! ! ! ! ! ! ! ! ! ! ! ! ! ! ! ! ! ! ! ! !"
                        text run at (0,266) width 212: "! ! ! ! ! ! ! ! ! ! ! ! ! ! ! ! ! ! ! ! ! ! ! ! ! ! !"
                        text run at (0,285) width 124: "! ! ! ! ! ! ! ! ! ! ! ! ! ! ! !"
            RenderTableCell {TD} at (784,0) size 0x0 [r=0 c=3 rs=1 cs=1]
          RenderTableRow {TR} at (0,324) size 784x324
            RenderTableCell {TD} at (0,324) size 243x324 [r=1 c=0 rs=1 cs=1]
              RenderTable {TABLE} at (0,0) size 243x324
                RenderTableSection {THEAD} at (0,0) size 243x20
                  RenderTableRow {TR} at (0,0) size 243x20
                    RenderTableCell {TH} at (0,0) size 243x20 [r=0 c=0 rs=1 cs=1]
                      RenderText {#text} at (85,0) size 72x20
                        text run at (85,0) width 72: "Header 1/2"
                RenderTableSection {TBODY} at (0,20) size 243x304
                  RenderTableRow {TR} at (0,0) size 243x304
                    RenderTableCell {TD} at (0,0) size 243x304 [r=0 c=0 rs=1 cs=1]
                      RenderText {#text} at (0,0) size 239x304
                        text run at (0,0) width 239: "1 2 3 - - - - - - - - - - - - - - - - - - - - - - -"
                        text run at (0,19) width 239: "- - - - - - - - - - - - - - - - - - - - - - - - - - -"
                        text run at (0,38) width 239: "- - - - - - - - - - - - - - - - - - - - - - - - - - -"
                        text run at (0,57) width 239: "- - - - - - - - - - - - - - - - - - - - - - - - - - -"
                        text run at (0,76) width 239: "- - - - - - - - - - - - - - - - - - - - - - - - - - -"
                        text run at (0,95) width 239: "- - - - - - - - - - - - - - - - - - - - - - - - - - -"
                        text run at (0,114) width 239: "- - - - - - - - - - - - - - - - - - - - - - - - - - -"
                        text run at (0,133) width 198: "- - - - - - - - - - - - - - - - - - - - - - "
                        text run at (198,133) width 41: "- - - - -"
                        text run at (0,152) width 239: "- - - - - - - - - - - - - - - - - - - - - - - - - - -"
                        text run at (0,171) width 239: "- - - - - - - - - - - - - - - - - - - - - - - - - - -"
                        text run at (0,190) width 239: "- - - - - - - - - - - - - - - - - - - - - - - - - - -"
                        text run at (0,209) width 239: "- - - - - - - - - - - - - - - - - - - - - - - - - - -"
                        text run at (0,228) width 239: "- - - - - - - - - - - - - - - - - - - - - - - - - - -"
                        text run at (0,247) width 239: "- - - - - - - - - - - - - - - - - - - - - - - - - - -"
                        text run at (0,266) width 239: "- - - - - - - - - - - - - - - - - - - - - - - - - - -"
                        text run at (0,285) width 140: "- - - - - - - - - - - - - - - -"
            RenderTableCell {TD} at (243,324) size 324x324 [r=1 c=1 rs=1 cs=1]
              RenderTable {TABLE} at (0,0) size 324x324
                RenderTableSection {THEAD} at (0,0) size 324x20
                  RenderTableRow {TR} at (0,0) size 324x20
                    RenderTableCell {TH} at (0,0) size 324x20 [r=0 c=0 rs=1 cs=1]
                      RenderText {#text} at (126,0) size 72x20
                        text run at (126,0) width 72: "Header 2/2"
                RenderTableSection {TBODY} at (0,20) size 324x304
                  RenderTableRow {TR} at (0,0) size 324x304
                    RenderTableCell {TD} at (0,0) size 324x304 [r=0 c=0 rs=1 cs=1]
                      RenderText {#text} at (0,0) size 320x304
                        text run at (0,0) width 320: "1 2 3 # # # # # # # # # # # # # # # # # # # # # # # #"
                        text run at (0,19) width 320: "# # # # # # # # # # # # # # # # # # # # # # # # # # #"
                        text run at (0,38) width 320: "# # # # # # # # # # # # # # # # # # # # # # # # # # #"
                        text run at (0,57) width 320: "# # # # # # # # # # # # # # # # # # # # # # # # # # #"
                        text run at (0,76) width 320: "# # # # # # # # # # # # # # # # # # # # # # # # # # #"
                        text run at (0,95) width 320: "# # # # # # # # # # # # # # # # # # # # # # # # # # #"
                        text run at (0,114) width 320: "# # # # # # # # # # # # # # # # # # # # # # # # # # #"
                        text run at (0,133) width 252: "# # # # # # # # # # # # # # # # # # # # # "
                        text run at (252,133) width 68: "# # # # # #"
                        text run at (0,152) width 320: "# # # # # # # # # # # # # # # # # # # # # # # # # # #"
                        text run at (0,171) width 320: "# # # # # # # # # # # # # # # # # # # # # # # # # # #"
                        text run at (0,190) width 320: "# # # # # # # # # # # # # # # # # # # # # # # # # # #"
                        text run at (0,209) width 320: "# # # # # # # # # # # # # # # # # # # # # # # # # # #"
                        text run at (0,228) width 320: "# # # # # # # # # # # # # # # # # # # # # # # # # # #"
                        text run at (0,247) width 320: "# # # # # # # # # # # # # # # # # # # # # # # # # # #"
                        text run at (0,266) width 320: "# # # # # # # # # # # # # # # # # # # # # # # # # # #"
                        text run at (0,285) width 176: "# # # # # # # # # # # # # # #"
            RenderTableCell {TD} at (567,324) size 217x324 [r=1 c=2 rs=1 cs=1]
              RenderTable {TABLE} at (0,0) size 217x324
                RenderTableSection {THEAD} at (0,0) size 217x20
                  RenderTableRow {TR} at (0,0) size 217x20
                    RenderTableCell {TH} at (0,0) size 217x20 [r=0 c=0 rs=1 cs=1]
                      RenderText {#text} at (72,0) size 72x20
                        text run at (72,0) width 72: "Header 3/2"
                RenderTableSection {TBODY} at (0,20) size 217x304
                  RenderTableRow {TR} at (0,0) size 217x304
                    RenderTableCell {TD} at (0,0) size 217x304 [r=0 c=0 rs=1 cs=1]
                      RenderText {#text} at (0,0) size 216x304
                        text run at (0,0) width 216: "1 2 3 ! ! ! ! ! ! ! ! ! ! ! ! ! ! ! ! ! ! ! ! ! ! !"
                        text run at (0,19) width 212: "! ! ! ! ! ! ! ! ! ! ! ! ! ! ! ! ! ! ! ! ! ! ! ! ! ! !"
                        text run at (0,38) width 212: "! ! ! ! ! ! ! ! ! ! ! ! ! ! ! ! ! ! ! ! ! ! ! ! ! ! !"
                        text run at (0,57) width 212: "! ! ! ! ! ! ! ! ! ! ! ! ! ! ! ! ! ! ! ! ! ! ! ! ! ! !"
                        text run at (0,76) width 212: "! ! ! ! ! ! ! ! ! ! ! ! ! ! ! ! ! ! ! ! ! ! ! ! ! ! !"
                        text run at (0,95) width 212: "! ! ! ! ! ! ! ! ! ! ! ! ! ! ! ! ! ! ! ! ! ! ! ! ! ! !"
                        text run at (0,114) width 212: "! ! ! ! ! ! ! ! ! ! ! ! ! ! ! ! ! ! ! ! ! ! ! ! ! ! !"
                        text run at (0,133) width 176: "! ! ! ! ! ! ! ! ! ! ! ! ! ! ! ! ! ! ! ! ! ! "
                        text run at (176,133) width 36: "! ! ! ! !"
                        text run at (0,152) width 212: "! ! ! ! ! ! ! ! ! ! ! ! ! ! ! ! ! ! ! ! ! ! ! ! ! ! !"
                        text run at (0,171) width 212: "! ! ! ! ! ! ! ! ! ! ! ! ! ! ! ! ! ! ! ! ! ! ! ! ! ! !"
                        text run at (0,190) width 212: "! ! ! ! ! ! ! ! ! ! ! ! ! ! ! ! ! ! ! ! ! ! ! ! ! ! !"
                        text run at (0,209) width 212: "! ! ! ! ! ! ! ! ! ! ! ! ! ! ! ! ! ! ! ! ! ! ! ! ! ! !"
                        text run at (0,228) width 212: "! ! ! ! ! ! ! ! ! ! ! ! ! ! ! ! ! ! ! ! ! ! ! ! ! ! !"
                        text run at (0,247) width 212: "! ! ! ! ! ! ! ! ! ! ! ! ! ! ! ! ! ! ! ! ! ! ! ! ! ! !"
                        text run at (0,266) width 212: "! ! ! ! ! ! ! ! ! ! ! ! ! ! ! ! ! ! ! ! ! ! ! ! ! ! !"
                        text run at (0,285) width 124: "! ! ! ! ! ! ! ! ! ! ! ! ! ! ! !"
