layer at (0,0) size 800x1427
  RenderView at (0,0) size 800x600
layer at (0,0) size 800x1427
  RenderBlock {HTML} at (0,0) size 800x1427
    RenderBody {BODY} at (8,8) size 784x1411
      RenderTable {TABLE} at (0,0) size 200x120 [bgcolor=#FFA500] [border: (10px solid #0000FF)]
        RenderBlock {CAPTION} at (0,0) size 150x19
          RenderText {#text} at (20,0) size 110x19
            text run at (20,0) width 110: "clip at table-outer"
        RenderTableSection {TBODY} at (25,44) size 150x51
          RenderTableRow {TR} at (0,15) size 150x21
            RenderTableCell {TD} at (15,15) size 52x21 [bgcolor=#FFFF00] [r=0 c=0 rs=1 cs=1]
              RenderText {#text} at (1,1) size 29x19
                text run at (1,1) width 29: "cell1"
            RenderTableCell {TD} at (82,15) size 53x21 [bgcolor=#FFFF00] [r=0 c=1 rs=1 cs=1]
              RenderText {#text} at (1,1) size 130x19
                text run at (1,1) width 130: "contentwithoutspace"
      RenderBlock (anonymous) at (0,120) size 784x19
        RenderBR {BR} at (0,0) size 0x19
      RenderTable {TABLE} at (0,259) size 200x156 [bgcolor=#FFA500] [border: (10px solid #0000FF)]
        RenderBlock {CAPTION} at (0,0) size 150x19
          RenderText {#text} at (50,0) size 50x19
            text run at (50,0) width 50: "clip at tr"
        RenderTableSection {TBODY} at (25,44) size 150x87
          RenderTableRow {TR} at (0,51) size 150x21
            RenderTableCell {TD} at (15,51) size 52x21 [bgcolor=#FFFF00] [r=1 c=0 rs=1 cs=1]
              RenderText {#text} at (1,1) size 29x19
                text run at (1,1) width 29: "cell1"
            RenderTableCell {TD} at (82,51) size 53x21 [bgcolor=#FFFF00] [r=1 c=1 rs=1 cs=1]
              RenderText {#text} at (1,1) size 130x19
                text run at (1,1) width 130: "contentwithoutspace"
      RenderTable {TABLE} at (0,415) size 200x156 [bgcolor=#FFA500] [border: (10px solid #0000FF)]
        RenderTableCol {COLGROUP} at (0,0) size 0x0
          RenderTableCol {COL} at (0,0) size 0x0
          RenderTableCol {COL} at (0,0) size 0x0
        RenderBlock {CAPTION} at (0,0) size 150x19
          RenderText {#text} at (39,0) size 71x19
            text run at (39,0) width 71: "clip column"
        RenderTableSection {TBODY} at (25,44) size 150x87
          RenderTableRow {TR} at (0,15) size 150x21
            RenderTableCell {TD} at (15,15) size 52x21 [bgcolor=#FFFF00] [r=0 c=0 rs=1 cs=1]
              RenderText {#text} at (1,1) size 29x19
                text run at (1,1) width 29: "cell1"
            RenderTableCell {TD} at (82,15) size 53x21 [bgcolor=#FFFF00] [r=0 c=1 rs=1 cs=1]
              RenderText {#text} at (1,1) size 130x19
                text run at (1,1) width 130: "contentwithoutspace"
          RenderTableRow {TR} at (0,51) size 150x21
            RenderTableCell {TD} at (15,51) size 52x21 [bgcolor=#FFFF00] [r=1 c=0 rs=1 cs=1]
              RenderText {#text} at (1,1) size 29x19
                text run at (1,1) width 29: "cell1"
            RenderTableCell {TD} at (82,51) size 53x21 [bgcolor=#FFFF00] [r=1 c=1 rs=1 cs=1]
              RenderText {#text} at (1,1) size 130x19
                text run at (1,1) width 130: "contentwithoutspace"
      RenderTable {TABLE} at (0,571) size 200x156 [bgcolor=#FFA500] [border: (10px solid #0000FF)]
        RenderTableCol {COLGROUP} at (0,0) size 0x0
          RenderTableCol {COL} at (0,0) size 0x0
        RenderTableCol {COLGROUP} at (0,0) size 0x0
          RenderTableCol {COL} at (0,0) size 0x0
        RenderBlock {CAPTION} at (0,0) size 150x19
          RenderText {#text} at (21,0) size 108x19
            text run at (21,0) width 108: "clip columngroup"
        RenderTableSection {TBODY} at (25,44) size 150x87
          RenderTableRow {TR} at (0,15) size 150x21
            RenderTableCell {TD} at (15,15) size 52x21 [bgcolor=#FFFF00] [r=0 c=0 rs=1 cs=1]
              RenderText {#text} at (1,1) size 29x19
                text run at (1,1) width 29: "cell1"
            RenderTableCell {TD} at (82,15) size 53x21 [bgcolor=#FFFF00] [r=0 c=1 rs=1 cs=1]
              RenderText {#text} at (1,1) size 130x19
                text run at (1,1) width 130: "contentwithoutspace"
          RenderTableRow {TR} at (0,51) size 150x21
            RenderTableCell {TD} at (15,51) size 52x21 [bgcolor=#FFFF00] [r=1 c=0 rs=1 cs=1]
              RenderText {#text} at (1,1) size 29x19
                text run at (1,1) width 29: "cell1"
            RenderTableCell {TD} at (82,51) size 53x21 [bgcolor=#FFFF00] [r=1 c=1 rs=1 cs=1]
              RenderText {#text} at (1,1) size 130x19
                text run at (1,1) width 130: "contentwithoutspace"
      RenderTable {TABLE} at (0,727) size 200x171 [bgcolor=#FFA500] [border: (10px solid #0000FF)]
        RenderBlock {CAPTION} at (0,0) size 150x19
          RenderText {#text} at (44,0) size 61x19
            text run at (44,0) width 61: "clip thead"
        RenderTableSection {TBODY} at (25,95) size 150x51
          RenderTableRow {TR} at (0,15) size 150x21
            RenderTableCell {TD} at (15,15) size 52x21 [bgcolor=#FFFF00] [r=0 c=0 rs=1 cs=1]
              RenderText {#text} at (1,1) size 29x19
                text run at (1,1) width 29: "cell1"
            RenderTableCell {TD} at (82,15) size 53x21 [bgcolor=#FFFF00] [r=0 c=1 rs=1 cs=1]
              RenderText {#text} at (1,1) size 130x19
                text run at (1,1) width 130: "contentwithoutspace"
      RenderTable {TABLE} at (0,898) size 200x171 [bgcolor=#FFA500] [border: (10px solid #0000FF)]
        RenderBlock {CAPTION} at (0,0) size 150x19
          RenderText {#text} at (45,0) size 60x19
            text run at (45,0) width 60: "clip tbody"
        RenderTableSection {THEAD} at (25,44) size 150x51
          RenderTableRow {TR} at (0,15) size 150x21
            RenderTableCell {TD} at (15,15) size 52x21 [bgcolor=#FFFF00] [r=0 c=0 rs=1 cs=1]
              RenderText {#text} at (1,1) size 29x19
                text run at (1,1) width 29: "cell1"
            RenderTableCell {TD} at (82,15) size 53x21 [bgcolor=#FFFF00] [r=0 c=1 rs=1 cs=1]
              RenderText {#text} at (1,1) size 130x19
                text run at (1,1) width 130: "contentwithoutspace"
      RenderTable {TABLE} at (0,1069) size 200x171 [bgcolor=#FFA500] [border: (10px solid #0000FF)]
        RenderBlock {CAPTION} at (0,0) size 150x19
          RenderText {#text} at (48,0) size 53x19
            text run at (48,0) width 53: "clip tfoot"
        RenderTableSection {TBODY} at (25,44) size 150x51
          RenderTableRow {TR} at (0,15) size 150x21
            RenderTableCell {TD} at (15,15) size 52x21 [bgcolor=#FFFF00] [r=0 c=0 rs=1 cs=1]
              RenderText {#text} at (1,1) size 29x19
                text run at (1,1) width 29: "cell1"
            RenderTableCell {TD} at (82,15) size 53x21 [bgcolor=#FFFF00] [r=0 c=1 rs=1 cs=1]
              RenderText {#text} at (1,1) size 130x19
                text run at (1,1) width 130: "contentwithoutspace"
      RenderTable {TABLE} at (0,1240) size 200x171 [bgcolor=#FFA500] [border: (10px solid #0000FF)]
        RenderBlock {CAPTION} at (0,0) size 150x19
          RenderText {#text} at (56,0) size 37x19
            text run at (56,0) width 37: "clip td"
        RenderTableSection {TBODY} at (25,44) size 150x51
          RenderTableRow {TR} at (0,15) size 150x21
            RenderTableCell {TD} at (15,15) size 52x21 [bgcolor=#FFFF00] [r=0 c=0 rs=1 cs=1]
              RenderText {#text} at (1,1) size 29x19
                text run at (1,1) width 29: "cell1"
            RenderTableCell {TD} at (82,15) size 53x21 [bgcolor=#FFFF00] [r=0 c=1 rs=1 cs=1]
              RenderText {#text} at (1,1) size 130x19
                text run at (1,1) width 130: "contentwithoutspace"
layer at (8,147) size 200x120 clip at (18,147) size 180x120 scrollWidth 228
  RenderTable {TABLE} at (0,139) size 200x120 [bgcolor=#FFA500] [border: (10px solid #0000FF)]
    RenderBlock {CAPTION} at (0,0) size 150x19
      RenderText {#text} at (39,0) size 72x19
        text run at (39,0) width 72: "clip at table"
    RenderTableSection {TBODY} at (25,44) size 150x51
      RenderTableRow {TR} at (0,15) size 150x21
        RenderTableCell {TD} at (15,15) size 52x21 [bgcolor=#FFFF00] [r=0 c=0 rs=1 cs=1]
          RenderText {#text} at (1,1) size 29x19
            text run at (1,1) width 29: "cell1"
        RenderTableCell {TD} at (82,15) size 53x21 [bgcolor=#FFFF00] [r=0 c=1 rs=1 cs=1]
          RenderText {#text} at (1,1) size 130x19
            text run at (1,1) width 130: "contentwithoutspace"
layer at (33,326) size 150x21
  RenderTableRow {TR} at (0,15) size 150x21
    RenderTableCell {TD} at (15,15) size 52x21 [bgcolor=#FFFF00] [r=0 c=0 rs=1 cs=1]
      RenderText {#text} at (1,1) size 29x19
        text run at (1,1) width 29: "cell1"
    RenderTableCell {TD} at (82,15) size 53x21 [bgcolor=#FFFF00] [r=0 c=1 rs=1 cs=1]
      RenderText {#text} at (1,1) size 130x19
        text run at (1,1) width 130: "contentwithoutspace"
layer at (33,779) size 150x51 scrollWidth 213
  RenderTableSection {THEAD} at (25,44) size 150x51
    RenderTableRow {TR} at (0,15) size 150x21
      RenderTableCell {TD} at (15,15) size 52x21 [bgcolor=#FFFF00] [r=0 c=0 rs=1 cs=1]
        RenderText {#text} at (1,1) size 29x19
          text run at (1,1) width 29: "cell1"
      RenderTableCell {TD} at (82,15) size 53x21 [bgcolor=#FFFF00] [r=0 c=1 rs=1 cs=1]
        RenderText {#text} at (1,1) size 130x19
          text run at (1,1) width 130: "contentwithoutspace"
layer at (33,1001) size 150x51 scrollWidth 213
  RenderTableSection {TBODY} at (25,95) size 150x51
    RenderTableRow {TR} at (0,15) size 150x21
      RenderTableCell {TD} at (15,15) size 52x21 [bgcolor=#FFFF00] [r=0 c=0 rs=1 cs=1]
        RenderText {#text} at (1,1) size 29x19
          text run at (1,1) width 29: "cell1"
      RenderTableCell {TD} at (82,15) size 53x21 [bgcolor=#FFFF00] [r=0 c=1 rs=1 cs=1]
        RenderText {#text} at (1,1) size 130x19
          text run at (1,1) width 130: "contentwithoutspace"
layer at (33,1172) size 150x51 scrollWidth 213
  RenderTableSection {TFOOT} at (25,95) size 150x51
    RenderTableRow {TR} at (0,15) size 150x21
      RenderTableCell {TD} at (15,15) size 52x21 [bgcolor=#FFFF00] [r=0 c=0 rs=1 cs=1]
        RenderText {#text} at (1,1) size 29x19
          text run at (1,1) width 29: "cell1"
      RenderTableCell {TD} at (82,15) size 53x21 [bgcolor=#FFFF00] [r=0 c=1 rs=1 cs=1]
        RenderText {#text} at (1,1) size 130x19
          text run at (1,1) width 130: "contentwithoutspace"
layer at (33,1343) size 150x51
  RenderTableSection {TFOOT} at (25,95) size 150x51
    RenderTableRow {TR} at (0,15) size 150x21
      RenderTableCell {TD} at (15,15) size 52x21 [bgcolor=#FFFF00] [r=0 c=0 rs=1 cs=1]
        RenderText {#text} at (1,1) size 29x19
          text run at (1,1) width 29: "cell1"
layer at (115,1358) size 53x21 scrollWidth 131
  RenderTableCell {TD} at (82,15) size 53x21 [bgcolor=#FFFF00] [r=0 c=1 rs=1 cs=1]
    RenderText {#text} at (1,1) size 130x19
      text run at (1,1) width 130: "contentwithoutspace"
