layer at (0,0) size 800x600
  RenderView at (0,0) size 800x600
layer at (0,0) size 800x465
  RenderBlock {HTML} at (0,0) size 800x465
    RenderBody {BODY} at (8,8) size 784x449
      RenderBlock {HR} at (0,0) size 784x2 [border: (1px inset #000000)]
      RenderBlock {H3} at (0,18) size 784x23
        RenderText {#text} at (0,0) size 55x22
          text run at (0,0) width 55: "Table 1"
      RenderBlock {PRE} at (0,57) size 784x76
        RenderText {#text} at (0,0) size 201x76
          text run at (0,0) width 201: "<TABLE width=\"500\" border=1>"
          text run at (201,0) width 0: " "
          text run at (0,19) width 164: "<COLGROUP width=\"1*\">"
          text run at (164,19) width 0: " "
          text run at (0,38) width 164: "<COLGROUP width=\"1*\">"
          text run at (164,38) width 0: " "
          text run at (0,57) width 164: "<COLGROUP width=\"3*\">"
          text run at (164,57) width 0: " "
      RenderTable {TABLE} at (0,147) size 500x79 [border: (1px outset #808080)]
        RenderTableCol {COLGROUP} at (0,0) size 0x0
        RenderTableCol {COLGROUP} at (0,0) size 0x0
        RenderTableCol {COLGROUP} at (0,0) size 0x0
        RenderTableSection {TBODY} at (1,1) size 498x77
          RenderTableRow {TR} at (0,2) size 498x23
            RenderTableCell {TD} at (2,2) size 165x23 [border: (1px inset #808080)] [r=0 c=0 rs=1 cs=1]
              RenderText {#text} at (2,2) size 37x19
                text run at (2,2) width 37: "Cell A"
            RenderTableCell {TD} at (169,2) size 162x23 [border: (1px inset #808080)] [r=0 c=1 rs=1 cs=1]
              RenderText {#text} at (2,2) size 37x19
                text run at (2,2) width 37: "Cell B"
            RenderTableCell {TD} at (333,2) size 163x23 [border: (1px inset #808080)] [r=0 c=2 rs=1 cs=1]
              RenderText {#text} at (2,2) size 38x19
                text run at (2,2) width 38: "Cell C"
          RenderTableRow {TR} at (0,27) size 498x23
            RenderTableCell {TD} at (2,27) size 165x23 [border: (1px inset #808080)] [r=1 c=0 rs=1 cs=1]
              RenderText {#text} at (2,2) size 38x19
                text run at (2,2) width 38: "Cell D"
            RenderTableCell {TD} at (169,27) size 162x23 [border: (1px inset #808080)] [r=1 c=1 rs=1 cs=1]
              RenderText {#text} at (2,2) size 37x19
                text run at (2,2) width 37: "Cell E"
            RenderTableCell {TD} at (333,27) size 163x23 [border: (1px inset #808080)] [r=1 c=2 rs=1 cs=1]
              RenderText {#text} at (2,2) size 37x19
                text run at (2,2) width 37: "Cell F"
          RenderTableRow {TR} at (0,52) size 498x23
            RenderTableCell {TD} at (2,52) size 165x23 [border: (1px inset #808080)] [r=2 c=0 rs=1 cs=1]
              RenderText {#text} at (2,2) size 39x19
                text run at (2,2) width 39: "Cell G"
            RenderTableCell {TD} at (169,52) size 162x23 [border: (1px inset #808080)] [r=2 c=1 rs=1 cs=1]
              RenderText {#text} at (2,2) size 38x19
                text run at (2,2) width 38: "Cell H"
            RenderTableCell {TD} at (333,52) size 163x23 [border: (1px inset #808080)] [r=2 c=2 rs=1 cs=1]
              RenderText {#text} at (2,2) size 32x19
                text run at (2,2) width 32: "Cell I"
      RenderBlock {HR} at (0,233) size 784x2 [border: (1px inset #000000)]
      RenderBlock {H3} at (0,251) size 784x23
        RenderText {#text} at (0,0) size 55x22
          text run at (0,0) width 55: "Table 2"
      RenderBlock {PRE} at (0,290) size 784x57
        RenderText {#text} at (0,0) size 215x57
          text run at (0,0) width 201: "<TABLE width=\"500\" border=1>"
          text run at (201,0) width 0: " "
          text run at (0,19) width 215: "<COLGROUP span=2 width=\"1*\">"
          text run at (215,19) width 0: " "
          text run at (0,38) width 164: "<COLGROUP width=\"3*\">"
          text run at (164,38) width 0: " "
      RenderTable {TABLE} at (0,361) size 500x79 [border: (1px outset #808080)]
        RenderTableCol {COLGROUP} at (0,0) size 0x0
        RenderTableCol {COLGROUP} at (0,0) size 0x0
        RenderTableSection {TBODY} at (1,1) size 498x77
          RenderTableRow {TR} at (0,2) size 498x23
            RenderTableCell {TD} at (2,2) size 165x23 [border: (1px inset #808080)] [r=0 c=0 rs=1 cs=1]
              RenderText {#text} at (2,2) size 37x19
                text run at (2,2) width 37: "Cell A"
            RenderTableCell {TD} at (169,2) size 162x23 [border: (1px inset #808080)] [r=0 c=1 rs=1 cs=1]
              RenderText {#text} at (2,2) size 37x19
                text run at (2,2) width 37: "Cell B"
            RenderTableCell {TD} at (333,2) size 163x23 [border: (1px inset #808080)] [r=0 c=2 rs=1 cs=1]
              RenderText {#text} at (2,2) size 38x19
                text run at (2,2) width 38: "Cell C"
          RenderTableRow {TR} at (0,27) size 498x23
            RenderTableCell {TD} at (2,27) size 165x23 [border: (1px inset #808080)] [r=1 c=0 rs=1 cs=1]
              RenderText {#text} at (2,2) size 38x19
                text run at (2,2) width 38: "Cell D"
            RenderTableCell {TD} at (169,27) size 162x23 [border: (1px inset #808080)] [r=1 c=1 rs=1 cs=1]
              RenderText {#text} at (2,2) size 37x19
                text run at (2,2) width 37: "Cell E"
            RenderTableCell {TD} at (333,27) size 163x23 [border: (1px inset #808080)] [r=1 c=2 rs=1 cs=1]
              RenderText {#text} at (2,2) size 37x19
                text run at (2,2) width 37: "Cell F"
          RenderTableRow {TR} at (0,52) size 498x23
            RenderTableCell {TD} at (2,52) size 165x23 [border: (1px inset #808080)] [r=2 c=0 rs=1 cs=1]
              RenderText {#text} at (2,2) size 39x19
                text run at (2,2) width 39: "Cell G"
            RenderTableCell {TD} at (169,52) size 162x23 [border: (1px inset #808080)] [r=2 c=1 rs=1 cs=1]
              RenderText {#text} at (2,2) size 38x19
                text run at (2,2) width 38: "Cell H"
            RenderTableCell {TD} at (333,52) size 163x23 [border: (1px inset #808080)] [r=2 c=2 rs=1 cs=1]
              RenderText {#text} at (2,2) size 32x19
                text run at (2,2) width 32: "Cell I"
      RenderBlock {HR} at (0,447) size 784x2 [border: (1px inset #000000)]
