layer at (0,0) size 808x600
  RenderView at (0,0) size 800x600
layer at (0,0) size 808x600
  RenderBlock {HTML} at (0,0) size 800x600
    RenderBody {BODY} at (8,8) size 784x584
      RenderTable {TABLE} at (0,0) size 800x37 [border: (1px outset #808080)]
        RenderTableSection {TBODY} at (1,1) size 798x35
          RenderTableRow {TR} at (0,3) size 798x29
            RenderTableCell {TD} at (3,3) size 394x29 [border: (1px inset #808080)] [r=0 c=0 rs=1 cs=10]
              RenderText {#text} at (5,5) size 9x19
                text run at (5,5) width 9: "A"
            RenderTableCell {TD} at (400,3) size 196x29 [border: (1px inset #808080)] [r=0 c=10 rs=1 cs=50]
              RenderText {#text} at (5,5) size 9x19
                text run at (5,5) width 9: "B"
            RenderTableCell {TD} at (599,3) size 196x29 [border: (1px inset #808080)] [r=0 c=60 rs=1 cs=120]
              RenderText {#text} at (5,5) size 10x19
                text run at (5,5) width 10: "C"
