layer at (0,0) size 800x600
  RenderView at (0,0) size 800x600
layer at (0,0) size 800x600
  RenderBlock {HTML} at (0,0) size 800x600
    RenderBody {BODY} at (8,8) size 784x584 [bgcolor=#FFFFFF]
      RenderTable {TABLE} at (0,0) size 784x351 [border: (1px outset #808080)]
        RenderTableSection {TBODY} at (1,1) size 782x349
          RenderTableRow {TR} at (0,2) size 782x345
            RenderTableCell {TD} at (2,2) size 778x345 [border: (1px inset #808080)] [r=0 c=0 rs=1 cs=1]
              RenderTable {TABLE} at (2,2) size 774x341 [border: (3px solid #008000)]
                RenderBlock {CAPTION} at (0,0) size 406x25 [border: (3px solid #FFA500)]
                  RenderText {#text} at (89,3) size 227x19
                    text run at (89,3) width 227: "caption text caption text caption text"
                RenderTableSection {TBODY} at (3,28) size 768x310
                  RenderTableRow {TR} at (0,2) size 768x306
                    RenderTableCell {TD} at (2,2) size 764x306 [r=0 c=0 rs=1 cs=1]
                      RenderText {#text} at (1,1) size 759x304
                        text run at (1,1) width 728: "table text which should wrap table text which should wrap table text which should wrap table text which should wrap"
                        text run at (1,20) width 728: "table text which should wrap table text which should wrap table text which should wrap table text which should wrap"
                        text run at (1,39) width 728: "table text which should wrap table text which should wrap table text which should wrap table text which should wrap"
                        text run at (1,58) width 728: "table text which should wrap table text which should wrap table text which should wrap table text which should wrap"
                        text run at (1,77) width 728: "table text which should wrap table text which should wrap table text which should wrap table text which should wrap"
                        text run at (1,96) width 728: "table text which should wrap table text which should wrap table text which should wrap table text which should wrap"
                        text run at (1,115) width 728: "table text which should wrap table text which should wrap table text which should wrap table text which should wrap"
                        text run at (1,134) width 728: "table text which should wrap table text which should wrap table text which should wrap table text which should wrap"
                        text run at (1,153) width 728: "table text which should wrap table text which should wrap table text which should wrap table text which should wrap"
                        text run at (1,172) width 728: "table text which should wrap table text which should wrap table text which should wrap table text which should wrap"
                        text run at (1,191) width 759: "table text which should wrap table text which should wraptable text which should wrap table text which should wrap table"
                        text run at (1,210) width 755: "text which should wrap table text which should wrap table text which should wrap table text which should wrap table text"
                        text run at (1,229) width 728: "which should wrap table text which should wrap table text which should wrap table text which should wrap table text"
                        text run at (1,248) width 728: "which should wrap table text which should wrap table text which should wrap table text which should wrap table text"
                        text run at (1,267) width 728: "which should wrap table text which should wrap table text which should wrap table text which should wrap table text"
                        text run at (1,286) width 483: "which should wrap table text which should wrap table text which should wrap"
