layer at (0,0) size 800x600
  RenderView at (0,0) size 800x600
layer at (0,0) size 800x156
  RenderBlock {HTML} at (0,0) size 800x156
    RenderBody {BODY} at (8,8) size 784x140
      RenderBlock {DIV} at (0,0) size 784x140
        RenderTable {TABLE} at (78,0) size 627x140 [bgcolor=#0000FF] [border: (1px outset #808080)]
          RenderTableSection {TBODY} at (1,1) size 625x138
            RenderTableRow {TR} at (0,2) size 625x134
              RenderTableCell {TD} at (2,2) size 621x134 [border: (1px inset #808080)] [r=0 c=0 rs=1 cs=1]
                RenderBlock (anonymous) at (2,2) size 617x19
                  RenderText {#text} at (0,0) size 41x19
                    text run at (0,0) width 41: "before"
                RenderTable {TABLE} at (2,21) size 617x92 [bgcolor=#FF0000] [border: (1px outset #808080)]
                  RenderTableSection {TBODY} at (1,1) size 615x90
                    RenderTableRow {TR} at (0,2) size 615x23
                      RenderTableCell {TD} at (2,2) size 386x23 [border: (1px inset #808080)] [r=0 c=0 rs=1 cs=1]
                        RenderText {#text} at (2,2) size 266x19
                          text run at (2,2) width 266: "This is some text. This is some text. Cell 1"
                      RenderTableCell {TD} at (390,2) size 223x23 [border: (1px inset #808080)] [r=0 c=1 rs=1 cs=1]
                        RenderText {#text} at (2,2) size 151x19
                          text run at (2,2) width 151: "This is some text. Cell 2"
                    RenderTableRow {TR} at (0,27) size 615x61
                      RenderTableCell {TD} at (2,27) size 611x61 [border: (1px inset #808080)] [r=1 c=0 rs=1 cs=2]
                        RenderText {#text} at (2,2) size 602x57
                          text run at (2,2) width 602: "This is some text. This is some text. This is some text. This is some text. This is some text. This"
                          text run at (2,21) width 585: "is some text. This is some text. This is some text. This is some text. This is some text. This is"
                          text run at (2,40) width 411: "some text. This is some text. This is some text. This is some text."
                RenderBlock (anonymous) at (2,113) size 617x19
                  RenderText {#text} at (0,0) size 29x19
                    text run at (0,0) width 29: "after"
