layer at (0,0) size 800x600
  RenderView at (0,0) size 800x600
layer at (0,0) size 800x600
  RenderBlock {HTML} at (0,0) size 800x600
    RenderBody {BODY} at (8,8) size 784x584
      RenderBlock (anonymous) at (0,0) size 784x19
        RenderText {#text} at (0,0) size 4x19
          text run at (0,0) width 4: " "
      RenderTable {TABLE} at (0,19) size 65x54 [border: (1px outset #808080)]
        RenderTableSection {TBODY} at (1,1) size 63x52
          RenderTableRow {TR} at (0,2) size 63x0
            RenderTableCell {TD} at (2,2) size 59x23 [border: (1px inset #808080)] [r=0 c=0 rs=2 cs=1]
              RenderText {#text} at (2,2) size 55x19
                text run at (2,2) width 55: "First row"
          RenderTableRow {TR} at (0,4) size 63x21
          RenderTableRow {TR} at (0,27) size 63x23
            RenderTableCell {TD} at (2,27) size 59x23 [border: (1px inset #808080)] [r=2 c=0 rs=1 cs=1]
              RenderText {#text} at (2,2) size 54x19
                text run at (2,2) width 54: "Last row"
      RenderBlock (anonymous) at (0,73) size 784x19
        RenderText {#text} at (0,0) size 4x19
          text run at (0,0) width 4: " "
        RenderText {#text} at (4,0) size 4x19
          text run at (4,0) width 4: " "
      RenderTable {TABLE} at (0,92) size 65x54 [border: (1px outset #808080)]
        RenderTableSection {TBODY} at (1,1) size 63x52
          RenderTableRow {TR} at (0,2) size 63x0
            RenderTableCell {TD} at (2,2) size 59x23 [border: (1px inset #808080)] [r=0 c=0 rs=3 cs=1]
              RenderText {#text} at (2,2) size 55x19
                text run at (2,2) width 55: "First row"
          RenderTableRow {TR} at (0,4) size 63x0
          RenderTableRow {TR} at (0,6) size 63x19
          RenderTableRow {TR} at (0,27) size 63x23
            RenderTableCell {TD} at (2,27) size 59x23 [border: (1px inset #808080)] [r=3 c=0 rs=1 cs=1]
              RenderText {#text} at (2,2) size 54x19
                text run at (2,2) width 54: "Last row"
      RenderBlock (anonymous) at (0,146) size 784x19
        RenderText {#text} at (0,0) size 4x19
          text run at (0,0) width 4: " "
        RenderText {#text} at (4,0) size 4x19
          text run at (4,0) width 4: " "
        RenderText {#text} at (8,0) size 4x19
          text run at (8,0) width 4: " "
      RenderTable {TABLE} at (0,165) size 65x54 [border: (1px outset #808080)]
        RenderTableSection {TBODY} at (1,1) size 63x52
          RenderTableRow {TR} at (0,2) size 63x0
            RenderTableCell {TD} at (2,2) size 59x23 [border: (1px inset #808080)] [r=0 c=0 rs=4 cs=1]
              RenderText {#text} at (2,2) size 55x19
                text run at (2,2) width 55: "First row"
          RenderTableRow {TR} at (0,4) size 63x0
          RenderTableRow {TR} at (0,6) size 63x0
          RenderTableRow {TR} at (0,8) size 63x17
          RenderTableRow {TR} at (0,27) size 63x23
            RenderTableCell {TD} at (2,27) size 59x23 [border: (1px inset #808080)] [r=4 c=0 rs=1 cs=1]
              RenderText {#text} at (2,2) size 54x19
                text run at (2,2) width 54: "Last row"
      RenderBlock (anonymous) at (0,219) size 784x38
        RenderBR {BR} at (0,0) size 0x19
        RenderText {#text} at (0,19) size 108x19
          text run at (0,19) width 108: "an additional test"
      RenderTable {TABLE} at (0,257) size 33x54 [border: (1px outset #808080)]
        RenderTableSection {TBODY} at (1,1) size 31x52
          RenderTableRow {TR} at (0,2) size 31x0
            RenderTableCell {TD} at (2,2) size 27x23 [border: (1px inset #808080)] [r=0 c=0 rs=2 cs=1]
              RenderText {#text} at (2,2) size 8x19
                text run at (2,2) width 8: "1"
          RenderTableRow {TR} at (0,4) size 31x21
          RenderTableRow {TR} at (0,27) size 31x23
            RenderTableCell {TD} at (2,27) size 27x23 [border: (1px inset #808080)] [r=2 c=0 rs=1 cs=1]
              RenderText {#text} at (2,2) size 23x19
                text run at (2,2) width 23: "abc"
