layer at (0,0) size 800x5471
  RenderView at (0,0) size 800x600
layer at (0,0) size 800x5471
  RenderBlock {HTML} at (0,0) size 800x5471
    RenderBody {BODY} at (8,8) size 784x5455
      RenderBlock {DIV} at (0,0) size 784x5436
        RenderBlock (anonymous) at (0,0) size 784x19
          RenderText {#text} at (0,0) size 4x19
            text run at (0,0) width 4: " "
        RenderTable {TABLE} at (67,19) size 473x5360
          RenderTableSection {TBODY} at (0,0) size 473x5360
            RenderTableRow {TR} at (0,0) size 473x24
              RenderTableCell {TD} at (0,0) size 473x24 [r=0 c=0 rs=1 cs=4]
                RenderBlock {P} at (7,0) size 459x0
                  RenderInline {B} at (0,0) size 0x0
                    RenderInline {SPAN} at (0,0) size 0x0
                      RenderInline {O:P} at (0,0) size 0x0
                RenderBlock {P} at (7,0) size 459x24
                  RenderInline {B} at (0,0) size 382x19
                    RenderInline {SPAN} at (0,0) size 382x19
                      RenderInline {FONT} at (0,0) size 382x24 [color=#008080]
                        RenderText {#text} at (38,0) size 382x24
                          text run at (38,0) width 178: "Radio Channel usage at "
                          text run at (216,0) width 204: "Bayside.    Rev date 6-25-01"
                RenderBlock {P} at (7,24) size 459x0
                  RenderInline {B} at (0,0) size 0x0
                    RenderInline {SPAN} at (0,0) size 0x0
                      RenderInline {O:P} at (0,0) size 0x0
            RenderTableRow {TR} at (0,24) size 473x44
              RenderTableCell {TD} at (0,24) size 101x42 [r=1 c=0 rs=1 cs=1]
                RenderInline {B} at (0,0) size 58x41
                  RenderInline {SPAN} at (0,0) size 58x42
                    RenderText {#text} at (21,0) size 58x42
                      text run at (21,0) width 58: "Channel"
                      text run at (23,21) width 54: "number"
                RenderText {#text} at (0,0) size 0x0
              RenderTableCell {TD} at (101,24) size 169x21 [r=1 c=1 rs=1 cs=1]
                RenderInline {B} at (0,0) size 99x20
                  RenderInline {SPAN} at (0,0) size 99x21
                    RenderText {#text} at (35,0) size 99x21
                      text run at (35,0) width 99: "Member name"
                RenderText {#text} at (0,0) size 0x0
              RenderTableCell {TD} at (270,24) size 98x44 [r=1 c=2 rs=1 cs=1]
                RenderBlock {P} at (7,0) size 84x22
                  RenderInline {B} at (0,0) size 46x19
                    RenderInline {SPAN} at (0,0) size 46x22
                      RenderText {#text} at (19,0) size 46x22
                        text run at (19,0) width 46: "Proper"
                      RenderInline {SPAN} at (0,0) size 0x22
                        RenderInline {O:P} at (0,0) size 0x22
                RenderBlock {P} at (7,22) size 84x22
                  RenderInline {B} at (0,0) size 36x19
                    RenderInline {SPAN} at (0,0) size 36x22
                      RenderText {#text} at (24,0) size 36x22
                        text run at (24,0) width 36: "Plane"
              RenderTableCell {TD} at (368,24) size 105x44 [r=1 c=3 rs=1 cs=1]
                RenderBlock {P} at (7,0) size 91x22
                  RenderInline {B} at (0,0) size 69x19
                    RenderInline {SPAN} at (0,0) size 69x22
                      RenderText {#text} at (11,0) size 69x22
                        text run at (11,0) width 69: "Helicopter"
                      RenderInline {SPAN} at (0,0) size 0x22
                        RenderInline {O:P} at (0,0) size 0x22
                RenderBlock {P} at (7,22) size 91x22
                  RenderInline {B} at (0,0) size 50x19
                    RenderInline {SPAN} at (0,0) size 50x22
                      RenderText {#text} at (20,0) size 50x22
                        text run at (20,0) width 50: "thingy.-"
            RenderTableRow {TR} at (0,68) size 473x38
              RenderTableCell {TD} at (0,68) size 101x19 [r=2 c=0 rs=1 cs=1]
                RenderBlock {P} at (7,0) size 87x19
                  RenderText {#text} at (36,0) size 14x19
                    text run at (36,0) width 14: "00"
                  RenderInline {SPAN} at (0,0) size 0x19
                    RenderInline {O:P} at (0,0) size 0x19
              RenderTableCell {TD} at (101,68) size 169x38 [r=2 c=1 rs=1 cs=1]
                RenderBlock {P} at (7,0) size 155x19
                  RenderText {#text} at (0,0) size 57x19
                    text run at (0,0) width 57: "Paul Scott"
                RenderBlock {P} at (7,19) size 155x19
                  RenderText {#text} at (0,0) size 98x19
                    text run at (0,0) width 98: "Donald Carvalho"
                  RenderInline {SPAN} at (0,0) size 0x19
                    RenderInline {O:P} at (0,0) size 0x19
              RenderTableCell {TD} at (270,68) size 98x19 [r=2 c=2 rs=1 cs=1]
                RenderBlock {P} at (7,0) size 84x19
                  RenderText {#text} at (34,0) size 16x19
                    text run at (34,0) width 16: "No"
                  RenderInline {SPAN} at (0,0) size 0x19
                    RenderInline {O:P} at (0,0) size 0x19
              RenderTableCell {TD} at (368,68) size 105x19 [r=2 c=3 rs=1 cs=1]
                RenderBlock {P} at (7,0) size 91x19
                  RenderText {#text} at (35,0) size 20x19
                    text run at (35,0) width 20: "Yes"
                  RenderInline {SPAN} at (0,0) size 0x19
                    RenderInline {O:P} at (0,0) size 0x19
            RenderTableRow {TR} at (0,106) size 473x19
              RenderTableCell {TD} at (0,106) size 101x19 [r=3 c=0 rs=1 cs=1]
                RenderBlock {P} at (7,0) size 87x19
                  RenderText {#text} at (36,0) size 14x19
                    text run at (36,0) width 14: "01"
                  RenderInline {SPAN} at (0,0) size 0x19
                    RenderInline {O:P} at (0,0) size 0x19
              RenderTableCell {TD} at (101,106) size 169x19 [r=3 c=1 rs=1 cs=1]
                RenderBlock {P} at (7,0) size 155x19
                  RenderText {#text} at (0,0) size 57x19
                    text run at (0,0) width 57: "Paul Scott"
                  RenderInline {SPAN} at (0,0) size 0x19
                    RenderInline {O:P} at (0,0) size 0x19
              RenderTableCell {TD} at (270,106) size 98x19 [r=3 c=2 rs=1 cs=1]
                RenderBlock {P} at (7,0) size 84x19
                  RenderText {#text} at (34,0) size 16x19
                    text run at (34,0) width 16: "No"
                  RenderInline {SPAN} at (0,0) size 0x19
                    RenderInline {O:P} at (0,0) size 0x19
              RenderTableCell {TD} at (368,106) size 105x19 [r=3 c=3 rs=1 cs=1]
                RenderBlock {P} at (7,0) size 91x19
                  RenderText {#text} at (35,0) size 20x19
                    text run at (35,0) width 20: "Yes"
                  RenderInline {SPAN} at (0,0) size 0x19
                    RenderInline {O:P} at (0,0) size 0x19
            RenderTableRow {TR} at (0,125) size 473x19
              RenderTableCell {TD} at (0,125) size 101x16 [r=4 c=0 rs=1 cs=1]
                RenderBlock {P} at (7,0) size 87x16
                  RenderInline {FONT} at (0,0) size 12x16
                    RenderText {#text} at (37,0) size 12x16
                      text run at (37,0) width 12: "02"
                  RenderText {#text} at (0,0) size 0x0
              RenderTableCell {TD} at (101,125) size 169x16 [r=4 c=1 rs=1 cs=1]
                RenderInline {FONT} at (0,0) size 49x16
                  RenderText {#text} at (7,0) size 49x16
                    text run at (7,0) width 49: "Don Coon"
                RenderText {#text} at (0,0) size 0x0
              RenderTableCell {TD} at (270,125) size 98x19 [r=4 c=2 rs=1 cs=1]
                RenderText {#text} at (7,0) size 4x19
                  text run at (7,0) width 4: " "
              RenderTableCell {TD} at (368,125) size 105x19 [r=4 c=3 rs=1 cs=1]
                RenderText {#text} at (7,0) size 4x19
                  text run at (7,0) width 4: " "
            RenderTableRow {TR} at (0,144) size 473x32
              RenderTableCell {TD} at (0,144) size 101x16 [r=5 c=0 rs=1 cs=1]
                RenderInline {FONT} at (0,0) size 12x16
                  RenderText {#text} at (44,0) size 12x16
                    text run at (44,0) width 12: "05"
                RenderText {#text} at (0,0) size 0x0
              RenderTableCell {TD} at (101,144) size 169x32 [r=5 c=1 rs=1 cs=1]
                RenderBlock {P} at (7,0) size 155x16
                  RenderInline {FONT} at (0,0) size 50x16
                    RenderText {#text} at (0,0) size 50x16
                      text run at (0,0) width 50: "Paul Scott"
                RenderBlock {P} at (7,16) size 155x16
                  RenderInline {FONT} at (0,0) size 44x16
                    RenderText {#text} at (0,0) size 44x16
                      text run at (0,0) width 44: "Bill Hunt"
                    RenderInline {SPAN} at (0,0) size 0x16
                      RenderInline {O:P} at (0,0) size 0x16
              RenderTableCell {TD} at (270,144) size 98x16 [r=5 c=2 rs=1 cs=1]
                RenderBlock {P} at (7,0) size 84x16
                  RenderInline {FONT} at (0,0) size 14x16
                    RenderText {#text} at (35,0) size 14x16
                      text run at (35,0) width 14: "No"
                    RenderInline {SPAN} at (0,0) size 0x16
                      RenderInline {O:P} at (0,0) size 0x16
              RenderTableCell {TD} at (368,144) size 105x16 [r=5 c=3 rs=1 cs=1]
                RenderBlock {P} at (7,0) size 91x16
                  RenderInline {FONT} at (0,0) size 17x16
                    RenderText {#text} at (37,0) size 17x16
                      text run at (37,0) width 17: "Yes"
                    RenderInline {SPAN} at (0,0) size 0x16
                      RenderInline {O:P} at (0,0) size 0x16
            RenderTableRow {TR} at (0,176) size 473x38
              RenderTableCell {TD} at (0,176) size 101x16 [r=6 c=0 rs=1 cs=1]
                RenderInline {FONT} at (0,0) size 12x16
                  RenderText {#text} at (44,0) size 12x16
                    text run at (44,0) width 12: "06"
                RenderText {#text} at (0,0) size 0x0
              RenderTableCell {TD} at (101,176) size 169x32 [r=6 c=1 rs=1 cs=1]
                RenderInline {FONT} at (0,0) size 124x32
                  RenderText {#text} at (7,0) size 124x32
                    text run at (7,0) width 124: "Gene Pheiffer                   "
                    text run at (7,16) width 74: "Alberto Lanzas"
                RenderText {#text} at (0,0) size 0x0
              RenderTableCell {TD} at (270,176) size 98x38 [r=6 c=2 rs=1 cs=1]
                RenderBlock {P} at (7,0) size 84x19
                  RenderText {#text} at (32,0) size 20x19
                    text run at (32,0) width 20: "Yes"
                RenderBlock {P} at (7,19) size 84x19
                  RenderText {#text} at (32,0) size 20x19
                    text run at (32,0) width 20: "Yes"
              RenderTableCell {TD} at (368,176) size 105x35 [r=6 c=3 rs=1 cs=1]
                RenderBlock (anonymous) at (7,0) size 91x16
                  RenderInline {SPAN} at (0,0) size 14x16
                    RenderInline {FONT} at (0,0) size 14x16
                      RenderText {#text} at (38,0) size 14x16
                        text run at (38,0) width 14: "No"
                  RenderText {#text} at (0,0) size 0x0
                RenderBlock {P} at (7,16) size 91x19
                  RenderText {#text} at (35,0) size 20x19
                    text run at (35,0) width 20: "Yes"
            RenderTableRow {TR} at (0,214) size 473x16
              RenderTableCell {TD} at (0,214) size 101x16 [r=7 c=0 rs=1 cs=1]
                RenderBlock {P} at (7,0) size 87x16
                  RenderInline {FONT} at (0,0) size 12x16
                    RenderText {#text} at (37,0) size 12x16
                      text run at (37,0) width 12: "07"
                  RenderText {#text} at (0,0) size 0x0
              RenderTableCell {TD} at (101,214) size 169x16 [r=7 c=1 rs=1 cs=1]
                RenderInline {FONT} at (0,0) size 44x16
                  RenderText {#text} at (7,0) size 44x16
                    text run at (7,0) width 44: "Phil Cole"
                RenderText {#text} at (0,0) size 0x0
              RenderTableCell {TD} at (270,214) size 98x16 [r=7 c=2 rs=1 cs=1]
                RenderBlock {P} at (7,0) size 84x16
                  RenderInline {FONT} at (0,0) size 17x16
                    RenderText {#text} at (33,0) size 17x16
                      text run at (33,0) width 17: "Yes"
                  RenderText {#text} at (0,0) size 0x0
              RenderTableCell {TD} at (368,214) size 105x16 [r=7 c=3 rs=1 cs=1]
                RenderBlock {P} at (7,0) size 91x16
                  RenderInline {FONT} at (0,0) size 17x16
                    RenderText {#text} at (37,0) size 17x16
                      text run at (37,0) width 17: "Yes"
                  RenderText {#text} at (0,0) size 0x0
            RenderTableRow {TR} at (0,230) size 473x38
              RenderTableCell {TD} at (0,230) size 101x19 [r=8 c=0 rs=1 cs=1]
                RenderBlock {P} at (7,0) size 87x19
                  RenderText {#text} at (36,0) size 14x19
                    text run at (36,0) width 14: "08"
                  RenderInline {SPAN} at (0,0) size 0x19
                    RenderInline {O:P} at (0,0) size 0x19
              RenderTableCell {TD} at (101,230) size 169x38 [r=8 c=1 rs=1 cs=1]
                RenderBlock {P} at (7,0) size 155x19
                  RenderText {#text} at (0,0) size 57x19
                    text run at (0,0) width 57: "Paul Scott"
                RenderBlock {P} at (7,19) size 155x19
                  RenderText {#text} at (0,0) size 77x19
                    text run at (0,0) width 77: "Gene Pheiffer"
                  RenderInline {SPAN} at (0,0) size 0x19
                    RenderInline {O:P} at (0,0) size 0x19
              RenderTableCell {TD} at (270,230) size 98x38 [r=8 c=2 rs=1 cs=1]
                RenderBlock {P} at (7,0) size 84x19
                  RenderText {#text} at (34,0) size 16x19
                    text run at (34,0) width 16: "No"
                RenderBlock {P} at (7,19) size 84x19
                  RenderText {#text} at (32,0) size 20x19
                    text run at (32,0) width 20: "Yes"
                  RenderInline {SPAN} at (0,0) size 0x19
                    RenderInline {O:P} at (0,0) size 0x19
              RenderTableCell {TD} at (368,230) size 105x38 [r=8 c=3 rs=1 cs=1]
                RenderBlock {P} at (7,0) size 91x19
                  RenderText {#text} at (35,0) size 20x19
                    text run at (35,0) width 20: "Yes"
                RenderBlock {P} at (7,19) size 91x19
                  RenderText {#text} at (37,0) size 16x19
                    text run at (37,0) width 16: "No"
                  RenderInline {SPAN} at (0,0) size 0x19
                    RenderInline {O:P} at (0,0) size 0x19
            RenderTableRow {TR} at (0,268) size 473x57
              RenderTableCell {TD} at (0,268) size 101x19 [r=9 c=0 rs=1 cs=1]
                RenderBlock {P} at (7,0) size 87x19
                  RenderText {#text} at (0,0) size 87x19
                    text run at (0,0) width 87: "Programmable"
                  RenderInline {SPAN} at (0,0) size 0x19
                    RenderInline {O:P} at (0,0) size 0x19
              RenderTableCell {TD} at (101,268) size 169x57 [r=9 c=1 rs=1 cs=1]
                RenderBlock {P} at (7,0) size 155x19
                  RenderText {#text} at (0,0) size 108x19
                    text run at (0,0) width 108: "Richard Pevehouse"
                  RenderInline {SPAN} at (0,0) size 0x19
                    RenderInline {O:P} at (0,0) size 0x19
                RenderBlock {P} at (7,19) size 155x19
                  RenderText {#text} at (0,0) size 67x19
                    text run at (0,0) width 67: "Gary Heath"
                RenderBlock {P} at (7,38) size 155x19
                  RenderText {#text} at (0,0) size 65x19
                    text run at (0,0) width 65: "Scott Hersh"
                  RenderInline {SPAN} at (0,0) size 0x19
                    RenderInline {O:P} at (0,0) size 0x19
              RenderTableCell {TD} at (270,268) size 98x38 [r=9 c=2 rs=1 cs=1]
                RenderBlock {P} at (7,0) size 84x19
                  RenderText {#text} at (32,0) size 20x19
                    text run at (32,0) width 20: "Yes"
                  RenderInline {SPAN} at (0,0) size 0x19
                    RenderInline {O:P} at (0,0) size 0x19
                RenderBlock {P} at (7,19) size 84x19
                  RenderText {#text} at (34,0) size 16x19
                    text run at (34,0) width 16: "No"
                  RenderInline {SPAN} at (0,0) size 0x19
                    RenderInline {O:P} at (0,0) size 0x19
              RenderTableCell {TD} at (368,268) size 105x38 [r=9 c=3 rs=1 cs=1]
                RenderBlock {P} at (7,0) size 91x19
                  RenderText {#text} at (37,0) size 16x19
                    text run at (37,0) width 16: "No"
                  RenderInline {SPAN} at (0,0) size 0x19
                    RenderInline {O:P} at (0,0) size 0x19
                RenderBlock {P} at (7,19) size 91x19
                  RenderText {#text} at (35,0) size 20x19
                    text run at (35,0) width 20: "Yes"
                  RenderInline {SPAN} at (0,0) size 0x19
                    RenderInline {O:P} at (0,0) size 0x19
            RenderTableRow {TR} at (0,325) size 473x133
              RenderTableCell {TD} at (0,325) size 101x19 [r=10 c=0 rs=1 cs=1]
                RenderBlock {P} at (7,0) size 87x19
                  RenderText {#text} at (36,0) size 14x19
                    text run at (36,0) width 14: "11"
                  RenderInline {SPAN} at (0,0) size 0x19
                    RenderInline {O:P} at (0,0) size 0x19
              RenderTableCell {TD} at (101,325) size 169x133 [r=10 c=1 rs=1 cs=1]
                RenderBlock {P} at (7,0) size 155x19
                  RenderText {#text} at (0,0) size 84x19
                    text run at (0,0) width 84: "George Cowan"
                  RenderInline {SPAN} at (0,0) size 0x19
                    RenderInline {O:P} at (0,0) size 0x19
                RenderBlock {P} at (7,19) size 155x19
                  RenderText {#text} at (0,0) size 77x19
                    text run at (0,0) width 77: "Rick Klement"
                  RenderInline {SPAN} at (0,0) size 0x19
                    RenderInline {O:P} at (0,0) size 0x19
                RenderBlock {P} at (7,38) size 155x19
                  RenderText {#text} at (0,0) size 81x19
                    text run at (0,0) width 81: "John Mathews"
                RenderBlock {P} at (7,57) size 155x19
                  RenderText {#text} at (0,0) size 58x19
                    text run at (0,0) width 58: "Ed Cypret"
                RenderBlock {P} at (7,76) size 155x19
                  RenderText {#text} at (0,0) size 91x19
                    text run at (0,0) width 91: "John Chamorro"
                RenderBlock {P} at (7,95) size 155x19
                  RenderText {#text} at (0,0) size 89x19
                    text run at (0,0) width 89: "John Yearwood"
                RenderBlock {P} at (7,114) size 155x19
                  RenderText {#text} at (0,0) size 90x19
                    text run at (0,0) width 90: "Jason Anderson"
                  RenderInline {SPAN} at (0,0) size 0x19
                    RenderInline {O:P} at (0,0) size 0x19
              RenderTableCell {TD} at (270,325) size 98x133 [r=10 c=2 rs=1 cs=1]
                RenderBlock {P} at (7,0) size 84x19
                  RenderText {#text} at (32,0) size 20x19
                    text run at (32,0) width 20: "Yes"
                  RenderInline {SPAN} at (0,0) size 0x19
                    RenderInline {O:P} at (0,0) size 0x19
                RenderBlock {P} at (7,19) size 84x19
                  RenderText {#text} at (32,0) size 20x19
                    text run at (32,0) width 20: "Yes"
                  RenderInline {SPAN} at (0,0) size 0x19
                    RenderInline {O:P} at (0,0) size 0x19
                RenderBlock {P} at (7,38) size 84x19
                  RenderText {#text} at (32,0) size 20x19
                    text run at (32,0) width 20: "Yes"
                RenderBlock {P} at (7,57) size 84x19
                  RenderText {#text} at (40,0) size 3x19
                    text run at (40,0) width 3: " "
                RenderBlock {P} at (7,76) size 84x19
                  RenderText {#text} at (40,0) size 3x19
                    text run at (40,0) width 3: " "
                RenderBlock {P} at (7,95) size 84x19
                  RenderText {#text} at (32,0) size 20x19
                    text run at (32,0) width 20: "Yes"
                RenderBlock {P} at (7,114) size 84x19
                  RenderText {#text} at (32,0) size 20x19
                    text run at (32,0) width 20: "Yes"
                  RenderInline {SPAN} at (0,0) size 0x19
                    RenderInline {O:P} at (0,0) size 0x19
              RenderTableCell {TD} at (368,325) size 105x133 [r=10 c=3 rs=1 cs=1]
                RenderBlock {P} at (7,0) size 91x19
                  RenderText {#text} at (37,0) size 16x19
                    text run at (37,0) width 16: "No"
                  RenderInline {SPAN} at (0,0) size 0x19
                    RenderInline {O:P} at (0,0) size 0x19
                RenderBlock {P} at (7,19) size 91x19
                  RenderText {#text} at (35,0) size 20x19
                    text run at (35,0) width 20: "Yes"
                  RenderInline {SPAN} at (0,0) size 0x19
                    RenderInline {O:P} at (0,0) size 0x19
                RenderBlock {P} at (7,38) size 91x19
                  RenderText {#text} at (37,0) size 16x19
                    text run at (37,0) width 16: "No"
                RenderBlock {P} at (7,57) size 91x19
                  RenderText {#text} at (44,0) size 3x19
                    text run at (44,0) width 3: " "
                RenderBlock {P} at (7,76) size 91x19
                  RenderText {#text} at (44,0) size 3x19
                    text run at (44,0) width 3: " "
                RenderBlock {P} at (7,95) size 91x19
                  RenderText {#text} at (37,0) size 16x19
                    text run at (37,0) width 16: "No"
                RenderBlock {P} at (7,114) size 91x19
                  RenderText {#text} at (37,0) size 16x19
                    text run at (37,0) width 16: "No"
                  RenderInline {SPAN} at (0,0) size 0x19
                    RenderInline {O:P} at (0,0) size 0x19
            RenderTableRow {TR} at (0,458) size 473x95
              RenderTableCell {TD} at (0,458) size 101x19 [r=11 c=0 rs=1 cs=1]
                RenderBlock {P} at (7,0) size 87x19
                  RenderText {#text} at (36,0) size 14x19
                    text run at (36,0) width 14: "12"
                  RenderInline {SPAN} at (0,0) size 0x19
                    RenderInline {O:P} at (0,0) size 0x19
              RenderTableCell {TD} at (101,458) size 169x95 [r=11 c=1 rs=1 cs=1]
                RenderBlock {P} at (7,0) size 155x19
                  RenderText {#text} at (0,0) size 77x19
                    text run at (0,0) width 77: "Rick Klement"
                RenderBlock {P} at (7,19) size 155x19
                  RenderText {#text} at (0,0) size 90x19
                    text run at (0,0) width 90: "George Coward"
                RenderBlock {P} at (7,38) size 155x19
                  RenderText {#text} at (0,0) size 94x19
                    text run at (0,0) width 94: "Gerald Cardinal"
                RenderBlock {P} at (7,57) size 155x19
                  RenderText {#text} at (0,0) size 76x19
                    text run at (0,0) width 76: "Brock Brown"
                RenderBlock {P} at (7,76) size 155x19
                  RenderText {#text} at (0,0) size 103x19
                    text run at (0,0) width 103: "Ellsworth Crowell"
              RenderTableCell {TD} at (270,458) size 98x95 [r=11 c=2 rs=1 cs=1]
                RenderBlock {P} at (7,0) size 84x19
                  RenderText {#text} at (32,0) size 20x19
                    text run at (32,0) width 20: "Yes"
                RenderBlock {P} at (7,19) size 84x19
                  RenderText {#text} at (32,0) size 20x19
                    text run at (32,0) width 20: "Yes"
                RenderBlock {P} at (7,38) size 84x19
                  RenderText {#text} at (40,0) size 3x19
                    text run at (40,0) width 3: " "
                RenderBlock {P} at (7,57) size 84x19
                  RenderText {#text} at (32,0) size 20x19
                    text run at (32,0) width 20: "Yes"
                RenderBlock {P} at (7,76) size 84x19
                  RenderText {#text} at (32,0) size 20x19
                    text run at (32,0) width 20: "Yes"
                  RenderInline {SPAN} at (0,0) size 0x19
                    RenderInline {O:P} at (0,0) size 0x19
              RenderTableCell {TD} at (368,458) size 105x95 [r=11 c=3 rs=1 cs=1]
                RenderBlock {P} at (7,0) size 91x19
                  RenderText {#text} at (35,0) size 20x19
                    text run at (35,0) width 20: "Yes"
                RenderBlock {P} at (7,19) size 91x19
                  RenderText {#text} at (37,0) size 16x19
                    text run at (37,0) width 16: "No"
                RenderBlock {P} at (7,38) size 91x19
                  RenderText {#text} at (44,0) size 3x19
                    text run at (44,0) width 3: " "
                RenderBlock {P} at (7,57) size 91x19
                  RenderText {#text} at (37,0) size 16x19
                    text run at (37,0) width 16: "No"
                RenderBlock {P} at (7,76) size 91x19
                  RenderText {#text} at (37,0) size 16x19
                    text run at (37,0) width 16: "No"
                  RenderInline {SPAN} at (0,0) size 0x19
                    RenderInline {O:P} at (0,0) size 0x19
            RenderTableRow {TR} at (0,553) size 473x76
              RenderTableCell {TD} at (0,553) size 101x19 [r=12 c=0 rs=1 cs=1]
                RenderBlock {P} at (7,0) size 87x19
                  RenderText {#text} at (36,0) size 14x19
                    text run at (36,0) width 14: "13"
                  RenderInline {SPAN} at (0,0) size 0x19
                    RenderInline {O:P} at (0,0) size 0x19
              RenderTableCell {TD} at (101,553) size 169x76 [r=12 c=1 rs=1 cs=1]
                RenderBlock {P} at (7,0) size 155x19
                  RenderText {#text} at (0,0) size 71x19
                    text run at (0,0) width 71: " Oliver Baer"
                RenderBlock {P} at (7,19) size 155x19
                  RenderText {#text} at (0,0) size 63x19
                    text run at (0,0) width 63: "Joe Araujo"
                RenderBlock {P} at (7,38) size 155x19
                  RenderText {#text} at (0,0) size 79x19
                    text run at (0,0) width 79: "Jim Mirowski"
                RenderBlock {P} at (7,57) size 155x19
                  RenderText {#text} at (0,0) size 65x19
                    text run at (0,0) width 65: "Scott Hersh"
                  RenderInline {SPAN} at (0,0) size 0x19
                    RenderInline {O:P} at (0,0) size 0x19
              RenderTableCell {TD} at (270,553) size 98x76 [r=12 c=2 rs=1 cs=1]
                RenderBlock {P} at (7,0) size 84x19
                  RenderText {#text} at (30,0) size 23x19
                    text run at (30,0) width 23: " Yes"
                RenderBlock {P} at (7,19) size 84x19
                  RenderText {#text} at (40,0) size 3x19
                    text run at (40,0) width 3: " "
                RenderBlock {P} at (7,38) size 84x19
                  RenderText {#text} at (40,0) size 3x19
                    text run at (40,0) width 3: " "
                RenderBlock {P} at (7,57) size 84x19
                  RenderText {#text} at (32,0) size 20x19
                    text run at (32,0) width 20: "Yes"
                  RenderInline {SPAN} at (0,0) size 0x19
                    RenderInline {O:P} at (0,0) size 0x19
              RenderTableCell {TD} at (368,553) size 105x76 [r=12 c=3 rs=1 cs=1]
                RenderBlock {P} at (7,0) size 91x19
                  RenderText {#text} at (36,0) size 19x19
                    text run at (36,0) width 19: " No"
                RenderBlock {P} at (7,19) size 91x19
                  RenderText {#text} at (44,0) size 3x19
                    text run at (44,0) width 3: " "
                RenderBlock {P} at (7,38) size 91x19
                  RenderText {#text} at (44,0) size 3x19
                    text run at (44,0) width 3: " "
                RenderBlock {P} at (7,57) size 91x19
                  RenderText {#text} at (37,0) size 16x19
                    text run at (37,0) width 16: "No"
                  RenderInline {SPAN} at (0,0) size 0x19
                    RenderInline {O:P} at (0,0) size 0x19
            RenderTableRow {TR} at (0,629) size 473x57
              RenderTableCell {TD} at (0,629) size 101x19 [r=13 c=0 rs=1 cs=1]
                RenderBlock {P} at (7,0) size 87x19
                  RenderText {#text} at (36,0) size 14x19
                    text run at (36,0) width 14: "14"
                  RenderInline {SPAN} at (0,0) size 0x19
                    RenderInline {O:P} at (0,0) size 0x19
              RenderTableCell {TD} at (101,629) size 169x57 [r=13 c=1 rs=1 cs=1]
                RenderBlock {P} at (7,0) size 155x19
                  RenderText {#text} at (0,0) size 66x19
                    text run at (0,0) width 66: " Joe Araujo"
                RenderBlock {P} at (7,19) size 155x19
                  RenderText {#text} at (0,0) size 74x19
                    text run at (0,0) width 74: "Steve Gilbert"
                RenderBlock {P} at (7,38) size 155x19
                  RenderText {#text} at (0,0) size 85x19
                    text run at (0,0) width 85: "Gary Williams"
                  RenderInline {SPAN} at (0,0) size 0x19
                    RenderInline {O:P} at (0,0) size 0x19
              RenderTableCell {TD} at (270,629) size 98x38 [r=13 c=2 rs=1 cs=1]
                RenderBlock {P} at (7,0) size 84x19
                  RenderText {#text} at (40,0) size 3x19
                    text run at (40,0) width 3: " "
                RenderBlock {P} at (7,19) size 84x19
                  RenderText {#text} at (32,0) size 20x19
                    text run at (32,0) width 20: "Yes"
                  RenderInline {SPAN} at (0,0) size 0x19
                    RenderInline {O:P} at (0,0) size 0x19
              RenderTableCell {TD} at (368,629) size 105x38 [r=13 c=3 rs=1 cs=1]
                RenderBlock {P} at (7,0) size 91x19
                  RenderText {#text} at (44,0) size 3x19
                    text run at (44,0) width 3: " "
                RenderBlock {P} at (7,19) size 91x19
                  RenderText {#text} at (37,0) size 16x19
                    text run at (37,0) width 16: "No"
                  RenderInline {SPAN} at (0,0) size 0x19
                    RenderInline {O:P} at (0,0) size 0x19
            RenderTableRow {TR} at (0,686) size 473x95
              RenderTableCell {TD} at (0,686) size 101x19 [r=14 c=0 rs=1 cs=1]
                RenderBlock {P} at (7,0) size 87x19
                  RenderText {#text} at (36,0) size 14x19
                    text run at (36,0) width 14: "15"
                  RenderInline {SPAN} at (0,0) size 0x19
                    RenderInline {O:P} at (0,0) size 0x19
              RenderTableCell {TD} at (101,686) size 169x95 [r=14 c=1 rs=1 cs=1]
                RenderBlock {P} at (7,0) size 155x19
                  RenderText {#text} at (0,0) size 71x19
                    text run at (0,0) width 71: " Oliver Baer"
                RenderBlock {P} at (7,19) size 155x19
                  RenderText {#text} at (0,0) size 56x19
                    text run at (0,0) width 56: "Joe Smith"
                RenderBlock {P} at (7,38) size 155x19
                  RenderText {#text} at (0,0) size 59x19
                    text run at (0,0) width 59: "John Paye"
                RenderBlock {P} at (7,57) size 155x19
                  RenderText {#text} at (0,0) size 89x19
                    text run at (0,0) width 89: "John Yearwood"
                RenderBlock {P} at (7,76) size 155x19
                  RenderText {#text} at (0,0) size 75x19
                    text run at (0,0) width 75: "Harald Close"
                  RenderInline {SPAN} at (0,0) size 0x19
                    RenderInline {O:P} at (0,0) size 0x19
              RenderTableCell {TD} at (270,686) size 98x95 [r=14 c=2 rs=1 cs=1]
                RenderBlock {P} at (7,0) size 84x19
                  RenderText {#text} at (30,0) size 23x19
                    text run at (30,0) width 23: " Yes"
                RenderBlock {P} at (7,19) size 84x19
                  RenderText {#text} at (40,0) size 3x19
                    text run at (40,0) width 3: " "
                RenderBlock {P} at (7,38) size 84x19
                  RenderText {#text} at (40,0) size 3x19
                    text run at (40,0) width 3: " "
                RenderBlock {P} at (7,57) size 84x19
                  RenderText {#text} at (32,0) size 20x19
                    text run at (32,0) width 20: "Yes"
                RenderBlock {P} at (7,76) size 84x19
                  RenderText {#text} at (32,0) size 20x19
                    text run at (32,0) width 20: "Yes"
                  RenderInline {SPAN} at (0,0) size 0x19
                    RenderInline {O:P} at (0,0) size 0x19
              RenderTableCell {TD} at (368,686) size 105x95 [r=14 c=3 rs=1 cs=1]
                RenderBlock {P} at (7,0) size 91x19
                  RenderText {#text} at (36,0) size 19x19
                    text run at (36,0) width 19: " No"
                RenderBlock {P} at (7,19) size 91x19
                  RenderText {#text} at (44,0) size 3x19
                    text run at (44,0) width 3: " "
                RenderBlock {P} at (7,38) size 91x19
                  RenderText {#text} at (44,0) size 3x19
                    text run at (44,0) width 3: " "
                RenderBlock {P} at (7,57) size 91x19
                  RenderText {#text} at (37,0) size 16x19
                    text run at (37,0) width 16: "No"
                RenderBlock {P} at (7,76) size 91x19
                  RenderText {#text} at (37,0) size 16x19
                    text run at (37,0) width 16: "No"
                  RenderInline {SPAN} at (0,0) size 0x19
                    RenderInline {O:P} at (0,0) size 0x19
            RenderTableRow {TR} at (0,781) size 473x38
              RenderTableCell {TD} at (0,781) size 101x19 [r=15 c=0 rs=1 cs=1]
                RenderBlock {P} at (7,0) size 87x19
                  RenderText {#text} at (36,0) size 14x19
                    text run at (36,0) width 14: "16"
                  RenderInline {SPAN} at (0,0) size 0x19
                    RenderInline {O:P} at (0,0) size 0x19
              RenderTableCell {TD} at (101,781) size 169x38 [r=15 c=1 rs=1 cs=1]
                RenderBlock {P} at (7,0) size 155x19
                  RenderText {#text} at (0,0) size 89x19
                    text run at (0,0) width 89: " James Haladus"
                RenderBlock {P} at (7,19) size 155x19
                  RenderText {#text} at (0,0) size 56x19
                    text run at (0,0) width 56: "Joe Smith"
                  RenderInline {SPAN} at (0,0) size 0x19
                    RenderInline {O:P} at (0,0) size 0x19
              RenderTableCell {TD} at (270,781) size 98x19 [r=15 c=2 rs=1 cs=1]
                RenderBlock {P} at (7,0) size 84x19
                  RenderText {#text} at (30,0) size 23x19
                    text run at (30,0) width 23: " Yes"
                  RenderInline {SPAN} at (0,0) size 0x19
                    RenderInline {O:P} at (0,0) size 0x19
              RenderTableCell {TD} at (368,781) size 105x19 [r=15 c=3 rs=1 cs=1]
                RenderBlock {P} at (7,0) size 91x19
                  RenderText {#text} at (36,0) size 19x19
                    text run at (36,0) width 19: " No"
                  RenderInline {SPAN} at (0,0) size 0x19
                    RenderInline {O:P} at (0,0) size 0x19
            RenderTableRow {TR} at (0,819) size 473x95
              RenderTableCell {TD} at (0,819) size 101x19 [r=16 c=0 rs=1 cs=1]
                RenderBlock {P} at (7,0) size 87x19
                  RenderText {#text} at (36,0) size 14x19
                    text run at (36,0) width 14: "17"
                  RenderInline {SPAN} at (0,0) size 0x19
                    RenderInline {O:P} at (0,0) size 0x19
              RenderTableCell {TD} at (101,819) size 169x95 [r=16 c=1 rs=1 cs=1]
                RenderBlock {P} at (7,0) size 155x19
                  RenderText {#text} at (0,0) size 62x19
                    text run at (0,0) width 62: "Doug Field"
                  RenderInline {SPAN} at (0,0) size 0x19
                    RenderInline {O:P} at (0,0) size 0x19
                RenderBlock {P} at (7,19) size 155x19
                  RenderText {#text} at (0,0) size 65x19
                    text run at (0,0) width 65: "Dave Neves"
                RenderBlock {P} at (7,38) size 155x19
                  RenderText {#text} at (0,0) size 68x19
                    text run at (0,0) width 68: "Oliver Baer"
                RenderBlock {P} at (7,57) size 155x19
                  RenderText {#text} at (0,0) size 61x19
                    text run at (0,0) width 61: "John Todd"
                RenderBlock {P} at (7,76) size 155x19
                  RenderText {#text} at (0,0) size 103x19
                    text run at (0,0) width 103: "Dave Christiansen"
                  RenderInline {SPAN} at (0,0) size 0x19
                    RenderInline {O:P} at (0,0) size 0x19
              RenderTableCell {TD} at (270,819) size 98x95 [r=16 c=2 rs=1 cs=1]
                RenderBlock {P} at (7,0) size 84x19
                  RenderText {#text} at (32,0) size 20x19
                    text run at (32,0) width 20: "Yes"
                  RenderInline {SPAN} at (0,0) size 0x19
                    RenderInline {O:P} at (0,0) size 0x19
                RenderBlock {P} at (7,19) size 84x19
                  RenderText {#text} at (32,0) size 20x19
                    text run at (32,0) width 20: "Yes"
                RenderBlock {P} at (7,38) size 84x19
                  RenderText {#text} at (32,0) size 20x19
                    text run at (32,0) width 20: "Yes"
                RenderBlock {P} at (7,57) size 84x19
                  RenderText {#text} at (40,0) size 3x19
                    text run at (40,0) width 3: " "
                RenderBlock {P} at (7,76) size 84x19
                  RenderText {#text} at (32,0) size 20x19
                    text run at (32,0) width 20: "Yes"
                  RenderInline {SPAN} at (0,0) size 0x19
                    RenderInline {O:P} at (0,0) size 0x19
              RenderTableCell {TD} at (368,819) size 105x95 [r=16 c=3 rs=1 cs=1]
                RenderBlock {P} at (7,0) size 91x19
                  RenderText {#text} at (37,0) size 16x19
                    text run at (37,0) width 16: "No"
                  RenderInline {SPAN} at (0,0) size 0x19
                    RenderInline {O:P} at (0,0) size 0x19
                RenderBlock {P} at (7,19) size 91x19
                  RenderText {#text} at (35,0) size 20x19
                    text run at (35,0) width 20: "Yes"
                RenderBlock {P} at (7,38) size 91x19
                  RenderText {#text} at (37,0) size 16x19
                    text run at (37,0) width 16: "No"
                RenderBlock {P} at (7,57) size 91x19
                  RenderText {#text} at (44,0) size 3x19
                    text run at (44,0) width 3: " "
                RenderBlock {P} at (7,76) size 91x19
                  RenderText {#text} at (37,0) size 16x19
                    text run at (37,0) width 16: "No"
                  RenderInline {SPAN} at (0,0) size 0x19
                    RenderInline {O:P} at (0,0) size 0x19
            RenderTableRow {TR} at (0,914) size 473x133
              RenderTableCell {TD} at (0,914) size 101x19 [r=17 c=0 rs=1 cs=1]
                RenderBlock {P} at (7,0) size 87x19
                  RenderText {#text} at (36,0) size 14x19
                    text run at (36,0) width 14: "18"
                  RenderInline {SPAN} at (0,0) size 0x19
                    RenderInline {O:P} at (0,0) size 0x19
              RenderTableCell {TD} at (101,914) size 169x133 [r=17 c=1 rs=1 cs=1]
                RenderBlock {P} at (7,0) size 155x19
                  RenderText {#text} at (0,0) size 85x19
                    text run at (0,0) width 85: "Robert Barnett"
                RenderBlock {P} at (7,19) size 155x19
                  RenderText {#text} at (0,0) size 78x19
                    text run at (0,0) width 78: "Jim Mahoney"
                RenderBlock {P} at (7,38) size 155x19
                  RenderText {#text} at (0,0) size 84x19
                    text run at (0,0) width 84: "Dave Marshall"
                RenderBlock {P} at (7,57) size 155x19
                  RenderText {#text} at (0,0) size 94x19
                    text run at (0,0) width 94: "Gerald Cardinal"
                RenderBlock {P} at (7,76) size 155x19
                  RenderText {#text} at (0,0) size 108x19
                    text run at (0,0) width 108: "Dan & Will Sievert"
                RenderBlock {P} at (7,95) size 155x19
                  RenderText {#text} at (0,0) size 103x19
                    text run at (0,0) width 103: "Ellsworth Crowell"
                RenderBlock {P} at (7,114) size 155x19
                  RenderText {#text} at (0,0) size 63x19
                    text run at (0,0) width 63: "Jim Colvin"
                  RenderInline {SPAN} at (0,0) size 0x19
                    RenderInline {O:P} at (0,0) size 0x19
              RenderTableCell {TD} at (270,914) size 98x114 [r=17 c=2 rs=1 cs=1]
                RenderBlock {P} at (7,0) size 84x19
                  RenderText {#text} at (32,0) size 20x19
                    text run at (32,0) width 20: "Yes"
                RenderBlock {P} at (7,19) size 84x19
                  RenderText {#text} at (32,0) size 20x19
                    text run at (32,0) width 20: "Yes"
                RenderBlock {P} at (7,38) size 84x19
                  RenderText {#text} at (32,0) size 20x19
                    text run at (32,0) width 20: "Yes"
                RenderBlock {P} at (7,57) size 84x19
                  RenderText {#text} at (40,0) size 3x19
                    text run at (40,0) width 3: " "
                RenderBlock {P} at (7,76) size 84x19
                  RenderText {#text} at (32,0) size 20x19
                    text run at (32,0) width 20: "Yes"
                RenderBlock {P} at (7,95) size 84x19
                  RenderText {#text} at (32,0) size 20x19
                    text run at (32,0) width 20: "Yes"
                  RenderInline {SPAN} at (0,0) size 0x19
                    RenderInline {O:P} at (0,0) size 0x19
              RenderTableCell {TD} at (368,914) size 105x114 [r=17 c=3 rs=1 cs=1]
                RenderBlock {P} at (7,0) size 91x19
                  RenderText {#text} at (37,0) size 16x19
                    text run at (37,0) width 16: "No"
                RenderBlock {P} at (7,19) size 91x19
                  RenderText {#text} at (35,0) size 20x19
                    text run at (35,0) width 20: "Yes"
                RenderBlock {P} at (7,38) size 91x19
                  RenderText {#text} at (37,0) size 16x19
                    text run at (37,0) width 16: "No"
                RenderBlock {P} at (7,57) size 91x19
                  RenderText {#text} at (44,0) size 3x19
                    text run at (44,0) width 3: " "
                RenderBlock {P} at (7,76) size 91x19
                  RenderText {#text} at (37,0) size 16x19
                    text run at (37,0) width 16: "No"
                RenderBlock {P} at (7,95) size 91x19
                  RenderText {#text} at (37,0) size 16x19
                    text run at (37,0) width 16: "No"
                  RenderInline {SPAN} at (0,0) size 0x19
                    RenderInline {O:P} at (0,0) size 0x19
            RenderTableRow {TR} at (0,1047) size 473x76
              RenderTableCell {TD} at (0,1047) size 101x19 [r=18 c=0 rs=1 cs=1]
                RenderBlock {P} at (7,0) size 87x19
                  RenderText {#text} at (36,0) size 14x19
                    text run at (36,0) width 14: "19"
                  RenderInline {SPAN} at (0,0) size 0x19
                    RenderInline {O:P} at (0,0) size 0x19
              RenderTableCell {TD} at (101,1047) size 169x76 [r=18 c=1 rs=1 cs=1]
                RenderBlock {P} at (7,0) size 155x19
                  RenderInline {SPAN} at (0,0) size 71x19
                    RenderText {#text} at (0,0) size 71x19
                      text run at (0,0) width 43: "Noriya "
                      text run at (43,0) width 28: "Kato"
                RenderBlock {P} at (7,19) size 155x19
                  RenderText {#text} at (0,0) size 61x19
                    text run at (0,0) width 61: "John Todd"
                RenderBlock {P} at (7,38) size 155x19
                  RenderText {#text} at (0,0) size 77x19
                    text run at (0,0) width 77: "James Brown"
                RenderBlock {P} at (7,57) size 155x19
                  RenderText {#text} at (0,0) size 86x19
                    text run at (0,0) width 86: "Mike Anderson"
                  RenderInline {SPAN} at (0,0) size 0x19
                    RenderInline {O:P} at (0,0) size 0x19
              RenderTableCell {TD} at (270,1047) size 98x76 [r=18 c=2 rs=1 cs=1]
                RenderBlock {P} at (7,0) size 84x19
                  RenderInline {SPAN} at (0,0) size 20x19
                    RenderText {#text} at (32,0) size 20x19
                      text run at (32,0) width 20: "Yes"
                RenderBlock {P} at (7,19) size 84x19
                  RenderText {#text} at (40,0) size 3x19
                    text run at (40,0) width 3: " "
                RenderBlock {P} at (7,38) size 84x19
                  RenderInline {SPAN} at (0,0) size 20x19
                    RenderText {#text} at (32,0) size 20x19
                      text run at (32,0) width 20: "Yes"
                RenderBlock {P} at (7,57) size 84x19
                  RenderInline {SPAN} at (0,0) size 20x19
                    RenderText {#text} at (32,0) size 20x19
                      text run at (32,0) width 20: "Yes"
                  RenderInline {SPAN} at (0,0) size 0x19
                    RenderInline {O:P} at (0,0) size 0x19
              RenderTableCell {TD} at (368,1047) size 105x76 [r=18 c=3 rs=1 cs=1]
                RenderBlock {P} at (7,0) size 91x19
                  RenderInline {SPAN} at (0,0) size 16x19
                    RenderText {#text} at (37,0) size 16x19
                      text run at (37,0) width 16: "No"
                RenderBlock {P} at (7,19) size 91x19
                  RenderText {#text} at (44,0) size 3x19
                    text run at (44,0) width 3: " "
                RenderBlock {P} at (7,38) size 91x19
                  RenderInline {SPAN} at (0,0) size 16x19
                    RenderText {#text} at (37,0) size 16x19
                      text run at (37,0) width 16: "No"
                RenderBlock {P} at (7,57) size 91x19
                  RenderInline {SPAN} at (0,0) size 16x19
                    RenderText {#text} at (37,0) size 16x19
                      text run at (37,0) width 16: "No"
                  RenderInline {SPAN} at (0,0) size 0x19
                    RenderInline {O:P} at (0,0) size 0x19
            RenderTableRow {TR} at (0,1123) size 473x57
              RenderTableCell {TD} at (0,1123) size 101x19 [r=19 c=0 rs=1 cs=1]
                RenderBlock {P} at (7,0) size 87x19
                  RenderText {#text} at (36,0) size 14x19
                    text run at (36,0) width 14: "20"
                  RenderInline {SPAN} at (0,0) size 0x19
                    RenderInline {O:P} at (0,0) size 0x19
              RenderTableCell {TD} at (101,1123) size 169x57 [r=19 c=1 rs=1 cs=1]
                RenderBlock {P} at (7,0) size 155x19
                  RenderText {#text} at (0,0) size 71x19
                    text run at (0,0) width 71: "Bill Johnson"
                RenderBlock {P} at (7,19) size 155x19
                  RenderText {#text} at (0,0) size 92x19
                    text run at (0,0) width 92: "Dominic Bayani"
                RenderBlock {P} at (7,38) size 155x19
                  RenderText {#text} at (0,0) size 74x19
                    text run at (0,0) width 74: "Rick Latham"
                  RenderInline {SPAN} at (0,0) size 0x19
                    RenderInline {O:P} at (0,0) size 0x19
              RenderTableCell {TD} at (270,1123) size 98x57 [r=19 c=2 rs=1 cs=1]
                RenderBlock {P} at (7,0) size 84x19
                  RenderText {#text} at (32,0) size 20x19
                    text run at (32,0) width 20: "Yes"
                RenderBlock {P} at (7,19) size 84x19
                  RenderText {#text} at (40,0) size 3x19
                    text run at (40,0) width 3: " "
                RenderBlock {P} at (7,38) size 84x19
                  RenderText {#text} at (32,0) size 20x19
                    text run at (32,0) width 20: "Yes"
                  RenderInline {SPAN} at (0,0) size 0x19
                    RenderInline {O:P} at (0,0) size 0x19
              RenderTableCell {TD} at (368,1123) size 105x57 [r=19 c=3 rs=1 cs=1]
                RenderBlock {P} at (7,0) size 91x19
                  RenderText {#text} at (37,0) size 16x19
                    text run at (37,0) width 16: "No"
                RenderBlock {P} at (7,19) size 91x19
                  RenderText {#text} at (44,0) size 3x19
                    text run at (44,0) width 3: " "
                RenderBlock {P} at (7,38) size 91x19
                  RenderText {#text} at (37,0) size 16x19
                    text run at (37,0) width 16: "No"
                  RenderInline {SPAN} at (0,0) size 0x19
                    RenderInline {O:P} at (0,0) size 0x19
            RenderTableRow {TR} at (0,1180) size 473x19
              RenderTableCell {TD} at (0,1180) size 101x19 [r=20 c=0 rs=1 cs=1]
                RenderBlock {P} at (7,0) size 87x19
                  RenderText {#text} at (36,0) size 14x19
                    text run at (36,0) width 14: "21"
                  RenderInline {SPAN} at (0,0) size 0x19
                    RenderInline {O:P} at (0,0) size 0x19
              RenderTableCell {TD} at (101,1180) size 169x19 [r=20 c=1 rs=1 cs=1]
                RenderBlock {P} at (7,0) size 155x19
                  RenderText {#text} at (0,0) size 69x19
                    text run at (0,0) width 69: " Simon Tam"
                  RenderInline {SPAN} at (0,0) size 0x19
                    RenderInline {O:P} at (0,0) size 0x19
              RenderTableCell {TD} at (270,1180) size 98x19 [r=20 c=2 rs=1 cs=1]
                RenderBlock {P} at (7,0) size 84x19
                  RenderText {#text} at (40,0) size 3x19
                    text run at (40,0) width 3: " "
                  RenderInline {SPAN} at (0,0) size 0x19
                    RenderInline {O:P} at (0,0) size 0x19
              RenderTableCell {TD} at (368,1180) size 105x19 [r=20 c=3 rs=1 cs=1]
                RenderBlock {P} at (7,0) size 91x19
                  RenderText {#text} at (44,0) size 3x19
                    text run at (44,0) width 3: " "
                  RenderInline {SPAN} at (0,0) size 0x19
                    RenderInline {O:P} at (0,0) size 0x19
            RenderTableRow {TR} at (0,1199) size 473x95
              RenderTableCell {TD} at (0,1199) size 101x19 [r=21 c=0 rs=1 cs=1]
                RenderBlock {P} at (7,0) size 87x19
                  RenderText {#text} at (36,0) size 14x19
                    text run at (36,0) width 14: "22"
                  RenderInline {SPAN} at (0,0) size 0x19
                    RenderInline {O:P} at (0,0) size 0x19
              RenderTableCell {TD} at (101,1199) size 169x95 [r=21 c=1 rs=1 cs=1]
                RenderBlock {P} at (7,0) size 155x19
                  RenderText {#text} at (0,0) size 65x19
                    text run at (0,0) width 65: "Dave Neves"
                  RenderInline {SPAN} at (0,0) size 0x19
                    RenderInline {O:P} at (0,0) size 0x19
                RenderBlock {P} at (7,19) size 155x19
                  RenderText {#text} at (0,0) size 96x19
                    text run at (0,0) width 96: "Grant Sanderson"
                  RenderInline {SPAN} at (0,0) size 0x19
                    RenderInline {O:P} at (0,0) size 0x19
                RenderBlock {P} at (7,38) size 155x19
                  RenderText {#text} at (0,0) size 91x19
                    text run at (0,0) width 91: "Maurice Burton"
                RenderBlock {P} at (7,57) size 155x19
                  RenderText {#text} at (0,0) size 127x19
                    text run at (0,0) width 127: "Mike Gilmartin ?????"
                RenderBlock {P} at (7,76) size 155x19
                  RenderText {#text} at (0,0) size 70x19
                    text run at (0,0) width 70: "Chris Walsh"
                  RenderInline {SPAN} at (0,0) size 0x19
                    RenderInline {O:P} at (0,0) size 0x19
              RenderTableCell {TD} at (270,1199) size 98x95 [r=21 c=2 rs=1 cs=1]
                RenderBlock {P} at (7,0) size 84x19
                  RenderText {#text} at (32,0) size 20x19
                    text run at (32,0) width 20: "Yes"
                  RenderInline {SPAN} at (0,0) size 0x19
                    RenderInline {O:P} at (0,0) size 0x19
                RenderBlock {P} at (7,19) size 84x19
                  RenderText {#text} at (32,0) size 20x19
                    text run at (32,0) width 20: "Yes"
                  RenderInline {SPAN} at (0,0) size 0x19
                    RenderInline {O:P} at (0,0) size 0x19
                RenderBlock {P} at (7,38) size 84x19
                  RenderText {#text} at (32,0) size 20x19
                    text run at (32,0) width 20: "Yes"
                RenderBlock {P} at (7,57) size 84x19
                  RenderText {#text} at (32,0) size 20x19
                    text run at (32,0) width 20: "Yes"
                RenderBlock {P} at (7,76) size 84x19
                  RenderText {#text} at (32,0) size 20x19
                    text run at (32,0) width 20: "Yes"
                  RenderInline {SPAN} at (0,0) size 0x19
                    RenderInline {O:P} at (0,0) size 0x19
              RenderTableCell {TD} at (368,1199) size 105x95 [r=21 c=3 rs=1 cs=1]
                RenderBlock {P} at (7,0) size 91x19
                  RenderText {#text} at (35,0) size 20x19
                    text run at (35,0) width 20: "Yes"
                  RenderInline {SPAN} at (0,0) size 0x19
                    RenderInline {O:P} at (0,0) size 0x19
                RenderBlock {P} at (7,19) size 91x19
                  RenderText {#text} at (37,0) size 16x19
                    text run at (37,0) width 16: "No"
                  RenderInline {SPAN} at (0,0) size 0x19
                    RenderInline {O:P} at (0,0) size 0x19
                RenderBlock {P} at (7,38) size 91x19
                  RenderText {#text} at (37,0) size 16x19
                    text run at (37,0) width 16: "No"
                RenderBlock {P} at (7,57) size 91x19
                  RenderText {#text} at (35,0) size 20x19
                    text run at (35,0) width 20: "Yes"
                RenderBlock {P} at (7,76) size 91x19
                  RenderText {#text} at (37,0) size 16x19
                    text run at (37,0) width 16: "No"
                  RenderInline {SPAN} at (0,0) size 0x19
                    RenderInline {O:P} at (0,0) size 0x19
            RenderTableRow {TR} at (0,1294) size 473x95
              RenderTableCell {TD} at (0,1294) size 101x19 [r=22 c=0 rs=1 cs=1]
                RenderBlock {P} at (7,0) size 87x19
                  RenderText {#text} at (36,0) size 14x19
                    text run at (36,0) width 14: "23"
                  RenderInline {SPAN} at (0,0) size 0x19
                    RenderInline {O:P} at (0,0) size 0x19
              RenderTableCell {TD} at (101,1294) size 169x95 [r=22 c=1 rs=1 cs=1]
                RenderBlock {P} at (7,0) size 155x19
                  RenderText {#text} at (0,0) size 65x19
                    text run at (0,0) width 65: "Dave Neves"
                  RenderInline {SPAN} at (0,0) size 0x19
                    RenderInline {O:P} at (0,0) size 0x19
                RenderBlock {P} at (7,19) size 155x19
                  RenderText {#text} at (0,0) size 91x19
                    text run at (0,0) width 91: "Maurice Burton"
                RenderBlock {P} at (7,38) size 155x19
                  RenderText {#text} at (0,0) size 68x19
                    text run at (0,0) width 68: "Oliver Baer"
                RenderBlock {P} at (7,57) size 155x19
                  RenderText {#text} at (0,0) size 61x19
                    text run at (0,0) width 61: "John Todd"
                RenderBlock {P} at (7,76) size 155x19
                  RenderText {#text} at (0,0) size 67x19
                    text run at (0,0) width 67: "Rich Saunef"
                  RenderInline {SPAN} at (0,0) size 0x19
                    RenderInline {O:P} at (0,0) size 0x19
              RenderTableCell {TD} at (270,1294) size 98x95 [r=22 c=2 rs=1 cs=1]
                RenderBlock {P} at (7,0) size 84x19
                  RenderText {#text} at (32,0) size 20x19
                    text run at (32,0) width 20: "Yes"
                  RenderInline {SPAN} at (0,0) size 0x19
                    RenderInline {O:P} at (0,0) size 0x19
                RenderBlock {P} at (7,19) size 84x19
                  RenderText {#text} at (32,0) size 20x19
                    text run at (32,0) width 20: "Yes"
                RenderBlock {P} at (7,38) size 84x19
                  RenderText {#text} at (32,0) size 20x19
                    text run at (32,0) width 20: "Yes"
                RenderBlock {P} at (7,57) size 84x19
                  RenderText {#text} at (40,0) size 3x19
                    text run at (40,0) width 3: " "
                RenderBlock {P} at (7,76) size 84x19
                  RenderText {#text} at (32,0) size 20x19
                    text run at (32,0) width 20: "Yes"
                  RenderInline {SPAN} at (0,0) size 0x19
                    RenderInline {O:P} at (0,0) size 0x19
              RenderTableCell {TD} at (368,1294) size 105x95 [r=22 c=3 rs=1 cs=1]
                RenderBlock {P} at (7,0) size 91x19
                  RenderText {#text} at (35,0) size 20x19
                    text run at (35,0) width 20: "Yes"
                  RenderInline {SPAN} at (0,0) size 0x19
                    RenderInline {O:P} at (0,0) size 0x19
                RenderBlock {P} at (7,19) size 91x19
                  RenderText {#text} at (37,0) size 16x19
                    text run at (37,0) width 16: "No"
                RenderBlock {P} at (7,38) size 91x19
                  RenderText {#text} at (37,0) size 16x19
                    text run at (37,0) width 16: "No"
                RenderBlock {P} at (7,57) size 91x19
                  RenderText {#text} at (44,0) size 3x19
                    text run at (44,0) width 3: " "
                RenderBlock {P} at (7,76) size 91x19
                  RenderText {#text} at (37,0) size 16x19
                    text run at (37,0) width 16: "No"
                  RenderInline {SPAN} at (0,0) size 0x19
                    RenderInline {O:P} at (0,0) size 0x19
            RenderTableRow {TR} at (0,1389) size 473x95
              RenderTableCell {TD} at (0,1389) size 101x19 [r=23 c=0 rs=1 cs=1]
                RenderBlock {P} at (7,0) size 87x19
                  RenderText {#text} at (36,0) size 14x19
                    text run at (36,0) width 14: "24"
                  RenderInline {SPAN} at (0,0) size 0x19
                    RenderInline {O:P} at (0,0) size 0x19
              RenderTableCell {TD} at (101,1389) size 169x95 [r=23 c=1 rs=1 cs=1]
                RenderBlock {P} at (7,0) size 155x19
                  RenderText {#text} at (0,0) size 69x19
                    text run at (0,0) width 69: " Dan Sievert"
                RenderBlock {P} at (7,19) size 155x19
                  RenderText {#text} at (0,0) size 67x19
                    text run at (0,0) width 67: "Jerry Davis"
                RenderBlock {P} at (7,38) size 155x19
                  RenderText {#text} at (0,0) size 65x19
                    text run at (0,0) width 65: "Scott Hersh"
                RenderBlock {P} at (7,57) size 155x19
                  RenderText {#text} at (0,0) size 52x19
                    text run at (0,0) width 52: "Rick Bell"
                RenderBlock {P} at (7,76) size 155x19
                  RenderText {#text} at (0,0) size 60x19
                    text run at (0,0) width 60: "Eric Shum"
                  RenderInline {SPAN} at (0,0) size 0x19
                    RenderInline {O:P} at (0,0) size 0x19
              RenderTableCell {TD} at (270,1389) size 98x95 [r=23 c=2 rs=1 cs=1]
                RenderBlock {P} at (7,0) size 84x19
                  RenderText {#text} at (30,0) size 23x19
                    text run at (30,0) width 23: " Yes"
                RenderBlock {P} at (7,19) size 84x19
                  RenderText {#text} at (32,0) size 20x19
                    text run at (32,0) width 20: "Yes"
                RenderBlock {P} at (7,38) size 84x19
                  RenderText {#text} at (32,0) size 20x19
                    text run at (32,0) width 20: "Yes"
                RenderBlock {P} at (7,57) size 84x19
                  RenderText {#text} at (32,0) size 20x19
                    text run at (32,0) width 20: "Yes"
                RenderBlock {P} at (7,76) size 84x19
                  RenderText {#text} at (32,0) size 20x19
                    text run at (32,0) width 20: "Yes"
                  RenderInline {SPAN} at (0,0) size 0x19
                    RenderInline {O:P} at (0,0) size 0x19
              RenderTableCell {TD} at (368,1389) size 105x95 [r=23 c=3 rs=1 cs=1]
                RenderBlock {P} at (7,0) size 91x19
                  RenderText {#text} at (36,0) size 19x19
                    text run at (36,0) width 19: " No"
                RenderBlock {P} at (7,19) size 91x19
                  RenderText {#text} at (37,0) size 16x19
                    text run at (37,0) width 16: "No"
                RenderBlock {P} at (7,38) size 91x19
                  RenderText {#text} at (37,0) size 16x19
                    text run at (37,0) width 16: "No"
                RenderBlock {P} at (7,57) size 91x19
                  RenderText {#text} at (37,0) size 16x19
                    text run at (37,0) width 16: "No"
                RenderBlock {P} at (7,76) size 91x19
                  RenderText {#text} at (37,0) size 16x19
                    text run at (37,0) width 16: "No"
                  RenderInline {SPAN} at (0,0) size 0x19
                    RenderInline {O:P} at (0,0) size 0x19
            RenderTableRow {TR} at (0,1484) size 473x38
              RenderTableCell {TD} at (0,1484) size 101x19 [r=24 c=0 rs=1 cs=1]
                RenderBlock {P} at (7,0) size 87x19
                  RenderText {#text} at (36,0) size 14x19
                    text run at (36,0) width 14: "25"
                  RenderInline {SPAN} at (0,0) size 0x19
                    RenderInline {O:P} at (0,0) size 0x19
              RenderTableCell {TD} at (101,1484) size 169x38 [r=24 c=1 rs=1 cs=1]
                RenderBlock {P} at (7,0) size 155x19
                  RenderText {#text} at (0,0) size 75x19
                    text run at (0,0) width 75: "James Davey"
                RenderBlock {P} at (7,19) size 155x19
                  RenderText {#text} at (0,0) size 96x19
                    text run at (0,0) width 96: "Ruenjoe (Joe) Lu"
                  RenderInline {SPAN} at (0,0) size 0x19
                    RenderInline {O:P} at (0,0) size 0x19
              RenderTableCell {TD} at (270,1484) size 98x19 [r=24 c=2 rs=1 cs=1]
                RenderBlock {P} at (7,0) size 84x19
                  RenderText {#text} at (32,0) size 20x19
                    text run at (32,0) width 20: "Yes"
                  RenderInline {SPAN} at (0,0) size 0x19
                    RenderInline {O:P} at (0,0) size 0x19
              RenderTableCell {TD} at (368,1484) size 105x19 [r=24 c=3 rs=1 cs=1]
                RenderBlock {P} at (7,0) size 91x19
                  RenderText {#text} at (35,0) size 20x19
                    text run at (35,0) width 20: "Yes"
                  RenderInline {SPAN} at (0,0) size 0x19
                    RenderInline {O:P} at (0,0) size 0x19
            RenderTableRow {TR} at (0,1522) size 473x190
              RenderTableCell {TD} at (0,1522) size 101x19 [r=25 c=0 rs=1 cs=1]
                RenderBlock {P} at (7,0) size 87x19
                  RenderText {#text} at (36,0) size 14x19
                    text run at (36,0) width 14: "26"
                  RenderInline {SPAN} at (0,0) size 0x19
                    RenderInline {O:P} at (0,0) size 0x19
              RenderTableCell {TD} at (101,1522) size 169x190 [r=25 c=1 rs=1 cs=1]
                RenderBlock {P} at (7,0) size 155x19
                  RenderText {#text} at (0,0) size 91x19
                    text run at (0,0) width 91: "Alan Littlewood"
                  RenderInline {SPAN} at (0,0) size 0x19
                    RenderInline {O:P} at (0,0) size 0x19
                RenderBlock {P} at (7,19) size 155x19
                  RenderText {#text} at (0,0) size 80x19
                    text run at (0,0) width 80: "Darren Braun"
                  RenderInline {SPAN} at (0,0) size 0x19
                    RenderInline {O:P} at (0,0) size 0x19
                RenderBlock {P} at (7,38) size 155x19
                  RenderText {#text} at (0,0) size 66x19
                    text run at (0,0) width 66: "Simon Tam"
                RenderBlock {P} at (7,57) size 155x19
                  RenderText {#text} at (0,0) size 81x19
                    text run at (0,0) width 81: "Chuck Pringle"
                RenderBlock {P} at (7,76) size 155x19
                  RenderText {#text} at (0,0) size 98x19
                    text run at (0,0) width 98: "Gary Pendergras"
                RenderBlock {P} at (7,95) size 155x19
                  RenderText {#text} at (0,0) size 84x19
                    text run at (0,0) width 84: "Peter Mazanec"
                RenderBlock {P} at (7,114) size 155x19
                  RenderText {#text} at (0,0) size 93x19
                    text run at (0,0) width 93: "Harry Imamura"
                RenderBlock {P} at (7,133) size 155x19
                  RenderText {#text} at (0,0) size 63x19
                    text run at (0,0) width 63: "Joe Araujo"
                RenderBlock {P} at (7,152) size 155x19
                  RenderText {#text} at (0,0) size 85x19
                    text run at (0,0) width 85: "Gary Williams"
                RenderBlock {P} at (7,171) size 155x19
                  RenderText {#text} at (0,0) size 95x19
                    text run at (0,0) width 95: "Jack Goodfriend"
                  RenderInline {SPAN} at (0,0) size 0x19
                    RenderInline {O:P} at (0,0) size 0x19
              RenderTableCell {TD} at (270,1522) size 98x133 [r=25 c=2 rs=1 cs=1]
                RenderBlock {P} at (7,0) size 84x19
                  RenderText {#text} at (32,0) size 20x19
                    text run at (32,0) width 20: "Yes"
                  RenderInline {SPAN} at (0,0) size 0x19
                    RenderInline {O:P} at (0,0) size 0x19
                RenderBlock {P} at (7,19) size 84x19
                  RenderText {#text} at (32,0) size 20x19
                    text run at (32,0) width 20: "Yes"
                  RenderInline {SPAN} at (0,0) size 0x19
                    RenderInline {O:P} at (0,0) size 0x19
                RenderBlock {P} at (7,38) size 84x19
                  RenderText {#text} at (32,0) size 20x19
                    text run at (32,0) width 20: "Yes"
                RenderBlock {P} at (7,57) size 84x19
                  RenderText {#text} at (32,0) size 20x19
                    text run at (32,0) width 20: "Yes"
                RenderBlock {P} at (7,76) size 84x19
                  RenderText {#text} at (32,0) size 20x19
                    text run at (32,0) width 20: "Yes"
                RenderBlock {P} at (7,95) size 84x19
                  RenderText {#text} at (32,0) size 20x19
                    text run at (32,0) width 20: "Yes"
                RenderBlock {P} at (7,114) size 84x19
                  RenderText {#text} at (34,0) size 16x19
                    text run at (34,0) width 16: "No"
                  RenderInline {SPAN} at (0,0) size 0x19
                    RenderInline {O:P} at (0,0) size 0x19
              RenderTableCell {TD} at (368,1522) size 105x133 [r=25 c=3 rs=1 cs=1]
                RenderBlock {P} at (7,0) size 91x19
                  RenderText {#text} at (37,0) size 16x19
                    text run at (37,0) width 16: "No"
                  RenderInline {SPAN} at (0,0) size 0x19
                    RenderInline {O:P} at (0,0) size 0x19
                RenderBlock {P} at (7,19) size 91x19
                  RenderText {#text} at (37,0) size 16x19
                    text run at (37,0) width 16: "No"
                  RenderInline {SPAN} at (0,0) size 0x19
                    RenderInline {O:P} at (0,0) size 0x19
                RenderBlock {P} at (7,38) size 91x19
                  RenderText {#text} at (37,0) size 16x19
                    text run at (37,0) width 16: "No"
                RenderBlock {P} at (7,57) size 91x19
                  RenderText {#text} at (37,0) size 16x19
                    text run at (37,0) width 16: "No"
                RenderBlock {P} at (7,76) size 91x19
                  RenderText {#text} at (37,0) size 16x19
                    text run at (37,0) width 16: "No"
                RenderBlock {P} at (7,95) size 91x19
                  RenderText {#text} at (37,0) size 16x19
                    text run at (37,0) width 16: "No"
                RenderBlock {P} at (7,114) size 91x19
                  RenderText {#text} at (35,0) size 20x19
                    text run at (35,0) width 20: "Yes"
                  RenderInline {SPAN} at (0,0) size 0x19
                    RenderInline {O:P} at (0,0) size 0x19
            RenderTableRow {TR} at (0,1712) size 473x114
              RenderTableCell {TD} at (0,1712) size 101x19 [r=26 c=0 rs=1 cs=1]
                RenderBlock {P} at (7,0) size 87x19
                  RenderText {#text} at (36,0) size 14x19
                    text run at (36,0) width 14: "27"
                  RenderInline {SPAN} at (0,0) size 0x19
                    RenderInline {O:P} at (0,0) size 0x19
              RenderTableCell {TD} at (101,1712) size 169x114 [r=26 c=1 rs=1 cs=1]
                RenderBlock {P} at (7,0) size 155x19
                  RenderText {#text} at (0,0) size 80x19
                    text run at (0,0) width 80: "Darren Braun"
                  RenderInline {SPAN} at (0,0) size 0x19
                    RenderInline {O:P} at (0,0) size 0x19
                RenderBlock {P} at (7,19) size 155x19
                  RenderText {#text} at (0,0) size 102x19
                    text run at (0,0) width 102: "Ian + Brad Carter"
                  RenderInline {SPAN} at (0,0) size 0x19
                    RenderInline {O:P} at (0,0) size 0x19
                RenderBlock {P} at (7,38) size 155x19
                  RenderText {#text} at (0,0) size 76x19
                    text run at (0,0) width 76: "Pete Peterson"
                RenderBlock {P} at (7,57) size 155x19
                  RenderText {#text} at (0,0) size 91x19
                    text run at (0,0) width 91: "John Chamorro"
                RenderBlock {P} at (7,76) size 155x19
                  RenderText {#text} at (0,0) size 72x19
                    text run at (0,0) width 72: "Ali Erdengiz"
                RenderBlock {P} at (7,95) size 155x19
                  RenderText {#text} at (0,0) size 59x19
                    text run at (0,0) width 59: "Saibal Sen"
                  RenderInline {SPAN} at (0,0) size 0x19
                    RenderInline {O:P} at (0,0) size 0x19
              RenderTableCell {TD} at (270,1712) size 98x114 [r=26 c=2 rs=1 cs=1]
                RenderBlock {P} at (7,0) size 84x19
                  RenderText {#text} at (32,0) size 20x19
                    text run at (32,0) width 20: "Yes"
                  RenderInline {SPAN} at (0,0) size 0x19
                    RenderInline {O:P} at (0,0) size 0x19
                RenderBlock {P} at (7,19) size 84x19
                  RenderText {#text} at (32,0) size 20x19
                    text run at (32,0) width 20: "Yes"
                  RenderInline {SPAN} at (0,0) size 0x19
                    RenderInline {O:P} at (0,0) size 0x19
                RenderBlock {P} at (7,38) size 84x19
                  RenderText {#text} at (32,0) size 20x19
                    text run at (32,0) width 20: "Yes"
                RenderBlock {P} at (7,57) size 84x19
                  RenderText {#text} at (40,0) size 3x19
                    text run at (40,0) width 3: " "
                RenderBlock {P} at (7,76) size 84x19
                  RenderText {#text} at (40,0) size 3x19
                    text run at (40,0) width 3: " "
                RenderBlock {P} at (7,95) size 84x19
                  RenderText {#text} at (32,0) size 20x19
                    text run at (32,0) width 20: "Yes"
                  RenderInline {SPAN} at (0,0) size 0x19
                    RenderInline {O:P} at (0,0) size 0x19
              RenderTableCell {TD} at (368,1712) size 105x114 [r=26 c=3 rs=1 cs=1]
                RenderBlock {P} at (7,0) size 91x19
                  RenderText {#text} at (37,0) size 16x19
                    text run at (37,0) width 16: "No"
                  RenderInline {SPAN} at (0,0) size 0x19
                    RenderInline {O:P} at (0,0) size 0x19
                RenderBlock {P} at (7,19) size 91x19
                  RenderText {#text} at (37,0) size 16x19
                    text run at (37,0) width 16: "No"
                  RenderInline {SPAN} at (0,0) size 0x19
                    RenderInline {O:P} at (0,0) size 0x19
                RenderBlock {P} at (7,38) size 91x19
                  RenderText {#text} at (37,0) size 16x19
                    text run at (37,0) width 16: "No"
                RenderBlock {P} at (7,57) size 91x19
                  RenderText {#text} at (44,0) size 3x19
                    text run at (44,0) width 3: " "
                RenderBlock {P} at (7,76) size 91x19
                  RenderText {#text} at (44,0) size 3x19
                    text run at (44,0) width 3: " "
                RenderBlock {P} at (7,95) size 91x19
                  RenderText {#text} at (37,0) size 16x19
                    text run at (37,0) width 16: "No"
                  RenderInline {SPAN} at (0,0) size 0x19
                    RenderInline {O:P} at (0,0) size 0x19
            RenderTableRow {TR} at (0,1826) size 473x171
              RenderTableCell {TD} at (0,1826) size 101x19 [r=27 c=0 rs=1 cs=1]
                RenderBlock {P} at (7,0) size 87x19
                  RenderText {#text} at (36,0) size 14x19
                    text run at (36,0) width 14: "28"
                  RenderInline {SPAN} at (0,0) size 0x19
                    RenderInline {O:P} at (0,0) size 0x19
              RenderTableCell {TD} at (101,1826) size 169x171 [r=27 c=1 rs=1 cs=1]
                RenderBlock {P} at (7,0) size 155x19
                  RenderText {#text} at (0,0) size 96x19
                    text run at (0,0) width 96: "Zak + Mike West"
                  RenderInline {SPAN} at (0,0) size 0x19
                    RenderInline {O:P} at (0,0) size 0x19
                RenderBlock {P} at (7,19) size 155x19
                  RenderText {#text} at (0,0) size 65x19
                    text run at (0,0) width 65: "Dave Neves"
                  RenderInline {SPAN} at (0,0) size 0x19
                    RenderInline {O:P} at (0,0) size 0x19
                RenderBlock {P} at (7,38) size 155x19
                  RenderText {#text} at (0,0) size 84x19
                    text run at (0,0) width 84: "Richard Green"
                  RenderInline {SPAN} at (0,0) size 0x19
                    RenderInline {O:P} at (0,0) size 0x19
                RenderBlock {P} at (7,57) size 155x19
                  RenderText {#text} at (0,0) size 76x19
                    text run at (0,0) width 76: "Javier Flores"
                RenderBlock {P} at (7,76) size 155x19
                  RenderText {#text} at (0,0) size 94x19
                    text run at (0,0) width 94: "Gerald Cardinal"
                RenderBlock {P} at (7,95) size 155x19
                  RenderText {#text} at (0,0) size 66x19
                    text run at (0,0) width 66: "Dan Sievert"
                RenderBlock {P} at (7,114) size 155x19
                  RenderText {#text} at (0,0) size 72x19
                    text run at (0,0) width 72: "Ali Erdengiz"
                RenderBlock {P} at (7,133) size 155x19
                  RenderText {#text} at (0,0) size 69x19
                    text run at (0,0) width 69: "Paul Walter"
                RenderBlock {P} at (7,152) size 155x19
                  RenderText {#text} at (0,0) size 67x19
                    text run at (0,0) width 67: "Jerry Davis"
                  RenderInline {SPAN} at (0,0) size 0x19
                    RenderInline {O:P} at (0,0) size 0x19
              RenderTableCell {TD} at (270,1826) size 98x171 [r=27 c=2 rs=1 cs=1]
                RenderBlock {P} at (7,0) size 84x19
                  RenderText {#text} at (32,0) size 20x19
                    text run at (32,0) width 20: "Yes"
                  RenderInline {SPAN} at (0,0) size 0x19
                    RenderInline {O:P} at (0,0) size 0x19
                RenderBlock {P} at (7,19) size 84x19
                  RenderText {#text} at (32,0) size 20x19
                    text run at (32,0) width 20: "Yes"
                  RenderInline {SPAN} at (0,0) size 0x19
                    RenderInline {O:P} at (0,0) size 0x19
                RenderBlock {P} at (7,38) size 84x19
                  RenderText {#text} at (32,0) size 20x19
                    text run at (32,0) width 20: "Yes"
                  RenderInline {SPAN} at (0,0) size 0x19
                    RenderInline {O:P} at (0,0) size 0x19
                RenderBlock {P} at (7,57) size 84x19
                  RenderText {#text} at (32,0) size 20x19
                    text run at (32,0) width 20: "Yes"
                RenderBlock {P} at (7,76) size 84x19
                  RenderText {#text} at (40,0) size 3x19
                    text run at (40,0) width 3: " "
                RenderBlock {P} at (7,95) size 84x19
                  RenderText {#text} at (32,0) size 20x19
                    text run at (32,0) width 20: "Yes"
                RenderBlock {P} at (7,114) size 84x19
                  RenderText {#text} at (40,0) size 3x19
                    text run at (40,0) width 3: " "
                RenderBlock {P} at (7,133) size 84x19
                  RenderText {#text} at (40,0) size 3x19
                    text run at (40,0) width 3: " "
                RenderBlock {P} at (7,152) size 84x19
                  RenderText {#text} at (32,0) size 20x19
                    text run at (32,0) width 20: "Yes"
                  RenderInline {SPAN} at (0,0) size 0x19
                    RenderInline {O:P} at (0,0) size 0x19
              RenderTableCell {TD} at (368,1826) size 105x171 [r=27 c=3 rs=1 cs=1]
                RenderBlock {P} at (7,0) size 91x19
                  RenderText {#text} at (35,0) size 20x19
                    text run at (35,0) width 20: "Yes"
                  RenderInline {SPAN} at (0,0) size 0x19
                    RenderInline {O:P} at (0,0) size 0x19
                RenderBlock {P} at (7,19) size 91x19
                  RenderText {#text} at (35,0) size 20x19
                    text run at (35,0) width 20: "Yes"
                  RenderInline {SPAN} at (0,0) size 0x19
                    RenderInline {O:P} at (0,0) size 0x19
                RenderBlock {P} at (7,38) size 91x19
                  RenderText {#text} at (37,0) size 16x19
                    text run at (37,0) width 16: "No"
                  RenderInline {SPAN} at (0,0) size 0x19
                    RenderInline {O:P} at (0,0) size 0x19
                RenderBlock {P} at (7,57) size 91x19
                  RenderText {#text} at (37,0) size 16x19
                    text run at (37,0) width 16: "No"
                RenderBlock {P} at (7,76) size 91x19
                  RenderText {#text} at (44,0) size 3x19
                    text run at (44,0) width 3: " "
                RenderBlock {P} at (7,95) size 91x19
                  RenderText {#text} at (37,0) size 16x19
                    text run at (37,0) width 16: "No"
                RenderBlock {P} at (7,114) size 91x19
                  RenderText {#text} at (44,0) size 3x19
                    text run at (44,0) width 3: " "
                RenderBlock {P} at (7,133) size 91x19
                  RenderText {#text} at (44,0) size 3x19
                    text run at (44,0) width 3: " "
                RenderBlock {P} at (7,152) size 91x19
                  RenderText {#text} at (37,0) size 16x19
                    text run at (37,0) width 16: "No"
                  RenderInline {SPAN} at (0,0) size 0x19
                    RenderInline {O:P} at (0,0) size 0x19
            RenderTableRow {TR} at (0,1997) size 473x57
              RenderTableCell {TD} at (0,1997) size 101x19 [r=28 c=0 rs=1 cs=1]
                RenderBlock {P} at (7,0) size 87x19
                  RenderText {#text} at (36,0) size 14x19
                    text run at (36,0) width 14: "29"
                  RenderInline {SPAN} at (0,0) size 0x19
                    RenderInline {O:P} at (0,0) size 0x19
              RenderTableCell {TD} at (101,1997) size 169x57 [r=28 c=1 rs=1 cs=1]
                RenderBlock {P} at (7,0) size 155x19
                  RenderText {#text} at (0,0) size 76x19
                    text run at (0,0) width 76: "Javier Flores"
                  RenderInline {SPAN} at (0,0) size 0x19
                    RenderInline {O:P} at (0,0) size 0x19
                RenderBlock {P} at (7,19) size 155x19
                  RenderText {#text} at (0,0) size 71x19
                    text run at (0,0) width 71: "Bill Johnson"
                RenderBlock {P} at (7,38) size 155x19
                  RenderText {#text} at (0,0) size 61x19
                    text run at (0,0) width 61: "John Todd"
                  RenderInline {SPAN} at (0,0) size 0x19
                    RenderInline {O:P} at (0,0) size 0x19
              RenderTableCell {TD} at (270,1997) size 98x38 [r=28 c=2 rs=1 cs=1]
                RenderBlock {P} at (7,0) size 84x19
                  RenderText {#text} at (32,0) size 20x19
                    text run at (32,0) width 20: "Yes"
                  RenderInline {SPAN} at (0,0) size 0x19
                    RenderInline {O:P} at (0,0) size 0x19
                RenderBlock {P} at (7,19) size 84x19
                  RenderText {#text} at (32,0) size 20x19
                    text run at (32,0) width 20: "Yes"
                  RenderInline {SPAN} at (0,0) size 0x19
                    RenderInline {O:P} at (0,0) size 0x19
              RenderTableCell {TD} at (368,1997) size 105x38 [r=28 c=3 rs=1 cs=1]
                RenderBlock {P} at (7,0) size 91x19
                  RenderText {#text} at (37,0) size 16x19
                    text run at (37,0) width 16: "No"
                  RenderInline {SPAN} at (0,0) size 0x19
                    RenderInline {O:P} at (0,0) size 0x19
                RenderBlock {P} at (7,19) size 91x19
                  RenderText {#text} at (37,0) size 16x19
                    text run at (37,0) width 16: "No"
                  RenderInline {SPAN} at (0,0) size 0x19
                    RenderInline {O:P} at (0,0) size 0x19
            RenderTableRow {TR} at (0,2054) size 473x133
              RenderTableCell {TD} at (0,2054) size 101x19 [r=29 c=0 rs=1 cs=1]
                RenderBlock {P} at (7,0) size 87x19
                  RenderText {#text} at (36,0) size 14x19
                    text run at (36,0) width 14: "30"
                  RenderInline {SPAN} at (0,0) size 0x19
                    RenderInline {O:P} at (0,0) size 0x19
              RenderTableCell {TD} at (101,2054) size 169x133 [r=29 c=1 rs=1 cs=1]
                RenderBlock {P} at (7,0) size 155x19
                  RenderText {#text} at (0,0) size 91x19
                    text run at (0,0) width 91: "Alan Littlewood"
                  RenderInline {SPAN} at (0,0) size 0x19
                    RenderInline {O:P} at (0,0) size 0x19
                RenderBlock {P} at (7,19) size 155x19
                  RenderText {#text} at (0,0) size 90x19
                    text run at (0,0) width 90: "George Coward"
                  RenderInline {SPAN} at (0,0) size 0x19
                    RenderInline {O:P} at (0,0) size 0x19
                RenderBlock {P} at (7,38) size 155x19
                  RenderText {#text} at (0,0) size 91x19
                    text run at (0,0) width 91: "Maurice Burton"
                RenderBlock {P} at (7,57) size 155x19
                  RenderText {#text} at (0,0) size 66x19
                    text run at (0,0) width 66: "Dan Sievert"
                RenderBlock {P} at (7,76) size 155x19
                  RenderText {#text} at (0,0) size 117x19
                    text run at (0,0) width 117: "Michael DeGiovanni"
                RenderBlock {P} at (7,95) size 155x19
                  RenderText {#text} at (0,0) size 95x19
                    text run at (0,0) width 95: "Jack Goodfriend"
                RenderBlock {P} at (7,114) size 155x19
                  RenderText {#text} at (0,0) size 95x19
                    text run at (0,0) width 95: "Richard Sanchez"
                  RenderInline {SPAN} at (0,0) size 0x19
                    RenderInline {O:P} at (0,0) size 0x19
              RenderTableCell {TD} at (270,2054) size 98x133 [r=29 c=2 rs=1 cs=1]
                RenderBlock {P} at (7,0) size 84x19
                  RenderText {#text} at (32,0) size 20x19
                    text run at (32,0) width 20: "Yes"
                  RenderInline {SPAN} at (0,0) size 0x19
                    RenderInline {O:P} at (0,0) size 0x19
                RenderBlock {P} at (7,19) size 84x19
                  RenderText {#text} at (32,0) size 20x19
                    text run at (32,0) width 20: "Yes"
                  RenderInline {SPAN} at (0,0) size 0x19
                    RenderInline {O:P} at (0,0) size 0x19
                RenderBlock {P} at (7,38) size 84x19
                  RenderText {#text} at (32,0) size 20x19
                    text run at (32,0) width 20: "Yes"
                RenderBlock {P} at (7,57) size 84x19
                  RenderText {#text} at (32,0) size 20x19
                    text run at (32,0) width 20: "Yes"
                RenderBlock {P} at (7,76) size 84x19
                  RenderText {#text} at (40,0) size 3x19
                    text run at (40,0) width 3: " "
                RenderBlock {P} at (7,95) size 84x19
                  RenderText {#text} at (40,0) size 3x19
                    text run at (40,0) width 3: " "
                RenderBlock {P} at (7,114) size 84x19
                  RenderText {#text} at (34,0) size 16x19
                    text run at (34,0) width 16: "No"
                  RenderInline {SPAN} at (0,0) size 0x19
                    RenderInline {O:P} at (0,0) size 0x19
              RenderTableCell {TD} at (368,2054) size 105x133 [r=29 c=3 rs=1 cs=1]
                RenderBlock {P} at (7,0) size 91x19
                  RenderText {#text} at (37,0) size 16x19
                    text run at (37,0) width 16: "No"
                  RenderInline {SPAN} at (0,0) size 0x19
                    RenderInline {O:P} at (0,0) size 0x19
                RenderBlock {P} at (7,19) size 91x19
                  RenderText {#text} at (37,0) size 16x19
                    text run at (37,0) width 16: "No"
                  RenderInline {SPAN} at (0,0) size 0x19
                    RenderInline {O:P} at (0,0) size 0x19
                RenderBlock {P} at (7,38) size 91x19
                  RenderText {#text} at (37,0) size 16x19
                    text run at (37,0) width 16: "No"
                RenderBlock {P} at (7,57) size 91x19
                  RenderText {#text} at (37,0) size 16x19
                    text run at (37,0) width 16: "No"
                RenderBlock {P} at (7,76) size 91x19
                  RenderText {#text} at (44,0) size 3x19
                    text run at (44,0) width 3: " "
                RenderBlock {P} at (7,95) size 91x19
                  RenderText {#text} at (44,0) size 3x19
                    text run at (44,0) width 3: " "
                RenderBlock {P} at (7,114) size 91x19
                  RenderText {#text} at (35,0) size 20x19
                    text run at (35,0) width 20: "Yes"
                  RenderInline {SPAN} at (0,0) size 0x19
                    RenderInline {O:P} at (0,0) size 0x19
            RenderTableRow {TR} at (0,2187) size 473x57
              RenderTableCell {TD} at (0,2187) size 101x19 [r=30 c=0 rs=1 cs=1]
                RenderBlock {P} at (7,0) size 87x19
                  RenderText {#text} at (36,0) size 14x19
                    text run at (36,0) width 14: "31"
                  RenderInline {SPAN} at (0,0) size 0x19
                    RenderInline {O:P} at (0,0) size 0x19
              RenderTableCell {TD} at (101,2187) size 169x57 [r=30 c=1 rs=1 cs=1]
                RenderBlock {P} at (7,0) size 155x19
                  RenderText {#text} at (0,0) size 65x19
                    text run at (0,0) width 65: "Dave Neves"
                RenderBlock {P} at (7,19) size 155x19
                  RenderText {#text} at (0,0) size 86x19
                    text run at (0,0) width 86: "James Haladus"
                RenderBlock {P} at (7,38) size 155x19
                  RenderText {#text} at (0,0) size 66x19
                    text run at (0,0) width 66: "Randy Reid"
                  RenderInline {SPAN} at (0,0) size 0x19
                    RenderInline {O:P} at (0,0) size 0x19
              RenderTableCell {TD} at (270,2187) size 98x38 [r=30 c=2 rs=1 cs=1]
                RenderBlock {P} at (7,0) size 84x19
                  RenderText {#text} at (32,0) size 20x19
                    text run at (32,0) width 20: "Yes"
                RenderBlock {P} at (7,19) size 84x19
                  RenderText {#text} at (32,0) size 20x19
                    text run at (32,0) width 20: "Yes"
                  RenderInline {SPAN} at (0,0) size 0x19
                    RenderInline {O:P} at (0,0) size 0x19
              RenderTableCell {TD} at (368,2187) size 105x38 [r=30 c=3 rs=1 cs=1]
                RenderBlock {P} at (7,0) size 91x19
                  RenderText {#text} at (35,0) size 20x19
                    text run at (35,0) width 20: "Yes"
                RenderBlock {P} at (7,19) size 91x19
                  RenderText {#text} at (37,0) size 16x19
                    text run at (37,0) width 16: "No"
                  RenderInline {SPAN} at (0,0) size 0x19
                    RenderInline {O:P} at (0,0) size 0x19
            RenderTableRow {TR} at (0,2244) size 473x76
              RenderTableCell {TD} at (0,2244) size 101x19 [r=31 c=0 rs=1 cs=1]
                RenderBlock {P} at (7,0) size 87x19
                  RenderText {#text} at (36,0) size 14x19
                    text run at (36,0) width 14: "32"
                  RenderInline {SPAN} at (0,0) size 0x19
                    RenderInline {O:P} at (0,0) size 0x19
              RenderTableCell {TD} at (101,2244) size 169x76 [r=31 c=1 rs=1 cs=1]
                RenderBlock {P} at (7,0) size 155x19
                  RenderText {#text} at (0,0) size 71x19
                    text run at (0,0) width 71: " Oliver Baer"
                RenderBlock {P} at (7,19) size 155x19
                  RenderText {#text} at (0,0) size 72x19
                    text run at (0,0) width 72: "Dale Barnett"
                RenderBlock {P} at (7,38) size 155x19
                  RenderText {#text} at (0,0) size 61x19
                    text run at (0,0) width 61: "John Todd"
                RenderBlock {P} at (7,57) size 155x19
                  RenderText {#text} at (0,0) size 92x19
                    text run at (0,0) width 92: "Dominic Bayani"
                  RenderInline {SPAN} at (0,0) size 0x19
                    RenderInline {O:P} at (0,0) size 0x19
              RenderTableCell {TD} at (270,2244) size 98x38 [r=31 c=2 rs=1 cs=1]
                RenderBlock {P} at (7,0) size 84x19
                  RenderText {#text} at (30,0) size 23x19
                    text run at (30,0) width 23: " Yes"
                RenderBlock {P} at (7,19) size 84x19
                  RenderText {#text} at (32,0) size 20x19
                    text run at (32,0) width 20: "Yes"
                  RenderInline {SPAN} at (0,0) size 0x19
                    RenderInline {O:P} at (0,0) size 0x19
              RenderTableCell {TD} at (368,2244) size 105x38 [r=31 c=3 rs=1 cs=1]
                RenderBlock {P} at (7,0) size 91x19
                  RenderText {#text} at (36,0) size 19x19
                    text run at (36,0) width 19: " No"
                RenderBlock {P} at (7,19) size 91x19
                  RenderText {#text} at (37,0) size 16x19
                    text run at (37,0) width 16: "No"
                  RenderInline {SPAN} at (0,0) size 0x19
                    RenderInline {O:P} at (0,0) size 0x19
            RenderTableRow {TR} at (0,2320) size 473x171
              RenderTableCell {TD} at (0,2320) size 101x19 [r=32 c=0 rs=1 cs=1]
                RenderBlock {P} at (7,0) size 87x19
                  RenderText {#text} at (36,0) size 14x19
                    text run at (36,0) width 14: "33"
                  RenderInline {SPAN} at (0,0) size 0x19
                    RenderInline {O:P} at (0,0) size 0x19
              RenderTableCell {TD} at (101,2320) size 169x171 [r=32 c=1 rs=1 cs=1]
                RenderBlock {P} at (7,0) size 155x19
                  RenderText {#text} at (0,0) size 76x19
                    text run at (0,0) width 76: "Tom Wagner"
                  RenderInline {SPAN} at (0,0) size 0x19
                    RenderInline {O:P} at (0,0) size 0x19
                RenderBlock {P} at (7,19) size 155x19
                  RenderText {#text} at (0,0) size 79x19
                    text run at (0,0) width 79: "Gene Langley"
                RenderBlock {P} at (7,38) size 155x19
                  RenderText {#text} at (0,0) size 86x19
                    text run at (0,0) width 86: "James Haladus"
                RenderBlock {P} at (7,57) size 155x19
                  RenderText {#text} at (0,0) size 86x19
                    text run at (0,0) width 86: "Daniel Buckley"
                RenderBlock {P} at (7,76) size 155x19
                  RenderText {#text} at (0,0) size 74x19
                    text run at (0,0) width 74: "Chris Larsen"
                RenderBlock {P} at (7,95) size 155x19
                  RenderText {#text} at (0,0) size 74x19
                    text run at (0,0) width 74: "Mike Chansu"
                RenderBlock {P} at (7,114) size 155x19
                  RenderText {#text} at (0,0) size 77x19
                    text run at (0,0) width 77: "James Brown"
                RenderBlock {P} at (7,133) size 155x19
                  RenderText {#text} at (0,0) size 68x19
                    text run at (0,0) width 68: "Will Sievert"
                RenderBlock {P} at (7,152) size 155x19
                  RenderText {#text} at (0,0) size 74x19
                    text run at (0,0) width 74: "Terry Chong"
                  RenderInline {SPAN} at (0,0) size 0x19
                    RenderInline {O:P} at (0,0) size 0x19
              RenderTableCell {TD} at (270,2320) size 98x171 [r=32 c=2 rs=1 cs=1]
                RenderBlock {P} at (7,0) size 84x19
                  RenderText {#text} at (32,0) size 20x19
                    text run at (32,0) width 20: "Yes"
                  RenderInline {SPAN} at (0,0) size 0x19
                    RenderInline {O:P} at (0,0) size 0x19
                RenderBlock {P} at (7,19) size 84x19
                  RenderText {#text} at (32,0) size 20x19
                    text run at (32,0) width 20: "Yes"
                RenderBlock {P} at (7,38) size 84x19
                  RenderText {#text} at (32,0) size 20x19
                    text run at (32,0) width 20: "Yes"
                RenderBlock {P} at (7,57) size 84x19
                  RenderText {#text} at (32,0) size 20x19
                    text run at (32,0) width 20: "Yes"
                RenderBlock {P} at (7,76) size 84x19
                  RenderText {#text} at (40,0) size 3x19
                    text run at (40,0) width 3: " "
                RenderBlock {P} at (7,95) size 84x19
                  RenderText {#text} at (32,0) size 20x19
                    text run at (32,0) width 20: "Yes"
                RenderBlock {P} at (7,114) size 84x19
                  RenderText {#text} at (32,0) size 20x19
                    text run at (32,0) width 20: "Yes"
                RenderBlock {P} at (7,133) size 84x19
                  RenderText {#text} at (32,0) size 20x19
                    text run at (32,0) width 20: "Yes"
                RenderBlock {P} at (7,152) size 84x19
                  RenderText {#text} at (32,0) size 20x19
                    text run at (32,0) width 20: "Yes"
                  RenderInline {SPAN} at (0,0) size 0x19
                    RenderInline {O:P} at (0,0) size 0x19
              RenderTableCell {TD} at (368,2320) size 105x171 [r=32 c=3 rs=1 cs=1]
                RenderBlock {P} at (7,0) size 91x19
                  RenderText {#text} at (37,0) size 16x19
                    text run at (37,0) width 16: "No"
                  RenderInline {SPAN} at (0,0) size 0x19
                    RenderInline {O:P} at (0,0) size 0x19
                RenderBlock {P} at (7,19) size 91x19
                  RenderText {#text} at (4,0) size 83x19
                    text run at (4,0) width 83: "Gyro wannabe"
                RenderBlock {P} at (7,38) size 91x19
                  RenderText {#text} at (37,0) size 16x19
                    text run at (37,0) width 16: "No"
                RenderBlock {P} at (7,57) size 91x19
                  RenderText {#text} at (37,0) size 16x19
                    text run at (37,0) width 16: "No"
                RenderBlock {P} at (7,76) size 91x19
                  RenderText {#text} at (44,0) size 3x19
                    text run at (44,0) width 3: " "
                RenderBlock {P} at (7,95) size 91x19
                  RenderText {#text} at (37,0) size 16x19
                    text run at (37,0) width 16: "No"
                RenderBlock {P} at (7,114) size 91x19
                  RenderText {#text} at (37,0) size 16x19
                    text run at (37,0) width 16: "No"
                RenderBlock {P} at (7,133) size 91x19
                  RenderText {#text} at (37,0) size 16x19
                    text run at (37,0) width 16: "No"
                RenderBlock {P} at (7,152) size 91x19
                  RenderText {#text} at (37,0) size 16x19
                    text run at (37,0) width 16: "No"
                  RenderInline {SPAN} at (0,0) size 0x19
                    RenderInline {O:P} at (0,0) size 0x19
            RenderTableRow {TR} at (0,2491) size 473x152
              RenderTableCell {TD} at (0,2491) size 101x19 [r=33 c=0 rs=1 cs=1]
                RenderBlock {P} at (7,0) size 87x19
                  RenderText {#text} at (36,0) size 14x19
                    text run at (36,0) width 14: "34"
                  RenderInline {SPAN} at (0,0) size 0x19
                    RenderInline {O:P} at (0,0) size 0x19
              RenderTableCell {TD} at (101,2491) size 169x152 [r=33 c=1 rs=1 cs=1]
                RenderBlock {P} at (7,0) size 155x19
                  RenderText {#text} at (0,0) size 63x19
                    text run at (0,0) width 63: "Jay Ribera"
                RenderBlock {P} at (7,19) size 155x19
                  RenderText {#text} at (0,0) size 94x19
                    text run at (0,0) width 94: "Gerald Cardinal"
                RenderBlock {P} at (7,38) size 155x19
                  RenderText {#text} at (0,0) size 72x19
                    text run at (0,0) width 72: "Dale Barnett"
                RenderBlock {P} at (7,57) size 155x19
                  RenderText {#text} at (0,0) size 69x19
                    text run at (0,0) width 69: "Paul Walter"
                RenderBlock {P} at (7,76) size 155x19
                  RenderText {#text} at (0,0) size 92x19
                    text run at (0,0) width 92: "Dominic Bayani"
                RenderBlock {P} at (7,95) size 155x19
                  RenderText {#text} at (0,0) size 98x19
                    text run at (0,0) width 98: "Donald Carvalho"
                RenderBlock {P} at (7,114) size 155x19
                  RenderText {#text} at (0,0) size 79x19
                    text run at (0,0) width 79: "Jack Peterson"
                RenderBlock {P} at (7,133) size 155x19
                  RenderText {#text} at (0,0) size 65x19
                    text run at (0,0) width 65: "Scott Hersh"
                  RenderInline {SPAN} at (0,0) size 0x19
                    RenderInline {O:P} at (0,0) size 0x19
              RenderTableCell {TD} at (270,2491) size 98x152 [r=33 c=2 rs=1 cs=1]
                RenderBlock {P} at (7,0) size 84x19
                  RenderText {#text} at (32,0) size 20x19
                    text run at (32,0) width 20: "Yes"
                RenderBlock {P} at (7,19) size 84x19
                  RenderText {#text} at (40,0) size 3x19
                    text run at (40,0) width 3: " "
                RenderBlock {P} at (7,38) size 84x19
                  RenderText {#text} at (32,0) size 20x19
                    text run at (32,0) width 20: "Yes"
                RenderBlock {P} at (7,57) size 84x19
                  RenderText {#text} at (40,0) size 3x19
                    text run at (40,0) width 3: " "
                RenderBlock {P} at (7,76) size 84x19
                  RenderText {#text} at (40,0) size 3x19
                    text run at (40,0) width 3: " "
                RenderBlock {P} at (7,95) size 84x19
                  RenderText {#text} at (40,0) size 3x19
                    text run at (40,0) width 3: " "
                RenderBlock {P} at (7,114) size 84x19
                  RenderText {#text} at (40,0) size 3x19
                    text run at (40,0) width 3: " "
                RenderBlock {P} at (7,133) size 84x19
                  RenderText {#text} at (32,0) size 20x19
                    text run at (32,0) width 20: "Yes"
                  RenderInline {SPAN} at (0,0) size 0x19
                    RenderInline {O:P} at (0,0) size 0x19
              RenderTableCell {TD} at (368,2491) size 105x152 [r=33 c=3 rs=1 cs=1]
                RenderBlock {P} at (7,0) size 91x19
                  RenderText {#text} at (37,0) size 16x19
                    text run at (37,0) width 16: "No"
                RenderBlock {P} at (7,19) size 91x19
                  RenderText {#text} at (44,0) size 3x19
                    text run at (44,0) width 3: " "
                RenderBlock {P} at (7,38) size 91x19
                  RenderText {#text} at (37,0) size 16x19
                    text run at (37,0) width 16: "No"
                RenderBlock {P} at (7,57) size 91x19
                  RenderText {#text} at (44,0) size 3x19
                    text run at (44,0) width 3: " "
                RenderBlock {P} at (7,76) size 91x19
                  RenderText {#text} at (44,0) size 3x19
                    text run at (44,0) width 3: " "
                RenderBlock {P} at (7,95) size 91x19
                  RenderText {#text} at (44,0) size 3x19
                    text run at (44,0) width 3: " "
                RenderBlock {P} at (7,114) size 91x19
                  RenderText {#text} at (44,0) size 3x19
                    text run at (44,0) width 3: " "
                RenderBlock {P} at (7,133) size 91x19
                  RenderText {#text} at (37,0) size 16x19
                    text run at (37,0) width 16: "No"
                  RenderInline {SPAN} at (0,0) size 0x19
                    RenderInline {O:P} at (0,0) size 0x19
            RenderTableRow {TR} at (0,2643) size 473x95
              RenderTableCell {TD} at (0,2643) size 101x19 [r=34 c=0 rs=1 cs=1]
                RenderBlock {P} at (7,0) size 87x19
                  RenderText {#text} at (36,0) size 14x19
                    text run at (36,0) width 14: "35"
                  RenderInline {SPAN} at (0,0) size 0x19
                    RenderInline {O:P} at (0,0) size 0x19
              RenderTableCell {TD} at (101,2643) size 169x95 [r=34 c=1 rs=1 cs=1]
                RenderBlock {P} at (7,0) size 155x19
                  RenderText {#text} at (0,0) size 87x19
                    text run at (0,0) width 87: " Richard Green"
                RenderBlock {P} at (7,19) size 155x19
                  RenderText {#text} at (0,0) size 67x19
                    text run at (0,0) width 67: "David Allen"
                RenderBlock {P} at (7,38) size 155x19
                  RenderText {#text} at (0,0) size 63x19
                    text run at (0,0) width 63: "Jim Colvin"
                RenderBlock {P} at (7,57) size 155x19
                  RenderText {#text} at (0,0) size 75x19
                    text run at (0,0) width 75: "Harald Close"
                RenderBlock {P} at (7,76) size 155x19
                  RenderText {#text} at (0,0) size 68x19
                    text run at (0,0) width 68: "Oliver Baer"
                  RenderInline {SPAN} at (0,0) size 0x19
                    RenderInline {O:P} at (0,0) size 0x19
              RenderTableCell {TD} at (270,2643) size 98x95 [r=34 c=2 rs=1 cs=1]
                RenderBlock {P} at (7,0) size 84x19
                  RenderText {#text} at (40,0) size 3x19
                    text run at (40,0) width 3: " "
                RenderBlock {P} at (7,19) size 84x19
                  RenderText {#text} at (40,0) size 3x19
                    text run at (40,0) width 3: " "
                RenderBlock {P} at (7,38) size 84x19
                  RenderText {#text} at (40,0) size 3x19
                    text run at (40,0) width 3: " "
                RenderBlock {P} at (7,57) size 84x19
                  RenderText {#text} at (32,0) size 20x19
                    text run at (32,0) width 20: "Yes"
                RenderBlock {P} at (7,76) size 84x19
                  RenderText {#text} at (32,0) size 20x19
                    text run at (32,0) width 20: "Yes"
                  RenderInline {SPAN} at (0,0) size 0x19
                    RenderInline {O:P} at (0,0) size 0x19
              RenderTableCell {TD} at (368,2643) size 105x95 [r=34 c=3 rs=1 cs=1]
                RenderBlock {P} at (7,0) size 91x19
                  RenderText {#text} at (44,0) size 3x19
                    text run at (44,0) width 3: " "
                RenderBlock {P} at (7,19) size 91x19
                  RenderText {#text} at (44,0) size 3x19
                    text run at (44,0) width 3: " "
                RenderBlock {P} at (7,38) size 91x19
                  RenderText {#text} at (44,0) size 3x19
                    text run at (44,0) width 3: " "
                RenderBlock {P} at (7,57) size 91x19
                  RenderText {#text} at (35,0) size 20x19
                    text run at (35,0) width 20: "Yes"
                RenderBlock {P} at (7,76) size 91x19
                  RenderText {#text} at (37,0) size 16x19
                    text run at (37,0) width 16: "No"
                  RenderInline {SPAN} at (0,0) size 0x19
                    RenderInline {O:P} at (0,0) size 0x19
            RenderTableRow {TR} at (0,2738) size 473x95
              RenderTableCell {TD} at (0,2738) size 101x19 [r=35 c=0 rs=1 cs=1]
                RenderBlock {P} at (7,0) size 87x19
                  RenderText {#text} at (36,0) size 14x19
                    text run at (36,0) width 14: "36"
                  RenderInline {SPAN} at (0,0) size 0x19
                    RenderInline {O:P} at (0,0) size 0x19
              RenderTableCell {TD} at (101,2738) size 169x95 [r=35 c=1 rs=1 cs=1]
                RenderBlock {P} at (7,0) size 155x19
                  RenderText {#text} at (0,0) size 75x19
                    text run at (0,0) width 75: "Jason Beehm"
                RenderBlock {P} at (7,19) size 155x19
                  RenderText {#text} at (0,0) size 103x19
                    text run at (0,0) width 103: "Darrell Carpenter"
                RenderBlock {P} at (7,38) size 155x19
                  RenderText {#text} at (0,0) size 86x19
                    text run at (0,0) width 86: "Stefan Kiritzov"
                RenderBlock {P} at (7,57) size 155x19
                  RenderText {#text} at (0,0) size 72x19
                    text run at (0,0) width 72: "Dale Barnett"
                RenderBlock {P} at (7,76) size 155x19
                  RenderText {#text} at (0,0) size 66x19
                    text run at (0,0) width 66: "Dan Sievert"
                  RenderInline {SPAN} at (0,0) size 0x19
                    RenderInline {O:P} at (0,0) size 0x19
              RenderTableCell {TD} at (270,2738) size 98x95 [r=35 c=2 rs=1 cs=1]
                RenderBlock {P} at (7,0) size 84x19
                  RenderText {#text} at (32,0) size 20x19
                    text run at (32,0) width 20: "Yes"
                RenderBlock {P} at (7,19) size 84x19
                  RenderText {#text} at (32,0) size 20x19
                    text run at (32,0) width 20: "Yes"
                RenderBlock {P} at (7,38) size 84x19
                  RenderText {#text} at (32,0) size 20x19
                    text run at (32,0) width 20: "Yes"
                RenderBlock {P} at (7,57) size 84x19
                  RenderText {#text} at (32,0) size 20x19
                    text run at (32,0) width 20: "Yes"
                RenderBlock {P} at (7,76) size 84x19
                  RenderText {#text} at (32,0) size 20x19
                    text run at (32,0) width 20: "Yes"
                  RenderInline {SPAN} at (0,0) size 0x19
                    RenderInline {O:P} at (0,0) size 0x19
              RenderTableCell {TD} at (368,2738) size 105x95 [r=35 c=3 rs=1 cs=1]
                RenderBlock {P} at (7,0) size 91x19
                  RenderText {#text} at (37,0) size 16x19
                    text run at (37,0) width 16: "No"
                RenderBlock {P} at (7,19) size 91x19
                  RenderText {#text} at (37,0) size 16x19
                    text run at (37,0) width 16: "No"
                RenderBlock {P} at (7,38) size 91x19
                  RenderText {#text} at (35,0) size 20x19
                    text run at (35,0) width 20: "Yes"
                RenderBlock {P} at (7,57) size 91x19
                  RenderText {#text} at (37,0) size 16x19
                    text run at (37,0) width 16: "No"
                RenderBlock {P} at (7,76) size 91x19
                  RenderText {#text} at (37,0) size 16x19
                    text run at (37,0) width 16: "No"
                  RenderInline {SPAN} at (0,0) size 0x19
                    RenderInline {O:P} at (0,0) size 0x19
            RenderTableRow {TR} at (0,2833) size 473x76
              RenderTableCell {TD} at (0,2833) size 101x19 [r=36 c=0 rs=1 cs=1]
                RenderBlock {P} at (7,0) size 87x19
                  RenderText {#text} at (36,0) size 14x19
                    text run at (36,0) width 14: "37"
                  RenderInline {SPAN} at (0,0) size 0x19
                    RenderInline {O:P} at (0,0) size 0x19
              RenderTableCell {TD} at (101,2833) size 169x76 [r=36 c=1 rs=1 cs=1]
                RenderBlock {P} at (7,0) size 155x19
                  RenderText {#text} at (0,0) size 97x19
                    text run at (0,0) width 97: "Dominic Civiletti"
                RenderBlock {P} at (7,19) size 155x19
                  RenderText {#text} at (0,0) size 91x19
                    text run at (0,0) width 91: "John Chamorro"
                RenderBlock {P} at (7,38) size 155x19
                  RenderText {#text} at (0,0) size 79x19
                    text run at (0,0) width 79: "Jim Mirowski"
                RenderBlock {P} at (7,57) size 155x19
                  RenderText {#text} at (0,0) size 80x19
                    text run at (0,0) width 80: "Soohong  Kim"
                  RenderInline {SPAN} at (0,0) size 0x19
                    RenderInline {O:P} at (0,0) size 0x19
              RenderTableCell {TD} at (270,2833) size 98x76 [r=36 c=2 rs=1 cs=1]
                RenderBlock {P} at (7,0) size 84x19
                  RenderText {#text} at (32,0) size 20x19
                    text run at (32,0) width 20: "Yes"
                RenderBlock {P} at (7,19) size 84x19
                  RenderText {#text} at (40,0) size 3x19
                    text run at (40,0) width 3: " "
                RenderBlock {P} at (7,38) size 84x19
                  RenderText {#text} at (40,0) size 3x19
                    text run at (40,0) width 3: " "
                RenderBlock {P} at (7,57) size 84x19
                  RenderText {#text} at (32,0) size 20x19
                    text run at (32,0) width 20: "Yes"
                  RenderInline {SPAN} at (0,0) size 0x19
                    RenderInline {O:P} at (0,0) size 0x19
              RenderTableCell {TD} at (368,2833) size 105x76 [r=36 c=3 rs=1 cs=1]
                RenderBlock {P} at (7,0) size 91x19
                  RenderText {#text} at (37,0) size 16x19
                    text run at (37,0) width 16: "No"
                RenderBlock {P} at (7,19) size 91x19
                  RenderText {#text} at (44,0) size 3x19
                    text run at (44,0) width 3: " "
                RenderBlock {P} at (7,38) size 91x19
                  RenderText {#text} at (44,0) size 3x19
                    text run at (44,0) width 3: " "
                RenderBlock {P} at (7,57) size 91x19
                  RenderText {#text} at (37,0) size 16x19
                    text run at (37,0) width 16: "No"
                  RenderInline {SPAN} at (0,0) size 0x19
                    RenderInline {O:P} at (0,0) size 0x19
            RenderTableRow {TR} at (0,2909) size 473x114
              RenderTableCell {TD} at (0,2909) size 101x19 [r=37 c=0 rs=1 cs=1]
                RenderBlock {P} at (7,0) size 87x19
                  RenderText {#text} at (36,0) size 14x19
                    text run at (36,0) width 14: "38"
                  RenderInline {SPAN} at (0,0) size 0x19
                    RenderInline {O:P} at (0,0) size 0x19
              RenderTableCell {TD} at (101,2909) size 169x114 [r=37 c=1 rs=1 cs=1]
                RenderBlock {P} at (7,0) size 155x19
                  RenderText {#text} at (0,0) size 108x19
                    text run at (0,0) width 108: "Karl Allmendinger"
                  RenderInline {SPAN} at (0,0) size 0x19
                    RenderInline {O:P} at (0,0) size 0x19
                RenderBlock {P} at (7,19) size 155x19
                  RenderText {#text} at (0,0) size 70x19
                    text run at (0,0) width 70: "John Bernal"
                  RenderInline {SPAN} at (0,0) size 0x19
                    RenderInline {O:P} at (0,0) size 0x19
                RenderBlock {P} at (7,38) size 155x19
                  RenderText {#text} at (0,0) size 79x19
                    text run at (0,0) width 79: "Gene Langley"
                RenderBlock {P} at (7,57) size 155x19
                  RenderText {#text} at (0,0) size 81x19
                    text run at (0,0) width 81: "Chuck Pringle"
                RenderBlock {P} at (7,76) size 155x19
                  RenderText {#text} at (0,0) size 62x19
                    text run at (0,0) width 62: "Jimmy Lei"
                RenderBlock {P} at (7,95) size 155x19
                  RenderText {#text} at (0,0) size 96x19
                    text run at (0,0) width 96: "Ruenjoe (Joe) Lu"
                  RenderInline {SPAN} at (0,0) size 0x19
                    RenderInline {O:P} at (0,0) size 0x19
              RenderTableCell {TD} at (270,2909) size 98x76 [r=37 c=2 rs=1 cs=1]
                RenderBlock {P} at (7,0) size 84x19
                  RenderText {#text} at (32,0) size 20x19
                    text run at (32,0) width 20: "Yes"
                  RenderInline {SPAN} at (0,0) size 0x19
                    RenderInline {O:P} at (0,0) size 0x19
                RenderBlock {P} at (7,19) size 84x19
                  RenderText {#text} at (32,0) size 20x19
                    text run at (32,0) width 20: "Yes"
                  RenderInline {SPAN} at (0,0) size 0x19
                    RenderInline {O:P} at (0,0) size 0x19
                RenderBlock {P} at (7,38) size 84x19
                  RenderText {#text} at (32,0) size 20x19
                    text run at (32,0) width 20: "Yes"
                RenderBlock {P} at (7,57) size 84x19
                  RenderText {#text} at (32,0) size 20x19
                    text run at (32,0) width 20: "Yes"
                  RenderInline {SPAN} at (0,0) size 0x19
                    RenderInline {O:P} at (0,0) size 0x19
              RenderTableCell {TD} at (368,2909) size 105x76 [r=37 c=3 rs=1 cs=1]
                RenderBlock {P} at (7,0) size 91x19
                  RenderText {#text} at (37,0) size 16x19
                    text run at (37,0) width 16: "No"
                  RenderInline {SPAN} at (0,0) size 0x19
                    RenderInline {O:P} at (0,0) size 0x19
                RenderBlock {P} at (7,19) size 91x19
                  RenderText {#text} at (37,0) size 16x19
                    text run at (37,0) width 16: "No"
                  RenderInline {SPAN} at (0,0) size 0x19
                    RenderInline {O:P} at (0,0) size 0x19
                RenderBlock {P} at (7,38) size 91x19
                  RenderText {#text} at (4,0) size 83x19
                    text run at (4,0) width 83: "Gyro wannabe"
                RenderBlock {P} at (7,57) size 91x19
                  RenderText {#text} at (37,0) size 16x19
                    text run at (37,0) width 16: "No"
                  RenderInline {SPAN} at (0,0) size 0x19
                    RenderInline {O:P} at (0,0) size 0x19
            RenderTableRow {TR} at (0,3023) size 473x57
              RenderTableCell {TD} at (0,3023) size 101x19 [r=38 c=0 rs=1 cs=1]
                RenderBlock {P} at (7,0) size 87x19
                  RenderText {#text} at (36,0) size 14x19
                    text run at (36,0) width 14: "39"
                  RenderInline {SPAN} at (0,0) size 0x19
                    RenderInline {O:P} at (0,0) size 0x19
              RenderTableCell {TD} at (101,3023) size 169x57 [r=38 c=1 rs=1 cs=1]
                RenderBlock {P} at (7,0) size 155x19
                  RenderText {#text} at (0,0) size 76x19
                    text run at (0,0) width 76: "Tom Wagner"
                RenderBlock {P} at (7,19) size 155x19
                  RenderText {#text} at (0,0) size 68x19
                    text run at (0,0) width 68: "Oliver Baer"
                RenderBlock {P} at (7,38) size 155x19
                  RenderText {#text} at (0,0) size 68x19
                    text run at (0,0) width 68: "Will Sievert"
                  RenderInline {SPAN} at (0,0) size 0x19
                    RenderInline {O:P} at (0,0) size 0x19
              RenderTableCell {TD} at (270,3023) size 98x57 [r=38 c=2 rs=1 cs=1]
                RenderBlock {P} at (7,0) size 84x19
                  RenderText {#text} at (32,0) size 20x19
                    text run at (32,0) width 20: "Yes"
                RenderBlock {P} at (7,19) size 84x19
                  RenderText {#text} at (32,0) size 20x19
                    text run at (32,0) width 20: "Yes"
                RenderBlock {P} at (7,38) size 84x19
                  RenderText {#text} at (32,0) size 20x19
                    text run at (32,0) width 20: "Yes"
                  RenderInline {SPAN} at (0,0) size 0x19
                    RenderInline {O:P} at (0,0) size 0x19
              RenderTableCell {TD} at (368,3023) size 105x57 [r=38 c=3 rs=1 cs=1]
                RenderBlock {P} at (7,0) size 91x19
                  RenderText {#text} at (37,0) size 16x19
                    text run at (37,0) width 16: "No"
                RenderBlock {P} at (7,19) size 91x19
                  RenderText {#text} at (37,0) size 16x19
                    text run at (37,0) width 16: "No"
                RenderBlock {P} at (7,38) size 91x19
                  RenderText {#text} at (37,0) size 16x19
                    text run at (37,0) width 16: "No"
                  RenderInline {SPAN} at (0,0) size 0x19
                    RenderInline {O:P} at (0,0) size 0x19
            RenderTableRow {TR} at (0,3080) size 473x152
              RenderTableCell {TD} at (0,3080) size 101x19 [r=39 c=0 rs=1 cs=1]
                RenderBlock {P} at (7,0) size 87x19
                  RenderText {#text} at (36,0) size 14x19
                    text run at (36,0) width 14: "40"
                  RenderInline {SPAN} at (0,0) size 0x19
                    RenderInline {O:P} at (0,0) size 0x19
              RenderTableCell {TD} at (101,3080) size 169x152 [r=39 c=1 rs=1 cs=1]
                RenderBlock {P} at (7,0) size 155x19
                  RenderText {#text} at (0,0) size 87x19
                    text run at (0,0) width 87: "Alberto Lanzas"
                  RenderInline {SPAN} at (0,0) size 0x19
                    RenderInline {O:P} at (0,0) size 0x19
                RenderBlock {P} at (7,19) size 155x19
                  RenderText {#text} at (0,0) size 96x19
                    text run at (0,0) width 96: "Zak + Mike West"
                  RenderInline {SPAN} at (0,0) size 0x19
                    RenderInline {O:P} at (0,0) size 0x19
                RenderBlock {P} at (7,38) size 155x19
                  RenderText {#text} at (0,0) size 76x19
                    text run at (0,0) width 76: "Javier Flores"
                  RenderInline {SPAN} at (0,0) size 0x19
                    RenderInline {O:P} at (0,0) size 0x19
                RenderBlock {P} at (7,57) size 155x19
                  RenderText {#text} at (0,0) size 71x19
                    text run at (0,0) width 71: "Bill Johnson"
                  RenderInline {SPAN} at (0,0) size 0x19
                    RenderInline {O:P} at (0,0) size 0x19
                RenderBlock {P} at (7,76) size 155x19
                  RenderText {#text} at (0,0) size 79x19
                    text run at (0,0) width 79: "Gene Langley"
                RenderBlock {P} at (7,95) size 155x19
                  RenderText {#text} at (0,0) size 72x19
                    text run at (0,0) width 72: "Rich Burnett"
                RenderBlock {P} at (7,114) size 155x19
                  RenderText {#text} at (0,0) size 95x19
                    text run at (0,0) width 95: "Jack Goodfriend"
                RenderBlock {P} at (7,133) size 155x19
                  RenderText {#text} at (0,0) size 75x19
                    text run at (0,0) width 75: "Harald Close"
                  RenderInline {SPAN} at (0,0) size 0x19
                    RenderInline {O:P} at (0,0) size 0x19
              RenderTableCell {TD} at (270,3080) size 98x152 [r=39 c=2 rs=1 cs=1]
                RenderBlock {P} at (7,0) size 84x19
                  RenderText {#text} at (32,0) size 20x19
                    text run at (32,0) width 20: "Yes"
                  RenderInline {SPAN} at (0,0) size 0x19
                    RenderInline {O:P} at (0,0) size 0x19
                RenderBlock {P} at (7,19) size 84x19
                  RenderText {#text} at (32,0) size 20x19
                    text run at (32,0) width 20: "Yes"
                  RenderInline {SPAN} at (0,0) size 0x19
                    RenderInline {O:P} at (0,0) size 0x19
                RenderBlock {P} at (7,38) size 84x19
                  RenderText {#text} at (32,0) size 20x19
                    text run at (32,0) width 20: "Yes"
                  RenderInline {SPAN} at (0,0) size 0x19
                    RenderInline {O:P} at (0,0) size 0x19
                RenderBlock {P} at (7,57) size 84x19
                  RenderText {#text} at (32,0) size 20x19
                    text run at (32,0) width 20: "Yes"
                  RenderInline {SPAN} at (0,0) size 0x19
                    RenderInline {O:P} at (0,0) size 0x19
                RenderBlock {P} at (7,76) size 84x19
                  RenderText {#text} at (32,0) size 20x19
                    text run at (32,0) width 20: "Yes"
                RenderBlock {P} at (7,95) size 84x19
                  RenderText {#text} at (40,0) size 3x19
                    text run at (40,0) width 3: " "
                RenderBlock {P} at (7,114) size 84x19
                  RenderText {#text} at (40,0) size 3x19
                    text run at (40,0) width 3: " "
                RenderBlock {P} at (7,133) size 84x19
                  RenderText {#text} at (32,0) size 20x19
                    text run at (32,0) width 20: "Yes"
                  RenderInline {SPAN} at (0,0) size 0x19
                    RenderInline {O:P} at (0,0) size 0x19
              RenderTableCell {TD} at (368,3080) size 105x152 [r=39 c=3 rs=1 cs=1]
                RenderBlock {P} at (7,0) size 91x19
                  RenderText {#text} at (35,0) size 20x19
                    text run at (35,0) width 20: "Yes"
                  RenderInline {SPAN} at (0,0) size 0x19
                    RenderInline {O:P} at (0,0) size 0x19
                RenderBlock {P} at (7,19) size 91x19
                  RenderText {#text} at (35,0) size 20x19
                    text run at (35,0) width 20: "Yes"
                  RenderInline {SPAN} at (0,0) size 0x19
                    RenderInline {O:P} at (0,0) size 0x19
                RenderBlock {P} at (7,38) size 91x19
                  RenderText {#text} at (37,0) size 16x19
                    text run at (37,0) width 16: "No"
                  RenderInline {SPAN} at (0,0) size 0x19
                    RenderInline {O:P} at (0,0) size 0x19
                RenderBlock {P} at (7,57) size 91x19
                  RenderText {#text} at (37,0) size 16x19
                    text run at (37,0) width 16: "No"
                  RenderInline {SPAN} at (0,0) size 0x19
                    RenderInline {O:P} at (0,0) size 0x19
                RenderBlock {P} at (7,76) size 91x19
                  RenderText {#text} at (27,0) size 37x19
                    text run at (27,0) width 37: "Glider"
                RenderBlock {P} at (7,95) size 91x19
                  RenderText {#text} at (44,0) size 3x19
                    text run at (44,0) width 3: " "
                RenderBlock {P} at (7,114) size 91x19
                  RenderText {#text} at (44,0) size 3x19
                    text run at (44,0) width 3: " "
                RenderBlock {P} at (7,133) size 91x19
                  RenderText {#text} at (37,0) size 16x19
                    text run at (37,0) width 16: "No"
                  RenderInline {SPAN} at (0,0) size 0x19
                    RenderInline {O:P} at (0,0) size 0x19
            RenderTableRow {TR} at (0,3232) size 473x152
              RenderTableCell {TD} at (0,3232) size 101x19 [r=40 c=0 rs=1 cs=1]
                RenderBlock {P} at (7,0) size 87x19
                  RenderText {#text} at (36,0) size 14x19
                    text run at (36,0) width 14: "41"
                  RenderInline {SPAN} at (0,0) size 0x19
                    RenderInline {O:P} at (0,0) size 0x19
              RenderTableCell {TD} at (101,3232) size 169x152 [r=40 c=1 rs=1 cs=1]
                RenderBlock {P} at (7,0) size 155x19
                  RenderText {#text} at (0,0) size 97x19
                    text run at (0,0) width 97: "Dominic Civiletti"
                  RenderInline {SPAN} at (0,0) size 0x19
                    RenderInline {O:P} at (0,0) size 0x19
                RenderBlock {P} at (7,19) size 155x19
                  RenderText {#text} at (0,0) size 109x19
                    text run at (0,0) width 109: "Corbin Christensen"
                  RenderInline {SPAN} at (0,0) size 0x19
                    RenderInline {O:P} at (0,0) size 0x19
                RenderBlock {P} at (7,38) size 155x19
                  RenderText {#text} at (0,0) size 62x19
                    text run at (0,0) width 62: "Hal Hirsch"
                  RenderInline {SPAN} at (0,0) size 0x19
                    RenderInline {O:P} at (0,0) size 0x19
                RenderBlock {P} at (7,57) size 155x19
                  RenderText {#text} at (0,0) size 95x19
                    text run at (0,0) width 95: "Richard Sanchez"
                RenderBlock {P} at (7,76) size 155x19
                  RenderText {#text} at (0,0) size 70x19
                    text run at (0,0) width 70: "John Bernal"
                RenderBlock {P} at (7,95) size 155x19
                  RenderText {#text} at (0,0) size 72x19
                    text run at (0,0) width 72: "Rich Burnett"
                RenderBlock {P} at (7,114) size 155x19
                  RenderText {#text} at (0,0) size 76x19
                    text run at (0,0) width 76: "Brock Brown"
                RenderBlock {P} at (7,133) size 155x19
                  RenderText {#text} at (0,0) size 59x19
                    text run at (0,0) width 59: "John Paye"
                  RenderInline {SPAN} at (0,0) size 0x19
                    RenderInline {O:P} at (0,0) size 0x19
              RenderTableCell {TD} at (270,3232) size 98x133 [r=40 c=2 rs=1 cs=1]
                RenderBlock {P} at (7,0) size 84x19
                  RenderText {#text} at (32,0) size 20x19
                    text run at (32,0) width 20: "Yes"
                  RenderInline {SPAN} at (0,0) size 0x19
                    RenderInline {O:P} at (0,0) size 0x19
                RenderBlock {P} at (7,19) size 84x19
                  RenderText {#text} at (32,0) size 20x19
                    text run at (32,0) width 20: "Yes"
                  RenderInline {SPAN} at (0,0) size 0x19
                    RenderInline {O:P} at (0,0) size 0x19
                RenderBlock {P} at (7,38) size 84x19
                  RenderText {#text} at (32,0) size 20x19
                    text run at (32,0) width 20: "Yes"
                  RenderInline {SPAN} at (0,0) size 0x19
                    RenderInline {O:P} at (0,0) size 0x19
                RenderBlock {P} at (7,57) size 84x19
                  RenderText {#text} at (34,0) size 16x19
                    text run at (34,0) width 16: "No"
                RenderBlock {P} at (7,76) size 84x19
                  RenderText {#text} at (32,0) size 20x19
                    text run at (32,0) width 20: "Yes"
                RenderBlock {P} at (7,95) size 84x19
                  RenderText {#text} at (40,0) size 3x19
                    text run at (40,0) width 3: " "
                RenderBlock {P} at (7,114) size 84x19
                  RenderText {#text} at (32,0) size 20x19
                    text run at (32,0) width 20: "Yes"
                  RenderInline {SPAN} at (0,0) size 0x19
                    RenderInline {O:P} at (0,0) size 0x19
              RenderTableCell {TD} at (368,3232) size 105x133 [r=40 c=3 rs=1 cs=1]
                RenderBlock {P} at (7,0) size 91x19
                  RenderText {#text} at (37,0) size 16x19
                    text run at (37,0) width 16: "No"
                  RenderInline {SPAN} at (0,0) size 0x19
                    RenderInline {O:P} at (0,0) size 0x19
                RenderBlock {P} at (7,19) size 91x19
                  RenderText {#text} at (37,0) size 16x19
                    text run at (37,0) width 16: "No"
                  RenderInline {SPAN} at (0,0) size 0x19
                    RenderInline {O:P} at (0,0) size 0x19
                RenderBlock {P} at (7,38) size 91x19
                  RenderText {#text} at (37,0) size 16x19
                    text run at (37,0) width 16: "No"
                  RenderInline {SPAN} at (0,0) size 0x19
                    RenderInline {O:P} at (0,0) size 0x19
                RenderBlock {P} at (7,57) size 91x19
                  RenderText {#text} at (35,0) size 20x19
                    text run at (35,0) width 20: "Yes"
                RenderBlock {P} at (7,76) size 91x19
                  RenderText {#text} at (37,0) size 16x19
                    text run at (37,0) width 16: "No"
                RenderBlock {P} at (7,95) size 91x19
                  RenderText {#text} at (44,0) size 3x19
                    text run at (44,0) width 3: " "
                RenderBlock {P} at (7,114) size 91x19
                  RenderText {#text} at (37,0) size 16x19
                    text run at (37,0) width 16: "No"
                  RenderInline {SPAN} at (0,0) size 0x19
                    RenderInline {O:P} at (0,0) size 0x19
            RenderTableRow {TR} at (0,3384) size 473x152
              RenderTableCell {TD} at (0,3384) size 101x19 [r=41 c=0 rs=1 cs=1]
                RenderBlock {P} at (7,0) size 87x19
                  RenderText {#text} at (36,0) size 14x19
                    text run at (36,0) width 14: "42"
                  RenderInline {SPAN} at (0,0) size 0x19
                    RenderInline {O:P} at (0,0) size 0x19
              RenderTableCell {TD} at (101,3384) size 169x152 [r=41 c=1 rs=1 cs=1]
                RenderBlock {P} at (7,0) size 155x19
                  RenderText {#text} at (0,0) size 49x19
                    text run at (0,0) width 49: "Tony Yu"
                  RenderInline {SPAN} at (0,0) size 0x19
                    RenderInline {O:P} at (0,0) size 0x19
                RenderBlock {P} at (7,19) size 155x19
                  RenderText {#text} at (0,0) size 72x19
                    text run at (0,0) width 72: "Jason Miller"
                  RenderInline {SPAN} at (0,0) size 0x19
                    RenderInline {O:P} at (0,0) size 0x19
                RenderBlock {P} at (7,38) size 155x19
                  RenderText {#text} at (0,0) size 91x19
                    text run at (0,0) width 91: "Maurice Burton"
                RenderBlock {P} at (7,57) size 155x19
                  RenderText {#text} at (0,0) size 66x19
                    text run at (0,0) width 66: "Dan Sievert"
                RenderBlock {P} at (7,76) size 155x19
                  RenderText {#text} at (0,0) size 67x19
                    text run at (0,0) width 67: "Jerry Davis"
                RenderBlock {P} at (7,95) size 155x19
                  RenderText {#text} at (0,0) size 59x19
                    text run at (0,0) width 59: "John Paye"
                RenderBlock {P} at (7,114) size 155x19
                  RenderText {#text} at (0,0) size 77x19
                    text run at (0,0) width 77: "Gordon Frost"
                RenderBlock {P} at (7,133) size 155x19
                  RenderText {#text} at (0,0) size 70x19
                    text run at (0,0) width 70: "Chris Walsh"
                  RenderInline {SPAN} at (0,0) size 0x19
                    RenderInline {O:P} at (0,0) size 0x19
              RenderTableCell {TD} at (270,3384) size 98x95 [r=41 c=2 rs=1 cs=1]
                RenderBlock {P} at (7,0) size 84x19
                  RenderText {#text} at (32,0) size 20x19
                    text run at (32,0) width 20: "Yes"
                  RenderInline {SPAN} at (0,0) size 0x19
                    RenderInline {O:P} at (0,0) size 0x19
                RenderBlock {P} at (7,19) size 84x19
                  RenderText {#text} at (32,0) size 20x19
                    text run at (32,0) width 20: "Yes"
                  RenderInline {SPAN} at (0,0) size 0x19
                    RenderInline {O:P} at (0,0) size 0x19
                RenderBlock {P} at (7,38) size 84x19
                  RenderText {#text} at (32,0) size 20x19
                    text run at (32,0) width 20: "Yes"
                RenderBlock {P} at (7,57) size 84x19
                  RenderText {#text} at (32,0) size 20x19
                    text run at (32,0) width 20: "Yes"
                RenderBlock {P} at (7,76) size 84x19
                  RenderText {#text} at (32,0) size 20x19
                    text run at (32,0) width 20: "Yes"
                  RenderInline {SPAN} at (0,0) size 0x19
                    RenderInline {O:P} at (0,0) size 0x19
              RenderTableCell {TD} at (368,3384) size 105x95 [r=41 c=3 rs=1 cs=1]
                RenderBlock {P} at (7,0) size 91x19
                  RenderText {#text} at (37,0) size 16x19
                    text run at (37,0) width 16: "No"
                  RenderInline {SPAN} at (0,0) size 0x19
                    RenderInline {O:P} at (0,0) size 0x19
                RenderBlock {P} at (7,19) size 91x19
                  RenderText {#text} at (37,0) size 16x19
                    text run at (37,0) width 16: "No"
                  RenderInline {SPAN} at (0,0) size 0x19
                    RenderInline {O:P} at (0,0) size 0x19
                RenderBlock {P} at (7,38) size 91x19
                  RenderText {#text} at (37,0) size 16x19
                    text run at (37,0) width 16: "No"
                RenderBlock {P} at (7,57) size 91x19
                  RenderText {#text} at (37,0) size 16x19
                    text run at (37,0) width 16: "No"
                RenderBlock {P} at (7,76) size 91x19
                  RenderText {#text} at (37,0) size 16x19
                    text run at (37,0) width 16: "No"
                  RenderInline {SPAN} at (0,0) size 0x19
                    RenderInline {O:P} at (0,0) size 0x19
            RenderTableRow {TR} at (0,3536) size 473x133
              RenderTableCell {TD} at (0,3536) size 101x19 [r=42 c=0 rs=1 cs=1]
                RenderBlock {P} at (7,0) size 87x19
                  RenderText {#text} at (36,0) size 14x19
                    text run at (36,0) width 14: "43"
                  RenderInline {SPAN} at (0,0) size 0x19
                    RenderInline {O:P} at (0,0) size 0x19
              RenderTableCell {TD} at (101,3536) size 169x133 [r=42 c=1 rs=1 cs=1]
                RenderBlock {P} at (7,0) size 155x19
                  RenderText {#text} at (0,0) size 97x19
                    text run at (0,0) width 97: "Dominic Civiletti"
                  RenderInline {SPAN} at (0,0) size 0x19
                    RenderInline {O:P} at (0,0) size 0x19
                RenderBlock {P} at (7,19) size 155x19
                  RenderText {#text} at (0,0) size 69x19
                    text run at (0,0) width 69: "Ken Gullion"
                  RenderInline {SPAN} at (0,0) size 0x19
                    RenderInline {O:P} at (0,0) size 0x19
                RenderBlock {P} at (7,38) size 155x19
                  RenderText {#text} at (0,0) size 68x19
                    text run at (0,0) width 68: "Will Sievert"
                RenderBlock {P} at (7,57) size 155x19
                  RenderText {#text} at (0,0) size 78x19
                    text run at (0,0) width 78: "Jim Mahoney"
                RenderBlock {P} at (7,76) size 155x19
                  RenderText {#text} at (0,0) size 69x19
                    text run at (0,0) width 69: "Ken Manuel"
                RenderBlock {P} at (7,95) size 155x19
                  RenderText {#text} at (0,0) size 61x19
                    text run at (0,0) width 61: "John Todd"
                RenderBlock {P} at (7,114) size 155x19
                  RenderText {#text} at (0,0) size 91x19
                    text run at (0,0) width 91: "Rick Rasmussen"
                  RenderInline {SPAN} at (0,0) size 0x19
                    RenderInline {O:P} at (0,0) size 0x19
              RenderTableCell {TD} at (270,3536) size 98x95 [r=42 c=2 rs=1 cs=1]
                RenderBlock {P} at (7,0) size 84x19
                  RenderText {#text} at (32,0) size 20x19
                    text run at (32,0) width 20: "Yes"
                  RenderInline {SPAN} at (0,0) size 0x19
                    RenderInline {O:P} at (0,0) size 0x19
                RenderBlock {P} at (7,19) size 84x19
                  RenderText {#text} at (32,0) size 20x19
                    text run at (32,0) width 20: "Yes"
                  RenderInline {SPAN} at (0,0) size 0x19
                    RenderInline {O:P} at (0,0) size 0x19
                RenderBlock {P} at (7,38) size 84x19
                  RenderText {#text} at (32,0) size 20x19
                    text run at (32,0) width 20: "Yes"
                RenderBlock {P} at (7,57) size 84x19
                  RenderText {#text} at (32,0) size 20x19
                    text run at (32,0) width 20: "Yes"
                RenderBlock {P} at (7,76) size 84x19
                  RenderText {#text} at (32,0) size 20x19
                    text run at (32,0) width 20: "Yes"
                  RenderInline {SPAN} at (0,0) size 0x19
                    RenderInline {O:P} at (0,0) size 0x19
              RenderTableCell {TD} at (368,3536) size 105x95 [r=42 c=3 rs=1 cs=1]
                RenderBlock {P} at (7,0) size 91x19
                  RenderText {#text} at (37,0) size 16x19
                    text run at (37,0) width 16: "No"
                  RenderInline {SPAN} at (0,0) size 0x19
                    RenderInline {O:P} at (0,0) size 0x19
                RenderBlock {P} at (7,19) size 91x19
                  RenderText {#text} at (37,0) size 16x19
                    text run at (37,0) width 16: "No"
                  RenderInline {SPAN} at (0,0) size 0x19
                    RenderInline {O:P} at (0,0) size 0x19
                RenderBlock {P} at (7,38) size 91x19
                  RenderText {#text} at (19,0) size 52x19
                    text run at (19,0) width 52: "Someday"
                RenderBlock {P} at (7,57) size 91x19
                  RenderText {#text} at (35,0) size 20x19
                    text run at (35,0) width 20: "Yes"
                RenderBlock {P} at (7,76) size 91x19
                  RenderText {#text} at (37,0) size 16x19
                    text run at (37,0) width 16: "No"
                  RenderInline {SPAN} at (0,0) size 0x19
                    RenderInline {O:P} at (0,0) size 0x19
            RenderTableRow {TR} at (0,3669) size 473x76
              RenderTableCell {TD} at (0,3669) size 101x19 [r=43 c=0 rs=1 cs=1]
                RenderBlock {P} at (7,0) size 87x19
                  RenderText {#text} at (36,0) size 14x19
                    text run at (36,0) width 14: "44"
                  RenderInline {SPAN} at (0,0) size 0x19
                    RenderInline {O:P} at (0,0) size 0x19
              RenderTableCell {TD} at (101,3669) size 169x76 [r=43 c=1 rs=1 cs=1]
                RenderBlock {P} at (7,0) size 155x19
                  RenderText {#text} at (0,0) size 67x19
                    text run at (0,0) width 67: "Gary Heath"
                  RenderInline {SPAN} at (0,0) size 0x19
                    RenderInline {O:P} at (0,0) size 0x19
                RenderBlock {P} at (7,19) size 155x19
                  RenderText {#text} at (0,0) size 82x19
                    text run at (0,0) width 82: "Quinn Chuong"
                RenderBlock {P} at (7,38) size 155x19
                  RenderText {#text} at (0,0) size 66x19
                    text run at (0,0) width 66: "Dan Sievert"
                RenderBlock {P} at (7,57) size 155x19
                  RenderText {#text} at (0,0) size 91x19
                    text run at (0,0) width 91: "Alexander Wert"
                  RenderInline {SPAN} at (0,0) size 0x19
                    RenderInline {O:P} at (0,0) size 0x19
              RenderTableCell {TD} at (270,3669) size 98x76 [r=43 c=2 rs=1 cs=1]
                RenderBlock {P} at (7,0) size 84x19
                  RenderText {#text} at (34,0) size 16x19
                    text run at (34,0) width 16: "No"
                  RenderInline {SPAN} at (0,0) size 0x19
                    RenderInline {O:P} at (0,0) size 0x19
                RenderBlock {P} at (7,19) size 84x19
                  RenderText {#text} at (32,0) size 20x19
                    text run at (32,0) width 20: "Yes"
                RenderBlock {P} at (7,38) size 84x19
                  RenderText {#text} at (32,0) size 20x19
                    text run at (32,0) width 20: "Yes"
                RenderBlock {P} at (7,57) size 84x19
                  RenderText {#text} at (34,0) size 16x19
                    text run at (34,0) width 16: "No"
                  RenderInline {SPAN} at (0,0) size 0x19
                    RenderInline {O:P} at (0,0) size 0x19
              RenderTableCell {TD} at (368,3669) size 105x76 [r=43 c=3 rs=1 cs=1]
                RenderBlock {P} at (7,0) size 91x19
                  RenderText {#text} at (35,0) size 20x19
                    text run at (35,0) width 20: "Yes"
                  RenderInline {SPAN} at (0,0) size 0x19
                    RenderInline {O:P} at (0,0) size 0x19
                RenderBlock {P} at (7,19) size 91x19
                  RenderText {#text} at (35,0) size 20x19
                    text run at (35,0) width 20: "Yes"
                RenderBlock {P} at (7,38) size 91x19
                  RenderText {#text} at (37,0) size 16x19
                    text run at (37,0) width 16: "No"
                RenderBlock {P} at (7,57) size 91x19
                  RenderText {#text} at (35,0) size 20x19
                    text run at (35,0) width 20: "Yes"
                  RenderInline {SPAN} at (0,0) size 0x19
                    RenderInline {O:P} at (0,0) size 0x19
            RenderTableRow {TR} at (0,3745) size 473x57
              RenderTableCell {TD} at (0,3745) size 101x19 [r=44 c=0 rs=1 cs=1]
                RenderBlock {P} at (7,0) size 87x19
                  RenderText {#text} at (36,0) size 14x19
                    text run at (36,0) width 14: "45"
                  RenderInline {SPAN} at (0,0) size 0x19
                    RenderInline {O:P} at (0,0) size 0x19
              RenderTableCell {TD} at (101,3745) size 169x54 [r=44 c=1 rs=1 cs=1]
                RenderBlock {P} at (7,0) size 155x19
                  RenderText {#text} at (0,0) size 87x19
                    text run at (0,0) width 87: "James Holaduz"
                RenderBlock {P} at (7,19) size 155x16
                  RenderInline {FONT} at (0,0) size 49x16
                    RenderText {#text} at (0,0) size 49x16
                      text run at (0,0) width 49: "Don Coon"
                RenderBlock {P} at (7,35) size 155x19
                  RenderText {#text} at (0,0) size 89x19
                    text run at (0,0) width 89: "John Yearwood"
                  RenderInline {SPAN} at (0,0) size 0x19
                    RenderInline {O:P} at (0,0) size 0x19
              RenderTableCell {TD} at (270,3745) size 98x57 [r=44 c=2 rs=1 cs=1]
                RenderBlock {P} at (7,0) size 84x19
                  RenderText {#text} at (32,0) size 20x19
                    text run at (32,0) width 20: "Yes"
                RenderBlock {P} at (7,19) size 84x19
                  RenderText {#text} at (40,0) size 3x19
                    text run at (40,0) width 3: " "
                RenderBlock {P} at (7,38) size 84x19
                  RenderText {#text} at (32,0) size 20x19
                    text run at (32,0) width 20: "Yes"
                  RenderInline {SPAN} at (0,0) size 0x19
                    RenderInline {O:P} at (0,0) size 0x19
              RenderTableCell {TD} at (368,3745) size 105x57 [r=44 c=3 rs=1 cs=1]
                RenderBlock {P} at (7,0) size 91x19
                  RenderText {#text} at (37,0) size 16x19
                    text run at (37,0) width 16: "No"
                RenderBlock {P} at (7,19) size 91x19
                  RenderText {#text} at (44,0) size 3x19
                    text run at (44,0) width 3: " "
                RenderBlock {P} at (7,38) size 91x19
                  RenderText {#text} at (37,0) size 16x19
                    text run at (37,0) width 16: "No"
                  RenderInline {SPAN} at (0,0) size 0x19
                    RenderInline {O:P} at (0,0) size 0x19
            RenderTableRow {TR} at (0,3802) size 473x152
              RenderTableCell {TD} at (0,3802) size 101x19 [r=45 c=0 rs=1 cs=1]
                RenderBlock {P} at (7,0) size 87x19
                  RenderText {#text} at (36,0) size 14x19
                    text run at (36,0) width 14: "46"
                  RenderInline {SPAN} at (0,0) size 0x19
                    RenderInline {O:P} at (0,0) size 0x19
              RenderTableCell {TD} at (101,3802) size 169x152 [r=45 c=1 rs=1 cs=1]
                RenderBlock {P} at (7,0) size 155x19
                  RenderText {#text} at (0,0) size 54x19
                    text run at (0,0) width 54: "Zak West"
                  RenderInline {SPAN} at (0,0) size 0x19
                    RenderInline {O:P} at (0,0) size 0x19
                RenderBlock {P} at (7,19) size 155x19
                  RenderText {#text} at (0,0) size 108x19
                    text run at (0,0) width 108: "Karl Allmendinger"
                RenderBlock {P} at (7,38) size 155x19
                  RenderText {#text} at (0,0) size 87x19
                    text run at (0,0) width 87: "John Espectzde"
                RenderBlock {P} at (7,57) size 155x19
                  RenderText {#text} at (0,0) size 77x19
                    text run at (0,0) width 77: "Gene Pheiffer"
                RenderBlock {P} at (7,76) size 155x19
                  RenderText {#text} at (0,0) size 74x19
                    text run at (0,0) width 74: "Harold Todd"
                RenderBlock {P} at (7,95) size 155x19
                  RenderText {#text} at (0,0) size 94x19
                    text run at (0,0) width 94: "Gerald Cardinal"
                RenderBlock {P} at (7,114) size 155x19
                  RenderText {#text} at (0,0) size 72x19
                    text run at (0,0) width 72: "Ali Erdengiz"
                RenderBlock {P} at (7,133) size 155x19
                  RenderText {#text} at (0,0) size 90x19
                    text run at (0,0) width 90: "Jason Anderson"
                  RenderInline {SPAN} at (0,0) size 0x19
                    RenderInline {O:P} at (0,0) size 0x19
              RenderTableCell {TD} at (270,3802) size 98x152 [r=45 c=2 rs=1 cs=1]
                RenderBlock {P} at (7,0) size 84x19
                  RenderText {#text} at (32,0) size 20x19
                    text run at (32,0) width 20: "Yes"
                  RenderInline {SPAN} at (0,0) size 0x19
                    RenderInline {O:P} at (0,0) size 0x19
                RenderBlock {P} at (7,19) size 84x19
                  RenderText {#text} at (32,0) size 20x19
                    text run at (32,0) width 20: "Yes"
                RenderBlock {P} at (7,38) size 84x19
                  RenderText {#text} at (40,0) size 3x19
                    text run at (40,0) width 3: " "
                RenderBlock {P} at (7,57) size 84x19
                  RenderText {#text} at (32,0) size 20x19
                    text run at (32,0) width 20: "Yes"
                RenderBlock {P} at (7,76) size 84x19
                  RenderText {#text} at (40,0) size 3x19
                    text run at (40,0) width 3: " "
                RenderBlock {P} at (7,95) size 84x19
                  RenderText {#text} at (40,0) size 3x19
                    text run at (40,0) width 3: " "
                RenderBlock {P} at (7,114) size 84x19
                  RenderText {#text} at (40,0) size 3x19
                    text run at (40,0) width 3: " "
                RenderBlock {P} at (7,133) size 84x19
                  RenderText {#text} at (32,0) size 20x19
                    text run at (32,0) width 20: "Yes"
                  RenderInline {SPAN} at (0,0) size 0x19
                    RenderInline {O:P} at (0,0) size 0x19
              RenderTableCell {TD} at (368,3802) size 105x152 [r=45 c=3 rs=1 cs=1]
                RenderBlock {P} at (7,0) size 91x19
                  RenderText {#text} at (35,0) size 20x19
                    text run at (35,0) width 20: "Yes"
                  RenderInline {SPAN} at (0,0) size 0x19
                    RenderInline {O:P} at (0,0) size 0x19
                RenderBlock {P} at (7,19) size 91x19
                  RenderText {#text} at (37,0) size 16x19
                    text run at (37,0) width 16: "No"
                RenderBlock {P} at (7,38) size 91x19
                  RenderText {#text} at (44,0) size 3x19
                    text run at (44,0) width 3: " "
                RenderBlock {P} at (7,57) size 91x19
                  RenderText {#text} at (37,0) size 16x19
                    text run at (37,0) width 16: "No"
                RenderBlock {P} at (7,76) size 91x19
                  RenderText {#text} at (44,0) size 3x19
                    text run at (44,0) width 3: " "
                RenderBlock {P} at (7,95) size 91x19
                  RenderText {#text} at (44,0) size 3x19
                    text run at (44,0) width 3: " "
                RenderBlock {P} at (7,114) size 91x19
                  RenderText {#text} at (44,0) size 3x19
                    text run at (44,0) width 3: " "
                RenderBlock {P} at (7,133) size 91x19
                  RenderText {#text} at (37,0) size 16x19
                    text run at (37,0) width 16: "No"
                  RenderInline {SPAN} at (0,0) size 0x19
                    RenderInline {O:P} at (0,0) size 0x19
            RenderTableRow {TR} at (0,3954) size 473x209
              RenderTableCell {TD} at (0,3954) size 101x19 [r=46 c=0 rs=1 cs=1]
                RenderBlock {P} at (7,0) size 87x19
                  RenderText {#text} at (36,0) size 14x19
                    text run at (36,0) width 14: "47"
                  RenderInline {SPAN} at (0,0) size 0x19
                    RenderInline {O:P} at (0,0) size 0x19
              RenderTableCell {TD} at (101,3954) size 169x206 [r=46 c=1 rs=1 cs=1]
                RenderBlock {P} at (7,0) size 155x19
                  RenderText {#text} at (0,0) size 87x19
                    text run at (0,0) width 87: "James Holaduz"
                  RenderInline {SPAN} at (0,0) size 0x19
                    RenderInline {O:P} at (0,0) size 0x19
                RenderBlock {P} at (7,19) size 155x19
                  RenderText {#text} at (0,0) size 49x19
                    text run at (0,0) width 49: "Tony Yu"
                  RenderInline {SPAN} at (0,0) size 0x19
                    RenderInline {O:P} at (0,0) size 0x19
                RenderBlock {P} at (7,38) size 155x19
                  RenderText {#text} at (0,0) size 84x19
                    text run at (0,0) width 84: "Quang Nguyen"
                  RenderInline {SPAN} at (0,0) size 0x19
                    RenderInline {O:P} at (0,0) size 0x19
                RenderBlock {P} at (7,57) size 155x19
                  RenderText {#text} at (0,0) size 77x19
                    text run at (0,0) width 77: "Rick Klement"
                  RenderInline {SPAN} at (0,0) size 0x19
                    RenderInline {O:P} at (0,0) size 0x19
                RenderBlock {P} at (7,76) size 155x19
                  RenderText {#text} at (0,0) size 88x19
                    text run at (0,0) width 88: "Mark Glanville"
                  RenderInline {SPAN} at (0,0) size 0x19
                    RenderInline {O:P} at (0,0) size 0x19
                RenderBlock {P} at (7,95) size 155x19
                  RenderText {#text} at (0,0) size 91x19
                    text run at (0,0) width 91: "Michael Chansu"
                RenderBlock {P} at (7,114) size 155x19
                  RenderText {#text} at (0,0) size 74x19
                    text run at (0,0) width 74: "Harold Todd"
                RenderBlock {P} at (7,133) size 155x16
                  RenderInline {FONT} at (0,0) size 49x16
                    RenderText {#text} at (0,0) size 49x16
                      text run at (0,0) width 49: "Don Coon"
                RenderBlock {P} at (7,149) size 155x19
                  RenderText {#text} at (0,0) size 59x19
                    text run at (0,0) width 59: "John Paye"
                RenderBlock {P} at (7,168) size 155x19
                  RenderText {#text} at (0,0) size 67x19
                    text run at (0,0) width 67: "David Allen"
                RenderBlock {P} at (7,187) size 155x19
                  RenderText {#text} at (0,0) size 114x19
                    text run at (0,0) width 114: "Raymund Leonardo"
                  RenderInline {SPAN} at (0,0) size 0x19
                    RenderInline {O:P} at (0,0) size 0x19
              RenderTableCell {TD} at (270,3954) size 98x209 [r=46 c=2 rs=1 cs=1]
                RenderBlock {P} at (7,0) size 84x19
                  RenderText {#text} at (32,0) size 20x19
                    text run at (32,0) width 20: "Yes"
                  RenderInline {SPAN} at (0,0) size 0x19
                    RenderInline {O:P} at (0,0) size 0x19
                RenderBlock {P} at (7,19) size 84x19
                  RenderText {#text} at (32,0) size 20x19
                    text run at (32,0) width 20: "Yes"
                  RenderInline {SPAN} at (0,0) size 0x19
                    RenderInline {O:P} at (0,0) size 0x19
                RenderBlock {P} at (7,38) size 84x19
                  RenderText {#text} at (32,0) size 20x19
                    text run at (32,0) width 20: "Yes"
                  RenderInline {SPAN} at (0,0) size 0x19
                    RenderInline {O:P} at (0,0) size 0x19
                RenderBlock {P} at (7,57) size 84x19
                  RenderText {#text} at (32,0) size 20x19
                    text run at (32,0) width 20: "Yes"
                  RenderInline {SPAN} at (0,0) size 0x19
                    RenderInline {O:P} at (0,0) size 0x19
                RenderBlock {P} at (7,76) size 84x19
                  RenderText {#text} at (32,0) size 20x19
                    text run at (32,0) width 20: "Yes"
                  RenderInline {SPAN} at (0,0) size 0x19
                    RenderInline {O:P} at (0,0) size 0x19
                RenderBlock {P} at (7,95) size 84x19
                  RenderText {#text} at (32,0) size 20x19
                    text run at (32,0) width 20: "Yes"
                RenderBlock {P} at (7,114) size 84x19
                  RenderText {#text} at (40,0) size 3x19
                    text run at (40,0) width 3: " "
                RenderBlock {P} at (7,133) size 84x19
                  RenderText {#text} at (40,0) size 3x19
                    text run at (40,0) width 3: " "
                RenderBlock {P} at (7,152) size 84x19
                  RenderText {#text} at (40,0) size 3x19
                    text run at (40,0) width 3: " "
                RenderBlock {P} at (7,171) size 84x19
                  RenderText {#text} at (40,0) size 3x19
                    text run at (40,0) width 3: " "
                RenderBlock {P} at (7,190) size 84x19
                  RenderText {#text} at (34,0) size 16x19
                    text run at (34,0) width 16: "No"
                  RenderInline {SPAN} at (0,0) size 0x19
                    RenderInline {O:P} at (0,0) size 0x19
              RenderTableCell {TD} at (368,3954) size 105x209 [r=46 c=3 rs=1 cs=1]
                RenderBlock {P} at (7,0) size 91x19
                  RenderText {#text} at (37,0) size 16x19
                    text run at (37,0) width 16: "No"
                  RenderInline {SPAN} at (0,0) size 0x19
                    RenderInline {O:P} at (0,0) size 0x19
                RenderBlock {P} at (7,19) size 91x19
                  RenderText {#text} at (37,0) size 16x19
                    text run at (37,0) width 16: "No"
                  RenderInline {SPAN} at (0,0) size 0x19
                    RenderInline {O:P} at (0,0) size 0x19
                RenderBlock {P} at (7,38) size 91x19
                  RenderText {#text} at (37,0) size 16x19
                    text run at (37,0) width 16: "No"
                  RenderInline {SPAN} at (0,0) size 0x19
                    RenderInline {O:P} at (0,0) size 0x19
                RenderBlock {P} at (7,57) size 91x19
                  RenderText {#text} at (35,0) size 20x19
                    text run at (35,0) width 20: "Yes"
                  RenderInline {SPAN} at (0,0) size 0x19
                    RenderInline {O:P} at (0,0) size 0x19
                RenderBlock {P} at (7,76) size 91x19
                  RenderText {#text} at (37,0) size 16x19
                    text run at (37,0) width 16: "No"
                  RenderInline {SPAN} at (0,0) size 0x19
                    RenderInline {O:P} at (0,0) size 0x19
                RenderBlock {P} at (7,95) size 91x19
                  RenderText {#text} at (37,0) size 16x19
                    text run at (37,0) width 16: "No"
                RenderBlock {P} at (7,114) size 91x19
                  RenderText {#text} at (44,0) size 3x19
                    text run at (44,0) width 3: " "
                RenderBlock {P} at (7,133) size 91x19
                  RenderText {#text} at (44,0) size 3x19
                    text run at (44,0) width 3: " "
                RenderBlock {P} at (7,152) size 91x19
                  RenderText {#text} at (44,0) size 3x19
                    text run at (44,0) width 3: " "
                RenderBlock {P} at (7,171) size 91x19
                  RenderText {#text} at (44,0) size 3x19
                    text run at (44,0) width 3: " "
                RenderBlock {P} at (7,190) size 91x19
                  RenderText {#text} at (35,0) size 20x19
                    text run at (35,0) width 20: "Yes"
                  RenderInline {SPAN} at (0,0) size 0x19
                    RenderInline {O:P} at (0,0) size 0x19
            RenderTableRow {TR} at (0,4163) size 473x171
              RenderTableCell {TD} at (0,4163) size 101x19 [r=47 c=0 rs=1 cs=1]
                RenderBlock {P} at (7,0) size 87x19
                  RenderText {#text} at (36,0) size 14x19
                    text run at (36,0) width 14: "48"
                  RenderInline {SPAN} at (0,0) size 0x19
                    RenderInline {O:P} at (0,0) size 0x19
              RenderTableCell {TD} at (101,4163) size 169x171 [r=47 c=1 rs=1 cs=1]
                RenderBlock {P} at (7,0) size 155x19
                  RenderText {#text} at (0,0) size 88x19
                    text run at (0,0) width 88: "Mark Glanville"
                  RenderInline {SPAN} at (0,0) size 0x19
                    RenderInline {O:P} at (0,0) size 0x19
                RenderBlock {P} at (7,19) size 155x19
                  RenderText {#text} at (0,0) size 102x19
                    text run at (0,0) width 102: "Ian + Brad Carter"
                RenderBlock {P} at (7,38) size 155x19
                  RenderText {#text} at (0,0) size 86x19
                    text run at (0,0) width 86: "Stefan Kiritzov"
                RenderBlock {P} at (7,57) size 155x19
                  RenderText {#text} at (0,0) size 63x19
                    text run at (0,0) width 63: "Joe Araujo"
                RenderBlock {P} at (7,76) size 155x19
                  RenderText {#text} at (0,0) size 74x19
                    text run at (0,0) width 74: "Harold Todd"
                RenderBlock {P} at (7,95) size 155x19
                  RenderText {#text} at (0,0) size 74x19
                    text run at (0,0) width 74: "Steve Gilbert"
                RenderBlock {P} at (7,114) size 155x19
                  RenderText {#text} at (0,0) size 58x19
                    text run at (0,0) width 58: "Mark Diel"
                RenderBlock {P} at (7,133) size 155x19
                  RenderText {#text} at (0,0) size 95x19
                    text run at (0,0) width 95: "Jack Goodfriend"
                RenderBlock {P} at (7,152) size 155x19
                  RenderText {#text} at (0,0) size 96x19
                    text run at (0,0) width 96: "Ruenjoe (Joe) Lu"
                  RenderInline {SPAN} at (0,0) size 0x19
                    RenderInline {O:P} at (0,0) size 0x19
              RenderTableCell {TD} at (270,4163) size 98x114 [r=47 c=2 rs=1 cs=1]
                RenderBlock {P} at (7,0) size 84x19
                  RenderText {#text} at (32,0) size 20x19
                    text run at (32,0) width 20: "Yes"
                  RenderInline {SPAN} at (0,0) size 0x19
                    RenderInline {O:P} at (0,0) size 0x19
                RenderBlock {P} at (7,19) size 84x19
                  RenderText {#text} at (32,0) size 20x19
                    text run at (32,0) width 20: "Yes"
                RenderBlock {P} at (7,38) size 84x19
                  RenderText {#text} at (32,0) size 20x19
                    text run at (32,0) width 20: "Yes"
                RenderBlock {P} at (7,57) size 84x19
                  RenderText {#text} at (40,0) size 3x19
                    text run at (40,0) width 3: " "
                RenderBlock {P} at (7,76) size 84x19
                  RenderText {#text} at (40,0) size 3x19
                    text run at (40,0) width 3: " "
                RenderBlock {P} at (7,95) size 84x19
                  RenderText {#text} at (32,0) size 20x19
                    text run at (32,0) width 20: "Yes"
                  RenderInline {SPAN} at (0,0) size 0x19
                    RenderInline {O:P} at (0,0) size 0x19
              RenderTableCell {TD} at (368,4163) size 105x114 [r=47 c=3 rs=1 cs=1]
                RenderBlock {P} at (7,0) size 91x19
                  RenderText {#text} at (37,0) size 16x19
                    text run at (37,0) width 16: "No"
                  RenderInline {SPAN} at (0,0) size 0x19
                    RenderInline {O:P} at (0,0) size 0x19
                RenderBlock {P} at (7,19) size 91x19
                  RenderText {#text} at (37,0) size 16x19
                    text run at (37,0) width 16: "No"
                RenderBlock {P} at (7,38) size 91x19
                  RenderText {#text} at (35,0) size 20x19
                    text run at (35,0) width 20: "Yes"
                RenderBlock {P} at (7,57) size 91x19
                  RenderText {#text} at (44,0) size 3x19
                    text run at (44,0) width 3: " "
                RenderBlock {P} at (7,76) size 91x19
                  RenderText {#text} at (44,0) size 3x19
                    text run at (44,0) width 3: " "
                RenderBlock {P} at (7,95) size 91x19
                  RenderText {#text} at (37,0) size 16x19
                    text run at (37,0) width 16: "No"
                  RenderInline {SPAN} at (0,0) size 0x19
                    RenderInline {O:P} at (0,0) size 0x19
            RenderTableRow {TR} at (0,4334) size 473x76
              RenderTableCell {TD} at (0,4334) size 101x19 [r=48 c=0 rs=1 cs=1]
                RenderBlock {P} at (7,0) size 87x19
                  RenderText {#text} at (36,0) size 14x19
                    text run at (36,0) width 14: "49"
                  RenderInline {SPAN} at (0,0) size 0x19
                    RenderInline {O:P} at (0,0) size 0x19
              RenderTableCell {TD} at (101,4334) size 169x76 [r=48 c=1 rs=1 cs=1]
                RenderBlock {P} at (7,0) size 155x19
                  RenderText {#text} at (0,0) size 72x19
                    text run at (0,0) width 72: "Ali Erdengiz"
                RenderBlock {P} at (7,19) size 155x19
                  RenderText {#text} at (0,0) size 67x19
                    text run at (0,0) width 67: "David Allen"
                RenderBlock {P} at (7,38) size 155x19
                  RenderInline {SPAN} at (0,0) size 79x19
                    RenderInline {O:P} at (0,0) size 0x0
                    RenderText {#text} at (0,0) size 79x19
                      text run at (0,0) width 79: "Narayen Raju"
                RenderBlock {P} at (7,57) size 155x19
                  RenderInline {SPAN} at (0,0) size 90x19
                    RenderText {#text} at (0,0) size 90x19
                      text run at (0,0) width 36: "Jason "
                      text run at (36,0) width 54: "Anderson"
              RenderTableCell {TD} at (270,4334) size 98x76 [r=48 c=2 rs=1 cs=1]
                RenderBlock {P} at (7,0) size 84x19
                  RenderText {#text} at (40,0) size 3x19
                    text run at (40,0) width 3: " "
                RenderBlock {P} at (7,19) size 84x19
                  RenderText {#text} at (40,0) size 3x19
                    text run at (40,0) width 3: " "
                RenderBlock {P} at (7,38) size 84x19
                  RenderText {#text} at (40,0) size 3x19
                    text run at (40,0) width 3: " "
                RenderBlock {P} at (7,57) size 84x19
                  RenderText {#text} at (32,0) size 20x19
                    text run at (32,0) width 20: "Yes"
                  RenderInline {SPAN} at (0,0) size 0x19
                    RenderInline {O:P} at (0,0) size 0x19
              RenderTableCell {TD} at (368,4334) size 105x76 [r=48 c=3 rs=1 cs=1]
                RenderBlock {P} at (7,0) size 91x19
                  RenderText {#text} at (44,0) size 3x19
                    text run at (44,0) width 3: " "
                RenderBlock {P} at (7,19) size 91x19
                  RenderText {#text} at (44,0) size 3x19
                    text run at (44,0) width 3: " "
                RenderBlock {P} at (7,38) size 91x19
                  RenderText {#text} at (44,0) size 3x19
                    text run at (44,0) width 3: " "
                RenderBlock {P} at (7,57) size 91x19
                  RenderText {#text} at (37,0) size 16x19
                    text run at (37,0) width 16: "No"
                  RenderInline {SPAN} at (0,0) size 0x19
                    RenderInline {O:P} at (0,0) size 0x19
            RenderTableRow {TR} at (0,4410) size 473x171
              RenderTableCell {TD} at (0,4410) size 101x19 [r=49 c=0 rs=1 cs=1]
                RenderBlock {P} at (7,0) size 87x19
                  RenderText {#text} at (36,0) size 14x19
                    text run at (36,0) width 14: "50"
                  RenderInline {SPAN} at (0,0) size 0x19
                    RenderInline {O:P} at (0,0) size 0x19
              RenderTableCell {TD} at (101,4410) size 169x171 [r=49 c=1 rs=1 cs=1]
                RenderBlock {P} at (7,0) size 155x19
                  RenderText {#text} at (0,0) size 54x19
                    text run at (0,0) width 54: "Zak West"
                  RenderInline {SPAN} at (0,0) size 0x19
                    RenderInline {O:P} at (0,0) size 0x19
                RenderBlock {P} at (7,19) size 155x19
                  RenderText {#text} at (0,0) size 77x19
                    text run at (0,0) width 77: "Rick Klement"
                  RenderInline {SPAN} at (0,0) size 0x19
                    RenderInline {O:P} at (0,0) size 0x19
                RenderBlock {P} at (7,38) size 155x19
                  RenderText {#text} at (0,0) size 64x19
                    text run at (0,0) width 64: "Jim Bernal"
                RenderBlock {P} at (7,57) size 155x19
                  RenderText {#text} at (0,0) size 91x19
                    text run at (0,0) width 91: "Alan Littlewood"
                RenderBlock {P} at (7,76) size 155x19
                  RenderText {#text} at (0,0) size 67x19
                    text run at (0,0) width 67: "Jerry Davis"
                RenderBlock {P} at (7,95) size 155x19
                  RenderText {#text} at (0,0) size 91x19
                    text run at (0,0) width 91: "Lauren Bussard"
                RenderBlock {P} at (7,114) size 155x19
                  RenderText {#text} at (0,0) size 89x19
                    text run at (0,0) width 89: "John Yearwood"
                RenderBlock {P} at (7,133) size 155x19
                  RenderText {#text} at (0,0) size 80x19
                    text run at (0,0) width 80: "Narayan Raju"
                RenderBlock {P} at (7,152) size 155x19
                  RenderText {#text} at (0,0) size 69x19
                    text run at (0,0) width 69: "Ken Manuel"
                  RenderInline {SPAN} at (0,0) size 0x19
                    RenderInline {O:P} at (0,0) size 0x19
              RenderTableCell {TD} at (270,4410) size 98x133 [r=49 c=2 rs=1 cs=1]
                RenderBlock {P} at (7,0) size 84x19
                  RenderText {#text} at (32,0) size 20x19
                    text run at (32,0) width 20: "Yes"
                  RenderInline {SPAN} at (0,0) size 0x19
                    RenderInline {O:P} at (0,0) size 0x19
                RenderBlock {P} at (7,19) size 84x19
                  RenderText {#text} at (32,0) size 20x19
                    text run at (32,0) width 20: "Yes"
                  RenderInline {SPAN} at (0,0) size 0x19
                    RenderInline {O:P} at (0,0) size 0x19
                RenderBlock {P} at (7,38) size 84x19
                  RenderText {#text} at (32,0) size 20x19
                    text run at (32,0) width 20: "Yes"
                RenderBlock {P} at (7,57) size 84x19
                  RenderText {#text} at (32,0) size 20x19
                    text run at (32,0) width 20: "Yes"
                RenderBlock {P} at (7,76) size 84x19
                  RenderText {#text} at (32,0) size 20x19
                    text run at (32,0) width 20: "Yes"
                RenderBlock {P} at (7,95) size 84x19
                  RenderText {#text} at (40,0) size 3x19
                    text run at (40,0) width 3: " "
                RenderBlock {P} at (7,114) size 84x19
                  RenderText {#text} at (32,0) size 20x19
                    text run at (32,0) width 20: "Yes"
                  RenderInline {SPAN} at (0,0) size 0x19
                    RenderInline {O:P} at (0,0) size 0x19
              RenderTableCell {TD} at (368,4410) size 105x133 [r=49 c=3 rs=1 cs=1]
                RenderBlock {P} at (7,0) size 91x19
                  RenderText {#text} at (35,0) size 20x19
                    text run at (35,0) width 20: "Yes"
                  RenderInline {SPAN} at (0,0) size 0x19
                    RenderInline {O:P} at (0,0) size 0x19
                RenderBlock {P} at (7,19) size 91x19
                  RenderText {#text} at (35,0) size 20x19
                    text run at (35,0) width 20: "Yes"
                  RenderInline {SPAN} at (0,0) size 0x19
                    RenderInline {O:P} at (0,0) size 0x19
                RenderBlock {P} at (7,38) size 91x19
                  RenderText {#text} at (37,0) size 16x19
                    text run at (37,0) width 16: "No"
                RenderBlock {P} at (7,57) size 91x19
                  RenderText {#text} at (37,0) size 16x19
                    text run at (37,0) width 16: "No"
                RenderBlock {P} at (7,76) size 91x19
                  RenderText {#text} at (35,0) size 20x19
                    text run at (35,0) width 20: "Yes"
                RenderBlock {P} at (7,95) size 91x19
                  RenderText {#text} at (44,0) size 3x19
                    text run at (44,0) width 3: " "
                RenderBlock {P} at (7,114) size 91x19
                  RenderText {#text} at (37,0) size 16x19
                    text run at (37,0) width 16: "No"
                  RenderInline {SPAN} at (0,0) size 0x19
                    RenderInline {O:P} at (0,0) size 0x19
            RenderTableRow {TR} at (0,4581) size 473x57
              RenderTableCell {TD} at (0,4581) size 101x19 [r=50 c=0 rs=1 cs=1]
                RenderBlock {P} at (7,0) size 87x19
                  RenderText {#text} at (36,0) size 14x19
                    text run at (36,0) width 14: "51"
                  RenderInline {SPAN} at (0,0) size 0x19
                    RenderInline {O:P} at (0,0) size 0x19
              RenderTableCell {TD} at (101,4581) size 169x57 [r=50 c=1 rs=1 cs=1]
                RenderBlock {P} at (7,0) size 155x19
                  RenderText {#text} at (0,0) size 85x19
                    text run at (0,0) width 85: "Robert Barnett"
                RenderBlock {P} at (7,19) size 155x19
                  RenderText {#text} at (0,0) size 78x19
                    text run at (0,0) width 78: "Jim Mahoney"
                RenderBlock {P} at (7,38) size 155x19
                  RenderText {#text} at (0,0) size 90x19
                    text run at (0,0) width 90: "Jason Anderson"
                  RenderInline {SPAN} at (0,0) size 0x19
                    RenderInline {O:P} at (0,0) size 0x19
              RenderTableCell {TD} at (270,4581) size 98x57 [r=50 c=2 rs=1 cs=1]
                RenderBlock {P} at (7,0) size 84x19
                  RenderText {#text} at (32,0) size 20x19
                    text run at (32,0) width 20: "Yes"
                RenderBlock {P} at (7,19) size 84x19
                  RenderText {#text} at (32,0) size 20x19
                    text run at (32,0) width 20: "Yes"
                RenderBlock {P} at (7,38) size 84x19
                  RenderText {#text} at (32,0) size 20x19
                    text run at (32,0) width 20: "Yes"
                  RenderInline {SPAN} at (0,0) size 0x19
                    RenderInline {O:P} at (0,0) size 0x19
              RenderTableCell {TD} at (368,4581) size 105x57 [r=50 c=3 rs=1 cs=1]
                RenderBlock {P} at (7,0) size 91x19
                  RenderInline {SPAN} at (0,0) size 16x19
                    RenderText {#text} at (37,0) size 16x19
                      text run at (37,0) width 16: "No"
                    RenderInline {O:P} at (0,0) size 0x19
                RenderBlock {P} at (7,19) size 91x19
                  RenderInline {SPAN} at (0,0) size 20x19
                    RenderText {#text} at (35,0) size 20x19
                      text run at (35,0) width 20: "Yes"
                RenderBlock {P} at (7,38) size 91x19
                  RenderInline {SPAN} at (0,0) size 16x19
                    RenderText {#text} at (37,0) size 16x19
                      text run at (37,0) width 16: "No"
                  RenderInline {SPAN} at (0,0) size 0x19
                    RenderInline {O:P} at (0,0) size 0x19
            RenderTableRow {TR} at (0,4638) size 473x95
              RenderTableCell {TD} at (0,4638) size 101x19 [r=51 c=0 rs=1 cs=1]
                RenderBlock {P} at (7,0) size 87x19
                  RenderText {#text} at (36,0) size 14x19
                    text run at (36,0) width 14: "52"
                  RenderInline {SPAN} at (0,0) size 0x19
                    RenderInline {O:P} at (0,0) size 0x19
              RenderTableCell {TD} at (101,4638) size 169x95 [r=51 c=1 rs=1 cs=1]
                RenderBlock {P} at (7,0) size 155x19
                  RenderText {#text} at (0,0) size 60x19
                    text run at (0,0) width 60: "Mike West"
                  RenderInline {SPAN} at (0,0) size 0x19
                    RenderInline {O:P} at (0,0) size 0x19
                RenderBlock {P} at (7,19) size 155x19
                  RenderText {#text} at (0,0) size 89x19
                    text run at (0,0) width 89: "Robert Frogner"
                RenderBlock {P} at (7,38) size 155x19
                  RenderText {#text} at (0,0) size 91x19
                    text run at (0,0) width 91: "Chris McDowell"
                RenderBlock {P} at (7,57) size 155x19
                  RenderText {#text} at (0,0) size 58x19
                    text run at (0,0) width 58: "Ed Cypret"
                RenderBlock {P} at (7,76) size 155x19
                  RenderText {#text} at (0,0) size 72x19
                    text run at (0,0) width 72: "Dale Barnett"
                  RenderInline {SPAN} at (0,0) size 0x19
                    RenderInline {O:P} at (0,0) size 0x19
              RenderTableCell {TD} at (270,4638) size 98x95 [r=51 c=2 rs=1 cs=1]
                RenderBlock {P} at (7,0) size 84x19
                  RenderText {#text} at (32,0) size 20x19
                    text run at (32,0) width 20: "Yes"
                  RenderInline {SPAN} at (0,0) size 0x19
                    RenderInline {O:P} at (0,0) size 0x19
                RenderBlock {P} at (7,19) size 84x19
                  RenderText {#text} at (32,0) size 20x19
                    text run at (32,0) width 20: "Yes"
                RenderBlock {P} at (7,38) size 84x19
                  RenderText {#text} at (32,0) size 20x19
                    text run at (32,0) width 20: "Yes"
                RenderBlock {P} at (7,57) size 84x19
                  RenderText {#text} at (40,0) size 3x19
                    text run at (40,0) width 3: " "
                RenderBlock {P} at (7,76) size 84x19
                  RenderText {#text} at (32,0) size 20x19
                    text run at (32,0) width 20: "Yes"
                  RenderInline {SPAN} at (0,0) size 0x19
                    RenderInline {O:P} at (0,0) size 0x19
              RenderTableCell {TD} at (368,4638) size 105x95 [r=51 c=3 rs=1 cs=1]
                RenderBlock {P} at (7,0) size 91x19
                  RenderText {#text} at (35,0) size 20x19
                    text run at (35,0) width 20: "Yes"
                  RenderInline {SPAN} at (0,0) size 0x19
                    RenderInline {O:P} at (0,0) size 0x19
                RenderBlock {P} at (7,19) size 91x19
                  RenderText {#text} at (37,0) size 16x19
                    text run at (37,0) width 16: "No"
                RenderBlock {P} at (7,38) size 91x19
                  RenderText {#text} at (37,0) size 16x19
                    text run at (37,0) width 16: "No"
                RenderBlock {P} at (7,57) size 91x19
                  RenderText {#text} at (44,0) size 3x19
                    text run at (44,0) width 3: " "
                RenderBlock {P} at (7,76) size 91x19
                  RenderText {#text} at (37,0) size 16x19
                    text run at (37,0) width 16: "No"
                  RenderInline {SPAN} at (0,0) size 0x19
                    RenderInline {O:P} at (0,0) size 0x19
            RenderTableRow {TR} at (0,4733) size 473x95
              RenderTableCell {TD} at (0,4733) size 101x19 [r=52 c=0 rs=1 cs=1]
                RenderBlock {P} at (7,0) size 87x19
                  RenderText {#text} at (36,0) size 14x19
                    text run at (36,0) width 14: "53"
                  RenderInline {SPAN} at (0,0) size 0x19
                    RenderInline {O:P} at (0,0) size 0x19
              RenderTableCell {TD} at (101,4733) size 169x95 [r=52 c=1 rs=1 cs=1]
                RenderBlock {P} at (7,0) size 155x19
                  RenderText {#text} at (0,0) size 87x19
                    text run at (0,0) width 87: "Alberto Lanzas"
                  RenderInline {SPAN} at (0,0) size 0x19
                    RenderInline {O:P} at (0,0) size 0x19
                RenderBlock {P} at (7,19) size 155x19
                  RenderText {#text} at (0,0) size 71x19
                    text run at (0,0) width 71: "Bill Johnson"
                RenderBlock {P} at (7,38) size 155x19
                  RenderText {#text} at (0,0) size 45x19
                    text run at (0,0) width 45: "Al Wert"
                RenderBlock {P} at (7,57) size 155x19
                  RenderText {#text} at (0,0) size 72x19
                    text run at (0,0) width 72: "Dale Barnett"
                RenderBlock {P} at (7,76) size 155x19
                  RenderText {#text} at (0,0) size 106x19
                    text run at (0,0) width 106: "Ramin Khoshnevis"
                  RenderInline {SPAN} at (0,0) size 0x19
                    RenderInline {O:P} at (0,0) size 0x19
              RenderTableCell {TD} at (270,4733) size 98x95 [r=52 c=2 rs=1 cs=1]
                RenderBlock {P} at (7,0) size 84x19
                  RenderText {#text} at (32,0) size 20x19
                    text run at (32,0) width 20: "Yes"
                  RenderInline {SPAN} at (0,0) size 0x19
                    RenderInline {O:P} at (0,0) size 0x19
                RenderBlock {P} at (7,19) size 84x19
                  RenderText {#text} at (32,0) size 20x19
                    text run at (32,0) width 20: "Yes"
                RenderBlock {P} at (7,38) size 84x19
                  RenderText {#text} at (34,0) size 16x19
                    text run at (34,0) width 16: "No"
                RenderBlock {P} at (7,57) size 84x19
                  RenderText {#text} at (32,0) size 20x19
                    text run at (32,0) width 20: "Yes"
                RenderBlock {P} at (7,76) size 84x19
                  RenderText {#text} at (32,0) size 20x19
                    text run at (32,0) width 20: "Yes"
                  RenderInline {SPAN} at (0,0) size 0x19
                    RenderInline {O:P} at (0,0) size 0x19
              RenderTableCell {TD} at (368,4733) size 105x95 [r=52 c=3 rs=1 cs=1]
                RenderBlock {P} at (7,0) size 91x19
                  RenderText {#text} at (35,0) size 20x19
                    text run at (35,0) width 20: "Yes"
                  RenderInline {SPAN} at (0,0) size 0x19
                    RenderInline {O:P} at (0,0) size 0x19
                RenderBlock {P} at (7,19) size 91x19
                  RenderText {#text} at (37,0) size 16x19
                    text run at (37,0) width 16: "No"
                RenderBlock {P} at (7,38) size 91x19
                  RenderText {#text} at (35,0) size 20x19
                    text run at (35,0) width 20: "Yes"
                RenderBlock {P} at (7,57) size 91x19
                  RenderText {#text} at (37,0) size 16x19
                    text run at (37,0) width 16: "No"
                RenderBlock {P} at (7,76) size 91x19
                  RenderText {#text} at (37,0) size 16x19
                    text run at (37,0) width 16: "No"
                  RenderInline {SPAN} at (0,0) size 0x19
                    RenderInline {O:P} at (0,0) size 0x19
            RenderTableRow {TR} at (0,4828) size 473x133
              RenderTableCell {TD} at (0,4828) size 101x19 [r=53 c=0 rs=1 cs=1]
                RenderBlock {P} at (7,0) size 87x19
                  RenderText {#text} at (36,0) size 14x19
                    text run at (36,0) width 14: "54"
                  RenderInline {SPAN} at (0,0) size 0x19
                    RenderInline {O:P} at (0,0) size 0x19
              RenderTableCell {TD} at (101,4828) size 169x133 [r=53 c=1 rs=1 cs=1]
                RenderBlock {P} at (7,0) size 155x19
                  RenderText {#text} at (0,0) size 79x19
                    text run at (0,0) width 79: "Gene Langley"
                RenderBlock {P} at (7,19) size 155x19
                  RenderText {#text} at (0,0) size 71x19
                    text run at (0,0) width 71: "Bill Johnson"
                RenderBlock {P} at (7,38) size 155x19
                  RenderText {#text} at (0,0) size 58x19
                    text run at (0,0) width 58: "Mark Diel"
                RenderBlock {P} at (7,57) size 155x19
                  RenderText {#text} at (0,0) size 67x19
                    text run at (0,0) width 67: "Jerry Davis"
                RenderBlock {P} at (7,76) size 155x19
                  RenderText {#text} at (0,0) size 63x19
                    text run at (0,0) width 63: "Peter Starr"
                RenderBlock {P} at (7,95) size 155x19
                  RenderText {#text} at (0,0) size 89x19
                    text run at (0,0) width 89: "John Yearwood"
                RenderBlock {P} at (7,114) size 155x19
                  RenderText {#text} at (0,0) size 65x19
                    text run at (0,0) width 65: "Scott Hersh"
                  RenderInline {SPAN} at (0,0) size 0x19
                    RenderInline {O:P} at (0,0) size 0x19
              RenderTableCell {TD} at (270,4828) size 98x133 [r=53 c=2 rs=1 cs=1]
                RenderBlock {P} at (7,0) size 84x19
                  RenderText {#text} at (32,0) size 20x19
                    text run at (32,0) width 20: "Yes"
                RenderBlock {P} at (7,19) size 84x19
                  RenderText {#text} at (32,0) size 20x19
                    text run at (32,0) width 20: "Yes"
                RenderBlock {P} at (7,38) size 84x19
                  RenderText {#text} at (40,0) size 3x19
                    text run at (40,0) width 3: " "
                RenderBlock {P} at (7,57) size 84x19
                  RenderText {#text} at (32,0) size 20x19
                    text run at (32,0) width 20: "Yes"
                RenderBlock {P} at (7,76) size 84x19
                  RenderText {#text} at (40,0) size 3x19
                    text run at (40,0) width 3: " "
                RenderBlock {P} at (7,95) size 84x19
                  RenderText {#text} at (32,0) size 20x19
                    text run at (32,0) width 20: "Yes"
                RenderBlock {P} at (7,114) size 84x19
                  RenderText {#text} at (32,0) size 20x19
                    text run at (32,0) width 20: "Yes"
                  RenderInline {SPAN} at (0,0) size 0x19
                    RenderInline {O:P} at (0,0) size 0x19
              RenderTableCell {TD} at (368,4828) size 105x133 [r=53 c=3 rs=1 cs=1]
                RenderBlock {P} at (7,0) size 91x19
                  RenderText {#text} at (4,0) size 83x19
                    text run at (4,0) width 83: "Gyro wannabe"
                RenderBlock {P} at (7,19) size 91x19
                  RenderText {#text} at (37,0) size 16x19
                    text run at (37,0) width 16: "No"
                RenderBlock {P} at (7,38) size 91x19
                  RenderText {#text} at (44,0) size 3x19
                    text run at (44,0) width 3: " "
                RenderBlock {P} at (7,57) size 91x19
                  RenderText {#text} at (37,0) size 16x19
                    text run at (37,0) width 16: "No"
                RenderBlock {P} at (7,76) size 91x19
                  RenderText {#text} at (44,0) size 3x19
                    text run at (44,0) width 3: " "
                RenderBlock {P} at (7,95) size 91x19
                  RenderText {#text} at (37,0) size 16x19
                    text run at (37,0) width 16: "No"
                RenderBlock {P} at (7,114) size 91x19
                  RenderText {#text} at (37,0) size 16x19
                    text run at (37,0) width 16: "No"
                  RenderInline {SPAN} at (0,0) size 0x19
                    RenderInline {O:P} at (0,0) size 0x19
            RenderTableRow {TR} at (0,4961) size 473x57
              RenderTableCell {TD} at (0,4961) size 101x19 [r=54 c=0 rs=1 cs=1]
                RenderBlock {P} at (7,0) size 87x19
                  RenderText {#text} at (36,0) size 14x19
                    text run at (36,0) width 14: "55"
                  RenderInline {SPAN} at (0,0) size 0x19
                    RenderInline {O:P} at (0,0) size 0x19
              RenderTableCell {TD} at (101,4961) size 169x57 [r=54 c=1 rs=1 cs=1]
                RenderBlock {P} at (7,0) size 155x19
                  RenderText {#text} at (0,0) size 87x19
                    text run at (0,0) width 87: "Alberto Lanzas"
                  RenderInline {SPAN} at (0,0) size 0x19
                    RenderInline {O:P} at (0,0) size 0x19
                RenderBlock {P} at (7,19) size 155x19
                  RenderText {#text} at (0,0) size 61x19
                    text run at (0,0) width 61: "Bob Roger"
                RenderBlock {P} at (7,38) size 155x19
                  RenderText {#text} at (0,0) size 81x19
                    text run at (0,0) width 81: "Randy StClair"
                  RenderInline {SPAN} at (0,0) size 0x19
                    RenderInline {O:P} at (0,0) size 0x19
              RenderTableCell {TD} at (270,4961) size 98x57 [r=54 c=2 rs=1 cs=1]
                RenderBlock {P} at (7,0) size 84x19
                  RenderText {#text} at (32,0) size 20x19
                    text run at (32,0) width 20: "Yes"
                  RenderInline {SPAN} at (0,0) size 0x19
                    RenderInline {O:P} at (0,0) size 0x19
                RenderBlock {P} at (7,19) size 84x19
                  RenderText {#text} at (32,0) size 20x19
                    text run at (32,0) width 20: "Yes"
                RenderBlock {P} at (7,38) size 84x19
                  RenderText {#text} at (32,0) size 20x19
                    text run at (32,0) width 20: "Yes"
                  RenderInline {SPAN} at (0,0) size 0x19
                    RenderInline {O:P} at (0,0) size 0x19
              RenderTableCell {TD} at (368,4961) size 105x57 [r=54 c=3 rs=1 cs=1]
                RenderBlock {P} at (7,0) size 91x19
                  RenderText {#text} at (35,0) size 20x19
                    text run at (35,0) width 20: "Yes"
                  RenderInline {SPAN} at (0,0) size 0x19
                    RenderInline {O:P} at (0,0) size 0x19
                RenderBlock {P} at (7,19) size 91x19
                  RenderText {#text} at (37,0) size 16x19
                    text run at (37,0) width 16: "No"
                RenderBlock {P} at (7,38) size 91x19
                  RenderText {#text} at (37,0) size 16x19
                    text run at (37,0) width 16: "No"
                  RenderInline {SPAN} at (0,0) size 0x19
                    RenderInline {O:P} at (0,0) size 0x19
            RenderTableRow {TR} at (0,5018) size 473x95
              RenderTableCell {TD} at (0,5018) size 101x19 [r=55 c=0 rs=1 cs=1]
                RenderBlock {P} at (7,0) size 87x19
                  RenderText {#text} at (36,0) size 14x19
                    text run at (36,0) width 14: "56"
                  RenderInline {SPAN} at (0,0) size 0x19
                    RenderInline {O:P} at (0,0) size 0x19
              RenderTableCell {TD} at (101,5018) size 169x95 [r=55 c=1 rs=1 cs=1]
                RenderBlock {P} at (7,0) size 155x19
                  RenderText {#text} at (0,0) size 88x19
                    text run at (0,0) width 88: "Mark Glanville"
                RenderBlock {P} at (7,19) size 155x19
                  RenderText {#text} at (0,0) size 74x19
                    text run at (0,0) width 74: "Steve Gilbert"
                RenderBlock {P} at (7,38) size 155x19
                  RenderText {#text} at (0,0) size 67x19
                    text run at (0,0) width 67: "Jerry Davis"
                RenderBlock {P} at (7,57) size 155x19
                  RenderText {#text} at (0,0) size 67x19
                    text run at (0,0) width 67: "Rich Saunef"
                RenderBlock {P} at (7,76) size 155x19
                  RenderText {#text} at (0,0) size 75x19
                    text run at (0,0) width 75: "Harald Close"
                  RenderInline {SPAN} at (0,0) size 0x19
                    RenderInline {O:P} at (0,0) size 0x19
              RenderTableCell {TD} at (270,5018) size 98x95 [r=55 c=2 rs=1 cs=1]
                RenderBlock {P} at (7,0) size 84x19
                  RenderText {#text} at (32,0) size 20x19
                    text run at (32,0) width 20: "Yes"
                RenderBlock {P} at (7,19) size 84x19
                  RenderText {#text} at (32,0) size 20x19
                    text run at (32,0) width 20: "Yes"
                RenderBlock {P} at (7,38) size 84x19
                  RenderText {#text} at (32,0) size 20x19
                    text run at (32,0) width 20: "Yes"
                RenderBlock {P} at (7,57) size 84x19
                  RenderText {#text} at (32,0) size 20x19
                    text run at (32,0) width 20: "Yes"
                RenderBlock {P} at (7,76) size 84x19
                  RenderText {#text} at (32,0) size 20x19
                    text run at (32,0) width 20: "Yes"
                  RenderInline {SPAN} at (0,0) size 0x19
                    RenderInline {O:P} at (0,0) size 0x19
              RenderTableCell {TD} at (368,5018) size 105x95 [r=55 c=3 rs=1 cs=1]
                RenderBlock {P} at (7,0) size 91x19
                  RenderText {#text} at (37,0) size 16x19
                    text run at (37,0) width 16: "No"
                RenderBlock {P} at (7,19) size 91x19
                  RenderText {#text} at (37,0) size 16x19
                    text run at (37,0) width 16: "No"
                RenderBlock {P} at (7,38) size 91x19
                  RenderText {#text} at (37,0) size 16x19
                    text run at (37,0) width 16: "No"
                RenderBlock {P} at (7,57) size 91x19
                  RenderText {#text} at (37,0) size 16x19
                    text run at (37,0) width 16: "No"
                RenderBlock {P} at (7,76) size 91x19
                  RenderText {#text} at (37,0) size 16x19
                    text run at (37,0) width 16: "No"
                  RenderInline {SPAN} at (0,0) size 0x19
                    RenderInline {O:P} at (0,0) size 0x19
            RenderTableRow {TR} at (0,5113) size 473x57
              RenderTableCell {TD} at (0,5113) size 101x19 [r=56 c=0 rs=1 cs=1]
                RenderBlock {P} at (7,0) size 87x19
                  RenderText {#text} at (36,0) size 14x19
                    text run at (36,0) width 14: "57"
                  RenderInline {SPAN} at (0,0) size 0x19
                    RenderInline {O:P} at (0,0) size 0x19
              RenderTableCell {TD} at (101,5113) size 169x57 [r=56 c=1 rs=1 cs=1]
                RenderBlock {P} at (7,0) size 155x19
                  RenderText {#text} at (0,0) size 61x19
                    text run at (0,0) width 61: "Bob Roger"
                RenderBlock {P} at (7,19) size 155x19
                  RenderText {#text} at (0,0) size 72x19
                    text run at (0,0) width 72: "Rich Burnett"
                RenderBlock {P} at (7,38) size 155x19
                  RenderText {#text} at (0,0) size 67x19
                    text run at (0,0) width 67: "David Dunn"
                  RenderInline {SPAN} at (0,0) size 0x19
                    RenderInline {O:P} at (0,0) size 0x19
              RenderTableCell {TD} at (270,5113) size 98x19 [r=56 c=2 rs=1 cs=1]
                RenderBlock {P} at (7,0) size 84x19
                  RenderText {#text} at (32,0) size 20x19
                    text run at (32,0) width 20: "Yes"
                  RenderInline {SPAN} at (0,0) size 0x19
                    RenderInline {O:P} at (0,0) size 0x19
              RenderTableCell {TD} at (368,5113) size 105x19 [r=56 c=3 rs=1 cs=1]
                RenderBlock {P} at (7,0) size 91x19
                  RenderText {#text} at (37,0) size 16x19
                    text run at (37,0) width 16: "No"
                  RenderInline {SPAN} at (0,0) size 0x19
                    RenderInline {O:P} at (0,0) size 0x19
            RenderTableRow {TR} at (0,5170) size 473x76
              RenderTableCell {TD} at (0,5170) size 101x19 [r=57 c=0 rs=1 cs=1]
                RenderBlock {P} at (7,0) size 87x19
                  RenderText {#text} at (36,0) size 14x19
                    text run at (36,0) width 14: "58"
                  RenderInline {SPAN} at (0,0) size 0x19
                    RenderInline {O:P} at (0,0) size 0x19
              RenderTableCell {TD} at (101,5170) size 169x76 [r=57 c=1 rs=1 cs=1]
                RenderBlock {P} at (7,0) size 155x19
                  RenderText {#text} at (0,0) size 102x19
                    text run at (0,0) width 102: "Ian + Brad Carter"
                  RenderInline {SPAN} at (0,0) size 0x19
                    RenderInline {O:P} at (0,0) size 0x19
                RenderBlock {P} at (7,19) size 155x19
                  RenderText {#text} at (0,0) size 71x19
                    text run at (0,0) width 71: "Bill Johnson"
                RenderBlock {P} at (7,38) size 155x19
                  RenderText {#text} at (0,0) size 81x19
                    text run at (0,0) width 81: "Chuck Pringle"
                RenderBlock {P} at (7,57) size 155x19
                  RenderText {#text} at (0,0) size 67x19
                    text run at (0,0) width 67: "David Dunn"
                  RenderInline {SPAN} at (0,0) size 0x19
                    RenderInline {O:P} at (0,0) size 0x19
              RenderTableCell {TD} at (270,5170) size 98x57 [r=57 c=2 rs=1 cs=1]
                RenderBlock {P} at (7,0) size 84x19
                  RenderText {#text} at (32,0) size 20x19
                    text run at (32,0) width 20: "Yes"
                  RenderInline {SPAN} at (0,0) size 0x19
                    RenderInline {O:P} at (0,0) size 0x19
                RenderBlock {P} at (7,19) size 84x19
                  RenderText {#text} at (32,0) size 20x19
                    text run at (32,0) width 20: "Yes"
                RenderBlock {P} at (7,38) size 84x19
                  RenderText {#text} at (32,0) size 20x19
                    text run at (32,0) width 20: "Yes"
                  RenderInline {SPAN} at (0,0) size 0x19
                    RenderInline {O:P} at (0,0) size 0x19
              RenderTableCell {TD} at (368,5170) size 105x57 [r=57 c=3 rs=1 cs=1]
                RenderBlock {P} at (7,0) size 91x19
                  RenderText {#text} at (37,0) size 16x19
                    text run at (37,0) width 16: "No"
                  RenderInline {SPAN} at (0,0) size 0x19
                    RenderInline {O:P} at (0,0) size 0x19
                RenderBlock {P} at (7,19) size 91x19
                  RenderText {#text} at (37,0) size 16x19
                    text run at (37,0) width 16: "No"
                RenderBlock {P} at (7,38) size 91x19
                  RenderText {#text} at (37,0) size 16x19
                    text run at (37,0) width 16: "No"
                  RenderInline {SPAN} at (0,0) size 0x19
                    RenderInline {O:P} at (0,0) size 0x19
            RenderTableRow {TR} at (0,5246) size 473x38
              RenderTableCell {TD} at (0,5246) size 101x19 [r=58 c=0 rs=1 cs=1]
                RenderBlock {P} at (7,0) size 87x19
                  RenderText {#text} at (36,0) size 14x19
                    text run at (36,0) width 14: "59"
                  RenderInline {SPAN} at (0,0) size 0x19
                    RenderInline {O:P} at (0,0) size 0x19
              RenderTableCell {TD} at (101,5246) size 169x38 [r=58 c=1 rs=1 cs=1]
                RenderBlock {P} at (7,0) size 155x19
                  RenderText {#text} at (0,0) size 61x19
                    text run at (0,0) width 61: "Bob Roger"
                RenderBlock {P} at (7,19) size 155x19
                  RenderText {#text} at (0,0) size 72x19
                    text run at (0,0) width 72: "Rich Burnett"
                  RenderInline {SPAN} at (0,0) size 0x19
                    RenderInline {O:P} at (0,0) size 0x19
              RenderTableCell {TD} at (270,5246) size 98x19 [r=58 c=2 rs=1 cs=1]
                RenderBlock {P} at (7,0) size 84x19
                  RenderText {#text} at (32,0) size 20x19
                    text run at (32,0) width 20: "Yes"
                  RenderInline {SPAN} at (0,0) size 0x19
                    RenderInline {O:P} at (0,0) size 0x19
              RenderTableCell {TD} at (368,5246) size 105x19 [r=58 c=3 rs=1 cs=1]
                RenderBlock {P} at (7,0) size 91x19
                  RenderText {#text} at (37,0) size 16x19
                    text run at (37,0) width 16: "No"
                  RenderInline {SPAN} at (0,0) size 0x19
                    RenderInline {O:P} at (0,0) size 0x19
            RenderTableRow {TR} at (0,5284) size 473x76
              RenderTableCell {TD} at (0,5284) size 101x19 [r=59 c=0 rs=1 cs=1]
                RenderBlock {P} at (7,0) size 87x19
                  RenderText {#text} at (36,0) size 14x19
                    text run at (36,0) width 14: "60"
                  RenderInline {SPAN} at (0,0) size 0x19
                    RenderInline {O:P} at (0,0) size 0x19
              RenderTableCell {TD} at (101,5284) size 169x76 [r=59 c=1 rs=1 cs=1]
                RenderBlock {P} at (7,0) size 155x19
                  RenderText {#text} at (0,0) size 71x19
                    text run at (0,0) width 71: "Bill Johnson"
                RenderBlock {P} at (7,19) size 155x19
                  RenderText {#text} at (0,0) size 102x19
                    text run at (0,0) width 102: "Vladimir Dvorkin"
                RenderBlock {P} at (7,38) size 155x19
                  RenderText {#text} at (0,0) size 56x19
                    text run at (0,0) width 56: "Ken Price"
                RenderBlock {P} at (7,57) size 155x19
                  RenderText {#text} at (0,0) size 91x19
                    text run at (0,0) width 91: "Rick Rasmussen"
                  RenderInline {SPAN} at (0,0) size 0x19
                    RenderInline {O:P} at (0,0) size 0x19
              RenderTableCell {TD} at (270,5284) size 98x38 [r=59 c=2 rs=1 cs=1]
                RenderBlock {P} at (7,0) size 84x19
                  RenderText {#text} at (32,0) size 20x19
                    text run at (32,0) width 20: "Yes"
                RenderBlock {P} at (7,19) size 84x19
                  RenderText {#text} at (34,0) size 16x19
                    text run at (34,0) width 16: "No"
                  RenderInline {SPAN} at (0,0) size 0x19
                    RenderInline {O:P} at (0,0) size 0x19
              RenderTableCell {TD} at (368,5284) size 105x38 [r=59 c=3 rs=1 cs=1]
                RenderBlock {P} at (7,0) size 91x19
                  RenderText {#text} at (37,0) size 16x19
                    text run at (37,0) width 16: "No"
                RenderBlock {P} at (7,19) size 91x19
                  RenderText {#text} at (35,0) size 20x19
                    text run at (35,0) width 20: "Yes"
                  RenderInline {SPAN} at (0,0) size 0x19
                    RenderInline {O:P} at (0,0) size 0x19
        RenderBlock {P} at (0,5379) size 784x19
          RenderInline {SPAN} at (0,0) size 3x19
            RenderText {#text} at (0,0) size 3x19
              text run at (0,0) width 3: " "
        RenderBlock {P} at (0,5398) size 784x19
          RenderText {#text} at (0,0) size 3x19
            text run at (0,0) width 3: " "
        RenderBlock {P} at (0,5417) size 784x19
          RenderText {#text} at (0,0) size 3x19
            text run at (0,0) width 3: " "
      RenderBlock {P} at (0,5436) size 784x19
        RenderText {#text} at (390,0) size 3x19
          text run at (390,0) width 3: " "
