layer at (0,0) size 800x600
  RenderView at (0,0) size 800x600
layer at (0,0) size 800x600
  RenderBlock {HTML} at (0,0) size 800x600
    RenderBody {BODY} at (8,8) size 784x584
      RenderBlock {P} at (0,0) size 784x57
        RenderText {#text} at (0,0) size 782x57
          text run at (0,0) width 782: "This table contains an <applet> that will not load -- you can see the space get allocated and then reflow. Notice that the final"
          text run at (0,19) width 586: "table is clipped on the right hand side -- try shrinking the window and notice how the clipping "
          text run at (586,19) width 169: "increases. (I couldn't really"
          text run at (0,38) width 292: "simplify this further without losing some of the "
          text run at (292,38) width 108: "original 'flavour'.)"
      RenderBlock (anonymous) at (0,71) size 784x19
        RenderBR {BR} at (0,0) size 0x19
      RenderTable {TABLE} at (0,90) size 778x142 [border: (1px outset #808080)]
        RenderTableSection {TBODY} at (1,1) size 776x140
          RenderTableRow {TR} at (0,2) size 776x136
            RenderTableCell {TD} at (2,2) size 772x136 [border: (1px inset #808080)] [r=0 c=0 rs=1 cs=1]
              RenderTable {TABLE} at (2,2) size 768x132 [border: (1px outset #808080)]
                RenderTableSection {TBODY} at (1,1) size 766x130
                  RenderTableRow {TR} at (0,2) size 766x68
                    RenderTableCell {TD} at (2,2) size 762x68 [border: (1px inset #808080)] [r=0 c=0 rs=1 cs=1]
                      RenderTable {TABLE} at (375,2) size 12x12 [border: (2px outset #808080)]
                        RenderTableSection {TBODY} at (2,2) size 8x8
                          RenderTableRow {TR} at (0,2) size 8x4
                            RenderTableCell {TD} at (2,2) size 4x4 [border: (1px inset #808080)] [r=0 c=0 rs=1 cs=1]
                              RenderInline {APPLET} at (0,0) size 0x0
                                RenderText {#text} at (0,0) size 0x0
                                RenderText {#text} at (0,0) size 0x0
                              RenderText {#text} at (0,0) size 0x0
                      RenderBlock {P} at (2,28) size 758x38
                        RenderText {#text} at (0,0) size 724x38
                          text run at (0,0) width 424: "The Porto Elounda Mare is built on the sea front, on a 110,000 m2 "
                          text run at (424,0) width 300: "plot of land with a 150 meter long private sandy"
                          text run at (0,19) width 141: "beach. The view from "
                          text run at (141,19) width 385: "decorated with antique and contemporary furniture and rugs."
                  RenderTableRow {TR} at (0,72) size 766x56
                    RenderTableCell {TD} at (2,72) size 762x56 [border: (1px inset #808080)] [r=1 c=0 rs=1 cs=1]
                      RenderTable {TABLE} at (2,2) size 758x52 [border: (1px outset #808080)]
                        RenderTableSection {TBODY} at (1,1) size 756x50
                          RenderTableRow {TR} at (0,0) size 756x50
                            RenderTableCell {TD} at (0,9) size 306x31 [border: (1px inset #808080)] [r=0 c=0 rs=1 cs=1]
                              RenderText {#text} at (6,6) size 294x19
                                text run at (6,6) width 138: "99 Rates in Drahmas "
                                text run at (144,6) width 122: "Per Person on H/B "
                                text run at (266,6) width 34: "Basis"
                            RenderTableCell {TD} at (306,0) size 101x50 [border: (1px inset #808080)] [r=0 c=1 rs=1 cs=1]
                              RenderText {#text} at (6,6) size 89x19
                                text run at (6,6) width 89: "27/03 - 30/04 "
                              RenderBR {BR} at (95,20) size 0x0
                              RenderText {#text} at (6,25) size 85x19
                                text run at (6,25) width 85: "16/10 - 31/10"
                            RenderTableCell {TD} at (407,9) size 171x31 [border: (1px inset #808080)] [r=0 c=2 rs=1 cs=1]
                              RenderText {#text} at (6,6) size 159x19
                                text run at (6,6) width 159: "01/5- 21/5 & 2/10 - 15/10"
                            RenderTableCell {TD} at (578,0) size 89x50 [border: (1px inset #808080)] [r=0 c=3 rs=1 cs=1]
                              RenderText {#text} at (6,6) size 77x19
                                text run at (6,6) width 77: "22/5 - 16/07"
                              RenderBR {BR} at (83,20) size 0x0
                              RenderText {#text} at (6,25) size 77x19
                                text run at (6,25) width 77: "28/8 - 01/10"
                            RenderTableCell {TD} at (667,9) size 89x31 [border: (1px inset #808080)] [r=0 c=4 rs=1 cs=1]
                              RenderText {#text} at (6,6) size 77x19
                                text run at (6,6) width 77: "17/07 - 27/8"
      RenderBlock (anonymous) at (0,232) size 784x19
        RenderBR {BR} at (0,0) size 0x19
      RenderBlock {P} at (0,265) size 784x19
        RenderText {#text} at (0,0) size 544x19
          text run at (0,0) width 427: "This table repeats the previous table, but removes the 'bad applet'. "
          text run at (427,0) width 117: "Table lays out OK."
      RenderBlock (anonymous) at (0,298) size 784x19
        RenderBR {BR} at (0,0) size 0x19
      RenderTable {TABLE} at (0,317) size 778x161 [border: (1px outset #808080)]
        RenderTableSection {TBODY} at (1,1) size 776x159
          RenderTableRow {TR} at (0,2) size 776x155
            RenderTableCell {TD} at (2,2) size 772x155 [border: (1px inset #808080)] [r=0 c=0 rs=1 cs=1]
              RenderTable {TABLE} at (2,2) size 768x151 [border: (1px outset #808080)]
                RenderTableSection {TBODY} at (1,1) size 766x149
                  RenderTableRow {TR} at (0,2) size 766x87
                    RenderTableCell {TD} at (2,2) size 762x87 [border: (1px inset #808080)] [r=0 c=0 rs=1 cs=1]
                      RenderTable {TABLE} at (324,2) size 113x31 [border: (2px outset #808080)]
                        RenderTableSection {TBODY} at (2,2) size 109x27
                          RenderTableRow {TR} at (0,2) size 109x23
                            RenderTableCell {TD} at (2,2) size 105x23 [border: (1px inset #808080)] [r=0 c=0 rs=1 cs=1]
                              RenderText {#text} at (2,2) size 101x19
                                text run at (2,2) width 101: "applet was here"
                      RenderBlock {P} at (2,47) size 758x38
                        RenderText {#text} at (0,0) size 724x38
                          text run at (0,0) width 424: "The Porto Elounda Mare is built on the sea front, on a 110,000 m2 "
                          text run at (424,0) width 300: "plot of land with a 150 meter long private sandy"
                          text run at (0,19) width 141: "beach. The view from "
                          text run at (141,19) width 385: "decorated with antique and contemporary furniture and rugs."
                  RenderTableRow {TR} at (0,91) size 766x56
                    RenderTableCell {TD} at (2,91) size 762x56 [border: (1px inset #808080)] [r=1 c=0 rs=1 cs=1]
                      RenderTable {TABLE} at (2,2) size 758x52 [border: (1px outset #808080)]
                        RenderTableSection {TBODY} at (1,1) size 756x50
                          RenderTableRow {TR} at (0,0) size 756x50
                            RenderTableCell {TD} at (0,9) size 306x31 [border: (1px inset #808080)] [r=0 c=0 rs=1 cs=1]
                              RenderText {#text} at (6,6) size 294x19
                                text run at (6,6) width 138: "99 Rates in Drahmas "
                                text run at (144,6) width 122: "Per Person on H/B "
                                text run at (266,6) width 34: "Basis"
                            RenderTableCell {TD} at (306,0) size 101x50 [border: (1px inset #808080)] [r=0 c=1 rs=1 cs=1]
                              RenderText {#text} at (6,6) size 89x19
                                text run at (6,6) width 89: "27/03 - 30/04 "
                              RenderBR {BR} at (95,20) size 0x0
                              RenderText {#text} at (6,25) size 85x19
                                text run at (6,25) width 85: "16/10 - 31/10"
                            RenderTableCell {TD} at (407,9) size 171x31 [border: (1px inset #808080)] [r=0 c=2 rs=1 cs=1]
                              RenderText {#text} at (6,6) size 159x19
                                text run at (6,6) width 159: "01/5- 21/5 & 2/10 - 15/10"
                            RenderTableCell {TD} at (578,0) size 89x50 [border: (1px inset #808080)] [r=0 c=3 rs=1 cs=1]
                              RenderText {#text} at (6,6) size 77x19
                                text run at (6,6) width 77: "22/5 - 16/07"
                              RenderBR {BR} at (83,20) size 0x0
                              RenderText {#text} at (6,25) size 77x19
                                text run at (6,25) width 77: "28/8 - 01/10"
                            RenderTableCell {TD} at (667,9) size 89x31 [border: (1px inset #808080)] [r=0 c=4 rs=1 cs=1]
                              RenderText {#text} at (6,6) size 77x19
                                text run at (6,6) width 77: "17/07 - 27/8"
