layer at (0,0) size 800x600
  RenderView at (0,0) size 800x600
layer at (0,0) size 800x600
  RenderBlock {HTML} at (0,0) size 800x600
    RenderBody {BODY} at (8,8) size 784x578
      RenderBlock {FORM} at (0,0) size 784x95
        RenderTable {TABLE} at (0,0) size 318x95 [border: (1px outset #808080)]
          RenderTableSection {TBODY} at (1,1) size 316x93
            RenderTableRow {TR} at (0,2) size 316x89
              RenderTableCell {TD} at (2,2) size 312x89 [border: (1px inset #808080)] [r=0 c=0 rs=1 cs=1]
                RenderTable {TABLE} at (2,2) size 308x85 [border: (2px outset #808080)]
                  RenderTableSection {TBODY} at (2,2) size 304x81
                    RenderTableRow {TR} at (0,2) size 304x42
                      RenderTableCell {TD} at (2,2) size 86x42 [border: (1px inset #808080)] [r=0 c=0 rs=1 cs=1]
                        RenderText {#text} at (2,2) size 55x38
                          text run at (2,2) width 53: "Member"
                          text run at (2,21) width 55: "Number:"
                      RenderTableCell {TD} at (90,6) size 206x33 [border: (1px inset #808080)] [r=0 c=1 rs=1 cs=1]
                        RenderTextControl {INPUT} at (4,4) size 168x25 [border: (2px inset #000000)]
                        RenderText {#text} at (0,0) size 0x0
                    RenderTableRow {TR} at (0,46) size 304x33
                      RenderTableCell {TD} at (2,51) size 86x23 [border: (1px inset #808080)] [r=1 c=0 rs=1 cs=1]
                        RenderText {#text} at (2,2) size 27x19
                          text run at (2,2) width 27: "PIN:"
                      RenderTableCell {TD} at (90,46) size 206x33 [border: (1px inset #808080)] [r=1 c=1 rs=1 cs=1]
                        RenderTextControl {INPUT} at (4,4) size 168x25 [border: (2px inset #000000)]
                        RenderText {#text} at (0,0) size 0x0
                      RenderTableCell {TD} at (298,60) size 4x4 [border: (1px inset #808080)] [r=1 c=2 rs=1 cs=1]
layer at (112,28) size 162x19
  RenderBlock {DIV} at (3,3) size 162x19
layer at (112,68) size 162x19
  RenderBlock {DIV} at (3,3) size 162x19
