layer at (0,0) size 800x1771
  RenderView at (0,0) size 800x600
layer at (0,0) size 800x1771
  RenderBlock {HTML} at (0,0) size 800x1771 [border: (1px solid #000000)]
    RenderBody {BODY} at (9,9) size 782x1753 [bgcolor=#FFFFFF] [border: (1px solid #000000)]
      RenderBlock {H1} at (1,1) size 780x40 [border: (1px solid #000000)]
        RenderText {#text} at (1,1) size 270x38
          text run at (1,1) width 270: "Caption Margin Test"
      RenderBlock {DIV} at (1,59) size 102x21 [border: (1px solid #008000)]
        RenderText {#text} at (1,1) size 39x19
          text run at (1,1) width 39: "100px"
      RenderBlock {DIV} at (1,80) size 52x21 [border: (1px solid #FF0000)]
        RenderText {#text} at (1,1) size 31x19
          text run at (1,1) width 31: "50px"
      RenderBlock {H2} at (1,118) size 780x31 [border: (1px solid #000000)]
        RenderText {#text} at (1,1) size 75x29
          text run at (1,1) width 75: "Control"
      RenderTable {TABLE} at (1,166) size 168x50 [border: (1px solid #000000)]
        RenderBlock {CAPTION} at (0,0) size 166x21 [border: (1px solid #000000)]
          RenderText {#text} at (74,1) size 18x19
            text run at (74,1) width 18: "TA"
        RenderTableSection {TBODY} at (1,22) size 166x27 [border: (1px solid #000000)]
          RenderTableRow {TR} at (0,2) size 166x23 [border: (1px solid #000000)]
            RenderTableCell {TD} at (2,2) size 80x23 [border: (1px solid #000000)] [r=0 c=0 rs=1 cs=1]
              RenderText {#text} at (2,2) size 76x19
                text run at (2,2) width 76: "Table Cell 1"
            RenderTableCell {TD} at (84,2) size 80x23 [border: (1px solid #000000)] [r=0 c=1 rs=1 cs=1]
              RenderText {#text} at (2,2) size 76x19
                text run at (2,2) width 76: "Table Cell 2"
      RenderTable {TABLE} at (1,216) size 328x50 [border: (1px solid #000000)]
        RenderBlock {CAPTION} at (0,0) size 326x21 [border: (1px solid #000000)]
          RenderText {#text} at (154,1) size 18x19
            text run at (154,1) width 18: "TB"
        RenderTableSection {TBODY} at (1,22) size 326x27 [border: (1px solid #000000)]
          RenderTableRow {TR} at (0,2) size 326x23 [border: (1px solid #000000)]
            RenderTableCell {TD} at (2,2) size 160x23 [border: (1px solid #000000)] [r=0 c=0 rs=1 cs=1]
              RenderText {#text} at (2,2) size 156x19
                text run at (2,2) width 156: "Table Cell 1 Table Cell 1"
            RenderTableCell {TD} at (164,2) size 160x23 [border: (1px solid #000000)] [r=0 c=1 rs=1 cs=1]
              RenderText {#text} at (2,2) size 156x19
                text run at (2,2) width 156: "Table Cell 2 Table Cell 2"
      RenderBlock {H2} at (1,283) size 780x31 [border: (1px solid #000000)]
        RenderText {#text} at (1,1) size 273x29
          text run at (1,1) width 273: "Test 1 - \"margin-left: 50px\""
      RenderTable {TABLE} at (1,331) size 168x50 [border: (1px solid #000000)]
        RenderBlock {CAPTION} at (50,0) size 116x21 [border: (1px solid #000000)]
          RenderText {#text} at (49,1) size 18x19
            text run at (49,1) width 18: "TA"
        RenderTableSection {TBODY} at (1,22) size 166x27 [border: (1px solid #000000)]
          RenderTableRow {TR} at (0,2) size 166x23 [border: (1px solid #000000)]
            RenderTableCell {TD} at (2,2) size 80x23 [border: (1px solid #000000)] [r=0 c=0 rs=1 cs=1]
              RenderText {#text} at (2,2) size 76x19
                text run at (2,2) width 76: "Table Cell 1"
            RenderTableCell {TD} at (84,2) size 80x23 [border: (1px solid #000000)] [r=0 c=1 rs=1 cs=1]
              RenderText {#text} at (2,2) size 76x19
                text run at (2,2) width 76: "Table Cell 2"
      RenderTable {TABLE} at (1,381) size 328x50 [border: (1px solid #000000)]
        RenderBlock {CAPTION} at (50,0) size 276x21 [border: (1px solid #000000)]
          RenderText {#text} at (129,1) size 18x19
            text run at (129,1) width 18: "TB"
        RenderTableSection {TBODY} at (1,22) size 326x27 [border: (1px solid #000000)]
          RenderTableRow {TR} at (0,2) size 326x23 [border: (1px solid #000000)]
            RenderTableCell {TD} at (2,2) size 160x23 [border: (1px solid #000000)] [r=0 c=0 rs=1 cs=1]
              RenderText {#text} at (2,2) size 156x19
                text run at (2,2) width 156: "Table Cell 1 Table Cell 1"
            RenderTableCell {TD} at (164,2) size 160x23 [border: (1px solid #000000)] [r=0 c=1 rs=1 cs=1]
              RenderText {#text} at (2,2) size 156x19
                text run at (2,2) width 156: "Table Cell 2 Table Cell 2"
      RenderBlock {H2} at (1,448) size 780x31 [border: (1px solid #000000)]
        RenderText {#text} at (1,1) size 288x29
          text run at (1,1) width 288: "Test 2 - \"margin-right: 50px\""
      RenderTable {TABLE} at (1,496) size 168x50 [border: (1px solid #000000)]
        RenderBlock {CAPTION} at (0,0) size 116x21 [border: (1px solid #000000)]
          RenderText {#text} at (49,1) size 18x19
            text run at (49,1) width 18: "TA"
        RenderTableSection {TBODY} at (1,22) size 166x27 [border: (1px solid #000000)]
          RenderTableRow {TR} at (0,2) size 166x23 [border: (1px solid #000000)]
            RenderTableCell {TD} at (2,2) size 80x23 [border: (1px solid #000000)] [r=0 c=0 rs=1 cs=1]
              RenderText {#text} at (2,2) size 76x19
                text run at (2,2) width 76: "Table Cell 1"
            RenderTableCell {TD} at (84,2) size 80x23 [border: (1px solid #000000)] [r=0 c=1 rs=1 cs=1]
              RenderText {#text} at (2,2) size 76x19
                text run at (2,2) width 76: "Table Cell 2"
      RenderTable {TABLE} at (1,546) size 328x50 [border: (1px solid #000000)]
        RenderBlock {CAPTION} at (0,0) size 276x21 [border: (1px solid #000000)]
          RenderText {#text} at (129,1) size 18x19
            text run at (129,1) width 18: "TB"
        RenderTableSection {TBODY} at (1,22) size 326x27 [border: (1px solid #000000)]
          RenderTableRow {TR} at (0,2) size 326x23 [border: (1px solid #000000)]
            RenderTableCell {TD} at (2,2) size 160x23 [border: (1px solid #000000)] [r=0 c=0 rs=1 cs=1]
              RenderText {#text} at (2,2) size 156x19
                text run at (2,2) width 156: "Table Cell 1 Table Cell 1"
            RenderTableCell {TD} at (164,2) size 160x23 [border: (1px solid #000000)] [r=0 c=1 rs=1 cs=1]
              RenderText {#text} at (2,2) size 156x19
                text run at (2,2) width 156: "Table Cell 2 Table Cell 2"
      RenderBlock {H2} at (1,613) size 780x31 [border: (1px solid #000000)]
        RenderText {#text} at (1,1) size 234x29
          text run at (1,1) width 234: "Test 3 - \"margin: 50px\""
      RenderTable {TABLE} at (1,661) size 168x150 [border: (1px solid #000000)]
        RenderBlock {CAPTION} at (50,0) size 66x21 [border: (1px solid #000000)]
          RenderText {#text} at (24,1) size 18x19
            text run at (24,1) width 18: "TA"
        RenderTableSection {TBODY} at (1,122) size 166x27 [border: (1px solid #000000)]
          RenderTableRow {TR} at (0,2) size 166x23 [border: (1px solid #000000)]
            RenderTableCell {TD} at (2,2) size 80x23 [border: (1px solid #000000)] [r=0 c=0 rs=1 cs=1]
              RenderText {#text} at (2,2) size 76x19
                text run at (2,2) width 76: "Table Cell 1"
            RenderTableCell {TD} at (84,2) size 80x23 [border: (1px solid #000000)] [r=0 c=1 rs=1 cs=1]
              RenderText {#text} at (2,2) size 76x19
                text run at (2,2) width 76: "Table Cell 2"
      RenderTable {TABLE} at (1,811) size 328x150 [border: (1px solid #000000)]
        RenderBlock {CAPTION} at (50,0) size 226x21 [border: (1px solid #000000)]
          RenderText {#text} at (104,1) size 18x19
            text run at (104,1) width 18: "TB"
        RenderTableSection {TBODY} at (1,122) size 326x27 [border: (1px solid #000000)]
          RenderTableRow {TR} at (0,2) size 326x23 [border: (1px solid #000000)]
            RenderTableCell {TD} at (2,2) size 160x23 [border: (1px solid #000000)] [r=0 c=0 rs=1 cs=1]
              RenderText {#text} at (2,2) size 156x19
                text run at (2,2) width 156: "Table Cell 1 Table Cell 1"
            RenderTableCell {TD} at (164,2) size 160x23 [border: (1px solid #000000)] [r=0 c=1 rs=1 cs=1]
              RenderText {#text} at (2,2) size 156x19
                text run at (2,2) width 156: "Table Cell 2 Table Cell 2"
      RenderTable {TABLE} at (1,961) size 488x150 [border: (1px solid #000000)]
        RenderBlock {CAPTION} at (50,0) size 386x21 [border: (1px solid #000000)]
          RenderText {#text} at (183,1) size 19x19
            text run at (183,1) width 19: "TC"
        RenderTableSection {TBODY} at (1,122) size 486x27 [border: (1px solid #000000)]
          RenderTableRow {TR} at (0,2) size 486x23 [border: (1px solid #000000)]
            RenderTableCell {TD} at (2,2) size 240x23 [border: (1px solid #000000)] [r=0 c=0 rs=1 cs=1]
              RenderText {#text} at (2,2) size 236x19
                text run at (2,2) width 236: "Table Cell 1 Table Cell 1 Table Cell 1"
            RenderTableCell {TD} at (244,2) size 240x23 [border: (1px solid #000000)] [r=0 c=1 rs=1 cs=1]
              RenderText {#text} at (2,2) size 236x19
                text run at (2,2) width 236: "Table Cell 2 Table Cell 2 Table Cell 2"
      RenderBlock {H2} at (1,1128) size 780x31 [border: (1px solid #000000)]
        RenderText {#text} at (1,1) size 255x29
          text run at (1,1) width 255: "Test 4 - \"margin-left: 5%\""
      RenderTable {TABLE} at (1,1176) size 168x50 [border: (1px solid #000000)]
        RenderBlock {CAPTION} at (8,0) size 158x21 [border: (1px solid #000000)]
          RenderText {#text} at (70,1) size 18x19
            text run at (70,1) width 18: "TA"
        RenderTableSection {TBODY} at (1,22) size 166x27 [border: (1px solid #000000)]
          RenderTableRow {TR} at (0,2) size 166x23 [border: (1px solid #000000)]
            RenderTableCell {TD} at (2,2) size 80x23 [border: (1px solid #000000)] [r=0 c=0 rs=1 cs=1]
              RenderText {#text} at (2,2) size 76x19
                text run at (2,2) width 76: "Table Cell 1"
            RenderTableCell {TD} at (84,2) size 80x23 [border: (1px solid #000000)] [r=0 c=1 rs=1 cs=1]
              RenderText {#text} at (2,2) size 76x19
                text run at (2,2) width 76: "Table Cell 2"
      RenderTable {TABLE} at (1,1226) size 328x50 [border: (1px solid #000000)]
        RenderBlock {CAPTION} at (16,0) size 310x21 [border: (1px solid #000000)]
          RenderText {#text} at (146,1) size 18x19
            text run at (146,1) width 18: "TB"
        RenderTableSection {TBODY} at (1,22) size 326x27 [border: (1px solid #000000)]
          RenderTableRow {TR} at (0,2) size 326x23 [border: (1px solid #000000)]
            RenderTableCell {TD} at (2,2) size 160x23 [border: (1px solid #000000)] [r=0 c=0 rs=1 cs=1]
              RenderText {#text} at (2,2) size 156x19
                text run at (2,2) width 156: "Table Cell 1 Table Cell 1"
            RenderTableCell {TD} at (164,2) size 160x23 [border: (1px solid #000000)] [r=0 c=1 rs=1 cs=1]
              RenderText {#text} at (2,2) size 156x19
                text run at (2,2) width 156: "Table Cell 2 Table Cell 2"
      RenderBlock {H2} at (1,1293) size 780x31 [border: (1px solid #000000)]
        RenderText {#text} at (1,1) size 270x29
          text run at (1,1) width 270: "Test 5 - \"margin-right: 5%\""
      RenderTable {TABLE} at (1,1341) size 168x50 [border: (1px solid #000000)]
        RenderBlock {CAPTION} at (0,0) size 158x21 [border: (1px solid #000000)]
          RenderText {#text} at (70,1) size 18x19
            text run at (70,1) width 18: "TA"
        RenderTableSection {TBODY} at (1,22) size 166x27 [border: (1px solid #000000)]
          RenderTableRow {TR} at (0,2) size 166x23 [border: (1px solid #000000)]
            RenderTableCell {TD} at (2,2) size 80x23 [border: (1px solid #000000)] [r=0 c=0 rs=1 cs=1]
              RenderText {#text} at (2,2) size 76x19
                text run at (2,2) width 76: "Table Cell 1"
            RenderTableCell {TD} at (84,2) size 80x23 [border: (1px solid #000000)] [r=0 c=1 rs=1 cs=1]
              RenderText {#text} at (2,2) size 76x19
                text run at (2,2) width 76: "Table Cell 2"
      RenderTable {TABLE} at (1,1391) size 328x50 [border: (1px solid #000000)]
        RenderBlock {CAPTION} at (0,0) size 310x21 [border: (1px solid #000000)]
          RenderText {#text} at (146,1) size 18x19
            text run at (146,1) width 18: "TB"
        RenderTableSection {TBODY} at (1,22) size 326x27 [border: (1px solid #000000)]
          RenderTableRow {TR} at (0,2) size 326x23 [border: (1px solid #000000)]
            RenderTableCell {TD} at (2,2) size 160x23 [border: (1px solid #000000)] [r=0 c=0 rs=1 cs=1]
              RenderText {#text} at (2,2) size 156x19
                text run at (2,2) width 156: "Table Cell 1 Table Cell 1"
            RenderTableCell {TD} at (164,2) size 160x23 [border: (1px solid #000000)] [r=0 c=1 rs=1 cs=1]
              RenderText {#text} at (2,2) size 156x19
                text run at (2,2) width 156: "Table Cell 2 Table Cell 2"
      RenderBlock {H2} at (1,1458) size 780x31 [border: (1px solid #000000)]
        RenderText {#text} at (1,1) size 216x29
          text run at (1,1) width 216: "Test 6 - \"margin: 5%\""
      RenderTable {TABLE} at (1,1506) size 168x66 [border: (1px solid #000000)]
        RenderBlock {CAPTION} at (8,0) size 150x21 [border: (1px solid #000000)]
          RenderText {#text} at (66,1) size 18x19
            text run at (66,1) width 18: "TA"
        RenderTableSection {TBODY} at (1,38) size 166x27 [border: (1px solid #000000)]
          RenderTableRow {TR} at (0,2) size 166x23 [border: (1px solid #000000)]
            RenderTableCell {TD} at (2,2) size 80x23 [border: (1px solid #000000)] [r=0 c=0 rs=1 cs=1]
              RenderText {#text} at (2,2) size 76x19
                text run at (2,2) width 76: "Table Cell 1"
            RenderTableCell {TD} at (84,2) size 80x23 [border: (1px solid #000000)] [r=0 c=1 rs=1 cs=1]
              RenderText {#text} at (2,2) size 76x19
                text run at (2,2) width 76: "Table Cell 2"
      RenderTable {TABLE} at (1,1572) size 328x82 [border: (1px solid #000000)]
        RenderBlock {CAPTION} at (16,0) size 294x21 [border: (1px solid #000000)]
          RenderText {#text} at (138,1) size 18x19
            text run at (138,1) width 18: "TB"
        RenderTableSection {TBODY} at (1,54) size 326x27 [border: (1px solid #000000)]
          RenderTableRow {TR} at (0,2) size 326x23 [border: (1px solid #000000)]
            RenderTableCell {TD} at (2,2) size 160x23 [border: (1px solid #000000)] [r=0 c=0 rs=1 cs=1]
              RenderText {#text} at (2,2) size 156x19
                text run at (2,2) width 156: "Table Cell 1 Table Cell 1"
            RenderTableCell {TD} at (164,2) size 160x23 [border: (1px solid #000000)] [r=0 c=1 rs=1 cs=1]
              RenderText {#text} at (2,2) size 156x19
                text run at (2,2) width 156: "Table Cell 2 Table Cell 2"
      RenderTable {TABLE} at (1,1654) size 488x98 [border: (1px solid #000000)]
        RenderBlock {CAPTION} at (24,0) size 438x21 [border: (1px solid #000000)]
          RenderText {#text} at (210,1) size 18x19
            text run at (210,1) width 18: "TB"
        RenderTableSection {TBODY} at (1,70) size 486x27 [border: (1px solid #000000)]
          RenderTableRow {TR} at (0,2) size 486x23 [border: (1px solid #000000)]
            RenderTableCell {TD} at (2,2) size 240x23 [border: (1px solid #000000)] [r=0 c=0 rs=1 cs=1]
              RenderText {#text} at (2,2) size 236x19
                text run at (2,2) width 236: "Table Cell 1 Table Cell 1 Table Cell 1"
            RenderTableCell {TD} at (244,2) size 240x23 [border: (1px solid #000000)] [r=0 c=1 rs=1 cs=1]
              RenderText {#text} at (2,2) size 236x19
                text run at (2,2) width 236: "Table Cell 2 Table Cell 2 Table Cell 2"
