layer at (0,0) size 800x600
  RenderView at (0,0) size 800x600
layer at (0,0) size 800x429
  RenderBlock {html} at (0,0) size 800x429
    RenderBody {body} at (8,16) size 784x397
      RenderBlock {p} at (0,0) size 784x18
        RenderBlock {math} at (0,0) size 24x16
          RenderInline {mi} at (0,0) size 7x16
            RenderText {#text} at (0,3) size 7x16
              text run at (0,3) width 7: "x"
          RenderBlock {mo} at (7,3) size 9x16 [bgcolor=#C8C8C8]
            RenderBlock {mo} at (0,0) size 9x16
              RenderText {mo} at (0,0) size 9x16
                text run at (0,0) width 9: "+"
          RenderInline {mn} at (0,0) size 8x16
            RenderText {#text} at (16,3) size 8x16
              text run at (16,3) width 8: "1"
        RenderText {#text} at (0,0) size 0x0
      RenderBlock {p} at (0,34) size 784x19
        RenderText {#text} at (0,0) size 40x18
          text run at (0,0) width 40: "16px: "
        RenderBlock {math} at (40,3) size 32x16
          RenderBlock {mrow} at (0,0) size 32x16
            RenderBlock {mo} at (0,0) size 8x16 [bgcolor=#C8C8C8]
              RenderBlock {mo} at (0,0) size 8x16
                RenderText {mo} at (0,0) size 8x16
                  text run at (0,0) width 8: "{"
            RenderBlock {div} at (8,0) size 16x16 [bgcolor=#00FF00]
            RenderBlock {mo} at (24,0) size 8x16 [bgcolor=#C8C8C8]
              RenderBlock {mo} at (0,0) size 8x16
                RenderText {mo} at (0,0) size 8x16
                  text run at (0,0) width 8: "}"
        RenderText {#text} at (72,0) size 4x18
          text run at (72,0) width 4: " "
        RenderBlock {math} at (76,3) size 26x16
          RenderBlock {mrow} at (0,0) size 26x16
            RenderBlock {mo} at (0,0) size 5x16 [bgcolor=#C8C8C8]
              RenderBlock {mo} at (0,0) size 5x16
                RenderText {mo} at (0,0) size 5x16
                  text run at (0,0) width 5: "["
            RenderBlock {div} at (5,0) size 16x16 [bgcolor=#00FF00]
            RenderBlock {mo} at (21,0) size 5x16 [bgcolor=#C8C8C8]
              RenderBlock {mo} at (0,0) size 5x16
                RenderText {mo} at (0,0) size 5x16
                  text run at (0,0) width 5: "]"
        RenderText {#text} at (102,0) size 4x18
          text run at (102,0) width 4: " "
        RenderBlock {math} at (106,3) size 26x16
          RenderBlock {mrow} at (0,0) size 26x16
            RenderBlock {mo} at (0,0) size 5x16 [bgcolor=#C8C8C8]
              RenderBlock {mo} at (0,0) size 5x16
                RenderText {mo} at (0,0) size 5x16
                  text run at (0,0) width 5: "("
            RenderBlock {div} at (5,0) size 16x16 [bgcolor=#00FF00]
            RenderBlock {mo} at (21,0) size 5x16 [bgcolor=#C8C8C8]
              RenderBlock {mo} at (0,0) size 5x16
                RenderText {mo} at (0,0) size 5x16
                  text run at (0,0) width 5: ")"
        RenderText {#text} at (132,0) size 4x18
          text run at (132,0) width 4: " "
        RenderBlock {math} at (136,3) size 22x16
          RenderBlock {mrow} at (0,0) size 22x16
            RenderBlock {mo} at (0,0) size 3x16 [bgcolor=#C8C8C8]
              RenderBlock {mo} at (0,0) size 3x16
                RenderText {mo} at (0,0) size 3x16
                  text run at (0,0) width 3: "|"
            RenderBlock {div} at (3,0) size 16x16 [bgcolor=#00FF00]
            RenderBlock {mo} at (19,0) size 3x16 [bgcolor=#C8C8C8]
              RenderBlock {mo} at (0,0) size 3x16
                RenderText {mo} at (0,0) size 3x16
                  text run at (0,0) width 3: "|"
        RenderText {#text} at (158,0) size 4x18
          text run at (158,0) width 4: " "
        RenderBlock {math} at (162,3) size 20x16
          RenderBlock {mrow} at (0,0) size 20x16
            RenderBlock {mo} at (0,0) size 4x16 [bgcolor=#C8C8C8]
              RenderBlock {mo} at (0,0) size 4x16
                RenderText {mo} at (0,0) size 4x16
                  text run at (0,0) width 4: "\x{222B}"
            RenderBlock {div} at (4,0) size 16x16 [bgcolor=#00FF00]
        RenderText {#text} at (0,0) size 0x0
      RenderBlock {p} at (0,69) size 784x24
        RenderText {#text} at (0,1) size 40x18
          text run at (0,1) width 40: "24px: "
        RenderBlock {math} at (40,0) size 48x24
          RenderBlock {mrow} at (0,0) size 48x24
            RenderBlock {mo} at (0,0) size 12x24 [bgcolor=#C8C8C8]
              RenderBlock {mo} at (0,0) size 12x24
                RenderText {mo} at (0,-2) size 12x28
                  text run at (0,-2) width 12: "{"
            RenderBlock {div} at (12,0) size 24x24 [bgcolor=#00FF00]
            RenderBlock {mo} at (36,0) size 12x24 [bgcolor=#C8C8C8]
              RenderBlock {mo} at (0,0) size 12x24
                RenderText {mo} at (0,-2) size 12x28
                  text run at (0,-2) width 12: "}"
        RenderText {#text} at (88,1) size 4x18
          text run at (88,1) width 4: " "
        RenderBlock {math} at (92,0) size 40x24
          RenderBlock {mrow} at (0,0) size 40x24
            RenderBlock {mo} at (0,0) size 8x24 [bgcolor=#C8C8C8]
              RenderBlock {mo} at (0,0) size 8x24
                RenderText {mo} at (0,-2) size 8x28
                  text run at (0,-2) width 8: "["
            RenderBlock {div} at (8,0) size 24x24 [bgcolor=#00FF00]
            RenderBlock {mo} at (32,0) size 8x24 [bgcolor=#C8C8C8]
              RenderBlock {mo} at (0,0) size 8x24
                RenderText {mo} at (0,-2) size 8x28
                  text run at (0,-2) width 8: "]"
        RenderText {#text} at (132,1) size 4x18
          text run at (132,1) width 4: " "
        RenderBlock {math} at (136,0) size 40x24
          RenderBlock {mrow} at (0,0) size 40x24
            RenderBlock {mo} at (0,0) size 8x24 [bgcolor=#C8C8C8]
              RenderBlock {mo} at (0,0) size 8x24
                RenderText {mo} at (0,-2) size 8x28
                  text run at (0,-2) width 8: "("
            RenderBlock {div} at (8,0) size 24x24 [bgcolor=#00FF00]
            RenderBlock {mo} at (32,0) size 8x24 [bgcolor=#C8C8C8]
              RenderBlock {mo} at (0,0) size 8x24
                RenderText {mo} at (0,-2) size 8x28
                  text run at (0,-2) width 8: ")"
        RenderText {#text} at (176,1) size 4x18
          text run at (176,1) width 4: " "
        RenderBlock {math} at (180,0) size 34x24
          RenderBlock {mrow} at (0,0) size 34x24
            RenderBlock {mo} at (0,0) size 5x24 [bgcolor=#C8C8C8]
              RenderBlock {mo} at (0,0) size 5x24
                RenderText {mo} at (0,-2) size 5x28
                  text run at (0,-2) width 5: "|"
            RenderBlock {div} at (5,0) size 24x24 [bgcolor=#00FF00]
            RenderBlock {mo} at (29,0) size 5x24 [bgcolor=#C8C8C8]
              RenderBlock {mo} at (0,0) size 5x24
                RenderText {mo} at (0,-2) size 5x28
                  text run at (0,-2) width 5: "|"
        RenderText {#text} at (214,1) size 4x18
          text run at (214,1) width 4: " "
        RenderBlock {math} at (218,0) size 31x24
          RenderBlock {mrow} at (0,0) size 31x24
            RenderBlock {mo} at (0,0) size 7x24 [bgcolor=#C8C8C8]
              RenderBlock {mo} at (0,0) size 7x24
                RenderText {mo} at (0,-2) size 7x28
                  text run at (0,-2) width 7: "\x{222B}"
            RenderBlock {div} at (7,0) size 24x24 [bgcolor=#00FF00]
        RenderText {#text} at (0,0) size 0x0
      RenderBlock {p} at (0,109) size 784x32
        RenderText {#text} at (0,5) size 40x18
          text run at (0,5) width 40: "32px: "
        RenderBlock {math} at (40,0) size 46x32
          RenderBlock {mrow} at (0,0) size 46x32
            RenderBlock {mo} at (0,0) size 7x34 [bgcolor=#C8C8C8]
            RenderBlock {div} at (7,1) size 32x32 [bgcolor=#00FF00]
            RenderBlock {mo} at (39,0) size 7x34 [bgcolor=#C8C8C8]
        RenderText {#text} at (86,5) size 4x18
          text run at (86,5) width 4: " "
        RenderBlock {math} at (90,0) size 42x32
          RenderBlock {mrow} at (0,0) size 42x32
            RenderBlock {mo} at (0,0) size 5x34 [bgcolor=#C8C8C8]
            RenderBlock {div} at (5,1) size 32x32 [bgcolor=#00FF00]
            RenderBlock {mo} at (37,0) size 5x34 [bgcolor=#C8C8C8]
        RenderText {#text} at (132,5) size 4x18
          text run at (132,5) width 4: " "
        RenderBlock {math} at (136,0) size 42x32
          RenderBlock {mrow} at (0,0) size 42x32
            RenderBlock {mo} at (0,0) size 5x34 [bgcolor=#C8C8C8]
            RenderBlock {div} at (5,1) size 32x32 [bgcolor=#00FF00]
            RenderBlock {mo} at (37,0) size 5x34 [bgcolor=#C8C8C8]
        RenderText {#text} at (178,5) size 4x18
          text run at (178,5) width 4: " "
        RenderBlock {math} at (182,0) size 48x32
          RenderBlock {mrow} at (0,0) size 48x32
            RenderBlock {mo} at (0,0) size 8x34 [bgcolor=#C8C8C8]
            RenderBlock {div} at (8,1) size 32x32 [bgcolor=#00FF00]
            RenderBlock {mo} at (40,0) size 8x34 [bgcolor=#C8C8C8]
        RenderText {#text} at (230,5) size 4x18
          text run at (230,5) width 4: " "
        RenderBlock {math} at (234,0) size 42x32
          RenderBlock {mrow} at (0,0) size 42x32
            RenderBlock {mo} at (0,0) size 10x34 [bgcolor=#C8C8C8]
            RenderBlock {div} at (10,1) size 32x32 [bgcolor=#00FF00]
        RenderText {#text} at (0,0) size 0x0
      RenderBlock {p} at (0,157) size 784x48
        RenderText {#text} at (0,13) size 40x18
          text run at (0,13) width 40: "48px: "
        RenderBlock {math} at (40,0) size 62x48
          RenderBlock {mrow} at (0,0) size 62x48
            RenderBlock {mo} at (0,0) size 7x50 [bgcolor=#C8C8C8]
            RenderBlock {div} at (7,1) size 48x48 [bgcolor=#00FF00]
            RenderBlock {mo} at (55,0) size 7x50 [bgcolor=#C8C8C8]
        RenderText {#text} at (102,13) size 4x18
          text run at (102,13) width 4: " "
        RenderBlock {math} at (106,0) size 58x48
          RenderBlock {mrow} at (0,0) size 58x48
            RenderBlock {mo} at (0,0) size 5x50 [bgcolor=#C8C8C8]
            RenderBlock {div} at (5,1) size 48x48 [bgcolor=#00FF00]
            RenderBlock {mo} at (53,0) size 5x50 [bgcolor=#C8C8C8]
        RenderText {#text} at (164,13) size 4x18
          text run at (164,13) width 4: " "
        RenderBlock {math} at (168,0) size 58x48
          RenderBlock {mrow} at (0,0) size 58x48
            RenderBlock {mo} at (0,0) size 5x50 [bgcolor=#C8C8C8]
            RenderBlock {div} at (5,1) size 48x48 [bgcolor=#00FF00]
            RenderBlock {mo} at (53,0) size 5x50 [bgcolor=#C8C8C8]
        RenderText {#text} at (226,13) size 4x18
          text run at (226,13) width 4: " "
        RenderBlock {math} at (230,0) size 64x48
          RenderBlock {mrow} at (0,0) size 64x48
            RenderBlock {mo} at (0,0) size 8x50 [bgcolor=#C8C8C8]
            RenderBlock {div} at (8,1) size 48x48 [bgcolor=#00FF00]
            RenderBlock {mo} at (56,0) size 8x50 [bgcolor=#C8C8C8]
        RenderText {#text} at (294,13) size 4x18
          text run at (294,13) width 4: " "
        RenderBlock {math} at (298,0) size 58x48
          RenderBlock {mrow} at (0,0) size 58x48
            RenderBlock {mo} at (0,0) size 10x50 [bgcolor=#C8C8C8]
            RenderBlock {div} at (10,1) size 48x48 [bgcolor=#00FF00]
        RenderText {#text} at (0,0) size 0x0
      RenderBlock {p} at (0,221) size 784x120
        RenderText {#text} at (0,49) size 48x18
          text run at (0,49) width 48: "120px: "
        RenderBlock {math} at (48,0) size 134x120
          RenderBlock {mrow} at (0,0) size 134x120
            RenderBlock {mo} at (0,0) size 7x122 [bgcolor=#C8C8C8]
            RenderBlock {div} at (7,1) size 120x120 [bgcolor=#00FF00]
            RenderBlock {mo} at (127,0) size 7x122 [bgcolor=#C8C8C8]
        RenderText {#text} at (182,49) size 4x18
          text run at (182,49) width 4: " "
        RenderBlock {math} at (186,0) size 130x120
          RenderBlock {mrow} at (0,0) size 130x120
            RenderBlock {mo} at (0,0) size 5x122 [bgcolor=#C8C8C8]
            RenderBlock {div} at (5,1) size 120x120 [bgcolor=#00FF00]
            RenderBlock {mo} at (125,0) size 5x122 [bgcolor=#C8C8C8]
        RenderText {#text} at (316,49) size 4x18
          text run at (316,49) width 4: " "
        RenderBlock {math} at (320,0) size 130x120
          RenderBlock {mrow} at (0,0) size 130x120
            RenderBlock {mo} at (0,0) size 5x122 [bgcolor=#C8C8C8]
            RenderBlock {div} at (5,1) size 120x120 [bgcolor=#00FF00]
            RenderBlock {mo} at (125,0) size 5x122 [bgcolor=#C8C8C8]
        RenderText {#text} at (450,49) size 4x18
          text run at (450,49) width 4: " "
        RenderBlock {math} at (454,0) size 136x120
          RenderBlock {mrow} at (0,0) size 136x120
            RenderBlock {mo} at (0,0) size 8x122 [bgcolor=#C8C8C8]
            RenderBlock {div} at (8,1) size 120x120 [bgcolor=#00FF00]
            RenderBlock {mo} at (128,0) size 8x122 [bgcolor=#C8C8C8]
        RenderText {#text} at (590,49) size 4x18
          text run at (590,49) width 4: " "
        RenderBlock {math} at (594,0) size 130x120
          RenderBlock {mrow} at (0,0) size 130x120
            RenderBlock {mo} at (0,0) size 10x122 [bgcolor=#C8C8C8]
            RenderBlock {div} at (10,1) size 120x120 [bgcolor=#00FF00]
        RenderText {#text} at (0,0) size 0x0
      RenderBlock {p} at (0,357) size 784x40
        RenderBlock {math} at (0,0) size 138x40
          RenderBlock {mrow} at (0,0) size 138x40
            RenderBlock {mo} at (0,0) size 5x42 [bgcolor=#C8C8C8]
            RenderBlock {div} at (5,1) size 40x40 [bgcolor=#00FF00]
            RenderBlock {mo} at (45,13) size 4x16 [bgcolor=#C8C8C8]
              RenderBlock {mo} at (0,0) size 4x16
                RenderText {mo} at (0,0) size 4x16
                  text run at (0,0) width 4: ","
            RenderBlock {div} at (49,1) size 40x40 [bgcolor=#00FF00]
            RenderBlock {mo} at (89,13) size 4x16 [bgcolor=#C8C8C8]
              RenderBlock {mo} at (0,0) size 4x16
                RenderText {mo} at (0,0) size 4x16
                  text run at (0,0) width 4: ","
            RenderBlock {div} at (93,1) size 40x40 [bgcolor=#00FF00]
            RenderBlock {mo} at (133,0) size 5x42 [bgcolor=#C8C8C8]
        RenderText {#text} at (0,0) size 0x0
layer at (48,125) size 7x10 scrollHeight 15
  RenderBlock {mo} at (0,0) size 7x10
    RenderText {mo} at (0,-2) size 7x17
      text run at (0,-2) width 7: "\x{23A7}"
layer at (48,135) size 7x1 scrollHeight 15
  RenderBlock {mo} at (0,10) size 7x1
    RenderText {mo} at (0,-2) size 7x17
      text run at (0,-2) width 7: "\x{23AA}"
layer at (48,136) size 7x10 scrollHeight 15
  RenderBlock {mo} at (0,11) size 7x10
layer at (48,146) size 7x1 scrollHeight 15
  RenderBlock {mo} at (0,21) size 7x1
    RenderText {mo} at (0,-2) size 7x17
      text run at (0,-2) width 7: "\x{23AA}"
layer at (48,147) size 7x12 scrollHeight 15
  RenderBlock {mo} at (0,22) size 7x12
layer at (87,125) size 7x10 scrollHeight 15
  RenderBlock {mo} at (0,0) size 7x10
    RenderText {mo} at (0,-2) size 7x17
      text run at (0,-2) width 7: "\x{23AB}"
layer at (87,135) size 7x1 scrollHeight 15
  RenderBlock {mo} at (0,10) size 7x1
    RenderText {mo} at (0,-2) size 7x17
      text run at (0,-2) width 7: "\x{23AA}"
layer at (87,136) size 7x10 scrollHeight 15
  RenderBlock {mo} at (0,11) size 7x10
layer at (87,146) size 7x1 scrollHeight 15
  RenderBlock {mo} at (0,21) size 7x1
    RenderText {mo} at (0,-2) size 7x17
      text run at (0,-2) width 7: "\x{23AA}"
layer at (87,147) size 7x12 scrollHeight 15
  RenderBlock {mo} at (0,22) size 7x12
layer at (98,125) size 5x10 scrollHeight 15
  RenderBlock {mo} at (0,0) size 5x10
    RenderText {mo} at (0,-2) size 5x17
      text run at (0,-2) width 5: "\x{23A1}"
layer at (98,135) size 5x10 scrollHeight 15
  RenderBlock {mo} at (0,10) size 5x10
    RenderText {mo} at (0,-2) size 5x17
      text run at (0,-2) width 5: "\x{23A2}"
layer at (98,145) size 5x2 scrollHeight 15
  RenderBlock {mo} at (0,20) size 5x2
    RenderText {mo} at (0,-2) size 5x17
      text run at (0,-2) width 5: "\x{23A2}"
layer at (98,147) size 5x12 scrollHeight 15
  RenderBlock {mo} at (0,22) size 5x12
layer at (135,125) size 5x10 scrollHeight 15
  RenderBlock {mo} at (0,0) size 5x10
    RenderText {mo} at (0,-2) size 5x17
      text run at (0,-2) width 5: "\x{23A4}"
layer at (135,135) size 5x10 scrollHeight 15
  RenderBlock {mo} at (0,10) size 5x10
    RenderText {mo} at (0,-2) size 5x17
      text run at (0,-2) width 5: "\x{23A5}"
layer at (135,145) size 5x2 scrollHeight 15
  RenderBlock {mo} at (0,20) size 5x2
    RenderText {mo} at (0,-2) size 5x17
      text run at (0,-2) width 5: "\x{23A5}"
layer at (135,147) size 5x12 scrollHeight 15
  RenderBlock {mo} at (0,22) size 5x12
layer at (144,125) size 5x10 scrollHeight 15
  RenderBlock {mo} at (0,0) size 5x10
    RenderText {mo} at (0,-2) size 5x17
      text run at (0,-2) width 5: "\x{239B}"
layer at (144,135) size 5x10 scrollHeight 15
  RenderBlock {mo} at (0,10) size 5x10
    RenderText {mo} at (0,-2) size 5x17
      text run at (0,-2) width 5: "\x{239C}"
layer at (144,145) size 5x2 scrollHeight 15
  RenderBlock {mo} at (0,20) size 5x2
    RenderText {mo} at (0,-2) size 5x17
      text run at (0,-2) width 5: "\x{239C}"
layer at (144,147) size 5x12 scrollHeight 15
  RenderBlock {mo} at (0,22) size 5x12
layer at (181,125) size 5x10 scrollHeight 15
  RenderBlock {mo} at (0,0) size 5x10
    RenderText {mo} at (0,-2) size 5x17
      text run at (0,-2) width 5: "\x{239E}"
layer at (181,135) size 5x10 scrollHeight 15
  RenderBlock {mo} at (0,10) size 5x10
    RenderText {mo} at (0,-2) size 5x17
      text run at (0,-2) width 5: "\x{239F}"
layer at (181,145) size 5x2 scrollHeight 15
  RenderBlock {mo} at (0,20) size 5x2
    RenderText {mo} at (0,-2) size 5x17
      text run at (0,-2) width 5: "\x{239F}"
layer at (181,147) size 5x12 scrollHeight 15
  RenderBlock {mo} at (0,22) size 5x12
layer at (190,125) size 8x10 scrollHeight 15
  RenderBlock {mo} at (0,0) size 8x10
    RenderText {mo} at (0,-2) size 8x17
      text run at (0,-2) width 8: "\x{23D0}"
layer at (190,135) size 8x10 scrollHeight 15
  RenderBlock {mo} at (0,10) size 8x10
    RenderText {mo} at (0,-2) size 8x17
      text run at (0,-2) width 8: "\x{23D0}"
layer at (190,145) size 8x2 scrollHeight 15
  RenderBlock {mo} at (0,20) size 8x2
    RenderText {mo} at (0,-2) size 8x17
      text run at (0,-2) width 8: "\x{23D0}"
layer at (190,147) size 8x12 scrollHeight 15
  RenderBlock {mo} at (0,22) size 8x12
layer at (230,125) size 8x10 scrollHeight 15
  RenderBlock {mo} at (0,0) size 8x10
    RenderText {mo} at (0,-2) size 8x17
      text run at (0,-2) width 8: "\x{23D0}"
layer at (230,135) size 8x10 scrollHeight 15
  RenderBlock {mo} at (0,10) size 8x10
    RenderText {mo} at (0,-2) size 8x17
      text run at (0,-2) width 8: "\x{23D0}"
layer at (230,145) size 8x2 scrollHeight 15
  RenderBlock {mo} at (0,20) size 8x2
    RenderText {mo} at (0,-2) size 8x17
      text run at (0,-2) width 8: "\x{23D0}"
layer at (230,147) size 8x12 scrollHeight 15
  RenderBlock {mo} at (0,22) size 8x12
layer at (242,125) size 10x10 scrollHeight 15
  RenderBlock {mo} at (0,0) size 10x10
    RenderText {mo} at (0,-2) size 10x17
      text run at (0,-2) width 10: "\x{2320}"
layer at (242,135) size 10x10 scrollHeight 15
  RenderBlock {mo} at (0,10) size 10x10
    RenderText {mo} at (0,-2) size 10x17
      text run at (0,-2) width 10: "\x{23AE}"
layer at (242,145) size 10x2 scrollHeight 15
  RenderBlock {mo} at (0,20) size 10x2
    RenderText {mo} at (0,-2) size 10x17
      text run at (0,-2) width 10: "\x{23AE}"
layer at (242,147) size 10x12 scrollHeight 15
  RenderBlock {mo} at (0,22) size 10x12
layer at (48,173) size 7x10 scrollHeight 15
  RenderBlock {mo} at (0,0) size 7x10
    RenderText {mo} at (0,-2) size 7x17
      text run at (0,-2) width 7: "\x{23A7}"
layer at (48,183) size 7x9 scrollHeight 15
  RenderBlock {mo} at (0,10) size 7x9
    RenderText {mo} at (0,-2) size 7x17
      text run at (0,-2) width 7: "\x{23AA}"
layer at (48,192) size 7x10 scrollHeight 15
  RenderBlock {mo} at (0,19) size 7x10
layer at (48,202) size 7x9 scrollHeight 15
  RenderBlock {mo} at (0,29) size 7x9
    RenderText {mo} at (0,-2) size 7x17
      text run at (0,-2) width 7: "\x{23AA}"
layer at (48,211) size 7x12 scrollHeight 15
  RenderBlock {mo} at (0,38) size 7x12
layer at (103,173) size 7x10 scrollHeight 15
  RenderBlock {mo} at (0,0) size 7x10
    RenderText {mo} at (0,-2) size 7x17
      text run at (0,-2) width 7: "\x{23AB}"
layer at (103,183) size 7x9 scrollHeight 15
  RenderBlock {mo} at (0,10) size 7x9
    RenderText {mo} at (0,-2) size 7x17
      text run at (0,-2) width 7: "\x{23AA}"
layer at (103,192) size 7x10 scrollHeight 15
  RenderBlock {mo} at (0,19) size 7x10
layer at (103,202) size 7x9 scrollHeight 15
  RenderBlock {mo} at (0,29) size 7x9
    RenderText {mo} at (0,-2) size 7x17
      text run at (0,-2) width 7: "\x{23AA}"
layer at (103,211) size 7x12 scrollHeight 15
  RenderBlock {mo} at (0,38) size 7x12
layer at (114,173) size 5x10 scrollHeight 15
  RenderBlock {mo} at (0,0) size 5x10
    RenderText {mo} at (0,-2) size 5x17
      text run at (0,-2) width 5: "\x{23A1}"
layer at (114,183) size 5x10 scrollHeight 15
  RenderBlock {mo} at (0,10) size 5x10
    RenderText {mo} at (0,-2) size 5x17
      text run at (0,-2) width 5: "\x{23A2}"
layer at (114,193) size 5x10 scrollHeight 15
  RenderBlock {mo} at (0,20) size 5x10
    RenderText {mo} at (0,-2) size 5x17
      text run at (0,-2) width 5: "\x{23A2}"
layer at (114,203) size 5x8 scrollHeight 15
  RenderBlock {mo} at (0,30) size 5x8
    RenderText {mo} at (0,-2) size 5x17
      text run at (0,-2) width 5: "\x{23A2}"
layer at (114,211) size 5x12 scrollHeight 15
  RenderBlock {mo} at (0,38) size 5x12
layer at (167,173) size 5x10 scrollHeight 15
  RenderBlock {mo} at (0,0) size 5x10
    RenderText {mo} at (0,-2) size 5x17
      text run at (0,-2) width 5: "\x{23A4}"
layer at (167,183) size 5x10 scrollHeight 15
  RenderBlock {mo} at (0,10) size 5x10
    RenderText {mo} at (0,-2) size 5x17
      text run at (0,-2) width 5: "\x{23A5}"
layer at (167,193) size 5x10 scrollHeight 15
  RenderBlock {mo} at (0,20) size 5x10
    RenderText {mo} at (0,-2) size 5x17
      text run at (0,-2) width 5: "\x{23A5}"
layer at (167,203) size 5x8 scrollHeight 15
  RenderBlock {mo} at (0,30) size 5x8
    RenderText {mo} at (0,-2) size 5x17
      text run at (0,-2) width 5: "\x{23A5}"
layer at (167,211) size 5x12 scrollHeight 15
  RenderBlock {mo} at (0,38) size 5x12
layer at (176,173) size 5x10 scrollHeight 15
  RenderBlock {mo} at (0,0) size 5x10
    RenderText {mo} at (0,-2) size 5x17
      text run at (0,-2) width 5: "\x{239B}"
layer at (176,183) size 5x10 scrollHeight 15
  RenderBlock {mo} at (0,10) size 5x10
    RenderText {mo} at (0,-2) size 5x17
      text run at (0,-2) width 5: "\x{239C}"
layer at (176,193) size 5x10 scrollHeight 15
  RenderBlock {mo} at (0,20) size 5x10
    RenderText {mo} at (0,-2) size 5x17
      text run at (0,-2) width 5: "\x{239C}"
layer at (176,203) size 5x8 scrollHeight 15
  RenderBlock {mo} at (0,30) size 5x8
    RenderText {mo} at (0,-2) size 5x17
      text run at (0,-2) width 5: "\x{239C}"
layer at (176,211) size 5x12 scrollHeight 15
  RenderBlock {mo} at (0,38) size 5x12
layer at (229,173) size 5x10 scrollHeight 15
  RenderBlock {mo} at (0,0) size 5x10
    RenderText {mo} at (0,-2) size 5x17
      text run at (0,-2) width 5: "\x{239E}"
layer at (229,183) size 5x10 scrollHeight 15
  RenderBlock {mo} at (0,10) size 5x10
    RenderText {mo} at (0,-2) size 5x17
      text run at (0,-2) width 5: "\x{239F}"
layer at (229,193) size 5x10 scrollHeight 15
  RenderBlock {mo} at (0,20) size 5x10
    RenderText {mo} at (0,-2) size 5x17
      text run at (0,-2) width 5: "\x{239F}"
layer at (229,203) size 5x8 scrollHeight 15
  RenderBlock {mo} at (0,30) size 5x8
    RenderText {mo} at (0,-2) size 5x17
      text run at (0,-2) width 5: "\x{239F}"
layer at (229,211) size 5x12 scrollHeight 15
  RenderBlock {mo} at (0,38) size 5x12
layer at (238,173) size 8x10 scrollHeight 15
  RenderBlock {mo} at (0,0) size 8x10
    RenderText {mo} at (0,-2) size 8x17
      text run at (0,-2) width 8: "\x{23D0}"
layer at (238,183) size 8x10 scrollHeight 15
  RenderBlock {mo} at (0,10) size 8x10
    RenderText {mo} at (0,-2) size 8x17
      text run at (0,-2) width 8: "\x{23D0}"
layer at (238,193) size 8x10 scrollHeight 15
  RenderBlock {mo} at (0,20) size 8x10
    RenderText {mo} at (0,-2) size 8x17
      text run at (0,-2) width 8: "\x{23D0}"
layer at (238,203) size 8x8 scrollHeight 15
  RenderBlock {mo} at (0,30) size 8x8
    RenderText {mo} at (0,-2) size 8x17
      text run at (0,-2) width 8: "\x{23D0}"
layer at (238,211) size 8x12 scrollHeight 15
  RenderBlock {mo} at (0,38) size 8x12
layer at (294,173) size 8x10 scrollHeight 15
  RenderBlock {mo} at (0,0) size 8x10
    RenderText {mo} at (0,-2) size 8x17
      text run at (0,-2) width 8: "\x{23D0}"
layer at (294,183) size 8x10 scrollHeight 15
  RenderBlock {mo} at (0,10) size 8x10
    RenderText {mo} at (0,-2) size 8x17
      text run at (0,-2) width 8: "\x{23D0}"
layer at (294,193) size 8x10 scrollHeight 15
  RenderBlock {mo} at (0,20) size 8x10
    RenderText {mo} at (0,-2) size 8x17
      text run at (0,-2) width 8: "\x{23D0}"
layer at (294,203) size 8x8 scrollHeight 15
  RenderBlock {mo} at (0,30) size 8x8
    RenderText {mo} at (0,-2) size 8x17
      text run at (0,-2) width 8: "\x{23D0}"
layer at (294,211) size 8x12 scrollHeight 15
  RenderBlock {mo} at (0,38) size 8x12
layer at (306,173) size 10x10 scrollHeight 15
  RenderBlock {mo} at (0,0) size 10x10
    RenderText {mo} at (0,-2) size 10x17
      text run at (0,-2) width 10: "\x{2320}"
layer at (306,183) size 10x10 scrollHeight 15
  RenderBlock {mo} at (0,10) size 10x10
    RenderText {mo} at (0,-2) size 10x17
      text run at (0,-2) width 10: "\x{23AE}"
layer at (306,193) size 10x10 scrollHeight 15
  RenderBlock {mo} at (0,20) size 10x10
    RenderText {mo} at (0,-2) size 10x17
      text run at (0,-2) width 10: "\x{23AE}"
layer at (306,203) size 10x8 scrollHeight 15
  RenderBlock {mo} at (0,30) size 10x8
    RenderText {mo} at (0,-2) size 10x17
      text run at (0,-2) width 10: "\x{23AE}"
layer at (306,211) size 10x12 scrollHeight 15
  RenderBlock {mo} at (0,38) size 10x12
layer at (56,237) size 7x10 scrollHeight 15
  RenderBlock {mo} at (0,0) size 7x10
    RenderText {mo} at (0,-2) size 7x17
      text run at (0,-2) width 7: "\x{23A7}"
layer at (56,247) size 7x10 scrollHeight 15
  RenderBlock {mo} at (0,10) size 7x10
    RenderText {mo} at (0,-2) size 7x17
      text run at (0,-2) width 7: "\x{23AA}"
layer at (56,257) size 7x10 scrollHeight 15
  RenderBlock {mo} at (0,20) size 7x10
    RenderText {mo} at (0,-2) size 7x17
      text run at (0,-2) width 7: "\x{23AA}"
layer at (56,267) size 7x10 scrollHeight 15
  RenderBlock {mo} at (0,30) size 7x10
    RenderText {mo} at (0,-2) size 7x17
      text run at (0,-2) width 7: "\x{23AA}"
layer at (56,277) size 7x10 scrollHeight 15
  RenderBlock {mo} at (0,40) size 7x10
    RenderText {mo} at (0,-2) size 7x17
      text run at (0,-2) width 7: "\x{23AA}"
layer at (56,287) size 7x5 scrollHeight 15
  RenderBlock {mo} at (0,50) size 7x5
    RenderText {mo} at (0,-2) size 7x17
      text run at (0,-2) width 7: "\x{23AA}"
layer at (56,292) size 7x10 scrollHeight 15
  RenderBlock {mo} at (0,55) size 7x10
layer at (56,302) size 7x10 scrollHeight 15
  RenderBlock {mo} at (0,65) size 7x10
    RenderText {mo} at (0,-2) size 7x17
      text run at (0,-2) width 7: "\x{23AA}"
layer at (56,312) size 7x10 scrollHeight 15
  RenderBlock {mo} at (0,75) size 7x10
    RenderText {mo} at (0,-2) size 7x17
      text run at (0,-2) width 7: "\x{23AA}"
layer at (56,322) size 7x10 scrollHeight 15
  RenderBlock {mo} at (0,85) size 7x10
    RenderText {mo} at (0,-2) size 7x17
      text run at (0,-2) width 7: "\x{23AA}"
layer at (56,332) size 7x10 scrollHeight 15
  RenderBlock {mo} at (0,95) size 7x10
    RenderText {mo} at (0,-2) size 7x17
      text run at (0,-2) width 7: "\x{23AA}"
layer at (56,342) size 7x5 scrollHeight 15
  RenderBlock {mo} at (0,105) size 7x5
    RenderText {mo} at (0,-2) size 7x17
      text run at (0,-2) width 7: "\x{23AA}"
layer at (56,347) size 7x12 scrollHeight 15
  RenderBlock {mo} at (0,110) size 7x12
layer at (183,237) size 7x10 scrollHeight 15
  RenderBlock {mo} at (0,0) size 7x10
    RenderText {mo} at (0,-2) size 7x17
      text run at (0,-2) width 7: "\x{23AB}"
layer at (183,247) size 7x10 scrollHeight 15
  RenderBlock {mo} at (0,10) size 7x10
    RenderText {mo} at (0,-2) size 7x17
      text run at (0,-2) width 7: "\x{23AA}"
layer at (183,257) size 7x10 scrollHeight 15
  RenderBlock {mo} at (0,20) size 7x10
    RenderText {mo} at (0,-2) size 7x17
      text run at (0,-2) width 7: "\x{23AA}"
layer at (183,267) size 7x10 scrollHeight 15
  RenderBlock {mo} at (0,30) size 7x10
    RenderText {mo} at (0,-2) size 7x17
      text run at (0,-2) width 7: "\x{23AA}"
layer at (183,277) size 7x10 scrollHeight 15
  RenderBlock {mo} at (0,40) size 7x10
    RenderText {mo} at (0,-2) size 7x17
      text run at (0,-2) width 7: "\x{23AA}"
layer at (183,287) size 7x5 scrollHeight 15
  RenderBlock {mo} at (0,50) size 7x5
    RenderText {mo} at (0,-2) size 7x17
      text run at (0,-2) width 7: "\x{23AA}"
layer at (183,292) size 7x10 scrollHeight 15
  RenderBlock {mo} at (0,55) size 7x10
layer at (183,302) size 7x10 scrollHeight 15
  RenderBlock {mo} at (0,65) size 7x10
    RenderText {mo} at (0,-2) size 7x17
      text run at (0,-2) width 7: "\x{23AA}"
layer at (183,312) size 7x10 scrollHeight 15
  RenderBlock {mo} at (0,75) size 7x10
    RenderText {mo} at (0,-2) size 7x17
      text run at (0,-2) width 7: "\x{23AA}"
layer at (183,322) size 7x10 scrollHeight 15
  RenderBlock {mo} at (0,85) size 7x10
    RenderText {mo} at (0,-2) size 7x17
      text run at (0,-2) width 7: "\x{23AA}"
layer at (183,332) size 7x10 scrollHeight 15
  RenderBlock {mo} at (0,95) size 7x10
    RenderText {mo} at (0,-2) size 7x17
      text run at (0,-2) width 7: "\x{23AA}"
layer at (183,342) size 7x5 scrollHeight 15
  RenderBlock {mo} at (0,105) size 7x5
    RenderText {mo} at (0,-2) size 7x17
      text run at (0,-2) width 7: "\x{23AA}"
layer at (183,347) size 7x12 scrollHeight 15
  RenderBlock {mo} at (0,110) size 7x12
layer at (194,237) size 5x10 scrollHeight 15
  RenderBlock {mo} at (0,0) size 5x10
    RenderText {mo} at (0,-2) size 5x17
      text run at (0,-2) width 5: "\x{23A1}"
layer at (194,247) size 5x10 scrollHeight 15
  RenderBlock {mo} at (0,10) size 5x10
    RenderText {mo} at (0,-2) size 5x17
      text run at (0,-2) width 5: "\x{23A2}"
layer at (194,257) size 5x10 scrollHeight 15
  RenderBlock {mo} at (0,20) size 5x10
    RenderText {mo} at (0,-2) size 5x17
      text run at (0,-2) width 5: "\x{23A2}"
layer at (194,267) size 5x10 scrollHeight 15
  RenderBlock {mo} at (0,30) size 5x10
    RenderText {mo} at (0,-2) size 5x17
      text run at (0,-2) width 5: "\x{23A2}"
layer at (194,277) size 5x10 scrollHeight 15
  RenderBlock {mo} at (0,40) size 5x10
    RenderText {mo} at (0,-2) size 5x17
      text run at (0,-2) width 5: "\x{23A2}"
layer at (194,287) size 5x10 scrollHeight 15
  RenderBlock {mo} at (0,50) size 5x10
    RenderText {mo} at (0,-2) size 5x17
      text run at (0,-2) width 5: "\x{23A2}"
layer at (194,297) size 5x10 scrollHeight 15
  RenderBlock {mo} at (0,60) size 5x10
    RenderText {mo} at (0,-2) size 5x17
      text run at (0,-2) width 5: "\x{23A2}"
layer at (194,307) size 5x10 scrollHeight 15
  RenderBlock {mo} at (0,70) size 5x10
    RenderText {mo} at (0,-2) size 5x17
      text run at (0,-2) width 5: "\x{23A2}"
layer at (194,317) size 5x10 scrollHeight 15
  RenderBlock {mo} at (0,80) size 5x10
    RenderText {mo} at (0,-2) size 5x17
      text run at (0,-2) width 5: "\x{23A2}"
layer at (194,327) size 5x10 scrollHeight 15
  RenderBlock {mo} at (0,90) size 5x10
    RenderText {mo} at (0,-2) size 5x17
      text run at (0,-2) width 5: "\x{23A2}"
layer at (194,337) size 5x10 scrollHeight 15
  RenderBlock {mo} at (0,100) size 5x10
    RenderText {mo} at (0,-2) size 5x17
      text run at (0,-2) width 5: "\x{23A2}"
layer at (194,347) size 5x12 scrollHeight 15
  RenderBlock {mo} at (0,110) size 5x12
layer at (319,237) size 5x10 scrollHeight 15
  RenderBlock {mo} at (0,0) size 5x10
    RenderText {mo} at (0,-2) size 5x17
      text run at (0,-2) width 5: "\x{23A4}"
layer at (319,247) size 5x10 scrollHeight 15
  RenderBlock {mo} at (0,10) size 5x10
    RenderText {mo} at (0,-2) size 5x17
      text run at (0,-2) width 5: "\x{23A5}"
layer at (319,257) size 5x10 scrollHeight 15
  RenderBlock {mo} at (0,20) size 5x10
    RenderText {mo} at (0,-2) size 5x17
      text run at (0,-2) width 5: "\x{23A5}"
layer at (319,267) size 5x10 scrollHeight 15
  RenderBlock {mo} at (0,30) size 5x10
    RenderText {mo} at (0,-2) size 5x17
      text run at (0,-2) width 5: "\x{23A5}"
layer at (319,277) size 5x10 scrollHeight 15
  RenderBlock {mo} at (0,40) size 5x10
    RenderText {mo} at (0,-2) size 5x17
      text run at (0,-2) width 5: "\x{23A5}"
layer at (319,287) size 5x10 scrollHeight 15
  RenderBlock {mo} at (0,50) size 5x10
    RenderText {mo} at (0,-2) size 5x17
      text run at (0,-2) width 5: "\x{23A5}"
layer at (319,297) size 5x10 scrollHeight 15
  RenderBlock {mo} at (0,60) size 5x10
    RenderText {mo} at (0,-2) size 5x17
      text run at (0,-2) width 5: "\x{23A5}"
layer at (319,307) size 5x10 scrollHeight 15
  RenderBlock {mo} at (0,70) size 5x10
    RenderText {mo} at (0,-2) size 5x17
      text run at (0,-2) width 5: "\x{23A5}"
layer at (319,317) size 5x10 scrollHeight 15
  RenderBlock {mo} at (0,80) size 5x10
    RenderText {mo} at (0,-2) size 5x17
      text run at (0,-2) width 5: "\x{23A5}"
layer at (319,327) size 5x10 scrollHeight 15
  RenderBlock {mo} at (0,90) size 5x10
    RenderText {mo} at (0,-2) size 5x17
      text run at (0,-2) width 5: "\x{23A5}"
layer at (319,337) size 5x10 scrollHeight 15
  RenderBlock {mo} at (0,100) size 5x10
    RenderText {mo} at (0,-2) size 5x17
      text run at (0,-2) width 5: "\x{23A5}"
layer at (319,347) size 5x12 scrollHeight 15
  RenderBlock {mo} at (0,110) size 5x12
layer at (328,237) size 5x10 scrollHeight 15
  RenderBlock {mo} at (0,0) size 5x10
    RenderText {mo} at (0,-2) size 5x17
      text run at (0,-2) width 5: "\x{239B}"
layer at (328,247) size 5x10 scrollHeight 15
  RenderBlock {mo} at (0,10) size 5x10
    RenderText {mo} at (0,-2) size 5x17
      text run at (0,-2) width 5: "\x{239C}"
layer at (328,257) size 5x10 scrollHeight 15
  RenderBlock {mo} at (0,20) size 5x10
    RenderText {mo} at (0,-2) size 5x17
      text run at (0,-2) width 5: "\x{239C}"
layer at (328,267) size 5x10 scrollHeight 15
  RenderBlock {mo} at (0,30) size 5x10
    RenderText {mo} at (0,-2) size 5x17
      text run at (0,-2) width 5: "\x{239C}"
layer at (328,277) size 5x10 scrollHeight 15
  RenderBlock {mo} at (0,40) size 5x10
    RenderText {mo} at (0,-2) size 5x17
      text run at (0,-2) width 5: "\x{239C}"
layer at (328,287) size 5x10 scrollHeight 15
  RenderBlock {mo} at (0,50) size 5x10
    RenderText {mo} at (0,-2) size 5x17
      text run at (0,-2) width 5: "\x{239C}"
layer at (328,297) size 5x10 scrollHeight 15
  RenderBlock {mo} at (0,60) size 5x10
    RenderText {mo} at (0,-2) size 5x17
      text run at (0,-2) width 5: "\x{239C}"
layer at (328,307) size 5x10 scrollHeight 15
  RenderBlock {mo} at (0,70) size 5x10
    RenderText {mo} at (0,-2) size 5x17
      text run at (0,-2) width 5: "\x{239C}"
layer at (328,317) size 5x10 scrollHeight 15
  RenderBlock {mo} at (0,80) size 5x10
    RenderText {mo} at (0,-2) size 5x17
      text run at (0,-2) width 5: "\x{239C}"
layer at (328,327) size 5x10 scrollHeight 15
  RenderBlock {mo} at (0,90) size 5x10
    RenderText {mo} at (0,-2) size 5x17
      text run at (0,-2) width 5: "\x{239C}"
layer at (328,337) size 5x10 scrollHeight 15
  RenderBlock {mo} at (0,100) size 5x10
    RenderText {mo} at (0,-2) size 5x17
      text run at (0,-2) width 5: "\x{239C}"
layer at (328,347) size 5x12 scrollHeight 15
  RenderBlock {mo} at (0,110) size 5x12
layer at (453,237) size 5x10 scrollHeight 15
  RenderBlock {mo} at (0,0) size 5x10
    RenderText {mo} at (0,-2) size 5x17
      text run at (0,-2) width 5: "\x{239E}"
layer at (453,247) size 5x10 scrollHeight 15
  RenderBlock {mo} at (0,10) size 5x10
    RenderText {mo} at (0,-2) size 5x17
      text run at (0,-2) width 5: "\x{239F}"
layer at (453,257) size 5x10 scrollHeight 15
  RenderBlock {mo} at (0,20) size 5x10
    RenderText {mo} at (0,-2) size 5x17
      text run at (0,-2) width 5: "\x{239F}"
layer at (453,267) size 5x10 scrollHeight 15
  RenderBlock {mo} at (0,30) size 5x10
    RenderText {mo} at (0,-2) size 5x17
      text run at (0,-2) width 5: "\x{239F}"
layer at (453,277) size 5x10 scrollHeight 15
  RenderBlock {mo} at (0,40) size 5x10
    RenderText {mo} at (0,-2) size 5x17
      text run at (0,-2) width 5: "\x{239F}"
layer at (453,287) size 5x10 scrollHeight 15
  RenderBlock {mo} at (0,50) size 5x10
    RenderText {mo} at (0,-2) size 5x17
      text run at (0,-2) width 5: "\x{239F}"
layer at (453,297) size 5x10 scrollHeight 15
  RenderBlock {mo} at (0,60) size 5x10
    RenderText {mo} at (0,-2) size 5x17
      text run at (0,-2) width 5: "\x{239F}"
layer at (453,307) size 5x10 scrollHeight 15
  RenderBlock {mo} at (0,70) size 5x10
    RenderText {mo} at (0,-2) size 5x17
      text run at (0,-2) width 5: "\x{239F}"
layer at (453,317) size 5x10 scrollHeight 15
  RenderBlock {mo} at (0,80) size 5x10
    RenderText {mo} at (0,-2) size 5x17
      text run at (0,-2) width 5: "\x{239F}"
layer at (453,327) size 5x10 scrollHeight 15
  RenderBlock {mo} at (0,90) size 5x10
    RenderText {mo} at (0,-2) size 5x17
      text run at (0,-2) width 5: "\x{239F}"
layer at (453,337) size 5x10 scrollHeight 15
  RenderBlock {mo} at (0,100) size 5x10
    RenderText {mo} at (0,-2) size 5x17
      text run at (0,-2) width 5: "\x{239F}"
layer at (453,347) size 5x12 scrollHeight 15
  RenderBlock {mo} at (0,110) size 5x12
layer at (462,237) size 8x10 scrollHeight 15
  RenderBlock {mo} at (0,0) size 8x10
    RenderText {mo} at (0,-2) size 8x17
      text run at (0,-2) width 8: "\x{23D0}"
layer at (462,247) size 8x10 scrollHeight 15
  RenderBlock {mo} at (0,10) size 8x10
    RenderText {mo} at (0,-2) size 8x17
      text run at (0,-2) width 8: "\x{23D0}"
layer at (462,257) size 8x10 scrollHeight 15
  RenderBlock {mo} at (0,20) size 8x10
    RenderText {mo} at (0,-2) size 8x17
      text run at (0,-2) width 8: "\x{23D0}"
layer at (462,267) size 8x10 scrollHeight 15
  RenderBlock {mo} at (0,30) size 8x10
    RenderText {mo} at (0,-2) size 8x17
      text run at (0,-2) width 8: "\x{23D0}"
layer at (462,277) size 8x10 scrollHeight 15
  RenderBlock {mo} at (0,40) size 8x10
    RenderText {mo} at (0,-2) size 8x17
      text run at (0,-2) width 8: "\x{23D0}"
layer at (462,287) size 8x10 scrollHeight 15
  RenderBlock {mo} at (0,50) size 8x10
    RenderText {mo} at (0,-2) size 8x17
      text run at (0,-2) width 8: "\x{23D0}"
layer at (462,297) size 8x10 scrollHeight 15
  RenderBlock {mo} at (0,60) size 8x10
    RenderText {mo} at (0,-2) size 8x17
      text run at (0,-2) width 8: "\x{23D0}"
layer at (462,307) size 8x10 scrollHeight 15
  RenderBlock {mo} at (0,70) size 8x10
    RenderText {mo} at (0,-2) size 8x17
      text run at (0,-2) width 8: "\x{23D0}"
layer at (462,317) size 8x10 scrollHeight 15
  RenderBlock {mo} at (0,80) size 8x10
    RenderText {mo} at (0,-2) size 8x17
      text run at (0,-2) width 8: "\x{23D0}"
layer at (462,327) size 8x10 scrollHeight 15
  RenderBlock {mo} at (0,90) size 8x10
    RenderText {mo} at (0,-2) size 8x17
      text run at (0,-2) width 8: "\x{23D0}"
layer at (462,337) size 8x10 scrollHeight 15
  RenderBlock {mo} at (0,100) size 8x10
    RenderText {mo} at (0,-2) size 8x17
      text run at (0,-2) width 8: "\x{23D0}"
layer at (462,347) size 8x12 scrollHeight 15
  RenderBlock {mo} at (0,110) size 8x12
layer at (590,237) size 8x10 scrollHeight 15
  RenderBlock {mo} at (0,0) size 8x10
    RenderText {mo} at (0,-2) size 8x17
      text run at (0,-2) width 8: "\x{23D0}"
layer at (590,247) size 8x10 scrollHeight 15
  RenderBlock {mo} at (0,10) size 8x10
    RenderText {mo} at (0,-2) size 8x17
      text run at (0,-2) width 8: "\x{23D0}"
layer at (590,257) size 8x10 scrollHeight 15
  RenderBlock {mo} at (0,20) size 8x10
    RenderText {mo} at (0,-2) size 8x17
      text run at (0,-2) width 8: "\x{23D0}"
layer at (590,267) size 8x10 scrollHeight 15
  RenderBlock {mo} at (0,30) size 8x10
    RenderText {mo} at (0,-2) size 8x17
      text run at (0,-2) width 8: "\x{23D0}"
layer at (590,277) size 8x10 scrollHeight 15
  RenderBlock {mo} at (0,40) size 8x10
    RenderText {mo} at (0,-2) size 8x17
      text run at (0,-2) width 8: "\x{23D0}"
layer at (590,287) size 8x10 scrollHeight 15
  RenderBlock {mo} at (0,50) size 8x10
    RenderText {mo} at (0,-2) size 8x17
      text run at (0,-2) width 8: "\x{23D0}"
layer at (590,297) size 8x10 scrollHeight 15
  RenderBlock {mo} at (0,60) size 8x10
    RenderText {mo} at (0,-2) size 8x17
      text run at (0,-2) width 8: "\x{23D0}"
layer at (590,307) size 8x10 scrollHeight 15
  RenderBlock {mo} at (0,70) size 8x10
    RenderText {mo} at (0,-2) size 8x17
      text run at (0,-2) width 8: "\x{23D0}"
layer at (590,317) size 8x10 scrollHeight 15
  RenderBlock {mo} at (0,80) size 8x10
    RenderText {mo} at (0,-2) size 8x17
      text run at (0,-2) width 8: "\x{23D0}"
layer at (590,327) size 8x10 scrollHeight 15
  RenderBlock {mo} at (0,90) size 8x10
    RenderText {mo} at (0,-2) size 8x17
      text run at (0,-2) width 8: "\x{23D0}"
layer at (590,337) size 8x10 scrollHeight 15
  RenderBlock {mo} at (0,100) size 8x10
    RenderText {mo} at (0,-2) size 8x17
      text run at (0,-2) width 8: "\x{23D0}"
layer at (590,347) size 8x12 scrollHeight 15
  RenderBlock {mo} at (0,110) size 8x12
layer at (602,237) size 10x10 scrollHeight 15
  RenderBlock {mo} at (0,0) size 10x10
    RenderText {mo} at (0,-2) size 10x17
      text run at (0,-2) width 10: "\x{2320}"
layer at (602,247) size 10x10 scrollHeight 15
  RenderBlock {mo} at (0,10) size 10x10
    RenderText {mo} at (0,-2) size 10x17
      text run at (0,-2) width 10: "\x{23AE}"
layer at (602,257) size 10x10 scrollHeight 15
  RenderBlock {mo} at (0,20) size 10x10
    RenderText {mo} at (0,-2) size 10x17
      text run at (0,-2) width 10: "\x{23AE}"
layer at (602,267) size 10x10 scrollHeight 15
  RenderBlock {mo} at (0,30) size 10x10
    RenderText {mo} at (0,-2) size 10x17
      text run at (0,-2) width 10: "\x{23AE}"
layer at (602,277) size 10x10 scrollHeight 15
  RenderBlock {mo} at (0,40) size 10x10
    RenderText {mo} at (0,-2) size 10x17
      text run at (0,-2) width 10: "\x{23AE}"
layer at (602,287) size 10x10 scrollHeight 15
  RenderBlock {mo} at (0,50) size 10x10
    RenderText {mo} at (0,-2) size 10x17
      text run at (0,-2) width 10: "\x{23AE}"
layer at (602,297) size 10x10 scrollHeight 15
  RenderBlock {mo} at (0,60) size 10x10
    RenderText {mo} at (0,-2) size 10x17
      text run at (0,-2) width 10: "\x{23AE}"
layer at (602,307) size 10x10 scrollHeight 15
  RenderBlock {mo} at (0,70) size 10x10
    RenderText {mo} at (0,-2) size 10x17
      text run at (0,-2) width 10: "\x{23AE}"
layer at (602,317) size 10x10 scrollHeight 15
  RenderBlock {mo} at (0,80) size 10x10
    RenderText {mo} at (0,-2) size 10x17
      text run at (0,-2) width 10: "\x{23AE}"
layer at (602,327) size 10x10 scrollHeight 15
  RenderBlock {mo} at (0,90) size 10x10
    RenderText {mo} at (0,-2) size 10x17
      text run at (0,-2) width 10: "\x{23AE}"
layer at (602,337) size 10x10 scrollHeight 15
  RenderBlock {mo} at (0,100) size 10x10
    RenderText {mo} at (0,-2) size 10x17
      text run at (0,-2) width 10: "\x{23AE}"
layer at (602,347) size 10x12 scrollHeight 15
  RenderBlock {mo} at (0,110) size 10x12
layer at (8,373) size 5x10 scrollHeight 15
  RenderBlock {mo} at (0,0) size 5x10
    RenderText {mo} at (0,-2) size 5x17
      text run at (0,-2) width 5: "\x{239B}"
layer at (8,383) size 5x10 scrollHeight 15
  RenderBlock {mo} at (0,10) size 5x10
    RenderText {mo} at (0,-2) size 5x17
      text run at (0,-2) width 5: "\x{239C}"
layer at (8,393) size 5x10 scrollHeight 15
  RenderBlock {mo} at (0,20) size 5x10
    RenderText {mo} at (0,-2) size 5x17
      text run at (0,-2) width 5: "\x{239C}"
layer at (8,403) size 5x12 scrollHeight 15
  RenderBlock {mo} at (0,30) size 5x12
layer at (141,373) size 5x10 scrollHeight 15
  RenderBlock {mo} at (0,0) size 5x10
    RenderText {mo} at (0,-2) size 5x17
      text run at (0,-2) width 5: "\x{239E}"
layer at (141,383) size 5x10 scrollHeight 15
  RenderBlock {mo} at (0,10) size 5x10
    RenderText {mo} at (0,-2) size 5x17
      text run at (0,-2) width 5: "\x{239F}"
layer at (141,393) size 5x10 scrollHeight 15
  RenderBlock {mo} at (0,20) size 5x10
    RenderText {mo} at (0,-2) size 5x17
      text run at (0,-2) width 5: "\x{239F}"
layer at (141,403) size 5x12 scrollHeight 15
  RenderBlock {mo} at (0,30) size 5x12
layer at (48,134) size 7x15 backgroundClip at (48,136) size 7x10 clip at (48,136) size 7x10 outlineClip at (48,136) size 7x10
  RenderBlock (relative positioned) {mo} at (0,0) size 7x12
    RenderText {mo} at (0,-2) size 7x17
      text run at (0,-2) width 7: "\x{23A8}"
layer at (48,143) size 7x15 backgroundClip at (48,147) size 7x12 clip at (48,147) size 7x12 outlineClip at (48,147) size 7x12
  RenderBlock (relative positioned) {mo} at (0,0) size 7x12
    RenderText {mo} at (0,-2) size 7x17
      text run at (0,-2) width 7: "\x{23A9}"
layer at (87,134) size 7x15 backgroundClip at (87,136) size 7x10 clip at (87,136) size 7x10 outlineClip at (87,136) size 7x10
  RenderBlock (relative positioned) {mo} at (0,0) size 7x12
    RenderText {mo} at (0,-2) size 7x17
      text run at (0,-2) width 7: "\x{23AC}"
layer at (87,143) size 7x15 backgroundClip at (87,147) size 7x12 clip at (87,147) size 7x12 outlineClip at (87,147) size 7x12
  RenderBlock (relative positioned) {mo} at (0,0) size 7x12
    RenderText {mo} at (0,-2) size 7x17
      text run at (0,-2) width 7: "\x{23AD}"
layer at (98,143) size 5x15 backgroundClip at (98,147) size 5x12 clip at (98,147) size 5x12 outlineClip at (98,147) size 5x12
  RenderBlock (relative positioned) {mo} at (0,0) size 5x12
    RenderText {mo} at (0,-2) size 5x17
      text run at (0,-2) width 5: "\x{23A3}"
layer at (135,143) size 5x15 backgroundClip at (135,147) size 5x12 clip at (135,147) size 5x12 outlineClip at (135,147) size 5x12
  RenderBlock (relative positioned) {mo} at (0,0) size 5x12
    RenderText {mo} at (0,-2) size 5x17
      text run at (0,-2) width 5: "\x{23A6}"
layer at (144,143) size 5x15 backgroundClip at (144,147) size 5x12 clip at (144,147) size 5x12 outlineClip at (144,147) size 5x12
  RenderBlock (relative positioned) {mo} at (0,0) size 5x12
    RenderText {mo} at (0,-2) size 5x17
      text run at (0,-2) width 5: "\x{239D}"
layer at (181,143) size 5x15 backgroundClip at (181,147) size 5x12 clip at (181,147) size 5x12 outlineClip at (181,147) size 5x12
  RenderBlock (relative positioned) {mo} at (0,0) size 5x12
    RenderText {mo} at (0,-2) size 5x17
      text run at (0,-2) width 5: "\x{23A0}"
layer at (190,143) size 8x15 backgroundClip at (190,147) size 8x12 clip at (190,147) size 8x12 outlineClip at (190,147) size 8x12
  RenderBlock (relative positioned) {mo} at (0,0) size 8x12
    RenderText {mo} at (0,-2) size 8x17
      text run at (0,-2) width 8: "\x{23D0}"
layer at (230,143) size 8x15 backgroundClip at (230,147) size 8x12 clip at (230,147) size 8x12 outlineClip at (230,147) size 8x12
  RenderBlock (relative positioned) {mo} at (0,0) size 8x12
    RenderText {mo} at (0,-2) size 8x17
      text run at (0,-2) width 8: "\x{23D0}"
layer at (242,143) size 10x15 backgroundClip at (242,147) size 10x12 clip at (242,147) size 10x12 outlineClip at (242,147) size 10x12
  RenderBlock (relative positioned) {mo} at (0,0) size 10x12
    RenderText {mo} at (0,-2) size 10x17
      text run at (0,-2) width 10: "\x{2321}"
layer at (48,190) size 7x15 backgroundClip at (48,192) size 7x10 clip at (48,192) size 7x10 outlineClip at (48,192) size 7x10
  RenderBlock (relative positioned) {mo} at (0,0) size 7x12
    RenderText {mo} at (0,-2) size 7x17
      text run at (0,-2) width 7: "\x{23A8}"
layer at (48,207) size 7x15 backgroundClip at (48,211) size 7x12 clip at (48,211) size 7x12 outlineClip at (48,211) size 7x12
  RenderBlock (relative positioned) {mo} at (0,0) size 7x12
    RenderText {mo} at (0,-2) size 7x17
      text run at (0,-2) width 7: "\x{23A9}"
layer at (103,190) size 7x15 backgroundClip at (103,192) size 7x10 clip at (103,192) size 7x10 outlineClip at (103,192) size 7x10
  RenderBlock (relative positioned) {mo} at (0,0) size 7x12
    RenderText {mo} at (0,-2) size 7x17
      text run at (0,-2) width 7: "\x{23AC}"
layer at (103,207) size 7x15 backgroundClip at (103,211) size 7x12 clip at (103,211) size 7x12 outlineClip at (103,211) size 7x12
  RenderBlock (relative positioned) {mo} at (0,0) size 7x12
    RenderText {mo} at (0,-2) size 7x17
      text run at (0,-2) width 7: "\x{23AD}"
layer at (114,207) size 5x15 backgroundClip at (114,211) size 5x12 clip at (114,211) size 5x12 outlineClip at (114,211) size 5x12
  RenderBlock (relative positioned) {mo} at (0,0) size 5x12
    RenderText {mo} at (0,-2) size 5x17
      text run at (0,-2) width 5: "\x{23A3}"
layer at (167,207) size 5x15 backgroundClip at (167,211) size 5x12 clip at (167,211) size 5x12 outlineClip at (167,211) size 5x12
  RenderBlock (relative positioned) {mo} at (0,0) size 5x12
    RenderText {mo} at (0,-2) size 5x17
      text run at (0,-2) width 5: "\x{23A6}"
layer at (176,207) size 5x15 backgroundClip at (176,211) size 5x12 clip at (176,211) size 5x12 outlineClip at (176,211) size 5x12
  RenderBlock (relative positioned) {mo} at (0,0) size 5x12
    RenderText {mo} at (0,-2) size 5x17
      text run at (0,-2) width 5: "\x{239D}"
layer at (229,207) size 5x15 backgroundClip at (229,211) size 5x12 clip at (229,211) size 5x12 outlineClip at (229,211) size 5x12
  RenderBlock (relative positioned) {mo} at (0,0) size 5x12
    RenderText {mo} at (0,-2) size 5x17
      text run at (0,-2) width 5: "\x{23A0}"
layer at (238,207) size 8x15 backgroundClip at (238,211) size 8x12 clip at (238,211) size 8x12 outlineClip at (238,211) size 8x12
  RenderBlock (relative positioned) {mo} at (0,0) size 8x12
    RenderText {mo} at (0,-2) size 8x17
      text run at (0,-2) width 8: "\x{23D0}"
layer at (294,207) size 8x15 backgroundClip at (294,211) size 8x12 clip at (294,211) size 8x12 outlineClip at (294,211) size 8x12
  RenderBlock (relative positioned) {mo} at (0,0) size 8x12
    RenderText {mo} at (0,-2) size 8x17
      text run at (0,-2) width 8: "\x{23D0}"
layer at (306,207) size 10x15 backgroundClip at (306,211) size 10x12 clip at (306,211) size 10x12 outlineClip at (306,211) size 10x12
  RenderBlock (relative positioned) {mo} at (0,0) size 10x12
    RenderText {mo} at (0,-2) size 10x17
      text run at (0,-2) width 10: "\x{2321}"
layer at (56,290) size 7x15 backgroundClip at (56,292) size 7x10 clip at (56,292) size 7x10 outlineClip at (56,292) size 7x10
  RenderBlock (relative positioned) {mo} at (0,0) size 7x12
    RenderText {mo} at (0,-2) size 7x17
      text run at (0,-2) width 7: "\x{23A8}"
layer at (56,343) size 7x15 backgroundClip at (56,347) size 7x12 clip at (56,347) size 7x12 outlineClip at (56,347) size 7x12
  RenderBlock (relative positioned) {mo} at (0,0) size 7x12
    RenderText {mo} at (0,-2) size 7x17
      text run at (0,-2) width 7: "\x{23A9}"
layer at (183,290) size 7x15 backgroundClip at (183,292) size 7x10 clip at (183,292) size 7x10 outlineClip at (183,292) size 7x10
  RenderBlock (relative positioned) {mo} at (0,0) size 7x12
    RenderText {mo} at (0,-2) size 7x17
      text run at (0,-2) width 7: "\x{23AC}"
layer at (183,343) size 7x15 backgroundClip at (183,347) size 7x12 clip at (183,347) size 7x12 outlineClip at (183,347) size 7x12
  RenderBlock (relative positioned) {mo} at (0,0) size 7x12
    RenderText {mo} at (0,-2) size 7x17
      text run at (0,-2) width 7: "\x{23AD}"
layer at (194,343) size 5x15 backgroundClip at (194,347) size 5x12 clip at (194,347) size 5x12 outlineClip at (194,347) size 5x12
  RenderBlock (relative positioned) {mo} at (0,0) size 5x12
    RenderText {mo} at (0,-2) size 5x17
      text run at (0,-2) width 5: "\x{23A3}"
layer at (319,343) size 5x15 backgroundClip at (319,347) size 5x12 clip at (319,347) size 5x12 outlineClip at (319,347) size 5x12
  RenderBlock (relative positioned) {mo} at (0,0) size 5x12
    RenderText {mo} at (0,-2) size 5x17
      text run at (0,-2) width 5: "\x{23A6}"
layer at (328,343) size 5x15 backgroundClip at (328,347) size 5x12 clip at (328,347) size 5x12 outlineClip at (328,347) size 5x12
  RenderBlock (relative positioned) {mo} at (0,0) size 5x12
    RenderText {mo} at (0,-2) size 5x17
      text run at (0,-2) width 5: "\x{239D}"
layer at (453,343) size 5x15 backgroundClip at (453,347) size 5x12 clip at (453,347) size 5x12 outlineClip at (453,347) size 5x12
  RenderBlock (relative positioned) {mo} at (0,0) size 5x12
    RenderText {mo} at (0,-2) size 5x17
      text run at (0,-2) width 5: "\x{23A0}"
layer at (462,343) size 8x15 backgroundClip at (462,347) size 8x12 clip at (462,347) size 8x12 outlineClip at (462,347) size 8x12
  RenderBlock (relative positioned) {mo} at (0,0) size 8x12
    RenderText {mo} at (0,-2) size 8x17
      text run at (0,-2) width 8: "\x{23D0}"
layer at (590,343) size 8x15 backgroundClip at (590,347) size 8x12 clip at (590,347) size 8x12 outlineClip at (590,347) size 8x12
  RenderBlock (relative positioned) {mo} at (0,0) size 8x12
    RenderText {mo} at (0,-2) size 8x17
      text run at (0,-2) width 8: "\x{23D0}"
layer at (602,343) size 10x15 backgroundClip at (602,347) size 10x12 clip at (602,347) size 10x12 outlineClip at (602,347) size 10x12
  RenderBlock (relative positioned) {mo} at (0,0) size 10x12
    RenderText {mo} at (0,-2) size 10x17
      text run at (0,-2) width 10: "\x{2321}"
layer at (8,399) size 5x15 backgroundClip at (8,403) size 5x12 clip at (8,403) size 5x12 outlineClip at (8,403) size 5x12
  RenderBlock (relative positioned) {mo} at (0,0) size 5x12
    RenderText {mo} at (0,-2) size 5x17
      text run at (0,-2) width 5: "\x{239D}"
layer at (141,399) size 5x15 backgroundClip at (141,403) size 5x12 clip at (141,403) size 5x12 outlineClip at (141,403) size 5x12
  RenderBlock (relative positioned) {mo} at (0,0) size 5x12
    RenderText {mo} at (0,-2) size 5x17
      text run at (0,-2) width 5: "\x{23A0}"
