layer at (0,0) size 800x600
  RenderView at (0,0) size 800x600
layer at (0,0) size 800x224
  RenderBlock {html} at (0,0) size 800x224
    RenderBody {body} at (8,16) size 784x192
      RenderBlock {p} at (0,0) size 784x36
        RenderText {#text} at (0,9) size 36x18
          text run at (0,9) width 36: "both: "
        RenderBlock {math} at (36,0) size 15x36
          RenderBlock {msubsup} at (0,0) size 15x36
            RenderBlock {msubsup} at (0,11) size 7x19
              RenderInline {mi} at (0,0) size 7x16
                RenderText {#text} at (0,3) size 7x16
                  text run at (0,3) width 7: "x"
            RenderBlock {msubsup} at (8,4) size 6x32
              RenderBlock {msubsup} at (0,0) size 6x16
                RenderInline {mi} at (0,0) size 5x12
                  RenderText {#text} at (0,3) size 5x12
                    text run at (0,3) width 5: "k"
              RenderBlock {msubsup} at (0,16) size 6x16
                RenderInline {mn} at (0,0) size 6x12
                  RenderText {#text} at (0,3) size 6x12
                    text run at (0,3) width 6: "1"
        RenderText {#text} at (0,0) size 0x0
      RenderBlock {p} at (0,52) size 784x36
        RenderText {#text} at (0,9) size 148x18
          text run at (0,9) width 148: "long subscript w/ both: "
        RenderBlock {math} at (148,0) size 41x36
          RenderBlock {msubsup} at (0,0) size 41x36
            RenderBlock {msubsup} at (0,11) size 9x19
              RenderInline {mi} at (0,0) size 9x16
                RenderText {#text} at (0,3) size 9x16
                  text run at (0,3) width 9: "Z"
            RenderBlock {msubsup} at (10,4) size 30x32
              RenderBlock {msubsup} at (0,0) size 16x16
                RenderInline {mi} at (0,0) size 3x12
                  RenderText {#text} at (0,3) size 3x12
                    text run at (0,3) width 3: "j"
              RenderBlock {msubsup} at (0,16) size 16x16
                RenderBlock {mrow} at (1,2) size 29x12
                  RenderInline {mi} at (0,0) size 5x12
                    RenderText {#text} at (0,2) size 5x12
                      text run at (0,2) width 5: "x"
                  RenderBlock {mo} at (5,2) size 7x12
                    RenderBlock {mo} at (0,0) size 7x12
                      RenderText {mo} at (0,0) size 7x12
                        text run at (0,0) width 7: "+"
                  RenderInline {mi} at (0,0) size 5x12
                    RenderText {#text} at (12,2) size 5x12
                      text run at (12,2) width 5: "y"
                  RenderBlock {mo} at (17,2) size 7x12
                    RenderBlock {mo} at (0,0) size 7x12
                      RenderText {mo} at (0,0) size 7x12
                        text run at (0,0) width 7: "+"
                  RenderInline {mi} at (0,0) size 5x12
                    RenderText {#text} at (24,2) size 5x12
                      text run at (24,2) width 5: "z"
        RenderText {#text} at (0,0) size 0x0
      RenderBlock {p} at (0,104) size 784x36
        RenderText {#text} at (0,9) size 160x18
          text run at (0,9) width 160: "long superscript w/ both: "
        RenderBlock {math} at (160,0) size 27x36
          RenderBlock {msubsup} at (0,0) size 27x36
            RenderBlock {msubsup} at (0,11) size 9x19
              RenderInline {mi} at (0,0) size 9x16
                RenderText {#text} at (0,3) size 9x16
                  text run at (0,3) width 9: "Z"
            RenderBlock {msubsup} at (10,4) size 16x32
              RenderBlock {msubsup} at (0,0) size 9x16
                RenderBlock {mrow} at (1,2) size 15x12
                  RenderInline {mi} at (0,0) size 5x12
                    RenderText {#text} at (0,2) size 5x12
                      text run at (0,2) width 5: "k"
                  RenderBlock {mo} at (5,2) size 7x12
                    RenderBlock {mo} at (0,0) size 7x12
                      RenderText {mo} at (0,0) size 7x12
                        text run at (0,0) width 7: "+"
                  RenderInline {mi} at (0,0) size 3x12
                    RenderText {#text} at (12,2) size 3x12
                      text run at (12,2) width 3: "j"
              RenderBlock {msubsup} at (0,16) size 9x16
                RenderInline {mi} at (0,0) size 5x12
                  RenderText {#text} at (0,3) size 5x12
                    text run at (0,3) width 5: "x"
        RenderText {#text} at (0,0) size 0x0
      RenderBlock {p} at (0,156) size 784x36
        RenderText {#text} at (0,9) size 88x18
          text run at (0,9) width 88: "long w/ both: "
        RenderBlock {math} at (88,0) size 41x36
          RenderBlock {msubsup} at (0,0) size 41x36
            RenderBlock {msubsup} at (0,11) size 9x19
              RenderInline {mi} at (0,0) size 9x16
                RenderText {#text} at (0,3) size 9x16
                  text run at (0,3) width 9: "Z"
            RenderBlock {msubsup} at (10,4) size 30x32
              RenderBlock {msubsup} at (0,0) size 16x16
                RenderBlock {mrow} at (1,2) size 15x12
                  RenderInline {mi} at (0,0) size 5x12
                    RenderText {#text} at (0,2) size 5x12
                      text run at (0,2) width 5: "k"
                  RenderBlock {mo} at (5,2) size 7x12
                    RenderBlock {mo} at (0,0) size 7x12
                      RenderText {mo} at (0,0) size 7x12
                        text run at (0,0) width 7: "+"
                  RenderInline {mi} at (0,0) size 3x12
                    RenderText {#text} at (12,2) size 3x12
                      text run at (12,2) width 3: "j"
              RenderBlock {msubsup} at (0,16) size 16x16
                RenderBlock {mrow} at (1,2) size 29x12
                  RenderInline {mi} at (0,0) size 5x12
                    RenderText {#text} at (0,2) size 5x12
                      text run at (0,2) width 5: "x"
                  RenderBlock {mo} at (5,2) size 7x12
                    RenderBlock {mo} at (0,0) size 7x12
                      RenderText {mo} at (0,0) size 7x12
                        text run at (0,0) width 7: "+"
                  RenderInline {mi} at (0,0) size 5x12
                    RenderText {#text} at (12,2) size 5x12
                      text run at (12,2) width 5: "y"
                  RenderBlock {mo} at (17,2) size 7x12
                    RenderBlock {mo} at (0,0) size 7x12
                      RenderText {mo} at (0,0) size 7x12
                        text run at (0,0) width 7: "+"
                  RenderInline {mi} at (0,0) size 5x12
                    RenderText {#text} at (24,2) size 5x12
                      text run at (24,2) width 5: "z"
        RenderText {#text} at (0,0) size 0x0
