layer at (0,0) size 800x600
  RenderView at (0,0) size 800x600
layer at (0,0) size 800x264
  RenderBlock {html} at (0,0) size 800x264
    RenderBody {body} at (8,16) size 784x232
      RenderBlock {p} at (0,0) size 784x39
        RenderText {#text} at (0,9) size 92x18
          text run at (0,9) width 92: "under & over: "
        RenderBlock {math} at (92,0) size 10x39
          RenderBlock {munderover} at (0,0) size 10x39
            RenderBlock {munderover} at (0,0) size 10x16
              RenderInline {mi} at (0,0) size 5x12
                RenderText {#text} at (2,3) size 5x12
                  text run at (2,3) width 5: "y"
            RenderBlock {munderover} at (0,12) size 10x19
              RenderInline {mi} at (0,0) size 10x16
                RenderText {#text} at (0,3) size 10x16
                  text run at (0,3) width 10: "B"
            RenderBlock {munderover} at (0,23) size 10x16
              RenderInline {mi} at (0,0) size 5x12
                RenderText {#text} at (2,3) size 5x12
                  text run at (2,3) width 5: "x"
        RenderText {#text} at (0,0) size 0x0
      RenderBlock {p} at (0,55) size 784x39
        RenderText {#text} at (0,9) size 92x18
          text run at (0,9) width 92: "under & over: "
        RenderBlock {math} at (92,0) size 10x39
          RenderBlock {munderover} at (0,0) size 10x39
            RenderBlock {munderover} at (0,0) size 10x16
              RenderInline {mi} at (0,0) size 5x12
                RenderText {#text} at (2,3) size 5x12
                  text run at (2,3) width 5: "y"
            RenderBlock {munderover} at (0,12) size 10x19
              RenderInline {mi} at (0,0) size 10x16
                RenderText {#text} at (0,3) size 10x16
                  text run at (0,3) width 10: "B"
            RenderBlock {munderover} at (0,23) size 10x16
              RenderInline {mi} at (0,0) size 7x12
                RenderText {#text} at (1,3) size 7x12
                  text run at (1,3) width 7: "X"
        RenderText {#text} at (0,0) size 0x0
      RenderBlock {p} at (0,110) size 784x53
        RenderText {#text} at (0,16) size 92x18
          text run at (0,16) width 92: "under & over: "
        RenderBlock {math} at (92,0) size 19x53
          RenderBlock {munderover} at (0,0) size 19x53
            RenderBlock {munderover} at (0,0) size 19x16
              RenderBlock {mrow} at (1,2) size 17x12
                RenderInline {mi} at (0,0) size 5x12
                  RenderText {#text} at (0,2) size 5x12
                    text run at (0,2) width 5: "x"
                RenderBlock {mo} at (5,2) size 7x12
                  RenderBlock {mo} at (0,0) size 7x12
                    RenderText {mo} at (0,0) size 7x12
                      text run at (0,0) width 7: "+"
                RenderInline {mi} at (0,0) size 5x12
                  RenderText {#text} at (12,2) size 5x12
                    text run at (12,2) width 5: "y"
            RenderBlock {munderover} at (0,13) size 19x24
              RenderBlock {mo} at (0,0) size 19x24
                RenderBlock {mo} at (1,0) size 17x24
                  RenderText {mo} at (0,0) size 17x24
                    text run at (0,0) width 17: "\x{2211}"
            RenderBlock {munderover} at (0,37) size 19x16
              RenderBlock {mrow} at (1,2) size 16x12
                RenderInline {mi} at (0,0) size 3x12
                  RenderText {#text} at (0,2) size 3x12
                    text run at (0,2) width 3: "i"
                RenderBlock {mo} at (3,2) size 7x12
                  RenderBlock {mo} at (0,0) size 7x12
                    RenderText {mo} at (0,0) size 7x12
                      text run at (0,0) width 7: "="
                RenderInline {mi} at (0,0) size 6x12
                  RenderText {#text} at (10,2) size 6x12
                    text run at (10,2) width 6: "0"
        RenderText {#text} at (0,0) size 0x0
      RenderBlock {p} at (0,179) size 784x53
        RenderText {#text} at (0,16) size 92x18
          text run at (0,16) width 92: "under & over: "
        RenderBlock {math} at (92,0) size 19x53
          RenderBlock {munderover} at (0,0) size 19x53
            RenderBlock {munderover} at (0,0) size 19x16
              RenderBlock {mrow} at (0,2) size 19x12
                RenderInline {mi} at (0,0) size 7x12
                  RenderText {#text} at (0,2) size 7x12
                    text run at (0,2) width 7: "X"
                RenderBlock {mo} at (7,2) size 7x12
                  RenderBlock {mo} at (0,0) size 7x12
                    RenderText {mo} at (0,0) size 7x12
                      text run at (0,0) width 7: "+"
                RenderInline {mi} at (0,0) size 5x12
                  RenderText {#text} at (14,2) size 5x12
                    text run at (14,2) width 5: "y"
            RenderBlock {munderover} at (0,13) size 19x24
              RenderBlock {mo} at (0,0) size 19x24
                RenderBlock {mo} at (1,0) size 17x24
                  RenderText {mo} at (0,0) size 17x24
                    text run at (0,0) width 17: "\x{2211}"
            RenderBlock {munderover} at (0,37) size 19x16
              RenderBlock {mrow} at (1,2) size 17x12
                RenderInline {mi} at (0,0) size 4x12
                  RenderText {#text} at (0,2) size 4x12
                    text run at (0,2) width 4: "I"
                RenderBlock {mo} at (4,2) size 7x12
                  RenderBlock {mo} at (0,0) size 7x12
                    RenderText {mo} at (0,0) size 7x12
                      text run at (0,0) width 7: "="
                RenderInline {mi} at (0,0) size 6x12
                  RenderText {#text} at (11,2) size 6x12
                    text run at (11,2) width 6: "0"
        RenderText {#text} at (0,0) size 0x0
