layer at (0,0) size 800x600
  RenderView at (0,0) size 800x600
layer at (0,0) size 800x93
  RenderBlock {HTML} at (0,0) size 800x93
    RenderBody {BODY} at (8,14) size 784x71
      RenderBlock {P} at (0,0) size 784x19
        RenderText {#text} at (0,0) size 286x19
          text run at (0,0) width 286: "The following two lines should look the same:"
      RenderBlock {DIV} at (0,33) size 784x19
        RenderInline {SPAN} at (0,0) size 5x19
          RenderInline (generated) at (0,0) size 5x19
            RenderCounter at (0,0) size 5x19
              text run at (0,0) width 5: "\x{2022}"
      RenderBlock {DIV} at (0,52) size 784x19
        RenderText {#text} at (0,0) size 5x19
          text run at (0,0) width 5: "\x{2022}"
