layer at (0,0) size 800x600
  RenderView at (0,0) size 800x600
layer at (0,0) size 800x600
  RenderBlock {HTML} at (0,0) size 800x600
    RenderBody {BODY} at (8,8) size 784x584
      RenderTable {TABLE} at (0,0) size 784x375 [border: (5px outset #808080)]
        RenderTableSection {TBODY} at (5,5) size 774x365
          RenderTableRow {TR} at (0,2) size 774x361
            RenderTableCell {TD} at (2,180) size 716x4 [border: (1px inset #808080)] [r=0 c=0 rs=1 cs=1]
            RenderTableCell {TD} at (720,2) size 52x361 [border: (1px inset #808080)] [r=0 c=1 rs=1 cs=1]
              RenderInline {A} at (0,0) size 16x39 [color=#0000EE]
                RenderText {#text} at (2,5) size 16x39
                  text run at (2,5) width 16: "\x{5CA1}"
                  text run at (2,26) width 16: "\x{5C71}"
              RenderText {#text} at (18,26) size 16x18
                text run at (18,26) width 16: "\x{FF5C}"
              RenderInline {A} at (0,0) size 48x39 [color=#0000EE]
                RenderText {#text} at (34,26) size 48x39
                  text run at (34,26) width 16: "\x{5E83}"
                  text run at (2,47) width 16: "\x{5CF6}"
              RenderText {#text} at (18,47) size 16x18
                text run at (18,47) width 16: "\x{FF5C}"
              RenderInline {A} at (0,0) size 48x39 [color=#0000EE]
                RenderText {#text} at (34,47) size 48x39
                  text run at (34,47) width 16: "\x{5C71}"
                  text run at (2,68) width 16: "\x{53E3}"
              RenderText {#text} at (18,68) size 16x18
                text run at (18,68) width 16: "\x{FF5C}"
              RenderInline {A} at (0,0) size 48x39 [color=#0000EE]
                RenderText {#text} at (34,68) size 48x39
                  text run at (34,68) width 16: "\x{5FB3}"
                  text run at (2,89) width 16: "\x{5CF6}"
              RenderText {#text} at (18,89) size 16x18
                text run at (18,89) width 16: "\x{FF5C}"
              RenderInline {A} at (0,0) size 48x39 [color=#0000EE]
                RenderText {#text} at (34,89) size 48x39
                  text run at (34,89) width 16: "\x{9999}"
                  text run at (2,110) width 16: "\x{5DDD}"
              RenderText {#text} at (18,110) size 16x18
                text run at (18,110) width 16: "\x{FF5C}"
              RenderInline {A} at (0,0) size 48x39 [color=#0000EE]
                RenderText {#text} at (34,110) size 48x39
                  text run at (34,110) width 16: "\x{611B}"
                  text run at (2,131) width 16: "\x{5A9B}"
              RenderText {#text} at (18,131) size 16x18
                text run at (18,131) width 16: "\x{FF5C}"
              RenderInline {A} at (0,0) size 48x39 [color=#0000EE]
                RenderText {#text} at (34,131) size 48x39
                  text run at (34,131) width 16: "\x{9AD8}"
                  text run at (2,152) width 16: "\x{77E5}"
              RenderText {#text} at (18,152) size 16x18
                text run at (18,152) width 16: "\x{FF5C}"
              RenderInline {A} at (0,0) size 48x81 [color=#0000EE]
                RenderText {#text} at (34,152) size 48x81
                  text run at (34,152) width 16: "\x{798F}"
                  text run at (2,173) width 48: "\x{5CA1}\x{30FB}\x{5317}"
                  text run at (2,194) width 16: "\x{4E5D}"
                  text run at (2,215) width 16: "\x{5DDE}"
              RenderText {#text} at (18,215) size 16x18
                text run at (18,215) width 16: "\x{FF5C}"
              RenderInline {A} at (0,0) size 48x39 [color=#0000EE]
                RenderText {#text} at (34,215) size 48x39
                  text run at (34,215) width 16: "\x{4F50}"
                  text run at (2,236) width 16: "\x{8CC0}"
              RenderText {#text} at (18,236) size 16x18
                text run at (18,236) width 16: "\x{FF5C}"
              RenderInline {A} at (0,0) size 48x39 [color=#0000EE]
                RenderText {#text} at (34,236) size 48x39
                  text run at (34,236) width 16: "\x{9577}"
                  text run at (2,257) width 16: "\x{5D0E}"
              RenderText {#text} at (18,257) size 16x18
                text run at (18,257) width 16: "\x{FF5C}"
              RenderInline {A} at (0,0) size 48x39 [color=#0000EE]
                RenderText {#text} at (34,257) size 48x39
                  text run at (34,257) width 16: "\x{718A}"
                  text run at (2,278) width 16: "\x{672C}"
              RenderText {#text} at (18,278) size 16x18
                text run at (18,278) width 16: "\x{FF5C}"
              RenderInline {A} at (0,0) size 48x39 [color=#0000EE]
                RenderText {#text} at (34,278) size 48x39
                  text run at (34,278) width 16: "\x{5927}"
                  text run at (2,299) width 16: "\x{5206}"
              RenderText {#text} at (18,299) size 16x18
                text run at (18,299) width 16: "\x{FF5C}"
              RenderInline {A} at (0,0) size 48x39 [color=#0000EE]
                RenderText {#text} at (34,299) size 48x39
                  text run at (34,299) width 16: "\x{5BAE}"
                  text run at (2,320) width 16: "\x{5D0E}"
              RenderText {#text} at (18,320) size 16x18
                text run at (18,320) width 16: "\x{FF5C}"
              RenderInline {A} at (0,0) size 48x39 [color=#0000EE]
                RenderText {#text} at (34,320) size 48x39
                  text run at (34,320) width 16: "\x{9E7F}"
                  text run at (2,341) width 32: "\x{5150}\x{5CF6}"
              RenderText {#text} at (34,341) size 16x18
                text run at (34,341) width 16: "\x{FF5C}"
