layer at (0,0) size 800x600
  RenderView at (0,0) size 800x600
layer at (0,0) size 800x344
  RenderBlock {HTML} at (0,0) size 800x344
    RenderBody {BODY} at (8,16) size 784x320
      RenderBlock {P} at (0,0) size 784x18
        RenderText {#text} at (0,0) size 311x18
          text run at (0,0) width 311: "All rows should be identical to the reference row."
      RenderTable {TABLE} at (0,34) size 582x113 [border: none]
        RenderTableSection {TBODY} at (0,0) size 581x112
          RenderTableRow {TR} at (0,0) size 581x28
            RenderTableCell {TD} at (0,0) size 97x27 [border: (1px solid #008000)] [r=0 c=0 rs=1 cs=1]
              RenderText {#text} at (29,5) size 64x18
                text run at (29,5) width 64: "Reference"
            RenderTableCell {TD} at (97,0) size 242x28 [border: (1px solid #008000)] [r=0 c=1 rs=1 cs=1]
              RenderText {#text} at (5,6) size 232x18
                text run at (5,6) width 42: "abcdef"
                text run at (47,6) width 27 RTL: "\x{5D0}\x{5D1}\x{5D2}"
                text run at (74,6) width 40: "ghijkl "
                text run at (114,6) width 50 RTL: "\x{5D6}\x{5D7}\x{5D8}\x{5D9}\x{5DB}\x{5DC}"
                text run at (164,6) width 22: "abc"
                text run at (186,6) width 51 RTL: "\x{5D0}\x{5D1}\x{5D2}\x{5D3}\x{5D4}\x{5D5}"
            RenderTableCell {TD} at (339,0) size 242x28 [border: (1px solid #008000)] [r=0 c=2 rs=1 cs=1]
              RenderText {#text} at (5,6) size 232x18
                text run at (5,6) width 50 RTL: "\x{5D6}\x{5D7}\x{5D8}\x{5D9}\x{5DB}\x{5DC}"
                text run at (55,6) width 22: "abc"
                text run at (77,6) width 51 RTL: "\x{5D0}\x{5D1}\x{5D2}\x{5D3}\x{5D4}\x{5D5}"
                text run at (128,6) width 4 RTL: " "
                text run at (132,6) width 42: "abcdef"
                text run at (174,6) width 27 RTL: "\x{5D0}\x{5D1}\x{5D2}"
                text run at (201,6) width 36: "ghijkl"
          RenderTableRow {TR} at (0,28) size 581x28
            RenderTableCell {TD} at (0,28) size 97x27 [border: (1px solid #008000)] [r=1 c=0 rs=1 cs=1]
              RenderText {#text} at (8,5) size 85x18
                text run at (8,5) width 85: "CSS, siblings"
            RenderTableCell {TD} at (97,28) size 242x28 [border: (1px solid #008000)] [r=1 c=1 rs=1 cs=1]
              RenderText {#text} at (5,6) size 22x18
                text run at (5,6) width 22: "abc"
              RenderInline {SPAN} at (0,0) size 67x18
                RenderText {#text} at (27,6) size 67x18
                  text run at (27,6) width 67 RTL override: "ihg\x{5D0}\x{5D1}\x{5D2}fed"
              RenderText {#text} at (94,6) size 144x18
                text run at (94,6) width 20: "jkl "
                text run at (211,6) width 27 RTL: "\x{5D0}\x{5D1}\x{5D2}"
              RenderInline {SPAN} at (0,0) size 74x18
                RenderText {#text} at (137,6) size 74x18
                  text run at (137,6) width 74 LTR override: "\x{5D8}\x{5D7}\x{5D6}abc\x{5D5}\x{5D4}\x{5D3}"
              RenderText {#text} at (114,6) size 23x18
                text run at (114,6) width 23 RTL: "\x{5D9}\x{5DB}\x{5DC}"
            RenderTableCell {TD} at (339,28) size 242x28 [border: (1px solid #008000)] [r=1 c=2 rs=1 cs=1]
              RenderText {#text} at (133,6) size 22x18
                text run at (133,6) width 22: "abc"
              RenderInline {SPAN} at (0,0) size 67x18
                RenderText {#text} at (155,6) size 67x18
                  text run at (155,6) width 67 RTL override: "ihg\x{5D0}\x{5D1}\x{5D2}fed"
              RenderText {#text} at (102,6) size 136x18
                text run at (102,6) width 31 RTL: " \x{5D0}\x{5D1}\x{5D2}"
                text run at (222,6) width 16: "jkl"
              RenderInline {SPAN} at (0,0) size 74x18
                RenderText {#text} at (28,6) size 74x18
                  text run at (28,6) width 74 LTR override: "\x{5D8}\x{5D7}\x{5D6}abc\x{5D5}\x{5D4}\x{5D3}"
              RenderText {#text} at (5,6) size 23x18
                text run at (5,6) width 23 RTL: "\x{5D9}\x{5DB}\x{5DC}"
          RenderTableRow {TR} at (0,56) size 581x28
            RenderTableCell {TD} at (0,56) size 97x27 [border: (1px solid #008000)] [r=2 c=0 rs=1 cs=1]
              RenderText {#text} at (5,5) size 88x18
                text run at (5,5) width 88: "CSS, children"
            RenderTableCell {TD} at (97,56) size 242x28 [border: (1px solid #008000)] [r=2 c=1 rs=1 cs=1]
              RenderInline {SPAN} at (0,0) size 105x18
                RenderText {#text} at (5,6) size 22x18
                  text run at (5,6) width 22: "abc"
                RenderInline {SPAN} at (0,0) size 67x18
                  RenderText {#text} at (27,6) size 67x18
                    text run at (27,6) width 67 RTL override: "ihg\x{5D0}\x{5D1}\x{5D2}fed"
                RenderText {#text} at (94,6) size 16x18
                  text run at (94,6) width 16: "jkl"
              RenderText {#text} at (110,6) size 4x18
                text run at (110,6) width 4: " "
              RenderInline {SPAN} at (0,0) size 124x18
                RenderText {#text} at (211,6) size 27x18
                  text run at (211,6) width 27 RTL: "\x{5D0}\x{5D1}\x{5D2}"
                RenderInline {SPAN} at (0,0) size 74x18
                  RenderText {#text} at (137,6) size 74x18
                    text run at (137,6) width 74 LTR override: "\x{5D8}\x{5D7}\x{5D6}abc\x{5D5}\x{5D4}\x{5D3}"
                RenderText {#text} at (114,6) size 23x18
                  text run at (114,6) width 23 RTL: "\x{5D9}\x{5DB}\x{5DC}"
            RenderTableCell {TD} at (339,56) size 242x28 [border: (1px solid #008000)] [r=2 c=2 rs=1 cs=1]
              RenderInline {SPAN} at (0,0) size 105x18
                RenderText {#text} at (133,6) size 22x18
                  text run at (133,6) width 22: "abc"
                RenderInline {SPAN} at (0,0) size 67x18
                  RenderText {#text} at (155,6) size 67x18
                    text run at (155,6) width 67 RTL override: "ihg\x{5D0}\x{5D1}\x{5D2}fed"
                RenderText {#text} at (222,6) size 16x18
                  text run at (222,6) width 16: "jkl"
              RenderText {#text} at (129,6) size 4x18
                text run at (129,6) width 4 RTL: " "
              RenderInline {SPAN} at (0,0) size 124x18
                RenderText {#text} at (102,6) size 27x18
                  text run at (102,6) width 27 RTL: "\x{5D0}\x{5D1}\x{5D2}"
                RenderInline {SPAN} at (0,0) size 74x18
                  RenderText {#text} at (28,6) size 74x18
                    text run at (28,6) width 74 LTR override: "\x{5D8}\x{5D7}\x{5D6}abc\x{5D5}\x{5D4}\x{5D3}"
                RenderText {#text} at (5,6) size 23x18
                  text run at (5,6) width 23 RTL: "\x{5D9}\x{5DB}\x{5DC}"
          RenderTableRow {TR} at (0,84) size 581x28
            RenderTableCell {TD} at (0,84) size 97x27 [border: (1px solid #008000)] [r=3 c=0 rs=1 cs=1]
              RenderText {#text} at (39,5) size 54x18
                text run at (39,5) width 54: "Unicode"
            RenderTableCell {TD} at (97,84) size 242x28 [border: (1px solid #008000)] [r=3 c=1 rs=1 cs=1]
              RenderText {#text} at (5,6) size 233x18
                text run at (5,6) width 22: "abc"
                text run at (27,6) width 67 RTL override: "ihg\x{5D0}\x{5D1}\x{5D2}fed"
                text run at (94,6) width 20: "jkl "
                text run at (114,6) width 23 RTL: "\x{5D9}\x{5DB}\x{5DC}"
                text run at (137,6) width 74 LTR override: "\x{5D8}\x{5D7}\x{5D6}abc\x{5D5}\x{5D4}\x{5D3}"
                text run at (211,6) width 27 RTL: "\x{5D0}\x{5D1}\x{5D2}"
            RenderTableCell {TD} at (339,84) size 242x28 [border: (1px solid #008000)] [r=3 c=2 rs=1 cs=1]
              RenderText {#text} at (5,6) size 233x18
                text run at (5,6) width 23 RTL: "\x{5D9}\x{5DB}\x{5DC}"
                text run at (28,6) width 74 LTR override: "\x{5D8}\x{5D7}\x{5D6}abc\x{5D5}\x{5D4}\x{5D3}"
                text run at (102,6) width 27 RTL: "\x{5D0}\x{5D1}\x{5D2}"
                text run at (129,6) width 4 RTL: " "
                text run at (133,6) width 22: "abc"
                text run at (155,6) width 67 RTL override: "ihg\x{5D0}\x{5D1}\x{5D2}fed"
                text run at (222,6) width 16: "jkl"
      RenderBlock {P} at (0,163) size 784x18
        RenderText {#text} at (0,0) size 387x18
          text run at (0,0) width 387: "The CSS column should be identical to the reference column."
      RenderTable {TABLE} at (0,197) size 265x123 [border: none]
        RenderTableSection {TBODY} at (0,0) size 264x122
          RenderTableRow {TR} at (0,0) size 264x27
            RenderTableCell {TD} at (0,0) size 132x27 [border: (1px solid #008000)] [r=0 c=0 rs=1 cs=1]
              RenderText {#text} at (34,5) size 64x18
                text run at (34,5) width 64: "Reference"
            RenderTableCell {TD} at (132,0) size 132x27 [border: (1px solid #008000)] [r=0 c=1 rs=1 cs=1]
              RenderText {#text} at (52,5) size 29x18
                text run at (52,5) width 29: "CSS"
          RenderTableRow {TR} at (0,27) size 264x95
            RenderTableCell {TD} at (0,27) size 132x95 [border: (1px solid #008000)] [r=1 c=0 rs=1 cs=1]
              RenderBlock {P} at (5,21) size 123x19
                RenderText {#text} at (9,1) size 105x18
                  text run at (9,1) width 42: "abcdef"
                  text run at (51,1) width 27 RTL: "\x{5D0}\x{5D1}\x{5D2}"
                  text run at (78,1) width 36: "ghijkl"
              RenderBlock {P} at (5,56) size 123x19
                RenderText {#text} at (0,1) size 123x18
                  text run at (0,1) width 50 RTL: "\x{5D6}\x{5D7}\x{5D8}\x{5D9}\x{5DB}\x{5DC}"
                  text run at (50,1) width 22: "abc"
                  text run at (72,1) width 51 RTL: "\x{5D0}\x{5D1}\x{5D2}\x{5D3}\x{5D4}\x{5D5}"
            RenderTableCell {TD} at (132,27) size 132x95 [border: (1px solid #008000)] [r=1 c=1 rs=1 cs=1]
              RenderBlock {P} at (5,21) size 123x19
                RenderText {#text} at (9,1) size 105x18
                  text run at (9,1) width 105 RTL override: "lkjihg\x{5D0}\x{5D1}\x{5D2}fedcba"
              RenderBlock {P} at (5,56) size 123x19
                RenderText {#text} at (0,1) size 123x18
                  text run at (0,1) width 123 LTR override: "\x{5DC}\x{5DB}\x{5D9}\x{5D8}\x{5D7}\x{5D6}abc\x{5D5}\x{5D4}\x{5D3}\x{5D2}\x{5D1}\x{5D0}"
