layer at (0,0) size 800x600
  RenderView at (0,0) size 800x600
layer at (0,0) size 800x176
  RenderBlock {HTML} at (0,0) size 800x176
    RenderBody {BODY} at (8,16) size 784x144
      RenderBlock {P} at (0,0) size 784x36
        RenderText {#text} at (0,0) size 762x36
          text run at (0,0) width 762: "This HTML tests if the 'while-space' property controls the behavors of line-break characters (U+000A and U+000D) in a"
          text run at (0,18) width 85: "complex text."
      RenderBlock {P} at (0,52) size 784x19
        RenderText {#text} at (0,1) size 506x18
          text run at (0,1) width 292: "If this test succeeds, you can see three words \""
          text run at (292,1) width 37 RTL: "\x{5E9}\x{5D5}\x{5BC}\x{5E8}\x{5D4}"
          text run at (329,1) width 177: "\", separated with line-break."
      RenderBlock {P} at (0,87) size 784x57
        RenderText {#text} at (0,1) size 37x56
          text run at (0,1) width 37 RTL: "\x{5E9}\x{5D5}\x{5BC}\x{5E8}\x{5D4}"
          text run at (37,1) width 0: " "
          text run at (0,20) width 37 RTL: "\x{5E9}\x{5D5}\x{5BC}\x{5E8}\x{5D4}"
          text run at (37,20) width 0: " "
          text run at (0,39) width 37 RTL: "\x{5E9}\x{5D5}\x{5BC}\x{5E8}\x{5D4}"
