layer at (0,0) size 785x6274
  RenderView at (0,0) size 785x600
layer at (0,0) size 785x6274
  RenderBlock {HTML} at (0,0) size 785x6274
    RenderBody {BODY} at (8,8) size 769x6250
      RenderBlock {P} at (0,0) size 769x18
        RenderText {#text} at (0,0) size 300x18
          text run at (0,0) width 300: "Tests the resolved level of runs of neutral types."
      RenderBlock {DIV} at (0,34) size 769x3100
        RenderBlock {P} at (0,0) size 769x18
          RenderText {#text} at (0,0) size 43x18
            text run at (0,0) width 43: "ab(^cd"
        RenderBlock {P} at (0,34) size 769x19
          RenderText {#text} at (0,1) size 48x18
            text run at (0,1) width 20 RTL: "\x{5D0}\x{5D1}"
            text run at (20,1) width 28: "(^cd"
        RenderBlock {P} at (0,69) size 769x20
          RenderText {#text} at (0,2) size 43x18
            text run at (0,2) width 15 RTL: "\x{627}\x{628}"
            text run at (15,2) width 28: "(^cd"
        RenderBlock {P} at (0,105) size 769x18
          RenderText {#text} at (0,0) size 59x18
            text run at (0,0) width 59: "ab12(^cd"
        RenderBlock {P} at (0,139) size 769x19
          RenderText {#text} at (0,1) size 64x18
            text run at (0,1) width 16: "12"
            text run at (16,1) width 20 RTL: "\x{5D0}\x{5D1}"
            text run at (36,1) width 28: "(^cd"
        RenderBlock {P} at (0,174) size 769x20
          RenderText {#text} at (0,2) size 59x18
            text run at (0,2) width 16: "12"
            text run at (16,2) width 15 RTL: "\x{627}\x{628}"
            text run at (31,2) width 28: "(^cd"
        RenderBlock {P} at (0,210) size 769x20
          RenderText {#text} at (0,2) size 59x18
            text run at (0,2) width 15: "ab"
            text run at (15,2) width 16: "\x{661}\x{662}"
            text run at (31,2) width 28: "(^cd"
        RenderBlock {P} at (0,246) size 769x20
          RenderText {#text} at (0,2) size 64x18
            text run at (0,2) width 16: "\x{661}\x{662}"
            text run at (16,2) width 20 RTL: "\x{5D0}\x{5D1}"
            text run at (36,2) width 28: "(^cd"
        RenderBlock {P} at (0,282) size 769x20
          RenderText {#text} at (0,2) size 59x18
            text run at (0,2) width 16: "\x{661}\x{662}"
            text run at (16,2) width 15 RTL: "\x{627}\x{628}"
            text run at (31,2) width 28: "(^cd"
        RenderBlock {P} at (0,318) size 769x18
          RenderText {#text} at (0,0) size 35x18
            text run at (0,0) width 7: "?"
            text run at (7,0) width 28: "(^cd"
        RenderBlock {P} at (0,352) size 769x18
          RenderText {#text} at (0,0) size 35x18
            text run at (0,0) width 7 RTL: "?"
            text run at (7,0) width 28: "(^cd"
        RenderBlock {P} at (0,386) size 769x19
          RenderText {#text} at (0,1) size 43x18
            text run at (0,1) width 28: "ab(^"
            text run at (28,1) width 15 RTL: "\x{5D2}\x{5D3}"
        RenderBlock {P} at (0,421) size 769x19
          RenderText {#text} at (0,1) size 48x18
            text run at (0,1) width 48 RTL: "\x{5D0}\x{5D1}(^\x{5D2}\x{5D3}"
        RenderBlock {P} at (0,456) size 769x20
          RenderText {#text} at (0,2) size 43x18
            text run at (0,2) width 43 RTL: "\x{627}\x{628}(^\x{5D2}\x{5D3}"
        RenderBlock {P} at (0,492) size 769x19
          RenderText {#text} at (0,1) size 59x18
            text run at (0,1) width 44: "ab12(^"
            text run at (44,1) width 15 RTL: "\x{5D2}\x{5D3}"
        RenderBlock {P} at (0,527) size 769x19
          RenderText {#text} at (0,1) size 64x18
            text run at (0,1) width 28 RTL: "(^\x{5D2}\x{5D3}"
            text run at (28,1) width 16: "12"
            text run at (44,1) width 20 RTL: "\x{5D0}\x{5D1}"
        RenderBlock {P} at (0,562) size 769x20
          RenderText {#text} at (0,2) size 59x18
            text run at (0,2) width 28 RTL: "(^\x{5D2}\x{5D3}"
            text run at (28,2) width 16: "12"
            text run at (44,2) width 15 RTL: "\x{627}\x{628}"
        RenderBlock {P} at (0,598) size 769x20
          RenderText {#text} at (0,2) size 59x18
            text run at (0,2) width 15: "ab"
            text run at (15,2) width 28 RTL: "(^\x{5D2}\x{5D3}"
            text run at (43,2) width 16: "\x{661}\x{662}"
        RenderBlock {P} at (0,634) size 769x20
          RenderText {#text} at (0,2) size 64x18
            text run at (0,2) width 28 RTL: "(^\x{5D2}\x{5D3}"
            text run at (28,2) width 16: "\x{661}\x{662}"
            text run at (44,2) width 20 RTL: "\x{5D0}\x{5D1}"
        RenderBlock {P} at (0,670) size 769x20
          RenderText {#text} at (0,2) size 59x18
            text run at (0,2) width 28 RTL: "(^\x{5D2}\x{5D3}"
            text run at (28,2) width 16: "\x{661}\x{662}"
            text run at (44,2) width 15 RTL: "\x{627}\x{628}"
        RenderBlock {P} at (0,706) size 769x19
          RenderText {#text} at (0,1) size 35x18
            text run at (0,1) width 7: "?"
            text run at (7,1) width 13: "(^"
            text run at (20,1) width 15 RTL: "\x{5D2}\x{5D3}"
        RenderBlock {P} at (0,741) size 769x19
          RenderText {#text} at (0,1) size 35x18
            text run at (0,1) width 28 RTL: "(^\x{5D2}\x{5D3}"
            text run at (28,1) width 7 RTL: "?"
        RenderBlock {P} at (0,776) size 769x20
          RenderText {#text} at (0,2) size 45x18
            text run at (0,2) width 28: "ab(^"
            text run at (28,2) width 17 RTL: "\x{62C}\x{62F}"
        RenderBlock {P} at (0,812) size 769x20
          RenderText {#text} at (0,2) size 50x18
            text run at (0,2) width 50 RTL: "\x{5D0}\x{5D1}(^\x{62C}\x{62F}"
        RenderBlock {P} at (0,848) size 769x20
          RenderText {#text} at (0,2) size 45x18
            text run at (0,2) width 45 RTL: "\x{627}\x{628}(^\x{62C}\x{62F}"
        RenderBlock {P} at (0,884) size 769x20
          RenderText {#text} at (0,2) size 61x18
            text run at (0,2) width 44: "ab12(^"
            text run at (44,2) width 17 RTL: "\x{62C}\x{62F}"
        RenderBlock {P} at (0,920) size 769x20
          RenderText {#text} at (0,2) size 66x18
            text run at (0,2) width 30 RTL: "(^\x{62C}\x{62F}"
            text run at (30,2) width 16: "12"
            text run at (46,2) width 20 RTL: "\x{5D0}\x{5D1}"
        RenderBlock {P} at (0,956) size 769x20
          RenderText {#text} at (0,2) size 61x18
            text run at (0,2) width 30 RTL: "(^\x{62C}\x{62F}"
            text run at (30,2) width 16: "12"
            text run at (46,2) width 15 RTL: "\x{627}\x{628}"
        RenderBlock {P} at (0,992) size 769x20
          RenderText {#text} at (0,2) size 61x18
            text run at (0,2) width 15: "ab"
            text run at (15,2) width 30 RTL: "(^\x{62C}\x{62F}"
            text run at (45,2) width 16: "\x{661}\x{662}"
        RenderBlock {P} at (0,1028) size 769x20
          RenderText {#text} at (0,2) size 66x18
            text run at (0,2) width 30 RTL: "(^\x{62C}\x{62F}"
            text run at (30,2) width 16: "\x{661}\x{662}"
            text run at (46,2) width 20 RTL: "\x{5D0}\x{5D1}"
        RenderBlock {P} at (0,1064) size 769x20
          RenderText {#text} at (0,2) size 61x18
            text run at (0,2) width 30 RTL: "(^\x{62C}\x{62F}"
            text run at (30,2) width 16: "\x{661}\x{662}"
            text run at (46,2) width 15 RTL: "\x{627}\x{628}"
        RenderBlock {P} at (0,1100) size 769x20
          RenderText {#text} at (0,2) size 37x18
            text run at (0,2) width 7: "?"
            text run at (7,2) width 13: "(^"
            text run at (20,2) width 17 RTL: "\x{62C}\x{62F}"
        RenderBlock {P} at (0,1136) size 769x20
          RenderText {#text} at (0,2) size 37x18
            text run at (0,2) width 30 RTL: "(^\x{62C}\x{62F}"
            text run at (30,2) width 7 RTL: "?"
        RenderBlock {P} at (0,1172) size 769x19
          RenderText {#text} at (0,1) size 63x18
            text run at (0,1) width 44: "ab(^34"
            text run at (44,1) width 12 RTL: "\x{5E9}"
            text run at (56,1) width 7: "z"
        RenderBlock {P} at (0,1207) size 769x19
          RenderText {#text} at (0,1) size 68x18
            text run at (0,1) width 12 RTL: "\x{5E9}"
            text run at (12,1) width 16: "34"
            text run at (28,1) width 33 RTL: "\x{5D0}\x{5D1}(^"
            text run at (61,1) width 7: "z"
        RenderBlock {P} at (0,1242) size 769x20
          RenderText {#text} at (0,2) size 63x18
            text run at (0,2) width 12 RTL: "\x{5E9}"
            text run at (12,2) width 16: "34"
            text run at (28,2) width 28 RTL: "\x{627}\x{628}(^"
            text run at (56,2) width 7: "z"
        RenderBlock {P} at (0,1278) size 769x19
          RenderText {#text} at (0,1) size 79x18
            text run at (0,1) width 60: "ab12(^34"
            text run at (60,1) width 12 RTL: "\x{5E9}"
            text run at (72,1) width 7: "z"
        RenderBlock {P} at (0,1313) size 769x19
          RenderText {#text} at (0,1) size 84x18
            text run at (0,1) width 12 RTL: "\x{5E9}"
            text run at (12,1) width 16: "34"
            text run at (28,1) width 13 RTL: "(^"
            text run at (41,1) width 16: "12"
            text run at (57,1) width 20 RTL: "\x{5D0}\x{5D1}"
            text run at (77,1) width 7: "z"
        RenderBlock {P} at (0,1348) size 769x20
          RenderText {#text} at (0,2) size 79x18
            text run at (0,2) width 12 RTL: "\x{5E9}"
            text run at (12,2) width 16: "34"
            text run at (28,2) width 13 RTL: "(^"
            text run at (41,2) width 16: "12"
            text run at (57,2) width 15 RTL: "\x{627}\x{628}"
            text run at (72,2) width 7: "z"
        RenderBlock {P} at (0,1384) size 769x20
          RenderText {#text} at (0,2) size 79x18
            text run at (0,2) width 15: "ab"
            text run at (15,2) width 16: "\x{661}\x{662}"
            text run at (31,2) width 29: "(^34"
            text run at (60,2) width 12 RTL: "\x{5E9}"
            text run at (72,2) width 7: "z"
        RenderBlock {P} at (0,1420) size 769x20
          RenderText {#text} at (0,2) size 84x18
            text run at (0,2) width 12 RTL: "\x{5E9}"
            text run at (12,2) width 16: "34"
            text run at (28,2) width 13 RTL: "(^"
            text run at (41,2) width 16: "\x{661}\x{662}"
            text run at (57,2) width 20 RTL: "\x{5D0}\x{5D1}"
            text run at (77,2) width 7: "z"
        RenderBlock {P} at (0,1456) size 769x20
          RenderText {#text} at (0,2) size 79x18
            text run at (0,2) width 12 RTL: "\x{5E9}"
            text run at (12,2) width 16: "34"
            text run at (28,2) width 13 RTL: "(^"
            text run at (41,2) width 16: "\x{661}\x{662}"
            text run at (57,2) width 15 RTL: "\x{627}\x{628}"
            text run at (72,2) width 7: "z"
        RenderBlock {P} at (0,1492) size 769x19
          RenderText {#text} at (0,1) size 55x18
            text run at (0,1) width 7: "?"
            text run at (7,1) width 29: "(^34"
            text run at (36,1) width 12 RTL: "\x{5E9}"
            text run at (48,1) width 7: "z"
        RenderBlock {P} at (0,1527) size 769x19
          RenderText {#text} at (0,1) size 55x18
            text run at (0,1) width 12 RTL: "\x{5E9}"
            text run at (12,1) width 16: "34"
            text run at (28,1) width 13 RTL: "(^"
            text run at (41,1) width 7 RTL: "?"
            text run at (48,1) width 7: "z"
        RenderBlock {P} at (0,1562) size 769x20
          RenderText {#text} at (0,2) size 63x18
            text run at (0,2) width 28: "ab(^"
            text run at (28,2) width 12 RTL: "\x{5E9}"
            text run at (40,2) width 16: "\x{663}\x{664}"
            text run at (56,2) width 7: "z"
        RenderBlock {P} at (0,1598) size 769x20
          RenderText {#text} at (0,2) size 68x18
            text run at (0,2) width 12 RTL: "\x{5E9}"
            text run at (12,2) width 16: "\x{663}\x{664}"
            text run at (28,2) width 33 RTL: "\x{5D0}\x{5D1}(^"
            text run at (61,2) width 7: "z"
        RenderBlock {P} at (0,1634) size 769x20
          RenderText {#text} at (0,2) size 63x18
            text run at (0,2) width 12 RTL: "\x{5E9}"
            text run at (12,2) width 16: "\x{663}\x{664}"
            text run at (28,2) width 28 RTL: "\x{627}\x{628}(^"
            text run at (56,2) width 7: "z"
        RenderBlock {P} at (0,1670) size 769x20
          RenderText {#text} at (0,2) size 79x18
            text run at (0,2) width 44: "ab12(^"
            text run at (44,2) width 12 RTL: "\x{5E9}"
            text run at (56,2) width 16: "\x{663}\x{664}"
            text run at (72,2) width 7: "z"
        RenderBlock {P} at (0,1706) size 769x20
          RenderText {#text} at (0,2) size 84x18
            text run at (0,2) width 12 RTL: "\x{5E9}"
            text run at (12,2) width 16: "\x{663}\x{664}"
            text run at (28,2) width 13 RTL: "(^"
            text run at (41,2) width 16: "12"
            text run at (57,2) width 20 RTL: "\x{5D0}\x{5D1}"
            text run at (77,2) width 7: "z"
        RenderBlock {P} at (0,1742) size 769x20
          RenderText {#text} at (0,2) size 79x18
            text run at (0,2) width 12 RTL: "\x{5E9}"
            text run at (12,2) width 16: "\x{663}\x{664}"
            text run at (28,2) width 13 RTL: "(^"
            text run at (41,2) width 16: "12"
            text run at (57,2) width 15 RTL: "\x{627}\x{628}"
            text run at (72,2) width 7: "z"
        RenderBlock {P} at (0,1778) size 769x20
          RenderText {#text} at (0,2) size 79x18
            text run at (0,2) width 15: "ab"
            text run at (15,2) width 12 RTL: "\x{5E9}"
            text run at (27,2) width 16: "\x{663}\x{664}"
            text run at (43,2) width 13 RTL: "(^"
            text run at (56,2) width 16: "\x{661}\x{662}"
            text run at (72,2) width 7: "z"
        RenderBlock {P} at (0,1814) size 769x20
          RenderText {#text} at (0,2) size 84x18
            text run at (0,2) width 12 RTL: "\x{5E9}"
            text run at (12,2) width 16: "\x{663}\x{664}"
            text run at (28,2) width 13 RTL: "(^"
            text run at (41,2) width 16: "\x{661}\x{662}"
            text run at (57,2) width 20 RTL: "\x{5D0}\x{5D1}"
            text run at (77,2) width 7: "z"
        RenderBlock {P} at (0,1850) size 769x20
          RenderText {#text} at (0,2) size 79x18
            text run at (0,2) width 12 RTL: "\x{5E9}"
            text run at (12,2) width 16: "\x{663}\x{664}"
            text run at (28,2) width 13 RTL: "(^"
            text run at (41,2) width 16: "\x{661}\x{662}"
            text run at (57,2) width 15 RTL: "\x{627}\x{628}"
            text run at (72,2) width 7: "z"
        RenderBlock {P} at (0,1886) size 769x20
          RenderText {#text} at (0,2) size 55x18
            text run at (0,2) width 7: "?"
            text run at (7,2) width 13: "(^"
            text run at (20,2) width 12 RTL: "\x{5E9}"
            text run at (32,2) width 16: "\x{663}\x{664}"
            text run at (48,2) width 7: "z"
        RenderBlock {P} at (0,1922) size 769x20
          RenderText {#text} at (0,2) size 55x18
            text run at (0,2) width 12 RTL: "\x{5E9}"
            text run at (12,2) width 16: "\x{663}\x{664}"
            text run at (28,2) width 13 RTL: "(^"
            text run at (41,2) width 7 RTL: "?"
            text run at (48,2) width 7: "z"
        RenderBlock {P} at (0,1958) size 769x18
          RenderText {#text} at (0,0) size 33x18
            text run at (0,0) width 28: "ab(^"
            text run at (28,0) width 5: "!"
        RenderBlock {P} at (0,1992) size 769x19
          RenderText {#text} at (0,1) size 38x18
            text run at (0,1) width 20 RTL: "\x{5D0}\x{5D1}"
            text run at (20,1) width 13: "(^"
            text run at (33,1) width 5: "!"
        RenderBlock {P} at (0,2027) size 769x20
          RenderText {#text} at (0,2) size 33x18
            text run at (0,2) width 15 RTL: "\x{627}\x{628}"
            text run at (15,2) width 13: "(^"
            text run at (28,2) width 5: "!"
        RenderBlock {P} at (0,2063) size 769x18
          RenderText {#text} at (0,0) size 49x18
            text run at (0,0) width 44: "ab12(^"
            text run at (44,0) width 5: "!"
        RenderBlock {P} at (0,2097) size 769x19
          RenderText {#text} at (0,1) size 54x18
            text run at (0,1) width 16: "12"
            text run at (16,1) width 20 RTL: "\x{5D0}\x{5D1}"
            text run at (36,1) width 13: "(^"
            text run at (49,1) width 5: "!"
        RenderBlock {P} at (0,2132) size 769x20
          RenderText {#text} at (0,2) size 49x18
            text run at (0,2) width 16: "12"
            text run at (16,2) width 15 RTL: "\x{627}\x{628}"
            text run at (31,2) width 13: "(^"
            text run at (44,2) width 5: "!"
        RenderBlock {P} at (0,2168) size 769x20
          RenderText {#text} at (0,2) size 49x18
            text run at (0,2) width 15: "ab"
            text run at (15,2) width 16: "\x{661}\x{662}"
            text run at (31,2) width 13: "(^"
            text run at (44,2) width 5: "!"
        RenderBlock {P} at (0,2204) size 769x20
          RenderText {#text} at (0,2) size 54x18
            text run at (0,2) width 16: "\x{661}\x{662}"
            text run at (16,2) width 20 RTL: "\x{5D0}\x{5D1}"
            text run at (36,2) width 13: "(^"
            text run at (49,2) width 5: "!"
        RenderBlock {P} at (0,2240) size 769x20
          RenderText {#text} at (0,2) size 49x18
            text run at (0,2) width 16: "\x{661}\x{662}"
            text run at (16,2) width 15 RTL: "\x{627}\x{628}"
            text run at (31,2) width 13: "(^"
            text run at (44,2) width 5: "!"
        RenderBlock {P} at (0,2276) size 769x18
          RenderText {#text} at (0,0) size 25x18
            text run at (0,0) width 7: "?"
            text run at (7,0) width 13: "(^"
            text run at (20,0) width 5: "!"
        RenderBlock {P} at (0,2310) size 769x18
          RenderText {#text} at (0,0) size 25x18
            text run at (0,0) width 7 RTL: "?"
            text run at (7,0) width 13: "(^"
            text run at (20,0) width 5: "!"
        RenderBlock {P} at (0,2344) size 769x18
          RenderText {#text} at (0,0) size 33x18
            text run at (0,0) width 28: "ab(^"
            text run at (28,0) width 5 RTL: "!"
        RenderBlock {P} at (0,2378) size 769x19
          RenderText {#text} at (0,1) size 38x18
            text run at (0,1) width 5 RTL: "!"
            text run at (5,1) width 33 RTL: "\x{5D0}\x{5D1}(^"
        RenderBlock {P} at (0,2413) size 769x20
          RenderText {#text} at (0,2) size 33x18
            text run at (0,2) width 5 RTL: "!"
            text run at (5,2) width 28 RTL: "\x{627}\x{628}(^"
        RenderBlock {P} at (0,2449) size 769x18
          RenderText {#text} at (0,0) size 49x18
            text run at (0,0) width 44: "ab12(^"
            text run at (44,0) width 5 RTL: "!"
        RenderBlock {P} at (0,2483) size 769x19
          RenderText {#text} at (0,1) size 54x18
            text run at (0,1) width 5 RTL: "!"
            text run at (5,1) width 13 RTL: "(^"
            text run at (18,1) width 16: "12"
            text run at (34,1) width 20 RTL: "\x{5D0}\x{5D1}"
        RenderBlock {P} at (0,2518) size 769x20
          RenderText {#text} at (0,2) size 49x18
            text run at (0,2) width 5 RTL: "!"
            text run at (5,2) width 13 RTL: "(^"
            text run at (18,2) width 16: "12"
            text run at (34,2) width 15 RTL: "\x{627}\x{628}"
        RenderBlock {P} at (0,2554) size 769x20
          RenderText {#text} at (0,2) size 49x18
            text run at (0,2) width 15: "ab"
            text run at (15,2) width 5 RTL: "!"
            text run at (20,2) width 13 RTL: "(^"
            text run at (33,2) width 16: "\x{661}\x{662}"
        RenderBlock {P} at (0,2590) size 769x20
          RenderText {#text} at (0,2) size 54x18
            text run at (0,2) width 5 RTL: "!"
            text run at (5,2) width 13 RTL: "(^"
            text run at (18,2) width 16: "\x{661}\x{662}"
            text run at (34,2) width 20 RTL: "\x{5D0}\x{5D1}"
        RenderBlock {P} at (0,2626) size 769x20
          RenderText {#text} at (0,2) size 49x18
            text run at (0,2) width 5 RTL: "!"
            text run at (5,2) width 13 RTL: "(^"
            text run at (18,2) width 16: "\x{661}\x{662}"
            text run at (34,2) width 15 RTL: "\x{627}\x{628}"
        RenderBlock {P} at (0,2662) size 769x18
          RenderText {#text} at (0,0) size 25x18
            text run at (0,0) width 7: "?"
            text run at (7,0) width 13: "(^"
            text run at (20,0) width 5 RTL: "!"
        RenderBlock {P} at (0,2696) size 769x18
          RenderText {#text} at (0,0) size 25x18
            text run at (0,0) width 5 RTL: "!"
            text run at (5,0) width 13 RTL: "(^"
            text run at (18,0) width 7 RTL: "?"
        RenderBlock {P} at (0,2730) size 769x18
          RenderText {#text} at (0,0) size 28x18
            text run at (0,0) width 28: "ab(^"
        RenderBlock {P} at (0,2764) size 769x19
          RenderText {#text} at (0,1) size 33x18
            text run at (0,1) width 20 RTL: "\x{5D0}\x{5D1}"
            text run at (20,1) width 13: "(^"
        RenderBlock {P} at (0,2799) size 769x20
          RenderText {#text} at (0,2) size 28x18
            text run at (0,2) width 15 RTL: "\x{627}\x{628}"
            text run at (15,2) width 13: "(^"
        RenderBlock {P} at (0,2835) size 769x18
          RenderText {#text} at (0,0) size 44x18
            text run at (0,0) width 44: "ab12(^"
        RenderBlock {P} at (0,2869) size 769x19
          RenderText {#text} at (0,1) size 49x18
            text run at (0,1) width 16: "12"
            text run at (16,1) width 20 RTL: "\x{5D0}\x{5D1}"
            text run at (36,1) width 13: "(^"
        RenderBlock {P} at (0,2904) size 769x20
          RenderText {#text} at (0,2) size 44x18
            text run at (0,2) width 16: "12"
            text run at (16,2) width 15 RTL: "\x{627}\x{628}"
            text run at (31,2) width 13: "(^"
        RenderBlock {P} at (0,2940) size 769x20
          RenderText {#text} at (0,2) size 44x18
            text run at (0,2) width 15: "ab"
            text run at (15,2) width 16: "\x{661}\x{662}"
            text run at (31,2) width 13: "(^"
        RenderBlock {P} at (0,2976) size 769x20
          RenderText {#text} at (0,2) size 49x18
            text run at (0,2) width 16: "\x{661}\x{662}"
            text run at (16,2) width 20 RTL: "\x{5D0}\x{5D1}"
            text run at (36,2) width 13: "(^"
        RenderBlock {P} at (0,3012) size 769x20
          RenderText {#text} at (0,2) size 44x18
            text run at (0,2) width 16: "\x{661}\x{662}"
            text run at (16,2) width 15 RTL: "\x{627}\x{628}"
            text run at (31,2) width 13: "(^"
        RenderBlock {P} at (0,3048) size 769x18
          RenderText {#text} at (0,0) size 20x18
            text run at (0,0) width 7: "?"
            text run at (7,0) width 13: "(^"
        RenderBlock {P} at (0,3082) size 769x18
          RenderText {#text} at (0,0) size 20x18
            text run at (0,0) width 7 RTL: "?"
            text run at (7,0) width 13: "(^"
      RenderBlock {DIV} at (0,3150) size 769x3100
        RenderBlock {P} at (0,0) size 769x18
          RenderText {#text} at (0,0) size 43x18
            text run at (0,0) width 43: "ab(^cd"
        RenderBlock {P} at (0,34) size 769x19
          RenderText {#text} at (0,1) size 48x18
            text run at (0,1) width 15: "cd"
            text run at (15,1) width 33 RTL: "\x{5D0}\x{5D1}(^"
        RenderBlock {P} at (0,69) size 769x20
          RenderText {#text} at (0,2) size 43x18
            text run at (0,2) width 15: "cd"
            text run at (15,2) width 28 RTL: "\x{627}\x{628}(^"
        RenderBlock {P} at (0,105) size 769x18
          RenderText {#text} at (0,0) size 59x18
            text run at (0,0) width 59: "ab12(^cd"
        RenderBlock {P} at (0,139) size 769x19
          RenderText {#text} at (0,1) size 64x18
            text run at (0,1) width 15: "cd"
            text run at (15,1) width 13 RTL: "(^"
            text run at (28,1) width 16: "12"
            text run at (44,1) width 20 RTL: "\x{5D0}\x{5D1}"
        RenderBlock {P} at (0,174) size 769x20
          RenderText {#text} at (0,2) size 59x18
            text run at (0,2) width 15: "cd"
            text run at (15,2) width 13 RTL: "(^"
            text run at (28,2) width 16: "12"
            text run at (44,2) width 15 RTL: "\x{627}\x{628}"
        RenderBlock {P} at (0,210) size 769x20
          RenderText {#text} at (0,2) size 59x18
            text run at (0,2) width 15: "cd"
            text run at (15,2) width 13 RTL: "(^"
            text run at (28,2) width 31: "ab\x{661}\x{662}"
        RenderBlock {P} at (0,246) size 769x20
          RenderText {#text} at (0,2) size 64x18
            text run at (0,2) width 15: "cd"
            text run at (15,2) width 13 RTL: "(^"
            text run at (28,2) width 16: "\x{661}\x{662}"
            text run at (44,2) width 20 RTL: "\x{5D0}\x{5D1}"
        RenderBlock {P} at (0,282) size 769x20
          RenderText {#text} at (0,2) size 59x18
            text run at (0,2) width 15: "cd"
            text run at (15,2) width 13 RTL: "(^"
            text run at (28,2) width 16: "\x{661}\x{662}"
            text run at (44,2) width 15 RTL: "\x{627}\x{628}"
        RenderBlock {P} at (0,318) size 769x18
          RenderText {#text} at (0,0) size 35x18
            text run at (0,0) width 7: "?"
            text run at (7,0) width 28: "(^cd"
        RenderBlock {P} at (0,352) size 769x18
          RenderText {#text} at (0,0) size 35x18
            text run at (0,0) width 15: "cd"
            text run at (15,0) width 13 RTL: "(^"
            text run at (28,0) width 7 RTL: "?"
        RenderBlock {P} at (0,386) size 769x19
          RenderText {#text} at (0,1) size 43x18
            text run at (0,1) width 28 RTL: "(^\x{5D2}\x{5D3}"
            text run at (28,1) width 15: "ab"
        RenderBlock {P} at (0,421) size 769x19
          RenderText {#text} at (0,1) size 48x18
            text run at (0,1) width 48 RTL: "\x{5D0}\x{5D1}(^\x{5D2}\x{5D3}"
        RenderBlock {P} at (0,456) size 769x20
          RenderText {#text} at (0,2) size 43x18
            text run at (0,2) width 43 RTL: "\x{627}\x{628}(^\x{5D2}\x{5D3}"
        RenderBlock {P} at (0,492) size 769x19
          RenderText {#text} at (0,1) size 59x18
            text run at (0,1) width 28 RTL: "(^\x{5D2}\x{5D3}"
            text run at (28,1) width 31: "ab12"
        RenderBlock {P} at (0,527) size 769x19
          RenderText {#text} at (0,1) size 64x18
            text run at (0,1) width 28 RTL: "(^\x{5D2}\x{5D3}"
            text run at (28,1) width 16: "12"
            text run at (44,1) width 20 RTL: "\x{5D0}\x{5D1}"
        RenderBlock {P} at (0,562) size 769x20
          RenderText {#text} at (0,2) size 59x18
            text run at (0,2) width 28 RTL: "(^\x{5D2}\x{5D3}"
            text run at (28,2) width 16: "12"
            text run at (44,2) width 15 RTL: "\x{627}\x{628}"
        RenderBlock {P} at (0,598) size 769x20
          RenderText {#text} at (0,2) size 59x18
            text run at (0,2) width 28 RTL: "(^\x{5D2}\x{5D3}"
            text run at (28,2) width 31: "ab\x{661}\x{662}"
        RenderBlock {P} at (0,634) size 769x20
          RenderText {#text} at (0,2) size 64x18
            text run at (0,2) width 28 RTL: "(^\x{5D2}\x{5D3}"
            text run at (28,2) width 16: "\x{661}\x{662}"
            text run at (44,2) width 20 RTL: "\x{5D0}\x{5D1}"
        RenderBlock {P} at (0,670) size 769x20
          RenderText {#text} at (0,2) size 59x18
            text run at (0,2) width 28 RTL: "(^\x{5D2}\x{5D3}"
            text run at (28,2) width 16: "\x{661}\x{662}"
            text run at (44,2) width 15 RTL: "\x{627}\x{628}"
        RenderBlock {P} at (0,706) size 769x19
          RenderText {#text} at (0,1) size 35x18
            text run at (0,1) width 28 RTL: "(^\x{5D2}\x{5D3}"
            text run at (28,1) width 7: "?"
        RenderBlock {P} at (0,741) size 769x19
          RenderText {#text} at (0,1) size 35x18
            text run at (0,1) width 28 RTL: "(^\x{5D2}\x{5D3}"
            text run at (28,1) width 7 RTL: "?"
        RenderBlock {P} at (0,776) size 769x20
          RenderText {#text} at (0,2) size 45x18
            text run at (0,2) width 30 RTL: "(^\x{62C}\x{62F}"
            text run at (30,2) width 15: "ab"
        RenderBlock {P} at (0,812) size 769x20
          RenderText {#text} at (0,2) size 50x18
            text run at (0,2) width 50 RTL: "\x{5D0}\x{5D1}(^\x{62C}\x{62F}"
        RenderBlock {P} at (0,848) size 769x20
          RenderText {#text} at (0,2) size 45x18
            text run at (0,2) width 45 RTL: "\x{627}\x{628}(^\x{62C}\x{62F}"
        RenderBlock {P} at (0,884) size 769x20
          RenderText {#text} at (0,2) size 61x18
            text run at (0,2) width 30 RTL: "(^\x{62C}\x{62F}"
            text run at (30,2) width 31: "ab12"
        RenderBlock {P} at (0,920) size 769x20
          RenderText {#text} at (0,2) size 66x18
            text run at (0,2) width 30 RTL: "(^\x{62C}\x{62F}"
            text run at (30,2) width 16: "12"
            text run at (46,2) width 20 RTL: "\x{5D0}\x{5D1}"
        RenderBlock {P} at (0,956) size 769x20
          RenderText {#text} at (0,2) size 61x18
            text run at (0,2) width 30 RTL: "(^\x{62C}\x{62F}"
            text run at (30,2) width 16: "12"
            text run at (46,2) width 15 RTL: "\x{627}\x{628}"
        RenderBlock {P} at (0,992) size 769x20
          RenderText {#text} at (0,2) size 61x18
            text run at (0,2) width 30 RTL: "(^\x{62C}\x{62F}"
            text run at (30,2) width 31: "ab\x{661}\x{662}"
        RenderBlock {P} at (0,1028) size 769x20
          RenderText {#text} at (0,2) size 66x18
            text run at (0,2) width 30 RTL: "(^\x{62C}\x{62F}"
            text run at (30,2) width 16: "\x{661}\x{662}"
            text run at (46,2) width 20 RTL: "\x{5D0}\x{5D1}"
        RenderBlock {P} at (0,1064) size 769x20
          RenderText {#text} at (0,2) size 61x18
            text run at (0,2) width 30 RTL: "(^\x{62C}\x{62F}"
            text run at (30,2) width 16: "\x{661}\x{662}"
            text run at (46,2) width 15 RTL: "\x{627}\x{628}"
        RenderBlock {P} at (0,1100) size 769x20
          RenderText {#text} at (0,2) size 37x18
            text run at (0,2) width 30 RTL: "(^\x{62C}\x{62F}"
            text run at (30,2) width 7: "?"
        RenderBlock {P} at (0,1136) size 769x20
          RenderText {#text} at (0,2) size 37x18
            text run at (0,2) width 30 RTL: "(^\x{62C}\x{62F}"
            text run at (30,2) width 7 RTL: "?"
        RenderBlock {P} at (0,1172) size 769x19
          RenderText {#text} at (0,1) size 63x18
            text run at (0,1) width 7: "z"
            text run at (7,1) width 12 RTL: "\x{5E9}"
            text run at (19,1) width 44: "ab(^34"
        RenderBlock {P} at (0,1207) size 769x19
          RenderText {#text} at (0,1) size 68x18
            text run at (0,1) width 7: "z"
            text run at (7,1) width 12 RTL: "\x{5E9}"
            text run at (19,1) width 16: "34"
            text run at (35,1) width 33 RTL: "\x{5D0}\x{5D1}(^"
        RenderBlock {P} at (0,1242) size 769x20
          RenderText {#text} at (0,2) size 63x18
            text run at (0,2) width 7: "z"
            text run at (7,2) width 12 RTL: "\x{5E9}"
            text run at (19,2) width 16: "34"
            text run at (35,2) width 28 RTL: "\x{627}\x{628}(^"
        RenderBlock {P} at (0,1278) size 769x19
          RenderText {#text} at (0,1) size 79x18
            text run at (0,1) width 7: "z"
            text run at (7,1) width 12 RTL: "\x{5E9}"
            text run at (19,1) width 60: "ab12(^34"
        RenderBlock {P} at (0,1313) size 769x19
          RenderText {#text} at (0,1) size 84x18
            text run at (0,1) width 7: "z"
            text run at (7,1) width 12 RTL: "\x{5E9}"
            text run at (19,1) width 16: "34"
            text run at (35,1) width 13 RTL: "(^"
            text run at (48,1) width 16: "12"
            text run at (64,1) width 20 RTL: "\x{5D0}\x{5D1}"
        RenderBlock {P} at (0,1348) size 769x20
          RenderText {#text} at (0,2) size 79x18
            text run at (0,2) width 7: "z"
            text run at (7,2) width 12 RTL: "\x{5E9}"
            text run at (19,2) width 16: "34"
            text run at (35,2) width 13 RTL: "(^"
            text run at (48,2) width 16: "12"
            text run at (64,2) width 15 RTL: "\x{627}\x{628}"
        RenderBlock {P} at (0,1384) size 769x20
          RenderText {#text} at (0,2) size 79x18
            text run at (0,2) width 7: "z"
            text run at (7,2) width 12 RTL: "\x{5E9}"
            text run at (19,2) width 16: "34"
            text run at (35,2) width 13 RTL: "(^"
            text run at (48,2) width 31: "ab\x{661}\x{662}"
        RenderBlock {P} at (0,1420) size 769x20
          RenderText {#text} at (0,2) size 84x18
            text run at (0,2) width 7: "z"
            text run at (7,2) width 12 RTL: "\x{5E9}"
            text run at (19,2) width 16: "34"
            text run at (35,2) width 13 RTL: "(^"
            text run at (48,2) width 16: "\x{661}\x{662}"
            text run at (64,2) width 20 RTL: "\x{5D0}\x{5D1}"
        RenderBlock {P} at (0,1456) size 769x20
          RenderText {#text} at (0,2) size 79x18
            text run at (0,2) width 7: "z"
            text run at (7,2) width 12 RTL: "\x{5E9}"
            text run at (19,2) width 16: "34"
            text run at (35,2) width 13 RTL: "(^"
            text run at (48,2) width 16: "\x{661}\x{662}"
            text run at (64,2) width 15 RTL: "\x{627}\x{628}"
        RenderBlock {P} at (0,1492) size 769x19
          RenderText {#text} at (0,1) size 55x18
            text run at (0,1) width 7: "z"
            text run at (7,1) width 12 RTL: "\x{5E9}"
            text run at (19,1) width 7: "?"
            text run at (26,1) width 29: "(^34"
        RenderBlock {P} at (0,1527) size 769x19
          RenderText {#text} at (0,1) size 55x18
            text run at (0,1) width 7: "z"
            text run at (7,1) width 12 RTL: "\x{5E9}"
            text run at (19,1) width 16: "34"
            text run at (35,1) width 13 RTL: "(^"
            text run at (48,1) width 7 RTL: "?"
        RenderBlock {P} at (0,1562) size 769x20
          RenderText {#text} at (0,2) size 63x18
            text run at (0,2) width 7: "z"
            text run at (7,2) width 12 RTL: "\x{5E9}"
            text run at (19,2) width 16: "\x{663}\x{664}"
            text run at (35,2) width 13 RTL: "(^"
            text run at (48,2) width 15: "ab"
        RenderBlock {P} at (0,1598) size 769x20
          RenderText {#text} at (0,2) size 68x18
            text run at (0,2) width 7: "z"
            text run at (7,2) width 12 RTL: "\x{5E9}"
            text run at (19,2) width 16: "\x{663}\x{664}"
            text run at (35,2) width 33 RTL: "\x{5D0}\x{5D1}(^"
        RenderBlock {P} at (0,1634) size 769x20
          RenderText {#text} at (0,2) size 63x18
            text run at (0,2) width 7: "z"
            text run at (7,2) width 12 RTL: "\x{5E9}"
            text run at (19,2) width 16: "\x{663}\x{664}"
            text run at (35,2) width 28 RTL: "\x{627}\x{628}(^"
        RenderBlock {P} at (0,1670) size 769x20
          RenderText {#text} at (0,2) size 79x18
            text run at (0,2) width 7: "z"
            text run at (7,2) width 12 RTL: "\x{5E9}"
            text run at (19,2) width 16: "\x{663}\x{664}"
            text run at (35,2) width 13 RTL: "(^"
            text run at (48,2) width 31: "ab12"
        RenderBlock {P} at (0,1706) size 769x20
          RenderText {#text} at (0,2) size 84x18
            text run at (0,2) width 7: "z"
            text run at (7,2) width 12 RTL: "\x{5E9}"
            text run at (19,2) width 16: "\x{663}\x{664}"
            text run at (35,2) width 13 RTL: "(^"
            text run at (48,2) width 16: "12"
            text run at (64,2) width 20 RTL: "\x{5D0}\x{5D1}"
        RenderBlock {P} at (0,1742) size 769x20
          RenderText {#text} at (0,2) size 79x18
            text run at (0,2) width 7: "z"
            text run at (7,2) width 12 RTL: "\x{5E9}"
            text run at (19,2) width 16: "\x{663}\x{664}"
            text run at (35,2) width 13 RTL: "(^"
            text run at (48,2) width 16: "12"
            text run at (64,2) width 15 RTL: "\x{627}\x{628}"
        RenderBlock {P} at (0,1778) size 769x20
          RenderText {#text} at (0,2) size 79x18
            text run at (0,2) width 7: "z"
            text run at (7,2) width 12 RTL: "\x{5E9}"
            text run at (19,2) width 16: "\x{663}\x{664}"
            text run at (35,2) width 13 RTL: "(^"
            text run at (48,2) width 31: "ab\x{661}\x{662}"
        RenderBlock {P} at (0,1814) size 769x20
          RenderText {#text} at (0,2) size 84x18
            text run at (0,2) width 7: "z"
            text run at (7,2) width 12 RTL: "\x{5E9}"
            text run at (19,2) width 16: "\x{663}\x{664}"
            text run at (35,2) width 13 RTL: "(^"
            text run at (48,2) width 16: "\x{661}\x{662}"
            text run at (64,2) width 20 RTL: "\x{5D0}\x{5D1}"
        RenderBlock {P} at (0,1850) size 769x20
          RenderText {#text} at (0,2) size 79x18
            text run at (0,2) width 7: "z"
            text run at (7,2) width 12 RTL: "\x{5E9}"
            text run at (19,2) width 16: "\x{663}\x{664}"
            text run at (35,2) width 13 RTL: "(^"
            text run at (48,2) width 16: "\x{661}\x{662}"
            text run at (64,2) width 15 RTL: "\x{627}\x{628}"
        RenderBlock {P} at (0,1886) size 769x20
          RenderText {#text} at (0,2) size 55x18
            text run at (0,2) width 7: "z"
            text run at (7,2) width 12 RTL: "\x{5E9}"
            text run at (19,2) width 16: "\x{663}\x{664}"
            text run at (35,2) width 13 RTL: "(^"
            text run at (48,2) width 7: "?"
        RenderBlock {P} at (0,1922) size 769x20
          RenderText {#text} at (0,2) size 55x18
            text run at (0,2) width 7: "z"
            text run at (7,2) width 12 RTL: "\x{5E9}"
            text run at (19,2) width 16: "\x{663}\x{664}"
            text run at (35,2) width 13 RTL: "(^"
            text run at (48,2) width 7 RTL: "?"
        RenderBlock {P} at (0,1958) size 769x18
          RenderText {#text} at (0,0) size 33x18
            text run at (0,0) width 28: "ab(^"
            text run at (28,0) width 5: "!"
        RenderBlock {P} at (0,1992) size 769x19
          RenderText {#text} at (0,1) size 38x18
            text run at (0,1) width 5: "!"
            text run at (5,1) width 33 RTL: "\x{5D0}\x{5D1}(^"
        RenderBlock {P} at (0,2027) size 769x20
          RenderText {#text} at (0,2) size 33x18
            text run at (0,2) width 5: "!"
            text run at (5,2) width 28 RTL: "\x{627}\x{628}(^"
        RenderBlock {P} at (0,2063) size 769x18
          RenderText {#text} at (0,0) size 49x18
            text run at (0,0) width 44: "ab12(^"
            text run at (44,0) width 5: "!"
        RenderBlock {P} at (0,2097) size 769x19
          RenderText {#text} at (0,1) size 54x18
            text run at (0,1) width 5: "!"
            text run at (5,1) width 13 RTL: "(^"
            text run at (18,1) width 16: "12"
            text run at (34,1) width 20 RTL: "\x{5D0}\x{5D1}"
        RenderBlock {P} at (0,2132) size 769x20
          RenderText {#text} at (0,2) size 49x18
            text run at (0,2) width 5: "!"
            text run at (5,2) width 13 RTL: "(^"
            text run at (18,2) width 16: "12"
            text run at (34,2) width 15 RTL: "\x{627}\x{628}"
        RenderBlock {P} at (0,2168) size 769x20
          RenderText {#text} at (0,2) size 49x18
            text run at (0,2) width 5: "!"
            text run at (5,2) width 13 RTL: "(^"
            text run at (18,2) width 31: "ab\x{661}\x{662}"
        RenderBlock {P} at (0,2204) size 769x20
          RenderText {#text} at (0,2) size 54x18
            text run at (0,2) width 5: "!"
            text run at (5,2) width 13 RTL: "(^"
            text run at (18,2) width 16: "\x{661}\x{662}"
            text run at (34,2) width 20 RTL: "\x{5D0}\x{5D1}"
        RenderBlock {P} at (0,2240) size 769x20
          RenderText {#text} at (0,2) size 49x18
            text run at (0,2) width 5: "!"
            text run at (5,2) width 13 RTL: "(^"
            text run at (18,2) width 16: "\x{661}\x{662}"
            text run at (34,2) width 15 RTL: "\x{627}\x{628}"
        RenderBlock {P} at (0,2276) size 769x18
          RenderText {#text} at (0,0) size 25x18
            text run at (0,0) width 7: "?"
            text run at (7,0) width 13: "(^"
            text run at (20,0) width 5: "!"
        RenderBlock {P} at (0,2310) size 769x18
          RenderText {#text} at (0,0) size 25x18
            text run at (0,0) width 5: "!"
            text run at (5,0) width 13 RTL: "(^"
            text run at (18,0) width 7 RTL: "?"
        RenderBlock {P} at (0,2344) size 769x18
          RenderText {#text} at (0,0) size 33x18
            text run at (0,0) width 5 RTL: "!"
            text run at (5,0) width 13 RTL: "(^"
            text run at (18,0) width 15: "ab"
        RenderBlock {P} at (0,2378) size 769x19
          RenderText {#text} at (0,1) size 38x18
            text run at (0,1) width 5 RTL: "!"
            text run at (5,1) width 33 RTL: "\x{5D0}\x{5D1}(^"
        RenderBlock {P} at (0,2413) size 769x20
          RenderText {#text} at (0,2) size 33x18
            text run at (0,2) width 5 RTL: "!"
            text run at (5,2) width 28 RTL: "\x{627}\x{628}(^"
        RenderBlock {P} at (0,2449) size 769x18
          RenderText {#text} at (0,0) size 49x18
            text run at (0,0) width 5 RTL: "!"
            text run at (5,0) width 13 RTL: "(^"
            text run at (18,0) width 31: "ab12"
        RenderBlock {P} at (0,2483) size 769x19
          RenderText {#text} at (0,1) size 54x18
            text run at (0,1) width 5 RTL: "!"
            text run at (5,1) width 13 RTL: "(^"
            text run at (18,1) width 16: "12"
            text run at (34,1) width 20 RTL: "\x{5D0}\x{5D1}"
        RenderBlock {P} at (0,2518) size 769x20
          RenderText {#text} at (0,2) size 49x18
            text run at (0,2) width 5 RTL: "!"
            text run at (5,2) width 13 RTL: "(^"
            text run at (18,2) width 16: "12"
            text run at (34,2) width 15 RTL: "\x{627}\x{628}"
        RenderBlock {P} at (0,2554) size 769x20
          RenderText {#text} at (0,2) size 49x18
            text run at (0,2) width 5 RTL: "!"
            text run at (5,2) width 13 RTL: "(^"
            text run at (18,2) width 31: "ab\x{661}\x{662}"
        RenderBlock {P} at (0,2590) size 769x20
          RenderText {#text} at (0,2) size 54x18
            text run at (0,2) width 5 RTL: "!"
            text run at (5,2) width 13 RTL: "(^"
            text run at (18,2) width 16: "\x{661}\x{662}"
            text run at (34,2) width 20 RTL: "\x{5D0}\x{5D1}"
        RenderBlock {P} at (0,2626) size 769x20
          RenderText {#text} at (0,2) size 49x18
            text run at (0,2) width 5 RTL: "!"
            text run at (5,2) width 13 RTL: "(^"
            text run at (18,2) width 16: "\x{661}\x{662}"
            text run at (34,2) width 15 RTL: "\x{627}\x{628}"
        RenderBlock {P} at (0,2662) size 769x18
          RenderText {#text} at (0,0) size 25x18
            text run at (0,0) width 5 RTL: "!"
            text run at (5,0) width 13 RTL: "(^"
            text run at (18,0) width 7: "?"
        RenderBlock {P} at (0,2696) size 769x18
          RenderText {#text} at (0,0) size 25x18
            text run at (0,0) width 5 RTL: "!"
            text run at (5,0) width 13 RTL: "(^"
            text run at (18,0) width 7 RTL: "?"
        RenderBlock {P} at (0,2730) size 769x18
          RenderText {#text} at (0,0) size 28x18
            text run at (0,0) width 28: "ab(^"
        RenderBlock {P} at (0,2764) size 769x19
          RenderText {#text} at (0,1) size 33x18
            text run at (0,1) width 20 RTL: "\x{5D0}\x{5D1}"
            text run at (20,1) width 13: "(^"
        RenderBlock {P} at (0,2799) size 769x20
          RenderText {#text} at (0,2) size 28x18
            text run at (0,2) width 15 RTL: "\x{627}\x{628}"
            text run at (15,2) width 13: "(^"
        RenderBlock {P} at (0,2835) size 769x18
          RenderText {#text} at (0,0) size 44x18
            text run at (0,0) width 44: "ab12(^"
        RenderBlock {P} at (0,2869) size 769x19
          RenderText {#text} at (0,1) size 49x18
            text run at (0,1) width 16: "12"
            text run at (16,1) width 20 RTL: "\x{5D0}\x{5D1}"
            text run at (36,1) width 13: "(^"
        RenderBlock {P} at (0,2904) size 769x20
          RenderText {#text} at (0,2) size 44x18
            text run at (0,2) width 16: "12"
            text run at (16,2) width 15 RTL: "\x{627}\x{628}"
            text run at (31,2) width 13: "(^"
        RenderBlock {P} at (0,2940) size 769x20
          RenderText {#text} at (0,2) size 44x18
            text run at (0,2) width 15: "ab"
            text run at (15,2) width 16: "\x{661}\x{662}"
            text run at (31,2) width 13: "(^"
        RenderBlock {P} at (0,2976) size 769x20
          RenderText {#text} at (0,2) size 49x18
            text run at (0,2) width 16: "\x{661}\x{662}"
            text run at (16,2) width 20 RTL: "\x{5D0}\x{5D1}"
            text run at (36,2) width 13: "(^"
        RenderBlock {P} at (0,3012) size 769x20
          RenderText {#text} at (0,2) size 44x18
            text run at (0,2) width 16: "\x{661}\x{662}"
            text run at (16,2) width 15 RTL: "\x{627}\x{628}"
            text run at (31,2) width 13: "(^"
        RenderBlock {P} at (0,3048) size 769x18
          RenderText {#text} at (0,0) size 20x18
            text run at (0,0) width 7: "?"
            text run at (7,0) width 13: "(^"
        RenderBlock {P} at (0,3082) size 769x18
          RenderText {#text} at (0,0) size 20x18
            text run at (0,0) width 7 RTL: "?"
            text run at (7,0) width 13: "(^"
