CONSOLE MESSAGE: line 17: Error: WRONG_DOCUMENT_ERR: DOM Exception 4
layer at (0,0) size 800x600
  RenderView at (0,0) size 800x600
layer at (0,0) size 800x600
  RenderBlock {HTML} at (0,0) size 800x600
    RenderBody {BODY} at (8,8) size 784x584
      RenderBlock {P} at (0,0) size 784x38
        RenderText {#text} at (0,0) size 777x38
          text run at (0,0) width 777: "This tests for a bug in GMail's Editor, they try to extract the contents of a range that has had it's contents removed from the"
          text run at (0,19) width 223: "document by an editing command. "
          text run at (223,19) width 262: "You should see 'dogfood' unstyled below."
      RenderBlock {DIV} at (0,52) size 784x19
        RenderText {#text} at (0,0) size 52x19
          text run at (0,0) width 52: "dogfood"
selection start: position 0 of child 0 {#text} of child 2 {DIV} of child 1 {BODY} of child 0 {HTML} of document
selection end:   position 7 of child 0 {#text} of child 2 {DIV} of child 1 {BODY} of child 0 {HTML} of document
