layer at (0,0) size 800x600
  RenderView at (0,0) size 800x600
layer at (0,0) size 800x600
  RenderBlock {HTML} at (0,0) size 800x600
    RenderBody {BODY} at (8,8) size 784x584
      RenderBlock {P} at (0,0) size 784x40
        RenderText {#text} at (0,0) size 524x19
          text run at (0,0) width 524: "This tests for a bug where RemoveFormat would reverse the order of paragraphs. "
        RenderInline {B} at (0,0) size 780x40
          RenderText {#text} at (524,0) size 780x40
            text run at (524,0) width 256: "This demonstrates a bug: the caret is"
            text run at (0,20) width 128: "on the wrong line. "
            text run at (128,20) width 192: "It should be on the last line."
      RenderBlock {DIV} at (0,54) size 784x57
        RenderBlock (anonymous) at (0,0) size 784x0
        RenderBlock {DIV} at (0,0) size 784x19
          RenderText {#text} at (0,0) size 20x19
            text run at (0,0) width 20: "foo"
        RenderBlock {DIV} at (0,19) size 784x19
          RenderBR {BR} at (0,0) size 0x19
        RenderBlock {DIV} at (0,38) size 784x19
          RenderBR {BR} at (0,0) size 0x19
caret: position 0 of child 0 {BR} of child 2 {DIV} of child 2 {DIV} of child 1 {BODY} of child 0 {HTML} of document
