layer at (0,0) size 800x600
  RenderView at (0,0) size 800x600
layer at (0,0) size 800x600
  RenderBlock {HTML} at (0,0) size 800x600
    RenderBody {BODY} at (8,8) size 784x584
      RenderBlock {P} at (0,0) size 784x38
        RenderText {#text} at (0,0) size 781x38
          text run at (0,0) width 592: "This tests for a bug where Remove Format would fail to remove links that were fully selected. "
          text run at (592,0) width 189: "You should see plain text only"
          text run at (0,19) width 178: "in the editable region below."
      RenderBlock {DIV} at (0,52) size 784x19
        RenderText {#text} at (0,0) size 237x19
          text run at (0,0) width 237: "This shouldn't be a link or underlined."
selection start: position 0 of child 0 {#text} of child 2 {DIV} of child 1 {BODY} of child 0 {HTML} of document
selection end:   position 39 of child 0 {#text} of child 2 {DIV} of child 1 {BODY} of child 0 {HTML} of document
