layer at (0,0) size 800x600
  RenderView at (0,0) size 800x600
layer at (0,0) size 800x600
  RenderBlock {HTML} at (0,0) size 800x600
    RenderBody {BODY} at (8,8) size 784x584
      RenderBlock {P} at (0,0) size 784x38
        RenderText {#text} at (0,0) size 782x38
          text run at (0,0) width 600: "This tests for a bug where centering text would prevent it from being right or left aligned again. "
          text run at (600,0) width 182: "The paragraph below should"
          text run at (0,19) width 102: "be right aligned."
      RenderBlock {DIV} at (0,52) size 784x19
        RenderText {#text} at (764,0) size 20x19
          text run at (764,0) width 20: "foo"
selection start: position 0 of child 0 {#text} of child 2 {DIV} of child 1 {BODY} of child 0 {HTML} of document
selection end:   position 3 of child 0 {#text} of child 2 {DIV} of child 1 {BODY} of child 0 {HTML} of document
