layer at (0,0) size 800x600
  RenderView at (0,0) size 800x600
layer at (0,0) size 800x600
  RenderBlock {HTML} at (0,0) size 800x600
    RenderBody {BODY} at (8,8) size 784x578
      RenderBlock {UL} at (0,0) size 784x19
        RenderListItem {LI} at (40,0) size 744x19
          RenderListMarker at (-17,0) size 7x19: bullet
          RenderInline {A} at (0,0) size 740x19 [color=#0000EE]
            RenderText {#text} at (0,0) size 740x19
              text run at (0,0) width 337: "This tests for a crash when creating a list from a link. "
              text run at (337,0) width 403: "This paragraph should be a link and should be inside a list item."
          RenderText {#text} at (0,0) size 0x0
      RenderBlock (anonymous) at (0,33) size 784x0
selection start: position 0 of child 0 {#text} of child 0 {A} of child 0 {LI} of child 0 {UL} of child 1 {BODY} of child 0 {HTML} of document
selection end:   position 123 of child 0 {#text} of child 0 {A} of child 0 {LI} of child 0 {UL} of child 1 {BODY} of child 0 {HTML} of document
