EDITING DELEGATE: shouldBeginEditingInDOMRange:range from 0 of DIV > BODY > HTML > #document to 1 of DIV > BODY > HTML > #document
EDITING DELEGATE: webViewDidBeginEditing:WebViewDidBeginEditingNotification
EDITING DELEGATE: webViewDidChangeSelection:WebViewDidChangeSelectionNotification
EDITING DELEGATE: webViewDidChangeSelection:WebViewDidChangeSelectionNotification
EDITING DELEGATE: shouldChangeSelectedDOMRange:(null) toDOMRange:range from 0 of LI > UL > DIV > BODY > HTML > #document to 0 of LI > UL > DIV > BODY > HTML > #document affinity:NSSelectionAffinityDownstream stillSelecting:FALSE
EDITING DELEGATE: webViewDidChangeSelection:WebViewDidChangeSelectionNotification
EDITING DELEGATE: webViewDidChange:WebViewDidChangeNotification
layer at (0,0) size 800x600
  RenderView at (0,0) size 800x600
layer at (0,0) size 800x600
  RenderBlock {HTML} at (0,0) size 800x600
    RenderBody {BODY} at (8,8) size 784x578
      RenderBlock {P} at (0,0) size 784x40
        RenderText {#text} at (0,0) size 515x19
          text run at (0,0) width 515: "This test pushes a horizontal rule into an unordered list with InsertUnorderedList. "
        RenderInline {B} at (0,0) size 756x40
          RenderText {#text} at (515,0) size 756x40
            text run at (515,0) width 241: "This demonstrates what might be a"
            text run at (0,20) width 32: "bug:"
        RenderText {#text} at (32,20) size 431x19
          text run at (32,20) width 431: " the horizontal rule appears before the list marker in the render tree."
      RenderBlock {DIV} at (0,54) size 784x28
        RenderBlock {UL} at (0,0) size 784x28
          RenderListItem {LI} at (40,0) size 744x28
            RenderBlock {HR} at (0,0) size 744x2 [border: (1px inset #000000)]
            RenderBlock (anonymous) at (0,9) size 744x19
              RenderListMarker at (-17,0) size 7x19: bullet
        RenderBlock (anonymous) at (0,42) size 784x0
caret: position 0 of child 0 {HR} of child 0 {LI} of child 0 {UL} of child 2 {DIV} of child 1 {BODY} of child 0 {HTML} of document
