EDITING DELEGATE: shouldBeginEditingInDOMRange:range from 0 of DIV > BODY > HTML > #document to 9 of DIV > BODY > HTML > #document
EDITING DELEGATE: webViewDidBeginEditing:WebViewDidBeginEditingNotification
EDITING DELEGATE: webViewDidChangeSelection:WebViewDidChangeSelectionNotification
EDITING DELEGATE: webViewDidChangeSelection:WebViewDidChangeSelectionNotification
EDITING DELEGATE: shouldChangeSelectedDOMRange:(null) toDOMRange:range from 2 of #text > DL > DIV > BODY > HTML > #document to 2 of #text > DL > DIV > BODY > HTML > #document affinity:NSSelectionAffinityDownstream stillSelecting:FALSE
EDITING DELEGATE: webViewDidChangeSelection:WebViewDidChangeSelectionNotification
EDITING DELEGATE: webViewDidChange:WebViewDidChangeNotification
layer at (0,0) size 800x600
  RenderView at (0,0) size 800x600
layer at (0,0) size 800x600
  RenderBlock {HTML} at (0,0) size 800x600
    RenderBody {BODY} at (8,8) size 784x584
      RenderBlock {DIV} at (0,0) size 784x19
        RenderText {#text} at (0,0) size 608x19
          text run at (0,0) width 608: "This test uses FormatBlock to apply the dl tag to a range of paragraphs with different block tags."
      RenderBlock (anonymous) at (0,19) size 784x19
        RenderBR {BR} at (0,0) size 0x19
      RenderBlock {DIV} at (0,38) size 784x214 [border: (1px solid #000000)]
        RenderBlock {DL} at (1,15) size 782x19
          RenderText {#text} at (0,0) size 25x19
            text run at (0,0) width 25: "Foo"
        RenderBlock {DIV} at (1,48) size 782x85
          RenderBlock {DL} at (0,0) size 782x19
            RenderText {#text} at (0,0) size 21x19
              text run at (0,0) width 21: "bar"
          RenderBlock (anonymous) at (0,33) size 782x0
            RenderInline {SPAN} at (0,0) size 0x0
          RenderBlock (anonymous) at (0,33) size 782x19
            RenderBlock {DL} at (0,0) size 782x19
              RenderText {#text} at (0,0) size 23x19
                text run at (0,0) width 23: "baz"
          RenderBlock (anonymous) at (0,66) size 782x0
            RenderInline {SPAN} at (0,0) size 0x0
          RenderBlock {DL} at (0,66) size 782x19
            RenderText {#text} at (0,0) size 20x19
              text run at (0,0) width 20: "raz"
          RenderBlock (anonymous) at (0,99) size 782x0
        RenderBlock {DL} at (1,147) size 782x19
          RenderText {#text} at (0,0) size 21x19
            text run at (0,0) width 21: "dar"
          RenderText {#text} at (21,0) size 4x19
            text run at (21,0) width 4: " "
        RenderBlock (anonymous) at (1,180) size 782x0
        RenderBlock {DL} at (1,180) size 782x19
          RenderText {#text} at (0,0) size 20x19
            text run at (0,0) width 20: "yar"
selection start: position 2 of child 0 {#text} of child 1 {DL} of child 4 {DIV} of child 1 {BODY} of child 0 {HTML} of document
selection end:   position 2 of child 0 {#text} of child 6 {DL} of child 4 {DIV} of child 1 {BODY} of child 0 {HTML} of document
