EDITING DELEGATE: shouldBeginEditingInDOMRange:range from 0 of DIV > BODY > HTML > #document to 11 of DIV > BODY > HTML > #document
EDITING DELEGATE: webViewDidBeginEditing:WebViewDidBeginEditingNotification
EDITING DELEGATE: webViewDidChangeSelection:WebViewDidChangeSelectionNotification
EDITING DELEGATE: webViewDidChangeSelection:WebViewDidChangeSelectionNotification
EDITING DELEGATE: shouldChangeSelectedDOMRange:(null) toDOMRange:range from 0 of PRE > DIV > BODY > HTML > #document to 0 of PRE > DIV > BODY > HTML > #document affinity:NSSelectionAffinityDownstream stillSelecting:FALSE
EDITING DELEGATE: webViewDidChangeSelection:WebViewDidChangeSelectionNotification
EDITING DELEGATE: webViewDidChange:WebViewDidChangeNotification
EDITING DELEGATE: webViewDidChangeSelection:WebViewDidChangeSelectionNotification
EDITING DELEGATE: webViewDidChangeSelection:WebViewDidChangeSelectionNotification
EDITING DELEGATE: shouldChangeSelectedDOMRange:(null) toDOMRange:range from 0 of H1 > DIV > DIV > BODY > HTML > #document to 0 of H1 > DIV > DIV > BODY > HTML > #document affinity:NSSelectionAffinityDownstream stillSelecting:FALSE
EDITING DELEGATE: webViewDidChangeSelection:WebViewDidChangeSelectionNotification
EDITING DELEGATE: webViewDidChange:WebViewDidChangeNotification
EDITING DELEGATE: webViewDidChangeSelection:WebViewDidChangeSelectionNotification
EDITING DELEGATE: webViewDidChange:WebViewDidChangeNotification
layer at (0,0) size 800x600
  RenderView at (0,0) size 800x600
layer at (0,0) size 800x600
  RenderBlock {HTML} at (0,0) size 800x600
    RenderBody {BODY} at (8,8) size 784x584
      RenderBlock {DIV} at (0,0) size 784x19
        RenderText {#text} at (0,0) size 429x19
          text run at (0,0) width 429: "This test uses FormatBlock to modify three of the paragraphs below"
      RenderBlock (anonymous) at (0,19) size 784x19
        RenderBR {BR} at (0,0) size 0x19
      RenderBlock {DIV} at (0,38) size 784x219 [border: (1px solid #000000)]
        RenderBlock {PRE} at (1,15) size 782x19
          RenderText {#text} at (0,0) size 61x19
            text run at (0,0) width 61: "Make Pre"
        RenderBlock (anonymous) at (1,48) size 782x19
          RenderBR {BR} at (0,0) size 0x19
        RenderBlock {DIV} at (1,67) size 782x112
          RenderBlock (anonymous) at (0,0) size 782x19
            RenderText {#text} at (0,0) size 25x19
              text run at (0,0) width 25: "Foo"
            RenderBR {BR} at (25,14) size 0x0
          RenderBlock {H1} at (0,37) size 782x38
            RenderText {#text} at (0,0) size 112x38
              text run at (0,0) width 112: "Make h1"
          RenderBlock (anonymous) at (0,93) size 782x19
            RenderText {#text} at (0,0) size 23x19
              text run at (0,0) width 23: "baz"
        RenderBlock (anonymous) at (1,179) size 782x19
          RenderBR {BR} at (0,0) size 0x19
        RenderBlock {ADDRESS} at (1,198) size 782x20
          RenderText {#text} at (0,0) size 277x19
            text run at (0,0) width 277: "Attempt to apply the current formatting here"
caret: position 0 of child 0 {#text} of child 9 {ADDRESS} of child 4 {DIV} of child 1 {BODY} of child 0 {HTML} of document
