EDITING DELEGATE: shouldBeginEditingInDOMRange:range from 0 of DIV > BODY > HTML > #document to 10 of DIV > BODY > HTML > #document
EDITING DELEGATE: webViewDidBeginEditing:WebViewDidBeginEditingNotification
EDITING DELEGATE: webViewDidChangeSelection:WebViewDidChangeSelectionNotification
EDITING DELEGATE: webViewDidChangeSelection:WebViewDidChangeSelectionNotification
EDITING DELEGATE: webViewDidChangeSelection:WebViewDidChangeSelectionNotification
EDITING DELEGATE: shouldChangeSelectedDOMRange:(null) toDOMRange:range from 0 of #text > BLOCKQUOTE > DIV > BODY > HTML > #document to 5 of #text > BLOCKQUOTE > DIV > BODY > HTML > #document affinity:NSSelectionAffinityDownstream stillSelecting:FALSE
EDITING DELEGATE: webViewDidChangeSelection:WebViewDidChangeSelectionNotification
EDITING DELEGATE: webViewDidChange:WebViewDidChangeNotification
layer at (0,0) size 800x600
  RenderView at (0,0) size 800x600
layer at (0,0) size 800x600
  RenderBlock {HTML} at (0,0) size 800x600
    RenderBody {BODY} at (8,8) size 784x584
      RenderBlock {DIV} at (0,0) size 784x19
        RenderText {#text} at (0,0) size 367x19
          text run at (0,0) width 367: "This test uses the execCommand to indent the text below."
      RenderBlock (anonymous) at (0,19) size 784x19
        RenderBR {BR} at (0,0) size 0x19
      RenderBlock {DIV} at (0,38) size 784x199
        RenderBlock {BLOCKQUOTE} at (40,0) size 744x57
          RenderBlock (anonymous) at (0,0) size 744x38
            RenderText {#text} at (0,0) size 41x19
              text run at (0,0) width 41: "Lorem"
            RenderBR {BR} at (41,14) size 0x0
            RenderText {#text} at (0,19) size 82x19
              text run at (0,19) width 82: "more Lorem!"
          RenderBlock {BLOCKQUOTE} at (40,38) size 704x19
            RenderText {#text} at (0,0) size 38x19
              text run at (0,0) width 38: "ipsum"
        RenderBlock (anonymous) at (0,57) size 784x0
        RenderBlock {BLOCKQUOTE} at (40,71) size 744x57
          RenderBlock {UL} at (0,0) size 744x57
            RenderBlock {UL} at (40,0) size 704x57
              RenderListItem {LI} at (40,0) size 664x19
                RenderListMarker at (-17,0) size 7x19: white bullet
                RenderText {#text} at (0,0) size 25x19
                  text run at (0,0) width 25: "Foo"
              RenderListItem {LI} at (40,19) size 664x19
                RenderListMarker at (-17,0) size 7x19: white bullet
                RenderText {#text} at (0,0) size 22x19
                  text run at (0,0) width 22: "Bar"
              RenderListItem {LI} at (40,38) size 664x19
                RenderListMarker at (-17,0) size 7x19: white bullet
                RenderText {#text} at (0,0) size 24x19
                  text run at (0,0) width 24: "Baz"
        RenderBlock {BLOCKQUOTE} at (40,142) size 744x57
          RenderBlock {BLOCKQUOTE} at (40,0) size 704x19
            RenderText {#text} at (0,0) size 34x19
              text run at (0,0) width 34: "Dolor"
          RenderBlock (anonymous) at (0,19) size 744x38
            RenderText {#text} at (0,0) size 33x19
              text run at (0,0) width 33: "Sum!"
            RenderBR {BR} at (33,14) size 0x0
            RenderText {#text} at (0,19) size 36x19
              text run at (0,19) width 36: "Thing"
        RenderBlock (anonymous) at (0,199) size 784x0
selection start: position 0 of child 0 {#text} of child 1 {BLOCKQUOTE} of child 4 {DIV} of child 1 {BODY} of child 0 {HTML} of document
selection end:   position 5 of child 3 {#text} of child 3 {BLOCKQUOTE} of child 4 {DIV} of child 1 {BODY} of child 0 {HTML} of document
