EDITING DELEGATE: shouldBeginEditingInDOMRange:range from 0 of DIV > BODY > HTML > #document to 3 of DIV > BODY > HTML > #document
EDITING DELEGATE: webViewDidBeginEditing:WebViewDidBeginEditingNotification
EDITING DELEGATE: webViewDidChangeSelection:WebViewDidChangeSelectionNotification
EDITING DELEGATE: webViewDidChangeSelection:WebViewDidChangeSelectionNotification
EDITING DELEGATE: shouldChangeSelectedDOMRange:(null) toDOMRange:range from 0 of LI > UL > UL > DIV > BODY > HTML > #document to 0 of LI > UL > UL > DIV > BODY > HTML > #document affinity:NSSelectionAffinityDownstream stillSelecting:FALSE
EDITING DELEGATE: webViewDidChangeSelection:WebViewDidChangeSelectionNotification
EDITING DELEGATE: webViewDidChange:WebViewDidChangeNotification
layer at (0,0) size 800x600
  RenderView at (0,0) size 800x600
layer at (0,0) size 800x600
  RenderBlock {HTML} at (0,0) size 800x600
    RenderBody {BODY} at (8,8) size 784x578
      RenderBlock {DIV} at (0,0) size 784x19
        RenderText {#text} at (0,0) size 379x19
          text run at (0,0) width 379: "This test uses the execCommand to Outdent the text below."
      RenderBlock (anonymous) at (0,19) size 784x19
        RenderBR {BR} at (0,0) size 0x19
      RenderBlock {DIV} at (0,52) size 784x57
        RenderBlock {UL} at (0,0) size 784x57
          RenderListItem {LI} at (40,0) size 744x19
            RenderListMarker at (-17,0) size 7x19: bullet
            RenderText {#text} at (0,0) size 25x19
              text run at (0,0) width 25: "Foo"
          RenderBlock {UL} at (40,19) size 744x19
            RenderListItem {LI} at (40,0) size 704x19
              RenderListMarker at (-17,0) size 7x19: white bullet
              RenderText {#text} at (0,0) size 22x19
                text run at (0,0) width 22: "Bar"
          RenderListItem {LI} at (40,38) size 744x19
            RenderListMarker at (-17,0) size 7x19: bullet
            RenderText {#text} at (0,0) size 24x19
              text run at (0,0) width 24: "Baz"
caret: position 0 of child 0 {#text} of child 0 {LI} of child 3 {UL} of child 1 {UL} of child 4 {DIV} of child 1 {BODY} of child 0 {HTML} of document
