EDITING DELEGATE: shouldBeginEditingInDOMRange:range from 0 of DIV > BODY > HTML > #document to 12 of DIV > BODY > HTML > #document
EDITING DELEGATE: webViewDidBeginEditing:WebViewDidBeginEditingNotification
EDITING DELEGATE: webViewDidChangeSelection:WebViewDidChangeSelectionNotification
EDITING DELEGATE: webViewDidChangeSelection:WebViewDidChangeSelectionNotification
EDITING DELEGATE: webViewDidChange:WebViewDidChangeNotification
layer at (0,0) size 800x600
  RenderView at (0,0) size 800x600
layer at (0,0) size 800x600
  RenderBlock {HTML} at (0,0) size 800x600
    RenderBody {BODY} at (8,8) size 784x584
      RenderBlock {DIV} at (0,0) size 784x40
        RenderText {#text} at (0,0) size 383x19
          text run at (0,0) width 383: "This test uses the execCommand to Outdent the text below. "
        RenderInline {B} at (0,0) size 767x40
          RenderText {#text} at (383,0) size 767x40
            text run at (383,0) width 384: "This demonstrates a bug: the content in the blockquote"
            text run at (0,20) width 292: "that's not in a list is pulled out of position."
      RenderBlock (anonymous) at (0,40) size 784x19
        RenderBR {BR} at (0,0) size 0x19
      RenderBlock {DIV} at (0,59) size 784x199
        RenderBlock (anonymous) at (0,0) size 784x57
          RenderInline {SPAN} at (0,0) size 41x19
            RenderText {#text} at (0,0) size 41x19
              text run at (0,0) width 41: "Lorem"
          RenderBR {BR} at (41,14) size 0x0
          RenderText {#text} at (0,19) size 86x19
            text run at (0,19) width 86: "more Lorem! "
          RenderText {#text} at (86,19) size 38x19
            text run at (86,19) width 38: "ipsum"
          RenderBR {BR} at (124,33) size 0x0
          RenderText {#text} at (0,38) size 34x19
            text run at (0,38) width 34: "Dolor"
          RenderBR {BR} at (34,52) size 0x0
        RenderBlock {BLOCKQUOTE} at (40,57) size 744x57
          RenderBlock (anonymous) at (0,0) size 744x57
            RenderText {#text} at (0,0) size 25x19
              text run at (0,0) width 25: "Foo"
            RenderBR {BR} at (25,14) size 0x0
            RenderText {#text} at (0,19) size 22x19
              text run at (0,19) width 22: "Bar"
            RenderBR {BR} at (22,33) size 0x0
            RenderText {#text} at (0,38) size 24x19
              text run at (0,38) width 24: "Baz"
            RenderBR {BR} at (24,52) size 0x0
          RenderBlock {UL} at (0,71) size 744x0
          RenderBlock (anonymous) at (0,71) size 744x0
        RenderBlock (anonymous) at (0,128) size 784x19
          RenderText {#text} at (0,0) size 81x19
            text run at (0,0) width 81: "Dinner time?"
          RenderBR {BR} at (81,14) size 0x0
        RenderBlock {UL} at (0,161) size 784x0
        RenderBlock (anonymous) at (0,161) size 784x38
          RenderText {#text} at (0,0) size 33x19
            text run at (0,0) width 33: "Sum!"
          RenderBR {BR} at (33,14) size 0x0
          RenderInline {SPAN} at (0,0) size 36x19
            RenderText {#text} at (0,19) size 36x19
              text run at (0,19) width 36: "Thing"
          RenderText {#text} at (0,0) size 0x0
selection start: position 0 of child 0 {#text} of child 1 {SPAN} of child 4 {DIV} of child 1 {BODY} of child 0 {HTML} of document
selection end:   position 5 of child 0 {#text} of child 16 {SPAN} of child 4 {DIV} of child 1 {BODY} of child 0 {HTML} of document
