EDITING DELEGATE: shouldBeginEditingInDOMRange:range from 0 of DIV > BODY > HTML > #document to 2 of DIV > BODY > HTML > #document
EDITING DELEGATE: webViewDidBeginEditing:WebViewDidBeginEditingNotification
EDITING DELEGATE: webViewDidChangeSelection:WebViewDidChangeSelectionNotification
EDITING DELEGATE: webViewDidChangeSelection:WebViewDidChangeSelectionNotification
EDITING DELEGATE: shouldChangeSelectedDOMRange:(null) toDOMRange:range from 2 of #text > DIV > BODY > HTML > #document to 2 of #text > DIV > BODY > HTML > #document affinity:NSSelectionAffinityDownstream stillSelecting:FALSE
EDITING DELEGATE: webViewDidChangeSelection:WebViewDidChangeSelectionNotification
EDITING DELEGATE: webViewDidChange:WebViewDidChangeNotification
layer at (0,0) size 800x600
  RenderView at (0,0) size 800x600
layer at (0,0) size 800x600
  RenderBlock {HTML} at (0,0) size 800x600
    RenderBody {BODY} at (8,8) size 784x578
      RenderBlock {P} at (0,0) size 784x19
        RenderText {#text} at (0,0) size 522x19
          text run at (0,0) width 522: "This tests Insert{Un}OrderedList on a range selection that is entirely within one list."
      RenderBlock {DIV} at (0,33) size 784x109
        RenderBlock (anonymous) at (0,0) size 784x76
          RenderText {#text} at (0,0) size 74x19
            text run at (0,0) width 74: "None of the"
          RenderBR {BR} at (74,14) size 0x0
          RenderText {#text} at (0,19) size 104x19
            text run at (0,19) width 104: "selected content"
          RenderBR {BR} at (104,33) size 0x0
          RenderText {#text} at (0,38) size 62x19
            text run at (0,38) width 62: "should be"
          RenderBR {BR} at (62,52) size 0x0
          RenderText {#text} at (0,57) size 48x19
            text run at (0,57) width 48: "in a list."
          RenderBR {BR} at (48,71) size 0x0
        RenderBlock {OL} at (0,90) size 784x19
          RenderListItem {LI} at (40,0) size 744x19
            RenderListMarker at (-20,0) size 16x19: "1"
            RenderText {#text} at (0,0) size 320x19
              text run at (0,0) width 320: "This should be in a list and should not be selected."
selection start: position 2 of child 0 {#text} of child 2 {DIV} of child 1 {BODY} of child 0 {HTML} of document
selection end:   position 2 of child 6 {#text} of child 2 {DIV} of child 1 {BODY} of child 0 {HTML} of document
