EDITING DELEGATE: shouldBeginEditingInDOMRange:range from 0 of DIV > BODY > HTML > #document to 3 of DIV > BODY > HTML > #document
EDITING DELEGATE: webViewDidBeginEditing:WebViewDidBeginEditingNotification
EDITING DELEGATE: webViewDidChangeSelection:WebViewDidChangeSelectionNotification
EDITING DELEGATE: shouldChangeSelectedDOMRange:range from 0 of DIV > BODY > HTML > #document to 0 of DIV > BODY > HTML > #document toDOMRange:range from 0 of #text > SPAN > DIV > BODY > HTML > #document to 562 of #text > P > SPAN > DIV > BODY > HTML > #document affinity:NSSelectionAffinityDownstream stillSelecting:FALSE
EDITING DELEGATE: webViewDidChangeSelection:WebViewDidChangeSelectionNotification
layer at (0,0) size 800x600
  RenderView at (0,0) size 800x600
layer at (0,0) size 800x600
  RenderBlock {HTML} at (0,0) size 800x600
    RenderBody {BODY} at (8,8) size 784x584
      RenderBlock {DIV} at (0,0) size 784x396 [border: (2px solid #FF0000)]
        RenderBlock (anonymous) at (14,14) size 756x64
          RenderInline {SPAN} at (0,0) size 743x63
            RenderText {#text} at (0,0) size 743x63
              text run at (0,0) width 743: "\"The quick brown fox jumps over the lazy dog\" uses every letter in the "
              text run at (0,32) width 184: "english language."
        RenderBlock (anonymous) at (14,102) size 756x256
          RenderBlock {P} at (0,0) size 756x256
            RenderText {#text} at (0,0) size 756x255
              text run at (0,0) width 511: "Here's to the crazy ones, the misfits, the rebels, "
              text run at (511,0) width 211: "the trouble makers, "
              text run at (722,0) width 33: "the"
              text run at (755,0) width 1: " "
              text run at (0,32) width 339: "round pegs in the square holes, "
              text run at (339,32) width 373: "the ones who see things differently."
              text run at (0,64) width 720: "There not fond of rules, and they have no respect for the status quo,"
              text run at (0,96) width 216: "you can quote then, "
              text run at (216,96) width 213: "disagree with them, "
              text run at (429,96) width 218: "glorify or vilify them, "
              text run at (647,96) width 106: "about the "
              text run at (0,128) width 406: "only thing you can't do is ignore them. "
              text run at (406,128) width 305: "Because they change things."
              text run at (0,160) width 383: "They push the human race forward. "
              text run at (383,160) width 363: "And while some may see them as "
              text run at (0,192) width 169: "the crazy ones, "
              text run at (169,192) width 165: "we see genius. "
              text run at (334,192) width 371: "Because the people who are crazy "
              text run at (0,224) width 453: "enough to think they can change the world "
              text run at (453,224) width 222: "are the ones who do."
        RenderBlock (anonymous) at (14,382) size 756x0
          RenderInline {SPAN} at (0,0) size 0x0
          RenderText {#text} at (0,0) size 0x0
selection start: position 0 of child 0 {#text} of child 1 {SPAN} of child 1 {DIV} of child 1 {BODY} of child 0 {HTML} of document
selection end:   position 562 of child 0 {#text} of child 1 {P} of child 1 {SPAN} of child 1 {DIV} of child 1 {BODY} of child 0 {HTML} of document
