layer at (0,0) size 800x600
  RenderView at (0,0) size 800x600
layer at (0,0) size 800x600
  RenderBlock {HTML} at (0,0) size 800x600
    RenderBody {BODY} at (8,8) size 784x584
      RenderBlock {P} at (0,0) size 784x36
        RenderText {#text} at (0,0) size 760x36
          text run at (0,0) width 304: "This test for a bug copy/pasting underlined text. "
          text run at (304,0) width 456: "The color of the underline should be the color of the element that has the"
          text run at (0,18) width 155: "text-decoration property."
      RenderBlock {DIV} at (0,52) size 784x18
        RenderInline {SPAN} at (0,0) size 168x18 [color=#0000FF]
          RenderInline {SPAN} at (0,0) size 168x18 [color=#FF0000]
            RenderText {#text} at (0,0) size 168x18
              text run at (0,0) width 168: "This should be underlined."
      RenderBlock {DIV} at (0,70) size 784x18
        RenderInline {SPAN} at (0,0) size 168x18 [color=#0000FF]
          RenderInline {SPAN} at (0,0) size 168x18 [color=#FF0000]
            RenderText {#text} at (0,0) size 168x18
              text run at (0,0) width 168: "This should be underlined."
caret: position 26 of child 0 {#text} of child 0 {SPAN} of child 0 {SPAN} of child 4 {DIV} of child 1 {BODY} of child 0 {HTML} of document
