EDITING DELEGATE: shouldBeginEditingInDOMRange:range from 0 of DIV > BODY > HTML > #document to 3 of DIV > BODY > HTML > #document
EDITING DELEGATE: webViewDidBeginEditing:WebViewDidBeginEditingNotification
EDITING DELEGATE: webViewDidChangeSelection:WebViewDidChangeSelectionNotification
EDITING DELEGATE: webViewDidChangeSelection:WebViewDidChangeSelectionNotification
EDITING DELEGATE: webViewDidChangeSelection:WebViewDidChangeSelectionNotification
EDITING DELEGATE: webViewDidChangeSelection:WebViewDidChangeSelectionNotification
EDITING DELEGATE: webViewDidChangeSelection:WebViewDidChangeSelectionNotification
EDITING DELEGATE: webViewDidChangeSelection:WebViewDidChangeSelectionNotification
EDITING DELEGATE: webViewDidChangeSelection:WebViewDidChangeSelectionNotification
EDITING DELEGATE: shouldDeleteDOMRange:range from 1 of #text > P > CENTER > DIV > DIV > BODY > HTML > #document to 86 of #text > P > CENTER > DIV > DIV > BODY > HTML > #document
EDITING DELEGATE: webViewDidChangeSelection:WebViewDidChangeSelectionNotification
EDITING DELEGATE: shouldChangeSelectedDOMRange:(null) toDOMRange:range from 0 of P > CENTER > DIV > DIV > BODY > HTML > #document to 0 of P > CENTER > DIV > DIV > BODY > HTML > #document affinity:NSSelectionAffinityDownstream stillSelecting:FALSE
EDITING DELEGATE: webViewDidChangeSelection:WebViewDidChangeSelectionNotification
EDITING DELEGATE: webViewDidChange:WebViewDidChangeNotification
EDITING DELEGATE: shouldInsertNode:#document-fragment replacingDOMRange:range from 0 of P > CENTER > DIV > DIV > BODY > HTML > #document to 0 of P > CENTER > DIV > DIV > BODY > HTML > #document givenAction:WebViewInsertActionPasted
EDITING DELEGATE: webViewDidChangeSelection:WebViewDidChangeSelectionNotification
EDITING DELEGATE: shouldChangeSelectedDOMRange:(null) toDOMRange:range from 85 of #text > P > P > CENTER > DIV > DIV > BODY > HTML > #document to 85 of #text > P > P > CENTER > DIV > DIV > BODY > HTML > #document affinity:NSSelectionAffinityDownstream stillSelecting:FALSE
EDITING DELEGATE: webViewDidChangeSelection:WebViewDidChangeSelectionNotification
EDITING DELEGATE: webViewDidChange:WebViewDidChangeNotification
layer at (0,0) size 800x600
  RenderView at (0,0) size 800x600
layer at (0,0) size 800x600
  RenderBlock {HTML} at (0,0) size 800x600
    RenderBody {BODY} at (8,8) size 784x584
      RenderBlock {DIV} at (0,0) size 784x132 [border: (2px solid #0000FF)]
        RenderBlock {DIV} at (14,14) size 756x44
          RenderText {#text} at (0,0) size 51x22
            text run at (0,0) width 51: "Tests: "
          RenderBR {BR} at (0,0) size 0x0
          RenderText {#text} at (0,22) size 86x22
            text run at (0,22) width 86: "Bug fix for "
          RenderInline {A} at (0,0) size 192x22 [color=#0000EE]
            RenderText {#text} at (86,22) size 192x22
              text run at (86,22) width 192: "<rdar://problem/4180820>"
          RenderText {#text} at (278,22) size 390x22
            text run at (278,22) width 390: " Erroneous spacing between lines introduced on paste"
        RenderBlock (anonymous) at (14,74) size 756x44
          RenderText {#text} at (0,0) size 713x44
            text run at (0,0) width 711: "Applying block styles, like text-align, used to wrap paragraphs that needed block style changes in"
            text run at (0,22) width 324: "clones of other paragraphs in the document. "
            text run at (324,22) width 389: "This would almost always introduce unwanted styles."
      RenderBlock {DIV} at (0,156) size 784x190
        RenderBlock {DIV} at (0,0) size 784x190 [border: (2px solid #FF0000)]
          RenderBlock {CENTER} at (2,20) size 780x150
            RenderBlock {P} at (0,0) size 780x150
              RenderBlock {P} at (0,0) size 780x110
                RenderText {#text} at (2,0) size 71x22
                  text run at (2,0) width 71: "This is an"
                RenderText {#text} at (73,0) size 5x22
                  text run at (73,0) width 5: " "
                RenderInline {B} at (0,0) size 82x22
                  RenderText {#text} at (78,0) size 82x22
                    text run at (78,0) width 82: "interactive"
                RenderText {#text} at (160,0) size 5x22
                  text run at (160,0) width 5: " "
                RenderText {#text} at (165,0) size 615x44
                  text run at (165,0) width 612: "documentation site, so please help out by posting any useful information that you've"
                  text run at (777,0) width 3: " "
                  text run at (325,22) width 129: "had to search out."
                RenderBR {BR} at (454,39) size 0x0
                RenderText {#text} at (20,44) size 110x22
                  text run at (20,44) width 110: "(Adding to this"
                RenderText {#text} at (130,44) size 5x22
                  text run at (130,44) width 5: " "
                RenderInline {A} at (0,0) size 107x22 [color=#0000EE]
                  RenderText {#text} at (135,44) size 107x22
                    text run at (135,44) width 107: "wiki is so easy"
                RenderText {#text} at (242,44) size 202x22
                  text run at (242,44) width 202: ", you can't screw it up). See"
                RenderText {#text} at (444,44) size 5x22
                  text run at (444,44) width 5: " "
                RenderInline {A} at (0,0) size 114x22 [color=#0000EE]
                  RenderText {#text} at (449,44) size 114x22
                    text run at (449,44) width 114: "Wiki Reference"
                RenderText {#text} at (563,44) size 5x22
                  text run at (563,44) width 5: " "
                RenderText {#text} at (568,44) size 191x22
                  text run at (568,44) width 191: "for text formatting syntax."
                RenderBR {BR} at (759,61) size 0x0
                RenderText {#text} at (161,66) size 278x22
                  text run at (161,66) width 278: "Info for setting up your own wiki is at"
                RenderText {#text} at (439,66) size 5x22
                  text run at (439,66) width 5: " "
                RenderInline {A} at (0,0) size 170x22 [color=#0000EE]
                  RenderText {#text} at (444,66) size 170x22
                    text run at (444,66) width 170: "about howto.apple.com"
                RenderText {#text} at (614,66) size 5x22
                  text run at (614,66) width 5: "."
                RenderBR {BR} at (619,83) size 0x0
                RenderText {#text} at (96,88) size 509x22
                  text run at (96,88) width 509: "Check out a cool wiki editor application that helps in wiki generation:"
                RenderText {#text} at (605,88) size 5x22
                  text run at (605,88) width 5: " "
                RenderInline {A} at (0,0) size 73x22 [color=#0000EE]
                  RenderText {#text} at (610,88) size 73x22
                    text run at (610,88) width 73: "Wikinator"
              RenderBlock {P} at (0,128) size 780x22
                RenderText {#text} at (85,0) size 610x22
                  text run at (85,0) width 610: "Start browsing the topics below, or use the search field at the bottom of every page."
              RenderBlock (anonymous) at (0,168) size 780x0
caret: position 85 of child 0 {#text} of child 1 {P} of child 1 {P} of child 1 {CENTER} of child 1 {DIV} of child 3 {DIV} of child 1 {BODY} of child 0 {HTML} of document
