layer at (0,0) size 800x600
  RenderView at (0,0) size 800x600
layer at (0,0) size 800x600
  RenderBlock {HTML} at (0,0) size 800x600
    RenderBody {BODY} at (8,8) size 784x584
      RenderBlock {P} at (0,0) size 784x36
        RenderText {#text} at (0,0) size 773x36
          text run at (0,0) width 773: "This tests pasting a nested blockquote into a blockquote. The first line below should be singly-blockquoted, and the second"
          text run at (0,18) width 161: "should be doubly-quoted."
      RenderBlock {DIV} at (0,52) size 784x36
        RenderBlock {BLOCKQUOTE} at (0,0) size 784x18 [color=#0000FF] [border: (2px solid #0000FF)]
          RenderText {#text} at (22,0) size 27x18
            text run at (22,0) width 27: "One"
          RenderText {#text} at (49,0) size 30x18
            text run at (49,0) width 30: "Two"
        RenderBlock (anonymous) at (0,18) size 784x0
          RenderInline {SPAN} at (0,0) size 0x0
        RenderBlock (anonymous) at (0,18) size 784x18
          RenderBlock {BLOCKQUOTE} at (0,0) size 784x18 [color=#0000FF] [border: (2px solid #0000FF)]
            RenderBlock {BLOCKQUOTE} at (22,0) size 762x18 [border: (2px solid #0000FF)]
              RenderBlock {DIV} at (22,0) size 740x18
                RenderText {#text} at (0,0) size 37x18
                  text run at (0,0) width 37: "Three"
        RenderBlock (anonymous) at (0,36) size 784x0
          RenderInline {SPAN} at (0,0) size 0x0
caret: position 5 of child 0 {#text} of child 0 {DIV} of child 0 {BLOCKQUOTE} of child 0 {BLOCKQUOTE} of child 1 {SPAN} of child 2 {DIV} of child 1 {BODY} of child 0 {HTML} of document
