layer at (0,0) size 800x600
  RenderView at (0,0) size 800x600
layer at (0,0) size 800x52
  RenderBlock {HTML} at (0,0) size 800x52
    RenderBody {BODY} at (8,8) size 784x36
      RenderBlock (anonymous) at (0,0) size 784x0
        RenderInline {FONT} at (0,0) size 0x0
          RenderText {#text} at (0,0) size 0x0
      RenderBlock (anonymous) at (0,0) size 784x0
      RenderBlock (anonymous) at (0,0) size 784x36
        RenderInline {FONT} at (0,0) size 0x0
        RenderText {#text} at (0,0) size 726x36
          text run at (0,0) width 726: "PASS - this test checks that removing a block element while it's in an imporperly closed inline doesn't crash. This is"
          text run at (0,18) width 199: "checking for regression against "
        RenderInline {A} at (0,0) size 60x18 [color=#0000EE]
          RenderText {#text} at (199,18) size 60x18
            text run at (199,18) width 60: "bug 6778"
        RenderText {#text} at (259,18) size 4x18
          text run at (259,18) width 4: "."
        RenderText {#text} at (0,0) size 0x0
