layer at (0,0) size 800x600
  RenderView at (0,0) size 800x600
layer at (0,0) size 800x304
  RenderBlock {html} at (0,0) size 800x304
    RenderBody {body} at (8,16) size 784x272
      RenderBlock {p} at (0,0) size 784x18
        RenderText {#text} at (0,0) size 135x18
          text run at (0,0) width 135: "This is a test of CDF:"
      RenderBlock (anonymous) at (0,34) size 784x204
        RenderSVGRoot {svg} at (8,50) size 200x200
          RenderPath {rect} at (8,50) size 200x200 [fill={[type=SOLID] [color=#0000FF]}] [data="M0.00,0.00 L200.00,0.00 L200.00,200.00 L0.00,200.00 Z"]
        RenderText {#text} at (0,0) size 0x0
      RenderBlock {p} at (0,254) size 784x18
        RenderText {#text} at (0,0) size 269x18
          text run at (0,0) width 269: "You should see an SVG image above this!"
