layer at (0,0) size 800x600
  RenderView at (0,0) size 800x600
layer at (0,0) size 800x94
  RenderBlock {HTML} at (0,0) size 800x94
    RenderBody {BODY} at (8,18) size 784x58
      RenderBlock {P} at (0,0) size 784x20
        RenderText {#text} at (0,0) size 278x19
          text run at (0,0) width 278: "This text should be rendered with a first font."
      RenderBlock {P} at (0,38) size 784x20
        RenderText {#text} at (0,0) size 287x19
          text run at (0,0) width 287: "This text should be rendered with a second font."
