layer at (0,0) size 800x600
  RenderView at (0,0) size 800x600
layer at (0,0) size 800x600
  RenderBlock {HTML} at (0,0) size 800x600
    RenderBody {BODY} at (8,8) size 784x584
      RenderBR {BR} at (0,0) size 0x20
      RenderText {#text} at (0,20) size 560x20
        text run at (0,20) width 560: "This is a test to see if a file:// url is sent out as the referrer for a subresource load"
      RenderBR {BR} at (560,36) size 0x0
      RenderPartObject {IFRAME} at (0,40) size 304x154 [border: (2px inset #000000)]
        layer at (0,0) size 300x150
          RenderView at (0,0) size 300x150
        layer at (0,0) size 300x150
          RenderBlock {HTML} at (0,0) size 300x150
            RenderBody {BODY} at (8,8) size 284x134
              RenderImage {IMG} at (0,0) size 250x50
      RenderText {#text} at (304,178) size 4x20
        text run at (304,178) width 4: " "
      RenderBR {BR} at (308,194) size 0x0
      RenderText {#text} at (0,198) size 434x20
        text run at (0,198) width 434: "The above image will tell you success or failure - green or red"
      RenderBR {BR} at (434,214) size 0x0
