layer at (0,0) size 800x600
  RenderView at (0,0) size 800x600
layer at (0,0) size 800x396
  RenderBlock {HTML} at (0,0) size 800x396
    RenderBody {BODY} at (8,8) size 784x380
      RenderBlock {DIV} at (0,0) size 784x20
        RenderText {#text} at (0,0) size 313x20
          text run at (0,0) width 313: "No font is specified. expected: backslash, actual: \\"
      RenderBlock {DIV} at (0,20) size 784x34
        RenderText {#text} at (0,0) size 704x34
          text run at (0,0) width 704: "Using font \"MS PGothic\". expected: yen sign,"
          text run at (0,17) width 144: "actual: \x{A5}"
      RenderBlock {DIV} at (0,54) size 784x34
        RenderText {#text} at (0,0) size 688x34
          text run at (0,0) width 688: "Using font \"MS Gothic\". expected: yen sign,"
          text run at (0,17) width 144: "actual: \x{A5}"
      RenderBlock {DIV} at (0,88) size 784x34
        RenderText {#text} at (0,0) size 704x34
          text run at (0,0) width 704: "Using font \"MS PMincho\". expected: yen sign,"
          text run at (0,17) width 144: "actual: \x{A5}"
      RenderBlock {DIV} at (0,122) size 784x34
        RenderText {#text} at (0,0) size 688x34
          text run at (0,0) width 688: "Using font \"MS Mincho\". expected: yen sign,"
          text run at (0,17) width 144: "actual: \x{A5}"
      RenderBlock {DIV} at (0,156) size 784x34
        RenderText {#text} at (0,0) size 768x34
          text run at (0,0) width 768: "Using font \"Meiryo\". expected: yen sign, actual:"
          text run at (0,17) width 16: "\x{A5}"
      RenderBlock {DIV} at (0,190) size 784x34
        RenderText {#text} at (0,0) size 672x34
          text run at (0,0) width 672: "Using font \"\x{FF2D}\x{FF33} \x{FF30}\x{30B4}\x{30B7}\x{30C3}\x{30AF}\". expected: yen sign,"
          text run at (0,17) width 144: "actual: \x{A5}"
      RenderBlock {DIV} at (0,224) size 784x34
        RenderText {#text} at (0,0) size 784x34
          text run at (0,0) width 784: "Using font \"\x{FF2D}\x{FF33} \x{30B4}\x{30B7}\x{30C3}\x{30AF}\". expected: yen sign, actual:"
          text run at (0,17) width 16: "\x{A5}"
      RenderBlock {DIV} at (0,258) size 784x34
        RenderText {#text} at (0,0) size 768x34
          text run at (0,0) width 768: "Using font \"\x{FF2D}\x{FF33} \x{FF30}\x{660E}\x{671D}\". expected: yen sign, actual:"
          text run at (0,17) width 16: "\x{A5}"
      RenderBlock {DIV} at (0,292) size 784x17
        RenderText {#text} at (0,0) size 784x17
          text run at (0,0) width 784: "Using font \"\x{FF2D}\x{FF33} \x{660E}\x{671D}\". expected: yen sign, actual: \x{A5}"
      RenderBlock {DIV} at (0,309) size 784x17
        RenderText {#text} at (0,0) size 768x17
          text run at (0,0) width 768: "Using font \"\x{30E1}\x{30A4}\x{30EA}\x{30AA}\". expected: yen sign, actual: \x{A5}"
      RenderBlock {DIV} at (0,326) size 784x20
        RenderText {#text} at (0,0) size 314x20
          text run at (0,0) width 314: "Using font \"Times\". expected: backslash, actual: \\"
      RenderBlock {DIV} at (0,346) size 784x34
        RenderText {#text} at (0,0) size 784x34
          text run at (0,0) width 784: "Using font \"foobar\". expected: backslash, actual:"
          text run at (0,17) width 16: "\\"
