layer at (0,0) size 800x600
  RenderView at (0,0) size 800x600
layer at (0,0) size 800x600
  RenderBlock {HTML} at (0,0) size 800x600
    RenderBody {BODY} at (8,8) size 784x552
      RenderBlock {P} at (0,0) size 784x18
        RenderText {#text} at (0,0) size 601x18
          text run at (0,0) width 601: "This tests color bitmap font rendering. There should be a green dot below, enclosed in brackets."
      RenderBlock {P} at (0,38) size 784x20
        RenderText {#text} at (0,0) size 48x20
          text run at (0,0) width 48: "[A]"
      RenderBlock {P} at (0,78) size 784x18
        RenderText {#text} at (0,0) size 466x18
          text run at (0,0) width 466: "This should be a bigger, pixelated version of the dot, enclosed in brackets:"
      RenderBlock {P} at (0,136) size 784x40
        RenderText {#text} at (0,0) size 96x40
          text run at (0,0) width 96: "[A]"
