layer at (0,0) size 800x600
  RenderView at (0,0) size 800x600
layer at (0,0) size 800x161
  RenderBlock {HTML} at (0,0) size 800x161
    RenderBody {BODY} at (8,8) size 784x133
      RenderBlock (anonymous) at (0,0) size 784x18
        RenderInline {DIV} at (0,0) size 260x18 [color=#FFFFFF] [bgcolor=#FF0000]
          RenderText {#text} at (17,0) size 260x18
            text run at (17,0) width 260: "Ahem_font_required_for_this_test."
        RenderText {#text} at (0,0) size 0x0
      RenderBlock {P} at (0,35) size 784x18
        RenderText {#text} at (0,0) size 656x18
          text run at (0,0) width 656: "There should be no red below, only two identical striped green and lime bars."
      RenderBlock {DIV} at (20,73) size 744x20
        RenderInline {SPAN} at (0,0) size 114x21 [color=#800000] [bgcolor=#FF0000]
          RenderText {#text} at (0,0) size 0x0
          RenderInline {SPAN} at (0,0) size 20x21 [color=#008000] [bgcolor=#00FF00]
            RenderText {#text} at (0,0) size 20x21
              text run at (0,0) width 20: "X "
          RenderText {#text} at (0,0) size 0x0
          RenderInline {SPAN} at (0,0) size 0x0
            RenderText {#text} at (0,0) size 0x0
          RenderText {#text} at (0,0) size 0x0
          RenderInline {SPAN} at (0,0) size 20x21 [color=#008000] [bgcolor=#00FF00]
            RenderText {#text} at (20,0) size 20x21
              text run at (20,0) width 20: "X "
          RenderText {#text} at (0,0) size 0x0
          RenderInline {SPAN} at (0,0) size 20x21 [color=#008000] [bgcolor=#00FF00]
            RenderText {#text} at (40,0) size 20x21
              text run at (40,0) width 20: "X "
          RenderText {#text} at (0,0) size 0x0
          RenderInline {SPAN} at (0,0) size 20x21 [color=#008000] [bgcolor=#00FF00]
            RenderText {#text} at (60,0) size 20x21
              text run at (60,0) width 20: "X "
          RenderText {#text} at (0,0) size 0x0
          RenderInline {SPAN} at (0,0) size 14x21 [color=#008000] [bgcolor=#00FF00]
            RenderText {#text} at (80,0) size 14x21
              text run at (80,0) width 14: "X"
          RenderInline {SPAN} at (0,0) size 20x21 [color=#008000] [bgcolor=#00FF00]
            RenderText {#text} at (94,0) size 20x21
              text run at (94,0) width 20: " X"
            RenderInline {SPAN} at (0,0) size 0x0 [color=#800000] [bgcolor=#FF0000]
              RenderText {#text} at (0,0) size 0x0
          RenderText {#text} at (0,0) size 0x0
      RenderBlock {DIV} at (20,113) size 744x20
        RenderInline {SPAN} at (0,0) size 114x21 [color=#008000] [bgcolor=#00FF00]
          RenderText {#text} at (0,0) size 114x21
            text run at (0,0) width 114: "X X X X X X"
