layer at (0,0) size 800x600
  RenderView at (0,0) size 800x600
layer at (0,0) size 800x190
  RenderBlock {HTML} at (0,0) size 800x190
    RenderBody {BODY} at (8,8) size 784x174
      RenderBlock (anonymous) at (0,0) size 784x18
        RenderInline {DIV} at (0,0) size 260x18 [color=#FFFFFF] [bgcolor=#FF0000]
          RenderText {#text} at (0,0) size 260x18
            text run at (0,0) width 260: "Ahem_font_required_for_this_test."
        RenderText {#text} at (0,0) size 0x0
      RenderBlock {P} at (0,35) size 784x18
        RenderText {#text} at (0,0) size 591x18
          text run at (0,0) width 591: "There should be no red below, only a green square bordered in green."
      RenderTable {TABLE} at (0,70) size 74x104
        RenderTableSection {TBODY} at (0,0) size 74x104
          RenderTableRow {TR} at (0,2) size 74x100
            RenderTableCell {TD} at (2,2) size 70x100 [color=#800000] [bgcolor=#FF0000] [r=0 c=0 rs=1 cs=1]
              RenderBlock {DIV} at (0,0) size 70x20 [color=#008000]
                RenderText {#text} at (0,0) size 70x21
                  text run at (0,0) width 70: "XXXXX"
              RenderBlock {DIV} at (0,20) size 70x20 [color=#008000]
                RenderText {#text} at (0,0) size 14x21
                  text run at (0,0) width 14: "X"
                RenderInline {SPAN} at (0,0) size 18x21 [bgcolor=#00FF00]
                  RenderText {#text} at (14,0) size 18x21
                    text run at (14,0) width 18: "   "
                RenderText {#text} at (32,0) size 14x21
                  text run at (32,0) width 14: "X"
              RenderBlock {DIV} at (0,40) size 70x20 [color=#008000]
                RenderText {#text} at (0,0) size 14x21
                  text run at (0,0) width 14: "X"
                RenderInline {SPAN} at (0,0) size 18x21 [bgcolor=#00FF00]
                  RenderText {#text} at (14,0) size 18x21
                    text run at (14,0) width 18: "\x{200B} \x{200B} \x{200B} \x{200B}"
                RenderText {#text} at (32,0) size 14x21
                  text run at (32,0) width 14: "X"
              RenderBlock {DIV} at (0,60) size 70x20 [color=#008000]
                RenderText {#text} at (0,0) size 14x21
                  text run at (0,0) width 14: "X"
                RenderInline {SPAN} at (0,0) size 18x21 [bgcolor=#00FF00]
                  RenderText {#text} at (14,0) size 18x21
                    text run at (14,0) width 18: " \x{200B} \x{200B} "
                RenderText {#text} at (32,0) size 14x21
                  text run at (32,0) width 14: "X"
              RenderBlock {DIV} at (0,80) size 70x20 [color=#008000]
                RenderText {#text} at (0,0) size 70x21
                  text run at (0,0) width 70: "XXXXX"
