layer at (0,0) size 800x600
  RenderView at (0,0) size 800x600
layer at (0,0) size 800x33
  RenderBlock {HTML} at (0,0) size 800x33
    RenderBody {BODY} at (8,8) size 784x17
      RenderBlock {DIV} at (0,0) size 323x17 [color=#00FF00] [bgcolor=#008000]
        RenderInline {SPAN} at (0,0) size 44x18
          RenderText {#text} at (0,0) size 44x18
            text run at (0,0) width 44: "1234"
        RenderText {#text} at (44,0) size 280x18
          text run at (44,0) width 280: "567890123456789 xxxx xxxx xx"
