layer at (0,0) size 800x600
  RenderView at (0,0) size 800x600
layer at (0,0) size 800x240
  RenderBlock {HTML} at (0,0) size 800x240
    RenderBody {BODY} at (8,8) size 784x224
      RenderBlock (anonymous) at (0,0) size 784x18
        RenderInline {DIV} at (0,0) size 260x18 [color=#FFFFFF] [bgcolor=#FF0000]
          RenderText {#text} at (0,0) size 260x18
            text run at (0,0) width 260: "Ahem_font_required_for_this_test."
        RenderText {#text} at (0,0) size 0x0
      RenderBlock {P} at (0,35) size 784x36
        RenderText {#text} at (0,0) size 732x36
          text run at (0,0) width 732: "There should be a pretty green and lime pattern and the word \"PASS\" in lime on white"
          text run at (0,18) width 54: "below."
      RenderBlock {DIV} at (0,88) size 323x136 [color=#00FF00] [bgcolor=#008000]
        RenderText {#text} at (0,0) size 209x35
          text run at (0,0) width 0: " "
          text run at (0,17) width 209: "1234567890123456789"
        RenderInline {SPAN} at (0,0) size 314x52
          RenderText {#text} at (209,17) size 20x18
            text run at (209,17) width 5: " "
            text run at (214,17) width 15: "x "
          RenderInline {SPAN} at (0,0) size 55x18
            RenderText {#text} at (229,17) size 15x18
              text run at (229,17) width 15: "x "
            RenderInline {SPAN} at (0,0) size 0x0
            RenderText {#text} at (244,17) size 10x18
              text run at (244,17) width 10: "x"
            RenderInline {SPAN} at (0,0) size 5x18
              RenderText {#text} at (254,17) size 5x18
                text run at (254,17) width 5: " "
            RenderText {#text} at (259,17) size 25x18
              text run at (259,17) width 25: "x x"
          RenderText {#text} at (284,17) size 20x18
            text run at (284,17) width 20: " x "
          RenderInline {SPAN} at (0,0) size 314x35
            RenderText {#text} at (304,17) size 314x35
              text run at (304,17) width 10: "x"
              text run at (0,34) width 15: "x "
          RenderText {#text} at (15,34) size 15x18
            text run at (15,34) width 15: "x "
          RenderInline {SPAN} at (0,0) size 10x18
            RenderText {#text} at (30,34) size 10x18
              text run at (30,34) width 10: "x"
          RenderText {#text} at (0,51) size 44x18
            text run at (0,51) width 44: "1234"
        RenderText {#text} at (44,51) size 280x18
          text run at (44,51) width 280: "567890123456789 xxxx xxxx xx"
        RenderInline {SPAN} at (0,0) size 65x18
          RenderText {#text} at (324,51) size 10x18
            text run at (324,51) width 10: "x"
          RenderInline {SPAN} at (0,0) size 55x18
            RenderText {#text} at (334,51) size 55x18
              text run at (334,51) width 55: "x xxxx"
          RenderText {#text} at (0,0) size 0x0
        RenderText {#text} at (0,68) size 10x18
          text run at (0,68) width 10: "x"
        RenderInline {SPAN} at (0,0) size 35x18
          RenderText {#text} at (10,68) size 5x18
            text run at (10,68) width 5: " "
          RenderInline {SPAN} at (0,0) size 5x18
            RenderText {#text} at (15,68) size 5x18
              text run at (15,68) width 5: " "
          RenderText {#text} at (20,68) size 5x18
            text run at (20,68) width 5: " "
          RenderInline {SPAN} at (0,0) size 5x18
            RenderText {#text} at (25,68) size 5x18
              text run at (25,68) width 5: " "
          RenderText {#text} at (30,68) size 5x18
            text run at (30,68) width 5: " "
          RenderInline {SPAN} at (0,0) size 5x18
            RenderText {#text} at (35,68) size 5x18
              text run at (35,68) width 5: " "
          RenderText {#text} at (40,68) size 5x18
            text run at (40,68) width 5: " "
          RenderInline {SPAN} at (0,0) size 0x0
            RenderText {#text} at (0,0) size 0x0
          RenderText {#text} at (0,0) size 0x0
        RenderText {#text} at (45,68) size 10x18
          text run at (45,68) width 10: "  "
        RenderInline {SPAN} at (0,0) size 5x18
          RenderText {#text} at (55,68) size 5x18
            text run at (55,68) width 5: " "
        RenderInline {SPAN} at (0,0) size 5x18
          RenderText {#text} at (60,68) size 5x18
            text run at (60,68) width 5: " "
        RenderText {#text} at (65,68) size 15x18
          text run at (65,68) width 15: "   "
        RenderInline {SPAN} at (0,0) size 5x18
          RenderText {#text} at (80,68) size 5x18
            text run at (80,68) width 5: " "
        RenderInline {SPAN} at (0,0) size 0x0
          RenderText {#text} at (0,0) size 0x0
        RenderText {#text} at (85,68) size 155x18
          text run at (85,68) width 155: "  x x  x x  x x    x    "
          text run at (240,68) width 0: " "
        RenderInline {SPAN} at (0,0) size 330x18
          RenderText {#text} at (0,85) size 330x18
            text run at (0,85) width 330: "x x x x x x x x x x xxxx xxxx xxxx xxxx "
        RenderText {#text} at (330,85) size 330x35
          text run at (330,85) width 0: " "
          text run at (0,102) width 230: "x                 x x    x  x    x    x"
        RenderInline {SPAN} at (0,0) size 350x18
          RenderText {#text} at (0,119) size 190x18
            text run at (0,119) width 190: "xxxxxxxxxxxxxxxxxxx"
          RenderInline {SPAN} at (0,0) size 160x18
            RenderText {#text} at (190,119) size 160x18
              text run at (190,119) width 160: " x    x  x xxxx xxxx "
        RenderText {#text} at (350,119) size 0x18
          text run at (350,119) width 0: " "
