layer at (0,0) size 800x600
  RenderView at (0,0) size 800x600
layer at (0,0) size 800x600
  RenderBlock {HTML} at (0,0) size 800x600
    RenderBody {BODY} at (8,8) size 784x558
      RenderBlock {PRE} at (0,0) size 784x82
        RenderText {#text} at (0,0) size 300x82
          text run at (0,0) width 300: "This is a test."
          text run at (300,0) width 0: " "
          text run at (0,41) width 280: "Big font size?"
          text run at (280,41) width 0: " "
