layer at (0,0) size 800x600
  RenderView at (0,0) size 800x600
layer at (0,0) size 800x600
  RenderBlock {HTML} at (0,0) size 800x600
    RenderBody {BODY} at (8,8) size 784x575
      RenderBlock {PRE} at (0,0) size 304x46 [border: (2px solid #008000)]
        RenderText {#text} at (2,2) size 120x42
          text run at (2,2) width 110: "This should"
          text run at (112,2) width 0: " "
          text run at (2,23) width 120: "not justify."
          text run at (122,23) width 0: " "
