layer at (0,0) size 800x600
  RenderView at (0,0) size 800x600
layer at (0,0) size 800x600
  RenderBlock {HTML} at (0,0) size 800x600
    RenderBody {BODY} at (8,8) size 784x575
      RenderBlock {PRE} at (0,0) size 784x63
        RenderText {#text} at (0,0) size 10x21
          text run at (0,0) width 10: "1"
        RenderBR {BR} at (10,16) size 0x0
        RenderText {#text} at (0,21) size 10x42
          text run at (0,21) width 0: " "
          text run at (0,42) width 10: "2"
