layer at (0,0) size 1025x600
  RenderView at (0,0) size 800x600
layer at (0,0) size 1025x107
  RenderBlock {HTML} at (0,0) size 800x107
    RenderBody {BODY} at (8,17) size 784x82
      RenderBlock {PRE} at (0,0) size 784x25 [border: (2px solid #008000)]
        RenderText {#text} at (2,2) size 170x21
          text run at (2,2) width 170: "I am on one line."
          text run at (172,2) width 0: " "
      RenderBlock {DIV} at (0,42) size 784x40 [border: (2px solid #008000)]
        RenderText {#text} at (2,2) size 1015x36
          text run at (2,2) width 0: " "
          text run at (2,20) width 1015: "This div is two lines.  The newline right after the tag opened is significant and is honored by Firefox and Opera (and us)."
          text run at (1017,20) width 0: " "
