layer at (0,0) size 800x600
  RenderView at (0,0) size 800x600
layer at (0,0) size 800x600
  RenderBlock {HTML} at (0,0) size 800x600
    RenderBody {BODY} at (8,8) size 784x584
      RenderFieldSet {FIELDSET} at (2,0) size 780x370 [border: (2px groove #C0C0C0)]
        RenderBlock {DIV} at (14,7) size 752x351
          RenderInline {DIV} at (0,0) size 145x18
            RenderInline {DIV} at (0,0) size 145x18
              RenderText {#text} at (0,0) size 0x0
              RenderInline {A} at (0,0) size 50x18 [color=#0000EE]
                RenderImage {IMG} at (0,0) size 50x34
              RenderText {#text} at (50,21) size 5x18
                text run at (50,21) width 5: " "
              RenderBlock {INPUT} at (60,17) size 17x17
              RenderInline {LABEL} at (0,0) size 59x18
                RenderText {#text} at (81,21) size 59x18
                  text run at (81,21) width 59: "Classic"
              RenderText {#text} at (140,21) size 5x18
                text run at (140,21) width 5: " "
          RenderText {#text} at (0,0) size 0x0
          RenderInline {DIV} at (0,0) size 135x18
            RenderInline {DIV} at (0,0) size 135x18
              RenderText {#text} at (0,0) size 0x0
              RenderInline {A} at (0,0) size 50x18 [color=#0000EE]
                RenderImage {IMG} at (145,0) size 50x34
              RenderText {#text} at (195,21) size 5x18
                text run at (195,21) width 5: " "
              RenderBlock {INPUT} at (205,17) size 17x17
              RenderInline {LABEL} at (0,0) size 49x18
                RenderText {#text} at (226,21) size 49x18
                  text run at (226,21) width 49: "Africa"
              RenderText {#text} at (275,21) size 5x18
                text run at (275,21) width 5: " "
          RenderText {#text} at (0,0) size 0x0
          RenderInline {DIV} at (0,0) size 252x18
            RenderInline {DIV} at (0,0) size 252x18
              RenderText {#text} at (0,0) size 0x0
              RenderInline {A} at (0,0) size 50x18 [color=#0000EE]
                RenderImage {IMG} at (280,0) size 50x34
              RenderText {#text} at (330,21) size 5x18
                text run at (330,21) width 5: " "
              RenderBlock {INPUT} at (340,17) size 17x17
              RenderInline {LABEL} at (0,0) size 166x18
                RenderText {#text} at (361,21) size 166x18
                  text run at (361,21) width 166: "Alexander's Empire"
              RenderText {#text} at (527,21) size 5x18
                text run at (527,21) width 5: " "
          RenderText {#text} at (0,0) size 0x0
          RenderInline {DIV} at (0,0) size 210x18
            RenderInline {DIV} at (0,0) size 210x18
              RenderText {#text} at (0,0) size 0x0
              RenderInline {A} at (0,0) size 50x18 [color=#0000EE]
                RenderImage {IMG} at (532,0) size 50x34
              RenderText {#text} at (582,21) size 5x18
                text run at (582,21) width 5: " "
              RenderBlock {INPUT} at (592,17) size 17x17
              RenderInline {LABEL} at (0,0) size 129x18
                RenderText {#text} at (613,21) size 129x18
                  text run at (613,21) width 129: "Ancient Greece"
              RenderText {#text} at (0,0) size 0x0
          RenderText {#text} at (0,0) size 0x0
          RenderInline {DIV} at (0,0) size 145x18
            RenderInline {DIV} at (0,0) size 145x18
              RenderText {#text} at (0,0) size 0x0
              RenderInline {A} at (0,0) size 50x18 [color=#0000EE]
                RenderImage {IMG} at (0,39) size 50x34
              RenderText {#text} at (50,60) size 5x18
                text run at (50,60) width 5: " "
              RenderBlock {INPUT} at (60,56) size 17x17
              RenderInline {LABEL} at (0,0) size 59x18
                RenderText {#text} at (81,60) size 59x18
                  text run at (81,60) width 59: "Classic"
              RenderText {#text} at (140,60) size 5x18
                text run at (140,60) width 5: " "
          RenderText {#text} at (0,0) size 0x0
          RenderInline {DIV} at (0,0) size 135x18
            RenderInline {DIV} at (0,0) size 135x18
              RenderText {#text} at (0,0) size 0x0
              RenderInline {A} at (0,0) size 50x18 [color=#0000EE]
                RenderImage {IMG} at (145,39) size 50x34
              RenderText {#text} at (195,60) size 5x18
                text run at (195,60) width 5: " "
              RenderBlock {INPUT} at (205,56) size 17x17
              RenderInline {LABEL} at (0,0) size 49x18
                RenderText {#text} at (226,60) size 49x18
                  text run at (226,60) width 49: "Africa"
              RenderText {#text} at (275,60) size 5x18
                text run at (275,60) width 5: " "
          RenderText {#text} at (0,0) size 0x0
          RenderInline {DIV} at (0,0) size 252x18
            RenderInline {DIV} at (0,0) size 252x18
              RenderText {#text} at (0,0) size 0x0
              RenderInline {A} at (0,0) size 50x18 [color=#0000EE]
                RenderImage {IMG} at (280,39) size 50x34
              RenderText {#text} at (330,60) size 5x18
                text run at (330,60) width 5: " "
              RenderBlock {INPUT} at (340,56) size 17x17
              RenderInline {LABEL} at (0,0) size 166x18
                RenderText {#text} at (361,60) size 166x18
                  text run at (361,60) width 166: "Alexander's Empire"
              RenderText {#text} at (527,60) size 5x18
                text run at (527,60) width 5: " "
          RenderText {#text} at (0,0) size 0x0
          RenderInline {DIV} at (0,0) size 210x18
            RenderInline {DIV} at (0,0) size 210x18
              RenderText {#text} at (0,0) size 0x0
              RenderInline {A} at (0,0) size 50x18 [color=#0000EE]
                RenderImage {IMG} at (532,39) size 50x34
              RenderText {#text} at (582,60) size 5x18
                text run at (582,60) width 5: " "
              RenderBlock {INPUT} at (592,56) size 17x17
              RenderInline {LABEL} at (0,0) size 129x18
                RenderText {#text} at (613,60) size 129x18
                  text run at (613,60) width 129: "Ancient Greece"
              RenderText {#text} at (0,0) size 0x0
          RenderText {#text} at (0,0) size 0x0
          RenderInline {DIV} at (0,0) size 145x18
            RenderInline {DIV} at (0,0) size 145x18
              RenderText {#text} at (0,0) size 0x0
              RenderInline {A} at (0,0) size 50x18 [color=#0000EE]
                RenderImage {IMG} at (0,78) size 50x34
              RenderText {#text} at (50,99) size 5x18
                text run at (50,99) width 5: " "
              RenderBlock {INPUT} at (60,95) size 17x17
              RenderInline {LABEL} at (0,0) size 59x18
                RenderText {#text} at (81,99) size 59x18
                  text run at (81,99) width 59: "Classic"
              RenderText {#text} at (140,99) size 5x18
                text run at (140,99) width 5: " "
          RenderText {#text} at (0,0) size 0x0
          RenderInline {DIV} at (0,0) size 135x18
            RenderInline {DIV} at (0,0) size 135x18
              RenderText {#text} at (0,0) size 0x0
              RenderInline {A} at (0,0) size 50x18 [color=#0000EE]
                RenderImage {IMG} at (145,78) size 50x34
              RenderText {#text} at (195,99) size 5x18
                text run at (195,99) width 5: " "
              RenderBlock {INPUT} at (205,95) size 17x17
              RenderInline {LABEL} at (0,0) size 49x18
                RenderText {#text} at (226,99) size 49x18
                  text run at (226,99) width 49: "Africa"
              RenderText {#text} at (275,99) size 5x18
                text run at (275,99) width 5: " "
          RenderText {#text} at (0,0) size 0x0
          RenderInline {DIV} at (0,0) size 252x18
            RenderInline {DIV} at (0,0) size 252x18
              RenderText {#text} at (0,0) size 0x0
              RenderInline {A} at (0,0) size 50x18 [color=#0000EE]
                RenderImage {IMG} at (280,78) size 50x34
              RenderText {#text} at (330,99) size 5x18
                text run at (330,99) width 5: " "
              RenderBlock {INPUT} at (340,95) size 17x17
              RenderInline {LABEL} at (0,0) size 166x18
                RenderText {#text} at (361,99) size 166x18
                  text run at (361,99) width 166: "Alexander's Empire"
              RenderText {#text} at (527,99) size 5x18
                text run at (527,99) width 5: " "
          RenderText {#text} at (0,0) size 0x0
          RenderInline {DIV} at (0,0) size 210x18
            RenderInline {DIV} at (0,0) size 210x18
              RenderText {#text} at (0,0) size 0x0
              RenderInline {A} at (0,0) size 50x18 [color=#0000EE]
                RenderImage {IMG} at (532,78) size 50x34
              RenderText {#text} at (582,99) size 5x18
                text run at (582,99) width 5: " "
              RenderBlock {INPUT} at (592,95) size 17x17
              RenderInline {LABEL} at (0,0) size 129x18
                RenderText {#text} at (613,99) size 129x18
                  text run at (613,99) width 129: "Ancient Greece"
              RenderText {#text} at (0,0) size 0x0
          RenderText {#text} at (0,0) size 0x0
          RenderInline {DIV} at (0,0) size 145x18
            RenderInline {DIV} at (0,0) size 145x18
              RenderText {#text} at (0,0) size 0x0
              RenderInline {A} at (0,0) size 50x18 [color=#0000EE]
                RenderImage {IMG} at (0,117) size 50x34
              RenderText {#text} at (50,138) size 5x18
                text run at (50,138) width 5: " "
              RenderBlock {INPUT} at (60,134) size 17x17
              RenderInline {LABEL} at (0,0) size 59x18
                RenderText {#text} at (81,138) size 59x18
                  text run at (81,138) width 59: "Classic"
              RenderText {#text} at (140,138) size 5x18
                text run at (140,138) width 5: " "
          RenderText {#text} at (0,0) size 0x0
          RenderInline {DIV} at (0,0) size 135x18
            RenderInline {DIV} at (0,0) size 135x18
              RenderText {#text} at (0,0) size 0x0
              RenderInline {A} at (0,0) size 50x18 [color=#0000EE]
                RenderImage {IMG} at (145,117) size 50x34
              RenderText {#text} at (195,138) size 5x18
                text run at (195,138) width 5: " "
              RenderBlock {INPUT} at (205,134) size 17x17
              RenderInline {LABEL} at (0,0) size 49x18
                RenderText {#text} at (226,138) size 49x18
                  text run at (226,138) width 49: "Africa"
              RenderText {#text} at (275,138) size 5x18
                text run at (275,138) width 5: " "
          RenderText {#text} at (0,0) size 0x0
          RenderInline {DIV} at (0,0) size 252x18
            RenderInline {DIV} at (0,0) size 252x18
              RenderText {#text} at (0,0) size 0x0
              RenderInline {A} at (0,0) size 50x18 [color=#0000EE]
                RenderImage {IMG} at (280,117) size 50x34
              RenderText {#text} at (330,138) size 5x18
                text run at (330,138) width 5: " "
              RenderBlock {INPUT} at (340,134) size 17x17
              RenderInline {LABEL} at (0,0) size 166x18
                RenderText {#text} at (361,138) size 166x18
                  text run at (361,138) width 166: "Alexander's Empire"
              RenderText {#text} at (527,138) size 5x18
                text run at (527,138) width 5: " "
          RenderText {#text} at (0,0) size 0x0
          RenderInline {DIV} at (0,0) size 210x18
            RenderInline {DIV} at (0,0) size 210x18
              RenderText {#text} at (0,0) size 0x0
              RenderInline {A} at (0,0) size 50x18 [color=#0000EE]
                RenderImage {IMG} at (532,117) size 50x34
              RenderText {#text} at (582,138) size 5x18
                text run at (582,138) width 5: " "
              RenderBlock {INPUT} at (592,134) size 17x17
              RenderInline {LABEL} at (0,0) size 129x18
                RenderText {#text} at (613,138) size 129x18
                  text run at (613,138) width 129: "Ancient Greece"
              RenderText {#text} at (0,0) size 0x0
          RenderText {#text} at (0,0) size 0x0
          RenderInline {DIV} at (0,0) size 145x18
            RenderInline {DIV} at (0,0) size 145x18
              RenderText {#text} at (0,0) size 0x0
              RenderInline {A} at (0,0) size 50x18 [color=#0000EE]
                RenderImage {IMG} at (0,156) size 50x34
              RenderText {#text} at (50,177) size 5x18
                text run at (50,177) width 5: " "
              RenderBlock {INPUT} at (60,173) size 17x17
              RenderInline {LABEL} at (0,0) size 59x18
                RenderText {#text} at (81,177) size 59x18
                  text run at (81,177) width 59: "Classic"
              RenderText {#text} at (140,177) size 5x18
                text run at (140,177) width 5: " "
          RenderText {#text} at (0,0) size 0x0
          RenderInline {DIV} at (0,0) size 135x18
            RenderInline {DIV} at (0,0) size 135x18
              RenderText {#text} at (0,0) size 0x0
              RenderInline {A} at (0,0) size 50x18 [color=#0000EE]
                RenderImage {IMG} at (145,156) size 50x34
              RenderText {#text} at (195,177) size 5x18
                text run at (195,177) width 5: " "
              RenderBlock {INPUT} at (205,173) size 17x17
              RenderInline {LABEL} at (0,0) size 49x18
                RenderText {#text} at (226,177) size 49x18
                  text run at (226,177) width 49: "Africa"
              RenderText {#text} at (275,177) size 5x18
                text run at (275,177) width 5: " "
          RenderText {#text} at (0,0) size 0x0
          RenderInline {DIV} at (0,0) size 252x18
            RenderInline {DIV} at (0,0) size 252x18
              RenderText {#text} at (0,0) size 0x0
              RenderInline {A} at (0,0) size 50x18 [color=#0000EE]
                RenderImage {IMG} at (280,156) size 50x34
              RenderText {#text} at (330,177) size 5x18
                text run at (330,177) width 5: " "
              RenderBlock {INPUT} at (340,173) size 17x17
              RenderInline {LABEL} at (0,0) size 166x18
                RenderText {#text} at (361,177) size 166x18
                  text run at (361,177) width 166: "Alexander's Empire"
              RenderText {#text} at (527,177) size 5x18
                text run at (527,177) width 5: " "
          RenderText {#text} at (0,0) size 0x0
          RenderInline {DIV} at (0,0) size 210x18
            RenderInline {DIV} at (0,0) size 210x18
              RenderText {#text} at (0,0) size 0x0
              RenderInline {A} at (0,0) size 50x18 [color=#0000EE]
                RenderImage {IMG} at (532,156) size 50x34
              RenderText {#text} at (582,177) size 5x18
                text run at (582,177) width 5: " "
              RenderBlock {INPUT} at (592,173) size 17x17
              RenderInline {LABEL} at (0,0) size 129x18
                RenderText {#text} at (613,177) size 129x18
                  text run at (613,177) width 129: "Ancient Greece"
              RenderText {#text} at (0,0) size 0x0
          RenderText {#text} at (0,0) size 0x0
          RenderInline {DIV} at (0,0) size 145x18
            RenderInline {DIV} at (0,0) size 145x18
              RenderText {#text} at (0,0) size 0x0
              RenderInline {A} at (0,0) size 50x18 [color=#0000EE]
                RenderImage {IMG} at (0,195) size 50x34
              RenderText {#text} at (50,216) size 5x18
                text run at (50,216) width 5: " "
              RenderBlock {INPUT} at (60,212) size 17x17
              RenderInline {LABEL} at (0,0) size 59x18
                RenderText {#text} at (81,216) size 59x18
                  text run at (81,216) width 59: "Classic"
              RenderText {#text} at (140,216) size 5x18
                text run at (140,216) width 5: " "
          RenderText {#text} at (0,0) size 0x0
          RenderInline {DIV} at (0,0) size 135x18
            RenderInline {DIV} at (0,0) size 135x18
              RenderText {#text} at (0,0) size 0x0
              RenderInline {A} at (0,0) size 50x18 [color=#0000EE]
                RenderImage {IMG} at (145,195) size 50x34
              RenderText {#text} at (195,216) size 5x18
                text run at (195,216) width 5: " "
              RenderBlock {INPUT} at (205,212) size 17x17
              RenderInline {LABEL} at (0,0) size 49x18
                RenderText {#text} at (226,216) size 49x18
                  text run at (226,216) width 49: "Africa"
              RenderText {#text} at (275,216) size 5x18
                text run at (275,216) width 5: " "
          RenderText {#text} at (0,0) size 0x0
          RenderInline {DIV} at (0,0) size 252x18
            RenderInline {DIV} at (0,0) size 252x18
              RenderText {#text} at (0,0) size 0x0
              RenderInline {A} at (0,0) size 50x18 [color=#0000EE]
                RenderImage {IMG} at (280,195) size 50x34
              RenderText {#text} at (330,216) size 5x18
                text run at (330,216) width 5: " "
              RenderBlock {INPUT} at (340,212) size 17x17
              RenderInline {LABEL} at (0,0) size 166x18
                RenderText {#text} at (361,216) size 166x18
                  text run at (361,216) width 166: "Alexander's Empire"
              RenderText {#text} at (527,216) size 5x18
                text run at (527,216) width 5: " "
          RenderText {#text} at (0,0) size 0x0
          RenderInline {DIV} at (0,0) size 210x18
            RenderInline {DIV} at (0,0) size 210x18
              RenderText {#text} at (0,0) size 0x0
              RenderInline {A} at (0,0) size 50x18 [color=#0000EE]
                RenderImage {IMG} at (532,195) size 50x34
              RenderText {#text} at (582,216) size 5x18
                text run at (582,216) width 5: " "
              RenderBlock {INPUT} at (592,212) size 17x17
              RenderInline {LABEL} at (0,0) size 129x18
                RenderText {#text} at (613,216) size 129x18
                  text run at (613,216) width 129: "Ancient Greece"
              RenderText {#text} at (0,0) size 0x0
          RenderText {#text} at (0,0) size 0x0
          RenderInline {DIV} at (0,0) size 145x18
            RenderInline {DIV} at (0,0) size 145x18
              RenderText {#text} at (0,0) size 0x0
              RenderInline {A} at (0,0) size 50x18 [color=#0000EE]
                RenderImage {IMG} at (0,234) size 50x34
              RenderText {#text} at (50,255) size 5x18
                text run at (50,255) width 5: " "
              RenderBlock {INPUT} at (60,251) size 17x17
              RenderInline {LABEL} at (0,0) size 59x18
                RenderText {#text} at (81,255) size 59x18
                  text run at (81,255) width 59: "Classic"
              RenderText {#text} at (140,255) size 5x18
                text run at (140,255) width 5: " "
          RenderText {#text} at (0,0) size 0x0
          RenderInline {DIV} at (0,0) size 135x18
            RenderInline {DIV} at (0,0) size 135x18
              RenderText {#text} at (0,0) size 0x0
              RenderInline {A} at (0,0) size 50x18 [color=#0000EE]
                RenderImage {IMG} at (145,234) size 50x34
              RenderText {#text} at (195,255) size 5x18
                text run at (195,255) width 5: " "
              RenderBlock {INPUT} at (205,251) size 17x17
              RenderInline {LABEL} at (0,0) size 49x18
                RenderText {#text} at (226,255) size 49x18
                  text run at (226,255) width 49: "Africa"
              RenderText {#text} at (275,255) size 5x18
                text run at (275,255) width 5: " "
          RenderText {#text} at (0,0) size 0x0
          RenderInline {DIV} at (0,0) size 252x18
            RenderInline {DIV} at (0,0) size 252x18
              RenderText {#text} at (0,0) size 0x0
              RenderInline {A} at (0,0) size 50x18 [color=#0000EE]
                RenderImage {IMG} at (280,234) size 50x34
              RenderText {#text} at (330,255) size 5x18
                text run at (330,255) width 5: " "
              RenderBlock {INPUT} at (340,251) size 17x17
              RenderInline {LABEL} at (0,0) size 166x18
                RenderText {#text} at (361,255) size 166x18
                  text run at (361,255) width 166: "Alexander's Empire"
              RenderText {#text} at (527,255) size 5x18
                text run at (527,255) width 5: " "
          RenderText {#text} at (0,0) size 0x0
          RenderInline {DIV} at (0,0) size 210x18
            RenderInline {DIV} at (0,0) size 210x18
              RenderText {#text} at (0,0) size 0x0
              RenderInline {A} at (0,0) size 50x18 [color=#0000EE]
                RenderImage {IMG} at (532,234) size 50x34
              RenderText {#text} at (582,255) size 5x18
                text run at (582,255) width 5: " "
              RenderBlock {INPUT} at (592,251) size 17x17
              RenderInline {LABEL} at (0,0) size 129x18
                RenderText {#text} at (613,255) size 129x18
                  text run at (613,255) width 129: "Ancient Greece"
              RenderText {#text} at (0,0) size 0x0
          RenderText {#text} at (0,0) size 0x0
          RenderInline {DIV} at (0,0) size 145x18
            RenderInline {DIV} at (0,0) size 145x18
              RenderText {#text} at (0,0) size 0x0
              RenderInline {A} at (0,0) size 50x18 [color=#0000EE]
                RenderImage {IMG} at (0,273) size 50x34
              RenderText {#text} at (50,294) size 5x18
                text run at (50,294) width 5: " "
              RenderBlock {INPUT} at (60,290) size 17x17
              RenderInline {LABEL} at (0,0) size 59x18
                RenderText {#text} at (81,294) size 59x18
                  text run at (81,294) width 59: "Classic"
              RenderText {#text} at (140,294) size 5x18
                text run at (140,294) width 5: " "
          RenderText {#text} at (0,0) size 0x0
          RenderInline {DIV} at (0,0) size 135x18
            RenderInline {DIV} at (0,0) size 135x18
              RenderText {#text} at (0,0) size 0x0
              RenderInline {A} at (0,0) size 50x18 [color=#0000EE]
                RenderImage {IMG} at (145,273) size 50x34
              RenderText {#text} at (195,294) size 5x18
                text run at (195,294) width 5: " "
              RenderBlock {INPUT} at (205,290) size 17x17
              RenderInline {LABEL} at (0,0) size 49x18
                RenderText {#text} at (226,294) size 49x18
                  text run at (226,294) width 49: "Africa"
              RenderText {#text} at (275,294) size 5x18
                text run at (275,294) width 5: " "
          RenderText {#text} at (0,0) size 0x0
          RenderInline {DIV} at (0,0) size 252x18
            RenderInline {DIV} at (0,0) size 252x18
              RenderText {#text} at (0,0) size 0x0
              RenderInline {A} at (0,0) size 50x18 [color=#0000EE]
                RenderImage {IMG} at (280,273) size 50x34
              RenderText {#text} at (330,294) size 5x18
                text run at (330,294) width 5: " "
              RenderBlock {INPUT} at (340,290) size 17x17
              RenderInline {LABEL} at (0,0) size 166x18
                RenderText {#text} at (361,294) size 166x18
                  text run at (361,294) width 166: "Alexander's Empire"
              RenderText {#text} at (527,294) size 5x18
                text run at (527,294) width 5: " "
          RenderText {#text} at (0,0) size 0x0
          RenderInline {DIV} at (0,0) size 210x18
            RenderInline {DIV} at (0,0) size 210x18
              RenderText {#text} at (0,0) size 0x0
              RenderInline {A} at (0,0) size 50x18 [color=#0000EE]
                RenderImage {IMG} at (532,273) size 50x34
              RenderText {#text} at (582,294) size 5x18
                text run at (582,294) width 5: " "
              RenderBlock {INPUT} at (592,290) size 17x17
              RenderInline {LABEL} at (0,0) size 129x18
                RenderText {#text} at (613,294) size 129x18
                  text run at (613,294) width 129: "Ancient Greece"
              RenderText {#text} at (0,0) size 0x0
          RenderText {#text} at (0,0) size 0x0
          RenderInline {DIV} at (0,0) size 145x18
            RenderInline {DIV} at (0,0) size 145x18
              RenderText {#text} at (0,0) size 0x0
              RenderInline {A} at (0,0) size 50x18 [color=#0000EE]
                RenderImage {IMG} at (0,312) size 50x34
              RenderText {#text} at (50,333) size 5x18
                text run at (50,333) width 5: " "
              RenderBlock {INPUT} at (60,329) size 17x17
              RenderInline {LABEL} at (0,0) size 59x18
                RenderText {#text} at (81,333) size 59x18
                  text run at (81,333) width 59: "Classic"
              RenderText {#text} at (140,333) size 5x18
                text run at (140,333) width 5: " "
          RenderText {#text} at (0,0) size 0x0
          RenderInline {DIV} at (0,0) size 135x18
            RenderInline {DIV} at (0,0) size 135x18
              RenderText {#text} at (0,0) size 0x0
              RenderInline {A} at (0,0) size 50x18 [color=#0000EE]
                RenderImage {IMG} at (145,312) size 50x34
              RenderText {#text} at (195,333) size 5x18
                text run at (195,333) width 5: " "
              RenderBlock {INPUT} at (205,329) size 17x17
              RenderInline {LABEL} at (0,0) size 49x18
                RenderText {#text} at (226,333) size 49x18
                  text run at (226,333) width 49: "Africa"
              RenderText {#text} at (275,333) size 5x18
                text run at (275,333) width 5: " "
          RenderText {#text} at (0,0) size 0x0
          RenderInline {DIV} at (0,0) size 252x18
            RenderInline {DIV} at (0,0) size 252x18
              RenderText {#text} at (0,0) size 0x0
              RenderInline {A} at (0,0) size 50x18 [color=#0000EE]
                RenderImage {IMG} at (280,312) size 50x34
              RenderText {#text} at (330,333) size 5x18
                text run at (330,333) width 5: " "
              RenderBlock {INPUT} at (340,329) size 17x17
              RenderInline {LABEL} at (0,0) size 166x18
                RenderText {#text} at (361,333) size 166x18
                  text run at (361,333) width 166: "Alexander's Empire"
              RenderText {#text} at (527,333) size 5x18
                text run at (527,333) width 5: " "
          RenderText {#text} at (0,0) size 0x0
          RenderInline {DIV} at (0,0) size 210x18
            RenderInline {DIV} at (0,0) size 210x18
              RenderText {#text} at (0,0) size 0x0
              RenderInline {A} at (0,0) size 50x18 [color=#0000EE]
                RenderImage {IMG} at (532,312) size 50x34
              RenderText {#text} at (582,333) size 5x18
                text run at (582,333) width 5: " "
              RenderBlock {INPUT} at (592,329) size 17x17
              RenderInline {LABEL} at (0,0) size 129x18
                RenderText {#text} at (613,333) size 129x18
                  text run at (613,333) width 129: "Ancient Greece"
              RenderText {#text} at (0,0) size 0x0
          RenderText {#text} at (0,0) size 0x0
