layer at (0,0) size 800x600
  RenderView at (0,0) size 800x600
layer at (0,0) size 800x600
  RenderBlock {HTML} at (0,0) size 800x600
    RenderBody {BODY} at (8,8) size 784x584
      RenderTable {TABLE} at (0,0) size 784x78
        RenderTableSection {TBODY} at (0,0) size 784x78
          RenderTableRow {TR} at (0,2) size 784x74
            RenderTableCell {TD} at (2,2) size 780x74 [r=0 c=0 rs=1 cs=1]
              RenderBlock {DIV} at (1,1) size 778x72
                RenderText {#text} at (0,0) size 775x72
                  text run at (0,0) width 756: "Three cheers    for OldVet and the letter he wrote to Senator Dodd (see above Comment)."
                  text run at (756,0) width 10: "  "
                  text run at (0,18) width 770: "We all need to be proactive and contact our senators and representatives to let them know"
                  text run at (770,18) width 5: " "
                  text run at (0,36) width 683: "our strong feelings on this subject.  I would lose what little faith I have left in our"
                  text run at (683,36) width 5: " "
                  text run at (0,54) width 438: "government if they engineered a tax payer bailout. "
                  text run at (438,54) width 0: " "
