layer at (0,0) size 800x600
  RenderView at (0,0) size 800x600
layer at (0,0) size 800x73
  RenderBlock {HTML} at (0,0) size 800x73
    RenderBody {BODY} at (8,8) size 784x57
      RenderBlock {DIV} at (0,0) size 200x57 [bgcolor=#FFFF00]
        RenderText {#text} at (0,0) size 123x19
          text run at (0,0) width 123: "Overflow should"
        RenderInline {SPAN} at (0,0) size 60x19
          RenderText {#text} at (0,19) size 60x19
            text run at (0,19) width 60: "not "
        RenderText {#text} at (60,19) size 125x38
          text run at (60,19) width 65: "even be"
          text run at (0,38) width 58: "tolerated."
