layer at (0,0) size 800x865
  RenderView at (0,0) size 800x600
layer at (0,0) size 800x865
  RenderBlock {HTML} at (0,0) size 800x865
    RenderBody {BODY} at (8,8) size 784x849 [bgcolor=#CCCCCC]
      RenderBlock {P} at (0,0) size 784x18
        RenderText {#text} at (0,0) size 481x18
          text run at (0,0) width 481: "The style declarations which apply to the text below are:"
      RenderBlock {PRE} at (0,35) size 784x126
        RenderText {#text} at (0,0) size 550x126
          text run at (0,0) width 540: ".zero {background-color: silver; border-top-width: 0;}"
          text run at (540,0) width 0: " "
          text run at (0,21) width 510: ".one {border-top-width: 25px; border-style: solid;}"
          text run at (510,21) width 0: " "
          text run at (0,42) width 520: ".two {border-top-width: thick; border-style: solid;}"
          text run at (520,42) width 0: " "
          text run at (0,63) width 550: ".three {border-top-width: medium; border-style: solid;}"
          text run at (550,63) width 0: " "
          text run at (0,84) width 520: ".four {border-top-width: thin; border-style: solid;}"
          text run at (520,84) width 0: " "
          text run at (0,105) width 310: ".five {border-top-width: 25px;}"
          text run at (310,105) width 0: " "
      RenderBlock {HR} at (0,178) size 784x2 [border: (1px inset #000000)]
      RenderBlock {P} at (0,197) size 784x21
        RenderText {#text} at (0,3) size 199x18
          text run at (0,3) width 199: "(These will only work if "
        RenderInline {CODE} at (0,0) size 120x21
          RenderText {#text} at (199,0) size 120x21
            text run at (199,0) width 120: "border-style"
        RenderText {#text} at (319,3) size 123x18
          text run at (319,3) width 123: " is supported.)"
      RenderBlock {P} at (0,235) size 784x18 [bgcolor=#C0C0C0]
        RenderText {#text} at (0,0) size 275x18
          text run at (0,0) width 275: "This element has a class of zero."
      RenderBlock {P} at (0,270) size 784x46 [border: (25px solid #000000) (3px solid #000000)]
        RenderText {#text} at (3,25) size 507x18
          text run at (3,25) width 507: "This paragraph should have a top border width of 25 pixels."
      RenderBlock {P} at (0,333) size 784x26 [border: (5px solid #000000) (3px solid #000000)]
        RenderText {#text} at (3,5) size 451x18
          text run at (3,5) width 451: "This paragraph should have a thick top border width."
      RenderBlock {P} at (0,376) size 784x24 [border: (3px solid #000000)]
        RenderText {#text} at (3,3) size 480x18
          text run at (3,3) width 480: "This paragraph should have a medium top border width."
      RenderBlock {P} at (0,417) size 784x22 [border: (1px solid #000000) (3px solid #000000)]
        RenderText {#text} at (3,1) size 443x18
          text run at (3,1) width 443: "This paragraph should have a thin top border width."
      RenderBlock {P} at (0,456) size 784x42
        RenderText {#text} at (0,3) size 712x18
          text run at (0,3) width 712: "This paragraph should have no border and no extra \"padding\" on its top side, as no "
        RenderInline {CODE} at (0,0) size 782x42
          RenderText {#text} at (712,0) size 782x42
            text run at (712,0) width 70: "border-"
            text run at (0,21) width 50: "style"
        RenderText {#text} at (50,24) size 74x18
          text run at (50,24) width 74: " was set."
      RenderTable {TABLE} at (0,515) size 784x334 [border: (1px outset #808080)]
        RenderTableSection {TBODY} at (1,1) size 782x332
          RenderTableRow {TR} at (0,0) size 782x26
            RenderTableCell {TD} at (0,0) size 782x26 [bgcolor=#C0C0C0] [border: (1px inset #808080)] [r=0 c=0 rs=1 cs=2]
              RenderInline {STRONG} at (0,0) size 214x18
                RenderText {#text} at (4,4) size 214x18
                  text run at (4,4) width 214: "TABLE Testing Section"
          RenderTableRow {TR} at (0,26) size 782x306
            RenderTableCell {TD} at (0,166) size 13x26 [bgcolor=#C0C0C0] [border: (1px inset #808080)] [r=1 c=0 rs=1 cs=1]
              RenderText {#text} at (4,4) size 5x18
                text run at (4,4) width 5: " "
            RenderTableCell {TD} at (13,26) size 769x306 [border: (1px inset #808080)] [r=1 c=1 rs=1 cs=1]
              RenderBlock {P} at (4,4) size 761x21
                RenderText {#text} at (0,3) size 199x18
                  text run at (0,3) width 199: "(These will only work if "
                RenderInline {CODE} at (0,0) size 120x21
                  RenderText {#text} at (199,0) size 120x21
                    text run at (199,0) width 120: "border-style"
                RenderText {#text} at (319,3) size 123x18
                  text run at (319,3) width 123: " is supported.)"
              RenderBlock {P} at (4,42) size 761x18 [bgcolor=#C0C0C0]
                RenderText {#text} at (0,0) size 275x18
                  text run at (0,0) width 275: "This element has a class of zero."
              RenderBlock {P} at (4,77) size 761x46 [border: (25px solid #000000) (3px solid #000000)]
                RenderText {#text} at (3,25) size 507x18
                  text run at (3,25) width 507: "This paragraph should have a top border width of 25 pixels."
              RenderBlock {P} at (4,140) size 761x26 [border: (5px solid #000000) (3px solid #000000)]
                RenderText {#text} at (3,5) size 451x18
                  text run at (3,5) width 451: "This paragraph should have a thick top border width."
              RenderBlock {P} at (4,183) size 761x24 [border: (3px solid #000000)]
                RenderText {#text} at (3,3) size 480x18
                  text run at (3,3) width 480: "This paragraph should have a medium top border width."
              RenderBlock {P} at (4,224) size 761x22 [border: (1px solid #000000) (3px solid #000000)]
                RenderText {#text} at (3,1) size 443x18
                  text run at (3,1) width 443: "This paragraph should have a thin top border width."
              RenderBlock {P} at (4,263) size 761x39
                RenderText {#text} at (0,0) size 707x18
                  text run at (0,0) width 707: "This paragraph should have no border and no extra \"padding\" on its top side, as no"
                RenderInline {CODE} at (0,0) size 120x21
                  RenderText {#text} at (0,18) size 120x21
                    text run at (0,18) width 120: "border-style"
                RenderText {#text} at (120,21) size 74x18
                  text run at (120,21) width 74: " was set."
