layer at (0,0) size 800x1122
  RenderView at (0,0) size 800x600
layer at (0,0) size 800x1122
  RenderBlock {HTML} at (0,0) size 800x1122
    RenderBody {BODY} at (8,8) size 784x1106 [bgcolor=#CCCCCC]
      RenderBlock {P} at (20,0) size 764x18
        RenderText {#text} at (0,0) size 481x18
          text run at (0,0) width 481: "The style declarations which apply to the text below are:"
      RenderBlock {PRE} at (0,35) size 784x147
        RenderText {#text} at (0,0) size 430x147
          text run at (0,0) width 220: "P {margin-left: 20px;}"
          text run at (220,0) width 0: " "
          text run at (0,21) width 390: ".one {border-left: purple double 10px;}"
          text run at (390,21) width 0: " "
          text run at (0,42) width 380: ".two {border-left: purple thin solid;}"
          text run at (380,42) width 0: " "
          text run at (0,63) width 420: ".threea {border-left: black medium solid;}"
          text run at (420,63) width 0: " "
          text run at (0,84) width 430: ".threeb {border-left: purple medium solid;}"
          text run at (430,84) width 0: " "
          text run at (0,105) width 410: ".threec {border-left: blue medium solid;}"
          text run at (410,105) width 0: " "
          text run at (0,126) width 340: "TD {border-left: green 2px solid;}"
          text run at (340,126) width 0: " "
      RenderBlock {HR} at (0,199) size 784x2 [border: (1px inset #000000)]
      RenderBlock {P} at (20,218) size 764x36
        RenderText {#text} at (0,0) size 728x36
          text run at (0,0) width 724: "Note that all table cells on this page should have a two-pixel solid green border along"
          text run at (0,18) width 132: "their left sides. "
          text run at (132,18) width 596: "This border applies only to the cells, not the rows which contain them."
      RenderBlock {P} at (20,271) size 764x18 [border: (10px double #800080)]
        RenderText {#text} at (10,0) size 557x18
          text run at (10,0) width 557: "This paragraph should have a purple, double, 10-pixel left border."
      RenderBlock {P} at (20,306) size 764x18 [border: (1px solid #800080)]
        RenderText {#text} at (1,0) size 449x18
          text run at (1,0) width 449: "This paragraph should have a thin purple left border."
      RenderTable {TABLE} at (0,341) size 784x107 [border: (1px outset #808080)]
        RenderTableSection {TBODY} at (1,1) size 782x105
          RenderTableRow {TR} at (0,5) size 782x40
            RenderTableCell {TD} at (5,5) size 772x40 [border: (1px inset #808080) (2px solid #008000)] [r=0 c=0 rs=1 cs=2]
              RenderText {#text} at (3,2) size 764x36
                text run at (3,2) width 576: "Every cell in this table should have a 2-pixel solid green left border. "
                text run at (579,2) width 188: "This is also true of the"
                text run at (3,20) width 475: "table-testing section in the second half of the test page."
          RenderTableRow {TR} at (0,50) size 782x50
            RenderTableCell {TD} at (5,64) size 189x22 [border: (1px inset #808080) (2px solid #008000)] [r=1 c=0 rs=1 cs=1]
              RenderText {#text} at (3,2) size 68x18
                text run at (3,2) width 68: "Cell one"
            RenderTableCell {TD} at (199,50) size 578x50 [border: (1px inset #808080) (2px solid #008000)] [r=1 c=1 rs=1 cs=1]
              RenderBlock (anonymous) at (3,2) size 573x18
                RenderText {#text} at (0,0) size 68x18
                  text run at (0,0) width 68: "Cell two"
              RenderTable {TABLE} at (3,20) size 217x28 [border: (1px outset #808080)]
                RenderTableSection {TBODY} at (1,1) size 215x26
                  RenderTableRow {TR} at (0,2) size 215x22
                    RenderTableCell {TD} at (2,2) size 211x22 [border: (1px inset #808080) (2px solid #008000)] [r=0 c=0 rs=1 cs=1]
                      RenderText {#text} at (3,2) size 206x18
                        text run at (3,2) width 206: "Nested single-cell table!"
      RenderBlock {UL} at (0,465) size 784x162
        RenderListItem {LI} at (40,0) size 744x72 [border: (3px solid #000000)]
          RenderBlock (anonymous) at (3,0) size 741x18
            RenderListMarker at (-19,0) size 6x18: bullet
            RenderText {#text} at (0,0) size 160x18
              text run at (0,0) width 160: "This is a list item..."
          RenderBlock {UL} at (3,18) size 741x54
            RenderListItem {LI} at (40,0) size 701x18
              RenderListMarker at (-16,0) size 6x18: white bullet
              RenderText {#text} at (0,0) size 99x18
                text run at (0,0) width 99: "...and this..."
            RenderListItem {LI} at (40,18) size 701x18
              RenderListMarker at (-16,0) size 6x18: white bullet
              RenderText {#text} at (0,0) size 155x18
                text run at (0,0) width 155: "...is a second list..."
            RenderListItem {LI} at (40,36) size 701x18
              RenderListMarker at (-16,0) size 6x18: white bullet
              RenderText {#text} at (0,0) size 244x18
                text run at (0,0) width 244: "...nested within the list item."
        RenderListItem {LI} at (40,72) size 744x18 [border: (3px solid #800080)]
          RenderListMarker at (-16,0) size 6x18: bullet
          RenderText {#text} at (3,0) size 215x18
            text run at (3,0) width 215: "This is a second list item."
        RenderListItem {LI} at (40,90) size 744x72 [border: (3px solid #0000FF)]
          RenderListMarker at (-16,0) size 6x18: bullet
          RenderText {#text} at (3,0) size 729x72
            text run at (3,0) width 701: "Each list item in this 'parent' list should have a medium-width border along its left"
            text run at (3,18) width 242: "side, in each of three colors. "
            text run at (245,18) width 487: "The first item's border should travel the entire height the"
            text run at (3,36) width 720: "nested list (to end near the baseline of the line \"...nested within the list item.\"), even"
            text run at (3,54) width 500: "though the nested list does not have any border styles set."
      RenderTable {TABLE} at (0,644) size 784x462 [border: (1px outset #808080)]
        RenderTableSection {TBODY} at (1,1) size 782x460
          RenderTableRow {TR} at (0,0) size 782x26
            RenderTableCell {TD} at (0,0) size 782x26 [bgcolor=#C0C0C0] [border: (1px inset #808080) (2px solid #008000)] [r=0 c=0 rs=1 cs=2]
              RenderInline {STRONG} at (0,0) size 214x18
                RenderText {#text} at (5,4) size 214x18
                  text run at (5,4) width 214: "TABLE Testing Section"
          RenderTableRow {TR} at (0,26) size 782x434
            RenderTableCell {TD} at (0,230) size 14x26 [bgcolor=#C0C0C0] [border: (1px inset #808080) (2px solid #008000)] [r=1 c=0 rs=1 cs=1]
              RenderText {#text} at (5,4) size 5x18
                text run at (5,4) width 5: " "
            RenderTableCell {TD} at (14,26) size 768x434 [border: (1px inset #808080) (2px solid #008000)] [r=1 c=1 rs=1 cs=1]
              RenderBlock {P} at (25,4) size 739x36
                RenderText {#text} at (0,0) size 728x36
                  text run at (0,0) width 724: "Note that all table cells on this page should have a two-pixel solid green border along"
                  text run at (0,18) width 132: "their left sides. "
                  text run at (132,18) width 596: "This border applies only to the cells, not the rows which contain them."
              RenderBlock {P} at (25,57) size 739x18 [border: (10px double #800080)]
                RenderText {#text} at (10,0) size 557x18
                  text run at (10,0) width 557: "This paragraph should have a purple, double, 10-pixel left border."
              RenderBlock {P} at (25,92) size 739x18 [border: (1px solid #800080)]
                RenderText {#text} at (1,0) size 449x18
                  text run at (1,0) width 449: "This paragraph should have a thin purple left border."
              RenderTable {TABLE} at (5,127) size 759x107 [border: (1px outset #808080)]
                RenderTableSection {TBODY} at (1,1) size 757x105
                  RenderTableRow {TR} at (0,5) size 757x40
                    RenderTableCell {TD} at (5,5) size 747x40 [border: (1px inset #808080) (2px solid #008000)] [r=0 c=0 rs=1 cs=2]
                      RenderText {#text} at (3,2) size 731x36
                        text run at (3,2) width 576: "Every cell in this table should have a 2-pixel solid green left border. "
                        text run at (579,2) width 155: "This is also true of"
                        text run at (3,20) width 508: "the table-testing section in the second half of the test page."
                  RenderTableRow {TR} at (0,50) size 757x50
                    RenderTableCell {TD} at (5,64) size 183x22 [border: (1px inset #808080) (2px solid #008000)] [r=1 c=0 rs=1 cs=1]
                      RenderText {#text} at (3,2) size 68x18
                        text run at (3,2) width 68: "Cell one"
                    RenderTableCell {TD} at (193,50) size 559x50 [border: (1px inset #808080) (2px solid #008000)] [r=1 c=1 rs=1 cs=1]
                      RenderBlock (anonymous) at (3,2) size 554x18
                        RenderText {#text} at (0,0) size 68x18
                          text run at (0,0) width 68: "Cell two"
                      RenderTable {TABLE} at (3,20) size 217x28 [border: (1px outset #808080)]
                        RenderTableSection {TBODY} at (1,1) size 215x26
                          RenderTableRow {TR} at (0,2) size 215x22
                            RenderTableCell {TD} at (2,2) size 211x22 [border: (1px inset #808080) (2px solid #008000)] [r=0 c=0 rs=1 cs=1]
                              RenderText {#text} at (3,2) size 206x18
                                text run at (3,2) width 206: "Nested single-cell table!"
              RenderBlock {UL} at (5,251) size 759x162
                RenderListItem {LI} at (40,0) size 719x72 [border: (3px solid #000000)]
                  RenderBlock (anonymous) at (3,0) size 716x18
                    RenderListMarker at (-19,0) size 6x18: bullet
                    RenderText {#text} at (0,0) size 160x18
                      text run at (0,0) width 160: "This is a list item..."
                  RenderBlock {UL} at (3,18) size 716x54
                    RenderListItem {LI} at (40,0) size 676x18
                      RenderListMarker at (-16,0) size 6x18: white bullet
                      RenderText {#text} at (0,0) size 99x18
                        text run at (0,0) width 99: "...and this..."
                    RenderListItem {LI} at (40,18) size 676x18
                      RenderListMarker at (-16,0) size 6x18: white bullet
                      RenderText {#text} at (0,0) size 155x18
                        text run at (0,0) width 155: "...is a second list..."
                    RenderListItem {LI} at (40,36) size 676x18
                      RenderListMarker at (-16,0) size 6x18: white bullet
                      RenderText {#text} at (0,0) size 244x18
                        text run at (0,0) width 244: "...nested within the list item."
                RenderListItem {LI} at (40,72) size 719x18 [border: (3px solid #800080)]
                  RenderListMarker at (-16,0) size 6x18: bullet
                  RenderText {#text} at (3,0) size 215x18
                    text run at (3,0) width 215: "This is a second list item."
                RenderListItem {LI} at (40,90) size 719x72 [border: (3px solid #0000FF)]
                  RenderListMarker at (-16,0) size 6x18: bullet
                  RenderText {#text} at (3,0) size 707x72
                    text run at (3,0) width 701: "Each list item in this 'parent' list should have a medium-width border along its left"
                    text run at (3,18) width 242: "side, in each of three colors. "
                    text run at (245,18) width 454: "The first item's border should travel the entire height"
                    text run at (3,36) width 707: "the nested list (to end near the baseline of the line \"...nested within the list item.\"),"
                    text run at (3,54) width 546: "even though the nested list does not have any border styles set."
