layer at (0,0) size 800x965
  RenderView at (0,0) size 800x600
layer at (0,0) size 800x965
  RenderBlock {HTML} at (0,0) size 800x965
    RenderBody {BODY} at (8,8) size 784x949 [bgcolor=#CCCCCC]
      RenderBlock {P} at (0,0) size 784x18
        RenderText {#text} at (0,0) size 481x18
          text run at (0,0) width 481: "The style declarations which apply to the text below are:"
      RenderBlock {PRE} at (0,35) size 784x126
        RenderText {#text} at (0,0) size 570x126
          text run at (0,0) width 560: ".zero {background-color: silver; border-right-width: 0;}"
          text run at (560,0) width 0: " "
          text run at (0,21) width 530: ".one {border-right-width: 25px; border-style: solid;}"
          text run at (530,21) width 0: " "
          text run at (0,42) width 540: ".two {border-right-width: thick; border-style: solid;}"
          text run at (540,42) width 0: " "
          text run at (0,63) width 570: ".three {border-right-width: medium; border-style: solid;}"
          text run at (570,63) width 0: " "
          text run at (0,84) width 540: ".four {border-right-width: thin; border-style: solid;}"
          text run at (540,84) width 0: " "
          text run at (0,105) width 340: ".five {border-right-width: 100px;}"
          text run at (340,105) width 0: " "
      RenderBlock {HR} at (0,178) size 784x2 [border: (1px inset #000000)]
      RenderBlock {P} at (0,197) size 784x21
        RenderText {#text} at (0,3) size 199x18
          text run at (0,3) width 199: "(These will only work if "
        RenderInline {CODE} at (0,0) size 120x21
          RenderText {#text} at (199,0) size 120x21
            text run at (199,0) width 120: "border-style"
        RenderText {#text} at (319,3) size 123x18
          text run at (319,3) width 123: " is supported.)"
      RenderBlock {P} at (0,235) size 784x18 [bgcolor=#C0C0C0]
        RenderText {#text} at (0,0) size 275x18
          text run at (0,0) width 275: "This element has a class of zero."
      RenderBlock {P} at (0,270) size 784x42 [border: (3px solid #000000) (25px solid #000000) (3px solid #000000)]
        RenderText {#text} at (3,3) size 753x36
          text run at (3,3) width 753: "This element should have a right border width of 25 pixels, which will be more obvious if"
          text run at (3,21) width 334: "the element is more than one line long."
      RenderBlock {P} at (0,329) size 784x42 [border: (3px solid #000000) (5px solid #000000) (3px solid #000000)]
        RenderText {#text} at (3,3) size 730x36
          text run at (3,3) width 730: "This element should have a thick right border width, which will be more obvious if the"
          text run at (3,21) width 301: "element is more than one line long."
      RenderBlock {P} at (0,388) size 784x42 [border: (3px solid #000000)]
        RenderText {#text} at (3,3) size 759x36
          text run at (3,3) width 759: "This element should have a medium right border width, which will be more obvious if the"
          text run at (3,21) width 301: "element is more than one line long."
      RenderBlock {P} at (0,447) size 784x42 [border: (3px solid #000000) (1px solid #000000) (3px solid #000000)]
        RenderText {#text} at (3,3) size 722x36
          text run at (3,3) width 722: "This element should have a thin right border width, which will be more obvious if the"
          text run at (3,21) width 301: "element is more than one line long."
      RenderBlock {P} at (0,506) size 784x42
        RenderText {#text} at (0,3) size 707x18
          text run at (0,3) width 707: "This element should have no border and no extra \"padding\" on its right side, as no "
        RenderInline {CODE} at (0,0) size 777x42
          RenderText {#text} at (707,0) size 777x42
            text run at (707,0) width 70: "border-"
            text run at (0,21) width 50: "style"
        RenderText {#text} at (50,24) size 74x18
          text run at (50,24) width 74: " was set."
      RenderTable {TABLE} at (0,565) size 784x384 [border: (1px outset #808080)]
        RenderTableSection {TBODY} at (1,1) size 782x382
          RenderTableRow {TR} at (0,0) size 782x26
            RenderTableCell {TD} at (0,0) size 782x26 [bgcolor=#C0C0C0] [border: (1px inset #808080)] [r=0 c=0 rs=1 cs=2]
              RenderInline {STRONG} at (0,0) size 214x18
                RenderText {#text} at (4,4) size 214x18
                  text run at (4,4) width 214: "TABLE Testing Section"
          RenderTableRow {TR} at (0,26) size 782x356
            RenderTableCell {TD} at (0,191) size 13x26 [bgcolor=#C0C0C0] [border: (1px inset #808080)] [r=1 c=0 rs=1 cs=1]
              RenderText {#text} at (4,4) size 5x18
                text run at (4,4) width 5: " "
            RenderTableCell {TD} at (13,26) size 769x356 [border: (1px inset #808080)] [r=1 c=1 rs=1 cs=1]
              RenderBlock {P} at (4,4) size 761x21
                RenderText {#text} at (0,3) size 199x18
                  text run at (0,3) width 199: "(These will only work if "
                RenderInline {CODE} at (0,0) size 120x21
                  RenderText {#text} at (199,0) size 120x21
                    text run at (199,0) width 120: "border-style"
                RenderText {#text} at (319,3) size 123x18
                  text run at (319,3) width 123: " is supported.)"
              RenderBlock {P} at (4,42) size 761x18 [bgcolor=#C0C0C0]
                RenderText {#text} at (0,0) size 275x18
                  text run at (0,0) width 275: "This element has a class of zero."
              RenderBlock {P} at (4,77) size 761x42 [border: (3px solid #000000) (25px solid #000000) (3px solid #000000)]
                RenderText {#text} at (3,3) size 666x36
                  text run at (3,3) width 666: "This element should have a right border width of 25 pixels, which will be more"
                  text run at (3,21) width 421: "obvious if the element is more than one line long."
              RenderBlock {P} at (4,136) size 761x42 [border: (3px solid #000000) (5px solid #000000) (3px solid #000000)]
                RenderText {#text} at (3,3) size 730x36
                  text run at (3,3) width 730: "This element should have a thick right border width, which will be more obvious if the"
                  text run at (3,21) width 301: "element is more than one line long."
              RenderBlock {P} at (4,195) size 761x42 [border: (3px solid #000000)]
                RenderText {#text} at (3,3) size 726x36
                  text run at (3,3) width 726: "This element should have a medium right border width, which will be more obvious if"
                  text run at (3,21) width 334: "the element is more than one line long."
              RenderBlock {P} at (4,254) size 761x42 [border: (3px solid #000000) (1px solid #000000) (3px solid #000000)]
                RenderText {#text} at (3,3) size 722x36
                  text run at (3,3) width 722: "This element should have a thin right border width, which will be more obvious if the"
                  text run at (3,21) width 301: "element is more than one line long."
              RenderBlock {P} at (4,313) size 761x39
                RenderText {#text} at (0,0) size 702x18
                  text run at (0,0) width 702: "This element should have no border and no extra \"padding\" on its right side, as no"
                RenderInline {CODE} at (0,0) size 120x21
                  RenderText {#text} at (0,18) size 120x21
                    text run at (0,18) width 120: "border-style"
                RenderText {#text} at (120,21) size 74x18
                  text run at (120,21) width 74: " was set."
