layer at (0,0) size 800x865
  RenderView at (0,0) size 800x600
layer at (0,0) size 800x865
  RenderBlock {HTML} at (0,0) size 800x865
    RenderBody {BODY} at (8,8) size 784x849 [bgcolor=#CCCCCC]
      RenderBlock {P} at (0,0) size 784x18
        RenderText {#text} at (0,0) size 481x18
          text run at (0,0) width 481: "The style declarations which apply to the text below are:"
      RenderBlock {PRE} at (0,35) size 784x63
        RenderText {#text} at (0,0) size 450x63
          text run at (0,0) width 440: ".zero {background-color: silver; margin: 0;}"
          text run at (440,0) width 0: " "
          text run at (0,21) width 440: ".one {margin: 25px; background-color: aqua;}"
          text run at (440,21) width 0: " "
          text run at (0,42) width 450: ".two {margin: -10px; background-color: aqua;}"
          text run at (450,42) width 0: " "
      RenderBlock {HR} at (0,115) size 784x2 [border: (1px inset #000000)]
      RenderBlock {P} at (0,125) size 784x18 [bgcolor=#C0C0C0]
        RenderText {#text} at (0,0) size 275x18
          text run at (0,0) width 275: "This element has a class of zero."
      RenderBlock {P} at (0,160) size 784x111 [bgcolor=#808080]
        RenderText {#text} at (0,0) size 645x18
          text run at (0,0) width 525: "This element is unstyled save for a background color of gray.. "
          text run at (525,0) width 120: "It contains an "
        RenderInline {SPAN} at (0,0) size 717x39 [bgcolor=#00FFFF]
          RenderText {#text} at (670,0) size 717x39
            text run at (670,0) width 47: "inline"
            text run at (0,21) width 143: "element of class "
          RenderInline {TT} at (0,0) size 30x21
            RenderText {#text} at (143,18) size 30x21
              text run at (143,18) width 30: "one"
          RenderText {#text} at (173,21) size 425x18
            text run at (173,21) width 425: ", giving it an aqua background and a 25px margin"
        RenderText {#text} at (623,21) size 779x90
          text run at (623,21) width 10: ". "
          text run at (633,21) width 146: "Margins on inline"
          text run at (0,39) width 753: "elements does not affect line-height calculations, so all lines in this element should have"
          text run at (0,57) width 186: "the same line-height. "
          text run at (186,57) width 580: "However, there should be a 25px margin to the left side of the inline"
          text run at (0,75) width 779: "box in the first line it appears, and a 25px margin to the right side of the inline element box"
          text run at (0,93) width 273: "in the last line where it appears."
      RenderBlock {P} at (0,288) size 784x18 [bgcolor=#C0C0C0]
        RenderText {#text} at (0,0) size 275x18
          text run at (0,0) width 275: "This element has a class of zero."
      RenderBlock {P} at (0,323) size 784x111 [bgcolor=#808080]
        RenderText {#text} at (0,0) size 645x18
          text run at (0,0) width 525: "This element is unstyled save for a background color of gray.. "
          text run at (525,0) width 120: "It contains an "
        RenderInline {SPAN} at (0,0) size 778x39 [bgcolor=#00FFFF]
          RenderText {#text} at (635,0) size 778x39
            text run at (635,0) width 143: "inline element of"
            text run at (0,21) width 47: "class "
          RenderInline {TT} at (0,0) size 30x21
            RenderText {#text} at (47,18) size 30x21
              text run at (47,18) width 30: "two"
          RenderText {#text} at (77,21) size 431x18
            text run at (77,21) width 431: ", giving it an aqua background and a -10px margin"
        RenderText {#text} at (498,21) size 783x90
          text run at (498,21) width 10: ". "
          text run at (508,21) width 275: "Margins on inline elements does"
          text run at (0,39) width 750: "not affect line-height calculations, so all lines in this element should have the same line-"
          text run at (0,57) width 65: "height. "
          text run at (65,57) width 715: "However, there should be a -10px margin to the left side of the inline box in the first"
          text run at (0,75) width 782: "line it appears, and a -10px margin to the right side of the inline element box in the last line"
          text run at (0,93) width 147: "where it appears."
      RenderBlock {P} at (0,451) size 784x18 [bgcolor=#C0C0C0]
        RenderText {#text} at (0,0) size 275x18
          text run at (0,0) width 275: "This element has a class of zero."
      RenderTable {TABLE} at (0,469) size 784x380 [border: (1px outset #808080)]
        RenderTableSection {TBODY} at (1,1) size 782x378
          RenderTableRow {TR} at (0,0) size 782x26
            RenderTableCell {TD} at (0,0) size 782x26 [bgcolor=#C0C0C0] [border: (1px inset #808080)] [r=0 c=0 rs=1 cs=2]
              RenderInline {STRONG} at (0,0) size 214x18
                RenderText {#text} at (4,4) size 214x18
                  text run at (4,4) width 214: "TABLE Testing Section"
          RenderTableRow {TR} at (0,26) size 782x352
            RenderTableCell {TD} at (0,189) size 13x26 [bgcolor=#C0C0C0] [border: (1px inset #808080)] [r=1 c=0 rs=1 cs=1]
              RenderText {#text} at (4,4) size 5x18
                text run at (4,4) width 5: " "
            RenderTableCell {TD} at (13,26) size 769x352 [border: (1px inset #808080)] [r=1 c=1 rs=1 cs=1]
              RenderBlock {P} at (4,4) size 761x18 [bgcolor=#C0C0C0]
                RenderText {#text} at (0,0) size 275x18
                  text run at (0,0) width 275: "This element has a class of zero."
              RenderBlock {P} at (4,39) size 761x111 [bgcolor=#808080]
                RenderText {#text} at (0,0) size 645x18
                  text run at (0,0) width 525: "This element is unstyled save for a background color of gray.. "
                  text run at (525,0) width 120: "It contains an "
                RenderInline {SPAN} at (0,0) size 717x39 [bgcolor=#00FFFF]
                  RenderText {#text} at (670,0) size 717x39
                    text run at (670,0) width 47: "inline"
                    text run at (0,21) width 143: "element of class "
                  RenderInline {TT} at (0,0) size 30x21
                    RenderText {#text} at (143,18) size 30x21
                      text run at (143,18) width 30: "one"
                  RenderText {#text} at (173,21) size 425x18
                    text run at (173,21) width 425: ", giving it an aqua background and a 25px margin"
                RenderText {#text} at (623,21) size 760x90
                  text run at (623,21) width 10: ". "
                  text run at (633,21) width 94: "Margins on"
                  text run at (0,39) width 759: "inline elements does not affect line-height calculations, so all lines in this element should"
                  text run at (0,57) width 232: "have the same line-height. "
                  text run at (232,57) width 528: "However, there should be a 25px margin to the left side of the"
                  text run at (0,75) width 720: "inline box in the first line it appears, and a 25px margin to the right side of the inline"
                  text run at (0,93) width 384: "element box in the last line where it appears."
              RenderBlock {P} at (4,167) size 761x18 [bgcolor=#C0C0C0]
                RenderText {#text} at (0,0) size 275x18
                  text run at (0,0) width 275: "This element has a class of zero."
              RenderBlock {P} at (4,202) size 761x111 [bgcolor=#808080]
                RenderText {#text} at (0,0) size 645x18
                  text run at (0,0) width 525: "This element is unstyled save for a background color of gray.. "
                  text run at (525,0) width 120: "It contains an "
                RenderInline {SPAN} at (0,0) size 757x39 [bgcolor=#00FFFF]
                  RenderText {#text} at (635,0) size 757x39
                    text run at (635,0) width 122: "inline element"
                    text run at (0,21) width 68: "of class "
                  RenderInline {TT} at (0,0) size 30x21
                    RenderText {#text} at (68,18) size 30x21
                      text run at (68,18) width 30: "two"
                  RenderText {#text} at (98,21) size 431x18
                    text run at (98,21) width 431: ", giving it an aqua background and a -10px margin"
                RenderText {#text} at (519,21) size 759x90
                  text run at (519,21) width 10: ". "
                  text run at (529,21) width 230: "Margins on inline elements"
                  text run at (0,39) width 753: "does not affect line-height calculations, so all lines in this element should have the same"
                  text run at (0,57) width 102: "line-height. "
                  text run at (102,57) width 643: "However, there should be a -10px margin to the left side of the inline box in"
                  text run at (0,75) width 749: "the first line it appears, and a -10px margin to the right side of the inline element box in"
                  text run at (0,93) width 252: "the last line where it appears."
              RenderBlock {P} at (4,330) size 761x18 [bgcolor=#C0C0C0]
                RenderText {#text} at (0,0) size 275x18
                  text run at (0,0) width 275: "This element has a class of zero."
