layer at (0,0) size 800x600
  RenderView at (0,0) size 800x600
layer at (0,0) size 800x600
  RenderBlock {HTML} at (0,0) size 800x600
    RenderBody {BODY} at (8,8) size 784x584 [bgcolor=#CCCCCC]
      RenderBlock {P} at (0,0) size 784x18
        RenderText {#text} at (0,0) size 481x18
          text run at (0,0) width 481: "The style declarations which apply to the text below are:"
      RenderBlock {PRE} at (0,35) size 784x84
        RenderText {#text} at (0,0) size 490x84
          text run at (0,0) width 480: ".zero {background-color: silver; margin-top: 0;}"
          text run at (480,0) width 0: " "
          text run at (0,21) width 480: ".one {margin-top: 25px; background-color: aqua;}"
          text run at (480,21) width 0: " "
          text run at (0,42) width 490: ".two {margin-top: -10px; background-color: aqua;}"
          text run at (490,42) width 0: " "
          text run at (0,63) width 0: " "
      RenderBlock {HR} at (0,136) size 784x2 [border: (1px inset #000000)]
      RenderBlock {P} at (0,155) size 784x75 [bgcolor=#808080]
        RenderText {#text} at (0,0) size 640x18
          text run at (0,0) width 520: "This element is unstyled save for a background color of gray. "
          text run at (520,0) width 120: "It contains an "
        RenderInline {SPAN} at (0,0) size 783x39 [bgcolor=#00FFFF]
          RenderText {#text} at (640,0) size 783x39
            text run at (640,0) width 143: "inline element of"
            text run at (0,21) width 47: "class "
          RenderInline {TT} at (0,0) size 30x21
            RenderText {#text} at (47,18) size 30x21
              text run at (47,18) width 30: "one"
          RenderText {#text} at (77,21) size 458x18
            text run at (77,21) width 458: ", giving it an aqua background and a 25px top margin"
        RenderText {#text} at (535,21) size 776x54
          text run at (535,21) width 10: ". "
          text run at (545,21) width 230: "Margins on inline elements"
          text run at (0,39) width 776: "do not affect line-height calculations, so all lines in this element should have the same line-"
          text run at (0,57) width 60: "height."
      RenderBlock {P} at (0,247) size 784x75 [bgcolor=#808080]
        RenderText {#text} at (0,0) size 640x18
          text run at (0,0) width 520: "This element is unstyled save for a background color of gray. "
          text run at (520,0) width 120: "It contains an "
        RenderInline {SPAN} at (0,0) size 783x39 [bgcolor=#00FFFF]
          RenderText {#text} at (640,0) size 783x39
            text run at (640,0) width 143: "inline element of"
            text run at (0,21) width 47: "class "
          RenderInline {TT} at (0,0) size 30x21
            RenderText {#text} at (47,18) size 30x21
              text run at (47,18) width 30: "two"
          RenderText {#text} at (77,21) size 607x18
            text run at (77,21) width 607: ", giving the inline element an aqua background and a -10px top margin"
        RenderText {#text} at (684,21) size 766x54
          text run at (684,21) width 10: ". "
          text run at (694,21) width 68: "Margins"
          text run at (0,39) width 766: "on inline elements do not affect line-height calculations, so all lines in this element should"
          text run at (0,57) width 227: "have the same line-height."
      RenderTable {TABLE} at (0,339) size 784x203 [border: (1px outset #808080)]
        RenderTableSection {TBODY} at (1,1) size 782x201
          RenderTableRow {TR} at (0,0) size 782x26
            RenderTableCell {TD} at (0,0) size 782x26 [bgcolor=#C0C0C0] [border: (1px inset #808080)] [r=0 c=0 rs=1 cs=2]
              RenderInline {STRONG} at (0,0) size 214x18
                RenderText {#text} at (4,4) size 214x18
                  text run at (4,4) width 214: "TABLE Testing Section"
          RenderTableRow {TR} at (0,26) size 782x175
            RenderTableCell {TD} at (0,100) size 13x26 [bgcolor=#C0C0C0] [border: (1px inset #808080)] [r=1 c=0 rs=1 cs=1]
              RenderText {#text} at (4,4) size 5x18
                text run at (4,4) width 5: " "
            RenderTableCell {TD} at (13,26) size 769x175 [border: (1px inset #808080)] [r=1 c=1 rs=1 cs=1]
              RenderBlock {P} at (4,4) size 761x75 [bgcolor=#808080]
                RenderText {#text} at (0,0) size 640x18
                  text run at (0,0) width 520: "This element is unstyled save for a background color of gray. "
                  text run at (520,0) width 120: "It contains an "
                RenderInline {SPAN} at (0,0) size 687x39 [bgcolor=#00FFFF]
                  RenderText {#text} at (640,0) size 687x39
                    text run at (640,0) width 47: "inline"
                    text run at (0,21) width 143: "element of class "
                  RenderInline {TT} at (0,0) size 30x21
                    RenderText {#text} at (143,18) size 30x21
                      text run at (143,18) width 30: "one"
                  RenderText {#text} at (173,21) size 458x18
                    text run at (173,21) width 458: ", giving it an aqua background and a 25px top margin"
                RenderText {#text} at (631,21) size 740x54
                  text run at (631,21) width 10: ". "
                  text run at (641,21) width 94: "Margins on"
                  text run at (0,39) width 740: "inline elements do not affect line-height calculations, so all lines in this element should"
                  text run at (0,57) width 227: "have the same line-height."
              RenderBlock {P} at (4,96) size 761x75 [bgcolor=#808080]
                RenderText {#text} at (0,0) size 640x18
                  text run at (0,0) width 520: "This element is unstyled save for a background color of gray. "
                  text run at (520,0) width 120: "It contains an "
                RenderInline {SPAN} at (0,0) size 714x57 [bgcolor=#00FFFF]
                  RenderText {#text} at (640,0) size 687x39
                    text run at (640,0) width 47: "inline"
                    text run at (0,21) width 143: "element of class "
                  RenderInline {TT} at (0,0) size 30x21
                    RenderText {#text} at (143,18) size 30x21
                      text run at (143,18) width 30: "two"
                  RenderText {#text} at (173,21) size 714x36
                    text run at (173,21) width 541: ", giving the inline element an aqua background and a -10px top"
                    text run at (0,39) width 61: "margin"
                RenderText {#text} at (61,39) size 736x36
                  text run at (61,39) width 10: ". "
                  text run at (71,39) width 665: "Margins on inline elements do not affect line-height calculations, so all lines in"
                  text run at (0,57) width 401: "this element should have the same line-height."
