layer at (0,0) size 800x2452
  RenderView at (0,0) size 800x600
layer at (0,0) size 800x2452
  RenderBlock {HTML} at (0,0) size 800x2452
    RenderBody {BODY} at (8,8) size 784x2436 [bgcolor=#CCCCCC]
      RenderBlock {P} at (0,0) size 784x18
        RenderText {#text} at (0,0) size 481x18
          text run at (0,0) width 481: "The style declarations which apply to the text below are:"
      RenderBlock {PRE} at (0,35) size 784x126
        RenderText {#text} at (0,0) size 470x126
          text run at (0,0) width 450: ".zero {background-color: silver; padding: 0;}"
          text run at (450,0) width 0: " "
          text run at (0,21) width 460: ".one {padding: 0.5in; background-color: aqua;}"
          text run at (460,21) width 0: " "
          text run at (0,42) width 450: ".two {padding: 25px; background-color: aqua;}"
          text run at (450,42) width 0: " "
          text run at (0,63) width 460: ".three {padding: 5em; background-color: aqua;}"
          text run at (460,63) width 0: " "
          text run at (0,84) width 450: ".four {padding: 25%; background-color: aqua;}"
          text run at (450,84) width 0: " "
          text run at (0,105) width 470: ".five {padding: -20px; background-color: aqua;}"
          text run at (470,105) width 0: " "
      RenderBlock {HR} at (0,178) size 784x2 [border: (1px inset #000000)]
      RenderBlock {P} at (0,197) size 784x18 [bgcolor=#C0C0C0]
        RenderText {#text} at (0,0) size 275x18
          text run at (0,0) width 275: "This element has a class of zero."
      RenderBlock {P} at (0,232) size 784x150 [bgcolor=#00FFFF]
        RenderText {#text} at (48,48) size 680x54
          text run at (48,48) width 667: "This element should have an overall padding of half an inch, which will require"
          text run at (48,66) width 224: "extra text in order to test. "
          text run at (272,66) width 456: "Both the content background and the padding should"
          text run at (48,84) width 173: "be aqua (light blue)."
      RenderBlock {P} at (0,399) size 784x104 [bgcolor=#00FFFF]
        RenderText {#text} at (25,25) size 733x54
          text run at (25,25) width 733: "This element should have an overall padding of 25 pixels, which will require extra text"
          text run at (25,43) width 136: "in order to test. "
          text run at (161,43) width 580: "Both the content background and the padding should be aqua (light"
          text run at (25,61) width 49: "blue)."
      RenderBlock {P} at (0,520) size 784x224 [bgcolor=#00FFFF]
        RenderText {#text} at (85,85) size 611x54
          text run at (85,85) width 611: "This element should have an overall padding of 5 em, which will require"
          text run at (85,103) width 224: "extra text in order to test. "
          text run at (309,103) width 319: "Both the content background and the"
          text run at (85,121) width 310: "padding should be aqua (light blue)."
      RenderBlock {P} at (0,761) size 784x482 [bgcolor=#00FFFF]
        RenderText {#text} at (196,196) size 382x90
          text run at (196,196) width 382: "This element should have an overall padding"
          text run at (196,214) width 362: "of 25%, which is calculated with respect to"
          text run at (196,232) width 281: "the width of the parent element. "
          text run at (477,232) width 73: "Both the"
          text run at (196,250) width 378: "content background and the padding should"
          text run at (196,268) width 173: "be aqua (light blue)."
      RenderBlock {P} at (0,1260) size 784x36 [bgcolor=#00FFFF]
        RenderText {#text} at (0,0) size 773x36
          text run at (0,0) width 733: "This element should have no padding, since negative padding values are not allowed. "
          text run at (733,0) width 40: "Both"
          text run at (0,18) width 654: "the content background and the normal padding should be aqua (light blue)."
      RenderTable {TABLE} at (0,1313) size 784x1123 [border: (1px outset #808080)]
        RenderTableSection {TBODY} at (1,1) size 782x1121
          RenderTableRow {TR} at (0,0) size 782x26
            RenderTableCell {TD} at (0,0) size 782x26 [bgcolor=#C0C0C0] [border: (1px inset #808080)] [r=0 c=0 rs=1 cs=2]
              RenderInline {STRONG} at (0,0) size 214x18
                RenderText {#text} at (4,4) size 214x18
                  text run at (4,4) width 214: "TABLE Testing Section"
          RenderTableRow {TR} at (0,26) size 782x1095
            RenderTableCell {TD} at (0,560) size 13x26 [bgcolor=#C0C0C0] [border: (1px inset #808080)] [r=1 c=0 rs=1 cs=1]
              RenderText {#text} at (4,4) size 5x18
                text run at (4,4) width 5: " "
            RenderTableCell {TD} at (13,26) size 769x1095 [border: (1px inset #808080)] [r=1 c=1 rs=1 cs=1]
              RenderBlock {P} at (4,4) size 761x18 [bgcolor=#C0C0C0]
                RenderText {#text} at (0,0) size 275x18
                  text run at (0,0) width 275: "This element has a class of zero."
              RenderBlock {P} at (4,39) size 761x150 [bgcolor=#00FFFF]
                RenderText {#text} at (48,48) size 609x54
                  text run at (48,48) width 601: "This element should have an overall padding of half an inch, which will"
                  text run at (48,66) width 290: "require extra text in order to test. "
                  text run at (338,66) width 319: "Both the content background and the"
                  text run at (48,84) width 310: "padding should be aqua (light blue)."
              RenderBlock {P} at (4,206) size 761x104 [bgcolor=#00FFFF]
                RenderText {#text} at (25,25) size 704x54
                  text run at (25,25) width 694: "This element should have an overall padding of 25 pixels, which will require extra"
                  text run at (25,43) width 175: "text in order to test. "
                  text run at (200,43) width 529: "Both the content background and the padding should be aqua"
                  text run at (25,61) width 100: "(light blue)."
              RenderBlock {P} at (4,327) size 761x224 [bgcolor=#00FFFF]
                RenderText {#text} at (85,85) size 576x54
                  text run at (85,85) width 545: "This element should have an overall padding of 5 em, which will"
                  text run at (85,103) width 290: "require extra text in order to test. "
                  text run at (375,103) width 286: "Both the content background and"
                  text run at (85,121) width 343: "the padding should be aqua (light blue)."
              RenderBlock {P} at (4,568) size 761x470 [bgcolor=#00FFFF]
                RenderText {#text} at (190,190) size 366x90
                  text run at (190,190) width 307: "This element should have an overall"
                  text run at (190,208) width 347: "padding of 25%, which is calculated with"
                  text run at (190,226) width 366: "respect to the width of the parent element."
                  text run at (190,244) width 319: "Both the content background and the"
                  text run at (190,262) width 310: "padding should be aqua (light blue)."
              RenderBlock {P} at (4,1055) size 761x36 [bgcolor=#00FFFF]
                RenderText {#text} at (0,0) size 728x36
                  text run at (0,0) width 728: "This element should have no padding, since negative padding values are not allowed."
                  text run at (0,18) width 699: "Both the content background and the normal padding should be aqua (light blue)."
