layer at (0,0) size 800x1552
  RenderView at (0,0) size 800x600
layer at (0,0) size 800x1552
  RenderBlock {HTML} at (0,0) size 800x1552
    RenderBody {BODY} at (8,8) size 784x1536 [bgcolor=#CCCCCC]
      RenderBlock {P} at (0,0) size 784x18
        RenderText {#text} at (0,0) size 481x18
          text run at (0,0) width 481: "The style declarations which apply to the text below are:"
      RenderBlock {PRE} at (0,35) size 784x63
        RenderText {#text} at (0,0) size 190x63
          text run at (0,0) width 190: ".one {width: 50px;}"
          text run at (190,0) width 0: " "
          text run at (0,21) width 180: ".two {width: 50%;}"
          text run at (180,21) width 0: " "
          text run at (0,42) width 190: "TABLE {width: 50%;}"
          text run at (190,42) width 0: " "
      RenderBlock {HR} at (0,115) size 784x2 [border: (1px inset #000000)]
      RenderBlock (anonymous) at (0,125) size 784x50
        RenderImage {IMG} at (0,0) size 50x50
        RenderText {#text} at (0,0) size 0x0
      RenderBlock {P} at (0,192) size 784x18
        RenderText {#text} at (0,0) size 383x18
          text run at (0,0) width 383: "The square above should be fifty pixels wide."
      RenderBlock (anonymous) at (0,227) size 784x392
        RenderImage {IMG} at (0,0) size 392x392
        RenderText {#text} at (0,0) size 0x0
      RenderBlock {P} at (0,636) size 784x36
        RenderText {#text} at (0,0) size 779x36
          text run at (0,0) width 779: "The square above should be half as wide as the image's parent element (either the BODY or"
          text run at (0,18) width 122: "the table cell)."
      RenderBlock {P} at (0,689) size 392x129
        RenderText {#text} at (0,0) size 387x93
          text run at (0,0) width 387: "This paragraph should be half the width of its"
          text run at (0,18) width 386: "parent element (either the BODY or the table,"
          text run at (0,36) width 348: "which should itself be half as wide as the"
          text run at (0,54) width 139: "BODY element). "
          text run at (139,54) width 243: "This is extra text included to"
          text run at (0,75) width 340: "ensure that this will be a fair test of the "
        RenderInline {CODE} at (0,0) size 50x21
          RenderText {#text} at (340,72) size 50x21
            text run at (340,72) width 50: "width"
        RenderText {#text} at (0,93) size 348x36
          text run at (0,93) width 348: "property without the need for the user to"
          text run at (0,111) width 228: "resize the viewing window."
      RenderTable {TABLE} at (0,835) size 392x701 [border: (1px outset #808080)]
        RenderTableSection {TBODY} at (1,1) size 390x699
          RenderTableRow {TR} at (0,0) size 390x26
            RenderTableCell {TD} at (0,0) size 390x26 [bgcolor=#C0C0C0] [border: (1px inset #808080)] [r=0 c=0 rs=1 cs=2]
              RenderInline {STRONG} at (0,0) size 214x18
                RenderText {#text} at (4,4) size 214x18
                  text run at (4,4) width 214: "TABLE Testing Section"
          RenderTableRow {TR} at (0,26) size 390x673
            RenderTableCell {TD} at (0,349) size 13x26 [bgcolor=#C0C0C0] [border: (1px inset #808080)] [r=1 c=0 rs=1 cs=1]
              RenderText {#text} at (4,4) size 5x18
                text run at (4,4) width 5: " "
            RenderTableCell {TD} at (13,26) size 377x673 [border: (1px inset #808080)] [r=1 c=1 rs=1 cs=1]
              RenderBlock (anonymous) at (4,4) size 369x50
                RenderImage {IMG} at (0,0) size 50x50
                RenderText {#text} at (0,0) size 0x0
              RenderBlock {P} at (4,71) size 369x36
                RenderText {#text} at (0,0) size 333x36
                  text run at (0,0) width 333: "The square above should be fifty pixels"
                  text run at (0,18) width 45: "wide."
              RenderBlock (anonymous) at (4,124) size 369x184
                RenderImage {IMG} at (0,0) size 184x184
                RenderText {#text} at (0,0) size 0x0
              RenderBlock {P} at (4,325) size 369x54
                RenderText {#text} at (0,0) size 369x54
                  text run at (0,0) width 369: "The square above should be half as wide as"
                  text run at (0,18) width 331: "the image's parent element (either the"
                  text run at (0,36) width 196: "BODY or the table cell)."
              RenderBlock {P} at (4,396) size 184x273
                RenderText {#text} at (0,0) size 184x219
                  text run at (0,0) width 129: "This paragraph"
                  text run at (0,18) width 153: "should be half the"
                  text run at (0,36) width 156: "width of its parent"
                  text run at (0,54) width 165: "element (either the"
                  text run at (0,72) width 155: "BODY or the table,"
                  text run at (0,90) width 159: "which should itself"
                  text run at (0,108) width 184: "be half as wide as the"
                  text run at (0,126) width 139: "BODY element). "
                  text run at (139,126) width 36: "This"
                  text run at (0,144) width 180: "is extra text included"
                  text run at (0,162) width 157: "to ensure that this"
                  text run at (0,180) width 162: "will be a fair test of"
                  text run at (0,201) width 33: "the "
                RenderInline {CODE} at (0,0) size 50x21
                  RenderText {#text} at (33,198) size 50x21
                    text run at (33,198) width 50: "width"
                RenderText {#text} at (83,201) size 180x72
                  text run at (83,201) width 78: " property"
                  text run at (0,219) width 173: "without the need for"
                  text run at (0,237) width 180: "the user to resize the"
                  text run at (0,255) width 140: "viewing window."
