layer at (0,0) size 800x600
  RenderView at (0,0) size 800x600
layer at (0,0) size 800x600
  RenderBlock {HTML} at (0,0) size 800x600
    RenderBody {BODY} at (8,8) size 784x584
      RenderBlock {P} at (0,0) size 784x20
        RenderText {#text} at (0,0) size 303x20
          text run at (0,0) width 303: "This test covers Hebrew vowel positioning."
      RenderBlock {HR} at (0,36) size 784x2 [border: (1px inset #000000)]
      RenderBlock {P} at (0,54) size 784x20
        RenderText {#text} at (0,0) size 512x20
          text run at (0,0) width 512: "The vowel (two vertical dots) should be centered beneath the main letter."
      RenderBlock {DIV} at (0,90) size 784x99
        RenderText {#text} at (80,0) size 102x99
          text run at (80,0) width 102 RTL: "\x{5E1}\x{5B0} "
        RenderText {#text} at (0,0) size 80x99
          text run at (0,0) width 80 RTL: "\x{5E9}\x{5B0}"
        RenderText {#text} at (0,0) size 0x0
      RenderBlock {HR} at (0,197) size 784x2 [border: (1px inset #000000)]
      RenderBlock {P} at (0,215) size 784x20
        RenderText {#text} at (0,0) size 710x20
          text run at (0,0) width 710: "The dot should be positioned on the right side of the first letter, and on the left side of the second one."
      RenderBlock {DIV} at (0,251) size 784x198
        RenderText {#text} at (0,0) size 80x99
          text run at (0,0) width 80 RTL: "\x{5E9}\x{5C1}"
        RenderBR {BR} at (80,77) size 0x0
        RenderText {#text} at (0,99) size 80x99
          text run at (0,99) width 80 RTL: "\x{5E9}\x{5C2}"
        RenderText {#text} at (0,0) size 0x0
