layer at (0,0) size 800x600
  RenderView at (0,0) size 800x600
layer at (0,0) size 800x600
  RenderBlock {HTML} at (0,0) size 800x600
    RenderBody {BODY} at (8,8) size 784x584
      RenderBlock {H2} at (0,0) size 784x29
        RenderText {#text} at (0,0) size 218x29
          text run at (0,0) width 218: "Block Collapse Demo"
      RenderBlock {P} at (0,46) size 784x19
        RenderText {#text} at (0,0) size 693x19
          text run at (0,0) width 308: "This table below has three hierarchical sections. "
          text run at (308,0) width 385: "Collapsing a section should cause those below it to move up."
      RenderBlock {P} at (0,79) size 784x19
        RenderText {#text} at (0,0) size 744x19
          text run at (0,0) width 744: "This works on the latest Windows IE and Mozilla Firefox (Win and Mac) but not on Safari 1.2.3 (v125.9) {or 2.0 (146)}."
      RenderBlock {P} at (0,112) size 784x19
        RenderText {#text} at (0,0) size 757x19
          text run at (0,0) width 585: "Note that the second section is collapsed when the page opens and expanding it works fine. "
          text run at (585,0) width 172: "Just the collapse is broken."
      RenderBlock {DIV} at (0,145) size 784x155
        RenderBlock {HR} at (0,0) size 784x2 [border: (1px inset #000000)]
        RenderBlock {DIV} at (0,9) size 784x22
          RenderImage {IMG} at (0,0) size 16x16
          RenderText {#text} at (16,2) size 75x20
            text run at (16,2) width 75: " Block One"
        RenderBlock {DIV} at (0,31) size 784x22
          RenderImage {IMG} at (0,0) size 16x16
          RenderText {#text} at (16,2) size 76x20
            text run at (16,2) width 76: " Block Two"
        RenderBlock {DIV} at (0,53) size 784x22
          RenderImage {IMG} at (0,0) size 16x16
          RenderText {#text} at (16,2) size 86x20
            text run at (16,2) width 86: " Block Three"
        RenderBlock {DIV} at (0,75) size 784x71
          RenderTable {TABLE} at (0,0) size 784x71
            RenderTableSection {TBODY} at (0,0) size 784x71
              RenderTableRow {TR} at (0,2) size 784x21
                RenderTableCell {TD} at (2,2) size 32x21 [r=0 c=0 rs=1 cs=1]
                  RenderText {#text} at (1,1) size 4x19
                    text run at (1,1) width 4: " "
                RenderTableCell {TD} at (36,2) size 746x21 [r=0 c=1 rs=1 cs=1]
                  RenderText {#text} at (1,1) size 65x19
                    text run at (1,1) width 65: "This is the"
              RenderTableRow {TR} at (0,25) size 784x21
                RenderTableCell {TD} at (2,25) size 32x21 [r=1 c=0 rs=1 cs=1]
                  RenderText {#text} at (1,1) size 4x19
                    text run at (1,1) width 4: " "
                RenderTableCell {TD} at (36,25) size 746x21 [r=1 c=1 rs=1 cs=1]
                  RenderText {#text} at (1,1) size 70x19
                    text run at (1,1) width 70: "contents of"
              RenderTableRow {TR} at (0,48) size 784x21
                RenderTableCell {TD} at (2,48) size 32x21 [r=2 c=0 rs=1 cs=1]
                  RenderText {#text} at (1,1) size 4x19
                    text run at (1,1) width 4: " "
                RenderTableCell {TD} at (36,48) size 746x21 [r=2 c=1 rs=1 cs=1]
                  RenderText {#text} at (1,1) size 74x19
                    text run at (1,1) width 74: "block three."
        RenderBlock {HR} at (0,153) size 784x2 [border: (1px inset #000000)]
