layer at (0,0) size 800x600
  RenderView at (0,0) size 800x600
layer at (0,0) size 800x600
  RenderBlock {HTML} at (0,0) size 800x600
    RenderBody {BODY} at (8,8) size 784x584
      RenderBlock {P} at (0,0) size 784x40
        RenderText {#text} at (0,0) size 176x19
          text run at (0,0) width 176: "This is a regression test for "
        RenderInline {I} at (0,0) size 755x39
          RenderInline {A} at (0,0) size 294x19 [color=#0000EE]
            RenderText {#text} at (176,0) size 294x19
              text run at (176,0) width 294: "http://bugs.webkit.org/show_bug.cgi?id=11672"
          RenderText {#text} at (470,0) size 755x39
            text run at (470,0) width 4: " "
            text run at (474,0) width 281: "REGRESSION (r17068): Repro crash due to"
            text run at (0,20) width 141: "painting without layout"
        RenderText {#text} at (141,20) size 129x19
          text run at (141,20) width 129: ". It should not crash."
layer at (8,62) size 6x6
  RenderTable {TABLE} at (0,54) size 6x6
    RenderTableSection {TBODY} at (0,0) size 6x6
      RenderTableRow {TR} at (0,2) size 6x2
        RenderTableCell {TD} at (2,2) size 2x2 [r=0 c=0 rs=1 cs=1]
layer at (11,65) size 41x38
  RenderBlock (positioned) {DIV} at (3,3) size 41x38
    RenderText {#text} at (0,0) size 41x38
      text run at (0,0) width 41: "Lorem"
      text run at (0,19) width 38: "ipsum"
