layer at (0,0) size 800x600
  RenderView at (0,0) size 800x600
layer at (0,0) size 800x600
  RenderBlock {HTML} at (0,0) size 800x600
    RenderBody {BODY} at (8,8) size 784x584
      RenderBlock {PRE} at (0,0) size 784x38
        RenderText {#text} at (0,0) size 504x38
          text run at (0,0) width 501: "Caught expected exception: Error: NOT_SUPPORTED_ERR: DOM Exception 9"
          text run at (501,0) width 0: " "
          text run at (0,19) width 504: "Caught expected exception: Error: TYPE_MISMATCH_ERR: DOM Exception 17"
          text run at (504,19) width 0: " "
      RenderBlock (anonymous) at (0,52) size 784x19
        RenderInline {SPAN} at (0,0) size 59x19
          RenderText {#text} at (0,0) size 59x19
            text run at (0,0) width 59: "1 (black) "
        RenderInline {SPAN} at (0,0) size 126x19 [color=#008000]
          RenderInline {SPAN} at (0,0) size 63x19
            RenderText {#text} at (59,0) size 63x19
              text run at (59,0) width 63: "2 (green) "
          RenderText {#text} at (0,0) size 0x0
          RenderInline {SPAN} at (0,0) size 63x19
            RenderText {#text} at (122,0) size 63x19
              text run at (122,0) width 63: "3 (green) "
        RenderInline {SPAN} at (0,0) size 59x19
          RenderText {#text} at (185,0) size 59x19
            text run at (185,0) width 59: "4 (black) "
        RenderText {#text} at (0,0) size 0x0
        RenderText {#text} at (0,0) size 0x0
        RenderInline {SPAN} at (0,0) size 36x19 [color=#008000]
          RenderText {#text} at (244,0) size 36x19
            text run at (244,0) width 36: "PASS"
        RenderText {#text} at (0,0) size 0x0
        RenderText {#text} at (0,0) size 0x0
        RenderText {#text} at (0,0) size 0x0
