layer at (0,0) size 800x600
  RenderView at (0,0) size 800x600
layer at (0,0) size 800x600
  RenderBlock {HTML} at (0,0) size 800x600
    RenderBody {BODY} at (8,8) size 784x584
      RenderBlock {P} at (0,0) size 784x19
        RenderText {#text} at (0,0) size 48x19
          text run at (0,0) width 48: "test for "
        RenderInline {A} at (0,0) size 56x19 [color=#0000EE]
          RenderText {#text} at (48,0) size 56x19
            text run at (48,0) width 56: "4065447"
        RenderText {#text} at (104,0) size 251x19
          text run at (104,0) width 251: " (support outerHTML on IMG elements)"
      RenderBlock {P} at (0,33) size 784x19
        RenderText {#text} at (0,0) size 498x19
          text run at (0,0) width 498: "If the test fails, you'll see a Mozilla logo; if it succeeds, you'll see an Apple logo."
      RenderBlock (anonymous) at (0,66) size 784x64
        RenderImage {IMG} at (0,0) size 52x64
        RenderText {#text} at (0,0) size 0x0
        RenderText {#text} at (0,0) size 0x0
        RenderText {#text} at (0,0) size 0x0
        RenderText {#text} at (0,0) size 0x0
