layer at (0,0) size 800x600
  RenderView at (0,0) size 800x600
layer at (0,0) size 800x600
  RenderBlock {HTML} at (0,0) size 800x600
    RenderBody {BODY} at (8,8) size 784x584
      RenderBlock {P} at (0,0) size 784x19
        RenderText {#text} at (0,0) size 48x19
          text run at (0,0) width 48: "test for "
        RenderInline {A} at (0,0) size 56x19 [color=#0000EE]
          RenderText {#text} at (48,0) size 56x19
            text run at (48,0) width 56: "4110775"
        RenderText {#text} at (104,0) size 450x19
          text run at (104,0) width 450: " Crash will occur when double-clicking outerHTML link on W3 DOM test"
      RenderBlock {P} at (0,33) size 784x0
      RenderBlock {DIV} at (0,33) size 784x19
        RenderText {#text} at (0,0) size 583x19
          text run at (0,0) width 457: "This test passed. We don't support outerHTML on the document object. "
          text run at (457,0) width 126: "Neither does WinIE."
