layer at (0,0) size 800x600
  RenderView at (0,0) size 800x600
layer at (0,0) size 800x158
  RenderBlock {HTML} at (0,0) size 800x158
    RenderBody {BODY} at (8,14) size 784x136
      RenderBlock {P} at (0,0) size 784x40
        RenderText {#text} at (0,0) size 176x19
          text run at (0,0) width 176: "This is a regression test for "
        RenderInline {I} at (0,0) size 774x39
          RenderInline {A} at (0,0) size 337x19 [color=#0000EE]
            RenderText {#text} at (176,0) size 337x19
              text run at (176,0) width 337: "http://bugzilla.opendarwin.org/show_bug.cgi?id=8835"
          RenderText {#text} at (513,0) size 774x39
            text run at (513,0) width 4: " "
            text run at (517,0) width 257: "REGRESSION: Line moves but selection"
            text run at (0,20) width 137: "highlight stays behind"
        RenderText {#text} at (137,20) size 4x19
          text run at (137,20) width 4: "."
      RenderBlock {HR} at (0,54) size 784x2 [border: (1px inset #000000)]
      RenderBlock {DIV} at (0,63) size 784x73
        RenderImage {IMG} at (0,0) size 0x30
        RenderBR {BR} at (0,16) size 0x19
        RenderBR {BR} at (0,35) size 0x19
        RenderInline {SPAN} at (0,0) size 306x19
          RenderText {#text} at (0,54) size 306x19
            text run at (0,54) width 306: "The highlight should be on this line, not above it."
        RenderText {#text} at (306,54) size 4x19
          text run at (306,54) width 4: " "
        RenderBR {BR} at (310,54) size 0x19
selection start: position 0 of child 0 {#text} of child 6 {SPAN} of child 5 {DIV} of child 1 {BODY} of child 0 {HTML} of document
selection end:   position 51 of child 0 {#text} of child 6 {SPAN} of child 5 {DIV} of child 1 {BODY} of child 0 {HTML} of document
