layer at (0,0) size 800x600
  RenderView at (0,0) size 800x600
layer at (0,0) size 800x600
  RenderBlock {HTML} at (0,0) size 800x600
    RenderBody {BODY} at (8,8) size 784x584
      RenderBlock {P} at (0,0) size 784x40
        RenderText {#text} at (0,0) size 53x19
          text run at (0,0) width 53: "Test for "
        RenderInline {I} at (0,0) size 716x39
          RenderInline {A} at (0,0) size 294x19 [color=#0000EE]
            RenderText {#text} at (53,0) size 294x19
              text run at (53,0) width 294: "http://bugs.webkit.org/show_bug.cgi?id=12818"
          RenderText {#text} at (347,0) size 716x39
            text run at (347,0) width 4: " "
            text run at (351,0) width 365: "REGRESSION (r19148): shacknews.com does not render"
            text run at (0,20) width 68: "completely"
        RenderText {#text} at (68,20) size 4x19
          text run at (68,20) width 4: "."
      RenderBlock {P} at (0,54) size 784x19
        RenderText {#text} at (0,0) size 339x19
          text run at (0,0) width 339: "There should be a green square to the left of the text."
      RenderBlock {DIV} at (0,87) size 100x100 [bgcolor=#008000]
      RenderBlock {DIV} at (0,187) size 784x19
        RenderText {#text} at (0,0) size 36x19
          text run at (0,0) width 36: "PASS"
layer at (8,95) size 792x133
  RenderBlock (positioned) {DIV} at (8,95) size 792x133
    RenderBlock {DIV} at (100,0) size 692x133
      RenderBlock {DIV} at (0,0) size 692x133
        RenderText {#text} at (0,0) size 690x133
          text run at (0,0) width 671: "Curabitur pretium, quam quis semper malesuada, est libero feugiat libero, vel fringilla orci nibh sed neque."
          text run at (0,19) width 687: "Quisque eu nulla non nisi molestie accumsan. Etiam tellus urna, laoreet ac, laoreet non, suscipit sed, sapien."
          text run at (0,38) width 682: "Phasellus vehicula, sem at posuere vehicula, augue nibh molestie nisl, nec ullamcorper lacus ante vulputate"
          text run at (0,57) width 683: "pede. Cum sociis natoque penatibus et magnis dis parturient montes, nascetur ridiculus mus. Mauris viverra"
          text run at (0,76) width 690: "augue vitae purus. Morbi sed sem. Donec dui nisi, ultrices non, pretium quis, hendrerit non, est. Donec tellus."
          text run at (0,95) width 636: "Donec eget dui id eros pharetra rutrum. Suspendisse sodales lectus sit amet nulla. Morbi tortor arcu,"
          text run at (0,114) width 306: "convallis blandit, elementum eu, aliquet a, tellus."
