layer at (0,0) size 800x600
  RenderView at (0,0) size 800x600
layer at (0,0) size 800x600
  RenderBlock {HTML} at (0,0) size 800x600
    RenderBody {BODY} at (8,8) size 784x578
      RenderBlock {P} at (0,0) size 784x20
        RenderText {#text} at (0,0) size 53x19
          text run at (0,0) width 53: "Test for "
        RenderInline {I} at (0,0) size 628x19
          RenderInline {A} at (0,0) size 294x19 [color=#0000EE]
            RenderText {#text} at (53,0) size 294x19
              text run at (53,0) width 294: "http://bugs.webkit.org/show_bug.cgi?id=13145"
          RenderText {#text} at (347,0) size 334x19
            text run at (347,0) width 4: " "
            text run at (351,0) width 330: "Regression: Scrollbar not resizing after display none"
        RenderText {#text} at (681,0) size 4x19
          text run at (681,0) width 4: "."
      RenderBlock {P} at (0,34) size 784x19
        RenderText {#text} at (0,0) size 308x19
          text run at (0,0) width 308: "The window should not have a vertical scroll bar."
layer at (8,100) size 100x100
  RenderBlock (positioned) {DIV} at (8,100) size 100x100
    RenderBlock {DIV} at (0,0) size 100x100 [bgcolor=#008000]
