layer at (0,0) size 800x600
  RenderView at (0,0) size 800x600
layer at (0,0) size 800x600
  RenderBlock {HTML} at (0,0) size 800x600
    RenderBody {BODY} at (8,8) size 784x584
      RenderBlock {DIV} at (0,0) size 784x23 [border: (2px solid #FF0000)]
        RenderInline {A} at (0,0) size 28x19 [color=#008000]
          RenderText {#text} at (2,2) size 28x19
            text run at (2,2) width 28: "First"
        RenderInline {A} at (0,0) size 48x19 [color=#008000]
          RenderText {#text} at (30,2) size 48x19
            text run at (30,2) width 48: "Second"
        RenderInline {A} at (0,0) size 33x19 [color=#008000]
          RenderText {#text} at (78,2) size 33x19
            text run at (78,2) width 33: "Third"
