layer at (0,0) size 800x600
  RenderView at (0,0) size 800x600
layer at (0,0) size 800x428
  RenderBlock {HTML} at (0,0) size 800x428
    RenderBody {BODY} at (8,18) size 784x396
      RenderBlock {H1} at (0,0) size 784x38
        RenderText {#text} at (0,0) size 420x38
          text run at (0,0) width 420: "Minimum and Maximum Widths"
      RenderBlock {DIV} at (0,56) size 784x25 [border: (3px solid #800080)]
        RenderText {#text} at (3,3) size 31x19
          text run at (3,3) width 31: "This "
        RenderInline {CODE} at (0,0) size 18x19
          RenderText {#text} at (34,3) size 18x19
            text run at (34,3) width 18: "div"
        RenderText {#text} at (52,3) size 414x19
          text run at (52,3) width 414: " should have a medium solid purple border, as should all the rest."
      RenderBlock {DIV} at (0,81) size 319x63 [border: (3px solid #800080)]
        RenderText {#text} at (3,3) size 31x19
          text run at (3,3) width 31: "This "
        RenderInline {CODE} at (0,0) size 18x19
          RenderText {#text} at (34,3) size 18x19
            text run at (34,3) width 18: "div"
        RenderText {#text} at (52,3) size 288x38
          text run at (52,3) width 186: " should have a width of 40%. "
          text run at (238,3) width 53: "This is a"
          text run at (3,22) width 65: "reference "
        RenderInline {CODE} at (0,0) size 18x19
          RenderText {#text} at (68,22) size 18x19
            text run at (68,22) width 18: "div"
        RenderText {#text} at (86,22) size 181x19
          text run at (86,22) width 181: " and should work as long as "
        RenderInline {CODE} at (0,0) size 33x19
          RenderText {#text} at (267,22) size 33x19
            text run at (267,22) width 33: "width"
        RenderText {#text} at (3,41) size 41x19
          text run at (3,41) width 41: "works."
      RenderBlock {DIV} at (0,144) size 319x25 [border: (3px solid #800080)]
        RenderText {#text} at (3,3) size 31x19
          text run at (3,3) width 31: "This "
        RenderInline {CODE} at (0,0) size 18x19
          RenderText {#text} at (34,3) size 18x19
            text run at (34,3) width 18: "div"
        RenderText {#text} at (52,3) size 182x19
          text run at (52,3) width 182: " should have a width of 40%."
      RenderBlock {DIV} at (0,169) size 319x25 [border: (3px solid #800080)]
        RenderText {#text} at (3,3) size 31x19
          text run at (3,3) width 31: "This "
        RenderInline {CODE} at (0,0) size 18x19
          RenderText {#text} at (34,3) size 18x19
            text run at (34,3) width 18: "div"
        RenderText {#text} at (52,3) size 182x19
          text run at (52,3) width 182: " should have a width of 40%."
      RenderBlock {DIV} at (0,194) size 319x25 [border: (3px solid #800080)]
        RenderText {#text} at (3,3) size 31x19
          text run at (3,3) width 31: "This "
        RenderInline {CODE} at (0,0) size 18x19
          RenderText {#text} at (34,3) size 18x19
            text run at (34,3) width 18: "div"
        RenderText {#text} at (52,3) size 182x19
          text run at (52,3) width 182: " should have a width of 40%."
      RenderBlock {DIV} at (0,219) size 319x25 [border: (3px solid #800080)]
        RenderText {#text} at (3,3) size 31x19
          text run at (3,3) width 31: "This "
        RenderInline {CODE} at (0,0) size 18x19
          RenderText {#text} at (34,3) size 18x19
            text run at (34,3) width 18: "div"
        RenderText {#text} at (52,3) size 182x19
          text run at (52,3) width 182: " should have a width of 40%."
      RenderBlock {DIV} at (0,244) size 319x25 [border: (3px solid #800080)]
        RenderText {#text} at (3,3) size 31x19
          text run at (3,3) width 31: "This "
        RenderInline {CODE} at (0,0) size 18x19
          RenderText {#text} at (34,3) size 18x19
            text run at (34,3) width 18: "div"
        RenderText {#text} at (52,3) size 182x19
          text run at (52,3) width 182: " should have a width of 40%."
      RenderBlock {DIV} at (0,269) size 319x25 [border: (3px solid #800080)]
        RenderText {#text} at (3,3) size 31x19
          text run at (3,3) width 31: "This "
        RenderInline {CODE} at (0,0) size 18x19
          RenderText {#text} at (34,3) size 18x19
            text run at (34,3) width 18: "div"
        RenderText {#text} at (52,3) size 182x19
          text run at (52,3) width 182: " should have a width of 40%."
      RenderBlock {DIV} at (0,294) size 319x25 [border: (3px solid #800080)]
        RenderText {#text} at (3,3) size 31x19
          text run at (3,3) width 31: "This "
        RenderInline {CODE} at (0,0) size 18x19
          RenderText {#text} at (34,3) size 18x19
            text run at (34,3) width 18: "div"
        RenderText {#text} at (52,3) size 182x19
          text run at (52,3) width 182: " should have a width of 40%."
      RenderBlock {DIV} at (0,319) size 319x25 [border: (3px solid #800080)]
        RenderText {#text} at (3,3) size 31x19
          text run at (3,3) width 31: "This "
        RenderInline {CODE} at (0,0) size 18x19
          RenderText {#text} at (34,3) size 18x19
            text run at (34,3) width 18: "div"
        RenderText {#text} at (52,3) size 182x19
          text run at (52,3) width 182: " should have a width of 40%."
      RenderBlock {P} at (0,358) size 784x38
        RenderText {#text} at (0,0) size 202x19
          text run at (0,0) width 202: "If the browser does not support "
        RenderInline {CODE} at (0,0) size 61x19
          RenderText {#text} at (202,0) size 61x19
            text run at (202,0) width 61: "min-width"
        RenderText {#text} at (263,0) size 32x19
          text run at (263,0) width 32: " and "
        RenderInline {CODE} at (0,0) size 65x19
          RenderText {#text} at (295,0) size 65x19
            text run at (295,0) width 65: "max-width"
        RenderText {#text} at (360,0) size 174x19
          text run at (360,0) width 174: ", then the widths should be "
        RenderInline {CODE} at (0,0) size 28x19
          RenderText {#text} at (534,0) size 28x19
            text run at (534,0) width 28: "auto"
        RenderText {#text} at (562,0) size 8x19
          text run at (562,0) width 8: ", "
        RenderInline {CODE} at (0,0) size 28x19
          RenderText {#text} at (570,0) size 28x19
            text run at (570,0) width 28: "40%"
        RenderText {#text} at (598,0) size 8x19
          text run at (598,0) width 8: ", "
        RenderInline {CODE} at (0,0) size 28x19
          RenderText {#text} at (606,0) size 28x19
            text run at (606,0) width 28: "30%"
        RenderText {#text} at (634,0) size 8x19
          text run at (634,0) width 8: ", "
        RenderInline {CODE} at (0,0) size 28x19
          RenderText {#text} at (642,0) size 28x19
            text run at (642,0) width 28: "50%"
        RenderText {#text} at (670,0) size 8x19
          text run at (670,0) width 8: ", "
        RenderInline {CODE} at (0,0) size 28x19
          RenderText {#text} at (678,0) size 28x19
            text run at (678,0) width 28: "50%"
        RenderText {#text} at (706,0) size 8x19
          text run at (706,0) width 8: ", "
        RenderInline {CODE} at (0,0) size 28x19
          RenderText {#text} at (714,0) size 28x19
            text run at (714,0) width 28: "40%"
        RenderText {#text} at (742,0) size 8x19
          text run at (742,0) width 8: ", "
        RenderInline {CODE} at (0,0) size 28x19
          RenderText {#text} at (750,0) size 28x19
            text run at (750,0) width 28: "30%"
        RenderText {#text} at (778,0) size 4x19
          text run at (778,0) width 4: ","
        RenderInline {CODE} at (0,0) size 28x19
          RenderText {#text} at (0,19) size 28x19
            text run at (0,19) width 28: "40%"
        RenderText {#text} at (28,19) size 8x19
          text run at (28,19) width 8: ", "
        RenderInline {CODE} at (0,0) size 28x19
          RenderText {#text} at (36,19) size 28x19
            text run at (36,19) width 28: "auto"
        RenderText {#text} at (64,19) size 188x19
          text run at (64,19) width 188: " (with 70% margin-right), and "
        RenderInline {CODE} at (0,0) size 28x19
          RenderText {#text} at (252,19) size 28x19
            text run at (252,19) width 28: "auto"
        RenderText {#text} at (280,19) size 4x19
          text run at (280,19) width 4: "."
