layer at (0,0) size 800x7823
  RenderView at (0,0) size 800x600
layer at (0,0) size 800x7823
  RenderBlock {HTML} at (0,0) size 800x7823
    RenderBody {BODY} at (8,8) size 784x7807
      RenderBlock (anonymous) at (0,0) size 784x19
        RenderText {#text} at (0,0) size 435x19
          text run at (0,0) width 435: "This is a test of all the various HTML alignments using LTR direction."
      RenderBlock {DIV} at (0,19) size 784x234 [border: (4px solid #008000)]
        RenderBlock {DIV} at (6,6) size 772x27 [border: (2px solid #0000FF)]
          RenderText {#text} at (4,4) size 179x19
            text run at (4,4) width 179: "Normal div inside normal div"
        RenderBlock {DIV} at (6,33) size 772x27 [border: (2px solid #0000FF)]
          RenderText {#text} at (4,4) size 157x19
            text run at (4,4) width 157: "Left div inside normal div"
        RenderBlock {DIV} at (6,60) size 772x27 [border: (2px solid #0000FF)]
          RenderText {#text} at (298,4) size 176x19
            text run at (298,4) width 176: "Center div inside normal div"
        RenderBlock {DIV} at (6,87) size 772x27 [border: (2px solid #0000FF)]
          RenderText {#text} at (602,4) size 166x19
            text run at (602,4) width 166: "Right div inside normal div"
        RenderBlock {CENTER} at (6,114) size 772x27 [border: (2px solid #0000FF)]
          RenderText {#text} at (297,4) size 178x19
            text run at (297,4) width 178: "Center tag inside normal div"
        RenderTable {TABLE} at (6,141) size 95x29 [border: (2px solid #0000FF)]
          RenderTableSection {TBODY} at (2,2) size 91x25
            RenderTableRow {TR} at (0,2) size 91x21
              RenderTableCell {TD} at (2,2) size 87x21 [r=0 c=0 rs=1 cs=1]
                RenderText {#text} at (1,1) size 85x19
                  text run at (1,1) width 85: "Normal table."
        RenderTable {TABLE} at (321,170) size 142x29 [border: (2px solid #0000FF)]
          RenderTableSection {TBODY} at (2,2) size 138x25
            RenderTableRow {TR} at (0,2) size 138x21
              RenderTableCell {TD} at (2,2) size 134x21 [r=0 c=0 rs=1 cs=1]
                RenderText {#text} at (1,1) size 132x19
                  text run at (1,1) width 132: "Center aligned table."
        RenderTable {TABLE} at (8,199) size 191x29 [border: (2px solid #0000FF)]
          RenderTableSection {TBODY} at (2,2) size 187x25
            RenderTableRow {TR} at (0,2) size 187x21
              RenderTableCell {TD} at (2,2) size 183x21 [r=0 c=0 rs=1 cs=1]
                RenderText {#text} at (1,1) size 181x19
                  text run at (1,1) width 181: "Center table (fixed margins)."
      RenderBlock {DIV} at (0,253) size 784x234 [border: (4px solid #800080)]
        RenderBlock {DIV} at (6,6) size 408x27 [border: (2px solid #0000FF)]
          RenderText {#text} at (4,4) size 250x19
            text run at (4,4) width 250: "Normal fixed width div inside normal div"
        RenderBlock {DIV} at (6,33) size 408x27 [border: (2px solid #0000FF)]
          RenderText {#text} at (4,4) size 228x19
            text run at (4,4) width 228: "Left fixed width div inside normal div"
        RenderBlock {DIV} at (6,60) size 408x27 [border: (2px solid #0000FF)]
          RenderText {#text} at (80,4) size 247x19
            text run at (80,4) width 247: "Center fixed width div inside normal div"
        RenderBlock {DIV} at (6,87) size 408x27 [border: (2px solid #0000FF)]
          RenderText {#text} at (167,4) size 237x19
            text run at (167,4) width 237: "Right fixed width div inside normal div"
        RenderBlock {CENTER} at (6,114) size 408x27 [border: (2px solid #0000FF)]
          RenderText {#text} at (74,4) size 259x19
            text run at (74,4) width 259: "Center tag (fixed width) inside normal div"
        RenderTable {TABLE} at (6,141) size 400x29 [border: (2px solid #0000FF)]
          RenderTableSection {TBODY} at (2,2) size 396x25
            RenderTableRow {TR} at (0,2) size 396x21
              RenderTableCell {TD} at (2,2) size 392x21 [r=0 c=0 rs=1 cs=1]
                RenderText {#text} at (1,1) size 85x19
                  text run at (1,1) width 85: "Normal table."
        RenderTable {TABLE} at (192,170) size 400x29 [border: (2px solid #0000FF)]
          RenderTableSection {TBODY} at (2,2) size 396x25
            RenderTableRow {TR} at (0,2) size 396x21
              RenderTableCell {TD} at (2,2) size 392x21 [r=0 c=0 rs=1 cs=1]
                RenderText {#text} at (1,1) size 132x19
                  text run at (1,1) width 132: "Center aligned table."
        RenderTable {TABLE} at (8,199) size 400x29 [border: (2px solid #0000FF)]
          RenderTableSection {TBODY} at (2,2) size 396x25
            RenderTableRow {TR} at (0,2) size 396x21
              RenderTableCell {TD} at (2,2) size 392x21 [r=0 c=0 rs=1 cs=1]
                RenderText {#text} at (1,1) size 181x19
                  text run at (1,1) width 181: "Center table (fixed margins)."
      RenderBlock {DIV} at (0,487) size 784x234 [border: (4px solid #008000)]
        RenderBlock {DIV} at (6,6) size 772x27 [border: (2px solid #0000FF)]
          RenderText {#text} at (4,4) size 192x19
            text run at (4,4) width 192: "Normal div inside align=left div"
        RenderBlock {DIV} at (6,33) size 772x27 [border: (2px solid #0000FF)]
          RenderText {#text} at (4,4) size 170x19
            text run at (4,4) width 170: "Left div inside align=left div"
        RenderBlock {DIV} at (6,60) size 772x27 [border: (2px solid #0000FF)]
          RenderText {#text} at (291,4) size 189x19
            text run at (291,4) width 189: "Center div inside align=left div"
        RenderBlock {DIV} at (6,87) size 772x27 [border: (2px solid #0000FF)]
          RenderText {#text} at (589,4) size 179x19
            text run at (589,4) width 179: "Right div inside align=left div"
        RenderBlock {CENTER} at (6,114) size 772x27 [border: (2px solid #0000FF)]
          RenderText {#text} at (290,4) size 191x19
            text run at (290,4) width 191: "Center tag inside align=left div"
        RenderTable {TABLE} at (6,141) size 95x29 [border: (2px solid #0000FF)]
          RenderTableSection {TBODY} at (2,2) size 91x25
            RenderTableRow {TR} at (0,2) size 91x21
              RenderTableCell {TD} at (2,2) size 87x21 [r=0 c=0 rs=1 cs=1]
                RenderText {#text} at (1,1) size 85x19
                  text run at (1,1) width 85: "Normal table."
        RenderTable {TABLE} at (321,170) size 142x29 [border: (2px solid #0000FF)]
          RenderTableSection {TBODY} at (2,2) size 138x25
            RenderTableRow {TR} at (0,2) size 138x21
              RenderTableCell {TD} at (2,2) size 134x21 [r=0 c=0 rs=1 cs=1]
                RenderText {#text} at (1,1) size 132x19
                  text run at (1,1) width 132: "Center aligned table."
        RenderTable {TABLE} at (8,199) size 191x29 [border: (2px solid #0000FF)]
          RenderTableSection {TBODY} at (2,2) size 187x25
            RenderTableRow {TR} at (0,2) size 187x21
              RenderTableCell {TD} at (2,2) size 183x21 [r=0 c=0 rs=1 cs=1]
                RenderText {#text} at (1,1) size 181x19
                  text run at (1,1) width 181: "Center table (fixed margins)."
      RenderBlock {DIV} at (0,721) size 784x234 [border: (4px solid #800080)]
        RenderBlock {DIV} at (6,6) size 408x27 [border: (2px solid #0000FF)]
          RenderText {#text} at (4,4) size 263x19
            text run at (4,4) width 263: "Normal fixed width div inside align=left div"
        RenderBlock {DIV} at (6,33) size 408x27 [border: (2px solid #0000FF)]
          RenderText {#text} at (4,4) size 241x19
            text run at (4,4) width 241: "Left fixed width div inside align=left div"
        RenderBlock {DIV} at (6,60) size 408x27 [border: (2px solid #0000FF)]
          RenderText {#text} at (74,4) size 260x19
            text run at (74,4) width 260: "Center fixed width div inside align=left div"
        RenderBlock {DIV} at (6,87) size 408x27 [border: (2px solid #0000FF)]
          RenderText {#text} at (154,4) size 250x19
            text run at (154,4) width 250: "Right fixed width div inside align=left div"
        RenderBlock {CENTER} at (6,114) size 408x27 [border: (2px solid #0000FF)]
          RenderText {#text} at (68,4) size 272x19
            text run at (68,4) width 272: "Center tag (fixed width) inside align=left div"
        RenderTable {TABLE} at (6,141) size 400x29 [border: (2px solid #0000FF)]
          RenderTableSection {TBODY} at (2,2) size 396x25
            RenderTableRow {TR} at (0,2) size 396x21
              RenderTableCell {TD} at (2,2) size 392x21 [r=0 c=0 rs=1 cs=1]
                RenderText {#text} at (1,1) size 85x19
                  text run at (1,1) width 85: "Normal table."
        RenderTable {TABLE} at (192,170) size 400x29 [border: (2px solid #0000FF)]
          RenderTableSection {TBODY} at (2,2) size 396x25
            RenderTableRow {TR} at (0,2) size 396x21
              RenderTableCell {TD} at (2,2) size 392x21 [r=0 c=0 rs=1 cs=1]
                RenderText {#text} at (1,1) size 132x19
                  text run at (1,1) width 132: "Center aligned table."
        RenderTable {TABLE} at (8,199) size 400x29 [border: (2px solid #0000FF)]
          RenderTableSection {TBODY} at (2,2) size 396x25
            RenderTableRow {TR} at (0,2) size 396x21
              RenderTableCell {TD} at (2,2) size 392x21 [r=0 c=0 rs=1 cs=1]
                RenderText {#text} at (1,1) size 181x19
                  text run at (1,1) width 181: "Center table (fixed margins)."
      RenderBlock {DIV} at (0,955) size 784x234 [border: (4px solid #008000)]
        RenderBlock {DIV} at (6,6) size 772x27 [border: (2px solid #0000FF)]
          RenderText {#text} at (277,4) size 217x19
            text run at (277,4) width 217: "Normal div inside align= center div"
        RenderBlock {DIV} at (6,33) size 772x27 [border: (2px solid #0000FF)]
          RenderText {#text} at (4,4) size 191x19
            text run at (4,4) width 191: "Left div inside align=center div"
        RenderBlock {DIV} at (6,60) size 772x27 [border: (2px solid #0000FF)]
          RenderText {#text} at (281,4) size 210x19
            text run at (281,4) width 210: "Center div inside align=center div"
        RenderBlock {DIV} at (6,87) size 772x27 [border: (2px solid #0000FF)]
          RenderText {#text} at (568,4) size 200x19
            text run at (568,4) width 200: "Right div inside align=center div"
        RenderBlock {CENTER} at (6,114) size 772x27 [border: (2px solid #0000FF)]
          RenderText {#text} at (280,4) size 212x19
            text run at (280,4) width 212: "Center tag inside align=center div"
        RenderTable {TABLE} at (344,141) size 95x29 [border: (2px solid #0000FF)]
          RenderTableSection {TBODY} at (2,2) size 91x25
            RenderTableRow {TR} at (0,2) size 91x21
              RenderTableCell {TD} at (2,2) size 87x21 [r=0 c=0 rs=1 cs=1]
                RenderText {#text} at (1,1) size 85x19
                  text run at (1,1) width 85: "Normal table."
        RenderTable {TABLE} at (321,170) size 142x29 [border: (2px solid #0000FF)]
          RenderTableSection {TBODY} at (2,2) size 138x25
            RenderTableRow {TR} at (0,2) size 138x21
              RenderTableCell {TD} at (2,2) size 134x21 [r=0 c=0 rs=1 cs=1]
                RenderText {#text} at (1,1) size 132x19
                  text run at (1,1) width 132: "Center aligned table."
        RenderTable {TABLE} at (296,199) size 191x29 [border: (2px solid #0000FF)]
          RenderTableSection {TBODY} at (2,2) size 187x25
            RenderTableRow {TR} at (0,2) size 187x21
              RenderTableCell {TD} at (2,2) size 183x21 [r=0 c=0 rs=1 cs=1]
                RenderText {#text} at (1,1) size 181x19
                  text run at (1,1) width 181: "Center table (fixed margins)."
      RenderBlock {DIV} at (0,1189) size 784x307 [border: (4px solid #800080)]
        RenderBlock {DIV} at (188,6) size 408x27 [border: (2px solid #0000FF)]
          RenderText {#text} at (62,4) size 284x19
            text run at (62,4) width 284: "Normal fixed width div inside align=center div"
        RenderBlock {DIV} at (370,33) size 408x27 [border: (2px solid #0000FF)]
          RenderText {#text} at (5,4) size 397x19
            text run at (5,4) width 397: "Normal fixed width div (auto left margin) inside align=center div"
        RenderBlock {DIV} at (6,60) size 408x46 [border: (2px solid #0000FF)]
          RenderText {#text} at (12,4) size 384x38
            text run at (12,4) width 384: "Normal fixed width div (auto right margin) inside align=center"
            text run at (195,23) width 18: "div"
        RenderBlock {DIV} at (188,106) size 408x27 [border: (2px solid #0000FF)]
          RenderText {#text} at (4,4) size 262x19
            text run at (4,4) width 262: "Left fixed width div inside align=center div"
        RenderBlock {DIV} at (188,133) size 408x27 [border: (2px solid #0000FF)]
          RenderText {#text} at (63,4) size 281x19
            text run at (63,4) width 281: "Center fixed width div inside align=center div"
        RenderBlock {DIV} at (188,160) size 408x27 [border: (2px solid #0000FF)]
          RenderText {#text} at (133,4) size 271x19
            text run at (133,4) width 271: "Right fixed width div inside align=center div"
        RenderBlock {CENTER} at (188,187) size 408x27 [border: (2px solid #0000FF)]
          RenderText {#text} at (57,4) size 293x19
            text run at (57,4) width 293: "Center tag (fixed width) inside align=center div"
        RenderTable {TABLE} at (192,214) size 400x29 [border: (2px solid #0000FF)]
          RenderTableSection {TBODY} at (2,2) size 396x25
            RenderTableRow {TR} at (0,2) size 396x21
              RenderTableCell {TD} at (2,2) size 392x21 [r=0 c=0 rs=1 cs=1]
                RenderText {#text} at (1,1) size 85x19
                  text run at (1,1) width 85: "Normal table."
        RenderTable {TABLE} at (192,243) size 400x29 [border: (2px solid #0000FF)]
          RenderTableSection {TBODY} at (2,2) size 396x25
            RenderTableRow {TR} at (0,2) size 396x21
              RenderTableCell {TD} at (2,2) size 392x21 [r=0 c=0 rs=1 cs=1]
                RenderText {#text} at (1,1) size 132x19
                  text run at (1,1) width 132: "Center aligned table."
        RenderTable {TABLE} at (192,272) size 400x29 [border: (2px solid #0000FF)]
          RenderTableSection {TBODY} at (2,2) size 396x25
            RenderTableRow {TR} at (0,2) size 396x21
              RenderTableCell {TD} at (2,2) size 392x21 [r=0 c=0 rs=1 cs=1]
                RenderText {#text} at (1,1) size 181x19
                  text run at (1,1) width 181: "Center table (fixed margins)."
      RenderBlock {DIV} at (0,1496) size 784x234 [border: (4px solid #008000)]
        RenderBlock {DIV} at (6,6) size 772x27 [border: (2px solid #0000FF)]
          RenderText {#text} at (567,4) size 201x19
            text run at (567,4) width 201: "Normal div inside align=right div"
        RenderBlock {DIV} at (6,33) size 772x27 [border: (2px solid #0000FF)]
          RenderText {#text} at (4,4) size 179x19
            text run at (4,4) width 179: "Left div inside align=right div"
        RenderBlock {DIV} at (6,60) size 772x27 [border: (2px solid #0000FF)]
          RenderText {#text} at (287,4) size 198x19
            text run at (287,4) width 198: "Center div inside align=right div"
        RenderBlock {DIV} at (6,87) size 772x27 [border: (2px solid #0000FF)]
          RenderText {#text} at (580,4) size 188x19
            text run at (580,4) width 188: "Right div inside align=right div"
        RenderBlock {CENTER} at (6,114) size 772x27 [border: (2px solid #0000FF)]
          RenderText {#text} at (286,4) size 200x19
            text run at (286,4) width 200: "Center tag inside align=right div"
        RenderTable {TABLE} at (683,141) size 95x29 [border: (2px solid #0000FF)]
          RenderTableSection {TBODY} at (2,2) size 91x25
            RenderTableRow {TR} at (0,2) size 91x21
              RenderTableCell {TD} at (2,2) size 87x21 [r=0 c=0 rs=1 cs=1]
                RenderText {#text} at (1,1) size 85x19
                  text run at (1,1) width 85: "Normal table."
        RenderTable {TABLE} at (321,170) size 142x29 [border: (2px solid #0000FF)]
          RenderTableSection {TBODY} at (2,2) size 138x25
            RenderTableRow {TR} at (0,2) size 138x21
              RenderTableCell {TD} at (2,2) size 134x21 [r=0 c=0 rs=1 cs=1]
                RenderText {#text} at (1,1) size 132x19
                  text run at (1,1) width 132: "Center aligned table."
        RenderTable {TABLE} at (585,199) size 191x29 [border: (2px solid #0000FF)]
          RenderTableSection {TBODY} at (2,2) size 187x25
            RenderTableRow {TR} at (0,2) size 187x21
              RenderTableCell {TD} at (2,2) size 183x21 [r=0 c=0 rs=1 cs=1]
                RenderText {#text} at (1,1) size 181x19
                  text run at (1,1) width 181: "Center table (fixed margins)."
      RenderBlock {DIV} at (0,1730) size 784x234 [border: (4px solid #800080)]
        RenderBlock {DIV} at (370,6) size 408x27 [border: (2px solid #0000FF)]
          RenderText {#text} at (132,4) size 272x19
            text run at (132,4) width 272: "Normal fixed width div inside align=right div"
        RenderBlock {DIV} at (370,33) size 408x27 [border: (2px solid #0000FF)]
          RenderText {#text} at (4,4) size 250x19
            text run at (4,4) width 250: "Left fixed width div inside align=right div"
        RenderBlock {DIV} at (370,60) size 408x27 [border: (2px solid #0000FF)]
          RenderText {#text} at (69,4) size 269x19
            text run at (69,4) width 269: "Center fixed width div inside align=right div"
        RenderBlock {DIV} at (370,87) size 408x27 [border: (2px solid #0000FF)]
          RenderText {#text} at (145,4) size 259x19
            text run at (145,4) width 259: "Right fixed width div inside align=right div"
        RenderBlock {CENTER} at (370,114) size 408x27 [border: (2px solid #0000FF)]
          RenderText {#text} at (63,4) size 281x19
            text run at (63,4) width 281: "Center tag (fixed width) inside align=right div"
        RenderTable {TABLE} at (378,141) size 400x29 [border: (2px solid #0000FF)]
          RenderTableSection {TBODY} at (2,2) size 396x25
            RenderTableRow {TR} at (0,2) size 396x21
              RenderTableCell {TD} at (2,2) size 392x21 [r=0 c=0 rs=1 cs=1]
                RenderText {#text} at (1,1) size 85x19
                  text run at (1,1) width 85: "Normal table."
        RenderTable {TABLE} at (192,170) size 400x29 [border: (2px solid #0000FF)]
          RenderTableSection {TBODY} at (2,2) size 396x25
            RenderTableRow {TR} at (0,2) size 396x21
              RenderTableCell {TD} at (2,2) size 392x21 [r=0 c=0 rs=1 cs=1]
                RenderText {#text} at (1,1) size 132x19
                  text run at (1,1) width 132: "Center aligned table."
        RenderTable {TABLE} at (376,199) size 400x29 [border: (2px solid #0000FF)]
          RenderTableSection {TBODY} at (2,2) size 396x25
            RenderTableRow {TR} at (0,2) size 396x21
              RenderTableCell {TD} at (2,2) size 392x21 [r=0 c=0 rs=1 cs=1]
                RenderText {#text} at (1,1) size 181x19
                  text run at (1,1) width 181: "Center table (fixed margins)."
      RenderBlock {P} at (0,1978) size 784x19
        RenderText {#text} at (0,0) size 358x19
          text run at (0,0) width 358: "This is a test using TABLE cells (all in the LTR direction)."
      RenderTable {TABLE} at (0,2011) size 784x240 [border: (2px solid #0000FF)]
        RenderTableSection {TBODY} at (2,2) size 780x236
          RenderTableRow {TR} at (0,2) size 780x232
            RenderTableCell {TD} at (2,2) size 776x232 [border: (4px solid #008000)] [r=0 c=0 rs=1 cs=1]
              RenderBlock {DIV} at (5,5) size 766x27 [border: (2px solid #0000FF)]
                RenderText {#text} at (4,4) size 173x19
                  text run at (4,4) width 173: "Normal div inside normal td"
              RenderBlock {DIV} at (5,32) size 766x27 [border: (2px solid #0000FF)]
                RenderText {#text} at (4,4) size 151x19
                  text run at (4,4) width 151: "Left div inside normal td"
              RenderBlock {DIV} at (5,59) size 766x27 [border: (2px solid #0000FF)]
                RenderText {#text} at (298,4) size 170x19
                  text run at (298,4) width 170: "Center div inside normal td"
              RenderBlock {DIV} at (5,86) size 766x27 [border: (2px solid #0000FF)]
                RenderText {#text} at (602,4) size 160x19
                  text run at (602,4) width 160: "Right div inside normal td"
              RenderBlock {CENTER} at (5,113) size 766x27 [border: (2px solid #0000FF)]
                RenderText {#text} at (297,4) size 172x19
                  text run at (297,4) width 172: "Center tag inside normal td"
              RenderTable {TABLE} at (5,140) size 95x29 [border: (2px solid #0000FF)]
                RenderTableSection {TBODY} at (2,2) size 91x25
                  RenderTableRow {TR} at (0,2) size 91x21
                    RenderTableCell {TD} at (2,2) size 87x21 [r=0 c=0 rs=1 cs=1]
                      RenderText {#text} at (1,1) size 85x19
                        text run at (1,1) width 85: "Normal table."
              RenderTable {TABLE} at (317,169) size 142x29 [border: (2px solid #0000FF)]
                RenderTableSection {TBODY} at (2,2) size 138x25
                  RenderTableRow {TR} at (0,2) size 138x21
                    RenderTableCell {TD} at (2,2) size 134x21 [r=0 c=0 rs=1 cs=1]
                      RenderText {#text} at (1,1) size 132x19
                        text run at (1,1) width 132: "Center aligned table."
              RenderTable {TABLE} at (7,198) size 191x29 [border: (2px solid #0000FF)]
                RenderTableSection {TBODY} at (2,2) size 187x25
                  RenderTableRow {TR} at (0,2) size 187x21
                    RenderTableCell {TD} at (2,2) size 183x21 [r=0 c=0 rs=1 cs=1]
                      RenderText {#text} at (1,1) size 181x19
                        text run at (1,1) width 181: "Center table (fixed margins)."
      RenderTable {TABLE} at (0,2251) size 784x240 [border: (2px solid #0000FF)]
        RenderTableSection {TBODY} at (2,2) size 780x236
          RenderTableRow {TR} at (0,2) size 780x232
            RenderTableCell {TD} at (2,2) size 776x232 [border: (4px solid #800080)] [r=0 c=0 rs=1 cs=1]
              RenderBlock {DIV} at (5,5) size 408x27 [border: (2px solid #0000FF)]
                RenderText {#text} at (4,4) size 244x19
                  text run at (4,4) width 244: "Normal fixed width div inside normal td"
              RenderBlock {DIV} at (5,32) size 408x27 [border: (2px solid #0000FF)]
                RenderText {#text} at (4,4) size 222x19
                  text run at (4,4) width 222: "Left fixed width div inside normal td"
              RenderBlock {DIV} at (5,59) size 408x27 [border: (2px solid #0000FF)]
                RenderText {#text} at (83,4) size 241x19
                  text run at (83,4) width 241: "Center fixed width div inside normal td"
              RenderBlock {DIV} at (5,86) size 408x27 [border: (2px solid #0000FF)]
                RenderText {#text} at (173,4) size 231x19
                  text run at (173,4) width 231: "Right fixed width div inside normal td"
              RenderBlock {CENTER} at (5,113) size 408x27 [border: (2px solid #0000FF)]
                RenderText {#text} at (77,4) size 253x19
                  text run at (77,4) width 253: "Center tag (fixed width) inside normal td"
              RenderTable {TABLE} at (5,140) size 400x29 [border: (2px solid #0000FF)]
                RenderTableSection {TBODY} at (2,2) size 396x25
                  RenderTableRow {TR} at (0,2) size 396x21
                    RenderTableCell {TD} at (2,2) size 392x21 [r=0 c=0 rs=1 cs=1]
                      RenderText {#text} at (1,1) size 85x19
                        text run at (1,1) width 85: "Normal table."
              RenderTable {TABLE} at (188,169) size 400x29 [border: (2px solid #0000FF)]
                RenderTableSection {TBODY} at (2,2) size 396x25
                  RenderTableRow {TR} at (0,2) size 396x21
                    RenderTableCell {TD} at (2,2) size 392x21 [r=0 c=0 rs=1 cs=1]
                      RenderText {#text} at (1,1) size 132x19
                        text run at (1,1) width 132: "Center aligned table."
              RenderTable {TABLE} at (7,198) size 400x29 [border: (2px solid #0000FF)]
                RenderTableSection {TBODY} at (2,2) size 396x25
                  RenderTableRow {TR} at (0,2) size 396x21
                    RenderTableCell {TD} at (2,2) size 392x21 [r=0 c=0 rs=1 cs=1]
                      RenderText {#text} at (1,1) size 181x19
                        text run at (1,1) width 181: "Center table (fixed margins)."
      RenderTable {TABLE} at (0,2491) size 784x240 [border: (2px solid #0000FF)]
        RenderTableSection {TBODY} at (2,2) size 780x236
          RenderTableRow {TR} at (0,2) size 780x232
            RenderTableCell {TD} at (2,2) size 776x232 [border: (4px solid #008000)] [r=0 c=0 rs=1 cs=1]
              RenderBlock {DIV} at (5,5) size 766x27 [border: (2px solid #0000FF)]
                RenderText {#text} at (4,4) size 186x19
                  text run at (4,4) width 186: "Normal div inside align=left td"
              RenderBlock {DIV} at (5,32) size 766x27 [border: (2px solid #0000FF)]
                RenderText {#text} at (4,4) size 164x19
                  text run at (4,4) width 164: "Left div inside align=left td"
              RenderBlock {DIV} at (5,59) size 766x27 [border: (2px solid #0000FF)]
                RenderText {#text} at (291,4) size 183x19
                  text run at (291,4) width 183: "Center div inside align=left td"
              RenderBlock {DIV} at (5,86) size 766x27 [border: (2px solid #0000FF)]
                RenderText {#text} at (589,4) size 173x19
                  text run at (589,4) width 173: "Right div inside align=left td"
              RenderBlock {CENTER} at (5,113) size 766x27 [border: (2px solid #0000FF)]
                RenderText {#text} at (290,4) size 185x19
                  text run at (290,4) width 185: "Center tag inside align=left td"
              RenderTable {TABLE} at (5,140) size 95x29 [border: (2px solid #0000FF)]
                RenderTableSection {TBODY} at (2,2) size 91x25
                  RenderTableRow {TR} at (0,2) size 91x21
                    RenderTableCell {TD} at (2,2) size 87x21 [r=0 c=0 rs=1 cs=1]
                      RenderText {#text} at (1,1) size 85x19
                        text run at (1,1) width 85: "Normal table."
              RenderTable {TABLE} at (317,169) size 142x29 [border: (2px solid #0000FF)]
                RenderTableSection {TBODY} at (2,2) size 138x25
                  RenderTableRow {TR} at (0,2) size 138x21
                    RenderTableCell {TD} at (2,2) size 134x21 [r=0 c=0 rs=1 cs=1]
                      RenderText {#text} at (1,1) size 132x19
                        text run at (1,1) width 132: "Center aligned table."
              RenderTable {TABLE} at (7,198) size 191x29 [border: (2px solid #0000FF)]
                RenderTableSection {TBODY} at (2,2) size 187x25
                  RenderTableRow {TR} at (0,2) size 187x21
                    RenderTableCell {TD} at (2,2) size 183x21 [r=0 c=0 rs=1 cs=1]
                      RenderText {#text} at (1,1) size 181x19
                        text run at (1,1) width 181: "Center table (fixed margins)."
      RenderTable {TABLE} at (0,2731) size 784x240 [border: (2px solid #0000FF)]
        RenderTableSection {TBODY} at (2,2) size 780x236
          RenderTableRow {TR} at (0,2) size 780x232
            RenderTableCell {TD} at (2,2) size 776x232 [border: (4px solid #800080)] [r=0 c=0 rs=1 cs=1]
              RenderBlock {DIV} at (5,5) size 408x27 [border: (2px solid #0000FF)]
                RenderText {#text} at (4,4) size 257x19
                  text run at (4,4) width 257: "Normal fixed width div inside align=left td"
              RenderBlock {DIV} at (5,32) size 408x27 [border: (2px solid #0000FF)]
                RenderText {#text} at (4,4) size 235x19
                  text run at (4,4) width 235: "Left fixed width div inside align=left td"
              RenderBlock {DIV} at (5,59) size 408x27 [border: (2px solid #0000FF)]
                RenderText {#text} at (77,4) size 254x19
                  text run at (77,4) width 254: "Center fixed width div inside align=left td"
              RenderBlock {DIV} at (5,86) size 408x27 [border: (2px solid #0000FF)]
                RenderText {#text} at (160,4) size 244x19
                  text run at (160,4) width 244: "Right fixed width div inside align=left td"
              RenderBlock {CENTER} at (5,113) size 408x27 [border: (2px solid #0000FF)]
                RenderText {#text} at (71,4) size 266x19
                  text run at (71,4) width 266: "Center tag (fixed width) inside align=left td"
              RenderTable {TABLE} at (5,140) size 400x29 [border: (2px solid #0000FF)]
                RenderTableSection {TBODY} at (2,2) size 396x25
                  RenderTableRow {TR} at (0,2) size 396x21
                    RenderTableCell {TD} at (2,2) size 392x21 [r=0 c=0 rs=1 cs=1]
                      RenderText {#text} at (1,1) size 85x19
                        text run at (1,1) width 85: "Normal table."
              RenderTable {TABLE} at (188,169) size 400x29 [border: (2px solid #0000FF)]
                RenderTableSection {TBODY} at (2,2) size 396x25
                  RenderTableRow {TR} at (0,2) size 396x21
                    RenderTableCell {TD} at (2,2) size 392x21 [r=0 c=0 rs=1 cs=1]
                      RenderText {#text} at (1,1) size 132x19
                        text run at (1,1) width 132: "Center aligned table."
              RenderTable {TABLE} at (7,198) size 400x29 [border: (2px solid #0000FF)]
                RenderTableSection {TBODY} at (2,2) size 396x25
                  RenderTableRow {TR} at (0,2) size 396x21
                    RenderTableCell {TD} at (2,2) size 392x21 [r=0 c=0 rs=1 cs=1]
                      RenderText {#text} at (1,1) size 181x19
                        text run at (1,1) width 181: "Center table (fixed margins)."
      RenderTable {TABLE} at (0,2971) size 784x240 [border: (2px solid #0000FF)]
        RenderTableSection {TBODY} at (2,2) size 780x236
          RenderTableRow {TR} at (0,2) size 780x232
            RenderTableCell {TD} at (2,2) size 776x232 [border: (4px solid #008000)] [r=0 c=0 rs=1 cs=1]
              RenderBlock {DIV} at (5,5) size 766x27 [border: (2px solid #0000FF)]
                RenderText {#text} at (277,4) size 211x19
                  text run at (277,4) width 211: "Normal div inside align= center td"
              RenderBlock {DIV} at (5,32) size 766x27 [border: (2px solid #0000FF)]
                RenderText {#text} at (4,4) size 185x19
                  text run at (4,4) width 185: "Left div inside align=center td"
              RenderBlock {DIV} at (5,59) size 766x27 [border: (2px solid #0000FF)]
                RenderText {#text} at (281,4) size 204x19
                  text run at (281,4) width 204: "Center div inside align=center td"
              RenderBlock {DIV} at (5,86) size 766x27 [border: (2px solid #0000FF)]
                RenderText {#text} at (568,4) size 194x19
                  text run at (568,4) width 194: "Right div inside align=center td"
              RenderBlock {CENTER} at (5,113) size 766x27 [border: (2px solid #0000FF)]
                RenderText {#text} at (280,4) size 206x19
                  text run at (280,4) width 206: "Center tag inside align=center td"
              RenderTable {TABLE} at (340,140) size 95x29 [border: (2px solid #0000FF)]
                RenderTableSection {TBODY} at (2,2) size 91x25
                  RenderTableRow {TR} at (0,2) size 91x21
                    RenderTableCell {TD} at (2,2) size 87x21 [r=0 c=0 rs=1 cs=1]
                      RenderText {#text} at (1,1) size 85x19
                        text run at (1,1) width 85: "Normal table."
              RenderTable {TABLE} at (317,169) size 142x29 [border: (2px solid #0000FF)]
                RenderTableSection {TBODY} at (2,2) size 138x25
                  RenderTableRow {TR} at (0,2) size 138x21
                    RenderTableCell {TD} at (2,2) size 134x21 [r=0 c=0 rs=1 cs=1]
                      RenderText {#text} at (1,1) size 132x19
                        text run at (1,1) width 132: "Center aligned table."
              RenderTable {TABLE} at (292,198) size 191x29 [border: (2px solid #0000FF)]
                RenderTableSection {TBODY} at (2,2) size 187x25
                  RenderTableRow {TR} at (0,2) size 187x21
                    RenderTableCell {TD} at (2,2) size 183x21 [r=0 c=0 rs=1 cs=1]
                      RenderText {#text} at (1,1) size 181x19
                        text run at (1,1) width 181: "Center table (fixed margins)."
      RenderTable {TABLE} at (0,3211) size 784x240 [border: (2px solid #0000FF)]
        RenderTableSection {TBODY} at (2,2) size 780x236
          RenderTableRow {TR} at (0,2) size 780x232
            RenderTableCell {TD} at (2,2) size 776x232 [border: (4px solid #800080)] [r=0 c=0 rs=1 cs=1]
              RenderBlock {DIV} at (184,5) size 408x27 [border: (2px solid #0000FF)]
                RenderText {#text} at (65,4) size 278x19
                  text run at (65,4) width 278: "Normal fixed width div inside align=center td"
              RenderBlock {DIV} at (184,32) size 408x27 [border: (2px solid #0000FF)]
                RenderText {#text} at (4,4) size 256x19
                  text run at (4,4) width 256: "Left fixed width div inside align=center td"
              RenderBlock {DIV} at (184,59) size 408x27 [border: (2px solid #0000FF)]
                RenderText {#text} at (66,4) size 275x19
                  text run at (66,4) width 275: "Center fixed width div inside align=center td"
              RenderBlock {DIV} at (184,86) size 408x27 [border: (2px solid #0000FF)]
                RenderText {#text} at (139,4) size 265x19
                  text run at (139,4) width 265: "Right fixed width div inside align=center td"
              RenderBlock {CENTER} at (184,113) size 408x27 [border: (2px solid #0000FF)]
                RenderText {#text} at (60,4) size 287x19
                  text run at (60,4) width 287: "Center tag (fixed width) inside align=center td"
              RenderTable {TABLE} at (188,140) size 400x29 [border: (2px solid #0000FF)]
                RenderTableSection {TBODY} at (2,2) size 396x25
                  RenderTableRow {TR} at (0,2) size 396x21
                    RenderTableCell {TD} at (2,2) size 392x21 [r=0 c=0 rs=1 cs=1]
                      RenderText {#text} at (1,1) size 85x19
                        text run at (1,1) width 85: "Normal table."
              RenderTable {TABLE} at (188,169) size 400x29 [border: (2px solid #0000FF)]
                RenderTableSection {TBODY} at (2,2) size 396x25
                  RenderTableRow {TR} at (0,2) size 396x21
                    RenderTableCell {TD} at (2,2) size 392x21 [r=0 c=0 rs=1 cs=1]
                      RenderText {#text} at (1,1) size 132x19
                        text run at (1,1) width 132: "Center aligned table."
              RenderTable {TABLE} at (188,198) size 400x29 [border: (2px solid #0000FF)]
                RenderTableSection {TBODY} at (2,2) size 396x25
                  RenderTableRow {TR} at (0,2) size 396x21
                    RenderTableCell {TD} at (2,2) size 392x21 [r=0 c=0 rs=1 cs=1]
                      RenderText {#text} at (1,1) size 181x19
                        text run at (1,1) width 181: "Center table (fixed margins)."
      RenderTable {TABLE} at (0,3451) size 784x240 [border: (2px solid #0000FF)]
        RenderTableSection {TBODY} at (2,2) size 780x236
          RenderTableRow {TR} at (0,2) size 780x232
            RenderTableCell {TD} at (2,2) size 776x232 [border: (4px solid #008000)] [r=0 c=0 rs=1 cs=1]
              RenderBlock {DIV} at (5,5) size 766x27 [border: (2px solid #0000FF)]
                RenderText {#text} at (567,4) size 195x19
                  text run at (567,4) width 195: "Normal div inside align=right td"
              RenderBlock {DIV} at (5,32) size 766x27 [border: (2px solid #0000FF)]
                RenderText {#text} at (4,4) size 173x19
                  text run at (4,4) width 173: "Left div inside align=right td"
              RenderBlock {DIV} at (5,59) size 766x27 [border: (2px solid #0000FF)]
                RenderText {#text} at (287,4) size 192x19
                  text run at (287,4) width 192: "Center div inside align=right td"
              RenderBlock {DIV} at (5,86) size 766x27 [border: (2px solid #0000FF)]
                RenderText {#text} at (580,4) size 182x19
                  text run at (580,4) width 182: "Right div inside align=right td"
              RenderBlock {CENTER} at (5,113) size 766x27 [border: (2px solid #0000FF)]
                RenderText {#text} at (286,4) size 194x19
                  text run at (286,4) width 194: "Center tag inside align=right td"
              RenderTable {TABLE} at (676,140) size 95x29 [border: (2px solid #0000FF)]
                RenderTableSection {TBODY} at (2,2) size 91x25
                  RenderTableRow {TR} at (0,2) size 91x21
                    RenderTableCell {TD} at (2,2) size 87x21 [r=0 c=0 rs=1 cs=1]
                      RenderText {#text} at (1,1) size 85x19
                        text run at (1,1) width 85: "Normal table."
              RenderTable {TABLE} at (317,169) size 142x29 [border: (2px solid #0000FF)]
                RenderTableSection {TBODY} at (2,2) size 138x25
                  RenderTableRow {TR} at (0,2) size 138x21
                    RenderTableCell {TD} at (2,2) size 134x21 [r=0 c=0 rs=1 cs=1]
                      RenderText {#text} at (1,1) size 132x19
                        text run at (1,1) width 132: "Center aligned table."
              RenderTable {TABLE} at (578,198) size 191x29 [border: (2px solid #0000FF)]
                RenderTableSection {TBODY} at (2,2) size 187x25
                  RenderTableRow {TR} at (0,2) size 187x21
                    RenderTableCell {TD} at (2,2) size 183x21 [r=0 c=0 rs=1 cs=1]
                      RenderText {#text} at (1,1) size 181x19
                        text run at (1,1) width 181: "Center table (fixed margins)."
      RenderTable {TABLE} at (0,3691) size 784x240 [border: (2px solid #0000FF)]
        RenderTableSection {TBODY} at (2,2) size 780x236
          RenderTableRow {TR} at (0,2) size 780x232
            RenderTableCell {TD} at (2,2) size 776x232 [border: (4px solid #800080)] [r=0 c=0 rs=1 cs=1]
              RenderBlock {DIV} at (363,5) size 408x27 [border: (2px solid #0000FF)]
                RenderText {#text} at (138,4) size 266x19
                  text run at (138,4) width 266: "Normal fixed width div inside align=right td"
              RenderBlock {DIV} at (363,32) size 408x27 [border: (2px solid #0000FF)]
                RenderText {#text} at (4,4) size 244x19
                  text run at (4,4) width 244: "Left fixed width div inside align=right td"
              RenderBlock {DIV} at (363,59) size 408x27 [border: (2px solid #0000FF)]
                RenderText {#text} at (72,4) size 263x19
                  text run at (72,4) width 263: "Center fixed width div inside align=right td"
              RenderBlock {DIV} at (363,86) size 408x27 [border: (2px solid #0000FF)]
                RenderText {#text} at (151,4) size 253x19
                  text run at (151,4) width 253: "Right fixed width div inside align=right td"
              RenderBlock {CENTER} at (363,113) size 408x27 [border: (2px solid #0000FF)]
                RenderText {#text} at (66,4) size 275x19
                  text run at (66,4) width 275: "Center tag (fixed width) inside align=right td"
              RenderTable {TABLE} at (371,140) size 400x29 [border: (2px solid #0000FF)]
                RenderTableSection {TBODY} at (2,2) size 396x25
                  RenderTableRow {TR} at (0,2) size 396x21
                    RenderTableCell {TD} at (2,2) size 392x21 [r=0 c=0 rs=1 cs=1]
                      RenderText {#text} at (1,1) size 85x19
                        text run at (1,1) width 85: "Normal table."
              RenderTable {TABLE} at (188,169) size 400x29 [border: (2px solid #0000FF)]
                RenderTableSection {TBODY} at (2,2) size 396x25
                  RenderTableRow {TR} at (0,2) size 396x21
                    RenderTableCell {TD} at (2,2) size 392x21 [r=0 c=0 rs=1 cs=1]
                      RenderText {#text} at (1,1) size 132x19
                        text run at (1,1) width 132: "Center aligned table."
              RenderTable {TABLE} at (369,198) size 400x29 [border: (2px solid #0000FF)]
                RenderTableSection {TBODY} at (2,2) size 396x25
                  RenderTableRow {TR} at (0,2) size 396x21
                    RenderTableCell {TD} at (2,2) size 392x21 [r=0 c=0 rs=1 cs=1]
                      RenderText {#text} at (1,1) size 181x19
                        text run at (1,1) width 181: "Center table (fixed margins)."
      RenderBlock {DIV} at (0,3945) size 784x3862
        RenderBlock (anonymous) at (2,2) size 780x19
          RenderText {#text} at (345,0) size 435x19
            text run at (345,0) width 4 RTL: "."
            text run at (349,0) width 431: "This is a test of all the various HTML alignments using RTL direction"
        RenderBlock {DIV} at (2,21) size 780x234 [border: (4px solid #008000)]
          RenderBlock {DIV} at (6,6) size 768x27 [border: (2px solid #0000FF)]
            RenderText {#text} at (585,4) size 179x19
              text run at (585,4) width 179: "Normal div inside normal div"
          RenderBlock {DIV} at (6,33) size 768x27 [border: (2px solid #0000FF)]
            RenderText {#text} at (4,4) size 157x19
              text run at (4,4) width 157: "Left div inside normal div"
          RenderBlock {DIV} at (6,60) size 768x27 [border: (2px solid #0000FF)]
            RenderText {#text} at (296,4) size 176x19
              text run at (296,4) width 176: "Center div inside normal div"
          RenderBlock {DIV} at (6,87) size 768x27 [border: (2px solid #0000FF)]
            RenderText {#text} at (598,4) size 166x19
              text run at (598,4) width 166: "Right div inside normal div"
          RenderBlock {CENTER} at (6,114) size 768x27 [border: (2px solid #0000FF)]
            RenderText {#text} at (295,4) size 178x19
              text run at (295,4) width 178: "Center tag inside normal div"
          RenderTable {TABLE} at (679,141) size 95x29 [border: (2px solid #0000FF)]
            RenderTableSection {TBODY} at (2,2) size 91x25
              RenderTableRow {TR} at (0,2) size 91x21
                RenderTableCell {TD} at (2,2) size 87x21 [r=0 c=0 rs=1 cs=1]
                  RenderText {#text} at (1,1) size 85x19
                    text run at (1,1) width 4 RTL: "."
                    text run at (5,1) width 81: "Normal table"
          RenderTable {TABLE} at (319,170) size 142x29 [border: (2px solid #0000FF)]
            RenderTableSection {TBODY} at (2,2) size 138x25
              RenderTableRow {TR} at (0,2) size 138x21
                RenderTableCell {TD} at (2,2) size 134x21 [r=0 c=0 rs=1 cs=1]
                  RenderText {#text} at (1,1) size 132x19
                    text run at (1,1) width 4 RTL: "."
                    text run at (5,1) width 128: "Center aligned table"
          RenderTable {TABLE} at (581,199) size 191x29 [border: (2px solid #0000FF)]
            RenderTableSection {TBODY} at (2,2) size 187x25
              RenderTableRow {TR} at (0,2) size 187x21
                RenderTableCell {TD} at (2,2) size 183x21 [r=0 c=0 rs=1 cs=1]
                  RenderText {#text} at (1,1) size 181x19
                    text run at (1,1) width 9 RTL: ")."
                    text run at (10,1) width 172: "Center table (fixed margins"
        RenderBlock {DIV} at (2,255) size 780x234 [border: (4px solid #800080)]
          RenderBlock {DIV} at (366,6) size 408x27 [border: (2px solid #0000FF)]
            RenderText {#text} at (154,4) size 250x19
              text run at (154,4) width 250: "Normal fixed width div inside normal div"
          RenderBlock {DIV} at (366,33) size 408x27 [border: (2px solid #0000FF)]
            RenderText {#text} at (4,4) size 228x19
              text run at (4,4) width 228: "Left fixed width div inside normal div"
          RenderBlock {DIV} at (366,60) size 408x27 [border: (2px solid #0000FF)]
            RenderText {#text} at (80,4) size 247x19
              text run at (80,4) width 247: "Center fixed width div inside normal div"
          RenderBlock {DIV} at (366,87) size 408x27 [border: (2px solid #0000FF)]
            RenderText {#text} at (167,4) size 237x19
              text run at (167,4) width 237: "Right fixed width div inside normal div"
          RenderBlock {CENTER} at (366,114) size 408x27 [border: (2px solid #0000FF)]
            RenderText {#text} at (74,4) size 259x19
              text run at (74,4) width 259: "Center tag (fixed width) inside normal div"
          RenderTable {TABLE} at (374,141) size 400x29 [border: (2px solid #0000FF)]
            RenderTableSection {TBODY} at (2,2) size 396x25
              RenderTableRow {TR} at (0,2) size 396x21
                RenderTableCell {TD} at (2,2) size 392x21 [r=0 c=0 rs=1 cs=1]
                  RenderText {#text} at (306,1) size 85x19
                    text run at (306,1) width 4 RTL: "."
                    text run at (310,1) width 81: "Normal table"
          RenderTable {TABLE} at (190,170) size 400x29 [border: (2px solid #0000FF)]
            RenderTableSection {TBODY} at (2,2) size 396x25
              RenderTableRow {TR} at (0,2) size 396x21
                RenderTableCell {TD} at (2,2) size 392x21 [r=0 c=0 rs=1 cs=1]
                  RenderText {#text} at (259,1) size 132x19
                    text run at (259,1) width 4 RTL: "."
                    text run at (263,1) width 128: "Center aligned table"
          RenderTable {TABLE} at (372,199) size 400x29 [border: (2px solid #0000FF)]
            RenderTableSection {TBODY} at (2,2) size 396x25
              RenderTableRow {TR} at (0,2) size 396x21
                RenderTableCell {TD} at (2,2) size 392x21 [r=0 c=0 rs=1 cs=1]
                  RenderText {#text} at (210,1) size 181x19
                    text run at (210,1) width 9 RTL: ")."
                    text run at (219,1) width 172: "Center table (fixed margins"
        RenderBlock {DIV} at (2,489) size 780x234 [border: (4px solid #008000)]
          RenderBlock {DIV} at (6,6) size 768x27 [border: (2px solid #0000FF)]
            RenderText {#text} at (4,4) size 192x19
              text run at (4,4) width 192: "Normal div inside align=left div"
          RenderBlock {DIV} at (6,33) size 768x27 [border: (2px solid #0000FF)]
            RenderText {#text} at (4,4) size 170x19
              text run at (4,4) width 170: "Left div inside align=left div"
          RenderBlock {DIV} at (6,60) size 768x27 [border: (2px solid #0000FF)]
            RenderText {#text} at (289,4) size 189x19
              text run at (289,4) width 189: "Center div inside align=left div"
          RenderBlock {DIV} at (6,87) size 768x27 [border: (2px solid #0000FF)]
            RenderText {#text} at (585,4) size 179x19
              text run at (585,4) width 179: "Right div inside align=left div"
          RenderBlock {CENTER} at (6,114) size 768x27 [border: (2px solid #0000FF)]
            RenderText {#text} at (288,4) size 191x19
              text run at (288,4) width 191: "Center tag inside align=left div"
          RenderTable {TABLE} at (6,141) size 95x29 [border: (2px solid #0000FF)]
            RenderTableSection {TBODY} at (2,2) size 91x25
              RenderTableRow {TR} at (0,2) size 91x21
                RenderTableCell {TD} at (2,2) size 87x21 [r=0 c=0 rs=1 cs=1]
                  RenderText {#text} at (1,1) size 85x19
                    text run at (1,1) width 4 RTL: "."
                    text run at (5,1) width 81: "Normal table"
          RenderTable {TABLE} at (319,170) size 142x29 [border: (2px solid #0000FF)]
            RenderTableSection {TBODY} at (2,2) size 138x25
              RenderTableRow {TR} at (0,2) size 138x21
                RenderTableCell {TD} at (2,2) size 134x21 [r=0 c=0 rs=1 cs=1]
                  RenderText {#text} at (1,1) size 132x19
                    text run at (1,1) width 4 RTL: "."
                    text run at (5,1) width 128: "Center aligned table"
          RenderTable {TABLE} at (8,199) size 191x29 [border: (2px solid #0000FF)]
            RenderTableSection {TBODY} at (2,2) size 187x25
              RenderTableRow {TR} at (0,2) size 187x21
                RenderTableCell {TD} at (2,2) size 183x21 [r=0 c=0 rs=1 cs=1]
                  RenderText {#text} at (1,1) size 181x19
                    text run at (1,1) width 9 RTL: ")."
                    text run at (10,1) width 172: "Center table (fixed margins"
        RenderBlock {DIV} at (2,723) size 780x234 [border: (4px solid #800080)]
          RenderBlock {DIV} at (6,6) size 408x27 [border: (2px solid #0000FF)]
            RenderText {#text} at (4,4) size 263x19
              text run at (4,4) width 263: "Normal fixed width div inside align=left div"
          RenderBlock {DIV} at (6,33) size 408x27 [border: (2px solid #0000FF)]
            RenderText {#text} at (4,4) size 241x19
              text run at (4,4) width 241: "Left fixed width div inside align=left div"
          RenderBlock {DIV} at (6,60) size 408x27 [border: (2px solid #0000FF)]
            RenderText {#text} at (74,4) size 260x19
              text run at (74,4) width 260: "Center fixed width div inside align=left div"
          RenderBlock {DIV} at (6,87) size 408x27 [border: (2px solid #0000FF)]
            RenderText {#text} at (154,4) size 250x19
              text run at (154,4) width 250: "Right fixed width div inside align=left div"
          RenderBlock {CENTER} at (6,114) size 408x27 [border: (2px solid #0000FF)]
            RenderText {#text} at (68,4) size 272x19
              text run at (68,4) width 272: "Center tag (fixed width) inside align=left div"
          RenderTable {TABLE} at (6,141) size 400x29 [border: (2px solid #0000FF)]
            RenderTableSection {TBODY} at (2,2) size 396x25
              RenderTableRow {TR} at (0,2) size 396x21
                RenderTableCell {TD} at (2,2) size 392x21 [r=0 c=0 rs=1 cs=1]
                  RenderText {#text} at (306,1) size 85x19
                    text run at (306,1) width 4 RTL: "."
                    text run at (310,1) width 81: "Normal table"
          RenderTable {TABLE} at (190,170) size 400x29 [border: (2px solid #0000FF)]
            RenderTableSection {TBODY} at (2,2) size 396x25
              RenderTableRow {TR} at (0,2) size 396x21
                RenderTableCell {TD} at (2,2) size 392x21 [r=0 c=0 rs=1 cs=1]
                  RenderText {#text} at (259,1) size 132x19
                    text run at (259,1) width 4 RTL: "."
                    text run at (263,1) width 128: "Center aligned table"
          RenderTable {TABLE} at (8,199) size 400x29 [border: (2px solid #0000FF)]
            RenderTableSection {TBODY} at (2,2) size 396x25
              RenderTableRow {TR} at (0,2) size 396x21
                RenderTableCell {TD} at (2,2) size 392x21 [r=0 c=0 rs=1 cs=1]
                  RenderText {#text} at (210,1) size 181x19
                    text run at (210,1) width 9 RTL: ")."
                    text run at (219,1) width 172: "Center table (fixed margins"
        RenderBlock {DIV} at (2,957) size 780x234 [border: (4px solid #008000)]
          RenderBlock {DIV} at (6,6) size 768x27 [border: (2px solid #0000FF)]
            RenderText {#text} at (275,4) size 217x19
              text run at (275,4) width 217: "Normal div inside align= center div"
          RenderBlock {DIV} at (6,33) size 768x27 [border: (2px solid #0000FF)]
            RenderText {#text} at (4,4) size 191x19
              text run at (4,4) width 191: "Left div inside align=center div"
          RenderBlock {DIV} at (6,60) size 768x27 [border: (2px solid #0000FF)]
            RenderText {#text} at (279,4) size 210x19
              text run at (279,4) width 210: "Center div inside align=center div"
          RenderBlock {DIV} at (6,87) size 768x27 [border: (2px solid #0000FF)]
            RenderText {#text} at (564,4) size 200x19
              text run at (564,4) width 200: "Right div inside align=center div"
          RenderBlock {CENTER} at (6,114) size 768x27 [border: (2px solid #0000FF)]
            RenderText {#text} at (278,4) size 212x19
              text run at (278,4) width 212: "Center tag inside align=center div"
          RenderTable {TABLE} at (342,141) size 95x29 [border: (2px solid #0000FF)]
            RenderTableSection {TBODY} at (2,2) size 91x25
              RenderTableRow {TR} at (0,2) size 91x21
                RenderTableCell {TD} at (2,2) size 87x21 [r=0 c=0 rs=1 cs=1]
                  RenderText {#text} at (1,1) size 85x19
                    text run at (1,1) width 4 RTL: "."
                    text run at (5,1) width 81: "Normal table"
          RenderTable {TABLE} at (319,170) size 142x29 [border: (2px solid #0000FF)]
            RenderTableSection {TBODY} at (2,2) size 138x25
              RenderTableRow {TR} at (0,2) size 138x21
                RenderTableCell {TD} at (2,2) size 134x21 [r=0 c=0 rs=1 cs=1]
                  RenderText {#text} at (1,1) size 132x19
                    text run at (1,1) width 4 RTL: "."
                    text run at (5,1) width 128: "Center aligned table"
          RenderTable {TABLE} at (294,199) size 191x29 [border: (2px solid #0000FF)]
            RenderTableSection {TBODY} at (2,2) size 187x25
              RenderTableRow {TR} at (0,2) size 187x21
                RenderTableCell {TD} at (2,2) size 183x21 [r=0 c=0 rs=1 cs=1]
                  RenderText {#text} at (1,1) size 181x19
                    text run at (1,1) width 9 RTL: ")."
                    text run at (10,1) width 172: "Center table (fixed margins"
        RenderBlock {DIV} at (2,1191) size 780x234 [border: (4px solid #800080)]
          RenderBlock {DIV} at (186,6) size 408x27 [border: (2px solid #0000FF)]
            RenderText {#text} at (62,4) size 284x19
              text run at (62,4) width 284: "Normal fixed width div inside align=center div"
          RenderBlock {DIV} at (186,33) size 408x27 [border: (2px solid #0000FF)]
            RenderText {#text} at (4,4) size 262x19
              text run at (4,4) width 262: "Left fixed width div inside align=center div"
          RenderBlock {DIV} at (186,60) size 408x27 [border: (2px solid #0000FF)]
            RenderText {#text} at (63,4) size 281x19
              text run at (63,4) width 281: "Center fixed width div inside align=center div"
          RenderBlock {DIV} at (186,87) size 408x27 [border: (2px solid #0000FF)]
            RenderText {#text} at (133,4) size 271x19
              text run at (133,4) width 271: "Right fixed width div inside align=center div"
          RenderBlock {CENTER} at (186,114) size 408x27 [border: (2px solid #0000FF)]
            RenderText {#text} at (57,4) size 293x19
              text run at (57,4) width 293: "Center tag (fixed width) inside align=center div"
          RenderTable {TABLE} at (190,141) size 400x29 [border: (2px solid #0000FF)]
            RenderTableSection {TBODY} at (2,2) size 396x25
              RenderTableRow {TR} at (0,2) size 396x21
                RenderTableCell {TD} at (2,2) size 392x21 [r=0 c=0 rs=1 cs=1]
                  RenderText {#text} at (306,1) size 85x19
                    text run at (306,1) width 4 RTL: "."
                    text run at (310,1) width 81: "Normal table"
          RenderTable {TABLE} at (190,170) size 400x29 [border: (2px solid #0000FF)]
            RenderTableSection {TBODY} at (2,2) size 396x25
              RenderTableRow {TR} at (0,2) size 396x21
                RenderTableCell {TD} at (2,2) size 392x21 [r=0 c=0 rs=1 cs=1]
                  RenderText {#text} at (259,1) size 132x19
                    text run at (259,1) width 4 RTL: "."
                    text run at (263,1) width 128: "Center aligned table"
          RenderTable {TABLE} at (190,199) size 400x29 [border: (2px solid #0000FF)]
            RenderTableSection {TBODY} at (2,2) size 396x25
              RenderTableRow {TR} at (0,2) size 396x21
                RenderTableCell {TD} at (2,2) size 392x21 [r=0 c=0 rs=1 cs=1]
                  RenderText {#text} at (210,1) size 181x19
                    text run at (210,1) width 9 RTL: ")."
                    text run at (219,1) width 172: "Center table (fixed margins"
        RenderBlock {DIV} at (2,1425) size 780x234 [border: (4px solid #008000)]
          RenderBlock {DIV} at (6,6) size 768x27 [border: (2px solid #0000FF)]
            RenderText {#text} at (563,4) size 201x19
              text run at (563,4) width 201: "Normal div inside align=right div"
          RenderBlock {DIV} at (6,33) size 768x27 [border: (2px solid #0000FF)]
            RenderText {#text} at (4,4) size 179x19
              text run at (4,4) width 179: "Left div inside align=right div"
          RenderBlock {DIV} at (6,60) size 768x27 [border: (2px solid #0000FF)]
            RenderText {#text} at (285,4) size 198x19
              text run at (285,4) width 198: "Center div inside align=right div"
          RenderBlock {DIV} at (6,87) size 768x27 [border: (2px solid #0000FF)]
            RenderText {#text} at (576,4) size 188x19
              text run at (576,4) width 188: "Right div inside align=right div"
          RenderBlock {CENTER} at (6,114) size 768x27 [border: (2px solid #0000FF)]
            RenderText {#text} at (284,4) size 200x19
              text run at (284,4) width 200: "Center tag inside align=right div"
          RenderTable {TABLE} at (679,141) size 95x29 [border: (2px solid #0000FF)]
            RenderTableSection {TBODY} at (2,2) size 91x25
              RenderTableRow {TR} at (0,2) size 91x21
                RenderTableCell {TD} at (2,2) size 87x21 [r=0 c=0 rs=1 cs=1]
                  RenderText {#text} at (1,1) size 85x19
                    text run at (1,1) width 4 RTL: "."
                    text run at (5,1) width 81: "Normal table"
          RenderTable {TABLE} at (319,170) size 142x29 [border: (2px solid #0000FF)]
            RenderTableSection {TBODY} at (2,2) size 138x25
              RenderTableRow {TR} at (0,2) size 138x21
                RenderTableCell {TD} at (2,2) size 134x21 [r=0 c=0 rs=1 cs=1]
                  RenderText {#text} at (1,1) size 132x19
                    text run at (1,1) width 4 RTL: "."
                    text run at (5,1) width 128: "Center aligned table"
          RenderTable {TABLE} at (581,199) size 191x29 [border: (2px solid #0000FF)]
            RenderTableSection {TBODY} at (2,2) size 187x25
              RenderTableRow {TR} at (0,2) size 187x21
                RenderTableCell {TD} at (2,2) size 183x21 [r=0 c=0 rs=1 cs=1]
                  RenderText {#text} at (1,1) size 181x19
                    text run at (1,1) width 9 RTL: ")."
                    text run at (10,1) width 172: "Center table (fixed margins"
        RenderBlock {DIV} at (2,1659) size 780x234 [border: (4px solid #800080)]
          RenderBlock {DIV} at (366,6) size 408x27 [border: (2px solid #0000FF)]
            RenderText {#text} at (132,4) size 272x19
              text run at (132,4) width 272: "Normal fixed width div inside align=right div"
          RenderBlock {DIV} at (366,33) size 408x27 [border: (2px solid #0000FF)]
            RenderText {#text} at (4,4) size 250x19
              text run at (4,4) width 250: "Left fixed width div inside align=right div"
          RenderBlock {DIV} at (366,60) size 408x27 [border: (2px solid #0000FF)]
            RenderText {#text} at (69,4) size 269x19
              text run at (69,4) width 269: "Center fixed width div inside align=right div"
          RenderBlock {DIV} at (366,87) size 408x27 [border: (2px solid #0000FF)]
            RenderText {#text} at (145,4) size 259x19
              text run at (145,4) width 259: "Right fixed width div inside align=right div"
          RenderBlock {CENTER} at (366,114) size 408x27 [border: (2px solid #0000FF)]
            RenderText {#text} at (63,4) size 281x19
              text run at (63,4) width 281: "Center tag (fixed width) inside align=right div"
          RenderTable {TABLE} at (374,141) size 400x29 [border: (2px solid #0000FF)]
            RenderTableSection {TBODY} at (2,2) size 396x25
              RenderTableRow {TR} at (0,2) size 396x21
                RenderTableCell {TD} at (2,2) size 392x21 [r=0 c=0 rs=1 cs=1]
                  RenderText {#text} at (306,1) size 85x19
                    text run at (306,1) width 4 RTL: "."
                    text run at (310,1) width 81: "Normal table"
          RenderTable {TABLE} at (190,170) size 400x29 [border: (2px solid #0000FF)]
            RenderTableSection {TBODY} at (2,2) size 396x25
              RenderTableRow {TR} at (0,2) size 396x21
                RenderTableCell {TD} at (2,2) size 392x21 [r=0 c=0 rs=1 cs=1]
                  RenderText {#text} at (259,1) size 132x19
                    text run at (259,1) width 4 RTL: "."
                    text run at (263,1) width 128: "Center aligned table"
          RenderTable {TABLE} at (372,199) size 400x29 [border: (2px solid #0000FF)]
            RenderTableSection {TBODY} at (2,2) size 396x25
              RenderTableRow {TR} at (0,2) size 396x21
                RenderTableCell {TD} at (2,2) size 392x21 [r=0 c=0 rs=1 cs=1]
                  RenderText {#text} at (210,1) size 181x19
                    text run at (210,1) width 9 RTL: ")."
                    text run at (219,1) width 172: "Center table (fixed margins"
        RenderBlock {P} at (2,1907) size 780x19
          RenderText {#text} at (422,0) size 358x19
            text run at (422,0) width 9 RTL: ")."
            text run at (431,0) width 349: "This is a test using TABLE cells (all in the RTL direction"
        RenderTable {TABLE} at (2,1940) size 780x240 [border: (2px solid #0000FF)]
          RenderTableSection {TBODY} at (2,2) size 776x236
            RenderTableRow {TR} at (0,2) size 776x232
              RenderTableCell {TD} at (2,2) size 772x232 [border: (4px solid #008000)] [r=0 c=0 rs=1 cs=1]
                RenderBlock {DIV} at (5,5) size 762x27 [border: (2px solid #0000FF)]
                  RenderText {#text} at (585,4) size 173x19
                    text run at (585,4) width 173: "Normal div inside normal td"
                RenderBlock {DIV} at (5,32) size 762x27 [border: (2px solid #0000FF)]
                  RenderText {#text} at (4,4) size 151x19
                    text run at (4,4) width 151: "Left div inside normal td"
                RenderBlock {DIV} at (5,59) size 762x27 [border: (2px solid #0000FF)]
                  RenderText {#text} at (296,4) size 170x19
                    text run at (296,4) width 170: "Center div inside normal td"
                RenderBlock {DIV} at (5,86) size 762x27 [border: (2px solid #0000FF)]
                  RenderText {#text} at (598,4) size 160x19
                    text run at (598,4) width 160: "Right div inside normal td"
                RenderBlock {CENTER} at (5,113) size 762x27 [border: (2px solid #0000FF)]
                  RenderText {#text} at (295,4) size 172x19
                    text run at (295,4) width 172: "Center tag inside normal td"
                RenderTable {TABLE} at (672,140) size 95x29 [border: (2px solid #0000FF)]
                  RenderTableSection {TBODY} at (2,2) size 91x25
                    RenderTableRow {TR} at (0,2) size 91x21
                      RenderTableCell {TD} at (2,2) size 87x21 [r=0 c=0 rs=1 cs=1]
                        RenderText {#text} at (1,1) size 85x19
                          text run at (1,1) width 4 RTL: "."
                          text run at (5,1) width 81: "Normal table"
                RenderTable {TABLE} at (315,169) size 142x29 [border: (2px solid #0000FF)]
                  RenderTableSection {TBODY} at (2,2) size 138x25
                    RenderTableRow {TR} at (0,2) size 138x21
                      RenderTableCell {TD} at (2,2) size 134x21 [r=0 c=0 rs=1 cs=1]
                        RenderText {#text} at (1,1) size 132x19
                          text run at (1,1) width 4 RTL: "."
                          text run at (5,1) width 128: "Center aligned table"
                RenderTable {TABLE} at (574,198) size 191x29 [border: (2px solid #0000FF)]
                  RenderTableSection {TBODY} at (2,2) size 187x25
                    RenderTableRow {TR} at (0,2) size 187x21
                      RenderTableCell {TD} at (2,2) size 183x21 [r=0 c=0 rs=1 cs=1]
                        RenderText {#text} at (1,1) size 181x19
                          text run at (1,1) width 9 RTL: ")."
                          text run at (10,1) width 172: "Center table (fixed margins"
        RenderTable {TABLE} at (2,2180) size 780x240 [border: (2px solid #0000FF)]
          RenderTableSection {TBODY} at (2,2) size 776x236
            RenderTableRow {TR} at (0,2) size 776x232
              RenderTableCell {TD} at (2,2) size 772x232 [border: (4px solid #800080)] [r=0 c=0 rs=1 cs=1]
                RenderBlock {DIV} at (359,5) size 408x27 [border: (2px solid #0000FF)]
                  RenderText {#text} at (160,4) size 244x19
                    text run at (160,4) width 244: "Normal fixed width div inside normal td"
                RenderBlock {DIV} at (359,32) size 408x27 [border: (2px solid #0000FF)]
                  RenderText {#text} at (4,4) size 222x19
                    text run at (4,4) width 222: "Left fixed width div inside normal td"
                RenderBlock {DIV} at (359,59) size 408x27 [border: (2px solid #0000FF)]
                  RenderText {#text} at (83,4) size 241x19
                    text run at (83,4) width 241: "Center fixed width div inside normal td"
                RenderBlock {DIV} at (359,86) size 408x27 [border: (2px solid #0000FF)]
                  RenderText {#text} at (173,4) size 231x19
                    text run at (173,4) width 231: "Right fixed width div inside normal td"
                RenderBlock {CENTER} at (359,113) size 408x27 [border: (2px solid #0000FF)]
                  RenderText {#text} at (77,4) size 253x19
                    text run at (77,4) width 253: "Center tag (fixed width) inside normal td"
                RenderTable {TABLE} at (367,140) size 400x29 [border: (2px solid #0000FF)]
                  RenderTableSection {TBODY} at (2,2) size 396x25
                    RenderTableRow {TR} at (0,2) size 396x21
                      RenderTableCell {TD} at (2,2) size 392x21 [r=0 c=0 rs=1 cs=1]
                        RenderText {#text} at (306,1) size 85x19
                          text run at (306,1) width 4 RTL: "."
                          text run at (310,1) width 81: "Normal table"
                RenderTable {TABLE} at (186,169) size 400x29 [border: (2px solid #0000FF)]
                  RenderTableSection {TBODY} at (2,2) size 396x25
                    RenderTableRow {TR} at (0,2) size 396x21
                      RenderTableCell {TD} at (2,2) size 392x21 [r=0 c=0 rs=1 cs=1]
                        RenderText {#text} at (259,1) size 132x19
                          text run at (259,1) width 4 RTL: "."
                          text run at (263,1) width 128: "Center aligned table"
                RenderTable {TABLE} at (365,198) size 400x29 [border: (2px solid #0000FF)]
                  RenderTableSection {TBODY} at (2,2) size 396x25
                    RenderTableRow {TR} at (0,2) size 396x21
                      RenderTableCell {TD} at (2,2) size 392x21 [r=0 c=0 rs=1 cs=1]
                        RenderText {#text} at (210,1) size 181x19
                          text run at (210,1) width 9 RTL: ")."
                          text run at (219,1) width 172: "Center table (fixed margins"
        RenderTable {TABLE} at (2,2420) size 780x240 [border: (2px solid #0000FF)]
          RenderTableSection {TBODY} at (2,2) size 776x236
            RenderTableRow {TR} at (0,2) size 776x232
              RenderTableCell {TD} at (2,2) size 772x232 [border: (4px solid #008000)] [r=0 c=0 rs=1 cs=1]
                RenderBlock {DIV} at (5,5) size 762x27 [border: (2px solid #0000FF)]
                  RenderText {#text} at (4,4) size 186x19
                    text run at (4,4) width 186: "Normal div inside align=left td"
                RenderBlock {DIV} at (5,32) size 762x27 [border: (2px solid #0000FF)]
                  RenderText {#text} at (4,4) size 164x19
                    text run at (4,4) width 164: "Left div inside align=left td"
                RenderBlock {DIV} at (5,59) size 762x27 [border: (2px solid #0000FF)]
                  RenderText {#text} at (289,4) size 183x19
                    text run at (289,4) width 183: "Center div inside align=left td"
                RenderBlock {DIV} at (5,86) size 762x27 [border: (2px solid #0000FF)]
                  RenderText {#text} at (585,4) size 173x19
                    text run at (585,4) width 173: "Right div inside align=left td"
                RenderBlock {CENTER} at (5,113) size 762x27 [border: (2px solid #0000FF)]
                  RenderText {#text} at (288,4) size 185x19
                    text run at (288,4) width 185: "Center tag inside align=left td"
                RenderTable {TABLE} at (5,140) size 95x29 [border: (2px solid #0000FF)]
                  RenderTableSection {TBODY} at (2,2) size 91x25
                    RenderTableRow {TR} at (0,2) size 91x21
                      RenderTableCell {TD} at (2,2) size 87x21 [r=0 c=0 rs=1 cs=1]
                        RenderText {#text} at (1,1) size 85x19
                          text run at (1,1) width 4 RTL: "."
                          text run at (5,1) width 81: "Normal table"
                RenderTable {TABLE} at (315,169) size 142x29 [border: (2px solid #0000FF)]
                  RenderTableSection {TBODY} at (2,2) size 138x25
                    RenderTableRow {TR} at (0,2) size 138x21
                      RenderTableCell {TD} at (2,2) size 134x21 [r=0 c=0 rs=1 cs=1]
                        RenderText {#text} at (1,1) size 132x19
                          text run at (1,1) width 4 RTL: "."
                          text run at (5,1) width 128: "Center aligned table"
                RenderTable {TABLE} at (7,198) size 191x29 [border: (2px solid #0000FF)]
                  RenderTableSection {TBODY} at (2,2) size 187x25
                    RenderTableRow {TR} at (0,2) size 187x21
                      RenderTableCell {TD} at (2,2) size 183x21 [r=0 c=0 rs=1 cs=1]
                        RenderText {#text} at (1,1) size 181x19
                          text run at (1,1) width 9 RTL: ")."
                          text run at (10,1) width 172: "Center table (fixed margins"
        RenderTable {TABLE} at (2,2660) size 780x240 [border: (2px solid #0000FF)]
          RenderTableSection {TBODY} at (2,2) size 776x236
            RenderTableRow {TR} at (0,2) size 776x232
              RenderTableCell {TD} at (2,2) size 772x232 [border: (4px solid #800080)] [r=0 c=0 rs=1 cs=1]
                RenderBlock {DIV} at (5,5) size 408x27 [border: (2px solid #0000FF)]
                  RenderText {#text} at (4,4) size 257x19
                    text run at (4,4) width 257: "Normal fixed width div inside align=left td"
                RenderBlock {DIV} at (5,32) size 408x27 [border: (2px solid #0000FF)]
                  RenderText {#text} at (4,4) size 235x19
                    text run at (4,4) width 235: "Left fixed width div inside align=left td"
                RenderBlock {DIV} at (5,59) size 408x27 [border: (2px solid #0000FF)]
                  RenderText {#text} at (77,4) size 254x19
                    text run at (77,4) width 254: "Center fixed width div inside align=left td"
                RenderBlock {DIV} at (5,86) size 408x27 [border: (2px solid #0000FF)]
                  RenderText {#text} at (160,4) size 244x19
                    text run at (160,4) width 244: "Right fixed width div inside align=left td"
                RenderBlock {CENTER} at (5,113) size 408x27 [border: (2px solid #0000FF)]
                  RenderText {#text} at (71,4) size 266x19
                    text run at (71,4) width 266: "Center tag (fixed width) inside align=left td"
                RenderTable {TABLE} at (5,140) size 400x29 [border: (2px solid #0000FF)]
                  RenderTableSection {TBODY} at (2,2) size 396x25
                    RenderTableRow {TR} at (0,2) size 396x21
                      RenderTableCell {TD} at (2,2) size 392x21 [r=0 c=0 rs=1 cs=1]
                        RenderText {#text} at (306,1) size 85x19
                          text run at (306,1) width 4 RTL: "."
                          text run at (310,1) width 81: "Normal table"
                RenderTable {TABLE} at (186,169) size 400x29 [border: (2px solid #0000FF)]
                  RenderTableSection {TBODY} at (2,2) size 396x25
                    RenderTableRow {TR} at (0,2) size 396x21
                      RenderTableCell {TD} at (2,2) size 392x21 [r=0 c=0 rs=1 cs=1]
                        RenderText {#text} at (259,1) size 132x19
                          text run at (259,1) width 4 RTL: "."
                          text run at (263,1) width 128: "Center aligned table"
                RenderTable {TABLE} at (7,198) size 400x29 [border: (2px solid #0000FF)]
                  RenderTableSection {TBODY} at (2,2) size 396x25
                    RenderTableRow {TR} at (0,2) size 396x21
                      RenderTableCell {TD} at (2,2) size 392x21 [r=0 c=0 rs=1 cs=1]
                        RenderText {#text} at (210,1) size 181x19
                          text run at (210,1) width 9 RTL: ")."
                          text run at (219,1) width 172: "Center table (fixed margins"
        RenderTable {TABLE} at (2,2900) size 780x240 [border: (2px solid #0000FF)]
          RenderTableSection {TBODY} at (2,2) size 776x236
            RenderTableRow {TR} at (0,2) size 776x232
              RenderTableCell {TD} at (2,2) size 772x232 [border: (4px solid #008000)] [r=0 c=0 rs=1 cs=1]
                RenderBlock {DIV} at (5,5) size 762x27 [border: (2px solid #0000FF)]
                  RenderText {#text} at (275,4) size 211x19
                    text run at (275,4) width 211: "Normal div inside align= center td"
                RenderBlock {DIV} at (5,32) size 762x27 [border: (2px solid #0000FF)]
                  RenderText {#text} at (4,4) size 185x19
                    text run at (4,4) width 185: "Left div inside align=center td"
                RenderBlock {DIV} at (5,59) size 762x27 [border: (2px solid #0000FF)]
                  RenderText {#text} at (279,4) size 204x19
                    text run at (279,4) width 204: "Center div inside align=center td"
                RenderBlock {DIV} at (5,86) size 762x27 [border: (2px solid #0000FF)]
                  RenderText {#text} at (564,4) size 194x19
                    text run at (564,4) width 194: "Right div inside align=center td"
                RenderBlock {CENTER} at (5,113) size 762x27 [border: (2px solid #0000FF)]
                  RenderText {#text} at (278,4) size 206x19
                    text run at (278,4) width 206: "Center tag inside align=center td"
                RenderTable {TABLE} at (338,140) size 95x29 [border: (2px solid #0000FF)]
                  RenderTableSection {TBODY} at (2,2) size 91x25
                    RenderTableRow {TR} at (0,2) size 91x21
                      RenderTableCell {TD} at (2,2) size 87x21 [r=0 c=0 rs=1 cs=1]
                        RenderText {#text} at (1,1) size 85x19
                          text run at (1,1) width 4 RTL: "."
                          text run at (5,1) width 81: "Normal table"
                RenderTable {TABLE} at (315,169) size 142x29 [border: (2px solid #0000FF)]
                  RenderTableSection {TBODY} at (2,2) size 138x25
                    RenderTableRow {TR} at (0,2) size 138x21
                      RenderTableCell {TD} at (2,2) size 134x21 [r=0 c=0 rs=1 cs=1]
                        RenderText {#text} at (1,1) size 132x19
                          text run at (1,1) width 4 RTL: "."
                          text run at (5,1) width 128: "Center aligned table"
                RenderTable {TABLE} at (290,198) size 191x29 [border: (2px solid #0000FF)]
                  RenderTableSection {TBODY} at (2,2) size 187x25
                    RenderTableRow {TR} at (0,2) size 187x21
                      RenderTableCell {TD} at (2,2) size 183x21 [r=0 c=0 rs=1 cs=1]
                        RenderText {#text} at (1,1) size 181x19
                          text run at (1,1) width 9 RTL: ")."
                          text run at (10,1) width 172: "Center table (fixed margins"
        RenderTable {TABLE} at (2,3140) size 780x240 [border: (2px solid #0000FF)]
          RenderTableSection {TBODY} at (2,2) size 776x236
            RenderTableRow {TR} at (0,2) size 776x232
              RenderTableCell {TD} at (2,2) size 772x232 [border: (4px solid #800080)] [r=0 c=0 rs=1 cs=1]
                RenderBlock {DIV} at (182,5) size 408x27 [border: (2px solid #0000FF)]
                  RenderText {#text} at (65,4) size 278x19
                    text run at (65,4) width 278: "Normal fixed width div inside align=center td"
                RenderBlock {DIV} at (182,32) size 408x27 [border: (2px solid #0000FF)]
                  RenderText {#text} at (4,4) size 256x19
                    text run at (4,4) width 256: "Left fixed width div inside align=center td"
                RenderBlock {DIV} at (182,59) size 408x27 [border: (2px solid #0000FF)]
                  RenderText {#text} at (66,4) size 275x19
                    text run at (66,4) width 275: "Center fixed width div inside align=center td"
                RenderBlock {DIV} at (182,86) size 408x27 [border: (2px solid #0000FF)]
                  RenderText {#text} at (139,4) size 265x19
                    text run at (139,4) width 265: "Right fixed width div inside align=center td"
                RenderBlock {CENTER} at (182,113) size 408x27 [border: (2px solid #0000FF)]
                  RenderText {#text} at (60,4) size 287x19
                    text run at (60,4) width 287: "Center tag (fixed width) inside align=center td"
                RenderTable {TABLE} at (186,140) size 400x29 [border: (2px solid #0000FF)]
                  RenderTableSection {TBODY} at (2,2) size 396x25
                    RenderTableRow {TR} at (0,2) size 396x21
                      RenderTableCell {TD} at (2,2) size 392x21 [r=0 c=0 rs=1 cs=1]
                        RenderText {#text} at (306,1) size 85x19
                          text run at (306,1) width 4 RTL: "."
                          text run at (310,1) width 81: "Normal table"
                RenderTable {TABLE} at (186,169) size 400x29 [border: (2px solid #0000FF)]
                  RenderTableSection {TBODY} at (2,2) size 396x25
                    RenderTableRow {TR} at (0,2) size 396x21
                      RenderTableCell {TD} at (2,2) size 392x21 [r=0 c=0 rs=1 cs=1]
                        RenderText {#text} at (259,1) size 132x19
                          text run at (259,1) width 4 RTL: "."
                          text run at (263,1) width 128: "Center aligned table"
                RenderTable {TABLE} at (186,198) size 400x29 [border: (2px solid #0000FF)]
                  RenderTableSection {TBODY} at (2,2) size 396x25
                    RenderTableRow {TR} at (0,2) size 396x21
                      RenderTableCell {TD} at (2,2) size 392x21 [r=0 c=0 rs=1 cs=1]
                        RenderText {#text} at (210,1) size 181x19
                          text run at (210,1) width 9 RTL: ")."
                          text run at (219,1) width 172: "Center table (fixed margins"
        RenderTable {TABLE} at (2,3380) size 780x240 [border: (2px solid #0000FF)]
          RenderTableSection {TBODY} at (2,2) size 776x236
            RenderTableRow {TR} at (0,2) size 776x232
              RenderTableCell {TD} at (2,2) size 772x232 [border: (4px solid #008000)] [r=0 c=0 rs=1 cs=1]
                RenderBlock {DIV} at (5,5) size 762x27 [border: (2px solid #0000FF)]
                  RenderText {#text} at (563,4) size 195x19
                    text run at (563,4) width 195: "Normal div inside align=right td"
                RenderBlock {DIV} at (5,32) size 762x27 [border: (2px solid #0000FF)]
                  RenderText {#text} at (4,4) size 173x19
                    text run at (4,4) width 173: "Left div inside align=right td"
                RenderBlock {DIV} at (5,59) size 762x27 [border: (2px solid #0000FF)]
                  RenderText {#text} at (285,4) size 192x19
                    text run at (285,4) width 192: "Center div inside align=right td"
                RenderBlock {DIV} at (5,86) size 762x27 [border: (2px solid #0000FF)]
                  RenderText {#text} at (576,4) size 182x19
                    text run at (576,4) width 182: "Right div inside align=right td"
                RenderBlock {CENTER} at (5,113) size 762x27 [border: (2px solid #0000FF)]
                  RenderText {#text} at (284,4) size 194x19
                    text run at (284,4) width 194: "Center tag inside align=right td"
                RenderTable {TABLE} at (672,140) size 95x29 [border: (2px solid #0000FF)]
                  RenderTableSection {TBODY} at (2,2) size 91x25
                    RenderTableRow {TR} at (0,2) size 91x21
                      RenderTableCell {TD} at (2,2) size 87x21 [r=0 c=0 rs=1 cs=1]
                        RenderText {#text} at (1,1) size 85x19
                          text run at (1,1) width 4 RTL: "."
                          text run at (5,1) width 81: "Normal table"
                RenderTable {TABLE} at (315,169) size 142x29 [border: (2px solid #0000FF)]
                  RenderTableSection {TBODY} at (2,2) size 138x25
                    RenderTableRow {TR} at (0,2) size 138x21
                      RenderTableCell {TD} at (2,2) size 134x21 [r=0 c=0 rs=1 cs=1]
                        RenderText {#text} at (1,1) size 132x19
                          text run at (1,1) width 4 RTL: "."
                          text run at (5,1) width 128: "Center aligned table"
                RenderTable {TABLE} at (574,198) size 191x29 [border: (2px solid #0000FF)]
                  RenderTableSection {TBODY} at (2,2) size 187x25
                    RenderTableRow {TR} at (0,2) size 187x21
                      RenderTableCell {TD} at (2,2) size 183x21 [r=0 c=0 rs=1 cs=1]
                        RenderText {#text} at (1,1) size 181x19
                          text run at (1,1) width 9 RTL: ")."
                          text run at (10,1) width 172: "Center table (fixed margins"
        RenderTable {TABLE} at (2,3620) size 780x240 [border: (2px solid #0000FF)]
          RenderTableSection {TBODY} at (2,2) size 776x236
            RenderTableRow {TR} at (0,2) size 776x232
              RenderTableCell {TD} at (2,2) size 772x232 [border: (4px solid #800080)] [r=0 c=0 rs=1 cs=1]
                RenderBlock {DIV} at (359,5) size 408x27 [border: (2px solid #0000FF)]
                  RenderText {#text} at (138,4) size 266x19
                    text run at (138,4) width 266: "Normal fixed width div inside align=right td"
                RenderBlock {DIV} at (359,32) size 408x27 [border: (2px solid #0000FF)]
                  RenderText {#text} at (4,4) size 244x19
                    text run at (4,4) width 244: "Left fixed width div inside align=right td"
                RenderBlock {DIV} at (359,59) size 408x27 [border: (2px solid #0000FF)]
                  RenderText {#text} at (72,4) size 263x19
                    text run at (72,4) width 263: "Center fixed width div inside align=right td"
                RenderBlock {DIV} at (359,86) size 408x27 [border: (2px solid #0000FF)]
                  RenderText {#text} at (151,4) size 253x19
                    text run at (151,4) width 253: "Right fixed width div inside align=right td"
                RenderBlock {CENTER} at (359,113) size 408x27 [border: (2px solid #0000FF)]
                  RenderText {#text} at (66,4) size 275x19
                    text run at (66,4) width 275: "Center tag (fixed width) inside align=right td"
                RenderTable {TABLE} at (367,140) size 400x29 [border: (2px solid #0000FF)]
                  RenderTableSection {TBODY} at (2,2) size 396x25
                    RenderTableRow {TR} at (0,2) size 396x21
                      RenderTableCell {TD} at (2,2) size 392x21 [r=0 c=0 rs=1 cs=1]
                        RenderText {#text} at (306,1) size 85x19
                          text run at (306,1) width 4 RTL: "."
                          text run at (310,1) width 81: "Normal table"
                RenderTable {TABLE} at (186,169) size 400x29 [border: (2px solid #0000FF)]
                  RenderTableSection {TBODY} at (2,2) size 396x25
                    RenderTableRow {TR} at (0,2) size 396x21
                      RenderTableCell {TD} at (2,2) size 392x21 [r=0 c=0 rs=1 cs=1]
                        RenderText {#text} at (259,1) size 132x19
                          text run at (259,1) width 4 RTL: "."
                          text run at (263,1) width 128: "Center aligned table"
                RenderTable {TABLE} at (365,198) size 400x29 [border: (2px solid #0000FF)]
                  RenderTableSection {TBODY} at (2,2) size 396x25
                    RenderTableRow {TR} at (0,2) size 396x21
                      RenderTableCell {TD} at (2,2) size 392x21 [r=0 c=0 rs=1 cs=1]
                        RenderText {#text} at (210,1) size 181x19
                          text run at (210,1) width 9 RTL: ")."
                          text run at (219,1) width 172: "Center table (fixed margins"
