layer at (0,0) size 800x600
  RenderView at (0,0) size 800x600
layer at (0,0) size 800x243
  RenderBlock {HTML} at (0,0) size 800x243
    RenderBody {BODY} at (8,14) size 784x215
      RenderBlock {P} at (0,0) size 784x19
        RenderText {#text} at (0,0) size 273x19
          text run at (0,0) width 273: "This <hr width=\"25%\"> should be centered:"
      RenderBlock {HR} at (293,33) size 198x2 [border: (1px inset #000000)]
      RenderBlock {P} at (0,49) size 784x19
        RenderText {#text} at (0,0) size 199x19
          text run at (0,0) width 199: "This one should be left-aligned."
      RenderBlock {HR} at (0,82) size 198x2 [border: (1px inset #000000)]
      RenderBlock {P} at (0,98) size 784x19
        RenderText {#text} at (0,0) size 208x19
          text run at (0,0) width 208: "This one should be right-aligned."
      RenderBlock {HR} at (586,131) size 198x2 [border: (1px inset #000000)]
      RenderBlock {P} at (0,147) size 784x19
        RenderText {#text} at (0,0) size 185x19
          text run at (0,0) width 185: "This one should be centered."
      RenderBlock {HR} at (293,180) size 198x2 [border: (1px inset #000000)]
      RenderBlock {P} at (0,196) size 784x19
        RenderText {#text} at (0,0) size 49x19
          text run at (0,0) width 49: "(W3C: \x{201C}"
        RenderInline {A} at (0,0) size 197x19 [color=#0000EE]
          RenderText {#text} at (49,0) size 197x19
            text run at (49,0) width 197: "By default, the rule is centered."
        RenderText {#text} at (246,0) size 10x19
          text run at (246,0) width 10: "\x{201D})"
