layer at (0,0) size 800x600
  RenderView at (0,0) size 800x600
layer at (0,0) size 800x600
  RenderBlock {HTML} at (0,0) size 800x600
    RenderBody {BODY} at (8,8) size 784x578
      RenderBlock {DIV} at (0,0) size 784x52
        RenderBlock (anonymous) at (0,0) size 784x19
          RenderText {#text} at (0,0) size 9x19
            text run at (0,0) width 9: "A"
          RenderText {#text} at (9,0) size 10x19
            text run at (9,0) width 10: "C"
        RenderBlock {P} at (0,33) size 784x0
        RenderBlock {DIV} at (0,33) size 784x19
          RenderBlock (anonymous) at (0,0) size 784x19
            RenderText {#text} at (100,0) size 13x19
              text run at (100,0) width 13: "A "
            RenderBlock (floating) {SPAN} at (0,0) size 100x100 [bgcolor=#008000]
            RenderText {#text} at (113,0) size 9x19
              text run at (113,0) width 9: "B"
          RenderBlock {P} at (0,33) size 784x0
