layer at (0,0) size 800x600
  RenderView at (0,0) size 800x600
layer at (0,0) size 800x600
  RenderBlock {HTML} at (0,0) size 800x600
    RenderBody {BODY} at (8,8) size 784x584
      RenderBlock (anonymous) at (0,0) size 784x19
        RenderText {#text} at (0,0) size 535x19
          text run at (0,0) width 535: "Test script with charset. You should see 44 and degree symbol without any garbage:"
      RenderBlock {DIV} at (0,19) size 784x19
        RenderText {#text} at (0,0) size 21x19
          text run at (0,0) width 21: "44\x{BA}"
      RenderBlock (anonymous) at (0,38) size 784x19
        RenderText {#text} at (0,0) size 614x19
          text run at (0,0) width 614: "Test link rel=stylesheet with charset. You should see 44 and degree symbol without any garbage:"
      RenderBlock {DIV} at (0,57) size 784x19
        RenderInline (generated) at (0,0) size 21x19
          RenderText at (0,0) size 21x19
            text run at (0,0) width 21: "44\x{BA}"
