layer at (0,0) size 800x1171
  RenderView at (0,0) size 800x600
layer at (0,0) size 800x1171
  RenderBlock {HTML} at (0,0) size 800x1171
    RenderBody {BODY} at (8,8) size 784x1150 [bgcolor=#EEEEEE]
      RenderBlock (anonymous) at (0,0) size 784x22
        RenderInline {SPAN} at (0,0) size 170x13
          RenderText {#text} at (0,0) size 0x0
          RenderInline {SPAN} at (0,0) size 170x13
            RenderText {#text} at (0,0) size 0x0
            RenderTable {TABLE} at (0,0) size 170x22
              RenderTableSection {TBODY} at (0,0) size 170x22
                RenderTableRow {TR} at (0,0) size 170x22
                  RenderTableCell {TD} at (0,0) size 104x21 [r=0 c=0 rs=1 cs=1]
                    RenderText {#text} at (1,1) size 102x19
                      text run at (1,1) width 102: "Record Locator:"
                  RenderTableCell {TD} at (104,0) size 66x22 [r=0 c=1 rs=1 cs=1]
                    RenderInline {B} at (0,0) size 64x20
                      RenderText {#text} at (1,1) size 64x20
                        text run at (1,1) width 64: "WHGNSO"
                    RenderText {#text} at (0,0) size 0x0
            RenderText {#text} at (0,0) size 0x0
          RenderText {#text} at (0,0) size 0x0
      RenderBlock (anonymous) at (0,28) size 784x2
        RenderBlock {HR} at (0,0) size 784x2 [border: (1px inset #000000)]
      RenderBlock (anonymous) at (0,36) size 784x48
        RenderInline {SPAN} at (0,0) size 110x45
          RenderInline {SPAN} at (0,0) size 110x45
            RenderText {#text} at (0,0) size 0x0
            RenderInline {SPAN} at (0,0) size 110x22
              RenderText {#text} at (0,0) size 0x0
              RenderImage {IMG} at (0,1) size 53x22
              RenderText {#text} at (53,0) size 57x22
                text run at (53,0) width 4: " "
                text run at (57,0) width 53: "Names"
              RenderBR {BR} at (110,16) size 0x0
            RenderText {#text} at (0,0) size 0x0
            RenderInline {SPAN} at (0,0) size 104x18
              RenderText {#text} at (0,0) size 0x0
              RenderText {#text} at (0,0) size 0x0
            RenderText {#text} at (0,0) size 0x0
          RenderText {#text} at (0,0) size 0x0
      RenderBlock (anonymous) at (0,90) size 784x2
        RenderBlock {HR} at (0,0) size 784x2 [border: (1px inset #000000)]
      RenderBlock (anonymous) at (0,98) size 784x73
        RenderInline {SPAN} at (0,0) size 592x70
          RenderInline {SPAN} at (0,0) size 592x70
            RenderText {#text} at (0,0) size 0x0
            RenderImage {IMG} at (0,3) size 62x20
            RenderText {#text} at (62,3) size 4x18
              text run at (62,3) width 4: " "
            RenderInline {SPAN} at (0,0) size 83x22
              RenderText {#text} at (66,0) size 83x22
                text run at (66,0) width 83: "Addresses"
              RenderBR {BR} at (149,16) size 0x0
            RenderText {#text} at (0,0) size 0x0
            RenderText {#text} at (0,0) size 0x0
          RenderText {#text} at (0,0) size 0x0
      RenderBlock (anonymous) at (0,177) size 784x2
        RenderBlock {HR} at (0,0) size 784x2 [border: (1px inset #000000)]
      RenderBlock (anonymous) at (0,185) size 784x43
        RenderInline {SPAN} at (0,0) size 126x40
          RenderInline {SPAN} at (0,0) size 126x40
            RenderText {#text} at (0,0) size 0x0
            RenderInline {SPAN} at (0,0) size 126x22
              RenderText {#text} at (0,0) size 0x0
              RenderImage {IMG} at (0,1) size 59x22
              RenderText {#text} at (59,0) size 67x22
                text run at (59,0) width 4: " "
                text run at (63,0) width 63: "Phones "
              RenderBR {BR} at (126,16) size 0x0
            RenderText {#text} at (0,0) size 0x0
      RenderBlock (anonymous) at (0,228) size 784x62
      RenderBlock (anonymous) at (0,290) size 784x0
        RenderInline {SPAN} at (0,0) size 0x0
          RenderInline {SPAN} at (0,0) size 0x0
            RenderText {#text} at (0,0) size 0x0
          RenderText {#text} at (0,0) size 0x0
      RenderBlock (anonymous) at (0,296) size 784x2
        RenderBlock {HR} at (0,0) size 784x2 [border: (1px inset #000000)]
      RenderBlock (anonymous) at (0,304) size 784x23
        RenderInline {SPAN} at (0,0) size 128x18
          RenderInline {SPAN} at (0,0) size 128x18
            RenderText {#text} at (0,0) size 0x0
            RenderInline {SPAN} at (0,0) size 128x22
              RenderText {#text} at (0,0) size 0x0
              RenderImage {IMG} at (0,1) size 62x22
              RenderText {#text} at (62,0) size 66x22
                text run at (62,0) width 4: " "
                text run at (66,0) width 62: "Itinerary"
            RenderText {#text} at (0,0) size 0x0
            RenderInline {SPAN} at (0,0) size 0x0
              RenderText {#text} at (0,0) size 0x0
              RenderInline {SPAN} at (0,0) size 0x0
                RenderText {#text} at (0,0) size 0x0
      RenderBlock (anonymous) at (0,327) size 784x63
        RenderTable {TABLE} at (0,0) size 513x63
          RenderTableSection {TBODY} at (0,0) size 513x63
            RenderTableRow {TR} at (0,2) size 513x59
              RenderTableCell {TD} at (2,30) size 2x2 [r=0 c=0 rs=1 cs=1]
              RenderTableCell {TD} at (6,2) size 2x2 [r=0 c=1 rs=1 cs=1]
              RenderTableCell {TD} at (10,20) size 133x22 [r=0 c=2 rs=1 cs=1]
                RenderImage {IMG} at (1,1) size 131x20
                RenderText {#text} at (0,0) size 0x0
              RenderTableCell {TD} at (145,2) size 366x59 [r=0 c=3 rs=1 cs=1]
                RenderText {#text} at (1,1) size 131x19
                  text run at (1,1) width 131: "TUR - Tour Package"
                RenderBR {BR} at (132,15) size 0x0
                RenderText {#text} at (1,20) size 205x19
                  text run at (1,20) width 205: "Date: Sunday, January 12, 2003"
                RenderBR {BR} at (206,34) size 0x0
                RenderText {#text} at (1,39) size 364x19
                  text run at (1,39) width 364: "Comments: -** TICKETLESS CONF CODE IS WHGNSO**"
      RenderBlock (anonymous) at (0,390) size 784x0
        RenderInline {SPAN} at (0,0) size 0x0
          RenderInline {SPAN} at (0,0) size 0x0
            RenderInline {SPAN} at (0,0) size 0x0
              RenderInline {SPAN} at (0,0) size 0x0
              RenderText {#text} at (0,0) size 0x0
      RenderBlock (anonymous) at (0,396) size 784x2
        RenderBlock {HR} at (0,0) size 784x2 [border: (1px inset #000000)]
      RenderBlock (anonymous) at (0,404) size 784x0
        RenderInline {SPAN} at (0,0) size 0x0
          RenderInline {SPAN} at (0,0) size 0x0
            RenderInline {SPAN} at (0,0) size 0x0
              RenderInline {SPAN} at (0,0) size 0x0
                RenderText {#text} at (0,0) size 0x0
      RenderBlock (anonymous) at (0,404) size 784x206
        RenderTable {TABLE} at (0,0) size 636x206
          RenderTableSection {TBODY} at (0,0) size 636x206
            RenderTableRow {TR} at (0,2) size 636x202
              RenderTableCell {TD} at (2,102) size 2x2 [r=0 c=0 rs=1 cs=1]
              RenderTableCell {TD} at (6,2) size 2x2 [r=0 c=1 rs=1 cs=1]
              RenderTableCell {TD} at (10,92) size 80x22 [r=0 c=2 rs=1 cs=1]
                RenderImage {IMG} at (1,1) size 78x20
                RenderText {#text} at (0,0) size 0x0
              RenderTableCell {TD} at (92,2) size 542x202 [r=0 c=3 rs=1 cs=1]
                RenderBlock (anonymous) at (1,1) size 540x133
                  RenderText {#text} at (0,0) size 21x19
                    text run at (0,0) width 21: "Air "
                  RenderBR {BR} at (0,0) size 0x0
                  RenderText {#text} at (0,19) size 434x19
                    text run at (0,19) width 45: "United "
                    text run at (45,19) width 75: "Flight 1187 "
                    text run at (120,19) width 109: "Booking Code:M "
                    text run at (229,19) width 205: "Date: Sunday, January 12, 2003"
                  RenderBR {BR} at (434,33) size 0x0
                  RenderText {#text} at (0,38) size 348x19
                    text run at (0,38) width 348: "From: San Francisco Intl Arpt, San Francisco CA - U.S."
                  RenderBR {BR} at (348,52) size 0x0
                  RenderText {#text} at (0,57) size 361x19
                    text run at (0,57) width 25: "To: "
                    text run at (25,57) width 336: "Burbank Glendale Pasadena Arpt, Burbank CA - U.S."
                  RenderBR {BR} at (361,71) size 0x0
                  RenderText {#text} at (0,76) size 220x19
                    text run at (0,76) width 115: "Departs: 6:05 PM "
                    text run at (115,76) width 105: "Arrives: 7:10 PM"
                  RenderBR {BR} at (220,90) size 0x0
                  RenderText {#text} at (0,95) size 44x19
                    text run at (0,95) width 44: "Status:"
                  RenderInline {SPACE} at (0,0) size 115x38
                    RenderText {#text} at (44,95) size 67x19
                      text run at (44,95) width 67: " confirmed"
                    RenderInline {SPACE} at (0,0) size 115x38
                      RenderText {#text} at (111,95) size 4x19
                        text run at (111,95) width 4: " "
                      RenderBR {BR} at (0,0) size 0x0
                      RenderText {#text} at (0,114) size 40x19
                        text run at (0,114) width 40: "Seats:"
                      RenderBR {BR} at (40,128) size 0x0
                RenderBlock (anonymous) at (1,134) size 540x48
                  RenderTable {TABLE} at (0,0) size 540x48 [border: (1px outset #808080)]
                    RenderTableSection {TBODY} at (1,1) size 538x46
                      RenderTableRow {TR} at (0,0) size 538x23 [bgcolor=#E0E0E0]
                        RenderTableCell {TD} at (0,0) size 86x23 [border: (1px inset #808080)] [r=0 c=0 rs=1 cs=1]
                          RenderText {#text} at (2,2) size 38x19
                            text run at (2,2) width 38: "Name"
                        RenderTableCell {TD} at (86,0) size 33x23 [border: (1px inset #808080)] [r=0 c=1 rs=1 cs=1]
                          RenderText {#text} at (2,2) size 29x19
                            text run at (2,2) width 29: "Seat"
                        RenderTableCell {TD} at (119,0) size 71x23 [border: (1px inset #808080)] [r=0 c=2 rs=1 cs=1]
                          RenderText {#text} at (2,2) size 40x19
                            text run at (2,2) width 40: "Status"
                        RenderTableCell {TD} at (190,0) size 282x23 [border: (1px inset #808080)] [r=0 c=3 rs=1 cs=1]
                          RenderText {#text} at (2,2) size 32x19
                            text run at (2,2) width 32: "Type"
                        RenderTableCell {TD} at (472,0) size 66x23 [border: (1px inset #808080)] [r=0 c=4 rs=1 cs=1]
                          RenderText {#text} at (2,2) size 62x19
                            text run at (2,2) width 62: "Comment"
                      RenderTableRow {TR} at (0,23) size 538x23
                        RenderTableCell {TD} at (0,23) size 86x23 [border: (1px inset #808080)] [r=1 c=0 rs=1 cs=1]
                          RenderText {#text} at (2,2) size 82x19
                            text run at (2,2) width 82: "HAO,SCOTT"
                        RenderTableCell {TD} at (86,23) size 33x23 [border: (1px inset #808080)] [r=1 c=1 rs=1 cs=1]
                          RenderText {#text} at (2,2) size 25x19
                            text run at (2,2) width 25: "08A"
                        RenderTableCell {TD} at (119,23) size 71x23 [border: (1px inset #808080)] [r=1 c=2 rs=1 cs=1]
                          RenderText {#text} at (2,2) size 67x19
                            text run at (2,2) width 67: "confirmed "
                        RenderTableCell {TD} at (190,23) size 282x23 [border: (1px inset #808080)] [r=1 c=3 rs=1 cs=1]
                          RenderText {#text} at (2,2) size 278x19
                            text run at (2,2) width 278: "Non-Smoking, Window Seat, Preferred Seat"
                        RenderTableCell {TD} at (472,23) size 66x23 [border: (1px inset #808080)] [r=1 c=4 rs=1 cs=1]
                          RenderText {#text} at (2,2) size 4x19
                            text run at (2,2) width 4: " "
                RenderBlock (anonymous) at (1,182) size 540x19
                  RenderInline {SPACE} at (0,0) size 0x19
                    RenderInline {SPACE} at (0,0) size 0x19
                      RenderBR {BR} at (0,0) size 0x19
      RenderBlock (anonymous) at (0,610) size 784x0
        RenderInline {SPAN} at (0,0) size 0x0
          RenderInline {SPAN} at (0,0) size 0x0
            RenderInline {SPAN} at (0,0) size 0x0
              RenderInline {SPAN} at (0,0) size 0x0
              RenderText {#text} at (0,0) size 0x0
      RenderBlock (anonymous) at (0,616) size 784x2
        RenderBlock {HR} at (0,0) size 784x2 [border: (1px inset #000000)]
      RenderBlock (anonymous) at (0,624) size 784x0
        RenderInline {SPAN} at (0,0) size 0x0
          RenderInline {SPAN} at (0,0) size 0x0
            RenderInline {SPAN} at (0,0) size 0x0
              RenderInline {SPAN} at (0,0) size 0x0
                RenderText {#text} at (0,0) size 0x0
      RenderBlock (anonymous) at (0,624) size 784x206
        RenderTable {TABLE} at (0,0) size 535x206
          RenderTableSection {TBODY} at (0,0) size 535x206
            RenderTableRow {TR} at (0,2) size 535x202
              RenderTableCell {TD} at (2,102) size 2x2 [r=0 c=0 rs=1 cs=1]
              RenderTableCell {TD} at (6,2) size 2x2 [r=0 c=1 rs=1 cs=1]
              RenderTableCell {TD} at (10,92) size 80x22 [r=0 c=2 rs=1 cs=1]
                RenderImage {IMG} at (1,1) size 78x20
                RenderText {#text} at (0,0) size 0x0
              RenderTableCell {TD} at (92,2) size 441x202 [r=0 c=3 rs=1 cs=1]
                RenderBlock (anonymous) at (1,1) size 439x133
                  RenderText {#text} at (0,0) size 21x19
                    text run at (0,0) width 21: "Air "
                  RenderBR {BR} at (0,0) size 0x0
                  RenderText {#text} at (0,19) size 417x19
                    text run at (0,19) width 45: "United "
                    text run at (45,19) width 67: "Flight 480 "
                    text run at (112,19) width 108: "Booking Code:Q "
                    text run at (220,19) width 197: "Date: Friday, January 24, 2003"
                  RenderBR {BR} at (417,33) size 0x0
                  RenderText {#text} at (0,38) size 378x19
                    text run at (0,38) width 378: "From: Burbank Glendale Pasadena Arpt, Burbank CA - U.S."
                  RenderBR {BR} at (378,52) size 0x0
                  RenderText {#text} at (0,57) size 331x19
                    text run at (0,57) width 25: "To: "
                    text run at (25,57) width 306: "San Francisco Intl Arpt, San Francisco CA - U.S."
                  RenderBR {BR} at (331,71) size 0x0
                  RenderText {#text} at (0,76) size 220x19
                    text run at (0,76) width 115: "Departs: 1:40 PM "
                    text run at (115,76) width 105: "Arrives: 2:50 PM"
                  RenderBR {BR} at (220,90) size 0x0
                  RenderText {#text} at (0,95) size 44x19
                    text run at (0,95) width 44: "Status:"
                  RenderInline {SPACE} at (0,0) size 115x38
                    RenderText {#text} at (44,95) size 67x19
                      text run at (44,95) width 67: " confirmed"
                    RenderInline {SPACE} at (0,0) size 115x38
                      RenderText {#text} at (111,95) size 4x19
                        text run at (111,95) width 4: " "
                      RenderBR {BR} at (0,0) size 0x0
                      RenderText {#text} at (0,114) size 40x19
                        text run at (0,114) width 40: "Seats:"
                      RenderBR {BR} at (40,128) size 0x0
                RenderBlock (anonymous) at (1,134) size 439x48
                  RenderTable {TABLE} at (0,0) size 439x48 [border: (1px outset #808080)]
                    RenderTableSection {TBODY} at (1,1) size 437x46
                      RenderTableRow {TR} at (0,0) size 437x23 [bgcolor=#E0E0E0]
                        RenderTableCell {TD} at (0,0) size 86x23 [border: (1px inset #808080)] [r=0 c=0 rs=1 cs=1]
                          RenderText {#text} at (2,2) size 38x19
                            text run at (2,2) width 38: "Name"
                        RenderTableCell {TD} at (86,0) size 33x23 [border: (1px inset #808080)] [r=0 c=1 rs=1 cs=1]
                          RenderText {#text} at (2,2) size 29x19
                            text run at (2,2) width 29: "Seat"
                        RenderTableCell {TD} at (119,0) size 71x23 [border: (1px inset #808080)] [r=0 c=2 rs=1 cs=1]
                          RenderText {#text} at (2,2) size 40x19
                            text run at (2,2) width 40: "Status"
                        RenderTableCell {TD} at (190,0) size 181x23 [border: (1px inset #808080)] [r=0 c=3 rs=1 cs=1]
                          RenderText {#text} at (2,2) size 32x19
                            text run at (2,2) width 32: "Type"
                        RenderTableCell {TD} at (371,0) size 66x23 [border: (1px inset #808080)] [r=0 c=4 rs=1 cs=1]
                          RenderText {#text} at (2,2) size 62x19
                            text run at (2,2) width 62: "Comment"
                      RenderTableRow {TR} at (0,23) size 437x23
                        RenderTableCell {TD} at (0,23) size 86x23 [border: (1px inset #808080)] [r=1 c=0 rs=1 cs=1]
                          RenderText {#text} at (2,2) size 82x19
                            text run at (2,2) width 82: "HAO,SCOTT"
                        RenderTableCell {TD} at (86,23) size 33x23 [border: (1px inset #808080)] [r=1 c=1 rs=1 cs=1]
                          RenderText {#text} at (2,2) size 25x19
                            text run at (2,2) width 25: "13F"
                        RenderTableCell {TD} at (119,23) size 71x23 [border: (1px inset #808080)] [r=1 c=2 rs=1 cs=1]
                          RenderText {#text} at (2,2) size 67x19
                            text run at (2,2) width 67: "confirmed "
                        RenderTableCell {TD} at (190,23) size 181x23 [border: (1px inset #808080)] [r=1 c=3 rs=1 cs=1]
                          RenderText {#text} at (2,2) size 177x19
                            text run at (2,2) width 177: "Non-Smoking, Window Seat"
                        RenderTableCell {TD} at (371,23) size 66x23 [border: (1px inset #808080)] [r=1 c=4 rs=1 cs=1]
                          RenderText {#text} at (2,2) size 4x19
                            text run at (2,2) width 4: " "
                RenderBlock (anonymous) at (1,182) size 439x19
                  RenderInline {SPACE} at (0,0) size 0x19
                    RenderInline {SPACE} at (0,0) size 0x19
                      RenderBR {BR} at (0,0) size 0x19
      RenderBlock (anonymous) at (0,830) size 784x0
        RenderInline {SPAN} at (0,0) size 0x0
          RenderInline {SPAN} at (0,0) size 0x0
            RenderInline {SPAN} at (0,0) size 0x0
              RenderInline {SPAN} at (0,0) size 0x0
              RenderText {#text} at (0,0) size 0x0
      RenderBlock (anonymous) at (0,836) size 784x2
        RenderBlock {HR} at (0,0) size 784x2 [border: (1px inset #000000)]
      RenderBlock (anonymous) at (0,844) size 784x0
        RenderInline {SPAN} at (0,0) size 0x0
          RenderInline {SPAN} at (0,0) size 0x0
            RenderInline {SPAN} at (0,0) size 0x0
              RenderInline {SPAN} at (0,0) size 0x0
                RenderText {#text} at (0,0) size 0x0
      RenderBlock (anonymous) at (0,844) size 784x120
        RenderTable {TABLE} at (0,0) size 547x120
          RenderTableSection {TBODY} at (0,0) size 547x120
            RenderTableRow {TR} at (0,2) size 547x116
              RenderTableCell {TD} at (2,59) size 2x2 [r=0 c=0 rs=1 cs=1]
              RenderTableCell {TD} at (6,2) size 2x2 [r=0 c=1 rs=1 cs=1]
              RenderTableCell {TD} at (10,49) size 80x22 [r=0 c=2 rs=1 cs=1]
                RenderImage {IMG} at (1,1) size 78x20
                RenderText {#text} at (0,0) size 0x0
              RenderTableCell {TD} at (92,2) size 453x116 [r=0 c=3 rs=1 cs=1]
                RenderText {#text} at (1,1) size 21x19
                  text run at (1,1) width 21: "Air "
                RenderBR {BR} at (0,0) size 0x0
                RenderText {#text} at (1,20) size 451x19
                  text run at (1,20) width 77: "UNKNOWN "
                  text run at (78,20) width 67: "Flight 123 "
                  text run at (145,20) width 106: "Booking Code:Y "
                  text run at (251,20) width 201: "Date: Tuesday, March 25, 2003"
                RenderBR {BR} at (452,34) size 0x0
                RenderText {#text} at (1,39) size 348x19
                  text run at (1,39) width 348: "From: San Francisco Intl Arpt, San Francisco CA - U.S."
                RenderBR {BR} at (349,53) size 0x0
                RenderText {#text} at (1,58) size 331x19
                  text run at (1,58) width 25: "To: "
                  text run at (26,58) width 306: "San Francisco Intl Arpt, San Francisco CA - U.S."
                RenderBR {BR} at (332,72) size 0x0
                RenderText {#text} at (1,77) size 154x19
                  text run at (1,77) width 82: "Departs: n/a "
                  text run at (83,77) width 72: "Arrives: n/a"
                RenderBR {BR} at (155,91) size 0x0
                RenderText {#text} at (1,96) size 44x19
                  text run at (1,96) width 44: "Status:"
                RenderInline {SPACE} at (0,0) size 176x19
                  RenderText {#text} at (45,96) size 172x19
                    text run at (45,96) width 172: " requested, await response"
                  RenderInline {SPACE} at (0,0) size 4x19
                    RenderText {#text} at (217,96) size 4x19
                      text run at (217,96) width 4: " "
                    RenderBR {BR} at (221,110) size 0x0
      RenderBlock (anonymous) at (0,964) size 784x0
        RenderInline {SPAN} at (0,0) size 0x0
          RenderInline {SPAN} at (0,0) size 0x0
            RenderInline {SPAN} at (0,0) size 0x0
              RenderInline {SPAN} at (0,0) size 0x0
              RenderText {#text} at (0,0) size 0x0
      RenderBlock (anonymous) at (0,970) size 784x2
        RenderBlock {HR} at (0,0) size 784x2 [border: (1px inset #000000)]
      RenderBlock (anonymous) at (0,978) size 784x59
        RenderInline {SPAN} at (0,0) size 196x56
          RenderInline {SPAN} at (0,0) size 0x0
            RenderInline {SPAN} at (0,0) size 0x0
            RenderText {#text} at (0,0) size 0x0
          RenderText {#text} at (0,0) size 0x0
          RenderInline {SPAN} at (0,0) size 97x22
            RenderText {#text} at (0,0) size 0x0
            RenderImage {IMG} at (0,2) size 20x20
            RenderText {#text} at (20,0) size 77x22
              text run at (20,0) width 4: " "
              text run at (24,0) width 73: "Remarks:"
            RenderBR {BR} at (97,16) size 0x0
          RenderText {#text} at (0,0) size 0x0
          RenderBR {BR} at (0,23) size 0x18
          RenderInline {SPAN} at (0,0) size 196x18
            RenderText {#text} at (0,41) size 196x18
              text run at (0,41) width 126: "SERVICE FEE MCO "
              text run at (126,41) width 70: "8103220490"
            RenderBR {BR} at (196,54) size 0x0
          RenderText {#text} at (0,0) size 0x0
      RenderBlock (anonymous) at (0,1043) size 784x2
        RenderBlock {HR} at (0,0) size 784x2 [border: (1px inset #000000)]
      RenderBlock (anonymous) at (0,1051) size 784x23
        RenderInline {SPAN} at (0,0) size 182x18
          RenderInline {SPAN} at (0,0) size 182x22
            RenderText {#text} at (0,0) size 0x0
            RenderImage {IMG} at (0,1) size 62x22
            RenderText {#text} at (62,0) size 4x22
              text run at (62,0) width 4: " "
            RenderInline {B} at (0,0) size 112x22
              RenderText {#text} at (66,0) size 112x22
                text run at (66,0) width 112: "Web Bookings"
            RenderText {#text} at (178,0) size 4x22
              text run at (178,0) width 4: " "
            RenderInline {SPAN} at (0,0) size 0x22
              RenderBR {BR} at (182,16) size 0x0
              RenderInline {SPAN} at (0,0) size 0x0
            RenderText {#text} at (0,0) size 0x0
          RenderText {#text} at (0,0) size 0x0
      RenderBlock (anonymous) at (0,1080) size 784x2
        RenderBlock {HR} at (0,0) size 784x2 [border: (1px inset #000000)]
      RenderBlock (anonymous) at (0,1088) size 784x23
        RenderInline {SPAN} at (0,0) size 277x18
          RenderInline {SPAN} at (0,0) size 277x18
            RenderText {#text} at (0,0) size 0x0
            RenderInline {SPAN} at (0,0) size 277x22
              RenderText {#text} at (0,0) size 0x0
              RenderImage {IMG} at (0,2) size 20x20
              RenderText {#text} at (20,0) size 257x22
                text run at (20,0) width 4: " "
                text run at (24,0) width 253: "Remarks and Service Information"
              RenderBR {BR} at (277,16) size 0x0
            RenderText {#text} at (0,0) size 0x0
            RenderText {#text} at (0,0) size 0x0
      RenderBlock (anonymous) at (0,1117) size 784x33
        RenderBlock {HR} at (0,0) size 784x2 [border: (1px inset #000000)]
        RenderBlock {P} at (0,15) size 784x18
          RenderText {#text} at (0,0) size 204x18
            text run at (0,0) width 204: "This itinerary is subject to change. "
          RenderInline {A} at (0,0) size 163x18 [color=#0000EE]
            RenderText {#text} at (204,0) size 163x18
              text run at (204,0) width 163: "Click here for latest updates"
          RenderText {#text} at (0,0) size 0x0
      RenderBlock (anonymous) at (0,1163) size 784x0
        RenderInline {SPAN} at (0,0) size 0x0
          RenderInline {SPAN} at (0,0) size 0x0
          RenderText {#text} at (0,0) size 0x0
          RenderText {#text} at (0,0) size 0x0
          RenderText {#text} at (0,0) size 0x0
layer at (23,44) size 104x18
  RenderInline (relative positioned) {SPAN} at (0,0) size 104x18
    RenderText {#text} at (0,0) size 0x0
    RenderInline {SPAN} at (0,0) size 104x18
      RenderText {#text} at (0,0) size 0x0
      RenderImage {IMG} at (0,23) size 20x20
      RenderText {#text} at (20,30) size 4x18
        text run at (20,30) width 4: " "
      RenderInline {SPAN} at (0,0) size 80x18
        RenderText {#text} at (24,30) size 80x18
          text run at (24,30) width 80: "HAO, SCOTT"
        RenderBR {BR} at (104,43) size 0x0
        RenderText {#text} at (0,0) size 0x0
      RenderText {#text} at (0,0) size 0x0
    RenderText {#text} at (0,0) size 0x0
layer at (23,106) size 592x43
  RenderInline (relative positioned) {SPAN} at (0,0) size 592x43
    RenderText {#text} at (0,0) size 0x0
    RenderImage {IMG} at (0,23) size 20x20
    RenderText {#text} at (20,30) size 572x18
      text run at (20,30) width 4: " "
      text run at (24,30) width 56: "Address: "
      text run at (80,30) width 512: "ST. JUDE MEDICAL, 21700 OXNARD ST SUITE 800, WOODLAND HILLS CA Z/91367 "
    RenderBR {BR} at (592,43) size 0x0
    RenderImage {IMG} at (0,48) size 20x20
    RenderText {#text} at (20,55) size 409x18
      text run at (20,55) width 4: " "
      text run at (24,55) width 48: "Deliver: "
      text run at (72,55) width 104: "DEBI STANGEL, "
      text run at (176,55) width 117: "119 GLEN COURT, "
      text run at (293,55) width 136: "DANVILLE CA Z/94526"
layer at (23,193) size 20x13
  RenderInline (relative positioned) {SPAN} at (0,0) size 20x13
    RenderText {#text} at (0,0) size 0x0
    RenderImage {IMG} at (0,23) size 20x20
    RenderText {#text} at (0,0) size 0x0
layer at (28,221) size 470x62
  RenderTable {TABLE} at (0,0) size 470x62 [border: (1px outset #808080)]
    RenderTableSection {TBODY} at (1,1) size 468x60
      RenderTableRow {TR} at (0,2) size 468x23 [bgcolor=#E0E0E0]
        RenderTableCell {TD} at (2,2) size 85x23 [border: (1px inset #808080)] [r=0 c=0 rs=1 cs=1]
          RenderText {#text} at (2,2) size 32x19
            text run at (2,2) width 32: "Type"
        RenderTableCell {TD} at (89,2) size 40x23 [border: (1px inset #808080)] [r=0 c=1 rs=1 cs=1]
          RenderText {#text} at (2,2) size 24x19
            text run at (2,2) width 24: "City"
        RenderTableCell {TD} at (131,2) size 335x23 [border: (1px inset #808080)] [r=0 c=2 rs=1 cs=1]
          RenderText {#text} at (2,2) size 41x19
            text run at (2,2) width 41: "Phone"
      RenderTableRow {TR} at (0,27) size 468x0
      RenderTableRow {TR} at (0,29) size 468x23
        RenderTableCell {TD} at (2,29) size 85x23 [border: (1px inset #808080)] [r=2 c=0 rs=1 cs=1]
          RenderText {#text} at (2,2) size 81x19
            text run at (2,2) width 81: "Travel Agent"
        RenderTableCell {TD} at (89,29) size 40x23 [border: (1px inset #808080)] [r=2 c=1 rs=1 cs=1]
          RenderText {#text} at (2,2) size 36x19
            text run at (2,2) width 36: "(LAX)"
        RenderTableCell {TD} at (131,29) size 335x23 [border: (1px inset #808080)] [r=2 c=2 rs=1 cs=1]
          RenderText {#text} at (2,2) size 331x19
            text run at (2,2) width 331: "RQ0/818 990-4053-PLAZA TRAVEL - 05838276-RC"
      RenderTableRow {TR} at (0,54) size 468x0
      RenderTableRow {TR} at (0,56) size 468x0
      RenderTableRow {TR} at (0,58) size 468x0
