layer at (0,0) size 800x600
  RenderView at (0,0) size 800x600
layer at (0,0) size 800x600
  RenderBlock {HTML} at (0,0) size 800x600
    RenderBody {BODY} at (8,8) size 784x576
      RenderBlock {P} at (0,0) size 784x20
        RenderText {#text} at (0,0) size 421x19
          text run at (0,0) width 421: "The following is a test for having a <rt> immediately following another."
      RenderBlock (anonymous) at (0,36) size 784x40
        RenderBR {BR} at (0,0) size 0x19
        RenderBR {BR} at (0,20) size 0x19
      RenderBlock {P} at (0,92) size 784x32
        RenderText {#text} at (0,12) size 79x19
          text run at (0,12) width 79: "<ruby> uses "
        RenderRuby (inline) {RUBY} at (0,0) size 42x19
          RenderRubyRun (anonymous) at (79,0) size 27x32
            RenderRubyText {RT} at (0,0) size 27x12
              RenderText {#text} at (4,0) size 18x12
                text run at (4,0) width 18: "ruby"
            RenderRubyBase (anonymous) at (0,12) size 27x20
              RenderText {#text} at (0,0) size 27x19
                text run at (0,0) width 27: "<rt>"
          RenderRubyRun (anonymous) at (106,17) size 15x12
            RenderRubyText {RT} at (0,0) size 15x12
              RenderText {#text} at (0,0) size 15x12
                text run at (0,0) width 15: "text"
        RenderText {#text} at (121,12) size 155x19
          text run at (121,12) width 155: " to contain the annotation."
        RenderText {#text} at (0,0) size 0x0
        RenderText {#text} at (0,0) size 0x0
