layer at (0,0) size 800x600
  RenderView at (0,0) size 800x600
layer at (0,0) size 800x600
  RenderBlock {HTML} at (0,0) size 800x600
    RenderBody {BODY} at (8,8) size 784x576
      RenderBlock {P} at (0,0) size 784x20
        RenderText {#text} at (0,0) size 464x19
          text run at (0,0) width 464: "The following is a test for having non-text inline elements as base in a <ruby>."
      RenderBlock {P} at (0,36) size 784x32
        RenderText {#text} at (0,12) size 146x19
          text run at (0,12) width 146: "<ruby> is defined in the "
        RenderRuby (inline) {RUBY} at (0,0) size 142x19
          RenderRubyRun (anonymous) at (146,0) size 42x32
            RenderRubyText {RT} at (0,0) size 42x12
              RenderText {#text} at (0,0) size 42x12
                text run at (0,0) width 42: "Hyper-text"
            RenderRubyBase (anonymous) at (0,12) size 42x20
              RenderInline {SPAN} at (0,0) size 20x19
                RenderText {#text} at (11,0) size 20x19
                  text run at (11,0) width 20: "HT"
          RenderRubyRun (anonymous) at (188,0) size 100x32
            RenderRubyText {RT} at (0,0) size 100x12
              RenderText {#text} at (0,0) size 100x12
                text run at (0,0) width 100: "Markup Language Lvl. 5"
            RenderRubyBase (anonymous) at (0,12) size 100x20
              RenderInline {SPAN} at (0,0) size 14x19
                RenderText {#text} at (34,0) size 14x19
                  text run at (34,0) width 14: "M"
              RenderInline {SPAN} at (0,0) size 9x19
                RenderText {#text} at (48,0) size 9x19
                  text run at (48,0) width 9: "L"
              RenderInline {SPAN} at (0,0) size 8x19
                RenderText {#text} at (57,0) size 8x19
                  text run at (57,0) width 8: "5"
        RenderText {#text} at (288,12) size 36x19
          text run at (288,12) width 36: " spec."
