layer at (0,0) size 800x600
  RenderView at (0,0) size 800x600
layer at (0,0) size 800x600
  RenderBlock {HTML} at (0,0) size 800x600
    RenderBody {BODY} at (8,8) size 784x576
      RenderBlock {P} at (0,0) size 784x20
        RenderText {#text} at (0,0) size 715x19
          text run at (0,0) width 715: "The following is a test for DOM manipulation within <ruby>: Removing the last <rt>, leaving the base without ruby text."
      RenderBlock {P} at (0,36) size 784x20
        RenderText {#text} at (0,0) size 409x19
          text run at (0,0) width 409: "Both lines should look identical (the first line is the one manipulated)."
      RenderBlock (anonymous) at (0,72) size 784x40
        RenderBR {BR} at (0,0) size 0x19
        RenderBR {BR} at (0,20) size 0x19
      RenderBlock {P} at (0,128) size 784x32
        RenderText {#text} at (0,12) size 146x19
          text run at (0,12) width 146: "<ruby> is defined in the "
        RenderRuby (inline) {RUBY} at (0,0) size 125x19
          RenderRubyRun (anonymous) at (146,0) size 117x32
            RenderRubyText {RT} at (0,0) size 117x12
              RenderText {#text} at (0,0) size 117x12
                text run at (0,0) width 117: "Hyper-text Markup Language"
            RenderRubyBase (anonymous) at (0,12) size 117x20
              RenderText {#text} at (37,0) size 43x19
                text run at (37,0) width 43: "HTML"
          RenderRubyRun (anonymous) at (263,12) size 8x20
            RenderRubyBase (anonymous) at (0,0) size 8x20
              RenderText {#text} at (0,0) size 8x19
                text run at (0,0) width 8: "5"
        RenderText {#text} at (271,12) size 36x19
          text run at (271,12) width 36: " spec."
      RenderBlock {P} at (0,176) size 784x32
        RenderText {#text} at (0,12) size 146x19
          text run at (0,12) width 146: "<ruby> is defined in the "
        RenderRuby (inline) {RUBY} at (0,0) size 125x19
          RenderRubyRun (anonymous) at (146,0) size 117x32
            RenderRubyText {RT} at (0,0) size 117x12
              RenderText {#text} at (0,0) size 117x12
                text run at (0,0) width 117: "Hyper-text Markup Language"
            RenderRubyBase (anonymous) at (0,12) size 117x20
              RenderText {#text} at (37,0) size 43x19
                text run at (37,0) width 43: "HTML"
          RenderRubyRun (anonymous) at (263,12) size 8x20
            RenderRubyBase (anonymous) at (0,0) size 8x20
              RenderText {#text} at (0,0) size 8x19
                text run at (0,0) width 8: "5"
        RenderText {#text} at (271,12) size 36x19
          text run at (271,12) width 36: " spec."
