EDITING DELEGATE: shouldChangeSelectedDOMRange:(null) toDOMRange:range from 3 of #text > SPAN > BODY > HTML > #document to 3 of #text > SPAN > BODY > HTML > #document affinity:NSSelectionAffinityDownstream stillSelecting:FALSE
EDITING DELEGATE: webViewDidChangeSelection:WebViewDidChangeSelectionNotification
EDITING DELEGATE: shouldChangeSelectedDOMRange:range from 3 of #text > SPAN > BODY > HTML > #document to 3 of #text > SPAN > BODY > HTML > #document toDOMRange:range from 0 of #text > SPAN > BODY > HTML > #document to 6 of #text > SPAN > BODY > HTML > #document affinity:NSSelectionAffinityDownstream stillSelecting:FALSE
EDITING DELEGATE: webViewDidChangeSelection:WebViewDidChangeSelectionNotification
EDITING DELEGATE: shouldInsertText:Dragme replacingDOMRange:range from 0 of DIV to 0 of DIV givenAction:WebViewInsertActionDropped
EDITING DELEGATE: webViewDidChangeSelection:WebViewDidChangeSelectionNotification
EDITING DELEGATE: webViewDidChangeSelection:WebViewDidChangeSelectionNotification
EDITING DELEGATE: webViewDidChangeSelection:WebViewDidChangeSelectionNotification
layer at (0,0) size 800x600
  RenderView at (0,0) size 800x600
layer at (0,0) size 800x600
  RenderBlock {HTML} at (0,0) size 800x600
    RenderBody {BODY} at (8,8) size 784x584
      RenderBlock {P} at (0,0) size 784x54
        RenderText {#text} at (0,0) size 783x54
          text run at (0,0) width 524: "This tests drag and drop into a form element that is removed in its onfocus handler. "
          text run at (524,0) width 241: "Safari shouldn't crash and the dropped"
          text run at (0,18) width 783: "content shouldn't appear anywhere because there's no editable region left over underneath the mouse when the input element"
          text run at (0,36) width 126: "is removed on drop."
      RenderBlock {HR} at (0,70) size 784x2 [border: (1px inset #000000)]
      RenderBlock (anonymous) at (0,80) size 784x18
        RenderInline {SPAN} at (0,0) size 51x18
          RenderText {#text} at (0,0) size 51x18
            text run at (0,0) width 51: "Dragme"
        RenderText {#text} at (0,0) size 0x0
        RenderText {#text} at (0,0) size 0x0
caret: position 6 of child 0 {#text} of child 5 {SPAN} of child 1 {BODY} of child 0 {HTML} of document
