layer at (0,0) size 800x600
  RenderView at (0,0) size 800x600
layer at (0,0) size 800x600
  RenderBlock {HTML} at (0,0) size 800x600
    RenderFrameSet {FRAMESET} at (0,0) size 800x600
      RenderFrame {FRAME} at (0,0) size 800x600
        layer at (0,0) size 800x600
          RenderView at (0,0) size 800x600
        layer at (0,0) size 800x600
          RenderBlock {HTML} at (0,0) size 800x600
            RenderBody {BODY} at (8,8) size 784x584
              RenderText {#text} at (0,0) size 764x36
                text run at (0,0) width 654: "To reproduce the original crash outside of DumpRenderTree, press option-tab twice. After focusing the "
                text run at (654,0) width 110: "link below on the"
                text run at (0,18) width 512: "first option-tab, the focus loop will try to focus the unloaded frame on the second "
                text run at (512,18) width 68: "and crash. "
              RenderInline {A} at (0,0) size 37x18 [color=#0000EE]
                RenderText {#text} at (580,18) size 37x18
                  text run at (580,18) width 37: "Crash"
              RenderText {#text} at (0,0) size 0x0
              RenderText {#text} at (0,0) size 0x0
              RenderText {#text} at (0,0) size 0x0
      RenderFrame {FRAME} at (0,0) size 0x0
        layer at (0,0) size 0x0
          RenderView at (0,0) size 0x0
        layer at (0,0) size 0x0
          RenderBlock {HTML} at (0,0) size 0x0
