layer at (0,0) size 800x600
  RenderView at (0,0) size 800x600
layer at (0,0) size 800x600
  RenderBlock {HTML} at (0,0) size 800x600
    RenderBody {BODY} at (8,8) size 784x576
      RenderBlock {P} at (0,0) size 784x54
        RenderText {#text} at (0,0) size 779x54
          text run at (0,0) width 758: "This tests that keydown events aren't sent to the main frame for command key presses that occur when a subframe is first"
          text run at (0,18) width 70: "responder. "
          text run at (70,18) width 654: "To run it manually, click inside the subframe, type a few characters, then do Command-A to Select All. "
          text run at (724,18) width 55: "Only the"
          text run at (0,36) width 261: "subframe should report a keydown event."
      RenderBlock (anonymous) at (0,70) size 784x152
        RenderPartObject {IFRAME} at (0,0) size 302x152 [border: (1px solid #000000)]
          layer at (0,0) size 300x150
            RenderView at (0,0) size 300x150
          layer at (0,0) size 300x150
            RenderBlock {HTML} at (0,0) size 300x150
              RenderBody {BODY} at (8,8) size 284x134 [bgcolor=#FFFFE0]
                RenderText {#text} at (0,0) size 270x18
                  text run at (0,0) width 270: "This sentence should not end with a period"
        RenderText {#text} at (0,0) size 0x0
      RenderBlock {UL} at (0,238) size 784x36
        RenderListItem {LI} at (40,0) size 744x18
          RenderListMarker at (-17,0) size 7x18: bullet
          RenderText {#text} at (0,0) size 297x18
            text run at (0,0) width 297: "keydown in subframe: [object KeyboardEvent]"
        RenderListItem {LI} at (40,18) size 744x18
          RenderListMarker at (-17,0) size 7x18: bullet
          RenderText {#text} at (0,0) size 297x18
            text run at (0,0) width 297: "keydown in subframe: [object KeyboardEvent]"
