layer at (0,0) size 800x600
  RenderView at (0,0) size 800x600
layer at (0,0) size 800x600
  RenderBlock {HTML} at (0,0) size 800x600
    RenderBody {BODY} at (8,8) size 784x584
      RenderBlock (anonymous) at (0,0) size 784x18
        RenderText {#text} at (0,0) size 625x18
          text run at (0,0) width 625: "Test that if node dies under mouse it receives mouseout event but that the event does not propagate."
      RenderBlock {DIV} at (0,18) size 784x22 [border: (2px solid #FF0000)]
        RenderBlock (anonymous) at (2,2) size 780x18
          RenderText {#text} at (0,0) size 180x18
            text run at (0,0) width 180: "you should see PASS below"
      RenderBlock {DIV} at (0,40) size 784x22 [border: (2px solid #0000FF)]
        RenderBlock (anonymous) at (2,2) size 780x18
          RenderText {#text} at (0,0) size 180x18
            text run at (0,0) width 180: "you should see PASS below"
      RenderBlock {DIV} at (0,62) size 784x18
        RenderText {#text} at (0,0) size 104x18
          text run at (0,0) width 104: "mouseout PASS"
      RenderBlock {DIV} at (0,80) size 784x18
        RenderText {#text} at (0,0) size 104x18
          text run at (0,0) width 104: "mouseout PASS"
