layer at (0,0) size 800x600
  RenderView at (0,0) size 800x600
layer at (0,0) size 800x54
  RenderBlock {HTML} at (0,0) size 800x54
    RenderBody {BODY} at (8,8) size 784x38
      RenderBlock {DIV} at (0,0) size 784x38 [border: (10px solid #008000)]
        RenderText {#text} at (10,10) size 621x18
          text run at (10,10) width 305: "This div should have a 10px solid green border. "
          text run at (315,10) width 316: "If this div has a red border, then the test has failed."
