layer at (0,0) size 800x1874
  RenderView at (0,0) size 800x600
layer at (0,0) size 800x1874
  RenderBlock {HTML} at (0,0) size 800x1874
    RenderBody {BODY} at (8,8) size 784x1858 [bgcolor=#CCCCCC]
      RenderBlock {P} at (0,0) size 784x18
        RenderText {#text} at (0,0) size 481x18
          text run at (0,0) width 481: "The style declarations which apply to the text below are:"
      RenderBlock {PRE} at (0,35) size 784x252
        RenderText {#text} at (0,0) size 360x252
          text run at (0,0) width 200: "BODY {color: black;}"
          text run at (200,0) width 0: " "
          text run at (0,21) width 190: ".one {color: #080;}"
          text run at (190,21) width 0: " "
          text run at (0,42) width 220: ".two {color: #008000;}"
          text run at (220,42) width 0: " "
          text run at (0,63) width 290: ".three {color: rgb(0,128,0);}"
          text run at (290,63) width 0: " "
          text run at (0,84) width 300: ".four {color: rgb(0%,50%,0%);}"
          text run at (300,84) width 0: " "
          text run at (0,105) width 360: ".five {color: rgb(0.0%,50.0%,0.0%);}"
          text run at (360,105) width 0: " "
          text run at (0,126) width 200: ".six {color: green;}"
          text run at (200,126) width 0: " "
          text run at (0,147) width 290: ".seven {color: invalidValue;}"
          text run at (290,147) width 0: " "
          text run at (0,168) width 320: ".eight {color: rgb(0,128,1280);}"
          text run at (320,168) width 0: " "
          text run at (0,189) width 300: ".nine {color: rgb(0,128,255);}"
          text run at (300,189) width 0: " "
          text run at (0,210) width 330: ".ten {color: rgb(50%,-500%,60%);}"
          text run at (330,210) width 0: " "
          text run at (0,231) width 330: ".eleven {color: rgb(50%,0%,60%);}"
          text run at (330,231) width 0: " "
      RenderBlock {HR} at (0,304) size 784x2 [border: (1px inset #000000)]
      RenderBlock {P} at (0,323) size 784x18
        RenderText {#text} at (0,0) size 261x18
          text run at (0,0) width 261: "This sentence should be black."
      RenderBlock {P} at (0,358) size 784x18 [color=#008800]
        RenderText {#text} at (0,0) size 688x18
          text run at (0,0) width 688: "This sentence should be green, although slightly different from those that follow."
      RenderBlock {P} at (0,393) size 784x18 [color=#008000]
        RenderText {#text} at (0,0) size 265x18
          text run at (0,0) width 265: "This sentence should be green."
      RenderBlock {P} at (0,428) size 784x18 [color=#008000]
        RenderText {#text} at (0,0) size 265x18
          text run at (0,0) width 265: "This sentence should be green."
      RenderBlock {P} at (0,463) size 784x18 [color=#008000]
        RenderText {#text} at (0,0) size 265x18
          text run at (0,0) width 265: "This sentence should be green."
      RenderBlock {P} at (0,498) size 784x18 [color=#008000]
        RenderText {#text} at (0,0) size 265x18
          text run at (0,0) width 265: "This sentence should be green."
      RenderBlock {P} at (0,533) size 784x18 [color=#008000]
        RenderText {#text} at (0,0) size 265x18
          text run at (0,0) width 265: "This sentence should be green."
      RenderBlock {P} at (0,568) size 784x21
        RenderText {#text} at (0,3) size 552x18
          text run at (0,3) width 552: "This sentence should be black, because the value given for class "
        RenderInline {CODE} at (0,0) size 60x21
          RenderText {#text} at (552,0) size 60x21
            text run at (552,0) width 60: ".seven"
        RenderText {#text} at (612,3) size 86x18
          text run at (612,3) width 86: " is invalid."
      RenderBlock {P} at (0,606) size 784x36 [color=#0080FF]
        RenderText {#text} at (0,0) size 758x36
          text run at (0,0) width 758: "This sentence should be a shade of blue-green which, on a typical RGB computer display,"
          text run at (0,18) width 313: "exactly matches the next paragraph."
      RenderBlock {P} at (0,659) size 784x36 [color=#0080FF]
        RenderText {#text} at (0,0) size 758x36
          text run at (0,0) width 758: "This sentence should be a shade of blue-green which, on a typical RGB computer display,"
          text run at (0,18) width 348: "exactly matches the previous paragraph."
      RenderBlock {P} at (0,712) size 784x36 [color=#800099]
        RenderText {#text} at (0,0) size 721x36
          text run at (0,0) width 721: "This sentence should be a shade of purple which, on a typical RGB computer display,"
          text run at (0,18) width 313: "exactly matches the next paragraph."
      RenderBlock {P} at (0,765) size 784x36 [color=#800099]
        RenderText {#text} at (0,0) size 721x36
          text run at (0,0) width 721: "This sentence should be a shade of purple which, on a typical RGB computer display,"
          text run at (0,18) width 348: "exactly matches the previous paragraph."
      RenderBlock {P} at (0,818) size 784x18
        RenderText {#text} at (0,0) size 261x18
          text run at (0,0) width 261: "This sentence should be black."
      RenderBlock {P} at (0,853) size 784x21 [color=#008800]
        RenderText {#text} at (0,3) size 547x18
          text run at (0,3) width 547: "This sentence should be a slightly different green, and used the "
        RenderInline {TT} at (0,0) size 50x21
          RenderText {#text} at (547,0) size 50x21
            text run at (547,0) width 50: "style"
        RenderText {#text} at (597,3) size 85x18
          text run at (597,3) width 85: " attribute."
      RenderBlock {P} at (0,891) size 784x21 [color=#008000]
        RenderText {#text} at (0,3) size 386x18
          text run at (0,3) width 386: "This sentence should be green, and used the "
        RenderInline {TT} at (0,0) size 50x21
          RenderText {#text} at (386,0) size 50x21
            text run at (386,0) width 50: "style"
        RenderText {#text} at (436,3) size 85x18
          text run at (436,3) width 85: " attribute."
      RenderBlock {P} at (0,929) size 784x21 [color=#008000]
        RenderText {#text} at (0,3) size 386x18
          text run at (0,3) width 386: "This sentence should be green, and used the "
        RenderInline {TT} at (0,0) size 50x21
          RenderText {#text} at (386,0) size 50x21
            text run at (386,0) width 50: "style"
        RenderText {#text} at (436,3) size 85x18
          text run at (436,3) width 85: " attribute."
      RenderBlock {P} at (0,967) size 784x21 [color=#008000]
        RenderText {#text} at (0,3) size 386x18
          text run at (0,3) width 386: "This sentence should be green, and used the "
        RenderInline {TT} at (0,0) size 50x21
          RenderText {#text} at (386,0) size 50x21
            text run at (386,0) width 50: "style"
        RenderText {#text} at (436,3) size 85x18
          text run at (436,3) width 85: " attribute."
      RenderBlock {P} at (0,1005) size 784x21 [color=#008000]
        RenderText {#text} at (0,3) size 386x18
          text run at (0,3) width 386: "This sentence should be green, and used the "
        RenderInline {TT} at (0,0) size 50x21
          RenderText {#text} at (386,0) size 50x21
            text run at (386,0) width 50: "style"
        RenderText {#text} at (436,3) size 85x18
          text run at (436,3) width 85: " attribute."
      RenderBlock {P} at (0,1043) size 784x21 [color=#008000]
        RenderText {#text} at (0,3) size 386x18
          text run at (0,3) width 386: "This sentence should be green, and used the "
        RenderInline {TT} at (0,0) size 50x21
          RenderText {#text} at (386,0) size 50x21
            text run at (386,0) width 50: "style"
        RenderText {#text} at (436,3) size 85x18
          text run at (436,3) width 85: " attribute."
      RenderTable {TABLE} at (0,1081) size 784x777 [border: (1px outset #808080)]
        RenderTableSection {TBODY} at (1,1) size 782x775
          RenderTableRow {TR} at (0,0) size 782x26
            RenderTableCell {TD} at (0,0) size 782x26 [bgcolor=#C0C0C0] [border: (1px inset #808080)] [r=0 c=0 rs=1 cs=2]
              RenderInline {STRONG} at (0,0) size 214x18
                RenderText {#text} at (4,4) size 214x18
                  text run at (4,4) width 214: "TABLE Testing Section"
          RenderTableRow {TR} at (0,26) size 782x749
            RenderTableCell {TD} at (0,387) size 13x26 [bgcolor=#C0C0C0] [border: (1px inset #808080)] [r=1 c=0 rs=1 cs=1]
              RenderText {#text} at (4,4) size 5x18
                text run at (4,4) width 5: " "
            RenderTableCell {TD} at (13,26) size 769x749 [border: (1px inset #808080)] [r=1 c=1 rs=1 cs=1]
              RenderBlock {P} at (4,4) size 761x18
                RenderText {#text} at (0,0) size 261x18
                  text run at (0,0) width 261: "This sentence should be black."
              RenderBlock {P} at (4,39) size 761x18 [color=#008800]
                RenderText {#text} at (0,0) size 688x18
                  text run at (0,0) width 688: "This sentence should be green, although slightly different from those that follow."
              RenderBlock {P} at (4,74) size 761x18 [color=#008000]
                RenderText {#text} at (0,0) size 265x18
                  text run at (0,0) width 265: "This sentence should be green."
              RenderBlock {P} at (4,109) size 761x18 [color=#008000]
                RenderText {#text} at (0,0) size 265x18
                  text run at (0,0) width 265: "This sentence should be green."
              RenderBlock {P} at (4,144) size 761x18 [color=#008000]
                RenderText {#text} at (0,0) size 265x18
                  text run at (0,0) width 265: "This sentence should be green."
              RenderBlock {P} at (4,179) size 761x18 [color=#008000]
                RenderText {#text} at (0,0) size 265x18
                  text run at (0,0) width 265: "This sentence should be green."
              RenderBlock {P} at (4,214) size 761x18 [color=#008000]
                RenderText {#text} at (0,0) size 265x18
                  text run at (0,0) width 265: "This sentence should be green."
              RenderBlock {P} at (4,249) size 761x21
                RenderText {#text} at (0,3) size 552x18
                  text run at (0,3) width 552: "This sentence should be black, because the value given for class "
                RenderInline {CODE} at (0,0) size 60x21
                  RenderText {#text} at (552,0) size 60x21
                    text run at (552,0) width 60: ".seven"
                RenderText {#text} at (612,3) size 86x18
                  text run at (612,3) width 86: " is invalid."
              RenderBlock {P} at (4,287) size 761x36 [color=#0080FF]
                RenderText {#text} at (0,0) size 758x36
                  text run at (0,0) width 758: "This sentence should be a shade of blue-green which, on a typical RGB computer display,"
                  text run at (0,18) width 313: "exactly matches the next paragraph."
              RenderBlock {P} at (4,340) size 761x36 [color=#0080FF]
                RenderText {#text} at (0,0) size 758x36
                  text run at (0,0) width 758: "This sentence should be a shade of blue-green which, on a typical RGB computer display,"
                  text run at (0,18) width 348: "exactly matches the previous paragraph."
              RenderBlock {P} at (4,393) size 761x36 [color=#800099]
                RenderText {#text} at (0,0) size 721x36
                  text run at (0,0) width 721: "This sentence should be a shade of purple which, on a typical RGB computer display,"
                  text run at (0,18) width 313: "exactly matches the next paragraph."
              RenderBlock {P} at (4,446) size 761x36 [color=#800099]
                RenderText {#text} at (0,0) size 721x36
                  text run at (0,0) width 721: "This sentence should be a shade of purple which, on a typical RGB computer display,"
                  text run at (0,18) width 348: "exactly matches the previous paragraph."
              RenderBlock {P} at (4,499) size 761x18
                RenderText {#text} at (0,0) size 261x18
                  text run at (0,0) width 261: "This sentence should be black."
              RenderBlock {P} at (4,534) size 761x21 [color=#008800]
                RenderText {#text} at (0,3) size 547x18
                  text run at (0,3) width 547: "This sentence should be a slightly different green, and used the "
                RenderInline {TT} at (0,0) size 50x21
                  RenderText {#text} at (547,0) size 50x21
                    text run at (547,0) width 50: "style"
                RenderText {#text} at (597,3) size 85x18
                  text run at (597,3) width 85: " attribute."
              RenderBlock {P} at (4,572) size 761x21 [color=#008000]
                RenderText {#text} at (0,3) size 386x18
                  text run at (0,3) width 386: "This sentence should be green, and used the "
                RenderInline {TT} at (0,0) size 50x21
                  RenderText {#text} at (386,0) size 50x21
                    text run at (386,0) width 50: "style"
                RenderText {#text} at (436,3) size 85x18
                  text run at (436,3) width 85: " attribute."
              RenderBlock {P} at (4,610) size 761x21 [color=#008000]
                RenderText {#text} at (0,3) size 386x18
                  text run at (0,3) width 386: "This sentence should be green, and used the "
                RenderInline {TT} at (0,0) size 50x21
                  RenderText {#text} at (386,0) size 50x21
                    text run at (386,0) width 50: "style"
                RenderText {#text} at (436,3) size 85x18
                  text run at (436,3) width 85: " attribute."
              RenderBlock {P} at (4,648) size 761x21 [color=#008000]
                RenderText {#text} at (0,3) size 386x18
                  text run at (0,3) width 386: "This sentence should be green, and used the "
                RenderInline {TT} at (0,0) size 50x21
                  RenderText {#text} at (386,0) size 50x21
                    text run at (386,0) width 50: "style"
                RenderText {#text} at (436,3) size 85x18
                  text run at (436,3) width 85: " attribute."
              RenderBlock {P} at (4,686) size 761x21 [color=#008000]
                RenderText {#text} at (0,3) size 386x18
                  text run at (0,3) width 386: "This sentence should be green, and used the "
                RenderInline {TT} at (0,0) size 50x21
                  RenderText {#text} at (386,0) size 50x21
                    text run at (386,0) width 50: "style"
                RenderText {#text} at (436,3) size 85x18
                  text run at (436,3) width 85: " attribute."
              RenderBlock {P} at (4,724) size 761x21 [color=#008000]
                RenderText {#text} at (0,3) size 386x18
                  text run at (0,3) width 386: "This sentence should be green, and used the "
                RenderInline {TT} at (0,0) size 50x21
                  RenderText {#text} at (386,0) size 50x21
                    text run at (386,0) width 50: "style"
                RenderText {#text} at (436,3) size 85x18
                  text run at (436,3) width 85: " attribute."
