layer at (0,0) size 800x2882
  RenderView at (0,0) size 800x600
layer at (0,0) size 800x2882
  RenderBlock {HTML} at (0,0) size 800x2882
    RenderBody {BODY} at (8,8) size 784x2866 [bgcolor=#CCCCCC]
      RenderBlock {P} at (0,0) size 784x20
        RenderText {#text} at (0,0) size 355x20
          text run at (0,0) width 355: "The style declarations which apply to the text below are:"
      RenderBlock {PRE} at (0,36) size 784x320
        RenderText {#text} at (0,0) size 224x319
          text run at (0,0) width 200: ".one {font-size: medium;}"
          text run at (200,0) width 0: " "
          text run at (0,16) width 200: ".two {font-size: larger;}"
          text run at (200,16) width 0: " "
          text run at (0,32) width 224: ".three {font-size: smaller;}"
          text run at (224,32) width 0: " "
          text run at (0,48) width 224: ".four {font-size: xx-small;}"
          text run at (224,48) width 0: " "
          text run at (0,64) width 216: ".five {font-size: x-small;}"
          text run at (216,64) width 0: " "
          text run at (0,80) width 192: ".six {font-size: small;}"
          text run at (192,80) width 0: " "
          text run at (0,96) width 208: ".seven {font-size: large;}"
          text run at (208,96) width 0: " "
          text run at (0,112) width 224: ".eight {font-size: x-large;}"
          text run at (224,112) width 0: " "
          text run at (0,128) width 224: ".nine {font-size: xx-large;}"
          text run at (224,128) width 0: " "
          text run at (0,144) width 176: ".a {font-size: 0.5in;}"
          text run at (176,144) width 0: " "
          text run at (0,160) width 160: ".b {font-size: 1cm;}"
          text run at (160,160) width 0: " "
          text run at (0,176) width 168: ".c {font-size: 10mm;}"
          text run at (168,176) width 0: " "
          text run at (0,192) width 168: ".d {font-size: 18pt;}"
          text run at (168,192) width 0: " "
          text run at (0,208) width 176: ".e {font-size: 1.5pc;}"
          text run at (176,208) width 0: " "
          text run at (0,224) width 160: ".f {font-size: 2em;}"
          text run at (160,224) width 0: " "
          text run at (0,240) width 160: ".g {font-size: 3ex;}"
          text run at (160,240) width 0: " "
          text run at (0,256) width 168: ".h {font-size: 25px;}"
          text run at (168,256) width 0: " "
          text run at (0,272) width 168: ".i {font-size: 200%;}"
          text run at (168,272) width 0: " "
          text run at (0,288) width 184: ".j {font-size: -0.5in;}"
          text run at (184,288) width 0: " "
          text run at (0,304) width 0: " "
      RenderBlock {HR} at (0,369) size 784x2 [border: (1px inset #000000)]
      RenderBlock {P} at (0,387) size 784x20
        RenderText {#text} at (0,0) size 688x20
          text run at (0,0) width 688: "This paragraph element is unstyled, so the size of the font in this element is the default size for this user agent."
      RenderBlock {P} at (0,423) size 784x20
        RenderText {#text} at (0,0) size 186x20
          text run at (0,0) width 186: "This sentence has been set to "
        RenderInline {CODE} at (0,0) size 48x15
          RenderText {#text} at (186,4) size 48x15
            text run at (186,4) width 48: "medium"
        RenderText {#text} at (234,0) size 361x20
          text run at (234,0) width 361: ", which may or may not be the same size as unstyled text."
      RenderBlock {P} at (0,462) size 784x24
        RenderText {#text} at (0,0) size 377x24
          text run at (0,0) width 377: "This sentence should be larger than unstyled text."
      RenderBlock {P} at (0,505) size 784x17
        RenderText {#text} at (0,0) size 276x17
          text run at (0,0) width 276: "This sentence should be smaller than unstyled text."
      RenderBlock {P} at (0,535) size 784x20
        RenderText {#text} at (0,6) size 305x12
          text run at (0,6) width 305: "This sentence should be very small, but the last word in the sentence should be "
        RenderInline {SPAN} at (0,0) size 51x20
          RenderText {#text} at (305,0) size 51x20
            text run at (305,0) width 51: "medium"
        RenderText {#text} at (356,6) size 2x12
          text run at (356,6) width 2: "."
      RenderBlock {P} at (0,565) size 784x20
        RenderText {#text} at (0,5) size 327x13
          text run at (0,5) width 327: "This sentence should be rather small, but the last word in the sentence should be "
        RenderInline {SPAN} at (0,0) size 51x20
          RenderText {#text} at (327,0) size 51x20
            text run at (327,0) width 51: "medium"
        RenderText {#text} at (378,5) size 3x13
          text run at (378,5) width 3: "."
      RenderBlock {P} at (0,598) size 784x20
        RenderText {#text} at (0,2) size 401x17
          text run at (0,2) width 401: "This sentence should be small, but the last word in the sentence should be "
        RenderInline {SPAN} at (0,0) size 51x20
          RenderText {#text} at (401,0) size 51x20
            text run at (401,0) width 51: "medium"
        RenderText {#text} at (452,2) size 3x17
          text run at (452,2) width 3: "."
      RenderBlock {P} at (0,636) size 784x23
        RenderText {#text} at (0,0) size 540x23
          text run at (0,0) width 540: "This sentence should be large, but the last word in the sentence should be "
        RenderInline {SPAN} at (0,0) size 51x20
          RenderText {#text} at (540,2) size 51x20
            text run at (540,2) width 51: "medium"
        RenderText {#text} at (591,0) size 5x23
          text run at (591,0) width 5: "."
      RenderBlock {P} at (0,683) size 784x60
        RenderText {#text} at (0,0) size 774x30
          text run at (0,0) width 774: "This sentence should be rather large, but the last word in the sentence should be"
        RenderInline {SPAN} at (0,0) size 51x20
          RenderText {#text} at (0,38) size 51x20
            text run at (0,38) width 51: "medium"
        RenderText {#text} at (51,30) size 6x30
          text run at (51,30) width 6: "."
      RenderBlock {P} at (0,775) size 784x78
        RenderText {#text} at (0,0) size 752x78
          text run at (0,0) width 752: "This sentence should be very large, but the last word in the"
          text run at (0,39) width 248: "sentence should be "
        RenderInline {SPAN} at (0,0) size 51x20
          RenderText {#text} at (248,54) size 51x20
            text run at (248,54) width 51: "medium"
        RenderText {#text} at (299,39) size 8x39
          text run at (299,39) width 8: "."
      RenderBlock {P} at (0,901) size 784x59
        RenderText {#text} at (0,0) size 779x59
          text run at (0,0) width 779: "This sentence should be half an inch tall."
      RenderBlock {P} at (0,1008) size 784x47
        RenderText {#text} at (0,0) size 676x47
          text run at (0,0) width 676: "This sentence should be one centimeter tall."
      RenderBlock {P} at (0,1092) size 784x47
        RenderText {#text} at (0,0) size 682x47
          text run at (0,0) width 682: "This sentence should be ten millimeters tall."
      RenderBlock {P} at (0,1176) size 784x30
        RenderText {#text} at (0,0) size 430x30
          text run at (0,0) width 430: "This sentence should be eighteen points tall."
      RenderBlock {P} at (0,1230) size 784x30
        RenderText {#text} at (0,0) size 499x30
          text run at (0,0) width 499: "This sentence should be one and one half picas tall."
      RenderBlock {P} at (0,1292) size 784x39
        RenderText {#text} at (0,0) size 465x39
          text run at (0,0) width 465: "This sentence should be two em tall."
      RenderBlock {P} at (0,1363) size 784x26
        RenderText {#text} at (0,0) size 312x26
          text run at (0,0) width 312: "This sentence should be three ex tall."
      RenderBlock {P} at (0,1414) size 784x32
        RenderText {#text} at (0,0) size 476x32
          text run at (0,0) width 476: "This sentence should be twenty-five pixels tall."
      RenderBlock {P} at (0,1478) size 784x39
        RenderText {#text} at (0,0) size 546x39
          text run at (0,0) width 546: "This sentence should be twice normal size."
      RenderBlock {P} at (0,1549) size 784x20
        RenderText {#text} at (0,0) size 673x20
          text run at (0,0) width 673: "This sentence should be normal size, since no negative values are allowed and therefore should be ignored."
      RenderTable {TABLE} at (0,1585) size 784x1281 [border: (1px outset #808080)]
        RenderTableSection {TBODY} at (1,1) size 782x1279
          RenderTableRow {TR} at (0,0) size 782x30
            RenderTableCell {TD} at (0,0) size 782x30 [bgcolor=#C0C0C0] [border: (1px inset #808080)] [r=0 c=0 rs=1 cs=2]
              RenderInline {STRONG} at (0,0) size 163x22
                RenderText {#text} at (4,4) size 163x22
                  text run at (4,4) width 163: "TABLE Testing Section"
          RenderTableRow {TR} at (0,30) size 782x1249
            RenderTableCell {TD} at (0,640) size 12x28 [bgcolor=#C0C0C0] [border: (1px inset #808080)] [r=1 c=0 rs=1 cs=1]
              RenderText {#text} at (4,4) size 4x20
                text run at (4,4) width 4: " "
            RenderTableCell {TD} at (12,30) size 770x1249 [border: (1px inset #808080)] [r=1 c=1 rs=1 cs=1]
              RenderBlock {P} at (4,4) size 762x20
                RenderText {#text} at (0,0) size 688x20
                  text run at (0,0) width 688: "This paragraph element is unstyled, so the size of the font in this element is the default size for this user agent."
              RenderBlock {P} at (4,40) size 762x20
                RenderText {#text} at (0,0) size 186x20
                  text run at (0,0) width 186: "This sentence has been set to "
                RenderInline {CODE} at (0,0) size 48x15
                  RenderText {#text} at (186,4) size 48x15
                    text run at (186,4) width 48: "medium"
                RenderText {#text} at (234,0) size 361x20
                  text run at (234,0) width 361: ", which may or may not be the same size as unstyled text."
              RenderBlock {P} at (4,79) size 762x24
                RenderText {#text} at (0,0) size 377x24
                  text run at (0,0) width 377: "This sentence should be larger than unstyled text."
              RenderBlock {P} at (4,122) size 762x17
                RenderText {#text} at (0,0) size 276x17
                  text run at (0,0) width 276: "This sentence should be smaller than unstyled text."
              RenderBlock {P} at (4,152) size 762x20
                RenderText {#text} at (0,6) size 305x12
                  text run at (0,6) width 305: "This sentence should be very small, but the last word in the sentence should be "
                RenderInline {SPAN} at (0,0) size 51x20
                  RenderText {#text} at (305,0) size 51x20
                    text run at (305,0) width 51: "medium"
                RenderText {#text} at (356,6) size 2x12
                  text run at (356,6) width 2: "."
              RenderBlock {P} at (4,182) size 762x20
                RenderText {#text} at (0,5) size 327x13
                  text run at (0,5) width 327: "This sentence should be rather small, but the last word in the sentence should be "
                RenderInline {SPAN} at (0,0) size 51x20
                  RenderText {#text} at (327,0) size 51x20
                    text run at (327,0) width 51: "medium"
                RenderText {#text} at (378,5) size 3x13
                  text run at (378,5) width 3: "."
              RenderBlock {P} at (4,215) size 762x20
                RenderText {#text} at (0,2) size 401x17
                  text run at (0,2) width 401: "This sentence should be small, but the last word in the sentence should be "
                RenderInline {SPAN} at (0,0) size 51x20
                  RenderText {#text} at (401,0) size 51x20
                    text run at (401,0) width 51: "medium"
                RenderText {#text} at (452,2) size 3x17
                  text run at (452,2) width 3: "."
              RenderBlock {P} at (4,253) size 762x23
                RenderText {#text} at (0,0) size 540x23
                  text run at (0,0) width 540: "This sentence should be large, but the last word in the sentence should be "
                RenderInline {SPAN} at (0,0) size 51x20
                  RenderText {#text} at (540,2) size 51x20
                    text run at (540,2) width 51: "medium"
                RenderText {#text} at (591,0) size 5x23
                  text run at (591,0) width 5: "."
              RenderBlock {P} at (4,300) size 762x60
                RenderText {#text} at (0,0) size 745x60
                  text run at (0,0) width 745: "This sentence should be rather large, but the last word in the sentence should"
                  text run at (0,30) width 29: "be "
                RenderInline {SPAN} at (0,0) size 51x20
                  RenderText {#text} at (29,38) size 51x20
                    text run at (29,38) width 51: "medium"
                RenderText {#text} at (80,30) size 6x30
                  text run at (80,30) width 6: "."
              RenderBlock {P} at (4,392) size 762x78
                RenderText {#text} at (0,0) size 752x78
                  text run at (0,0) width 752: "This sentence should be very large, but the last word in the"
                  text run at (0,39) width 248: "sentence should be "
                RenderInline {SPAN} at (0,0) size 51x20
                  RenderText {#text} at (248,54) size 51x20
                    text run at (248,54) width 51: "medium"
                RenderText {#text} at (299,39) size 8x39
                  text run at (299,39) width 8: "."
              RenderBlock {P} at (4,518) size 762x118
                RenderText {#text} at (0,0) size 695x118
                  text run at (0,0) width 695: "This sentence should be half an inch"
                  text run at (0,59) width 72: "tall."
              RenderBlock {P} at (4,684) size 762x47
                RenderText {#text} at (0,0) size 676x47
                  text run at (0,0) width 676: "This sentence should be one centimeter tall."
              RenderBlock {P} at (4,768) size 762x47
                RenderText {#text} at (0,0) size 682x47
                  text run at (0,0) width 682: "This sentence should be ten millimeters tall."
              RenderBlock {P} at (4,852) size 762x30
                RenderText {#text} at (0,0) size 430x30
                  text run at (0,0) width 430: "This sentence should be eighteen points tall."
              RenderBlock {P} at (4,906) size 762x30
                RenderText {#text} at (0,0) size 499x30
                  text run at (0,0) width 499: "This sentence should be one and one half picas tall."
              RenderBlock {P} at (4,968) size 762x39
                RenderText {#text} at (0,0) size 465x39
                  text run at (0,0) width 465: "This sentence should be two em tall."
              RenderBlock {P} at (4,1039) size 762x26
                RenderText {#text} at (0,0) size 312x26
                  text run at (0,0) width 312: "This sentence should be three ex tall."
              RenderBlock {P} at (4,1090) size 762x32
                RenderText {#text} at (0,0) size 476x32
                  text run at (0,0) width 476: "This sentence should be twenty-five pixels tall."
              RenderBlock {P} at (4,1154) size 762x39
                RenderText {#text} at (0,0) size 546x39
                  text run at (0,0) width 546: "This sentence should be twice normal size."
              RenderBlock {P} at (4,1225) size 762x20
                RenderText {#text} at (0,0) size 673x20
                  text run at (0,0) width 673: "This sentence should be normal size, since no negative values are allowed and therefore should be ignored."
