layer at (0,0) size 800x600
  RenderView at (0,0) size 800x600
layer at (0,0) size 800x600
  RenderBlock {HTML} at (0,0) size 800x600
    RenderBody {BODY} at (8,8) size 784x584
      RenderButton {BUTTON} at (0,8) size 45x15 [bgcolor=#C0C0C0] [border: (2px outset #C0C0C0) none (2px outset #C0C0C0)]
        RenderBlock (anonymous) at (8,4) size 29x6
          RenderText {#text} at (0,0) size 29x6
            text run at (0,0) width 29: "Test Button"
      RenderText {#text} at (45,3) size 4x18
        text run at (45,3) width 4: " "
      RenderButton {BUTTON} at (49,8) size 51x15 [bgcolor=#C0C0C0] [border: (2px outset #C0C0C0) none (2px outset #C0C0C0)]
        RenderBlock (anonymous) at (8,3) size 35x7
          RenderText {#text} at (0,0) size 35x7
            text run at (0,0) width 35: "Test Button"
      RenderText {#text} at (100,3) size 4x18
        text run at (100,3) width 4: " "
      RenderButton {BUTTON} at (104,7) size 56x15 [bgcolor=#C0C0C0] [border: (2px outset #C0C0C0) none (2px outset #C0C0C0)]
        RenderBlock (anonymous) at (8,3) size 40x8
          RenderText {#text} at (0,0) size 40x8
            text run at (0,0) width 40: "Test Button"
      RenderText {#text} at (160,3) size 4x18
        text run at (160,3) width 4: " "
      RenderButton {BUTTON} at (164,7) size 62x15 [bgcolor=#C0C0C0] [border: (2px outset #C0C0C0) none (2px outset #C0C0C0)]
        RenderBlock (anonymous) at (8,2) size 46x10
          RenderText {#text} at (0,0) size 46x10
            text run at (0,0) width 46: "Test Button"
      RenderText {#text} at (226,3) size 4x18
        text run at (226,3) width 4: " "
      RenderButton {BUTTON} at (230,6) size 67x16 [bgcolor=#C0C0C0] [border: (2px outset #C0C0C0) none (2px outset #C0C0C0)]
        RenderBlock (anonymous) at (8,2) size 51x11
          RenderText {#text} at (0,0) size 51x11
            text run at (0,0) width 51: "Test Button"
      RenderText {#text} at (297,3) size 4x18
        text run at (297,3) width 4: " "
      RenderButton {BUTTON} at (301,5) size 72x17 [bgcolor=#C0C0C0] [border: (2px outset #C0C0C0) none (2px outset #C0C0C0)]
        RenderBlock (anonymous) at (8,2) size 56x12
          RenderText {#text} at (0,0) size 56x12
            text run at (0,0) width 56: "Test Button"
      RenderText {#text} at (373,3) size 4x18
        text run at (373,3) width 4: " "
      RenderButton {BUTTON} at (379,4) size 77x18 [bgcolor=#C0C0C0] [border: (2px outset #C0C0C0) none (2px outset #C0C0C0)]
        RenderBlock (anonymous) at (8,2) size 61x13
          RenderText {#text} at (0,0) size 61x13
            text run at (0,0) width 61: "Test Button"
      RenderText {#text} at (458,3) size 4x18
        text run at (458,3) width 4: " "
      RenderButton {INPUT} at (464,4) size 77x18 [bgcolor=#C0C0C0]
        RenderBlock (anonymous) at (8,2) size 61x13
          RenderText at (0,0) size 61x13
            text run at (0,0) width 61: "Test Button"
      RenderText {#text} at (543,3) size 4x18
        text run at (543,3) width 4: " "
      RenderButton {BUTTON} at (549,3) size 84x20 [bgcolor=#C0C0C0] [border: (2px outset #C0C0C0) none (2px outset #C0C0C0)]
        RenderBlock (anonymous) at (8,2) size 68x15
          RenderText {#text} at (0,0) size 68x15
            text run at (0,0) width 68: "Test Button"
      RenderText {#text} at (635,3) size 4x18
        text run at (635,3) width 4: " "
      RenderButton {BUTTON} at (641,2) size 89x21 [bgcolor=#C0C0C0] [border: (2px outset #C0C0C0) none (2px outset #C0C0C0)]
        RenderBlock (anonymous) at (8,2) size 73x16
          RenderText {#text} at (0,0) size 73x16
            text run at (0,0) width 73: "Test Button"
      RenderText {#text} at (732,3) size 4x18
        text run at (732,3) width 4: " "
      RenderButton {BUTTON} at (2,31) size 95x22 [bgcolor=#C0C0C0] [border: (2px outset #C0C0C0) none (2px outset #C0C0C0)]
        RenderBlock (anonymous) at (8,2) size 79x17
          RenderText {#text} at (0,0) size 79x17
            text run at (0,0) width 79: "Test Button"
      RenderText {#text} at (99,33) size 4x18
        text run at (99,33) width 4: " "
      RenderButton {BUTTON} at (105,30) size 101x23 [bgcolor=#C0C0C0] [border: (2px outset #C0C0C0) none (2px outset #C0C0C0)]
        RenderBlock (anonymous) at (8,2) size 85x18
          RenderText {#text} at (0,0) size 85x18
            text run at (0,0) width 85: "Test Button"
      RenderText {#text} at (208,33) size 4x18
        text run at (208,33) width 4: " "
      RenderButton {BUTTON} at (214,30) size 106x23 [bgcolor=#C0C0C0] [border: (2px outset #C0C0C0) none (2px outset #C0C0C0)]
        RenderBlock (anonymous) at (8,2) size 90x18
          RenderText {#text} at (0,0) size 90x18
            text run at (0,0) width 90: "Test Button"
      RenderText {#text} at (322,33) size 4x18
        text run at (322,33) width 4: " "
      RenderButton {BUTTON} at (328,29) size 112x25 [bgcolor=#C0C0C0] [border: (2px outset #C0C0C0) none (2px outset #C0C0C0)]
        RenderBlock (anonymous) at (8,2) size 96x20
          RenderText {#text} at (0,0) size 96x20
            text run at (0,0) width 96: "Test Button"
      RenderText {#text} at (442,33) size 4x18
        text run at (442,33) width 4: " "
      RenderButton {BUTTON} at (448,28) size 118x26 [bgcolor=#C0C0C0] [border: (2px outset #C0C0C0) none (2px outset #C0C0C0)]
        RenderBlock (anonymous) at (8,2) size 102x21
          RenderText {#text} at (0,0) size 102x21
            text run at (0,0) width 102: "Test Button"
      RenderText {#text} at (568,33) size 4x18
        text run at (568,33) width 4: " "
      RenderButton {BUTTON} at (574,27) size 123x27 [bgcolor=#C0C0C0] [border: (2px outset #C0C0C0) none (2px outset #C0C0C0)]
        RenderBlock (anonymous) at (8,2) size 107x22
          RenderText {#text} at (0,0) size 107x22
            text run at (0,0) width 107: "Test Button"
      RenderText {#text} at (699,33) size 4x18
        text run at (699,33) width 4: " "
      RenderButton {BUTTON} at (2,59) size 128x28 [bgcolor=#C0C0C0] [border: (2px outset #C0C0C0) none (2px outset #C0C0C0)]
        RenderBlock (anonymous) at (8,2) size 112x23
          RenderText {#text} at (0,0) size 112x23
            text run at (0,0) width 112: "Test Button"
      RenderText {#text} at (132,66) size 4x18
        text run at (132,66) width 4: " "
      RenderButton {BUTTON} at (138,58) size 134x29 [bgcolor=#C0C0C0] [border: (2px outset #C0C0C0) none (2px outset #C0C0C0)]
        RenderBlock (anonymous) at (8,2) size 118x24
          RenderText {#text} at (0,0) size 118x24
            text run at (0,0) width 118: "Test Button"
      RenderText {#text} at (0,0) size 0x0
