layer at (0,0) size 800x600
  RenderView at (0,0) size 800x600
layer at (0,0) size 800x600
  RenderBlock {HTML} at (0,0) size 800x600
    RenderBody {BODY} at (8,8) size 784x576
      RenderBlock (anonymous) at (0,0) size 784x36
        RenderText {#text} at (0,0) size 778x36
          text run at (0,0) width 778: "Test the changing of an input type=TEXT to type=IMAGE. This test is to make sure that the height and width attributes are"
          text run at (0,18) width 214: "used for the new type of IMAGE."
      RenderBlock {FORM} at (0,36) size 784x39
        RenderBR {BR} at (0,0) size 0x18
        RenderText {#text} at (0,21) size 89x18
          text run at (0,21) width 89: "input element "
        RenderImage {INPUT} at (89,18) size 19x17
        RenderText {#text} at (0,0) size 0x0
