layer at (0,0) size 800x600
  RenderView at (0,0) size 800x600
layer at (0,0) size 800x600
  RenderBlock {HTML} at (0,0) size 800x600
    RenderBody {BODY} at (8,8) size 784x584
      RenderText {#text} at (0,0) size 592x18
        text run at (0,0) width 592: "There should be no thumbsliders below, you should only see the words \"Hello World\" twice. "
      RenderBR {BR} at (0,0) size 0x0
      RenderBR {BR} at (0,18) size 0x18
      RenderBlock {SPAN} at (0,36) size 79x18
        RenderText {#text} at (0,0) size 79x18
          text run at (0,0) width 79: "Hello World"
      RenderBR {BR} at (79,50) size 0x0
      RenderBlock {SPAN} at (0,54) size 79x18
        RenderText {#text} at (0,0) size 79x18
          text run at (0,0) width 79: "Hello World"
      RenderText {#text} at (0,0) size 0x0
      RenderText {#text} at (0,0) size 0x0
      RenderText {#text} at (0,0) size 0x0
