layer at (0,0) size 800x600
  RenderView at (0,0) size 800x600
layer at (0,0) size 800x162
  RenderBlock {html} at (0,0) size 800x162
    RenderBody {body} at (8,16) size 784x138 [color=#008000]
      RenderBlock {p} at (0,0) size 784x18 [color=#000000]
        RenderText {#text} at (0,0) size 238x18
          text run at (0,0) width 238: "There should be a green block below."
      RenderBlock (anonymous) at (0,34) size 784x104
        RenderSVGRoot {svg} at (8,50) size 300x100
          RenderPath {rect} at (8,50) size 300x100 [fill={[type=SOLID] [color=#FF0000]}] [data="M0.00,0.00 L300.00,0.00 L300.00,100.00 L0.00,100.00 Z"]
          RenderPath {rect} at (8,50) size 300x100 [fill={[type=SOLID] [color=#008000]}] [data="M0.00,0.00 L300.00,0.00 L300.00,100.00 L0.00,100.00 Z"]
        RenderText {#text} at (0,0) size 0x0
