layer at (0,0) size 800x600
  RenderView at (0,0) size 800x600
layer at (0,0) size 800x600
  RenderBlock {HTML} at (0,0) size 800x600
    RenderBody {BODY} at (8,8) size 784x584
      RenderBlock (anonymous) at (0,0) size 784x18
        RenderText {#text} at (0,0) size 499x18
          text run at (0,0) width 499: "auto table - % width single cell has no effect (not so in IE5)"
      RenderTable {TABLE} at (0,18) size 784x44 [border: (1px outset #808080)]
        RenderTableSection {TBODY} at (1,1) size 782x42
          RenderTableRow {TR} at (0,10) size 782x22
            RenderTableCell {TD} at (10,10) size 762x22 [border: (1px inset #808080)] [r=0 c=0 rs=1 cs=1]
              RenderText {#text} at (2,2) size 81x18
                text run at (2,2) width 81: "10% 10%"
      RenderBlock (anonymous) at (0,62) size 784x54
        RenderBR {BR} at (0,0) size 0x18
        RenderText {#text} at (0,18) size 730x36
          text run at (0,18) width 730: "auto table - % width cell increases table width based on % cell which makes it largest."
          text run at (0,36) width 565: "Nav4.x does not increase the table too much if the only cells are %"
      RenderTable {TABLE} at (0,116) size 784x44 [border: (1px outset #808080)]
        RenderTableSection {TBODY} at (1,1) size 782x42
          RenderTableRow {TR} at (0,10) size 782x22
            RenderTableCell {TD} at (10,10) size 89x22 [border: (1px inset #808080)] [r=0 c=0 rs=1 cs=1]
              RenderText {#text} at (2,2) size 27x18
                text run at (2,2) width 27: "1%"
            RenderTableCell {TD} at (109,10) size 663x22 [border: (1px inset #808080)] [r=0 c=1 rs=1 cs=1]
              RenderText {#text} at (2,2) size 38x18
                text run at (2,2) width 38: "10%"
      RenderBlock (anonymous) at (0,160) size 784x18
        RenderBR {BR} at (0,0) size 0x18
