layer at (0,0) size 800x600
  RenderView at (0,0) size 800x600
layer at (0,0) size 800x600
  RenderBlock {HTML} at (0,0) size 800x600
    RenderBody {BODY} at (8,8) size 784x584
      RenderTable {TABLE} at (0,0) size 150x28 [bgcolor=#00FF00] [border: (1px outset #808080)]
        RenderTableSection {TBODY} at (1,1) size 148x26
          RenderTableRow {TR} at (0,2) size 148x22
            RenderTableCell {TD} at (2,2) size 52x22 [border: (1px inset #808080)] [r=0 c=0 rs=1 cs=1]
              RenderText {#text} at (2,2) size 33x18
                text run at (2,2) width 33: "200"
            RenderTableCell {TD} at (56,2) size 90x22 [border: (1px inset #808080)] [r=0 c=1 rs=1 cs=1]
              RenderText {#text} at (2,2) size 84x18
                text run at (2,2) width 84: "one_hund"
      RenderBlock (anonymous) at (0,28) size 784x18
        RenderBR {BR} at (0,0) size 0x18
      RenderTable {TABLE} at (0,46) size 500x28 [border: (1px outset #808080)]
        RenderTableSection {TBODY} at (1,1) size 498x26
          RenderTableRow {TR} at (0,2) size 498x22
            RenderTableCell {TD} at (2,2) size 177x22 [bgcolor=#FF0000] [border: (1px inset #808080)] [r=0 c=0 rs=1 cs=1]
              RenderText {#text} at (2,2) size 96x18
                text run at (2,2) width 96: "fooooooooo"
            RenderTableCell {TD} at (181,2) size 178x22 [bgcolor=#008000] [border: (1px inset #808080)] [r=0 c=1 rs=1 cs=1]
              RenderText {#text} at (2,2) size 96x18
                text run at (2,2) width 96: "fooooooooo"
            RenderTableCell {TD} at (361,2) size 135x22 [bgcolor=#FFA500] [border: (1px inset #808080)] [r=0 c=2 rs=1 cs=1]
              RenderText {#text} at (2,2) size 119x18
                text run at (2,2) width 119: "foo foo foo foo"
      RenderBlock (anonymous) at (0,74) size 784x18
        RenderBR {BR} at (0,0) size 0x18
      RenderBlock {HR} at (0,100) size 402x2 [border: (1px inset #000000)]
      RenderBlock (anonymous) at (0,110) size 784x18
        RenderText {#text} at (0,0) size 492x18
          text run at (0,0) width 492: "fixed table - fixed cells are increased based on fixed width"
      RenderTable {TABLE} at (0,128) size 400x46 [border: (1px outset #808080)]
        RenderTableSection {TBODY} at (1,1) size 398x44
          RenderTableRow {TR} at (0,2) size 398x40
            RenderTableCell {TD} at (2,11) size 259x22 [border: (1px inset #808080)] [r=0 c=0 rs=1 cs=1]
              RenderText {#text} at (2,2) size 26x18
                text run at (2,2) width 26: "foo"
            RenderTableCell {TD} at (263,2) size 133x40 [border: (1px inset #808080)] [r=0 c=1 rs=1 cs=1]
              RenderText {#text} at (2,2) size 119x36
                text run at (2,2) width 119: "foo foo foo foo"
                text run at (2,20) width 119: "foo foo foo foo"
      RenderBlock (anonymous) at (0,174) size 784x54
        RenderBR {BR} at (0,0) size 0x18
        RenderBR {BR} at (0,18) size 0x18
        RenderText {#text} at (0,36) size 509x18
          text run at (0,36) width 509: "excess above min allocated based on fixed widths (not min)"
      RenderTable {TABLE} at (0,228) size 100x46 [border: (1px outset #808080)]
        RenderTableSection {TBODY} at (1,1) size 98x44
          RenderTableRow {TR} at (0,2) size 98x40
            RenderTableCell {TD} at (2,2) size 36x40 [border: (1px inset #808080)] [r=0 c=0 rs=1 cs=1]
              RenderText {#text} at (2,2) size 26x36
                text run at (2,2) width 26: "foo"
                text run at (2,20) width 26: "foo"
            RenderTableCell {TD} at (40,11) size 56x22 [border: (1px inset #808080)] [r=0 c=1 rs=1 cs=1]
              RenderText {#text} at (2,2) size 26x18
                text run at (2,2) width 26: "foo"
      RenderBlock (anonymous) at (0,274) size 784x36
        RenderBR {BR} at (0,0) size 0x18
        RenderText {#text} at (0,18) size 509x18
          text run at (0,18) width 509: "excess above min allocated based on fixed widths (not min)"
      RenderTable {TABLE} at (0,310) size 100x46 [border: (1px outset #808080)]
        RenderTableSection {TBODY} at (1,1) size 98x44
          RenderTableRow {TR} at (0,2) size 98x40
            RenderTableCell {TD} at (2,2) size 30x40 [border: (1px inset #808080)] [r=0 c=0 rs=1 cs=1]
              RenderText {#text} at (2,2) size 26x36
                text run at (2,2) width 26: "foo"
                text run at (2,20) width 26: "foo"
            RenderTableCell {TD} at (34,11) size 62x22 [border: (1px inset #808080)] [r=0 c=1 rs=1 cs=1]
              RenderText {#text} at (2,2) size 26x18
                text run at (2,2) width 26: "foo"
      RenderBlock (anonymous) at (0,356) size 784x18
        RenderBR {BR} at (0,0) size 0x18
      RenderTable {TABLE} at (0,374) size 600x28 [border: (1px outset #808080)]
        RenderTableSection {TBODY} at (1,1) size 598x26
          RenderTableRow {TR} at (0,2) size 598x22
            RenderTableCell {TD} at (2,2) size 30x22 [border: (1px inset #808080)] [r=0 c=0 rs=1 cs=1]
              RenderText {#text} at (2,2) size 26x18
                text run at (2,2) width 26: "foo"
            RenderTableCell {TD} at (34,2) size 562x22 [border: (1px inset #808080)] [r=0 c=1 rs=1 cs=1]
              RenderText {#text} at (2,2) size 26x18
                text run at (2,2) width 26: "foo"
      RenderBlock (anonymous) at (0,402) size 784x18
        RenderBR {BR} at (0,0) size 0x18
      RenderTable {TABLE} at (0,420) size 40x28 [border: (1px outset #808080)]
        RenderTableSection {TBODY} at (1,1) size 38x26
          RenderTableRow {TR} at (0,2) size 38x22
            RenderTableCell {TD} at (2,2) size 34x22 [border: (1px inset #808080)] [r=0 c=0 rs=1 cs=1]
              RenderText {#text} at (2,2) size 26x18
                text run at (2,2) width 26: "foo"
