layer at (0,0) size 800x600
  RenderView at (0,0) size 800x600
layer at (0,0) size 800x600
  RenderBlock {HTML} at (0,0) size 800x600
    RenderBody {BODY} at (8,8) size 784x584
      RenderTable {TABLE} at (0,0) size 100x26
        RenderTableSection {TBODY} at (0,0) size 100x26
          RenderTableRow {TR} at (0,2) size 100x22
            RenderTableCell {TD} at (2,2) size 54x22 [border: (1px inset #808080)] [r=0 c=0 rs=1 cs=1]
              RenderText {#text} at (2,2) size 50x18
                text run at (2,2) width 50: "frame"
            RenderTableCell {TD} at (58,2) size 40x22 [border: (1px inset #808080)] [r=0 c=1 rs=1 cs=1]
              RenderText {#text} at (2,2) size 36x18
                text run at (2,2) width 36: "void"
      RenderBlock (anonymous) at (0,26) size 784x18
        RenderBR {BR} at (0,0) size 0x18
      RenderTable {TABLE} at (0,44) size 115x27 [border: (1px solid #808080) none]
        RenderTableSection {TBODY} at (0,1) size 115x26
          RenderTableRow {TR} at (0,2) size 115x22
            RenderTableCell {TD} at (2,2) size 54x22 [border: (1px inset #808080)] [r=0 c=0 rs=1 cs=1]
              RenderText {#text} at (2,2) size 50x18
                text run at (2,2) width 50: "frame"
            RenderTableCell {TD} at (58,2) size 55x22 [border: (1px inset #808080)] [r=0 c=1 rs=1 cs=1]
              RenderText {#text} at (2,2) size 51x18
                text run at (2,2) width 51: "above"
      RenderBlock (anonymous) at (0,71) size 784x18
        RenderBR {BR} at (0,0) size 0x18
      RenderTable {TABLE} at (0,89) size 114x27 [border: none (1px solid #808080) none]
        RenderTableSection {TBODY} at (0,0) size 114x26
          RenderTableRow {TR} at (0,2) size 114x22
            RenderTableCell {TD} at (2,2) size 54x22 [border: (1px inset #808080)] [r=0 c=0 rs=1 cs=1]
              RenderText {#text} at (2,2) size 50x18
                text run at (2,2) width 50: "frame"
            RenderTableCell {TD} at (58,2) size 54x22 [border: (1px inset #808080)] [r=0 c=1 rs=1 cs=1]
              RenderText {#text} at (2,2) size 50x18
                text run at (2,2) width 50: "below"
      RenderBlock (anonymous) at (0,116) size 784x18
        RenderBR {BR} at (0,0) size 0x18
      RenderTable {TABLE} at (0,134) size 119x28 [border: (1px solid #808080) none (1px solid #808080) none]
        RenderTableSection {TBODY} at (0,1) size 119x26
          RenderTableRow {TR} at (0,2) size 119x22
            RenderTableCell {TD} at (2,2) size 54x22 [border: (1px inset #808080)] [r=0 c=0 rs=1 cs=1]
              RenderText {#text} at (2,2) size 50x18
                text run at (2,2) width 50: "frame"
            RenderTableCell {TD} at (58,2) size 59x22 [border: (1px inset #808080)] [r=0 c=1 rs=1 cs=1]
              RenderText {#text} at (2,2) size 55x18
                text run at (2,2) width 55: "hsides"
      RenderBlock (anonymous) at (0,162) size 784x18
        RenderBR {BR} at (0,0) size 0x18
      RenderTable {TABLE} at (0,180) size 120x26 [border: none (1px solid #808080) none (1px solid #808080)]
        RenderTableSection {TBODY} at (1,0) size 118x26
          RenderTableRow {TR} at (0,2) size 118x22
            RenderTableCell {TD} at (2,2) size 54x22 [border: (1px inset #808080)] [r=0 c=0 rs=1 cs=1]
              RenderText {#text} at (2,2) size 50x18
                text run at (2,2) width 50: "frame"
            RenderTableCell {TD} at (58,2) size 58x22 [border: (1px inset #808080)] [r=0 c=1 rs=1 cs=1]
              RenderText {#text} at (2,2) size 54x18
                text run at (2,2) width 54: "vsides"
      RenderBlock (anonymous) at (0,206) size 784x18
        RenderBR {BR} at (0,0) size 0x18
      RenderTable {TABLE} at (0,224) size 92x26 [border: none (1px solid #808080) none]
        RenderTableSection {TBODY} at (0,0) size 91x26
          RenderTableRow {TR} at (0,2) size 91x22
            RenderTableCell {TD} at (2,2) size 54x22 [border: (1px inset #808080)] [r=0 c=0 rs=1 cs=1]
              RenderText {#text} at (2,2) size 50x18
                text run at (2,2) width 50: "frame"
            RenderTableCell {TD} at (58,2) size 31x22 [border: (1px inset #808080)] [r=0 c=1 rs=1 cs=1]
              RenderText {#text} at (2,2) size 27x18
                text run at (2,2) width 27: "rhs"
      RenderBlock (anonymous) at (0,250) size 784x18
        RenderBR {BR} at (0,0) size 0x18
      RenderTable {TABLE} at (0,268) size 90x26 [border: none (1px solid #808080)]
        RenderTableSection {TBODY} at (1,0) size 89x26
          RenderTableRow {TR} at (0,2) size 89x22
            RenderTableCell {TD} at (2,2) size 54x22 [border: (1px inset #808080)] [r=0 c=0 rs=1 cs=1]
              RenderText {#text} at (2,2) size 50x18
                text run at (2,2) width 50: "frame"
            RenderTableCell {TD} at (58,2) size 29x22 [border: (1px inset #808080)] [r=0 c=1 rs=1 cs=1]
              RenderText {#text} at (2,2) size 25x18
                text run at (2,2) width 25: "lhs"
      RenderBlock (anonymous) at (0,294) size 784x18
        RenderBR {BR} at (0,0) size 0x18
      RenderTable {TABLE} at (0,312) size 97x28 [border: (1px solid #808080)]
        RenderTableSection {TBODY} at (1,1) size 95x26
          RenderTableRow {TR} at (0,2) size 95x22
            RenderTableCell {TD} at (2,2) size 54x22 [border: (1px inset #808080)] [r=0 c=0 rs=1 cs=1]
              RenderText {#text} at (2,2) size 50x18
                text run at (2,2) width 50: "frame"
            RenderTableCell {TD} at (58,2) size 35x22 [border: (1px inset #808080)] [r=0 c=1 rs=1 cs=1]
              RenderText {#text} at (2,2) size 31x18
                text run at (2,2) width 31: "box"
      RenderBlock (anonymous) at (0,340) size 784x18
        RenderBR {BR} at (0,0) size 0x18
      RenderTable {TABLE} at (0,358) size 122x28 [border: (1px solid #808080)]
        RenderTableSection {TBODY} at (1,1) size 120x26
          RenderTableRow {TR} at (0,2) size 120x22
            RenderTableCell {TD} at (2,2) size 54x22 [border: (1px inset #808080)] [r=0 c=0 rs=1 cs=1]
              RenderText {#text} at (2,2) size 50x18
                text run at (2,2) width 50: "frame"
            RenderTableCell {TD} at (58,2) size 60x22 [border: (1px inset #808080)] [r=0 c=1 rs=1 cs=1]
              RenderText {#text} at (2,2) size 56x18
                text run at (2,2) width 56: "border"
      RenderBlock (anonymous) at (0,386) size 784x18
        RenderBR {BR} at (0,0) size 0x18
