layer at (0,0) size 800x600
  RenderView at (0,0) size 800x600
layer at (0,0) size 800x600
  RenderBlock {HTML} at (0,0) size 800x600
    RenderBody {BODY} at (8,8) size 784x584
      RenderBlock {FORM} at (0,0) size 784x32
        RenderMenuList {SELECT} at (2,2) size 107x25 [bgcolor=#FFFFFF]
          RenderBlock (anonymous) at (8,4) size 75x19
            RenderText at (0,0) size 73x19
              text run at (0,0) width 73: "append cell"
        RenderText {#text} at (111,6) size 51x19
          text run at (111,6) width 51: "   tbody "
        RenderTextControl {INPUT} at (164,3) size 48x25 [border: (2px inset #000000)]
        RenderText {#text} at (214,6) size 39x19
          text run at (214,6) width 39: "   row "
        RenderTextControl {INPUT} at (255,3) size 48x25 [border: (2px inset #000000)]
        RenderText {#text} at (305,6) size 34x19
          text run at (305,6) width 34: "   col "
        RenderTextControl {INPUT} at (341,3) size 48x25 [border: (2px inset #000000)]
        RenderText {#text} at (391,6) size 74x19
          text run at (391,6) width 74: "   row span "
        RenderTextControl {INPUT} at (467,3) size 48x25 [border: (2px inset #000000)]
        RenderText {#text} at (517,6) size 69x19
          text run at (517,6) width 69: "   col span "
        RenderTextControl {INPUT} at (588,3) size 48x25 [border: (2px inset #000000)]
        RenderText {#text} at (638,6) size 20x19
          text run at (638,6) width 20: "     "
        RenderButton {INPUT} at (660,2) size 37x28 [bgcolor=#C0C0C0]
          RenderBlock (anonymous) at (6,6) size 25x17
            RenderText at (0,0) size 25x17
              text run at (0,0) width 25: "Do It"
        RenderText {#text} at (0,0) size 0x0
      RenderBlock (anonymous) at (0,46) size 784x19
        RenderBR {BR} at (0,0) size 0x19
      RenderTable {TABLE} at (0,65) size 62x54 [bgcolor=#FFA500] [border: (1px outset #808080)]
        RenderTableSection {TBODY} at (1,1) size 60x52
          RenderTableRow {TR} at (0,2) size 60x23
            RenderTableCell {TD} at (2,2) size 27x23 [border: (1px inset #808080)] [r=0 c=0 rs=1 cs=1]
              RenderText {#text} at (2,2) size 23x19
                text run at (2,2) width 23: "c11"
          RenderTableRow {TR} at (0,27) size 60x23
            RenderTableCell {TD} at (2,27) size 27x23 [border: (1px inset #808080)] [r=1 c=0 rs=1 cs=1]
              RenderText {#text} at (2,2) size 23x19
                text run at (2,2) width 23: "c21"
            RenderTableCell {TD} at (31,27) size 27x23 [border: (1px inset #808080)] [r=1 c=1 rs=1 cs=1]
              RenderText {#text} at (2,2) size 23x19
                text run at (2,2) width 23: "c22"
      RenderBlock (anonymous) at (0,119) size 784x19
        RenderBR {BR} at (0,0) size 0x19
layer at (175,14) size 42x19
  RenderBlock {DIV} at (3,3) size 42x19
    RenderText {#text} at (1,0) size 8x19
      text run at (1,0) width 8: "0"
layer at (266,14) size 42x19
  RenderBlock {DIV} at (3,3) size 42x19
    RenderText {#text} at (1,0) size 8x19
      text run at (1,0) width 8: "0"
layer at (352,14) size 42x19
  RenderBlock {DIV} at (3,3) size 42x19
    RenderText {#text} at (1,0) size 8x19
      text run at (1,0) width 8: "0"
layer at (478,14) size 42x19
  RenderBlock {DIV} at (3,3) size 42x19
    RenderText {#text} at (1,0) size 8x19
      text run at (1,0) width 8: "1"
layer at (599,14) size 42x19
  RenderBlock {DIV} at (3,3) size 42x19
    RenderText {#text} at (1,0) size 8x19
      text run at (1,0) width 8: "1"
