layer at (0,0) size 800x600
  RenderView at (0,0) size 800x600
layer at (0,0) size 800x600
  RenderBlock {HTML} at (0,0) size 800x600 [color=#FF0000]
    RenderBody {BODY} at (8,8) size 784x544
      RenderBlock {P} at (0,0) size 784x79
        RenderInline (generated) at (0,0) size 35x59 [color=#008000] [bgcolor=#FFC0CB]
          RenderText {#text} at (0,0) size 35x59
            text run at (0,0) width 35: "A"
        RenderText {#text} at (35,0) size 190x59
          text run at (35,0) width 190: "BCDEFG"
        RenderBR {BR} at (225,45) size 0x0
        RenderInline {SPAN} at (0,0) size 225x20 [color=#000000]
          RenderText {#text} at (0,59) size 225x20
            text run at (0,59) width 225: "Hover over \"A\". It must stay green."
        RenderText {#text} at (0,0) size 0x0
