EDITING DELEGATE: shouldBeginEditingInDOMRange:range from 0 of DIV > BODY > HTML > #document to 3 of DIV > BODY > HTML > #document
EDITING DELEGATE: webViewDidBeginEditing:WebViewDidBeginEditingNotification
EDITING DELEGATE: webViewDidChangeSelection:WebViewDidChangeSelectionNotification
EDITING DELEGATE: webViewDidChangeSelection:WebViewDidChangeSelectionNotification
EDITING DELEGATE: webViewDidChangeSelection:WebViewDidChangeSelectionNotification
EDITING DELEGATE: shouldChangeSelectedDOMRange:(null) toDOMRange:range from 0 of #text > B > DIV > DIV > BODY > HTML > #document to 28 of #text > B > DIV > DIV > BODY > HTML > #document affinity:NSSelectionAffinityDownstream stillSelecting:FALSE
EDITING DELEGATE: webViewDidChangeSelection:WebViewDidChangeSelectionNotification
EDITING DELEGATE: webViewDidChange:WebViewDidChangeNotification
EDITING DELEGATE: webViewDidChangeSelection:WebViewDidChangeSelectionNotification
EDITING DELEGATE: webViewDidChangeSelection:WebViewDidChangeSelectionNotification
EDITING DELEGATE: webViewDidChange:WebViewDidChangeNotification
EDITING DELEGATE: webViewDidChangeSelection:WebViewDidChangeSelectionNotification
EDITING DELEGATE: shouldInsertText:this text should end up bold replacingDOMRange:range from 0 of DIV > DIV > BODY > HTML > #document to 0 of DIV > DIV > BODY > HTML > #document givenAction:WebViewInsertActionPasted
EDITING DELEGATE: webViewDidChangeSelection:WebViewDidChangeSelectionNotification
EDITING DELEGATE: shouldChangeSelectedDOMRange:(null) toDOMRange:range from 28 of #text > B > DIV > DIV > BODY > HTML > #document to 28 of #text > B > DIV > DIV > BODY > HTML > #document affinity:NSSelectionAffinityDownstream stillSelecting:FALSE
EDITING DELEGATE: webViewDidChangeSelection:WebViewDidChangeSelectionNotification
EDITING DELEGATE: webViewDidChange:WebViewDidChangeNotification
layer at (0,0) size 800x600
  RenderView at (0,0) size 800x600
layer at (0,0) size 800x600
  RenderBlock {HTML} at (0,0) size 800x600
    RenderBody {BODY} at (8,8) size 784x584
      RenderBlock {P} at (0,0) size 784x20
        RenderText {#text} at (0,0) size 429x20
          text run at (0,0) width 429: "This tests paste and match style on an empty (but styled) line"
      RenderBlock {P} at (0,36) size 784x40
        RenderText {#text} at (0,0) size 735x40
          text run at (0,0) width 735: "The first line is copied (unstyled), then it's bolded, then a paragraph separator is inserted and the original"
          text run at (0,20) width 311: "unstyled line is pasted (with style matching)."
      RenderBlock {HR} at (0,92) size 784x2 [border: (1px inset #000000)]
      RenderBlock {DIV} at (0,102) size 784x46
        RenderBlock {DIV} at (0,0) size 784x23 [border: (1px solid #FF0000)]
          RenderInline {B} at (0,0) size 212x20
            RenderText {#text} at (1,1) size 212x20
              text run at (1,1) width 212: "this text should end up bold"
        RenderBlock {DIV} at (0,23) size 784x23 [border: (1px solid #FF0000)]
          RenderInline {B} at (0,0) size 212x20
            RenderText {#text} at (1,1) size 212x20
              text run at (1,1) width 212: "this text should end up bold"
caret: position 28 of child 0 {#text} of child 0 {B} of child 1 {DIV} of child 7 {DIV} of child 1 {BODY} of child 0 {HTML} of document
