layer at (0,0) size 800x600
  RenderView at (0,0) size 800x600
layer at (0,0) size 800x600
  RenderBlock {HTML} at (0,0) size 800x600
    RenderBody {BODY} at (8,8) size 784x584
      RenderBlock {P} at (0,0) size 784x40
        RenderText {#text} at (0,0) size 764x40
          text run at (0,0) width 464: "This tests smart paste of a fragment that ends in a select element. "
          text run at (464,0) width 300: "There should be spaces added before and"
          text run at (0,20) width 178: "after the inserted content."
      RenderBlock {DIV} at (0,56) size 784x30
        RenderMenuList {SELECT} at (2,2) size 74x26 [bgcolor=#FFFFFF]
          RenderBlock (anonymous) at (8,4) size 42x20
            RenderText at (0,0) size 9x20
              text run at (0,0) width 9: "1"
      RenderBlock {DIV} at (0,86) size 784x30
        RenderText {#text} at (0,6) size 8x20
          text run at (0,6) width 8: "x"
        RenderText {#text} at (8,6) size 4x20
          text run at (8,6) width 4: " "
        RenderMenuList {SELECT} at (14,2) size 74x26 [bgcolor=#FFFFFF]
          RenderBlock (anonymous) at (8,4) size 42x20
            RenderText at (0,0) size 9x20
              text run at (0,0) width 9: "1"
        RenderText {#text} at (90,6) size 4x20
          text run at (90,6) width 4: " "
        RenderText {#text} at (94,6) size 8x20
          text run at (94,6) width 8: "x"
caret: position 1 of child 3 {#text} of child 4 {DIV} of child 1 {BODY} of child 0 {HTML} of document
