layer at (0,0) size 800x600
  RenderView at (0,0) size 800x600
layer at (0,0) size 800x600
  RenderBlock {HTML} at (0,0) size 800x600
    RenderBody {BODY} at (8,8) size 784x584
      RenderBlock {P} at (0,0) size 784x40
        RenderText {#text} at (0,0) size 772x40
          text run at (0,0) width 772: "This tests for a bug where content pasted at the end of a paragraph would be inserted into the next paragraph."
          text run at (0,20) width 246: "You should see 'helloworld' below."
      RenderBlock {DIV} at (0,56) size 784x20
        RenderText {#text} at (0,0) size 35x20
          text run at (0,0) width 35: "hello"
        RenderText {#text} at (35,0) size 39x20
          text run at (35,0) width 39: "world"
caret: position 5 of child 1 {#text} of child 2 {DIV} of child 1 {BODY} of child 0 {HTML} of document
