layer at (0,0) size 800x600
  RenderView at (0,0) size 800x600
layer at (0,0) size 800x600
  RenderBlock {HTML} at (0,0) size 800x600
    RenderBody {BODY} at (8,8) size 784x584
      RenderBlock {P} at (0,0) size 784x38
        RenderText {#text} at (0,0) size 764x38
          text run at (0,0) width 379: "This tests for a crash when pasting content into a table cell. "
          text run at (379,0) width 385: "The table cell has some collapsed whitespace at the end of it"
          text run at (0,19) width 139: "that tickled the crash. "
          text run at (139,19) width 325: "You should see 'Hello World' in the table cell below."
      RenderBlock {DIV} at (0,52) size 784x29
        RenderTable {TABLE} at (0,0) size 87x29 [border: (1px outset #808080)]
          RenderTableSection {TBODY} at (1,1) size 85x27
            RenderTableRow {TR} at (0,2) size 85x23
              RenderTableCell {TD} at (2,2) size 81x23 [border: (1px inset #808080)] [r=0 c=0 rs=1 cs=1]
                RenderText {#text} at (2,2) size 49x19
                  text run at (2,2) width 49: "Hello W"
                RenderText {#text} at (51,2) size 24x19
                  text run at (51,2) width 24: "orld"
                RenderText {#text} at (75,2) size 4x19
                  text run at (75,2) width 4: " "
caret: position 4 of child 1 {#text} of child 1 {TD} of child 0 {TR} of child 1 {TBODY} of child 1 {TABLE} of child 2 {DIV} of child 1 {BODY} of child 0 {HTML} of document
