EDITING DELEGATE: shouldBeginEditingInDOMRange:range from 0 of DIV > BODY > HTML > #document to 1 of DIV > BODY > HTML > #document
EDITING DELEGATE: webViewDidBeginEditing:WebViewDidBeginEditingNotification
EDITING DELEGATE: webViewDidChangeSelection:WebViewDidChangeSelectionNotification
EDITING DELEGATE: webViewDidChangeSelection:WebViewDidChangeSelectionNotification
EDITING DELEGATE: webViewDidChangeSelection:WebViewDidChangeSelectionNotification
EDITING DELEGATE: shouldChangeSelectedDOMRange:(null) toDOMRange:range from 0 of DIV > DIV > BODY > HTML > #document to 0 of DIV > DIV > BODY > HTML > #document affinity:NSSelectionAffinityDownstream stillSelecting:FALSE
EDITING DELEGATE: webViewDidChangeSelection:WebViewDidChangeSelectionNotification
EDITING DELEGATE: webViewDidChange:WebViewDidChangeNotification
layer at (0,0) size 800x600
  RenderView at (0,0) size 800x600
layer at (0,0) size 800x600
  RenderBlock {HTML} at (0,0) size 800x600
    RenderBody {BODY} at (8,8) size 784x584
      RenderBlock {P} at (0,0) size 784x60
        RenderText {#text} at (0,0) size 783x60
          text run at (0,0) width 331: "This tests a change made with the fix for 8145. "
          text run at (331,0) width 452: "The paragraph separator inserted to prevent nesting blocks from"
          text run at (0,20) width 771: "the fragment to paste inside the block where the paste occured was not being inserted when the fragment had"
          text run at (0,40) width 244: "an interchange newline at the end."
      RenderBlock {DIV} at (0,76) size 784x62 [border: (1px solid #000000)]
        RenderBlock {DIV} at (1,1) size 782x20
          RenderText {#text} at (0,0) size 4x20
            text run at (0,0) width 4: "f"
          RenderText {#text} at (4,0) size 23x20
            text run at (4,0) width 23: "bar"
        RenderBlock (anonymous) at (1,21) size 782x20
          RenderText {#text} at (0,0) size 26x20
            text run at (0,0) width 26: "baz"
        RenderBlock {DIV} at (1,41) size 782x20
          RenderText {#text} at (0,0) size 18x20
            text run at (0,0) width 18: "oo"
caret: position 0 of child 0 {#text} of child 2 {DIV} of child 2 {DIV} of child 1 {BODY} of child 0 {HTML} of document
