layer at (0,0) size 800x600
  RenderView at (0,0) size 800x600
layer at (0,0) size 800x600
  RenderBlock {HTML} at (0,0) size 800x600
    RenderBody {BODY} at (8,8) size 784x584
      RenderBlock {P} at (0,0) size 784x40
        RenderText {#text} at (0,0) size 754x40
          text run at (0,0) width 754: "These tests to see if bidi text with a base writing direction of right to left is put onto the paste board in logical"
          text run at (0,20) width 92: "(DOM) order."
      RenderBlock {DIV} at (0,56) size 784x20
        RenderText {#text} at (680,0) size 104x20
          text run at (680,0) width 68 RTL: "\x{5E9}\x{5D3}\x{5D2}\x{5DB}:"
          text run at (748,0) width 36: "1234"
      RenderBlock {DIV} at (0,76) size 784x40
        RenderBlock {DIV} at (0,0) size 784x40
          RenderBlock {DIV} at (0,0) size 784x20
            RenderText {#text} at (0,0) size 104x20
              text run at (0,0) width 36: "1234"
              text run at (36,0) width 64 RTL: "\x{5E9}\x{5D3}\x{5D2}\x{5DB}"
              text run at (100,0) width 4: ":"
          RenderBlock {DIV} at (0,20) size 784x20
            RenderText {#text} at (680,0) size 104x20
              text run at (680,0) width 68 RTL: "\x{5E9}\x{5D3}\x{5D2}\x{5DB}:"
              text run at (748,0) width 36: "1234"
          RenderBlock (anonymous) at (0,40) size 784x0
caret: position 9 of child 0 {#text} of child 1 {DIV} of child 1 {DIV} of child 4 {DIV} of child 1 {BODY} of child 0 {HTML} of document
