EDITING DELEGATE: shouldBeginEditingInDOMRange:range from 0 of DIV > BODY > HTML > #document to 5 of DIV > BODY > HTML > #document
EDITING DELEGATE: webViewDidBeginEditing:WebViewDidBeginEditingNotification
EDITING DELEGATE: webViewDidChangeSelection:WebViewDidChangeSelectionNotification
EDITING DELEGATE: webViewDidChangeSelection:WebViewDidChangeSelectionNotification
EDITING DELEGATE: webViewDidChangeSelection:WebViewDidChangeSelectionNotification
EDITING DELEGATE: shouldInsertNode:#document-fragment replacingDOMRange:range from 0 of #text > B > SPAN > DIV > BODY > HTML > #document to 4 of #text > B > SPAN > DIV > BODY > HTML > #document givenAction:WebViewInsertActionPasted
EDITING DELEGATE: webViewDidChangeSelection:WebViewDidChangeSelectionNotification
EDITING DELEGATE: shouldChangeSelectedDOMRange:(null) toDOMRange:range from 4 of #text > B > SPAN > B > SPAN > DIV > BODY > HTML > #document to 4 of #text > B > SPAN > B > SPAN > DIV > BODY > HTML > #document affinity:NSSelectionAffinityDownstream stillSelecting:FALSE
EDITING DELEGATE: webViewDidChangeSelection:WebViewDidChangeSelectionNotification
EDITING DELEGATE: webViewDidChange:WebViewDidChangeNotification
layer at (0,0) size 800x600
  RenderView at (0,0) size 800x600
layer at (0,0) size 800x600
  RenderBlock {HTML} at (0,0) size 800x600
    RenderBody {BODY} at (8,8) size 784x584
      RenderBlock (anonymous) at (0,0) size 784x80
        RenderText {#text} at (0,0) size 217x20
          text run at (0,0) width 217: "This is a testcase for the fix for "
        RenderInline {A} at (0,0) size 379x20 [color=#0000EE]
          RenderText {#text} at (217,0) size 379x20
            text run at (217,0) width 379: "http://bugzilla.opendarwin.org/show_bug.cgi?id=7904"
        RenderText {#text} at (596,0) size 762x80
          text run at (596,0) width 4: "."
          text run at (0,20) width 754: "ReplaceSelectionCommand used to guess whether or not nodes in the fragment to be pasted were blocks. "
          text run at (754,20) width 8: "It"
          text run at (0,40) width 145: "now knows for sure. "
          text run at (145,40) width 588: "Before the fix, ReplaceSelectionCommand blew away content of the div below after"
          text run at (0,60) width 178: "copy/pasting it over itself."
      RenderBlock {HR} at (0,88) size 784x2 [border: (1px inset #000000)]
      RenderBlock {DIV} at (0,98) size 784x42
        RenderBlock {SPAN} at (0,0) size 784x21
          RenderInline {B} at (0,0) size 150x20
            RenderText {#text} at (0,0) size 150x20
              text run at (0,0) width 150: "This is a paragraph."
        RenderBlock {SPAN} at (0,21) size 784x21
          RenderInline {B} at (0,0) size 200x20
            RenderInline {SPAN} at (0,0) size 33x20
              RenderInline {B} at (0,0) size 33x20
                RenderText {#text} at (0,0) size 33x20
                  text run at (0,0) width 33: "This"
            RenderText {#text} at (33,0) size 167x20
              text run at (33,0) width 167: " is another paragraph."
caret: position 4 of child 0 {#text} of child 0 {B} of child 0 {SPAN} of child 0 {B} of child 2 {SPAN} of child 5 {DIV} of child 1 {BODY} of child 0 {HTML} of document
