EDITING DELEGATE: shouldBeginEditingInDOMRange:range from 0 of DIV > BODY > HTML > #document to 0 of DIV > BODY > HTML > #document
EDITING DELEGATE: webViewDidBeginEditing:WebViewDidBeginEditingNotification
EDITING DELEGATE: webViewDidChangeSelection:WebViewDidChangeSelectionNotification
EDITING DELEGATE: shouldChangeSelectedDOMRange:range from 0 of DIV > BODY > HTML > #document to 0 of DIV > BODY > HTML > #document toDOMRange:range from 0 of DIV > DIV > BODY > HTML > #document to 0 of DIV > DIV > BODY > HTML > #document affinity:NSSelectionAffinityDownstream stillSelecting:FALSE
EDITING DELEGATE: webViewDidChangeSelection:WebViewDidChangeSelectionNotification
EDITING DELEGATE: webViewDidChange:WebViewDidChangeNotification
layer at (0,0) size 800x600
  RenderView at (0,0) size 800x600
layer at (0,0) size 800x600
  RenderBlock {HTML} at (0,0) size 800x600
    RenderBody {BODY} at (8,8) size 784x584
      RenderBlock {P} at (0,0) size 784x60
        RenderText {#text} at (0,0) size 777x60
          text run at (0,0) width 506: "This demonstrates a bug in interchange newline handling during paste. "
          text run at (506,0) width 271: "There is an interchange newline at the"
          text run at (0,20) width 556: "end of the incoming fragment and so the caret should end up on an empty line. "
          text run at (556,20) width 218: "The editable region is followed"
          text run at (0,40) width 671: "by non-editable content, which breaks the old code in paste that handled interchange newlines."
      RenderBlock {DIV} at (0,76) size 784x60
        RenderBlock (anonymous) at (0,0) size 784x20
          RenderText {#text} at (0,0) size 22x20
            text run at (0,0) width 22: "foo"
        RenderBlock {DIV} at (0,20) size 784x20
          RenderText {#text} at (0,0) size 23x20
            text run at (0,0) width 23: "bar"
        RenderBlock {DIV} at (0,40) size 784x20
          RenderBR {BR} at (0,0) size 0x20
      RenderBlock (anonymous) at (0,136) size 784x20
        RenderText {#text} at (0,0) size 200x20
          text run at (0,0) width 200: "This is non-editable content."
caret: position 0 of child 0 {BR} of child 2 {DIV} of child 2 {DIV} of child 1 {BODY} of child 0 {HTML} of document
