EDITING DELEGATE: shouldBeginEditingInDOMRange:range from 0 of DIV > BODY > HTML > #document to 1 of DIV > BODY > HTML > #document
EDITING DELEGATE: webViewDidBeginEditing:WebViewDidBeginEditingNotification
EDITING DELEGATE: webViewDidChangeSelection:WebViewDidChangeSelectionNotification
EDITING DELEGATE: webViewDidChangeSelection:WebViewDidChangeSelectionNotification
EDITING DELEGATE: shouldChangeSelectedDOMRange:range from 1 of #text > DIV > BODY > HTML > #document to 1 of #text > DIV > BODY > HTML > #document toDOMRange:range from 0 of #text > DIV > BODY > HTML > #document to 0 of #text > DIV > BODY > HTML > #document affinity:NSSelectionAffinityDownstream stillSelecting:FALSE
EDITING DELEGATE: webViewDidChangeSelection:WebViewDidChangeSelectionNotification
EDITING DELEGATE: webViewDidChange:WebViewDidChangeNotification
layer at (0,0) size 800x600
  RenderView at (0,0) size 800x600
layer at (0,0) size 800x600
  RenderBlock {HTML} at (0,0) size 800x600
    RenderBody {BODY} at (8,8) size 784x584
      RenderBlock {P} at (0,0) size 784x60
        RenderText {#text} at (0,0) size 763x60
          text run at (0,0) width 763: "There is an interchange newline at the end of the incoming fragment, so the last bit of pasted content and the"
          text run at (0,20) width 601: "content after the position where the paste occured should be in separate paragraphs. "
          text run at (601,20) width 147: "The last bit of pasted"
          text run at (0,40) width 746: "content is a div wrapped in a span, which breaks the old code in paste that handled interchange newlines."
      RenderBlock {DIV} at (0,76) size 784x60
        RenderBlock (anonymous) at (0,0) size 784x20
          RenderText {#text} at (0,0) size 8x20
            text run at (0,0) width 8: "x"
          RenderInline {SPAN} at (0,0) size 22x20
            RenderText {#text} at (8,0) size 22x20
              text run at (8,0) width 22: "foo"
        RenderBlock (anonymous) at (0,20) size 784x20
          RenderBlock {DIV} at (0,0) size 784x20
            RenderText {#text} at (0,0) size 23x20
              text run at (0,0) width 23: "bar"
        RenderBlock (anonymous) at (0,40) size 784x20
          RenderInline {SPAN} at (0,0) size 0x0
          RenderText {#text} at (0,0) size 8x20
            text run at (0,0) width 8: "x"
caret: position 0 of child 2 {#text} of child 2 {DIV} of child 1 {BODY} of child 0 {HTML} of document
