EDITING DELEGATE: shouldBeginEditingInDOMRange:range from 0 of DIV > BODY > HTML > #document to 1 of DIV > BODY > HTML > #document
EDITING DELEGATE: webViewDidBeginEditing:WebViewDidBeginEditingNotification
EDITING DELEGATE: webViewDidChangeSelection:WebViewDidChangeSelectionNotification
EDITING DELEGATE: webViewDidChangeSelection:WebViewDidChangeSelectionNotification
EDITING DELEGATE: shouldChangeSelectedDOMRange:range from 1 of #text > DIV > BODY > HTML > #document to 1 of #text > DIV > BODY > HTML > #document toDOMRange:range from 3 of #text > DIV > BODY > HTML > #document to 3 of #text > DIV > BODY > HTML > #document affinity:NSSelectionAffinityDownstream stillSelecting:FALSE
EDITING DELEGATE: webViewDidChangeSelection:WebViewDidChangeSelectionNotification
EDITING DELEGATE: webViewDidChange:WebViewDidChangeNotification
layer at (0,0) size 800x600
  RenderView at (0,0) size 800x600
layer at (0,0) size 800x600
  RenderBlock {HTML} at (0,0) size 800x600
    RenderBody {BODY} at (8,8) size 784x584
      RenderBlock {P} at (0,0) size 784x20
        RenderText {#text} at (0,0) size 614x20
          text run at (0,0) width 382: "Tests for a case where paste's end merge was failing. "
          text run at (382,0) width 232: "You should see xfoo\\nbar\\nbazx."
      RenderBlock {DIV} at (0,36) size 784x60
        RenderBlock (anonymous) at (0,0) size 784x20
          RenderText {#text} at (0,0) size 8x20
            text run at (0,0) width 8: "x"
          RenderText {#text} at (8,0) size 22x20
            text run at (8,0) width 22: "foo"
        RenderBlock {DIV} at (0,20) size 784x20
          RenderText {#text} at (0,0) size 23x20
            text run at (0,0) width 23: "bar"
        RenderBlock (anonymous) at (0,40) size 784x20
          RenderText {#text} at (0,0) size 26x20
            text run at (0,0) width 26: "baz"
          RenderText {#text} at (26,0) size 8x20
            text run at (26,0) width 8: "x"
caret: position 3 of child 3 {#text} of child 2 {DIV} of child 1 {BODY} of child 0 {HTML} of document
