EDITING DELEGATE: shouldBeginEditingInDOMRange:range from 0 of DIV > BODY > HTML > #document to 1 of DIV > BODY > HTML > #document
EDITING DELEGATE: webViewDidBeginEditing:WebViewDidBeginEditingNotification
EDITING DELEGATE: webViewDidChangeSelection:WebViewDidChangeSelectionNotification
EDITING DELEGATE: webViewDidChangeSelection:WebViewDidChangeSelectionNotification
EDITING DELEGATE: shouldChangeSelectedDOMRange:range from 1 of #text > DIV > BODY > HTML > #document to 1 of #text > DIV > BODY > HTML > #document toDOMRange:range from 1 of #text > TD > TR > TBODY > TABLE > DIV > BODY > HTML > #document to 1 of #text > TD > TR > TBODY > TABLE > DIV > BODY > HTML > #document affinity:NSSelectionAffinityDownstream stillSelecting:FALSE
EDITING DELEGATE: webViewDidChangeSelection:WebViewDidChangeSelectionNotification
EDITING DELEGATE: webViewDidChange:WebViewDidChangeNotification
EDITING DELEGATE: shouldEndEditingInDOMRange:range from 0 of DIV > BODY > HTML > #document to 3 of DIV > BODY > HTML > #document
EDITING DELEGATE: webViewDidEndEditing:WebViewDidEndEditingNotification
EDITING DELEGATE: shouldBeginEditingInDOMRange:range from 0 of DIV > BODY > HTML > #document to 1 of DIV > BODY > HTML > #document
EDITING DELEGATE: webViewDidBeginEditing:WebViewDidBeginEditingNotification
EDITING DELEGATE: webViewDidChangeSelection:WebViewDidChangeSelectionNotification
EDITING DELEGATE: webViewDidChangeSelection:WebViewDidChangeSelectionNotification
EDITING DELEGATE: webViewDidChangeSelection:WebViewDidChangeSelectionNotification
EDITING DELEGATE: shouldChangeSelectedDOMRange:(null) toDOMRange:range from 3 of #text > DIV > TD > TR > TBODY > TABLE > DIV > BODY > HTML > #document to 3 of #text > DIV > TD > TR > TBODY > TABLE > DIV > BODY > HTML > #document affinity:NSSelectionAffinityDownstream stillSelecting:FALSE
EDITING DELEGATE: webViewDidChangeSelection:WebViewDidChangeSelectionNotification
EDITING DELEGATE: webViewDidChange:WebViewDidChangeNotification
layer at (0,0) size 800x600
  RenderView at (0,0) size 800x600
layer at (0,0) size 800x600
  RenderBlock {HTML} at (0,0) size 800x600
    RenderBody {BODY} at (8,8) size 784x584
      RenderBlock {P} at (0,0) size 784x20
        RenderText {#text} at (0,0) size 587x20
          text run at (0,0) width 587: "This tests pasting a table into a position that would normally result in an end merge."
      RenderBlock {DIV} at (0,36) size 784x70
        RenderBlock (anonymous) at (0,0) size 784x20
          RenderText {#text} at (0,0) size 8x20
            text run at (0,0) width 8: "x"
        RenderTable {TABLE} at (0,20) size 34x30 [border: (1px outset #808080)]
          RenderTableSection {TBODY} at (1,1) size 32x28
            RenderTableRow {TR} at (0,2) size 32x24
              RenderTableCell {TD} at (2,2) size 13x24 [border: (1px inset #808080)] [r=0 c=0 rs=1 cs=1]
                RenderText {#text} at (2,2) size 9x20
                  text run at (2,2) width 9: "1"
              RenderTableCell {TD} at (17,2) size 13x24 [border: (1px inset #808080)] [r=0 c=1 rs=1 cs=1]
                RenderText {#text} at (2,2) size 9x20
                  text run at (2,2) width 9: "2"
        RenderBlock (anonymous) at (0,50) size 784x20
          RenderText {#text} at (0,0) size 8x20
            text run at (0,0) width 8: "x"
      RenderBlock {P} at (0,122) size 784x40
        RenderText {#text} at (0,0) size 766x40
          text run at (0,0) width 272: "This tests pasting text into a table cell. "
          text run at (272,0) width 494: "The last bit of content in the incoming fragment should be merged with"
          text run at (0,20) width 350: "the paragraph after the position being pasted into."
      RenderBlock {DIV} at (0,178) size 784x50
        RenderTable {TABLE} at (0,0) size 111x50 [border: (1px outset #808080)]
          RenderTableSection {TBODY} at (1,1) size 109x48
            RenderTableRow {TR} at (0,2) size 109x44
              RenderTableCell {TD} at (2,2) size 56x44 [border: (1px inset #808080)] [r=0 c=0 rs=1 cs=1]
                RenderBlock {DIV} at (2,2) size 52x20
                  RenderText {#text} at (0,0) size 30x20
                    text run at (0,0) width 30: "Item"
                  RenderText {#text} at (30,0) size 22x20
                    text run at (30,0) width 22: "foo"
                RenderBlock {DIV} at (2,22) size 52x20
                  RenderText {#text} at (0,0) size 23x20
                    text run at (0,0) width 23: "bar"
                  RenderText {#text} at (23,0) size 13x20
                    text run at (23,0) width 13: " 1"
              RenderTableCell {TD} at (60,12) size 47x24 [border: (1px inset #808080)] [r=0 c=1 rs=1 cs=1]
                RenderText {#text} at (2,2) size 43x20
                  text run at (2,2) width 43: "Item 2"
caret: position 3 of child 0 {#text} of child 1 {DIV} of child 0 {TD} of child 0 {TR} of child 0 {TBODY} of child 0 {TABLE} of child 10 {DIV} of child 1 {BODY} of child 0 {HTML} of document
