EDITING DELEGATE: shouldBeginEditingInDOMRange:range from 0 of DIV > BODY > HTML > #document to 2 of DIV > BODY > HTML > #document
EDITING DELEGATE: webViewDidBeginEditing:WebViewDidBeginEditingNotification
EDITING DELEGATE: webViewDidChangeSelection:WebViewDidChangeSelectionNotification
EDITING DELEGATE: webViewDidChangeSelection:WebViewDidChangeSelectionNotification
EDITING DELEGATE: webViewDidChangeSelection:WebViewDidChangeSelectionNotification
EDITING DELEGATE: webViewDidChangeSelection:WebViewDidChangeSelectionNotification
EDITING DELEGATE: webViewDidChangeSelection:WebViewDidChangeSelectionNotification
EDITING DELEGATE: webViewDidChangeSelection:WebViewDidChangeSelectionNotification
EDITING DELEGATE: shouldChangeSelectedDOMRange:(null) toDOMRange:range from 36 of #text > DIV > DIV > BODY > HTML > #document to 36 of #text > DIV > DIV > BODY > HTML > #document affinity:NSSelectionAffinityDownstream stillSelecting:FALSE
EDITING DELEGATE: webViewDidChangeSelection:WebViewDidChangeSelectionNotification
EDITING DELEGATE: webViewDidChange:WebViewDidChangeNotification
layer at (0,0) size 800x600
  RenderView at (0,0) size 800x600
layer at (0,0) size 800x600
  RenderBlock {HTML} at (0,0) size 800x600
    RenderBody {BODY} at (8,8) size 784x584
      RenderBlock {P} at (0,0) size 784x40
        RenderText {#text} at (0,0) size 742x40
          text run at (0,0) width 742: "Pasting a paragraph or less into a selection that spans multiple blocks should insert content into the block"
          text run at (0,20) width 249: "containing the start of the selection."
      RenderBlock {DIV} at (0,56) size 784x22
        RenderBlock {DIV} at (0,0) size 784x22 [border: (1px solid #FF0000)]
          RenderText {#text} at (1,1) size 35x20
            text run at (1,1) width 35: "This "
          RenderText {#text} at (36,1) size 260x20
            text run at (36,1) width 260: "text should have a red border around"
          RenderText {#text} at (296,1) size 16x20
            text run at (296,1) width 16: " it."
caret: position 36 of child 1 {#text} of child 0 {DIV} of child 2 {DIV} of child 1 {BODY} of child 0 {HTML} of document
