EDITING DELEGATE: shouldBeginEditingInDOMRange:range from 0 of DIV > BODY > HTML > #document to 1 of DIV > BODY > HTML > #document
EDITING DELEGATE: webViewDidBeginEditing:WebViewDidBeginEditingNotification
EDITING DELEGATE: webViewDidChangeSelection:WebViewDidChangeSelectionNotification
EDITING DELEGATE: shouldChangeSelectedDOMRange:range from 16 of #text > DIV > BODY > HTML > #document to 16 of #text > DIV > BODY > HTML > #document toDOMRange:range from 16 of #text > DIV > BODY > HTML > #document to 16 of #text > DIV > BODY > HTML > #document affinity:NSSelectionAffinityDownstream stillSelecting:FALSE
EDITING DELEGATE: webViewDidChangeSelection:WebViewDidChangeSelectionNotification
EDITING DELEGATE: webViewDidChange:WebViewDidChangeNotification
EDITING DELEGATE: shouldEndEditingInDOMRange:range from 0 of DIV > BODY > HTML > #document to 2 of DIV > BODY > HTML > #document
EDITING DELEGATE: webViewDidEndEditing:WebViewDidEndEditingNotification
EDITING DELEGATE: shouldBeginEditingInDOMRange:range from 0 of DIV > BODY > HTML > #document to 1 of DIV > BODY > HTML > #document
EDITING DELEGATE: webViewDidBeginEditing:WebViewDidBeginEditingNotification
EDITING DELEGATE: webViewDidChangeSelection:WebViewDidChangeSelectionNotification
EDITING DELEGATE: webViewDidChangeSelection:WebViewDidChangeSelectionNotification
EDITING DELEGATE: webViewDidChangeSelection:WebViewDidChangeSelectionNotification
EDITING DELEGATE: shouldChangeSelectedDOMRange:(null) toDOMRange:range from 3 of #text > DIV > BLOCKQUOTE > DIV > BODY > HTML > #document to 3 of #text > DIV > BLOCKQUOTE > DIV > BODY > HTML > #document affinity:NSSelectionAffinityDownstream stillSelecting:FALSE
EDITING DELEGATE: webViewDidChangeSelection:WebViewDidChangeSelectionNotification
EDITING DELEGATE: webViewDidChange:WebViewDidChangeNotification
layer at (0,0) size 800x600
  RenderView at (0,0) size 800x600
layer at (0,0) size 800x600
  RenderBlock {HTML} at (0,0) size 800x600
    RenderBody {BODY} at (8,8) size 784x576
      RenderBlock {P} at (0,0) size 784x20
        RenderText {#text} at (0,0) size 677x20
          text run at (0,0) width 445: "This tests pasting a Mail blockquote at the start of a paragraph. "
          text run at (445,0) width 232: "Blockquoting should be stripped."
      RenderBlock {DIV} at (0,36) size 784x20
        RenderText {#text} at (0,0) size 124x20
          text run at (0,0) width 124: "Blockquoted Text"
        RenderText {#text} at (124,0) size 8x20
          text run at (124,0) width 8: "x"
      RenderBlock {P} at (0,72) size 784x40
        RenderText {#text} at (0,0) size 781x40
          text run at (0,0) width 320: "This tests pasting text into a Mail blockquote. "
          text run at (320,0) width 461: "The last bit of content in the incoming fragment should be merged"
          text run at (0,20) width 383: "with the paragraph after the position being pasted into."
      RenderBlock {DIV} at (0,128) size 784x56
        RenderBlock {BLOCKQUOTE} at (40,0) size 704x20
          RenderBlock {DIV} at (0,0) size 704x20
            RenderText {#text} at (0,0) size 89x20
              text run at (0,0) width 89: "Blockquoted"
            RenderText {#text} at (89,0) size 22x20
              text run at (89,0) width 22: "foo"
        RenderBlock (anonymous) at (0,36) size 784x0
        RenderBlock {BLOCKQUOTE} at (40,36) size 704x20
          RenderBlock {DIV} at (0,0) size 704x20
            RenderText {#text} at (0,0) size 23x20
              text run at (0,0) width 23: "bar"
            RenderText {#text} at (23,0) size 31x20
              text run at (23,0) width 31: "Text"
caret: position 3 of child 0 {#text} of child 0 {DIV} of child 1 {BLOCKQUOTE} of child 10 {DIV} of child 1 {BODY} of child 0 {HTML} of document
