EDITING DELEGATE: shouldBeginEditingInDOMRange:range from 0 of BODY > HTML > #document to 5 of BODY > HTML > #document
EDITING DELEGATE: webViewDidBeginEditing:WebViewDidBeginEditingNotification
EDITING DELEGATE: webViewDidChangeSelection:WebViewDidChangeSelectionNotification
EDITING DELEGATE: shouldChangeSelectedDOMRange:range from 0 of BODY > HTML > #document to 0 of BODY > HTML > #document toDOMRange:range from 1 of #text > BODY > HTML > #document to 2 of BODY > HTML > #document affinity:NSSelectionAffinityDownstream stillSelecting:FALSE
EDITING DELEGATE: webViewDidChangeSelection:WebViewDidChangeSelectionNotification
EDITING DELEGATE: webViewDidChangeSelection:WebViewDidChangeSelectionNotification
EDITING DELEGATE: webViewDidChangeSelection:WebViewDidChangeSelectionNotification
EDITING DELEGATE: shouldChangeSelectedDOMRange:(null) toDOMRange:range from 1 of #text > SPAN > DIV > DIV > BODY > HTML > #document to 1 of #text > SPAN > DIV > DIV > BODY > HTML > #document affinity:NSSelectionAffinityDownstream stillSelecting:FALSE
EDITING DELEGATE: webViewDidChangeSelection:WebViewDidChangeSelectionNotification
EDITING DELEGATE: webViewDidChange:WebViewDidChangeNotification
layer at (0,0) size 800x600
  RenderView at (0,0) size 800x600
layer at (0,0) size 800x600
  RenderBlock {HTML} at (0,0) size 800x600
    RenderBody {BODY} at (8,8) size 784x584
      RenderBlock (anonymous) at (0,0) size 784x19
        RenderText {#text} at (0,0) size 542x19
          text run at (0,0) width 542: "These demonstrate 11475: the '\\n's at the end of the fragment should be unrendered."
        RenderBR {BR} at (542,14) size 0x0
      RenderBlock {DIV} at (0,19) size 784x38
        RenderText {#text} at (26,0) size 731x38
          text run at (26,0) width 731: "This test checks that pasing in a combination of nested blocks where one starts with a text field doesn't crash or fail "
          text run at (357,19) width 69: "assertions."
      RenderBlock {DIV} at (0,57) size 784x29
        RenderBlock {DIV} at (0,0) size 784x29
          RenderTextControl {INPUT} at (302,2) size 168x25 [border: (2px inset #000000)]
          RenderText {#text} at (472,5) size 4x19
            text run at (472,5) width 4: " "
          RenderInline {SPAN} at (0,0) size 7x19
            RenderText {#text} at (476,5) size 7x19
              text run at (476,5) width 7: "x"
          RenderText {#text} at (0,0) size 0x0
      RenderBlock (anonymous) at (0,86) size 784x0
layer at (313,70) size 162x19
  RenderBlock {DIV} at (3,3) size 162x19
caret: position 1 of child 0 {#text} of child 3 {SPAN} of child 1 {DIV} of child 4 {DIV} of child 1 {BODY} of child 0 {HTML} of document
