layer at (0,0) size 800x600
  RenderView at (0,0) size 800x600
layer at (0,0) size 800x600
  RenderBlock {HTML} at (0,0) size 800x600
    RenderBody {BODY} at (8,8) size 784x584
      RenderBlock {DIV} at (0,0) size 784x156
        RenderBlock {DIV} at (0,0) size 784x136
          RenderBlock {P} at (0,0) size 784x20
            RenderText {#text} at (0,0) size 678x20
              text run at (0,0) width 678: "This tests pasting a blockquote into a blockquote. Nothing below should be double-blockquoted."
          RenderBlock {BLOCKQUOTE} at (0,36) size 784x80 [color=#0000FF] [border: (2px solid #0000FF)]
            RenderText {#text} at (22,0) size 27x20
              text run at (22,0) width 27: "one"
            RenderBR {BR} at (49,16) size 0x0
            RenderText {#text} at (22,20) size 25x20
              text run at (22,20) width 25: "two"
            RenderBR {BR} at (47,36) size 0x0
            RenderText {#text} at (22,40) size 36x20
              text run at (22,40) width 36: "three"
            RenderBR {BR} at (58,56) size 0x0
            RenderText {#text} at (22,60) size 25x20
              text run at (22,60) width 25: "two"
          RenderBlock (anonymous) at (0,116) size 784x0
          RenderBlock {BLOCKQUOTE} at (0,116) size 784x20 [color=#0000FF] [border: (2px solid #0000FF)]
            RenderBR {BR} at (22,0) size 0x20
        RenderBlock (anonymous) at (0,136) size 784x20
          RenderBR {BR} at (0,0) size 0x20
caret: position 3 of child 6 {#text} of child 3 {BLOCKQUOTE} of child 1 {DIV} of child 1 {DIV} of child 1 {BODY} of child 0 {HTML} of document
