EDITING DELEGATE: shouldBeginEditingInDOMRange:range from 0 of DIV > BODY > HTML > #document to 3 of DIV > BODY > HTML > #document
EDITING DELEGATE: webViewDidBeginEditing:WebViewDidBeginEditingNotification
EDITING DELEGATE: webViewDidChangeSelection:WebViewDidChangeSelectionNotification
EDITING DELEGATE: shouldChangeSelectedDOMRange:range from 0 of PRE > DIV > DIV > BODY > HTML > #document to 0 of PRE > DIV > DIV > BODY > HTML > #document toDOMRange:range from 0 of #text > PRE > DIV > DIV > BODY > HTML > #document to 7 of #text > PRE > DIV > DIV > BODY > HTML > #document affinity:NSSelectionAffinityDownstream stillSelecting:FALSE
EDITING DELEGATE: webViewDidChangeSelection:WebViewDidChangeSelectionNotification
EDITING DELEGATE: shouldInsertNode:#document-fragment replacingDOMRange:range from 0 of #text > PRE > DIV > DIV > BODY > HTML > #document to 7 of #text > PRE > DIV > DIV > BODY > HTML > #document givenAction:WebViewInsertActionPasted
EDITING DELEGATE: webViewDidChangeSelection:WebViewDidChangeSelectionNotification
EDITING DELEGATE: shouldChangeSelectedDOMRange:(null) toDOMRange:range from 7 of #text > PRE > SPAN > PRE > DIV > DIV > BODY > HTML > #document to 7 of #text > PRE > SPAN > PRE > DIV > DIV > BODY > HTML > #document affinity:NSSelectionAffinityDownstream stillSelecting:FALSE
EDITING DELEGATE: webViewDidChangeSelection:WebViewDidChangeSelectionNotification
EDITING DELEGATE: webViewDidChange:WebViewDidChangeNotification
layer at (0,0) size 800x600
  RenderView at (0,0) size 800x600
layer at (0,0) size 800x600
  RenderBlock {HTML} at (0,0) size 800x600
    RenderBody {BODY} at (8,8) size 784x579
      RenderBlock {DIV} at (0,0) size 784x40
        RenderText {#text} at (0,0) size 162x20
          text run at (0,0) width 162: "This is a layout test for "
        RenderInline {A} at (0,0) size 165x20 [color=#0000EE]
          RenderText {#text} at (162,0) size 165x20
            text run at (162,0) width 165: "rdar://problem/4370209"
        RenderText {#text} at (327,0) size 761x40
          text run at (327,0) width 434: " \"Reproducible crash when pasting over whitespace:pre text\"."
          text run at (0,20) width 407: "The text below is selected, copied, and pasted over itself. "
          text run at (407,20) width 227: "You'll see foo/nbar if successful."
      RenderBlock {DIV} at (0,53) size 784x32
        RenderBlock {DIV} at (0,0) size 784x32
          RenderBlock {PRE} at (0,0) size 784x32
            RenderBlock (anonymous) at (0,0) size 784x0
              RenderInline {SPAN} at (0,0) size 0x0
            RenderBlock (anonymous) at (0,0) size 784x32
              RenderBlock {PRE} at (0,0) size 784x32
                RenderText {#text} at (0,0) size 18x32
                  text run at (0,0) width 18: "foo"
                  text run at (18,0) width 0: " "
                  text run at (0,16) width 18: "bar"
            RenderBlock (anonymous) at (0,45) size 784x0
              RenderInline {SPAN} at (0,0) size 0x0
caret: position 7 of child 0 {#text} of child 0 {PRE} of child 0 {SPAN} of child 1 {PRE} of child 1 {DIV} of child 3 {DIV} of child 1 {BODY} of child 0 {HTML} of document
