EDITING DELEGATE: shouldBeginEditingInDOMRange:range from 0 of DIV > BODY > HTML > #document to 1 of DIV > BODY > HTML > #document
EDITING DELEGATE: webViewDidBeginEditing:WebViewDidBeginEditingNotification
EDITING DELEGATE: webViewDidChangeSelection:WebViewDidChangeSelectionNotification
EDITING DELEGATE: webViewDidChangeSelection:WebViewDidChangeSelectionNotification
EDITING DELEGATE: shouldChangeSelectedDOMRange:range from 61 of #text > DIV > DIV > BODY > HTML > #document to 61 of #text > DIV > DIV > BODY > HTML > #document toDOMRange:range from 1 of DIV > BODY > HTML > #document to 1 of DIV > BODY > HTML > #document affinity:NSSelectionAffinityDownstream stillSelecting:FALSE
EDITING DELEGATE: webViewDidChangeSelection:WebViewDidChangeSelectionNotification
EDITING DELEGATE: webViewDidChange:WebViewDidChangeNotification
layer at (0,0) size 800x600
  RenderView at (0,0) size 800x600
layer at (0,0) size 800x600
  RenderBlock {HTML} at (0,0) size 800x600
    RenderBody {BODY} at (8,8) size 784x584
      RenderBlock {P} at (0,0) size 784x60
        RenderText {#text} at (0,0) size 779x60
          text run at (0,0) width 741: "This is a test to make sure that the final <br> in an incoming fragment is interpretted strictly in quirks mode"
          text run at (0,20) width 329: "(where brs at the end of blocks are collapsed). "
          text run at (329,20) width 450: "This test used to fail because of unrendered content to the left of"
          text run at (0,40) width 117: "the collapsed br."
      RenderBlock {DIV} at (0,76) size 784x40
        RenderBlock {DIV} at (0,0) size 784x20
          RenderText {#text} at (0,0) size 418x20
            text run at (0,0) width 418: "The test should add a single blank line after this paragraph."
          RenderInline {SPAN} at (0,0) size 0x20
          RenderBR {BR} at (418,16) size 0x0
        RenderBlock (anonymous) at (0,20) size 784x20
          RenderBR {BR} at (0,0) size 0x20
caret: position 0 of child 1 {BR} of child 2 {DIV} of child 1 {BODY} of child 0 {HTML} of document
