layer at (0,0) size 800x1441
  RenderView at (0,0) size 800x600
layer at (0,0) size 800x1441
  RenderBlock {HTML} at (0,0) size 800x1441
    RenderBody {BODY} at (8,8) size 784x1425
      RenderBlock {H1} at (0,0) size 784x35
        RenderText {#text} at (0,0) size 546x35
          text run at (0,0) width 546: "Example 6: Table Stress Test"
      RenderBlock {PRE} at (0,57) size 784x21 [color=#FF0000]
        RenderText {#text} at (0,0) size 340x21
          text run at (0,0) width 340: "Resize document for maximum effect"
      RenderBlock (anonymous) at (0,95) size 784x18
        RenderBR {BR} at (0,0) size 0x18
      RenderBlock {H2} at (0,134) size 784x27
        RenderText {#text} at (0,0) size 746x27
          text run at (0,0) width 746: "Auto-width tables with spans nested 8 levels deep"
      RenderTable {TABLE} at (0,182) size 784x440 [bgcolor=#FF0000] [border: (1px outset #808080)]
        RenderTableSection {TBODY} at (1,1) size 782x438
          RenderTableRow {TR} at (0,2) size 782x22
            RenderTableCell {TD} at (2,2) size 36x22 [border: (1px inset #808080)] [r=0 c=0 rs=1 cs=1]
              RenderText {#text} at (2,2) size 32x18
                text run at (2,2) width 32: "Cell"
            RenderTableCell {TD} at (40,2) size 740x410 [border: (1px inset #808080)] [r=0 c=1 rs=2 cs=2]
              RenderTable {TABLE} at (2,2) size 736x406 [bgcolor=#ADD8E6] [border: (1px outset #808080)]
                RenderTableSection {TBODY} at (1,1) size 734x404
                  RenderTableRow {TR} at (0,2) size 734x22
                    RenderTableCell {TD} at (2,2) size 36x22 [border: (1px inset #808080)] [r=0 c=0 rs=1 cs=1]
                      RenderText {#text} at (2,2) size 32x18
                        text run at (2,2) width 32: "Cell"
                    RenderTableCell {TD} at (40,2) size 692x358 [border: (1px inset #808080)] [r=0 c=1 rs=2 cs=2]
                      RenderTable {TABLE} at (2,2) size 688x354 [bgcolor=#90EE90] [border: (1px outset #808080)]
                        RenderTableSection {TBODY} at (1,1) size 686x352
                          RenderTableRow {TR} at (0,2) size 686x22
                            RenderTableCell {TD} at (2,2) size 36x22 [border: (1px inset #808080)] [r=0 c=0 rs=1 cs=1]
                              RenderText {#text} at (2,2) size 32x18
                                text run at (2,2) width 32: "Cell"
                            RenderTableCell {TD} at (40,2) size 644x306 [border: (1px inset #808080)] [r=0 c=1 rs=2 cs=2]
                              RenderTable {TABLE} at (2,2) size 640x302 [border: (1px outset #808080)]
                                RenderTableSection {TBODY} at (1,1) size 638x300
                                  RenderTableRow {TR} at (0,2) size 638x22
                                    RenderTableCell {TD} at (2,2) size 36x22 [border: (1px inset #808080)] [r=0 c=0 rs=1 cs=1]
                                      RenderText {#text} at (2,2) size 32x18
                                        text run at (2,2) width 32: "Cell"
                                    RenderTableCell {TD} at (40,2) size 596x254 [border: (1px inset #808080)] [r=0 c=1 rs=2 cs=2]
                                      RenderTable {TABLE} at (2,2) size 592x250 [bgcolor=#FFA500] [border: (1px outset #808080)]
                                        RenderTableSection {TBODY} at (1,1) size 590x248
                                          RenderTableRow {TR} at (0,2) size 590x22
                                            RenderTableCell {TD} at (2,2) size 36x22 [border: (1px inset #808080)] [r=0 c=0 rs=1 cs=1]
                                              RenderText {#text} at (2,2) size 32x18
                                                text run at (2,2) width 32: "Cell"
                                            RenderTableCell {TD} at (40,2) size 548x202 [border: (1px inset #808080)] [r=0 c=1 rs=2 cs=2]
                                              RenderTable {TABLE} at (2,2) size 544x198 [bgcolor=#FF0000] [border: (1px outset #808080)]
                                                RenderTableSection {TBODY} at (1,1) size 542x196
                                                  RenderTableRow {TR} at (0,2) size 542x22
                                                    RenderTableCell {TD} at (2,2) size 36x22 [border: (1px inset #808080)] [r=0 c=0 rs=1 cs=1]
                                                      RenderText {#text} at (2,2) size 32x18
                                                        text run at (2,2) width 32: "Cell"
                                                    RenderTableCell {TD} at (40,2) size 500x150 [border: (1px inset #808080)] [r=0 c=1 rs=2 cs=2]
                                                      RenderTable {TABLE} at (2,2) size 496x146 [bgcolor=#ADD8E6] [border: (1px outset #808080)]
                                                        RenderTableSection {TBODY} at (1,1) size 494x144
                                                          RenderTableRow {TR} at (0,2) size 494x22
                                                            RenderTableCell {TD} at (2,2) size 36x22 [border: (1px inset #808080)] [r=0 c=0 rs=1 cs=1]
                                                              RenderText {#text} at (2,2) size 32x18
                                                                text run at (2,2) width 32: "Cell"
                                                            RenderTableCell {TD} at (40,2) size 452x98 [border: (1px inset #808080)] [r=0 c=1 rs=2 cs=2]
                                                              RenderTable {TABLE} at (2,2) size 448x94 [bgcolor=#90EE90] [border: (1px outset #808080)]
                                                                RenderTableSection {TBODY} at (1,1) size 446x92
                                                                  RenderTableRow {TR} at (0,2) size 446x22
                                                                    RenderTableCell {TD} at (2,2) size 36x22 [border: (1px inset #808080)] [r=0 c=0 rs=1 cs=1]
                                                                      RenderText {#text} at (2,2) size 32x18
                                                                        text run at (2,2) width 32: "Cell"
                                                                    RenderTableCell {TD} at (40,5) size 404x40 [border: (1px inset #808080)] [r=0 c=1 rs=2 cs=2]
                                                                      RenderText {#text} at (2,2) size 396x36
                                                                        text run at (2,2) width 396: "Cell, and stuff to test out table cell layout. This"
                                                                        text run at (2,20) width 130: "should be long "
                                                                        text run at (132,20) width 162: "enough for testing."
                                                                  RenderTableRow {TR} at (0,26) size 446x22
                                                                    RenderTableCell {TD} at (2,26) size 36x22 [border: (1px inset #808080)] [r=1 c=0 rs=1 cs=1]
                                                                      RenderText {#text} at (2,2) size 32x18
                                                                        text run at (2,2) width 32: "Cell"
                                                                  RenderTableRow {TR} at (0,50) size 446x40
                                                                    RenderTableCell {TD} at (2,59) size 36x22 [border: (1px inset #808080)] [r=2 c=0 rs=1 cs=1]
                                                                      RenderText {#text} at (2,2) size 32x18
                                                                        text run at (2,2) width 32: "Cell"
                                                                    RenderTableCell {TD} at (40,50) size 366x40 [border: (1px inset #808080)] [r=2 c=1 rs=1 cs=1]
                                                                      RenderText {#text} at (2,2) size 356x36
                                                                        text run at (2,2) width 356: "Cell, and stuff to test out table cell layout."
                                                                        text run at (2,20) width 171: "This should be long "
                                                                        text run at (173,20) width 162: "enough for testing."
                                                                    RenderTableCell {TD} at (408,59) size 36x22 [border: (1px inset #808080)] [r=2 c=2 rs=1 cs=1]
                                                                      RenderText {#text} at (2,2) size 32x18
                                                                        text run at (2,2) width 32: "Cell"
                                                          RenderTableRow {TR} at (0,26) size 494x74
                                                            RenderTableCell {TD} at (2,52) size 36x22 [border: (1px inset #808080)] [r=1 c=0 rs=1 cs=1]
                                                              RenderText {#text} at (2,2) size 32x18
                                                                text run at (2,2) width 32: "Cell"
                                                          RenderTableRow {TR} at (0,102) size 494x40
                                                            RenderTableCell {TD} at (2,111) size 36x22 [border: (1px inset #808080)] [r=2 c=0 rs=1 cs=1]
                                                              RenderText {#text} at (2,2) size 32x18
                                                                text run at (2,2) width 32: "Cell"
                                                            RenderTableCell {TD} at (40,102) size 414x40 [border: (1px inset #808080)] [r=2 c=1 rs=1 cs=1]
                                                              RenderText {#text} at (2,2) size 396x36
                                                                text run at (2,2) width 396: "Cell, and stuff to test out table cell layout. This"
                                                                text run at (2,20) width 130: "should be long "
                                                                text run at (132,20) width 162: "enough for testing."
                                                            RenderTableCell {TD} at (456,111) size 36x22 [border: (1px inset #808080)] [r=2 c=2 rs=1 cs=1]
                                                              RenderText {#text} at (2,2) size 32x18
                                                                text run at (2,2) width 32: "Cell"
                                                  RenderTableRow {TR} at (0,26) size 542x126
                                                    RenderTableCell {TD} at (2,78) size 36x22 [border: (1px inset #808080)] [r=1 c=0 rs=1 cs=1]
                                                      RenderText {#text} at (2,2) size 32x18
                                                        text run at (2,2) width 32: "Cell"
                                                  RenderTableRow {TR} at (0,154) size 542x40
                                                    RenderTableCell {TD} at (2,163) size 36x22 [border: (1px inset #808080)] [r=2 c=0 rs=1 cs=1]
                                                      RenderText {#text} at (2,2) size 32x18
                                                        text run at (2,2) width 32: "Cell"
                                                    RenderTableCell {TD} at (40,154) size 462x40 [border: (1px inset #808080)] [r=2 c=1 rs=1 cs=1]
                                                      RenderText {#text} at (2,2) size 458x36
                                                        text run at (2,2) width 458: "Cell, and stuff to test out table cell layout. This should"
                                                        text run at (2,20) width 68: "be long "
                                                        text run at (70,20) width 162: "enough for testing."
                                                    RenderTableCell {TD} at (504,163) size 36x22 [border: (1px inset #808080)] [r=2 c=2 rs=1 cs=1]
                                                      RenderText {#text} at (2,2) size 32x18
                                                        text run at (2,2) width 32: "Cell"
                                          RenderTableRow {TR} at (0,26) size 590x178
                                            RenderTableCell {TD} at (2,104) size 36x22 [border: (1px inset #808080)] [r=1 c=0 rs=1 cs=1]
                                              RenderText {#text} at (2,2) size 32x18
                                                text run at (2,2) width 32: "Cell"
                                          RenderTableRow {TR} at (0,206) size 590x40
                                            RenderTableCell {TD} at (2,215) size 36x22 [border: (1px inset #808080)] [r=2 c=0 rs=1 cs=1]
                                              RenderText {#text} at (2,2) size 32x18
                                                text run at (2,2) width 32: "Cell"
                                            RenderTableCell {TD} at (40,206) size 510x40 [border: (1px inset #808080)] [r=2 c=1 rs=1 cs=1]
                                              RenderText {#text} at (2,2) size 484x36
                                                text run at (2,2) width 484: "Cell, and stuff to test out table cell layout. This should be"
                                                text run at (2,20) width 42: "long "
                                                text run at (44,20) width 162: "enough for testing."
                                            RenderTableCell {TD} at (552,215) size 36x22 [border: (1px inset #808080)] [r=2 c=2 rs=1 cs=1]
                                              RenderText {#text} at (2,2) size 32x18
                                                text run at (2,2) width 32: "Cell"
                                  RenderTableRow {TR} at (0,26) size 638x230
                                    RenderTableCell {TD} at (2,130) size 36x22 [border: (1px inset #808080)] [r=1 c=0 rs=1 cs=1]
                                      RenderText {#text} at (2,2) size 32x18
                                        text run at (2,2) width 32: "Cell"
                                  RenderTableRow {TR} at (0,258) size 638x40
                                    RenderTableCell {TD} at (2,267) size 36x22 [border: (1px inset #808080)] [r=2 c=0 rs=1 cs=1]
                                      RenderText {#text} at (2,2) size 32x18
                                        text run at (2,2) width 32: "Cell"
                                    RenderTableCell {TD} at (40,258) size 558x40 [border: (1px inset #808080)] [r=2 c=1 rs=1 cs=1]
                                      RenderText {#text} at (2,2) size 526x36
                                        text run at (2,2) width 526: "Cell, and stuff to test out table cell layout. This should be long"
                                        text run at (2,20) width 162: "enough for testing."
                                    RenderTableCell {TD} at (600,267) size 36x22 [border: (1px inset #808080)] [r=2 c=2 rs=1 cs=1]
                                      RenderText {#text} at (2,2) size 32x18
                                        text run at (2,2) width 32: "Cell"
                          RenderTableRow {TR} at (0,26) size 686x282
                            RenderTableCell {TD} at (2,156) size 36x22 [border: (1px inset #808080)] [r=1 c=0 rs=1 cs=1]
                              RenderText {#text} at (2,2) size 32x18
                                text run at (2,2) width 32: "Cell"
                          RenderTableRow {TR} at (0,310) size 686x40
                            RenderTableCell {TD} at (2,319) size 36x22 [border: (1px inset #808080)] [r=2 c=0 rs=1 cs=1]
                              RenderText {#text} at (2,2) size 32x18
                                text run at (2,2) width 32: "Cell"
                            RenderTableCell {TD} at (40,310) size 606x40 [border: (1px inset #808080)] [r=2 c=1 rs=1 cs=1]
                              RenderText {#text} at (2,2) size 595x36
                                text run at (2,2) width 531: "Cell, and stuff to test out table cell layout. This should be long "
                                text run at (533,2) width 64: "enough"
                                text run at (2,20) width 93: "for testing."
                            RenderTableCell {TD} at (648,319) size 36x22 [border: (1px inset #808080)] [r=2 c=2 rs=1 cs=1]
                              RenderText {#text} at (2,2) size 32x18
                                text run at (2,2) width 32: "Cell"
                  RenderTableRow {TR} at (0,26) size 734x334
                    RenderTableCell {TD} at (2,182) size 36x22 [border: (1px inset #808080)] [r=1 c=0 rs=1 cs=1]
                      RenderText {#text} at (2,2) size 32x18
                        text run at (2,2) width 32: "Cell"
                  RenderTableRow {TR} at (0,362) size 734x40
                    RenderTableCell {TD} at (2,371) size 36x22 [border: (1px inset #808080)] [r=2 c=0 rs=1 cs=1]
                      RenderText {#text} at (2,2) size 32x18
                        text run at (2,2) width 32: "Cell"
                    RenderTableCell {TD} at (40,362) size 654x40 [border: (1px inset #808080)] [r=2 c=1 rs=1 cs=1]
                      RenderText {#text} at (2,2) size 623x36
                        text run at (2,2) width 531: "Cell, and stuff to test out table cell layout. This should be long "
                        text run at (533,2) width 92: "enough for"
                        text run at (2,20) width 65: "testing."
                    RenderTableCell {TD} at (696,371) size 36x22 [border: (1px inset #808080)] [r=2 c=2 rs=1 cs=1]
                      RenderText {#text} at (2,2) size 32x18
                        text run at (2,2) width 32: "Cell"
          RenderTableRow {TR} at (0,26) size 782x386
            RenderTableCell {TD} at (2,208) size 36x22 [border: (1px inset #808080)] [r=1 c=0 rs=1 cs=1]
              RenderText {#text} at (2,2) size 32x18
                text run at (2,2) width 32: "Cell"
          RenderTableRow {TR} at (0,414) size 782x22
            RenderTableCell {TD} at (2,414) size 36x22 [border: (1px inset #808080)] [r=2 c=0 rs=1 cs=1]
              RenderText {#text} at (2,2) size 32x18
                text run at (2,2) width 32: "Cell"
            RenderTableCell {TD} at (40,414) size 701x22 [border: (1px inset #808080)] [r=2 c=1 rs=1 cs=1]
              RenderText {#text} at (2,2) size 693x18
                text run at (2,2) width 531: "Cell, and stuff to test out table cell layout. This should be long "
                text run at (533,2) width 162: "enough for testing."
            RenderTableCell {TD} at (743,414) size 37x22 [border: (1px inset #808080)] [r=2 c=2 rs=1 cs=1]
              RenderText {#text} at (2,2) size 32x18
                text run at (2,2) width 32: "Cell"
      RenderBlock (anonymous) at (0,622) size 784x18
        RenderBR {BR} at (0,0) size 0x18
      RenderBlock {H2} at (0,661) size 784x27
        RenderText {#text} at (0,0) size 587x27
          text run at (0,0) width 587: "100% width tables nested 6 levels deep"
      RenderTable {TABLE} at (0,709) size 784x716 [bgcolor=#FFFF00] [border: (1px outset #808080)]
        RenderTableSection {TBODY} at (1,1) size 782x714
          RenderTableRow {TR} at (0,2) size 782x22
            RenderTableCell {TD} at (2,2) size 617x22 [border: (1px inset #808080)] [r=0 c=0 rs=1 cs=1]
              RenderText {#text} at (2,2) size 68x18
                text run at (2,2) width 68: "Cell one"
            RenderTableCell {TD} at (621,2) size 78x22 [border: (1px inset #808080)] [r=0 c=1 rs=1 cs=1]
              RenderText {#text} at (2,2) size 43x18
                text run at (2,2) width 43: "Cell2"
            RenderTableCell {TD} at (701,2) size 79x22 [border: (1px inset #808080)] [r=0 c=2 rs=1 cs=1]
              RenderText {#text} at (2,2) size 48x18
                text run at (2,2) width 48: "Cell 3"
          RenderTableRow {TR} at (0,26) size 782x22
            RenderTableCell {TD} at (2,26) size 617x22 [border: (1px inset #808080)] [r=1 c=0 rs=1 cs=1]
              RenderText {#text} at (2,2) size 48x18
                text run at (2,2) width 48: "Cell 4"
            RenderTableCell {TD} at (621,26) size 78x22 [border: (1px inset #808080)] [r=1 c=1 rs=1 cs=1]
              RenderText {#text} at (2,2) size 48x18
                text run at (2,2) width 48: "Cell 5"
            RenderTableCell {TD} at (701,26) size 79x22 [border: (1px inset #808080)] [r=1 c=2 rs=1 cs=1]
              RenderText {#text} at (2,2) size 48x18
                text run at (2,2) width 48: "Cell 6"
          RenderTableRow {TR} at (0,50) size 782x662
            RenderTableCell {TD} at (2,50) size 617x662 [border: (1px inset #808080)] [r=2 c=0 rs=1 cs=1]
              RenderTable {TABLE} at (2,2) size 613x640 [bgcolor=#D3D3D3]
                RenderTableSection {TBODY} at (0,0) size 613x640
                  RenderTableRow {TR} at (0,2) size 613x20
                    RenderTableCell {TD} at (2,2) size 19x20 [r=0 c=0 rs=1 cs=1]
                      RenderText {#text} at (1,1) size 11x18
                        text run at (1,1) width 11: "1"
                    RenderTableCell {TD} at (23,2) size 566x20 [r=0 c=1 rs=1 cs=1]
                      RenderText {#text} at (1,1) size 11x18
                        text run at (1,1) width 11: "2"
                    RenderTableCell {TD} at (591,2) size 20x20 [r=0 c=2 rs=1 cs=1]
                      RenderText {#text} at (1,1) size 11x18
                        text run at (1,1) width 11: "3"
                  RenderTableRow {TR} at (0,24) size 613x592
                    RenderTableCell {TD} at (2,310) size 19x20 [r=1 c=0 rs=1 cs=1]
                      RenderText {#text} at (1,1) size 11x18
                        text run at (1,1) width 11: "4"
                    RenderTableCell {TD} at (23,24) size 566x592 [r=1 c=1 rs=1 cs=1]
                      RenderTable {TABLE} at (1,1) size 564x572 [bgcolor=#ADD8E6] [border: (1px outset #808080)]
                        RenderTableSection {TBODY} at (1,1) size 562x570
                          RenderTableRow {TR} at (0,2) size 562x518
                            RenderTableCell {TD} at (2,250) size 23x22 [border: (1px inset #808080)] [r=0 c=0 rs=1 cs=1]
                              RenderText {#text} at (2,2) size 11x18
                                text run at (2,2) width 11: "1"
                            RenderTableCell {TD} at (27,2) size 507x518 [border: (1px inset #808080)] [r=0 c=1 rs=1 cs=1]
                              RenderTable {TABLE} at (2,2) size 503x496 [bgcolor=#FF0000] [border: (1px outset #808080)]
                                RenderTableSection {TBODY} at (1,1) size 501x494
                                  RenderTableRow {TR} at (0,2) size 501x22
                                    RenderTableCell {TD} at (2,2) size 23x22 [border: (1px inset #808080)] [r=0 c=0 rs=1 cs=1]
                                      RenderText {#text} at (2,2) size 11x18
                                        text run at (2,2) width 11: "1"
                                    RenderTableCell {TD} at (27,2) size 23x22 [border: (1px inset #808080)] [r=0 c=1 rs=1 cs=1]
                                      RenderText {#text} at (2,2) size 11x18
                                        text run at (2,2) width 11: "2"
                                    RenderTableCell {TD} at (52,2) size 395x22 [border: (1px inset #808080)] [r=0 c=2 rs=1 cs=1]
                                      RenderText {#text} at (2,2) size 11x18
                                        text run at (2,2) width 11: "3"
                                    RenderTableCell {TD} at (449,2) size 24x22 [border: (1px inset #808080)] [r=0 c=3 rs=1 cs=1]
                                      RenderText {#text} at (2,2) size 11x18
                                        text run at (2,2) width 11: "4"
                                    RenderTableCell {TD} at (475,2) size 24x22 [border: (1px inset #808080)] [r=0 c=4 rs=1 cs=1]
                                      RenderText {#text} at (2,2) size 11x18
                                        text run at (2,2) width 11: "5"
                                  RenderTableRow {TR} at (0,26) size 501x394
                                    RenderTableCell {TD} at (2,212) size 23x22 [border: (1px inset #808080)] [r=1 c=0 rs=1 cs=1]
                                      RenderText {#text} at (2,2) size 11x18
                                        text run at (2,2) width 11: "6"
                                    RenderTableCell {TD} at (27,212) size 23x22 [border: (1px inset #808080)] [r=1 c=1 rs=1 cs=1]
                                      RenderText {#text} at (2,2) size 11x18
                                        text run at (2,2) width 11: "7"
                                    RenderTableCell {TD} at (52,26) size 395x394 [border: (1px inset #808080)] [r=1 c=2 rs=1 cs=1]
                                      RenderTable {TABLE} at (2,2) size 391x372 [bgcolor=#008000] [border: (1px outset #808080)]
                                        RenderTableSection {TBODY} at (1,1) size 389x370
                                          RenderTableRow {TR} at (0,2) size 389x22
                                            RenderTableCell {TD} at (2,2) size 24x22 [border: (1px inset #808080)] [r=0 c=0 rs=1 cs=1]
                                              RenderText {#text} at (2,2) size 10x18
                                                text run at (2,2) width 10: "a"
                                            RenderTableCell {TD} at (28,2) size 24x22 [border: (1px inset #808080)] [r=0 c=1 rs=1 cs=1]
                                              RenderText {#text} at (2,2) size 11x18
                                                text run at (2,2) width 11: "b"
                                            RenderTableCell {TD} at (54,2) size 282x22 [border: (1px inset #808080)] [r=0 c=2 rs=1 cs=1]
                                              RenderText {#text} at (2,2) size 9x18
                                                text run at (2,2) width 9: "c"
                                            RenderTableCell {TD} at (338,2) size 24x22 [border: (1px inset #808080)] [r=0 c=3 rs=1 cs=1]
                                              RenderText {#text} at (2,2) size 11x18
                                                text run at (2,2) width 11: "d"
                                            RenderTableCell {TD} at (364,2) size 23x22 [border: (1px inset #808080)] [r=0 c=4 rs=1 cs=1]
                                              RenderText {#text} at (2,2) size 10x18
                                                text run at (2,2) width 10: "e"
                                          RenderTableRow {TR} at (0,26) size 389x22
                                            RenderTableCell {TD} at (2,26) size 24x22 [border: (1px inset #808080)] [r=1 c=0 rs=1 cs=1]
                                              RenderText {#text} at (2,2) size 6x18
                                                text run at (2,2) width 6: "f"
                                            RenderTableCell {TD} at (28,26) size 24x22 [border: (1px inset #808080)] [r=1 c=1 rs=1 cs=1]
                                              RenderText {#text} at (2,2) size 11x18
                                                text run at (2,2) width 11: "g"
                                            RenderTableCell {TD} at (54,26) size 282x22 [border: (1px inset #808080)] [r=1 c=2 rs=1 cs=1]
                                              RenderText {#text} at (2,2) size 11x18
                                                text run at (2,2) width 11: "h"
                                            RenderTableCell {TD} at (338,26) size 24x22 [border: (1px inset #808080)] [r=1 c=3 rs=1 cs=1]
                                              RenderText {#text} at (2,2) size 5x18
                                                text run at (2,2) width 5: "i"
                                            RenderTableCell {TD} at (364,26) size 23x22 [border: (1px inset #808080)] [r=1 c=4 rs=1 cs=1]
                                              RenderText {#text} at (2,2) size 6x18
                                                text run at (2,2) width 6: "j"
                                          RenderTableRow {TR} at (0,50) size 389x270
                                            RenderTableCell {TD} at (2,174) size 24x22 [border: (1px inset #808080)] [r=2 c=0 rs=1 cs=1]
                                              RenderText {#text} at (2,2) size 10x18
                                                text run at (2,2) width 10: "k"
                                            RenderTableCell {TD} at (28,174) size 24x22 [border: (1px inset #808080)] [r=2 c=1 rs=1 cs=1]
                                              RenderText {#text} at (2,2) size 5x18
                                                text run at (2,2) width 5: "l"
                                            RenderTableCell {TD} at (54,50) size 282x270 [border: (1px inset #808080)] [r=2 c=2 rs=1 cs=1]
                                              RenderTable {TABLE} at (2,2) size 278x248 [bgcolor=#800080] [border: (1px outset #808080)]
                                                RenderTableSection {TBODY} at (1,1) size 276x246
                                                  RenderTableRow {TR} at (0,2) size 276x22
                                                    RenderTableCell {TD} at (2,2) size 25x22 [border: (1px inset #808080)] [r=0 c=0 rs=1 cs=1]
                                                      RenderText {#text} at (2,2) size 10x18
                                                        text run at (2,2) width 10: "a"
                                                    RenderTableCell {TD} at (29,2) size 25x22 [border: (1px inset #808080)] [r=0 c=1 rs=1 cs=1]
                                                      RenderText {#text} at (2,2) size 11x18
                                                        text run at (2,2) width 11: "b"
                                                    RenderTableCell {TD} at (56,2) size 165x22 [border: (1px inset #808080)] [r=0 c=2 rs=1 cs=1]
                                                      RenderText {#text} at (2,2) size 9x18
                                                        text run at (2,2) width 9: "c"
                                                    RenderTableCell {TD} at (223,2) size 25x22 [border: (1px inset #808080)] [r=0 c=3 rs=1 cs=1]
                                                      RenderText {#text} at (2,2) size 11x18
                                                        text run at (2,2) width 11: "d"
                                                    RenderTableCell {TD} at (250,2) size 24x22 [border: (1px inset #808080)] [r=0 c=4 rs=1 cs=1]
                                                      RenderText {#text} at (2,2) size 10x18
                                                        text run at (2,2) width 10: "e"
                                                  RenderTableRow {TR} at (0,26) size 276x22
                                                    RenderTableCell {TD} at (2,26) size 25x22 [border: (1px inset #808080)] [r=1 c=0 rs=1 cs=1]
                                                      RenderText {#text} at (2,2) size 6x18
                                                        text run at (2,2) width 6: "f"
                                                    RenderTableCell {TD} at (29,26) size 25x22 [border: (1px inset #808080)] [r=1 c=1 rs=1 cs=1]
                                                      RenderText {#text} at (2,2) size 11x18
                                                        text run at (2,2) width 11: "g"
                                                    RenderTableCell {TD} at (56,26) size 165x22 [border: (1px inset #808080)] [r=1 c=2 rs=1 cs=1]
                                                      RenderText {#text} at (2,2) size 11x18
                                                        text run at (2,2) width 11: "h"
                                                    RenderTableCell {TD} at (223,26) size 25x22 [border: (1px inset #808080)] [r=1 c=3 rs=1 cs=1]
                                                      RenderText {#text} at (2,2) size 5x18
                                                        text run at (2,2) width 5: "i"
                                                    RenderTableCell {TD} at (250,26) size 24x22 [border: (1px inset #808080)] [r=1 c=4 rs=1 cs=1]
                                                      RenderText {#text} at (2,2) size 6x18
                                                        text run at (2,2) width 6: "j"
                                                  RenderTableRow {TR} at (0,50) size 276x146
                                                    RenderTableCell {TD} at (2,112) size 25x22 [border: (1px inset #808080)] [r=2 c=0 rs=1 cs=1]
                                                      RenderText {#text} at (2,2) size 10x18
                                                        text run at (2,2) width 10: "k"
                                                    RenderTableCell {TD} at (29,112) size 25x22 [border: (1px inset #808080)] [r=2 c=1 rs=1 cs=1]
                                                      RenderText {#text} at (2,2) size 5x18
                                                        text run at (2,2) width 5: "l"
                                                    RenderTableCell {TD} at (56,50) size 165x146 [border: (1px inset #808080)] [r=2 c=2 rs=1 cs=1]
                                                      RenderTable {TABLE} at (2,2) size 161x124 [bgcolor=#FFA500] [border: (1px outset #808080)]
                                                        RenderTableSection {TBODY} at (1,1) size 159x122
                                                          RenderTableRow {TR} at (0,2) size 159x22
                                                            RenderTableCell {TD} at (2,2) size 27x22 [border: (1px inset #808080)] [r=0 c=0 rs=1 cs=1]
                                                              RenderText {#text} at (2,2) size 10x18
                                                                text run at (2,2) width 10: "a"
                                                            RenderTableCell {TD} at (31,2) size 27x22 [border: (1px inset #808080)] [r=0 c=1 rs=1 cs=1]
                                                              RenderText {#text} at (2,2) size 11x18
                                                                text run at (2,2) width 11: "b"
                                                            RenderTableCell {TD} at (60,2) size 39x22 [border: (1px inset #808080)] [r=0 c=2 rs=1 cs=1]
                                                              RenderText {#text} at (2,2) size 9x18
                                                                text run at (2,2) width 9: "c"
                                                            RenderTableCell {TD} at (101,2) size 27x22 [border: (1px inset #808080)] [r=0 c=3 rs=1 cs=1]
                                                              RenderText {#text} at (2,2) size 11x18
                                                                text run at (2,2) width 11: "d"
                                                            RenderTableCell {TD} at (130,2) size 27x22 [border: (1px inset #808080)] [r=0 c=4 rs=1 cs=1]
                                                              RenderText {#text} at (2,2) size 10x18
                                                                text run at (2,2) width 10: "e"
                                                          RenderTableRow {TR} at (0,26) size 159x22
                                                            RenderTableCell {TD} at (2,26) size 27x22 [border: (1px inset #808080)] [r=1 c=0 rs=1 cs=1]
                                                              RenderText {#text} at (2,2) size 6x18
                                                                text run at (2,2) width 6: "f"
                                                            RenderTableCell {TD} at (31,26) size 27x22 [border: (1px inset #808080)] [r=1 c=1 rs=1 cs=1]
                                                              RenderText {#text} at (2,2) size 11x18
                                                                text run at (2,2) width 11: "g"
                                                            RenderTableCell {TD} at (60,26) size 39x22 [border: (1px inset #808080)] [r=1 c=2 rs=1 cs=1]
                                                              RenderText {#text} at (2,2) size 11x18
                                                                text run at (2,2) width 11: "h"
                                                            RenderTableCell {TD} at (101,26) size 27x22 [border: (1px inset #808080)] [r=1 c=3 rs=1 cs=1]
                                                              RenderText {#text} at (2,2) size 5x18
                                                                text run at (2,2) width 5: "i"
                                                            RenderTableCell {TD} at (130,26) size 27x22 [border: (1px inset #808080)] [r=1 c=4 rs=1 cs=1]
                                                              RenderText {#text} at (2,2) size 6x18
                                                                text run at (2,2) width 6: "j"
                                                          RenderTableRow {TR} at (0,50) size 159x22
                                                            RenderTableCell {TD} at (2,50) size 27x22 [border: (1px inset #808080)] [r=2 c=0 rs=1 cs=1]
                                                              RenderText {#text} at (2,2) size 10x18
                                                                text run at (2,2) width 10: "k"
                                                            RenderTableCell {TD} at (31,50) size 27x22 [border: (1px inset #808080)] [r=2 c=1 rs=1 cs=1]
                                                              RenderText {#text} at (2,2) size 5x18
                                                                text run at (2,2) width 5: "l"
                                                            RenderTableCell {TD} at (60,50) size 39x22 [border: (1px inset #808080)] [r=2 c=2 rs=1 cs=1]
                                                              RenderText {#text} at (2,2) size 17x18
                                                                text run at (2,2) width 17: "m"
                                                            RenderTableCell {TD} at (101,50) size 27x22 [border: (1px inset #808080)] [r=2 c=3 rs=1 cs=1]
                                                              RenderText {#text} at (2,2) size 11x18
                                                                text run at (2,2) width 11: "n"
                                                            RenderTableCell {TD} at (130,50) size 27x22 [border: (1px inset #808080)] [r=2 c=4 rs=1 cs=1]
                                                              RenderText {#text} at (2,2) size 10x18
                                                                text run at (2,2) width 10: "o"
                                                          RenderTableRow {TR} at (0,74) size 159x22
                                                            RenderTableCell {TD} at (2,74) size 27x22 [border: (1px inset #808080)] [r=3 c=0 rs=1 cs=1]
                                                              RenderText {#text} at (2,2) size 11x18
                                                                text run at (2,2) width 11: "p"
                                                            RenderTableCell {TD} at (31,74) size 27x22 [border: (1px inset #808080)] [r=3 c=1 rs=1 cs=1]
                                                              RenderText {#text} at (2,2) size 11x18
                                                                text run at (2,2) width 11: "q"
                                                            RenderTableCell {TD} at (60,74) size 39x22 [border: (1px inset #808080)] [r=3 c=2 rs=1 cs=1]
                                                              RenderText {#text} at (2,2) size 7x18
                                                                text run at (2,2) width 7: "r"
                                                            RenderTableCell {TD} at (101,74) size 27x22 [border: (1px inset #808080)] [r=3 c=3 rs=1 cs=1]
                                                              RenderText {#text} at (2,2) size 9x18
                                                                text run at (2,2) width 9: "s"
                                                            RenderTableCell {TD} at (130,74) size 27x22 [border: (1px inset #808080)] [r=3 c=4 rs=1 cs=1]
                                                              RenderText {#text} at (2,2) size 7x18
                                                                text run at (2,2) width 7: "t"
                                                          RenderTableRow {TR} at (0,98) size 159x22
                                                            RenderTableCell {TD} at (2,98) size 27x22 [border: (1px inset #808080)] [r=4 c=0 rs=1 cs=1]
                                                              RenderText {#text} at (2,2) size 11x18
                                                                text run at (2,2) width 11: "u"
                                                            RenderTableCell {TD} at (31,98) size 27x22 [border: (1px inset #808080)] [r=4 c=1 rs=1 cs=1]
                                                              RenderText {#text} at (2,2) size 10x18
                                                                text run at (2,2) width 10: "v"
                                                            RenderTableCell {TD} at (60,98) size 39x22 [border: (1px inset #808080)] [r=4 c=2 rs=1 cs=1]
                                                              RenderText {#text} at (2,2) size 14x18
                                                                text run at (2,2) width 14: "w"
                                                            RenderTableCell {TD} at (101,98) size 27x22 [border: (1px inset #808080)] [r=4 c=3 rs=1 cs=1]
                                                              RenderText {#text} at (2,2) size 10x18
                                                                text run at (2,2) width 10: "x"
                                                            RenderTableCell {TD} at (130,98) size 27x22 [border: (1px inset #808080)] [r=4 c=4 rs=1 cs=1]
                                                              RenderText {#text} at (2,2) size 10x18
                                                                text run at (2,2) width 10: "y"
                                                      RenderBlock (anonymous) at (2,126) size 161x18
                                                        RenderText {#text} at (0,0) size 5x18
                                                          text run at (0,0) width 5: " "
                                                    RenderTableCell {TD} at (223,112) size 25x22 [border: (1px inset #808080)] [r=2 c=3 rs=1 cs=1]
                                                      RenderText {#text} at (2,2) size 11x18
                                                        text run at (2,2) width 11: "n"
                                                    RenderTableCell {TD} at (250,112) size 24x22 [border: (1px inset #808080)] [r=2 c=4 rs=1 cs=1]
                                                      RenderText {#text} at (2,2) size 10x18
                                                        text run at (2,2) width 10: "o"
                                                  RenderTableRow {TR} at (0,198) size 276x22
                                                    RenderTableCell {TD} at (2,198) size 25x22 [border: (1px inset #808080)] [r=3 c=0 rs=1 cs=1]
                                                      RenderText {#text} at (2,2) size 11x18
                                                        text run at (2,2) width 11: "p"
                                                    RenderTableCell {TD} at (29,198) size 25x22 [border: (1px inset #808080)] [r=3 c=1 rs=1 cs=1]
                                                      RenderText {#text} at (2,2) size 11x18
                                                        text run at (2,2) width 11: "q"
                                                    RenderTableCell {TD} at (56,198) size 165x22 [border: (1px inset #808080)] [r=3 c=2 rs=1 cs=1]
                                                      RenderText {#text} at (2,2) size 7x18
                                                        text run at (2,2) width 7: "r"
                                                    RenderTableCell {TD} at (223,198) size 25x22 [border: (1px inset #808080)] [r=3 c=3 rs=1 cs=1]
                                                      RenderText {#text} at (2,2) size 9x18
                                                        text run at (2,2) width 9: "s"
                                                    RenderTableCell {TD} at (250,198) size 24x22 [border: (1px inset #808080)] [r=3 c=4 rs=1 cs=1]
                                                      RenderText {#text} at (2,2) size 7x18
                                                        text run at (2,2) width 7: "t"
                                                  RenderTableRow {TR} at (0,222) size 276x22
                                                    RenderTableCell {TD} at (2,222) size 25x22 [border: (1px inset #808080)] [r=4 c=0 rs=1 cs=1]
                                                      RenderText {#text} at (2,2) size 11x18
                                                        text run at (2,2) width 11: "u"
                                                    RenderTableCell {TD} at (29,222) size 25x22 [border: (1px inset #808080)] [r=4 c=1 rs=1 cs=1]
                                                      RenderText {#text} at (2,2) size 10x18
                                                        text run at (2,2) width 10: "v"
                                                    RenderTableCell {TD} at (56,222) size 165x22 [border: (1px inset #808080)] [r=4 c=2 rs=1 cs=1]
                                                      RenderText {#text} at (2,2) size 14x18
                                                        text run at (2,2) width 14: "w"
                                                    RenderTableCell {TD} at (223,222) size 25x22 [border: (1px inset #808080)] [r=4 c=3 rs=1 cs=1]
                                                      RenderText {#text} at (2,2) size 10x18
                                                        text run at (2,2) width 10: "x"
                                                    RenderTableCell {TD} at (250,222) size 24x22 [border: (1px inset #808080)] [r=4 c=4 rs=1 cs=1]
                                                      RenderText {#text} at (2,2) size 10x18
                                                        text run at (2,2) width 10: "y"
                                              RenderBlock (anonymous) at (2,250) size 278x18
                                                RenderText {#text} at (0,0) size 5x18
                                                  text run at (0,0) width 5: " "
                                            RenderTableCell {TD} at (338,174) size 24x22 [border: (1px inset #808080)] [r=2 c=3 rs=1 cs=1]
                                              RenderText {#text} at (2,2) size 11x18
                                                text run at (2,2) width 11: "n"
                                            RenderTableCell {TD} at (364,174) size 23x22 [border: (1px inset #808080)] [r=2 c=4 rs=1 cs=1]
                                              RenderText {#text} at (2,2) size 10x18
                                                text run at (2,2) width 10: "o"
                                          RenderTableRow {TR} at (0,322) size 389x22
                                            RenderTableCell {TD} at (2,322) size 24x22 [border: (1px inset #808080)] [r=3 c=0 rs=1 cs=1]
                                              RenderText {#text} at (2,2) size 11x18
                                                text run at (2,2) width 11: "p"
                                            RenderTableCell {TD} at (28,322) size 24x22 [border: (1px inset #808080)] [r=3 c=1 rs=1 cs=1]
                                              RenderText {#text} at (2,2) size 11x18
                                                text run at (2,2) width 11: "q"
                                            RenderTableCell {TD} at (54,322) size 282x22 [border: (1px inset #808080)] [r=3 c=2 rs=1 cs=1]
                                              RenderText {#text} at (2,2) size 7x18
                                                text run at (2,2) width 7: "r"
                                            RenderTableCell {TD} at (338,322) size 24x22 [border: (1px inset #808080)] [r=3 c=3 rs=1 cs=1]
                                              RenderText {#text} at (2,2) size 9x18
                                                text run at (2,2) width 9: "s"
                                            RenderTableCell {TD} at (364,322) size 23x22 [border: (1px inset #808080)] [r=3 c=4 rs=1 cs=1]
                                              RenderText {#text} at (2,2) size 7x18
                                                text run at (2,2) width 7: "t"
                                          RenderTableRow {TR} at (0,346) size 389x22
                                            RenderTableCell {TD} at (2,346) size 24x22 [border: (1px inset #808080)] [r=4 c=0 rs=1 cs=1]
                                              RenderText {#text} at (2,2) size 11x18
                                                text run at (2,2) width 11: "u"
                                            RenderTableCell {TD} at (28,346) size 24x22 [border: (1px inset #808080)] [r=4 c=1 rs=1 cs=1]
                                              RenderText {#text} at (2,2) size 10x18
                                                text run at (2,2) width 10: "v"
                                            RenderTableCell {TD} at (54,346) size 282x22 [border: (1px inset #808080)] [r=4 c=2 rs=1 cs=1]
                                              RenderText {#text} at (2,2) size 14x18
                                                text run at (2,2) width 14: "w"
                                            RenderTableCell {TD} at (338,346) size 24x22 [border: (1px inset #808080)] [r=4 c=3 rs=1 cs=1]
                                              RenderText {#text} at (2,2) size 10x18
                                                text run at (2,2) width 10: "x"
                                            RenderTableCell {TD} at (364,346) size 23x22 [border: (1px inset #808080)] [r=4 c=4 rs=1 cs=1]
                                              RenderText {#text} at (2,2) size 10x18
                                                text run at (2,2) width 10: "y"
                                      RenderBlock (anonymous) at (2,374) size 391x18
                                        RenderText {#text} at (0,0) size 5x18
                                          text run at (0,0) width 5: " "
                                    RenderTableCell {TD} at (449,212) size 24x22 [border: (1px inset #808080)] [r=1 c=3 rs=1 cs=1]
                                      RenderText {#text} at (2,2) size 11x18
                                        text run at (2,2) width 11: "9"
                                    RenderTableCell {TD} at (475,212) size 24x22 [border: (1px inset #808080)] [r=1 c=4 rs=1 cs=1]
                                      RenderText {#text} at (2,2) size 11x18
                                        text run at (2,2) width 11: "0"
                                  RenderTableRow {TR} at (0,422) size 501x22
                                    RenderTableCell {TD} at (2,422) size 23x22 [border: (1px inset #808080)] [r=2 c=0 rs=1 cs=1]
                                      RenderText {#text} at (2,2) size 10x18
                                        text run at (2,2) width 10: "a"
                                    RenderTableCell {TD} at (27,422) size 23x22 [border: (1px inset #808080)] [r=2 c=1 rs=1 cs=1]
                                      RenderText {#text} at (2,2) size 11x18
                                        text run at (2,2) width 11: "b"
                                    RenderTableCell {TD} at (52,422) size 395x22 [border: (1px inset #808080)] [r=2 c=2 rs=1 cs=1]
                                      RenderText {#text} at (2,2) size 9x18
                                        text run at (2,2) width 9: "c"
                                    RenderTableCell {TD} at (449,422) size 24x22 [border: (1px inset #808080)] [r=2 c=3 rs=1 cs=1]
                                      RenderText {#text} at (2,2) size 11x18
                                        text run at (2,2) width 11: "d"
                                    RenderTableCell {TD} at (475,422) size 24x22 [border: (1px inset #808080)] [r=2 c=4 rs=1 cs=1]
                                      RenderText {#text} at (2,2) size 10x18
                                        text run at (2,2) width 10: "e"
                                  RenderTableRow {TR} at (0,446) size 501x22
                                    RenderTableCell {TD} at (2,446) size 23x22 [border: (1px inset #808080)] [r=3 c=0 rs=1 cs=1]
                                      RenderText {#text} at (2,2) size 6x18
                                        text run at (2,2) width 6: "f"
                                    RenderTableCell {TD} at (27,446) size 23x22 [border: (1px inset #808080)] [r=3 c=1 rs=1 cs=1]
                                      RenderText {#text} at (2,2) size 11x18
                                        text run at (2,2) width 11: "g"
                                    RenderTableCell {TD} at (52,446) size 395x22 [border: (1px inset #808080)] [r=3 c=2 rs=1 cs=1]
                                      RenderText {#text} at (2,2) size 11x18
                                        text run at (2,2) width 11: "h"
                                    RenderTableCell {TD} at (449,446) size 24x22 [border: (1px inset #808080)] [r=3 c=3 rs=1 cs=1]
                                      RenderText {#text} at (2,2) size 5x18
                                        text run at (2,2) width 5: "i"
                                    RenderTableCell {TD} at (475,446) size 24x22 [border: (1px inset #808080)] [r=3 c=4 rs=1 cs=1]
                                      RenderText {#text} at (2,2) size 6x18
                                        text run at (2,2) width 6: "j"
                                  RenderTableRow {TR} at (0,470) size 501x22
                                    RenderTableCell {TD} at (2,470) size 23x22 [border: (1px inset #808080)] [r=4 c=0 rs=1 cs=1]
                                      RenderText {#text} at (2,2) size 10x18
                                        text run at (2,2) width 10: "k"
                                    RenderTableCell {TD} at (27,470) size 23x22 [border: (1px inset #808080)] [r=4 c=1 rs=1 cs=1]
                                      RenderText {#text} at (2,2) size 5x18
                                        text run at (2,2) width 5: "l"
                                    RenderTableCell {TD} at (52,470) size 395x22 [border: (1px inset #808080)] [r=4 c=2 rs=1 cs=1]
                                      RenderText {#text} at (2,2) size 17x18
                                        text run at (2,2) width 17: "m"
                                    RenderTableCell {TD} at (449,470) size 24x22 [border: (1px inset #808080)] [r=4 c=3 rs=1 cs=1]
                                      RenderText {#text} at (2,2) size 11x18
                                        text run at (2,2) width 11: "n"
                                    RenderTableCell {TD} at (475,470) size 24x22 [border: (1px inset #808080)] [r=4 c=4 rs=1 cs=1]
                                      RenderText {#text} at (2,2) size 10x18
                                        text run at (2,2) width 10: "o"
                              RenderBlock (anonymous) at (2,498) size 503x18
                                RenderText {#text} at (0,0) size 5x18
                                  text run at (0,0) width 5: " "
                            RenderTableCell {TD} at (536,250) size 24x22 [border: (1px inset #808080)] [r=0 c=2 rs=1 cs=1]
                              RenderText {#text} at (2,2) size 11x18
                                text run at (2,2) width 11: "3"
                          RenderTableRow {TR} at (0,522) size 562x22
                            RenderTableCell {TD} at (2,522) size 23x22 [border: (1px inset #808080)] [r=1 c=0 rs=1 cs=1]
                              RenderText {#text} at (2,2) size 11x18
                                text run at (2,2) width 11: "4"
                            RenderTableCell {TD} at (27,522) size 507x22 [border: (1px inset #808080)] [r=1 c=1 rs=1 cs=1]
                              RenderText {#text} at (2,2) size 11x18
                                text run at (2,2) width 11: "5"
                            RenderTableCell {TD} at (536,522) size 24x22 [border: (1px inset #808080)] [r=1 c=2 rs=1 cs=1]
                              RenderText {#text} at (2,2) size 11x18
                                text run at (2,2) width 11: "6"
                          RenderTableRow {TR} at (0,546) size 562x22
                            RenderTableCell {TD} at (2,546) size 23x22 [border: (1px inset #808080)] [r=2 c=0 rs=1 cs=1]
                              RenderText {#text} at (2,2) size 11x18
                                text run at (2,2) width 11: "7"
                            RenderTableCell {TD} at (27,546) size 507x22 [border: (1px inset #808080)] [r=2 c=1 rs=1 cs=1]
                              RenderText {#text} at (2,2) size 11x18
                                text run at (2,2) width 11: "8"
                            RenderTableCell {TD} at (536,546) size 24x22 [border: (1px inset #808080)] [r=2 c=2 rs=1 cs=1]
                              RenderText {#text} at (2,2) size 11x18
                                text run at (2,2) width 11: "9"
                      RenderBlock (anonymous) at (1,573) size 564x18
                        RenderText {#text} at (0,0) size 5x18
                          text run at (0,0) width 5: " "
                    RenderTableCell {TD} at (591,310) size 20x20 [r=1 c=2 rs=1 cs=1]
                      RenderText {#text} at (1,1) size 11x18
                        text run at (1,1) width 11: "6"
                  RenderTableRow {TR} at (0,618) size 613x20
                    RenderTableCell {TD} at (2,618) size 19x20 [r=2 c=0 rs=1 cs=1]
                      RenderText {#text} at (1,1) size 11x18
                        text run at (1,1) width 11: "7"
                    RenderTableCell {TD} at (23,618) size 566x20 [r=2 c=1 rs=1 cs=1]
                      RenderText {#text} at (1,1) size 11x18
                        text run at (1,1) width 11: "8"
                    RenderTableCell {TD} at (591,618) size 20x20 [r=2 c=2 rs=1 cs=1]
                      RenderText {#text} at (1,1) size 11x18
                        text run at (1,1) width 11: "9"
              RenderBlock (anonymous) at (2,642) size 613x18
                RenderText {#text} at (0,0) size 5x18
                  text run at (0,0) width 5: " "
            RenderTableCell {TD} at (621,370) size 78x22 [border: (1px inset #808080)] [r=2 c=1 rs=1 cs=1]
              RenderText {#text} at (2,2) size 11x18
                text run at (2,2) width 11: "8"
            RenderTableCell {TD} at (701,370) size 79x22 [border: (1px inset #808080)] [r=2 c=2 rs=1 cs=1]
              RenderText {#text} at (2,2) size 11x18
                text run at (2,2) width 11: "9"
