layer at (0,0) size 800x2829
  RenderView at (0,0) size 800x600
layer at (0,0) size 800x2829
  RenderBlock {HTML} at (0,0) size 800x2829
    RenderBody {BODY} at (8,8) size 784x2804 [bgcolor=#FFDEAD]
      RenderBlock {H1} at (0,0) size 784x70
        RenderInline {FONT} at (0,0) size 617x70 [color=#FF0000]
          RenderText {#text} at (0,0) size 411x35
            text run at (0,0) width 411: "Acceptance Test Case"
          RenderBR {BR} at (411,26) size 0x0
          RenderText {#text} at (0,35) size 617x35
            text run at (0,35) width 617: "Web Browser: Web View (HTML)"
      RenderBlock {P} at (0,92) size 784x27
        RenderInline {FONT} at (0,0) size 465x27 [color=#FF0000]
          RenderInline {B} at (0,0) size 465x27
            RenderText {#text} at (0,0) size 465x27
              text run at (0,0) width 465: "Table: <TH> & <TD> ROWSPAN"
        RenderText {#text} at (0,0) size 0x0
      RenderBlock {HR} at (0,136) size 784x2 [border: (1px inset #000000)]
      RenderBlock (anonymous) at (0,146) size 784x72
        RenderText {#text} at (0,0) size 377x18
          text run at (0,0) width 377: "This acceptance test case tests the optional "
        RenderInline {B} at (0,0) size 54x18
          RenderText {#text} at (377,0) size 54x18
            text run at (377,0) width 54: "<TH>"
        RenderText {#text} at (431,0) size 23x18
          text run at (431,0) width 23: " & "
        RenderInline {B} at (0,0) size 54x18
          RenderText {#text} at (454,0) size 54x18
            text run at (454,0) width 54: "<TD>"
        RenderText {#text} at (508,0) size 38x18
          text run at (508,0) width 38: " tag "
        RenderInline {B} at (0,0) size 96x18
          RenderText {#text} at (546,0) size 96x18
            text run at (546,0) width 96: "ROWSPAN"
        RenderText {#text} at (642,0) size 782x54
          text run at (642,0) width 140: " attribute which,"
          text run at (0,18) width 742: "when placed in a table header or data tag, specifies how many rows the table header or"
          text run at (0,36) width 198: "data cell will span. The "
        RenderInline {B} at (0,0) size 96x18
          RenderText {#text} at (198,36) size 96x18
            text run at (198,36) width 96: "ROWSPAN"
        RenderText {#text} at (294,36) size 767x36
          text run at (294,36) width 473: " attribute is set to an integer value equal the number of"
          text run at (0,54) width 344: "rows the table header or data cell spans."
      RenderBlock {P} at (0,235) size 784x18
        RenderInline {B} at (0,0) size 167x18
          RenderText {#text} at (0,0) size 167x18
            text run at (0,0) width 167: "Test Instructions:"
        RenderText {#text} at (0,0) size 0x0
      RenderBlock {OL} at (0,270) size 784x246
        RenderListItem {LI} at (40,0) size 744x18
          RenderListMarker at (-25,0) size 21x18: "1"
          RenderText {#text} at (0,0) size 684x18
            text run at (0,0) width 684: "Verify that the sample text displays as stated in each of the following test cases:"
        RenderBlock {P} at (40,35) size 744x104
          RenderTable {TABLE} at (0,0) size 737x104 [bgcolor=#F08080]
            RenderTableSection {TBODY} at (0,0) size 737x104
              RenderTableRow {TR} at (0,2) size 737x32
                RenderTableCell {TD} at (2,2) size 125x32 [r=0 c=0 rs=1 cs=1]
                  RenderInline {A} at (0,0) size 111x18 [color=#0000EE]
                    RenderText {#text} at (7,7) size 111x18
                      text run at (7,7) width 111: "Test Case #1"
                RenderTableCell {TD} at (129,2) size 606x32 [r=0 c=1 rs=1 cs=1]
                  RenderInline {FONT} at (0,0) size 451x18 [color=#0000FF]
                    RenderInline {B} at (0,0) size 451x18
                      RenderText {#text} at (7,7) size 451x18
                        text run at (7,7) width 451: "table with header cells spanning multiple rows"
              RenderTableRow {TR} at (0,36) size 737x32
                RenderTableCell {TD} at (2,36) size 125x32 [r=1 c=0 rs=1 cs=1]
                  RenderInline {A} at (0,0) size 111x18 [color=#0000EE]
                    RenderText {#text} at (7,7) size 111x18
                      text run at (7,7) width 111: "Test Case #2"
                RenderTableCell {TD} at (129,36) size 606x32 [r=1 c=1 rs=1 cs=1]
                  RenderInline {FONT} at (0,0) size 426x18 [color=#0000FF]
                    RenderInline {B} at (0,0) size 426x18
                      RenderText {#text} at (7,7) size 426x18
                        text run at (7,7) width 426: "table with data cells spanning multiple rows"
              RenderTableRow {TR} at (0,70) size 737x32
                RenderTableCell {TD} at (2,70) size 125x32 [r=2 c=0 rs=1 cs=1]
                  RenderInline {A} at (0,0) size 111x18 [color=#0000EE]
                    RenderText {#text} at (7,7) size 111x18
                      text run at (7,7) width 111: "Test Case #3"
                RenderTableCell {TD} at (129,70) size 606x32 [r=2 c=1 rs=1 cs=1]
                  RenderInline {FONT} at (0,0) size 592x18 [color=#0000FF]
                    RenderInline {B} at (0,0) size 592x18
                      RenderText {#text} at (7,7) size 592x18
                        text run at (7,7) width 592: "table with nested header & data cells spanning multiple rows"
        RenderBlock {P} at (40,156) size 744x0
        RenderListItem {LI} at (40,156) size 744x18
          RenderListMarker at (-25,0) size 21x18: "2"
          RenderText {#text} at (0,0) size 383x18
            text run at (0,0) width 383: "Verify that the table is maintained when you "
          RenderInline {B} at (0,0) size 186x18
            RenderText {#text} at (383,0) size 186x18
              text run at (383,0) width 186: "minimize/maximize"
          RenderText {#text} at (569,0) size 99x18
            text run at (569,0) width 99: " the screen."
        RenderListItem {LI} at (40,174) size 744x18
          RenderListMarker at (-25,0) size 21x18: "3"
          RenderText {#text} at (0,0) size 383x18
            text run at (0,0) width 383: "Verify that the table is maintained when you "
          RenderInline {B} at (0,0) size 177x18
            RenderText {#text} at (383,0) size 177x18
              text run at (383,0) width 177: "re-size left & right"
          RenderText {#text} at (560,0) size 99x18
            text run at (560,0) width 99: " the screen."
        RenderListItem {LI} at (40,192) size 744x18
          RenderListMarker at (-25,0) size 21x18: "4"
          RenderText {#text} at (0,0) size 383x18
            text run at (0,0) width 383: "Verify that the table is maintained when you "
          RenderInline {B} at (0,0) size 200x18
            RenderText {#text} at (383,0) size 200x18
              text run at (383,0) width 200: "re-size top & bottom"
          RenderText {#text} at (583,0) size 99x18
            text run at (583,0) width 99: " the screen."
        RenderListItem {LI} at (40,210) size 744x18
          RenderListMarker at (-25,0) size 21x18: "5"
          RenderText {#text} at (0,0) size 548x18
            text run at (0,0) width 548: "Verify re-draw takes place correctly after maximizing the screen."
        RenderListItem {LI} at (40,228) size 744x18
          RenderListMarker at (-25,0) size 21x18: "6"
          RenderText {#text} at (0,0) size 167x18
            text run at (0,0) width 167: "Verify reload works."
      RenderBlock {HR} at (0,533) size 784x2 [border: (1px inset #000000)]
      RenderBlock {P} at (0,552) size 784x62
        RenderTable {TABLE} at (0,0) size 666x62 [bgcolor=#F08080] [border: (1px outset #808080)]
          RenderTableSection {TBODY} at (1,1) size 664x60
            RenderTableRow {TR} at (0,2) size 664x56
              RenderTableCell {TH} at (2,2) size 660x56 [border: (1px inset #808080)] [r=0 c=0 rs=1 cs=1]
                RenderInline {A} at (0,0) size 0x0
                RenderText {#text} at (11,11) size 136x18
                  text run at (11,11) width 136: "Test Case #1: "
                RenderInline {FONT} at (0,0) size 451x18 [color=#0000FF]
                  RenderText {#text} at (147,11) size 451x18
                    text run at (147,11) width 451: "table with header cells spanning multiple rows"
                RenderText {#text} at (0,0) size 0x0
                RenderInline {FONT} at (0,0) size 379x16
                  RenderInline {I} at (0,0) size 379x16
                    RenderText {#text} at (11,29) size 379x16
                      text run at (11,29) width 379: "(using &ltTH ROWSPAN=integer value> tag)"
                RenderText {#text} at (0,0) size 0x0
      RenderBlock {P} at (0,631) size 784x154
        RenderBlock (anonymous) at (0,0) size 784x18
          RenderBR {BR} at (0,0) size 0x18
        RenderTable {TABLE} at (0,18) size 705x136 [bgcolor=#FFD700] [border: (1px outset #808080)]
          RenderTableSection {TBODY} at (1,1) size 703x134
            RenderTableRow {TR} at (0,2) size 703x130
              RenderTableCell {TD} at (2,2) size 699x130 [border: (1px inset #808080)] [r=0 c=0 rs=1 cs=1]
                RenderInline {FONT} at (0,0) size 660x108 [color=#FF0000]
                  RenderInline {B} at (0,0) size 660x108
                    RenderText {#text} at (11,11) size 521x18
                      text run at (11,11) width 521: "In the following sample table you should see that the "
                    RenderInline {FONT} at (0,0) size 96x18 [color=#0000FF]
                      RenderText {#text} at (532,11) size 96x18
                        text run at (532,11) width 96: "ROWSPAN"
                    RenderText {#text} at (11,29) size 641x18
                      text run at (11,29) width 641: "attribute applies an integer value equal to the number of rows the"
                    RenderInline {FONT} at (0,0) size 78x18 [color=#0000FF]
                      RenderText {#text} at (11,47) size 78x18
                        text run at (11,47) width 78: "HEADER"
                    RenderText {#text} at (89,47) size 660x72
                      text run at (89,47) width 197: " cell is to span. This "
                      text run at (286,47) width 341: "tells the browser to make the table"
                      text run at (11,65) width 660: "header cell occupy the same vertical space as the integer number of"
                      text run at (11,83) width 219: "cells specified in rows "
                      text run at (230,83) width 395: "above or below it. The browser flows the"
                      text run at (11,101) width 635: "contents of the spanning cell to occupy the entire spanned space."
                RenderInline {B} at (0,0) size 0x0
      RenderBlock {P} at (0,802) size 784x36
        RenderBR {BR} at (0,0) size 0x18
        RenderBR {BR} at (0,18) size 0x18
      RenderBlock {UL} at (0,855) size 784x442
        RenderTable {TABLE} at (40,0) size 483x442 [border: (1px outset #808080)]
          RenderBlock {CAPTION} at (0,0) size 481x18
            RenderText {#text} at (52,0) size 50x18
              text run at (52,0) width 50: "Table "
            RenderInline {B} at (0,0) size 121x18
              RenderText {#text} at (102,0) size 121x18
                text run at (102,0) width 121: "Header Cells"
            RenderText {#text} at (223,0) size 205x18
              text run at (223,0) width 205: " spanning multiple rows"
          RenderTableSection {TBODY} at (1,19) size 481x422
            RenderTableRow {TR} at (0,2) size 481x40
              RenderTableCell {TH} at (2,14) size 111x58 [bgcolor=#FFE4C4] [border: (1px inset #808080)] [r=0 c=0 rs=2 cs=1]
                RenderText {#text} at (12,2) size 87x18
                  text run at (12,2) width 87: "Header 1"
                RenderBR {BR} at (99,15) size 0x0
                RenderText {#text} at (20,20) size 71x36
                  text run at (20,20) width 71: "span=2"
                  text run at (32,38) width 46: "rows"
              RenderTableCell {TD} at (115,2) size 38x40 [bgcolor=#EE82EE] [border: (1px inset #808080)] [r=0 c=1 rs=1 cs=1]
                RenderText {#text} at (2,2) size 24x36
                  text run at (2,2) width 24: "col"
                  text run at (2,20) width 11: "1"
              RenderTableCell {TD} at (155,2) size 38x40 [bgcolor=#EE82EE] [border: (1px inset #808080)] [r=0 c=2 rs=1 cs=1]
                RenderText {#text} at (2,2) size 24x36
                  text run at (2,2) width 24: "col"
                  text run at (2,20) width 11: "2"
              RenderTableCell {TD} at (195,2) size 38x40 [bgcolor=#EE82EE] [border: (1px inset #808080)] [r=0 c=3 rs=1 cs=1]
                RenderText {#text} at (2,2) size 24x36
                  text run at (2,2) width 24: "col"
                  text run at (2,20) width 11: "3"
              RenderTableCell {TD} at (235,2) size 39x40 [bgcolor=#EE82EE] [border: (1px inset #808080)] [r=0 c=4 rs=1 cs=1]
                RenderText {#text} at (2,2) size 24x36
                  text run at (2,2) width 24: "col"
                  text run at (2,20) width 11: "4"
              RenderTableCell {TD} at (276,2) size 39x40 [bgcolor=#EE82EE] [border: (1px inset #808080)] [r=0 c=5 rs=1 cs=1]
                RenderText {#text} at (2,2) size 24x36
                  text run at (2,2) width 24: "col"
                  text run at (2,20) width 11: "5"
              RenderTableCell {TD} at (317,2) size 39x40 [bgcolor=#EE82EE] [border: (1px inset #808080)] [r=0 c=6 rs=1 cs=1]
                RenderText {#text} at (2,2) size 24x36
                  text run at (2,2) width 24: "col"
                  text run at (2,20) width 11: "6"
              RenderTableCell {TD} at (358,2) size 39x40 [bgcolor=#EE82EE] [border: (1px inset #808080)] [r=0 c=7 rs=1 cs=1]
                RenderText {#text} at (2,2) size 24x36
                  text run at (2,2) width 24: "col"
                  text run at (2,20) width 11: "7"
              RenderTableCell {TD} at (399,2) size 39x40 [bgcolor=#EE82EE] [border: (1px inset #808080)] [r=0 c=8 rs=1 cs=1]
                RenderText {#text} at (2,2) size 24x36
                  text run at (2,2) width 24: "col"
                  text run at (2,20) width 11: "8"
              RenderTableCell {TD} at (440,2) size 39x40 [bgcolor=#EE82EE] [border: (1px inset #808080)] [r=0 c=9 rs=1 cs=1]
                RenderText {#text} at (2,2) size 24x36
                  text run at (2,2) width 24: "col"
                  text run at (2,20) width 11: "9"
            RenderTableRow {TR} at (0,44) size 481x40
              RenderTableCell {TD} at (115,44) size 38x40 [bgcolor=#EE82EE] [border: (1px inset #808080)] [r=1 c=1 rs=1 cs=1]
                RenderText {#text} at (2,2) size 24x36
                  text run at (2,2) width 24: "col"
                  text run at (2,20) width 11: "1"
              RenderTableCell {TD} at (155,44) size 38x40 [bgcolor=#EE82EE] [border: (1px inset #808080)] [r=1 c=2 rs=1 cs=1]
                RenderText {#text} at (2,2) size 24x36
                  text run at (2,2) width 24: "col"
                  text run at (2,20) width 11: "2"
              RenderTableCell {TD} at (195,44) size 38x40 [bgcolor=#EE82EE] [border: (1px inset #808080)] [r=1 c=3 rs=1 cs=1]
                RenderText {#text} at (2,2) size 24x36
                  text run at (2,2) width 24: "col"
                  text run at (2,20) width 11: "3"
              RenderTableCell {TD} at (235,44) size 39x40 [bgcolor=#EE82EE] [border: (1px inset #808080)] [r=1 c=4 rs=1 cs=1]
                RenderText {#text} at (2,2) size 24x36
                  text run at (2,2) width 24: "col"
                  text run at (2,20) width 11: "4"
              RenderTableCell {TD} at (276,44) size 39x40 [bgcolor=#EE82EE] [border: (1px inset #808080)] [r=1 c=5 rs=1 cs=1]
                RenderText {#text} at (2,2) size 24x36
                  text run at (2,2) width 24: "col"
                  text run at (2,20) width 11: "5"
              RenderTableCell {TD} at (317,44) size 39x40 [bgcolor=#EE82EE] [border: (1px inset #808080)] [r=1 c=6 rs=1 cs=1]
                RenderText {#text} at (2,2) size 24x36
                  text run at (2,2) width 24: "col"
                  text run at (2,20) width 11: "6"
              RenderTableCell {TD} at (358,44) size 39x40 [bgcolor=#EE82EE] [border: (1px inset #808080)] [r=1 c=7 rs=1 cs=1]
                RenderText {#text} at (2,2) size 24x36
                  text run at (2,2) width 24: "col"
                  text run at (2,20) width 11: "7"
              RenderTableCell {TD} at (399,44) size 39x40 [bgcolor=#EE82EE] [border: (1px inset #808080)] [r=1 c=8 rs=1 cs=1]
                RenderText {#text} at (2,2) size 24x36
                  text run at (2,2) width 24: "col"
                  text run at (2,20) width 11: "8"
              RenderTableCell {TD} at (440,44) size 39x40 [bgcolor=#EE82EE] [border: (1px inset #808080)] [r=1 c=9 rs=1 cs=1]
                RenderText {#text} at (2,2) size 24x36
                  text run at (2,2) width 24: "col"
                  text run at (2,20) width 11: "9"
            RenderTableRow {TR} at (0,86) size 481x40
              RenderTableCell {TH} at (2,161) size 111x58 [bgcolor=#FFE4C4] [border: (1px inset #808080)] [r=2 c=0 rs=5 cs=1]
                RenderText {#text} at (12,2) size 87x18
                  text run at (12,2) width 87: "Header 2"
                RenderBR {BR} at (99,15) size 0x0
                RenderText {#text} at (20,20) size 71x36
                  text run at (20,20) width 71: "span=5"
                  text run at (32,38) width 46: "rows"
              RenderTableCell {TD} at (115,86) size 38x40 [bgcolor=#90EE90] [border: (1px inset #808080)] [r=2 c=1 rs=1 cs=1]
                RenderText {#text} at (2,2) size 24x36
                  text run at (2,2) width 24: "col"
                  text run at (2,20) width 11: "1"
              RenderTableCell {TD} at (155,86) size 38x40 [bgcolor=#90EE90] [border: (1px inset #808080)] [r=2 c=2 rs=1 cs=1]
                RenderText {#text} at (2,2) size 24x36
                  text run at (2,2) width 24: "col"
                  text run at (2,20) width 11: "2"
              RenderTableCell {TD} at (195,86) size 38x40 [bgcolor=#90EE90] [border: (1px inset #808080)] [r=2 c=3 rs=1 cs=1]
                RenderText {#text} at (2,2) size 24x36
                  text run at (2,2) width 24: "col"
                  text run at (2,20) width 11: "3"
              RenderTableCell {TD} at (235,86) size 39x40 [bgcolor=#90EE90] [border: (1px inset #808080)] [r=2 c=4 rs=1 cs=1]
                RenderText {#text} at (2,2) size 24x36
                  text run at (2,2) width 24: "col"
                  text run at (2,20) width 11: "4"
              RenderTableCell {TD} at (276,86) size 39x40 [bgcolor=#90EE90] [border: (1px inset #808080)] [r=2 c=5 rs=1 cs=1]
                RenderText {#text} at (2,2) size 24x36
                  text run at (2,2) width 24: "col"
                  text run at (2,20) width 11: "5"
              RenderTableCell {TD} at (317,86) size 39x40 [bgcolor=#90EE90] [border: (1px inset #808080)] [r=2 c=6 rs=1 cs=1]
                RenderText {#text} at (2,2) size 24x36
                  text run at (2,2) width 24: "col"
                  text run at (2,20) width 11: "6"
              RenderTableCell {TD} at (358,86) size 39x40 [bgcolor=#90EE90] [border: (1px inset #808080)] [r=2 c=7 rs=1 cs=1]
                RenderText {#text} at (2,2) size 24x36
                  text run at (2,2) width 24: "col"
                  text run at (2,20) width 11: "7"
              RenderTableCell {TD} at (399,86) size 39x40 [bgcolor=#90EE90] [border: (1px inset #808080)] [r=2 c=8 rs=1 cs=1]
                RenderText {#text} at (2,2) size 24x36
                  text run at (2,2) width 24: "col"
                  text run at (2,20) width 11: "8"
              RenderTableCell {TD} at (440,86) size 39x40 [bgcolor=#90EE90] [border: (1px inset #808080)] [r=2 c=9 rs=1 cs=1]
                RenderText {#text} at (2,2) size 24x36
                  text run at (2,2) width 24: "col"
                  text run at (2,20) width 11: "9"
            RenderTableRow {TR} at (0,128) size 481x40
              RenderTableCell {TD} at (115,128) size 38x40 [bgcolor=#90EE90] [border: (1px inset #808080)] [r=3 c=1 rs=1 cs=1]
                RenderText {#text} at (2,2) size 24x36
                  text run at (2,2) width 24: "col"
                  text run at (2,20) width 11: "1"
              RenderTableCell {TD} at (155,128) size 38x40 [bgcolor=#90EE90] [border: (1px inset #808080)] [r=3 c=2 rs=1 cs=1]
                RenderText {#text} at (2,2) size 24x36
                  text run at (2,2) width 24: "col"
                  text run at (2,20) width 11: "2"
              RenderTableCell {TD} at (195,128) size 38x40 [bgcolor=#90EE90] [border: (1px inset #808080)] [r=3 c=3 rs=1 cs=1]
                RenderText {#text} at (2,2) size 24x36
                  text run at (2,2) width 24: "col"
                  text run at (2,20) width 11: "3"
              RenderTableCell {TD} at (235,128) size 39x40 [bgcolor=#90EE90] [border: (1px inset #808080)] [r=3 c=4 rs=1 cs=1]
                RenderText {#text} at (2,2) size 24x36
                  text run at (2,2) width 24: "col"
                  text run at (2,20) width 11: "4"
              RenderTableCell {TD} at (276,128) size 39x40 [bgcolor=#90EE90] [border: (1px inset #808080)] [r=3 c=5 rs=1 cs=1]
                RenderText {#text} at (2,2) size 24x36
                  text run at (2,2) width 24: "col"
                  text run at (2,20) width 11: "5"
              RenderTableCell {TD} at (317,128) size 39x40 [bgcolor=#90EE90] [border: (1px inset #808080)] [r=3 c=6 rs=1 cs=1]
                RenderText {#text} at (2,2) size 24x36
                  text run at (2,2) width 24: "col"
                  text run at (2,20) width 11: "6"
              RenderTableCell {TD} at (358,128) size 39x40 [bgcolor=#90EE90] [border: (1px inset #808080)] [r=3 c=7 rs=1 cs=1]
                RenderText {#text} at (2,2) size 24x36
                  text run at (2,2) width 24: "col"
                  text run at (2,20) width 11: "7"
              RenderTableCell {TD} at (399,128) size 39x40 [bgcolor=#90EE90] [border: (1px inset #808080)] [r=3 c=8 rs=1 cs=1]
                RenderText {#text} at (2,2) size 24x36
                  text run at (2,2) width 24: "col"
                  text run at (2,20) width 11: "8"
              RenderTableCell {TD} at (440,128) size 39x40 [bgcolor=#90EE90] [border: (1px inset #808080)] [r=3 c=9 rs=1 cs=1]
                RenderText {#text} at (2,2) size 24x36
                  text run at (2,2) width 24: "col"
                  text run at (2,20) width 11: "9"
            RenderTableRow {TR} at (0,170) size 481x40 [bgcolor=#FFE4C4]
              RenderTableCell {TD} at (115,170) size 38x40 [bgcolor=#90EE90] [border: (1px inset #808080)] [r=4 c=1 rs=1 cs=1]
                RenderText {#text} at (2,2) size 24x36
                  text run at (2,2) width 24: "col"
                  text run at (2,20) width 11: "1"
              RenderTableCell {TD} at (155,170) size 38x40 [bgcolor=#90EE90] [border: (1px inset #808080)] [r=4 c=2 rs=1 cs=1]
                RenderText {#text} at (2,2) size 24x36
                  text run at (2,2) width 24: "col"
                  text run at (2,20) width 11: "2"
              RenderTableCell {TD} at (195,170) size 38x40 [bgcolor=#90EE90] [border: (1px inset #808080)] [r=4 c=3 rs=1 cs=1]
                RenderText {#text} at (2,2) size 24x36
                  text run at (2,2) width 24: "col"
                  text run at (2,20) width 11: "3"
              RenderTableCell {TD} at (235,170) size 39x40 [bgcolor=#90EE90] [border: (1px inset #808080)] [r=4 c=4 rs=1 cs=1]
                RenderText {#text} at (2,2) size 24x36
                  text run at (2,2) width 24: "col"
                  text run at (2,20) width 11: "4"
              RenderTableCell {TD} at (276,170) size 39x40 [bgcolor=#90EE90] [border: (1px inset #808080)] [r=4 c=5 rs=1 cs=1]
                RenderText {#text} at (2,2) size 24x36
                  text run at (2,2) width 24: "col"
                  text run at (2,20) width 11: "5"
              RenderTableCell {TD} at (317,170) size 39x40 [bgcolor=#90EE90] [border: (1px inset #808080)] [r=4 c=6 rs=1 cs=1]
                RenderText {#text} at (2,2) size 24x36
                  text run at (2,2) width 24: "col"
                  text run at (2,20) width 11: "6"
              RenderTableCell {TD} at (358,170) size 39x40 [bgcolor=#90EE90] [border: (1px inset #808080)] [r=4 c=7 rs=1 cs=1]
                RenderText {#text} at (2,2) size 24x36
                  text run at (2,2) width 24: "col"
                  text run at (2,20) width 11: "7"
              RenderTableCell {TD} at (399,170) size 39x40 [bgcolor=#90EE90] [border: (1px inset #808080)] [r=4 c=8 rs=1 cs=1]
                RenderText {#text} at (2,2) size 24x36
                  text run at (2,2) width 24: "col"
                  text run at (2,20) width 11: "8"
              RenderTableCell {TD} at (440,170) size 39x40 [bgcolor=#90EE90] [border: (1px inset #808080)] [r=4 c=9 rs=1 cs=1]
                RenderText {#text} at (2,2) size 24x36
                  text run at (2,2) width 24: "col"
                  text run at (2,20) width 11: "9"
            RenderTableRow {TR} at (0,212) size 481x40
              RenderTableCell {TD} at (115,212) size 38x40 [bgcolor=#90EE90] [border: (1px inset #808080)] [r=5 c=1 rs=1 cs=1]
                RenderText {#text} at (2,2) size 24x36
                  text run at (2,2) width 24: "col"
                  text run at (2,20) width 11: "1"
              RenderTableCell {TD} at (155,212) size 38x40 [bgcolor=#90EE90] [border: (1px inset #808080)] [r=5 c=2 rs=1 cs=1]
                RenderText {#text} at (2,2) size 24x36
                  text run at (2,2) width 24: "col"
                  text run at (2,20) width 11: "2"
              RenderTableCell {TD} at (195,212) size 38x40 [bgcolor=#90EE90] [border: (1px inset #808080)] [r=5 c=3 rs=1 cs=1]
                RenderText {#text} at (2,2) size 24x36
                  text run at (2,2) width 24: "col"
                  text run at (2,20) width 11: "3"
              RenderTableCell {TD} at (235,212) size 39x40 [bgcolor=#90EE90] [border: (1px inset #808080)] [r=5 c=4 rs=1 cs=1]
                RenderText {#text} at (2,2) size 24x36
                  text run at (2,2) width 24: "col"
                  text run at (2,20) width 11: "4"
              RenderTableCell {TD} at (276,212) size 39x40 [bgcolor=#90EE90] [border: (1px inset #808080)] [r=5 c=5 rs=1 cs=1]
                RenderText {#text} at (2,2) size 24x36
                  text run at (2,2) width 24: "col"
                  text run at (2,20) width 11: "5"
              RenderTableCell {TD} at (317,212) size 39x40 [bgcolor=#90EE90] [border: (1px inset #808080)] [r=5 c=6 rs=1 cs=1]
                RenderText {#text} at (2,2) size 24x36
                  text run at (2,2) width 24: "col"
                  text run at (2,20) width 11: "6"
              RenderTableCell {TD} at (358,212) size 39x40 [bgcolor=#90EE90] [border: (1px inset #808080)] [r=5 c=7 rs=1 cs=1]
                RenderText {#text} at (2,2) size 24x36
                  text run at (2,2) width 24: "col"
                  text run at (2,20) width 11: "7"
              RenderTableCell {TD} at (399,212) size 39x40 [bgcolor=#90EE90] [border: (1px inset #808080)] [r=5 c=8 rs=1 cs=1]
                RenderText {#text} at (2,2) size 24x36
                  text run at (2,2) width 24: "col"
                  text run at (2,20) width 11: "8"
              RenderTableCell {TD} at (440,212) size 39x40 [bgcolor=#90EE90] [border: (1px inset #808080)] [r=5 c=9 rs=1 cs=1]
                RenderText {#text} at (2,2) size 24x36
                  text run at (2,2) width 24: "col"
                  text run at (2,20) width 11: "9"
            RenderTableRow {TR} at (0,254) size 481x40
              RenderTableCell {TD} at (115,254) size 38x40 [bgcolor=#90EE90] [border: (1px inset #808080)] [r=6 c=1 rs=1 cs=1]
                RenderText {#text} at (2,2) size 24x36
                  text run at (2,2) width 24: "col"
                  text run at (2,20) width 11: "1"
              RenderTableCell {TD} at (155,254) size 38x40 [bgcolor=#90EE90] [border: (1px inset #808080)] [r=6 c=2 rs=1 cs=1]
                RenderText {#text} at (2,2) size 24x36
                  text run at (2,2) width 24: "col"
                  text run at (2,20) width 11: "2"
              RenderTableCell {TD} at (195,254) size 38x40 [bgcolor=#90EE90] [border: (1px inset #808080)] [r=6 c=3 rs=1 cs=1]
                RenderText {#text} at (2,2) size 24x36
                  text run at (2,2) width 24: "col"
                  text run at (2,20) width 11: "3"
              RenderTableCell {TD} at (235,254) size 39x40 [bgcolor=#90EE90] [border: (1px inset #808080)] [r=6 c=4 rs=1 cs=1]
                RenderText {#text} at (2,2) size 24x36
                  text run at (2,2) width 24: "col"
                  text run at (2,20) width 11: "4"
              RenderTableCell {TD} at (276,254) size 39x40 [bgcolor=#90EE90] [border: (1px inset #808080)] [r=6 c=5 rs=1 cs=1]
                RenderText {#text} at (2,2) size 24x36
                  text run at (2,2) width 24: "col"
                  text run at (2,20) width 11: "5"
              RenderTableCell {TD} at (317,254) size 39x40 [bgcolor=#90EE90] [border: (1px inset #808080)] [r=6 c=6 rs=1 cs=1]
                RenderText {#text} at (2,2) size 24x36
                  text run at (2,2) width 24: "col"
                  text run at (2,20) width 11: "6"
              RenderTableCell {TD} at (358,254) size 39x40 [bgcolor=#90EE90] [border: (1px inset #808080)] [r=6 c=7 rs=1 cs=1]
                RenderText {#text} at (2,2) size 24x36
                  text run at (2,2) width 24: "col"
                  text run at (2,20) width 11: "7"
              RenderTableCell {TD} at (399,254) size 39x40 [bgcolor=#90EE90] [border: (1px inset #808080)] [r=6 c=8 rs=1 cs=1]
                RenderText {#text} at (2,2) size 24x36
                  text run at (2,2) width 24: "col"
                  text run at (2,20) width 11: "8"
              RenderTableCell {TD} at (440,254) size 39x40 [bgcolor=#90EE90] [border: (1px inset #808080)] [r=6 c=9 rs=1 cs=1]
                RenderText {#text} at (2,2) size 24x36
                  text run at (2,2) width 24: "col"
                  text run at (2,20) width 11: "9"
            RenderTableRow {TR} at (0,296) size 481x40
              RenderTableCell {TH} at (2,329) size 111x58 [bgcolor=#FFE4C4] [border: (1px inset #808080)] [r=7 c=0 rs=3 cs=1]
                RenderText {#text} at (12,2) size 87x18
                  text run at (12,2) width 87: "Header 3"
                RenderBR {BR} at (99,15) size 0x0
                RenderText {#text} at (20,20) size 71x36
                  text run at (20,20) width 71: "span=3"
                  text run at (32,38) width 46: "rows"
              RenderTableCell {TD} at (115,296) size 38x40 [bgcolor=#ADD8E6] [border: (1px inset #808080)] [r=7 c=1 rs=1 cs=1]
                RenderText {#text} at (2,2) size 24x36
                  text run at (2,2) width 24: "col"
                  text run at (2,20) width 11: "1"
              RenderTableCell {TD} at (155,296) size 38x40 [bgcolor=#ADD8E6] [border: (1px inset #808080)] [r=7 c=2 rs=1 cs=1]
                RenderText {#text} at (2,2) size 24x36
                  text run at (2,2) width 24: "col"
                  text run at (2,20) width 11: "2"
              RenderTableCell {TD} at (195,296) size 38x40 [bgcolor=#ADD8E6] [border: (1px inset #808080)] [r=7 c=3 rs=1 cs=1]
                RenderText {#text} at (2,2) size 24x36
                  text run at (2,2) width 24: "col"
                  text run at (2,20) width 11: "3"
              RenderTableCell {TD} at (235,296) size 39x40 [bgcolor=#ADD8E6] [border: (1px inset #808080)] [r=7 c=4 rs=1 cs=1]
                RenderText {#text} at (2,2) size 24x36
                  text run at (2,2) width 24: "col"
                  text run at (2,20) width 11: "4"
              RenderTableCell {TD} at (276,296) size 39x40 [bgcolor=#ADD8E6] [border: (1px inset #808080)] [r=7 c=5 rs=1 cs=1]
                RenderText {#text} at (2,2) size 24x36
                  text run at (2,2) width 24: "col"
                  text run at (2,20) width 11: "5"
              RenderTableCell {TD} at (317,296) size 39x40 [bgcolor=#ADD8E6] [border: (1px inset #808080)] [r=7 c=6 rs=1 cs=1]
                RenderText {#text} at (2,2) size 24x36
                  text run at (2,2) width 24: "col"
                  text run at (2,20) width 11: "6"
              RenderTableCell {TD} at (358,296) size 39x40 [bgcolor=#ADD8E6] [border: (1px inset #808080)] [r=7 c=7 rs=1 cs=1]
                RenderText {#text} at (2,2) size 24x36
                  text run at (2,2) width 24: "col"
                  text run at (2,20) width 11: "7"
              RenderTableCell {TD} at (399,296) size 39x40 [bgcolor=#ADD8E6] [border: (1px inset #808080)] [r=7 c=8 rs=1 cs=1]
                RenderText {#text} at (2,2) size 24x36
                  text run at (2,2) width 24: "col"
                  text run at (2,20) width 11: "8"
              RenderTableCell {TD} at (440,296) size 39x40 [bgcolor=#ADD8E6] [border: (1px inset #808080)] [r=7 c=9 rs=1 cs=1]
                RenderText {#text} at (2,2) size 24x36
                  text run at (2,2) width 24: "col"
                  text run at (2,20) width 11: "9"
            RenderTableRow {TR} at (0,338) size 481x40
              RenderTableCell {TD} at (115,338) size 38x40 [bgcolor=#ADD8E6] [border: (1px inset #808080)] [r=8 c=1 rs=1 cs=1]
                RenderText {#text} at (2,2) size 24x36
                  text run at (2,2) width 24: "col"
                  text run at (2,20) width 11: "1"
              RenderTableCell {TD} at (155,338) size 38x40 [bgcolor=#ADD8E6] [border: (1px inset #808080)] [r=8 c=2 rs=1 cs=1]
                RenderText {#text} at (2,2) size 24x36
                  text run at (2,2) width 24: "col"
                  text run at (2,20) width 11: "2"
              RenderTableCell {TD} at (195,338) size 38x40 [bgcolor=#ADD8E6] [border: (1px inset #808080)] [r=8 c=3 rs=1 cs=1]
                RenderText {#text} at (2,2) size 24x36
                  text run at (2,2) width 24: "col"
                  text run at (2,20) width 11: "3"
              RenderTableCell {TD} at (235,338) size 39x40 [bgcolor=#ADD8E6] [border: (1px inset #808080)] [r=8 c=4 rs=1 cs=1]
                RenderText {#text} at (2,2) size 24x36
                  text run at (2,2) width 24: "col"
                  text run at (2,20) width 11: "4"
              RenderTableCell {TD} at (276,338) size 39x40 [bgcolor=#ADD8E6] [border: (1px inset #808080)] [r=8 c=5 rs=1 cs=1]
                RenderText {#text} at (2,2) size 24x36
                  text run at (2,2) width 24: "col"
                  text run at (2,20) width 11: "5"
              RenderTableCell {TD} at (317,338) size 39x40 [bgcolor=#ADD8E6] [border: (1px inset #808080)] [r=8 c=6 rs=1 cs=1]
                RenderText {#text} at (2,2) size 24x36
                  text run at (2,2) width 24: "col"
                  text run at (2,20) width 11: "6"
              RenderTableCell {TD} at (358,338) size 39x40 [bgcolor=#ADD8E6] [border: (1px inset #808080)] [r=8 c=7 rs=1 cs=1]
                RenderText {#text} at (2,2) size 24x36
                  text run at (2,2) width 24: "col"
                  text run at (2,20) width 11: "7"
              RenderTableCell {TD} at (399,338) size 39x40 [bgcolor=#ADD8E6] [border: (1px inset #808080)] [r=8 c=8 rs=1 cs=1]
                RenderText {#text} at (2,2) size 24x36
                  text run at (2,2) width 24: "col"
                  text run at (2,20) width 11: "8"
              RenderTableCell {TD} at (440,338) size 39x40 [bgcolor=#ADD8E6] [border: (1px inset #808080)] [r=8 c=9 rs=1 cs=1]
                RenderText {#text} at (2,2) size 24x36
                  text run at (2,2) width 24: "col"
                  text run at (2,20) width 11: "9"
            RenderTableRow {TR} at (0,380) size 481x40
              RenderTableCell {TD} at (115,380) size 38x40 [bgcolor=#ADD8E6] [border: (1px inset #808080)] [r=9 c=1 rs=1 cs=1]
                RenderText {#text} at (2,2) size 24x36
                  text run at (2,2) width 24: "col"
                  text run at (2,20) width 11: "1"
              RenderTableCell {TD} at (155,380) size 38x40 [bgcolor=#ADD8E6] [border: (1px inset #808080)] [r=9 c=2 rs=1 cs=1]
                RenderText {#text} at (2,2) size 24x36
                  text run at (2,2) width 24: "col"
                  text run at (2,20) width 11: "2"
              RenderTableCell {TD} at (195,380) size 38x40 [bgcolor=#ADD8E6] [border: (1px inset #808080)] [r=9 c=3 rs=1 cs=1]
                RenderText {#text} at (2,2) size 24x36
                  text run at (2,2) width 24: "col"
                  text run at (2,20) width 11: "3"
              RenderTableCell {TD} at (235,380) size 39x40 [bgcolor=#ADD8E6] [border: (1px inset #808080)] [r=9 c=4 rs=1 cs=1]
                RenderText {#text} at (2,2) size 24x36
                  text run at (2,2) width 24: "col"
                  text run at (2,20) width 11: "4"
              RenderTableCell {TD} at (276,380) size 39x40 [bgcolor=#ADD8E6] [border: (1px inset #808080)] [r=9 c=5 rs=1 cs=1]
                RenderText {#text} at (2,2) size 24x36
                  text run at (2,2) width 24: "col"
                  text run at (2,20) width 11: "5"
              RenderTableCell {TD} at (317,380) size 39x40 [bgcolor=#ADD8E6] [border: (1px inset #808080)] [r=9 c=6 rs=1 cs=1]
                RenderText {#text} at (2,2) size 24x36
                  text run at (2,2) width 24: "col"
                  text run at (2,20) width 11: "6"
              RenderTableCell {TD} at (358,380) size 39x40 [bgcolor=#ADD8E6] [border: (1px inset #808080)] [r=9 c=7 rs=1 cs=1]
                RenderText {#text} at (2,2) size 24x36
                  text run at (2,2) width 24: "col"
                  text run at (2,20) width 11: "7"
              RenderTableCell {TD} at (399,380) size 39x40 [bgcolor=#ADD8E6] [border: (1px inset #808080)] [r=9 c=8 rs=1 cs=1]
                RenderText {#text} at (2,2) size 24x36
                  text run at (2,2) width 24: "col"
                  text run at (2,20) width 11: "8"
              RenderTableCell {TD} at (440,380) size 39x40 [bgcolor=#ADD8E6] [border: (1px inset #808080)] [r=9 c=9 rs=1 cs=1]
                RenderText {#text} at (2,2) size 24x36
                  text run at (2,2) width 24: "col"
                  text run at (2,20) width 11: "9"
      RenderBlock {P} at (0,1314) size 784x0
      RenderBlock {HR} at (0,1314) size 784x2 [border: (1px inset #000000)]
      RenderBlock {P} at (0,1333) size 784x62
        RenderTable {TABLE} at (0,0) size 666x62 [bgcolor=#F08080] [border: (1px outset #808080)]
          RenderTableSection {TBODY} at (1,1) size 664x60
            RenderTableRow {TR} at (0,2) size 664x56
              RenderTableCell {TH} at (2,2) size 660x56 [border: (1px inset #808080)] [r=0 c=0 rs=1 cs=1]
                RenderInline {A} at (0,0) size 0x0
                RenderText {#text} at (11,11) size 136x18
                  text run at (11,11) width 136: "Test Case #2: "
                RenderInline {FONT} at (0,0) size 426x18 [color=#0000FF]
                  RenderText {#text} at (147,11) size 426x18
                    text run at (147,11) width 426: "table with data cells spanning multiple rows"
                RenderText {#text} at (573,11) size 6x18
                  text run at (573,11) width 6: " "
                RenderInline {FONT} at (0,0) size 622x33
                  RenderInline {I} at (0,0) size 622x33
                    RenderText {#text} at (579,12) size 622x33
                      text run at (579,12) width 54: "(using"
                      text run at (11,29) width 320: "&ltTD ROWSPAN=integer value> tag)"
                RenderText {#text} at (0,0) size 0x0
      RenderBlock {P} at (0,1412) size 784x154
        RenderBlock (anonymous) at (0,0) size 784x18
          RenderBR {BR} at (0,0) size 0x18
        RenderTable {TABLE} at (0,18) size 705x136 [bgcolor=#FFD700] [border: (1px outset #808080)]
          RenderTableSection {TBODY} at (1,1) size 703x134
            RenderTableRow {TR} at (0,2) size 703x130
              RenderTableCell {TD} at (2,2) size 699x130 [border: (1px inset #808080)] [r=0 c=0 rs=1 cs=1]
                RenderInline {FONT} at (0,0) size 676x108 [color=#FF0000]
                  RenderInline {B} at (0,0) size 676x108
                    RenderText {#text} at (11,11) size 521x18
                      text run at (11,11) width 521: "In the following sample table you should see that the "
                    RenderInline {FONT} at (0,0) size 96x18 [color=#0000FF]
                      RenderText {#text} at (532,11) size 96x18
                        text run at (532,11) width 96: "ROWSPAN"
                    RenderText {#text} at (11,29) size 641x18
                      text run at (11,29) width 641: "attribute applies an integer value equal to the number of rows the"
                    RenderInline {FONT} at (0,0) size 50x18 [color=#0000FF]
                      RenderText {#text} at (11,47) size 50x18
                        text run at (11,47) width 50: "DATA"
                    RenderText {#text} at (61,47) size 676x72
                      text run at (61,47) width 197: " cell is to span. This "
                      text run at (258,47) width 429: "tells the browser to make the table data cell"
                      text run at (11,65) width 597: "occupy the same vertical space as the integer number of cells"
                      text run at (11,83) width 169: "specified in rows "
                      text run at (180,83) width 485: "above or below it. The browser flows the contents"
                      text run at (11,101) width 545: "of the spanning cell to occupy the entire spanned space."
                RenderInline {B} at (0,0) size 0x0
      RenderBlock {P} at (0,1583) size 784x36
        RenderBR {BR} at (0,0) size 0x18
        RenderBR {BR} at (0,18) size 0x18
      RenderBlock {UL} at (0,1636) size 784x442
        RenderTable {TABLE} at (40,0) size 483x442 [border: (1px outset #808080)]
          RenderBlock {CAPTION} at (0,0) size 481x18
            RenderText {#text} at (65,0) size 50x18
              text run at (65,0) width 50: "Table "
            RenderInline {B} at (0,0) size 96x18
              RenderText {#text} at (115,0) size 96x18
                text run at (115,0) width 96: "Data Cells"
            RenderText {#text} at (211,0) size 205x18
              text run at (211,0) width 205: " spanning multiple rows"
          RenderTableSection {TBODY} at (1,19) size 481x422
            RenderTableRow {TR} at (0,2) size 481x40
              RenderTableCell {TH} at (2,11) size 53x22 [bgcolor=#EE82EE] [border: (1px inset #808080)] [r=0 c=0 rs=1 cs=1]
                RenderText {#text} at (2,2) size 49x18
                  text run at (2,2) width 49: "Head"
              RenderTableCell {TD} at (57,14) size 90x58 [bgcolor=#FFFACD] [border: (1px inset #808080)] [r=0 c=1 rs=2 cs=1]
                RenderText {#text} at (2,2) size 56x18
                  text run at (2,2) width 56: "Data 1"
                RenderBR {BR} at (58,15) size 0x0
                RenderText {#text} at (2,20) size 66x36
                  text run at (2,20) width 66: "span=2"
                  text run at (2,38) width 40: "rows"
              RenderTableCell {TD} at (149,2) size 34x40 [bgcolor=#EE82EE] [border: (1px inset #808080)] [r=0 c=2 rs=1 cs=1]
                RenderText {#text} at (2,2) size 24x36
                  text run at (2,2) width 24: "col"
                  text run at (2,20) width 11: "1"
              RenderTableCell {TD} at (185,2) size 35x40 [bgcolor=#EE82EE] [border: (1px inset #808080)] [r=0 c=3 rs=1 cs=1]
                RenderText {#text} at (2,2) size 24x36
                  text run at (2,2) width 24: "col"
                  text run at (2,20) width 11: "2"
              RenderTableCell {TD} at (222,2) size 35x40 [bgcolor=#EE82EE] [border: (1px inset #808080)] [r=0 c=4 rs=1 cs=1]
                RenderText {#text} at (2,2) size 24x36
                  text run at (2,2) width 24: "col"
                  text run at (2,20) width 11: "3"
              RenderTableCell {TD} at (259,2) size 35x40 [bgcolor=#EE82EE] [border: (1px inset #808080)] [r=0 c=5 rs=1 cs=1]
                RenderText {#text} at (2,2) size 24x36
                  text run at (2,2) width 24: "col"
                  text run at (2,20) width 11: "4"
              RenderTableCell {TD} at (296,2) size 35x40 [bgcolor=#EE82EE] [border: (1px inset #808080)] [r=0 c=6 rs=1 cs=1]
                RenderText {#text} at (2,2) size 24x36
                  text run at (2,2) width 24: "col"
                  text run at (2,20) width 11: "5"
              RenderTableCell {TD} at (333,2) size 35x40 [bgcolor=#EE82EE] [border: (1px inset #808080)] [r=0 c=7 rs=1 cs=1]
                RenderText {#text} at (2,2) size 24x36
                  text run at (2,2) width 24: "col"
                  text run at (2,20) width 11: "6"
              RenderTableCell {TD} at (370,2) size 35x40 [bgcolor=#EE82EE] [border: (1px inset #808080)] [r=0 c=8 rs=1 cs=1]
                RenderText {#text} at (2,2) size 24x36
                  text run at (2,2) width 24: "col"
                  text run at (2,20) width 11: "7"
              RenderTableCell {TD} at (407,2) size 35x40 [bgcolor=#EE82EE] [border: (1px inset #808080)] [r=0 c=9 rs=1 cs=1]
                RenderText {#text} at (2,2) size 24x36
                  text run at (2,2) width 24: "col"
                  text run at (2,20) width 11: "8"
              RenderTableCell {TD} at (444,2) size 35x40 [bgcolor=#EE82EE] [border: (1px inset #808080)] [r=0 c=10 rs=1 cs=1]
                RenderText {#text} at (2,2) size 24x36
                  text run at (2,2) width 24: "col"
                  text run at (2,20) width 11: "9"
            RenderTableRow {TR} at (0,44) size 481x40
              RenderTableCell {TH} at (2,53) size 53x22 [bgcolor=#EE82EE] [border: (1px inset #808080)] [r=1 c=0 rs=1 cs=1]
                RenderText {#text} at (2,2) size 49x18
                  text run at (2,2) width 49: "Head"
              RenderTableCell {TD} at (149,44) size 34x40 [bgcolor=#EE82EE] [border: (1px inset #808080)] [r=1 c=2 rs=1 cs=1]
                RenderText {#text} at (2,2) size 24x36
                  text run at (2,2) width 24: "col"
                  text run at (2,20) width 11: "1"
              RenderTableCell {TD} at (185,44) size 35x40 [bgcolor=#EE82EE] [border: (1px inset #808080)] [r=1 c=3 rs=1 cs=1]
                RenderText {#text} at (2,2) size 24x36
                  text run at (2,2) width 24: "col"
                  text run at (2,20) width 11: "2"
              RenderTableCell {TD} at (222,44) size 35x40 [bgcolor=#EE82EE] [border: (1px inset #808080)] [r=1 c=4 rs=1 cs=1]
                RenderText {#text} at (2,2) size 24x36
                  text run at (2,2) width 24: "col"
                  text run at (2,20) width 11: "3"
              RenderTableCell {TD} at (259,44) size 35x40 [bgcolor=#EE82EE] [border: (1px inset #808080)] [r=1 c=5 rs=1 cs=1]
                RenderText {#text} at (2,2) size 24x36
                  text run at (2,2) width 24: "col"
                  text run at (2,20) width 11: "4"
              RenderTableCell {TD} at (296,44) size 35x40 [bgcolor=#EE82EE] [border: (1px inset #808080)] [r=1 c=6 rs=1 cs=1]
                RenderText {#text} at (2,2) size 24x36
                  text run at (2,2) width 24: "col"
                  text run at (2,20) width 11: "5"
              RenderTableCell {TD} at (333,44) size 35x40 [bgcolor=#EE82EE] [border: (1px inset #808080)] [r=1 c=7 rs=1 cs=1]
                RenderText {#text} at (2,2) size 24x36
                  text run at (2,2) width 24: "col"
                  text run at (2,20) width 11: "6"
              RenderTableCell {TD} at (370,44) size 35x40 [bgcolor=#EE82EE] [border: (1px inset #808080)] [r=1 c=8 rs=1 cs=1]
                RenderText {#text} at (2,2) size 24x36
                  text run at (2,2) width 24: "col"
                  text run at (2,20) width 11: "7"
              RenderTableCell {TD} at (407,44) size 35x40 [bgcolor=#EE82EE] [border: (1px inset #808080)] [r=1 c=9 rs=1 cs=1]
                RenderText {#text} at (2,2) size 24x36
                  text run at (2,2) width 24: "col"
                  text run at (2,20) width 11: "8"
              RenderTableCell {TD} at (444,44) size 35x40 [bgcolor=#EE82EE] [border: (1px inset #808080)] [r=1 c=10 rs=1 cs=1]
                RenderText {#text} at (2,2) size 24x36
                  text run at (2,2) width 24: "col"
                  text run at (2,20) width 11: "9"
            RenderTableRow {TR} at (0,86) size 481x40
              RenderTableCell {TH} at (2,95) size 53x22 [bgcolor=#90EE90] [border: (1px inset #808080)] [r=2 c=0 rs=1 cs=1]
                RenderText {#text} at (2,2) size 49x18
                  text run at (2,2) width 49: "Head"
              RenderTableCell {TD} at (57,161) size 90x58 [bgcolor=#FFFACD] [border: (1px inset #808080)] [r=2 c=1 rs=5 cs=1]
                RenderText {#text} at (2,2) size 56x18
                  text run at (2,2) width 56: "Data 2"
                RenderBR {BR} at (58,15) size 0x0
                RenderText {#text} at (2,20) size 66x36
                  text run at (2,20) width 66: "span=5"
                  text run at (2,38) width 40: "rows"
              RenderTableCell {TD} at (149,86) size 34x40 [bgcolor=#90EE90] [border: (1px inset #808080)] [r=2 c=2 rs=1 cs=1]
                RenderText {#text} at (2,2) size 24x36
                  text run at (2,2) width 24: "col"
                  text run at (2,20) width 11: "1"
              RenderTableCell {TD} at (185,86) size 35x40 [bgcolor=#90EE90] [border: (1px inset #808080)] [r=2 c=3 rs=1 cs=1]
                RenderText {#text} at (2,2) size 24x36
                  text run at (2,2) width 24: "col"
                  text run at (2,20) width 11: "2"
              RenderTableCell {TD} at (222,86) size 35x40 [bgcolor=#90EE90] [border: (1px inset #808080)] [r=2 c=4 rs=1 cs=1]
                RenderText {#text} at (2,2) size 24x36
                  text run at (2,2) width 24: "col"
                  text run at (2,20) width 11: "3"
              RenderTableCell {TD} at (259,86) size 35x40 [bgcolor=#90EE90] [border: (1px inset #808080)] [r=2 c=5 rs=1 cs=1]
                RenderText {#text} at (2,2) size 24x36
                  text run at (2,2) width 24: "col"
                  text run at (2,20) width 11: "4"
              RenderTableCell {TD} at (296,86) size 35x40 [bgcolor=#90EE90] [border: (1px inset #808080)] [r=2 c=6 rs=1 cs=1]
                RenderText {#text} at (2,2) size 24x36
                  text run at (2,2) width 24: "col"
                  text run at (2,20) width 11: "5"
              RenderTableCell {TD} at (333,86) size 35x40 [bgcolor=#90EE90] [border: (1px inset #808080)] [r=2 c=7 rs=1 cs=1]
                RenderText {#text} at (2,2) size 24x36
                  text run at (2,2) width 24: "col"
                  text run at (2,20) width 11: "6"
              RenderTableCell {TD} at (370,86) size 35x40 [bgcolor=#90EE90] [border: (1px inset #808080)] [r=2 c=8 rs=1 cs=1]
                RenderText {#text} at (2,2) size 24x36
                  text run at (2,2) width 24: "col"
                  text run at (2,20) width 11: "7"
              RenderTableCell {TD} at (407,86) size 35x40 [bgcolor=#90EE90] [border: (1px inset #808080)] [r=2 c=9 rs=1 cs=1]
                RenderText {#text} at (2,2) size 24x36
                  text run at (2,2) width 24: "col"
                  text run at (2,20) width 11: "8"
              RenderTableCell {TD} at (444,86) size 35x40 [bgcolor=#90EE90] [border: (1px inset #808080)] [r=2 c=10 rs=1 cs=1]
                RenderText {#text} at (2,2) size 24x36
                  text run at (2,2) width 24: "col"
                  text run at (2,20) width 11: "9"
            RenderTableRow {TR} at (0,128) size 481x40
              RenderTableCell {TH} at (2,137) size 53x22 [bgcolor=#90EE90] [border: (1px inset #808080)] [r=3 c=0 rs=1 cs=1]
                RenderText {#text} at (2,2) size 49x18
                  text run at (2,2) width 49: "Head"
              RenderTableCell {TD} at (149,128) size 34x40 [bgcolor=#90EE90] [border: (1px inset #808080)] [r=3 c=2 rs=1 cs=1]
                RenderText {#text} at (2,2) size 24x36
                  text run at (2,2) width 24: "col"
                  text run at (2,20) width 11: "1"
              RenderTableCell {TD} at (185,128) size 35x40 [bgcolor=#90EE90] [border: (1px inset #808080)] [r=3 c=3 rs=1 cs=1]
                RenderText {#text} at (2,2) size 24x36
                  text run at (2,2) width 24: "col"
                  text run at (2,20) width 11: "2"
              RenderTableCell {TD} at (222,128) size 35x40 [bgcolor=#90EE90] [border: (1px inset #808080)] [r=3 c=4 rs=1 cs=1]
                RenderText {#text} at (2,2) size 24x36
                  text run at (2,2) width 24: "col"
                  text run at (2,20) width 11: "3"
              RenderTableCell {TD} at (259,128) size 35x40 [bgcolor=#90EE90] [border: (1px inset #808080)] [r=3 c=5 rs=1 cs=1]
                RenderText {#text} at (2,2) size 24x36
                  text run at (2,2) width 24: "col"
                  text run at (2,20) width 11: "4"
              RenderTableCell {TD} at (296,128) size 35x40 [bgcolor=#90EE90] [border: (1px inset #808080)] [r=3 c=6 rs=1 cs=1]
                RenderText {#text} at (2,2) size 24x36
                  text run at (2,2) width 24: "col"
                  text run at (2,20) width 11: "5"
              RenderTableCell {TD} at (333,128) size 35x40 [bgcolor=#90EE90] [border: (1px inset #808080)] [r=3 c=7 rs=1 cs=1]
                RenderText {#text} at (2,2) size 24x36
                  text run at (2,2) width 24: "col"
                  text run at (2,20) width 11: "6"
              RenderTableCell {TD} at (370,128) size 35x40 [bgcolor=#90EE90] [border: (1px inset #808080)] [r=3 c=8 rs=1 cs=1]
                RenderText {#text} at (2,2) size 24x36
                  text run at (2,2) width 24: "col"
                  text run at (2,20) width 11: "7"
              RenderTableCell {TD} at (407,128) size 35x40 [bgcolor=#90EE90] [border: (1px inset #808080)] [r=3 c=9 rs=1 cs=1]
                RenderText {#text} at (2,2) size 24x36
                  text run at (2,2) width 24: "col"
                  text run at (2,20) width 11: "8"
              RenderTableCell {TD} at (444,128) size 35x40 [bgcolor=#90EE90] [border: (1px inset #808080)] [r=3 c=10 rs=1 cs=1]
                RenderText {#text} at (2,2) size 24x36
                  text run at (2,2) width 24: "col"
                  text run at (2,20) width 11: "9"
            RenderTableRow {TR} at (0,170) size 481x40
              RenderTableCell {TH} at (2,179) size 53x22 [bgcolor=#90EE90] [border: (1px inset #808080)] [r=4 c=0 rs=1 cs=1]
                RenderText {#text} at (2,2) size 49x18
                  text run at (2,2) width 49: "Head"
              RenderTableCell {TD} at (149,170) size 34x40 [bgcolor=#90EE90] [border: (1px inset #808080)] [r=4 c=2 rs=1 cs=1]
                RenderText {#text} at (2,2) size 24x36
                  text run at (2,2) width 24: "col"
                  text run at (2,20) width 11: "1"
              RenderTableCell {TD} at (185,170) size 35x40 [bgcolor=#90EE90] [border: (1px inset #808080)] [r=4 c=3 rs=1 cs=1]
                RenderText {#text} at (2,2) size 24x36
                  text run at (2,2) width 24: "col"
                  text run at (2,20) width 11: "2"
              RenderTableCell {TD} at (222,170) size 35x40 [bgcolor=#90EE90] [border: (1px inset #808080)] [r=4 c=4 rs=1 cs=1]
                RenderText {#text} at (2,2) size 24x36
                  text run at (2,2) width 24: "col"
                  text run at (2,20) width 11: "3"
              RenderTableCell {TD} at (259,170) size 35x40 [bgcolor=#90EE90] [border: (1px inset #808080)] [r=4 c=5 rs=1 cs=1]
                RenderText {#text} at (2,2) size 24x36
                  text run at (2,2) width 24: "col"
                  text run at (2,20) width 11: "4"
              RenderTableCell {TD} at (296,170) size 35x40 [bgcolor=#90EE90] [border: (1px inset #808080)] [r=4 c=6 rs=1 cs=1]
                RenderText {#text} at (2,2) size 24x36
                  text run at (2,2) width 24: "col"
                  text run at (2,20) width 11: "5"
              RenderTableCell {TD} at (333,170) size 35x40 [bgcolor=#90EE90] [border: (1px inset #808080)] [r=4 c=7 rs=1 cs=1]
                RenderText {#text} at (2,2) size 24x36
                  text run at (2,2) width 24: "col"
                  text run at (2,20) width 11: "6"
              RenderTableCell {TD} at (370,170) size 35x40 [bgcolor=#90EE90] [border: (1px inset #808080)] [r=4 c=8 rs=1 cs=1]
                RenderText {#text} at (2,2) size 24x36
                  text run at (2,2) width 24: "col"
                  text run at (2,20) width 11: "7"
              RenderTableCell {TD} at (407,170) size 35x40 [bgcolor=#90EE90] [border: (1px inset #808080)] [r=4 c=9 rs=1 cs=1]
                RenderText {#text} at (2,2) size 24x36
                  text run at (2,2) width 24: "col"
                  text run at (2,20) width 11: "8"
              RenderTableCell {TD} at (444,170) size 35x40 [bgcolor=#90EE90] [border: (1px inset #808080)] [r=4 c=10 rs=1 cs=1]
                RenderText {#text} at (2,2) size 24x36
                  text run at (2,2) width 24: "col"
                  text run at (2,20) width 11: "9"
            RenderTableRow {TR} at (0,212) size 481x40
              RenderTableCell {TH} at (2,221) size 53x22 [bgcolor=#90EE90] [border: (1px inset #808080)] [r=5 c=0 rs=1 cs=1]
                RenderText {#text} at (2,2) size 49x18
                  text run at (2,2) width 49: "Head"
              RenderTableCell {TD} at (149,212) size 34x40 [bgcolor=#90EE90] [border: (1px inset #808080)] [r=5 c=2 rs=1 cs=1]
                RenderText {#text} at (2,2) size 24x36
                  text run at (2,2) width 24: "col"
                  text run at (2,20) width 11: "1"
              RenderTableCell {TD} at (185,212) size 35x40 [bgcolor=#90EE90] [border: (1px inset #808080)] [r=5 c=3 rs=1 cs=1]
                RenderText {#text} at (2,2) size 24x36
                  text run at (2,2) width 24: "col"
                  text run at (2,20) width 11: "2"
              RenderTableCell {TD} at (222,212) size 35x40 [bgcolor=#90EE90] [border: (1px inset #808080)] [r=5 c=4 rs=1 cs=1]
                RenderText {#text} at (2,2) size 24x36
                  text run at (2,2) width 24: "col"
                  text run at (2,20) width 11: "3"
              RenderTableCell {TD} at (259,212) size 35x40 [bgcolor=#90EE90] [border: (1px inset #808080)] [r=5 c=5 rs=1 cs=1]
                RenderText {#text} at (2,2) size 24x36
                  text run at (2,2) width 24: "col"
                  text run at (2,20) width 11: "4"
              RenderTableCell {TD} at (296,212) size 35x40 [bgcolor=#90EE90] [border: (1px inset #808080)] [r=5 c=6 rs=1 cs=1]
                RenderText {#text} at (2,2) size 24x36
                  text run at (2,2) width 24: "col"
                  text run at (2,20) width 11: "5"
              RenderTableCell {TD} at (333,212) size 35x40 [bgcolor=#90EE90] [border: (1px inset #808080)] [r=5 c=7 rs=1 cs=1]
                RenderText {#text} at (2,2) size 24x36
                  text run at (2,2) width 24: "col"
                  text run at (2,20) width 11: "6"
              RenderTableCell {TD} at (370,212) size 35x40 [bgcolor=#90EE90] [border: (1px inset #808080)] [r=5 c=8 rs=1 cs=1]
                RenderText {#text} at (2,2) size 24x36
                  text run at (2,2) width 24: "col"
                  text run at (2,20) width 11: "7"
              RenderTableCell {TD} at (407,212) size 35x40 [bgcolor=#90EE90] [border: (1px inset #808080)] [r=5 c=9 rs=1 cs=1]
                RenderText {#text} at (2,2) size 24x36
                  text run at (2,2) width 24: "col"
                  text run at (2,20) width 11: "8"
              RenderTableCell {TD} at (444,212) size 35x40 [bgcolor=#90EE90] [border: (1px inset #808080)] [r=5 c=10 rs=1 cs=1]
                RenderText {#text} at (2,2) size 24x36
                  text run at (2,2) width 24: "col"
                  text run at (2,20) width 11: "9"
            RenderTableRow {TR} at (0,254) size 481x40
              RenderTableCell {TH} at (2,263) size 53x22 [bgcolor=#90EE90] [border: (1px inset #808080)] [r=6 c=0 rs=1 cs=1]
                RenderText {#text} at (2,2) size 49x18
                  text run at (2,2) width 49: "Head"
              RenderTableCell {TD} at (149,254) size 34x40 [bgcolor=#90EE90] [border: (1px inset #808080)] [r=6 c=2 rs=1 cs=1]
                RenderText {#text} at (2,2) size 24x36
                  text run at (2,2) width 24: "col"
                  text run at (2,20) width 11: "1"
              RenderTableCell {TD} at (185,254) size 35x40 [bgcolor=#90EE90] [border: (1px inset #808080)] [r=6 c=3 rs=1 cs=1]
                RenderText {#text} at (2,2) size 24x36
                  text run at (2,2) width 24: "col"
                  text run at (2,20) width 11: "2"
              RenderTableCell {TD} at (222,254) size 35x40 [bgcolor=#90EE90] [border: (1px inset #808080)] [r=6 c=4 rs=1 cs=1]
                RenderText {#text} at (2,2) size 24x36
                  text run at (2,2) width 24: "col"
                  text run at (2,20) width 11: "3"
              RenderTableCell {TD} at (259,254) size 35x40 [bgcolor=#90EE90] [border: (1px inset #808080)] [r=6 c=5 rs=1 cs=1]
                RenderText {#text} at (2,2) size 24x36
                  text run at (2,2) width 24: "col"
                  text run at (2,20) width 11: "4"
              RenderTableCell {TD} at (296,254) size 35x40 [bgcolor=#90EE90] [border: (1px inset #808080)] [r=6 c=6 rs=1 cs=1]
                RenderText {#text} at (2,2) size 24x36
                  text run at (2,2) width 24: "col"
                  text run at (2,20) width 11: "5"
              RenderTableCell {TD} at (333,254) size 35x40 [bgcolor=#90EE90] [border: (1px inset #808080)] [r=6 c=7 rs=1 cs=1]
                RenderText {#text} at (2,2) size 24x36
                  text run at (2,2) width 24: "col"
                  text run at (2,20) width 11: "6"
              RenderTableCell {TD} at (370,254) size 35x40 [bgcolor=#90EE90] [border: (1px inset #808080)] [r=6 c=8 rs=1 cs=1]
                RenderText {#text} at (2,2) size 24x36
                  text run at (2,2) width 24: "col"
                  text run at (2,20) width 11: "7"
              RenderTableCell {TD} at (407,254) size 35x40 [bgcolor=#90EE90] [border: (1px inset #808080)] [r=6 c=9 rs=1 cs=1]
                RenderText {#text} at (2,2) size 24x36
                  text run at (2,2) width 24: "col"
                  text run at (2,20) width 11: "8"
              RenderTableCell {TD} at (444,254) size 35x40 [bgcolor=#90EE90] [border: (1px inset #808080)] [r=6 c=10 rs=1 cs=1]
                RenderText {#text} at (2,2) size 24x36
                  text run at (2,2) width 24: "col"
                  text run at (2,20) width 11: "9"
            RenderTableRow {TR} at (0,296) size 481x40
              RenderTableCell {TH} at (2,305) size 53x22 [bgcolor=#ADD8E6] [border: (1px inset #808080)] [r=7 c=0 rs=1 cs=1]
                RenderText {#text} at (2,2) size 49x18
                  text run at (2,2) width 49: "Head"
              RenderTableCell {TD} at (57,329) size 90x58 [bgcolor=#FFFACD] [border: (1px inset #808080)] [r=7 c=1 rs=3 cs=1]
                RenderText {#text} at (2,2) size 56x18
                  text run at (2,2) width 56: "Data 3"
                RenderBR {BR} at (58,15) size 0x0
                RenderText {#text} at (2,20) size 66x36
                  text run at (2,20) width 66: "span=3"
                  text run at (2,38) width 40: "rows"
              RenderTableCell {TD} at (149,296) size 34x40 [bgcolor=#ADD8E6] [border: (1px inset #808080)] [r=7 c=2 rs=1 cs=1]
                RenderText {#text} at (2,2) size 24x36
                  text run at (2,2) width 24: "col"
                  text run at (2,20) width 11: "1"
              RenderTableCell {TD} at (185,296) size 35x40 [bgcolor=#ADD8E6] [border: (1px inset #808080)] [r=7 c=3 rs=1 cs=1]
                RenderText {#text} at (2,2) size 24x36
                  text run at (2,2) width 24: "col"
                  text run at (2,20) width 11: "2"
              RenderTableCell {TD} at (222,296) size 35x40 [bgcolor=#ADD8E6] [border: (1px inset #808080)] [r=7 c=4 rs=1 cs=1]
                RenderText {#text} at (2,2) size 24x36
                  text run at (2,2) width 24: "col"
                  text run at (2,20) width 11: "3"
              RenderTableCell {TD} at (259,296) size 35x40 [bgcolor=#ADD8E6] [border: (1px inset #808080)] [r=7 c=5 rs=1 cs=1]
                RenderText {#text} at (2,2) size 24x36
                  text run at (2,2) width 24: "col"
                  text run at (2,20) width 11: "4"
              RenderTableCell {TD} at (296,296) size 35x40 [bgcolor=#ADD8E6] [border: (1px inset #808080)] [r=7 c=6 rs=1 cs=1]
                RenderText {#text} at (2,2) size 24x36
                  text run at (2,2) width 24: "col"
                  text run at (2,20) width 11: "5"
              RenderTableCell {TD} at (333,296) size 35x40 [bgcolor=#ADD8E6] [border: (1px inset #808080)] [r=7 c=7 rs=1 cs=1]
                RenderText {#text} at (2,2) size 24x36
                  text run at (2,2) width 24: "col"
                  text run at (2,20) width 11: "6"
              RenderTableCell {TD} at (370,296) size 35x40 [bgcolor=#ADD8E6] [border: (1px inset #808080)] [r=7 c=8 rs=1 cs=1]
                RenderText {#text} at (2,2) size 24x36
                  text run at (2,2) width 24: "col"
                  text run at (2,20) width 11: "7"
              RenderTableCell {TD} at (407,296) size 35x40 [bgcolor=#ADD8E6] [border: (1px inset #808080)] [r=7 c=9 rs=1 cs=1]
                RenderText {#text} at (2,2) size 24x36
                  text run at (2,2) width 24: "col"
                  text run at (2,20) width 11: "8"
              RenderTableCell {TD} at (444,296) size 35x40 [bgcolor=#ADD8E6] [border: (1px inset #808080)] [r=7 c=10 rs=1 cs=1]
                RenderText {#text} at (2,2) size 24x36
                  text run at (2,2) width 24: "col"
                  text run at (2,20) width 11: "9"
            RenderTableRow {TR} at (0,338) size 481x40
              RenderTableCell {TH} at (2,347) size 53x22 [bgcolor=#ADD8E6] [border: (1px inset #808080)] [r=8 c=0 rs=1 cs=1]
                RenderText {#text} at (2,2) size 49x18
                  text run at (2,2) width 49: "Head"
              RenderTableCell {TD} at (149,338) size 34x40 [bgcolor=#ADD8E6] [border: (1px inset #808080)] [r=8 c=2 rs=1 cs=1]
                RenderText {#text} at (2,2) size 24x36
                  text run at (2,2) width 24: "col"
                  text run at (2,20) width 11: "1"
              RenderTableCell {TD} at (185,338) size 35x40 [bgcolor=#ADD8E6] [border: (1px inset #808080)] [r=8 c=3 rs=1 cs=1]
                RenderText {#text} at (2,2) size 24x36
                  text run at (2,2) width 24: "col"
                  text run at (2,20) width 11: "2"
              RenderTableCell {TD} at (222,338) size 35x40 [bgcolor=#ADD8E6] [border: (1px inset #808080)] [r=8 c=4 rs=1 cs=1]
                RenderText {#text} at (2,2) size 24x36
                  text run at (2,2) width 24: "col"
                  text run at (2,20) width 11: "3"
              RenderTableCell {TD} at (259,338) size 35x40 [bgcolor=#ADD8E6] [border: (1px inset #808080)] [r=8 c=5 rs=1 cs=1]
                RenderText {#text} at (2,2) size 24x36
                  text run at (2,2) width 24: "col"
                  text run at (2,20) width 11: "4"
              RenderTableCell {TD} at (296,338) size 35x40 [bgcolor=#ADD8E6] [border: (1px inset #808080)] [r=8 c=6 rs=1 cs=1]
                RenderText {#text} at (2,2) size 24x36
                  text run at (2,2) width 24: "col"
                  text run at (2,20) width 11: "5"
              RenderTableCell {TD} at (333,338) size 35x40 [bgcolor=#ADD8E6] [border: (1px inset #808080)] [r=8 c=7 rs=1 cs=1]
                RenderText {#text} at (2,2) size 24x36
                  text run at (2,2) width 24: "col"
                  text run at (2,20) width 11: "6"
              RenderTableCell {TD} at (370,338) size 35x40 [bgcolor=#ADD8E6] [border: (1px inset #808080)] [r=8 c=8 rs=1 cs=1]
                RenderText {#text} at (2,2) size 24x36
                  text run at (2,2) width 24: "col"
                  text run at (2,20) width 11: "7"
              RenderTableCell {TD} at (407,338) size 35x40 [bgcolor=#ADD8E6] [border: (1px inset #808080)] [r=8 c=9 rs=1 cs=1]
                RenderText {#text} at (2,2) size 24x36
                  text run at (2,2) width 24: "col"
                  text run at (2,20) width 11: "8"
              RenderTableCell {TD} at (444,338) size 35x40 [bgcolor=#ADD8E6] [border: (1px inset #808080)] [r=8 c=10 rs=1 cs=1]
                RenderText {#text} at (2,2) size 24x36
                  text run at (2,2) width 24: "col"
                  text run at (2,20) width 11: "9"
            RenderTableRow {TR} at (0,380) size 481x40
              RenderTableCell {TH} at (2,389) size 53x22 [bgcolor=#ADD8E6] [border: (1px inset #808080)] [r=9 c=0 rs=1 cs=1]
                RenderText {#text} at (2,2) size 49x18
                  text run at (2,2) width 49: "Head"
              RenderTableCell {TD} at (149,380) size 34x40 [bgcolor=#ADD8E6] [border: (1px inset #808080)] [r=9 c=2 rs=1 cs=1]
                RenderText {#text} at (2,2) size 24x36
                  text run at (2,2) width 24: "col"
                  text run at (2,20) width 11: "1"
              RenderTableCell {TD} at (185,380) size 35x40 [bgcolor=#ADD8E6] [border: (1px inset #808080)] [r=9 c=3 rs=1 cs=1]
                RenderText {#text} at (2,2) size 24x36
                  text run at (2,2) width 24: "col"
                  text run at (2,20) width 11: "2"
              RenderTableCell {TD} at (222,380) size 35x40 [bgcolor=#ADD8E6] [border: (1px inset #808080)] [r=9 c=4 rs=1 cs=1]
                RenderText {#text} at (2,2) size 24x36
                  text run at (2,2) width 24: "col"
                  text run at (2,20) width 11: "3"
              RenderTableCell {TD} at (259,380) size 35x40 [bgcolor=#ADD8E6] [border: (1px inset #808080)] [r=9 c=5 rs=1 cs=1]
                RenderText {#text} at (2,2) size 24x36
                  text run at (2,2) width 24: "col"
                  text run at (2,20) width 11: "4"
              RenderTableCell {TD} at (296,380) size 35x40 [bgcolor=#ADD8E6] [border: (1px inset #808080)] [r=9 c=6 rs=1 cs=1]
                RenderText {#text} at (2,2) size 24x36
                  text run at (2,2) width 24: "col"
                  text run at (2,20) width 11: "5"
              RenderTableCell {TD} at (333,380) size 35x40 [bgcolor=#ADD8E6] [border: (1px inset #808080)] [r=9 c=7 rs=1 cs=1]
                RenderText {#text} at (2,2) size 24x36
                  text run at (2,2) width 24: "col"
                  text run at (2,20) width 11: "6"
              RenderTableCell {TD} at (370,380) size 35x40 [bgcolor=#ADD8E6] [border: (1px inset #808080)] [r=9 c=8 rs=1 cs=1]
                RenderText {#text} at (2,2) size 24x36
                  text run at (2,2) width 24: "col"
                  text run at (2,20) width 11: "7"
              RenderTableCell {TD} at (407,380) size 35x40 [bgcolor=#ADD8E6] [border: (1px inset #808080)] [r=9 c=9 rs=1 cs=1]
                RenderText {#text} at (2,2) size 24x36
                  text run at (2,2) width 24: "col"
                  text run at (2,20) width 11: "8"
              RenderTableCell {TD} at (444,380) size 35x40 [bgcolor=#ADD8E6] [border: (1px inset #808080)] [r=9 c=10 rs=1 cs=1]
                RenderText {#text} at (2,2) size 24x36
                  text run at (2,2) width 24: "col"
                  text run at (2,20) width 11: "9"
      RenderBlock {P} at (0,2095) size 784x0
      RenderBlock {HR} at (0,2095) size 784x2 [border: (1px inset #000000)]
      RenderBlock {P} at (0,2114) size 784x80
        RenderTable {TABLE} at (0,0) size 666x80 [bgcolor=#F08080] [border: (1px outset #808080)]
          RenderTableSection {TBODY} at (1,1) size 664x78
            RenderTableRow {TR} at (0,2) size 664x74
              RenderTableCell {TH} at (2,2) size 660x74 [border: (1px inset #808080)] [r=0 c=0 rs=1 cs=1]
                RenderInline {A} at (0,0) size 0x0
                RenderText {#text} at (11,11) size 136x18
                  text run at (11,11) width 136: "Test Case #3: "
                RenderInline {FONT} at (0,0) size 590x36 [color=#0000FF]
                  RenderText {#text} at (147,11) size 590x36
                    text run at (147,11) width 454: "table with nested header & data cells spanning"
                    text run at (11,29) width 132: "multiple rows"
                RenderText {#text} at (143,29) size 6x18
                  text run at (143,29) width 6: " "
                RenderInline {FONT} at (0,0) size 530x33
                  RenderInline {I} at (0,0) size 530x33
                    RenderText {#text} at (149,30) size 530x33
                      text run at (149,30) width 392: "(using &ltTH ROWSPAN=integer value> &ltTD"
                      text run at (11,47) width 266: "ROWSPAN=integer value> tag)"
                RenderText {#text} at (0,0) size 0x0
      RenderBlock {P} at (0,2211) size 784x36
        RenderBR {BR} at (0,0) size 0x18
        RenderBR {BR} at (0,18) size 0x18
      RenderBlock {UL} at (0,2264) size 784x460
        RenderTable {TABLE} at (40,0) size 483x460 [border: (1px outset #808080)]
          RenderBlock {CAPTION} at (0,0) size 481x36
            RenderText {#text} at (21,0) size 115x18
              text run at (21,0) width 115: "Nested Table "
            RenderInline {B} at (0,0) size 121x18
              RenderText {#text} at (136,0) size 121x18
                text run at (136,0) width 121: "Header Cells"
            RenderText {#text} at (257,0) size 23x18
              text run at (257,0) width 23: " & "
            RenderInline {B} at (0,0) size 96x18
              RenderText {#text} at (280,0) size 96x18
                text run at (280,0) width 96: "Data Cells"
            RenderText {#text} at (376,0) size 278x36
              text run at (376,0) width 84: " spanning"
              text run at (182,18) width 116: "multiple rows"
          RenderTableSection {TBODY} at (1,37) size 481x422
            RenderTableRow {TR} at (0,2) size 481x40
              RenderTableCell {TH} at (2,110) size 90x76 [bgcolor=#FFE4C4] [border: (1px inset #808080)] [r=0 c=0 rs=7 cs=1]
                RenderText {#text} at (10,2) size 69x36
                  text run at (10,2) width 69: "Header"
                  text run at (39,20) width 12: "1"
                RenderBR {BR} at (51,33) size 0x0
                RenderText {#text} at (9,38) size 71x36
                  text run at (9,38) width 71: "span=7"
                  text run at (22,56) width 46: "rows"
                RenderText {#text} at (0,0) size 0x0
              RenderTableCell {TD} at (94,14) size 82x58 [bgcolor=#FFFACD] [border: (1px inset #808080)] [r=0 c=1 rs=2 cs=1]
                RenderText {#text} at (2,2) size 56x18
                  text run at (2,2) width 56: "Data 1"
                RenderBR {BR} at (58,15) size 0x0
                RenderText {#text} at (2,20) size 66x36
                  text run at (2,20) width 66: "span=2"
                  text run at (2,38) width 40: "rows"
              RenderTableCell {TD} at (178,2) size 31x40 [bgcolor=#EE82EE] [border: (1px inset #808080)] [r=0 c=2 rs=1 cs=1]
                RenderText {#text} at (2,2) size 24x36
                  text run at (2,2) width 24: "col"
                  text run at (2,20) width 11: "1"
              RenderTableCell {TD} at (211,2) size 31x40 [bgcolor=#EE82EE] [border: (1px inset #808080)] [r=0 c=3 rs=1 cs=1]
                RenderText {#text} at (2,2) size 24x36
                  text run at (2,2) width 24: "col"
                  text run at (2,20) width 11: "2"
              RenderTableCell {TD} at (244,2) size 31x40 [bgcolor=#EE82EE] [border: (1px inset #808080)] [r=0 c=4 rs=1 cs=1]
                RenderText {#text} at (2,2) size 24x36
                  text run at (2,2) width 24: "col"
                  text run at (2,20) width 11: "3"
              RenderTableCell {TD} at (277,2) size 32x40 [bgcolor=#EE82EE] [border: (1px inset #808080)] [r=0 c=5 rs=1 cs=1]
                RenderText {#text} at (2,2) size 24x36
                  text run at (2,2) width 24: "col"
                  text run at (2,20) width 11: "4"
              RenderTableCell {TD} at (311,2) size 32x40 [bgcolor=#EE82EE] [border: (1px inset #808080)] [r=0 c=6 rs=1 cs=1]
                RenderText {#text} at (2,2) size 24x36
                  text run at (2,2) width 24: "col"
                  text run at (2,20) width 11: "5"
              RenderTableCell {TD} at (345,2) size 32x40 [bgcolor=#EE82EE] [border: (1px inset #808080)] [r=0 c=7 rs=1 cs=1]
                RenderText {#text} at (2,2) size 24x36
                  text run at (2,2) width 24: "col"
                  text run at (2,20) width 11: "6"
              RenderTableCell {TD} at (379,2) size 32x40 [bgcolor=#EE82EE] [border: (1px inset #808080)] [r=0 c=8 rs=1 cs=1]
                RenderText {#text} at (2,2) size 24x36
                  text run at (2,2) width 24: "col"
                  text run at (2,20) width 11: "7"
              RenderTableCell {TD} at (413,2) size 32x40 [bgcolor=#EE82EE] [border: (1px inset #808080)] [r=0 c=9 rs=1 cs=1]
                RenderText {#text} at (2,2) size 24x36
                  text run at (2,2) width 24: "col"
                  text run at (2,20) width 11: "8"
              RenderTableCell {TD} at (447,2) size 32x40 [bgcolor=#EE82EE] [border: (1px inset #808080)] [r=0 c=10 rs=1 cs=1]
                RenderText {#text} at (2,2) size 24x36
                  text run at (2,2) width 24: "col"
                  text run at (2,20) width 11: "9"
            RenderTableRow {TR} at (0,44) size 481x40
              RenderTableCell {TD} at (178,44) size 31x40 [bgcolor=#EE82EE] [border: (1px inset #808080)] [r=1 c=2 rs=1 cs=1]
                RenderText {#text} at (2,2) size 24x36
                  text run at (2,2) width 24: "col"
                  text run at (2,20) width 11: "1"
              RenderTableCell {TD} at (211,44) size 31x40 [bgcolor=#EE82EE] [border: (1px inset #808080)] [r=1 c=3 rs=1 cs=1]
                RenderText {#text} at (2,2) size 24x36
                  text run at (2,2) width 24: "col"
                  text run at (2,20) width 11: "2"
              RenderTableCell {TD} at (244,44) size 31x40 [bgcolor=#EE82EE] [border: (1px inset #808080)] [r=1 c=4 rs=1 cs=1]
                RenderText {#text} at (2,2) size 24x36
                  text run at (2,2) width 24: "col"
                  text run at (2,20) width 11: "3"
              RenderTableCell {TD} at (277,44) size 32x40 [bgcolor=#EE82EE] [border: (1px inset #808080)] [r=1 c=5 rs=1 cs=1]
                RenderText {#text} at (2,2) size 24x36
                  text run at (2,2) width 24: "col"
                  text run at (2,20) width 11: "4"
              RenderTableCell {TD} at (311,44) size 32x40 [bgcolor=#EE82EE] [border: (1px inset #808080)] [r=1 c=6 rs=1 cs=1]
                RenderText {#text} at (2,2) size 24x36
                  text run at (2,2) width 24: "col"
                  text run at (2,20) width 11: "5"
              RenderTableCell {TD} at (345,44) size 32x40 [bgcolor=#EE82EE] [border: (1px inset #808080)] [r=1 c=7 rs=1 cs=1]
                RenderText {#text} at (2,2) size 24x36
                  text run at (2,2) width 24: "col"
                  text run at (2,20) width 11: "6"
              RenderTableCell {TD} at (379,44) size 32x40 [bgcolor=#EE82EE] [border: (1px inset #808080)] [r=1 c=8 rs=1 cs=1]
                RenderText {#text} at (2,2) size 24x36
                  text run at (2,2) width 24: "col"
                  text run at (2,20) width 11: "7"
              RenderTableCell {TD} at (413,44) size 32x40 [bgcolor=#EE82EE] [border: (1px inset #808080)] [r=1 c=9 rs=1 cs=1]
                RenderText {#text} at (2,2) size 24x36
                  text run at (2,2) width 24: "col"
                  text run at (2,20) width 11: "8"
              RenderTableCell {TD} at (447,44) size 32x40 [bgcolor=#EE82EE] [border: (1px inset #808080)] [r=1 c=10 rs=1 cs=1]
                RenderText {#text} at (2,2) size 24x36
                  text run at (2,2) width 24: "col"
                  text run at (2,20) width 11: "9"
            RenderTableRow {TR} at (0,86) size 481x40
              RenderTableCell {TD} at (94,161) size 82x58 [bgcolor=#FFFACD] [border: (1px inset #808080)] [r=2 c=1 rs=5 cs=1]
                RenderText {#text} at (2,2) size 56x18
                  text run at (2,2) width 56: "Data 2"
                RenderBR {BR} at (58,15) size 0x0
                RenderText {#text} at (2,20) size 66x36
                  text run at (2,20) width 66: "span=5"
                  text run at (2,38) width 40: "rows"
              RenderTableCell {TD} at (178,86) size 31x40 [bgcolor=#90EE90] [border: (1px inset #808080)] [r=2 c=2 rs=1 cs=1]
                RenderText {#text} at (2,2) size 24x36
                  text run at (2,2) width 24: "col"
                  text run at (2,20) width 11: "1"
              RenderTableCell {TD} at (211,86) size 31x40 [bgcolor=#90EE90] [border: (1px inset #808080)] [r=2 c=3 rs=1 cs=1]
                RenderText {#text} at (2,2) size 24x36
                  text run at (2,2) width 24: "col"
                  text run at (2,20) width 11: "2"
              RenderTableCell {TD} at (244,86) size 31x40 [bgcolor=#90EE90] [border: (1px inset #808080)] [r=2 c=4 rs=1 cs=1]
                RenderText {#text} at (2,2) size 24x36
                  text run at (2,2) width 24: "col"
                  text run at (2,20) width 11: "3"
              RenderTableCell {TD} at (277,86) size 32x40 [bgcolor=#90EE90] [border: (1px inset #808080)] [r=2 c=5 rs=1 cs=1]
                RenderText {#text} at (2,2) size 24x36
                  text run at (2,2) width 24: "col"
                  text run at (2,20) width 11: "4"
              RenderTableCell {TD} at (311,86) size 32x40 [bgcolor=#90EE90] [border: (1px inset #808080)] [r=2 c=6 rs=1 cs=1]
                RenderText {#text} at (2,2) size 24x36
                  text run at (2,2) width 24: "col"
                  text run at (2,20) width 11: "5"
              RenderTableCell {TD} at (345,86) size 32x40 [bgcolor=#90EE90] [border: (1px inset #808080)] [r=2 c=7 rs=1 cs=1]
                RenderText {#text} at (2,2) size 24x36
                  text run at (2,2) width 24: "col"
                  text run at (2,20) width 11: "6"
              RenderTableCell {TD} at (379,86) size 32x40 [bgcolor=#90EE90] [border: (1px inset #808080)] [r=2 c=8 rs=1 cs=1]
                RenderText {#text} at (2,2) size 24x36
                  text run at (2,2) width 24: "col"
                  text run at (2,20) width 11: "7"
              RenderTableCell {TD} at (413,86) size 32x40 [bgcolor=#90EE90] [border: (1px inset #808080)] [r=2 c=9 rs=1 cs=1]
                RenderText {#text} at (2,2) size 24x36
                  text run at (2,2) width 24: "col"
                  text run at (2,20) width 11: "8"
              RenderTableCell {TD} at (447,86) size 32x40 [bgcolor=#90EE90] [border: (1px inset #808080)] [r=2 c=10 rs=1 cs=1]
                RenderText {#text} at (2,2) size 24x36
                  text run at (2,2) width 24: "col"
                  text run at (2,20) width 11: "9"
            RenderTableRow {TR} at (0,128) size 481x40
              RenderTableCell {TD} at (178,128) size 31x40 [bgcolor=#90EE90] [border: (1px inset #808080)] [r=3 c=2 rs=1 cs=1]
                RenderText {#text} at (2,2) size 24x36
                  text run at (2,2) width 24: "col"
                  text run at (2,20) width 11: "1"
              RenderTableCell {TD} at (211,128) size 31x40 [bgcolor=#90EE90] [border: (1px inset #808080)] [r=3 c=3 rs=1 cs=1]
                RenderText {#text} at (2,2) size 24x36
                  text run at (2,2) width 24: "col"
                  text run at (2,20) width 11: "2"
              RenderTableCell {TD} at (244,128) size 31x40 [bgcolor=#90EE90] [border: (1px inset #808080)] [r=3 c=4 rs=1 cs=1]
                RenderText {#text} at (2,2) size 24x36
                  text run at (2,2) width 24: "col"
                  text run at (2,20) width 11: "3"
              RenderTableCell {TD} at (277,128) size 32x40 [bgcolor=#90EE90] [border: (1px inset #808080)] [r=3 c=5 rs=1 cs=1]
                RenderText {#text} at (2,2) size 24x36
                  text run at (2,2) width 24: "col"
                  text run at (2,20) width 11: "4"
              RenderTableCell {TD} at (311,128) size 32x40 [bgcolor=#90EE90] [border: (1px inset #808080)] [r=3 c=6 rs=1 cs=1]
                RenderText {#text} at (2,2) size 24x36
                  text run at (2,2) width 24: "col"
                  text run at (2,20) width 11: "5"
              RenderTableCell {TD} at (345,128) size 32x40 [bgcolor=#90EE90] [border: (1px inset #808080)] [r=3 c=7 rs=1 cs=1]
                RenderText {#text} at (2,2) size 24x36
                  text run at (2,2) width 24: "col"
                  text run at (2,20) width 11: "6"
              RenderTableCell {TD} at (379,128) size 32x40 [bgcolor=#90EE90] [border: (1px inset #808080)] [r=3 c=8 rs=1 cs=1]
                RenderText {#text} at (2,2) size 24x36
                  text run at (2,2) width 24: "col"
                  text run at (2,20) width 11: "7"
              RenderTableCell {TD} at (413,128) size 32x40 [bgcolor=#90EE90] [border: (1px inset #808080)] [r=3 c=9 rs=1 cs=1]
                RenderText {#text} at (2,2) size 24x36
                  text run at (2,2) width 24: "col"
                  text run at (2,20) width 11: "8"
              RenderTableCell {TD} at (447,128) size 32x40 [bgcolor=#90EE90] [border: (1px inset #808080)] [r=3 c=10 rs=1 cs=1]
                RenderText {#text} at (2,2) size 24x36
                  text run at (2,2) width 24: "col"
                  text run at (2,20) width 11: "9"
            RenderTableRow {TR} at (0,170) size 481x40
              RenderTableCell {TD} at (178,170) size 31x40 [bgcolor=#90EE90] [border: (1px inset #808080)] [r=4 c=2 rs=1 cs=1]
                RenderText {#text} at (2,2) size 24x36
                  text run at (2,2) width 24: "col"
                  text run at (2,20) width 11: "1"
              RenderTableCell {TD} at (211,170) size 31x40 [bgcolor=#90EE90] [border: (1px inset #808080)] [r=4 c=3 rs=1 cs=1]
                RenderText {#text} at (2,2) size 24x36
                  text run at (2,2) width 24: "col"
                  text run at (2,20) width 11: "2"
              RenderTableCell {TD} at (244,170) size 31x40 [bgcolor=#90EE90] [border: (1px inset #808080)] [r=4 c=4 rs=1 cs=1]
                RenderText {#text} at (2,2) size 24x36
                  text run at (2,2) width 24: "col"
                  text run at (2,20) width 11: "3"
              RenderTableCell {TD} at (277,170) size 32x40 [bgcolor=#90EE90] [border: (1px inset #808080)] [r=4 c=5 rs=1 cs=1]
                RenderText {#text} at (2,2) size 24x36
                  text run at (2,2) width 24: "col"
                  text run at (2,20) width 11: "4"
              RenderTableCell {TD} at (311,170) size 32x40 [bgcolor=#90EE90] [border: (1px inset #808080)] [r=4 c=6 rs=1 cs=1]
                RenderText {#text} at (2,2) size 24x36
                  text run at (2,2) width 24: "col"
                  text run at (2,20) width 11: "5"
              RenderTableCell {TD} at (345,170) size 32x40 [bgcolor=#90EE90] [border: (1px inset #808080)] [r=4 c=7 rs=1 cs=1]
                RenderText {#text} at (2,2) size 24x36
                  text run at (2,2) width 24: "col"
                  text run at (2,20) width 11: "6"
              RenderTableCell {TD} at (379,170) size 32x40 [bgcolor=#90EE90] [border: (1px inset #808080)] [r=4 c=8 rs=1 cs=1]
                RenderText {#text} at (2,2) size 24x36
                  text run at (2,2) width 24: "col"
                  text run at (2,20) width 11: "7"
              RenderTableCell {TD} at (413,170) size 32x40 [bgcolor=#90EE90] [border: (1px inset #808080)] [r=4 c=9 rs=1 cs=1]
                RenderText {#text} at (2,2) size 24x36
                  text run at (2,2) width 24: "col"
                  text run at (2,20) width 11: "8"
              RenderTableCell {TD} at (447,170) size 32x40 [bgcolor=#90EE90] [border: (1px inset #808080)] [r=4 c=10 rs=1 cs=1]
                RenderText {#text} at (2,2) size 24x36
                  text run at (2,2) width 24: "col"
                  text run at (2,20) width 11: "9"
            RenderTableRow {TR} at (0,212) size 481x40
              RenderTableCell {TD} at (178,212) size 31x40 [bgcolor=#90EE90] [border: (1px inset #808080)] [r=5 c=2 rs=1 cs=1]
                RenderText {#text} at (2,2) size 24x36
                  text run at (2,2) width 24: "col"
                  text run at (2,20) width 11: "1"
              RenderTableCell {TD} at (211,212) size 31x40 [bgcolor=#90EE90] [border: (1px inset #808080)] [r=5 c=3 rs=1 cs=1]
                RenderText {#text} at (2,2) size 24x36
                  text run at (2,2) width 24: "col"
                  text run at (2,20) width 11: "2"
              RenderTableCell {TD} at (244,212) size 31x40 [bgcolor=#90EE90] [border: (1px inset #808080)] [r=5 c=4 rs=1 cs=1]
                RenderText {#text} at (2,2) size 24x36
                  text run at (2,2) width 24: "col"
                  text run at (2,20) width 11: "3"
              RenderTableCell {TD} at (277,212) size 32x40 [bgcolor=#90EE90] [border: (1px inset #808080)] [r=5 c=5 rs=1 cs=1]
                RenderText {#text} at (2,2) size 24x36
                  text run at (2,2) width 24: "col"
                  text run at (2,20) width 11: "4"
              RenderTableCell {TD} at (311,212) size 32x40 [bgcolor=#90EE90] [border: (1px inset #808080)] [r=5 c=6 rs=1 cs=1]
                RenderText {#text} at (2,2) size 24x36
                  text run at (2,2) width 24: "col"
                  text run at (2,20) width 11: "5"
              RenderTableCell {TD} at (345,212) size 32x40 [bgcolor=#90EE90] [border: (1px inset #808080)] [r=5 c=7 rs=1 cs=1]
                RenderText {#text} at (2,2) size 24x36
                  text run at (2,2) width 24: "col"
                  text run at (2,20) width 11: "6"
              RenderTableCell {TD} at (379,212) size 32x40 [bgcolor=#90EE90] [border: (1px inset #808080)] [r=5 c=8 rs=1 cs=1]
                RenderText {#text} at (2,2) size 24x36
                  text run at (2,2) width 24: "col"
                  text run at (2,20) width 11: "7"
              RenderTableCell {TD} at (413,212) size 32x40 [bgcolor=#90EE90] [border: (1px inset #808080)] [r=5 c=9 rs=1 cs=1]
                RenderText {#text} at (2,2) size 24x36
                  text run at (2,2) width 24: "col"
                  text run at (2,20) width 11: "8"
              RenderTableCell {TD} at (447,212) size 32x40 [bgcolor=#90EE90] [border: (1px inset #808080)] [r=5 c=10 rs=1 cs=1]
                RenderText {#text} at (2,2) size 24x36
                  text run at (2,2) width 24: "col"
                  text run at (2,20) width 11: "9"
            RenderTableRow {TR} at (0,254) size 481x40
              RenderTableCell {TD} at (178,254) size 31x40 [bgcolor=#90EE90] [border: (1px inset #808080)] [r=6 c=2 rs=1 cs=1]
                RenderText {#text} at (2,2) size 24x36
                  text run at (2,2) width 24: "col"
                  text run at (2,20) width 11: "1"
              RenderTableCell {TD} at (211,254) size 31x40 [bgcolor=#90EE90] [border: (1px inset #808080)] [r=6 c=3 rs=1 cs=1]
                RenderText {#text} at (2,2) size 24x36
                  text run at (2,2) width 24: "col"
                  text run at (2,20) width 11: "2"
              RenderTableCell {TD} at (244,254) size 31x40 [bgcolor=#90EE90] [border: (1px inset #808080)] [r=6 c=4 rs=1 cs=1]
                RenderText {#text} at (2,2) size 24x36
                  text run at (2,2) width 24: "col"
                  text run at (2,20) width 11: "3"
              RenderTableCell {TD} at (277,254) size 32x40 [bgcolor=#90EE90] [border: (1px inset #808080)] [r=6 c=5 rs=1 cs=1]
                RenderText {#text} at (2,2) size 24x36
                  text run at (2,2) width 24: "col"
                  text run at (2,20) width 11: "4"
              RenderTableCell {TD} at (311,254) size 32x40 [bgcolor=#90EE90] [border: (1px inset #808080)] [r=6 c=6 rs=1 cs=1]
                RenderText {#text} at (2,2) size 24x36
                  text run at (2,2) width 24: "col"
                  text run at (2,20) width 11: "5"
              RenderTableCell {TD} at (345,254) size 32x40 [bgcolor=#90EE90] [border: (1px inset #808080)] [r=6 c=7 rs=1 cs=1]
                RenderText {#text} at (2,2) size 24x36
                  text run at (2,2) width 24: "col"
                  text run at (2,20) width 11: "6"
              RenderTableCell {TD} at (379,254) size 32x40 [bgcolor=#90EE90] [border: (1px inset #808080)] [r=6 c=8 rs=1 cs=1]
                RenderText {#text} at (2,2) size 24x36
                  text run at (2,2) width 24: "col"
                  text run at (2,20) width 11: "7"
              RenderTableCell {TD} at (413,254) size 32x40 [bgcolor=#90EE90] [border: (1px inset #808080)] [r=6 c=9 rs=1 cs=1]
                RenderText {#text} at (2,2) size 24x36
                  text run at (2,2) width 24: "col"
                  text run at (2,20) width 11: "8"
              RenderTableCell {TD} at (447,254) size 32x40 [bgcolor=#90EE90] [border: (1px inset #808080)] [r=6 c=10 rs=1 cs=1]
                RenderText {#text} at (2,2) size 24x36
                  text run at (2,2) width 24: "col"
                  text run at (2,20) width 11: "9"
            RenderTableRow {TR} at (0,296) size 481x40
              RenderTableCell {TH} at (2,320) size 90x76 [bgcolor=#FFE4C4] [border: (1px inset #808080)] [r=7 c=0 rs=3 cs=1]
                RenderText {#text} at (10,2) size 69x36
                  text run at (10,2) width 69: "Header"
                  text run at (39,20) width 12: "2"
                RenderBR {BR} at (51,33) size 0x0
                RenderText {#text} at (9,38) size 71x36
                  text run at (9,38) width 71: "span=3"
                  text run at (22,56) width 46: "rows"
                RenderText {#text} at (0,0) size 0x0
              RenderTableCell {TD} at (94,329) size 82x58 [bgcolor=#FFFACD] [border: (1px inset #808080)] [r=7 c=1 rs=3 cs=1]
                RenderText {#text} at (2,2) size 56x18
                  text run at (2,2) width 56: "Data 3"
                RenderBR {BR} at (58,15) size 0x0
                RenderText {#text} at (2,20) size 66x36
                  text run at (2,20) width 66: "span=3"
                  text run at (2,38) width 40: "rows"
              RenderTableCell {TD} at (178,296) size 31x40 [bgcolor=#ADD8E6] [border: (1px inset #808080)] [r=7 c=2 rs=1 cs=1]
                RenderText {#text} at (2,2) size 24x36
                  text run at (2,2) width 24: "col"
                  text run at (2,20) width 11: "1"
              RenderTableCell {TD} at (211,296) size 31x40 [bgcolor=#ADD8E6] [border: (1px inset #808080)] [r=7 c=3 rs=1 cs=1]
                RenderText {#text} at (2,2) size 24x36
                  text run at (2,2) width 24: "col"
                  text run at (2,20) width 11: "2"
              RenderTableCell {TD} at (244,296) size 31x40 [bgcolor=#ADD8E6] [border: (1px inset #808080)] [r=7 c=4 rs=1 cs=1]
                RenderText {#text} at (2,2) size 24x36
                  text run at (2,2) width 24: "col"
                  text run at (2,20) width 11: "3"
              RenderTableCell {TD} at (277,296) size 32x40 [bgcolor=#ADD8E6] [border: (1px inset #808080)] [r=7 c=5 rs=1 cs=1]
                RenderText {#text} at (2,2) size 24x36
                  text run at (2,2) width 24: "col"
                  text run at (2,20) width 11: "4"
              RenderTableCell {TD} at (311,296) size 32x40 [bgcolor=#ADD8E6] [border: (1px inset #808080)] [r=7 c=6 rs=1 cs=1]
                RenderText {#text} at (2,2) size 24x36
                  text run at (2,2) width 24: "col"
                  text run at (2,20) width 11: "5"
              RenderTableCell {TD} at (345,296) size 32x40 [bgcolor=#ADD8E6] [border: (1px inset #808080)] [r=7 c=7 rs=1 cs=1]
                RenderText {#text} at (2,2) size 24x36
                  text run at (2,2) width 24: "col"
                  text run at (2,20) width 11: "6"
              RenderTableCell {TD} at (379,296) size 32x40 [bgcolor=#ADD8E6] [border: (1px inset #808080)] [r=7 c=8 rs=1 cs=1]
                RenderText {#text} at (2,2) size 24x36
                  text run at (2,2) width 24: "col"
                  text run at (2,20) width 11: "7"
              RenderTableCell {TD} at (413,296) size 32x40 [bgcolor=#ADD8E6] [border: (1px inset #808080)] [r=7 c=9 rs=1 cs=1]
                RenderText {#text} at (2,2) size 24x36
                  text run at (2,2) width 24: "col"
                  text run at (2,20) width 11: "8"
              RenderTableCell {TD} at (447,296) size 32x40 [bgcolor=#ADD8E6] [border: (1px inset #808080)] [r=7 c=10 rs=1 cs=1]
                RenderText {#text} at (2,2) size 24x36
                  text run at (2,2) width 24: "col"
                  text run at (2,20) width 11: "9"
            RenderTableRow {TR} at (0,338) size 481x40
              RenderTableCell {TD} at (178,338) size 31x40 [bgcolor=#ADD8E6] [border: (1px inset #808080)] [r=8 c=2 rs=1 cs=1]
                RenderText {#text} at (2,2) size 24x36
                  text run at (2,2) width 24: "col"
                  text run at (2,20) width 11: "1"
              RenderTableCell {TD} at (211,338) size 31x40 [bgcolor=#ADD8E6] [border: (1px inset #808080)] [r=8 c=3 rs=1 cs=1]
                RenderText {#text} at (2,2) size 24x36
                  text run at (2,2) width 24: "col"
                  text run at (2,20) width 11: "2"
              RenderTableCell {TD} at (244,338) size 31x40 [bgcolor=#ADD8E6] [border: (1px inset #808080)] [r=8 c=4 rs=1 cs=1]
                RenderText {#text} at (2,2) size 24x36
                  text run at (2,2) width 24: "col"
                  text run at (2,20) width 11: "3"
              RenderTableCell {TD} at (277,338) size 32x40 [bgcolor=#ADD8E6] [border: (1px inset #808080)] [r=8 c=5 rs=1 cs=1]
                RenderText {#text} at (2,2) size 24x36
                  text run at (2,2) width 24: "col"
                  text run at (2,20) width 11: "4"
              RenderTableCell {TD} at (311,338) size 32x40 [bgcolor=#ADD8E6] [border: (1px inset #808080)] [r=8 c=6 rs=1 cs=1]
                RenderText {#text} at (2,2) size 24x36
                  text run at (2,2) width 24: "col"
                  text run at (2,20) width 11: "5"
              RenderTableCell {TD} at (345,338) size 32x40 [bgcolor=#ADD8E6] [border: (1px inset #808080)] [r=8 c=7 rs=1 cs=1]
                RenderText {#text} at (2,2) size 24x36
                  text run at (2,2) width 24: "col"
                  text run at (2,20) width 11: "6"
              RenderTableCell {TD} at (379,338) size 32x40 [bgcolor=#ADD8E6] [border: (1px inset #808080)] [r=8 c=8 rs=1 cs=1]
                RenderText {#text} at (2,2) size 24x36
                  text run at (2,2) width 24: "col"
                  text run at (2,20) width 11: "7"
              RenderTableCell {TD} at (413,338) size 32x40 [bgcolor=#ADD8E6] [border: (1px inset #808080)] [r=8 c=9 rs=1 cs=1]
                RenderText {#text} at (2,2) size 24x36
                  text run at (2,2) width 24: "col"
                  text run at (2,20) width 11: "8"
              RenderTableCell {TD} at (447,338) size 32x40 [bgcolor=#ADD8E6] [border: (1px inset #808080)] [r=8 c=10 rs=1 cs=1]
                RenderText {#text} at (2,2) size 24x36
                  text run at (2,2) width 24: "col"
                  text run at (2,20) width 11: "9"
            RenderTableRow {TR} at (0,380) size 481x40
              RenderTableCell {TD} at (178,380) size 31x40 [bgcolor=#ADD8E6] [border: (1px inset #808080)] [r=9 c=2 rs=1 cs=1]
                RenderText {#text} at (2,2) size 24x36
                  text run at (2,2) width 24: "col"
                  text run at (2,20) width 11: "1"
              RenderTableCell {TD} at (211,380) size 31x40 [bgcolor=#ADD8E6] [border: (1px inset #808080)] [r=9 c=3 rs=1 cs=1]
                RenderText {#text} at (2,2) size 24x36
                  text run at (2,2) width 24: "col"
                  text run at (2,20) width 11: "2"
              RenderTableCell {TD} at (244,380) size 31x40 [bgcolor=#ADD8E6] [border: (1px inset #808080)] [r=9 c=4 rs=1 cs=1]
                RenderText {#text} at (2,2) size 24x36
                  text run at (2,2) width 24: "col"
                  text run at (2,20) width 11: "3"
              RenderTableCell {TD} at (277,380) size 32x40 [bgcolor=#ADD8E6] [border: (1px inset #808080)] [r=9 c=5 rs=1 cs=1]
                RenderText {#text} at (2,2) size 24x36
                  text run at (2,2) width 24: "col"
                  text run at (2,20) width 11: "4"
              RenderTableCell {TD} at (311,380) size 32x40 [bgcolor=#ADD8E6] [border: (1px inset #808080)] [r=9 c=6 rs=1 cs=1]
                RenderText {#text} at (2,2) size 24x36
                  text run at (2,2) width 24: "col"
                  text run at (2,20) width 11: "5"
              RenderTableCell {TD} at (345,380) size 32x40 [bgcolor=#ADD8E6] [border: (1px inset #808080)] [r=9 c=7 rs=1 cs=1]
                RenderText {#text} at (2,2) size 24x36
                  text run at (2,2) width 24: "col"
                  text run at (2,20) width 11: "6"
              RenderTableCell {TD} at (379,380) size 32x40 [bgcolor=#ADD8E6] [border: (1px inset #808080)] [r=9 c=8 rs=1 cs=1]
                RenderText {#text} at (2,2) size 24x36
                  text run at (2,2) width 24: "col"
                  text run at (2,20) width 11: "7"
              RenderTableCell {TD} at (413,380) size 32x40 [bgcolor=#ADD8E6] [border: (1px inset #808080)] [r=9 c=9 rs=1 cs=1]
                RenderText {#text} at (2,2) size 24x36
                  text run at (2,2) width 24: "col"
                  text run at (2,20) width 11: "8"
              RenderTableCell {TD} at (447,380) size 32x40 [bgcolor=#ADD8E6] [border: (1px inset #808080)] [r=9 c=10 rs=1 cs=1]
                RenderText {#text} at (2,2) size 24x36
                  text run at (2,2) width 24: "col"
                  text run at (2,20) width 11: "9"
      RenderBlock {P} at (0,2741) size 784x0
      RenderBlock {HR} at (0,2741) size 784x2 [border: (1px inset #000000)]
      RenderBlock (anonymous) at (0,2751) size 784x18
        RenderImage {IMG} at (0,0) size 13x13
        RenderText {#text} at (13,0) size 175x18
          text run at (13,0) width 175: " Created 9/19/96 by "
        RenderInline {A} at (0,0) size 105x18 [color=#0000EE]
          RenderText {#text} at (188,0) size 105x18
            text run at (188,0) width 105: "Ronald Greti"
        RenderBR {BR} at (293,13) size 0x0
      RenderBlock {P} at (0,2786) size 784x18
        RenderBR {BR} at (0,0) size 0x18
