layer at (0,0) size 800x802
  RenderView at (0,0) size 800x600
layer at (0,0) size 800x802
  RenderBlock {HTML} at (0,0) size 800x802
    RenderBody {BODY} at (8,8) size 784x786 [bgcolor=#CCCCCC]
      RenderBlock {P} at (0,0) size 784x18
        RenderText {#text} at (0,0) size 481x18
          text run at (0,0) width 481: "The style declarations which apply to the text below are:"
      RenderBlock {PRE} at (0,35) size 784x126
        RenderText {#text} at (0,0) size 250x126
          text run at (0,0) width 170: "A {color: green;}"
          text run at (170,0) width 0: " "
          text run at (0,21) width 230: "A:link {color: purple;}"
          text run at (230,21) width 0: " "
          text run at (0,42) width 240: "A:visited {color: lime;}"
          text run at (240,42) width 0: " "
          text run at (0,63) width 250: "A:active {color: maroon;}"
          text run at (250,63) width 0: " "
          text run at (0,84) width 220: "#one {color: #006600;}"
          text run at (220,84) width 0: " "
          text run at (0,105) width 0: " "
      RenderBlock {HR} at (0,178) size 784x2 [border: (1px inset #000000)]
      RenderBlock {P} at (0,197) size 784x18
        RenderText {#text} at (0,0) size 674x18
          text run at (0,0) width 674: "The following anchors should appear as described; none of them should be red."
      RenderBlock {UL} at (0,232) size 784x162
        RenderListItem {LI} at (40,0) size 744x126
          RenderBlock (anonymous) at (0,0) size 744x36
            RenderListMarker at (-16,0) size 6x18: bullet
            RenderText {#text} at (0,0) size 690x36
              text run at (0,0) width 690: "Purple unvisited, lime (light green) visited, maroon (dark red) while active (being"
              text run at (0,18) width 72: "clicked):"
          RenderBlock {UL} at (0,36) size 744x90
            RenderListItem {LI} at (40,0) size 704x18
              RenderListMarker at (-16,0) size 6x18: white bullet
              RenderInline {A} at (0,0) size 140x18 [color=#800080]
                RenderText {#text} at (0,0) size 140x18
                  text run at (0,0) width 140: "W3C Web server"
              RenderText {#text} at (0,0) size 0x0
            RenderListItem {LI} at (40,18) size 704x18
              RenderListMarker at (-16,0) size 6x18: white bullet
              RenderInline {A} at (0,0) size 139x18 [color=#800080]
                RenderText {#text} at (0,0) size 139x18
                  text run at (0,0) width 139: "NIST Web server"
              RenderText {#text} at (0,0) size 0x0
            RenderListItem {LI} at (40,36) size 704x18
              RenderListMarker at (-16,0) size 6x18: white bullet
              RenderInline {A} at (0,0) size 153x18 [color=#800080]
                RenderText {#text} at (0,0) size 153x18
                  text run at (0,0) width 153: "CWRU Web server"
              RenderText {#text} at (0,0) size 0x0
            RenderListItem {LI} at (40,54) size 704x18
              RenderListMarker at (-16,0) size 6x18: white bullet
              RenderInline {A} at (0,0) size 57x18 [color=#800080]
                RenderText {#text} at (0,0) size 57x18
                  text run at (0,0) width 57: "Yahoo!"
              RenderText {#text} at (0,0) size 0x0
            RenderListItem {LI} at (40,72) size 704x18
              RenderListMarker at (-16,0) size 6x18: white bullet
              RenderInline {A} at (0,0) size 74x18 [color=#800080]
                RenderText {#text} at (0,0) size 74x18
                  text run at (0,0) width 74: "Erewhon"
              RenderText {#text} at (74,0) size 294x18
                text run at (74,0) width 294: " (don't click on it, it goes nowhere)"
        RenderListItem {LI} at (40,126) size 744x36
          RenderBlock (anonymous) at (0,0) size 744x18
            RenderListMarker at (-16,0) size 6x18: bullet
            RenderText {#text} at (0,0) size 276x18
              text run at (0,0) width 276: "Dark green in any circumstance:"
          RenderBlock {UL} at (0,18) size 744x18
            RenderListItem {LI} at (40,0) size 704x18
              RenderListMarker at (-16,0) size 6x18: white bullet
              RenderInline {A} at (0,0) size 153x18 [color=#006600]
                RenderText {#text} at (0,0) size 153x18
                  text run at (0,0) width 153: "CWRU Web server"
              RenderText {#text} at (0,0) size 0x0
      RenderBlock {P} at (0,411) size 784x54
        RenderText {#text} at (0,0) size 157x18
          text run at (0,0) width 157: "The quoted word \""
        RenderInline {A} at (0,0) size 58x18 [color=#008000]
          RenderText {#text} at (157,0) size 58x18
            text run at (157,0) width 58: "anchor"
        RenderText {#text} at (215,0) size 756x54
          text run at (215,0) width 500: "\" should be green, NOT purple, since it's part of an anchor. "
          text run at (715,0) width 41: "It's a"
          text run at (0,18) width 695: "named anchor, and styles declared for the A tag are applied to them under CSS1. "
          text run at (695,18) width 51: "It also"
          text run at (0,36) width 371: "should NOT turn orange when clicked upon."
      RenderTable {TABLE} at (0,482) size 784x304 [border: (1px outset #808080)]
        RenderTableSection {TBODY} at (1,1) size 782x302
          RenderTableRow {TR} at (0,0) size 782x26
            RenderTableCell {TD} at (0,0) size 782x26 [bgcolor=#C0C0C0] [border: (1px inset #808080)] [r=0 c=0 rs=1 cs=2]
              RenderInline {STRONG} at (0,0) size 214x18
                RenderText {#text} at (4,4) size 214x18
                  text run at (4,4) width 214: "TABLE Testing Section"
          RenderTableRow {TR} at (0,26) size 782x276
            RenderTableCell {TD} at (0,151) size 13x26 [bgcolor=#C0C0C0] [border: (1px inset #808080)] [r=1 c=0 rs=1 cs=1]
              RenderText {#text} at (4,4) size 5x18
                text run at (4,4) width 5: " "
            RenderTableCell {TD} at (13,26) size 769x276 [border: (1px inset #808080)] [r=1 c=1 rs=1 cs=1]
              RenderBlock {P} at (4,4) size 761x18
                RenderText {#text} at (0,0) size 674x18
                  text run at (0,0) width 674: "The following anchors should appear as described; none of them should be red."
              RenderBlock {UL} at (4,39) size 761x162
                RenderListItem {LI} at (40,0) size 721x126
                  RenderBlock (anonymous) at (0,0) size 721x36
                    RenderListMarker at (-16,0) size 6x18: bullet
                    RenderText {#text} at (0,0) size 690x36
                      text run at (0,0) width 690: "Purple unvisited, lime (light green) visited, maroon (dark red) while active (being"
                      text run at (0,18) width 72: "clicked):"
                  RenderBlock {UL} at (0,36) size 721x90
                    RenderListItem {LI} at (40,0) size 681x18
                      RenderListMarker at (-16,0) size 6x18: white bullet
                      RenderInline {A} at (0,0) size 140x18 [color=#800080]
                        RenderText {#text} at (0,0) size 140x18
                          text run at (0,0) width 140: "W3C Web server"
                      RenderText {#text} at (0,0) size 0x0
                    RenderListItem {LI} at (40,18) size 681x18
                      RenderListMarker at (-16,0) size 6x18: white bullet
                      RenderInline {A} at (0,0) size 139x18 [color=#800080]
                        RenderText {#text} at (0,0) size 139x18
                          text run at (0,0) width 139: "NIST Web server"
                      RenderText {#text} at (0,0) size 0x0
                    RenderListItem {LI} at (40,36) size 681x18
                      RenderListMarker at (-16,0) size 6x18: white bullet
                      RenderInline {A} at (0,0) size 153x18 [color=#800080]
                        RenderText {#text} at (0,0) size 153x18
                          text run at (0,0) width 153: "CWRU Web server"
                      RenderText {#text} at (0,0) size 0x0
                    RenderListItem {LI} at (40,54) size 681x18
                      RenderListMarker at (-16,0) size 6x18: white bullet
                      RenderInline {A} at (0,0) size 57x18 [color=#800080]
                        RenderText {#text} at (0,0) size 57x18
                          text run at (0,0) width 57: "Yahoo!"
                      RenderText {#text} at (0,0) size 0x0
                    RenderListItem {LI} at (40,72) size 681x18
                      RenderListMarker at (-16,0) size 6x18: white bullet
                      RenderInline {A} at (0,0) size 74x18 [color=#800080]
                        RenderText {#text} at (0,0) size 74x18
                          text run at (0,0) width 74: "Erewhon"
                      RenderText {#text} at (74,0) size 294x18
                        text run at (74,0) width 294: " (don't click on it, it goes nowhere)"
                RenderListItem {LI} at (40,126) size 721x36
                  RenderBlock (anonymous) at (0,0) size 721x18
                    RenderListMarker at (-16,0) size 6x18: bullet
                    RenderText {#text} at (0,0) size 276x18
                      text run at (0,0) width 276: "Dark green in any circumstance:"
                  RenderBlock {UL} at (0,18) size 721x18
                    RenderListItem {LI} at (40,0) size 681x18
                      RenderListMarker at (-16,0) size 6x18: white bullet
                      RenderInline {A} at (0,0) size 153x18 [color=#006600]
                        RenderText {#text} at (0,0) size 153x18
                          text run at (0,0) width 153: "CWRU Web server"
                      RenderText {#text} at (0,0) size 0x0
              RenderBlock {P} at (4,218) size 761x54
                RenderText {#text} at (0,0) size 157x18
                  text run at (0,0) width 157: "The quoted word \""
                RenderInline {A} at (0,0) size 58x18 [color=#008000]
                  RenderText {#text} at (157,0) size 58x18
                    text run at (157,0) width 58: "anchor"
                RenderText {#text} at (215,0) size 756x54
                  text run at (215,0) width 500: "\" should be green, NOT purple, since it's part of an anchor. "
                  text run at (715,0) width 41: "It's a"
                  text run at (0,18) width 695: "named anchor, and styles declared for the A tag are applied to them under CSS1. "
                  text run at (695,18) width 51: "It also"
                  text run at (0,36) width 371: "should NOT turn orange when clicked upon."
