layer at (0,0) size 800x600
  RenderView at (0,0) size 800x600
layer at (0,0) size 800x600
  RenderBlock {HTML} at (0,0) size 800x600
    RenderBody {BODY} at (8,8) size 784x584
      RenderBlock {DIV} at (0,0) size 784x70 [border: (5px solid #000000)]
        RenderFieldSet {FIELDSET} at (7,5) size 770x60 [border: (10px groove #FF0000)]
          RenderLegend {LEGEND} at (40,0) size 121x19
            RenderText {#text} at (2,0) size 117x19
              text run at (2,0) width 117: "Test without forms"
          RenderBlock {DIV} at (20,23) size 730x19
            RenderText {#text} at (0,0) size 270x19
              text run at (0,0) width 270: "A DIV inside a fieldset, not related to forms"
