layer at (0,0) size 800x600
  RenderView at (0,0) size 800x600
layer at (0,0) size 800x600
  RenderBlock {HTML} at (0,0) size 800x600
    RenderBody {BODY} at (8,8) size 784x584
      RenderButton {INPUT} at (2,2) size 50x28 [bgcolor=#C0C0C0]
        RenderBlock (anonymous) at (6,6) size 38x17
          RenderText at (0,0) size 38x17
            text run at (0,0) width 38: "Submit"
      RenderBR {BR} at (54,20) size 0x0
      RenderButton {INPUT} at (2,34) size 44x28 [bgcolor=#C0C0C0]
        RenderBlock (anonymous) at (6,6) size 32x17
          RenderText at (0,0) size 32x17
            text run at (0,0) width 32: "Reset"
      RenderBR {BR} at (48,52) size 0x0
