layer at (0,0) size 800x600
  RenderView at (0,0) size 800x600
layer at (0,0) size 800x365
  RenderBlock {HTML} at (0,0) size 800x365
    RenderBody {BODY} at (8,14) size 784x343
      RenderBlock {P} at (0,0) size 784x40
        RenderText {#text} at (0,0) size 316x19
          text run at (0,0) width 295: "This is a test of generated content in <button> "
          text run at (295,0) width 21: "for "
        RenderInline {I} at (0,0) size 753x39
          RenderInline {A} at (0,0) size 337x19 [color=#0000EE]
            RenderText {#text} at (316,0) size 337x19
              text run at (316,0) width 337: "http://bugzilla.opendarwin.org/show_bug.cgi?id=9561"
          RenderText {#text} at (653,0) size 753x39
            text run at (653,0) width 4: " "
            text run at (657,0) width 96: "REGRESSION:"
            text run at (0,20) width 429: "Content property on :before of button causes hang on click or hover"
        RenderText {#text} at (429,20) size 4x19
          text run at (429,20) width 4: "."
      RenderBlock {HR} at (0,54) size 784x2 [border: (1px inset #000000)]
      RenderBlock (anonymous) at (0,63) size 784x280
        RenderButton {BUTTON} at (2,2) size 47x28 [color=#0000FF] [bgcolor=#C0C0C0]
          RenderBlock (anonymous) at (6,6) size 35x17
            RenderInline (generated) at (0,0) size 35x17
              RenderText at (0,0) size 35x17
                text run at (0,0) width 35: "before"
        RenderText {#text} at (51,6) size 4x19
          text run at (51,6) width 4: " "
        RenderButton {BUTTON} at (57,2) size 81x28 [color=#0000FF] [bgcolor=#C0C0C0]
          RenderBlock (anonymous) at (6,6) size 69x17
            RenderInline (generated) at (0,0) size 35x17
              RenderText at (0,0) size 35x17
                text run at (0,0) width 35: "before"
            RenderText {#text} at (35,0) size 34x17
              text run at (35,0) width 34: "button"
        RenderText {#text} at (140,6) size 4x19
          text run at (140,6) width 4: " "
        RenderBR {BR} at (0,0) size 0x0
        RenderButton {BUTTON} at (2,34) size 36x28 [color=#0000FF] [bgcolor=#C0C0C0]
          RenderBlock (anonymous) at (6,6) size 24x17
            RenderInline (generated) at (0,0) size 24x17
              RenderText at (0,0) size 24x17
                text run at (0,0) width 24: "after"
        RenderText {#text} at (40,38) size 4x19
          text run at (40,38) width 4: " "
        RenderButton {BUTTON} at (46,34) size 70x28 [color=#0000FF] [bgcolor=#C0C0C0]
          RenderBlock (anonymous) at (6,6) size 58x17
            RenderText {#text} at (0,0) size 34x17
              text run at (0,0) width 34: "button"
            RenderInline (generated) at (0,0) size 24x17
              RenderText at (34,0) size 24x17
                text run at (34,0) width 24: "after"
        RenderText {#text} at (118,38) size 4x19
          text run at (118,38) width 4: " "
        RenderBR {BR} at (0,0) size 0x0
        RenderButton {BUTTON} at (2,66) size 12x28 [bgcolor=#C0C0C0]
          RenderBlock (anonymous) at (6,14) size 0x0
        RenderText {#text} at (16,82) size 4x19
          text run at (16,82) width 4: " "
        RenderButton {BUTTON} at (22,78) size 46x28 [bgcolor=#C0C0C0]
          RenderBlock (anonymous) at (6,6) size 34x17
            RenderText {#text} at (0,0) size 34x17
              text run at (0,0) width 34: "button"
        RenderText {#text} at (70,82) size 4x19
          text run at (70,82) width 4: " "
        RenderBR {BR} at (0,0) size 0x0
        RenderButton {BUTTON} at (2,110) size 12x28 [bgcolor=#C0C0C0]
          RenderBlock (anonymous) at (6,14) size 0x0
        RenderText {#text} at (16,126) size 4x19
          text run at (16,126) width 4: " "
        RenderButton {BUTTON} at (22,122) size 46x28 [bgcolor=#C0C0C0]
          RenderBlock (anonymous) at (6,6) size 34x17
            RenderText {#text} at (0,0) size 34x17
              text run at (0,0) width 34: "button"
        RenderText {#text} at (70,126) size 4x19
          text run at (70,126) width 4: " "
        RenderBR {BR} at (0,0) size 0x0
        RenderButton {BUTTON} at (2,154) size 47x28 [bgcolor=#C0C0C0]
          RenderBlock (anonymous) at (6,6) size 35x17
            RenderInline (generated) at (0,0) size 35x17
              RenderText at (0,0) size 35x17
                text run at (0,0) width 35: "before"
        RenderText {#text} at (51,158) size 4x19
          text run at (51,158) width 4: " "
        RenderButton {BUTTON} at (57,154) size 81x28 [bgcolor=#C0C0C0]
          RenderBlock (anonymous) at (6,6) size 69x17
            RenderInline (generated) at (0,0) size 35x17
              RenderText at (0,0) size 35x17
                text run at (0,0) width 35: "before"
            RenderText {#text} at (35,0) size 34x17
              text run at (35,0) width 34: "button"
        RenderText {#text} at (140,158) size 4x19
          text run at (140,158) width 4: " "
        RenderBR {BR} at (0,0) size 0x0
        RenderButton {BUTTON} at (2,186) size 36x28 [bgcolor=#C0C0C0]
          RenderBlock (anonymous) at (6,6) size 24x17
            RenderInline (generated) at (0,0) size 24x17
              RenderText at (0,0) size 24x17
                text run at (0,0) width 24: "after"
        RenderText {#text} at (40,190) size 4x19
          text run at (40,190) width 4: " "
        RenderButton {BUTTON} at (46,186) size 70x28 [bgcolor=#C0C0C0]
          RenderBlock (anonymous) at (6,6) size 58x17
            RenderText {#text} at (0,0) size 34x17
              text run at (0,0) width 34: "button"
            RenderInline (generated) at (0,0) size 24x17
              RenderText at (34,0) size 24x17
                text run at (34,0) width 24: "after"
        RenderText {#text} at (118,190) size 4x19
          text run at (118,190) width 4: " "
        RenderBR {BR} at (0,0) size 0x0
        RenderButton {BUTTON} at (2,218) size 47x28 [bgcolor=#C0C0C0]
          RenderBlock (anonymous) at (6,6) size 35x17
            RenderInline (generated) at (0,0) size 35x17
              RenderText at (0,0) size 35x17
                text run at (0,0) width 35: "before"
        RenderText {#text} at (51,222) size 4x19
          text run at (51,222) width 4: " "
        RenderButton {BUTTON} at (57,218) size 81x28 [bgcolor=#C0C0C0]
          RenderBlock (anonymous) at (6,6) size 69x17
            RenderInline (generated) at (0,0) size 35x17
              RenderText at (0,0) size 35x17
                text run at (0,0) width 35: "before"
            RenderText {#text} at (35,0) size 34x17
              text run at (35,0) width 34: "button"
        RenderText {#text} at (140,222) size 4x19
          text run at (140,222) width 4: " "
        RenderBR {BR} at (0,0) size 0x0
        RenderButton {BUTTON} at (2,250) size 36x28 [bgcolor=#C0C0C0]
          RenderBlock (anonymous) at (6,6) size 24x17
            RenderInline (generated) at (0,0) size 24x17
              RenderText at (0,0) size 24x17
                text run at (0,0) width 24: "after"
        RenderText {#text} at (40,254) size 4x19
          text run at (40,254) width 4: " "
        RenderButton {BUTTON} at (46,250) size 70x28 [bgcolor=#C0C0C0]
          RenderBlock (anonymous) at (6,6) size 58x17
            RenderText {#text} at (0,0) size 34x17
              text run at (0,0) width 34: "button"
            RenderInline (generated) at (0,0) size 24x17
              RenderText at (34,0) size 24x17
                text run at (34,0) width 24: "after"
        RenderText {#text} at (118,254) size 4x19
          text run at (118,254) width 4: " "
        RenderBR {BR} at (0,0) size 0x0
