layer at (0,0) size 800x600
  RenderView at (0,0) size 800x600
layer at (0,0) size 800x600
  RenderBlock {HTML} at (0,0) size 800x600
    RenderBody {BODY} at (8,8) size 784x584
      RenderButton {BUTTON} at (0,2) size 73x28 [bgcolor=#C0C0C0]
        RenderBlock (anonymous) at (6,6) size 61x17
          RenderText {#text} at (0,0) size 61x17
            text run at (0,0) width 61: "Test Button"
      RenderText {#text} at (73,6) size 4x19
        text run at (73,6) width 4: " "
      RenderButton {BUTTON} at (77,2) size 73x28 [bgcolor=#C0C0C0]
        RenderBlock (anonymous) at (6,6) size 61x17
          RenderText {#text} at (0,0) size 61x17
            text run at (0,0) width 61: "Test Button"
      RenderText {#text} at (150,6) size 4x19
        text run at (150,6) width 4: " "
      RenderButton {BUTTON} at (154,2) size 73x28 [bgcolor=#C0C0C0]
        RenderBlock (anonymous) at (6,6) size 61x17
          RenderText {#text} at (0,0) size 61x17
            text run at (0,0) width 61: "Test Button"
      RenderText {#text} at (227,6) size 4x19
        text run at (227,6) width 4: " "
      RenderButton {BUTTON} at (231,2) size 73x28 [bgcolor=#C0C0C0]
        RenderBlock (anonymous) at (6,6) size 61x17
          RenderText {#text} at (0,0) size 61x17
            text run at (0,0) width 61: "Test Button"
      RenderText {#text} at (304,6) size 4x19
        text run at (304,6) width 4: " "
      RenderButton {BUTTON} at (308,2) size 73x28 [bgcolor=#C0C0C0]
        RenderBlock (anonymous) at (6,6) size 61x17
          RenderText {#text} at (0,0) size 61x17
            text run at (0,0) width 61: "Test Button"
      RenderText {#text} at (381,6) size 4x19
        text run at (381,6) width 4: " "
      RenderButton {BUTTON} at (385,2) size 73x28 [bgcolor=#C0C0C0]
        RenderBlock (anonymous) at (6,6) size 61x17
          RenderText {#text} at (0,0) size 61x17
            text run at (0,0) width 61: "Test Button"
      RenderText {#text} at (458,6) size 4x19
        text run at (458,6) width 4: " "
      RenderButton {BUTTON} at (464,2) size 73x28 [bgcolor=#C0C0C0]
        RenderBlock (anonymous) at (6,6) size 61x17
          RenderText {#text} at (0,0) size 61x17
            text run at (0,0) width 61: "Test Button"
      RenderText {#text} at (539,6) size 4x19
        text run at (539,6) width 4: " "
      RenderButton {INPUT} at (545,2) size 73x28 [bgcolor=#C0C0C0]
        RenderBlock (anonymous) at (6,6) size 61x17
          RenderText at (0,0) size 61x17
            text run at (0,0) width 61: "Test Button"
      RenderText {#text} at (620,6) size 4x19
        text run at (620,6) width 4: " "
      RenderButton {BUTTON} at (626,2) size 73x28 [bgcolor=#C0C0C0]
        RenderBlock (anonymous) at (6,6) size 61x17
          RenderText {#text} at (0,0) size 61x17
            text run at (0,0) width 61: "Test Button"
      RenderText {#text} at (701,6) size 4x19
        text run at (701,6) width 4: " "
      RenderButton {BUTTON} at (707,2) size 73x28 [bgcolor=#C0C0C0]
        RenderBlock (anonymous) at (6,6) size 61x17
          RenderText {#text} at (0,0) size 61x17
            text run at (0,0) width 61: "Test Button"
      RenderText {#text} at (0,0) size 0x0
      RenderButton {BUTTON} at (2,34) size 73x28 [bgcolor=#C0C0C0]
        RenderBlock (anonymous) at (6,6) size 61x17
          RenderText {#text} at (0,0) size 61x17
            text run at (0,0) width 61: "Test Button"
      RenderText {#text} at (77,38) size 4x19
        text run at (77,38) width 4: " "
      RenderButton {BUTTON} at (83,34) size 73x28 [bgcolor=#C0C0C0]
        RenderBlock (anonymous) at (6,6) size 61x17
          RenderText {#text} at (0,0) size 61x17
            text run at (0,0) width 61: "Test Button"
      RenderText {#text} at (158,38) size 4x19
        text run at (158,38) width 4: " "
      RenderButton {BUTTON} at (164,34) size 73x28 [bgcolor=#C0C0C0]
        RenderBlock (anonymous) at (6,6) size 61x17
          RenderText {#text} at (0,0) size 61x17
            text run at (0,0) width 61: "Test Button"
      RenderText {#text} at (239,38) size 4x19
        text run at (239,38) width 4: " "
      RenderButton {BUTTON} at (245,34) size 73x28 [bgcolor=#C0C0C0]
        RenderBlock (anonymous) at (6,6) size 61x17
          RenderText {#text} at (0,0) size 61x17
            text run at (0,0) width 61: "Test Button"
      RenderText {#text} at (320,38) size 4x19
        text run at (320,38) width 4: " "
      RenderButton {BUTTON} at (326,34) size 73x28 [bgcolor=#C0C0C0]
        RenderBlock (anonymous) at (6,6) size 61x17
          RenderText {#text} at (0,0) size 61x17
            text run at (0,0) width 61: "Test Button"
      RenderText {#text} at (401,38) size 4x19
        text run at (401,38) width 4: " "
      RenderButton {BUTTON} at (407,34) size 73x28 [bgcolor=#C0C0C0]
        RenderBlock (anonymous) at (6,6) size 61x17
          RenderText {#text} at (0,0) size 61x17
            text run at (0,0) width 61: "Test Button"
      RenderText {#text} at (482,38) size 4x19
        text run at (482,38) width 4: " "
      RenderButton {BUTTON} at (488,34) size 73x28 [bgcolor=#C0C0C0]
        RenderBlock (anonymous) at (6,6) size 61x17
          RenderText {#text} at (0,0) size 61x17
            text run at (0,0) width 61: "Test Button"
      RenderText {#text} at (563,38) size 4x19
        text run at (563,38) width 4: " "
      RenderButton {BUTTON} at (569,34) size 73x28 [bgcolor=#C0C0C0]
        RenderBlock (anonymous) at (6,6) size 61x17
          RenderText {#text} at (0,0) size 61x17
            text run at (0,0) width 61: "Test Button"
      RenderText {#text} at (0,0) size 0x0
