layer at (0,0) size 800x600
  RenderView at (0,0) size 800x600
layer at (0,0) size 800x600
  RenderBlock {HTML} at (0,0) size 800x600
    RenderBody {BODY} at (8,8) size 784x584
      RenderBlock {P} at (0,0) size 784x19
        RenderText {#text} at (0,0) size 595x19
          text run at (0,0) width 595: "The following button elements should all be rendered on the left, with their text center justified."
      RenderBlock (anonymous) at (0,33) size 784x128
        RenderButton {BUTTON} at (0,2) size 300x28 [bgcolor=#C0C0C0]
          RenderBlock (anonymous) at (6,6) size 288x17
            RenderText {#text} at (55,0) size 177x17
              text run at (55,0) width 177: "This is should be center justified."
        RenderText {#text} at (300,6) size 4x19
          text run at (300,6) width 4: " "
        RenderBR {BR} at (0,0) size 0x0
        RenderButton {BUTTON} at (0,34) size 300x28 [bgcolor=#C0C0C0]
          RenderBlock (anonymous) at (6,6) size 288x17
            RenderText {#text} at (55,0) size 177x17
              text run at (55,0) width 177: "This is should be center justified."
        RenderText {#text} at (300,38) size 4x19
          text run at (300,38) width 4: " "
        RenderBR {BR} at (0,0) size 0x0
        RenderButton {BUTTON} at (0,66) size 300x28 [bgcolor=#C0C0C0]
          RenderBlock (anonymous) at (6,6) size 288x17
            RenderText {#text} at (55,0) size 177x17
              text run at (55,0) width 177: "This is should be center justified."
        RenderText {#text} at (300,70) size 4x19
          text run at (300,70) width 4: " "
        RenderBR {BR} at (0,0) size 0x0
        RenderButton {BUTTON} at (0,98) size 300x28 [bgcolor=#C0C0C0]
          RenderBlock (anonymous) at (6,6) size 288x17
            RenderText {#text} at (55,0) size 177x17
              text run at (55,0) width 177: "This is should be center justified."
        RenderText {#text} at (0,0) size 0x0
        RenderText {#text} at (0,0) size 0x0
      RenderBlock {DIV} at (0,161) size 784x32
        RenderButton {BUTTON} at (0,2) size 300x28 [bgcolor=#C0C0C0]
          RenderBlock (anonymous) at (6,6) size 288x17
            RenderText {#text} at (55,0) size 177x17
              text run at (55,0) width 177: "This is should be center justified."
