layer at (0,0) size 800x600
  RenderView at (0,0) size 800x600
layer at (0,0) size 800x600
  RenderBlock {HTML} at (0,0) size 800x600
    RenderBody {BODY} at (8,8) size 784x584
      RenderBlock {P} at (0,0) size 784x40
        RenderText {#text} at (0,0) size 214x19
          text run at (0,0) width 214: "This tests for regressions against "
        RenderInline {I} at (0,0) size 773x39
          RenderInline {A} at (0,0) size 337x19 [color=#0000EE]
            RenderText {#text} at (214,0) size 337x19
              text run at (214,0) width 337: "http://bugzilla.opendarwin.org/show_bug.cgi?id=8420"
          RenderText {#text} at (551,0) size 773x39
            text run at (551,0) width 4: " "
            text run at (555,0) width 218: "iExploder(#12): Assertion failure in"
            text run at (0,20) width 231: "RenderContainer::removeChildNode"
        RenderText {#text} at (231,20) size 4x19
          text run at (231,20) width 4: "."
      RenderBlock {P} at (0,54) size 784x38
        RenderText {#text} at (0,0) size 705x38
          text run at (0,0) width 560: "In the render tree, the button should have only one child, an anonymous block wrapping "
          text run at (560,0) width 145: "all of the button's other"
          text run at (0,19) width 85: "descendants."
      RenderBlock {HR} at (0,106) size 784x2 [border: (1px inset #000000)]
      RenderBlock (anonymous) at (0,115) size 784x32
        RenderButton {BUTTON} at (2,2) size 12x28 [bgcolor=#C0C0C0]
          RenderBlock (anonymous) at (6,14) size 0x0
            RenderBlock (anonymous) at (0,0) size 0x0
              RenderInline {SPAN} at (0,0) size 0x0
            RenderBlock (anonymous) at (0,0) size 0x0
              RenderBlock {DIV} at (0,0) size 0x0
            RenderBlock (anonymous) at (0,0) size 0x0
              RenderInline {SPAN} at (0,0) size 0x0
        RenderText {#text} at (0,0) size 0x0
        RenderText {#text} at (0,0) size 0x0
        RenderText {#text} at (0,0) size 0x0
