layer at (0,0) size 800x600
  RenderView at (0,0) size 800x600
layer at (0,0) size 800x600
  RenderBlock {HTML} at (0,0) size 800x600
    RenderBody {BODY} at (8,8) size 784x584
      RenderBlock {P} at (0,0) size 784x40
        RenderText {#text} at (0,0) size 105x19
          text run at (0,0) width 105: "This is a test for "
        RenderInline {I} at (0,0) size 732x39
          RenderInline {A} at (0,0) size 337x19 [color=#0000EE]
            RenderText {#text} at (105,0) size 337x19
              text run at (105,0) width 337: "http://bugzilla.opendarwin.org/show_bug.cgi?id=9316"
          RenderText {#text} at (442,0) size 732x39
            text run at (442,0) width 4: " "
            text run at (446,0) width 286: "REGRESSION: text field width shrinks on first"
            text run at (0,20) width 61: "keystroke"
        RenderText {#text} at (61,20) size 4x19
          text run at (61,20) width 4: "."
      RenderBlock {HR} at (0,54) size 784x2 [border: (1px inset #000000)]
layer at (8,71) size 784x27
  RenderBlock (relative positioned) {DIV} at (0,63) size 784x0
    RenderTextControl {INPUT} at (0,2) size 392x25 [border: (2px inset #000000)]
layer at (11,76) size 386x19
  RenderBlock {DIV} at (3,3) size 386x19
    RenderText {#text} at (1,0) size 20x19
      text run at (1,0) width 20: "foo"
