layer at (0,0) size 800x600
  RenderView at (0,0) size 800x600
layer at (0,0) size 800x600
  RenderBlock {HTML} at (0,0) size 800x600
    RenderBody {BODY} at (8,8) size 784x584
      RenderBlock (floating) {DIV} at (0,0) size 50x400 [bgcolor=#008000]
      RenderFieldSet {FIELDSET} at (50,0) size 730x52 [border: (2px groove #C0C0C0)]
        RenderLegend {LEGEND} at (12,0) size 74x19
          RenderText {#text} at (2,0) size 70x19
            text run at (2,0) width 70: "Hello world"
        RenderBlock (anonymous) at (12,23) size 706x19
          RenderText {#text} at (0,0) size 141x19
            text run at (0,0) width 141: "Some fieldset content."
