layer at (0,0) size 800x600
  RenderView at (0,0) size 800x600
layer at (0,0) size 800x600
  RenderBlock {HTML} at (0,0) size 800x600
    RenderBody {BODY} at (8,8) size 784x584
      RenderBlock (anonymous) at (0,0) size 784x0
        RenderInline {A} at (0,0) size 0x0
          RenderText {#text} at (0,0) size 0x0
      RenderBlock (anonymous) at (0,0) size 784x0
      RenderBlock (anonymous) at (0,0) size 784x0
        RenderInline {A} at (0,0) size 0x0
      RenderBlock {DIV} at (0,0) size 784x38
        RenderBlock (anonymous) at (0,0) size 784x0
          RenderInline {A} at (0,0) size 0x0
            RenderText {#text} at (0,0) size 0x0
        RenderBlock (anonymous) at (0,0) size 784x38
          RenderTable {TABLE} at (0,0) size 65x38
            RenderTableSection {TBODY} at (0,0) size 65x38
              RenderTableRow {TR} at (0,2) size 65x34
                RenderTableCell {TD} at (2,18) size 2x2 [r=0 c=0 rs=1 cs=1]
                RenderBlock {FORM} at (0,0) size 0x0
                RenderTableCell {TD} at (6,2) size 57x34 [r=0 c=1 rs=1 cs=1]
                  RenderButton {INPUT} at (3,3) size 51x28 [bgcolor=#C0C0C0]
                    RenderBlock (anonymous) at (6,6) size 39x17
                      RenderText at (0,0) size 39x17
                        text run at (0,0) width 39: "Search"
        RenderBlock (anonymous) at (0,38) size 784x0
          RenderInline {A} at (0,0) size 0x0
          RenderInline {A} at (0,0) size 0x0 [color=#0000EE]
          RenderText {#text} at (0,0) size 0x0
      RenderBlock (anonymous) at (0,38) size 784x19
        RenderText {#text} at (0,0) size 103x19
          text run at (0,0) width 103: "Form did submit"
        RenderText {#text} at (0,0) size 0x0
