layer at (0,0) size 800x671
  RenderView at (0,0) size 800x600
layer at (0,0) size 800x671
  RenderBlock {HTML} at (0,0) size 800x671
    RenderBody {BODY} at (8,8) size 784x655
      RenderBlock {P} at (0,0) size 784x19
        RenderText {#text} at (0,0) size 545x19
          text run at (0,0) width 545: "This page has a few tables within form elements within divs with various display styles."
      RenderBlock {P} at (0,33) size 784x19
        RenderText {#text} at (0,0) size 29x19
          text run at (0,0) width 29: "See "
        RenderInline {A} at (0,0) size 114x19 [color=#0000EE]
          RenderText {#text} at (29,0) size 114x19
            text run at (29,0) width 114: "Bugzilla Bug 4977"
        RenderText {#text} at (143,0) size 4x19
          text run at (143,0) width 4: "."
      RenderBlock (anonymous) at (0,66) size 784x0
        RenderInline {DIV} at (0,0) size 0x0
      RenderBlock (anonymous) at (0,66) size 784x25
        RenderBlock {FORM} at (0,0) size 784x25
          RenderTable {TABLE} at (0,0) size 91x25
            RenderTableSection {TBODY} at (0,0) size 91x25
              RenderTableRow {TR} at (0,2) size 91x21
                RenderTableCell {TD} at (2,2) size 87x21 [r=0 c=0 rs=1 cs=1]
                  RenderText {#text} at (1,1) size 85x19
                    text run at (1,1) width 85: "display: inline"
      RenderBlock (anonymous) at (0,105) size 784x0
        RenderInline {DIV} at (0,0) size 0x0
        RenderText {#text} at (0,0) size 0x0
      RenderBlock {DIV} at (0,105) size 784x25
        RenderBlock {FORM} at (0,0) size 784x25
          RenderTable {TABLE} at (0,0) size 91x25
            RenderTableSection {TBODY} at (0,0) size 91x25
              RenderTableRow {TR} at (0,2) size 91x21
                RenderTableCell {TD} at (2,2) size 87x21 [r=0 c=0 rs=1 cs=1]
                  RenderText {#text} at (1,1) size 85x19
                    text run at (1,1) width 85: "display: block"
      RenderListItem {DIV} at (0,144) size 784x44
        RenderBlock (anonymous) at (0,0) size 784x19
          RenderListMarker at (-17,0) size 7x19: bullet
        RenderBlock {FORM} at (0,19) size 784x25
          RenderTable {TABLE} at (0,0) size 107x25
            RenderTableSection {TBODY} at (0,0) size 107x25
              RenderTableRow {TR} at (0,2) size 107x21
                RenderTableCell {TD} at (2,2) size 103x21 [r=0 c=0 rs=1 cs=1]
                  RenderText {#text} at (1,1) size 101x19
                    text run at (1,1) width 101: "display: list-item"
      RenderBlock (run-in) {DIV} at (0,202) size 784x25
        RenderBlock {FORM} at (0,0) size 784x25
          RenderTable {TABLE} at (0,0) size 95x25
            RenderTableSection {TBODY} at (0,0) size 95x25
              RenderTableRow {TR} at (0,2) size 95x21
                RenderTableCell {TD} at (2,2) size 91x21 [r=0 c=0 rs=1 cs=1]
                  RenderText {#text} at (1,1) size 89x19
                    text run at (1,1) width 89: "display: run-in"
      RenderBlock (compact) {DIV} at (0,241) size 784x25
        RenderBlock {FORM} at (0,0) size 784x25
          RenderTable {TABLE} at (0,0) size 112x25
            RenderTableSection {TBODY} at (0,0) size 112x25
              RenderTableRow {TR} at (0,2) size 112x21
                RenderTableCell {TD} at (2,2) size 108x21 [r=0 c=0 rs=1 cs=1]
                  RenderText {#text} at (1,1) size 106x19
                    text run at (1,1) width 106: "display: compact"
      RenderBlock (anonymous) at (0,280) size 784x39
        RenderBlock {DIV} at (0,0) size 129x39
          RenderBlock {FORM} at (0,0) size 129x25
            RenderTable {TABLE} at (0,0) size 129x25
              RenderTableSection {TBODY} at (0,0) size 129x25
                RenderTableRow {TR} at (0,2) size 129x21
                  RenderTableCell {TD} at (2,2) size 125x21 [r=0 c=0 rs=1 cs=1]
                    RenderText {#text} at (1,1) size 123x19
                      text run at (1,1) width 123: "display: inline-block"
        RenderText {#text} at (0,0) size 0x0
      RenderTable {DIV} at (0,319) size 89x39
        RenderTableSection (anonymous) at (0,0) size 89x39
          RenderTableRow (anonymous) at (0,0) size 89x39
            RenderTableCell (anonymous) at (0,0) size 89x39 [r=0 c=0 rs=1 cs=1]
              RenderBlock {FORM} at (0,0) size 89x25
                RenderTable {TABLE} at (0,0) size 89x25
                  RenderTableSection {TBODY} at (0,0) size 89x25
                    RenderTableRow {TR} at (0,2) size 89x21
                      RenderTableCell {TD} at (2,2) size 85x21 [r=0 c=0 rs=1 cs=1]
                        RenderText {#text} at (1,1) size 83x19
                          text run at (1,1) width 83: "display: table"
      RenderTable at (0,358) size 159x39
        RenderTableSection {DIV} at (0,0) size 159x39
          RenderTableRow (anonymous) at (0,0) size 159x39
            RenderTableCell (anonymous) at (0,0) size 159x39 [r=0 c=0 rs=1 cs=1]
              RenderBlock {FORM} at (0,0) size 159x25
                RenderTable {TABLE} at (0,0) size 159x25
                  RenderTableSection {TBODY} at (0,0) size 159x25
                    RenderTableRow {TR} at (0,2) size 159x21
                      RenderTableCell {TD} at (2,2) size 155x21 [r=0 c=0 rs=1 cs=1]
                        RenderText {#text} at (1,1) size 153x19
                          text run at (1,1) width 153: "display: table-row-group"
      RenderTable at (0,397) size 181x39
        RenderTableSection {DIV} at (0,0) size 181x39
          RenderTableRow (anonymous) at (0,0) size 181x39
            RenderTableCell (anonymous) at (0,0) size 181x39 [r=0 c=0 rs=1 cs=1]
              RenderBlock {FORM} at (0,0) size 181x25
                RenderTable {TABLE} at (0,0) size 181x25
                  RenderTableSection {TBODY} at (0,0) size 181x25
                    RenderTableRow {TR} at (0,2) size 181x21
                      RenderTableCell {TD} at (2,2) size 177x21 [r=0 c=0 rs=1 cs=1]
                        RenderText {#text} at (1,1) size 175x19
                          text run at (1,1) width 175: "display: table-header-group"
      RenderTable at (0,436) size 173x39
        RenderTableSection {DIV} at (0,0) size 173x39
          RenderTableRow (anonymous) at (0,0) size 173x39
            RenderTableCell (anonymous) at (0,0) size 173x39 [r=0 c=0 rs=1 cs=1]
              RenderBlock {FORM} at (0,0) size 173x25
                RenderTable {TABLE} at (0,0) size 173x25
                  RenderTableSection {TBODY} at (0,0) size 173x25
                    RenderTableRow {TR} at (0,2) size 173x21
                      RenderTableCell {TD} at (2,2) size 169x21 [r=0 c=0 rs=1 cs=1]
                        RenderText {#text} at (1,1) size 167x19
                          text run at (1,1) width 167: "display: table-footer-group"
      RenderTable at (0,475) size 117x39
        RenderTableSection (anonymous) at (0,0) size 117x39
          RenderTableRow {DIV} at (0,0) size 117x39
            RenderTableCell (anonymous) at (0,0) size 117x39 [r=0 c=0 rs=1 cs=1]
              RenderBlock {FORM} at (0,0) size 117x25
                RenderTable {TABLE} at (0,0) size 117x25
                  RenderTableSection {TBODY} at (0,0) size 117x25
                    RenderTableRow {TR} at (0,2) size 117x21
                      RenderTableCell {TD} at (2,2) size 113x21 [r=0 c=0 rs=1 cs=1]
                        RenderText {#text} at (1,1) size 111x19
                          text run at (1,1) width 111: "display: table-row"
      RenderTable at (0,514) size 0x0
        RenderTableCol {DIV} at (0,0) size 0x0
      RenderBlock (anonymous) at (0,514) size 784x39
        RenderTable {DIV} at (0,0) size 127x39
          RenderTableSection (anonymous) at (0,0) size 127x39
            RenderTableRow (anonymous) at (0,0) size 127x39
              RenderTableCell (anonymous) at (0,0) size 127x39 [r=0 c=0 rs=1 cs=1]
                RenderBlock {FORM} at (0,0) size 127x25
                  RenderTable {TABLE} at (0,0) size 127x25
                    RenderTableSection {TBODY} at (0,0) size 127x25
                      RenderTableRow {TR} at (0,2) size 127x21
                        RenderTableCell {TD} at (2,2) size 123x21 [r=0 c=0 rs=1 cs=1]
                          RenderText {#text} at (1,1) size 121x19
                            text run at (1,1) width 121: "display: inline-table"
        RenderText {#text} at (0,0) size 0x0
      RenderTable at (0,553) size 115x39
        RenderTableSection (anonymous) at (0,0) size 115x39
          RenderTableRow (anonymous) at (0,0) size 115x39
            RenderTableCell {DIV} at (0,0) size 115x39 [r=0 c=0 rs=1 cs=1]
              RenderBlock {FORM} at (0,0) size 115x25
                RenderTable {TABLE} at (0,0) size 115x25
                  RenderTableSection {TBODY} at (0,0) size 115x25
                    RenderTableRow {TR} at (0,2) size 115x21
                      RenderTableCell {TD} at (2,2) size 111x21 [r=0 c=0 rs=1 cs=1]
                        RenderText {#text} at (1,1) size 109x19
                          text run at (1,1) width 109: "display: table-cell"
      RenderTable at (0,592) size 54x63
        RenderBlock {DIV} at (0,0) size 54x63
          RenderBlock {FORM} at (0,0) size 54x63
            RenderTable {TABLE} at (0,0) size 54x63
              RenderTableSection {TBODY} at (0,0) size 54x63
                RenderTableRow {TR} at (0,2) size 54x59
                  RenderTableCell {TD} at (2,2) size 50x59 [r=0 c=0 rs=1 cs=1]
                    RenderText {#text} at (1,1) size 48x57
                      text run at (1,1) width 48: "display:"
                      text run at (1,20) width 36: "table-"
                      text run at (1,39) width 46: "caption"
      RenderTableCol {DIV} at (0,655) size 0x0
