layer at (0,0) size 800x600
  RenderView at (0,0) size 800x600
layer at (0,0) size 800x600
  RenderBlock {HTML} at (0,0) size 800x600
    RenderBody {BODY} at (8,8) size 784x584
      RenderBlock {FORM} at (0,0) size 784x18
        RenderBlock {INPUT} at (3,3) size 12x12
        RenderBlock {INPUT} at (21,3) size 12x12
      RenderBlock (anonymous) at (0,32) size 784x38
        RenderText {#text} at (0,0) size 779x38
          text run at (0,0) width 779: "There should be two elements in the first form and one in the second. The count in form one is 2, and the count in form two"
          text run at (0,19) width 26: "is 1."
        RenderText {#text} at (0,0) size 0x0
        RenderText {#text} at (0,0) size 0x0
