layer at (0,0) size 800x600
  RenderView at (0,0) size 800x600
layer at (0,0) size 800x600
  RenderBlock {HTML} at (0,0) size 800x600
    RenderBody {BODY} at (8,8) size 784x584
      RenderText {#text} at (0,0) size 751x38
        text run at (0,0) width 751: "The select item below has a label specified, and enclosed text that is whitespace. There should be no text shown in the"
        text run at (0,19) width 68: "select box."
      RenderBR {BR} at (68,33) size 0x0
      RenderMenuList {SELECT} at (2,40) size 74x25 [bgcolor=#FFFFFF]
        RenderBlock (anonymous) at (8,4) size 42x19
          RenderBR at (0,0) size 0x19 [bgcolor=#FFFFFF]
      RenderText {#text} at (0,0) size 0x0
