layer at (0,0) size 800x600
  RenderView at (0,0) size 800x600
layer at (0,0) size 800x600
  RenderBlock {HTML} at (0,0) size 800x600
    RenderBody {BODY} at (8,8) size 784x584
      RenderText {#text} at (0,0) size 677x19
        text run at (0,0) width 677: "In the selection list below, the text 'The label for this element is \"1\"' should appear, and not the character '1'"
      RenderBR {BR} at (677,14) size 0x0
      RenderMenuList {SELECT} at (2,21) size 224x25 [bgcolor=#FFFFFF]
        RenderBlock (anonymous) at (8,4) size 192x19
          RenderText at (0,0) size 192x19
            text run at (0,0) width 192: "the label for this element is \"1\""
      RenderText {#text} at (0,0) size 0x0
