layer at (0,0) size 800x600
  RenderView at (0,0) size 800x600
layer at (0,0) size 800x543
  RenderBlock {HTML} at (0,0) size 800x543
    RenderBody {BODY} at (8,14) size 784x521
      RenderBlock {P} at (0,0) size 784x19
        RenderText {#text} at (0,0) size 417x19
          text run at (0,0) width 325: "The top table was resized while the field\x{2019}s contents "
          text run at (325,0) width 92: "were selected."
      RenderTable {TABLE} at (0,33) size 216x244
        RenderTableSection {TBODY} at (0,0) size 216x244
          RenderTableRow {TR} at (0,2) size 216x240
            RenderTableCell {TD} at (2,87) size 212x69 [bgcolor=#90EE90] [r=0 c=0 rs=1 cs=1]
              RenderTextControl {INPUT} at (22,22) size 168x25 [border: (2px inset #000000)]
              RenderText {#text} at (0,0) size 0x0
      RenderTable {TABLE} at (0,277) size 216x244
        RenderTableSection {TBODY} at (0,0) size 216x244
          RenderTableRow {TR} at (0,2) size 216x240
            RenderTableCell {TD} at (2,87) size 212x69 [bgcolor=#90EE90] [r=0 c=0 rs=1 cs=1]
              RenderTextControl {INPUT} at (22,22) size 168x25 [border: (2px inset #000000)]
              RenderText {#text} at (0,0) size 0x0
layer at (35,159) size 162x19
  RenderBlock {DIV} at (3,3) size 162x19
    RenderText {#text} at (1,0) size 45x19
      text run at (1,0) width 45: "foo bar"
layer at (35,403) size 162x19
  RenderBlock {DIV} at (3,3) size 162x19
    RenderText {#text} at (1,0) size 45x19
      text run at (1,0) width 45: "foo bar"
selection start: position 0 of child 0 {#text} of child 0 {DIV} of child 1 {INPUT} of child 1 {TD} of child 0 {TR} of child 1 {TBODY} of child 3 {TABLE} of child 1 {BODY} of child 0 {HTML} of document
selection end:   position 7 of child 0 {#text} of child 0 {DIV} of child 1 {INPUT} of child 1 {TD} of child 0 {TR} of child 1 {TBODY} of child 3 {TABLE} of child 1 {BODY} of child 0 {HTML} of document
