layer at (0,0) size 800x600
  RenderView at (0,0) size 800x600
layer at (0,0) size 800x600
  RenderBlock {HTML} at (0,0) size 800x600
    RenderBody {BODY} at (8,8) size 784x584
      RenderText {#text} at (0,0) size 771x38
        text run at (0,0) width 771: "This tests that leading and trailing spaces in a text field don't get lost. There should be 3 spaces before and 3 spaces after"
        text run at (0,19) width 124: "the text in the field. "
      RenderBR {BR} at (124,33) size 0x0
      RenderTextControl {INPUT} at (2,40) size 168x25 [border: (2px inset #000000)]
      RenderText {#text} at (0,0) size 0x0
      RenderText {#text} at (0,0) size 0x0
layer at (13,51) size 162x19
  RenderBlock {DIV} at (3,3) size 162x19
    RenderText {#text} at (1,0) size 69x19
      text run at (1,0) width 69: "   foo bar   "
