layer at (0,0) size 800x600
  RenderView at (0,0) size 800x600
layer at (0,0) size 800x600
  RenderBlock {HTML} at (0,0) size 800x600
    RenderBody {BODY} at (8,8) size 784x584
      RenderText {#text} at (0,0) size 461x19
        text run at (0,0) width 461: "This tests that the border of a readonly text field should appear dimmed. "
      RenderBR {BR} at (461,14) size 0x0
      RenderTextControl {INPUT} at (2,21) size 168x25 [border: (2px inset #000000)]
      RenderText {#text} at (0,0) size 0x0
      RenderText {#text} at (0,0) size 0x0
layer at (13,32) size 162x19 scrollWidth 195
  RenderBlock {DIV} at (3,3) size 162x19
    RenderText {#text} at (1,0) size 194x19
      text run at (1,0) width 194: "This border should be dimmed"
