layer at (0,0) size 800x600
  RenderView at (0,0) size 800x600
layer at (0,0) size 800x600
  RenderBlock {HTML} at (0,0) size 800x600
    RenderBody {BODY} at (8,8) size 784x584
      RenderBlock {P} at (0,0) size 784x19
        RenderText {#text} at (0,0) size 117x19
          text run at (0,0) width 117: "This tests that the "
        RenderInline {CODE} at (0,0) size 67x19
          RenderText {#text} at (117,0) size 67x19
            text run at (117,0) width 67: "word-wrap"
        RenderText {#text} at (184,0) size 297x19
          text run at (184,0) width 297: " property is ignored for single-line text controls."
      RenderBlock (anonymous) at (0,33) size 784x42
        RenderTextControl {INPUT} at (2,0) size 168x42 [border: (2px inset #000000)]
        RenderText {#text} at (0,0) size 0x0
layer at (13,52) size 162x19 scrollWidth 308
  RenderBlock {DIV} at (3,11) size 162x19
    RenderText {#text} at (1,0) size 306x19
      text run at (1,0) width 306: "This sentence should not wrap into the next line."
