layer at (0,0) size 800x600
  RenderView at (0,0) size 800x600
layer at (0,0) size 800x600
  RenderBlock {HTML} at (0,0) size 800x600
    RenderBody {BODY} at (8,8) size 784x584
      RenderBlock {P} at (0,0) size 784x19
        RenderText {#text} at (0,0) size 566x19
          text run at (0,0) width 566: "The following 5 inputs should be all be rendered exactly the same, aligned to the left side."
      RenderBlock (anonymous) at (0,33) size 784x116
        RenderTextControl {INPUT} at (2,2) size 168x25 [border: (2px inset #000000)]
        RenderText {#text} at (172,5) size 4x19
          text run at (172,5) width 4: " "
        RenderBR {BR} at (0,0) size 0x0
        RenderTextControl {INPUT} at (2,31) size 168x25 [border: (2px inset #000000)]
        RenderText {#text} at (172,34) size 4x19
          text run at (172,34) width 4: " "
        RenderBR {BR} at (0,0) size 0x0
        RenderTextControl {INPUT} at (2,60) size 168x25 [border: (2px inset #000000)]
        RenderText {#text} at (172,63) size 4x19
          text run at (172,63) width 4: " "
        RenderBR {BR} at (0,0) size 0x0
        RenderTextControl {INPUT} at (2,89) size 168x25 [border: (2px inset #000000)]
        RenderBR {BR} at (172,106) size 0x0
      RenderBlock {DIV} at (0,149) size 784x29
        RenderTextControl {INPUT} at (2,2) size 168x25 [border: (2px inset #000000)]
layer at (13,46) size 162x19
  RenderBlock {DIV} at (3,3) size 162x19
    RenderText {#text} at (1,0) size 117x19
      text run at (1,0) width 117: "The quick brown..."
layer at (13,75) size 162x19
  RenderBlock {DIV} at (3,3) size 162x19
    RenderText {#text} at (1,0) size 117x19
      text run at (1,0) width 117: "The quick brown..."
layer at (13,104) size 162x19
  RenderBlock {DIV} at (3,3) size 162x19
    RenderText {#text} at (1,0) size 117x19
      text run at (1,0) width 117: "The quick brown..."
layer at (13,133) size 162x19
  RenderBlock {DIV} at (3,3) size 162x19
    RenderText {#text} at (1,0) size 117x19
      text run at (1,0) width 117: "The quick brown..."
layer at (13,162) size 162x19
  RenderBlock {DIV} at (3,3) size 162x19
    RenderText {#text} at (1,0) size 117x19
      text run at (1,0) width 117: "The quick brown..."
