layer at (0,0) size 800x600
  RenderView at (0,0) size 800x600
layer at (0,0) size 800x600
  RenderBlock {HTML} at (0,0) size 800x600
    RenderBody {BODY} at (8,8) size 784x578
      RenderBlock (anonymous) at (0,0) size 784x19
        RenderText {#text} at (0,0) size 763x19
          text run at (0,0) width 763: "This test uses the new text field to test focus() and blur() and to make sure that onFocus and onBlur events fire correctly."
      RenderBlock {P} at (0,33) size 784x29
        RenderTextControl {INPUT} at (2,2) size 168x25 [border: (2px inset #000000)]
        RenderText {#text} at (172,5) size 4x19
          text run at (172,5) width 4: " "
        RenderTextControl {INPUT} at (178,2) size 168x25 [border: (2px inset #000000)]
        RenderText {#text} at (0,0) size 0x0
      RenderBlock {DIV} at (0,76) size 784x76
        RenderBR {BR} at (0,0) size 0x19
        RenderText {#text} at (0,19) size 328x19
          text run at (0,19) width 328: "Test Passed. Text field 1's onFocus event has fired."
        RenderBR {BR} at (328,33) size 0x0
        RenderText {#text} at (0,38) size 314x19
          text run at (0,38) width 314: "Test Passed. Text field 1's onBlur event has fired."
        RenderBR {BR} at (314,52) size 0x0
        RenderText {#text} at (0,57) size 328x19
          text run at (0,57) width 328: "Test Passed. Text field 2's onFocus event has fired."
      RenderBlock {P} at (0,166) size 784x0
layer at (13,46) size 162x19
  RenderBlock {DIV} at (3,3) size 162x19
    RenderText {#text} at (1,0) size 98x19
      text run at (1,0) width 98: "My Text Field 1"
layer at (189,46) size 162x19
  RenderBlock {DIV} at (3,3) size 162x19
    RenderText {#text} at (1,0) size 98x19
      text run at (1,0) width 98: "My Text Field 2"
selection start: position 0 of child 0 {#text} of child 0 {DIV} of child 3 {INPUT} of child 1 {P} of child 1 {BODY} of child 0 {HTML} of document
selection end:   position 15 of child 0 {#text} of child 0 {DIV} of child 3 {INPUT} of child 1 {P} of child 1 {BODY} of child 0 {HTML} of document
