layer at (0,0) size 800x600
  RenderView at (0,0) size 800x600
layer at (0,0) size 800x600
  RenderBlock {HTML} at (0,0) size 800x600
    RenderBody {BODY} at (8,8) size 784x584
      RenderText {#text} at (0,0) size 576x19
        text run at (0,0) width 576: "This tests that background color and background images can be set on the new text fields. "
      RenderBR {BR} at (576,14) size 0x0
      RenderTextControl {INPUT} at (2,21) size 168x25 [border: (2px inset #000000)]
      RenderText {#text} at (172,24) size 4x19
        text run at (172,24) width 4: " "
      RenderBR {BR} at (176,38) size 0x0
      RenderTextControl {INPUT} at (2,50) size 168x25 [border: (2px inset #000000)]
      RenderText {#text} at (0,0) size 0x0
      RenderText {#text} at (0,0) size 0x0
layer at (13,32) size 162x19
  RenderBlock {DIV} at (3,3) size 162x19
    RenderText {#text} at (1,0) size 127x19
      text run at (1,0) width 127: "This should be pink."
layer at (13,61) size 162x19
  RenderBlock {DIV} at (3,3) size 162x19
