layer at (0,0) size 800x600
  RenderView at (0,0) size 800x600
layer at (0,0) size 800x600
  RenderBlock {HTML} at (0,0) size 800x600
    RenderBody {BODY} at (8,8) size 784x584
      RenderText {#text} at (0,0) size 298x19
        text run at (0,0) width 298: "This tests that text fields get the right baseline. "
      RenderBR {BR} at (298,14) size 0x0
      RenderBR {BR} at (0,19) size 0x19
      RenderTextControl {INPUT} at (2,40) size 168x25 [border: (2px inset #000000)]
      RenderText {#text} at (172,43) size 418x19
        text run at (172,43) width 418: "This text should line up with the bottom of the text in the text field. "
      RenderBR {BR} at (590,57) size 0x0
      RenderBR {BR} at (0,67) size 0x19
      RenderTextControl {INPUT} at (2,88) size 168x140 [border: (2px inset #000000)]
      RenderText {#text} at (172,179) size 414x19
        text run at (172,179) width 414: "This text should line up with the bottom of the text in the text field."
layer at (13,51) size 162x19
  RenderBlock {DIV} at (3,3) size 162x19
layer at (13,99) size 162x134
  RenderBlock {DIV} at (3,3) size 162x134
