layer at (0,0) size 800x611
  RenderView at (0,0) size 800x600
layer at (0,0) size 800x611
  RenderBlock {HTML} at (0,0) size 800x611
    RenderBody {BODY} at (8,8) size 784x589
      RenderBlock (anonymous) at (0,0) size 784x19
        RenderText {#text} at (0,0) size 339x19
          text run at (0,0) width 339: "This tests the selection methods on the new text field."
      RenderBlock {P} at (0,33) size 784x29
        RenderTextControl {INPUT} at (2,2) size 168x25 [border: (2px inset #000000)]
        RenderText {#text} at (0,0) size 0x0
      RenderBlock {DIV} at (0,76) size 784x513
        RenderBR {BR} at (0,0) size 0x19
        RenderText {#text} at (0,19) size 201x19
          text run at (0,19) width 201: "Test 1: setSelectionRange(0, 0)"
        RenderBR {BR} at (201,33) size 0x0
        RenderText {#text} at (0,38) size 51x19
          text run at (0,38) width 51: "Passed."
        RenderBR {BR} at (51,52) size 0x0
        RenderBR {BR} at (0,57) size 0x19
        RenderText {#text} at (0,76) size 161x19
          text run at (0,76) width 161: "Test 2: selectionEnd = 17"
        RenderBR {BR} at (161,90) size 0x0
        RenderText {#text} at (0,95) size 51x19
          text run at (0,95) width 51: "Passed."
        RenderBR {BR} at (51,109) size 0x0
        RenderBR {BR} at (0,114) size 0x19
        RenderText {#text} at (0,133) size 158x19
          text run at (0,133) width 158: "Test 3: selectionStart = 1"
        RenderBR {BR} at (158,147) size 0x0
        RenderText {#text} at (0,152) size 51x19
          text run at (0,152) width 51: "Passed."
        RenderBR {BR} at (51,166) size 0x0
        RenderBR {BR} at (0,171) size 0x19
        RenderText {#text} at (0,190) size 209x19
          text run at (0,190) width 209: "Test 4: setSelectionRange(10, 3)"
        RenderBR {BR} at (209,204) size 0x0
        RenderText {#text} at (0,209) size 51x19
          text run at (0,209) width 51: "Passed."
        RenderBR {BR} at (51,223) size 0x0
        RenderBR {BR} at (0,228) size 0x19
        RenderText {#text} at (0,247) size 153x19
          text run at (0,247) width 153: "Test 5: selectionEnd = 2"
        RenderBR {BR} at (153,261) size 0x0
        RenderText {#text} at (0,266) size 51x19
          text run at (0,266) width 51: "Passed."
        RenderBR {BR} at (51,280) size 0x0
        RenderBR {BR} at (0,285) size 0x19
        RenderText {#text} at (0,304) size 201x19
          text run at (0,304) width 201: "Test 6: setSelectionRange(5, 4)"
        RenderBR {BR} at (201,318) size 0x0
        RenderText {#text} at (0,323) size 51x19
          text run at (0,323) width 51: "Passed."
        RenderBR {BR} at (51,337) size 0x0
        RenderBR {BR} at (0,342) size 0x19
        RenderText {#text} at (0,361) size 211x19
          text run at (0,361) width 211: "Test 7: setSelectionRange(-5, -4)"
        RenderBR {BR} at (211,375) size 0x0
        RenderText {#text} at (0,380) size 51x19
          text run at (0,380) width 51: "Passed."
        RenderBR {BR} at (51,394) size 0x0
        RenderBR {BR} at (0,399) size 0x19
        RenderText {#text} at (0,418) size 214x19
          text run at (0,418) width 214: "Test 8: setSelectionRange(-5, 80)"
        RenderBR {BR} at (214,432) size 0x0
        RenderText {#text} at (0,437) size 51x19
          text run at (0,437) width 51: "Passed."
        RenderBR {BR} at (51,451) size 0x0
        RenderBR {BR} at (0,456) size 0x19
        RenderText {#text} at (0,475) size 209x19
          text run at (0,475) width 209: "Test 9: setSelectionRange(3, 12)"
        RenderBR {BR} at (209,489) size 0x0
        RenderText {#text} at (0,494) size 51x19
          text run at (0,494) width 51: "Passed."
        RenderBR {BR} at (51,508) size 0x0
      RenderBlock {P} at (0,603) size 784x0
layer at (13,46) size 162x19 scrollWidth 166
  RenderBlock {DIV} at (3,3) size 162x19
    RenderText {#text} at (1,0) size 164x19
      text run at (1,0) width 164: "123456789 ABCDEFGHIJ"
selection start: position 3 of child 0 {#text} of child 0 {DIV} of child 1 {INPUT} of child 1 {P} of child 1 {BODY} of child 0 {HTML} of document
selection end:   position 12 of child 0 {#text} of child 0 {DIV} of child 1 {INPUT} of child 1 {P} of child 1 {BODY} of child 0 {HTML} of document
