layer at (0,0) size 800x600
  RenderView at (0,0) size 800x600
layer at (0,0) size 800x600
  RenderBlock {HTML} at (0,0) size 800x600
    RenderBody {BODY} at (8,8) size 784x584
      RenderBlock {P} at (0,0) size 784x20
        RenderText {#text} at (0,0) size 35x20
          text run at (0,0) width 35: "Test "
        RenderInline {TT} at (0,0) size 57x16
          RenderText {#text} at (35,3) size 57x16
            text run at (35,3) width 57: "<isindex>"
        RenderText {#text} at (92,0) size 142x20
          text run at (92,0) width 142: " placeholder styling."
      RenderBlock (anonymous) at (0,36) size 784x20
        RenderText {#text} at (0,0) size 258x20
          text run at (0,0) width 258: "The placeholder text should be gray:"
      RenderBlock {DIV} at (0,64) size 784x48
        RenderBlock {HR} at (0,0) size 784x2 [border: (1px inset #000000)]
        RenderBlock (anonymous) at (0,10) size 784x28
          RenderText {#text} at (0,4) size 364x20
            text run at (0,4) width 364: "This is a searchable index. Enter search keywords: "
          RenderTextControl {ISINDEX} at (366,2) size 175x24
        RenderBlock {HR} at (0,46) size 784x2 [border: (1px inset #000000)]
      RenderBlock (anonymous) at (0,120) size 784x20
        RenderText {#text} at (0,0) size 268x20
          text run at (0,0) width 268: "The placeholder text should be green:"
      RenderBlock {DIV} at (0,148) size 784x48
        RenderBlock {HR} at (0,0) size 784x2 [border: (1px inset #000000)]
        RenderBlock (anonymous) at (0,10) size 784x28
          RenderText {#text} at (0,4) size 364x20
            text run at (0,4) width 364: "This is a searchable index. Enter search keywords: "
          RenderTextControl {ISINDEX} at (366,2) size 175x24
        RenderBlock {HR} at (0,46) size 784x2 [border: (1px inset #000000)]
layer at (376,86) size 171x20
  RenderBlock {DIV} at (2,2) size 171x20 [color=#A9A9A9]
    RenderText {#text} at (1,0) size 84x20
      text run at (1,0) width 84: "placeholder"
layer at (376,170) size 171x20
  RenderBlock {DIV} at (2,2) size 171x20 [color=#008000]
    RenderText {#text} at (1,0) size 84x20
      text run at (1,0) width 84: "placeholder"
