layer at (0,0) size 800x600
  RenderView at (0,0) size 800x600
layer at (0,0) size 800x600
  RenderBlock {HTML} at (0,0) size 800x600
    RenderBody {BODY} at (8,8) size 784x584
      RenderBlock {P} at (0,0) size 784x40
        RenderText {#text} at (0,0) size 53x19
          text run at (0,0) width 53: "Test for "
        RenderInline {I} at (0,0) size 751x39
          RenderInline {A} at (0,0) size 294x19 [color=#0000EE]
            RenderText {#text} at (53,0) size 294x19
              text run at (53,0) width 294: "http://bugs.webkit.org/show_bug.cgi?id=13500"
          RenderText {#text} at (347,0) size 751x39
            text run at (347,0) width 4: " "
            text run at (351,0) width 400: "REGRESSION: Listbox scrollbar does not reflect actual scrolled"
            text run at (0,20) width 320: "position when selected option is added after layout"
        RenderText {#text} at (320,20) size 4x19
          text run at (320,20) width 4: "."
      RenderBlock {P} at (0,54) size 784x38
        RenderText {#text} at (0,0) size 776x38
          text run at (0,0) width 489: "The list box should be scrolled all the way down, showing the selected option "
          text run at (489,0) width 287: "\x{201C}Seven\x{201D}. The scroller should be at the bottom"
          text run at (0,19) width 102: "of the scroll bar "
          text run at (102,19) width 85: "to reflect this."
      RenderBlock (anonymous) at (0,106) size 784x85
        RenderListBox {SELECT} at (2,2) size 62x81 [bgcolor=#FFFFFF] [border: (1px inset #808080)]
        RenderText {#text} at (0,0) size 0x0
