layer at (0,0) size 800x600
  RenderView at (0,0) size 800x600
layer at (0,0) size 800x600
  RenderBlock {HTML} at (0,0) size 800x600
    RenderBody {BODY} at (8,8) size 784x578
      RenderBlock {P} at (0,0) size 784x20
        RenderText {#text} at (0,0) size 53x19
          text run at (0,0) width 53: "Test for "
        RenderInline {I} at (0,0) size 558x19
          RenderInline {A} at (0,0) size 294x19 [color=#0000EE]
            RenderText {#text} at (53,0) size 294x19
              text run at (53,0) width 294: "http://bugs.webkit.org/show_bug.cgi?id=11362"
          RenderText {#text} at (347,0) size 264x19
            text run at (347,0) width 4: " "
            text run at (351,0) width 260: "Native popup with size=\"1\" wraps options"
        RenderText {#text} at (611,0) size 4x19
          text run at (611,0) width 4: "."
      RenderBlock {P} at (0,34) size 784x25
        RenderText {#text} at (0,3) size 32x19
          text run at (0,3) width 32: "With "
        RenderInline {TT} at (0,0) size 51x19
          RenderText {#text} at (32,3) size 51x19
            text run at (32,3) width 51: "size=\"1\""
        RenderText {#text} at (83,3) size 8x19
          text run at (83,3) width 8: ": "
        RenderMenuList {SELECT} at (91,2) size 100x21 [bgcolor=#FFFFFF] [border: (1px solid #000000)]
          RenderBlock (anonymous) at (1,1) size 98x19
            RenderText at (0,0) size 205x19
              text run at (0,0) width 205: "Very long option that does not fit"
        RenderText {#text} at (0,0) size 0x0
      RenderBlock {P} at (0,73) size 784x25
        RenderText {#text} at (0,3) size 52x19
          text run at (0,3) width 52: "Without "
        RenderInline {TT} at (0,0) size 25x19
          RenderText {#text} at (52,3) size 25x19
            text run at (52,3) width 25: "size"
        RenderText {#text} at (77,3) size 8x19
          text run at (77,3) width 8: ": "
        RenderMenuList {SELECT} at (85,2) size 100x21 [bgcolor=#FFFFFF] [border: (1px solid #000000)]
          RenderBlock (anonymous) at (1,1) size 98x19
            RenderText at (0,0) size 205x19
              text run at (0,0) width 205: "Very long option that does not fit"
        RenderText {#text} at (0,0) size 0x0
