layer at (0,0) size 800x600
  RenderView at (0,0) size 800x600
layer at (0,0) size 800x600
  RenderBlock {HTML} at (0,0) size 800x600
    RenderBody {BODY} at (8,8) size 784x584
      RenderBlock {P} at (0,0) size 784x40
        RenderText {#text} at (0,0) size 118x19
          text run at (0,0) width 118: "Rendering test for "
        RenderInline {I} at (0,0) size 755x39
          RenderInline {A} at (0,0) size 294x19 [color=#0000EE]
            RenderText {#text} at (118,0) size 294x19
              text run at (118,0) width 294: "http://bugs.webkit.org/show_bug.cgi?id=15156"
          RenderText {#text} at (412,0) size 755x39
            text run at (412,0) width 4: " "
            text run at (416,0) width 339: "REGRESSION (r24594-r24668): The bottom of styled"
            text run at (0,20) width 211: "<select> button text is clipped out"
        RenderText {#text} at (211,20) size 4x19
          text run at (211,20) width 4: "."
      RenderBlock (anonymous) at (0,54) size 784x30
        RenderMenuList {SELECT} at (2,0) size 48x30 [bgcolor=#FFFFFF] [border: (1px solid #000000)]
          RenderBlock (anonymous) at (1,3) size 46x24
            RenderText at (0,0) size 46x25
              text run at (0,0) width 46: "Apple"
        RenderText {#text} at (0,0) size 0x0
