layer at (0,0) size 800x600
  RenderView at (0,0) size 800x600
layer at (0,0) size 800x600
  RenderBlock {HTML} at (0,0) size 800x600
    RenderBody {BODY} at (8,8) size 784x584
      RenderBlock {DIV} at (0,0) size 116x35 [bgcolor=#C3D9FF]
        RenderTable {TABLE} at (0,0) size 116x35
          RenderTableSection {TBODY} at (0,0) size 116x35
            RenderTableRow {TR} at (0,2) size 116x31
              RenderTableCell {TD} at (2,2) size 112x31 [r=0 c=0 rs=1 cs=1]
                RenderTextControl {INPUT} at (1,3) size 110x25 [border: (2px inset #000000)]
                RenderText {#text} at (0,0) size 0x0
layer at (14,16) size 104x19 scrollWidth 134
  RenderBlock {DIV} at (3,3) size 104x19
    RenderText {#text} at (1,0) size 132x19
      text run at (1,0) width 132: "Should fit in blue box"
