layer at (0,0) size 800x600
  RenderView at (0,0) size 800x600
layer at (0,0) size 800x600
  RenderBlock {HTML} at (0,0) size 800x600
    RenderBody {BODY} at (8,8) size 784x584
      RenderText {#text} at (0,0) size 332x19
        text run at (0,0) width 103: "TEST PASSED: "
        text run at (103,0) width 229: "If the popup menu only says \"Text\". "
      RenderBR {BR} at (332,14) size 0x0
      RenderText {#text} at (0,19) size 409x19
        text run at (0,19) width 97: "TEST FAILED: "
        text run at (97,19) width 312: "If the popup menu says \"document.write('Text')\". "
      RenderBR {BR} at (409,33) size 0x0
      RenderMenuList {SELECT} at (2,40) size 74x25 [bgcolor=#FFFFFF]
        RenderBlock (anonymous) at (8,4) size 42x19
          RenderText at (0,0) size 28x19
            text run at (0,0) width 28: "Text"
      RenderText {#text} at (0,0) size 0x0
      RenderText {#text} at (0,0) size 0x0
