layer at (0,0) size 800x600
  RenderView at (0,0) size 800x600
layer at (0,0) size 800x600
  RenderBlock {HTML} at (0,0) size 800x600
    RenderBody {BODY} at (8,8) size 784x584
      RenderText {#text} at (0,0) size 703x19
        text run at (0,0) width 703: "This tests that the option text is clipped properly, and doesn't spill over into the arrow part of the popup control. "
      RenderBR {BR} at (703,14) size 0x0
      RenderMenuList {SELECT} at (0,21) size 150x25 [bgcolor=#FFFFFF]
        RenderBlock (anonymous) at (8,4) size 118x19
          RenderText at (0,0) size 161x19
            text run at (0,0) width 161: "12345 6789 ABCD EFGH"
      RenderText {#text} at (0,0) size 0x0
