layer at (0,0) size 800x600
  RenderView at (0,0) size 800x600
layer at (0,0) size 800x600
  RenderBlock {HTML} at (0,0) size 800x600
    RenderBody {BODY} at (8,8) size 784x584
      RenderBlock (anonymous) at (0,0) size 784x38
        RenderText {#text} at (0,0) size 752x38
          text run at (0,0) width 752: "This test makes sure we don't crash when trying to get the index of an option element that has no corresponding select"
          text run at (0,19) width 55: "element."
      RenderBlock {DIV} at (0,38) size 784x38
        RenderText {#text} at (0,0) size 87x19
          text run at (0,0) width 87: "Test Passed. "
        RenderBR {BR} at (87,14) size 0x0
        RenderText {#text} at (0,19) size 369x19
          text run at (0,19) width 369: "Index for option element with no corresponding select is: 0"
