layer at (0,0) size 800x600
  RenderView at (0,0) size 800x600
layer at (0,0) size 800x600
  RenderBlock {HTML} at (0,0) size 800x600
    RenderBody {BODY} at (8,8) size 784x578
      RenderBlock {P} at (0,0) size 784x19
        RenderText {#text} at (0,0) size 433x19
          text run at (0,0) width 433: "If you can see the word \"Placeholder\" in the text field, then all is well."
      RenderBlock {P} at (0,33) size 784x29
        RenderTextControl {INPUT} at (2,2) size 168x25 [border: (2px inset #000000)]
layer at (13,46) size 162x19
  RenderBlock {DIV} at (3,3) size 162x19 [color=#808080]
    RenderText {#text} at (1,0) size 75x19
      text run at (1,0) width 75: "Placeholder"
