layer at (0,0) size 800x600
  RenderView at (0,0) size 800x600
layer at (0,0) size 800x600
  RenderBlock {HTML} at (0,0) size 800x600
    RenderBody {BODY} at (8,8) size 784x578
      RenderBlock {P} at (0,0) size 784x38
        RenderText {#text} at (0,0) size 683x38
          text run at (0,0) width 601: "This tests our ability to correctly select radio buttons when we have nested label tags. This test "
          text run at (601,0) width 82: "only works in"
          text run at (0,19) width 529: "DumpRenderTree. It can be tested manually outside of DRT just by clicking around."
      RenderBlock {FORM} at (0,52) size 784x38
        RenderBlock (anonymous) at (0,0) size 784x19
          RenderBlock {INPUT} at (3,4) size 12x12
          RenderInline {LABEL} at (0,0) size 170x19
            RenderText {#text} at (18,0) size 28x19
              text run at (18,0) width 28: "one "
            RenderBlock {INPUT} at (49,4) size 12x12
            RenderInline {LABEL} at (0,0) size 124x19
              RenderText {#text} at (64,0) size 26x19
                text run at (64,0) width 26: "two "
              RenderBlock {INPUT} at (93,4) size 12x12
              RenderInline {LABEL} at (0,0) size 80x19
                RenderText {#text} at (108,0) size 37x19
                  text run at (108,0) width 37: "three "
                RenderBlock {INPUT} at (148,4) size 12x12
                RenderInline {LABEL} at (0,0) size 25x19
                  RenderText {#text} at (163,0) size 25x19
                    text run at (163,0) width 25: "four"
                  RenderText {#text} at (0,0) size 0x0
        RenderBlock (anonymous) at (0,19) size 784x19
          RenderBlock {DIV} at (0,0) size 784x19
            RenderText {#text} at (0,0) size 107x19
              text run at (0,0) width 107: "Test Succeeded!"
        RenderBlock (anonymous) at (0,38) size 784x0
          RenderInline {LABEL} at (0,0) size 0x0
            RenderInline {LABEL} at (0,0) size 0x0
              RenderInline {LABEL} at (0,0) size 0x0
                RenderInline {LABEL} at (0,0) size 0x0
