layer at (0,0) size 800x600
  RenderView at (0,0) size 800x600
layer at (0,0) size 800x600
  RenderBlock {HTML} at (0,0) size 800x600
    RenderBody {BODY} at (8,8) size 784x584
      RenderBlock {P} at (0,0) size 784x19
        RenderText {#text} at (0,0) size 388x19
          text run at (0,0) width 388: "Only the second search field should have a cancel button (\x{D7})."
      RenderBlock (anonymous) at (0,33) size 784x29
        RenderTextControl {INPUT} at (2,2) size 168x25 [bgcolor=#FFFFFF] [border: (2px inset #000000)]
          RenderBlock {DIV} at (3,3) size 162x19
            RenderBlock {DIV} at (0,14) size 0x0
            RenderBlock {DIV} at (162,14) size 0x0
        RenderText {#text} at (172,5) size 4x19
          text run at (172,5) width 4: " "
        RenderTextControl {INPUT} at (178,2) size 168x25 [bgcolor=#FFFFFF] [border: (2px inset #000000)]
          RenderBlock {DIV} at (3,3) size 162x19
            RenderBlock {DIV} at (0,14) size 0x0
            RenderBlock {DIV} at (162,14) size 0x0
        RenderText {#text} at (0,0) size 0x0
layer at (13,46) size 162x19
  RenderBlock {DIV} at (0,0) size 162x19
layer at (189,46) size 162x19
  RenderBlock {DIV} at (0,0) size 162x19
    RenderText {#text} at (1,0) size 50x19
      text run at (1,0) width 50: "this one"
