layer at (0,0) size 800x600
  RenderView at (0,0) size 800x600
layer at (0,0) size 800x600
  RenderBlock {HTML} at (0,0) size 800x600
    RenderBody {BODY} at (8,8) size 784x584
      RenderText {#text} at (0,0) size 444x19
        text run at (0,0) width 444: "This tests that you can dynamically change a list box to a popup menu"
      RenderBR {BR} at (444,14) size 0x0
      RenderMenuList {SELECT} at (2,21) size 257x25 [bgcolor=#FFFFFF]
        RenderBlock (anonymous) at (8,4) size 225x19
          RenderText at (0,0) size 225x19
            text run at (0,0) width 225: "This should turn into a popup menu"
      RenderText {#text} at (0,0) size 0x0
