layer at (0,0) size 800x600
  RenderView at (0,0) size 800x600
layer at (0,0) size 800x600
  RenderBlock {HTML} at (0,0) size 800x600
    RenderBody {BODY} at (8,8) size 784x578
      RenderBlock {P} at (0,0) size 784x40
        RenderText {#text} at (0,0) size 53x19
          text run at (0,0) width 53: "Test for "
        RenderInline {I} at (0,0) size 756x39
          RenderInline {A} at (0,0) size 294x19 [color=#0000EE]
            RenderText {#text} at (53,0) size 294x19
              text run at (53,0) width 294: "http://bugs.webkit.org/show_bug.cgi?id=13896"
          RenderText {#text} at (347,0) size 756x39
            text run at (347,0) width 4: " "
            text run at (351,0) width 405: "REGRESSION (NativePopup): Reproductible crasher on Google"
            text run at (0,20) width 120: "Coop control panel"
        RenderText {#text} at (120,20) size 4x19
          text run at (120,20) width 4: "."
      RenderBlock {P} at (0,54) size 784x19
        RenderText {#text} at (0,0) size 178x19
          text run at (0,0) width 178: "No crash means SUCCESS."
