layer at (0,0) size 800x600
  RenderView at (0,0) size 800x600
layer at (0,0) size 800x600
  RenderBlock {HTML} at (0,0) size 800x600
    RenderBody {BODY} at (8,8) size 784x578
      RenderBlock {P} at (0,0) size 784x20
        RenderText {#text} at (0,0) size 53x19
          text run at (0,0) width 53: "Test for "
        RenderInline {I} at (0,0) size 639x19
          RenderInline {A} at (0,0) size 294x19 [color=#0000EE]
            RenderText {#text} at (53,0) size 294x19
              text run at (53,0) width 294: "http://bugs.webkit.org/show_bug.cgi?id=12345"
          RenderText {#text} at (347,0) size 345x19
            text run at (347,0) width 4: " "
            text run at (351,0) width 341: "REGRESSION: Disabled pop-up text is not grayed out"
        RenderText {#text} at (692,0) size 4x19
          text run at (692,0) width 4: "."
      RenderBlock {P} at (0,34) size 784x29
        RenderMenuList {SELECT} at (2,2) size 184x25 [color=#808080] [bgcolor=#FFFFFF]
          RenderBlock (anonymous) at (8,4) size 152x19
            RenderText at (0,0) size 152x19
              text run at (0,0) width 152: "This text should be gray"
        RenderText {#text} at (0,0) size 0x0
      RenderBlock {P} at (0,77) size 784x29
        RenderMenuList {SELECT} at (2,2) size 189x25 [bgcolor=#FFFFFF]
          RenderBlock (anonymous) at (8,4) size 157x19
            RenderText at (0,0) size 157x19
              text run at (0,0) width 157: "This text should be black"
        RenderText {#text} at (0,0) size 0x0
