layer at (0,0) size 800x600
  RenderView at (0,0) size 800x600
layer at (0,0) size 800x600
  RenderBlock {HTML} at (0,0) size 800x600
    RenderBody {BODY} at (8,8) size 784x584
      RenderText {#text} at (0,0) size 474x19
        text run at (0,0) width 474: "This tests that empty select controls and buttons have the correct baseline."
      RenderBR {BR} at (474,14) size 0x0
      RenderMenuList {SELECT} at (2,21) size 74x25 [bgcolor=#FFFFFF]
        RenderBlock (anonymous) at (8,4) size 42x19
          RenderBR at (0,0) size 0x19 [bgcolor=#FFFFFF]
      RenderText {#text} at (78,25) size 31x19
        text run at (78,25) width 31: " test "
      RenderMenuList {SELECT} at (111,21) size 74x25 [bgcolor=#FFFFFF]
        RenderBlock (anonymous) at (8,4) size 42x19
          RenderText at (0,0) size 23x19
            text run at (0,0) width 23: "test"
      RenderText {#text} at (187,25) size 4x19
        text run at (187,25) width 4: " "
      RenderMenuList {SELECT} at (193,22) size 76x23 [color=#00008B] [bgcolor=#ADD8E6] [border: (1px solid #00008B)]
        RenderBlock (anonymous) at (9,3) size 42x19
          RenderBR at (0,0) size 0x19 [bgcolor=#ADD8E6] [border: (1px solid #00008B)]
      RenderText {#text} at (271,25) size 31x19
        text run at (271,25) width 31: " test "
      RenderMenuList {SELECT} at (304,22) size 76x23 [color=#00008B] [bgcolor=#ADD8E6] [border: (1px solid #00008B)]
        RenderBlock (anonymous) at (9,3) size 42x19
          RenderText at (0,0) size 23x19
            text run at (0,0) width 23: "test"
      RenderText {#text} at (382,25) size 4x19
        text run at (382,25) width 4: " "
      RenderButton {BUTTON} at (388,26) size 12x28 [bgcolor=#C0C0C0]
      RenderText {#text} at (402,25) size 4x19
        text run at (402,25) width 4: " "
      RenderButton {BUTTON} at (408,21) size 31x28 [bgcolor=#C0C0C0]
        RenderBlock (anonymous) at (6,6) size 19x17
          RenderText {#text} at (0,0) size 19x17
            text run at (0,0) width 19: "test"
      RenderText {#text} at (441,25) size 4x19
        text run at (441,25) width 4: " "
      RenderButton {BUTTON} at (447,21) size 16x28 [color=#00008B] [bgcolor=#ADD8E6] [border: (2px outset #C0C0C0)]
      RenderText {#text} at (465,25) size 4x19
        text run at (465,25) width 4: " "
      RenderButton {BUTTON} at (471,21) size 39x28 [color=#00008B] [bgcolor=#ADD8E6] [border: (2px outset #C0C0C0)]
        RenderBlock (anonymous) at (8,4) size 23x19
          RenderText {#text} at (0,0) size 23x19
            text run at (0,0) width 23: "test"
      RenderText {#text} at (0,0) size 0x0
