layer at (0,0) size 800x600
  RenderView at (0,0) size 800x600
layer at (0,0) size 800x600
  RenderBlock {HTML} at (0,0) size 800x600
    RenderBody {BODY} at (8,8) size 784x584
      RenderText {#text} at (0,0) size 548x19
        text run at (0,0) width 251: "This tests that styled popups look right. "
        text run at (251,0) width 297: "(Aqua for now- later, we will honor the styling). "
      RenderBR {BR} at (0,0) size 0x0
      RenderMenuList {SELECT} at (2,21) size 76x23 [bgcolor=#FF0000] [border: (1px solid #000000)]
        RenderBlock (anonymous) at (9,3) size 42x19
          RenderText at (0,0) size 23x19
            text run at (0,0) width 23: "test"
