layer at (0,0) size 800x600
  RenderView at (0,0) size 800x600
layer at (0,0) size 800x600
  RenderBlock {HTML} at (0,0) size 800x600
    RenderBody {BODY} at (8,8) size 784x584
      RenderBlock {FORM} at (0,0) size 784x32
        RenderButton {INPUT} at (2,2) size 36x28 [bgcolor=#C0C0C0]
          RenderBlock (anonymous) at (6,6) size 24x17
            RenderText at (0,0) size 24x17
              text run at (0,0) width 24: "form"
        RenderText {#text} at (0,0) size 0x0
      RenderBlock {DIV} at (0,46) size 784x38
        RenderText {#text} at (0,0) size 764x38
          text run at (0,0) width 292: "This tests Targetted frame submission works. "
          text run at (292,0) width 472: "If the test is successful, the text \"SUCCESS\" should be shown in the iframe"
          text run at (0,19) width 41: "below."
      RenderBlock (anonymous) at (0,84) size 784x154
        RenderPartObject {IFRAME} at (0,0) size 304x154 [border: (2px inset #000000)]
          layer at (0,0) size 300x150
            RenderView at (0,0) size 300x150
          layer at (0,0) size 300x150
            RenderBlock {HTML} at (0,0) size 300x150
              RenderBody {BODY} at (8,8) size 284x128
                RenderBlock {PRE} at (0,0) size 284x19
                  RenderText {#text} at (0,0) size 66x19
                    text run at (0,0) width 66: "SUCCESS"
                    text run at (66,0) width 0: " "
        RenderText {#text} at (0,0) size 0x0
        RenderText {#text} at (0,0) size 0x0
        RenderText {#text} at (0,0) size 0x0
