layer at (0,0) size 800x600
  RenderView at (0,0) size 800x600
layer at (0,0) size 800x600
  RenderBlock {HTML} at (0,0) size 800x600
    RenderBody {BODY} at (8,8) size 784x584
      RenderText {#text} at (0,0) size 369x20
        text run at (0,0) width 369: "This tests that you can set the placeholder text color."
      RenderBR {BR} at (369,16) size 0x0
      RenderText {#text} at (184,52) size 4x20
        text run at (184,52) width 4: " "
      RenderText {#text} at (372,52) size 4x20
        text run at (372,52) width 4: " "
      RenderText {#text} at (560,52) size 4x20
        text run at (560,52) width 4: " "
      RenderText {#text} at (0,0) size 0x0
layer at (10,30) size 180x44
  RenderTextControl {TEXTAREA} at (2,22) size 180x44
    RenderBlock {DIV} at (2,2) size 176x20 [color=#640000]
      RenderText {#text} at (0,0) size 25x20
        text run at (0,0) width 25: "text"
layer at (198,30) size 180x44
  RenderTextControl {TEXTAREA} at (190,22) size 180x44
    RenderBlock {DIV} at (2,2) size 176x20 [color=#640000]
      RenderText {#text} at (0,0) size 90x20
        text run at (0,0) width 90: "disabled text"
layer at (386,30) size 180x44
  RenderTextControl {TEXTAREA} at (378,22) size 180x44
    RenderBlock {DIV} at (2,2) size 176x20 [color=#A9A9A9]
      RenderText {#text} at (0,0) size 48x20
        text run at (0,0) width 48: "default"
layer at (574,30) size 180x44
  RenderTextControl {TEXTAREA} at (566,22) size 180x44
    RenderBlock {DIV} at (2,2) size 176x20 [color=#555555]
      RenderText {#text} at (0,0) size 113x20
        text run at (0,0) width 113: "default disabled"
