layer at (0,0) size 800x600
  RenderView at (0,0) size 800x600
layer at (0,0) size 800x600
  RenderBlock {HTML} at (0,0) size 800x600
    RenderBody {BODY} at (8,8) size 784x578
      RenderBlock {P} at (0,0) size 784x19
        RenderText {#text} at (0,0) size 243x19
          text run at (0,0) width 243: "The text below should read \"Success.\""
      RenderBlock {P} at (0,33) size 784x19 [color=#008000]
        RenderText {#text} at (0,0) size 57x19
          text run at (0,0) width 57: "Success."
      RenderBlock {P} at (0,66) size 784x19
        RenderText {#text} at (0,0) size 493x19
          text run at (0,0) width 493: "Following exception was caught: Error: NOT_FOUND_ERR: DOM Exception 8"
