layer at (0,0) size 800x600
  RenderView at (0,0) size 800x600
layer at (0,0) size 800x600
  RenderBlock {HTML} at (0,0) size 800x600
    RenderBody {BODY} at (8,8) size 784x578
      RenderBlock {P} at (0,0) size 784x19 [color=#008000]
        RenderText {#text} at (0,0) size 226x19
          text run at (0,0) width 226: "Success. This text should be green."
      RenderBlock {P} at (0,33) size 784x19
        RenderText {#text} at (0,0) size 378x19
          text run at (0,0) width 378: "Caught exception: Error: SYNTAX_ERR: DOM Exception 12"
