layer at (0,0) size 800x600
  RenderView at (0,0) size 800x600
layer at (0,0) size 800x600
  RenderBlock {HTML} at (0,0) size 800x600
    RenderBody {BODY} at (8,8) size 784x578
      RenderBlock {P} at (0,0) size 784x19
        RenderText {#text} at (0,0) size 444x19
          text run at (0,0) width 444: "This text should be green and below should read \"media list is empty\"."
      RenderBlock {P} at (0,33) size 784x19
        RenderText {#text} at (0,0) size 117x19
          text run at (0,0) width 117: "media list is empty"
      RenderBlock {P} at (0,66) size 784x19
        RenderText {#text} at (0,0) size 175x19
          text run at (0,0) width 175: "Expected to fail (24.7.2005)"
