layer at (0,0) size 848x600
  RenderView at (0,0) size 800x600
layer at (0,0) size 848x600
  RenderBlock {HTML} at (0,0) size 800x600
    RenderBody {BODY} at (8,8) size 784x584
      RenderBlock {P} at (0,0) size 784x19 [color=#008000]
        RenderText {#text} at (0,0) size 380x19
          text run at (0,0) width 380: "This text should be green if viewport is narrower than 60em."
      RenderBlock {DIV} at (0,33) size 840x19 [bgcolor=#ADD8E6]
        RenderText {#text} at (0,0) size 121x19
          text run at (0,0) width 121: "div of length 60 em"
      RenderBlock {DIV} at (0,52) size 800x19 [bgcolor=#ADD8E6]
        RenderText {#text} at (0,0) size 120x19
          text run at (0,0) width 120: "div of length 800px"
