layer at (0,0) size 800x641
  RenderView at (0,0) size 800x600
layer at (0,0) size 800x641
  RenderBlock {HTML} at (0,0) size 800x600
    RenderBody {BODY} at (8,8) size 784x578
      RenderBlock {P} at (0,0) size 784x19 [color=#008000]
        RenderText {#text} at (0,0) size 322x19
          text run at (0,0) width 322: "This text should be green if height is at least 30ex ."
      RenderBlock (floating) {DIV} at (0,33) size 112x210 [bgcolor=#ADD8E6]
        RenderText {#text} at (0,0) size 112x19
          text run at (0,0) width 112: "div of height 30ex"
      RenderBlock (floating) {DIV} at (112,33) size 120x600 [bgcolor=#ADD8E6]
        RenderText {#text} at (0,0) size 120x19
          text run at (0,0) width 120: "div of height 600px"
