layer at (0,0) size 800x600
  RenderView at (0,0) size 800x600
layer at (0,0) size 800x600
  RenderBlock {HTML} at (0,0) size 800x600
    RenderBody {BODY} at (8,8) size 784x584
      RenderBlock {P} at (0,0) size 784x20
        RenderText {#text} at (0,0) size 53x20
          text run at (0,0) width 53: "Test for "
        RenderInline {I} at (0,0) size 703x20
          RenderInline {A} at (0,0) size 307x20 [color=#0000EE]
            RenderText {#text} at (53,0) size 307x20
              text run at (53,0) width 307: "https://bugs.webkit.org/show_bug.cgi?id=34946"
          RenderText {#text} at (360,0) size 396x20
            text run at (360,0) width 4: " "
            text run at (364,0) width 392: "REGRESSION: Selection painting issue in bug review textbox"
        RenderText {#text} at (756,0) size 4x20
          text run at (756,0) width 4: "."
layer at (13,44) size 126x126 clip at (16,47) size 106x120 scrollY 40 scrollHeight 160
  RenderBlock {DIV} at (5,36) size 126x126 [border: (3px solid #000000)]
    RenderBlock {DIV} at (13,13) size 86x100
    RenderBlock (anonymous) at (13,113) size 86x40
      RenderBlock {DIV} at (0,0) size 94x40
        RenderInline {SPAN} at (0,0) size 42x40
          RenderText {#text} at (0,0) size 42x20
            text run at (0,0) width 42: "Lorem"
          RenderBR {BR} at (42,15) size 0x0
          RenderText {#text} at (0,20) size 38x20
            text run at (0,20) width 38: "ipsum"
      RenderText {#text} at (0,0) size 0x0
