layer at (0,0) size 800x600
  RenderView at (0,0) size 800x600
layer at (0,0) size 800x600
  RenderBlock {HTML} at (0,0) size 800x600
    RenderBody {BODY} at (8,8) size 784x584
      RenderBlock {P} at (0,0) size 784x18
        RenderText {#text} at (0,0) size 746x18
          text run at (0,0) width 746: "This empties the last row, it should be removed. 'world!' should also be brought into the second cell of the second row."
      RenderBlock {DIV} at (0,34) size 784x52
        RenderTable {TABLE} at (0,0) size 80x52 [border: (1px outset #808080)]
          RenderTableSection {TBODY} at (1,1) size 78x50
            RenderTableRow {TR} at (0,2) size 78x22
              RenderTableCell {TD} at (2,2) size 12x22 [border: (1px inset #808080)] [r=0 c=0 rs=1 cs=1]
                RenderText {#text} at (2,2) size 8x18
                  text run at (2,2) width 8: "1"
              RenderTableCell {TD} at (16,2) size 46x22 [border: (1px inset #808080)] [r=0 c=1 rs=1 cs=1]
                RenderText {#text} at (2,2) size 8x18
                  text run at (2,2) width 8: "2"
              RenderTableCell {TD} at (64,2) size 12x22 [border: (1px inset #808080)] [r=0 c=2 rs=1 cs=1]
                RenderText {#text} at (2,2) size 8x18
                  text run at (2,2) width 8: "3"
            RenderTableRow {TR} at (0,26) size 78x22
              RenderTableCell {TD} at (2,26) size 12x22 [border: (1px inset #808080)] [r=1 c=0 rs=1 cs=1]
                RenderText {#text} at (2,2) size 8x18
                  text run at (2,2) width 8: "4"
              RenderTableCell {TD} at (16,26) size 46x22 [border: (1px inset #808080)] [r=1 c=1 rs=1 cs=1]
                RenderInline {SPAN} at (0,0) size 42x18
                  RenderText {#text} at (2,2) size 42x18
                    text run at (2,2) width 42: "world!"
              RenderTableCell {TD} at (64,26) size 12x22 [border: (1px inset #808080)] [r=1 c=2 rs=1 cs=1]
                RenderBR {BR} at (2,2) size 0x18
      RenderBlock {P} at (0,102) size 784x18
        RenderText {#text} at (0,0) size 631x18
          text run at (0,0) width 631: "This empties a the last row of the first table and the first of the second, they should both be removed."
      RenderBlock {DIV} at (0,136) size 784x104
        RenderTable {TABLE} at (0,0) size 46x52 [border: (1px outset #808080)]
          RenderTableSection {TBODY} at (1,1) size 44x50
            RenderTableRow {TR} at (0,2) size 44x22
              RenderTableCell {TD} at (2,2) size 12x22 [border: (1px inset #808080)] [r=0 c=0 rs=1 cs=1]
                RenderText {#text} at (2,2) size 8x18
                  text run at (2,2) width 8: "1"
              RenderTableCell {TD} at (16,2) size 12x22 [border: (1px inset #808080)] [r=0 c=1 rs=1 cs=1]
                RenderText {#text} at (2,2) size 8x18
                  text run at (2,2) width 8: "2"
              RenderTableCell {TD} at (30,2) size 12x22 [border: (1px inset #808080)] [r=0 c=2 rs=1 cs=1]
                RenderText {#text} at (2,2) size 8x18
                  text run at (2,2) width 8: "3"
            RenderTableRow {TR} at (0,26) size 44x22
              RenderTableCell {TD} at (2,26) size 12x22 [border: (1px inset #808080)] [r=1 c=0 rs=1 cs=1]
                RenderText {#text} at (2,2) size 8x18
                  text run at (2,2) width 8: "4"
              RenderTableCell {TD} at (16,26) size 12x22 [border: (1px inset #808080)] [r=1 c=1 rs=1 cs=1]
                RenderBR {BR} at (2,2) size 0x18
              RenderTableCell {TD} at (30,26) size 12x22 [border: (1px inset #808080)] [r=1 c=2 rs=1 cs=1]
                RenderBR {BR} at (2,2) size 0x18
        RenderTable {TABLE} at (0,52) size 46x52 [border: (1px outset #808080)]
          RenderTableSection {TBODY} at (1,1) size 44x50
            RenderTableRow {TR} at (0,2) size 44x22
              RenderTableCell {TD} at (2,2) size 12x22 [border: (1px inset #808080)] [r=0 c=0 rs=1 cs=1]
                RenderBR {BR} at (2,2) size 0x18
              RenderTableCell {TD} at (16,2) size 12x22 [border: (1px inset #808080)] [r=0 c=1 rs=1 cs=1]
                RenderBR {BR} at (2,2) size 0x18
              RenderTableCell {TD} at (30,2) size 12x22 [border: (1px inset #808080)] [r=0 c=2 rs=1 cs=1]
                RenderText {#text} at (2,2) size 8x18
                  text run at (2,2) width 8: "6"
            RenderTableRow {TR} at (0,26) size 44x22
              RenderTableCell {TD} at (2,26) size 12x22 [border: (1px inset #808080)] [r=1 c=0 rs=1 cs=1]
                RenderText {#text} at (2,2) size 8x18
                  text run at (2,2) width 8: "7"
              RenderTableCell {TD} at (16,26) size 12x22 [border: (1px inset #808080)] [r=1 c=1 rs=1 cs=1]
                RenderText {#text} at (2,2) size 8x18
                  text run at (2,2) width 8: "8"
              RenderTableCell {TD} at (30,26) size 12x22 [border: (1px inset #808080)] [r=1 c=2 rs=1 cs=1]
                RenderText {#text} at (2,2) size 8x18
                  text run at (2,2) width 8: "9"
caret: position 0 of child 0 {BR} of child 1 {TD} of child 2 {TR} of child 1 {TBODY} of child 1 {TABLE} of child 8 {DIV} of child 1 {BODY} of child 0 {HTML} of document
