layer at (0,0) size 800x600
  RenderView at (0,0) size 800x600
layer at (0,0) size 800x600
  RenderBlock {HTML} at (0,0) size 800x600
    RenderBody {BODY} at (8,8) size 784x584
      RenderBlock {P} at (0,0) size 784x20
        RenderText {#text} at (0,0) size 413x20
          text run at (0,0) width 413: "All three of these small canvases should be green, not red."
      RenderBlock (anonymous) at (0,36) size 784x24
        RenderHTMLCanvas {CANVAS} at (0,0) size 20x20
        RenderText {#text} at (20,4) size 4x20
          text run at (20,4) width 4: " "
        RenderHTMLCanvas {CANVAS} at (24,0) size 20x20
        RenderText {#text} at (44,4) size 4x20
          text run at (44,4) width 4: " "
        RenderHTMLCanvas {CANVAS} at (48,0) size 20x20
        RenderText {#text} at (0,0) size 0x0
      RenderBlock {P} at (0,76) size 784x40
        RenderText {#text} at (0,0) size 743x40
          text run at (0,0) width 743: "All three of these small canvases should be green, not red, too, but these test the Dashboard compatibility"
          text run at (0,20) width 411: "mode so they work properly only under DumpRenderTree."
      RenderBlock (anonymous) at (0,132) size 784x24
        RenderHTMLCanvas {CANVAS} at (0,0) size 20x20
        RenderText {#text} at (20,4) size 4x20
          text run at (20,4) width 4: " "
        RenderHTMLCanvas {CANVAS} at (24,0) size 20x20
        RenderText {#text} at (44,4) size 4x20
          text run at (44,4) width 4: " "
        RenderHTMLCanvas {CANVAS} at (48,0) size 20x20
        RenderText {#text} at (0,0) size 0x0
        RenderText {#text} at (0,0) size 0x0
        RenderText {#text} at (0,0) size 0x0
