layer at (0,0) size 784x701
  RenderView at (0,0) size 784x600
layer at (0,0) size 784x701
  RenderBlock {HTML} at (0,0) size 784x701
    RenderBody {BODY} at (8,16) size 768x672
      RenderBlock {P} at (0,0) size 768x40
        RenderText {#text} at (0,0) size 688x40
          text run at (0,0) width 688: "This tests that the Image JavaScript object works as expected when used in a canvas. If the test is"
          text run at (0,20) width 587: "successful, the Apple logo should appear scaled, normal and finally tiled in a circle."
      RenderBlock {DIV} at (0,56) size 768x154
        RenderHTMLCanvas {CANVAS} at (0,0) size 150x150
        RenderText {#text} at (150,134) size 129x20
          text run at (150,134) width 129: "Using drawImage."
      RenderBlock {DIV} at (0,210) size 768x154
        RenderHTMLCanvas {CANVAS} at (0,0) size 150x150
        RenderText {#text} at (150,134) size 199x20
          text run at (150,134) width 199: "Using drawImageFromRect."
      RenderBlock {DIV} at (0,364) size 768x154
        RenderHTMLCanvas {CANVAS} at (0,0) size 150x150
        RenderText {#text} at (150,134) size 145x20
          text run at (150,134) width 145: "Using ImagePattern."
      RenderBlock {DIV} at (0,518) size 768x154
        RenderHTMLCanvas {CANVAS} at (0,0) size 150x150
        RenderText {#text} at (150,134) size 233x20
          text run at (150,134) width 233: "Using ImagePattern and rotation."
      RenderBlock {PRE} at (0,685) size 768x0
