layer at (0,0) size 800x600
  RenderView at (0,0) size 800x600
layer at (0,0) size 800x468
  RenderBlock {HTML} at (0,0) size 800x468
    RenderBody {BODY} at (8,16) size 784x436
      RenderBlock {P} at (0,0) size 784x80
        RenderText {#text} at (0,0) size 783x80
          text run at (0,0) width 783: "There should be one big square below containing four squares. Top left square should be filled with 3 rows of 2"
          text run at (0,20) width 773: "and bit Apple images. Top right square should be 2 and a bit rows with one Apple image column along the left"
          text run at (0,40) width 774: "edge of the square. Bottom left square should be one row with three Apple images along the top of the square."
          text run at (0,60) width 458: "Bottom right square should be one Apple image in top left corner."
      RenderBlock {P} at (0,96) size 784x340
        RenderHTMLCanvas {CANVAS} at (0,0) size 336x336 [border: (3px solid #000000)]
