layer at (0,0) size 800x600
  RenderView at (0,0) size 800x600
layer at (0,0) size 800x416
  RenderBlock {html} at (0,0) size 800x416
    RenderBody {body} at (8,16) size 784x20
      RenderBlock {p} at (0,0) size 784x20
        RenderText {#text} at (0,0) size 467x20
          text run at (0,0) width 467: "This test case should produce a sine-wave stroked with 1px black."
    RenderBlock (anonymous) at (0,52) size 800x364
      RenderHTMLCanvas {canvas} at (0,0) size 480x360
