layer at (0,0) size 800x600
  RenderView at (0,0) size 800x600
layer at (0,0) size 800x600
  RenderBlock {HTML} at (0,0) size 800x600
    RenderBody {BODY} at (8,8) size 784x584
      RenderInline {SPAN} at (0,0) size 188x15
        RenderText {#text} at (0,0) size 188x15
          text run at (0,0) width 188: "This text should be Arial bold."
      RenderInline {SPAN} at (0,0) size 192x15
        RenderInline {SPAN} at (0,0) size 192x15
          RenderInline {DIV} at (0,0) size 192x15
            RenderText {#text} at (188,0) size 192x15
              text run at (188,0) width 192: " This text should be Arial bold."
      RenderText {#text} at (0,0) size 0x0
      RenderText {#text} at (0,0) size 0x0
caret: position 32 of child 0 {#text} of child 0 {DIV} of child 1 {SPAN} of child 0 {SPAN} of child 1 {BODY} of child 0 {HTML} of document
