layer at (0,0) size 800x600
  RenderView at (0,0) size 800x600
layer at (0,0) size 800x187
  RenderBlock {HTML} at (0,0) size 800x187
    RenderBody {BODY} at (8,8) size 784x171
      RenderBlock (anonymous) at (0,0) size 784x19
        RenderText {#text} at (0,0) size 50x19
          text run at (0,0) width 50: "Case A:"
      RenderBlock {DIV} at (0,19) size 784x19
        RenderBlock (anonymous) at (0,0) size 784x19
          RenderBlock (run-in) {DIV} at (0,0) size 0x0
            RenderText {#text} at (0,0) size 77x19
              text run at (0,0) width 77: "This should "
          RenderInline {DIV} at (0,0) size 40x19
            RenderText {#text} at (77,0) size 40x19
              text run at (77,0) width 40: "run in."
          RenderText {#text} at (0,0) size 0x0
      RenderBlock (anonymous) at (0,38) size 784x19
        RenderText {#text} at (0,0) size 50x19
          text run at (0,0) width 50: "Case B:"
      RenderBlock {DIV} at (0,57) size 784x19
        RenderBlock (anonymous) at (0,0) size 784x19
          RenderBlock (run-in) {DIV} at (0,0) size 0x0
            RenderText {#text} at (0,0) size 77x19
              text run at (0,0) width 77: "This should "
          RenderText {#text} at (77,0) size 40x19
            text run at (77,0) width 40: "run in."
      RenderBlock (anonymous) at (0,76) size 784x19
        RenderText {#text} at (0,0) size 51x19
          text run at (0,0) width 51: "Case C:"
      RenderBlock {DIV} at (0,95) size 784x19
        RenderBlock {DIV} at (0,0) size 784x19
          RenderBlock (run-in) {DIV} at (0,0) size 0x0
            RenderText {#text} at (0,0) size 77x19
              text run at (0,0) width 77: "This should "
          RenderText {#text} at (77,0) size 40x19
            text run at (77,0) width 40: "run in."
      RenderBlock (anonymous) at (0,114) size 784x19
        RenderText {#text} at (0,0) size 51x19
          text run at (0,0) width 51: "Case D:"
      RenderBlock {DIV} at (0,133) size 784x38
        RenderBlock (run-in) {DIV} at (0,0) size 784x19
          RenderText {#text} at (0,0) size 107x19
            text run at (0,0) width 107: "This should NOT"
        RenderBlock (run-in) {DIV} at (0,19) size 784x19
          RenderText {#text} at (0,0) size 40x19
            text run at (0,0) width 40: "run in."
