layer at (0,0) size 800x600
  RenderView at (0,0) size 800x600
layer at (0,0) size 800x600
  RenderBlock {HTML} at (0,0) size 800x600
    RenderBody {BODY} at (8,8) size 784x584
      RenderBlock {P} at (0,0) size 784x20
        RenderText {#text} at (0,0) size 8x20
          text run at (0,0) width 8: "x"
      RenderBlock {DIV} at (0,36) size 784x20 [color=#0000FF]
        RenderBlock {DIV} at (0,0) size 784x20
          RenderInline (generated) at (0,0) size 44x20
            RenderText at (0,0) size 44x20
              text run at (0,0) width 44: "PASS"
          RenderText {#text} at (44,0) size 238x20
            text run at (44,0) width 238: " < this should say still say \x{201C}PASS\x{201D}"
