layer at (0,0) size 800x1496
  RenderView at (0,0) size 800x600
layer at (0,0) size 800x1496
  RenderBlock {HTML} at (0,0) size 800x1496
    RenderBody {BODY} at (8,22) size 784x1466 [color=#00FF00] [bgcolor=#333333]
      RenderBlock {H1} at (0,0) size 784x41
        RenderText {#text} at (0,0) size 660x41
          text run at (0,0) width 660: "CSS2 Table Backgrounds Test Suite"
      RenderBlock {H2} at (0,63) size 784x32
        RenderText {#text} at (0,0) size 496x32
          text run at (0,0) width 496: "Part D: Background with Borders"
      RenderBlock {H3} at (0,116) size 784x24
        RenderText {#text} at (0,0) size 312x24
          text run at (0,0) width 312: "Background on 'table-cell'"
      RenderBlock {P} at (0,159) size 784x21
        RenderText {#text} at (0,0) size 210x21
          text run at (0,0) width 210: "Two cells are styled."
      RenderBlock {P} at (0,197) size 784x42
        RenderText {#text} at (0,0) size 770x42
          text run at (0,0) width 770: "There should be three aqua stripes just inside the top and left padding edges"
          text run at (0,21) width 100: "of cell E."
      RenderBlock {P} at (0,256) size 784x42
        RenderText {#text} at (0,0) size 750x42
          text run at (0,0) width 750: "There should be three aqua stripes just inside the bottom and right padding"
          text run at (0,21) width 150: "edges of Cell M"
        RenderText {#text} at (0,0) size 0x0
      RenderBlock {DL} at (0,315) size 784x126
        RenderBlock {DT} at (0,0) size 784x21
          RenderText {#text} at (0,0) size 40x21
            text run at (0,0) width 40: "next"
        RenderBlock {DD} at (40,21) size 744x21
          RenderInline {A} at (0,0) size 220x21 [color=#FFFF00]
            RenderText {#text} at (0,0) size 220x21
              text run at (0,0) width 220: "Special Tests: Opacity"
          RenderText {#text} at (0,0) size 0x0
        RenderBlock {DT} at (0,42) size 784x21
          RenderText {#text} at (0,0) size 80x21
            text run at (0,0) width 80: "previous"
        RenderBlock {DD} at (40,63) size 744x21
          RenderInline {A} at (0,0) size 530x21 [color=#FFFF00]
            RenderText {#text} at (0,0) size 530x21
              text run at (0,0) width 530: "Background with Borders: Background on 'table-column'"
          RenderText {#text} at (0,0) size 0x0
        RenderBlock {DT} at (0,84) size 784x21
          RenderText {#text} at (0,0) size 80x21
            text run at (0,0) width 80: "contents"
        RenderBlock {DD} at (40,105) size 744x21
          RenderInline {A} at (0,0) size 170x21 [color=#FFFF00]
            RenderText {#text} at (0,0) size 170x21
              text run at (0,0) width 170: "Table of Contents"
          RenderText {#text} at (0,0) size 0x0
      RenderTable {TABLE} at (0,458) size 626x490 [color=#FFFFFF] [border: (5px dotted #FFFFFF)]
        RenderBlock {CAPTION} at (0,0) size 616x24
          RenderText {#text} at (128,0) size 359x24
            text run at (128,0) width 359: "With 'border-collapse: separate'"
        RenderTableCol {COLGROUP} at (0,0) size 0x0
          RenderTableCol {COL} at (0,0) size 0x0
          RenderTableCol {COL} at (0,0) size 0x0
          RenderTableCol {COL} at (0,0) size 0x0
        RenderTableCol {COLGROUP} at (0,0) size 0x0
          RenderTableCol {COL} at (0,0) size 0x0
        RenderTableSection {THEAD} at (5,29) size 616x114
          RenderTableRow {TR} at (0,7) size 616x100
            RenderTableCell {TH} at (7,43) size 130x28 [border: (1px dotted #FFFFFF)] [r=0 c=0 rs=1 cs=1]
              RenderText {#text} at (41,2) size 47x24
                text run at (41,2) width 47: "TH A"
            RenderTableCell {TH} at (144,31) size 220x52 [border: (13px dotted #FFFFFF)] [r=0 c=1 rs=1 cs=1]
              RenderText {#text} at (86,14) size 47x24
                text run at (86,14) width 47: "TH B"
            RenderTableCell {TH} at (371,43) size 118x28 [border: (1px dotted #FFFFFF)] [r=0 c=2 rs=1 cs=1]
              RenderText {#text} at (36,2) size 46x24
                text run at (36,2) width 46: "TH C"
            RenderTableCell {TH} at (496,43) size 113x28 [border: (1px dotted #FFFFFF)] [r=0 c=3 rs=1 cs=1]
              RenderText {#text} at (32,2) size 48x24
                text run at (32,2) width 48: "TH D"
        RenderTableSection {TFOOT} at (5,356) size 616x129
          RenderTableRow {TR} at (0,7) size 616x115
            RenderTableCell {TD} at (7,50) size 357x28 [bgcolor=#000000] [border: (1px dotted #FFFFFF)] [r=0 c=0 rs=1 cs=2]
              RenderText {#text} at (2,2) size 55x24
                text run at (2,2) width 55: "TD M"
            RenderTableCell {TD} at (371,50) size 118x28 [border: (1px dotted #FFFFFF)] [r=0 c=2 rs=1 cs=1]
              RenderText {#text} at (2,2) size 52x24
                text run at (2,2) width 52: "TD O"
            RenderTableCell {TD} at (496,50) size 113x28 [border: (1px dotted #FFFFFF)] [r=0 c=3 rs=1 cs=1]
              RenderText {#text} at (2,2) size 50x24
                text run at (2,2) width 50: "TD P"
        RenderTableSection {TBODY} at (5,143) size 616x213
          RenderTableRow {TR} at (0,7) size 616x108
            RenderTableCell {TD} at (7,80) size 130x52 [bgcolor=#000000] [border: (13px dotted #FFFFFF)] [r=0 c=0 rs=2 cs=1]
              RenderText {#text} at (14,14) size 49x24
                text run at (14,14) width 49: "TD E"
            RenderTableCell {TD} at (144,47) size 220x28 [border: (1px dotted #FFFFFF)] [r=0 c=1 rs=1 cs=1]
              RenderText {#text} at (2,2) size 49x24
                text run at (2,2) width 49: "TD F"
            RenderTableCell {TD} at (371,47) size 118x28 [border: (1px dotted #FFFFFF)] [r=0 c=2 rs=1 cs=1]
              RenderText {#text} at (2,2) size 52x24
                text run at (2,2) width 52: "TD G"
            RenderTableCell {TD} at (496,47) size 113x28 [border: (1px dotted #FFFFFF)] [r=0 c=3 rs=1 cs=1]
              RenderText {#text} at (2,2) size 52x24
                text run at (2,2) width 52: "TD H"
          RenderTableRow {TR} at (0,122) size 616x84
            RenderTableCell {TD} at (144,150) size 220x28 [border: (1px dotted #FFFFFF)] [r=1 c=1 rs=1 cs=1]
              RenderText {#text} at (2,2) size 45x24
                text run at (2,2) width 45: "TD J"
            RenderTableCell {TD} at (371,150) size 118x28 [border: (1px dotted #FFFFFF)] [r=1 c=2 rs=1 cs=1]
              RenderText {#text} at (2,2) size 51x24
                text run at (2,2) width 51: "TD K"
            RenderTableCell {TD} at (496,150) size 113x28 [border: (1px dotted #FFFFFF)] [r=1 c=3 rs=1 cs=1]
              RenderText {#text} at (2,2) size 48x24
                text run at (2,2) width 48: "TD L"
      RenderTable {TABLE} at (0,948) size 586x440 [color=#FFFFFF] [border: (6px dotted #FFFFFF)]
        RenderBlock {CAPTION} at (0,0) size 581x24
          RenderText {#text} at (114,0) size 352x24
            text run at (114,0) width 352: "With 'border-collapse: collapse'"
        RenderTableCol {COLGROUP} at (0,0) size 0x0
          RenderTableCol {COL} at (0,0) size 0x0
          RenderTableCol {COL} at (0,0) size 0x0
          RenderTableCol {COL} at (0,0) size 0x0
        RenderTableCol {COLGROUP} at (0,0) size 0x0
          RenderTableCol {COL} at (0,0) size 0x0
        RenderTableSection {THEAD} at (2,30) size 581x101
          RenderTableRow {TR} at (0,0) size 581x101
            RenderTableCell {TH} at (0,33) size 137x35 [border: (3px dotted #FFFFFF)] [r=0 c=0 rs=1 cs=1]
              RenderText {#text} at (43,4) size 47x24
                text run at (43,4) width 47: "TH A"
            RenderTableCell {TH} at (137,31) size 207x39 [border: (7px dotted #FFFFFF)] [r=0 c=1 rs=1 cs=1]
              RenderText {#text} at (80,8) size 47x24
                text run at (80,8) width 47: "TH B"
            RenderTableCell {TH} at (344,36) size 123x29 [border: (3px dotted #FFFFFF)] [r=0 c=2 rs=1 cs=1]
              RenderText {#text} at (42,4) size 46x24
                text run at (42,4) width 46: "TH C"
            RenderTableCell {TH} at (467,36) size 114x29 [border: (3px dotted #FFFFFF)] [r=0 c=3 rs=1 cs=1]
              RenderText {#text} at (32,4) size 48x24
                text run at (32,4) width 48: "TH D"
        RenderTableSection {TFOOT} at (2,321) size 581x116
          RenderTableRow {TR} at (0,0) size 581x116
            RenderTableCell {TD} at (0,40) size 344x35 [bgcolor=#000000] [border: (7px dotted #FFFFFF)] [r=0 c=0 rs=1 cs=2]
              RenderText {#text} at (4,8) size 55x24
                text run at (4,8) width 55: "TD M"
            RenderTableCell {TD} at (344,43) size 123x29 [border: (1px dotted #FFFFFF)] [r=0 c=2 rs=1 cs=1]
              RenderText {#text} at (2,2) size 52x24
                text run at (2,2) width 52: "TD O"
            RenderTableCell {TD} at (467,43) size 114x29 [border: (1px dotted #FFFFFF)] [r=0 c=3 rs=1 cs=1]
              RenderText {#text} at (2,2) size 50x24
                text run at (2,2) width 50: "TD P"
        RenderTableSection {TBODY} at (2,131) size 581x190
          RenderTableRow {TR} at (0,0) size 581x107
            RenderTableCell {TD} at (0,75) size 137x39 [bgcolor=#000000] [border: (7px dotted #FFFFFF)] [r=0 c=0 rs=2 cs=1]
              RenderText {#text} at (8,8) size 49x24
                text run at (8,8) width 49: "TD E"
            RenderTableCell {TD} at (137,37) size 207x33 [border: (7px dotted #FFFFFF)] [r=0 c=1 rs=1 cs=1]
              RenderText {#text} at (8,8) size 49x24
                text run at (8,8) width 49: "TD F"
            RenderTableCell {TD} at (344,40) size 123x27 [border: (1px dotted #FFFFFF)] [r=0 c=2 rs=1 cs=1]
              RenderText {#text} at (2,2) size 52x24
                text run at (2,2) width 52: "TD G"
            RenderTableCell {TD} at (467,40) size 114x27 [border: (1px dotted #FFFFFF)] [r=0 c=3 rs=1 cs=1]
              RenderText {#text} at (2,2) size 52x24
                text run at (2,2) width 52: "TD H"
          RenderTableRow {TR} at (0,107) size 581x83
            RenderTableCell {TD} at (137,135) size 207x27 [border: (1px dotted #FFFFFF)] [r=1 c=1 rs=1 cs=1]
              RenderText {#text} at (8,2) size 45x24
                text run at (8,2) width 45: "TD J"
            RenderTableCell {TD} at (344,135) size 123x27 [border: (1px dotted #FFFFFF)] [r=1 c=2 rs=1 cs=1]
              RenderText {#text} at (2,2) size 51x24
                text run at (2,2) width 51: "TD K"
            RenderTableCell {TD} at (467,135) size 114x27 [border: (1px dotted #FFFFFF)] [r=1 c=3 rs=1 cs=1]
              RenderText {#text} at (2,2) size 48x24
                text run at (2,2) width 48: "TD L"
      RenderBlock {DIV} at (0,1388) size 784x36
        RenderInline {A} at (0,0) size 88x21 [color=#FFFF00]
          RenderImage {IMG} at (0,0) size 88x31
        RenderText {#text} at (0,0) size 0x0
      RenderBlock {ADDRESS} at (0,1424) size 784x42
        RenderText {#text} at (0,0) size 660x42
          text run at (0,0) width 660: "CSS2 Table Backgrounds Test Suite designed and written by fantasai"
          text run at (0,21) width 210: "<fantasai@escape.com>"
