layer at (0,0) size 1928x1999
  RenderView at (0,0) size 800x600
layer at (0,0) size 1928x1999
  RenderBlock {HTML} at (0,0) size 800x1999
    RenderBody {BODY} at (8,22) size 784x1960 [color=#00FF00] [bgcolor=#333333]
      RenderBlock {H1} at (0,0) size 784x41
        RenderText {#text} at (0,0) size 660x41
          text run at (0,0) width 660: "CSS2 Table Backgrounds Test Suite"
      RenderBlock {H2} at (0,63) size 784x32
        RenderText {#text} at (0,0) size 336x32
          text run at (0,0) width 336: "Part E: Special Tests"
      RenderBlock {H3} at (0,116) size 784x24
        RenderText {#text} at (0,0) size 204x24
          text run at (0,0) width 204: "Fixed Backgrounds"
      RenderBlock {UL} at (0,159) size 784x105
        RenderListItem {LI} at (40,0) size 744x63
          RenderListMarker at (-18,0) size 7x21: bullet
          RenderText {#text} at (0,0) size 710x63
            text run at (0,0) width 690: "If you scroll the table over the top left corner of the viewport, the"
            text run at (0,21) width 710: "first, second, and fourth rows as well as cell L should reveal a purple"
            text run at (0,42) width 630: "and aqua band forming a 90-degree angle in the top left corner."
        RenderListItem {LI} at (40,63) size 744x42
          RenderListMarker at (-18,0) size 7x21: bullet
          RenderText {#text} at (0,0) size 730x42
            text run at (0,0) width 730: "Cells A and P should have a rainbow background that seems attached to the"
            text run at (0,21) width 90: "viewport."
      RenderBlock {DL} at (0,281) size 784x84
        RenderBlock {DT} at (0,0) size 784x21
          RenderText {#text} at (0,0) size 80x21
            text run at (0,0) width 80: "previous"
        RenderBlock {DD} at (40,21) size 744x21
          RenderInline {A} at (0,0) size 220x21 [color=#FFFF00]
            RenderText {#text} at (0,0) size 220x21
              text run at (0,0) width 220: "Special Tests: opacity"
          RenderText {#text} at (0,0) size 0x0
        RenderBlock {DT} at (0,42) size 784x21
          RenderText {#text} at (0,0) size 80x21
            text run at (0,0) width 80: "contents"
        RenderBlock {DD} at (40,63) size 744x21
          RenderInline {A} at (0,0) size 170x21 [color=#FFFF00]
            RenderText {#text} at (0,0) size 170x21
              text run at (0,0) width 170: "Table of Contents"
          RenderText {#text} at (0,0) size 0x0
      RenderTable {TABLE} at (0,382) size 618x482 [color=#000000] [bgcolor=#FFFFFF] [border: (1px dotted #000000)]
        RenderBlock {CAPTION} at (0,0) size 616x24 [color=#FFFFFF]
          RenderText {#text} at (128,0) size 359x24
            text run at (128,0) width 359: "With 'border-collapse: separate'"
        RenderTableCol {COLGROUP} at (0,0) size 0x0
          RenderTableCol {COL} at (0,0) size 0x0
          RenderTableCol {COL} at (0,0) size 0x0
          RenderTableCol {COL} at (0,0) size 0x0
        RenderTableCol {COLGROUP} at (0,0) size 0x0
          RenderTableCol {COL} at (0,0) size 0x0
        RenderTableSection {THEAD} at (1,25) size 616x114
          RenderTableRow {TR} at (0,7) size 616x100
            RenderTableCell {TH} at (7,43) size 130x28 [border: (1px dotted #000000)] [r=0 c=0 rs=1 cs=1]
              RenderText {#text} at (41,2) size 47x24
                text run at (41,2) width 47: "TH A"
            RenderTableCell {TH} at (144,31) size 220x52 [border: (13px dotted #000000)] [r=0 c=1 rs=1 cs=1]
              RenderText {#text} at (86,14) size 47x24
                text run at (86,14) width 47: "TH B"
            RenderTableCell {TH} at (371,55) size 118x4 [border: (1px dotted #000000)] [r=0 c=2 rs=1 cs=1]
            RenderTableCell {TH} at (496,43) size 113x28 [border: (1px dotted #000000)] [r=0 c=3 rs=1 cs=1]
              RenderText {#text} at (32,2) size 48x24
                text run at (32,2) width 48: "TH D"
        RenderTableSection {TFOOT} at (1,352) size 616x129
          RenderTableRow {TR} at (0,7) size 616x115
            RenderTableCell {TD} at (7,50) size 357x28 [border: (1px dotted #000000)] [r=0 c=0 rs=1 cs=2]
              RenderText {#text} at (2,2) size 55x24
                text run at (2,2) width 55: "TD M"
            RenderTableCell {TD} at (371,50) size 118x28 [border: (1px dotted #000000)] [r=0 c=2 rs=1 cs=1]
              RenderText {#text} at (2,2) size 52x24
                text run at (2,2) width 52: "TD O"
            RenderTableCell {TD} at (496,50) size 113x28 [border: (1px dotted #000000)] [r=0 c=3 rs=1 cs=1]
              RenderText {#text} at (2,2) size 50x24
                text run at (2,2) width 50: "TD P"
        RenderTableSection {TBODY} at (1,139) size 616x213
          RenderTableRow {TR} at (0,7) size 616x108
            RenderTableCell {TD} at (7,80) size 130x52 [border: (13px dotted #000000)] [r=0 c=0 rs=2 cs=1]
              RenderText {#text} at (14,14) size 49x24
                text run at (14,14) width 49: "TD E"
            RenderTableCell {TD} at (144,47) size 220x28 [border: (1px dotted #000000)] [r=0 c=1 rs=1 cs=1]
              RenderText {#text} at (2,2) size 49x24
                text run at (2,2) width 49: "TD F"
            RenderTableCell {TD} at (371,47) size 118x28 [border: (1px dotted #000000)] [r=0 c=2 rs=1 cs=1]
              RenderText {#text} at (2,2) size 52x24
                text run at (2,2) width 52: "TD G"
            RenderTableCell {TD} at (496,47) size 113x28 [border: (1px dotted #000000)] [r=0 c=3 rs=1 cs=1]
              RenderText {#text} at (2,2) size 52x24
                text run at (2,2) width 52: "TD H"
          RenderTableRow {TR} at (0,122) size 616x84
            RenderTableCell {TD} at (144,150) size 220x28 [border: (1px dotted #000000)] [r=1 c=1 rs=1 cs=1]
              RenderText {#text} at (2,2) size 45x24
                text run at (2,2) width 45: "TD J"
            RenderTableCell {TD} at (371,150) size 118x28 [border: (1px dotted #000000)] [r=1 c=2 rs=1 cs=1]
              RenderText {#text} at (2,2) size 51x24
                text run at (2,2) width 51: "TD K"
            RenderTableCell {TD} at (496,150) size 113x28 [border: (1px dotted #000000)] [r=1 c=3 rs=1 cs=1]
              RenderText {#text} at (2,2) size 48x24
                text run at (2,2) width 48: "TD L"
      RenderTable {TABLE} at (0,864) size 578x434 [color=#000000] [bgcolor=#FFFFFF] [border: (6px dotted #000000)]
        RenderBlock {CAPTION} at (0,0) size 577x24 [color=#FFFFFF]
          RenderText {#text} at (112,0) size 352x24
            text run at (112,0) width 352: "With 'border-collapse: collapse'"
        RenderTableCol {COLGROUP} at (0,0) size 0x0
          RenderTableCol {COL} at (0,0) size 0x0
          RenderTableCol {COL} at (0,0) size 0x0
          RenderTableCol {COL} at (0,0) size 0x0
        RenderTableCol {COLGROUP} at (0,0) size 0x0
          RenderTableCol {COL} at (0,0) size 0x0
        RenderTableSection {THEAD} at (0,30) size 577x99
          RenderTableRow {TR} at (0,0) size 577x99
            RenderTableCell {TH} at (0,33) size 135x33 [border: (1px dotted #000000)] [r=0 c=0 rs=1 cs=1]
              RenderText {#text} at (41,2) size 47x24
                text run at (41,2) width 47: "TH A"
            RenderTableCell {TH} at (135,30) size 207x39 [border: (7px dotted #000000)] [r=0 c=1 rs=1 cs=1]
              RenderText {#text} at (80,8) size 47x24
                text run at (80,8) width 47: "TH B"
            RenderTableCell {TH} at (342,48) size 123x3 [border: (1px dotted #000000)] [r=0 c=2 rs=1 cs=1]
            RenderTableCell {TH} at (465,36) size 112x27 [border: (1px dotted #000000)] [r=0 c=3 rs=1 cs=1]
              RenderText {#text} at (32,2) size 48x24
                text run at (32,2) width 48: "TH D"
        RenderTableSection {TFOOT} at (0,319) size 577x114
          RenderTableRow {TR} at (0,0) size 577x114
            RenderTableCell {TD} at (0,40) size 342x33 [border: (7px dotted #000000)] [r=0 c=0 rs=1 cs=2]
              RenderText {#text} at (2,8) size 55x24
                text run at (2,8) width 55: "TD M"
            RenderTableCell {TD} at (342,43) size 123x27 [border: (1px dotted #000000)] [r=0 c=2 rs=1 cs=1]
              RenderText {#text} at (2,2) size 52x24
                text run at (2,2) width 52: "TD O"
            RenderTableCell {TD} at (465,43) size 112x27 [border: (1px dotted #000000)] [r=0 c=3 rs=1 cs=1]
              RenderText {#text} at (2,2) size 50x24
                text run at (2,2) width 50: "TD P"
        RenderTableSection {TBODY} at (0,129) size 577x190
          RenderTableRow {TR} at (0,0) size 577x107
            RenderTableCell {TD} at (0,75) size 135x39 [border: (7px dotted #000000)] [r=0 c=0 rs=2 cs=1]
              RenderText {#text} at (8,8) size 49x24
                text run at (8,8) width 49: "TD E"
            RenderTableCell {TD} at (135,37) size 207x33 [border: (7px dotted #000000)] [r=0 c=1 rs=1 cs=1]
              RenderText {#text} at (8,8) size 49x24
                text run at (8,8) width 49: "TD F"
            RenderTableCell {TD} at (342,40) size 123x27 [border: (1px dotted #000000)] [r=0 c=2 rs=1 cs=1]
              RenderText {#text} at (2,2) size 52x24
                text run at (2,2) width 52: "TD G"
            RenderTableCell {TD} at (465,40) size 112x27 [border: (1px dotted #000000)] [r=0 c=3 rs=1 cs=1]
              RenderText {#text} at (2,2) size 52x24
                text run at (2,2) width 52: "TD H"
          RenderTableRow {TR} at (0,107) size 577x83
            RenderTableCell {TD} at (135,135) size 207x27 [border: (1px dotted #000000)] [r=1 c=1 rs=1 cs=1]
              RenderText {#text} at (8,2) size 45x24
                text run at (8,2) width 45: "TD J"
            RenderTableCell {TD} at (342,135) size 123x27 [border: (1px dotted #000000)] [r=1 c=2 rs=1 cs=1]
              RenderText {#text} at (2,2) size 51x24
                text run at (2,2) width 51: "TD K"
            RenderTableCell {TD} at (465,135) size 112x27 [border: (1px dotted #000000)] [r=1 c=3 rs=1 cs=1]
              RenderText {#text} at (2,2) size 48x24
                text run at (2,2) width 48: "TD L"
      RenderBlock {DIV} at (0,1298) size 784x36
        RenderInline {A} at (0,0) size 88x21 [color=#FFFF00]
          RenderImage {IMG} at (0,0) size 88x31
        RenderText {#text} at (0,0) size 0x0
      RenderBlock {ADDRESS} at (0,1334) size 784x42
        RenderText {#text} at (0,0) size 660x42
          text run at (0,0) width 660: "CSS2 Table Backgrounds Test Suite designed and written by fantasai"
          text run at (0,21) width 210: "<fantasai@escape.com>"
      RenderBlock {PRE} at (0,1393) size 784x567
        RenderText {#text} at (0,0) size 1920x567
          text run at (0,0) width 1920: "................................................................................................................................................................................................"
          text run at (1920,0) width 0: " "
          text run at (0,21) width 10: "."
          text run at (10,21) width 0: " "
          text run at (0,42) width 10: "."
          text run at (10,42) width 0: " "
          text run at (0,63) width 10: "."
          text run at (10,63) width 0: " "
          text run at (0,84) width 10: "."
          text run at (10,84) width 0: " "
          text run at (0,105) width 10: "."
          text run at (10,105) width 0: " "
          text run at (0,126) width 10: "."
          text run at (10,126) width 0: " "
          text run at (0,147) width 10: "."
          text run at (10,147) width 0: " "
          text run at (0,168) width 10: "."
          text run at (10,168) width 0: " "
          text run at (0,189) width 10: "."
          text run at (10,189) width 0: " "
          text run at (0,210) width 10: "."
          text run at (10,210) width 0: " "
          text run at (0,231) width 10: "."
          text run at (10,231) width 0: " "
          text run at (0,252) width 10: "."
          text run at (10,252) width 0: " "
          text run at (0,273) width 10: "."
          text run at (10,273) width 0: " "
          text run at (0,294) width 10: "."
          text run at (10,294) width 0: " "
          text run at (0,315) width 10: "."
          text run at (10,315) width 0: " "
          text run at (0,336) width 10: "."
          text run at (10,336) width 0: " "
          text run at (0,357) width 10: "."
          text run at (10,357) width 0: " "
          text run at (0,378) width 10: "."
          text run at (10,378) width 0: " "
          text run at (0,399) width 10: "."
          text run at (10,399) width 0: " "
          text run at (0,420) width 10: "."
          text run at (10,420) width 0: " "
          text run at (0,441) width 10: "."
          text run at (10,441) width 0: " "
          text run at (0,462) width 10: "."
          text run at (10,462) width 0: " "
          text run at (0,483) width 10: "."
          text run at (10,483) width 0: " "
          text run at (0,504) width 10: "."
          text run at (10,504) width 0: " "
          text run at (0,525) width 10: "."
          text run at (10,525) width 0: " "
          text run at (0,546) width 10: "."
          text run at (10,546) width 0: " "
