layer at (0,0) size 800x671
  RenderView at (0,0) size 800x600
layer at (0,0) size 800x671
  RenderBlock {HTML} at (0,0) size 800x460
    RenderBody {BODY} at (8,8) size 784x444
      RenderTable {TABLE} at (0,0) size 205x444 [border: (1px outset #808080)]
        RenderBlock {CAPTION} at (0,0) size 203x206 [border: (3px solid #FFA500)]
          RenderText {#text} at (72,3) size 58x33
            text run at (72,3) width 58: "cap"
        RenderTableSection {TBODY} at (1,207) size 203x236
          RenderTableRow {TR} at (0,30) size 203x44
            RenderTableCell {TD} at (30,44) size 59x16 [border: (1px inset #808080)] [r=0 c=0 rs=1 cs=1]
              RenderText {#text} at (1,1) size 21x14
                text run at (1,1) width 21: "foo"
            RenderTableCell {TD} at (119,30) size 54x44 [border: (1px inset #808080)] [r=0 c=1 rs=1 cs=1]
              RenderText {#text} at (1,1) size 21x14
                text run at (1,1) width 21: "bar"
              RenderBR {BR} at (22,1) size 0x14
              RenderText {#text} at (1,15) size 23x14
                text run at (1,15) width 23: "baz"
              RenderBR {BR} at (24,15) size 0x14
              RenderText {#text} at (1,29) size 23x14
                text run at (1,29) width 23: "zap"
          RenderTableRow {TR} at (0,104) size 203x102
            RenderTableCell {TD} at (30,104) size 59x101 [border: (1px inset #808080)] [r=1 c=0 rs=1 cs=1]
              RenderText {#text} at (1,1) size 57x99
                text run at (1,1) width 51: "foo"
                text run at (1,34) width 53: "bar"
                text run at (1,67) width 57: "baz"
            RenderTableCell {TD} at (119,152) size 54x54 [border: (1px inset #808080)] [r=1 c=1 rs=1 cs=1]
              RenderBlock {DIV} at (1,1) size 52x52 [border: (1px solid #008000)]
                RenderBlock {DIV} at (1,1) size 402x302 [border: (1px solid #FF0000)]
                  RenderText {#text} at (1,1) size 20x33
                    text run at (1,1) width 20: "d"
