layer at (0,0) size 800x600
  RenderView at (0,0) size 800x600
layer at (0,0) size 800x400
  RenderBlock {HTML} at (0,0) size 800x159
    RenderBody {BODY} at (8,8) size 784x143
      RenderTable {TABLE} at (0,0) size 200x143 [border: (1px outset #808080)]
        RenderBlock {CAPTION} at (0,0) size 198x39 [border: (3px solid #FFA500)]
          RenderText {#text} at (70,3) size 58x33
            text run at (70,3) width 58: "cap"
        RenderTableSection {TBODY} at (1,40) size 198x102
          RenderTableRow {TR} at (0,0) size 198x102
            RenderTableCell {TD} at (0,17) size 144x68 [border: (1px inset #808080)] [r=0 c=0 rs=1 cs=1]
              RenderText {#text} at (1,1) size 114x66
                text run at (1,1) width 114: "foo bar"
                text run at (1,34) width 57: "baz"
            RenderTableCell {TD} at (144,48) size 54x54 [border: (1px inset #808080)] [r=0 c=1 rs=1 cs=1]
              RenderBlock {DIV} at (1,1) size 52x52 [border: (1px solid #008000)]
                RenderBlock {DIV} at (1,1) size 402x302 [border: (1px solid #FF0000)]
                  RenderText {#text} at (1,1) size 20x33
                    text run at (1,1) width 20: "d"
