layer at (0,0) size 818x908
  RenderView at (0,0) size 800x600
layer at (0,0) size 818x908
  RenderBlock {HTML} at (0,0) size 800x908
    RenderBody {BODY} at (8,8) size 784x892 [bgcolor=#008000]
      RenderBlock {P} at (0,0) size 784x18
        RenderText {#text} at (0,0) size 481x18
          text run at (0,0) width 481: "The style declarations which apply to the text below are:"
      RenderBlock {PRE} at (0,35) size 784x84
        RenderText {#text} at (0,0) size 810x84
          text run at (0,0) width 810: "BODY {background: green url(../resources/oransqr.gif) repeat-x center top fixed;}"
          text run at (810,0) width 0: " "
          text run at (0,21) width 710: ".one {background: lime url(../resources/oransqr.gif) repeat-y 100% 0%;}"
          text run at (710,21) width 0: " "
          text run at (0,42) width 740: ".two {background: lime url(../resources/oransqr.gif) repeat-y center top;}"
          text run at (740,42) width 0: " "
          text run at (0,63) width 740: ".three {background: lime url(../resources/oransqr.gif) repeat-x left top;}"
          text run at (740,63) width 0: " "
      RenderBlock {HR} at (0,136) size 784x2 [border: (1px inset #000000)]
      RenderBlock {P} at (0,155) size 784x75
        RenderText {#text} at (0,0) size 750x39
          text run at (0,0) width 750: "This document should have a green background with an orange strip running across the"
          text run at (0,21) width 243: "entire top of the page, since "
        RenderInline {CODE} at (0,0) size 80x21
          RenderText {#text} at (243,18) size 80x21
            text run at (243,18) width 80: "repeat-x"
        RenderText {#text} at (323,21) size 767x54
          text run at (323,21) width 399: " indicates tiling in both directions of the x-axis."
          text run at (0,39) width 404: "Furthermore, the strip should be fixed in place. "
          text run at (404,39) width 363: "I'll have to add extra text at the end of this"
          text run at (0,57) width 433: "page to make it long enough to scroll conveniently."
      RenderBlock {P} at (0,247) size 784x72 [bgcolor=#00FF00]
        RenderText {#text} at (0,0) size 783x72
          text run at (0,0) width 768: "This paragraph should have a lime background and an orange strip which starts at the top"
          text run at (0,18) width 253: "right and runs to the bottom. "
          text run at (253,18) width 461: "Therefore, extra text would be in order, so that we can"
          text run at (0,36) width 735: "intelligently evaluate the performance of your browser in handling these declarations. "
          text run at (735,36) width 48: "Hey, I"
          text run at (0,54) width 359: "didn't say the page would be pretty, did I?"
      RenderBlock {P} at (0,336) size 784x72 [bgcolor=#00FF00]
        RenderText {#text} at (0,0) size 783x72
          text run at (0,0) width 735: "This paragraph should have a lime background and an orange strip which starts at the"
          text run at (0,18) width 299: "center top and runs to the bottom. "
          text run at (299,18) width 461: "Therefore, extra text would be in order, so that we can"
          text run at (0,36) width 735: "intelligently evaluate the performance of your browser in handling these declarations. "
          text run at (735,36) width 48: "Hey, I"
          text run at (0,54) width 359: "didn't say the page would be pretty, did I?"
      RenderBlock {P} at (0,425) size 784x72 [bgcolor=#00FF00]
        RenderText {#text} at (0,0) size 783x72
          text run at (0,0) width 768: "This paragraph should have a lime background and an orange strip which starts at the top"
          text run at (0,18) width 252: "left and runs to the top right. "
          text run at (252,18) width 461: "Therefore, extra text would be in order, so that we can"
          text run at (0,36) width 735: "intelligently evaluate the performance of your browser in handling these declarations. "
          text run at (735,36) width 48: "Hey, I"
          text run at (0,54) width 359: "didn't say the page would be pretty, did I?"
      RenderTable {TABLE} at (0,514) size 784x378 [border: (1px outset #808080)]
        RenderTableSection {TBODY} at (1,1) size 782x376
          RenderTableRow {TR} at (0,0) size 782x26
            RenderTableCell {TD} at (0,0) size 782x26 [bgcolor=#C0C0C0] [border: (1px inset #808080)] [r=0 c=0 rs=1 cs=2]
              RenderInline {STRONG} at (0,0) size 214x18
                RenderText {#text} at (4,4) size 214x18
                  text run at (4,4) width 214: "TABLE Testing Section"
          RenderTableRow {TR} at (0,26) size 782x350
            RenderTableCell {TD} at (0,188) size 13x26 [bgcolor=#C0C0C0] [border: (1px inset #808080)] [r=1 c=0 rs=1 cs=1]
              RenderText {#text} at (4,4) size 5x18
                text run at (4,4) width 5: " "
            RenderTableCell {TD} at (13,26) size 769x350 [border: (1px inset #808080)] [r=1 c=1 rs=1 cs=1]
              RenderBlock {P} at (4,4) size 761x75
                RenderText {#text} at (0,0) size 750x39
                  text run at (0,0) width 750: "This document should have a green background with an orange strip running across the"
                  text run at (0,21) width 243: "entire top of the page, since "
                RenderInline {CODE} at (0,0) size 80x21
                  RenderText {#text} at (243,18) size 80x21
                    text run at (243,18) width 80: "repeat-x"
                RenderText {#text} at (323,21) size 730x54
                  text run at (323,21) width 399: " indicates tiling in both directions of the x-axis."
                  text run at (0,39) width 404: "Furthermore, the strip should be fixed in place. "
                  text run at (404,39) width 326: "I'll have to add extra text at the end of"
                  text run at (0,57) width 470: "this page to make it long enough to scroll conveniently."
              RenderBlock {P} at (4,96) size 761x72 [bgcolor=#00FF00]
                RenderText {#text} at (0,0) size 747x72
                  text run at (0,0) width 735: "This paragraph should have a lime background and an orange strip which starts at the"
                  text run at (0,18) width 286: "top right and runs to the bottom. "
                  text run at (286,18) width 461: "Therefore, extra text would be in order, so that we can"
                  text run at (0,36) width 730: "intelligently evaluate the performance of your browser in handling these declarations."
                  text run at (0,54) width 412: "Hey, I didn't say the page would be pretty, did I?"
              RenderBlock {P} at (4,185) size 761x72 [bgcolor=#00FF00]
                RenderText {#text} at (0,0) size 760x72
                  text run at (0,0) width 735: "This paragraph should have a lime background and an orange strip which starts at the"
                  text run at (0,18) width 299: "center top and runs to the bottom. "
                  text run at (299,18) width 461: "Therefore, extra text would be in order, so that we can"
                  text run at (0,36) width 730: "intelligently evaluate the performance of your browser in handling these declarations."
                  text run at (0,54) width 412: "Hey, I didn't say the page would be pretty, did I?"
              RenderBlock {P} at (4,274) size 761x72 [bgcolor=#00FF00]
                RenderText {#text} at (0,0) size 746x72
                  text run at (0,0) width 735: "This paragraph should have a lime background and an orange strip which starts at the"
                  text run at (0,18) width 285: "top left and runs to the top right. "
                  text run at (285,18) width 461: "Therefore, extra text would be in order, so that we can"
                  text run at (0,36) width 730: "intelligently evaluate the performance of your browser in handling these declarations."
                  text run at (0,54) width 412: "Hey, I didn't say the page would be pretty, did I?"
