layer at (0,0) size 800x637
  RenderView at (0,0) size 800x600
layer at (0,0) size 800x637
  RenderBlock {HTML} at (0,0) size 800x637
    RenderBody {BODY} at (8,8) size 784x621 [bgcolor=#CCCCCC]
      RenderBlock {P} at (0,0) size 784x18
        RenderText {#text} at (0,0) size 481x18
          text run at (0,0) width 481: "The style declarations which apply to the text below are:"
      RenderBlock {PRE} at (0,35) size 784x63
        RenderText {#text} at (0,0) size 470x63
          text run at (0,0) width 470: "P {background-image: url(../resources/bg.gif);}"
          text run at (470,0) width 0: " "
          text run at (0,21) width 300: ".one {background-image: none;}"
          text run at (300,21) width 0: " "
          text run at (0,42) width 0: " "
      RenderBlock {HR} at (0,115) size 784x2 [border: (1px inset #000000)]
      RenderBlock {P} at (0,134) size 784x54
        RenderText {#text} at (0,0) size 778x54
          text run at (0,0) width 686: "This sentence should be backed by an image-- a green grid pattern, in this case. "
          text run at (686,0) width 32: "The"
          text run at (0,18) width 778: "background image should also tile along both axes, because no repeat direction is specified"
          text run at (0,36) width 422: "(specific tests for repeating are found elsewhere)."
      RenderBlock {P} at (0,205) size 784x93
        RenderText {#text} at (0,0) size 756x39
          text run at (0,0) width 756: "This sentence should be backed by a repeated green-grid image, as should the last three"
          text run at (0,21) width 56: "words "
        RenderInline {STRONG} at (0,0) size 154x18
          RenderInline {SPAN} at (0,0) size 154x18
            RenderText {#text} at (56,21) size 154x18
              text run at (56,21) width 154: "in this sentence"
        RenderText {#text} at (210,21) size 144x18
          text run at (210,21) width 10: ". "
          text run at (220,21) width 134: "If it is not, then "
        RenderInline {CODE} at (0,0) size 40x21
          RenderText {#text} at (354,18) size 40x21
            text run at (354,18) width 40: "none"
        RenderText {#text} at (394,21) size 230x18
          text run at (394,21) width 223: " is interpreted incorrectly. "
          text run at (617,21) width 7: "("
        RenderInline {CODE} at (0,0) size 40x21
          RenderText {#text} at (624,18) size 40x21
            text run at (624,18) width 40: "none"
        RenderText {#text} at (664,21) size 766x72
          text run at (664,21) width 102: " means that"
          text run at (0,39) width 762: "the element has no background image, allowing the parent to \"shine through\" by default;"
          text run at (0,57) width 738: "since the parent of the words \"in this sentence\" is the paragraph, then the paragraph's"
          text run at (0,75) width 213: "image should be visible.)"
      RenderBlock {P} at (0,315) size 784x36
        RenderText {#text} at (0,0) size 762x36
          text run at (0,0) width 762: "This sentence should NOT be backed by a repeated green-grid image, allowing the page's"
          text run at (0,18) width 336: "background to \"shine through\" instead."
      RenderTable {TABLE} at (0,368) size 784x253 [border: (1px outset #808080)]
        RenderTableSection {TBODY} at (1,1) size 782x251
          RenderTableRow {TR} at (0,0) size 782x26
            RenderTableCell {TD} at (0,0) size 782x26 [bgcolor=#C0C0C0] [border: (1px inset #808080)] [r=0 c=0 rs=1 cs=2]
              RenderInline {STRONG} at (0,0) size 214x18
                RenderText {#text} at (4,4) size 214x18
                  text run at (4,4) width 214: "TABLE Testing Section"
          RenderTableRow {TR} at (0,26) size 782x225
            RenderTableCell {TD} at (0,125) size 13x26 [bgcolor=#C0C0C0] [border: (1px inset #808080)] [r=1 c=0 rs=1 cs=1]
              RenderText {#text} at (4,4) size 5x18
                text run at (4,4) width 5: " "
            RenderTableCell {TD} at (13,26) size 769x225 [border: (1px inset #808080)] [r=1 c=1 rs=1 cs=1]
              RenderBlock {P} at (4,4) size 761x54
                RenderText {#text} at (0,0) size 718x54
                  text run at (0,0) width 686: "This sentence should be backed by an image-- a green grid pattern, in this case. "
                  text run at (686,0) width 32: "The"
                  text run at (0,18) width 697: "background image should also tile along both axes, because no repeat direction is"
                  text run at (0,36) width 503: "specified (specific tests for repeating are found elsewhere)."
              RenderBlock {P} at (4,75) size 761x93
                RenderText {#text} at (0,0) size 756x39
                  text run at (0,0) width 756: "This sentence should be backed by a repeated green-grid image, as should the last three"
                  text run at (0,21) width 56: "words "
                RenderInline {STRONG} at (0,0) size 154x18
                  RenderInline {SPAN} at (0,0) size 154x18
                    RenderText {#text} at (56,21) size 154x18
                      text run at (56,21) width 154: "in this sentence"
                RenderText {#text} at (210,21) size 144x18
                  text run at (210,21) width 10: ". "
                  text run at (220,21) width 134: "If it is not, then "
                RenderInline {CODE} at (0,0) size 40x21
                  RenderText {#text} at (354,18) size 40x21
                    text run at (354,18) width 40: "none"
                RenderText {#text} at (394,21) size 230x18
                  text run at (394,21) width 223: " is interpreted incorrectly. "
                  text run at (617,21) width 7: "("
                RenderInline {CODE} at (0,0) size 40x21
                  RenderText {#text} at (624,18) size 40x21
                    text run at (624,18) width 40: "none"
                RenderText {#text} at (664,21) size 731x72
                  text run at (664,21) width 62: " means"
                  text run at (0,39) width 731: "that the element has no background image, allowing the parent to \"shine through\" by"
                  text run at (0,57) width 702: "default; since the parent of the words \"in this sentence\" is the paragraph, then the"
                  text run at (0,75) width 320: "paragraph's image should be visible.)"
              RenderBlock {P} at (4,185) size 761x36
                RenderText {#text} at (0,0) size 701x36
                  text run at (0,0) width 701: "This sentence should NOT be backed by a repeated green-grid image, allowing the"
                  text run at (0,18) width 397: "page's background to \"shine through\" instead."
