layer at (0,0) size 827x1964
  RenderView at (0,0) size 800x600
layer at (0,0) size 827x1964
  RenderBlock {HTML} at (0,0) size 800x1964
    RenderBody {BODY} at (8,18) size 784x1932 [color=#00FF00] [bgcolor=#333333]
      RenderBlock {H1} at (0,0) size 784x39
        RenderText {#text} at (0,0) size 561x38
          text run at (0,0) width 561: "CSS2 Table Backgrounds Test Suite"
      RenderBlock {H2} at (0,57) size 784x29
        RenderText {#text} at (0,0) size 65x29
          text run at (0,0) width 65: "Notes"
      RenderBlock {P} at (0,103) size 784x95
        RenderText {#text} at (0,1) size 728x36
          text run at (0,1) width 728: "This test suite is not endorsed or approved by the W3C or anyone besides fantasai. It tests"
          text run at (0,20) width 208: "conformance to fantasai's "
        RenderInline {A} at (0,0) size 312x17 [color=#FFFF00]
          RenderText {#text} at (208,20) size 312x17
            text run at (208,20) width 312: "table background clarification proposal"
        RenderText {#text} at (520,20) size 776x74
          text run at (520,20) width 184: ", not the official CSS2"
          text run at (0,39) width 704: "specification. The intent is to demonstrate the proposal's effects under various styling"
          text run at (0,58) width 776: "conditions and to clarify any ambiguity in the proposal in preparation for a better-worded errata"
          text run at (0,77) width 584: "suggestion. It's not particularly well-designed, but it is comprehensive."
      RenderBlock {P} at (0,212) size 784x57
        RenderText {#text} at (0,1) size 776x55
          text run at (0,1) width 712: "This test suite (this page and all pages linked from the table of contents below) and its"
          text run at (0,20) width 776: "background images (listed below) are in the public domain by assertion of their author. No rights"
          text run at (0,39) width 72: "reserved."
      RenderBlock {P} at (0,283) size 784x19
        RenderText {#text} at (0,1) size 392x17
          text run at (0,1) width 392: "The images used as backgrounds are the following:"
      RenderBlock {UL} at (0,316) size 784x758
        RenderListItem {LI} at (40,0) size 744x36
          RenderListMarker at (-16,18) size 6x17: bullet
          RenderImage {IMG} at (0,0) size 80x30
          RenderText {#text} at (0,0) size 0x0
        RenderListItem {LI} at (40,36) size 744x86
          RenderListMarker at (-16,68) size 6x17: bullet
          RenderImage {IMG} at (0,0) size 30x80
          RenderText {#text} at (0,0) size 0x0
        RenderListItem {LI} at (40,122) size 744x636
          RenderListMarker at (-16,1) size 6x17: bullet
          RenderImage {IMG} at (0,19) size 779x611
          RenderText {#text} at (0,0) size 0x0
      RenderBlock {P} at (0,1088) size 784x19
        RenderText {#text} at (0,1) size 336x17
          text run at (0,1) width 336: "They are in GIF format, with transparency."
      RenderBlock {P} at (0,1121) size 784x38
        RenderText {#text} at (0,1) size 784x36
          text run at (0,1) width 784: "Each color band in the rainbow backgrounds is 20 pixels wide. Each stripe within the color band is"
          text run at (0,20) width 128: "two pixels wide."
      RenderBlock {P} at (0,1173) size 784x19
        RenderText {#text} at (0,1) size 728x17
          text run at (0,1) width 728: "The aqua and purple band is 10 pixels wide. Each stripe within the band is two pixels wide."
      RenderBlock {P} at (0,1206) size 784x19
        RenderText {#text} at (0,1) size 744x17
          text run at (0,1) width 744: "Many image background rules in this test suite are backed up with a 'black' background color."
      RenderBlock {P} at (0,1239) size 784x61
        RenderText {#text} at (0,3) size 232x17
          text run at (0,3) width 232: "This test suite assumes that "
        RenderInline {STRONG} at (0,0) size 784x41
          RenderText {#text} at (232,0) size 784x41
            text run at (232,0) width 552: "the border edge for a table element in a table with collapsed borders"
            text run at (0,21) width 56: "is the "
          RenderInline {EM} at (0,0) size 48x20
            RenderText {#text} at (56,21) size 48x20
              text run at (56,21) width 48: "middle"
          RenderText {#text} at (104,21) size 504x20
            text run at (104,21) width 504: " of the border around the element, not the outer or inner edge."
        RenderText {#text} at (608,24) size 768x36
          text run at (608,24) width 160: " (This also needs to"
          text run at (0,43) width 672: "be addressed by CSS2.1.) It also assumes support for proper ordering of tables with "
        RenderInline {CODE} at (0,0) size 56x17
          RenderText {#text} at (672,43) size 56x17
            text run at (672,43) width 56: "<tfoot>"
        RenderText {#text} at (728,43) size 8x17
          text run at (728,43) width 8: "."
      RenderBlock {H2} at (0,1317) size 784x29
        RenderText {#text} at (0,0) size 221x29
          text run at (0,0) width 221: "Table of Contents"
      RenderBlock {OL} at (0,1363) size 784x569
        RenderListItem {LI} at (40,0) size 744x133
          RenderBlock (anonymous) at (0,0) size 744x19
            RenderListMarker at (-28,1) size 24x17: "A"
            RenderText {#text} at (0,1) size 120x17
              text run at (0,1) width 120: "Background Area"
          RenderBlock {OL} at (0,19) size 744x114
            RenderListItem {LI} at (40,0) size 704x19
              RenderListMarker at (-28,1) size 24x17: "1"
              RenderInline {A} at (0,0) size 168x17 [color=#FFFF00]
                RenderText {#text} at (0,1) size 168x17
                  text run at (0,1) width 168: "Background on 'table'"
              RenderText {#text} at (0,0) size 0x0
            RenderListItem {LI} at (40,19) size 704x19
              RenderListMarker at (-28,1) size 24x17: "2"
              RenderInline {A} at (0,0) size 248x17 [color=#FFFF00]
                RenderText {#text} at (0,1) size 248x17
                  text run at (0,1) width 248: "Background on 'table-row-group'"
              RenderText {#text} at (0,0) size 0x0
            RenderListItem {LI} at (40,38) size 704x19
              RenderListMarker at (-28,1) size 24x17: "3"
              RenderInline {A} at (0,0) size 272x17 [color=#FFFF00]
                RenderText {#text} at (0,1) size 272x17
                  text run at (0,1) width 272: "Background on 'table-column-group'"
              RenderText {#text} at (0,0) size 0x0
            RenderListItem {LI} at (40,57) size 704x19
              RenderListMarker at (-28,1) size 24x17: "4"
              RenderInline {A} at (0,0) size 200x17 [color=#FFFF00]
                RenderText {#text} at (0,1) size 200x17
                  text run at (0,1) width 200: "Background on 'table-row'"
              RenderText {#text} at (0,0) size 0x0
            RenderListItem {LI} at (40,76) size 704x19
              RenderListMarker at (-28,1) size 24x17: "5"
              RenderInline {A} at (0,0) size 224x17 [color=#FFFF00]
                RenderText {#text} at (0,1) size 224x17
                  text run at (0,1) width 224: "Background on 'table-column'"
              RenderText {#text} at (0,0) size 0x0
            RenderListItem {LI} at (40,95) size 704x19
              RenderListMarker at (-28,1) size 24x17: "6"
              RenderInline {A} at (0,0) size 208x17 [color=#FFFF00]
                RenderText {#text} at (0,1) size 208x17
                  text run at (0,1) width 208: "Background on 'table-cell'"
              RenderText {#text} at (0,0) size 0x0
        RenderListItem {LI} at (40,133) size 744x133
          RenderBlock (anonymous) at (0,0) size 744x19
            RenderListMarker at (-28,1) size 24x17: "B"
            RenderText {#text} at (0,1) size 152x17
              text run at (0,1) width 152: "Background Position"
          RenderBlock {OL} at (0,19) size 744x114
            RenderListItem {LI} at (40,0) size 704x19
              RenderListMarker at (-28,1) size 24x17: "1"
              RenderInline {A} at (0,0) size 168x17 [color=#FFFF00]
                RenderText {#text} at (0,1) size 168x17
                  text run at (0,1) width 168: "Background on 'table'"
              RenderText {#text} at (0,0) size 0x0
            RenderListItem {LI} at (40,19) size 704x19
              RenderListMarker at (-28,1) size 24x17: "2"
              RenderInline {A} at (0,0) size 248x17 [color=#FFFF00]
                RenderText {#text} at (0,1) size 248x17
                  text run at (0,1) width 248: "Background on 'table-row-group'"
              RenderText {#text} at (0,0) size 0x0
            RenderListItem {LI} at (40,38) size 704x19
              RenderListMarker at (-28,1) size 24x17: "3"
              RenderInline {A} at (0,0) size 272x17 [color=#FFFF00]
                RenderText {#text} at (0,1) size 272x17
                  text run at (0,1) width 272: "Background on 'table-column-group'"
              RenderText {#text} at (0,0) size 0x0
            RenderListItem {LI} at (40,57) size 704x19
              RenderListMarker at (-28,1) size 24x17: "4"
              RenderInline {A} at (0,0) size 200x17 [color=#FFFF00]
                RenderText {#text} at (0,1) size 200x17
                  text run at (0,1) width 200: "Background on 'table-row'"
              RenderText {#text} at (0,0) size 0x0
            RenderListItem {LI} at (40,76) size 704x19
              RenderListMarker at (-28,1) size 24x17: "5"
              RenderInline {A} at (0,0) size 224x17 [color=#FFFF00]
                RenderText {#text} at (0,1) size 224x17
                  text run at (0,1) width 224: "Background on 'table-column'"
              RenderText {#text} at (0,0) size 0x0
            RenderListItem {LI} at (40,95) size 704x19
              RenderListMarker at (-28,1) size 24x17: "6"
              RenderInline {A} at (0,0) size 208x17 [color=#FFFF00]
                RenderText {#text} at (0,1) size 208x17
                  text run at (0,1) width 208: "Background on 'table-cell'"
              RenderText {#text} at (0,0) size 0x0
        RenderListItem {LI} at (40,266) size 744x57
          RenderBlock (anonymous) at (0,0) size 744x19
            RenderListMarker at (-28,1) size 24x17: "C"
            RenderText {#text} at (0,1) size 136x17
              text run at (0,1) width 136: "Background Layers"
          RenderBlock {OL} at (0,19) size 744x38
            RenderListItem {LI} at (40,0) size 704x19
              RenderListMarker at (-28,1) size 24x17: "1"
              RenderInline {A} at (0,0) size 136x17 [color=#FFFF00]
                RenderText {#text} at (0,1) size 136x17
                  text run at (0,1) width 136: "empty-cells: show"
              RenderText {#text} at (0,0) size 0x0
            RenderListItem {LI} at (40,19) size 704x19
              RenderListMarker at (-28,1) size 24x17: "2"
              RenderInline {A} at (0,0) size 136x17 [color=#FFFF00]
                RenderText {#text} at (0,1) size 136x17
                  text run at (0,1) width 136: "empty-cells: hide"
              RenderText {#text} at (0,0) size 0x0
        RenderListItem {LI} at (40,323) size 744x246
          RenderBlock (anonymous) at (0,0) size 744x19
            RenderListMarker at (-28,1) size 24x17: "D"
            RenderText {#text} at (0,1) size 184x17
              text run at (0,1) width 184: "Background with Borders"
          RenderBlock {OL} at (0,19) size 744x171
            RenderListItem {LI} at (40,0) size 704x19
              RenderListMarker at (-28,1) size 24x17: "1"
              RenderInline {A} at (0,0) size 168x17 [color=#FFFF00]
                RenderText {#text} at (0,1) size 168x17
                  text run at (0,1) width 168: "Background on 'table'"
              RenderText {#text} at (0,0) size 0x0
            RenderListItem {LI} at (40,19) size 704x19
              RenderListMarker at (-28,1) size 24x17: "2"
              RenderInline {A} at (0,0) size 248x17 [color=#FFFF00]
                RenderText {#text} at (0,1) size 248x17
                  text run at (0,1) width 248: "Background on 'table-row-group'"
              RenderText {#text} at (0,0) size 0x0
            RenderListItem {LI} at (40,38) size 704x19
              RenderListMarker at (-28,1) size 24x17: "3"
              RenderInline {A} at (0,0) size 272x17 [color=#FFFF00]
                RenderText {#text} at (0,1) size 272x17
                  text run at (0,1) width 272: "Background on 'table-column-group'"
              RenderText {#text} at (0,0) size 0x0
            RenderListItem {LI} at (40,57) size 704x19
              RenderListMarker at (-28,1) size 24x17: "4"
              RenderInline {A} at (0,0) size 200x17 [color=#FFFF00]
                RenderText {#text} at (0,1) size 200x17
                  text run at (0,1) width 200: "Background on 'table-row'"
              RenderText {#text} at (0,0) size 0x0
            RenderListItem {LI} at (40,76) size 704x19
              RenderListMarker at (-28,1) size 24x17: "5"
              RenderInline {A} at (0,0) size 224x17 [color=#FFFF00]
                RenderText {#text} at (0,1) size 224x17
                  text run at (0,1) width 224: "Background on 'table-column'"
              RenderText {#text} at (0,0) size 0x0
            RenderListItem {LI} at (40,95) size 704x19
              RenderListMarker at (-28,1) size 24x17: "6"
              RenderInline {A} at (0,0) size 208x17 [color=#FFFF00]
                RenderText {#text} at (0,1) size 208x17
                  text run at (0,1) width 208: "Background on 'table-cell'"
              RenderText {#text} at (0,0) size 0x0
            RenderListItem {LI} at (40,114) size 704x57
              RenderBlock (anonymous) at (0,0) size 704x19
                RenderListMarker at (-28,1) size 24x17: "7"
                RenderText {#text} at (0,1) size 104x17
                  text run at (0,1) width 104: "Special Tests"
              RenderBlock {OL} at (0,19) size 704x38
                RenderListItem {LI} at (40,0) size 664x19
                  RenderListMarker at (-28,1) size 24x17: "1"
                  RenderInline {A} at (0,0) size 56x17 [color=#FFFF00]
                    RenderText {#text} at (0,1) size 56x17
                      text run at (0,1) width 56: "Opacity"
                  RenderText {#text} at (0,0) size 0x0
                RenderListItem {LI} at (40,19) size 664x19
                  RenderListMarker at (-28,1) size 24x17: "2"
                  RenderInline {A} at (0,0) size 136x17 [color=#FFFF00]
                    RenderText {#text} at (0,1) size 136x17
                      text run at (0,1) width 136: "Fixed Backgrounds"
                  RenderText {#text} at (0,0) size 0x0
          RenderBlock {DIV} at (0,190) size 744x37
            RenderInline {A} at (0,0) size 88x17 [color=#FFFF00]
              RenderImage {IMG} at (0,0) size 88x31
            RenderText {#text} at (0,0) size 0x0
          RenderBlock {ADDRESS} at (0,227) size 744x19
            RenderText {#text} at (0,0) size 704x19
              text run at (0,0) width 704: "CSS2 Table Backgrounds Test Suite designed and written by fantasai <fantasai@escape.com>"
