layer at (0,0) size 800x600
  RenderView at (0,0) size 800x600
layer at (0,0) size 800x600
  RenderBlock {HTML} at (0,0) size 800x600
    RenderBody {BODY} at (8,8) size 784x584
      RenderBlock (anonymous) at (0,0) size 784x38
        RenderText {#text} at (0,0) size 625x19
          text run at (0,0) width 625: "This table uses a ROWSPAN attribute in the first TH tag. The ROWSPAN attribute has a value of 2."
        RenderBR {BR} at (625,14) size 0x0
        RenderBR {BR} at (0,19) size 0x19
      RenderTable {TABLE} at (0,38) size 285x55 [border: (1px outset #808080)]
        RenderTableSection {TBODY} at (1,1) size 283x53
          RenderTableRow {TR} at (0,2) size 283x24
            RenderTableCell {TH} at (2,14) size 69x24 [border: (1px inset #808080)] [r=0 c=0 rs=2 cs=1]
              RenderText {#text} at (2,2) size 65x20
                text run at (2,2) width 65: "Platforms"
            RenderTableCell {TH} at (73,2) size 208x24 [border: (1px inset #808080)] [r=0 c=1 rs=1 cs=1]
              RenderText {#text} at (2,2) size 204x20
                text run at (2,2) width 204: "Netscape Communicator 4.0.6"
          RenderTableRow {TR} at (0,28) size 283x23
            RenderTableCell {TD} at (73,28) size 208x23 [border: (1px inset #808080)] [r=1 c=1 rs=1 cs=1]
              RenderText {#text} at (2,2) size 136x19
                text run at (2,2) width 136: "Available Everywhere"
