layer at (0,0) size 800x600
  RenderView at (0,0) size 800x600
layer at (0,0) size 800x600
  RenderBlock {HTML} at (0,0) size 800x600
    RenderBody {BODY} at (8,8) size 784x584
      RenderBlock (anonymous) at (0,0) size 784x19
        RenderText {#text} at (0,0) size 465x19
          text run at (0,0) width 465: "The TH tag uses the HEIGTH attribute. The TH has been set to 80 pixels."
        RenderBR {BR} at (465,14) size 0x0
      RenderTable {TABLE} at (0,19) size 273x111 [border: (1px outset #808080)]
        RenderTableSection {TBODY} at (1,1) size 271x109
          RenderTableRow {TR} at (0,2) size 271x80
            RenderTableCell {TH} at (2,30) size 267x24 [border: (1px inset #808080)] [r=0 c=0 rs=1 cs=1]
              RenderText {#text} at (49,2) size 168x20
                text run at (49,2) width 168: "Netscape Communicator"
          RenderTableRow {TR} at (0,84) size 271x23
            RenderTableCell {TD} at (2,84) size 267x23 [border: (1px inset #808080)] [r=1 c=0 rs=1 cs=1]
              RenderText {#text} at (2,2) size 263x19
                text run at (2,2) width 263: "Available on the Mac/PC/UNIX platforms !"
