layer at (0,0) size 800x600
  RenderView at (0,0) size 800x600
layer at (0,0) size 800x600
  RenderBlock {HTML} at (0,0) size 800x600
    RenderBody {BODY} at (8,8) size 784x584
      RenderTable {TABLE} at (0,0) size 780x29 [bgcolor=#00FF00] [border: (1px outset #808080)]
        RenderTableSection {TBODY} at (1,1) size 778x27
          RenderTableRow {TR} at (0,2) size 778x23
            RenderTableCell {TD} at (2,2) size 386x23 [border: (1px inset #808080)] [r=0 c=0 rs=1 cs=1]
              RenderText {#text} at (2,2) size 382x19
                text run at (2,2) width 382: "Here is a table with a lime background using the ID attribute."
            RenderTableCell {TD} at (390,2) size 386x23 [border: (1px inset #808080)] [r=0 c=1 rs=1 cs=1]
              RenderText {#text} at (2,2) size 382x19
                text run at (2,2) width 382: "Here is a table with a lime background using the ID attribute."
      RenderBlock (anonymous) at (0,29) size 784x38
        RenderBR {BR} at (0,0) size 0x19
        RenderBR {BR} at (0,19) size 0x19
      RenderTable {TABLE} at (0,67) size 530x29 [border: (1px outset #808080)]
        RenderTableSection {TBODY} at (1,1) size 528x27
          RenderTableRow {TR} at (0,2) size 528x23
            RenderTableCell {TD} at (2,2) size 261x23 [border: (1px inset #808080)] [r=0 c=0 rs=1 cs=1]
              RenderText {#text} at (2,2) size 257x19
                text run at (2,2) width 257: "Here is a table with no ID attribute value."
            RenderTableCell {TD} at (265,2) size 261x23 [border: (1px inset #808080)] [r=0 c=1 rs=1 cs=1]
              RenderText {#text} at (2,2) size 257x19
                text run at (2,2) width 257: "Here is a table with no ID attribute value."
