layer at (0,0) size 800x600
  RenderView at (0,0) size 800x600
layer at (0,0) size 800x600
  RenderBlock {HTML} at (0,0) size 800x600
    RenderBody {BODY} at (8,8) size 784x584
      RenderBlock (anonymous) at (0,0) size 784x57
        RenderText {#text} at (0,0) size 767x57
          text run at (0,0) width 291: "CELLSPACING controls the distance in pixels "
          text run at (291,0) width 476: "between each cell in the table. The first table has a cellspacing of 15 pixels;"
          text run at (0,19) width 254: "the second table isn't using cellspacing. "
          text run at (254,19) width 494: "Notice the difference here. The first table should be rendered with a wider gap"
          text run at (0,38) width 118: "between the cells. "
        RenderBR {BR} at (0,0) size 0x0
      RenderTable {TABLE} at (0,57) size 264x87
        RenderTableSection {TBODY} at (0,0) size 264x87
          RenderTableRow {TR} at (0,15) size 264x21
            RenderTableCell {TD} at (15,15) size 68x21 [r=0 c=0 rs=1 cs=1]
              RenderText {#text} at (1,1) size 61x19
                text run at (1,1) width 61: "Navigator"
            RenderTableCell {TD} at (98,15) size 73x21 [r=0 c=1 rs=1 cs=1]
              RenderText {#text} at (1,1) size 71x19
                text run at (1,1) width 71: "Messenger"
            RenderTableCell {TD} at (186,15) size 63x21 [r=0 c=2 rs=1 cs=1]
              RenderText {#text} at (1,1) size 53x19
                text run at (1,1) width 53: "Collabra"
          RenderTableRow {TR} at (0,51) size 264x21
            RenderTableCell {TD} at (15,51) size 68x21 [r=1 c=0 rs=1 cs=1]
              RenderText {#text} at (1,1) size 66x19
                text run at (1,1) width 66: "Composer"
            RenderTableCell {TD} at (98,51) size 73x21 [r=1 c=1 rs=1 cs=1]
              RenderText {#text} at (1,1) size 58x19
                text run at (1,1) width 58: "Calendar"
            RenderTableCell {TD} at (186,51) size 63x21 [r=1 c=2 rs=1 cs=1]
              RenderText {#text} at (1,1) size 61x19
                text run at (1,1) width 61: "Netcaster"
      RenderBlock (anonymous) at (0,144) size 784x57
        RenderBR {BR} at (0,0) size 0x19
        RenderBR {BR} at (0,19) size 0x19
        RenderText {#text} at (0,38) size 217x19
          text run at (0,38) width 217: "This table contains no cellspacing."
      RenderTable {TABLE} at (0,201) size 212x48
        RenderTableSection {TBODY} at (0,0) size 212x48
          RenderTableRow {TR} at (0,2) size 212x21
            RenderTableCell {TD} at (2,2) size 68x21 [r=0 c=0 rs=1 cs=1]
              RenderText {#text} at (1,1) size 61x19
                text run at (1,1) width 61: "Navigator"
            RenderTableCell {TD} at (72,2) size 73x21 [r=0 c=1 rs=1 cs=1]
              RenderText {#text} at (1,1) size 71x19
                text run at (1,1) width 71: "Messenger"
            RenderTableCell {TD} at (147,2) size 63x21 [r=0 c=2 rs=1 cs=1]
              RenderText {#text} at (1,1) size 53x19
                text run at (1,1) width 53: "Collabra"
          RenderTableRow {TR} at (0,25) size 212x21
            RenderTableCell {TD} at (2,25) size 68x21 [r=1 c=0 rs=1 cs=1]
              RenderText {#text} at (1,1) size 66x19
                text run at (1,1) width 66: "Composer"
            RenderTableCell {TD} at (72,25) size 73x21 [r=1 c=1 rs=1 cs=1]
              RenderText {#text} at (1,1) size 58x19
                text run at (1,1) width 58: "Calendar"
            RenderTableCell {TD} at (147,25) size 63x21 [r=1 c=2 rs=1 cs=1]
              RenderText {#text} at (1,1) size 61x19
                text run at (1,1) width 61: "Netcaster"
