layer at (0,0) size 800x600
  RenderView at (0,0) size 800x600
layer at (0,0) size 800x600
  RenderBlock {HTML} at (0,0) size 800x600
    RenderBody {BODY} at (8,8) size 784x584
      RenderBlock (anonymous) at (0,0) size 784x19
        RenderText {#text} at (0,0) size 454x19
          text run at (0,0) width 454: "The table displayed is two rows by three columns with center alignment."
        RenderBR {BR} at (454,14) size 0x0
      RenderTable {TABLE} at (286,19) size 212x48
        RenderTableSection {TBODY} at (0,0) size 212x48
          RenderTableRow {TR} at (0,2) size 212x21
            RenderTableCell {TD} at (2,2) size 68x21 [r=0 c=0 rs=1 cs=1]
              RenderText {#text} at (1,1) size 61x19
                text run at (1,1) width 61: "Navigator"
            RenderTableCell {TD} at (72,2) size 73x21 [r=0 c=1 rs=1 cs=1]
              RenderText {#text} at (1,1) size 71x19
                text run at (1,1) width 71: "Messenger"
            RenderTableCell {TD} at (147,2) size 63x21 [r=0 c=2 rs=1 cs=1]
              RenderText {#text} at (1,1) size 53x19
                text run at (1,1) width 53: "Collabra"
          RenderTableRow {TR} at (0,25) size 212x21
            RenderTableCell {TD} at (2,25) size 68x21 [r=1 c=0 rs=1 cs=1]
              RenderText {#text} at (1,1) size 66x19
                text run at (1,1) width 66: "Composer"
            RenderTableCell {TD} at (72,25) size 73x21 [r=1 c=1 rs=1 cs=1]
              RenderText {#text} at (1,1) size 58x19
                text run at (1,1) width 58: "Calendar"
            RenderTableCell {TD} at (147,25) size 63x21 [r=1 c=2 rs=1 cs=1]
              RenderText {#text} at (1,1) size 61x19
                text run at (1,1) width 61: "Netcaster"
