layer at (0,0) size 800x600
  RenderView at (0,0) size 800x600
layer at (0,0) size 800x600
  RenderBlock {HTML} at (0,0) size 800x600
    RenderBody {BODY} at (8,8) size 784x584
      RenderBlock (anonymous) at (0,0) size 784x38
        RenderText {#text} at (0,0) size 768x38
          text run at (0,0) width 587: "This test case shows how WIDTH can set the width of the table to a fixed size using PIXELS. "
          text run at (587,0) width 181: "This first table has a width of"
          text run at (0,19) width 68: "400 pixels."
      RenderTable {TABLE} at (0,38) size 400x48
        RenderTableSection {TBODY} at (0,0) size 400x48
          RenderTableRow {TR} at (0,2) size 400x21
            RenderTableCell {TD} at (2,2) size 130x21 [r=0 c=0 rs=1 cs=1]
              RenderText {#text} at (1,1) size 61x19
                text run at (1,1) width 61: "Navigator"
            RenderTableCell {TD} at (134,2) size 140x21 [r=0 c=1 rs=1 cs=1]
              RenderText {#text} at (1,1) size 71x19
                text run at (1,1) width 71: "Messenger"
            RenderTableCell {TD} at (276,2) size 122x21 [r=0 c=2 rs=1 cs=1]
              RenderText {#text} at (1,1) size 53x19
                text run at (1,1) width 53: "Collabra"
          RenderTableRow {TR} at (0,25) size 400x21
            RenderTableCell {TD} at (2,25) size 130x21 [r=1 c=0 rs=1 cs=1]
              RenderText {#text} at (1,1) size 66x19
                text run at (1,1) width 66: "Composer"
            RenderTableCell {TD} at (134,25) size 140x21 [r=1 c=1 rs=1 cs=1]
              RenderText {#text} at (1,1) size 58x19
                text run at (1,1) width 58: "Calendar"
            RenderTableCell {TD} at (276,25) size 122x21 [r=1 c=2 rs=1 cs=1]
              RenderText {#text} at (1,1) size 61x19
                text run at (1,1) width 61: "Netcaster"
      RenderBlock (anonymous) at (0,86) size 784x38
        RenderBR {BR} at (0,0) size 0x19
        RenderText {#text} at (0,19) size 314x19
          text run at (0,19) width 314: "While, this second table has a width of 300 pixels."
      RenderTable {TABLE} at (0,124) size 300x48
        RenderTableSection {TBODY} at (0,0) size 300x48
          RenderTableRow {TR} at (0,2) size 300x21
            RenderTableCell {TD} at (2,2) size 97x21 [r=0 c=0 rs=1 cs=1]
              RenderText {#text} at (1,1) size 61x19
                text run at (1,1) width 61: "Navigator"
            RenderTableCell {TD} at (101,2) size 104x21 [r=0 c=1 rs=1 cs=1]
              RenderText {#text} at (1,1) size 71x19
                text run at (1,1) width 71: "Messenger"
            RenderTableCell {TD} at (207,2) size 91x21 [r=0 c=2 rs=1 cs=1]
              RenderText {#text} at (1,1) size 53x19
                text run at (1,1) width 53: "Collabra"
          RenderTableRow {TR} at (0,25) size 300x21
            RenderTableCell {TD} at (2,25) size 97x21 [r=1 c=0 rs=1 cs=1]
              RenderText {#text} at (1,1) size 66x19
                text run at (1,1) width 66: "Composer"
            RenderTableCell {TD} at (101,25) size 104x21 [r=1 c=1 rs=1 cs=1]
              RenderText {#text} at (1,1) size 58x19
                text run at (1,1) width 58: "Calendar"
            RenderTableCell {TD} at (207,25) size 91x21 [r=1 c=2 rs=1 cs=1]
              RenderText {#text} at (1,1) size 61x19
                text run at (1,1) width 61: "Netcaster"
