layer at (0,0) size 800x600
  RenderView at (0,0) size 800x600
layer at (0,0) size 800x600
  RenderBlock {HTML} at (0,0) size 800x600
    RenderBody {BODY} at (8,8) size 784x584
      RenderBlock (anonymous) at (0,0) size 784x19
        RenderText {#text} at (0,0) size 552x19
          text run at (0,0) width 552: "The TH tag uses the ALIGN attribute. The contents in the TH tag should be aligned left."
        RenderBR {BR} at (552,14) size 0x0
      RenderTable {TABLE} at (0,19) size 279x55 [border: (1px outset #808080)]
        RenderTableSection {TBODY} at (1,1) size 277x53
          RenderTableRow {TR} at (0,2) size 277x24
            RenderTableCell {TH} at (2,2) size 267x24 [border: (1px inset #808080)] [r=0 c=0 rs=1 cs=1]
              RenderText {#text} at (2,2) size 168x20
                text run at (2,2) width 168: "Netscape Communicator"
            RenderTableCell {TH} at (271,12) size 4x4 [border: (1px inset #808080)] [r=0 c=1 rs=1 cs=1]
          RenderTableRow {TR} at (0,28) size 277x23
            RenderTableCell {TD} at (2,28) size 267x23 [border: (1px inset #808080)] [r=1 c=0 rs=1 cs=1]
              RenderText {#text} at (2,2) size 263x19
                text run at (2,2) width 263: "Available on the Mac/PC/UNIX platforms !"
