layer at (0,0) size 800x600
  RenderView at (0,0) size 800x600
layer at (0,0) size 800x600
  RenderBlock {HTML} at (0,0) size 800x600
    RenderBody {BODY} at (8,8) size 784x584
      RenderBlock (anonymous) at (0,0) size 784x38
        RenderText {#text} at (0,0) size 758x38
          text run at (0,0) width 684: "The TD cell (The EggPlant Exchange) should not wrap when window is resized. However, the cell below the "
          text run at (684,0) width 74: "heading will"
          text run at (0,19) width 122: "wrap atuomatically."
        RenderBR {BR} at (122,33) size 0x0
      RenderTable {TABLE} at (0,38) size 239x54 [border: (1px outset #808080)]
        RenderTableSection {TBODY} at (1,1) size 237x52
          RenderTableRow {TR} at (0,2) size 237x23
            RenderTableCell {TD} at (2,2) size 233x23 [border: (1px inset #808080)] [r=0 c=0 rs=1 cs=1]
              RenderText {#text} at (2,2) size 152x19
                text run at (2,2) width 152: "The Eggplant Exchange"
          RenderTableRow {TR} at (0,27) size 237x23
            RenderTableCell {TD} at (2,27) size 233x23 [border: (1px inset #808080)] [r=1 c=0 rs=1 cs=1]
              RenderText {#text} at (2,2) size 229x19
                text run at (2,2) width 229: "Lots of Recipies for Eggplant Lovers"
