layer at (0,0) size 800x600
  RenderView at (0,0) size 800x600
layer at (0,0) size 800x600
  RenderBlock {HTML} at (0,0) size 800x600
    RenderBody {BODY} at (8,8) size 784x584
      RenderBlock (anonymous) at (0,0) size 784x38
        RenderText {#text} at (0,0) size 625x19
          text run at (0,0) width 625: "This table uses a ROWSPAN attribute in the first TD tag. The ROWSPAN attribute has a value of 2."
        RenderBR {BR} at (625,14) size 0x0
        RenderBR {BR} at (0,19) size 0x19
      RenderTable {TABLE} at (0,38) size 269x54 [border: (1px outset #808080)]
        RenderTableSection {TBODY} at (1,1) size 267x52
          RenderTableRow {TR} at (0,2) size 267x23
            RenderTableCell {TD} at (2,14) size 64x23 [border: (1px inset #808080)] [r=0 c=0 rs=2 cs=1]
              RenderText {#text} at (2,2) size 60x19
                text run at (2,2) width 60: "Platforms"
            RenderTableCell {TD} at (68,2) size 197x23 [border: (1px inset #808080)] [r=0 c=1 rs=1 cs=1]
              RenderText {#text} at (2,2) size 193x19
                text run at (2,2) width 193: "Netscape Communicator 4.0.6"
          RenderTableRow {TR} at (0,27) size 267x23
            RenderTableCell {TD} at (68,27) size 197x23 [border: (1px inset #808080)] [r=1 c=1 rs=1 cs=1]
              RenderText {#text} at (2,2) size 136x19
                text run at (2,2) width 136: "Available Everywhere"
