layer at (0,0) size 800x600
  RenderView at (0,0) size 800x600
layer at (0,0) size 800x600
  RenderBlock {HTML} at (0,0) size 800x600
    RenderBody {BODY} at (8,8) size 784x584
      RenderBlock (anonymous) at (0,0) size 784x19
        RenderText {#text} at (0,0) size 447x19
          text run at (0,0) width 447: "The table displayed is two rows by three columns with a 3 pixel border."
        RenderBR {BR} at (447,14) size 0x0
      RenderTable {TABLE} at (0,19) size 224x58 [border: (3px outset #808080)]
        RenderTableSection {TBODY} at (3,3) size 218x52
          RenderTableRow {TR} at (0,2) size 218x23
            RenderTableCell {TD} at (2,2) size 70x23 [border: (1px inset #808080)] [r=0 c=0 rs=1 cs=1]
              RenderText {#text} at (2,2) size 61x19
                text run at (2,2) width 61: "Navigator"
            RenderTableCell {TD} at (74,2) size 75x23 [border: (1px inset #808080)] [r=0 c=1 rs=1 cs=1]
              RenderText {#text} at (2,2) size 71x19
                text run at (2,2) width 71: "Messenger"
            RenderTableCell {TD} at (151,2) size 65x23 [border: (1px inset #808080)] [r=0 c=2 rs=1 cs=1]
              RenderText {#text} at (2,2) size 53x19
                text run at (2,2) width 53: "Collabra"
          RenderTableRow {TR} at (0,27) size 218x23
            RenderTableCell {TD} at (2,27) size 70x23 [border: (1px inset #808080)] [r=1 c=0 rs=1 cs=1]
              RenderText {#text} at (2,2) size 66x19
                text run at (2,2) width 66: "Composer"
            RenderTableCell {TD} at (74,27) size 75x23 [border: (1px inset #808080)] [r=1 c=1 rs=1 cs=1]
              RenderText {#text} at (2,2) size 58x19
                text run at (2,2) width 58: "Calendar"
            RenderTableCell {TD} at (151,27) size 65x23 [border: (1px inset #808080)] [r=1 c=2 rs=1 cs=1]
              RenderText {#text} at (2,2) size 61x19
                text run at (2,2) width 61: "Netcaster"
