layer at (0,0) size 800x600
  RenderView at (0,0) size 800x600
layer at (0,0) size 800x128
  RenderBlock {html} at (0,0) size 800x128
    RenderBody {body} at (8,14) size 784x106
      RenderBlock {p} at (0,0) size 784x19
        RenderText {#text} at (0,0) size 314x19
          text run at (0,0) width 314: "The table caption should be aligned at the bottom"
      RenderTable {table} at (0,33) size 121x73 [border: (1px outset #808080)]
        RenderBlock {caption} at (0,54) size 119x19
          RenderText {#text} at (28,0) size 62x19
            text run at (28,0) width 62: "CAPTION"
        RenderTableSection (anonymous) at (1,1) size 119x52
          RenderTableRow {tr} at (0,2) size 119x23
            RenderTableCell {td} at (2,2) size 37x23 [border: (1px inset #808080)] [r=0 c=0 rs=1 cs=1]
              RenderText {#text} at (2,2) size 33x19
                text run at (2,2) width 33: "cell 1"
            RenderTableCell {td} at (41,2) size 37x23 [border: (1px inset #808080)] [r=0 c=1 rs=1 cs=1]
              RenderText {#text} at (2,2) size 33x19
                text run at (2,2) width 33: "cell 2"
            RenderTableCell {td} at (80,2) size 37x23 [border: (1px inset #808080)] [r=0 c=2 rs=1 cs=1]
              RenderText {#text} at (2,2) size 33x19
                text run at (2,2) width 33: "cell 3"
          RenderTableRow {tr} at (0,27) size 119x23
            RenderTableCell {td} at (2,27) size 37x23 [border: (1px inset #808080)] [r=1 c=0 rs=1 cs=1]
              RenderText {#text} at (2,2) size 33x19
                text run at (2,2) width 33: "cell 4"
            RenderTableCell {td} at (41,27) size 37x23 [border: (1px inset #808080)] [r=1 c=1 rs=1 cs=1]
              RenderText {#text} at (2,2) size 33x19
                text run at (2,2) width 33: "cell 5"
            RenderTableCell {td} at (80,27) size 37x23 [border: (1px inset #808080)] [r=1 c=2 rs=1 cs=1]
              RenderText {#text} at (2,2) size 33x19
                text run at (2,2) width 33: "cell 6"
