layer at (0,0) size 800x600
  RenderView at (0,0) size 800x600
layer at (0,0) size 800x325
  RenderBlock {html} at (0,0) size 800x325
    RenderBody {body} at (8,14) size 784x303
      RenderBlock {p} at (0,0) size 784x19
        RenderText {#text} at (0,0) size 159x19
          text run at (0,0) width 159: "COL VALIGN=BASELINE"
      RenderTable {table} at (0,33) size 784x270 [border: (1px outset #808080)]
        RenderTableCol {colgroup} at (0,0) size 0x0
          RenderTableCol {col} at (0,0) size 0x0
          RenderTableCol {col} at (0,0) size 0x0
        RenderTableSection (anonymous) at (1,1) size 782x268
          RenderTableRow {tr} at (0,2) size 782x264
            RenderTableCell {td} at (2,84) size 201x99 [border: (1px inset #808080)] [r=0 c=0 rs=1 cs=1]
              RenderText {#text} at (2,2) size 187x95
                text run at (2,2) width 180: "Compare the baseline of the"
                text run at (2,21) width 162: "first line of text in this cell "
                text run at (164,21) width 25: "with"
                text run at (2,40) width 186: "the baseline of the first line of"
                text run at (2,59) width 153: "text in the next cell: they"
                text run at (2,78) width 171: "should be vertically aligned"
            RenderTableCell {td} at (205,2) size 575x264 [border: (1px inset #808080)] [r=0 c=1 rs=1 cs=1]
              RenderText {#text} at (2,2) size 524x260
                text run at (2,2) width 498: "Compare the baseline of the"
                text run at (2,54) width 148: "first line "
                text run at (150,54) width 376: "of text in this cell with"
                text run at (2,106) width 516: "the baseline of the first line of"
                text run at (2,158) width 117: "text in "
                text run at (119,158) width 384: "the previous cell: they"
                text run at (2,210) width 477: "should be vertically aligned"
