layer at (0,0) size 800x600
  RenderView at (0,0) size 800x600
layer at (0,0) size 800x141
  RenderBlock {html} at (0,0) size 800x141
    RenderBody {body} at (8,14) size 784x119
      RenderBlock {p} at (0,0) size 784x19
        RenderText {#text} at (0,0) size 184x19
          text run at (0,0) width 184: "COLGROUP WIDTH=relative"
      RenderTable {table} at (0,33) size 300x86 [border: (1px outset #808080)]
        RenderTableCol {colgroup} at (0,0) size 0x0
        RenderTableCol {colgroup} at (0,0) size 0x0
        RenderTableSection (anonymous) at (1,1) size 298x84
          RenderTableRow {tr} at (0,2) size 298x80
            RenderTableCell {td} at (2,2) size 144x80 [border: (1px inset #808080)] [r=0 c=0 rs=1 cs=1]
              RenderText {#text} at (2,2) size 134x76
                text run at (2,2) width 134: "Table width is 300px."
                text run at (2,21) width 123: "This column should"
                text run at (2,40) width 111: "be 1/2 as wide as"
                text run at (2,59) width 121: "Column 2 or 100px"
            RenderTableCell {td} at (148,2) size 148x80 [border: (1px inset #808080)] [r=0 c=1 rs=1 cs=1]
              RenderText {#text} at (2,2) size 143x76
                text run at (2,2) width 134: "Table width is 300px."
                text run at (2,21) width 143: "This column should be"
                text run at (2,40) width 103: "twice as wide as"
                text run at (2,59) width 121: "Column 1 or 200px"
