layer at (0,0) size 800x600
  RenderView at (0,0) size 800x600
layer at (0,0) size 800x270
  RenderBlock {html} at (0,0) size 800x270
    RenderBody {body} at (8,14) size 784x248
      RenderBlock {p} at (0,0) size 784x19
        RenderText {#text} at (0,0) size 196x19
          text run at (0,0) width 196: "COLGROUP VALIGN=MIDDLE"
      RenderTable {table} at (0,33) size 674x215 [border: (1px outset #808080)]
        RenderTableCol {colgroup} at (0,0) size 0x0
          RenderTableCol {col} at (0,0) size 0x0
          RenderTableCol {col} at (0,0) size 0x0
        RenderTableSection (anonymous) at (1,1) size 672x213
          RenderTableRow {tr} at (0,2) size 672x209
            RenderTableCell {td} at (2,2) size 204x209 [border: (1px inset #808080)] [r=0 c=0 rs=1 cs=1]
              RenderImage {img} at (2,2) size 200x200
            RenderTableCell {td} at (208,95) size 462x23 [border: (1px inset #808080)] [r=0 c=1 rs=1 cs=1]
              RenderText {#text} at (2,2) size 458x19
                text run at (2,2) width 379: "The middle of text should be vertically aligned to the middle "
                text run at (381,2) width 79: "of the image"
