layer at (0,0) size 800x600
  RenderView at (0,0) size 800x600
layer at (0,0) size 800x270
  RenderBlock {html} at (0,0) size 800x270
    RenderBody {body} at (8,14) size 784x248
      RenderBlock {p} at (0,0) size 784x19
        RenderText {#text} at (0,0) size 145x19
          text run at (0,0) width 145: "COL VALIGN=MIDDLE"
      RenderTable {table} at (0,33) size 704x215 [border: (1px outset #808080)]
        RenderTableCol {colgroup} at (0,0) size 0x0
          RenderTableCol {col} at (0,0) size 0x0
          RenderTableCol {col} at (0,0) size 0x0
        RenderTableSection (anonymous) at (1,1) size 702x213
          RenderTableRow {tr} at (0,2) size 702x209
            RenderTableCell {td} at (2,2) size 204x209 [border: (1px inset #808080)] [r=0 c=0 rs=1 cs=1]
              RenderImage {img} at (2,2) size 200x200
            RenderTableCell {td} at (208,95) size 492x23 [border: (1px inset #808080)] [r=0 c=1 rs=1 cs=1]
              RenderText {#text} at (2,2) size 488x19
                text run at (2,2) width 359: "The middle of this text should be vertically aligned to the "
                text run at (361,2) width 129: "middle of the image."
