layer at (0,0) size 800x600
  RenderView at (0,0) size 800x600
layer at (0,0) size 800x160
  RenderBlock {html} at (0,0) size 800x160
    RenderBody {body} at (8,14) size 784x138
      RenderBlock {p} at (0,0) size 784x19
        RenderText {#text} at (0,0) size 106x19
          text run at (0,0) width 106: "COL WIDTH=pct"
      RenderTable {table} at (0,33) size 400x105 [border: (1px outset #808080)]
        RenderTableCol {colgroup} at (0,0) size 0x0
          RenderTableCol {col} at (0,0) size 0x0
          RenderTableCol {col} at (0,0) size 0x0
        RenderTableSection (anonymous) at (1,1) size 398x103
          RenderTableRow {tr} at (0,2) size 398x99
            RenderTableCell {td} at (2,2) size 98x99 [border: (1px inset #808080)] [r=0 c=0 rs=1 cs=1]
              RenderText {#text} at (2,2) size 89x95
                text run at (2,2) width 77: "This column"
                text run at (2,21) width 89: "should have a"
                text run at (2,40) width 81: "width of 25%"
                text run at (2,59) width 72: "of 400px or"
                text run at (2,78) width 39: "100px"
            RenderTableCell {td} at (102,30) size 294x42 [border: (1px inset #808080)] [r=0 c=1 rs=1 cs=1]
              RenderText {#text} at (2,2) size 271x38
                text run at (2,2) width 271: "This column should have a width of 75% of"
                text run at (2,21) width 99: "400px or 300px"
