layer at (0,0) size 800x600
  RenderView at (0,0) size 800x600
layer at (0,0) size 800x270
  RenderBlock {html} at (0,0) size 800x270
    RenderBody {body} at (8,14) size 784x248
      RenderBlock {p} at (0,0) size 784x19
        RenderText {#text} at (0,0) size 121x19
          text run at (0,0) width 121: "COL VALIGN=TOP"
      RenderTable {table} at (0,33) size 656x215 [border: (1px outset #808080)]
        RenderTableCol {colgroup} at (0,0) size 0x0
          RenderTableCol {col} at (0,0) size 0x0
          RenderTableCol {col} at (0,0) size 0x0
        RenderTableSection (anonymous) at (1,1) size 654x213
          RenderTableRow {tr} at (0,2) size 654x209
            RenderTableCell {td} at (2,2) size 204x209 [border: (1px inset #808080)] [r=0 c=0 rs=1 cs=1]
              RenderImage {img} at (2,2) size 200x200
            RenderTableCell {td} at (208,95) size 444x23 [border: (1px inset #808080)] [r=0 c=1 rs=1 cs=1]
              RenderText {#text} at (2,2) size 440x19
                text run at (2,2) width 377: "The top of this text should be vertically aligned to the top of "
                text run at (379,2) width 63: "the image"
