layer at (0,0) size 800x600
  RenderView at (0,0) size 800x600
layer at (0,0) size 800x142
  RenderBlock {html} at (0,0) size 800x142
    RenderBody {body} at (8,14) size 784x120
      RenderBlock {p} at (0,0) size 784x19
        RenderText {#text} at (0,0) size 482x19
          text run at (0,0) width 406: "There should be no rules between any rows and columns in the "
          text run at (406,0) width 76: "table below."
      RenderTable {table} at (0,33) size 155x87 [border: none]
        RenderTableCol {colgroup} at (0,0) size 0x0
          RenderTableCol {col} at (0,0) size 0x0
        RenderTableCol {colgroup} at (0,0) size 0x0
          RenderTableCol {col} at (0,0) size 0x0
        RenderTableCol {colgroup} at (0,0) size 0x0
          RenderTableCol {col} at (0,0) size 0x0
        RenderTableSection {thead} at (0,0) size 154x23
          RenderTableRow {tr} at (0,0) size 154x23
            RenderTableCell {th} at (0,0) size 52x23 [border: (1px none #000000)] [r=0 c=0 rs=1 cs=1]
              RenderText {#text} at (2,2) size 48x20
                text run at (2,2) width 48: "THEAD"
            RenderTableCell {th} at (52,0) size 51x23 [border: (1px none #000000)] [r=0 c=1 rs=1 cs=1]
              RenderText {#text} at (1,2) size 48x20
                text run at (1,2) width 48: "THEAD"
            RenderTableCell {th} at (103,0) size 51x23 [border: (1px none #000000)] [r=0 c=2 rs=1 cs=1]
              RenderText {#text} at (1,2) size 48x20
                text run at (1,2) width 48: "THEAD"
        RenderTableSection {tfoot} at (0,65) size 154x21
          RenderTableRow {tr} at (0,0) size 154x21
            RenderTableCell {td} at (0,0) size 52x21 [border: none] [r=0 c=0 rs=1 cs=1]
              RenderText {#text} at (2,1) size 49x19
                text run at (2,1) width 49: "TFOOT"
            RenderTableCell {td} at (52,0) size 51x21 [r=0 c=1 rs=1 cs=1]
              RenderText {#text} at (1,1) size 49x19
                text run at (1,1) width 49: "TFOOT"
            RenderTableCell {td} at (103,0) size 51x21 [r=0 c=2 rs=1 cs=1]
              RenderText {#text} at (1,1) size 49x19
                text run at (1,1) width 49: "TFOOT"
        RenderTableSection {tbody} at (0,23) size 154x42
          RenderTableRow {tr} at (0,0) size 154x21
            RenderTableCell {td} at (0,0) size 52x21 [border: none] [r=0 c=0 rs=1 cs=1]
              RenderText {#text} at (2,1) size 48x19
                text run at (2,1) width 48: "TBODY"
            RenderTableCell {td} at (52,0) size 51x21 [r=0 c=1 rs=1 cs=1]
              RenderText {#text} at (1,1) size 48x19
                text run at (1,1) width 48: "TBODY"
            RenderTableCell {td} at (103,0) size 51x21 [r=0 c=2 rs=1 cs=1]
              RenderText {#text} at (1,1) size 48x19
                text run at (1,1) width 48: "TBODY"
          RenderTableRow {tr} at (0,21) size 154x21
            RenderTableCell {td} at (0,21) size 52x21 [border: none] [r=1 c=0 rs=1 cs=1]
              RenderText {#text} at (2,1) size 48x19
                text run at (2,1) width 48: "TBODY"
            RenderTableCell {td} at (52,21) size 51x21 [r=1 c=1 rs=1 cs=1]
              RenderText {#text} at (1,1) size 48x19
                text run at (1,1) width 48: "TBODY"
            RenderTableCell {td} at (103,21) size 51x21 [r=1 c=2 rs=1 cs=1]
              RenderText {#text} at (1,1) size 48x19
                text run at (1,1) width 48: "TBODY"
