layer at (0,0) size 800x600
  RenderView at (0,0) size 800x600
layer at (0,0) size 800x313
  RenderBlock {html} at (0,0) size 800x313
    RenderBody {body} at (8,8) size 784x297
      RenderTable {table} at (0,0) size 100x86 [border: (1px outset #808080)]
        RenderTableSection (anonymous) at (1,1) size 98x84
          RenderTableRow {tr} at (0,2) size 98x80
            RenderTableCell {td} at (2,2) size 94x80 [border: (1px inset #808080)] [r=0 c=0 rs=1 cs=1]
              RenderText {#text} at (2,2) size 89x76
                text run at (2,2) width 62: "This table"
                text run at (2,21) width 89: "should have a"
                text run at (2,40) width 77: "width of 100"
                text run at (2,59) width 36: "pixels"
      RenderBlock (anonymous) at (0,86) size 784x19
        RenderBR {br} at (0,0) size 0x19
      RenderTable {table} at (0,105) size 200x48 [border: (1px outset #808080)]
        RenderTableSection (anonymous) at (1,1) size 198x46
          RenderTableRow {tr} at (0,2) size 198x42
            RenderTableCell {td} at (2,2) size 194x42 [border: (1px inset #808080)] [r=0 c=0 rs=1 cs=1]
              RenderText {#text} at (2,2) size 155x38
                text run at (2,2) width 155: "This table should have a"
                text run at (2,21) width 117: "width of 200 pixels"
      RenderBlock (anonymous) at (0,153) size 784x19
        RenderBR {br} at (0,0) size 0x19
      RenderTable {table} at (0,172) size 300x29 [border: (1px outset #808080)]
        RenderTableSection (anonymous) at (1,1) size 298x27
          RenderTableRow {tr} at (0,2) size 298x23
            RenderTableCell {td} at (2,2) size 294x23 [border: (1px inset #808080)] [r=0 c=0 rs=1 cs=1]
              RenderText {#text} at (2,2) size 276x19
                text run at (2,2) width 276: "This table should have a width of 300 pixels"
      RenderBlock (anonymous) at (0,201) size 784x19
        RenderBR {br} at (0,0) size 0x19
      RenderTable {table} at (0,220) size 400x29 [border: (1px outset #808080)]
        RenderTableSection (anonymous) at (1,1) size 398x27
          RenderTableRow {tr} at (0,2) size 398x23
            RenderTableCell {td} at (2,2) size 394x23 [border: (1px inset #808080)] [r=0 c=0 rs=1 cs=1]
              RenderText {#text} at (2,2) size 276x19
                text run at (2,2) width 276: "This table should have a width of 400 pixels"
      RenderBlock (anonymous) at (0,249) size 784x19
        RenderBR {br} at (0,0) size 0x19
      RenderTable {table} at (0,268) size 500x29 [border: (1px outset #808080)]
        RenderTableSection (anonymous) at (1,1) size 498x27
          RenderTableRow {tr} at (0,2) size 498x23
            RenderTableCell {td} at (2,2) size 494x23 [border: (1px inset #808080)] [r=0 c=0 rs=1 cs=1]
              RenderText {#text} at (2,2) size 276x19
                text run at (2,2) width 276: "This table should have a width of 500 pixels"
