layer at (0,0) size 800x600
  RenderView at (0,0) size 800x600
layer at (0,0) size 800x45
  RenderBlock {html} at (0,0) size 800x45
    RenderBody {body} at (8,8) size 784x29
      RenderTable {table} at (0,0) size 452x29 [border: (1px outset #808080)]
        RenderTableSection (anonymous) at (1,1) size 450x27
          RenderTableRow {tr} at (0,2) size 450x23
            RenderTableCell {td} at (2,2) size 222x23 [border: (1px inset #808080)] [r=0 c=0 rs=1 cs=1]
              RenderText {#text} at (2,2) size 218x19
                text run at (2,2) width 218: "This cell should have 20% spacing"
            RenderTableCell {td} at (226,2) size 222x23 [border: (1px inset #808080)] [r=0 c=1 rs=1 cs=1]
              RenderText {#text} at (2,2) size 218x19
                text run at (2,2) width 218: "This cell should have 20% spacing"
