layer at (0,0) size 800x600
  RenderView at (0,0) size 800x600
layer at (0,0) size 800x63
  RenderBlock {html} at (0,0) size 800x63
    RenderBody {body} at (8,8) size 784x47
      RenderTable {table} at (0,0) size 538x47 [border: (1px outset #808080)]
        RenderTableSection (anonymous) at (1,1) size 536x45
          RenderTableRow {tr} at (0,2) size 536x41
            RenderTableCell {td} at (2,2) size 265x41 [border: (1px inset #808080)] [r=0 c=0 rs=1 cs=1]
              RenderText {#text} at (11,11) size 243x19
                text run at (11,11) width 243: "This cell should have an 10px padding"
            RenderTableCell {td} at (269,2) size 265x41 [border: (1px inset #808080)] [r=0 c=1 rs=1 cs=1]
              RenderText {#text} at (11,11) size 243x19
                text run at (11,11) width 243: "This cell should have an 10px padding"
