layer at (0,0) size 800x600
  RenderView at (0,0) size 800x600
layer at (0,0) size 800x172
  RenderBlock {html} at (0,0) size 800x172
    RenderBody {body} at (8,14) size 784x150
      RenderBlock {p} at (0,0) size 784x19
        RenderText {#text} at (0,0) size 441x19
          text run at (0,0) width 400: "There should be a 5 pixel border around the frame of the table "
          text run at (400,0) width 41: "below."
      RenderTable {table} at (0,33) size 177x117 [border: (5px outset #808080)]
        RenderTableCol {colgroup} at (0,0) size 0x0
          RenderTableCol {col} at (0,0) size 0x0
        RenderTableCol {colgroup} at (0,0) size 0x0
          RenderTableCol {col} at (0,0) size 0x0
        RenderTableCol {colgroup} at (0,0) size 0x0
          RenderTableCol {col} at (0,0) size 0x0
        RenderTableSection {thead} at (5,5) size 167x28
          RenderTableRow {tr} at (0,2) size 167x24
            RenderTableCell {th} at (2,2) size 53x24 [border: (1px inset #808080)] [r=0 c=0 rs=1 cs=1]
              RenderText {#text} at (2,2) size 48x20
                text run at (2,2) width 48: "THEAD"
            RenderTableCell {th} at (57,2) size 53x24 [border: (1px inset #808080)] [r=0 c=1 rs=1 cs=1]
              RenderText {#text} at (2,2) size 48x20
                text run at (2,2) width 48: "THEAD"
            RenderTableCell {th} at (112,2) size 53x24 [border: (1px inset #808080)] [r=0 c=2 rs=1 cs=1]
              RenderText {#text} at (2,2) size 48x20
                text run at (2,2) width 48: "THEAD"
        RenderTableSection {tfoot} at (5,85) size 167x27
          RenderTableRow {tr} at (0,2) size 167x23
            RenderTableCell {td} at (2,2) size 53x23 [border: (1px inset #808080)] [r=0 c=0 rs=1 cs=1]
              RenderText {#text} at (2,2) size 49x19
                text run at (2,2) width 49: "TFOOT"
            RenderTableCell {td} at (57,2) size 53x23 [border: (1px inset #808080)] [r=0 c=1 rs=1 cs=1]
              RenderText {#text} at (2,2) size 49x19
                text run at (2,2) width 49: "TFOOT"
            RenderTableCell {td} at (112,2) size 53x23 [border: (1px inset #808080)] [r=0 c=2 rs=1 cs=1]
              RenderText {#text} at (2,2) size 49x19
                text run at (2,2) width 49: "TFOOT"
        RenderTableSection {tbody} at (5,33) size 167x52
          RenderTableRow {tr} at (0,2) size 167x23
            RenderTableCell {td} at (2,2) size 53x23 [border: (1px inset #808080)] [r=0 c=0 rs=1 cs=1]
              RenderText {#text} at (2,2) size 48x19
                text run at (2,2) width 48: "TBODY"
            RenderTableCell {td} at (57,2) size 53x23 [border: (1px inset #808080)] [r=0 c=1 rs=1 cs=1]
              RenderText {#text} at (2,2) size 48x19
                text run at (2,2) width 48: "TBODY"
            RenderTableCell {td} at (112,2) size 53x23 [border: (1px inset #808080)] [r=0 c=2 rs=1 cs=1]
              RenderText {#text} at (2,2) size 48x19
                text run at (2,2) width 48: "TBODY"
          RenderTableRow {tr} at (0,27) size 167x23
            RenderTableCell {td} at (2,27) size 53x23 [border: (1px inset #808080)] [r=1 c=0 rs=1 cs=1]
              RenderText {#text} at (2,2) size 48x19
                text run at (2,2) width 48: "TBODY"
            RenderTableCell {td} at (57,27) size 53x23 [border: (1px inset #808080)] [r=1 c=1 rs=1 cs=1]
              RenderText {#text} at (2,2) size 48x19
                text run at (2,2) width 48: "TBODY"
            RenderTableCell {td} at (112,27) size 53x23 [border: (1px inset #808080)] [r=1 c=2 rs=1 cs=1]
              RenderText {#text} at (2,2) size 48x19
                text run at (2,2) width 48: "TBODY"
