layer at (0,0) size 800x600
  RenderView at (0,0) size 800x600
layer at (0,0) size 800x154
  RenderBlock {html} at (0,0) size 800x154
    RenderBody {body} at (8,14) size 784x132
      RenderBlock {p} at (0,0) size 784x19
        RenderText {#text} at (0,0) size 404x19
          text run at (0,0) width 363: "There should be no border around the frame of the table "
          text run at (363,0) width 41: "below."
      RenderTable {table} at (0,33) size 161x99
        RenderTableCol {colgroup} at (0,0) size 0x0
          RenderTableCol {col} at (0,0) size 0x0
        RenderTableCol {colgroup} at (0,0) size 0x0
          RenderTableCol {col} at (0,0) size 0x0
        RenderTableCol {colgroup} at (0,0) size 0x0
          RenderTableCol {col} at (0,0) size 0x0
        RenderTableSection {thead} at (0,0) size 161x26
          RenderTableRow {tr} at (0,2) size 161x22
            RenderTableCell {th} at (2,2) size 51x22 [r=0 c=0 rs=1 cs=1]
              RenderText {#text} at (1,1) size 48x20
                text run at (1,1) width 48: "THEAD"
            RenderTableCell {th} at (55,2) size 51x22 [r=0 c=1 rs=1 cs=1]
              RenderText {#text} at (1,1) size 48x20
                text run at (1,1) width 48: "THEAD"
            RenderTableCell {th} at (108,2) size 51x22 [r=0 c=2 rs=1 cs=1]
              RenderText {#text} at (1,1) size 48x20
                text run at (1,1) width 48: "THEAD"
        RenderTableSection {tfoot} at (0,74) size 161x25
          RenderTableRow {tr} at (0,2) size 161x21
            RenderTableCell {td} at (2,2) size 51x21 [r=0 c=0 rs=1 cs=1]
              RenderText {#text} at (1,1) size 49x19
                text run at (1,1) width 49: "TFOOT"
            RenderTableCell {td} at (55,2) size 51x21 [r=0 c=1 rs=1 cs=1]
              RenderText {#text} at (1,1) size 49x19
                text run at (1,1) width 49: "TFOOT"
            RenderTableCell {td} at (108,2) size 51x21 [r=0 c=2 rs=1 cs=1]
              RenderText {#text} at (1,1) size 49x19
                text run at (1,1) width 49: "TFOOT"
        RenderTableSection {tbody} at (0,26) size 161x48
          RenderTableRow {tr} at (0,2) size 161x21
            RenderTableCell {td} at (2,2) size 51x21 [r=0 c=0 rs=1 cs=1]
              RenderText {#text} at (1,1) size 48x19
                text run at (1,1) width 48: "TBODY"
            RenderTableCell {td} at (55,2) size 51x21 [r=0 c=1 rs=1 cs=1]
              RenderText {#text} at (1,1) size 48x19
                text run at (1,1) width 48: "TBODY"
            RenderTableCell {td} at (108,2) size 51x21 [r=0 c=2 rs=1 cs=1]
              RenderText {#text} at (1,1) size 48x19
                text run at (1,1) width 48: "TBODY"
          RenderTableRow {tr} at (0,25) size 161x21
            RenderTableCell {td} at (2,25) size 51x21 [r=1 c=0 rs=1 cs=1]
              RenderText {#text} at (1,1) size 48x19
                text run at (1,1) width 48: "TBODY"
            RenderTableCell {td} at (55,25) size 51x21 [r=1 c=1 rs=1 cs=1]
              RenderText {#text} at (1,1) size 48x19
                text run at (1,1) width 48: "TBODY"
            RenderTableCell {td} at (108,25) size 51x21 [r=1 c=2 rs=1 cs=1]
              RenderText {#text} at (1,1) size 48x19
                text run at (1,1) width 48: "TBODY"
