layer at (0,0) size 800x600
  RenderView at (0,0) size 800x600
layer at (0,0) size 800x138
  RenderBlock {html} at (0,0) size 800x138
    RenderBody {body} at (8,14) size 784x116
      RenderBlock {p} at (0,0) size 784x19
        RenderText {#text} at (0,0) size 324x19
          text run at (0,0) width 324: "In this test, the TBODY text should be right aligned."
      RenderTable {table} at (0,33) size 170x83 [border: (1px outset #808080)]
        RenderTableSection {thead} at (1,1) size 168x27
          RenderTableRow {tr} at (0,2) size 168x23
            RenderTableCell {td} at (2,2) size 164x23 [border: (1px inset #808080)] [r=0 c=0 rs=1 cs=1]
              RenderText {#text} at (2,2) size 158x19
                text run at (2,2) width 158: "This text is in the THEAD"
        RenderTableSection {tfoot} at (1,55) size 168x27
          RenderTableRow {tr} at (0,2) size 168x23
            RenderTableCell {td} at (2,2) size 164x23 [border: (1px inset #808080)] [r=0 c=0 rs=1 cs=1]
              RenderText {#text} at (2,2) size 160x19
                text run at (2,2) width 160: "This text is in the TFOOT"
        RenderTableSection {tbody} at (1,28) size 168x27
          RenderTableRow {tr} at (0,2) size 168x23
            RenderTableCell {td} at (2,2) size 164x23 [border: (1px inset #808080)] [r=0 c=0 rs=1 cs=1]
              RenderText {#text} at (114,2) size 48x19
                text run at (114,2) width 48: "TBODY"
