layer at (0,0) size 800x600
  RenderView at (0,0) size 800x600
layer at (0,0) size 800x213
  RenderBlock {html} at (0,0) size 800x213
    RenderBody {body} at (8,14) size 784x191
      RenderBlock {p} at (0,0) size 784x19
        RenderText {#text} at (0,0) size 391x19
          text run at (0,0) width 391: "The numbers in the TBODY should align at the decimal points"
      RenderTable {table} at (0,33) size 350x158 [border: (1px outset #808080)]
        RenderTableSection {thead} at (1,1) size 348x52
          RenderTableRow {tr} at (0,2) size 348x23
            RenderTableCell {td} at (2,2) size 108x23 [border: (1px inset #808080)] [r=0 c=0 rs=1 cs=1]
              RenderText {#text} at (2,2) size 47x19
                text run at (2,2) width 47: "THEAD"
            RenderTableCell {td} at (112,2) size 116x23 [border: (1px inset #808080)] [r=0 c=1 rs=1 cs=1]
              RenderText {#text} at (2,2) size 47x19
                text run at (2,2) width 47: "THEAD"
            RenderTableCell {td} at (230,2) size 116x23 [border: (1px inset #808080)] [r=0 c=2 rs=1 cs=1]
              RenderText {#text} at (2,2) size 47x19
                text run at (2,2) width 47: "THEAD"
          RenderTableRow {tr} at (0,27) size 348x23
            RenderTableCell {td} at (2,27) size 108x23 [border: (1px inset #808080)] [r=1 c=0 rs=1 cs=1]
              RenderText {#text} at (2,2) size 47x19
                text run at (2,2) width 47: "THEAD"
            RenderTableCell {td} at (112,27) size 116x23 [border: (1px inset #808080)] [r=1 c=1 rs=1 cs=1]
              RenderText {#text} at (2,2) size 47x19
                text run at (2,2) width 47: "THEAD"
            RenderTableCell {td} at (230,27) size 116x23 [border: (1px inset #808080)] [r=1 c=2 rs=1 cs=1]
              RenderText {#text} at (2,2) size 47x19
                text run at (2,2) width 47: "THEAD"
        RenderTableSection {tfoot} at (1,105) size 348x52
          RenderTableRow {tr} at (0,2) size 348x23
            RenderTableCell {td} at (2,2) size 108x23 [border: (1px inset #808080)] [r=0 c=0 rs=1 cs=1]
              RenderText {#text} at (2,2) size 49x19
                text run at (2,2) width 49: "TFOOT"
            RenderTableCell {td} at (112,2) size 116x23 [border: (1px inset #808080)] [r=0 c=1 rs=1 cs=1]
              RenderText {#text} at (2,2) size 49x19
                text run at (2,2) width 49: "TFOOT"
            RenderTableCell {td} at (230,2) size 116x23 [border: (1px inset #808080)] [r=0 c=2 rs=1 cs=1]
              RenderText {#text} at (2,2) size 49x19
                text run at (2,2) width 49: "TFOOT"
          RenderTableRow {tr} at (0,27) size 348x23
            RenderTableCell {td} at (2,27) size 108x23 [border: (1px inset #808080)] [r=1 c=0 rs=1 cs=1]
              RenderText {#text} at (2,2) size 49x19
                text run at (2,2) width 49: "TFOOT"
            RenderTableCell {td} at (112,27) size 116x23 [border: (1px inset #808080)] [r=1 c=1 rs=1 cs=1]
              RenderText {#text} at (2,2) size 49x19
                text run at (2,2) width 49: "TFOOT"
            RenderTableCell {td} at (230,27) size 116x23 [border: (1px inset #808080)] [r=1 c=2 rs=1 cs=1]
              RenderText {#text} at (2,2) size 49x19
                text run at (2,2) width 49: "TFOOT"
        RenderTableSection {tbody} at (1,53) size 348x52
          RenderTableRow {tr} at (0,2) size 348x23
            RenderTableCell {td} at (2,2) size 108x23 [border: (1px inset #808080)] [r=0 c=0 rs=1 cs=1]
              RenderText {#text} at (2,2) size 88x19
                text run at (2,2) width 88: "TBODY 55.00"
            RenderTableCell {td} at (112,2) size 116x23 [border: (1px inset #808080)] [r=0 c=1 rs=1 cs=1]
              RenderText {#text} at (2,2) size 112x19
                text run at (2,2) width 112: "TBODY 55555.00"
            RenderTableCell {td} at (230,2) size 116x23 [border: (1px inset #808080)] [r=0 c=2 rs=1 cs=1]
              RenderText {#text} at (2,2) size 96x19
                text run at (2,2) width 96: "TBODY 555.00"
          RenderTableRow {tr} at (0,27) size 348x23
            RenderTableCell {td} at (2,27) size 108x23 [border: (1px inset #808080)] [r=1 c=0 rs=1 cs=1]
              RenderText {#text} at (2,2) size 104x19
                text run at (2,2) width 104: "TBODY 1234.56"
            RenderTableCell {td} at (112,27) size 116x23 [border: (1px inset #808080)] [r=1 c=1 rs=1 cs=1]
              RenderText {#text} at (2,2) size 96x19
                text run at (2,2) width 96: "TBODY 123.45"
            RenderTableCell {td} at (230,27) size 116x23 [border: (1px inset #808080)] [r=1 c=2 rs=1 cs=1]
              RenderText {#text} at (2,2) size 112x19
                text run at (2,2) width 112: "TBODY 12345.67"
