layer at (0,0) size 800x600
  RenderView at (0,0) size 800x600
layer at (0,0) size 800x324
  RenderBlock {html} at (0,0) size 800x324
    RenderBody {body} at (8,14) size 784x302
      RenderBlock {p} at (0,0) size 784x19
        RenderText {#text} at (0,0) size 164x19
          text run at (0,0) width 164: "TBODY VALIGN=MIDDLE"
      RenderTable {table} at (0,33) size 614x269 [border: (1px outset #808080)]
        RenderTableSection {thead} at (1,1) size 612x27
          RenderTableRow {tr} at (0,2) size 612x23
            RenderTableCell {td} at (2,2) size 204x23 [border: (1px inset #808080)] [r=0 c=0 rs=1 cs=1]
              RenderText {#text} at (2,2) size 47x19
                text run at (2,2) width 47: "THEAD"
            RenderTableCell {td} at (208,2) size 402x23 [border: (1px inset #808080)] [r=0 c=1 rs=1 cs=1]
              RenderText {#text} at (2,2) size 47x19
                text run at (2,2) width 47: "THEAD"
        RenderTableSection {tfoot} at (1,241) size 612x27
          RenderTableRow {tr} at (0,2) size 612x23
            RenderTableCell {td} at (2,2) size 204x23 [border: (1px inset #808080)] [r=0 c=0 rs=1 cs=1]
              RenderText {#text} at (2,2) size 49x19
                text run at (2,2) width 49: "TFOOT"
            RenderTableCell {td} at (208,2) size 402x23 [border: (1px inset #808080)] [r=0 c=1 rs=1 cs=1]
              RenderText {#text} at (2,2) size 49x19
                text run at (2,2) width 49: "TFOOT"
        RenderTableSection {tbody} at (1,28) size 612x213
          RenderTableRow {tr} at (0,2) size 612x209
            RenderTableCell {td} at (2,2) size 204x209 [border: (1px inset #808080)] [r=0 c=0 rs=1 cs=1]
              RenderImage {img} at (2,2) size 200x200
            RenderTableCell {td} at (208,95) size 402x23 [border: (1px inset #808080)] [r=0 c=1 rs=1 cs=1]
              RenderText {#text} at (2,2) size 398x19
                text run at (2,2) width 359: "This text should be vertically aligned to the middle of the "
                text run at (361,2) width 39: "image"
