layer at (0,0) size 800x600
  RenderView at (0,0) size 800x600
layer at (0,0) size 800x324
  RenderBlock {html} at (0,0) size 800x324
    RenderBody {body} at (8,14) size 784x302
      RenderBlock {p} at (0,0) size 784x19
        RenderText {#text} at (0,0) size 172x19
          text run at (0,0) width 172: "TBODY VALIGN=BOTTOM"
      RenderTable {table} at (0,33) size 784x269 [border: (1px outset #808080)]
        RenderTableSection {thead} at (1,1) size 782x27
          RenderTableRow {tr} at (0,2) size 782x23
            RenderTableCell {td} at (2,2) size 204x23 [border: (1px inset #808080)] [r=0 c=0 rs=1 cs=1]
              RenderText {#text} at (2,2) size 47x19
                text run at (2,2) width 47: "THEAD"
            RenderTableCell {td} at (208,2) size 572x23 [border: (1px inset #808080)] [r=0 c=1 rs=1 cs=1]
              RenderText {#text} at (2,2) size 47x19
                text run at (2,2) width 47: "THEAD"
        RenderTableSection {tfoot} at (1,241) size 782x27
          RenderTableRow {tr} at (0,2) size 782x23
            RenderTableCell {td} at (2,2) size 204x23 [border: (1px inset #808080)] [r=0 c=0 rs=1 cs=1]
              RenderText {#text} at (2,2) size 49x19
                text run at (2,2) width 49: "TFOOT"
            RenderTableCell {td} at (208,2) size 572x23 [border: (1px inset #808080)] [r=0 c=1 rs=1 cs=1]
              RenderText {#text} at (2,2) size 49x19
                text run at (2,2) width 49: "TFOOT"
        RenderTableSection {tbody} at (1,28) size 782x213
          RenderTableRow {tr} at (0,2) size 782x209
            RenderTableCell {td} at (2,2) size 204x209 [border: (1px inset #808080)] [r=0 c=0 rs=1 cs=1]
              RenderImage {img} at (2,2) size 200x200
            RenderTableCell {td} at (208,150) size 572x61 [border: (1px inset #808080)] [r=0 c=1 rs=1 cs=1]
              RenderText {#text} at (2,2) size 566x57
                text run at (2,2) width 361: "The bottom of this text should be vertically aligned to the "
                text run at (363,2) width 205: "bottom of the image. x-fill x-fill x-"
                text run at (2,21) width 104: "fill x-fill x-fill x-fill "
                text run at (106,21) width 261: "x-fill x-fill x-fill x-fill x-fill x-fill x-fill x-fill x-fill "
                text run at (367,21) width 199: "x-fill x-fill x-fill x-fill x-fill x-fill x-fill"
                text run at (2,40) width 58: "x-fill x-fill "
                text run at (60,40) width 112: "x-fill x-fill x-fill x-fill"
