layer at (0,0) size 800x600
  RenderView at (0,0) size 800x600
layer at (0,0) size 800x270
  RenderBlock {html} at (0,0) size 800x270
    RenderBody {body} at (8,14) size 784x248
      RenderBlock {p} at (0,0) size 784x19
        RenderText {#text} at (0,0) size 143x19
          text run at (0,0) width 143: "TD VALIGN=BOTTOM"
      RenderTable {table} at (0,33) size 784x215 [border: (1px outset #808080)]
        RenderTableSection (anonymous) at (1,1) size 782x213
          RenderTableRow {tr} at (0,2) size 782x209
            RenderTableCell {td} at (2,2) size 204x209 [border: (1px inset #808080)] [r=0 c=0 rs=1 cs=1]
              RenderImage {img} at (2,2) size 200x200
            RenderTableCell {td} at (208,150) size 572x61 [border: (1px inset #808080)] [r=0 c=1 rs=1 cs=1]
              RenderText {#text} at (2,2) size 566x57
                text run at (2,2) width 271: "The bottom of this text should be vertically "
                text run at (273,2) width 295: "aligned to the bottom of the image. x-fill x-fill x-"
                text run at (2,21) width 46: "fill x-fill "
                text run at (48,21) width 261: "x-fill x-fill x-fill x-fill x-fill x-fill x-fill x-fill x-fill "
                text run at (309,21) width 257: "x-fill x-fill x-fill x-fill x-fill x-fill x-fill x-fill x-fill"
                text run at (2,40) width 170: "x-fill x-fill x-fill x-fill x-fill x-fill"
