layer at (0,0) size 800x600
  RenderView at (0,0) size 800x600
layer at (0,0) size 800x325
  RenderBlock {html} at (0,0) size 800x325
    RenderBody {body} at (8,14) size 784x303
      RenderBlock {p} at (0,0) size 784x19
        RenderText {#text} at (0,0) size 149x19
          text run at (0,0) width 149: "TD VALIGN=BASELINE"
      RenderTable {table} at (0,33) size 784x270 [border: (1px outset #808080)]
        RenderTableSection (anonymous) at (1,1) size 782x268
          RenderTableRow {tr} at (0,2) size 782x264
            RenderTableCell {td} at (2,27) size 201x99 [border: (1px inset #808080)] [r=0 c=0 rs=1 cs=1]
              RenderText {#text} at (2,2) size 187x95
                text run at (2,2) width 180: "Compare the baseline of the"
                text run at (2,21) width 69: "first line of "
                text run at (71,21) width 118: "text in this cell with"
                text run at (2,40) width 186: "the baseline of the first line of"
                text run at (2,59) width 42: "text in "
                text run at (44,59) width 111: "the next cell: they"
                text run at (2,78) width 171: "should be vertically aligned"
            RenderTableCell {td} at (205,2) size 575x264 [border: (1px inset #808080)] [r=0 c=1 rs=1 cs=1]
              RenderText {#text} at (2,2) size 524x260
                text run at (2,2) width 399: "Compare the baseline "
                text run at (401,2) width 99: "of the"
                text run at (2,54) width 524: "first line of text in this cell with"
                text run at (2,106) width 335: "the baseline of the "
                text run at (337,106) width 181: "first line of"
                text run at (2,158) width 501: "text in the previous cell: they"
                text run at (2,210) width 349: "should be vertically "
                text run at (351,210) width 128: "aligned"
