layer at (0,0) size 800x600
  RenderView at (0,0) size 800x600
layer at (0,0) size 800x258
  RenderBlock {html} at (0,0) size 800x258
    RenderBody {body} at (8,14) size 784x236
      RenderBlock {p} at (0,0) size 784x19
        RenderText {#text} at (0,0) size 127x19
          text run at (0,0) width 127: "TEST: td align=\"left\""
      RenderBlock {p} at (0,33) size 784x39
        RenderInline {b} at (0,0) size 74x20
          RenderText {#text} at (0,0) size 74x20
            text run at (0,0) width 74: "Example 1."
        RenderBR {br} at (74,0) size 0x19
        RenderText {#text} at (0,20) size 117x19
          text run at (0,20) width 117: "Table width=100%"
      RenderTable {table} at (0,86) size 784x29 [border: (1px outset #808080)]
        RenderTableSection (anonymous) at (1,1) size 782x27
          RenderTableRow {tr} at (0,2) size 782x23
            RenderTableCell {td} at (2,2) size 778x23 [border: (1px inset #808080)] [r=0 c=0 rs=1 cs=1]
              RenderText {#text} at (2,2) size 190x19
                text run at (2,2) width 190: "Cell text should be left aligned"
      RenderBlock {p} at (0,129) size 784x39
        RenderInline {b} at (0,0) size 74x20
          RenderText {#text} at (0,0) size 74x20
            text run at (0,0) width 74: "Example 2."
        RenderBR {br} at (74,0) size 0x19
        RenderText {#text} at (0,20) size 417x19
          text run at (0,20) width 394: "No specific table width; text in second row exceeds text in first "
          text run at (394,20) width 23: "row"
      RenderTable {table} at (0,182) size 506x54 [border: (1px outset #808080)]
        RenderTableSection (anonymous) at (1,1) size 504x52
          RenderTableRow {tr} at (0,2) size 504x23
            RenderTableCell {td} at (2,2) size 500x23 [border: (1px inset #808080)] [r=0 c=0 rs=1 cs=1]
              RenderText {#text} at (2,2) size 190x19
                text run at (2,2) width 190: "Cell text should be left aligned"
          RenderTableRow {tr} at (0,27) size 504x23
            RenderTableCell {td} at (2,27) size 500x23 [border: (1px inset #808080)] [r=1 c=0 rs=1 cs=1]
              RenderText {#text} at (2,2) size 496x19
                text run at (2,2) width 400: "xxx xxx xxx xxx xxx xxx xxx xxx xxx xxx xxx xxx xxx xxx xxx xxx "
                text run at (402,2) width 96: "xxx xxx xxx xxx"
