layer at (0,0) size 826x600
  RenderView at (0,0) size 800x600
layer at (0,0) size 826x70
  RenderBlock {html} at (0,0) size 800x70
    RenderBody {body} at (8,8) size 784x54
      RenderTable {table} at (0,0) size 818x54 [border: (1px outset #808080)]
        RenderTableSection (anonymous) at (1,1) size 816x52
          RenderTableRow {tr} at (0,2) size 816x23
            RenderTableCell {td} at (2,2) size 812x23 [border: (1px inset #808080)] [r=0 c=0 rs=1 cs=1]
              RenderText {#text} at (2,2) size 808x19
                text run at (2,2) width 261: "The text in the cell should not wrap upon "
                text run at (263,2) width 232: "window resizing    x-fill x-fill x-fill x-fill "
                text run at (495,2) width 261: "x-fill x-fill x-fill x-fill x-fill x-fill x-fill x-fill x-fill "
                text run at (756,2) width 54: "x-fill x-fill"
          RenderTableRow {tr} at (0,27) size 816x23
            RenderTableCell {td} at (2,27) size 812x23 [border: (1px inset #808080)] [r=1 c=0 rs=1 cs=1]
              RenderText {#text} at (2,2) size 808x19
                text run at (2,2) width 261: "The text in the cell should not wrap upon "
                text run at (263,2) width 232: "window resizing    x-fill x-fill x-fill x-fill "
                text run at (495,2) width 261: "x-fill x-fill x-fill x-fill x-fill x-fill x-fill x-fill x-fill "
                text run at (756,2) width 54: "x-fill x-fill"
