layer at (0,0) size 800x600
  RenderView at (0,0) size 800x600
layer at (0,0) size 800x138
  RenderBlock {html} at (0,0) size 800x138
    RenderBody {body} at (8,14) size 784x116
      RenderBlock {p} at (0,0) size 784x19
        RenderText {#text} at (0,0) size 333x19
          text run at (0,0) width 333: "In this test, the TFOOT text should be center aligned"
      RenderTable {table} at (0,33) size 169x83 [border: (1px outset #808080)]
        RenderTableSection {thead} at (1,1) size 167x27
          RenderTableRow {tr} at (0,2) size 167x23
            RenderTableCell {td} at (2,2) size 163x23 [border: (1px inset #808080)] [r=0 c=0 rs=1 cs=1]
              RenderText {#text} at (2,2) size 158x19
                text run at (2,2) width 158: "This text is in the THEAD"
        RenderTableSection {tfoot} at (1,55) size 167x27
          RenderTableRow {tr} at (0,2) size 167x23
            RenderTableCell {td} at (2,2) size 163x23 [border: (1px inset #808080)] [r=0 c=0 rs=1 cs=1]
              RenderText {#text} at (57,2) size 49x19
                text run at (57,2) width 49: "TFOOT"
        RenderTableSection {tbody} at (1,28) size 167x27
          RenderTableRow {tr} at (0,2) size 167x23
            RenderTableCell {td} at (2,2) size 163x23 [border: (1px inset #808080)] [r=0 c=0 rs=1 cs=1]
              RenderText {#text} at (2,2) size 159x19
                text run at (2,2) width 159: "This text is in the TBODY"
