layer at (0,0) size 800x600
  RenderView at (0,0) size 800x600
layer at (0,0) size 800x324
  RenderBlock {html} at (0,0) size 800x324
    RenderBody {body} at (8,14) size 784x302
      RenderBlock {p} at (0,0) size 784x19
        RenderText {#text} at (0,0) size 141x19
          text run at (0,0) width 141: "TFOOT VALIGN=TOP"
      RenderTable {table} at (0,33) size 656x269 [border: (1px outset #808080)]
        RenderTableSection {thead} at (1,1) size 654x27
          RenderTableRow {tr} at (0,2) size 654x23
            RenderTableCell {td} at (2,2) size 204x23 [border: (1px inset #808080)] [r=0 c=0 rs=1 cs=1]
              RenderText {#text} at (2,2) size 47x19
                text run at (2,2) width 47: "THEAD"
            RenderTableCell {td} at (208,2) size 444x23 [border: (1px inset #808080)] [r=0 c=1 rs=1 cs=1]
              RenderText {#text} at (2,2) size 47x19
                text run at (2,2) width 47: "THEAD"
        RenderTableSection {tfoot} at (1,55) size 654x213
          RenderTableRow {tr} at (0,2) size 654x209
            RenderTableCell {td} at (2,2) size 204x209 [border: (1px inset #808080)] [r=0 c=0 rs=1 cs=1]
              RenderImage {img} at (2,2) size 200x200
            RenderTableCell {td} at (208,2) size 444x23 [border: (1px inset #808080)] [r=0 c=1 rs=1 cs=1]
              RenderText {#text} at (2,2) size 440x19
                text run at (2,2) width 377: "The top of this text should be vertically aligned to the top of "
                text run at (379,2) width 63: "the image"
        RenderTableSection {tbody} at (1,28) size 654x27
          RenderTableRow {tr} at (0,2) size 654x23
            RenderTableCell {td} at (2,2) size 204x23 [border: (1px inset #808080)] [r=0 c=0 rs=1 cs=1]
              RenderText {#text} at (2,2) size 48x19
                text run at (2,2) width 48: "TBODY"
            RenderTableCell {td} at (208,2) size 444x23 [border: (1px inset #808080)] [r=0 c=1 rs=1 cs=1]
              RenderText {#text} at (2,2) size 48x19
                text run at (2,2) width 48: "TBODY"
