layer at (0,0) size 800x600
  RenderView at (0,0) size 800x600
layer at (0,0) size 800x383
  RenderBlock {html} at (0,0) size 800x383
    RenderBody {body} at (8,14) size 784x361
      RenderBlock {p} at (0,0) size 784x19
        RenderText {#text} at (0,0) size 149x19
          text run at (0,0) width 149: "TH VALIGN=BASELINE"
      RenderTable {table} at (0,33) size 784x328 [border: (1px outset #808080)]
        RenderTableSection (anonymous) at (1,1) size 782x326
          RenderTableRow {tr} at (0,2) size 782x322
            RenderTableCell {th} at (2,28) size 204x124 [border: (1px inset #808080)] [r=0 c=0 rs=1 cs=1]
              RenderText {#text} at (5,2) size 193x120
                text run at (5,2) width 193: "Compare the baseline of the"
                text run at (12,22) width 78: "first line of "
                text run at (90,22) width 101: "text in this cell"
                text run at (6,42) width 192: "with the baseline of the first"
                text run at (10,62) width 94: "line of text in "
                text run at (104,62) width 89: "the next cell:"
                text run at (17,82) width 169: "they should be vertically"
                text run at (76,102) width 51: "aligned"
            RenderTableCell {th} at (208,2) size 572x322 [border: (1px inset #808080)] [r=0 c=1 rs=1 cs=1]
              RenderText {#text} at (21,2) size 551x319
                text run at (21,2) width 423: "Compare the baseline "
                text run at (444,2) width 107: "of the"
                text run at (42,55) width 487: "first line of text in this cell"
                text run at (25,108) width 447: "with the baseline of the "
                text run at (472,108) width 75: "first"
                text run at (41,161) width 489: "line of text in the previous"
                text run at (10,214) width 551: "cell: they should be vertically"
                text run at (217,267) width 138: "aligned"
