layer at (0,0) size 800x600
  RenderView at (0,0) size 800x600
layer at (0,0) size 800x322
  RenderBlock {html} at (0,0) size 800x322
    RenderBody {body} at (8,8) size 784x306
      RenderTable {table} at (0,0) size 110x90 [border: (1px outset #808080)]
        RenderTableSection (anonymous) at (1,1) size 108x88
          RenderTableRow {tr} at (0,2) size 108x84
            RenderTableCell {th} at (2,2) size 104x84 [border: (1px inset #808080)] [r=0 c=0 rs=1 cs=1]
              RenderText {#text} at (9,2) size 97x80
                text run at (9,2) width 86: "The width of"
                text run at (25,22) width 54: "this cell"
                text run at (3,42) width 97: "should be 100"
                text run at (31,62) width 41: "pixels"
      RenderBlock (anonymous) at (0,90) size 784x19
        RenderBR {br} at (0,0) size 0x19
      RenderTable {table} at (0,109) size 210x50 [border: (1px outset #808080)]
        RenderTableSection (anonymous) at (1,1) size 208x48
          RenderTableRow {tr} at (0,2) size 208x44
            RenderTableCell {th} at (2,2) size 204x44 [border: (1px inset #808080)] [r=0 c=0 rs=1 cs=1]
              RenderText {#text} at (4,2) size 196x40
                text run at (4,2) width 196: "The width of this cell should"
                text run at (57,22) width 90: "be 200 pixels"
      RenderBlock (anonymous) at (0,159) size 784x19
        RenderBR {br} at (0,0) size 0x19
      RenderTable {table} at (0,178) size 310x30 [border: (1px outset #808080)]
        RenderTableSection (anonymous) at (1,1) size 308x28
          RenderTableRow {tr} at (0,2) size 308x24
            RenderTableCell {th} at (2,2) size 304x24 [border: (1px inset #808080)] [r=0 c=0 rs=1 cs=1]
              RenderText {#text} at (7,2) size 290x20
                text run at (7,2) width 290: "The width of this cell should be 300 pixels"
      RenderBlock (anonymous) at (0,208) size 784x19
        RenderBR {br} at (0,0) size 0x19
      RenderTable {table} at (0,227) size 410x30 [border: (1px outset #808080)]
        RenderTableSection (anonymous) at (1,1) size 408x28
          RenderTableRow {tr} at (0,2) size 408x24
            RenderTableCell {th} at (2,2) size 404x24 [border: (1px inset #808080)] [r=0 c=0 rs=1 cs=1]
              RenderText {#text} at (57,2) size 290x20
                text run at (57,2) width 290: "The width of this cell should be 400 pixels"
      RenderBlock (anonymous) at (0,257) size 784x19
        RenderBR {br} at (0,0) size 0x19
      RenderTable {table} at (0,276) size 510x30 [border: (1px outset #808080)]
        RenderTableSection (anonymous) at (1,1) size 508x28
          RenderTableRow {tr} at (0,2) size 508x24
            RenderTableCell {th} at (2,2) size 504x24 [border: (1px inset #808080)] [r=0 c=0 rs=1 cs=1]
              RenderText {#text} at (107,2) size 290x20
                text run at (107,2) width 290: "The width of this cell should be 500 pixels"
