layer at (0,0) size 800x600
  RenderView at (0,0) size 800x600
layer at (0,0) size 800x271
  RenderBlock {html} at (0,0) size 800x271
    RenderBody {body} at (8,14) size 784x249
      RenderBlock {p} at (0,0) size 784x19
        RenderText {#text} at (0,0) size 111x19
          text run at (0,0) width 111: "TH VALIGN=TOP"
      RenderTable {table} at (0,33) size 701x216 [border: (1px outset #808080)]
        RenderTableSection (anonymous) at (1,1) size 699x214
          RenderTableRow {tr} at (0,2) size 699x210
            RenderTableCell {th} at (2,2) size 204x210 [border: (1px inset #808080)] [r=0 c=0 rs=1 cs=1]
              RenderImage {img} at (2,2) size 200x200
            RenderTableCell {th} at (208,2) size 489x24 [border: (1px inset #808080)] [r=0 c=1 rs=1 cs=1]
              RenderText {#text} at (2,2) size 485x20
                text run at (2,2) width 329: "The top of this text should be vertically aligned "
                text run at (331,2) width 156: "to the top of the image"
