layer at (0,0) size 938x600
  RenderView at (0,0) size 800x600
layer at (0,0) size 938x72
  RenderBlock {html} at (0,0) size 800x72
    RenderBody {body} at (8,8) size 784x56
      RenderTable {table} at (0,0) size 930x56 [border: (1px outset #808080)]
        RenderTableSection (anonymous) at (1,1) size 928x54
          RenderTableRow {tr} at (0,2) size 928x24
            RenderTableCell {th} at (2,2) size 924x24 [border: (1px inset #808080)] [r=0 c=0 rs=1 cs=1]
              RenderText {#text} at (2,2) size 920x20
                text run at (2,2) width 287: "The text in the cell should not wrap upon "
                text run at (289,2) width 263: "window resizing    x-fill x-fill x-fill x-fill "
                text run at (552,2) width 306: "x-fill x-fill x-fill x-fill x-fill x-fill x-fill x-fill x-fill "
                text run at (858,2) width 64: "x-fill x-fill"
          RenderTableRow {tr} at (0,28) size 928x24
            RenderTableCell {th} at (2,28) size 924x24 [border: (1px inset #808080)] [r=1 c=0 rs=1 cs=1]
              RenderText {#text} at (2,2) size 920x20
                text run at (2,2) width 287: "The text in the cell should not wrap upon "
                text run at (289,2) width 263: "window resizing    x-fill x-fill x-fill x-fill "
                text run at (552,2) width 306: "x-fill x-fill x-fill x-fill x-fill x-fill x-fill x-fill x-fill "
                text run at (858,2) width 64: "x-fill x-fill"
