layer at (0,0) size 800x600
  RenderView at (0,0) size 800x600
layer at (0,0) size 800x271
  RenderBlock {html} at (0,0) size 800x271
    RenderBody {body} at (8,14) size 784x249
      RenderBlock {p} at (0,0) size 784x19
        RenderText {#text} at (0,0) size 135x19
          text run at (0,0) width 135: "TH VALIGN=MIDDLE"
      RenderTable {table} at (0,33) size 653x216 [border: (1px outset #808080)]
        RenderTableSection (anonymous) at (1,1) size 651x214
          RenderTableRow {tr} at (0,2) size 651x210
            RenderTableCell {th} at (2,2) size 204x210 [border: (1px inset #808080)] [r=0 c=0 rs=1 cs=1]
              RenderImage {img} at (2,2) size 200x200
            RenderTableCell {th} at (208,95) size 441x24 [border: (1px inset #808080)] [r=0 c=1 rs=1 cs=1]
              RenderText {#text} at (2,2) size 437x20
                text run at (2,2) width 302: "This text should be vertically aligned to the "
                text run at (304,2) width 135: "middle of the image"
