layer at (0,0) size 800x600
  RenderView at (0,0) size 800x600
layer at (0,0) size 800x271
  RenderBlock {html} at (0,0) size 800x271
    RenderBody {body} at (8,14) size 784x249
      RenderBlock {p} at (0,0) size 784x19
        RenderText {#text} at (0,0) size 143x19
          text run at (0,0) width 143: "TH VALIGN=BOTTOM"
      RenderTable {table} at (0,33) size 784x216 [border: (1px outset #808080)]
        RenderTableSection (anonymous) at (1,1) size 782x214
          RenderTableRow {tr} at (0,2) size 782x210
            RenderTableCell {th} at (2,2) size 204x210 [border: (1px inset #808080)] [r=0 c=0 rs=1 cs=1]
              RenderImage {img} at (2,2) size 200x200
            RenderTableCell {th} at (208,148) size 572x64 [border: (1px inset #808080)] [r=0 c=1 rs=1 cs=1]
              RenderText {#text} at (7,2) size 561x60
                text run at (7,2) width 300: "The bottom of this text should be vertically "
                text run at (307,2) width 258: "aligned to the bottom of the image. x-"
                text run at (5,22) width 123: "fill x-fill x-fill x-fill "
                text run at (128,22) width 306: "x-fill x-fill x-fill x-fill x-fill x-fill x-fill x-fill x-fill "
                text run at (434,22) width 132: "x-fill x-fill x-fill x-fill"
                text run at (101,42) width 170: "x-fill x-fill x-fill x-fill x-fill "
                text run at (271,42) width 200: "x-fill x-fill x-fill x-fill x-fill x-fill"
