layer at (0,0) size 800x600
  RenderView at (0,0) size 800x600
layer at (0,0) size 800x213
  RenderBlock {html} at (0,0) size 800x213
    RenderBody {body} at (8,14) size 784x191
      RenderBlock {p} at (0,0) size 784x19
        RenderText {#text} at (0,0) size 390x19
          text run at (0,0) width 390: "The numbers in the THEAD should align at the decimal points"
      RenderTable {table} at (0,33) size 347x158 [border: (1px outset #808080)]
        RenderTableSection {thead} at (1,1) size 345x52
          RenderTableRow {tr} at (0,2) size 345x23
            RenderTableCell {td} at (2,2) size 107x23 [border: (1px inset #808080)] [r=0 c=0 rs=1 cs=1]
              RenderText {#text} at (2,2) size 87x19
                text run at (2,2) width 87: "THEAD 55.00"
            RenderTableCell {td} at (111,2) size 115x23 [border: (1px inset #808080)] [r=0 c=1 rs=1 cs=1]
              RenderText {#text} at (2,2) size 111x19
                text run at (2,2) width 111: "THEAD 55555.00"
            RenderTableCell {td} at (228,2) size 115x23 [border: (1px inset #808080)] [r=0 c=2 rs=1 cs=1]
              RenderText {#text} at (2,2) size 95x19
                text run at (2,2) width 95: "THEAD 555.00"
          RenderTableRow {tr} at (0,27) size 345x23
            RenderTableCell {td} at (2,27) size 107x23 [border: (1px inset #808080)] [r=1 c=0 rs=1 cs=1]
              RenderText {#text} at (2,2) size 103x19
                text run at (2,2) width 103: "THEAD 1234.56"
            RenderTableCell {td} at (111,27) size 115x23 [border: (1px inset #808080)] [r=1 c=1 rs=1 cs=1]
              RenderText {#text} at (2,2) size 95x19
                text run at (2,2) width 95: "THEAD 123.45"
            RenderTableCell {td} at (228,27) size 115x23 [border: (1px inset #808080)] [r=1 c=2 rs=1 cs=1]
              RenderText {#text} at (2,2) size 111x19
                text run at (2,2) width 111: "THEAD 12345.67"
        RenderTableSection {tfoot} at (1,105) size 345x52
          RenderTableRow {tr} at (0,2) size 345x23
            RenderTableCell {td} at (2,2) size 107x23 [border: (1px inset #808080)] [r=0 c=0 rs=1 cs=1]
              RenderText {#text} at (2,2) size 49x19
                text run at (2,2) width 49: "TFOOT"
            RenderTableCell {td} at (111,2) size 115x23 [border: (1px inset #808080)] [r=0 c=1 rs=1 cs=1]
              RenderText {#text} at (2,2) size 49x19
                text run at (2,2) width 49: "TFOOT"
            RenderTableCell {td} at (228,2) size 115x23 [border: (1px inset #808080)] [r=0 c=2 rs=1 cs=1]
              RenderText {#text} at (2,2) size 49x19
                text run at (2,2) width 49: "TFOOT"
          RenderTableRow {tr} at (0,27) size 345x23
            RenderTableCell {td} at (2,27) size 107x23 [border: (1px inset #808080)] [r=1 c=0 rs=1 cs=1]
              RenderText {#text} at (2,2) size 49x19
                text run at (2,2) width 49: "TFOOT"
            RenderTableCell {td} at (111,27) size 115x23 [border: (1px inset #808080)] [r=1 c=1 rs=1 cs=1]
              RenderText {#text} at (2,2) size 49x19
                text run at (2,2) width 49: "TFOOT"
            RenderTableCell {td} at (228,27) size 115x23 [border: (1px inset #808080)] [r=1 c=2 rs=1 cs=1]
              RenderText {#text} at (2,2) size 49x19
                text run at (2,2) width 49: "TFOOT"
        RenderTableSection {tbody} at (1,53) size 345x52
          RenderTableRow {tr} at (0,2) size 345x23
            RenderTableCell {td} at (2,2) size 107x23 [border: (1px inset #808080)] [r=0 c=0 rs=1 cs=1]
              RenderText {#text} at (2,2) size 48x19
                text run at (2,2) width 48: "TBODY"
            RenderTableCell {td} at (111,2) size 115x23 [border: (1px inset #808080)] [r=0 c=1 rs=1 cs=1]
              RenderText {#text} at (2,2) size 48x19
                text run at (2,2) width 48: "TBODY"
            RenderTableCell {td} at (228,2) size 115x23 [border: (1px inset #808080)] [r=0 c=2 rs=1 cs=1]
              RenderText {#text} at (2,2) size 48x19
                text run at (2,2) width 48: "TBODY"
          RenderTableRow {tr} at (0,27) size 345x23
            RenderTableCell {td} at (2,27) size 107x23 [border: (1px inset #808080)] [r=1 c=0 rs=1 cs=1]
              RenderText {#text} at (2,2) size 48x19
                text run at (2,2) width 48: "TBODY"
            RenderTableCell {td} at (111,27) size 115x23 [border: (1px inset #808080)] [r=1 c=1 rs=1 cs=1]
              RenderText {#text} at (2,2) size 48x19
                text run at (2,2) width 48: "TBODY"
            RenderTableCell {td} at (228,27) size 115x23 [border: (1px inset #808080)] [r=1 c=2 rs=1 cs=1]
              RenderText {#text} at (2,2) size 48x19
                text run at (2,2) width 48: "TBODY"
