layer at (0,0) size 800x1650
  RenderView at (0,0) size 800x600
layer at (0,0) size 800x1650
  RenderBlock {html} at (0,0) size 800x1650
    RenderBody {body} at (8,14) size 784x1628 [bgcolor=#FFFFFF]
      RenderBlock {p} at (0,0) size 784x19
        RenderText {#text} at (0,0) size 261x19
          text run at (0,0) width 261: "Black table with a white body background"
      RenderTable {table} at (0,33) size 466x56 [border: (1px outset #808080)]
        RenderTableSection (anonymous) at (1,1) size 464x54
          RenderTableRow {tr} at (0,2) size 464x24
            RenderTableCell {th} at (2,2) size 152x24 [bgcolor=#000000] [border: (1px inset #808080)] [r=0 c=0 rs=1 cs=1]
              RenderText {#text} at (2,2) size 148x20
                text run at (2,2) width 148: "table table table table"
            RenderTableCell {th} at (156,2) size 152x24 [bgcolor=#000000] [border: (1px inset #808080)] [r=0 c=1 rs=1 cs=1]
              RenderText {#text} at (2,2) size 148x20
                text run at (2,2) width 148: "table table table table"
            RenderTableCell {th} at (310,2) size 152x24 [bgcolor=#000000] [border: (1px inset #808080)] [r=0 c=2 rs=1 cs=1]
              RenderText {#text} at (2,2) size 148x20
                text run at (2,2) width 148: "table table table table"
          RenderTableRow {tr} at (0,28) size 464x24
            RenderTableCell {th} at (2,28) size 152x24 [bgcolor=#000000] [border: (1px inset #808080)] [r=1 c=0 rs=1 cs=1]
              RenderText {#text} at (2,2) size 148x20
                text run at (2,2) width 148: "table table table table"
            RenderTableCell {th} at (156,28) size 152x24 [bgcolor=#000000] [border: (1px inset #808080)] [r=1 c=1 rs=1 cs=1]
              RenderText {#text} at (2,2) size 148x20
                text run at (2,2) width 148: "table table table table"
            RenderTableCell {th} at (310,28) size 152x24 [bgcolor=#000000] [border: (1px inset #808080)] [r=1 c=2 rs=1 cs=1]
              RenderText {#text} at (2,2) size 148x20
                text run at (2,2) width 148: "table table table table"
      RenderBlock {p} at (0,103) size 784x19
        RenderText {#text} at (0,0) size 262x19
          text run at (0,0) width 262: "Silver table with a white body background"
      RenderTable {table} at (0,136) size 466x56 [border: (1px outset #808080)]
        RenderTableSection (anonymous) at (1,1) size 464x54
          RenderTableRow {tr} at (0,2) size 464x24
            RenderTableCell {th} at (2,2) size 152x24 [bgcolor=#C0C0C0] [border: (1px inset #808080)] [r=0 c=0 rs=1 cs=1]
              RenderText {#text} at (2,2) size 148x20
                text run at (2,2) width 148: "table table table table"
            RenderTableCell {th} at (156,2) size 152x24 [bgcolor=#C0C0C0] [border: (1px inset #808080)] [r=0 c=1 rs=1 cs=1]
              RenderText {#text} at (2,2) size 148x20
                text run at (2,2) width 148: "table table table table"
            RenderTableCell {th} at (310,2) size 152x24 [bgcolor=#C0C0C0] [border: (1px inset #808080)] [r=0 c=2 rs=1 cs=1]
              RenderText {#text} at (2,2) size 148x20
                text run at (2,2) width 148: "table table table table"
          RenderTableRow {tr} at (0,28) size 464x24
            RenderTableCell {th} at (2,28) size 152x24 [bgcolor=#C0C0C0] [border: (1px inset #808080)] [r=1 c=0 rs=1 cs=1]
              RenderText {#text} at (2,2) size 148x20
                text run at (2,2) width 148: "table table table table"
            RenderTableCell {th} at (156,28) size 152x24 [bgcolor=#C0C0C0] [border: (1px inset #808080)] [r=1 c=1 rs=1 cs=1]
              RenderText {#text} at (2,2) size 148x20
                text run at (2,2) width 148: "table table table table"
            RenderTableCell {th} at (310,28) size 152x24 [bgcolor=#C0C0C0] [border: (1px inset #808080)] [r=1 c=2 rs=1 cs=1]
              RenderText {#text} at (2,2) size 148x20
                text run at (2,2) width 148: "table table table table"
      RenderBlock {p} at (0,206) size 784x19
        RenderText {#text} at (0,0) size 258x19
          text run at (0,0) width 258: "Gray table with a white body background"
      RenderTable {table} at (0,239) size 466x56 [border: (1px outset #808080)]
        RenderTableSection (anonymous) at (1,1) size 464x54
          RenderTableRow {tr} at (0,2) size 464x24
            RenderTableCell {th} at (2,2) size 152x24 [bgcolor=#808080] [border: (1px inset #808080)] [r=0 c=0 rs=1 cs=1]
              RenderText {#text} at (2,2) size 148x20
                text run at (2,2) width 148: "table table table table"
            RenderTableCell {th} at (156,2) size 152x24 [bgcolor=#808080] [border: (1px inset #808080)] [r=0 c=1 rs=1 cs=1]
              RenderText {#text} at (2,2) size 148x20
                text run at (2,2) width 148: "table table table table"
            RenderTableCell {th} at (310,2) size 152x24 [bgcolor=#808080] [border: (1px inset #808080)] [r=0 c=2 rs=1 cs=1]
              RenderText {#text} at (2,2) size 148x20
                text run at (2,2) width 148: "table table table table"
          RenderTableRow {tr} at (0,28) size 464x24
            RenderTableCell {th} at (2,28) size 152x24 [bgcolor=#808080] [border: (1px inset #808080)] [r=1 c=0 rs=1 cs=1]
              RenderText {#text} at (2,2) size 148x20
                text run at (2,2) width 148: "table table table table"
            RenderTableCell {th} at (156,28) size 152x24 [bgcolor=#808080] [border: (1px inset #808080)] [r=1 c=1 rs=1 cs=1]
              RenderText {#text} at (2,2) size 148x20
                text run at (2,2) width 148: "table table table table"
            RenderTableCell {th} at (310,28) size 152x24 [bgcolor=#808080] [border: (1px inset #808080)] [r=1 c=2 rs=1 cs=1]
              RenderText {#text} at (2,2) size 148x20
                text run at (2,2) width 148: "table table table table"
      RenderBlock {p} at (0,309) size 784x19
        RenderText {#text} at (0,0) size 263x19
          text run at (0,0) width 263: "White table with a white body background"
      RenderTable {table} at (0,342) size 466x56 [border: (1px outset #808080)]
        RenderTableSection (anonymous) at (1,1) size 464x54
          RenderTableRow {tr} at (0,2) size 464x24
            RenderTableCell {th} at (2,2) size 152x24 [bgcolor=#FFFFFF] [border: (1px inset #808080)] [r=0 c=0 rs=1 cs=1]
              RenderText {#text} at (2,2) size 148x20
                text run at (2,2) width 148: "table table table table"
            RenderTableCell {th} at (156,2) size 152x24 [bgcolor=#FFFFFF] [border: (1px inset #808080)] [r=0 c=1 rs=1 cs=1]
              RenderText {#text} at (2,2) size 148x20
                text run at (2,2) width 148: "table table table table"
            RenderTableCell {th} at (310,2) size 152x24 [bgcolor=#FFFFFF] [border: (1px inset #808080)] [r=0 c=2 rs=1 cs=1]
              RenderText {#text} at (2,2) size 148x20
                text run at (2,2) width 148: "table table table table"
          RenderTableRow {tr} at (0,28) size 464x24
            RenderTableCell {th} at (2,28) size 152x24 [bgcolor=#FFFFFF] [border: (1px inset #808080)] [r=1 c=0 rs=1 cs=1]
              RenderText {#text} at (2,2) size 148x20
                text run at (2,2) width 148: "table table table table"
            RenderTableCell {th} at (156,28) size 152x24 [bgcolor=#FFFFFF] [border: (1px inset #808080)] [r=1 c=1 rs=1 cs=1]
              RenderText {#text} at (2,2) size 148x20
                text run at (2,2) width 148: "table table table table"
            RenderTableCell {th} at (310,28) size 152x24 [bgcolor=#FFFFFF] [border: (1px inset #808080)] [r=1 c=2 rs=1 cs=1]
              RenderText {#text} at (2,2) size 148x20
                text run at (2,2) width 148: "table table table table"
      RenderBlock {p} at (0,412) size 784x19
        RenderText {#text} at (0,0) size 276x19
          text run at (0,0) width 276: "Maroon table with a white body background"
      RenderTable {table} at (0,445) size 466x56 [border: (1px outset #808080)]
        RenderTableSection (anonymous) at (1,1) size 464x54
          RenderTableRow {tr} at (0,2) size 464x24
            RenderTableCell {th} at (2,2) size 152x24 [bgcolor=#800000] [border: (1px inset #808080)] [r=0 c=0 rs=1 cs=1]
              RenderText {#text} at (2,2) size 148x20
                text run at (2,2) width 148: "table table table table"
            RenderTableCell {th} at (156,2) size 152x24 [bgcolor=#800000] [border: (1px inset #808080)] [r=0 c=1 rs=1 cs=1]
              RenderText {#text} at (2,2) size 148x20
                text run at (2,2) width 148: "table table table table"
            RenderTableCell {th} at (310,2) size 152x24 [bgcolor=#800000] [border: (1px inset #808080)] [r=0 c=2 rs=1 cs=1]
              RenderText {#text} at (2,2) size 148x20
                text run at (2,2) width 148: "table table table table"
          RenderTableRow {tr} at (0,28) size 464x24
            RenderTableCell {th} at (2,28) size 152x24 [bgcolor=#800000] [border: (1px inset #808080)] [r=1 c=0 rs=1 cs=1]
              RenderText {#text} at (2,2) size 148x20
                text run at (2,2) width 148: "table table table table"
            RenderTableCell {th} at (156,28) size 152x24 [bgcolor=#800000] [border: (1px inset #808080)] [r=1 c=1 rs=1 cs=1]
              RenderText {#text} at (2,2) size 148x20
                text run at (2,2) width 148: "table table table table"
            RenderTableCell {th} at (310,28) size 152x24 [bgcolor=#800000] [border: (1px inset #808080)] [r=1 c=2 rs=1 cs=1]
              RenderText {#text} at (2,2) size 148x20
                text run at (2,2) width 148: "table table table table"
      RenderBlock {p} at (0,515) size 784x19
        RenderText {#text} at (0,0) size 253x19
          text run at (0,0) width 253: "Red table with a white body background"
      RenderTable {table} at (0,548) size 466x56 [border: (1px outset #808080)]
        RenderTableSection (anonymous) at (1,1) size 464x54
          RenderTableRow {tr} at (0,2) size 464x24
            RenderTableCell {th} at (2,2) size 152x24 [bgcolor=#FF0000] [border: (1px inset #808080)] [r=0 c=0 rs=1 cs=1]
              RenderText {#text} at (2,2) size 148x20
                text run at (2,2) width 148: "table table table table"
            RenderTableCell {th} at (156,2) size 152x24 [bgcolor=#FF0000] [border: (1px inset #808080)] [r=0 c=1 rs=1 cs=1]
              RenderText {#text} at (2,2) size 148x20
                text run at (2,2) width 148: "table table table table"
            RenderTableCell {th} at (310,2) size 152x24 [bgcolor=#FF0000] [border: (1px inset #808080)] [r=0 c=2 rs=1 cs=1]
              RenderText {#text} at (2,2) size 148x20
                text run at (2,2) width 148: "table table table table"
          RenderTableRow {tr} at (0,28) size 464x24
            RenderTableCell {th} at (2,28) size 152x24 [bgcolor=#FF0000] [border: (1px inset #808080)] [r=1 c=0 rs=1 cs=1]
              RenderText {#text} at (2,2) size 148x20
                text run at (2,2) width 148: "table table table table"
            RenderTableCell {th} at (156,28) size 152x24 [bgcolor=#FF0000] [border: (1px inset #808080)] [r=1 c=1 rs=1 cs=1]
              RenderText {#text} at (2,2) size 148x20
                text run at (2,2) width 148: "table table table table"
            RenderTableCell {th} at (310,28) size 152x24 [bgcolor=#FF0000] [border: (1px inset #808080)] [r=1 c=2 rs=1 cs=1]
              RenderText {#text} at (2,2) size 148x20
                text run at (2,2) width 148: "table table table table"
      RenderBlock {p} at (0,618) size 784x19
        RenderText {#text} at (0,0) size 268x19
          text run at (0,0) width 268: "Purple table with a white body background"
      RenderTable {table} at (0,651) size 466x56 [border: (1px outset #808080)]
        RenderTableSection (anonymous) at (1,1) size 464x54
          RenderTableRow {tr} at (0,2) size 464x24
            RenderTableCell {th} at (2,2) size 152x24 [bgcolor=#800080] [border: (1px inset #808080)] [r=0 c=0 rs=1 cs=1]
              RenderText {#text} at (2,2) size 148x20
                text run at (2,2) width 148: "table table table table"
            RenderTableCell {th} at (156,2) size 152x24 [bgcolor=#800080] [border: (1px inset #808080)] [r=0 c=1 rs=1 cs=1]
              RenderText {#text} at (2,2) size 148x20
                text run at (2,2) width 148: "table table table table"
            RenderTableCell {th} at (310,2) size 152x24 [bgcolor=#800080] [border: (1px inset #808080)] [r=0 c=2 rs=1 cs=1]
              RenderText {#text} at (2,2) size 148x20
                text run at (2,2) width 148: "table table table table"
          RenderTableRow {tr} at (0,28) size 464x24
            RenderTableCell {th} at (2,28) size 152x24 [bgcolor=#800080] [border: (1px inset #808080)] [r=1 c=0 rs=1 cs=1]
              RenderText {#text} at (2,2) size 148x20
                text run at (2,2) width 148: "table table table table"
            RenderTableCell {th} at (156,28) size 152x24 [bgcolor=#800080] [border: (1px inset #808080)] [r=1 c=1 rs=1 cs=1]
              RenderText {#text} at (2,2) size 148x20
                text run at (2,2) width 148: "table table table table"
            RenderTableCell {th} at (310,28) size 152x24 [bgcolor=#800080] [border: (1px inset #808080)] [r=1 c=2 rs=1 cs=1]
              RenderText {#text} at (2,2) size 148x20
                text run at (2,2) width 148: "table table table table"
      RenderBlock {p} at (0,721) size 784x19
        RenderText {#text} at (0,0) size 277x19
          text run at (0,0) width 277: "Fuchsia table with a white body background"
      RenderTable {table} at (0,754) size 466x56 [border: (1px outset #808080)]
        RenderTableSection (anonymous) at (1,1) size 464x54
          RenderTableRow {tr} at (0,2) size 464x24
            RenderTableCell {th} at (2,2) size 152x24 [bgcolor=#FF00FF] [border: (1px inset #808080)] [r=0 c=0 rs=1 cs=1]
              RenderText {#text} at (2,2) size 148x20
                text run at (2,2) width 148: "table table table table"
            RenderTableCell {th} at (156,2) size 152x24 [bgcolor=#FF00FF] [border: (1px inset #808080)] [r=0 c=1 rs=1 cs=1]
              RenderText {#text} at (2,2) size 148x20
                text run at (2,2) width 148: "table table table table"
            RenderTableCell {th} at (310,2) size 152x24 [bgcolor=#FF00FF] [border: (1px inset #808080)] [r=0 c=2 rs=1 cs=1]
              RenderText {#text} at (2,2) size 148x20
                text run at (2,2) width 148: "table table table table"
          RenderTableRow {tr} at (0,28) size 464x24
            RenderTableCell {th} at (2,28) size 152x24 [bgcolor=#FF00FF] [border: (1px inset #808080)] [r=1 c=0 rs=1 cs=1]
              RenderText {#text} at (2,2) size 148x20
                text run at (2,2) width 148: "table table table table"
            RenderTableCell {th} at (156,28) size 152x24 [bgcolor=#FF00FF] [border: (1px inset #808080)] [r=1 c=1 rs=1 cs=1]
              RenderText {#text} at (2,2) size 148x20
                text run at (2,2) width 148: "table table table table"
            RenderTableCell {th} at (310,28) size 152x24 [bgcolor=#FF00FF] [border: (1px inset #808080)] [r=1 c=2 rs=1 cs=1]
              RenderText {#text} at (2,2) size 148x20
                text run at (2,2) width 148: "table table table table"
      RenderBlock {p} at (0,824) size 784x19
        RenderText {#text} at (0,0) size 267x19
          text run at (0,0) width 267: "Green table with a white body background"
      RenderTable {table} at (0,857) size 466x56 [border: (1px outset #808080)]
        RenderTableSection (anonymous) at (1,1) size 464x54
          RenderTableRow {tr} at (0,2) size 464x24
            RenderTableCell {th} at (2,2) size 152x24 [bgcolor=#008000] [border: (1px inset #808080)] [r=0 c=0 rs=1 cs=1]
              RenderText {#text} at (2,2) size 148x20
                text run at (2,2) width 148: "table table table table"
            RenderTableCell {th} at (156,2) size 152x24 [bgcolor=#008000] [border: (1px inset #808080)] [r=0 c=1 rs=1 cs=1]
              RenderText {#text} at (2,2) size 148x20
                text run at (2,2) width 148: "table table table table"
            RenderTableCell {th} at (310,2) size 152x24 [bgcolor=#008000] [border: (1px inset #808080)] [r=0 c=2 rs=1 cs=1]
              RenderText {#text} at (2,2) size 148x20
                text run at (2,2) width 148: "table table table table"
          RenderTableRow {tr} at (0,28) size 464x24
            RenderTableCell {th} at (2,28) size 152x24 [bgcolor=#008000] [border: (1px inset #808080)] [r=1 c=0 rs=1 cs=1]
              RenderText {#text} at (2,2) size 148x20
                text run at (2,2) width 148: "table table table table"
            RenderTableCell {th} at (156,28) size 152x24 [bgcolor=#008000] [border: (1px inset #808080)] [r=1 c=1 rs=1 cs=1]
              RenderText {#text} at (2,2) size 148x20
                text run at (2,2) width 148: "table table table table"
            RenderTableCell {th} at (310,28) size 152x24 [bgcolor=#008000] [border: (1px inset #808080)] [r=1 c=2 rs=1 cs=1]
              RenderText {#text} at (2,2) size 148x20
                text run at (2,2) width 148: "table table table table"
      RenderBlock {p} at (0,927) size 784x19
        RenderText {#text} at (0,0) size 258x19
          text run at (0,0) width 258: "Lime table with a white body background"
      RenderTable {table} at (0,960) size 466x56 [border: (1px outset #808080)]
        RenderTableSection (anonymous) at (1,1) size 464x54
          RenderTableRow {tr} at (0,2) size 464x24
            RenderTableCell {th} at (2,2) size 152x24 [bgcolor=#00FF00] [border: (1px inset #808080)] [r=0 c=0 rs=1 cs=1]
              RenderText {#text} at (2,2) size 148x20
                text run at (2,2) width 148: "table table table table"
            RenderTableCell {th} at (156,2) size 152x24 [bgcolor=#00FF00] [border: (1px inset #808080)] [r=0 c=1 rs=1 cs=1]
              RenderText {#text} at (2,2) size 148x20
                text run at (2,2) width 148: "table table table table"
            RenderTableCell {th} at (310,2) size 152x24 [bgcolor=#00FF00] [border: (1px inset #808080)] [r=0 c=2 rs=1 cs=1]
              RenderText {#text} at (2,2) size 148x20
                text run at (2,2) width 148: "table table table table"
          RenderTableRow {tr} at (0,28) size 464x24
            RenderTableCell {th} at (2,28) size 152x24 [bgcolor=#00FF00] [border: (1px inset #808080)] [r=1 c=0 rs=1 cs=1]
              RenderText {#text} at (2,2) size 148x20
                text run at (2,2) width 148: "table table table table"
            RenderTableCell {th} at (156,28) size 152x24 [bgcolor=#00FF00] [border: (1px inset #808080)] [r=1 c=1 rs=1 cs=1]
              RenderText {#text} at (2,2) size 148x20
                text run at (2,2) width 148: "table table table table"
            RenderTableCell {th} at (310,28) size 152x24 [bgcolor=#00FF00] [border: (1px inset #808080)] [r=1 c=2 rs=1 cs=1]
              RenderText {#text} at (2,2) size 148x20
                text run at (2,2) width 148: "table table table table"
      RenderBlock {p} at (0,1030) size 784x19
        RenderText {#text} at (0,0) size 259x19
          text run at (0,0) width 259: "Olive table with a white body background"
      RenderTable {table} at (0,1063) size 466x56 [border: (1px outset #808080)]
        RenderTableSection (anonymous) at (1,1) size 464x54
          RenderTableRow {tr} at (0,2) size 464x24
            RenderTableCell {th} at (2,2) size 152x24 [bgcolor=#808000] [border: (1px inset #808080)] [r=0 c=0 rs=1 cs=1]
              RenderText {#text} at (2,2) size 148x20
                text run at (2,2) width 148: "table table table table"
            RenderTableCell {th} at (156,2) size 152x24 [bgcolor=#808000] [border: (1px inset #808080)] [r=0 c=1 rs=1 cs=1]
              RenderText {#text} at (2,2) size 148x20
                text run at (2,2) width 148: "table table table table"
            RenderTableCell {th} at (310,2) size 152x24 [bgcolor=#808000] [border: (1px inset #808080)] [r=0 c=2 rs=1 cs=1]
              RenderText {#text} at (2,2) size 148x20
                text run at (2,2) width 148: "table table table table"
          RenderTableRow {tr} at (0,28) size 464x24
            RenderTableCell {th} at (2,28) size 152x24 [bgcolor=#808000] [border: (1px inset #808080)] [r=1 c=0 rs=1 cs=1]
              RenderText {#text} at (2,2) size 148x20
                text run at (2,2) width 148: "table table table table"
            RenderTableCell {th} at (156,28) size 152x24 [bgcolor=#808000] [border: (1px inset #808080)] [r=1 c=1 rs=1 cs=1]
              RenderText {#text} at (2,2) size 148x20
                text run at (2,2) width 148: "table table table table"
            RenderTableCell {th} at (310,28) size 152x24 [bgcolor=#808000] [border: (1px inset #808080)] [r=1 c=2 rs=1 cs=1]
              RenderText {#text} at (2,2) size 148x20
                text run at (2,2) width 148: "table table table table"
      RenderBlock {p} at (0,1133) size 784x19
        RenderText {#text} at (0,0) size 268x19
          text run at (0,0) width 268: "Yellow table with a white body background"
      RenderTable {table} at (0,1166) size 466x56 [border: (1px outset #808080)]
        RenderTableSection (anonymous) at (1,1) size 464x54
          RenderTableRow {tr} at (0,2) size 464x24
            RenderTableCell {th} at (2,2) size 152x24 [bgcolor=#FFFF00] [border: (1px inset #808080)] [r=0 c=0 rs=1 cs=1]
              RenderText {#text} at (2,2) size 148x20
                text run at (2,2) width 148: "table table table table"
            RenderTableCell {th} at (156,2) size 152x24 [bgcolor=#FFFF00] [border: (1px inset #808080)] [r=0 c=1 rs=1 cs=1]
              RenderText {#text} at (2,2) size 148x20
                text run at (2,2) width 148: "table table table table"
            RenderTableCell {th} at (310,2) size 152x24 [bgcolor=#FFFF00] [border: (1px inset #808080)] [r=0 c=2 rs=1 cs=1]
              RenderText {#text} at (2,2) size 148x20
                text run at (2,2) width 148: "table table table table"
          RenderTableRow {tr} at (0,28) size 464x24
            RenderTableCell {th} at (2,28) size 152x24 [bgcolor=#FFFF00] [border: (1px inset #808080)] [r=1 c=0 rs=1 cs=1]
              RenderText {#text} at (2,2) size 148x20
                text run at (2,2) width 148: "table table table table"
            RenderTableCell {th} at (156,28) size 152x24 [bgcolor=#FFFF00] [border: (1px inset #808080)] [r=1 c=1 rs=1 cs=1]
              RenderText {#text} at (2,2) size 148x20
                text run at (2,2) width 148: "table table table table"
            RenderTableCell {th} at (310,28) size 152x24 [bgcolor=#FFFF00] [border: (1px inset #808080)] [r=1 c=2 rs=1 cs=1]
              RenderText {#text} at (2,2) size 148x20
                text run at (2,2) width 148: "table table table table"
      RenderBlock {p} at (0,1236) size 784x19
        RenderText {#text} at (0,0) size 259x19
          text run at (0,0) width 259: "Navy table with a white body background"
      RenderTable {table} at (0,1269) size 466x56 [border: (1px outset #808080)]
        RenderTableSection (anonymous) at (1,1) size 464x54
          RenderTableRow {tr} at (0,2) size 464x24
            RenderTableCell {th} at (2,2) size 152x24 [bgcolor=#000080] [border: (1px inset #808080)] [r=0 c=0 rs=1 cs=1]
              RenderText {#text} at (2,2) size 148x20
                text run at (2,2) width 148: "table table table table"
            RenderTableCell {th} at (156,2) size 152x24 [bgcolor=#000080] [border: (1px inset #808080)] [r=0 c=1 rs=1 cs=1]
              RenderText {#text} at (2,2) size 148x20
                text run at (2,2) width 148: "table table table table"
            RenderTableCell {th} at (310,2) size 152x24 [bgcolor=#000080] [border: (1px inset #808080)] [r=0 c=2 rs=1 cs=1]
              RenderText {#text} at (2,2) size 148x20
                text run at (2,2) width 148: "table table table table"
          RenderTableRow {tr} at (0,28) size 464x24
            RenderTableCell {th} at (2,28) size 152x24 [bgcolor=#000080] [border: (1px inset #808080)] [r=1 c=0 rs=1 cs=1]
              RenderText {#text} at (2,2) size 148x20
                text run at (2,2) width 148: "table table table table"
            RenderTableCell {th} at (156,28) size 152x24 [bgcolor=#000080] [border: (1px inset #808080)] [r=1 c=1 rs=1 cs=1]
              RenderText {#text} at (2,2) size 148x20
                text run at (2,2) width 148: "table table table table"
            RenderTableCell {th} at (310,28) size 152x24 [bgcolor=#000080] [border: (1px inset #808080)] [r=1 c=2 rs=1 cs=1]
              RenderText {#text} at (2,2) size 148x20
                text run at (2,2) width 148: "table table table table"
      RenderBlock {p} at (0,1339) size 784x19
        RenderText {#text} at (0,0) size 255x19
          text run at (0,0) width 255: "Blue table with a white body background"
      RenderTable {table} at (0,1372) size 466x56 [border: (1px outset #808080)]
        RenderTableSection (anonymous) at (1,1) size 464x54
          RenderTableRow {tr} at (0,2) size 464x24
            RenderTableCell {th} at (2,2) size 152x24 [bgcolor=#0000FF] [border: (1px inset #808080)] [r=0 c=0 rs=1 cs=1]
              RenderText {#text} at (2,2) size 148x20
                text run at (2,2) width 148: "table table table table"
            RenderTableCell {th} at (156,2) size 152x24 [bgcolor=#0000FF] [border: (1px inset #808080)] [r=0 c=1 rs=1 cs=1]
              RenderText {#text} at (2,2) size 148x20
                text run at (2,2) width 148: "table table table table"
            RenderTableCell {th} at (310,2) size 152x24 [bgcolor=#0000FF] [border: (1px inset #808080)] [r=0 c=2 rs=1 cs=1]
              RenderText {#text} at (2,2) size 148x20
                text run at (2,2) width 148: "table table table table"
          RenderTableRow {tr} at (0,28) size 464x24
            RenderTableCell {th} at (2,28) size 152x24 [bgcolor=#0000FF] [border: (1px inset #808080)] [r=1 c=0 rs=1 cs=1]
              RenderText {#text} at (2,2) size 148x20
                text run at (2,2) width 148: "table table table table"
            RenderTableCell {th} at (156,28) size 152x24 [bgcolor=#0000FF] [border: (1px inset #808080)] [r=1 c=1 rs=1 cs=1]
              RenderText {#text} at (2,2) size 148x20
                text run at (2,2) width 148: "table table table table"
            RenderTableCell {th} at (310,28) size 152x24 [bgcolor=#0000FF] [border: (1px inset #808080)] [r=1 c=2 rs=1 cs=1]
              RenderText {#text} at (2,2) size 148x20
                text run at (2,2) width 148: "table table table table"
      RenderBlock {p} at (0,1442) size 784x19
        RenderText {#text} at (0,0) size 255x19
          text run at (0,0) width 255: "Teal table with a white body background"
      RenderTable {table} at (0,1475) size 458x50
        RenderTableSection (anonymous) at (0,0) size 458x50
          RenderTableRow {tr} at (0,2) size 458x22
            RenderTableCell {th} at (2,2) size 150x22 [bgcolor=#008080] [r=0 c=0 rs=1 cs=1]
              RenderText {#text} at (1,1) size 148x20
                text run at (1,1) width 148: "table table table table"
            RenderTableCell {th} at (154,2) size 150x22 [bgcolor=#008080] [r=0 c=1 rs=1 cs=1]
              RenderText {#text} at (1,1) size 148x20
                text run at (1,1) width 148: "table table table table"
            RenderTableCell {th} at (306,2) size 150x22 [bgcolor=#008080] [r=0 c=2 rs=1 cs=1]
              RenderText {#text} at (1,1) size 148x20
                text run at (1,1) width 148: "table table table table"
          RenderTableRow {tr} at (0,26) size 458x22
            RenderTableCell {th} at (2,26) size 150x22 [bgcolor=#008080] [r=1 c=0 rs=1 cs=1]
              RenderText {#text} at (1,1) size 148x20
                text run at (1,1) width 148: "table table table table"
            RenderTableCell {th} at (154,26) size 150x22 [bgcolor=#008080] [r=1 c=1 rs=1 cs=1]
              RenderText {#text} at (1,1) size 148x20
                text run at (1,1) width 148: "table table table table"
            RenderTableCell {th} at (306,26) size 150x22 [bgcolor=#008080] [r=1 c=2 rs=1 cs=1]
              RenderText {#text} at (1,1) size 148x20
                text run at (1,1) width 148: "table table table table"
      RenderBlock {p} at (0,1539) size 784x19
        RenderText {#text} at (0,0) size 260x19
          text run at (0,0) width 260: "Aqua table with a white body background"
      RenderTable {table} at (0,1572) size 466x56 [border: (1px outset #808080)]
        RenderTableSection (anonymous) at (1,1) size 464x54
          RenderTableRow {tr} at (0,2) size 464x24
            RenderTableCell {th} at (2,2) size 152x24 [bgcolor=#00FFFF] [border: (1px inset #808080)] [r=0 c=0 rs=1 cs=1]
              RenderText {#text} at (2,2) size 148x20
                text run at (2,2) width 148: "table table table table"
            RenderTableCell {th} at (156,2) size 152x24 [bgcolor=#00FFFF] [border: (1px inset #808080)] [r=0 c=1 rs=1 cs=1]
              RenderText {#text} at (2,2) size 148x20
                text run at (2,2) width 148: "table table table table"
            RenderTableCell {th} at (310,2) size 152x24 [bgcolor=#00FFFF] [border: (1px inset #808080)] [r=0 c=2 rs=1 cs=1]
              RenderText {#text} at (2,2) size 148x20
                text run at (2,2) width 148: "table table table table"
          RenderTableRow {tr} at (0,28) size 464x24
            RenderTableCell {th} at (2,28) size 152x24 [bgcolor=#00FFFF] [border: (1px inset #808080)] [r=1 c=0 rs=1 cs=1]
              RenderText {#text} at (2,2) size 148x20
                text run at (2,2) width 148: "table table table table"
            RenderTableCell {th} at (156,28) size 152x24 [bgcolor=#00FFFF] [border: (1px inset #808080)] [r=1 c=1 rs=1 cs=1]
              RenderText {#text} at (2,2) size 148x20
                text run at (2,2) width 148: "table table table table"
            RenderTableCell {th} at (310,28) size 152x24 [bgcolor=#00FFFF] [border: (1px inset #808080)] [r=1 c=2 rs=1 cs=1]
              RenderText {#text} at (2,2) size 148x20
                text run at (2,2) width 148: "table table table table"
