layer at (0,0) size 800x600
  RenderView at (0,0) size 800x600
layer at (0,0) size 800x270
  RenderBlock {html} at (0,0) size 800x270
    RenderBody {body} at (8,14) size 784x248
      RenderBlock {p} at (0,0) size 784x19
        RenderText {#text} at (0,0) size 135x19
          text run at (0,0) width 135: "TR VALIGN=MIDDLE"
      RenderTable {table} at (0,33) size 614x215 [border: (1px outset #808080)]
        RenderTableSection (anonymous) at (1,1) size 612x213
          RenderTableRow {tr} at (0,2) size 612x209
            RenderTableCell {td} at (2,2) size 204x209 [border: (1px inset #808080)] [r=0 c=0 rs=1 cs=1]
              RenderImage {img} at (2,2) size 200x200
            RenderTableCell {td} at (208,95) size 402x23 [border: (1px inset #808080)] [r=0 c=1 rs=1 cs=1]
              RenderText {#text} at (2,2) size 398x19
                text run at (2,2) width 359: "This text should be vertically aligned to the middle of the "
                text run at (361,2) width 39: "image"
