layer at (0,0) size 800x1618
  RenderView at (0,0) size 800x600
layer at (0,0) size 800x1618
  RenderBlock {html} at (0,0) size 800x1618
    RenderBody {body} at (8,14) size 784x1596 [bgcolor=#FFFFFF]
      RenderBlock {p} at (0,0) size 784x19
        RenderText {#text} at (0,0) size 261x19
          text run at (0,0) width 261: "Black table with a white body background"
      RenderTable {table} at (0,33) size 430x54 [border: (1px outset #808080)]
        RenderTableSection (anonymous) at (1,1) size 428x52
          RenderTableRow {tr} at (0,2) size 428x23 [bgcolor=#000000]
            RenderTableCell {td} at (2,2) size 140x23 [border: (1px inset #808080)] [r=0 c=0 rs=1 cs=1]
              RenderText {#text} at (2,2) size 136x19
                text run at (2,2) width 136: "table table table table"
            RenderTableCell {td} at (144,2) size 140x23 [border: (1px inset #808080)] [r=0 c=1 rs=1 cs=1]
              RenderText {#text} at (2,2) size 136x19
                text run at (2,2) width 136: "table table table table"
            RenderTableCell {td} at (286,2) size 140x23 [border: (1px inset #808080)] [r=0 c=2 rs=1 cs=1]
              RenderText {#text} at (2,2) size 136x19
                text run at (2,2) width 136: "table table table table"
          RenderTableRow {tr} at (0,27) size 428x23 [bgcolor=#000000]
            RenderTableCell {td} at (2,27) size 140x23 [border: (1px inset #808080)] [r=1 c=0 rs=1 cs=1]
              RenderText {#text} at (2,2) size 136x19
                text run at (2,2) width 136: "table table table table"
            RenderTableCell {td} at (144,27) size 140x23 [border: (1px inset #808080)] [r=1 c=1 rs=1 cs=1]
              RenderText {#text} at (2,2) size 136x19
                text run at (2,2) width 136: "table table table table"
            RenderTableCell {td} at (286,27) size 140x23 [border: (1px inset #808080)] [r=1 c=2 rs=1 cs=1]
              RenderText {#text} at (2,2) size 136x19
                text run at (2,2) width 136: "table table table table"
      RenderBlock {p} at (0,101) size 784x19
        RenderText {#text} at (0,0) size 262x19
          text run at (0,0) width 262: "Silver table with a white body background"
      RenderTable {table} at (0,134) size 430x54 [border: (1px outset #808080)]
        RenderTableSection (anonymous) at (1,1) size 428x52
          RenderTableRow {tr} at (0,2) size 428x23 [bgcolor=#C0C0C0]
            RenderTableCell {td} at (2,2) size 140x23 [border: (1px inset #808080)] [r=0 c=0 rs=1 cs=1]
              RenderText {#text} at (2,2) size 136x19
                text run at (2,2) width 136: "table table table table"
            RenderTableCell {td} at (144,2) size 140x23 [border: (1px inset #808080)] [r=0 c=1 rs=1 cs=1]
              RenderText {#text} at (2,2) size 136x19
                text run at (2,2) width 136: "table table table table"
            RenderTableCell {td} at (286,2) size 140x23 [border: (1px inset #808080)] [r=0 c=2 rs=1 cs=1]
              RenderText {#text} at (2,2) size 136x19
                text run at (2,2) width 136: "table table table table"
          RenderTableRow {tr} at (0,27) size 428x23 [bgcolor=#C0C0C0]
            RenderTableCell {td} at (2,27) size 140x23 [border: (1px inset #808080)] [r=1 c=0 rs=1 cs=1]
              RenderText {#text} at (2,2) size 136x19
                text run at (2,2) width 136: "table table table table"
            RenderTableCell {td} at (144,27) size 140x23 [border: (1px inset #808080)] [r=1 c=1 rs=1 cs=1]
              RenderText {#text} at (2,2) size 136x19
                text run at (2,2) width 136: "table table table table"
            RenderTableCell {td} at (286,27) size 140x23 [border: (1px inset #808080)] [r=1 c=2 rs=1 cs=1]
              RenderText {#text} at (2,2) size 136x19
                text run at (2,2) width 136: "table table table table"
      RenderBlock {p} at (0,202) size 784x19
        RenderText {#text} at (0,0) size 258x19
          text run at (0,0) width 258: "Gray table with a white body background"
      RenderTable {table} at (0,235) size 430x54 [border: (1px outset #808080)]
        RenderTableSection (anonymous) at (1,1) size 428x52
          RenderTableRow {tr} at (0,2) size 428x23 [bgcolor=#808080]
            RenderTableCell {td} at (2,2) size 140x23 [border: (1px inset #808080)] [r=0 c=0 rs=1 cs=1]
              RenderText {#text} at (2,2) size 136x19
                text run at (2,2) width 136: "table table table table"
            RenderTableCell {td} at (144,2) size 140x23 [border: (1px inset #808080)] [r=0 c=1 rs=1 cs=1]
              RenderText {#text} at (2,2) size 136x19
                text run at (2,2) width 136: "table table table table"
            RenderTableCell {td} at (286,2) size 140x23 [border: (1px inset #808080)] [r=0 c=2 rs=1 cs=1]
              RenderText {#text} at (2,2) size 136x19
                text run at (2,2) width 136: "table table table table"
          RenderTableRow {tr} at (0,27) size 428x23 [bgcolor=#808080]
            RenderTableCell {td} at (2,27) size 140x23 [border: (1px inset #808080)] [r=1 c=0 rs=1 cs=1]
              RenderText {#text} at (2,2) size 136x19
                text run at (2,2) width 136: "table table table table"
            RenderTableCell {td} at (144,27) size 140x23 [border: (1px inset #808080)] [r=1 c=1 rs=1 cs=1]
              RenderText {#text} at (2,2) size 136x19
                text run at (2,2) width 136: "table table table table"
            RenderTableCell {td} at (286,27) size 140x23 [border: (1px inset #808080)] [r=1 c=2 rs=1 cs=1]
              RenderText {#text} at (2,2) size 136x19
                text run at (2,2) width 136: "table table table table"
      RenderBlock {p} at (0,303) size 784x19
        RenderText {#text} at (0,0) size 263x19
          text run at (0,0) width 263: "White table with a white body background"
      RenderTable {table} at (0,336) size 430x54 [border: (1px outset #808080)]
        RenderTableSection (anonymous) at (1,1) size 428x52
          RenderTableRow {tr} at (0,2) size 428x23 [bgcolor=#FFFFFF]
            RenderTableCell {td} at (2,2) size 140x23 [border: (1px inset #808080)] [r=0 c=0 rs=1 cs=1]
              RenderText {#text} at (2,2) size 136x19
                text run at (2,2) width 136: "table table table table"
            RenderTableCell {td} at (144,2) size 140x23 [border: (1px inset #808080)] [r=0 c=1 rs=1 cs=1]
              RenderText {#text} at (2,2) size 136x19
                text run at (2,2) width 136: "table table table table"
            RenderTableCell {td} at (286,2) size 140x23 [border: (1px inset #808080)] [r=0 c=2 rs=1 cs=1]
              RenderText {#text} at (2,2) size 136x19
                text run at (2,2) width 136: "table table table table"
          RenderTableRow {tr} at (0,27) size 428x23 [bgcolor=#FFFFFF]
            RenderTableCell {td} at (2,27) size 140x23 [border: (1px inset #808080)] [r=1 c=0 rs=1 cs=1]
              RenderText {#text} at (2,2) size 136x19
                text run at (2,2) width 136: "table table table table"
            RenderTableCell {td} at (144,27) size 140x23 [border: (1px inset #808080)] [r=1 c=1 rs=1 cs=1]
              RenderText {#text} at (2,2) size 136x19
                text run at (2,2) width 136: "table table table table"
            RenderTableCell {td} at (286,27) size 140x23 [border: (1px inset #808080)] [r=1 c=2 rs=1 cs=1]
              RenderText {#text} at (2,2) size 136x19
                text run at (2,2) width 136: "table table table table"
      RenderBlock {p} at (0,404) size 784x19
        RenderText {#text} at (0,0) size 276x19
          text run at (0,0) width 276: "Maroon table with a white body background"
      RenderTable {table} at (0,437) size 430x54 [border: (1px outset #808080)]
        RenderTableSection (anonymous) at (1,1) size 428x52
          RenderTableRow {tr} at (0,2) size 428x23 [bgcolor=#800000]
            RenderTableCell {td} at (2,2) size 140x23 [border: (1px inset #808080)] [r=0 c=0 rs=1 cs=1]
              RenderText {#text} at (2,2) size 136x19
                text run at (2,2) width 136: "table table table table"
            RenderTableCell {td} at (144,2) size 140x23 [border: (1px inset #808080)] [r=0 c=1 rs=1 cs=1]
              RenderText {#text} at (2,2) size 136x19
                text run at (2,2) width 136: "table table table table"
            RenderTableCell {td} at (286,2) size 140x23 [border: (1px inset #808080)] [r=0 c=2 rs=1 cs=1]
              RenderText {#text} at (2,2) size 136x19
                text run at (2,2) width 136: "table table table table"
          RenderTableRow {tr} at (0,27) size 428x23 [bgcolor=#800000]
            RenderTableCell {td} at (2,27) size 140x23 [border: (1px inset #808080)] [r=1 c=0 rs=1 cs=1]
              RenderText {#text} at (2,2) size 136x19
                text run at (2,2) width 136: "table table table table"
            RenderTableCell {td} at (144,27) size 140x23 [border: (1px inset #808080)] [r=1 c=1 rs=1 cs=1]
              RenderText {#text} at (2,2) size 136x19
                text run at (2,2) width 136: "table table table table"
            RenderTableCell {td} at (286,27) size 140x23 [border: (1px inset #808080)] [r=1 c=2 rs=1 cs=1]
              RenderText {#text} at (2,2) size 136x19
                text run at (2,2) width 136: "table table table table"
      RenderBlock {p} at (0,505) size 784x19
        RenderText {#text} at (0,0) size 253x19
          text run at (0,0) width 253: "Red table with a white body background"
      RenderTable {table} at (0,538) size 430x54 [border: (1px outset #808080)]
        RenderTableSection (anonymous) at (1,1) size 428x52
          RenderTableRow {tr} at (0,2) size 428x23 [bgcolor=#FF0000]
            RenderTableCell {td} at (2,2) size 140x23 [border: (1px inset #808080)] [r=0 c=0 rs=1 cs=1]
              RenderText {#text} at (2,2) size 136x19
                text run at (2,2) width 136: "table table table table"
            RenderTableCell {td} at (144,2) size 140x23 [border: (1px inset #808080)] [r=0 c=1 rs=1 cs=1]
              RenderText {#text} at (2,2) size 136x19
                text run at (2,2) width 136: "table table table table"
            RenderTableCell {td} at (286,2) size 140x23 [border: (1px inset #808080)] [r=0 c=2 rs=1 cs=1]
              RenderText {#text} at (2,2) size 136x19
                text run at (2,2) width 136: "table table table table"
          RenderTableRow {tr} at (0,27) size 428x23 [bgcolor=#FF0000]
            RenderTableCell {td} at (2,27) size 140x23 [border: (1px inset #808080)] [r=1 c=0 rs=1 cs=1]
              RenderText {#text} at (2,2) size 136x19
                text run at (2,2) width 136: "table table table table"
            RenderTableCell {td} at (144,27) size 140x23 [border: (1px inset #808080)] [r=1 c=1 rs=1 cs=1]
              RenderText {#text} at (2,2) size 136x19
                text run at (2,2) width 136: "table table table table"
            RenderTableCell {td} at (286,27) size 140x23 [border: (1px inset #808080)] [r=1 c=2 rs=1 cs=1]
              RenderText {#text} at (2,2) size 136x19
                text run at (2,2) width 136: "table table table table"
      RenderBlock {p} at (0,606) size 784x19
        RenderText {#text} at (0,0) size 268x19
          text run at (0,0) width 268: "Purple table with a white body background"
      RenderTable {table} at (0,639) size 430x54 [border: (1px outset #808080)]
        RenderTableSection (anonymous) at (1,1) size 428x52
          RenderTableRow {tr} at (0,2) size 428x23 [bgcolor=#800080]
            RenderTableCell {td} at (2,2) size 140x23 [border: (1px inset #808080)] [r=0 c=0 rs=1 cs=1]
              RenderText {#text} at (2,2) size 136x19
                text run at (2,2) width 136: "table table table table"
            RenderTableCell {td} at (144,2) size 140x23 [border: (1px inset #808080)] [r=0 c=1 rs=1 cs=1]
              RenderText {#text} at (2,2) size 136x19
                text run at (2,2) width 136: "table table table table"
            RenderTableCell {td} at (286,2) size 140x23 [border: (1px inset #808080)] [r=0 c=2 rs=1 cs=1]
              RenderText {#text} at (2,2) size 136x19
                text run at (2,2) width 136: "table table table table"
          RenderTableRow {tr} at (0,27) size 428x23 [bgcolor=#800080]
            RenderTableCell {td} at (2,27) size 140x23 [border: (1px inset #808080)] [r=1 c=0 rs=1 cs=1]
              RenderText {#text} at (2,2) size 136x19
                text run at (2,2) width 136: "table table table table"
            RenderTableCell {td} at (144,27) size 140x23 [border: (1px inset #808080)] [r=1 c=1 rs=1 cs=1]
              RenderText {#text} at (2,2) size 136x19
                text run at (2,2) width 136: "table table table table"
            RenderTableCell {td} at (286,27) size 140x23 [border: (1px inset #808080)] [r=1 c=2 rs=1 cs=1]
              RenderText {#text} at (2,2) size 136x19
                text run at (2,2) width 136: "table table table table"
      RenderBlock {p} at (0,707) size 784x19
        RenderText {#text} at (0,0) size 277x19
          text run at (0,0) width 277: "Fuchsia table with a white body background"
      RenderTable {table} at (0,740) size 430x54 [border: (1px outset #808080)]
        RenderTableSection (anonymous) at (1,1) size 428x52
          RenderTableRow {tr} at (0,2) size 428x23 [bgcolor=#FF00FF]
            RenderTableCell {td} at (2,2) size 140x23 [border: (1px inset #808080)] [r=0 c=0 rs=1 cs=1]
              RenderText {#text} at (2,2) size 136x19
                text run at (2,2) width 136: "table table table table"
            RenderTableCell {td} at (144,2) size 140x23 [border: (1px inset #808080)] [r=0 c=1 rs=1 cs=1]
              RenderText {#text} at (2,2) size 136x19
                text run at (2,2) width 136: "table table table table"
            RenderTableCell {td} at (286,2) size 140x23 [border: (1px inset #808080)] [r=0 c=2 rs=1 cs=1]
              RenderText {#text} at (2,2) size 136x19
                text run at (2,2) width 136: "table table table table"
          RenderTableRow {tr} at (0,27) size 428x23 [bgcolor=#FF00FF]
            RenderTableCell {td} at (2,27) size 140x23 [border: (1px inset #808080)] [r=1 c=0 rs=1 cs=1]
              RenderText {#text} at (2,2) size 136x19
                text run at (2,2) width 136: "table table table table"
            RenderTableCell {td} at (144,27) size 140x23 [border: (1px inset #808080)] [r=1 c=1 rs=1 cs=1]
              RenderText {#text} at (2,2) size 136x19
                text run at (2,2) width 136: "table table table table"
            RenderTableCell {td} at (286,27) size 140x23 [border: (1px inset #808080)] [r=1 c=2 rs=1 cs=1]
              RenderText {#text} at (2,2) size 136x19
                text run at (2,2) width 136: "table table table table"
      RenderBlock {p} at (0,808) size 784x19
        RenderText {#text} at (0,0) size 267x19
          text run at (0,0) width 267: "Green table with a white body background"
      RenderTable {table} at (0,841) size 430x54 [border: (1px outset #808080)]
        RenderTableSection (anonymous) at (1,1) size 428x52
          RenderTableRow {tr} at (0,2) size 428x23 [bgcolor=#008000]
            RenderTableCell {td} at (2,2) size 140x23 [border: (1px inset #808080)] [r=0 c=0 rs=1 cs=1]
              RenderText {#text} at (2,2) size 136x19
                text run at (2,2) width 136: "table table table table"
            RenderTableCell {td} at (144,2) size 140x23 [border: (1px inset #808080)] [r=0 c=1 rs=1 cs=1]
              RenderText {#text} at (2,2) size 136x19
                text run at (2,2) width 136: "table table table table"
            RenderTableCell {td} at (286,2) size 140x23 [border: (1px inset #808080)] [r=0 c=2 rs=1 cs=1]
              RenderText {#text} at (2,2) size 136x19
                text run at (2,2) width 136: "table table table table"
          RenderTableRow {tr} at (0,27) size 428x23 [bgcolor=#008000]
            RenderTableCell {td} at (2,27) size 140x23 [border: (1px inset #808080)] [r=1 c=0 rs=1 cs=1]
              RenderText {#text} at (2,2) size 136x19
                text run at (2,2) width 136: "table table table table"
            RenderTableCell {td} at (144,27) size 140x23 [border: (1px inset #808080)] [r=1 c=1 rs=1 cs=1]
              RenderText {#text} at (2,2) size 136x19
                text run at (2,2) width 136: "table table table table"
            RenderTableCell {td} at (286,27) size 140x23 [border: (1px inset #808080)] [r=1 c=2 rs=1 cs=1]
              RenderText {#text} at (2,2) size 136x19
                text run at (2,2) width 136: "table table table table"
      RenderBlock {p} at (0,909) size 784x19
        RenderText {#text} at (0,0) size 258x19
          text run at (0,0) width 258: "Lime table with a white body background"
      RenderTable {table} at (0,942) size 430x54 [border: (1px outset #808080)]
        RenderTableSection (anonymous) at (1,1) size 428x52
          RenderTableRow {tr} at (0,2) size 428x23 [bgcolor=#00FF00]
            RenderTableCell {td} at (2,2) size 140x23 [border: (1px inset #808080)] [r=0 c=0 rs=1 cs=1]
              RenderText {#text} at (2,2) size 136x19
                text run at (2,2) width 136: "table table table table"
            RenderTableCell {td} at (144,2) size 140x23 [border: (1px inset #808080)] [r=0 c=1 rs=1 cs=1]
              RenderText {#text} at (2,2) size 136x19
                text run at (2,2) width 136: "table table table table"
            RenderTableCell {td} at (286,2) size 140x23 [border: (1px inset #808080)] [r=0 c=2 rs=1 cs=1]
              RenderText {#text} at (2,2) size 136x19
                text run at (2,2) width 136: "table table table table"
          RenderTableRow {tr} at (0,27) size 428x23 [bgcolor=#00FF00]
            RenderTableCell {td} at (2,27) size 140x23 [border: (1px inset #808080)] [r=1 c=0 rs=1 cs=1]
              RenderText {#text} at (2,2) size 136x19
                text run at (2,2) width 136: "table table table table"
            RenderTableCell {td} at (144,27) size 140x23 [border: (1px inset #808080)] [r=1 c=1 rs=1 cs=1]
              RenderText {#text} at (2,2) size 136x19
                text run at (2,2) width 136: "table table table table"
            RenderTableCell {td} at (286,27) size 140x23 [border: (1px inset #808080)] [r=1 c=2 rs=1 cs=1]
              RenderText {#text} at (2,2) size 136x19
                text run at (2,2) width 136: "table table table table"
      RenderBlock {p} at (0,1010) size 784x19
        RenderText {#text} at (0,0) size 259x19
          text run at (0,0) width 259: "Olive table with a white body background"
      RenderTable {table} at (0,1043) size 430x54 [border: (1px outset #808080)]
        RenderTableSection (anonymous) at (1,1) size 428x52
          RenderTableRow {tr} at (0,2) size 428x23 [bgcolor=#808000]
            RenderTableCell {td} at (2,2) size 140x23 [border: (1px inset #808080)] [r=0 c=0 rs=1 cs=1]
              RenderText {#text} at (2,2) size 136x19
                text run at (2,2) width 136: "table table table table"
            RenderTableCell {td} at (144,2) size 140x23 [border: (1px inset #808080)] [r=0 c=1 rs=1 cs=1]
              RenderText {#text} at (2,2) size 136x19
                text run at (2,2) width 136: "table table table table"
            RenderTableCell {td} at (286,2) size 140x23 [border: (1px inset #808080)] [r=0 c=2 rs=1 cs=1]
              RenderText {#text} at (2,2) size 136x19
                text run at (2,2) width 136: "table table table table"
          RenderTableRow {tr} at (0,27) size 428x23 [bgcolor=#808000]
            RenderTableCell {td} at (2,27) size 140x23 [border: (1px inset #808080)] [r=1 c=0 rs=1 cs=1]
              RenderText {#text} at (2,2) size 136x19
                text run at (2,2) width 136: "table table table table"
            RenderTableCell {td} at (144,27) size 140x23 [border: (1px inset #808080)] [r=1 c=1 rs=1 cs=1]
              RenderText {#text} at (2,2) size 136x19
                text run at (2,2) width 136: "table table table table"
            RenderTableCell {td} at (286,27) size 140x23 [border: (1px inset #808080)] [r=1 c=2 rs=1 cs=1]
              RenderText {#text} at (2,2) size 136x19
                text run at (2,2) width 136: "table table table table"
      RenderBlock {p} at (0,1111) size 784x19
        RenderText {#text} at (0,0) size 268x19
          text run at (0,0) width 268: "Yellow table with a white body background"
      RenderTable {table} at (0,1144) size 430x54 [border: (1px outset #808080)]
        RenderTableSection (anonymous) at (1,1) size 428x52
          RenderTableRow {tr} at (0,2) size 428x23 [bgcolor=#FFFF00]
            RenderTableCell {td} at (2,2) size 140x23 [border: (1px inset #808080)] [r=0 c=0 rs=1 cs=1]
              RenderText {#text} at (2,2) size 136x19
                text run at (2,2) width 136: "table table table table"
            RenderTableCell {td} at (144,2) size 140x23 [border: (1px inset #808080)] [r=0 c=1 rs=1 cs=1]
              RenderText {#text} at (2,2) size 136x19
                text run at (2,2) width 136: "table table table table"
            RenderTableCell {td} at (286,2) size 140x23 [border: (1px inset #808080)] [r=0 c=2 rs=1 cs=1]
              RenderText {#text} at (2,2) size 136x19
                text run at (2,2) width 136: "table table table table"
          RenderTableRow {tr} at (0,27) size 428x23 [bgcolor=#FFFF00]
            RenderTableCell {td} at (2,27) size 140x23 [border: (1px inset #808080)] [r=1 c=0 rs=1 cs=1]
              RenderText {#text} at (2,2) size 136x19
                text run at (2,2) width 136: "table table table table"
            RenderTableCell {td} at (144,27) size 140x23 [border: (1px inset #808080)] [r=1 c=1 rs=1 cs=1]
              RenderText {#text} at (2,2) size 136x19
                text run at (2,2) width 136: "table table table table"
            RenderTableCell {td} at (286,27) size 140x23 [border: (1px inset #808080)] [r=1 c=2 rs=1 cs=1]
              RenderText {#text} at (2,2) size 136x19
                text run at (2,2) width 136: "table table table table"
      RenderBlock {p} at (0,1212) size 784x19
        RenderText {#text} at (0,0) size 259x19
          text run at (0,0) width 259: "Navy table with a white body background"
      RenderTable {table} at (0,1245) size 430x54 [border: (1px outset #808080)]
        RenderTableSection (anonymous) at (1,1) size 428x52
          RenderTableRow {tr} at (0,2) size 428x23 [bgcolor=#000080]
            RenderTableCell {td} at (2,2) size 140x23 [border: (1px inset #808080)] [r=0 c=0 rs=1 cs=1]
              RenderText {#text} at (2,2) size 136x19
                text run at (2,2) width 136: "table table table table"
            RenderTableCell {td} at (144,2) size 140x23 [border: (1px inset #808080)] [r=0 c=1 rs=1 cs=1]
              RenderText {#text} at (2,2) size 136x19
                text run at (2,2) width 136: "table table table table"
            RenderTableCell {td} at (286,2) size 140x23 [border: (1px inset #808080)] [r=0 c=2 rs=1 cs=1]
              RenderText {#text} at (2,2) size 136x19
                text run at (2,2) width 136: "table table table table"
          RenderTableRow {tr} at (0,27) size 428x23 [bgcolor=#000080]
            RenderTableCell {td} at (2,27) size 140x23 [border: (1px inset #808080)] [r=1 c=0 rs=1 cs=1]
              RenderText {#text} at (2,2) size 136x19
                text run at (2,2) width 136: "table table table table"
            RenderTableCell {td} at (144,27) size 140x23 [border: (1px inset #808080)] [r=1 c=1 rs=1 cs=1]
              RenderText {#text} at (2,2) size 136x19
                text run at (2,2) width 136: "table table table table"
            RenderTableCell {td} at (286,27) size 140x23 [border: (1px inset #808080)] [r=1 c=2 rs=1 cs=1]
              RenderText {#text} at (2,2) size 136x19
                text run at (2,2) width 136: "table table table table"
      RenderBlock {p} at (0,1313) size 784x19
        RenderText {#text} at (0,0) size 255x19
          text run at (0,0) width 255: "Blue table with a white body background"
      RenderTable {table} at (0,1346) size 430x54 [border: (1px outset #808080)]
        RenderTableSection (anonymous) at (1,1) size 428x52
          RenderTableRow {tr} at (0,2) size 428x23 [bgcolor=#0000FF]
            RenderTableCell {td} at (2,2) size 140x23 [border: (1px inset #808080)] [r=0 c=0 rs=1 cs=1]
              RenderText {#text} at (2,2) size 136x19
                text run at (2,2) width 136: "table table table table"
            RenderTableCell {td} at (144,2) size 140x23 [border: (1px inset #808080)] [r=0 c=1 rs=1 cs=1]
              RenderText {#text} at (2,2) size 136x19
                text run at (2,2) width 136: "table table table table"
            RenderTableCell {td} at (286,2) size 140x23 [border: (1px inset #808080)] [r=0 c=2 rs=1 cs=1]
              RenderText {#text} at (2,2) size 136x19
                text run at (2,2) width 136: "table table table table"
          RenderTableRow {tr} at (0,27) size 428x23 [bgcolor=#0000FF]
            RenderTableCell {td} at (2,27) size 140x23 [border: (1px inset #808080)] [r=1 c=0 rs=1 cs=1]
              RenderText {#text} at (2,2) size 136x19
                text run at (2,2) width 136: "table table table table"
            RenderTableCell {td} at (144,27) size 140x23 [border: (1px inset #808080)] [r=1 c=1 rs=1 cs=1]
              RenderText {#text} at (2,2) size 136x19
                text run at (2,2) width 136: "table table table table"
            RenderTableCell {td} at (286,27) size 140x23 [border: (1px inset #808080)] [r=1 c=2 rs=1 cs=1]
              RenderText {#text} at (2,2) size 136x19
                text run at (2,2) width 136: "table table table table"
      RenderBlock {p} at (0,1414) size 784x19
        RenderText {#text} at (0,0) size 255x19
          text run at (0,0) width 255: "Teal table with a white body background"
      RenderTable {table} at (0,1447) size 422x48
        RenderTableSection (anonymous) at (0,0) size 422x48
          RenderTableRow {tr} at (0,2) size 422x21 [bgcolor=#008080]
            RenderTableCell {td} at (2,2) size 138x21 [r=0 c=0 rs=1 cs=1]
              RenderText {#text} at (1,1) size 136x19
                text run at (1,1) width 136: "table table table table"
            RenderTableCell {td} at (142,2) size 138x21 [r=0 c=1 rs=1 cs=1]
              RenderText {#text} at (1,1) size 136x19
                text run at (1,1) width 136: "table table table table"
            RenderTableCell {td} at (282,2) size 138x21 [r=0 c=2 rs=1 cs=1]
              RenderText {#text} at (1,1) size 136x19
                text run at (1,1) width 136: "table table table table"
          RenderTableRow {tr} at (0,25) size 422x21 [bgcolor=#008080]
            RenderTableCell {td} at (2,25) size 138x21 [r=1 c=0 rs=1 cs=1]
              RenderText {#text} at (1,1) size 136x19
                text run at (1,1) width 136: "table table table table"
            RenderTableCell {td} at (142,25) size 138x21 [r=1 c=1 rs=1 cs=1]
              RenderText {#text} at (1,1) size 136x19
                text run at (1,1) width 136: "table table table table"
            RenderTableCell {td} at (282,25) size 138x21 [r=1 c=2 rs=1 cs=1]
              RenderText {#text} at (1,1) size 136x19
                text run at (1,1) width 136: "table table table table"
      RenderBlock {p} at (0,1509) size 784x19
        RenderText {#text} at (0,0) size 260x19
          text run at (0,0) width 260: "Aqua table with a white body background"
      RenderTable {table} at (0,1542) size 430x54 [border: (1px outset #808080)]
        RenderTableSection (anonymous) at (1,1) size 428x52
          RenderTableRow {tr} at (0,2) size 428x23 [bgcolor=#00FFFF]
            RenderTableCell {td} at (2,2) size 140x23 [border: (1px inset #808080)] [r=0 c=0 rs=1 cs=1]
              RenderText {#text} at (2,2) size 136x19
                text run at (2,2) width 136: "table table table table"
            RenderTableCell {td} at (144,2) size 140x23 [border: (1px inset #808080)] [r=0 c=1 rs=1 cs=1]
              RenderText {#text} at (2,2) size 136x19
                text run at (2,2) width 136: "table table table table"
            RenderTableCell {td} at (286,2) size 140x23 [border: (1px inset #808080)] [r=0 c=2 rs=1 cs=1]
              RenderText {#text} at (2,2) size 136x19
                text run at (2,2) width 136: "table table table table"
          RenderTableRow {tr} at (0,27) size 428x23 [bgcolor=#00FFFF]
            RenderTableCell {td} at (2,27) size 140x23 [border: (1px inset #808080)] [r=1 c=0 rs=1 cs=1]
              RenderText {#text} at (2,2) size 136x19
                text run at (2,2) width 136: "table table table table"
            RenderTableCell {td} at (144,27) size 140x23 [border: (1px inset #808080)] [r=1 c=1 rs=1 cs=1]
              RenderText {#text} at (2,2) size 136x19
                text run at (2,2) width 136: "table table table table"
            RenderTableCell {td} at (286,27) size 140x23 [border: (1px inset #808080)] [r=1 c=2 rs=1 cs=1]
              RenderText {#text} at (2,2) size 136x19
                text run at (2,2) width 136: "table table table table"
