layer at (0,0) size 800x600
  RenderView at (0,0) size 800x600
layer at (0,0) size 800x600
  RenderBlock {HTML} at (0,0) size 800x600
    RenderBody {BODY} at (8,8) size 784x584
      RenderMenuList {SELECT} at (2,2) size 52x18 [bgcolor=#DDDDDD]
        RenderBlock (anonymous) at (0,0) size 52x18
          RenderText at (4,1) size 29x16
            text run at (4,1) width 29: "Hello"
      RenderText {#text} at (56,1) size 4x19
        text run at (56,1) width 4: " "
      RenderMenuList {SELECT} at (62,2) size 75x18 [bgcolor=#DDDDDD]
        RenderBlock (anonymous) at (0,0) size 75x18
          RenderText at (4,1) size 52x16
            text run at (4,1) width 52: "Goodbye"
      RenderText {#text} at (0,0) size 0x0
