layer at (0,0) size 800x600
  RenderView at (0,0) size 800x600
layer at (0,0) size 800x600
  RenderBlock {HTML} at (0,0) size 800x600
    RenderBody {BODY} at (8,8) size 784x584
      RenderButton {INPUT} at (2,2) size 57x20 [bgcolor=#DDDDDD] [border: (2px outset #DDDDDD)]
        RenderBlock (anonymous) at (8,2) size 41x16
          RenderText at (0,0) size 41x16
            text run at (0,0) width 41: "Submit"
      RenderBR {BR} at (61,17) size 0x0
      RenderButton {INPUT} at (2,26) size 50x20 [bgcolor=#DDDDDD] [border: (2px outset #DDDDDD)]
        RenderBlock (anonymous) at (8,2) size 34x16
          RenderText at (0,0) size 34x16
            text run at (0,0) width 34: "Reset"
      RenderBR {BR} at (54,41) size 0x0
