layer at (0,0) size 800x600
  RenderView at (0,0) size 800x600
layer at (0,0) size 800x282
  RenderBlock {HTML} at (0,0) size 800x282
    RenderBody {BODY} at (8,16) size 784x258
      RenderBlock {P} at (0,0) size 784x40
        RenderText {#text} at (0,0) size 300x19
          text run at (0,0) width 279: "This is a test of generated content in <button> "
          text run at (279,0) width 21: "for "
        RenderInline {I} at (0,0) size 752x39
          RenderInline {A} at (0,0) size 350x19 [color=#0000EE]
            RenderText {#text} at (300,0) size 350x19
              text run at (300,0) width 350: "http://bugzilla.opendarwin.org/show_bug.cgi?id=9561"
          RenderText {#text} at (650,0) size 752x39
            text run at (650,0) width 4: " "
            text run at (654,0) width 98: "REGRESSION:"
            text run at (0,20) width 439: "Content property on :before of button causes hang on click or hover"
        RenderText {#text} at (439,20) size 4x19
          text run at (439,20) width 4: "."
      RenderBlock {HR} at (0,56) size 784x2 [border: (1px inset #000000)]
      RenderBlock (anonymous) at (0,66) size 784x192
        RenderButton {BUTTON} at (2,2) size 51x20 [color=#0000FF] [bgcolor=#DDDDDD] [border: (2px outset #DDDDDD)]
          RenderBlock (anonymous) at (8,2) size 35x16
            RenderInline (generated) at (0,0) size 35x16
              RenderText at (0,0) size 35x16
                text run at (0,0) width 35: "before"
        RenderText {#text} at (55,2) size 4x19
          text run at (55,2) width 4: " "
        RenderButton {BUTTON} at (61,2) size 87x20 [color=#0000FF] [bgcolor=#DDDDDD] [border: (2px outset #DDDDDD)]
          RenderBlock (anonymous) at (8,2) size 71x16
            RenderInline (generated) at (0,0) size 35x16
              RenderText at (0,0) size 35x16
                text run at (0,0) width 35: "before"
            RenderText {#text} at (35,0) size 36x16
              text run at (35,0) width 36: "button"
        RenderText {#text} at (150,2) size 4x19
          text run at (150,2) width 4: " "
        RenderBR {BR} at (0,0) size 0x0
        RenderButton {BUTTON} at (2,26) size 41x20 [color=#0000FF] [bgcolor=#DDDDDD] [border: (2px outset #DDDDDD)]
          RenderBlock (anonymous) at (8,2) size 25x16
            RenderInline (generated) at (0,0) size 25x16
              RenderText at (0,0) size 25x16
                text run at (0,0) width 25: "after"
        RenderText {#text} at (45,26) size 4x19
          text run at (45,26) width 4: " "
        RenderButton {BUTTON} at (51,26) size 77x20 [color=#0000FF] [bgcolor=#DDDDDD] [border: (2px outset #DDDDDD)]
          RenderBlock (anonymous) at (8,2) size 61x16
            RenderText {#text} at (0,0) size 36x16
              text run at (0,0) width 36: "button"
            RenderInline (generated) at (0,0) size 25x16
              RenderText at (36,0) size 25x16
                text run at (36,0) width 25: "after"
        RenderText {#text} at (130,26) size 4x19
          text run at (130,26) width 4: " "
        RenderBR {BR} at (0,0) size 0x0
        RenderButton {BUTTON} at (2,59) size 16x4 [bgcolor=#DDDDDD] [border: (2px outset #DDDDDD)]
          RenderBlock (anonymous) at (8,2) size 0x0
        RenderText {#text} at (20,50) size 4x19
          text run at (20,50) width 4: " "
        RenderButton {BUTTON} at (26,50) size 52x20 [bgcolor=#DDDDDD] [border: (2px outset #DDDDDD)]
          RenderBlock (anonymous) at (8,2) size 36x16
            RenderText {#text} at (0,0) size 36x16
              text run at (0,0) width 36: "button"
        RenderText {#text} at (80,50) size 4x19
          text run at (80,50) width 4: " "
        RenderBR {BR} at (0,0) size 0x0
        RenderButton {BUTTON} at (2,83) size 16x4 [bgcolor=#DDDDDD] [border: (2px outset #DDDDDD)]
          RenderBlock (anonymous) at (8,2) size 0x0
        RenderText {#text} at (20,74) size 4x19
          text run at (20,74) width 4: " "
        RenderButton {BUTTON} at (26,74) size 52x20 [bgcolor=#DDDDDD] [border: (2px outset #DDDDDD)]
          RenderBlock (anonymous) at (8,2) size 36x16
            RenderText {#text} at (0,0) size 36x16
              text run at (0,0) width 36: "button"
        RenderText {#text} at (80,74) size 4x19
          text run at (80,74) width 4: " "
        RenderBR {BR} at (0,0) size 0x0
        RenderButton {BUTTON} at (2,98) size 51x20 [bgcolor=#DDDDDD] [border: (2px outset #DDDDDD)]
          RenderBlock (anonymous) at (8,2) size 35x16
            RenderInline (generated) at (0,0) size 35x16
              RenderText at (0,0) size 35x16
                text run at (0,0) width 35: "before"
        RenderText {#text} at (55,98) size 4x19
          text run at (55,98) width 4: " "
        RenderButton {BUTTON} at (61,98) size 87x20 [bgcolor=#DDDDDD] [border: (2px outset #DDDDDD)]
          RenderBlock (anonymous) at (8,2) size 71x16
            RenderInline (generated) at (0,0) size 35x16
              RenderText at (0,0) size 35x16
                text run at (0,0) width 35: "before"
            RenderText {#text} at (35,0) size 36x16
              text run at (35,0) width 36: "button"
        RenderText {#text} at (150,98) size 4x19
          text run at (150,98) width 4: " "
        RenderBR {BR} at (0,0) size 0x0
        RenderButton {BUTTON} at (2,122) size 41x20 [bgcolor=#DDDDDD] [border: (2px outset #DDDDDD)]
          RenderBlock (anonymous) at (8,2) size 25x16
            RenderInline (generated) at (0,0) size 25x16
              RenderText at (0,0) size 25x16
                text run at (0,0) width 25: "after"
        RenderText {#text} at (45,122) size 4x19
          text run at (45,122) width 4: " "
        RenderButton {BUTTON} at (51,122) size 77x20 [bgcolor=#DDDDDD] [border: (2px outset #DDDDDD)]
          RenderBlock (anonymous) at (8,2) size 61x16
            RenderText {#text} at (0,0) size 36x16
              text run at (0,0) width 36: "button"
            RenderInline (generated) at (0,0) size 25x16
              RenderText at (36,0) size 25x16
                text run at (36,0) width 25: "after"
        RenderText {#text} at (130,122) size 4x19
          text run at (130,122) width 4: " "
        RenderBR {BR} at (0,0) size 0x0
        RenderButton {BUTTON} at (2,146) size 51x20 [bgcolor=#DDDDDD] [border: (2px outset #DDDDDD)]
          RenderBlock (anonymous) at (8,2) size 35x16
            RenderInline (generated) at (0,0) size 35x16
              RenderText at (0,0) size 35x16
                text run at (0,0) width 35: "before"
        RenderText {#text} at (55,146) size 4x19
          text run at (55,146) width 4: " "
        RenderButton {BUTTON} at (61,146) size 87x20 [bgcolor=#DDDDDD] [border: (2px outset #DDDDDD)]
          RenderBlock (anonymous) at (8,2) size 71x16
            RenderInline (generated) at (0,0) size 35x16
              RenderText at (0,0) size 35x16
                text run at (0,0) width 35: "before"
            RenderText {#text} at (35,0) size 36x16
              text run at (35,0) width 36: "button"
        RenderText {#text} at (150,146) size 4x19
          text run at (150,146) width 4: " "
        RenderBR {BR} at (0,0) size 0x0
        RenderButton {BUTTON} at (2,170) size 41x20 [bgcolor=#DDDDDD] [border: (2px outset #DDDDDD)]
          RenderBlock (anonymous) at (8,2) size 25x16
            RenderInline (generated) at (0,0) size 25x16
              RenderText at (0,0) size 25x16
                text run at (0,0) width 25: "after"
        RenderText {#text} at (45,170) size 4x19
          text run at (45,170) width 4: " "
        RenderButton {BUTTON} at (51,170) size 77x20 [bgcolor=#DDDDDD] [border: (2px outset #DDDDDD)]
          RenderBlock (anonymous) at (8,2) size 61x16
            RenderText {#text} at (0,0) size 36x16
              text run at (0,0) width 36: "button"
            RenderInline (generated) at (0,0) size 25x16
              RenderText at (36,0) size 25x16
                text run at (36,0) width 25: "after"
        RenderText {#text} at (130,170) size 4x19
          text run at (130,170) width 4: " "
        RenderBR {BR} at (0,0) size 0x0
