layer at (0,0) size 800x600
  RenderView at (0,0) size 800x600
layer at (0,0) size 800x600
  RenderBlock {HTML} at (0,0) size 800x600
    RenderBody {BODY} at (8,8) size 784x584
      RenderText {#text} at (0,0) size 494x19
        text run at (0,0) width 494: "This tests that we don't honor line-height for controls that have restricted font size. "
      RenderBR {BR} at (0,0) size 0x0
      RenderMenuList {SELECT} at (2,22) size 317x18 [bgcolor=#DDDDDD]
        RenderBlock (anonymous) at (0,0) size 317x18
          RenderText at (4,1) size 294x16
            text run at (4,1) width 294: "This text should be centered vertically in the button"
      RenderText {#text} at (321,21) size 4x19
        text run at (321,21) width 4: " "
      RenderBR {BR} at (0,0) size 0x0
      RenderButton {INPUT} at (2,44) size 310x20 [bgcolor=#DDDDDD] [border: (2px outset #DDDDDD)]
        RenderBlock (anonymous) at (8,2) size 294x16
          RenderText at (0,0) size 294x16
            text run at (0,0) width 294: "This text should be centered vertically in the button"
      RenderText {#text} at (314,44) size 4x19
        text run at (314,44) width 4: " "
      RenderBR {BR} at (0,0) size 0x0
      RenderTextControl {INPUT} at (2,68) size 157x22 [bgcolor=#FFFFFF] [border: (2px inset #000000)]
        RenderBlock {DIV} at (3,3) size 151x16
          RenderBlock {DIV} at (0,2) size 1x11
          RenderBlock {DIV} at (139,4) size 9x9
      RenderText {#text} at (0,0) size 0x0
      RenderText {#text} at (0,0) size 0x0
      RenderText {#text} at (0,0) size 0x0
layer at (14,79) size 138x16 scrollWidth 296
  RenderBlock {DIV} at (1,0) size 138x16
    RenderText {#text} at (1,0) size 294x16
      text run at (1,0) width 294: "This text should be centered vertically in the button"
