layer at (0,0) size 800x600
  RenderView at (0,0) size 800x600
layer at (0,0) size 800x600
  RenderBlock {HTML} at (0,0) size 800x600
    RenderBody {BODY} at (8,8) size 784x584
      RenderMenuList {SELECT} at (2,2) size 59x18 [color=#808080] [bgcolor=#DDDDDD]
        RenderBlock (anonymous) at (0,0) size 59x18
          RenderText at (4,1) size 36x16
            text run at (4,1) width 36: "PASS"
      RenderBR {BR} at (63,16) size 0x0
      RenderMenuList {SELECT} at (2,24) size 59x18 [color=#808080] [bgcolor=#DDDDDD]
        RenderBlock (anonymous) at (0,0) size 59x18
          RenderText at (4,1) size 36x16
            text run at (4,1) width 36: "PASS"
      RenderBR {BR} at (63,38) size 0x0
      RenderMenuList {SELECT} at (2,46) size 59x18 [bgcolor=#DDDDDD]
        RenderBlock (anonymous) at (0,0) size 59x18
          RenderText at (4,1) size 36x16
            text run at (4,1) width 36: "PASS"
      RenderBR {BR} at (63,60) size 0x0
      RenderMenuList {SELECT} at (2,68) size 59x18 [bgcolor=#DDDDDD]
        RenderBlock (anonymous) at (0,0) size 59x18
          RenderText at (4,1) size 36x16
            text run at (4,1) width 36: "PASS"
      RenderBR {BR} at (63,82) size 0x0
      RenderListBox {SELECT} at (2,90) size 57x69 [color=#808080] [bgcolor=#DDDDDD] [border: (1px inset #808080)]
      RenderBR {BR} at (61,154) size 0x0
      RenderListBox {SELECT} at (2,163) size 57x69 [color=#808080] [bgcolor=#DDDDDD] [border: (1px inset #808080)]
      RenderBR {BR} at (61,227) size 0x0
      RenderListBox {SELECT} at (2,236) size 57x69 [bgcolor=#DDDDDD] [border: (1px inset #808080)]
      RenderBR {BR} at (61,300) size 0x0
      RenderListBox {SELECT} at (2,309) size 57x69 [bgcolor=#DDDDDD] [border: (1px inset #808080)]
      RenderBR {BR} at (61,373) size 0x0
      RenderText {#text} at (0,380) size 472x19
        text run at (0,380) width 472: "PASS: sel1 correctly set to selectedIndex 1 by sel1.options[1].selected = true."
      RenderBR {BR} at (472,395) size 0x0
      RenderText {#text} at (0,400) size 425x19
        text run at (0,400) width 425: "PASS: sel2 correctly set to selectedIndex 1 by sel2.selectedIndex = 1."
      RenderBR {BR} at (425,415) size 0x0
      RenderText {#text} at (0,420) size 472x19
        text run at (0,420) width 472: "PASS: sel3 correctly set to selectedIndex 1 by sel3.options[1].selected = true."
      RenderBR {BR} at (472,435) size 0x0
      RenderText {#text} at (0,440) size 425x19
        text run at (0,440) width 425: "PASS: sel4 correctly set to selectedIndex 1 by sel4.selectedIndex = 1."
      RenderBR {BR} at (425,455) size 0x0
      RenderText {#text} at (0,460) size 472x19
        text run at (0,460) width 472: "PASS: sel5 correctly set to selectedIndex 1 by sel5.options[1].selected = true."
      RenderBR {BR} at (472,475) size 0x0
      RenderText {#text} at (0,480) size 425x19
        text run at (0,480) width 425: "PASS: sel6 correctly set to selectedIndex 1 by sel6.selectedIndex = 1."
      RenderBR {BR} at (425,495) size 0x0
      RenderText {#text} at (0,500) size 472x19
        text run at (0,500) width 472: "PASS: sel7 correctly set to selectedIndex 1 by sel7.options[1].selected = true."
      RenderBR {BR} at (472,515) size 0x0
      RenderText {#text} at (0,520) size 425x19
        text run at (0,520) width 425: "PASS: sel8 correctly set to selectedIndex 1 by sel8.selectedIndex = 1."
      RenderBR {BR} at (425,535) size 0x0
