layer at (0,0) size 800x600
  RenderView at (0,0) size 800x600
layer at (0,0) size 800x600
  RenderBlock {HTML} at (0,0) size 800x600
    RenderBody {BODY} at (8,8) size 784x576
      RenderBlock {FORM} at (0,0) size 784x67
        RenderBlock (anonymous) at (0,0) size 784x65
          RenderBlock {INPUT} at (4,3) size 13x13
          RenderInline {B} at (0,0) size 73x19
            RenderText {#text} at (20,1) size 73x19
              text run at (20,1) width 73: "Attach File"
          RenderBR {BR} at (93,16) size 0x0
          RenderBR {BR} at (0,21) size 0x19
          RenderText {#text} at (0,43) size 82x19
            text run at (0,43) width 82: "  Select File:  "
          RenderFileUploadControl {INPUT} at (84,43) size 238x20 "No file chosen"
            RenderButton {INPUT} at (0,0) size 85x20 [color=#808080] [bgcolor=#DDDDDD] [border: (2px outset #DDDDDD)]
              RenderBlock (anonymous) at (8,2) size 69x16
                RenderText at (0,0) size 69x16
                  text run at (0,0) width 69: "Choose File"
          RenderBR {BR} at (324,58) size 0x0
        RenderTable {TABLE} at (0,65) size 4x2
          RenderTableSection {TBODY} at (0,0) size 4x2
