layer at (0,0) size 785x658
  RenderView at (0,0) size 785x600
layer at (0,0) size 785x658
  RenderBlock {HTML} at (0,0) size 785x658
    RenderBody {BODY} at (8,8) size 769x642
      RenderBlock {H1} at (0,0) size 769x37
        RenderText {#text} at (0,0) size 420x36
          text run at (0,0) width 420: "Form Element Geometry Tests"
      RenderBlock {P} at (0,58) size 769x20
        RenderText {#text} at (0,0) size 514x19
          text run at (0,0) width 514: "These tests help us tune the widget classes in KWQ to have all the right fudge factors."
      RenderBlock {H2} at (0,97) size 769x27
        RenderText {#text} at (0,0) size 165x26
          text run at (0,0) width 165: "Bounding Boxes"
      RenderTable {TABLE} at (0,143) size 169x30
        RenderTableSection {TBODY} at (0,0) size 169x30
          RenderTableRow {TR} at (0,2) size 169x26
            RenderTableCell {TD} at (2,2) size 58x26 [r=0 c=0 rs=1 cs=1]
              RenderBlock {DIV} at (1,1) size 56x24 [border: (2px solid #0000FF)]
                RenderInline {FONT} at (0,0) size 52x27
                  RenderButton {INPUT} at (2,2) size 52x20 [bgcolor=#DDDDDD] [border: (2px outset #DDDDDD)]
                    RenderBlock (anonymous) at (8,2) size 36x16
                      RenderText at (0,0) size 36x16
                        text run at (0,0) width 36: "button"
            RenderTableCell {TD} at (62,2) size 63x26 [r=0 c=1 rs=1 cs=1]
              RenderBlock {DIV} at (1,1) size 61x24 [border: (2px solid #0000FF)]
                RenderInline {FONT} at (0,0) size 57x27
                  RenderMenuList {SELECT} at (2,2) size 57x20 [bgcolor=#DDDDDD] [border: (1px solid #000000)]
                    RenderBlock (anonymous) at (1,1) size 55x18
                      RenderText at (4,1) size 32x16
                        text run at (4,1) width 32: "menu"
              RenderBlock (anonymous) at (1,25) size 61x0
                RenderInline {FONT} at (0,0) size 0x0
            RenderTableCell {TD} at (127,5) size 19x19 [r=0 c=2 rs=1 cs=1]
              RenderBlock {DIV} at (1,1) size 17x17 [border: (2px solid #0000FF)]
                RenderInline {FONT} at (0,0) size 13x27
                  RenderBlock {INPUT} at (2,2) size 13x13
              RenderBlock (anonymous) at (1,18) size 17x0
                RenderInline {FONT} at (0,0) size 0x0
            RenderTableCell {TD} at (148,5) size 19x19 [r=0 c=3 rs=1 cs=1]
              RenderBlock {DIV} at (1,1) size 17x17 [border: (2px solid #0000FF)]
                RenderInline {FONT} at (0,0) size 13x27
                  RenderBlock {INPUT} at (2,2) size 13x13
              RenderBlock (anonymous) at (1,18) size 17x0
                RenderInline {FONT} at (0,0) size 0x0
      RenderTable {TABLE} at (0,173) size 169x30
        RenderTableSection {TBODY} at (0,0) size 169x30
          RenderTableRow {TR} at (0,2) size 169x26
            RenderTableCell {TD} at (2,2) size 58x26 [r=0 c=0 rs=1 cs=1]
              RenderBlock {DIV} at (1,1) size 56x24 [border: (2px solid #0000FF)]
                RenderButton {INPUT} at (2,2) size 52x20 [bgcolor=#DDDDDD] [border: (2px outset #DDDDDD)]
                  RenderBlock (anonymous) at (8,2) size 36x16
                    RenderText at (0,0) size 36x16
                      text run at (0,0) width 36: "button"
            RenderTableCell {TD} at (62,2) size 63x26 [r=0 c=1 rs=1 cs=1]
              RenderBlock {DIV} at (1,1) size 61x24 [border: (2px solid #0000FF)]
                RenderMenuList {SELECT} at (2,2) size 57x20 [bgcolor=#DDDDDD] [border: (1px solid #000000)]
                  RenderBlock (anonymous) at (1,1) size 55x18
                    RenderText at (4,1) size 32x16
                      text run at (4,1) width 32: "menu"
            RenderTableCell {TD} at (127,5) size 19x19 [r=0 c=2 rs=1 cs=1]
              RenderBlock {DIV} at (1,1) size 17x17 [border: (2px solid #0000FF)]
                RenderBlock {INPUT} at (2,2) size 13x13
            RenderTableCell {TD} at (148,5) size 19x19 [r=0 c=3 rs=1 cs=1]
              RenderBlock {DIV} at (1,1) size 17x17 [border: (2px solid #0000FF)]
                RenderBlock {INPUT} at (2,2) size 13x13
      RenderTable {TABLE} at (0,203) size 169x30
        RenderTableSection {TBODY} at (0,0) size 169x30
          RenderTableRow {TR} at (0,2) size 169x26
            RenderTableCell {TD} at (2,2) size 58x26 [r=0 c=0 rs=1 cs=1]
              RenderBlock {DIV} at (1,1) size 56x24 [border: (2px solid #0000FF)]
                RenderInline {FONT} at (0,0) size 52x12
                  RenderButton {INPUT} at (2,2) size 52x20 [bgcolor=#DDDDDD] [border: (2px outset #DDDDDD)]
                    RenderBlock (anonymous) at (8,2) size 36x16
                      RenderText at (0,0) size 36x16
                        text run at (0,0) width 36: "button"
            RenderTableCell {TD} at (62,2) size 63x26 [r=0 c=1 rs=1 cs=1]
              RenderBlock {DIV} at (1,1) size 61x24 [border: (2px solid #0000FF)]
                RenderInline {FONT} at (0,0) size 57x12
                  RenderMenuList {SELECT} at (2,2) size 57x20 [bgcolor=#DDDDDD] [border: (1px solid #000000)]
                    RenderBlock (anonymous) at (1,1) size 55x18
                      RenderText at (4,1) size 32x16
                        text run at (4,1) width 32: "menu"
            RenderTableCell {TD} at (127,5) size 19x19 [r=0 c=2 rs=1 cs=1]
              RenderBlock {DIV} at (1,1) size 17x17 [border: (2px solid #0000FF)]
                RenderInline {FONT} at (0,0) size 13x12
                  RenderBlock {INPUT} at (2,2) size 13x13
            RenderTableCell {TD} at (148,5) size 19x19 [r=0 c=3 rs=1 cs=1]
              RenderBlock {DIV} at (1,1) size 17x17 [border: (2px solid #0000FF)]
                RenderInline {FONT} at (0,0) size 13x12
                  RenderBlock {INPUT} at (2,2) size 13x13
      RenderTable {TABLE} at (0,233) size 588x79
        RenderTableSection {TBODY} at (0,0) size 588x79
          RenderTableRow {TR} at (0,2) size 588x75
            RenderTableCell {TD} at (2,2) size 101x28 [r=0 c=0 rs=1 cs=1]
              RenderBlock {DIV} at (1,1) size 99x26 [border: (2px solid #0000FF)]
                RenderTextControl {INPUT} at (2,2) size 95x22 [bgcolor=#FFFFFF] [border: (2px inset #000000)]
            RenderTableCell {TD} at (105,2) size 44x75 [r=0 c=1 rs=1 cs=1]
              RenderBlock {DIV} at (1,1) size 42x73 [border: (2px solid #0000FF)]
                RenderListBox {SELECT} at (2,2) size 38x69 [bgcolor=#DDDDDD] [border: (1px inset #808080)]
            RenderTableCell {TD} at (151,2) size 244x26 [r=0 c=2 rs=1 cs=1]
              RenderBlock {DIV} at (1,1) size 242x24 [border: (2px solid #0000FF)]
                RenderFileUploadControl {INPUT} at (2,2) size 238x20 "No file chosen"
                  RenderButton {INPUT} at (0,0) size 85x20 [bgcolor=#DDDDDD] [border: (2px outset #DDDDDD)]
                    RenderBlock (anonymous) at (8,2) size 69x16
                      RenderText at (0,0) size 69x16
                        text run at (0,0) width 69: "Choose File"
            RenderTableCell {TD} at (397,2) size 189x46 [r=0 c=3 rs=1 cs=1]
              RenderBlock {DIV} at (1,1) size 187x44 [border: (2px solid #0000FF)]
      RenderBlock {H2} at (0,331) size 769x27
        RenderText {#text} at (0,0) size 199x26
          text run at (0,0) width 199: "Baseline Alignment"
      RenderBlock {DIV} at (0,377) size 769x28
        RenderInline {FONT} at (0,0) size 219x27
          RenderText {#text} at (0,0) size 43x27
            text run at (0,0) width 43: "text "
          RenderButton {INPUT} at (45,6) size 52x20 [bgcolor=#DDDDDD] [border: (2px outset #DDDDDD)]
            RenderBlock (anonymous) at (8,2) size 36x16
              RenderText at (0,0) size 36x16
                text run at (0,0) width 36: "button"
          RenderText {#text} at (99,0) size 6x27
            text run at (99,0) width 6: " "
          RenderMenuList {SELECT} at (107,6) size 57x20 [bgcolor=#DDDDDD] [border: (1px solid #000000)]
            RenderBlock (anonymous) at (1,1) size 55x18
              RenderText at (4,1) size 32x16
                text run at (4,1) width 32: "menu"
          RenderText {#text} at (166,0) size 6x27
            text run at (166,0) width 6: " "
          RenderBlock {INPUT} at (177,8) size 13x13
          RenderText {#text} at (193,0) size 6x27
            text run at (193,0) width 6: " "
          RenderBlock {INPUT} at (203,8) size 13x13
          RenderText {#text} at (0,0) size 0x0
      RenderBlock {DIV} at (0,405) size 769x24
        RenderText {#text} at (0,2) size 26x19
          text run at (0,2) width 26: "text "
        RenderButton {INPUT} at (28,2) size 52x20 [bgcolor=#DDDDDD] [border: (2px outset #DDDDDD)]
          RenderBlock (anonymous) at (8,2) size 36x16
            RenderText at (0,0) size 36x16
              text run at (0,0) width 36: "button"
        RenderText {#text} at (82,2) size 4x19
          text run at (82,2) width 4: " "
        RenderMenuList {SELECT} at (88,2) size 57x20 [bgcolor=#DDDDDD] [border: (1px solid #000000)]
          RenderBlock (anonymous) at (1,1) size 55x18
            RenderText at (4,1) size 32x16
              text run at (4,1) width 32: "menu"
        RenderText {#text} at (147,2) size 4x19
          text run at (147,2) width 4: " "
        RenderBlock {INPUT} at (156,4) size 13x13
        RenderText {#text} at (172,2) size 4x19
          text run at (172,2) width 4: " "
        RenderBlock {INPUT} at (180,4) size 13x13
        RenderText {#text} at (0,0) size 0x0
      RenderBlock {DIV} at (0,429) size 769x24
        RenderInline {FONT} at (0,0) size 185x12
          RenderText {#text} at (0,7) size 18x12
            text run at (0,7) width 18: "text "
          RenderButton {INPUT} at (20,2) size 52x20 [bgcolor=#DDDDDD] [border: (2px outset #DDDDDD)]
            RenderBlock (anonymous) at (8,2) size 36x16
              RenderText at (0,0) size 36x16
                text run at (0,0) width 36: "button"
          RenderText {#text} at (74,7) size 3x12
            text run at (74,7) width 3: " "
          RenderMenuList {SELECT} at (79,2) size 57x20 [bgcolor=#DDDDDD] [border: (1px solid #000000)]
            RenderBlock (anonymous) at (1,1) size 55x18
              RenderText at (4,1) size 32x16
                text run at (4,1) width 32: "menu"
          RenderText {#text} at (138,7) size 3x12
            text run at (138,7) width 3: " "
          RenderBlock {INPUT} at (146,4) size 13x13
          RenderText {#text} at (162,7) size 3x12
            text run at (162,7) width 3: " "
          RenderBlock {INPUT} at (169,4) size 13x13
          RenderText {#text} at (0,0) size 0x0
      RenderBlock {DIV} at (0,453) size 769x48
        RenderText {#text} at (0,25) size 26x19
          text run at (0,25) width 26: "text "
        RenderTextControl {INPUT} at (28,24) size 95x22 [bgcolor=#FFFFFF] [border: (2px inset #000000)]
        RenderText {#text} at (125,25) size 4x19
          text run at (125,25) width 4: " "
        RenderFileUploadControl {INPUT} at (131,25) size 238x20 "No file chosen"
          RenderButton {INPUT} at (0,0) size 85x20 [bgcolor=#DDDDDD] [border: (2px outset #DDDDDD)]
            RenderBlock (anonymous) at (8,2) size 69x16
              RenderText at (0,0) size 69x16
                text run at (0,0) width 69: "Choose File"
        RenderText {#text} at (371,25) size 4x19
          text run at (371,25) width 4: " "
        RenderText {#text} at (0,0) size 0x0
      RenderBlock {H2} at (0,520) size 769x27
        RenderText {#text} at (0,0) size 195x26
          text run at (0,0) width 195: "Pop-up Menu Sizes"
      RenderBlock {DIV} at (0,566) size 769x28
        RenderInline {FONT} at (0,0) size 158x27
          RenderText {#text} at (0,0) size 0x0
          RenderMenuList {SELECT} at (2,6) size 25x20 [bgcolor=#DDDDDD] [border: (1px solid #000000)]
            RenderBlock (anonymous) at (1,1) size 23x18
              RenderBR at (4,1) size 0x16 [bgcolor=#DDDDDD]
          RenderText {#text} at (29,0) size 6x27
            text run at (29,0) width 6: " "
          RenderMenuList {SELECT} at (37,6) size 28x20 [bgcolor=#DDDDDD] [border: (1px solid #000000)]
            RenderBlock (anonymous) at (1,1) size 26x18
              RenderText at (4,1) size 3x16
                text run at (4,1) width 3: "|"
          RenderText {#text} at (67,0) size 6x27
            text run at (67,0) width 6: " "
          RenderMenuList {SELECT} at (75,6) size 81x20 [bgcolor=#DDDDDD] [border: (1px solid #000000)]
            RenderBlock (anonymous) at (1,1) size 79x18
              RenderText at (4,1) size 56x16
                text run at (4,1) width 56: "xxxxxxxx"
          RenderText {#text} at (0,0) size 0x0
      RenderBlock {DIV} at (0,594) size 769x24
        RenderMenuList {SELECT} at (2,2) size 25x20 [bgcolor=#DDDDDD] [border: (1px solid #000000)]
          RenderBlock (anonymous) at (1,1) size 23x18
            RenderBR at (4,1) size 0x16 [bgcolor=#DDDDDD]
        RenderText {#text} at (29,2) size 4x19
          text run at (29,2) width 4: " "
        RenderMenuList {SELECT} at (35,2) size 28x20 [bgcolor=#DDDDDD] [border: (1px solid #000000)]
          RenderBlock (anonymous) at (1,1) size 26x18
            RenderText at (4,1) size 3x16
              text run at (4,1) width 3: "|"
        RenderText {#text} at (65,2) size 4x19
          text run at (65,2) width 4: " "
        RenderMenuList {SELECT} at (71,2) size 81x20 [bgcolor=#DDDDDD] [border: (1px solid #000000)]
          RenderBlock (anonymous) at (1,1) size 79x18
            RenderText at (4,1) size 56x16
              text run at (4,1) width 56: "xxxxxxxx"
        RenderText {#text} at (0,0) size 0x0
      RenderBlock {DIV} at (0,618) size 769x24
        RenderInline {FONT} at (0,0) size 152x12
          RenderText {#text} at (0,0) size 0x0
          RenderMenuList {SELECT} at (2,2) size 25x20 [bgcolor=#DDDDDD] [border: (1px solid #000000)]
            RenderBlock (anonymous) at (1,1) size 23x18
              RenderBR at (4,1) size 0x16 [bgcolor=#DDDDDD]
          RenderText {#text} at (29,7) size 3x12
            text run at (29,7) width 3: " "
          RenderMenuList {SELECT} at (34,2) size 28x20 [bgcolor=#DDDDDD] [border: (1px solid #000000)]
            RenderBlock (anonymous) at (1,1) size 26x18
              RenderText at (4,1) size 3x16
                text run at (4,1) width 3: "|"
          RenderText {#text} at (64,7) size 3x12
            text run at (64,7) width 3: " "
          RenderMenuList {SELECT} at (69,2) size 81x20 [bgcolor=#DDDDDD] [border: (1px solid #000000)]
            RenderBlock (anonymous) at (1,1) size 79x18
              RenderText at (4,1) size 56x16
                text run at (4,1) width 56: "xxxxxxxx"
          RenderText {#text} at (0,0) size 0x0
layer at (15,249) size 91x16
  RenderBlock {DIV} at (2,3) size 91x16
    RenderText {#text} at (1,0) size 49x16
      text run at (1,0) width 49: "text field"
layer at (410,248) size 179x36 clip at (411,249) size 177x34
  RenderTextControl {TEXTAREA} at (4,4) size 179x36 [bgcolor=#FFFFFF] [border: (1px solid #000000)]
    RenderBlock {DIV} at (3,3) size 175x16
      RenderText {#text} at (0,0) size 64x16
        text run at (0,0) width 64: "textarea"
layer at (38,488) size 91x16
  RenderBlock {DIV} at (2,3) size 91x16
    RenderText {#text} at (1,0) size 49x16
      text run at (1,0) width 49: "text field"
layer at (385,463) size 179x36 clip at (386,464) size 177x34
  RenderTextControl {TEXTAREA} at (377,2) size 179x36 [bgcolor=#FFFFFF] [border: (1px solid #000000)]
    RenderBlock {DIV} at (3,3) size 175x16
      RenderText {#text} at (0,0) size 64x16
        text run at (0,0) width 64: "textarea"
