layer at (0,0) size 800x600
  RenderView at (0,0) size 800x600
layer at (0,0) size 800x600
  RenderBlock {HTML} at (0,0) size 800x600
    RenderBody {BODY} at (8,8) size 784x584
      RenderText {#text} at (0,2) size 490x19
        text run at (0,2) width 490: "This tests that the whole file input control is hidden when visibility is set to hidden. "
      RenderFileUploadControl {INPUT} at (492,2) size 238x20 "No file chosen"
        RenderButton {INPUT} at (0,0) size 85x20 [bgcolor=#DDDDDD] [border: (2px outset #DDDDDD)]
          RenderBlock (anonymous) at (8,2) size 69x16
            RenderText at (0,0) size 69x16
              text run at (0,0) width 69: "Choose File"
      RenderText {#text} at (0,0) size 0x0
