layer at (0,0) size 800x600
  RenderView at (0,0) size 800x600
layer at (0,0) size 800x600
  RenderBlock {HTML} at (0,0) size 800x600
    RenderBody {BODY} at (8,8) size 784x584
      RenderMenuList {SELECT} at (2,2) size 63x18 [bgcolor=#DDDDDD]
        RenderBlock (anonymous) at (0,0) size 63x18
          RenderText at (4,1) size 40x16
            text run at (4,1) width 40: "Default"
      RenderText {#text} at (67,1) size 4x19
        text run at (67,1) width 4: " "
      RenderMenuList {SELECT} at (73,2) size 46x18 [color=#FF0000] [bgcolor=#DDDDDD]
        RenderBlock (anonymous) at (0,0) size 46x18
          RenderText at (4,1) size 23x16
            text run at (4,1) width 23: "Red"
      RenderText {#text} at (121,1) size 4x19
        text run at (121,1) width 4: " "
      RenderMenuList {SELECT} at (127,2) size 117x18 [bgcolor=#008000]
        RenderBlock (anonymous) at (0,0) size 117x18
          RenderText at (4,1) size 94x16
            text run at (4,1) width 94: "Default on green"
      RenderText {#text} at (246,1) size 4x19
        text run at (246,1) width 4: " "
      RenderMenuList {SELECT} at (252,2) size 100x18 [color=#FF0000] [bgcolor=#008000]
        RenderBlock (anonymous) at (0,0) size 100x18
          RenderText at (4,1) size 77x16
            text run at (4,1) width 77: "Red on green"
      RenderText {#text} at (0,0) size 0x0
