layer at (0,0) size 800x600
  RenderView at (0,0) size 800x600
layer at (0,0) size 800x600
  RenderBlock {HTML} at (0,0) size 800x600
    RenderBody {BODY} at (8,8) size 784x584
      RenderBlock {P} at (0,0) size 784x20
        RenderText {#text} at (0,0) size 383x19
          text run at (0,0) width 383: "All of these selects should have the same amount of whitespace."
      RenderBlock (anonymous) at (0,36) size 784x292
        RenderText {#text} at (0,51) size 67x19
          text run at (0,51) width 67: "Five Tabs: "
        RenderListBox {SELECT} at (69,2) size 76x69 [bgcolor=#DDDDDD] [border: (1px inset #808080)]
        RenderBR {BR} at (147,66) size 0x0
        RenderBR {BR} at (0,73) size 0x19
        RenderText {#text} at (0,144) size 81x19
          text run at (0,144) width 81: "Five Spaces: "
        RenderListBox {SELECT} at (83,95) size 76x69 [bgcolor=#DDDDDD] [border: (1px inset #808080)]
        RenderBR {BR} at (161,159) size 0x0
        RenderBR {BR} at (0,166) size 0x19
        RenderText {#text} at (0,187) size 280x19
          text run at (0,187) width 280: "Five Spaces (with leading/trailing whitespace): "
        RenderMenuList {SELECT} at (282,188) size 94x18 [bgcolor=#DDDDDD]
          RenderBlock (anonymous) at (0,0) size 94x18
            RenderText at (4,1) size 71x16
              text run at (4,1) width 71: "Five Spaces"
        RenderBR {BR} at (378,202) size 0x0
        RenderBR {BR} at (0,208) size 0x19
        RenderText {#text} at (0,229) size 266x19
          text run at (0,229) width 266: "Five Tabs (with leading/trailing whitespace): "
        RenderMenuList {SELECT} at (268,230) size 78x18 [bgcolor=#DDDDDD]
          RenderBlock (anonymous) at (0,0) size 78x18
            RenderText at (4,1) size 55x16
              text run at (4,1) width 55: "Five Tabs"
        RenderBR {BR} at (348,244) size 0x0
        RenderBR {BR} at (0,250) size 0x19
        RenderText {#text} at (0,271) size 121x19
          text run at (0,271) width 121: "Mixed Whitespace: "
        RenderMenuList {SELECT} at (123,272) size 78x18 [bgcolor=#DDDDDD]
          RenderBlock (anonymous) at (0,0) size 78x18
            RenderText at (4,1) size 55x16
              text run at (4,1) width 55: "Five Tabs"
        RenderText {#text} at (0,0) size 0x0
        RenderText {#text} at (0,0) size 0x0
        RenderText {#text} at (0,0) size 0x0
