layer at (0,0) size 800x600
  RenderView at (0,0) size 800x600
layer at (0,0) size 800x600
  RenderBlock {HTML} at (0,0) size 800x600
    RenderBody {BODY} at (8,8) size 784x584
      RenderText {#text} at (0,0) size 444x19
        text run at (0,0) width 444: "This tests that empty select controls and buttons have the correct baseline."
      RenderBR {BR} at (444,15) size 0x0
      RenderMenuList {SELECT} at (2,23) size 23x18 [bgcolor=#DDDDDD]
        RenderBlock (anonymous) at (0,0) size 23x18
          RenderBR at (4,1) size 0x16 [bgcolor=#DDDDDD]
      RenderText {#text} at (27,22) size 29x19
        text run at (27,22) width 29: " test "
      RenderMenuList {SELECT} at (58,23) size 45x18 [bgcolor=#DDDDDD]
        RenderBlock (anonymous) at (0,0) size 45x18
          RenderText at (4,1) size 22x16
            text run at (4,1) width 22: "test"
      RenderText {#text} at (105,22) size 4x19
        text run at (105,22) width 4: " "
      RenderMenuList {SELECT} at (111,23) size 23x18 [color=#00008B] [bgcolor=#ADD8E6]
        RenderBlock (anonymous) at (0,0) size 23x18
          RenderBR at (4,1) size 0x16 [bgcolor=#ADD8E6]
      RenderText {#text} at (136,22) size 29x19
        text run at (136,22) width 29: " test "
      RenderMenuList {SELECT} at (167,23) size 45x18 [color=#00008B] [bgcolor=#ADD8E6]
        RenderBlock (anonymous) at (0,0) size 45x18
          RenderText at (4,1) size 22x16
            text run at (4,1) width 22: "test"
      RenderText {#text} at (214,22) size 4x19
        text run at (214,22) width 4: " "
      RenderButton {BUTTON} at (220,22) size 16x20 [bgcolor=#DDDDDD] [border: (2px outset #DDDDDD)]
      RenderText {#text} at (238,22) size 4x19
        text run at (238,22) width 4: " "
      RenderButton {BUTTON} at (244,22) size 38x20 [bgcolor=#DDDDDD] [border: (2px outset #DDDDDD)]
        RenderBlock (anonymous) at (8,2) size 22x16
          RenderText {#text} at (0,0) size 22x16
            text run at (0,0) width 22: "test"
      RenderText {#text} at (284,22) size 4x19
        text run at (284,22) width 4: " "
      RenderButton {BUTTON} at (290,22) size 16x20 [color=#00008B] [bgcolor=#ADD8E6] [border: (2px outset #DDDDDD)]
      RenderText {#text} at (308,22) size 4x19
        text run at (308,22) width 4: " "
      RenderButton {BUTTON} at (314,22) size 38x20 [color=#00008B] [bgcolor=#ADD8E6] [border: (2px outset #DDDDDD)]
        RenderBlock (anonymous) at (8,2) size 22x16
          RenderText {#text} at (0,0) size 22x16
            text run at (0,0) width 22: "test"
      RenderText {#text} at (0,0) size 0x0
