layer at (0,0) size 800x600
  RenderView at (0,0) size 800x600
layer at (0,0) size 800x600
  RenderBlock {HTML} at (0,0) size 800x600
    RenderBody {BODY} at (8,8) size 784x584
      RenderMenuList {SELECT} at (2,2) size 63x18 [bgcolor=#DDDDDD]
        RenderBlock (anonymous) at (0,0) size 63x18
          RenderText at (4,1) size 24x16
            text run at (4,1) width 24: "One"
      RenderBR {BR} at (67,16) size 0x0
      RenderMenuList {SELECT} at (2,24) size 63x18 [bgcolor=#DDDDDD]
        RenderBlock (anonymous) at (0,0) size 63x18
          RenderText at (4,1) size 24x16
            text run at (4,1) width 24: "One"
      RenderText {#text} at (0,0) size 0x0
