EDITING DELEGATE: webViewDidChangeSelection:WebViewDidChangeSelectionNotification
EDITING DELEGATE: webViewDidChangeSelection:WebViewDidChangeSelectionNotification
EDITING DELEGATE: webViewDidChangeSelection:WebViewDidChangeSelectionNotification
EDITING DELEGATE: webViewDidChangeSelection:WebViewDidChangeSelectionNotification
EDITING DELEGATE: shouldChangeSelectedDOMRange:range from 10 of #text > LI > UL > DIV > DIV > BODY > HTML > #document to 10 of #text > LI > UL > DIV > DIV > BODY > HTML > #document toDOMRange:range from 11 of #text > LI > UL > DIV > DIV > BODY > HTML > #document to 11 of #text > LI > UL > DIV > DIV > BODY > HTML > #document affinity:NSSelectionAffinityDownstream stillSelecting:FALSE
EDITING DELEGATE: webViewDidChangeSelection:WebViewDidChangeSelectionNotification
EDITING DELEGATE: webViewDidChange:WebViewDidChangeNotification
EDITING DELEGATE: shouldChangeSelectedDOMRange:range from 11 of #text > LI > UL > DIV > DIV > BODY > HTML > #document to 11 of #text > LI > UL > DIV > DIV > BODY > HTML > #document toDOMRange:range from 12 of #text > LI > UL > DIV > DIV > BODY > HTML > #document to 12 of #text > LI > UL > DIV > DIV > BODY > HTML > #document affinity:NSSelectionAffinityDownstream stillSelecting:FALSE
EDITING DELEGATE: webViewDidChangeSelection:WebViewDidChangeSelectionNotification
EDITING DELEGATE: webViewDidChange:WebViewDidChangeNotification
EDITING DELEGATE: shouldChangeSelectedDOMRange:range from 12 of #text > LI > UL > DIV > DIV > BODY > HTML > #document to 12 of #text > LI > UL > DIV > DIV > BODY > HTML > #document toDOMRange:range from 13 of #text > LI > UL > DIV > DIV > BODY > HTML > #document to 13 of #text > LI > UL > DIV > DIV > BODY > HTML > #document affinity:NSSelectionAffinityDownstream stillSelecting:FALSE
EDITING DELEGATE: webViewDidChangeSelection:WebViewDidChangeSelectionNotification
EDITING DELEGATE: webViewDidChange:WebViewDidChangeNotification
layer at (0,0) size 800x600
  RenderView at (0,0) size 800x600
layer at (0,0) size 800x600
  RenderBlock {HTML} at (0,0) size 800x600
    RenderBody {BODY} at (8,8) size 784x584
      RenderBlock {DIV} at (0,0) size 784x252 [border: (4px solid #0000FF)]
        RenderBlock {DIV} at (20,20) size 744x82
          RenderText {#text} at (0,0) size 77x33
            text run at (0,0) width 77: "Tests: "
          RenderBR {BR} at (0,0) size 0x0
          RenderText {#text} at (0,33) size 705x25
            text run at (0,33) width 705: "Our ability to \"edit around\" content the HTML editing code does not yet handle very well. "
          RenderBR {BR} at (705,51) size 0x0
          RenderInline {I} at (0,0) size 104x25
            RenderText {#text} at (0,57) size 104x25
              text run at (0,57) width 104: "For this test: "
          RenderText {#text} at (104,57) size 240x25
            text run at (104,57) width 240: "Test typing at the end of a list."
        RenderBlock (anonymous) at (20,102) size 744x24
          RenderBR {BR} at (0,0) size 0x25
        RenderBlock {DIV} at (20,126) size 744x106
          RenderText {#text} at (0,0) size 214x33
            text run at (0,0) width 214: "Expected Results: "
          RenderBR {BR} at (214,24) size 0x0
          RenderText {#text} at (0,33) size 716x49
            text run at (0,33) width 716: "The content in the red box must exactly match the content in the green box (except for the"
            text run at (0,57) width 112: "border color). "
          RenderBR {BR} at (112,75) size 0x0
          RenderInline {I} at (0,0) size 104x25
            RenderText {#text} at (0,81) size 104x25
              text run at (0,81) width 104: "For this test: "
          RenderText {#text} at (104,81) size 458x25
            text run at (104,81) width 458: "Typed text should appear after (on the line below) the list."
      RenderBlock {DIV} at (0,262) size 784x148 [border: (2px solid #008000)]
        RenderBlock {UL} at (2,26) size 780x96
          RenderListItem {LI} at (40,0) size 740x32
            RenderListMarker at (-23,0) size 10x31: bullet
            RenderText {#text} at (0,0) size 82x31
              text run at (0,0) width 82: "line one"
          RenderListItem {LI} at (40,32) size 740x32
            RenderListMarker at (-23,0) size 10x31: bullet
            RenderText {#text} at (0,0) size 80x31
              text run at (0,0) width 80: "line two"
          RenderListItem {LI} at (40,64) size 740x32
            RenderListMarker at (-23,0) size 10x31: bullet
            RenderText {#text} at (0,0) size 133x31
              text run at (0,0) width 133: "line threexxx"
      RenderBlock {DIV} at (0,420) size 784x148
        RenderBlock {DIV} at (0,0) size 784x148 [border: (2px solid #FF0000)]
          RenderBlock {UL} at (2,26) size 780x96
            RenderListItem {LI} at (40,0) size 740x32
              RenderListMarker at (-23,0) size 10x31: bullet
              RenderText {#text} at (0,0) size 82x31
                text run at (0,0) width 82: "line one"
            RenderListItem {LI} at (40,32) size 740x32
              RenderListMarker at (-23,0) size 10x31: bullet
              RenderText {#text} at (0,0) size 80x31
                text run at (0,0) width 80: "line two"
            RenderListItem {LI} at (40,64) size 740x32
              RenderListMarker at (-23,0) size 10x31: bullet
              RenderText {#text} at (0,0) size 133x31
                text run at (0,0) width 133: "line threexxx"
caret: position 13 of child 0 {#text} of child 5 {LI} of child 1 {UL} of child 1 {DIV} of child 5 {DIV} of child 1 {BODY} of child 0 {HTML} of document
