EDITING DELEGATE: webViewDidChangeSelection:WebViewDidChangeSelectionNotification
EDITING DELEGATE: webViewDidChangeSelection:WebViewDidChangeSelectionNotification
EDITING DELEGATE: webViewDidChangeSelection:WebViewDidChangeSelectionNotification
EDITING DELEGATE: webViewDidChangeSelection:WebViewDidChangeSelectionNotification
EDITING DELEGATE: webViewDidChangeSelection:WebViewDidChangeSelectionNotification
EDITING DELEGATE: webViewDidChangeSelection:WebViewDidChangeSelectionNotification
EDITING DELEGATE: webViewDidChangeSelection:WebViewDidChangeSelectionNotification
EDITING DELEGATE: webViewDidChangeSelection:WebViewDidChangeSelectionNotification
EDITING DELEGATE: webViewDidChangeSelection:WebViewDidChangeSelectionNotification
EDITING DELEGATE: webViewDidChangeSelection:WebViewDidChangeSelectionNotification
EDITING DELEGATE: webViewDidChangeSelection:WebViewDidChangeSelectionNotification
EDITING DELEGATE: shouldDeleteDOMRange:range from 0 of #text > LI > UL > DIV > DIV > BODY > HTML > #document to 0 of #text > DIV > DIV > BODY > HTML > #document
EDITING DELEGATE: webViewDidChangeSelection:WebViewDidChangeSelectionNotification
EDITING DELEGATE: shouldChangeSelectedDOMRange:(null) toDOMRange:range from 0 of LI > UL > DIV > DIV > BODY > HTML > #document to 0 of LI > UL > DIV > DIV > BODY > HTML > #document affinity:NSSelectionAffinityDownstream stillSelecting:FALSE
EDITING DELEGATE: webViewDidChangeSelection:WebViewDidChangeSelectionNotification
EDITING DELEGATE: webViewDidChange:WebViewDidChangeNotification
layer at (0,0) size 800x600
  RenderView at (0,0) size 800x600
layer at (0,0) size 800x600
  RenderBlock {HTML} at (0,0) size 800x600
    RenderBody {BODY} at (8,8) size 784x584
      RenderBlock {DIV} at (0,0) size 784x276 [border: (4px solid #0000FF)]
        RenderBlock {DIV} at (20,20) size 744x82
          RenderText {#text} at (0,0) size 77x33
            text run at (0,0) width 77: "Tests: "
          RenderBR {BR} at (0,0) size 0x0
          RenderText {#text} at (0,33) size 705x25
            text run at (0,33) width 705: "Our ability to \"edit around\" content the HTML editing code does not yet handle very well. "
          RenderBR {BR} at (705,51) size 0x0
          RenderInline {I} at (0,0) size 104x25
            RenderText {#text} at (0,57) size 104x25
              text run at (0,57) width 104: "For this test: "
          RenderText {#text} at (104,57) size 186x25
            text run at (104,57) width 186: "Select and delete a list."
        RenderBlock (anonymous) at (20,102) size 744x24
          RenderBR {BR} at (0,0) size 0x25
        RenderBlock {DIV} at (20,126) size 744x130
          RenderText {#text} at (0,0) size 214x33
            text run at (0,0) width 214: "Expected Results: "
          RenderBR {BR} at (214,24) size 0x0
          RenderText {#text} at (0,33) size 716x49
            text run at (0,33) width 716: "The content in the red box must exactly match the content in the green box (except for the"
            text run at (0,57) width 112: "border color). "
          RenderBR {BR} at (112,75) size 0x0
          RenderInline {I} at (0,0) size 104x25
            RenderText {#text} at (0,81) size 104x25
              text run at (0,81) width 104: "For this test: "
          RenderText {#text} at (104,81) size 711x50
            text run at (104,81) width 607: "Only list content should get deleted. Surrounding content that is not selected"
            text run at (0,106) width 274: "should (obviously) not be affected."
      RenderBlock {DIV} at (0,286) size 784x36 [border: (2px solid #008000)]
        RenderText {#text} at (2,2) size 115x31
          text run at (2,2) width 115: "beforeafter"
      RenderBlock {DIV} at (0,332) size 784x116
        RenderBlock {DIV} at (0,0) size 784x116 [border: (2px solid #FF0000)]
          RenderBlock (anonymous) at (2,2) size 780x32
            RenderText {#text} at (0,0) size 67x31
              text run at (0,0) width 67: "before"
          RenderBlock {UL} at (2,58) size 780x32
            RenderListItem {LI} at (40,0) size 740x32
              RenderListMarker at (-23,0) size 10x31: bullet
              RenderText {#text} at (0,0) size 48x31
                text run at (0,0) width 48: "after"
          RenderBlock (anonymous) at (2,114) size 780x0
caret: position 0 of child 0 {#text} of child 1 {LI} of child 1 {UL} of child 1 {DIV} of child 5 {DIV} of child 1 {BODY} of child 0 {HTML} of document
