EDITING DELEGATE: webViewDidChangeSelection:WebViewDidChangeSelectionNotification
EDITING DELEGATE: shouldChangeSelectedDOMRange:range from 2 of DIV > DIV > BODY > HTML > #document to 2 of DIV > DIV > BODY > HTML > #document toDOMRange:range from 1 of #text > DIV > DIV > BODY > HTML > #document to 1 of #text > DIV > DIV > BODY > HTML > #document affinity:NSSelectionAffinityDownstream stillSelecting:FALSE
EDITING DELEGATE: webViewDidChangeSelection:WebViewDidChangeSelectionNotification
EDITING DELEGATE: webViewDidChange:WebViewDidChangeNotification
EDITING DELEGATE: shouldChangeSelectedDOMRange:range from 1 of #text > DIV > DIV > BODY > HTML > #document to 1 of #text > DIV > DIV > BODY > HTML > #document toDOMRange:range from 2 of #text > DIV > DIV > BODY > HTML > #document to 2 of #text > DIV > DIV > BODY > HTML > #document affinity:NSSelectionAffinityDownstream stillSelecting:FALSE
EDITING DELEGATE: webViewDidChangeSelection:WebViewDidChangeSelectionNotification
EDITING DELEGATE: webViewDidChange:WebViewDidChangeNotification
EDITING DELEGATE: shouldChangeSelectedDOMRange:range from 2 of #text > DIV > DIV > BODY > HTML > #document to 2 of #text > DIV > DIV > BODY > HTML > #document toDOMRange:range from 3 of #text > DIV > DIV > BODY > HTML > #document to 3 of #text > DIV > DIV > BODY > HTML > #document affinity:NSSelectionAffinityDownstream stillSelecting:FALSE
EDITING DELEGATE: webViewDidChangeSelection:WebViewDidChangeSelectionNotification
EDITING DELEGATE: webViewDidChange:WebViewDidChangeNotification
layer at (0,0) size 800x600
  RenderView at (0,0) size 800x600
layer at (0,0) size 800x600
  RenderBlock {HTML} at (0,0) size 800x600
    RenderBody {BODY} at (8,8) size 784x584
      RenderBlock {DIV} at (0,0) size 784x252 [border: (4px solid #0000FF)]
        RenderBlock {DIV} at (20,20) size 744x82
          RenderText {#text} at (0,0) size 77x33
            text run at (0,0) width 77: "Tests: "
          RenderBR {BR} at (0,0) size 0x0
          RenderText {#text} at (0,33) size 705x25
            text run at (0,33) width 705: "Our ability to \"edit around\" content the HTML editing code does not yet handle very well. "
          RenderBR {BR} at (705,51) size 0x0
          RenderInline {I} at (0,0) size 104x25
            RenderText {#text} at (0,57) size 104x25
              text run at (0,57) width 104: "For this test: "
          RenderText {#text} at (104,57) size 208x25
            text run at (104,57) width 208: "Test typing before a table."
        RenderBlock (anonymous) at (20,102) size 744x24
          RenderBR {BR} at (0,0) size 0x25
        RenderBlock {DIV} at (20,126) size 744x106
          RenderText {#text} at (0,0) size 214x33
            text run at (0,0) width 214: "Expected Results: "
          RenderBR {BR} at (214,24) size 0x0
          RenderText {#text} at (0,33) size 716x49
            text run at (0,33) width 716: "The content in the red box must exactly match the content in the green box (except for the"
            text run at (0,57) width 112: "border color). "
          RenderBR {BR} at (112,75) size 0x0
          RenderInline {I} at (0,0) size 104x25
            RenderText {#text} at (0,81) size 104x25
              text run at (0,81) width 104: "For this test: "
          RenderText {#text} at (104,81) size 492x25
            text run at (104,81) width 492: "Typed text should appear before (on the line above) the table."
      RenderBlock {DIV} at (0,262) size 784x115 [border: (2px solid #008000)]
        RenderBlock (anonymous) at (2,2) size 780x32
          RenderText {#text} at (0,0) size 36x31
            text run at (0,0) width 36: "xxx"
        RenderTable {TABLE} at (2,34) size 46x79 [border: (1px outset #808080)]
          RenderTableSection {TBODY} at (1,1) size 44x77
            RenderTableRow {TR} at (0,2) size 44x23
              RenderTableCell {TD} at (2,2) size 12x23 [border: (1px inset #808080)] [r=0 c=0 rs=1 cs=1]
                RenderText {#text} at (2,2) size 8x19
                  text run at (2,2) width 8: "1"
              RenderTableCell {TD} at (16,2) size 12x23 [border: (1px inset #808080)] [r=0 c=1 rs=1 cs=1]
                RenderText {#text} at (2,2) size 8x19
                  text run at (2,2) width 8: "2"
              RenderTableCell {TD} at (30,2) size 12x23 [border: (1px inset #808080)] [r=0 c=2 rs=1 cs=1]
                RenderText {#text} at (2,2) size 8x19
                  text run at (2,2) width 8: "3"
            RenderTableRow {TR} at (0,27) size 44x23
              RenderTableCell {TD} at (2,27) size 12x23 [border: (1px inset #808080)] [r=1 c=0 rs=1 cs=1]
                RenderText {#text} at (2,2) size 8x19
                  text run at (2,2) width 8: "4"
              RenderTableCell {TD} at (16,27) size 12x23 [border: (1px inset #808080)] [r=1 c=1 rs=1 cs=1]
                RenderText {#text} at (2,2) size 8x19
                  text run at (2,2) width 8: "5"
              RenderTableCell {TD} at (30,27) size 12x23 [border: (1px inset #808080)] [r=1 c=2 rs=1 cs=1]
                RenderText {#text} at (2,2) size 8x19
                  text run at (2,2) width 8: "6"
            RenderTableRow {TR} at (0,52) size 44x23
              RenderTableCell {TD} at (2,52) size 12x23 [border: (1px inset #808080)] [r=2 c=0 rs=1 cs=1]
                RenderText {#text} at (2,2) size 8x19
                  text run at (2,2) width 8: "7"
              RenderTableCell {TD} at (16,52) size 12x23 [border: (1px inset #808080)] [r=2 c=1 rs=1 cs=1]
                RenderText {#text} at (2,2) size 8x19
                  text run at (2,2) width 8: "8"
              RenderTableCell {TD} at (30,52) size 12x23 [border: (1px inset #808080)] [r=2 c=2 rs=1 cs=1]
                RenderText {#text} at (2,2) size 8x19
                  text run at (2,2) width 8: "9"
      RenderBlock {DIV} at (0,387) size 784x115
        RenderBlock {DIV} at (0,0) size 784x115 [border: (2px solid #FF0000)]
          RenderBlock (anonymous) at (2,2) size 780x32
            RenderText {#text} at (0,0) size 36x31
              text run at (0,0) width 36: "xxx"
          RenderTable {TABLE} at (2,34) size 46x79 [border: (1px outset #808080)]
            RenderTableSection {TBODY} at (1,1) size 44x77
              RenderTableRow {TR} at (0,2) size 44x23
                RenderTableCell {TD} at (2,2) size 12x23 [border: (1px inset #808080)] [r=0 c=0 rs=1 cs=1]
                  RenderText {#text} at (2,2) size 8x19
                    text run at (2,2) width 8: "1"
                RenderTableCell {TD} at (16,2) size 12x23 [border: (1px inset #808080)] [r=0 c=1 rs=1 cs=1]
                  RenderText {#text} at (2,2) size 8x19
                    text run at (2,2) width 8: "2"
                RenderTableCell {TD} at (30,2) size 12x23 [border: (1px inset #808080)] [r=0 c=2 rs=1 cs=1]
                  RenderText {#text} at (2,2) size 8x19
                    text run at (2,2) width 8: "3"
              RenderTableRow {TR} at (0,27) size 44x23
                RenderTableCell {TD} at (2,27) size 12x23 [border: (1px inset #808080)] [r=1 c=0 rs=1 cs=1]
                  RenderText {#text} at (2,2) size 8x19
                    text run at (2,2) width 8: "4"
                RenderTableCell {TD} at (16,27) size 12x23 [border: (1px inset #808080)] [r=1 c=1 rs=1 cs=1]
                  RenderText {#text} at (2,2) size 8x19
                    text run at (2,2) width 8: "5"
                RenderTableCell {TD} at (30,27) size 12x23 [border: (1px inset #808080)] [r=1 c=2 rs=1 cs=1]
                  RenderText {#text} at (2,2) size 8x19
                    text run at (2,2) width 8: "6"
              RenderTableRow {TR} at (0,52) size 44x23
                RenderTableCell {TD} at (2,52) size 12x23 [border: (1px inset #808080)] [r=2 c=0 rs=1 cs=1]
                  RenderText {#text} at (2,2) size 8x19
                    text run at (2,2) width 8: "7"
                RenderTableCell {TD} at (16,52) size 12x23 [border: (1px inset #808080)] [r=2 c=1 rs=1 cs=1]
                  RenderText {#text} at (2,2) size 8x19
                    text run at (2,2) width 8: "8"
                RenderTableCell {TD} at (30,52) size 12x23 [border: (1px inset #808080)] [r=2 c=2 rs=1 cs=1]
                  RenderText {#text} at (2,2) size 8x19
                    text run at (2,2) width 8: "9"
caret: position 3 of child 1 {#text} of child 1 {DIV} of child 5 {DIV} of child 1 {BODY} of child 0 {HTML} of document
