EDITING DELEGATE: webViewDidChangeSelection:WebViewDidChangeSelectionNotification
EDITING DELEGATE: webViewDidChangeSelection:WebViewDidChangeSelectionNotification
EDITING DELEGATE: webViewDidChangeSelection:WebViewDidChangeSelectionNotification
EDITING DELEGATE: webViewDidChangeSelection:WebViewDidChangeSelectionNotification
EDITING DELEGATE: webViewDidChangeSelection:WebViewDidChangeSelectionNotification
EDITING DELEGATE: webViewDidChangeSelection:WebViewDidChangeSelectionNotification
EDITING DELEGATE: webViewDidChangeSelection:WebViewDidChangeSelectionNotification
EDITING DELEGATE: webViewDidChangeSelection:WebViewDidChangeSelectionNotification
EDITING DELEGATE: webViewDidChangeSelection:WebViewDidChangeSelectionNotification
EDITING DELEGATE: webViewDidChangeSelection:WebViewDidChangeSelectionNotification
EDITING DELEGATE: webViewDidChangeSelection:WebViewDidChangeSelectionNotification
EDITING DELEGATE: shouldDeleteDOMRange:range from 1 of #text > DIV > DIV > B > BODY > HTML > #document to 1 of #text > TD > TR > TBODY > TABLE > DIV > DIV > B > BODY > HTML > #document
EDITING DELEGATE: webViewDidChangeSelection:WebViewDidChangeSelectionNotification
EDITING DELEGATE: shouldChangeSelectedDOMRange:(null) toDOMRange:range from 1 of DIV > DIV > B > BODY > HTML > #document to 1 of DIV > DIV > B > BODY > HTML > #document affinity:NSSelectionAffinityDownstream stillSelecting:FALSE
EDITING DELEGATE: webViewDidChangeSelection:WebViewDidChangeSelectionNotification
EDITING DELEGATE: webViewDidChange:WebViewDidChangeNotification
layer at (0,0) size 800x600
  RenderView at (0,0) size 800x600
layer at (0,0) size 800x600
  RenderBlock {HTML} at (0,0) size 800x600
    RenderBody {BODY} at (8,8) size 784x584
      RenderBlock {DIV} at (0,0) size 784x326 [border: (4px solid #0000FF)]
        RenderBlock {DIV} at (20,20) size 744x82
          RenderText {#text} at (0,0) size 77x33
            text run at (0,0) width 77: "Tests: "
          RenderBR {BR} at (0,0) size 0x0
          RenderText {#text} at (0,33) size 705x25
            text run at (0,33) width 705: "Our ability to \"edit around\" content the HTML editing code does not yet handle very well. "
          RenderBR {BR} at (705,51) size 0x0
          RenderInline {I} at (0,0) size 104x25
            RenderText {#text} at (0,57) size 104x25
              text run at (0,57) width 104: "For this test: "
          RenderText {#text} at (104,57) size 434x25
            text run at (104,57) width 434: "Select and delete a list and some surrounding content."
        RenderBlock (anonymous) at (20,102) size 744x24
          RenderBR {BR} at (0,0) size 0x25
        RenderBlock {DIV} at (20,126) size 744x180
          RenderText {#text} at (0,0) size 214x33
            text run at (0,0) width 214: "Expected Results: "
          RenderBR {BR} at (214,24) size 0x0
          RenderText {#text} at (0,33) size 716x49
            text run at (0,33) width 716: "The content in the red box must exactly match the content in the green box (except for the"
            text run at (0,57) width 112: "border color). "
          RenderBR {BR} at (112,75) size 0x0
          RenderInline {I} at (0,0) size 104x25
            RenderText {#text} at (0,81) size 104x25
              text run at (0,81) width 104: "For this test: "
          RenderText {#text} at (104,81) size 684x50
            text run at (104,81) width 335: "Only selected content should get deleted. "
            text run at (439,81) width 245: "Surrounding content that is not"
            text run at (0,106) width 351: "selected should (obviously) not be affected. "
          RenderBR {BR} at (351,124) size 0x0
          RenderInline {B} at (0,0) size 691x50
            RenderText {#text} at (0,130) size 691x50
              text run at (0,130) width 691: "There is a bug: the caret ends up in the wrong position, it should be in the empty"
              text run at (0,155) width 93: "paragraph."
        RenderBlock (anonymous) at (20,306) size 744x0
          RenderInline {B} at (0,0) size 0x0
            RenderText {#text} at (0,0) size 0x0
      RenderBlock (anonymous) at (0,336) size 784x0
        RenderInline {B} at (0,0) size 0x0
          RenderText {#text} at (0,0) size 0x0
      RenderBlock (anonymous) at (0,336) size 784x150
        RenderBlock {DIV} at (0,0) size 784x70 [border: (2px solid #008000)]
          RenderBR {BR} at (2,2) size 0x33
          RenderText {#text} at (2,35) size 51x33
            text run at (2,35) width 51: "after"
        RenderBlock {DIV} at (0,80) size 784x70
          RenderBlock {DIV} at (0,0) size 784x70 [border: (2px solid #FF0000)]
            RenderBR {BR} at (2,2) size 0x33
            RenderText {#text} at (2,35) size 51x33
              text run at (2,35) width 51: "after"
      RenderBlock (anonymous) at (0,486) size 784x0
        RenderInline {B} at (0,0) size 0x0
caret: position 0 of child 1 {#text} of child 1 {DIV} of child 3 {DIV} of child 2 {B} of child 1 {BODY} of child 0 {HTML} of document
