layer at (0,0) size 800x600
  RenderView at (0,0) size 800x600
layer at (0,0) size 800x600
  RenderBlock {HTML} at (0,0) size 800x600
    RenderBody {BODY} at (8,8) size 784x584
      RenderBlock (anonymous) at (0,0) size 784x20
        RenderText {#text} at (0,0) size 178x19
          text run at (0,0) width 178: "outer width=400 align=center"
      RenderTable {TABLE} at (192,20) size 400x48 [border: (1px outset #808080)]
        RenderTableSection {TBODY} at (1,1) size 398x46
          RenderTableRow {TR} at (0,2) size 398x42
            RenderTableCell {TD} at (2,2) size 394x42 [border: (1px inset #808080)] [r=0 c=0 rs=1 cs=1]
              RenderBlock {FORM} at (2,2) size 390x22
                RenderMenuList {SELECT} at (2,2) size 48x18 [bgcolor=#DDDDDD]
                  RenderBlock (anonymous) at (0,0) size 48x18
                    RenderText at (4,1) size 25x16
                      text run at (4,1) width 25: "Test"
                RenderText {#text} at (0,0) size 0x0
      RenderBlock (anonymous) at (0,68) size 784x20
        RenderText {#text} at (0,0) size 281x19
          text run at (0,0) width 281: "outer width=400 inner width=200 align=center"
      RenderTable {TABLE} at (0,88) size 400x42 [border: (2px outset #808080)]
        RenderTableSection {TBODY} at (2,2) size 396x38
          RenderTableRow {TR} at (0,2) size 396x34
            RenderTableCell {TD} at (2,2) size 392x34 [border: (1px inset #808080)] [r=0 c=0 rs=1 cs=1]
              RenderTable {TABLE} at (96,2) size 200x30 [border: (1px outset #808080)]
                RenderTableSection {TBODY} at (1,1) size 198x28
                  RenderTableRow {TR} at (0,2) size 198x24
                    RenderTableCell {TD} at (2,2) size 194x24 [border: (1px inset #808080)] [r=0 c=0 rs=1 cs=1]
                      RenderText {#text} at (2,2) size 20x19
                        text run at (2,2) width 20: "foo"
      RenderBlock (anonymous) at (0,130) size 784x20
        RenderText {#text} at (0,0) size 171x19
          text run at (0,0) width 171: "outer auto inner align=center"
      RenderTable {TABLE} at (0,150) size 42x42 [border: (2px outset #808080)]
        RenderTableSection {TBODY} at (2,2) size 38x38
          RenderTableRow {TR} at (0,2) size 38x34
            RenderTableCell {TD} at (2,2) size 34x34 [border: (1px inset #808080)] [r=0 c=0 rs=1 cs=1]
              RenderTable {TABLE} at (2,2) size 30x30 [border: (1px outset #808080)]
                RenderTableSection {TBODY} at (1,1) size 28x28
                  RenderTableRow {TR} at (0,2) size 28x24
                    RenderTableCell {TD} at (2,2) size 24x24 [border: (1px inset #808080)] [r=0 c=0 rs=1 cs=1]
                      RenderText {#text} at (2,2) size 20x19
                        text run at (2,2) width 20: "foo"
      RenderBlock (anonymous) at (0,192) size 784x20
        RenderText {#text} at (0,0) size 203x19
          text run at (0,0) width 203: "outer width=50 inner align=center"
      RenderTable {TABLE} at (0,212) size 42x42 [border: (2px outset #808080)]
        RenderTableSection {TBODY} at (2,2) size 38x38
          RenderTableRow {TR} at (0,2) size 38x34
            RenderTableCell {TD} at (2,2) size 34x34 [border: (1px inset #808080)] [r=0 c=0 rs=1 cs=1]
              RenderTable {TABLE} at (2,2) size 30x30 [border: (1px outset #808080)]
                RenderTableSection {TBODY} at (1,1) size 28x28
                  RenderTableRow {TR} at (0,2) size 28x24
                    RenderTableCell {TD} at (2,2) size 24x24 [border: (1px inset #808080)] [r=0 c=0 rs=1 cs=1]
                      RenderText {#text} at (2,2) size 20x19
                        text run at (2,2) width 20: "foo"
      RenderBlock (anonymous) at (0,254) size 784x20
        RenderText {#text} at (0,0) size 213x19
          text run at (0,0) width 213: "outer width=50 inner margin-left:50"
      RenderTable {TABLE} at (0,274) size 92x42 [border: (2px outset #808080)]
        RenderTableSection {TBODY} at (2,2) size 88x38
          RenderTableRow {TR} at (0,2) size 88x34
            RenderTableCell {TD} at (2,2) size 84x34 [border: (1px inset #808080)] [r=0 c=0 rs=1 cs=1]
              RenderTable {TABLE} at (52,2) size 30x30 [border: (1px outset #808080)]
                RenderTableSection {TBODY} at (1,1) size 28x28
                  RenderTableRow {TR} at (0,2) size 28x24
                    RenderTableCell {TD} at (2,2) size 24x24 [border: (1px inset #808080)] [r=0 c=0 rs=1 cs=1]
                      RenderText {#text} at (2,2) size 20x19
                        text run at (2,2) width 20: "foo"
      RenderBlock (anonymous) at (0,316) size 784x20
        RenderText {#text} at (0,0) size 211x19
          text run at (0,0) width 211: "outer width=400 inner align=center"
      RenderTable {TABLE} at (0,336) size 400x42 [border: (2px outset #808080)]
        RenderTableSection {TBODY} at (2,2) size 396x38
          RenderTableRow {TR} at (0,2) size 396x34
            RenderTableCell {TD} at (2,2) size 119x34 [border: (1px inset #808080)] [r=0 c=0 rs=1 cs=1]
              RenderTable {TABLE} at (44,2) size 30x30 [border: (1px outset #808080)]
                RenderTableSection {TBODY} at (1,1) size 28x28
                  RenderTableRow {TR} at (0,2) size 28x24
                    RenderTableCell {TD} at (2,2) size 24x24 [border: (1px inset #808080)] [r=0 c=0 rs=1 cs=1]
                      RenderText {#text} at (2,2) size 20x19
                        text run at (2,2) width 20: "foo"
            RenderTableCell {TD} at (123,7) size 271x24 [border: (1px inset #808080)] [r=0 c=1 rs=1 cs=1]
              RenderText {#text} at (2,2) size 73x19
                text run at (2,2) width 73: "x x x x x x x"
      RenderBlock (anonymous) at (0,378) size 784x20
        RenderText {#text} at (0,0) size 211x19
          text run at (0,0) width 211: "outer width=400 inner align=center"
      RenderTable {TABLE} at (0,398) size 400x42 [border: (2px outset #808080)]
        RenderTableSection {TBODY} at (2,2) size 396x38
          RenderTableRow {TR} at (0,2) size 396x34
            RenderTableCell {TD} at (2,2) size 177x34 [border: (1px inset #808080)] [r=0 c=0 rs=1 cs=1]
              RenderTable {TABLE} at (58,2) size 60x30 [border: (1px outset #808080)]
                RenderTableSection {TBODY} at (1,1) size 58x28
                  RenderTableRow {TR} at (0,2) size 58x24
                    RenderTableCell {TD} at (2,2) size 54x24 [border: (1px inset #808080)] [r=0 c=0 rs=1 cs=1]
                      RenderText {#text} at (2,2) size 16x19
                        text run at (2,2) width 16: "50"
            RenderTableCell {TD} at (181,7) size 213x24 [border: (1px inset #808080)] [r=0 c=1 rs=1 cs=1]
              RenderText {#text} at (2,2) size 73x19
                text run at (2,2) width 73: "x x x x x x x"
      RenderBlock (anonymous) at (0,440) size 784x20
        RenderText {#text} at (0,0) size 21x19
          text run at (0,0) width 21: "-->"
