layer at (0,0) size 800x600
  RenderView at (0,0) size 800x600
layer at (0,0) size 800x600
  RenderBlock {HTML} at (0,0) size 800x600
    RenderBody {BODY} at (8,8) size 784x584 [bgcolor=#CCCCCC]
      RenderBlock {P} at (0,0) size 784x18
        RenderText {#text} at (0,0) size 481x18
          text run at (0,0) width 481: "The style declarations which apply to the text below are:"
      RenderBlock {PRE} at (0,35) size 784x42
        RenderText {#text} at (0,0) size 340x42
          text run at (0,0) width 340: ".one, .two, .three {color: green;}"
          text run at (340,0) width 0: " "
          text run at (0,21) width 0: " "
      RenderBlock {HR} at (0,94) size 784x2 [border: (1px inset #000000)]
      RenderBlock {P} at (0,113) size 784x18 [color=#008000]
        RenderText {#text} at (0,0) size 265x18
          text run at (0,0) width 265: "This sentence should be green."
      RenderBlock {P} at (0,148) size 784x18 [color=#008000]
        RenderText {#text} at (0,0) size 265x18
          text run at (0,0) width 265: "This sentence should be green."
      RenderBlock {P} at (0,183) size 784x18 [color=#008000]
        RenderText {#text} at (0,0) size 265x18
          text run at (0,0) width 265: "This sentence should be green."
      RenderTable {TABLE} at (0,218) size 288x124 [border: (1px outset #808080)]
        RenderTableSection {TBODY} at (1,1) size 286x122
          RenderTableRow {TR} at (0,0) size 286x26
            RenderTableCell {TD} at (0,0) size 286x26 [bgcolor=#C0C0C0] [border: (1px inset #808080)] [r=0 c=0 rs=1 cs=2]
              RenderInline {STRONG} at (0,0) size 214x18
                RenderText {#text} at (4,4) size 214x18
                  text run at (4,4) width 214: "TABLE Testing Section"
          RenderTableRow {TR} at (0,26) size 286x96
            RenderTableCell {TD} at (0,61) size 13x26 [bgcolor=#C0C0C0] [border: (1px inset #808080)] [r=1 c=0 rs=1 cs=1]
              RenderText {#text} at (4,4) size 5x18
                text run at (4,4) width 5: " "
            RenderTableCell {TD} at (13,26) size 273x96 [border: (1px inset #808080)] [r=1 c=1 rs=1 cs=1]
              RenderBlock {P} at (4,4) size 265x18 [color=#008000]
                RenderText {#text} at (0,0) size 265x18
                  text run at (0,0) width 265: "This sentence should be green."
              RenderBlock {P} at (4,39) size 265x18 [color=#008000]
                RenderText {#text} at (0,0) size 265x18
                  text run at (0,0) width 265: "This sentence should be green."
              RenderBlock {P} at (4,74) size 265x18 [color=#008000]
                RenderText {#text} at (0,0) size 265x18
                  text run at (0,0) width 265: "This sentence should be green."
