layer at (0,0) size 800x600
  RenderView at (0,0) size 800x600
layer at (0,0) size 800x600
  RenderBlock {HTML} at (0,0) size 800x600
    RenderBody {BODY} at (8,8) size 784x578
      RenderBlock {P} at (0,0) size 784x51 [border: (2px solid #0000FF)]
        RenderInline (generated) at (0,0) size 30x47 [color=#800000]
          RenderText {#text} at (2,2) size 30x47
            text run at (2,2) width 30: "M"
        RenderText {#text} at (32,23) size 178x19
          text run at (32,23) width 178: "aroon on the first letter only."
