layer at (0,0) size 800x600
  RenderView at (0,0) size 800x600
layer at (0,0) size 800x600
  RenderBlock {HTML} at (0,0) size 800x600
    RenderBody {BODY} at (8,8) size 784x576
      RenderBlock {P} at (0,0) size 784x40 [bgcolor=#FFFFFF]
        RenderText {#text} at (0,0) size 57x20
          text run at (0,0) width 57: "Test for "
        RenderInline {I} at (0,0) size 776x40
          RenderInline {A} at (0,0) size 337x20 [color=#0000EE]
            RenderText {#text} at (57,0) size 337x20
              text run at (57,0) width 337: "https://bugs.webkit.org/show_bug.cgi?id=18445"
          RenderText {#text} at (394,0) size 776x40
            text run at (394,0) width 4: " "
            text run at (398,0) width 378: "Assertion failure in CSSGradientValue::image() when"
            text run at (0,20) width 315: "the body element has a background gradient"
        RenderText {#text} at (315,20) size 4x20
          text run at (315,20) width 4: "."
      RenderBlock {P} at (0,56) size 784x40 [bgcolor=#FFFFFF]
        RenderText {#text} at (0,0) size 781x40
          text run at (0,0) width 419: "The test passes if the root element\x{2019}s background is a linear "
          text run at (419,0) width 362: "gradient from black at the top to white at the bottom,"
          text run at (0,20) width 122: "and no assertion "
          text run at (122,20) width 99: "failure occurs."
