layer at (0,0) size 784x726
  RenderView at (0,0) size 784x600
layer at (0,0) size 784x726
  RenderBlock {HTML} at (0,0) size 784x726
    RenderBody {BODY} at (8,8) size 768x708
      RenderBlock {P} at (0,0) size 768x58
        RenderText {#text} at (0,9) size 470x20
          text run at (0,9) width 470: "The blue borders should coincide with light blue squares, like this: "
        RenderBlock {SPAN} at (470,0) size 25x25 [bgcolor=#ADD8E6] [border: (3px solid #0000FF7F)]
        RenderText {#text} at (495,9) size 218x20
          text run at (495,9) width 8: ". "
          text run at (503,9) width 210: "There should be none of this: "
        RenderBlock {SPAN} at (713,0) size 25x25 [bgcolor=#ADD8E6]
        RenderText {#text} at (738,9) size 756x49
          text run at (738,9) width 4: " "
          text run at (742,9) width 14: "or"
          text run at (0,38) width 33: "this: "
        RenderBlock {SPAN} at (33,29) size 25x25 [border: (3px solid #0000FF7F)]
        RenderText {#text} at (58,38) size 4x20
          text run at (58,38) width 4: "."
      RenderBlock {P} at (0,596) size 768x20
        RenderText {#text} at (0,0) size 710x20
          text run at (0,0) width 710: "Except here, where the blue border should be around the bigger slice of the blue square, on the right."
layer at (8,82) size 136x76
  RenderBlock {DIV} at (0,74) size 136x76 [color=#ADD8E6] [border: (3px solid #000000)]
    RenderBR {BR} at (13,13) size 0x24
    RenderText {#text} at (13,38) size 25x74
      text run at (13,38) width 25: "x"
      text run at (13,63) width 25: "y"
      text run at (13,88) width 25: "z"
layer at (8,168) size 136x76
  RenderBlock {DIV} at (0,160) size 136x76 [color=#ADD8E6] [border: (3px solid #000000)]
    RenderBR {BR} at (13,13) size 0x24
    RenderInline {SPAN} at (0,0) size 25x74
      RenderText {#text} at (13,38) size 25x74
        text run at (13,38) width 25: "x"
        text run at (13,63) width 25: "y"
        text run at (13,88) width 25: "z"
    RenderText {#text} at (0,0) size 0x0
layer at (8,254) size 136x76
  RenderBlock {DIV} at (0,246) size 136x76 [color=#ADD8E6] [border: (3px solid #000000)]
    RenderBlock (anonymous) at (13,13) size 50x25
      RenderBR {BR} at (0,0) size 0x24
    RenderBlock {DIV} at (13,38) size 50x75
      RenderText {#text} at (0,0) size 25x74
        text run at (0,0) width 25: "x"
        text run at (0,25) width 25: "y"
        text run at (0,50) width 25: "z"
layer at (8,340) size 136x76
  RenderBlock {DIV} at (0,332) size 136x76 [color=#ADD8E6] [border: (3px solid #000000)]
    RenderBlock (anonymous) at (13,13) size 50x25
      RenderBR {BR} at (0,0) size 0x24
    RenderBlock {DIV} at (13,38) size 50x75
      RenderBR {BR} at (0,0) size 0x24
      RenderText {#text} at (0,25) size 25x49
        text run at (0,25) width 25: "y"
        text run at (0,50) width 25: "z"
layer at (8,426) size 136x76
  RenderBlock {DIV} at (0,418) size 136x76 [color=#ADD8E6] [border: (3px solid #000000)]
    RenderBlock (anonymous) at (13,13) size 50x25
      RenderBR {BR} at (0,0) size 0x24
    RenderBlock {DIV} at (13,38) size 50x54
      RenderBR {BR} at (0,0) size 0x24
      RenderSlider {INPUT} at (2,27) size 25x25 [color=#000000] [bgcolor=#ADD8E6]
        RenderBlock {DIV} at (12,12) size 0x0
layer at (8,512) size 136x76
  RenderBlock {DIV} at (0,504) size 136x76 [color=#ADD8E6] [border: (3px solid #000000)]
    RenderBlock (anonymous) at (13,13) size 50x25
      RenderBR {BR} at (0,0) size 0x24
    RenderBlock {DIV} at (13,38) size 50x50
      RenderBR {BR} at (0,0) size 0x24
      RenderImage {IMG} at (0,25) size 25x25 [bgcolor=#ADD8E6]
layer at (8,640) size 136x76
  RenderBlock {DIV} at (0,632) size 136x76 [color=#ADD8E6] [border: (3px solid #000000)]
    RenderBlock {DIV} at (13,53) size 25x25 [bgcolor=#ADD8E6]
layer at (21,120) size 25x24
  RenderBlock (positioned) {DIV} at (21,120) size 25x24 [border: (3px solid #0000FF7F)]
layer at (81,95) size 25x24
  RenderBlock (positioned) {DIV} at (81,95) size 25x24 [border: (3px solid #0000FF7F)]
layer at (81,120) size 25x24
  RenderBlock (positioned) {DIV} at (81,120) size 25x24 [border: (3px solid #0000FF7F)]
layer at (21,206) size 25x24
  RenderBlock (positioned) {DIV} at (21,206) size 25x24 [border: (3px solid #0000FF7F)]
layer at (81,181) size 25x24
  RenderBlock (positioned) {DIV} at (81,181) size 25x24 [border: (3px solid #0000FF7F)]
layer at (81,206) size 25x24
  RenderBlock (positioned) {DIV} at (81,206) size 25x24 [border: (3px solid #0000FF7F)]
layer at (21,292) size 25x24
  RenderBlock (positioned) {DIV} at (21,292) size 25x24 [border: (3px solid #0000FF7F)]
layer at (81,267) size 25x24
  RenderBlock (positioned) {DIV} at (81,267) size 25x24 [border: (3px solid #0000FF7F)]
layer at (81,292) size 25x24
  RenderBlock (positioned) {DIV} at (81,292) size 25x24 [border: (3px solid #0000FF7F)]
layer at (81,353) size 25x24
  RenderBlock (positioned) {DIV} at (81,353) size 25x24 [border: (3px solid #0000FF7F)]
layer at (81,378) size 25x24
  RenderBlock (positioned) {DIV} at (81,378) size 25x24 [border: (3px solid #0000FF7F)]
layer at (83,441) size 25x25
  RenderBlock (positioned) {DIV} at (83,441) size 25x25 [border: (3px solid #0000FF7F)]
layer at (81,525) size 25x25
  RenderBlock (positioned) {DIV} at (81,525) size 25x25 [border: (3px solid #0000FF7F)]
layer at (81,643) size 25x25
  RenderBlock (positioned) {DIV} at (81,643) size 25x25 [border: (3px solid #0000FF7F)]
