layer at (0,0) size 800x600
  RenderView at (0,0) size 800x600
layer at (0,0) size 800x600
  RenderBlock {HTML} at (0,0) size 800x600
    RenderBody {BODY} at (8,8) size 784x584
      RenderBlock {P} at (0,0) size 784x40
        RenderText {#text} at (0,0) size 748x39
          text run at (0,0) width 391: "This tests smart paste of a fragment that ends in a select element. "
          text run at (391,0) width 357: "There should be spaces added before and after the inserted"
          text run at (0,20) width 48: "content."
      RenderBlock {DIV} at (0,56) size 784x22
        RenderMenuList {SELECT} at (2,2) size 30x18 [bgcolor=#DDDDDD]
          RenderBlock (anonymous) at (0,0) size 30x18
            RenderText at (4,1) size 7x16
              text run at (4,1) width 7: "1"
      RenderBlock {DIV} at (0,78) size 784x22
        RenderText {#text} at (0,1) size 7x19
          text run at (0,1) width 7: "x"
        RenderText {#text} at (7,1) size 4x19
          text run at (7,1) width 4: " "
        RenderMenuList {SELECT} at (13,2) size 30x18 [bgcolor=#DDDDDD]
          RenderBlock (anonymous) at (0,0) size 30x18
            RenderText at (4,1) size 7x16
              text run at (4,1) width 7: "1"
        RenderText {#text} at (45,1) size 4x19
          text run at (45,1) width 4: " "
        RenderText {#text} at (49,1) size 7x19
          text run at (49,1) width 7: "x"
caret: position 1 of child 3 {#text} of child 4 {DIV} of child 1 {BODY} of child 0 {HTML} of document
