layer at (0,0) size 800x600
  RenderView at (0,0) size 800x600
layer at (0,0) size 800x600
  RenderBlock {HTML} at (0,0) size 800x600
    RenderBody {BODY} at (8,8) size 784x584
      RenderText {#text} at (0,0) size 764x38
        text run at (0,0) width 207: "This tests clipping of the outline. "
        text run at (207,0) width 283: "It should not be clipped by the overflow rect. "
        text run at (490,0) width 274: "The inner div has a green outline and a red"
        text run at (0,19) width 50: "border. "
      RenderText {#text} at (0,0) size 0x0
      RenderText {#text} at (0,0) size 0x0
layer at (8,46) size 304x204 backgroundClip at (83,46) size 229x204 clip at (83,46) size 229x204 outlineClip at (83,46) size 229x204
  RenderBlock (positioned) {DIV} at (8,46) size 304x204 [border: (2px solid #0000FF)]
    RenderText {#text} at (2,2) size 101x19
      text run at (2,2) width 101: "text in outer div "
    RenderText {#text} at (0,0) size 0x0
layer at (60,67) size 102x25 backgroundClip at (83,67) size 79x25 clip at (83,70) size 76x19 outlineClip at (83,46) size 229x204 scrollWidth 97
  RenderBlock (positioned) {DIV} at (52,21) size 102x25 [bgcolor=#EEEEEE] [border: (3px solid #FF0000)]
    RenderText {#text} at (3,3) size 96x19
      text run at (3,3) width 96: "text in inner div"
      text run at (99,3) width 0: " "
