layer at (0,0) size 800x600
  RenderView at (0,0) size 800x600
layer at (0,0) size 800x600
  RenderBlock {HTML} at (0,0) size 800x600
    RenderBody {BODY} at (8,8) size 784x584
      RenderButton {BUTTON} at (0,10) size 41x10 [bgcolor=#C0C0C0] [border: (2px outset #C0C0C0)]
        RenderBlock (anonymous) at (8,2) size 25x6
          RenderText {#text} at (0,0) size 25x6
            text run at (0,0) width 25: "Test Button"
      RenderText {#text} at (41,2) size 4x19
        text run at (41,2) width 4: " "
      RenderButton {BUTTON} at (45,10) size 47x10 [bgcolor=#C0C0C0] [border: (2px outset #C0C0C0)]
        RenderBlock (anonymous) at (8,2) size 31x6
          RenderText {#text} at (0,0) size 31x6
            text run at (0,0) width 31: "Test Button"
      RenderText {#text} at (92,2) size 4x19
        text run at (92,2) width 4: " "
      RenderButton {BUTTON} at (96,9) size 54x11 [bgcolor=#C0C0C0] [border: (2px outset #C0C0C0)]
        RenderBlock (anonymous) at (8,2) size 38x7
          RenderText {#text} at (0,0) size 38x7
            text run at (0,0) width 38: "Test Button"
      RenderText {#text} at (150,2) size 4x19
        text run at (150,2) width 4: " "
      RenderButton {BUTTON} at (154,7) size 54x14 [bgcolor=#C0C0C0] [border: (2px outset #C0C0C0)]
        RenderBlock (anonymous) at (8,2) size 38x10
          RenderText {#text} at (0,0) size 38x10
            text run at (0,0) width 38: "Test Button"
      RenderText {#text} at (208,2) size 4x19
        text run at (208,2) width 4: " "
      RenderButton {BUTTON} at (212,6) size 64x16 [bgcolor=#C0C0C0] [border: (2px outset #C0C0C0)]
        RenderBlock (anonymous) at (8,2) size 48x12
          RenderText {#text} at (0,0) size 48x12
            text run at (0,0) width 48: "Test Button"
      RenderText {#text} at (276,2) size 4x19
        text run at (276,2) width 4: " "
      RenderButton {BUTTON} at (280,5) size 70x17 [bgcolor=#C0C0C0] [border: (2px outset #C0C0C0)]
        RenderBlock (anonymous) at (8,2) size 54x13
          RenderText {#text} at (0,0) size 54x13
            text run at (0,0) width 54: "Test Button"
      RenderText {#text} at (350,2) size 4x19
        text run at (350,2) width 4: " "
      RenderButton {BUTTON} at (356,4) size 71x18 [bgcolor=#C0C0C0] [border: (2px outset #C0C0C0)]
        RenderBlock (anonymous) at (8,2) size 55x14
          RenderText {#text} at (0,0) size 55x14
            text run at (0,0) width 55: "Test Button"
      RenderText {#text} at (429,2) size 4x19
        text run at (429,2) width 4: " "
      RenderButton {INPUT} at (435,2) size 83x20 [bgcolor=#C0C0C0] [border: (2px outset #C0C0C0)]
        RenderBlock (anonymous) at (8,2) size 67x16
          RenderText at (0,0) size 67x16
            text run at (0,0) width 67: "Test Button"
      RenderText {#text} at (520,2) size 4x19
        text run at (520,2) width 4: " "
      RenderButton {BUTTON} at (526,3) size 78x19 [bgcolor=#C0C0C0] [border: (2px outset #C0C0C0)]
        RenderBlock (anonymous) at (8,2) size 62x15
          RenderText {#text} at (0,0) size 62x15
            text run at (0,0) width 62: "Test Button"
      RenderText {#text} at (606,2) size 4x19
        text run at (606,2) width 4: " "
      RenderButton {BUTTON} at (612,2) size 83x20 [bgcolor=#C0C0C0] [border: (2px outset #C0C0C0)]
        RenderBlock (anonymous) at (8,2) size 67x16
          RenderText {#text} at (0,0) size 67x16
            text run at (0,0) width 67: "Test Button"
      RenderText {#text} at (697,2) size 4x19
        text run at (697,2) width 4: " "
      RenderButton {BUTTON} at (2,32) size 89x20 [bgcolor=#C0C0C0] [border: (2px outset #C0C0C0)]
        RenderBlock (anonymous) at (8,2) size 73x16
          RenderText {#text} at (0,0) size 73x16
            text run at (0,0) width 73: "Test Button"
      RenderText {#text} at (93,32) size 4x19
        text run at (93,32) width 4: " "
      RenderButton {BUTTON} at (99,31) size 91x21 [bgcolor=#C0C0C0] [border: (2px outset #C0C0C0)]
        RenderBlock (anonymous) at (8,2) size 75x17
          RenderText {#text} at (0,0) size 75x17
            text run at (0,0) width 75: "Test Button"
      RenderText {#text} at (192,32) size 4x19
        text run at (192,32) width 4: " "
      RenderButton {BUTTON} at (198,30) size 94x23 [bgcolor=#C0C0C0] [border: (2px outset #C0C0C0)]
        RenderBlock (anonymous) at (8,2) size 78x19
          RenderText {#text} at (0,0) size 78x18
            text run at (0,0) width 78: "Test Button"
      RenderText {#text} at (294,32) size 4x19
        text run at (294,32) width 4: " "
      RenderButton {BUTTON} at (300,30) size 97x24 [bgcolor=#C0C0C0] [border: (2px outset #C0C0C0)]
        RenderBlock (anonymous) at (8,2) size 81x20
          RenderText {#text} at (0,0) size 81x19
            text run at (0,0) width 81: "Test Button"
      RenderText {#text} at (399,32) size 4x19
        text run at (399,32) width 4: " "
      RenderButton {BUTTON} at (405,28) size 109x26 [bgcolor=#C0C0C0] [border: (2px outset #C0C0C0)]
        RenderBlock (anonymous) at (8,2) size 93x22
          RenderText {#text} at (0,0) size 93x21
            text run at (0,0) width 93: "Test Button"
      RenderText {#text} at (516,32) size 4x19
        text run at (516,32) width 4: " "
      RenderButton {BUTTON} at (522,27) size 113x27 [bgcolor=#C0C0C0] [border: (2px outset #C0C0C0)]
        RenderBlock (anonymous) at (8,2) size 97x23
          RenderText {#text} at (0,0) size 97x22
            text run at (0,0) width 97: "Test Button"
      RenderText {#text} at (637,32) size 4x19
        text run at (637,32) width 4: " "
      RenderButton {BUTTON} at (643,26) size 117x28 [bgcolor=#C0C0C0] [border: (2px outset #C0C0C0)]
        RenderBlock (anonymous) at (8,2) size 101x24
          RenderText {#text} at (0,0) size 101x23
            text run at (0,0) width 101: "Test Button"
      RenderText {#text} at (762,32) size 4x19
        text run at (762,32) width 4: " "
      RenderButton {BUTTON} at (2,58) size 123x29 [bgcolor=#C0C0C0] [border: (2px outset #C0C0C0)]
        RenderBlock (anonymous) at (8,2) size 107x25
          RenderText {#text} at (0,0) size 107x24
            text run at (0,0) width 107: "Test Button"
      RenderText {#text} at (0,0) size 0x0
