layer at (0,0) size 800x600
  RenderView at (0,0) size 800x600
layer at (0,0) size 800x600
  RenderBlock {HTML} at (0,0) size 800x600
    RenderBody {BODY} at (8,8) size 784x576
      RenderBlock (anonymous) at (0,0) size 784x20
        RenderText {#text} at (0,0) size 717x19
          text run at (0,0) width 717: "This tests the height attribute of form elements. The only element that should honour this value is the Image type of input."
      RenderBlock {FORM} at (0,20) size 784x292
        RenderText {#text} at (0,3) size 33x19
          text run at (0,3) width 33: "input "
        RenderTextControl {INPUT} at (35,2) size 155x22 [bgcolor=#FFFFFF] [border: (2px inset #000000)]
        RenderText {#text} at (192,3) size 4x19
          text run at (192,3) width 4: " "
        RenderBR {BR} at (196,18) size 0x0
        RenderText {#text} at (0,29) size 26x19
          text run at (0,29) width 26: "text "
        RenderTextControl {INPUT} at (28,28) size 155x22 [bgcolor=#FFFFFF] [border: (2px inset #000000)]
        RenderText {#text} at (185,29) size 4x19
          text run at (185,29) width 4: " "
        RenderBR {BR} at (189,44) size 0x0
        RenderText {#text} at (0,53) size 63x19
          text run at (0,53) width 63: "checkbox "
        RenderBlock {INPUT} at (67,55) size 13x13
        RenderText {#text} at (83,53) size 4x19
          text run at (83,53) width 4: " "
        RenderBR {BR} at (87,68) size 0x0
        RenderText {#text} at (0,75) size 21x19
          text run at (0,75) width 21: "file "
        RenderFileUploadControl {INPUT} at (23,75) size 238x20 "No file chosen"
          RenderButton {INPUT} at (0,0) size 85x20 [bgcolor=#C0C0C0] [border: (2px outset #C0C0C0)]
            RenderBlock (anonymous) at (8,2) size 69x16
              RenderText at (0,0) size 69x16
                text run at (0,0) width 69: "Choose File"
        RenderText {#text} at (263,75) size 4x19
          text run at (263,75) width 4: " "
        RenderBR {BR} at (267,90) size 0x0
        RenderText {#text} at (0,97) size 39x19
          text run at (0,97) width 39: "image "
        RenderImage {INPUT} at (39,111) size 10x1
        RenderText {#text} at (49,97) size 4x19
          text run at (49,97) width 4: " "
        RenderBR {BR} at (53,112) size 0x0
        RenderText {#text} at (0,118) size 35x19
          text run at (0,118) width 35: "radio "
        RenderBlock {INPUT} at (40,120) size 13x13
        RenderText {#text} at (56,118) size 4x19
          text run at (56,118) width 4: " "
        RenderBR {BR} at (60,133) size 0x0
        RenderText {#text} at (0,146) size 37x19
          text run at (0,146) width 37: "range "
        RenderSlider {INPUT} at (39,140) size 129x21 [bgcolor=#FFFFFF]
          RenderBlock {DIV} at (59,0) size 11x21
        RenderText {#text} at (170,146) size 4x19
          text run at (170,146) width 4: " "
        RenderBR {BR} at (174,161) size 0x0
        RenderText {#text} at (0,168) size 33x19
          text run at (0,168) width 33: "reset "
        RenderButton {INPUT} at (35,168) size 50x20 [bgcolor=#C0C0C0] [border: (2px outset #C0C0C0)]
          RenderBlock (anonymous) at (8,2) size 34x16
            RenderText at (0,0) size 34x16
              text run at (0,0) width 34: "Reset"
        RenderText {#text} at (87,168) size 4x19
          text run at (87,168) width 4: " "
        RenderBR {BR} at (91,183) size 0x0
        RenderText {#text} at (0,192) size 43x19
          text run at (0,192) width 43: "submit "
        RenderButton {INPUT} at (45,192) size 57x20 [bgcolor=#C0C0C0] [border: (2px outset #C0C0C0)]
          RenderBlock (anonymous) at (8,2) size 41x16
            RenderText at (0,0) size 41x16
              text run at (0,0) width 41: "Submit"
        RenderText {#text} at (104,192) size 4x19
          text run at (104,192) width 4: " "
        RenderBR {BR} at (108,207) size 0x0
        RenderText {#text} at (0,217) size 45x19
          text run at (0,217) width 45: "isindex "
        RenderTextControl {INPUT} at (47,216) size 157x22 [bgcolor=#FFFFFF] [border: (2px inset #000000)]
        RenderText {#text} at (206,217) size 4x19
          text run at (206,217) width 4: " "
        RenderBR {BR} at (210,232) size 0x0
        RenderText {#text} at (0,243) size 63x19
          text run at (0,243) width 63: "password "
        RenderTextControl {INPUT} at (65,242) size 155x22 [bgcolor=#FFFFFF] [border: (2px inset #000000)]
        RenderText {#text} at (222,243) size 4x19
          text run at (222,243) width 4: " "
        RenderBR {BR} at (226,258) size 0x0
        RenderText {#text} at (0,269) size 43x19
          text run at (0,269) width 43: "search "
        RenderTextControl {INPUT} at (45,268) size 157x22 [bgcolor=#FFFFFF] [border: (2px inset #000000)]
          RenderBlock {DIV} at (3,3) size 151x16
            RenderBlock {DIV} at (0,2) size 1x11
            RenderBlock {DIV} at (139,4) size 9x9
        RenderText {#text} at (0,0) size 0x0
layer at (45,33) size 151x16
  RenderBlock {DIV} at (2,3) size 151x16
layer at (38,59) size 151x16
  RenderBlock {DIV} at (2,3) size 151x16
layer at (58,247) size 151x16
  RenderBlock {DIV} at (3,3) size 151x16
layer at (75,273) size 151x16
  RenderBlock {DIV} at (2,3) size 151x16
layer at (57,299) size 138x16
  RenderBlock {DIV} at (1,0) size 138x16
