layer at (0,0) size 800x600
  RenderView at (0,0) size 800x600
layer at (0,0) size 800x600
  RenderBlock {HTML} at (0,0) size 800x600
    RenderBody {BODY} at (8,8) size 784x584
      RenderBlock {P} at (0,0) size 784x20
        RenderText {#text} at (0,0) size 51x19
          text run at (0,0) width 51: "Test for "
        RenderInline {A} at (0,0) size 291x19 [color=#0000EE]
          RenderText {#text} at (51,0) size 291x19
            text run at (51,0) width 291: "https://bugs.webkit.org/show_bug.cgi?id=21248"
        RenderText {#text} at (342,0) size 4x19
          text run at (342,0) width 4: "."
      RenderBlock (anonymous) at (0,36) size 784x40
        RenderText {#text} at (0,0) size 0x0
        RenderText {#text} at (0,0) size 0x0
        RenderText {#text} at (0,0) size 0x0
layer at (10,46) size 179x36 clip at (11,47) size 177x34
  RenderTextControl {TEXTAREA} at (2,2) size 179x36 [bgcolor=#FFFFFF] [border: (1px solid #000000)]
    RenderBlock {DIV} at (3,3) size 175x16
      RenderText {#text} at (0,0) size 64x16
        text run at (0,0) width 64: "New text"
