layer at (0,0) size 800x600
  RenderView at (0,0) size 800x600
layer at (0,0) size 800x600
  RenderBlock {HTML} at (0,0) size 800x600
    RenderBody {BODY} at (8,8) size 784x584
      RenderBlock (anonymous) at (0,0) size 784x20
        RenderText {#text} at (0,0) size 158x19
          text run at (0,0) width 158: "The text should be default:"
      RenderBlock {DIV} at (0,28) size 784x46
        RenderBlock {HR} at (0,0) size 784x2 [border: (1px inset #000000)]
        RenderBlock (anonymous) at (0,10) size 784x26
          RenderText {#text} at (0,3) size 307x19
            text run at (0,3) width 307: "This is a searchable index. Enter search keywords: "
          RenderTextControl {ISINDEX} at (309,2) size 157x22 [bgcolor=#FFFFFF] [border: (2px inset #000000)]
        RenderBlock {HR} at (0,44) size 784x2 [border: (1px inset #000000)]
      RenderBlock (anonymous) at (0,82) size 784x20
        RenderText {#text} at (0,0) size 138x19
          text run at (0,0) width 138: "The text should be red:"
      RenderBlock {DIV} at (0,110) size 784x46
        RenderBlock {HR} at (0,0) size 784x2 [border: (1px inset #000000)]
        RenderBlock (anonymous) at (0,10) size 784x26
          RenderText {#text} at (0,3) size 307x19
            text run at (0,3) width 307: "This is a searchable index. Enter search keywords: "
          RenderTextControl {ISINDEX} at (309,2) size 157x22 [color=#FF0000] [bgcolor=#FFFFFF] [border: (2px inset #FF0000)]
        RenderBlock {HR} at (0,44) size 784x2 [border: (1px inset #000000)]
      RenderBlock (anonymous) at (0,164) size 784x20
        RenderText {#text} at (0,0) size 200x19
          text run at (0,0) width 200: "The text should be gray on green:"
      RenderBlock {DIV} at (0,192) size 784x46
        RenderBlock {HR} at (0,0) size 784x2 [border: (1px inset #000000)]
        RenderBlock (anonymous) at (0,10) size 784x26
          RenderText {#text} at (0,3) size 307x19
            text run at (0,3) width 307: "This is a searchable index. Enter search keywords: "
          RenderTextControl {ISINDEX} at (309,2) size 157x22 [bgcolor=#008000] [border: (2px inset #000000)]
        RenderBlock {HR} at (0,44) size 784x2 [border: (1px inset #000000)]
      RenderBlock (anonymous) at (0,246) size 784x20
        RenderText {#text} at (0,0) size 198x19
          text run at (0,0) width 198: "The text should be red on Green:"
      RenderBlock {DIV} at (0,274) size 784x46
        RenderBlock {HR} at (0,0) size 784x2 [border: (1px inset #000000)]
        RenderBlock (anonymous) at (0,10) size 784x26
          RenderText {#text} at (0,3) size 307x19
            text run at (0,3) width 307: "This is a searchable index. Enter search keywords: "
          RenderTextControl {ISINDEX} at (309,2) size 157x22 [color=#FF0000] [bgcolor=#008000] [border: (2px inset #FF0000)]
        RenderBlock {HR} at (0,44) size 784x2 [border: (1px inset #000000)]
      RenderBlock (anonymous) at (0,328) size 784x26
        RenderTextControl {INPUT} at (2,2) size 155x22 [bgcolor=#FFFFFF] [border: (2px inset #000000)]
        RenderText {#text} at (159,3) size 4x19
          text run at (159,3) width 4: " "
        RenderTextControl {INPUT} at (165,2) size 155x22 [color=#FF0000] [bgcolor=#FFFFFF] [border: (2px inset #FF0000)]
        RenderText {#text} at (322,3) size 4x19
          text run at (322,3) width 4: " "
        RenderTextControl {INPUT} at (328,2) size 155x22 [bgcolor=#008000] [border: (2px inset #000000)]
        RenderText {#text} at (485,3) size 4x19
          text run at (485,3) width 4: " "
        RenderTextControl {INPUT} at (491,2) size 155x22 [color=#FF0000] [bgcolor=#008000] [border: (2px inset #FF0000)]
        RenderText {#text} at (0,0) size 0x0
layer at (320,51) size 151x16
  RenderBlock {DIV} at (3,3) size 151x16
    RenderText {#text} at (1,0) size 38x16
      text run at (1,0) width 38: "default"
layer at (320,133) size 151x16
  RenderBlock {DIV} at (3,3) size 151x16
    RenderText {#text} at (1,0) size 18x16
      text run at (1,0) width 18: "red"
layer at (320,215) size 151x16
  RenderBlock {DIV} at (3,3) size 151x16
    RenderText {#text} at (1,0) size 92x16
      text run at (1,0) width 92: "default on green"
layer at (320,297) size 151x16
  RenderBlock {DIV} at (3,3) size 151x16
    RenderText {#text} at (1,0) size 72x16
      text run at (1,0) width 72: "red on green"
layer at (12,341) size 151x16
  RenderBlock {DIV} at (2,3) size 151x16
    RenderText {#text} at (1,0) size 38x16
      text run at (1,0) width 38: "default"
layer at (175,341) size 151x16
  RenderBlock {DIV} at (2,3) size 151x16
    RenderText {#text} at (1,0) size 18x16
      text run at (1,0) width 18: "red"
layer at (338,341) size 151x16
  RenderBlock {DIV} at (2,3) size 151x16
    RenderText {#text} at (1,0) size 92x16
      text run at (1,0) width 92: "default on green"
layer at (501,341) size 151x16
  RenderBlock {DIV} at (2,3) size 151x16
    RenderText {#text} at (1,0) size 72x16
      text run at (1,0) width 72: "red on green"
