layer at (0,0) size 800x600
  RenderView at (0,0) size 800x600
layer at (0,0) size 800x112
  RenderBlock {HTML} at (0,0) size 800x112
    RenderBody {BODY} at (8,8) size 784x88
      RenderBlock (anonymous) at (0,0) size 784x18
        RenderText {#text} at (0,0) size 645x18
          text run at (0,0) width 367: "The list below should use red diamond images for bullets. "
          text run at (367,0) width 278: "If you see circular bullets, the test has failed."
      RenderBlock {UL} at (0,34) size 784x54
        RenderListItem {LI} at (40,0) size 744x18
          RenderListMarker at (-17,0) size 7x18: bullet
          RenderText {#text} at (0,0) size 27x18
            text run at (0,0) width 27: "One"
        RenderListItem {LI} at (40,18) size 744x18
          RenderListMarker at (-17,0) size 7x18: bullet
          RenderText {#text} at (0,0) size 30x18
            text run at (0,0) width 30: "Two"
        RenderListItem {LI} at (40,36) size 744x18
          RenderListMarker at (-17,0) size 7x18: bullet
          RenderText {#text} at (0,0) size 37x18
            text run at (0,0) width 37: "Three"
