layer at (0,0) size 800x600
  RenderView at (0,0) size 800x600
layer at (0,0) size 800x74
  RenderBlock {HTML} at (0,0) size 800x74
    RenderBody {BODY} at (8,8) size 784x58
      RenderBlock {DIV} at (0,0) size 784x58 [border: (20px dotted #FF0000)]
        RenderText {#text} at (20,20) size 310x18
          text run at (20,20) width 310: "This block hould have a 10px solid green border."
