layer at (0,0) size 800x13681
  RenderView at (0,0) size 800x600
layer at (0,0) size 800x13681
  RenderBlock {HTML} at (0,0) size 800x13681
    RenderBody {BODY} at (8,8) size 784x13665
      RenderTable {TABLE} at (0,0) size 784x13665 [border: (1px outset #808080)]
        RenderTableSection {TBODY} at (1,1) size 782x13663
          RenderTableRow {TR} at (0,2) size 782x13659
            RenderTableCell {TD} at (2,2) size 14x22 [border: (1px inset #808080)] [r=0 c=0 rs=1 cs=1]
              RenderText {#text} at (2,2) size 10x18
                text run at (2,2) width 10: "x"
            RenderTableCell {TD} at (18,2) size 762x13659 [border: (1px inset #808080)] [r=0 c=1 rs=1 cs=1]
              RenderBlock (anonymous) at (2,2) size 758x0
                RenderInline {FONT} at (0,0) size 0x0
                  RenderText {#text} at (0,0) size 0x0
              RenderBlock (anonymous) at (2,2) size 758x13655
                RenderTable {TABLE} at (0,0) size 572x56 [border: (1px outset #808080)]
                  RenderTableSection {TBODY} at (1,1) size 570x54
                    RenderTableRow {TR} at (0,2) size 570x24
                      RenderTableCell {TD} at (2,2) size 117x24 [border: (1px inset #808080)] [r=0 c=0 rs=1 cs=1]
                        RenderText {#text} at (2,2) size 5x20
                          text run at (2,2) width 5: " "
                      RenderTableCell {TD} at (121,2) size 447x4 [border: (1px inset #808080)] [r=0 c=1 rs=1 cs=1]
                    RenderTableRow {TR} at (0,28) size 570x24
                      RenderTableCell {TD} at (2,28) size 117x24 [border: (1px inset #808080)] [r=1 c=0 rs=1 cs=1]
                        RenderText {#text} at (2,2) size 113x20
                          text run at (2,2) width 113: "Search again..."
                RenderBlock (anonymous) at (0,56) size 758x36
                  RenderText {#text} at (0,0) size 739x36
                    text run at (0,0) width 368: "This text node only exists once in the original document! "
                    text run at (368,0) width 339: "If it were a large collection of inlines, the page would "
                    text run at (707,0) width 32: "hang"
                    text run at (0,18) width 50: "forever."
                  RenderInline {A} at (0,0) size 0x0
                RenderBlock {H2} at (0,110) size 758x26
                  RenderInline {A} at (0,0) size 193x26
                    RenderText {#text} at (0,0) size 193x26
                      text run at (0,0) width 193: "Table of Contents"
                RenderBlock {P} at (0,154) size 758x180
                  RenderInline {B} at (0,0) size 86x18
                    RenderInline {A} at (0,0) size 86x18 [color=#0000EE]
                      RenderText {#text} at (0,0) size 86x18
                        text run at (0,0) width 86: "Introduction"
                  RenderBR {BR} at (86,14) size 0x0
                  RenderBR {BR} at (0,18) size 0x18
                  RenderInline {A} at (0,0) size 180x18 [color=#0000EE]
                    RenderText {#text} at (0,36) size 180x18
                      text run at (0,36) width 180: "Who Should Use This Book"
                  RenderText {#text} at (180,36) size 4x18
                    text run at (180,36) width 4: " "
                  RenderBR {BR} at (184,50) size 0x0
                  RenderInline {A} at (0,0) size 151x18 [color=#0000EE]
                    RenderText {#text} at (0,54) size 151x18
                      text run at (0,54) width 151: "How To Use This Book"
                  RenderText {#text} at (151,54) size 4x18
                    text run at (151,54) width 4: " "
                  RenderBR {BR} at (155,68) size 0x0
                  RenderInline {A} at (0,0) size 187x18 [color=#0000EE]
                    RenderText {#text} at (0,72) size 187x18
                      text run at (0,72) width 187: "How This Book is Structured"
                  RenderText {#text} at (187,72) size 4x18
                    text run at (187,72) width 4: " "
                  RenderBR {BR} at (191,86) size 0x0
                  RenderInline {A} at (0,0) size 227x18 [color=#0000EE]
                    RenderText {#text} at (0,90) size 227x18
                      text run at (0,90) width 227: "How to Read the Syntax Diagrams"
                  RenderText {#text} at (227,90) size 4x18
                    text run at (227,90) width 4: " "
                  RenderBR {BR} at (231,104) size 0x0
                  RenderInline {A} at (0,0) size 220x18 [color=#0000EE]
                    RenderText {#text} at (0,108) size 220x18
                      text run at (0,108) width 220: "Conventions Used in This Manual"
                  RenderText {#text} at (220,108) size 4x18
                    text run at (220,108) width 4: " "
                  RenderBR {BR} at (224,122) size 0x0
                  RenderInline {A} at (0,0) size 106x18 [color=#0000EE]
                    RenderText {#text} at (0,126) size 106x18
                      text run at (0,126) width 106: "Error Conditions"
                  RenderText {#text} at (106,126) size 4x18
                    text run at (106,126) width 4: " "
                  RenderBR {BR} at (110,140) size 0x0
                  RenderInline {A} at (0,0) size 161x18 [color=#0000EE]
                    RenderText {#text} at (0,144) size 161x18
                      text run at (0,144) width 161: "Highlighting Conventions"
                  RenderText {#text} at (161,144) size 4x18
                    text run at (161,144) width 4: " "
                  RenderBR {BR} at (165,158) size 0x0
                  RenderInline {A} at (0,0) size 244x18 [color=#0000EE]
                    RenderText {#text} at (0,162) size 244x18
                      text run at (0,162) width 244: "Related Documentation for This Book"
                  RenderText {#text} at (0,0) size 0x0
                RenderBlock {P} at (0,349) size 758x1188
                  RenderInline {B} at (0,0) size 67x18
                    RenderInline {A} at (0,0) size 67x18 [color=#0000EE]
                      RenderText {#text} at (0,0) size 67x18
                        text run at (0,0) width 67: "Concepts"
                  RenderBR {BR} at (67,14) size 0x0
                  RenderBR {BR} at (0,18) size 0x18
                  RenderInline {A} at (0,0) size 131x18 [color=#0000EE]
                    RenderText {#text} at (0,36) size 131x18
                      text run at (0,36) width 131: "Relational Database"
                  RenderText {#text} at (131,36) size 4x18
                    text run at (131,36) width 4: " "
                  RenderBR {BR} at (135,50) size 0x0
                  RenderInline {A} at (0,0) size 225x18 [color=#0000EE]
                    RenderText {#text} at (0,54) size 225x18
                      text run at (0,54) width 225: "Structured Query Language (SQL)"
                  RenderText {#text} at (225,54) size 4x18
                    text run at (225,54) width 4: " "
                  RenderBR {BR} at (229,68) size 0x0
                  RenderInline {A} at (0,0) size 105x18 [color=#0000EE]
                    RenderText {#text} at (0,72) size 105x18
                      text run at (0,72) width 105: "Embedded SQL"
                  RenderText {#text} at (105,72) size 4x18
                    text run at (105,72) width 4: " "
                  RenderBR {BR} at (109,86) size 0x0
                  RenderInline {A} at (0,0) size 71x18 [color=#0000EE]
                    RenderText {#text} at (0,90) size 71x18
                      text run at (0,90) width 71: "Static SQL"
                  RenderText {#text} at (71,90) size 4x18
                    text run at (71,90) width 4: " "
                  RenderBR {BR} at (75,104) size 0x0
                  RenderInline {A} at (0,0) size 93x18 [color=#0000EE]
                    RenderText {#text} at (0,108) size 93x18
                      text run at (0,108) width 93: "Dynamic SQL"
                  RenderText {#text} at (93,108) size 4x18
                    text run at (93,108) width 4: " "
                  RenderBR {BR} at (97,122) size 0x0
                  RenderInline {A} at (0,0) size 459x18 [color=#0000EE]
                    RenderText {#text} at (0,126) size 459x18
                      text run at (0,126) width 459: "DB2 Call Level Interface (CLI) & Open Database Connectivity (ODBC)"
                  RenderText {#text} at (459,126) size 4x18
                    text run at (459,126) width 4: " "
                  RenderBR {BR} at (463,140) size 0x0
                  RenderInline {A} at (0,0) size 553x18 [color=#0000EE]
                    RenderText {#text} at (0,144) size 553x18
                      text run at (0,144) width 553: "Java Database Connectivity (JDBC) and Embedded SQL for Java (SQLJ) Programs"
                  RenderText {#text} at (553,144) size 4x18
                    text run at (553,144) width 4: " "
                  RenderBR {BR} at (557,158) size 0x0
                  RenderInline {A} at (0,0) size 102x18 [color=#0000EE]
                    RenderText {#text} at (0,162) size 102x18
                      text run at (0,162) width 102: "Interactive SQL"
                  RenderText {#text} at (102,162) size 4x18
                    text run at (102,162) width 4: " "
                  RenderBR {BR} at (106,176) size 0x0
                  RenderInline {A} at (0,0) size 63x18 [color=#0000EE]
                    RenderText {#text} at (0,180) size 63x18
                      text run at (0,180) width 63: "Schemas"
                  RenderText {#text} at (63,180) size 4x18
                    text run at (63,180) width 4: " "
                  RenderBR {BR} at (67,194) size 0x0
                  RenderInline {A} at (0,0) size 183x18 [color=#0000EE]
                    RenderText {#text} at (0,198) size 183x18
                      text run at (0,198) width 183: "Controlling Use of Schemas"
                  RenderText {#text} at (183,198) size 4x18
                    text run at (183,198) width 4: " "
                  RenderBR {BR} at (187,212) size 0x0
                  RenderInline {A} at (0,0) size 43x18 [color=#0000EE]
                    RenderText {#text} at (0,216) size 43x18
                      text run at (0,216) width 43: "Tables"
                  RenderText {#text} at (43,216) size 4x18
                    text run at (43,216) width 4: " "
                  RenderBR {BR} at (47,230) size 0x0
                  RenderInline {A} at (0,0) size 40x18 [color=#0000EE]
                    RenderText {#text} at (0,234) size 40x18
                      text run at (0,234) width 40: "Views"
                  RenderText {#text} at (40,234) size 4x18
                    text run at (40,234) width 4: " "
                  RenderBR {BR} at (44,248) size 0x0
                  RenderInline {A} at (0,0) size 49x18 [color=#0000EE]
                    RenderText {#text} at (0,252) size 49x18
                      text run at (0,252) width 49: "Aliases"
                  RenderText {#text} at (49,252) size 4x18
                    text run at (49,252) width 4: " "
                  RenderBR {BR} at (53,266) size 0x0
                  RenderInline {A} at (0,0) size 52x18 [color=#0000EE]
                    RenderText {#text} at (0,270) size 52x18
                      text run at (0,270) width 52: "Indexes"
                  RenderText {#text} at (52,270) size 4x18
                    text run at (52,270) width 4: " "
                  RenderBR {BR} at (56,284) size 0x0
                  RenderInline {A} at (0,0) size 34x18 [color=#0000EE]
                    RenderText {#text} at (0,288) size 34x18
                      text run at (0,288) width 34: "Keys"
                  RenderText {#text} at (34,288) size 4x18
                    text run at (34,288) width 4: " "
                  RenderBR {BR} at (38,302) size 0x0
                  RenderInline {A} at (0,0) size 84x18 [color=#0000EE]
                    RenderText {#text} at (0,306) size 84x18
                      text run at (0,306) width 84: "Unique Keys"
                  RenderText {#text} at (84,306) size 4x18
                    text run at (84,306) width 4: " "
                  RenderBR {BR} at (88,320) size 0x0
                  RenderInline {A} at (0,0) size 90x18 [color=#0000EE]
                    RenderText {#text} at (0,324) size 90x18
                      text run at (0,324) width 90: "Primary Keys"
                  RenderText {#text} at (90,324) size 4x18
                    text run at (90,324) width 4: " "
                  RenderBR {BR} at (94,338) size 0x0
                  RenderInline {A} at (0,0) size 87x18 [color=#0000EE]
                    RenderText {#text} at (0,342) size 87x18
                      text run at (0,342) width 87: "Foreign Keys"
                  RenderText {#text} at (87,342) size 4x18
                    text run at (87,342) width 4: " "
                  RenderBR {BR} at (91,356) size 0x0
                  RenderInline {A} at (0,0) size 110x18 [color=#0000EE]
                    RenderText {#text} at (0,360) size 110x18
                      text run at (0,360) width 110: "Partitioning Keys"
                  RenderText {#text} at (110,360) size 4x18
                    text run at (110,360) width 4: " "
                  RenderBR {BR} at (114,374) size 0x0
                  RenderInline {A} at (0,0) size 75x18 [color=#0000EE]
                    RenderText {#text} at (0,378) size 75x18
                      text run at (0,378) width 75: "Constraints"
                  RenderText {#text} at (75,378) size 4x18
                    text run at (75,378) width 4: " "
                  RenderBR {BR} at (79,392) size 0x0
                  RenderInline {A} at (0,0) size 125x18 [color=#0000EE]
                    RenderText {#text} at (0,396) size 125x18
                      text run at (0,396) width 125: "Unique Constraints"
                  RenderText {#text} at (125,396) size 4x18
                    text run at (125,396) width 4: " "
                  RenderBR {BR} at (129,410) size 0x0
                  RenderInline {A} at (0,0) size 149x18 [color=#0000EE]
                    RenderText {#text} at (0,414) size 149x18
                      text run at (0,414) width 149: "Referential Constraints"
                  RenderText {#text} at (149,414) size 4x18
                    text run at (149,414) width 4: " "
                  RenderBR {BR} at (153,428) size 0x0
                  RenderInline {A} at (0,0) size 161x18 [color=#0000EE]
                    RenderText {#text} at (0,432) size 161x18
                      text run at (0,432) width 161: "Table Check Constraints"
                  RenderText {#text} at (161,432) size 4x18
                    text run at (161,432) width 4: " "
                  RenderBR {BR} at (165,446) size 0x0
                  RenderInline {A} at (0,0) size 54x18 [color=#0000EE]
                    RenderText {#text} at (0,450) size 54x18
                      text run at (0,450) width 54: "Triggers"
                  RenderText {#text} at (54,450) size 4x18
                    text run at (54,450) width 4: " "
                  RenderBR {BR} at (58,464) size 0x0
                  RenderInline {A} at (0,0) size 99x18 [color=#0000EE]
                    RenderText {#text} at (0,468) size 99x18
                      text run at (0,468) width 99: "Event Monitors"
                  RenderText {#text} at (99,468) size 4x18
                    text run at (99,468) width 4: " "
                  RenderBR {BR} at (103,482) size 0x0
                  RenderInline {A} at (0,0) size 52x18 [color=#0000EE]
                    RenderText {#text} at (0,486) size 52x18
                      text run at (0,486) width 52: "Queries"
                  RenderText {#text} at (52,486) size 4x18
                    text run at (52,486) width 4: " "
                  RenderBR {BR} at (56,500) size 0x0
                  RenderInline {A} at (0,0) size 121x18 [color=#0000EE]
                    RenderText {#text} at (0,504) size 121x18
                      text run at (0,504) width 121: "Table Expressions"
                  RenderText {#text} at (121,504) size 4x18
                    text run at (121,504) width 4: " "
                  RenderBR {BR} at (125,518) size 0x0
                  RenderInline {A} at (0,0) size 186x18 [color=#0000EE]
                    RenderText {#text} at (0,522) size 186x18
                      text run at (0,522) width 186: "Common Table Expressions"
                  RenderText {#text} at (186,522) size 4x18
                    text run at (186,522) width 4: " "
                  RenderBR {BR} at (190,536) size 0x0
                  RenderInline {A} at (0,0) size 66x18 [color=#0000EE]
                    RenderText {#text} at (0,540) size 66x18
                      text run at (0,540) width 66: "Packages"
                  RenderText {#text} at (66,540) size 4x18
                    text run at (66,540) width 4: " "
                  RenderBR {BR} at (70,554) size 0x0
                  RenderInline {A} at (0,0) size 94x18 [color=#0000EE]
                    RenderText {#text} at (0,558) size 94x18
                      text run at (0,558) width 94: "Catalog Views"
                  RenderText {#text} at (94,558) size 4x18
                    text run at (94,558) width 4: " "
                  RenderBR {BR} at (98,572) size 0x0
                  RenderInline {A} at (0,0) size 339x18 [color=#0000EE]
                    RenderText {#text} at (0,576) size 339x18
                      text run at (0,576) width 339: "Application Processes, Concurrency, and Recovery"
                  RenderText {#text} at (339,576) size 4x18
                    text run at (339,576) width 4: " "
                  RenderBR {BR} at (343,590) size 0x0
                  RenderInline {A} at (0,0) size 93x18 [color=#0000EE]
                    RenderText {#text} at (0,594) size 93x18
                      text run at (0,594) width 93: "Isolation Level"
                  RenderText {#text} at (93,594) size 4x18
                    text run at (93,594) width 4: " "
                  RenderBR {BR} at (97,608) size 0x0
                  RenderInline {A} at (0,0) size 149x18 [color=#0000EE]
                    RenderText {#text} at (0,612) size 149x18
                      text run at (0,612) width 149: "Repeatable Read (RR)"
                  RenderText {#text} at (149,612) size 4x18
                    text run at (149,612) width 4: " "
                  RenderBR {BR} at (153,626) size 0x0
                  RenderInline {A} at (0,0) size 125x18 [color=#0000EE]
                    RenderText {#text} at (0,630) size 125x18
                      text run at (0,630) width 125: "Read Stability (RS)"
                  RenderText {#text} at (125,630) size 4x18
                    text run at (125,630) width 4: " "
                  RenderBR {BR} at (129,644) size 0x0
                  RenderInline {A} at (0,0) size 135x18 [color=#0000EE]
                    RenderText {#text} at (0,648) size 135x18
                      text run at (0,648) width 135: "Cursor Stability (CS)"
                  RenderText {#text} at (135,648) size 4x18
                    text run at (135,648) width 4: " "
                  RenderBR {BR} at (139,662) size 0x0
                  RenderInline {A} at (0,0) size 163x18 [color=#0000EE]
                    RenderText {#text} at (0,666) size 163x18
                      text run at (0,666) width 163: "Uncommitted Read (UR)"
                  RenderText {#text} at (163,666) size 4x18
                    text run at (163,666) width 4: " "
                  RenderBR {BR} at (167,680) size 0x0
                  RenderInline {A} at (0,0) size 201x18 [color=#0000EE]
                    RenderText {#text} at (0,684) size 201x18
                      text run at (0,684) width 201: "Comparison of Isolation Levels"
                  RenderText {#text} at (201,684) size 4x18
                    text run at (201,684) width 4: " "
                  RenderBR {BR} at (205,698) size 0x0
                  RenderInline {A} at (0,0) size 205x18 [color=#0000EE]
                    RenderText {#text} at (0,702) size 205x18
                      text run at (0,702) width 205: "Distributed Relational Database"
                  RenderText {#text} at (205,702) size 4x18
                    text run at (205,702) width 4: " "
                  RenderBR {BR} at (209,716) size 0x0
                  RenderInline {A} at (0,0) size 128x18 [color=#0000EE]
                    RenderText {#text} at (0,720) size 128x18
                      text run at (0,720) width 128: "Application Servers"
                  RenderText {#text} at (128,720) size 4x18
                    text run at (128,720) width 4: " "
                  RenderBR {BR} at (132,734) size 0x0
                  RenderInline {A} at (0,0) size 300x18 [color=#0000EE]
                    RenderText {#text} at (0,738) size 300x18
                      text run at (0,738) width 300: "CONNECT (Type 1) and CONNECT (Type 2)"
                  RenderText {#text} at (300,738) size 4x18
                    text run at (300,738) width 4: " "
                  RenderBR {BR} at (304,752) size 0x0
                  RenderInline {A} at (0,0) size 137x18 [color=#0000EE]
                    RenderText {#text} at (0,756) size 137x18
                      text run at (0,756) width 137: "Remote Unit of Work"
                  RenderText {#text} at (137,756) size 4x18
                    text run at (137,756) width 4: " "
                  RenderBR {BR} at (141,770) size 0x0
                  RenderInline {A} at (0,0) size 291x18 [color=#0000EE]
                    RenderText {#text} at (0,774) size 291x18
                      text run at (0,774) width 291: "Application-Directed Distributed Unit of Work"
                  RenderText {#text} at (291,774) size 4x18
                    text run at (291,774) width 4: " "
                  RenderBR {BR} at (295,788) size 0x0
                  RenderInline {A} at (0,0) size 236x18 [color=#0000EE]
                    RenderText {#text} at (0,792) size 236x18
                      text run at (0,792) width 236: "Data Representation Considerations"
                  RenderText {#text} at (236,792) size 4x18
                    text run at (236,792) width 4: " "
                  RenderBR {BR} at (240,806) size 0x0
                  RenderInline {A} at (0,0) size 162x18 [color=#0000EE]
                    RenderText {#text} at (0,810) size 162x18
                      text run at (0,810) width 162: "DB2 Federated Systems"
                  RenderText {#text} at (162,810) size 4x18
                    text run at (162,810) width 4: " "
                  RenderBR {BR} at (166,824) size 0x0
                  RenderInline {A} at (0,0) size 410x18 [color=#0000EE]
                    RenderText {#text} at (0,828) size 410x18
                      text run at (0,828) width 410: "The Federated Server, Federated Database, and Data Sources"
                  RenderText {#text} at (410,828) size 4x18
                    text run at (410,828) width 4: " "
                  RenderBR {BR} at (414,842) size 0x0
                  RenderInline {A} at (0,0) size 298x18 [color=#0000EE]
                    RenderText {#text} at (0,846) size 298x18
                      text run at (0,846) width 298: "Tasks to Perform in a DB2 Federated System"
                  RenderText {#text} at (298,846) size 4x18
                    text run at (298,846) width 4: " "
                  RenderBR {BR} at (302,860) size 0x0
                  RenderInline {A} at (0,0) size 212x18 [color=#0000EE]
                    RenderText {#text} at (0,864) size 212x18
                      text run at (0,864) width 212: "Wrappers and Wrapper Modules"
                  RenderText {#text} at (212,864) size 4x18
                    text run at (212,864) width 4: " "
                  RenderBR {BR} at (216,878) size 0x0
                  RenderInline {A} at (0,0) size 247x18 [color=#0000EE]
                    RenderText {#text} at (0,882) size 247x18
                      text run at (0,882) width 247: "Server Definitions and Server Options"
                  RenderText {#text} at (247,882) size 4x18
                    text run at (247,882) width 4: " "
                  RenderBR {BR} at (251,896) size 0x0
                  RenderInline {A} at (0,0) size 219x18 [color=#0000EE]
                    RenderText {#text} at (0,900) size 219x18
                      text run at (0,900) width 219: "User Mappings and User Options"
                  RenderText {#text} at (219,900) size 4x18
                    text run at (219,900) width 4: " "
                  RenderBR {BR} at (223,914) size 0x0
                  RenderInline {A} at (0,0) size 136x18 [color=#0000EE]
                    RenderText {#text} at (0,918) size 136x18
                      text run at (0,918) width 136: "Data Type Mappings"
                  RenderText {#text} at (136,918) size 4x18
                    text run at (136,918) width 4: " "
                  RenderBR {BR} at (140,932) size 0x0
                  RenderInline {A} at (0,0) size 467x18 [color=#0000EE]
                    RenderText {#text} at (0,936) size 467x18
                      text run at (0,936) width 467: "Function Mappings, Function Templates, and Function Mapping Options"
                  RenderText {#text} at (467,936) size 4x18
                    text run at (467,936) width 4: " "
                  RenderBR {BR} at (471,950) size 0x0
                  RenderInline {A} at (0,0) size 213x18 [color=#0000EE]
                    RenderText {#text} at (0,954) size 213x18
                      text run at (0,954) width 213: "Nicknames and Column Options"
                  RenderText {#text} at (213,954) size 4x18
                    text run at (213,954) width 4: " "
                  RenderBR {BR} at (217,968) size 0x0
                  RenderInline {A} at (0,0) size 131x18 [color=#0000EE]
                    RenderText {#text} at (0,972) size 131x18
                      text run at (0,972) width 131: "Index Specifications"
                  RenderText {#text} at (131,972) size 4x18
                    text run at (131,972) width 4: " "
                  RenderBR {BR} at (135,986) size 0x0
                  RenderInline {A} at (0,0) size 137x18 [color=#0000EE]
                    RenderText {#text} at (0,990) size 137x18
                      text run at (0,990) width 137: "Distributed Requests"
                  RenderText {#text} at (137,990) size 4x18
                    text run at (137,990) width 4: " "
                  RenderBR {BR} at (141,1004) size 0x0
                  RenderInline {A} at (0,0) size 95x18 [color=#0000EE]
                    RenderText {#text} at (0,1008) size 95x18
                      text run at (0,1008) width 95: "Compensation"
                  RenderText {#text} at (95,1008) size 4x18
                    text run at (95,1008) width 4: " "
                  RenderBR {BR} at (99,1022) size 0x0
                  RenderInline {A} at (0,0) size 93x18 [color=#0000EE]
                    RenderText {#text} at (0,1026) size 93x18
                      text run at (0,1026) width 93: "Pass-Through"
                  RenderText {#text} at (93,1026) size 4x18
                    text run at (93,1026) width 4: " "
                  RenderBR {BR} at (97,1040) size 0x0
                  RenderInline {A} at (0,0) size 144x18 [color=#0000EE]
                    RenderText {#text} at (0,1044) size 144x18
                      text run at (0,1044) width 144: "Character Conversion"
                  RenderText {#text} at (144,1044) size 4x18
                    text run at (144,1044) width 4: " "
                  RenderBR {BR} at (148,1058) size 0x0
                  RenderInline {A} at (0,0) size 212x18 [color=#0000EE]
                    RenderText {#text} at (0,1062) size 212x18
                      text run at (0,1062) width 212: "Character Sets and Code Pages"
                  RenderText {#text} at (212,1062) size 4x18
                    text run at (212,1062) width 4: " "
                  RenderBR {BR} at (216,1076) size 0x0
                  RenderInline {A} at (0,0) size 140x18 [color=#0000EE]
                    RenderText {#text} at (0,1080) size 140x18
                      text run at (0,1080) width 140: "Code Page Attributes"
                  RenderText {#text} at (140,1080) size 4x18
                    text run at (140,1080) width 4: " "
                  RenderBR {BR} at (144,1094) size 0x0
                  RenderInline {A} at (0,0) size 182x18 [color=#0000EE]
                    RenderText {#text} at (0,1098) size 182x18
                      text run at (0,1098) width 182: "Authorization and Privileges"
                  RenderText {#text} at (182,1098) size 4x18
                    text run at (182,1098) width 4: " "
                  RenderBR {BR} at (186,1112) size 0x0
                  RenderInline {A} at (0,0) size 285x18 [color=#0000EE]
                    RenderText {#text} at (0,1116) size 285x18
                      text run at (0,1116) width 285: "Table Spaces and Other Storage Structures"
                  RenderText {#text} at (285,1116) size 4x18
                    text run at (285,1116) width 4: " "
                  RenderBR {BR} at (289,1130) size 0x0
                  RenderInline {A} at (0,0) size 278x18 [color=#0000EE]
                    RenderText {#text} at (0,1134) size 278x18
                      text run at (0,1134) width 278: "Data Partitioning Across Multiple Partitions"
                  RenderText {#text} at (278,1134) size 4x18
                    text run at (278,1134) width 4: " "
                  RenderBR {BR} at (282,1148) size 0x0
                  RenderInline {A} at (0,0) size 113x18 [color=#0000EE]
                    RenderText {#text} at (0,1152) size 113x18
                      text run at (0,1152) width 113: "Partitioning Maps"
                  RenderText {#text} at (113,1152) size 4x18
                    text run at (113,1152) width 4: " "
                  RenderBR {BR} at (117,1166) size 0x0
                  RenderInline {A} at (0,0) size 111x18 [color=#0000EE]
                    RenderText {#text} at (0,1170) size 111x18
                      text run at (0,1170) width 111: "Table Collocation"
                  RenderText {#text} at (0,0) size 0x0
                RenderBlock {P} at (0,1552) size 758x2394
                  RenderInline {B} at (0,0) size 138x18
                    RenderInline {A} at (0,0) size 138x18 [color=#0000EE]
                      RenderText {#text} at (0,0) size 138x18
                        text run at (0,0) width 138: "Language Elements"
                  RenderBR {BR} at (138,14) size 0x0
                  RenderBR {BR} at (0,18) size 0x18
                  RenderInline {A} at (0,0) size 73x18 [color=#0000EE]
                    RenderText {#text} at (0,36) size 73x18
                      text run at (0,36) width 73: "Characters"
                  RenderText {#text} at (73,36) size 4x18
                    text run at (73,36) width 4: " "
                  RenderBR {BR} at (77,50) size 0x0
                  RenderInline {A} at (0,0) size 146x18 [color=#0000EE]
                    RenderText {#text} at (0,54) size 146x18
                      text run at (0,54) width 146: "MBCS Considerations"
                  RenderText {#text} at (146,54) size 4x18
                    text run at (146,54) width 4: " "
                  RenderBR {BR} at (150,68) size 0x0
                  RenderInline {A} at (0,0) size 48x18 [color=#0000EE]
                    RenderText {#text} at (0,72) size 48x18
                      text run at (0,72) width 48: "Tokens"
                  RenderText {#text} at (48,72) size 4x18
                    text run at (48,72) width 4: " "
                  RenderBR {BR} at (52,86) size 0x0
                  RenderInline {A} at (0,0) size 146x18 [color=#0000EE]
                    RenderText {#text} at (0,90) size 146x18
                      text run at (0,90) width 146: "MBCS Considerations"
                  RenderText {#text} at (146,90) size 4x18
                    text run at (146,90) width 4: " "
                  RenderBR {BR} at (150,104) size 0x0
                  RenderInline {A} at (0,0) size 63x18 [color=#0000EE]
                    RenderText {#text} at (0,108) size 63x18
                      text run at (0,108) width 63: "Identifiers"
                  RenderText {#text} at (63,108) size 4x18
                    text run at (63,108) width 4: " "
                  RenderBR {BR} at (67,122) size 0x0
                  RenderInline {A} at (0,0) size 97x18 [color=#0000EE]
                    RenderText {#text} at (0,126) size 97x18
                      text run at (0,126) width 97: "SQL Identifiers"
                  RenderText {#text} at (97,126) size 4x18
                    text run at (97,126) width 4: " "
                  RenderBR {BR} at (101,140) size 0x0
                  RenderInline {A} at (0,0) size 98x18 [color=#0000EE]
                    RenderText {#text} at (0,144) size 98x18
                      text run at (0,144) width 98: "Host Identifiers"
                  RenderText {#text} at (98,144) size 4x18
                    text run at (98,144) width 4: " "
                  RenderBR {BR} at (102,158) size 0x0
                  RenderInline {A} at (0,0) size 398x18 [color=#0000EE]
                    RenderText {#text} at (0,162) size 398x18
                      text run at (0,162) width 398: "Naming Conventions and Implicit Object Name Qualifications"
                  RenderText {#text} at (398,162) size 4x18
                    text run at (398,162) width 4: " "
                  RenderBR {BR} at (402,176) size 0x0
                  RenderInline {A} at (0,0) size 49x18 [color=#0000EE]
                    RenderText {#text} at (0,180) size 49x18
                      text run at (0,180) width 49: "Aliases"
                  RenderText {#text} at (49,180) size 4x18
                    text run at (49,180) width 4: " "
                  RenderBR {BR} at (53,194) size 0x0
                  RenderInline {A} at (0,0) size 278x18 [color=#0000EE]
                    RenderText {#text} at (0,198) size 278x18
                      text run at (0,198) width 278: "Authorization IDs and authorization-names"
                  RenderText {#text} at (278,198) size 4x18
                    text run at (278,198) width 4: " "
                  RenderBR {BR} at (282,212) size 0x0
                  RenderInline {A} at (0,0) size 270x18 [color=#0000EE]
                    RenderText {#text} at (0,216) size 270x18
                      text run at (0,216) width 270: "Dynamic SQL Characteristics at run-time"
                  RenderText {#text} at (270,216) size 4x18
                    text run at (270,216) width 4: " "
                  RenderBR {BR} at (274,230) size 0x0
                  RenderInline {A} at (0,0) size 291x18 [color=#0000EE]
                    RenderText {#text} at (0,234) size 291x18
                      text run at (0,234) width 291: "Authorization IDs and Statement Preparation"
                  RenderText {#text} at (291,234) size 4x18
                    text run at (291,234) width 4: " "
                  RenderBR {BR} at (295,248) size 0x0
                  RenderInline {A} at (0,0) size 76x18 [color=#0000EE]
                    RenderText {#text} at (0,252) size 76x18
                      text run at (0,252) width 76: "Data Types"
                  RenderText {#text} at (76,252) size 4x18
                    text run at (76,252) width 4: " "
                  RenderBR {BR} at (80,266) size 0x0
                  RenderInline {A} at (0,0) size 33x18 [color=#0000EE]
                    RenderText {#text} at (0,270) size 33x18
                      text run at (0,270) width 33: "Nulls"
                  RenderText {#text} at (33,270) size 4x18
                    text run at (33,270) width 4: " "
                  RenderBR {BR} at (37,284) size 0x0
                  RenderInline {A} at (0,0) size 144x18 [color=#0000EE]
                    RenderText {#text} at (0,288) size 144x18
                      text run at (0,288) width 144: "Large Objects (LOBs)"
                  RenderText {#text} at (144,288) size 4x18
                    text run at (144,288) width 4: " "
                  RenderBR {BR} at (148,302) size 0x0
                  RenderInline {A} at (0,0) size 115x18 [color=#0000EE]
                    RenderText {#text} at (0,306) size 115x18
                      text run at (0,306) width 115: "Character Strings"
                  RenderText {#text} at (115,306) size 4x18
                    text run at (115,306) width 4: " "
                  RenderBR {BR} at (119,320) size 0x0
                  RenderInline {A} at (0,0) size 102x18 [color=#0000EE]
                    RenderText {#text} at (0,324) size 102x18
                      text run at (0,324) width 102: "Graphic Strings"
                  RenderText {#text} at (102,324) size 4x18
                    text run at (102,324) width 4: " "
                  RenderBR {BR} at (106,338) size 0x0
                  RenderInline {A} at (0,0) size 84x18 [color=#0000EE]
                    RenderText {#text} at (0,342) size 84x18
                      text run at (0,342) width 84: "Binary String"
                  RenderText {#text} at (84,342) size 4x18
                    text run at (84,342) width 4: " "
                  RenderBR {BR} at (88,356) size 0x0
                  RenderInline {A} at (0,0) size 61x18 [color=#0000EE]
                    RenderText {#text} at (0,360) size 61x18
                      text run at (0,360) width 61: "Numbers"
                  RenderText {#text} at (61,360) size 4x18
                    text run at (61,360) width 4: " "
                  RenderBR {BR} at (65,374) size 0x0
                  RenderInline {A} at (0,0) size 107x18 [color=#0000EE]
                    RenderText {#text} at (0,378) size 107x18
                      text run at (0,378) width 107: "Datetime Values"
                  RenderText {#text} at (107,378) size 4x18
                    text run at (107,378) width 4: " "
                  RenderBR {BR} at (111,392) size 0x0
                  RenderInline {A} at (0,0) size 119x18 [color=#0000EE]
                    RenderText {#text} at (0,396) size 119x18
                      text run at (0,396) width 119: "DATALINK Values"
                  RenderText {#text} at (119,396) size 4x18
                    text run at (119,396) width 4: " "
                  RenderBR {BR} at (123,410) size 0x0
                  RenderInline {A} at (0,0) size 131x18 [color=#0000EE]
                    RenderText {#text} at (0,414) size 131x18
                      text run at (0,414) width 131: "User Defined Types"
                  RenderText {#text} at (131,414) size 4x18
                    text run at (131,414) width 4: " "
                  RenderBR {BR} at (135,428) size 0x0
                  RenderInline {A} at (0,0) size 163x18 [color=#0000EE]
                    RenderText {#text} at (0,432) size 163x18
                      text run at (0,432) width 163: "Promotion of Data Types"
                  RenderText {#text} at (163,432) size 4x18
                    text run at (163,432) width 4: " "
                  RenderBR {BR} at (167,446) size 0x0
                  RenderInline {A} at (0,0) size 191x18 [color=#0000EE]
                    RenderText {#text} at (0,450) size 191x18
                      text run at (0,450) width 191: "Casting Between Data Types"
                  RenderText {#text} at (191,450) size 4x18
                    text run at (191,450) width 4: " "
                  RenderBR {BR} at (195,464) size 0x0
                  RenderInline {A} at (0,0) size 207x18 [color=#0000EE]
                    RenderText {#text} at (0,468) size 207x18
                      text run at (0,468) width 207: "Assignments and Comparisons"
                  RenderText {#text} at (207,468) size 4x18
                    text run at (207,468) width 4: " "
                  RenderBR {BR} at (211,482) size 0x0
                  RenderInline {A} at (0,0) size 147x18 [color=#0000EE]
                    RenderText {#text} at (0,486) size 147x18
                      text run at (0,486) width 147: "Numeric Assignments"
                  RenderText {#text} at (147,486) size 4x18
                    text run at (147,486) width 4: " "
                  RenderBR {BR} at (151,500) size 0x0
                  RenderInline {A} at (0,0) size 129x18 [color=#0000EE]
                    RenderText {#text} at (0,504) size 129x18
                      text run at (0,504) width 129: "String Assignments"
                  RenderText {#text} at (129,504) size 4x18
                    text run at (129,504) width 4: " "
                  RenderBR {BR} at (133,518) size 0x0
                  RenderInline {A} at (0,0) size 150x18 [color=#0000EE]
                    RenderText {#text} at (0,522) size 150x18
                      text run at (0,522) width 150: "Datetime Assignments"
                  RenderText {#text} at (150,522) size 4x18
                    text run at (150,522) width 4: " "
                  RenderBR {BR} at (154,536) size 0x0
                  RenderInline {A} at (0,0) size 162x18 [color=#0000EE]
                    RenderText {#text} at (0,540) size 162x18
                      text run at (0,540) width 162: "DATALINK Assignments"
                  RenderText {#text} at (162,540) size 4x18
                    text run at (162,540) width 4: " "
                  RenderBR {BR} at (166,554) size 0x0
                  RenderInline {A} at (0,0) size 212x18 [color=#0000EE]
                    RenderText {#text} at (0,558) size 212x18
                      text run at (0,558) width 212: "User-defined Type Assignments"
                  RenderText {#text} at (212,558) size 4x18
                    text run at (212,558) width 4: " "
                  RenderBR {BR} at (216,572) size 0x0
                  RenderInline {A} at (0,0) size 196x18 [color=#0000EE]
                    RenderText {#text} at (0,576) size 196x18
                      text run at (0,576) width 196: "Reference Type Assignments"
                  RenderText {#text} at (196,576) size 4x18
                    text run at (196,576) width 4: " "
                  RenderBR {BR} at (200,590) size 0x0
                  RenderInline {A} at (0,0) size 148x18 [color=#0000EE]
                    RenderText {#text} at (0,594) size 148x18
                      text run at (0,594) width 148: "Numeric Comparisons"
                  RenderText {#text} at (148,594) size 4x18
                    text run at (148,594) width 4: " "
                  RenderBR {BR} at (152,608) size 0x0
                  RenderInline {A} at (0,0) size 130x18 [color=#0000EE]
                    RenderText {#text} at (0,612) size 130x18
                      text run at (0,612) width 130: "String Comparisons"
                  RenderText {#text} at (130,612) size 4x18
                    text run at (130,612) width 4: " "
                  RenderBR {BR} at (134,626) size 0x0
                  RenderInline {A} at (0,0) size 151x18 [color=#0000EE]
                    RenderText {#text} at (0,630) size 151x18
                      text run at (0,630) width 151: "Datetime Comparisons"
                  RenderText {#text} at (151,630) size 4x18
                    text run at (151,630) width 4: " "
                  RenderBR {BR} at (155,644) size 0x0
                  RenderInline {A} at (0,0) size 213x18 [color=#0000EE]
                    RenderText {#text} at (0,648) size 213x18
                      text run at (0,648) width 213: "User-defined Type Comparisons"
                  RenderText {#text} at (213,648) size 4x18
                    text run at (213,648) width 4: " "
                  RenderBR {BR} at (217,662) size 0x0
                  RenderInline {A} at (0,0) size 197x18 [color=#0000EE]
                    RenderText {#text} at (0,666) size 197x18
                      text run at (0,666) width 197: "Reference Type Comparisons"
                  RenderText {#text} at (197,666) size 4x18
                    text run at (197,666) width 4: " "
                  RenderBR {BR} at (201,680) size 0x0
                  RenderInline {A} at (0,0) size 185x18 [color=#0000EE]
                    RenderText {#text} at (0,684) size 185x18
                      text run at (0,684) width 185: "Rules for Result Data Types"
                  RenderText {#text} at (185,684) size 4x18
                    text run at (185,684) width 4: " "
                  RenderBR {BR} at (189,698) size 0x0
                  RenderInline {A} at (0,0) size 115x18 [color=#0000EE]
                    RenderText {#text} at (0,702) size 115x18
                      text run at (0,702) width 115: "Character Strings"
                  RenderText {#text} at (115,702) size 4x18
                    text run at (115,702) width 4: " "
                  RenderBR {BR} at (119,716) size 0x0
                  RenderInline {A} at (0,0) size 102x18 [color=#0000EE]
                    RenderText {#text} at (0,720) size 102x18
                      text run at (0,720) width 102: "Graphic Strings"
                  RenderText {#text} at (102,720) size 4x18
                    text run at (102,720) width 4: " "
                  RenderBR {BR} at (106,734) size 0x0
                  RenderInline {A} at (0,0) size 184x18 [color=#0000EE]
                    RenderText {#text} at (0,738) size 184x18
                      text run at (0,738) width 184: "Binary Large Object (BLOB)"
                  RenderText {#text} at (184,738) size 4x18
                    text run at (184,738) width 4: " "
                  RenderBR {BR} at (188,752) size 0x0
                  RenderInline {A} at (0,0) size 56x18 [color=#0000EE]
                    RenderText {#text} at (0,756) size 56x18
                      text run at (0,756) width 56: "Numeric"
                  RenderText {#text} at (56,756) size 4x18
                    text run at (56,756) width 4: " "
                  RenderBR {BR} at (60,770) size 0x0
                  RenderInline {A} at (0,0) size 39x18 [color=#0000EE]
                    RenderText {#text} at (0,774) size 39x18
                      text run at (0,774) width 39: "DATE"
                  RenderText {#text} at (39,774) size 4x18
                    text run at (39,774) width 4: " "
                  RenderBR {BR} at (43,788) size 0x0
                  RenderInline {A} at (0,0) size 36x18 [color=#0000EE]
                    RenderText {#text} at (0,792) size 36x18
                      text run at (0,792) width 36: "TIME"
                  RenderText {#text} at (36,792) size 4x18
                    text run at (36,792) width 4: " "
                  RenderBR {BR} at (40,806) size 0x0
                  RenderInline {A} at (0,0) size 87x18 [color=#0000EE]
                    RenderText {#text} at (0,810) size 87x18
                      text run at (0,810) width 87: "TIMESTAMP"
                  RenderText {#text} at (87,810) size 4x18
                    text run at (87,810) width 4: " "
                  RenderBR {BR} at (91,824) size 0x0
                  RenderInline {A} at (0,0) size 71x18 [color=#0000EE]
                    RenderText {#text} at (0,828) size 71x18
                      text run at (0,828) width 71: "DATALINK"
                  RenderText {#text} at (71,828) size 4x18
                    text run at (71,828) width 4: " "
                  RenderBR {BR} at (75,842) size 0x0
                  RenderInline {A} at (0,0) size 129x18 [color=#0000EE]
                    RenderText {#text} at (0,846) size 129x18
                      text run at (0,846) width 129: "User-defined Types"
                  RenderText {#text} at (129,846) size 4x18
                    text run at (129,846) width 4: " "
                  RenderBR {BR} at (133,860) size 0x0
                  RenderInline {A} at (0,0) size 173x18 [color=#0000EE]
                    RenderText {#text} at (0,864) size 173x18
                      text run at (0,864) width 173: "Nullable Attribute of Result"
                  RenderText {#text} at (173,864) size 4x18
                    text run at (173,864) width 4: " "
                  RenderBR {BR} at (177,878) size 0x0
                  RenderInline {A} at (0,0) size 188x18 [color=#0000EE]
                    RenderText {#text} at (0,882) size 188x18
                      text run at (0,882) width 188: "Rules for String Conversions"
                  RenderText {#text} at (188,882) size 4x18
                    text run at (188,882) width 4: " "
                  RenderBR {BR} at (192,896) size 0x0
                  RenderInline {A} at (0,0) size 141x18 [color=#0000EE]
                    RenderText {#text} at (0,900) size 141x18
                      text run at (0,900) width 141: "Partition Compatibility"
                  RenderText {#text} at (141,900) size 4x18
                    text run at (141,900) width 4: " "
                  RenderBR {BR} at (145,914) size 0x0
                  RenderInline {A} at (0,0) size 67x18 [color=#0000EE]
                    RenderText {#text} at (0,918) size 67x18
                      text run at (0,918) width 67: "Constants"
                  RenderText {#text} at (67,918) size 4x18
                    text run at (67,918) width 4: " "
                  RenderBR {BR} at (71,932) size 0x0
                  RenderInline {A} at (0,0) size 116x18 [color=#0000EE]
                    RenderText {#text} at (0,936) size 116x18
                      text run at (0,936) width 116: "Integer Constants"
                  RenderText {#text} at (116,936) size 4x18
                    text run at (116,936) width 4: " "
                  RenderBR {BR} at (120,950) size 0x0
                  RenderInline {A} at (0,0) size 160x18 [color=#0000EE]
                    RenderText {#text} at (0,954) size 160x18
                      text run at (0,954) width 160: "Floating-Point Constants"
                  RenderText {#text} at (160,954) size 4x18
                    text run at (160,954) width 4: " "
                  RenderBR {BR} at (164,968) size 0x0
                  RenderInline {A} at (0,0) size 125x18 [color=#0000EE]
                    RenderText {#text} at (0,972) size 125x18
                      text run at (0,972) width 125: "Decimal Constants"
                  RenderText {#text} at (125,972) size 4x18
                    text run at (125,972) width 4: " "
                  RenderBR {BR} at (129,986) size 0x0
                  RenderInline {A} at (0,0) size 178x18 [color=#0000EE]
                    RenderText {#text} at (0,990) size 178x18
                      text run at (0,990) width 178: "Character String Constants"
                  RenderText {#text} at (178,990) size 4x18
                    text run at (178,990) width 4: " "
                  RenderBR {BR} at (182,1004) size 0x0
                  RenderInline {A} at (0,0) size 157x18 [color=#0000EE]
                    RenderText {#text} at (0,1008) size 157x18
                      text run at (0,1008) width 157: "Hexadecimal Constants"
                  RenderText {#text} at (157,1008) size 4x18
                    text run at (157,1008) width 4: " "
                  RenderBR {BR} at (161,1022) size 0x0
                  RenderInline {A} at (0,0) size 165x18 [color=#0000EE]
                    RenderText {#text} at (0,1026) size 165x18
                      text run at (0,1026) width 165: "Graphic String Constants"
                  RenderText {#text} at (165,1026) size 4x18
                    text run at (165,1026) width 4: " "
                  RenderBR {BR} at (169,1040) size 0x0
                  RenderInline {A} at (0,0) size 272x18 [color=#0000EE]
                    RenderText {#text} at (0,1044) size 272x18
                      text run at (0,1044) width 272: "Using Constants with User-defined Types"
                  RenderText {#text} at (272,1044) size 4x18
                    text run at (272,1044) width 4: " "
                  RenderBR {BR} at (276,1058) size 0x0
                  RenderInline {A} at (0,0) size 115x18 [color=#0000EE]
                    RenderText {#text} at (0,1062) size 115x18
                      text run at (0,1062) width 115: "Special Registers"
                  RenderText {#text} at (115,1062) size 4x18
                    text run at (115,1062) width 4: " "
                  RenderBR {BR} at (119,1076) size 0x0
                  RenderInline {A} at (0,0) size 117x18 [color=#0000EE]
                    RenderText {#text} at (0,1080) size 117x18
                      text run at (0,1080) width 117: "CURRENT DATE"
                  RenderText {#text} at (117,1080) size 4x18
                    text run at (117,1080) width 4: " "
                  RenderBR {BR} at (121,1094) size 0x0
                  RenderInline {A} at (0,0) size 305x18 [color=#0000EE]
                    RenderText {#text} at (0,1098) size 305x18
                      text run at (0,1098) width 305: "CURRENT DEFAULT TRANSFORM GROUP"
                  RenderText {#text} at (305,1098) size 4x18
                    text run at (305,1098) width 4: " "
                  RenderBR {BR} at (309,1112) size 0x0
                  RenderInline {A} at (0,0) size 142x18 [color=#0000EE]
                    RenderText {#text} at (0,1116) size 142x18
                      text run at (0,1116) width 142: "CURRENT DEGREE"
                  RenderText {#text} at (142,1116) size 4x18
                    text run at (142,1116) width 4: " "
                  RenderBR {BR} at (146,1130) size 0x0
                  RenderInline {A} at (0,0) size 191x18 [color=#0000EE]
                    RenderText {#text} at (0,1134) size 191x18
                      text run at (0,1134) width 191: "CURRENT EXPLAIN MODE"
                  RenderText {#text} at (191,1134) size 4x18
                    text run at (191,1134) width 4: " "
                  RenderBR {BR} at (195,1148) size 0x0
                  RenderInline {A} at (0,0) size 228x18 [color=#0000EE]
                    RenderText {#text} at (0,1152) size 228x18
                      text run at (0,1152) width 228: "CURRENT EXPLAIN SNAPSHOT"
                  RenderText {#text} at (228,1152) size 4x18
                    text run at (228,1152) width 4: " "
                  RenderBR {BR} at (232,1166) size 0x0
                  RenderInline {A} at (0,0) size 122x18 [color=#0000EE]
                    RenderText {#text} at (0,1170) size 122x18
                      text run at (0,1170) width 122: "CURRENT NODE"
                  RenderText {#text} at (122,1170) size 4x18
                    text run at (122,1170) width 4: " "
                  RenderBR {BR} at (126,1184) size 0x0
                  RenderInline {A} at (0,0) size 116x18 [color=#0000EE]
                    RenderText {#text} at (0,1188) size 116x18
                      text run at (0,1188) width 116: "CURRENT PATH"
                  RenderText {#text} at (116,1188) size 4x18
                    text run at (116,1188) width 4: " "
                  RenderBR {BR} at (120,1202) size 0x0
                  RenderInline {A} at (0,0) size 242x18 [color=#0000EE]
                    RenderText {#text} at (0,1206) size 242x18
                      text run at (0,1206) width 242: "CURRENT QUERY OPTIMIZATION"
                  RenderText {#text} at (242,1206) size 4x18
                    text run at (242,1206) width 4: " "
                  RenderBR {BR} at (246,1220) size 0x0
                  RenderInline {A} at (0,0) size 187x18 [color=#0000EE]
                    RenderText {#text} at (0,1224) size 187x18
                      text run at (0,1224) width 187: "CURRENT REFRESH AGE"
                  RenderText {#text} at (187,1224) size 4x18
                    text run at (187,1224) width 4: " "
                  RenderBR {BR} at (191,1238) size 0x0
                  RenderInline {A} at (0,0) size 143x18 [color=#0000EE]
                    RenderText {#text} at (0,1242) size 143x18
                      text run at (0,1242) width 143: "CURRENT SCHEMA"
                  RenderText {#text} at (143,1242) size 4x18
                    text run at (143,1242) width 4: " "
                  RenderBR {BR} at (147,1256) size 0x0
                  RenderInline {A} at (0,0) size 140x18 [color=#0000EE]
                    RenderText {#text} at (0,1260) size 140x18
                      text run at (0,1260) width 140: "CURRENT SERVER"
                  RenderText {#text} at (140,1260) size 4x18
                    text run at (140,1260) width 4: " "
                  RenderBR {BR} at (144,1274) size 0x0
                  RenderInline {A} at (0,0) size 114x18 [color=#0000EE]
                    RenderText {#text} at (0,1278) size 114x18
                      text run at (0,1278) width 114: "CURRENT TIME"
                  RenderText {#text} at (114,1278) size 4x18
                    text run at (114,1278) width 4: " "
                  RenderBR {BR} at (118,1292) size 0x0
                  RenderInline {A} at (0,0) size 165x18 [color=#0000EE]
                    RenderText {#text} at (0,1296) size 165x18
                      text run at (0,1296) width 165: "CURRENT TIMESTAMP"
                  RenderText {#text} at (165,1296) size 4x18
                    text run at (165,1296) width 4: " "
                  RenderBR {BR} at (169,1310) size 0x0
                  RenderInline {A} at (0,0) size 156x18 [color=#0000EE]
                    RenderText {#text} at (0,1314) size 156x18
                      text run at (0,1314) width 156: "CURRENT TIMEZONE"
                  RenderText {#text} at (156,1314) size 4x18
                    text run at (156,1314) width 4: " "
                  RenderBR {BR} at (160,1328) size 0x0
                  RenderInline {A} at (0,0) size 42x18 [color=#0000EE]
                    RenderText {#text} at (0,1332) size 42x18
                      text run at (0,1332) width 42: "USER"
                  RenderText {#text} at (42,1332) size 4x18
                    text run at (42,1332) width 4: " "
                  RenderBR {BR} at (46,1346) size 0x0
                  RenderInline {A} at (0,0) size 103x18 [color=#0000EE]
                    RenderText {#text} at (0,1350) size 103x18
                      text run at (0,1350) width 103: "Column Names"
                  RenderText {#text} at (103,1350) size 4x18
                    text run at (103,1350) width 4: " "
                  RenderBR {BR} at (107,1364) size 0x0
                  RenderInline {A} at (0,0) size 164x18 [color=#0000EE]
                    RenderText {#text} at (0,1368) size 164x18
                      text run at (0,1368) width 164: "Qualified Column Names"
                  RenderText {#text} at (164,1368) size 4x18
                    text run at (164,1368) width 4: " "
                  RenderBR {BR} at (168,1382) size 0x0
                  RenderInline {A} at (0,0) size 123x18 [color=#0000EE]
                    RenderText {#text} at (0,1386) size 123x18
                      text run at (0,1386) width 123: "Correlation Names"
                  RenderText {#text} at (123,1386) size 4x18
                    text run at (123,1386) width 4: " "
                  RenderBR {BR} at (127,1400) size 0x0
                  RenderInline {A} at (0,0) size 289x18 [color=#0000EE]
                    RenderText {#text} at (0,1404) size 289x18
                      text run at (0,1404) width 289: "Column Name Qualifiers to Avoid Ambiguity"
                  RenderText {#text} at (289,1404) size 4x18
                    text run at (289,1404) width 4: " "
                  RenderBR {BR} at (293,1418) size 0x0
                  RenderInline {A} at (0,0) size 328x18 [color=#0000EE]
                    RenderText {#text} at (0,1422) size 328x18
                      text run at (0,1422) width 328: "Column Name Qualifiers in Correlated References"
                  RenderText {#text} at (328,1422) size 4x18
                    text run at (328,1422) width 4: " "
                  RenderBR {BR} at (332,1436) size 0x0
                  RenderInline {A} at (0,0) size 191x18 [color=#0000EE]
                    RenderText {#text} at (0,1440) size 191x18
                      text run at (0,1440) width 191: "References to Host Variables"
                  RenderText {#text} at (191,1440) size 4x18
                    text run at (191,1440) width 4: " "
                  RenderBR {BR} at (195,1454) size 0x0
                  RenderInline {A} at (0,0) size 207x18 [color=#0000EE]
                    RenderText {#text} at (0,1458) size 207x18
                      text run at (0,1458) width 207: "Host Variables in Dynamic SQL"
                  RenderText {#text} at (207,1458) size 4x18
                    text run at (207,1458) width 4: " "
                  RenderBR {BR} at (211,1472) size 0x0
                  RenderInline {A} at (0,0) size 382x18 [color=#0000EE]
                    RenderText {#text} at (0,1476) size 382x18
                      text run at (0,1476) width 382: "References to BLOB, CLOB, and DBCLOB Host Variables"
                  RenderText {#text} at (382,1476) size 4x18
                    text run at (382,1476) width 4: " "
                  RenderBR {BR} at (386,1490) size 0x0
                  RenderInline {A} at (0,0) size 209x18 [color=#0000EE]
                    RenderText {#text} at (0,1494) size 209x18
                      text run at (0,1494) width 209: "References to Locator Variables"
                  RenderText {#text} at (209,1494) size 4x18
                    text run at (209,1494) width 4: " "
                  RenderBR {BR} at (213,1508) size 0x0
                  RenderInline {A} at (0,0) size 446x18 [color=#0000EE]
                    RenderText {#text} at (0,1512) size 446x18
                      text run at (0,1512) width 446: "References to BLOB, CLOB, and DBCLOB File Reference Variables"
                  RenderText {#text} at (446,1512) size 4x18
                    text run at (446,1512) width 4: " "
                  RenderBR {BR} at (450,1526) size 0x0
                  RenderInline {A} at (0,0) size 300x18 [color=#0000EE]
                    RenderText {#text} at (0,1530) size 300x18
                      text run at (0,1530) width 300: "References to Structured Type Host Variables"
                  RenderText {#text} at (300,1530) size 4x18
                    text run at (300,1530) width 4: " "
                  RenderBR {BR} at (304,1544) size 0x0
                  RenderInline {A} at (0,0) size 64x18 [color=#0000EE]
                    RenderText {#text} at (0,1548) size 64x18
                      text run at (0,1548) width 64: "Functions"
                  RenderText {#text} at (64,1548) size 4x18
                    text run at (64,1548) width 4: " "
                  RenderBR {BR} at (68,1562) size 0x0
                  RenderInline {A} at (0,0) size 338x18 [color=#0000EE]
                    RenderText {#text} at (0,1566) size 338x18
                      text run at (0,1566) width 338: "External, SQL and Sourced User-Defined Functions"
                  RenderText {#text} at (338,1566) size 4x18
                    text run at (338,1566) width 4: " "
                  RenderBR {BR} at (342,1580) size 0x0
                  RenderInline {A} at (0,0) size 365x18 [color=#0000EE]
                    RenderText {#text} at (0,1584) size 365x18
                      text run at (0,1584) width 365: "Scalar, Column, Row and Table User-Defined Functions"
                  RenderText {#text} at (365,1584) size 4x18
                    text run at (365,1584) width 4: " "
                  RenderBR {BR} at (369,1598) size 0x0
                  RenderInline {A} at (0,0) size 128x18 [color=#0000EE]
                    RenderText {#text} at (0,1602) size 128x18
                      text run at (0,1602) width 128: "Function signatures"
                  RenderText {#text} at (128,1602) size 4x18
                    text run at (128,1602) width 4: " "
                  RenderBR {BR} at (132,1616) size 0x0
                  RenderInline {A} at (0,0) size 64x18 [color=#0000EE]
                    RenderText {#text} at (0,1620) size 64x18
                      text run at (0,1620) width 64: "SQL Path"
                  RenderText {#text} at (64,1620) size 4x18
                    text run at (64,1620) width 4: " "
                  RenderBR {BR} at (68,1634) size 0x0
                  RenderInline {A} at (0,0) size 129x18 [color=#0000EE]
                    RenderText {#text} at (0,1638) size 129x18
                      text run at (0,1638) width 129: "Function Resolution"
                  RenderText {#text} at (129,1638) size 4x18
                    text run at (129,1638) width 4: " "
                  RenderBR {BR} at (133,1652) size 0x0
                  RenderInline {A} at (0,0) size 127x18 [color=#0000EE]
                    RenderText {#text} at (0,1656) size 127x18
                      text run at (0,1656) width 127: "Function Invocation"
                  RenderText {#text} at (127,1656) size 4x18
                    text run at (127,1656) width 4: " "
                  RenderBR {BR} at (131,1670) size 0x0
                  RenderInline {A} at (0,0) size 57x18 [color=#0000EE]
                    RenderText {#text} at (0,1674) size 57x18
                      text run at (0,1674) width 57: "Methods"
                  RenderText {#text} at (57,1674) size 4x18
                    text run at (57,1674) width 4: " "
                  RenderBR {BR} at (61,1688) size 0x0
                  RenderInline {A} at (0,0) size 268x18 [color=#0000EE]
                    RenderText {#text} at (0,1692) size 268x18
                      text run at (0,1692) width 268: "External and SQL User-Defined Methods"
                  RenderText {#text} at (268,1692) size 4x18
                    text run at (268,1692) width 4: " "
                  RenderBR {BR} at (272,1706) size 0x0
                  RenderInline {A} at (0,0) size 123x18 [color=#0000EE]
                    RenderText {#text} at (0,1710) size 123x18
                      text run at (0,1710) width 123: "Method Signatures"
                  RenderText {#text} at (123,1710) size 4x18
                    text run at (123,1710) width 4: " "
                  RenderBR {BR} at (127,1724) size 0x0
                  RenderInline {A} at (0,0) size 120x18 [color=#0000EE]
                    RenderText {#text} at (0,1728) size 120x18
                      text run at (0,1728) width 120: "Method Invocation"
                  RenderText {#text} at (120,1728) size 4x18
                    text run at (120,1728) width 4: " "
                  RenderBR {BR} at (124,1742) size 0x0
                  RenderInline {A} at (0,0) size 122x18 [color=#0000EE]
                    RenderText {#text} at (0,1746) size 122x18
                      text run at (0,1746) width 122: "Method Resolution"
                  RenderText {#text} at (122,1746) size 4x18
                    text run at (122,1746) width 4: " "
                  RenderBR {BR} at (126,1760) size 0x0
                  RenderInline {A} at (0,0) size 209x18 [color=#0000EE]
                    RenderText {#text} at (0,1764) size 209x18
                      text run at (0,1764) width 209: "Method of Choosing the Best Fit"
                  RenderText {#text} at (209,1764) size 4x18
                    text run at (209,1764) width 4: " "
                  RenderBR {BR} at (213,1778) size 0x0
                  RenderInline {A} at (0,0) size 200x18 [color=#0000EE]
                    RenderText {#text} at (0,1782) size 200x18
                      text run at (0,1782) width 200: "Example of Method Resolution"
                  RenderText {#text} at (200,1782) size 4x18
                    text run at (200,1782) width 4: " "
                  RenderBR {BR} at (204,1796) size 0x0
                  RenderInline {A} at (0,0) size 120x18 [color=#0000EE]
                    RenderText {#text} at (0,1800) size 120x18
                      text run at (0,1800) width 120: "Method Invocation"
                  RenderText {#text} at (120,1800) size 4x18
                    text run at (120,1800) width 4: " "
                  RenderBR {BR} at (124,1814) size 0x0
                  RenderInline {A} at (0,0) size 213x18 [color=#0000EE]
                    RenderText {#text} at (0,1818) size 213x18
                      text run at (0,1818) width 213: "Conservative Binding Semantics"
                  RenderText {#text} at (213,1818) size 4x18
                    text run at (213,1818) width 4: " "
                  RenderBR {BR} at (217,1832) size 0x0
                  RenderInline {A} at (0,0) size 82x18 [color=#0000EE]
                    RenderText {#text} at (0,1836) size 82x18
                      text run at (0,1836) width 82: "Expressions"
                  RenderText {#text} at (82,1836) size 4x18
                    text run at (82,1836) width 4: " "
                  RenderBR {BR} at (86,1850) size 0x0
                  RenderInline {A} at (0,0) size 119x18 [color=#0000EE]
                    RenderText {#text} at (0,1854) size 119x18
                      text run at (0,1854) width 119: "Without Operators"
                  RenderText {#text} at (119,1854) size 4x18
                    text run at (119,1854) width 4: " "
                  RenderBR {BR} at (123,1868) size 0x0
                  RenderInline {A} at (0,0) size 213x18 [color=#0000EE]
                    RenderText {#text} at (0,1872) size 213x18
                      text run at (0,1872) width 213: "With the Concatenation Operator"
                  RenderText {#text} at (213,1872) size 4x18
                    text run at (213,1872) width 4: " "
                  RenderBR {BR} at (217,1886) size 0x0
                  RenderInline {A} at (0,0) size 170x18 [color=#0000EE]
                    RenderText {#text} at (0,1890) size 170x18
                      text run at (0,1890) width 170: "With Arithmetic Operators"
                  RenderText {#text} at (170,1890) size 4x18
                    text run at (170,1890) width 4: " "
                  RenderBR {BR} at (174,1904) size 0x0
                  RenderInline {A} at (0,0) size 146x18 [color=#0000EE]
                    RenderText {#text} at (0,1908) size 146x18
                      text run at (0,1908) width 146: "Two Integer Operands"
                  RenderText {#text} at (146,1908) size 4x18
                    text run at (146,1908) width 4: " "
                  RenderBR {BR} at (150,1922) size 0x0
                  RenderInline {A} at (0,0) size 200x18 [color=#0000EE]
                    RenderText {#text} at (0,1926) size 200x18
                      text run at (0,1926) width 200: "Integer and Decimal Operands"
                  RenderText {#text} at (200,1926) size 4x18
                    text run at (200,1926) width 4: " "
                  RenderBR {BR} at (204,1940) size 0x0
                  RenderInline {A} at (0,0) size 155x18 [color=#0000EE]
                    RenderText {#text} at (0,1944) size 155x18
                      text run at (0,1944) width 155: "Two Decimal Operands"
                  RenderText {#text} at (155,1944) size 4x18
                    text run at (155,1944) width 4: " "
                  RenderBR {BR} at (159,1958) size 0x0
                  RenderInline {A} at (0,0) size 174x18 [color=#0000EE]
                    RenderText {#text} at (0,1962) size 174x18
                      text run at (0,1962) width 174: "Decimal Arithmetic in SQL"
                  RenderText {#text} at (174,1962) size 4x18
                    text run at (174,1962) width 4: " "
                  RenderBR {BR} at (178,1976) size 0x0
                  RenderInline {A} at (0,0) size 158x18 [color=#0000EE]
                    RenderText {#text} at (0,1980) size 158x18
                      text run at (0,1980) width 158: "Floating-Point Operands"
                  RenderText {#text} at (158,1980) size 4x18
                    text run at (158,1980) width 4: " "
                  RenderBR {BR} at (162,1994) size 0x0
                  RenderInline {A} at (0,0) size 218x18 [color=#0000EE]
                    RenderText {#text} at (0,1998) size 218x18
                      text run at (0,1998) width 218: "User-defined Types as Operands"
                  RenderText {#text} at (218,1998) size 4x18
                    text run at (218,1998) width 4: " "
                  RenderBR {BR} at (222,2012) size 0x0
                  RenderInline {A} at (0,0) size 108x18 [color=#0000EE]
                    RenderText {#text} at (0,2016) size 108x18
                      text run at (0,2016) width 108: "Scalar Fullselect"
                  RenderText {#text} at (108,2016) size 4x18
                    text run at (108,2016) width 4: " "
                  RenderBR {BR} at (112,2030) size 0x0
                  RenderInline {A} at (0,0) size 230x18 [color=#0000EE]
                    RenderText {#text} at (0,2034) size 230x18
                      text run at (0,2034) width 230: "Datetime Operations and Durations"
                  RenderText {#text} at (230,2034) size 4x18
                    text run at (230,2034) width 4: " "
                  RenderBR {BR} at (234,2048) size 0x0
                  RenderInline {A} at (0,0) size 179x18 [color=#0000EE]
                    RenderText {#text} at (0,2052) size 179x18
                      text run at (0,2052) width 179: "Datetime Arithmetic in SQL"
                  RenderText {#text} at (179,2052) size 4x18
                    text run at (179,2052) width 4: " "
                  RenderBR {BR} at (183,2066) size 0x0
                  RenderInline {A} at (0,0) size 171x18 [color=#0000EE]
                    RenderText {#text} at (0,2070) size 171x18
                      text run at (0,2070) width 171: "Precedence of Operations"
                  RenderText {#text} at (171,2070) size 4x18
                    text run at (171,2070) width 4: " "
                  RenderBR {BR} at (175,2084) size 0x0
                  RenderInline {A} at (0,0) size 127x18 [color=#0000EE]
                    RenderText {#text} at (0,2088) size 127x18
                      text run at (0,2088) width 127: "CASE Expressions"
                  RenderText {#text} at (127,2088) size 4x18
                    text run at (127,2088) width 4: " "
                  RenderBR {BR} at (131,2102) size 0x0
                  RenderInline {A} at (0,0) size 135x18 [color=#0000EE]
                    RenderText {#text} at (0,2106) size 135x18
                      text run at (0,2106) width 135: "CAST Specifications"
                  RenderText {#text} at (135,2106) size 4x18
                    text run at (135,2106) width 4: " "
                  RenderBR {BR} at (139,2120) size 0x0
                  RenderInline {A} at (0,0) size 157x18 [color=#0000EE]
                    RenderText {#text} at (0,2124) size 157x18
                      text run at (0,2124) width 157: "Dereference Operations"
                  RenderText {#text} at (157,2124) size 4x18
                    text run at (157,2124) width 4: " "
                  RenderBR {BR} at (161,2138) size 0x0
                  RenderInline {A} at (0,0) size 108x18 [color=#0000EE]
                    RenderText {#text} at (0,2142) size 108x18
                      text run at (0,2142) width 108: "OLAP Functions"
                  RenderText {#text} at (108,2142) size 4x18
                    text run at (108,2142) width 4: " "
                  RenderBR {BR} at (112,2156) size 0x0
                  RenderInline {A} at (0,0) size 120x18 [color=#0000EE]
                    RenderText {#text} at (0,2160) size 120x18
                      text run at (0,2160) width 120: "Method Invocation"
                  RenderText {#text} at (120,2160) size 4x18
                    text run at (120,2160) width 4: " "
                  RenderBR {BR} at (124,2174) size 0x0
                  RenderInline {A} at (0,0) size 125x18 [color=#0000EE]
                    RenderText {#text} at (0,2178) size 125x18
                      text run at (0,2178) width 125: "Subtype Treatment"
                  RenderText {#text} at (125,2178) size 4x18
                    text run at (125,2178) width 4: " "
                  RenderBR {BR} at (129,2192) size 0x0
                  RenderInline {A} at (0,0) size 70x18 [color=#0000EE]
                    RenderText {#text} at (0,2196) size 70x18
                      text run at (0,2196) width 70: "Predicates"
                  RenderText {#text} at (70,2196) size 4x18
                    text run at (70,2196) width 4: " "
                  RenderBR {BR} at (74,2210) size 0x0
                  RenderInline {A} at (0,0) size 103x18 [color=#0000EE]
                    RenderText {#text} at (0,2214) size 103x18
                      text run at (0,2214) width 103: "Basic Predicate"
                  RenderText {#text} at (103,2214) size 4x18
                    text run at (103,2214) width 4: " "
                  RenderBR {BR} at (107,2228) size 0x0
                  RenderInline {A} at (0,0) size 132x18 [color=#0000EE]
                    RenderText {#text} at (0,2232) size 132x18
                      text run at (0,2232) width 132: "Quantified Predicate"
                  RenderText {#text} at (132,2232) size 4x18
                    text run at (132,2232) width 4: " "
                  RenderBR {BR} at (136,2246) size 0x0
                  RenderInline {A} at (0,0) size 140x18 [color=#0000EE]
                    RenderText {#text} at (0,2250) size 140x18
                      text run at (0,2250) width 140: "BETWEEN Predicate"
                  RenderText {#text} at (140,2250) size 4x18
                    text run at (140,2250) width 4: " "
                  RenderBR {BR} at (144,2264) size 0x0
                  RenderInline {A} at (0,0) size 119x18 [color=#0000EE]
                    RenderText {#text} at (0,2268) size 119x18
                      text run at (0,2268) width 119: "EXISTS Predicate"
                  RenderText {#text} at (119,2268) size 4x18
                    text run at (119,2268) width 4: " "
                  RenderBR {BR} at (123,2282) size 0x0
                  RenderInline {A} at (0,0) size 81x18 [color=#0000EE]
                    RenderText {#text} at (0,2286) size 81x18
                      text run at (0,2286) width 81: "IN Predicate"
                  RenderText {#text} at (81,2286) size 4x18
                    text run at (81,2286) width 4: " "
                  RenderBR {BR} at (85,2300) size 0x0
                  RenderInline {A} at (0,0) size 98x18 [color=#0000EE]
                    RenderText {#text} at (0,2304) size 98x18
                      text run at (0,2304) width 98: "LIKE Predicate"
                  RenderText {#text} at (98,2304) size 4x18
                    text run at (98,2304) width 4: " "
                  RenderBR {BR} at (102,2318) size 0x0
                  RenderInline {A} at (0,0) size 104x18 [color=#0000EE]
                    RenderText {#text} at (0,2322) size 104x18
                      text run at (0,2322) width 104: "NULL Predicate"
                  RenderText {#text} at (104,2322) size 4x18
                    text run at (104,2322) width 4: " "
                  RenderBR {BR} at (108,2336) size 0x0
                  RenderInline {A} at (0,0) size 105x18 [color=#0000EE]
                    RenderText {#text} at (0,2340) size 105x18
                      text run at (0,2340) width 105: "TYPE Predicate"
                  RenderText {#text} at (105,2340) size 4x18
                    text run at (105,2340) width 4: " "
                  RenderBR {BR} at (109,2354) size 0x0
                  RenderInline {A} at (0,0) size 120x18 [color=#0000EE]
                    RenderText {#text} at (0,2358) size 120x18
                      text run at (0,2358) width 120: "Search Conditions"
                  RenderText {#text} at (120,2358) size 4x18
                    text run at (120,2358) width 4: " "
                  RenderBR {BR} at (124,2372) size 0x0
                  RenderInline {A} at (0,0) size 66x18 [color=#0000EE]
                    RenderText {#text} at (0,2376) size 66x18
                      text run at (0,2376) width 66: "Examples"
                  RenderText {#text} at (0,0) size 0x0
                RenderBlock {P} at (0,3961) size 758x2322
                  RenderInline {B} at (0,0) size 70x18
                    RenderInline {A} at (0,0) size 70x18 [color=#0000EE]
                      RenderText {#text} at (0,0) size 70x18
                        text run at (0,0) width 70: "Functions"
                  RenderBR {BR} at (70,14) size 0x0
                  RenderBR {BR} at (0,18) size 0x18
                  RenderInline {A} at (0,0) size 119x18 [color=#0000EE]
                    RenderText {#text} at (0,36) size 119x18
                      text run at (0,36) width 119: "Column Functions"
                  RenderText {#text} at (119,36) size 4x18
                    text run at (119,36) width 4: " "
                  RenderBR {BR} at (123,50) size 0x0
                  RenderInline {A} at (0,0) size 32x18 [color=#0000EE]
                    RenderText {#text} at (0,54) size 32x18
                      text run at (0,54) width 32: "AVG"
                  RenderText {#text} at (32,54) size 4x18
                    text run at (32,54) width 4: " "
                  RenderBR {BR} at (36,68) size 0x0
                  RenderInline {A} at (0,0) size 108x18 [color=#0000EE]
                    RenderText {#text} at (0,72) size 108x18
                      text run at (0,72) width 108: "CORRELATION"
                  RenderText {#text} at (108,72) size 4x18
                    text run at (108,72) width 4: " "
                  RenderBR {BR} at (112,86) size 0x0
                  RenderInline {A} at (0,0) size 54x18 [color=#0000EE]
                    RenderText {#text} at (0,90) size 54x18
                      text run at (0,90) width 54: "COUNT"
                  RenderText {#text} at (54,90) size 4x18
                    text run at (54,90) width 4: " "
                  RenderBR {BR} at (58,104) size 0x0
                  RenderInline {A} at (0,0) size 88x18 [color=#0000EE]
                    RenderText {#text} at (0,108) size 88x18
                      text run at (0,108) width 88: "COUNT_BIG"
                  RenderText {#text} at (88,108) size 4x18
                    text run at (88,108) width 4: " "
                  RenderBR {BR} at (92,122) size 0x0
                  RenderInline {A} at (0,0) size 99x18 [color=#0000EE]
                    RenderText {#text} at (0,126) size 99x18
                      text run at (0,126) width 99: "COVARIANCE"
                  RenderText {#text} at (99,126) size 4x18
                    text run at (99,126) width 4: " "
                  RenderBR {BR} at (103,140) size 0x0
                  RenderInline {A} at (0,0) size 83x18 [color=#0000EE]
                    RenderText {#text} at (0,144) size 83x18
                      text run at (0,144) width 83: "GROUPING"
                  RenderText {#text} at (83,144) size 4x18
                    text run at (83,144) width 4: " "
                  RenderBR {BR} at (87,158) size 0x0
                  RenderInline {A} at (0,0) size 33x18 [color=#0000EE]
                    RenderText {#text} at (0,162) size 33x18
                      text run at (0,162) width 33: "MAX"
                  RenderText {#text} at (33,162) size 4x18
                    text run at (33,162) width 4: " "
                  RenderBR {BR} at (37,176) size 0x0
                  RenderInline {A} at (0,0) size 28x18 [color=#0000EE]
                    RenderText {#text} at (0,180) size 28x18
                      text run at (0,180) width 28: "MIN"
                  RenderText {#text} at (28,180) size 4x18
                    text run at (28,180) width 4: " "
                  RenderBR {BR} at (32,194) size 0x0
                  RenderInline {A} at (0,0) size 169x18 [color=#0000EE]
                    RenderText {#text} at (0,198) size 169x18
                      text run at (0,198) width 169: "REGRESSION Functions"
                  RenderText {#text} at (169,198) size 4x18
                    text run at (169,198) width 4: " "
                  RenderBR {BR} at (173,212) size 0x0
                  RenderInline {A} at (0,0) size 61x18 [color=#0000EE]
                    RenderText {#text} at (0,216) size 61x18
                      text run at (0,216) width 61: "STDDEV"
                  RenderText {#text} at (61,216) size 4x18
                    text run at (61,216) width 4: " "
                  RenderBR {BR} at (65,230) size 0x0
                  RenderInline {A} at (0,0) size 34x18 [color=#0000EE]
                    RenderText {#text} at (0,234) size 34x18
                      text run at (0,234) width 34: "SUM"
                  RenderText {#text} at (34,234) size 4x18
                    text run at (34,234) width 4: " "
                  RenderBR {BR} at (38,248) size 0x0
                  RenderInline {A} at (0,0) size 76x18 [color=#0000EE]
                    RenderText {#text} at (0,252) size 76x18
                      text run at (0,252) width 76: "VARIANCE"
                  RenderText {#text} at (76,252) size 4x18
                    text run at (76,252) width 4: " "
                  RenderBR {BR} at (80,266) size 0x0
                  RenderInline {A} at (0,0) size 110x18 [color=#0000EE]
                    RenderText {#text} at (0,270) size 110x18
                      text run at (0,270) width 110: "Scalar Functions"
                  RenderText {#text} at (110,270) size 4x18
                    text run at (110,270) width 4: " "
                  RenderBR {BR} at (114,284) size 0x0
                  RenderInline {A} at (0,0) size 110x18 [color=#0000EE]
                    RenderText {#text} at (0,288) size 110x18
                      text run at (0,288) width 110: "ABS or ABSVAL"
                  RenderText {#text} at (110,288) size 4x18
                    text run at (110,288) width 4: " "
                  RenderBR {BR} at (114,302) size 0x0
                  RenderInline {A} at (0,0) size 44x18 [color=#0000EE]
                    RenderText {#text} at (0,306) size 44x18
                      text run at (0,306) width 44: "ACOS"
                  RenderText {#text} at (44,306) size 4x18
                    text run at (44,306) width 4: " "
                  RenderBR {BR} at (48,320) size 0x0
                  RenderInline {A} at (0,0) size 40x18 [color=#0000EE]
                    RenderText {#text} at (0,324) size 40x18
                      text run at (0,324) width 40: "ASCII"
                  RenderText {#text} at (40,324) size 4x18
                    text run at (40,324) width 4: " "
                  RenderBR {BR} at (44,338) size 0x0
                  RenderInline {A} at (0,0) size 36x18 [color=#0000EE]
                    RenderText {#text} at (0,342) size 36x18
                      text run at (0,342) width 36: "ASIN"
                  RenderText {#text} at (36,342) size 4x18
                    text run at (36,342) width 4: " "
                  RenderBR {BR} at (40,356) size 0x0
                  RenderInline {A} at (0,0) size 39x18 [color=#0000EE]
                    RenderText {#text} at (0,360) size 39x18
                      text run at (0,360) width 39: "ATAN"
                  RenderText {#text} at (39,360) size 4x18
                    text run at (39,360) width 4: " "
                  RenderBR {BR} at (43,374) size 0x0
                  RenderInline {A} at (0,0) size 47x18 [color=#0000EE]
                    RenderText {#text} at (0,378) size 47x18
                      text run at (0,378) width 47: "ATAN2"
                  RenderText {#text} at (47,378) size 4x18
                    text run at (47,378) width 4: " "
                  RenderBR {BR} at (51,392) size 0x0
                  RenderInline {A} at (0,0) size 50x18 [color=#0000EE]
                    RenderText {#text} at (0,396) size 50x18
                      text run at (0,396) width 50: "BIGINT"
                  RenderText {#text} at (50,396) size 4x18
                    text run at (50,396) width 4: " "
                  RenderBR {BR} at (54,410) size 0x0
                  RenderInline {A} at (0,0) size 40x18 [color=#0000EE]
                    RenderText {#text} at (0,414) size 40x18
                      text run at (0,414) width 40: "BLOB"
                  RenderText {#text} at (40,414) size 4x18
                    text run at (40,414) width 4: " "
                  RenderBR {BR} at (44,428) size 0x0
                  RenderInline {A} at (0,0) size 114x18 [color=#0000EE]
                    RenderText {#text} at (0,432) size 114x18
                      text run at (0,432) width 114: "CEILING or CEIL"
                  RenderText {#text} at (114,432) size 4x18
                    text run at (114,432) width 4: " "
                  RenderBR {BR} at (118,446) size 0x0
                  RenderInline {A} at (0,0) size 43x18 [color=#0000EE]
                    RenderText {#text} at (0,450) size 43x18
                      text run at (0,450) width 43: "CHAR"
                  RenderText {#text} at (43,450) size 4x18
                    text run at (43,450) width 4: " "
                  RenderBR {BR} at (47,464) size 0x0
                  RenderInline {A} at (0,0) size 33x18 [color=#0000EE]
                    RenderText {#text} at (0,468) size 33x18
                      text run at (0,468) width 33: "CHR"
                  RenderText {#text} at (33,468) size 4x18
                    text run at (33,468) width 4: " "
                  RenderBR {BR} at (37,482) size 0x0
                  RenderInline {A} at (0,0) size 41x18 [color=#0000EE]
                    RenderText {#text} at (0,486) size 41x18
                      text run at (0,486) width 41: "CLOB"
                  RenderText {#text} at (41,486) size 4x18
                    text run at (41,486) width 4: " "
                  RenderBR {BR} at (45,500) size 0x0
                  RenderInline {A} at (0,0) size 82x18 [color=#0000EE]
                    RenderText {#text} at (0,504) size 82x18
                      text run at (0,504) width 82: "COALESCE"
                  RenderText {#text} at (82,504) size 4x18
                    text run at (82,504) width 4: " "
                  RenderBR {BR} at (86,518) size 0x0
                  RenderInline {A} at (0,0) size 63x18 [color=#0000EE]
                    RenderText {#text} at (0,522) size 63x18
                      text run at (0,522) width 63: "CONCAT"
                  RenderText {#text} at (63,522) size 4x18
                    text run at (63,522) width 4: " "
                  RenderBR {BR} at (67,536) size 0x0
                  RenderInline {A} at (0,0) size 33x18 [color=#0000EE]
                    RenderText {#text} at (0,540) size 33x18
                      text run at (0,540) width 33: "COS"
                  RenderText {#text} at (33,540) size 4x18
                    text run at (33,540) width 4: " "
                  RenderBR {BR} at (37,554) size 0x0
                  RenderInline {A} at (0,0) size 32x18 [color=#0000EE]
                    RenderText {#text} at (0,558) size 32x18
                      text run at (0,558) width 32: "COT"
                  RenderText {#text} at (32,558) size 4x18
                    text run at (32,558) width 4: " "
                  RenderBR {BR} at (36,572) size 0x0
                  RenderInline {A} at (0,0) size 39x18 [color=#0000EE]
                    RenderText {#text} at (0,576) size 39x18
                      text run at (0,576) width 39: "DATE"
                  RenderText {#text} at (39,576) size 4x18
                    text run at (39,576) width 4: " "
                  RenderBR {BR} at (43,590) size 0x0
                  RenderInline {A} at (0,0) size 30x18 [color=#0000EE]
                    RenderText {#text} at (0,594) size 30x18
                      text run at (0,594) width 30: "DAY"
                  RenderText {#text} at (30,594) size 4x18
                    text run at (30,594) width 4: " "
                  RenderBR {BR} at (34,608) size 0x0
                  RenderInline {A} at (0,0) size 74x18 [color=#0000EE]
                    RenderText {#text} at (0,612) size 74x18
                      text run at (0,612) width 74: "DAYNAME"
                  RenderText {#text} at (74,612) size 4x18
                    text run at (74,612) width 4: " "
                  RenderBR {BR} at (78,626) size 0x0
                  RenderInline {A} at (0,0) size 95x18 [color=#0000EE]
                    RenderText {#text} at (0,630) size 95x18
                      text run at (0,630) width 95: "DAYOFWEEK"
                  RenderText {#text} at (95,630) size 4x18
                    text run at (95,630) width 4: " "
                  RenderBR {BR} at (99,644) size 0x0
                  RenderInline {A} at (0,0) size 129x18 [color=#0000EE]
                    RenderText {#text} at (0,648) size 129x18
                      text run at (0,648) width 129: "DAYOFWEEK_ISO"
                  RenderText {#text} at (129,648) size 4x18
                    text run at (129,648) width 4: " "
                  RenderBR {BR} at (133,662) size 0x0
                  RenderInline {A} at (0,0) size 92x18 [color=#0000EE]
                    RenderText {#text} at (0,666) size 92x18
                      text run at (0,666) width 92: "DAYOFYEAR"
                  RenderText {#text} at (92,666) size 4x18
                    text run at (92,666) width 4: " "
                  RenderBR {BR} at (96,680) size 0x0
                  RenderInline {A} at (0,0) size 40x18 [color=#0000EE]
                    RenderText {#text} at (0,684) size 40x18
                      text run at (0,684) width 40: "DAYS"
                  RenderText {#text} at (40,684) size 4x18
                    text run at (40,684) width 4: " "
                  RenderBR {BR} at (44,698) size 0x0
                  RenderInline {A} at (0,0) size 62x18 [color=#0000EE]
                    RenderText {#text} at (0,702) size 62x18
                      text run at (0,702) width 62: "DBCLOB"
                  RenderText {#text} at (62,702) size 4x18
                    text run at (62,702) width 4: " "
                  RenderBR {BR} at (66,716) size 0x0
                  RenderInline {A} at (0,0) size 67x18 [color=#0000EE]
                    RenderText {#text} at (0,720) size 67x18
                      text run at (0,720) width 67: "DECIMAL"
                  RenderText {#text} at (67,720) size 4x18
                    text run at (67,720) width 4: " "
                  RenderBR {BR} at (71,734) size 0x0
                  RenderInline {A} at (0,0) size 74x18 [color=#0000EE]
                    RenderText {#text} at (0,738) size 74x18
                      text run at (0,738) width 74: "DEGREES"
                  RenderText {#text} at (74,738) size 4x18
                    text run at (74,738) width 4: " "
                  RenderBR {BR} at (78,752) size 0x0
                  RenderInline {A} at (0,0) size 51x18 [color=#0000EE]
                    RenderText {#text} at (0,756) size 51x18
                      text run at (0,756) width 51: "DEREF"
                  RenderText {#text} at (51,756) size 4x18
                    text run at (51,756) width 4: " "
                  RenderBR {BR} at (55,770) size 0x0
                  RenderInline {A} at (0,0) size 96x18 [color=#0000EE]
                    RenderText {#text} at (0,774) size 96x18
                      text run at (0,774) width 96: "DIFFERENCE"
                  RenderText {#text} at (96,774) size 4x18
                    text run at (96,774) width 4: " "
                  RenderBR {BR} at (100,788) size 0x0
                  RenderInline {A} at (0,0) size 50x18 [color=#0000EE]
                    RenderText {#text} at (0,792) size 50x18
                      text run at (0,792) width 50: "DIGITS"
                  RenderText {#text} at (50,792) size 4x18
                    text run at (50,792) width 4: " "
                  RenderBR {BR} at (54,806) size 0x0
                  RenderInline {A} at (0,0) size 98x18 [color=#0000EE]
                    RenderText {#text} at (0,810) size 98x18
                      text run at (0,810) width 98: "DLCOMMENT"
                  RenderText {#text} at (98,810) size 4x18
                    text run at (98,810) width 4: " "
                  RenderBR {BR} at (102,824) size 0x0
                  RenderInline {A} at (0,0) size 91x18 [color=#0000EE]
                    RenderText {#text} at (0,828) size 91x18
                      text run at (0,828) width 91: "DLLINKTYPE"
                  RenderText {#text} at (91,828) size 4x18
                    text run at (91,828) width 4: " "
                  RenderBR {BR} at (95,842) size 0x0
                  RenderInline {A} at (0,0) size 132x18 [color=#0000EE]
                    RenderText {#text} at (0,846) size 132x18
                      text run at (0,846) width 132: "DLURLCOMPLETE"
                  RenderText {#text} at (132,846) size 4x18
                    text run at (132,846) width 4: " "
                  RenderBR {BR} at (136,860) size 0x0
                  RenderInline {A} at (0,0) size 87x18 [color=#0000EE]
                    RenderText {#text} at (0,864) size 87x18
                      text run at (0,864) width 87: "DLURLPATH"
                  RenderText {#text} at (87,864) size 4x18
                    text run at (87,864) width 4: " "
                  RenderBR {BR} at (91,878) size 0x0
                  RenderInline {A} at (0,0) size 127x18 [color=#0000EE]
                    RenderText {#text} at (0,882) size 127x18
                      text run at (0,882) width 127: "DLURLPATHONLY"
                  RenderText {#text} at (127,882) size 4x18
                    text run at (127,882) width 4: " "
                  RenderBR {BR} at (131,896) size 0x0
                  RenderInline {A} at (0,0) size 114x18 [color=#0000EE]
                    RenderText {#text} at (0,900) size 114x18
                      text run at (0,900) width 114: "DLURLSCHEME"
                  RenderText {#text} at (114,900) size 4x18
                    text run at (114,900) width 4: " "
                  RenderBR {BR} at (118,914) size 0x0
                  RenderInline {A} at (0,0) size 111x18 [color=#0000EE]
                    RenderText {#text} at (0,918) size 111x18
                      text run at (0,918) width 111: "DLURLSERVER"
                  RenderText {#text} at (111,918) size 4x18
                    text run at (111,918) width 4: " "
                  RenderBR {BR} at (115,932) size 0x0
                  RenderInline {A} at (0,0) size 66x18 [color=#0000EE]
                    RenderText {#text} at (0,936) size 66x18
                      text run at (0,936) width 66: "DLVALUE"
                  RenderText {#text} at (66,936) size 4x18
                    text run at (66,936) width 4: " "
                  RenderBR {BR} at (70,950) size 0x0
                  RenderInline {A} at (0,0) size 62x18 [color=#0000EE]
                    RenderText {#text} at (0,954) size 62x18
                      text run at (0,954) width 62: "DOUBLE"
                  RenderText {#text} at (62,954) size 4x18
                    text run at (62,954) width 4: " "
                  RenderBR {BR} at (66,968) size 0x0
                  RenderInline {A} at (0,0) size 148x18 [color=#0000EE]
                    RenderText {#text} at (0,972) size 148x18
                      text run at (0,972) width 148: "EVENT_MON_STATE"
                  RenderText {#text} at (148,972) size 4x18
                    text run at (148,972) width 4: " "
                  RenderBR {BR} at (152,986) size 0x0
                  RenderInline {A} at (0,0) size 30x18 [color=#0000EE]
                    RenderText {#text} at (0,990) size 30x18
                      text run at (0,990) width 30: "EXP"
                  RenderText {#text} at (30,990) size 4x18
                    text run at (30,990) width 4: " "
                  RenderBR {BR} at (34,1004) size 0x0
                  RenderInline {A} at (0,0) size 47x18 [color=#0000EE]
                    RenderText {#text} at (0,1008) size 47x18
                      text run at (0,1008) width 47: "FLOAT"
                  RenderText {#text} at (47,1008) size 4x18
                    text run at (47,1008) width 4: " "
                  RenderBR {BR} at (51,1022) size 0x0
                  RenderInline {A} at (0,0) size 52x18 [color=#0000EE]
                    RenderText {#text} at (0,1026) size 52x18
                      text run at (0,1026) width 52: "FLOOR"
                  RenderText {#text} at (52,1026) size 4x18
                    text run at (52,1026) width 4: " "
                  RenderBR {BR} at (56,1040) size 0x0
                  RenderInline {A} at (0,0) size 149x18 [color=#0000EE]
                    RenderText {#text} at (0,1044) size 149x18
                      text run at (0,1044) width 149: "GENERATE_UNIQUE"
                  RenderText {#text} at (149,1044) size 4x18
                    text run at (149,1044) width 4: " "
                  RenderBR {BR} at (153,1058) size 0x0
                  RenderInline {A} at (0,0) size 69x18 [color=#0000EE]
                    RenderText {#text} at (0,1062) size 69x18
                      text run at (0,1062) width 69: "GRAPHIC"
                  RenderText {#text} at (69,1062) size 4x18
                    text run at (69,1062) width 4: " "
                  RenderBR {BR} at (73,1076) size 0x0
                  RenderInline {A} at (0,0) size 31x18 [color=#0000EE]
                    RenderText {#text} at (0,1080) size 31x18
                      text run at (0,1080) width 31: "HEX"
                  RenderText {#text} at (31,1080) size 4x18
                    text run at (31,1080) width 4: " "
                  RenderBR {BR} at (35,1094) size 0x0
                  RenderInline {A} at (0,0) size 45x18 [color=#0000EE]
                    RenderText {#text} at (0,1098) size 45x18
                      text run at (0,1098) width 45: "HOUR"
                  RenderText {#text} at (45,1098) size 4x18
                    text run at (45,1098) width 4: " "
                  RenderBR {BR} at (49,1112) size 0x0
                  RenderInline {A} at (0,0) size 55x18 [color=#0000EE]
                    RenderText {#text} at (0,1116) size 55x18
                      text run at (0,1116) width 55: "INSERT"
                  RenderText {#text} at (55,1116) size 4x18
                    text run at (55,1116) width 4: " "
                  RenderBR {BR} at (59,1130) size 0x0
                  RenderInline {A} at (0,0) size 67x18 [color=#0000EE]
                    RenderText {#text} at (0,1134) size 67x18
                      text run at (0,1134) width 67: "INTEGER"
                  RenderText {#text} at (67,1134) size 4x18
                    text run at (67,1134) width 4: " "
                  RenderBR {BR} at (71,1148) size 0x0
                  RenderInline {A} at (0,0) size 90x18 [color=#0000EE]
                    RenderText {#text} at (0,1152) size 90x18
                      text run at (0,1152) width 90: "JULIAN_DAY"
                  RenderText {#text} at (90,1152) size 4x18
                    text run at (90,1152) width 4: " "
                  RenderBR {BR} at (94,1166) size 0x0
                  RenderInline {A} at (0,0) size 125x18 [color=#0000EE]
                    RenderText {#text} at (0,1170) size 125x18
                      text run at (0,1170) width 125: "LCASE or LOWER"
                  RenderText {#text} at (125,1170) size 4x18
                    text run at (125,1170) width 4: " "
                  RenderBR {BR} at (129,1184) size 0x0
                  RenderInline {A} at (0,0) size 181x18 [color=#0000EE]
                    RenderText {#text} at (0,1188) size 181x18
                      text run at (0,1188) width 181: "LCASE (SYSFUN schema)"
                  RenderText {#text} at (181,1188) size 4x18
                    text run at (181,1188) width 4: " "
                  RenderBR {BR} at (185,1202) size 0x0
                  RenderInline {A} at (0,0) size 36x18 [color=#0000EE]
                    RenderText {#text} at (0,1206) size 36x18
                      text run at (0,1206) width 36: "LEFT"
                  RenderText {#text} at (36,1206) size 4x18
                    text run at (36,1206) width 4: " "
                  RenderBR {BR} at (40,1220) size 0x0
                  RenderInline {A} at (0,0) size 61x18 [color=#0000EE]
                    RenderText {#text} at (0,1224) size 61x18
                      text run at (0,1224) width 61: "LENGTH"
                  RenderText {#text} at (61,1224) size 4x18
                    text run at (61,1224) width 4: " "
                  RenderBR {BR} at (65,1238) size 0x0
                  RenderInline {A} at (0,0) size 19x18 [color=#0000EE]
                    RenderText {#text} at (0,1242) size 19x18
                      text run at (0,1242) width 19: "LN"
                  RenderText {#text} at (19,1242) size 4x18
                    text run at (19,1242) width 4: " "
                  RenderBR {BR} at (23,1256) size 0x0
                  RenderInline {A} at (0,0) size 59x18 [color=#0000EE]
                    RenderText {#text} at (0,1260) size 59x18
                      text run at (0,1260) width 59: "LOCATE"
                  RenderText {#text} at (59,1260) size 4x18
                    text run at (59,1260) width 4: " "
                  RenderBR {BR} at (63,1274) size 0x0
                  RenderInline {A} at (0,0) size 32x18 [color=#0000EE]
                    RenderText {#text} at (0,1278) size 32x18
                      text run at (0,1278) width 32: "LOG"
                  RenderText {#text} at (32,1278) size 4x18
                    text run at (32,1278) width 4: " "
                  RenderBR {BR} at (36,1292) size 0x0
                  RenderInline {A} at (0,0) size 48x18 [color=#0000EE]
                    RenderText {#text} at (0,1296) size 48x18
                      text run at (0,1296) width 48: "LOG10"
                  RenderText {#text} at (48,1296) size 4x18
                    text run at (48,1296) width 4: " "
                  RenderBR {BR} at (52,1310) size 0x0
                  RenderInline {A} at (0,0) size 124x18 [color=#0000EE]
                    RenderText {#text} at (0,1314) size 124x18
                      text run at (0,1314) width 124: "LONG_VARCHAR"
                  RenderText {#text} at (124,1314) size 4x18
                    text run at (124,1314) width 4: " "
                  RenderBR {BR} at (128,1328) size 0x0
                  RenderInline {A} at (0,0) size 150x18 [color=#0000EE]
                    RenderText {#text} at (0,1332) size 150x18
                      text run at (0,1332) width 150: "LONG_VARGRAPHIC"
                  RenderText {#text} at (150,1332) size 4x18
                    text run at (150,1332) width 4: " "
                  RenderBR {BR} at (154,1346) size 0x0
                  RenderInline {A} at (0,0) size 44x18 [color=#0000EE]
                    RenderText {#text} at (0,1350) size 44x18
                      text run at (0,1350) width 44: "LTRIM"
                  RenderText {#text} at (44,1350) size 4x18
                    text run at (44,1350) width 4: " "
                  RenderBR {BR} at (48,1364) size 0x0
                  RenderInline {A} at (0,0) size 176x18 [color=#0000EE]
                    RenderText {#text} at (0,1368) size 176x18
                      text run at (0,1368) width 176: "LTRIM (SYSFUN schema)"
                  RenderText {#text} at (176,1368) size 4x18
                    text run at (176,1368) width 4: " "
                  RenderBR {BR} at (180,1382) size 0x0
                  RenderInline {A} at (0,0) size 116x18 [color=#0000EE]
                    RenderText {#text} at (0,1386) size 116x18
                      text run at (0,1386) width 116: "MICROSECOND"
                  RenderText {#text} at (116,1386) size 4x18
                    text run at (116,1386) width 4: " "
                  RenderBR {BR} at (120,1400) size 0x0
                  RenderInline {A} at (0,0) size 158x18 [color=#0000EE]
                    RenderText {#text} at (0,1404) size 158x18
                      text run at (0,1404) width 158: "MIDNIGHT_SECONDS"
                  RenderText {#text} at (158,1404) size 4x18
                    text run at (158,1404) width 4: " "
                  RenderBR {BR} at (162,1418) size 0x0
                  RenderInline {A} at (0,0) size 58x18 [color=#0000EE]
                    RenderText {#text} at (0,1422) size 58x18
                      text run at (0,1422) width 58: "MINUTE"
                  RenderText {#text} at (58,1422) size 4x18
                    text run at (58,1422) width 4: " "
                  RenderBR {BR} at (62,1436) size 0x0
                  RenderInline {A} at (0,0) size 36x18 [color=#0000EE]
                    RenderText {#text} at (0,1440) size 36x18
                      text run at (0,1440) width 36: "MOD"
                  RenderText {#text} at (36,1440) size 4x18
                    text run at (36,1440) width 4: " "
                  RenderBR {BR} at (40,1454) size 0x0
                  RenderInline {A} at (0,0) size 56x18 [color=#0000EE]
                    RenderText {#text} at (0,1458) size 56x18
                      text run at (0,1458) width 56: "MONTH"
                  RenderText {#text} at (56,1458) size 4x18
                    text run at (56,1458) width 4: " "
                  RenderBR {BR} at (60,1472) size 0x0
                  RenderInline {A} at (0,0) size 100x18 [color=#0000EE]
                    RenderText {#text} at (0,1476) size 100x18
                      text run at (0,1476) width 100: "MONTHNAME"
                  RenderText {#text} at (100,1476) size 4x18
                    text run at (100,1476) width 4: " "
                  RenderBR {BR} at (104,1490) size 0x0
                  RenderInline {A} at (0,0) size 110x18 [color=#0000EE]
                    RenderText {#text} at (0,1494) size 110x18
                      text run at (0,1494) width 110: "NODENUMBER"
                  RenderText {#text} at (110,1494) size 4x18
                    text run at (110,1494) width 4: " "
                  RenderBR {BR} at (114,1508) size 0x0
                  RenderInline {A} at (0,0) size 51x18 [color=#0000EE]
                    RenderText {#text} at (0,1512) size 51x18
                      text run at (0,1512) width 51: "NULLIF"
                  RenderText {#text} at (51,1512) size 4x18
                    text run at (51,1512) width 4: " "
                  RenderBR {BR} at (55,1526) size 0x0
                  RenderInline {A} at (0,0) size 79x18 [color=#0000EE]
                    RenderText {#text} at (0,1530) size 79x18
                      text run at (0,1530) width 79: "PARTITION"
                  RenderText {#text} at (79,1530) size 4x18
                    text run at (79,1530) width 4: " "
                  RenderBR {BR} at (83,1544) size 0x0
                  RenderInline {A} at (0,0) size 62x18 [color=#0000EE]
                    RenderText {#text} at (0,1548) size 62x18
                      text run at (0,1548) width 62: "POSSTR"
                  RenderText {#text} at (62,1548) size 4x18
                    text run at (62,1548) width 4: " "
                  RenderBR {BR} at (66,1562) size 0x0
                  RenderInline {A} at (0,0) size 57x18 [color=#0000EE]
                    RenderText {#text} at (0,1566) size 57x18
                      text run at (0,1566) width 57: "POWER"
                  RenderText {#text} at (57,1566) size 4x18
                    text run at (57,1566) width 4: " "
                  RenderBR {BR} at (61,1580) size 0x0
                  RenderInline {A} at (0,0) size 74x18 [color=#0000EE]
                    RenderText {#text} at (0,1584) size 74x18
                      text run at (0,1584) width 74: "QUARTER"
                  RenderText {#text} at (74,1584) size 4x18
                    text run at (74,1584) width 4: " "
                  RenderBR {BR} at (78,1598) size 0x0
                  RenderInline {A} at (0,0) size 67x18 [color=#0000EE]
                    RenderText {#text} at (0,1602) size 67x18
                      text run at (0,1602) width 67: "RADIANS"
                  RenderText {#text} at (67,1602) size 4x18
                    text run at (67,1602) width 4: " "
                  RenderBR {BR} at (71,1616) size 0x0
                  RenderInline {A} at (0,0) size 108x18 [color=#0000EE]
                    RenderText {#text} at (0,1620) size 108x18
                      text run at (0,1620) width 108: "RAISE_ERROR"
                  RenderText {#text} at (108,1620) size 4x18
                    text run at (108,1620) width 4: " "
                  RenderBR {BR} at (112,1634) size 0x0
                  RenderInline {A} at (0,0) size 43x18 [color=#0000EE]
                    RenderText {#text} at (0,1638) size 43x18
                      text run at (0,1638) width 43: "RAND"
                  RenderText {#text} at (43,1638) size 4x18
                    text run at (43,1638) width 4: " "
                  RenderBR {BR} at (47,1652) size 0x0
                  RenderInline {A} at (0,0) size 39x18 [color=#0000EE]
                    RenderText {#text} at (0,1656) size 39x18
                      text run at (0,1656) width 39: "REAL"
                  RenderText {#text} at (39,1656) size 4x18
                    text run at (39,1656) width 4: " "
                  RenderBR {BR} at (43,1670) size 0x0
                  RenderInline {A} at (0,0) size 59x18 [color=#0000EE]
                    RenderText {#text} at (0,1674) size 59x18
                      text run at (0,1674) width 59: "REPEAT"
                  RenderText {#text} at (59,1674) size 4x18
                    text run at (59,1674) width 4: " "
                  RenderBR {BR} at (63,1688) size 0x0
                  RenderInline {A} at (0,0) size 70x18 [color=#0000EE]
                    RenderText {#text} at (0,1692) size 70x18
                      text run at (0,1692) width 70: "REPLACE"
                  RenderText {#text} at (70,1692) size 4x18
                    text run at (70,1692) width 4: " "
                  RenderBR {BR} at (74,1706) size 0x0
                  RenderInline {A} at (0,0) size 47x18 [color=#0000EE]
                    RenderText {#text} at (0,1710) size 47x18
                      text run at (0,1710) width 47: "RIGHT"
                  RenderText {#text} at (47,1710) size 4x18
                    text run at (47,1710) width 4: " "
                  RenderBR {BR} at (51,1724) size 0x0
                  RenderInline {A} at (0,0) size 56x18 [color=#0000EE]
                    RenderText {#text} at (0,1728) size 56x18
                      text run at (0,1728) width 56: "ROUND"
                  RenderText {#text} at (56,1728) size 4x18
                    text run at (56,1728) width 4: " "
                  RenderBR {BR} at (60,1742) size 0x0
                  RenderInline {A} at (0,0) size 48x18 [color=#0000EE]
                    RenderText {#text} at (0,1746) size 48x18
                      text run at (0,1746) width 48: "RTRIM"
                  RenderText {#text} at (48,1746) size 4x18
                    text run at (48,1746) width 4: " "
                  RenderBR {BR} at (52,1760) size 0x0
                  RenderInline {A} at (0,0) size 180x18 [color=#0000EE]
                    RenderText {#text} at (0,1764) size 180x18
                      text run at (0,1764) width 180: "RTRIM (SYSFUN schema)"
                  RenderText {#text} at (180,1764) size 4x18
                    text run at (180,1764) width 4: " "
                  RenderBR {BR} at (184,1778) size 0x0
                  RenderInline {A} at (0,0) size 65x18 [color=#0000EE]
                    RenderText {#text} at (0,1782) size 65x18
                      text run at (0,1782) width 65: "SECOND"
                  RenderText {#text} at (65,1782) size 4x18
                    text run at (65,1782) width 4: " "
                  RenderBR {BR} at (69,1796) size 0x0
                  RenderInline {A} at (0,0) size 37x18 [color=#0000EE]
                    RenderText {#text} at (0,1800) size 37x18
                      text run at (0,1800) width 37: "SIGN"
                  RenderText {#text} at (37,1800) size 4x18
                    text run at (37,1800) width 4: " "
                  RenderBR {BR} at (41,1814) size 0x0
                  RenderInline {A} at (0,0) size 25x18 [color=#0000EE]
                    RenderText {#text} at (0,1818) size 25x18
                      text run at (0,1818) width 25: "SIN"
                  RenderText {#text} at (25,1818) size 4x18
                    text run at (25,1818) width 4: " "
                  RenderBR {BR} at (29,1832) size 0x0
                  RenderInline {A} at (0,0) size 73x18 [color=#0000EE]
                    RenderText {#text} at (0,1836) size 73x18
                      text run at (0,1836) width 73: "SMALLINT"
                  RenderText {#text} at (73,1836) size 4x18
                    text run at (73,1836) width 4: " "
                  RenderBR {BR} at (77,1850) size 0x0
                  RenderInline {A} at (0,0) size 75x18 [color=#0000EE]
                    RenderText {#text} at (0,1854) size 75x18
                      text run at (0,1854) width 75: "SOUNDEX"
                  RenderText {#text} at (75,1854) size 4x18
                    text run at (75,1854) width 4: " "
                  RenderBR {BR} at (79,1868) size 0x0
                  RenderInline {A} at (0,0) size 50x18 [color=#0000EE]
                    RenderText {#text} at (0,1872) size 50x18
                      text run at (0,1872) width 50: "SPACE"
                  RenderText {#text} at (50,1872) size 4x18
                    text run at (50,1872) width 4: " "
                  RenderBR {BR} at (54,1886) size 0x0
                  RenderInline {A} at (0,0) size 42x18 [color=#0000EE]
                    RenderText {#text} at (0,1890) size 42x18
                      text run at (0,1890) width 42: "SQRT"
                  RenderText {#text} at (42,1890) size 4x18
                    text run at (42,1890) width 4: " "
                  RenderBR {BR} at (46,1904) size 0x0
                  RenderInline {A} at (0,0) size 61x18 [color=#0000EE]
                    RenderText {#text} at (0,1908) size 61x18
                      text run at (0,1908) width 61: "SUBSTR"
                  RenderText {#text} at (61,1908) size 4x18
                    text run at (61,1908) width 4: " "
                  RenderBR {BR} at (65,1922) size 0x0
                  RenderInline {A} at (0,0) size 98x18 [color=#0000EE]
                    RenderText {#text} at (0,1926) size 98x18
                      text run at (0,1926) width 98: "TABLE_NAME"
                  RenderText {#text} at (98,1926) size 4x18
                    text run at (98,1926) width 4: " "
                  RenderBR {BR} at (102,1940) size 0x0
                  RenderInline {A} at (0,0) size 119x18 [color=#0000EE]
                    RenderText {#text} at (0,1944) size 119x18
                      text run at (0,1944) width 119: "TABLE_SCHEMA"
                  RenderText {#text} at (119,1944) size 4x18
                    text run at (119,1944) width 4: " "
                  RenderBR {BR} at (123,1958) size 0x0
                  RenderInline {A} at (0,0) size 29x18 [color=#0000EE]
                    RenderText {#text} at (0,1962) size 29x18
                      text run at (0,1962) width 29: "TAN"
                  RenderText {#text} at (29,1962) size 4x18
                    text run at (29,1962) width 4: " "
                  RenderBR {BR} at (33,1976) size 0x0
                  RenderInline {A} at (0,0) size 36x18 [color=#0000EE]
                    RenderText {#text} at (0,1980) size 36x18
                      text run at (0,1980) width 36: "TIME"
                  RenderText {#text} at (36,1980) size 4x18
                    text run at (36,1980) width 4: " "
                  RenderBR {BR} at (40,1994) size 0x0
                  RenderInline {A} at (0,0) size 87x18 [color=#0000EE]
                    RenderText {#text} at (0,1998) size 87x18
                      text run at (0,1998) width 87: "TIMESTAMP"
                  RenderText {#text} at (87,1998) size 4x18
                    text run at (87,1998) width 4: " "
                  RenderBR {BR} at (91,2012) size 0x0
                  RenderInline {A} at (0,0) size 121x18 [color=#0000EE]
                    RenderText {#text} at (0,2016) size 121x18
                      text run at (0,2016) width 121: "TIMESTAMP_ISO"
                  RenderText {#text} at (121,2016) size 4x18
                    text run at (121,2016) width 4: " "
                  RenderBR {BR} at (125,2030) size 0x0
                  RenderInline {A} at (0,0) size 120x18 [color=#0000EE]
                    RenderText {#text} at (0,2034) size 120x18
                      text run at (0,2034) width 120: "TIMESTAMPDIFF"
                  RenderText {#text} at (120,2034) size 4x18
                    text run at (120,2034) width 4: " "
                  RenderBR {BR} at (124,2048) size 0x0
                  RenderInline {A} at (0,0) size 87x18 [color=#0000EE]
                    RenderText {#text} at (0,2052) size 87x18
                      text run at (0,2052) width 87: "TRANSLATE"
                  RenderText {#text} at (87,2052) size 4x18
                    text run at (87,2052) width 4: " "
                  RenderBR {BR} at (91,2066) size 0x0
                  RenderInline {A} at (0,0) size 155x18 [color=#0000EE]
                    RenderText {#text} at (0,2070) size 155x18
                      text run at (0,2070) width 155: "TRUNCATE or TRUNC"
                  RenderText {#text} at (155,2070) size 4x18
                    text run at (155,2070) width 4: " "
                  RenderBR {BR} at (159,2084) size 0x0
                  RenderInline {A} at (0,0) size 62x18 [color=#0000EE]
                    RenderText {#text} at (0,2088) size 62x18
                      text run at (0,2088) width 62: "TYPE_ID"
                  RenderText {#text} at (62,2088) size 4x18
                    text run at (62,2088) width 4: " "
                  RenderBR {BR} at (66,2102) size 0x0
                  RenderInline {A} at (0,0) size 91x18 [color=#0000EE]
                    RenderText {#text} at (0,2106) size 91x18
                      text run at (0,2106) width 91: "TYPE_NAME"
                  RenderText {#text} at (91,2106) size 4x18
                    text run at (91,2106) width 4: " "
                  RenderBR {BR} at (95,2120) size 0x0
                  RenderInline {A} at (0,0) size 112x18 [color=#0000EE]
                    RenderText {#text} at (0,2124) size 112x18
                      text run at (0,2124) width 112: "TYPE_SCHEMA"
                  RenderText {#text} at (112,2124) size 4x18
                    text run at (112,2124) width 4: " "
                  RenderBR {BR} at (116,2138) size 0x0
                  RenderInline {A} at (0,0) size 125x18 [color=#0000EE]
                    RenderText {#text} at (0,2142) size 125x18
                      text run at (0,2142) width 125: "UCASE or UPPER"
                  RenderText {#text} at (125,2142) size 4x18
                    text run at (125,2142) width 4: " "
                  RenderBR {BR} at (129,2156) size 0x0
                  RenderInline {A} at (0,0) size 48x18 [color=#0000EE]
                    RenderText {#text} at (0,2160) size 48x18
                      text run at (0,2160) width 48: "VALUE"
                  RenderText {#text} at (48,2160) size 4x18
                    text run at (48,2160) width 4: " "
                  RenderBR {BR} at (52,2174) size 0x0
                  RenderInline {A} at (0,0) size 73x18 [color=#0000EE]
                    RenderText {#text} at (0,2178) size 73x18
                      text run at (0,2178) width 73: "VARCHAR"
                  RenderText {#text} at (73,2178) size 4x18
                    text run at (73,2178) width 4: " "
                  RenderBR {BR} at (77,2192) size 0x0
                  RenderInline {A} at (0,0) size 99x18 [color=#0000EE]
                    RenderText {#text} at (0,2196) size 99x18
                      text run at (0,2196) width 99: "VARGRAPHIC"
                  RenderText {#text} at (99,2196) size 4x18
                    text run at (99,2196) width 4: " "
                  RenderBR {BR} at (103,2210) size 0x0
                  RenderInline {A} at (0,0) size 44x18 [color=#0000EE]
                    RenderText {#text} at (0,2214) size 44x18
                      text run at (0,2214) width 44: "WEEK"
                  RenderText {#text} at (44,2214) size 4x18
                    text run at (44,2214) width 4: " "
                  RenderBR {BR} at (48,2228) size 0x0
                  RenderInline {A} at (0,0) size 78x18 [color=#0000EE]
                    RenderText {#text} at (0,2232) size 78x18
                      text run at (0,2232) width 78: "WEEK_ISO"
                  RenderText {#text} at (78,2232) size 4x18
                    text run at (78,2232) width 4: " "
                  RenderBR {BR} at (82,2246) size 0x0
                  RenderInline {A} at (0,0) size 41x18 [color=#0000EE]
                    RenderText {#text} at (0,2250) size 41x18
                      text run at (0,2250) width 41: "YEAR"
                  RenderText {#text} at (41,2250) size 4x18
                    text run at (41,2250) width 4: " "
                  RenderBR {BR} at (45,2264) size 0x0
                  RenderInline {A} at (0,0) size 103x18 [color=#0000EE]
                    RenderText {#text} at (0,2268) size 103x18
                      text run at (0,2268) width 103: "Table Functions"
                  RenderText {#text} at (103,2268) size 4x18
                    text run at (103,2268) width 4: " "
                  RenderBR {BR} at (107,2282) size 0x0
                  RenderInline {A} at (0,0) size 174x18 [color=#0000EE]
                    RenderText {#text} at (0,2286) size 174x18
                      text run at (0,2286) width 174: "SQLCACHE_SNAPSHOT"
                  RenderText {#text} at (174,2286) size 4x18
                    text run at (174,2286) width 4: " "
                  RenderBR {BR} at (178,2300) size 0x0
                  RenderInline {A} at (0,0) size 155x18 [color=#0000EE]
                    RenderText {#text} at (0,2304) size 155x18
                      text run at (0,2304) width 155: "User-Defined Functions"
                  RenderText {#text} at (0,0) size 0x0
                RenderBlock {P} at (0,6298) size 758x414
                  RenderInline {B} at (0,0) size 55x18
                    RenderInline {A} at (0,0) size 55x18 [color=#0000EE]
                      RenderText {#text} at (0,0) size 55x18
                        text run at (0,0) width 55: "Queries"
                  RenderBR {BR} at (55,14) size 0x0
                  RenderBR {BR} at (0,18) size 0x18
                  RenderInline {A} at (0,0) size 63x18 [color=#0000EE]
                    RenderText {#text} at (0,36) size 63x18
                      text run at (0,36) width 63: "subselect"
                  RenderText {#text} at (63,36) size 4x18
                    text run at (63,36) width 4: " "
                  RenderBR {BR} at (67,50) size 0x0
                  RenderInline {A} at (0,0) size 87x18 [color=#0000EE]
                    RenderText {#text} at (0,54) size 87x18
                      text run at (0,54) width 87: "select-clause"
                  RenderText {#text} at (87,54) size 4x18
                    text run at (87,54) width 4: " "
                  RenderBR {BR} at (91,68) size 0x0
                  RenderInline {A} at (0,0) size 78x18 [color=#0000EE]
                    RenderText {#text} at (0,72) size 78x18
                      text run at (0,72) width 78: "from-clause"
                  RenderText {#text} at (78,72) size 4x18
                    text run at (78,72) width 4: " "
                  RenderBR {BR} at (82,86) size 0x0
                  RenderInline {A} at (0,0) size 98x18 [color=#0000EE]
                    RenderText {#text} at (0,90) size 98x18
                      text run at (0,90) width 98: "table-reference"
                  RenderText {#text} at (98,90) size 4x18
                    text run at (98,90) width 4: " "
                  RenderBR {BR} at (102,104) size 0x0
                  RenderInline {A} at (0,0) size 75x18 [color=#0000EE]
                    RenderText {#text} at (0,108) size 75x18
                      text run at (0,108) width 75: "joined-table"
                  RenderText {#text} at (75,108) size 4x18
                    text run at (75,108) width 4: " "
                  RenderBR {BR} at (79,122) size 0x0
                  RenderInline {A} at (0,0) size 88x18 [color=#0000EE]
                    RenderText {#text} at (0,126) size 88x18
                      text run at (0,126) width 88: "where-clause"
                  RenderText {#text} at (88,126) size 4x18
                    text run at (88,126) width 4: " "
                  RenderBR {BR} at (92,140) size 0x0
                  RenderInline {A} at (0,0) size 106x18 [color=#0000EE]
                    RenderText {#text} at (0,144) size 106x18
                      text run at (0,144) width 106: "group-by-clause"
                  RenderText {#text} at (106,144) size 4x18
                    text run at (106,144) width 4: " "
                  RenderBR {BR} at (110,158) size 0x0
                  RenderInline {A} at (0,0) size 91x18 [color=#0000EE]
                    RenderText {#text} at (0,162) size 91x18
                      text run at (0,162) width 91: "having-clause"
                  RenderText {#text} at (91,162) size 4x18
                    text run at (91,162) width 4: " "
                  RenderBR {BR} at (95,176) size 0x0
                  RenderInline {A} at (0,0) size 157x18 [color=#0000EE]
                    RenderText {#text} at (0,180) size 157x18
                      text run at (0,180) width 157: "Examples of subselects"
                  RenderText {#text} at (157,180) size 4x18
                    text run at (157,180) width 4: " "
                  RenderBR {BR} at (161,194) size 0x0
                  RenderInline {A} at (0,0) size 121x18 [color=#0000EE]
                    RenderText {#text} at (0,198) size 121x18
                      text run at (0,198) width 121: "Examples of Joins"
                  RenderText {#text} at (121,198) size 4x18
                    text run at (121,198) width 4: " "
                  RenderBR {BR} at (125,212) size 0x0
                  RenderInline {A} at (0,0) size 300x18 [color=#0000EE]
                    RenderText {#text} at (0,216) size 300x18
                      text run at (0,216) width 300: "Examples of Grouping Sets, Cube, and Rollup"
                  RenderText {#text} at (300,216) size 4x18
                    text run at (300,216) width 4: " "
                  RenderBR {BR} at (304,230) size 0x0
                  RenderInline {A} at (0,0) size 57x18 [color=#0000EE]
                    RenderText {#text} at (0,234) size 57x18
                      text run at (0,234) width 57: "fullselect"
                  RenderText {#text} at (57,234) size 4x18
                    text run at (57,234) width 4: " "
                  RenderBR {BR} at (61,248) size 0x0
                  RenderInline {A} at (0,0) size 155x18 [color=#0000EE]
                    RenderText {#text} at (0,252) size 155x18
                      text run at (0,252) width 155: "Examples of a fullselect"
                  RenderText {#text} at (155,252) size 4x18
                    text run at (155,252) width 4: " "
                  RenderBR {BR} at (159,266) size 0x0
                  RenderInline {A} at (0,0) size 109x18 [color=#0000EE]
                    RenderText {#text} at (0,270) size 109x18
                      text run at (0,270) width 109: "select-statement"
                  RenderText {#text} at (109,270) size 4x18
                    text run at (109,270) width 4: " "
                  RenderBR {BR} at (113,284) size 0x0
                  RenderInline {A} at (0,0) size 171x18 [color=#0000EE]
                    RenderText {#text} at (0,288) size 171x18
                      text run at (0,288) width 171: "common-table-expression"
                  RenderText {#text} at (171,288) size 4x18
                    text run at (171,288) width 4: " "
                  RenderBR {BR} at (175,302) size 0x0
                  RenderInline {A} at (0,0) size 103x18 [color=#0000EE]
                    RenderText {#text} at (0,306) size 103x18
                      text run at (0,306) width 103: "order-by-clause"
                  RenderText {#text} at (103,306) size 4x18
                    text run at (103,306) width 4: " "
                  RenderBR {BR} at (107,320) size 0x0
                  RenderInline {A} at (0,0) size 92x18 [color=#0000EE]
                    RenderText {#text} at (0,324) size 92x18
                      text run at (0,324) width 92: "update-clause"
                  RenderText {#text} at (92,324) size 4x18
                    text run at (92,324) width 4: " "
                  RenderBR {BR} at (96,338) size 0x0
                  RenderInline {A} at (0,0) size 109x18 [color=#0000EE]
                    RenderText {#text} at (0,342) size 109x18
                      text run at (0,342) width 109: "read-only-clause"
                  RenderText {#text} at (109,342) size 4x18
                    text run at (109,342) width 4: " "
                  RenderBR {BR} at (113,356) size 0x0
                  RenderInline {A} at (0,0) size 109x18 [color=#0000EE]
                    RenderText {#text} at (0,360) size 109x18
                      text run at (0,360) width 109: "fetch-first-clause"
                  RenderText {#text} at (109,360) size 4x18
                    text run at (109,360) width 4: " "
                  RenderBR {BR} at (113,374) size 0x0
                  RenderInline {A} at (0,0) size 125x18 [color=#0000EE]
                    RenderText {#text} at (0,378) size 125x18
                      text run at (0,378) width 125: "optimize-for-clause"
                  RenderText {#text} at (125,378) size 4x18
                    text run at (125,378) width 4: " "
                  RenderBR {BR} at (129,392) size 0x0
                  RenderInline {A} at (0,0) size 207x18 [color=#0000EE]
                    RenderText {#text} at (0,396) size 207x18
                      text run at (0,396) width 207: "Examples of a select-statement"
                  RenderText {#text} at (0,0) size 0x0
                RenderBlock {P} at (0,6727) size 758x2124
                  RenderInline {B} at (0,0) size 114x18
                    RenderInline {A} at (0,0) size 114x18 [color=#0000EE]
                      RenderText {#text} at (0,0) size 114x18
                        text run at (0,0) width 114: "SQL Statements"
                  RenderBR {BR} at (114,14) size 0x0
                  RenderBR {BR} at (0,18) size 0x18
                  RenderInline {A} at (0,0) size 227x18 [color=#0000EE]
                    RenderText {#text} at (0,36) size 227x18
                      text run at (0,36) width 227: "How SQL Statements Are Invoked"
                  RenderText {#text} at (227,36) size 4x18
                    text run at (227,36) width 4: " "
                  RenderBR {BR} at (231,50) size 0x0
                  RenderInline {A} at (0,0) size 329x18 [color=#0000EE]
                    RenderText {#text} at (0,54) size 329x18
                      text run at (0,54) width 329: "Embedding a Statement in an Application Program"
                  RenderText {#text} at (329,54) size 4x18
                    text run at (329,54) width 4: " "
                  RenderBR {BR} at (333,68) size 0x0
                  RenderInline {A} at (0,0) size 235x18 [color=#0000EE]
                    RenderText {#text} at (0,72) size 235x18
                      text run at (0,72) width 235: "Dynamic Preparation and Execution"
                  RenderText {#text} at (235,72) size 4x18
                    text run at (235,72) width 4: " "
                  RenderBR {BR} at (239,86) size 0x0
                  RenderInline {A} at (0,0) size 249x18 [color=#0000EE]
                    RenderText {#text} at (0,90) size 249x18
                      text run at (0,90) width 249: "Static Invocation of a select-statement"
                  RenderText {#text} at (249,90) size 4x18
                    text run at (249,90) width 4: " "
                  RenderBR {BR} at (253,104) size 0x0
                  RenderInline {A} at (0,0) size 271x18 [color=#0000EE]
                    RenderText {#text} at (0,108) size 271x18
                      text run at (0,108) width 271: "Dynamic Invocation of a select-statement"
                  RenderText {#text} at (271,108) size 4x18
                    text run at (271,108) width 4: " "
                  RenderBR {BR} at (275,122) size 0x0
                  RenderInline {A} at (0,0) size 139x18 [color=#0000EE]
                    RenderText {#text} at (0,126) size 139x18
                      text run at (0,126) width 139: "Interactive Invocation"
                  RenderText {#text} at (139,126) size 4x18
                    text run at (139,126) width 4: " "
                  RenderBR {BR} at (143,140) size 0x0
                  RenderInline {A} at (0,0) size 125x18 [color=#0000EE]
                    RenderText {#text} at (0,144) size 125x18
                      text run at (0,144) width 125: "SQL Return Codes"
                  RenderText {#text} at (125,144) size 4x18
                    text run at (125,144) width 4: " "
                  RenderBR {BR} at (129,158) size 0x0
                  RenderInline {A} at (0,0) size 74x18 [color=#0000EE]
                    RenderText {#text} at (0,162) size 74x18
                      text run at (0,162) width 74: "SQLCODE"
                  RenderText {#text} at (74,162) size 4x18
                    text run at (74,162) width 4: " "
                  RenderBR {BR} at (78,176) size 0x0
                  RenderInline {A} at (0,0) size 76x18 [color=#0000EE]
                    RenderText {#text} at (0,180) size 76x18
                      text run at (0,180) width 76: "SQLSTATE"
                  RenderText {#text} at (76,180) size 4x18
                    text run at (76,180) width 4: " "
                  RenderBR {BR} at (80,194) size 0x0
                  RenderInline {A} at (0,0) size 107x18 [color=#0000EE]
                    RenderText {#text} at (0,198) size 107x18
                      text run at (0,198) width 107: "SQL Comments"
                  RenderText {#text} at (107,198) size 4x18
                    text run at (107,198) width 4: " "
                  RenderBR {BR} at (111,212) size 0x0
                  RenderInline {A} at (0,0) size 154x18 [color=#0000EE]
                    RenderText {#text} at (0,216) size 154x18
                      text run at (0,216) width 154: "ALTER BUFFERPOOL"
                  RenderText {#text} at (154,216) size 4x18
                    text run at (154,216) width 4: " "
                  RenderBR {BR} at (158,230) size 0x0
                  RenderInline {A} at (0,0) size 132x18 [color=#0000EE]
                    RenderText {#text} at (0,234) size 132x18
                      text run at (0,234) width 132: "ALTER NICKNAME"
                  RenderText {#text} at (132,234) size 4x18
                    text run at (132,234) width 4: " "
                  RenderBR {BR} at (136,248) size 0x0
                  RenderInline {A} at (0,0) size 152x18 [color=#0000EE]
                    RenderText {#text} at (0,252) size 152x18
                      text run at (0,252) width 152: "ALTER NODEGROUP"
                  RenderText {#text} at (152,252) size 4x18
                    text run at (152,252) width 4: " "
                  RenderBR {BR} at (156,266) size 0x0
                  RenderInline {A} at (0,0) size 114x18 [color=#0000EE]
                    RenderText {#text} at (0,270) size 114x18
                      text run at (0,270) width 114: "ALTER SERVER"
                  RenderText {#text} at (114,270) size 4x18
                    text run at (114,270) width 4: " "
                  RenderBR {BR} at (118,284) size 0x0
                  RenderInline {A} at (0,0) size 98x18 [color=#0000EE]
                    RenderText {#text} at (0,288) size 98x18
                      text run at (0,288) width 98: "ALTER TABLE"
                  RenderText {#text} at (98,288) size 4x18
                    text run at (98,288) width 4: " "
                  RenderBR {BR} at (102,302) size 0x0
                  RenderInline {A} at (0,0) size 148x18 [color=#0000EE]
                    RenderText {#text} at (0,306) size 148x18
                      text run at (0,306) width 148: "ALTER TABLESPACE"
                  RenderText {#text} at (148,306) size 4x18
                    text run at (148,306) width 4: " "
                  RenderBR {BR} at (152,320) size 0x0
                  RenderInline {A} at (0,0) size 173x18 [color=#0000EE]
                    RenderText {#text} at (0,324) size 173x18
                      text run at (0,324) width 173: "ALTER TYPE (Structured)"
                  RenderText {#text} at (173,324) size 4x18
                    text run at (173,324) width 4: " "
                  RenderBR {BR} at (177,338) size 0x0
                  RenderInline {A} at (0,0) size 168x18 [color=#0000EE]
                    RenderText {#text} at (0,342) size 168x18
                      text run at (0,342) width 168: "ALTER USER MAPPING"
                  RenderText {#text} at (168,342) size 4x18
                    text run at (168,342) width 4: " "
                  RenderBR {BR} at (172,356) size 0x0
                  RenderInline {A} at (0,0) size 90x18 [color=#0000EE]
                    RenderText {#text} at (0,360) size 90x18
                      text run at (0,360) width 90: "ALTER VIEW"
                  RenderText {#text} at (90,360) size 4x18
                    text run at (90,360) width 4: " "
                  RenderBR {BR} at (94,374) size 0x0
                  RenderInline {A} at (0,0) size 193x18 [color=#0000EE]
                    RenderText {#text} at (0,378) size 193x18
                      text run at (0,378) width 193: "BEGIN DECLARE SECTION"
                  RenderText {#text} at (193,378) size 4x18
                    text run at (193,378) width 4: " "
                  RenderBR {BR} at (197,392) size 0x0
                  RenderInline {A} at (0,0) size 37x18 [color=#0000EE]
                    RenderText {#text} at (0,396) size 37x18
                      text run at (0,396) width 37: "CALL"
                  RenderText {#text} at (37,396) size 4x18
                    text run at (37,396) width 4: " "
                  RenderBR {BR} at (41,410) size 0x0
                  RenderInline {A} at (0,0) size 51x18 [color=#0000EE]
                    RenderText {#text} at (0,414) size 51x18
                      text run at (0,414) width 51: "CLOSE"
                  RenderText {#text} at (51,414) size 4x18
                    text run at (51,414) width 4: " "
                  RenderBR {BR} at (55,428) size 0x0
                  RenderInline {A} at (0,0) size 106x18 [color=#0000EE]
                    RenderText {#text} at (0,432) size 106x18
                      text run at (0,432) width 106: "COMMENT ON"
                  RenderText {#text} at (106,432) size 4x18
                    text run at (106,432) width 4: " "
                  RenderBR {BR} at (110,446) size 0x0
                  RenderInline {A} at (0,0) size 62x18 [color=#0000EE]
                    RenderText {#text} at (0,450) size 62x18
                      text run at (0,450) width 62: "COMMIT"
                  RenderText {#text} at (62,450) size 4x18
                    text run at (62,450) width 4: " "
                  RenderBR {BR} at (66,464) size 0x0
                  RenderInline {A} at (0,0) size 191x18 [color=#0000EE]
                    RenderText {#text} at (0,468) size 191x18
                      text run at (0,468) width 191: "Compound SQL (Embedded)"
                  RenderText {#text} at (191,468) size 4x18
                    text run at (191,468) width 4: " "
                  RenderBR {BR} at (195,482) size 0x0
                  RenderInline {A} at (0,0) size 134x18 [color=#0000EE]
                    RenderText {#text} at (0,486) size 134x18
                      text run at (0,486) width 134: "CONNECT (Type 1)"
                  RenderText {#text} at (134,486) size 4x18
                    text run at (134,486) width 4: " "
                  RenderBR {BR} at (138,500) size 0x0
                  RenderInline {A} at (0,0) size 134x18 [color=#0000EE]
                    RenderText {#text} at (0,504) size 134x18
                      text run at (0,504) width 134: "CONNECT (Type 2)"
                  RenderText {#text} at (134,504) size 4x18
                    text run at (134,504) width 4: " "
                  RenderBR {BR} at (138,518) size 0x0
                  RenderInline {A} at (0,0) size 107x18 [color=#0000EE]
                    RenderText {#text} at (0,522) size 107x18
                      text run at (0,522) width 107: "CREATE ALIAS"
                  RenderText {#text} at (107,522) size 4x18
                    text run at (107,522) width 4: " "
                  RenderBR {BR} at (111,536) size 0x0
                  RenderInline {A} at (0,0) size 166x18 [color=#0000EE]
                    RenderText {#text} at (0,540) size 166x18
                      text run at (0,540) width 166: "CREATE BUFFERPOOL"
                  RenderText {#text} at (166,540) size 4x18
                    text run at (166,540) width 4: " "
                  RenderBR {BR} at (170,554) size 0x0
                  RenderInline {A} at (0,0) size 176x18 [color=#0000EE]
                    RenderText {#text} at (0,558) size 176x18
                      text run at (0,558) width 176: "CREATE DISTINCT TYPE"
                  RenderText {#text} at (176,558) size 4x18
                    text run at (176,558) width 4: " "
                  RenderBR {BR} at (180,572) size 0x0
                  RenderInline {A} at (0,0) size 190x18 [color=#0000EE]
                    RenderText {#text} at (0,576) size 190x18
                      text run at (0,576) width 190: "CREATE EVENT MONITOR"
                  RenderText {#text} at (190,576) size 4x18
                    text run at (190,576) width 4: " "
                  RenderBR {BR} at (194,590) size 0x0
                  RenderInline {A} at (0,0) size 142x18 [color=#0000EE]
                    RenderText {#text} at (0,594) size 142x18
                      text run at (0,594) width 142: "CREATE FUNCTION"
                  RenderText {#text} at (142,594) size 4x18
                    text run at (142,594) width 4: " "
                  RenderBR {BR} at (146,608) size 0x0
                  RenderInline {A} at (0,0) size 256x18 [color=#0000EE]
                    RenderText {#text} at (0,612) size 256x18
                      text run at (0,612) width 256: "CREATE FUNCTION (External Scalar)"
                  RenderText {#text} at (256,612) size 4x18
                    text run at (256,612) width 4: " "
                  RenderBR {BR} at (260,626) size 0x0
                  RenderInline {A} at (0,0) size 249x18 [color=#0000EE]
                    RenderText {#text} at (0,630) size 249x18
                      text run at (0,630) width 249: "CREATE FUNCTION (External Table)"
                  RenderText {#text} at (249,630) size 4x18
                    text run at (249,630) width 4: " "
                  RenderBR {BR} at (253,644) size 0x0
                  RenderInline {A} at (0,0) size 308x18 [color=#0000EE]
                    RenderText {#text} at (0,648) size 308x18
                      text run at (0,648) width 308: "CREATE FUNCTION (OLE DB External Table)"
                  RenderText {#text} at (308,648) size 4x18
                    text run at (308,648) width 4: " "
                  RenderBR {BR} at (312,662) size 0x0
                  RenderInline {A} at (0,0) size 284x18 [color=#0000EE]
                    RenderText {#text} at (0,666) size 284x18
                      text run at (0,666) width 284: "CREATE FUNCTION (Source or Template)"
                  RenderText {#text} at (284,666) size 4x18
                    text run at (284,666) width 4: " "
                  RenderBR {BR} at (288,680) size 0x0
                  RenderInline {A} at (0,0) size 326x18 [color=#0000EE]
                    RenderText {#text} at (0,684) size 326x18
                      text run at (0,684) width 326: "CREATE FUNCTION (SQL Scalar, Table or Row)"
                  RenderText {#text} at (326,684) size 4x18
                    text run at (326,684) width 4: " "
                  RenderBR {BR} at (330,698) size 0x0
                  RenderInline {A} at (0,0) size 216x18 [color=#0000EE]
                    RenderText {#text} at (0,702) size 216x18
                      text run at (0,702) width 216: "CREATE FUNCTION MAPPING"
                  RenderText {#text} at (216,702) size 4x18
                    text run at (216,702) width 4: " "
                  RenderBR {BR} at (220,716) size 0x0
                  RenderInline {A} at (0,0) size 110x18 [color=#0000EE]
                    RenderText {#text} at (0,720) size 110x18
                      text run at (0,720) width 110: "CREATE INDEX"
                  RenderText {#text} at (110,720) size 4x18
                    text run at (110,720) width 4: " "
                  RenderBR {BR} at (114,734) size 0x0
                  RenderInline {A} at (0,0) size 201x18 [color=#0000EE]
                    RenderText {#text} at (0,738) size 201x18
                      text run at (0,738) width 201: "CREATE INDEX EXTENSION"
                  RenderText {#text} at (201,738) size 4x18
                    text run at (201,738) width 4: " "
                  RenderBR {BR} at (205,752) size 0x0
                  RenderInline {A} at (0,0) size 130x18 [color=#0000EE]
                    RenderText {#text} at (0,756) size 130x18
                      text run at (0,756) width 130: "CREATE METHOD"
                  RenderText {#text} at (130,756) size 4x18
                    text run at (130,756) width 4: " "
                  RenderBR {BR} at (134,770) size 0x0
                  RenderInline {A} at (0,0) size 144x18 [color=#0000EE]
                    RenderText {#text} at (0,774) size 144x18
                      text run at (0,774) width 144: "CREATE NICKNAME"
                  RenderText {#text} at (144,774) size 4x18
                    text run at (144,774) width 4: " "
                  RenderBR {BR} at (148,788) size 0x0
                  RenderInline {A} at (0,0) size 164x18 [color=#0000EE]
                    RenderText {#text} at (0,792) size 164x18
                      text run at (0,792) width 164: "CREATE NODEGROUP"
                  RenderText {#text} at (164,792) size 4x18
                    text run at (164,792) width 4: " "
                  RenderBR {BR} at (168,806) size 0x0
                  RenderInline {A} at (0,0) size 161x18 [color=#0000EE]
                    RenderText {#text} at (0,810) size 161x18
                      text run at (0,810) width 161: "CREATE PROCEDURE"
                  RenderText {#text} at (161,810) size 4x18
                    text run at (161,810) width 4: " "
                  RenderBR {BR} at (165,824) size 0x0
                  RenderInline {A} at (0,0) size 129x18 [color=#0000EE]
                    RenderText {#text} at (0,828) size 129x18
                      text run at (0,828) width 129: "CREATE SCHEMA"
                  RenderText {#text} at (129,828) size 4x18
                    text run at (129,828) width 4: " "
                  RenderBR {BR} at (133,842) size 0x0
                  RenderInline {A} at (0,0) size 126x18 [color=#0000EE]
                    RenderText {#text} at (0,846) size 126x18
                      text run at (0,846) width 126: "CREATE SERVER"
                  RenderText {#text} at (126,846) size 4x18
                    text run at (126,846) width 4: " "
                  RenderBR {BR} at (130,860) size 0x0
                  RenderInline {A} at (0,0) size 110x18 [color=#0000EE]
                    RenderText {#text} at (0,864) size 110x18
                      text run at (0,864) width 110: "CREATE TABLE"
                  RenderText {#text} at (110,864) size 4x18
                    text run at (110,864) width 4: " "
                  RenderBR {BR} at (114,878) size 0x0
                  RenderInline {A} at (0,0) size 160x18 [color=#0000EE]
                    RenderText {#text} at (0,882) size 160x18
                      text run at (0,882) width 160: "CREATE TABLESPACE"
                  RenderText {#text} at (160,882) size 4x18
                    text run at (160,882) width 4: " "
                  RenderBR {BR} at (164,896) size 0x0
                  RenderInline {A} at (0,0) size 160x18 [color=#0000EE]
                    RenderText {#text} at (0,900) size 160x18
                      text run at (0,900) width 160: "CREATE TRANSFORM"
                  RenderText {#text} at (160,900) size 4x18
                    text run at (160,900) width 4: " "
                  RenderBR {BR} at (164,914) size 0x0
                  RenderInline {A} at (0,0) size 133x18 [color=#0000EE]
                    RenderText {#text} at (0,918) size 133x18
                      text run at (0,918) width 133: "CREATE TRIGGER"
                  RenderText {#text} at (133,918) size 4x18
                    text run at (133,918) width 4: " "
                  RenderBR {BR} at (137,932) size 0x0
                  RenderInline {A} at (0,0) size 185x18 [color=#0000EE]
                    RenderText {#text} at (0,936) size 185x18
                      text run at (0,936) width 185: "CREATE TYPE (Structured)"
                  RenderText {#text} at (185,936) size 4x18
                    text run at (185,936) width 4: " "
                  RenderBR {BR} at (189,950) size 0x0
                  RenderInline {A} at (0,0) size 177x18 [color=#0000EE]
                    RenderText {#text} at (0,954) size 177x18
                      text run at (0,954) width 177: "CREATE TYPE MAPPING"
                  RenderText {#text} at (177,954) size 4x18
                    text run at (177,954) width 4: " "
                  RenderBR {BR} at (181,968) size 0x0
                  RenderInline {A} at (0,0) size 180x18 [color=#0000EE]
                    RenderText {#text} at (0,972) size 180x18
                      text run at (0,972) width 180: "CREATE USER MAPPING"
                  RenderText {#text} at (180,972) size 4x18
                    text run at (180,972) width 4: " "
                  RenderBR {BR} at (184,986) size 0x0
                  RenderInline {A} at (0,0) size 102x18 [color=#0000EE]
                    RenderText {#text} at (0,990) size 102x18
                      text run at (0,990) width 102: "CREATE VIEW"
                  RenderText {#text} at (102,990) size 4x18
                    text run at (102,990) width 4: " "
                  RenderBR {BR} at (106,1004) size 0x0
                  RenderInline {A} at (0,0) size 140x18 [color=#0000EE]
                    RenderText {#text} at (0,1008) size 140x18
                      text run at (0,1008) width 140: "CREATE WRAPPER"
                  RenderText {#text} at (140,1008) size 4x18
                    text run at (140,1008) width 4: " "
                  RenderBR {BR} at (144,1022) size 0x0
                  RenderInline {A} at (0,0) size 141x18 [color=#0000EE]
                    RenderText {#text} at (0,1026) size 141x18
                      text run at (0,1026) width 141: "DECLARE CURSOR"
                  RenderText {#text} at (141,1026) size 4x18
                    text run at (141,1026) width 4: " "
                  RenderBR {BR} at (145,1040) size 0x0
                  RenderInline {A} at (0,0) size 285x18 [color=#0000EE]
                    RenderText {#text} at (0,1044) size 285x18
                      text run at (0,1044) width 285: "DECLARE GLOBAL TEMPORARY TABLE"
                  RenderText {#text} at (285,1044) size 4x18
                    text run at (285,1044) width 4: " "
                  RenderBR {BR} at (289,1058) size 0x0
                  RenderInline {A} at (0,0) size 58x18 [color=#0000EE]
                    RenderText {#text} at (0,1062) size 58x18
                      text run at (0,1062) width 58: "DELETE"
                  RenderText {#text} at (58,1062) size 4x18
                    text run at (58,1062) width 4: " "
                  RenderBR {BR} at (62,1076) size 0x0
                  RenderInline {A} at (0,0) size 77x18 [color=#0000EE]
                    RenderText {#text} at (0,1080) size 77x18
                      text run at (0,1080) width 77: "DESCRIBE"
                  RenderText {#text} at (77,1080) size 4x18
                    text run at (77,1080) width 4: " "
                  RenderBR {BR} at (81,1094) size 0x0
                  RenderInline {A} at (0,0) size 100x18 [color=#0000EE]
                    RenderText {#text} at (0,1098) size 100x18
                      text run at (0,1098) width 100: "DISCONNECT"
                  RenderText {#text} at (100,1098) size 4x18
                    text run at (100,1098) width 4: " "
                  RenderBR {BR} at (104,1112) size 0x0
                  RenderInline {A} at (0,0) size 44x18 [color=#0000EE]
                    RenderText {#text} at (0,1116) size 44x18
                      text run at (0,1116) width 44: "DROP"
                  RenderText {#text} at (44,1116) size 4x18
                    text run at (44,1116) width 4: " "
                  RenderBR {BR} at (48,1130) size 0x0
                  RenderInline {A} at (0,0) size 178x18 [color=#0000EE]
                    RenderText {#text} at (0,1134) size 178x18
                      text run at (0,1134) width 178: "END DECLARE SECTION"
                  RenderText {#text} at (178,1134) size 4x18
                    text run at (178,1134) width 4: " "
                  RenderBR {BR} at (182,1148) size 0x0
                  RenderInline {A} at (0,0) size 71x18 [color=#0000EE]
                    RenderText {#text} at (0,1152) size 71x18
                      text run at (0,1152) width 71: "EXECUTE"
                  RenderText {#text} at (71,1152) size 4x18
                    text run at (71,1152) width 4: " "
                  RenderBR {BR} at (75,1166) size 0x0
                  RenderInline {A} at (0,0) size 158x18 [color=#0000EE]
                    RenderText {#text} at (0,1170) size 158x18
                      text run at (0,1170) width 158: "EXECUTE IMMEDIATE"
                  RenderText {#text} at (158,1170) size 4x18
                    text run at (158,1170) width 4: " "
                  RenderBR {BR} at (162,1184) size 0x0
                  RenderInline {A} at (0,0) size 63x18 [color=#0000EE]
                    RenderText {#text} at (0,1188) size 63x18
                      text run at (0,1188) width 63: "EXPLAIN"
                  RenderText {#text} at (63,1188) size 4x18
                    text run at (63,1188) width 4: " "
                  RenderBR {BR} at (67,1202) size 0x0
                  RenderInline {A} at (0,0) size 50x18 [color=#0000EE]
                    RenderText {#text} at (0,1206) size 50x18
                      text run at (0,1206) width 50: "FETCH"
                  RenderText {#text} at (50,1206) size 4x18
                    text run at (50,1206) width 4: " "
                  RenderBR {BR} at (54,1220) size 0x0
                  RenderInline {A} at (0,0) size 179x18 [color=#0000EE]
                    RenderText {#text} at (0,1224) size 179x18
                      text run at (0,1224) width 179: "FLUSH EVENT MONITOR"
                  RenderText {#text} at (179,1224) size 4x18
                    text run at (179,1224) width 4: " "
                  RenderBR {BR} at (183,1238) size 0x0
                  RenderInline {A} at (0,0) size 116x18 [color=#0000EE]
                    RenderText {#text} at (0,1242) size 116x18
                      text run at (0,1242) width 116: "FREE LOCATOR"
                  RenderText {#text} at (116,1242) size 4x18
                    text run at (116,1242) width 4: " "
                  RenderBR {BR} at (120,1256) size 0x0
                  RenderInline {A} at (0,0) size 204x18 [color=#0000EE]
                    RenderText {#text} at (0,1260) size 204x18
                      text run at (0,1260) width 204: "GRANT (Database Authorities)"
                  RenderText {#text} at (204,1260) size 4x18
                    text run at (204,1260) width 4: " "
                  RenderBR {BR} at (208,1274) size 0x0
                  RenderInline {A} at (0,0) size 171x18 [color=#0000EE]
                    RenderText {#text} at (0,1278) size 171x18
                      text run at (0,1278) width 171: "GRANT (Index Privileges)"
                  RenderText {#text} at (171,1278) size 4x18
                    text run at (171,1278) width 4: " "
                  RenderBR {BR} at (175,1292) size 0x0
                  RenderInline {A} at (0,0) size 193x18 [color=#0000EE]
                    RenderText {#text} at (0,1296) size 193x18
                      text run at (0,1296) width 193: "GRANT (Package Privileges)"
                  RenderText {#text} at (193,1296) size 4x18
                    text run at (193,1296) width 4: " "
                  RenderBR {BR} at (197,1310) size 0x0
                  RenderInline {A} at (0,0) size 190x18 [color=#0000EE]
                    RenderText {#text} at (0,1314) size 190x18
                      text run at (0,1314) width 190: "GRANT (Schema Privileges)"
                  RenderText {#text} at (190,1314) size 4x18
                    text run at (190,1314) width 4: " "
                  RenderBR {BR} at (194,1328) size 0x0
                  RenderInline {A} at (0,0) size 179x18 [color=#0000EE]
                    RenderText {#text} at (0,1332) size 179x18
                      text run at (0,1332) width 179: "GRANT (Server Privileges)"
                  RenderText {#text} at (179,1332) size 4x18
                    text run at (179,1332) width 4: " "
                  RenderBR {BR} at (183,1346) size 0x0
                  RenderInline {A} at (0,0) size 302x18 [color=#0000EE]
                    RenderText {#text} at (0,1350) size 302x18
                      text run at (0,1350) width 302: "GRANT (Table, View, or Nickname Privileges)"
                  RenderText {#text} at (302,1350) size 4x18
                    text run at (302,1350) width 4: " "
                  RenderBR {BR} at (306,1364) size 0x0
                  RenderInline {A} at (0,0) size 216x18 [color=#0000EE]
                    RenderText {#text} at (0,1368) size 216x18
                      text run at (0,1368) width 216: "GRANT (Table Space Privileges)"
                  RenderText {#text} at (216,1368) size 4x18
                    text run at (216,1368) width 4: " "
                  RenderBR {BR} at (220,1382) size 0x0
                  RenderInline {A} at (0,0) size 66x18 [color=#0000EE]
                    RenderText {#text} at (0,1386) size 66x18
                      text run at (0,1386) width 66: "INCLUDE"
                  RenderText {#text} at (66,1386) size 4x18
                    text run at (66,1386) width 4: " "
                  RenderBR {BR} at (70,1400) size 0x0
                  RenderInline {A} at (0,0) size 55x18 [color=#0000EE]
                    RenderText {#text} at (0,1404) size 55x18
                      text run at (0,1404) width 55: "INSERT"
                  RenderText {#text} at (55,1404) size 4x18
                    text run at (55,1404) width 4: " "
                  RenderBR {BR} at (59,1418) size 0x0
                  RenderInline {A} at (0,0) size 91x18 [color=#0000EE]
                    RenderText {#text} at (0,1422) size 91x18
                      text run at (0,1422) width 91: "LOCK TABLE"
                  RenderText {#text} at (91,1422) size 4x18
                    text run at (91,1422) width 4: " "
                  RenderBR {BR} at (95,1436) size 0x0
                  RenderInline {A} at (0,0) size 43x18 [color=#0000EE]
                    RenderText {#text} at (0,1440) size 43x18
                      text run at (0,1440) width 43: "OPEN"
                  RenderText {#text} at (43,1440) size 4x18
                    text run at (43,1440) width 4: " "
                  RenderBR {BR} at (47,1454) size 0x0
                  RenderInline {A} at (0,0) size 71x18 [color=#0000EE]
                    RenderText {#text} at (0,1458) size 71x18
                      text run at (0,1458) width 71: "PREPARE"
                  RenderText {#text} at (71,1458) size 4x18
                    text run at (71,1458) width 4: " "
                  RenderBR {BR} at (75,1472) size 0x0
                  RenderInline {A} at (0,0) size 122x18 [color=#0000EE]
                    RenderText {#text} at (0,1476) size 122x18
                      text run at (0,1476) width 122: "REFRESH TABLE"
                  RenderText {#text} at (122,1476) size 4x18
                    text run at (122,1476) width 4: " "
                  RenderBR {BR} at (126,1490) size 0x0
                  RenderInline {A} at (0,0) size 157x18 [color=#0000EE]
                    RenderText {#text} at (0,1494) size 157x18
                      text run at (0,1494) width 157: "RELEASE (Connection)"
                  RenderText {#text} at (157,1494) size 4x18
                    text run at (157,1494) width 4: " "
                  RenderBR {BR} at (161,1508) size 0x0
                  RenderInline {A} at (0,0) size 158x18 [color=#0000EE]
                    RenderText {#text} at (0,1512) size 158x18
                      text run at (0,1512) width 158: "RELEASE SAVEPOINT"
                  RenderText {#text} at (158,1512) size 4x18
                    text run at (158,1512) width 4: " "
                  RenderBR {BR} at (162,1526) size 0x0
                  RenderInline {A} at (0,0) size 115x18 [color=#0000EE]
                    RenderText {#text} at (0,1530) size 115x18
                      text run at (0,1530) width 115: "RENAME TABLE"
                  RenderText {#text} at (115,1530) size 4x18
                    text run at (115,1530) width 4: " "
                  RenderBR {BR} at (119,1544) size 0x0
                  RenderInline {A} at (0,0) size 165x18 [color=#0000EE]
                    RenderText {#text} at (0,1548) size 165x18
                      text run at (0,1548) width 165: "RENAME TABLESPACE"
                  RenderText {#text} at (165,1548) size 4x18
                    text run at (165,1548) width 4: " "
                  RenderBR {BR} at (169,1562) size 0x0
                  RenderInline {A} at (0,0) size 214x18 [color=#0000EE]
                    RenderText {#text} at (0,1566) size 214x18
                      text run at (0,1566) width 214: "REVOKE (Database Authorities)"
                  RenderText {#text} at (214,1566) size 4x18
                    text run at (214,1566) width 4: " "
                  RenderBR {BR} at (218,1580) size 0x0
                  RenderInline {A} at (0,0) size 181x18 [color=#0000EE]
                    RenderText {#text} at (0,1584) size 181x18
                      text run at (0,1584) width 181: "REVOKE (Index Privileges)"
                  RenderText {#text} at (181,1584) size 4x18
                    text run at (181,1584) width 4: " "
                  RenderBR {BR} at (185,1598) size 0x0
                  RenderInline {A} at (0,0) size 203x18 [color=#0000EE]
                    RenderText {#text} at (0,1602) size 203x18
                      text run at (0,1602) width 203: "REVOKE (Package Privileges)"
                  RenderText {#text} at (203,1602) size 4x18
                    text run at (203,1602) width 4: " "
                  RenderBR {BR} at (207,1616) size 0x0
                  RenderInline {A} at (0,0) size 200x18 [color=#0000EE]
                    RenderText {#text} at (0,1620) size 200x18
                      text run at (0,1620) width 200: "REVOKE (Schema Privileges)"
                  RenderText {#text} at (200,1620) size 4x18
                    text run at (200,1620) width 4: " "
                  RenderBR {BR} at (204,1634) size 0x0
                  RenderInline {A} at (0,0) size 189x18 [color=#0000EE]
                    RenderText {#text} at (0,1638) size 189x18
                      text run at (0,1638) width 189: "REVOKE (Server Privileges)"
                  RenderText {#text} at (189,1638) size 4x18
                    text run at (189,1638) width 4: " "
                  RenderBR {BR} at (193,1652) size 0x0
                  RenderInline {A} at (0,0) size 312x18 [color=#0000EE]
                    RenderText {#text} at (0,1656) size 312x18
                      text run at (0,1656) width 312: "REVOKE (Table, View, or Nickname Privileges)"
                  RenderText {#text} at (312,1656) size 4x18
                    text run at (312,1656) width 4: " "
                  RenderBR {BR} at (316,1670) size 0x0
                  RenderInline {A} at (0,0) size 226x18 [color=#0000EE]
                    RenderText {#text} at (0,1674) size 226x18
                      text run at (0,1674) width 226: "REVOKE (Table Space Privileges)"
                  RenderText {#text} at (226,1674) size 4x18
                    text run at (226,1674) width 4: " "
                  RenderBR {BR} at (230,1688) size 0x0
                  RenderInline {A} at (0,0) size 80x18 [color=#0000EE]
                    RenderText {#text} at (0,1692) size 80x18
                      text run at (0,1692) width 80: "ROLLBACK"
                  RenderText {#text} at (80,1692) size 4x18
                    text run at (80,1692) width 4: " "
                  RenderBR {BR} at (84,1706) size 0x0
                  RenderInline {A} at (0,0) size 85x18 [color=#0000EE]
                    RenderText {#text} at (0,1710) size 85x18
                      text run at (0,1710) width 85: "SAVEPOINT"
                  RenderText {#text} at (85,1710) size 4x18
                    text run at (85,1710) width 4: " "
                  RenderBR {BR} at (89,1724) size 0x0
                  RenderInline {A} at (0,0) size 58x18 [color=#0000EE]
                    RenderText {#text} at (0,1728) size 58x18
                      text run at (0,1728) width 58: "SELECT"
                  RenderText {#text} at (58,1728) size 4x18
                    text run at (58,1728) width 4: " "
                  RenderBR {BR} at (62,1742) size 0x0
                  RenderInline {A} at (0,0) size 98x18 [color=#0000EE]
                    RenderText {#text} at (0,1746) size 98x18
                      text run at (0,1746) width 98: "SELECT INTO"
                  RenderText {#text} at (98,1746) size 4x18
                    text run at (98,1746) width 4: " "
                  RenderBR {BR} at (102,1760) size 0x0
                  RenderInline {A} at (0,0) size 135x18 [color=#0000EE]
                    RenderText {#text} at (0,1764) size 135x18
                      text run at (0,1764) width 135: "SET CONNECTION"
                  RenderText {#text} at (135,1764) size 4x18
                    text run at (135,1764) width 4: " "
                  RenderBR {BR} at (139,1778) size 0x0
                  RenderInline {A} at (0,0) size 338x18 [color=#0000EE]
                    RenderText {#text} at (0,1782) size 338x18
                      text run at (0,1782) width 338: "SET CURRENT DEFAULT TRANSFORM GROUP"
                  RenderText {#text} at (338,1782) size 4x18
                    text run at (338,1782) width 4: " "
                  RenderBR {BR} at (342,1796) size 0x0
                  RenderInline {A} at (0,0) size 175x18 [color=#0000EE]
                    RenderText {#text} at (0,1800) size 175x18
                      text run at (0,1800) width 175: "SET CURRENT DEGREE"
                  RenderText {#text} at (175,1800) size 4x18
                    text run at (175,1800) width 4: " "
                  RenderBR {BR} at (179,1814) size 0x0
                  RenderInline {A} at (0,0) size 224x18 [color=#0000EE]
                    RenderText {#text} at (0,1818) size 224x18
                      text run at (0,1818) width 224: "SET CURRENT EXPLAIN MODE"
                  RenderText {#text} at (224,1818) size 4x18
                    text run at (224,1818) width 4: " "
                  RenderBR {BR} at (228,1832) size 0x0
                  RenderInline {A} at (0,0) size 261x18 [color=#0000EE]
                    RenderText {#text} at (0,1836) size 261x18
                      text run at (0,1836) width 261: "SET CURRENT EXPLAIN SNAPSHOT"
                  RenderText {#text} at (261,1836) size 4x18
                    text run at (261,1836) width 4: " "
                  RenderBR {BR} at (265,1850) size 0x0
                  RenderInline {A} at (0,0) size 212x18 [color=#0000EE]
                    RenderText {#text} at (0,1854) size 212x18
                      text run at (0,1854) width 212: "SET CURRENT PACKAGESET"
                  RenderText {#text} at (212,1854) size 4x18
                    text run at (212,1854) width 4: " "
                  RenderBR {BR} at (216,1868) size 0x0
                  RenderInline {A} at (0,0) size 275x18 [color=#0000EE]
                    RenderText {#text} at (0,1872) size 275x18
                      text run at (0,1872) width 275: "SET CURRENT QUERY OPTIMIZATION"
                  RenderText {#text} at (275,1872) size 4x18
                    text run at (275,1872) width 4: " "
                  RenderBR {BR} at (279,1886) size 0x0
                  RenderInline {A} at (0,0) size 220x18 [color=#0000EE]
                    RenderText {#text} at (0,1890) size 220x18
                      text run at (0,1890) width 220: "SET CURRENT REFRESH AGE"
                  RenderText {#text} at (220,1890) size 4x18
                    text run at (220,1890) width 4: " "
                  RenderBR {BR} at (224,1904) size 0x0
                  RenderInline {A} at (0,0) size 209x18 [color=#0000EE]
                    RenderText {#text} at (0,1908) size 209x18
                      text run at (0,1908) width 209: "SET EVENT MONITOR STATE"
                  RenderText {#text} at (209,1908) size 4x18
                    text run at (209,1908) width 4: " "
                  RenderBR {BR} at (213,1922) size 0x0
                  RenderInline {A} at (0,0) size 113x18 [color=#0000EE]
                    RenderText {#text} at (0,1926) size 113x18
                      text run at (0,1926) width 113: "SET INTEGRITY"
                  RenderText {#text} at (113,1926) size 4x18
                    text run at (113,1926) width 4: " "
                  RenderBR {BR} at (117,1940) size 0x0
                  RenderInline {A} at (0,0) size 114x18 [color=#0000EE]
                    RenderText {#text} at (0,1944) size 114x18
                      text run at (0,1944) width 114: "SET PASSTHRU"
                  RenderText {#text} at (114,1944) size 4x18
                    text run at (114,1944) width 4: " "
                  RenderBR {BR} at (118,1958) size 0x0
                  RenderInline {A} at (0,0) size 71x18 [color=#0000EE]
                    RenderText {#text} at (0,1962) size 71x18
                      text run at (0,1962) width 71: "SET PATH"
                  RenderText {#text} at (71,1962) size 4x18
                    text run at (71,1962) width 4: " "
                  RenderBR {BR} at (75,1976) size 0x0
                  RenderInline {A} at (0,0) size 98x18 [color=#0000EE]
                    RenderText {#text} at (0,1980) size 98x18
                      text run at (0,1980) width 98: "SET SCHEMA"
                  RenderText {#text} at (98,1980) size 4x18
                    text run at (98,1980) width 4: " "
                  RenderBR {BR} at (102,1994) size 0x0
                  RenderInline {A} at (0,0) size 157x18 [color=#0000EE]
                    RenderText {#text} at (0,1998) size 157x18
                      text run at (0,1998) width 157: "SET SERVER OPTION"
                  RenderText {#text} at (157,1998) size 4x18
                    text run at (157,1998) width 4: " "
                  RenderBR {BR} at (161,2012) size 0x0
                  RenderInline {A} at (0,0) size 148x18 [color=#0000EE]
                    RenderText {#text} at (0,2016) size 148x18
                      text run at (0,2016) width 148: "SET transition-variable"
                  RenderText {#text} at (148,2016) size 4x18
                    text run at (148,2016) width 4: " "
                  RenderBR {BR} at (152,2030) size 0x0
                  RenderInline {A} at (0,0) size 135x18 [color=#0000EE]
                    RenderText {#text} at (0,2034) size 135x18
                      text run at (0,2034) width 135: "SIGNAL SQLSTATE"
                  RenderText {#text} at (135,2034) size 4x18
                    text run at (135,2034) width 4: " "
                  RenderBR {BR} at (139,2048) size 0x0
                  RenderInline {A} at (0,0) size 60x18 [color=#0000EE]
                    RenderText {#text} at (0,2052) size 60x18
                      text run at (0,2052) width 60: "UPDATE"
                  RenderText {#text} at (60,2052) size 4x18
                    text run at (60,2052) width 4: " "
                  RenderBR {BR} at (64,2066) size 0x0
                  RenderInline {A} at (0,0) size 58x18 [color=#0000EE]
                    RenderText {#text} at (0,2070) size 58x18
                      text run at (0,2070) width 58: "VALUES"
                  RenderText {#text} at (58,2070) size 4x18
                    text run at (58,2070) width 4: " "
                  RenderBR {BR} at (62,2084) size 0x0
                  RenderInline {A} at (0,0) size 98x18 [color=#0000EE]
                    RenderText {#text} at (0,2088) size 98x18
                      text run at (0,2088) width 98: "VALUES INTO"
                  RenderText {#text} at (98,2088) size 4x18
                    text run at (98,2088) width 4: " "
                  RenderBR {BR} at (102,2102) size 0x0
                  RenderInline {A} at (0,0) size 87x18 [color=#0000EE]
                    RenderText {#text} at (0,2106) size 87x18
                      text run at (0,2106) width 87: "WHENEVER"
                  RenderText {#text} at (0,0) size 0x0
                RenderBlock {P} at (0,8866) size 758x360
                  RenderInline {B} at (0,0) size 116x18
                    RenderInline {A} at (0,0) size 116x18 [color=#0000EE]
                      RenderText {#text} at (0,0) size 116x18
                        text run at (0,0) width 116: "SQL Procedures"
                  RenderBR {BR} at (116,14) size 0x0
                  RenderBR {BR} at (0,18) size 0x18
                  RenderInline {A} at (0,0) size 173x18 [color=#0000EE]
                    RenderText {#text} at (0,36) size 173x18
                      text run at (0,36) width 173: "SQL Procedure Statement"
                  RenderText {#text} at (173,36) size 4x18
                    text run at (173,36) width 4: " "
                  RenderBR {BR} at (177,50) size 0x0
                  RenderInline {A} at (0,0) size 219x18 [color=#0000EE]
                    RenderText {#text} at (0,54) size 219x18
                      text run at (0,54) width 219: "ALLOCATE CURSOR Statement"
                  RenderText {#text} at (219,54) size 4x18
                    text run at (219,54) width 4: " "
                  RenderBR {BR} at (223,68) size 0x0
                  RenderInline {A} at (0,0) size 150x18 [color=#0000EE]
                    RenderText {#text} at (0,72) size 150x18
                      text run at (0,72) width 150: "Assignment Statement"
                  RenderText {#text} at (150,72) size 4x18
                    text run at (150,72) width 4: " "
                  RenderBR {BR} at (154,86) size 0x0
                  RenderInline {A} at (0,0) size 243x18 [color=#0000EE]
                    RenderText {#text} at (0,90) size 243x18
                      text run at (0,90) width 243: "ASSOCIATE LOCATORS Statement"
                  RenderText {#text} at (243,90) size 4x18
                    text run at (243,90) width 4: " "
                  RenderBR {BR} at (247,104) size 0x0
                  RenderInline {A} at (0,0) size 112x18 [color=#0000EE]
                    RenderText {#text} at (0,108) size 112x18
                      text run at (0,108) width 112: "CASE Statement"
                  RenderText {#text} at (112,108) size 4x18
                    text run at (112,108) width 4: " "
                  RenderBR {BR} at (116,122) size 0x0
                  RenderInline {A} at (0,0) size 143x18 [color=#0000EE]
                    RenderText {#text} at (0,126) size 143x18
                      text run at (0,126) width 143: "Compound Statement"
                  RenderText {#text} at (143,126) size 4x18
                    text run at (143,126) width 4: " "
                  RenderBR {BR} at (147,140) size 0x0
                  RenderInline {A} at (0,0) size 103x18 [color=#0000EE]
                    RenderText {#text} at (0,144) size 103x18
                      text run at (0,144) width 103: "FOR Statement"
                  RenderText {#text} at (103,144) size 4x18
                    text run at (103,144) width 4: " "
                  RenderBR {BR} at (107,158) size 0x0
                  RenderInline {A} at (0,0) size 210x18 [color=#0000EE]
                    RenderText {#text} at (0,162) size 210x18
                      text run at (0,162) width 210: "GET DIAGNOSTICS Statement"
                  RenderText {#text} at (210,162) size 4x18
                    text run at (210,162) width 4: " "
                  RenderBR {BR} at (214,176) size 0x0
                  RenderInline {A} at (0,0) size 116x18 [color=#0000EE]
                    RenderText {#text} at (0,180) size 116x18
                      text run at (0,180) width 116: "GOTO Statement"
                  RenderText {#text} at (116,180) size 4x18
                    text run at (116,180) width 4: " "
                  RenderBR {BR} at (120,194) size 0x0
                  RenderInline {A} at (0,0) size 84x18 [color=#0000EE]
                    RenderText {#text} at (0,198) size 84x18
                      text run at (0,198) width 84: "IF Statement"
                  RenderText {#text} at (84,198) size 4x18
                    text run at (84,198) width 4: " "
                  RenderBR {BR} at (88,212) size 0x0
                  RenderInline {A} at (0,0) size 133x18 [color=#0000EE]
                    RenderText {#text} at (0,216) size 133x18
                      text run at (0,216) width 133: "ITERATE Statement"
                  RenderText {#text} at (133,216) size 4x18
                    text run at (133,216) width 4: " "
                  RenderBR {BR} at (137,230) size 0x0
                  RenderInline {A} at (0,0) size 118x18 [color=#0000EE]
                    RenderText {#text} at (0,234) size 118x18
                      text run at (0,234) width 118: "LEAVE Statement"
                  RenderText {#text} at (118,234) size 4x18
                    text run at (118,234) width 4: " "
                  RenderBR {BR} at (122,248) size 0x0
                  RenderInline {A} at (0,0) size 113x18 [color=#0000EE]
                    RenderText {#text} at (0,252) size 113x18
                      text run at (0,252) width 113: "LOOP Statement"
                  RenderText {#text} at (113,252) size 4x18
                    text run at (113,252) width 4: " "
                  RenderBR {BR} at (117,266) size 0x0
                  RenderInline {A} at (0,0) size 130x18 [color=#0000EE]
                    RenderText {#text} at (0,270) size 130x18
                      text run at (0,270) width 130: "REPEAT Statement"
                  RenderText {#text} at (130,270) size 4x18
                    text run at (130,270) width 4: " "
                  RenderBR {BR} at (134,284) size 0x0
                  RenderInline {A} at (0,0) size 147x18 [color=#0000EE]
                    RenderText {#text} at (0,288) size 147x18
                      text run at (0,288) width 147: "RESIGNAL Statement"
                  RenderText {#text} at (147,288) size 4x18
                    text run at (147,288) width 4: " "
                  RenderBR {BR} at (151,302) size 0x0
                  RenderInline {A} at (0,0) size 134x18 [color=#0000EE]
                    RenderText {#text} at (0,306) size 134x18
                      text run at (0,306) width 134: "RETURN Statement"
                  RenderText {#text} at (134,306) size 4x18
                    text run at (134,306) width 4: " "
                  RenderBR {BR} at (138,320) size 0x0
                  RenderInline {A} at (0,0) size 126x18 [color=#0000EE]
                    RenderText {#text} at (0,324) size 126x18
                      text run at (0,324) width 126: "SIGNAL Statement"
                  RenderText {#text} at (126,324) size 4x18
                    text run at (126,324) width 4: " "
                  RenderBR {BR} at (130,338) size 0x0
                  RenderInline {A} at (0,0) size 118x18 [color=#0000EE]
                    RenderText {#text} at (0,342) size 118x18
                      text run at (0,342) width 118: "WHILE Statement"
                  RenderText {#text} at (0,0) size 0x0
                RenderBlock {P} at (0,9241) size 758x18
                  RenderInline {B} at (0,0) size 168x18
                    RenderInline {A} at (0,0) size 168x18 [color=#0000EE]
                      RenderText {#text} at (0,0) size 168x18
                        text run at (0,0) width 168: "Appendix A. SQL Limits"
                  RenderBR {BR} at (168,14) size 0x0
                RenderBlock {P} at (0,9274) size 758x108
                  RenderInline {B} at (0,0) size 311x18
                    RenderInline {A} at (0,0) size 311x18 [color=#0000EE]
                      RenderText {#text} at (0,0) size 311x18
                        text run at (0,0) width 311: "Appendix B. SQL Communications (SQLCA)"
                  RenderBR {BR} at (311,14) size 0x0
                  RenderBR {BR} at (0,18) size 0x18
                  RenderInline {A} at (0,0) size 213x18 [color=#0000EE]
                    RenderText {#text} at (0,36) size 213x18
                      text run at (0,36) width 213: "Viewing the SQLCA Interactively"
                  RenderText {#text} at (213,36) size 4x18
                    text run at (213,36) width 4: " "
                  RenderBR {BR} at (217,50) size 0x0
                  RenderInline {A} at (0,0) size 172x18 [color=#0000EE]
                    RenderText {#text} at (0,54) size 172x18
                      text run at (0,54) width 172: "SQLCA Field Descriptions"
                  RenderText {#text} at (172,54) size 4x18
                    text run at (172,54) width 4: " "
                  RenderBR {BR} at (176,68) size 0x0
                  RenderInline {A} at (0,0) size 158x18 [color=#0000EE]
                    RenderText {#text} at (0,72) size 158x18
                      text run at (0,72) width 158: "Order of Error Reporting"
                  RenderText {#text} at (158,72) size 4x18
                    text run at (158,72) width 4: " "
                  RenderBR {BR} at (162,86) size 0x0
                  RenderInline {A} at (0,0) size 365x18 [color=#0000EE]
                    RenderText {#text} at (0,90) size 365x18
                      text run at (0,90) width 365: "DB2 Enterprise - Extended Edition Usage of the SQLCA"
                  RenderText {#text} at (0,0) size 0x0
                RenderBlock {P} at (0,9397) size 758x198
                  RenderInline {B} at (0,0) size 303x18
                    RenderInline {A} at (0,0) size 303x18 [color=#0000EE]
                      RenderText {#text} at (0,0) size 303x18
                        text run at (0,0) width 303: "Appendix C. SQL Descriptor Area (SQLDA)"
                  RenderBR {BR} at (303,14) size 0x0
                  RenderBR {BR} at (0,18) size 0x18
                  RenderInline {A} at (0,0) size 117x18 [color=#0000EE]
                    RenderText {#text} at (0,36) size 117x18
                      text run at (0,36) width 117: "Field Descriptions"
                  RenderText {#text} at (117,36) size 4x18
                    text run at (117,36) width 4: " "
                  RenderBR {BR} at (121,50) size 0x0
                  RenderInline {A} at (0,0) size 185x18 [color=#0000EE]
                    RenderText {#text} at (0,54) size 185x18
                      text run at (0,54) width 185: "Fields in the SQLDA Header"
                  RenderText {#text} at (185,54) size 4x18
                    text run at (185,54) width 4: " "
                  RenderBR {BR} at (189,68) size 0x0
                  RenderInline {A} at (0,0) size 285x18 [color=#0000EE]
                    RenderText {#text} at (0,72) size 285x18
                      text run at (0,72) width 285: "Fields in an Occurrence of a Base SQLVAR"
                  RenderText {#text} at (285,72) size 4x18
                    text run at (285,72) width 4: " "
                  RenderBR {BR} at (289,86) size 0x0
                  RenderInline {A} at (0,0) size 322x18 [color=#0000EE]
                    RenderText {#text} at (0,90) size 322x18
                      text run at (0,90) width 322: "Fields in an Occurrence of a Secondary SQLVAR"
                  RenderText {#text} at (322,90) size 4x18
                    text run at (322,90) width 4: " "
                  RenderBR {BR} at (326,104) size 0x0
                  RenderInline {A} at (0,0) size 234x18 [color=#0000EE]
                    RenderText {#text} at (0,108) size 234x18
                      text run at (0,108) width 234: "Effect of DESCRIBE on the SQLDA"
                  RenderText {#text} at (234,108) size 4x18
                    text run at (234,108) width 4: " "
                  RenderBR {BR} at (238,122) size 0x0
                  RenderInline {A} at (0,0) size 159x18 [color=#0000EE]
                    RenderText {#text} at (0,126) size 159x18
                      text run at (0,126) width 159: "SQLTYPE and SQLLEN"
                  RenderText {#text} at (159,126) size 4x18
                    text run at (159,126) width 4: " "
                  RenderBR {BR} at (163,140) size 0x0
                  RenderInline {A} at (0,0) size 289x18 [color=#0000EE]
                    RenderText {#text} at (0,144) size 289x18
                      text run at (0,144) width 289: "Unrecognized and Unsupported SQLTYPES"
                  RenderText {#text} at (289,144) size 4x18
                    text run at (289,144) width 4: " "
                  RenderBR {BR} at (293,158) size 0x0
                  RenderInline {A} at (0,0) size 173x18 [color=#0000EE]
                    RenderText {#text} at (0,162) size 173x18
                      text run at (0,162) width 173: "Packed Decimal Numbers"
                  RenderText {#text} at (173,162) size 4x18
                    text run at (173,162) width 4: " "
                  RenderBR {BR} at (177,176) size 0x0
                  RenderInline {A} at (0,0) size 173x18 [color=#0000EE]
                    RenderText {#text} at (0,180) size 173x18
                      text run at (0,180) width 173: "SQLLEN Field for Decimal"
                  RenderText {#text} at (0,0) size 0x0
                RenderBlock {P} at (0,9610) size 758x1314
                  RenderInline {B} at (0,0) size 190x18
                    RenderInline {A} at (0,0) size 190x18 [color=#0000EE]
                      RenderText {#text} at (0,0) size 190x18
                        text run at (0,0) width 190: "Appendix D. Catalog Views"
                  RenderBR {BR} at (190,14) size 0x0
                  RenderBR {BR} at (0,18) size 0x18
                  RenderInline {A} at (0,0) size 164x18 [color=#0000EE]
                    RenderText {#text} at (0,36) size 164x18
                      text run at (0,36) width 164: "Updatable Catalog Views"
                  RenderText {#text} at (164,36) size 4x18
                    text run at (164,36) width 4: " "
                  RenderBR {BR} at (168,50) size 0x0
                  RenderInline {A} at (0,0) size 184x18 [color=#0000EE]
                    RenderText {#text} at (0,54) size 184x18
                      text run at (0,54) width 184: "'Roadmap' to Catalog Views"
                  RenderText {#text} at (184,54) size 4x18
                    text run at (184,54) width 4: " "
                  RenderBR {BR} at (188,68) size 0x0
                  RenderInline {A} at (0,0) size 254x18 [color=#0000EE]
                    RenderText {#text} at (0,72) size 254x18
                      text run at (0,72) width 254: "'Roadmap' to Updatable Catalog Views"
                  RenderText {#text} at (254,72) size 4x18
                    text run at (254,72) width 4: " "
                  RenderBR {BR} at (258,86) size 0x0
                  RenderInline {A} at (0,0) size 157x18 [color=#0000EE]
                    RenderText {#text} at (0,90) size 157x18
                      text run at (0,90) width 157: "SYSIBM.SYSDUMMY1"
                  RenderText {#text} at (157,90) size 4x18
                    text run at (157,90) width 4: " "
                  RenderBR {BR} at (161,104) size 0x0
                  RenderInline {A} at (0,0) size 154x18 [color=#0000EE]
                    RenderText {#text} at (0,108) size 154x18
                      text run at (0,108) width 154: "SYSCAT.ATTRIBUTES"
                  RenderText {#text} at (154,108) size 4x18
                    text run at (154,108) width 4: " "
                  RenderBR {BR} at (158,122) size 0x0
                  RenderInline {A} at (0,0) size 218x18 [color=#0000EE]
                    RenderText {#text} at (0,126) size 218x18
                      text run at (0,126) width 218: "SYSCAT.BUFFERPOOLNODES"
                  RenderText {#text} at (218,126) size 4x18
                    text run at (218,126) width 4: " "
                  RenderBR {BR} at (222,140) size 0x0
                  RenderInline {A} at (0,0) size 174x18 [color=#0000EE]
                    RenderText {#text} at (0,144) size 174x18
                      text run at (0,144) width 174: "SYSCAT.BUFFERPOOLS"
                  RenderText {#text} at (174,144) size 4x18
                    text run at (174,144) width 4: " "
                  RenderBR {BR} at (178,158) size 0x0
                  RenderInline {A} at (0,0) size 190x18 [color=#0000EE]
                    RenderText {#text} at (0,162) size 190x18
                      text run at (0,162) width 190: "SYSCAT.CASTFUNCTIONS"
                  RenderText {#text} at (190,162) size 4x18
                    text run at (190,162) width 4: " "
                  RenderBR {BR} at (194,176) size 0x0
                  RenderInline {A} at (0,0) size 125x18 [color=#0000EE]
                    RenderText {#text} at (0,180) size 125x18
                      text run at (0,180) width 125: "SYSCAT.CHECKS"
                  RenderText {#text} at (125,180) size 4x18
                    text run at (125,180) width 4: " "
                  RenderBR {BR} at (129,194) size 0x0
                  RenderInline {A} at (0,0) size 134x18 [color=#0000EE]
                    RenderText {#text} at (0,198) size 134x18
                      text run at (0,198) width 134: "SYSCAT.COLAUTH"
                  RenderText {#text} at (134,198) size 4x18
                    text run at (134,198) width 4: " "
                  RenderBR {BR} at (138,212) size 0x0
                  RenderInline {A} at (0,0) size 156x18 [color=#0000EE]
                    RenderText {#text} at (0,216) size 156x18
                      text run at (0,216) width 156: "SYSCAT.COLCHECKS"
                  RenderText {#text} at (156,216) size 4x18
                    text run at (156,216) width 4: " "
                  RenderBR {BR} at (160,230) size 0x0
                  RenderInline {A} at (0,0) size 127x18 [color=#0000EE]
                    RenderText {#text} at (0,234) size 127x18
                      text run at (0,234) width 127: "SYSCAT.COLDIST"
                  RenderText {#text} at (127,234) size 4x18
                    text run at (127,234) width 4: " "
                  RenderBR {BR} at (131,248) size 0x0
                  RenderInline {A} at (0,0) size 161x18 [color=#0000EE]
                    RenderText {#text} at (0,252) size 161x18
                      text run at (0,252) width 161: "SYSCAT.COLOPTIONS"
                  RenderText {#text} at (161,252) size 4x18
                    text run at (161,252) width 4: " "
                  RenderBR {BR} at (165,266) size 0x0
                  RenderInline {A} at (0,0) size 138x18 [color=#0000EE]
                    RenderText {#text} at (0,270) size 138x18
                      text run at (0,270) width 138: "SYSCAT.COLUMNS"
                  RenderText {#text} at (138,270) size 4x18
                    text run at (138,270) width 4: " "
                  RenderBR {BR} at (142,284) size 0x0
                  RenderInline {A} at (0,0) size 146x18 [color=#0000EE]
                    RenderText {#text} at (0,288) size 146x18
                      text run at (0,288) width 146: "SYSCAT.CONSTDEP"
                  RenderText {#text} at (146,288) size 4x18
                    text run at (146,288) width 4: " "
                  RenderBR {BR} at (150,302) size 0x0
                  RenderInline {A} at (0,0) size 148x18 [color=#0000EE]
                    RenderText {#text} at (0,306) size 148x18
                      text run at (0,306) width 148: "SYSCAT.DATATYPES"
                  RenderText {#text} at (148,306) size 4x18
                    text run at (148,306) width 4: " "
                  RenderBR {BR} at (152,320) size 0x0
                  RenderInline {A} at (0,0) size 124x18 [color=#0000EE]
                    RenderText {#text} at (0,324) size 124x18
                      text run at (0,324) width 124: "SYSCAT.DBAUTH"
                  RenderText {#text} at (124,324) size 4x18
                    text run at (124,324) width 4: " "
                  RenderBR {BR} at (128,338) size 0x0
                  RenderInline {A} at (0,0) size 194x18 [color=#0000EE]
                    RenderText {#text} at (0,342) size 194x18
                      text run at (0,342) width 194: "SYSCAT.EVENTMONITORS"
                  RenderText {#text} at (194,342) size 4x18
                    text run at (194,342) width 4: " "
                  RenderBR {BR} at (198,356) size 0x0
                  RenderInline {A} at (0,0) size 122x18 [color=#0000EE]
                    RenderText {#text} at (0,360) size 122x18
                      text run at (0,360) width 122: "SYSCAT.EVENTS"
                  RenderText {#text} at (122,360) size 4x18
                    text run at (122,360) width 4: " "
                  RenderBR {BR} at (126,374) size 0x0
                  RenderInline {A} at (0,0) size 201x18 [color=#0000EE]
                    RenderText {#text} at (0,378) size 201x18
                      text run at (0,378) width 201: "SYSCAT.FULLHIERARCHIES"
                  RenderText {#text} at (201,378) size 4x18
                    text run at (201,378) width 4: " "
                  RenderBR {BR} at (205,392) size 0x0
                  RenderInline {A} at (0,0) size 135x18 [color=#0000EE]
                    RenderText {#text} at (0,396) size 135x18
                      text run at (0,396) width 135: "SYSCAT.FUNCDEP"
                  RenderText {#text} at (135,396) size 4x18
                    text run at (135,396) width 4: " "
                  RenderBR {BR} at (139,410) size 0x0
                  RenderInline {A} at (0,0) size 205x18 [color=#0000EE]
                    RenderText {#text} at (0,414) size 205x18
                      text run at (0,414) width 205: "SYSCAT.FUNCMAPOPTIONS"
                  RenderText {#text} at (205,414) size 4x18
                    text run at (205,414) width 4: " "
                  RenderBR {BR} at (209,428) size 0x0
                  RenderInline {A} at (0,0) size 248x18 [color=#0000EE]
                    RenderText {#text} at (0,432) size 248x18
                      text run at (0,432) width 248: "SYSCAT.FUNCMAPPARMOPTIONS"
                  RenderText {#text} at (248,432) size 4x18
                    text run at (248,432) width 4: " "
                  RenderBR {BR} at (252,446) size 0x0
                  RenderInline {A} at (0,0) size 184x18 [color=#0000EE]
                    RenderText {#text} at (0,450) size 184x18
                      text run at (0,450) width 184: "SYSCAT.FUNCMAPPINGS"
                  RenderText {#text} at (184,450) size 4x18
                    text run at (184,450) width 4: " "
                  RenderBR {BR} at (188,464) size 0x0
                  RenderInline {A} at (0,0) size 157x18 [color=#0000EE]
                    RenderText {#text} at (0,468) size 157x18
                      text run at (0,468) width 157: "SYSCAT.FUNCPARMS"
                  RenderText {#text} at (157,468) size 4x18
                    text run at (157,468) width 4: " "
                  RenderBR {BR} at (161,482) size 0x0
                  RenderInline {A} at (0,0) size 150x18 [color=#0000EE]
                    RenderText {#text} at (0,486) size 150x18
                      text run at (0,486) width 150: "SYSCAT.FUNCTIONS"
                  RenderText {#text} at (150,486) size 4x18
                    text run at (150,486) width 4: " "
                  RenderBR {BR} at (154,500) size 0x0
                  RenderInline {A} at (0,0) size 165x18 [color=#0000EE]
                    RenderText {#text} at (0,504) size 165x18
                      text run at (0,504) width 165: "SYSCAT.HIERARCHIES"
                  RenderText {#text} at (165,504) size 4x18
                    text run at (165,504) width 4: " "
                  RenderBR {BR} at (169,518) size 0x0
                  RenderInline {A} at (0,0) size 149x18 [color=#0000EE]
                    RenderText {#text} at (0,522) size 149x18
                      text run at (0,522) width 149: "SYSCAT.INDEXAUTH"
                  RenderText {#text} at (149,522) size 4x18
                    text run at (149,522) width 4: " "
                  RenderBR {BR} at (153,536) size 0x0
                  RenderInline {A} at (0,0) size 170x18 [color=#0000EE]
                    RenderText {#text} at (0,540) size 170x18
                      text run at (0,540) width 170: "SYSCAT.INDEXCOLUSE"
                  RenderText {#text} at (170,540) size 4x18
                    text run at (170,540) width 4: " "
                  RenderBR {BR} at (174,554) size 0x0
                  RenderInline {A} at (0,0) size 139x18 [color=#0000EE]
                    RenderText {#text} at (0,558) size 139x18
                      text run at (0,558) width 139: "SYSCAT.INDEXDEP"
                  RenderText {#text} at (139,558) size 4x18
                    text run at (139,558) width 4: " "
                  RenderBR {BR} at (143,572) size 0x0
                  RenderInline {A} at (0,0) size 128x18 [color=#0000EE]
                    RenderText {#text} at (0,576) size 128x18
                      text run at (0,576) width 128: "SYSCAT.INDEXES"
                  RenderText {#text} at (128,576) size 4x18
                    text run at (128,576) width 4: " "
                  RenderBR {BR} at (132,590) size 0x0
                  RenderInline {A} at (0,0) size 176x18 [color=#0000EE]
                    RenderText {#text} at (0,594) size 176x18
                      text run at (0,594) width 176: "SYSCAT.INDEXOPTIONS"
                  RenderText {#text} at (176,594) size 4x18
                    text run at (176,594) width 4: " "
                  RenderBR {BR} at (180,608) size 0x0
                  RenderInline {A} at (0,0) size 154x18 [color=#0000EE]
                    RenderText {#text} at (0,612) size 154x18
                      text run at (0,612) width 154: "SYSCAT.KEYCOLUSE"
                  RenderText {#text} at (154,612) size 4x18
                    text run at (154,612) width 4: " "
                  RenderBR {BR} at (158,626) size 0x0
                  RenderInline {A} at (0,0) size 186x18 [color=#0000EE]
                    RenderText {#text} at (0,630) size 186x18
                      text run at (0,630) width 186: "SYSCAT.NAMEMAPPINGS"
                  RenderText {#text} at (186,630) size 4x18
                    text run at (186,630) width 4: " "
                  RenderBR {BR} at (190,644) size 0x0
                  RenderInline {A} at (0,0) size 192x18 [color=#0000EE]
                    RenderText {#text} at (0,648) size 192x18
                      text run at (0,648) width 192: "SYSCAT.NODEGROUPDEF"
                  RenderText {#text} at (192,648) size 4x18
                    text run at (192,648) width 4: " "
                  RenderBR {BR} at (196,662) size 0x0
                  RenderInline {A} at (0,0) size 172x18 [color=#0000EE]
                    RenderText {#text} at (0,666) size 172x18
                      text run at (0,666) width 172: "SYSCAT.NODEGROUPS"
                  RenderText {#text} at (172,666) size 4x18
                    text run at (172,666) width 4: " "
                  RenderBR {BR} at (176,680) size 0x0
                  RenderInline {A} at (0,0) size 175x18 [color=#0000EE]
                    RenderText {#text} at (0,684) size 175x18
                      text run at (0,684) width 175: "SYSCAT.PACKAGEAUTH"
                  RenderText {#text} at (175,684) size 4x18
                    text run at (175,684) width 4: " "
                  RenderBR {BR} at (179,698) size 0x0
                  RenderInline {A} at (0,0) size 165x18 [color=#0000EE]
                    RenderText {#text} at (0,702) size 165x18
                      text run at (0,702) width 165: "SYSCAT.PACKAGEDEP"
                  RenderText {#text} at (165,702) size 4x18
                    text run at (165,702) width 4: " "
                  RenderBR {BR} at (169,716) size 0x0
                  RenderInline {A} at (0,0) size 144x18 [color=#0000EE]
                    RenderText {#text} at (0,720) size 144x18
                      text run at (0,720) width 144: "SYSCAT.PACKAGES"
                  RenderText {#text} at (144,720) size 4x18
                    text run at (144,720) width 4: " "
                  RenderBR {BR} at (148,734) size 0x0
                  RenderInline {A} at (0,0) size 184x18 [color=#0000EE]
                    RenderText {#text} at (0,738) size 184x18
                      text run at (0,738) width 184: "SYSCAT.PARTITIONMAPS"
                  RenderText {#text} at (184,738) size 4x18
                    text run at (184,738) width 4: " "
                  RenderBR {BR} at (188,752) size 0x0
                  RenderInline {A} at (0,0) size 184x18 [color=#0000EE]
                    RenderText {#text} at (0,756) size 184x18
                      text run at (0,756) width 184: "SYSCAT.PASSTHRUAUTH"
                  RenderText {#text} at (184,756) size 4x18
                    text run at (184,756) width 4: " "
                  RenderBR {BR} at (188,770) size 0x0
                  RenderInline {A} at (0,0) size 169x18 [color=#0000EE]
                    RenderText {#text} at (0,774) size 169x18
                      text run at (0,774) width 169: "SYSCAT.PROCEDURES"
                  RenderText {#text} at (169,774) size 4x18
                    text run at (169,774) width 4: " "
                  RenderBR {BR} at (173,788) size 0x0
                  RenderInline {A} at (0,0) size 174x18 [color=#0000EE]
                    RenderText {#text} at (0,792) size 174x18
                      text run at (0,792) width 174: "SYSCAT.PROCOPTIONS"
                  RenderText {#text} at (174,792) size 4x18
                    text run at (174,792) width 4: " "
                  RenderBR {BR} at (178,806) size 0x0
                  RenderInline {A} at (0,0) size 217x18 [color=#0000EE]
                    RenderText {#text} at (0,810) size 217x18
                      text run at (0,810) width 217: "SYSCAT.PROCPARMOPTIONS"
                  RenderText {#text} at (217,810) size 4x18
                    text run at (217,810) width 4: " "
                  RenderBR {BR} at (221,824) size 0x0
                  RenderInline {A} at (0,0) size 159x18 [color=#0000EE]
                    RenderText {#text} at (0,828) size 159x18
                      text run at (0,828) width 159: "SYSCAT.PROCPARMS"
                  RenderText {#text} at (159,828) size 4x18
                    text run at (159,828) width 4: " "
                  RenderBR {BR} at (163,842) size 0x0
                  RenderInline {A} at (0,0) size 165x18 [color=#0000EE]
                    RenderText {#text} at (0,846) size 165x18
                      text run at (0,846) width 165: "SYSCAT.REFERENCES"
                  RenderText {#text} at (165,846) size 4x18
                    text run at (165,846) width 4: " "
                  RenderBR {BR} at (169,860) size 0x0
                  RenderInline {A} at (0,0) size 212x18 [color=#0000EE]
                    RenderText {#text} at (0,864) size 212x18
                      text run at (0,864) width 212: "SYSCAT.REVTYPEMAPPINGS"
                  RenderText {#text} at (212,864) size 4x18
                    text run at (212,864) width 4: " "
                  RenderBR {BR} at (216,878) size 0x0
                  RenderInline {A} at (0,0) size 168x18 [color=#0000EE]
                    RenderText {#text} at (0,882) size 168x18
                      text run at (0,882) width 168: "SYSCAT.SCHEMAAUTH"
                  RenderText {#text} at (168,882) size 4x18
                    text run at (168,882) width 4: " "
                  RenderBR {BR} at (172,896) size 0x0
                  RenderInline {A} at (0,0) size 144x18 [color=#0000EE]
                    RenderText {#text} at (0,900) size 144x18
                      text run at (0,900) width 144: "SYSCAT.SCHEMATA"
                  RenderText {#text} at (144,900) size 4x18
                    text run at (144,900) width 4: " "
                  RenderBR {BR} at (148,914) size 0x0
                  RenderInline {A} at (0,0) size 192x18 [color=#0000EE]
                    RenderText {#text} at (0,918) size 192x18
                      text run at (0,918) width 192: "SYSCAT.SERVEROPTIONS"
                  RenderText {#text} at (192,918) size 4x18
                    text run at (192,918) width 4: " "
                  RenderBR {BR} at (196,932) size 0x0
                  RenderInline {A} at (0,0) size 134x18 [color=#0000EE]
                    RenderText {#text} at (0,936) size 134x18
                      text run at (0,936) width 134: "SYSCAT.SERVERS"
                  RenderText {#text} at (134,936) size 4x18
                    text run at (134,936) width 4: " "
                  RenderBR {BR} at (138,950) size 0x0
                  RenderInline {A} at (0,0) size 161x18 [color=#0000EE]
                    RenderText {#text} at (0,954) size 161x18
                      text run at (0,954) width 161: "SYSCAT.STATEMENTS"
                  RenderText {#text} at (161,954) size 4x18
                    text run at (161,954) width 4: " "
                  RenderBR {BR} at (165,968) size 0x0
                  RenderInline {A} at (0,0) size 131x18 [color=#0000EE]
                    RenderText {#text} at (0,972) size 131x18
                      text run at (0,972) width 131: "SYSCAT.TABAUTH"
                  RenderText {#text} at (131,972) size 4x18
                    text run at (131,972) width 4: " "
                  RenderBR {BR} at (135,986) size 0x0
                  RenderInline {A} at (0,0) size 143x18 [color=#0000EE]
                    RenderText {#text} at (0,990) size 143x18
                      text run at (0,990) width 143: "SYSCAT.TABCONST"
                  RenderText {#text} at (143,990) size 4x18
                    text run at (143,990) width 4: " "
                  RenderBR {BR} at (147,1004) size 0x0
                  RenderInline {A} at (0,0) size 118x18 [color=#0000EE]
                    RenderText {#text} at (0,1008) size 118x18
                      text run at (0,1008) width 118: "SYSCAT.TABLES"
                  RenderText {#text} at (118,1008) size 4x18
                    text run at (118,1008) width 4: " "
                  RenderBR {BR} at (122,1022) size 0x0
                  RenderInline {A} at (0,0) size 168x18 [color=#0000EE]
                    RenderText {#text} at (0,1026) size 168x18
                      text run at (0,1026) width 168: "SYSCAT.TABLESPACES"
                  RenderText {#text} at (168,1026) size 4x18
                    text run at (168,1026) width 4: " "
                  RenderBR {BR} at (172,1040) size 0x0
                  RenderInline {A} at (0,0) size 158x18 [color=#0000EE]
                    RenderText {#text} at (0,1044) size 158x18
                      text run at (0,1044) width 158: "SYSCAT.TABOPTIONS"
                  RenderText {#text} at (158,1044) size 4x18
                    text run at (158,1044) width 4: " "
                  RenderBR {BR} at (162,1058) size 0x0
                  RenderInline {A} at (0,0) size 172x18 [color=#0000EE]
                    RenderText {#text} at (0,1062) size 172x18
                      text run at (0,1062) width 172: "SYSCAT.TBSPACEAUTH"
                  RenderText {#text} at (172,1062) size 4x18
                    text run at (172,1062) width 4: " "
                  RenderBR {BR} at (176,1076) size 0x0
                  RenderInline {A} at (0,0) size 129x18 [color=#0000EE]
                    RenderText {#text} at (0,1080) size 129x18
                      text run at (0,1080) width 129: "SYSCAT.TRIGDEP"
                  RenderText {#text} at (129,1080) size 4x18
                    text run at (129,1080) width 4: " "
                  RenderBR {BR} at (133,1094) size 0x0
                  RenderInline {A} at (0,0) size 141x18 [color=#0000EE]
                    RenderText {#text} at (0,1098) size 141x18
                      text run at (0,1098) width 141: "SYSCAT.TRIGGERS"
                  RenderText {#text} at (141,1098) size 4x18
                    text run at (141,1098) width 4: " "
                  RenderBR {BR} at (145,1112) size 0x0
                  RenderInline {A} at (0,0) size 181x18 [color=#0000EE]
                    RenderText {#text} at (0,1116) size 181x18
                      text run at (0,1116) width 181: "SYSCAT.TYPEMAPPINGS"
                  RenderText {#text} at (181,1116) size 4x18
                    text run at (181,1116) width 4: " "
                  RenderBR {BR} at (185,1130) size 0x0
                  RenderInline {A} at (0,0) size 172x18 [color=#0000EE]
                    RenderText {#text} at (0,1134) size 172x18
                      text run at (0,1134) width 172: "SYSCAT.USEROPTIONS"
                  RenderText {#text} at (172,1134) size 4x18
                    text run at (172,1134) width 4: " "
                  RenderBR {BR} at (176,1148) size 0x0
                  RenderInline {A} at (0,0) size 131x18 [color=#0000EE]
                    RenderText {#text} at (0,1152) size 131x18
                      text run at (0,1152) width 131: "SYSCAT.VIEWDEP"
                  RenderText {#text} at (131,1152) size 4x18
                    text run at (131,1152) width 4: " "
                  RenderBR {BR} at (135,1166) size 0x0
                  RenderInline {A} at (0,0) size 110x18 [color=#0000EE]
                    RenderText {#text} at (0,1170) size 110x18
                      text run at (0,1170) width 110: "SYSCAT.VIEWS"
                  RenderText {#text} at (110,1170) size 4x18
                    text run at (110,1170) width 4: " "
                  RenderBR {BR} at (114,1184) size 0x0
                  RenderInline {A} at (0,0) size 175x18 [color=#0000EE]
                    RenderText {#text} at (0,1188) size 175x18
                      text run at (0,1188) width 175: "SYSCAT.WRAPOPTIONS"
                  RenderText {#text} at (175,1188) size 4x18
                    text run at (175,1188) width 4: " "
                  RenderBR {BR} at (179,1202) size 0x0
                  RenderInline {A} at (0,0) size 148x18 [color=#0000EE]
                    RenderText {#text} at (0,1206) size 148x18
                      text run at (0,1206) width 148: "SYSCAT.WRAPPERS"
                  RenderText {#text} at (148,1206) size 4x18
                    text run at (148,1206) width 4: " "
                  RenderBR {BR} at (152,1220) size 0x0
                  RenderInline {A} at (0,0) size 134x18 [color=#0000EE]
                    RenderText {#text} at (0,1224) size 134x18
                      text run at (0,1224) width 134: "SYSSTAT.COLDIST"
                  RenderText {#text} at (134,1224) size 4x18
                    text run at (134,1224) width 4: " "
                  RenderBR {BR} at (138,1238) size 0x0
                  RenderInline {A} at (0,0) size 145x18 [color=#0000EE]
                    RenderText {#text} at (0,1242) size 145x18
                      text run at (0,1242) width 145: "SYSSTAT.COLUMNS"
                  RenderText {#text} at (145,1242) size 4x18
                    text run at (145,1242) width 4: " "
                  RenderBR {BR} at (149,1256) size 0x0
                  RenderInline {A} at (0,0) size 157x18 [color=#0000EE]
                    RenderText {#text} at (0,1260) size 157x18
                      text run at (0,1260) width 157: "SYSSTAT.FUNCTIONS"
                  RenderText {#text} at (157,1260) size 4x18
                    text run at (157,1260) width 4: " "
                  RenderBR {BR} at (161,1274) size 0x0
                  RenderInline {A} at (0,0) size 135x18 [color=#0000EE]
                    RenderText {#text} at (0,1278) size 135x18
                      text run at (0,1278) width 135: "SYSSTAT.INDEXES"
                  RenderText {#text} at (135,1278) size 4x18
                    text run at (135,1278) width 4: " "
                  RenderBR {BR} at (139,1292) size 0x0
                  RenderInline {A} at (0,0) size 125x18 [color=#0000EE]
                    RenderText {#text} at (0,1296) size 125x18
                      text run at (0,1296) width 125: "SYSSTAT.TABLES"
                  RenderText {#text} at (0,0) size 0x0
                RenderBlock {P} at (0,10939) size 758x198
                  RenderInline {B} at (0,0) size 408x18
                    RenderInline {A} at (0,0) size 408x18 [color=#0000EE]
                      RenderText {#text} at (0,0) size 408x18
                        text run at (0,0) width 408: "Appendix E. Catalog Views For Use With Structured Types"
                  RenderBR {BR} at (408,14) size 0x0
                  RenderBR {BR} at (0,18) size 0x18
                  RenderInline {A} at (0,0) size 184x18 [color=#0000EE]
                    RenderText {#text} at (0,36) size 184x18
                      text run at (0,36) width 184: "'Roadmap' to Catalog Views"
                  RenderText {#text} at (184,36) size 4x18
                    text run at (184,36) width 4: " "
                  RenderBR {BR} at (188,50) size 0x0
                  RenderInline {A} at (0,0) size 128x18 [color=#0000EE]
                    RenderText {#text} at (0,54) size 128x18
                      text run at (0,54) width 128: "OBJCAT.INDEXES"
                  RenderText {#text} at (128,54) size 4x18
                    text run at (128,54) width 4: " "
                  RenderBR {BR} at (132,68) size 0x0
                  RenderInline {A} at (0,0) size 221x18 [color=#0000EE]
                    RenderText {#text} at (0,72) size 221x18
                      text run at (0,72) width 221: "OBJCAT.INDEXEXPLOITRULES"
                  RenderText {#text} at (221,72) size 4x18
                    text run at (221,72) width 4: " "
                  RenderBR {BR} at (225,86) size 0x0
                  RenderInline {A} at (0,0) size 226x18 [color=#0000EE]
                    RenderText {#text} at (0,90) size 226x18
                      text run at (0,90) width 226: "OBJCAT.INDEXEXTENSIONDEP"
                  RenderText {#text} at (226,90) size 4x18
                    text run at (226,90) width 4: " "
                  RenderBR {BR} at (230,104) size 0x0
                  RenderInline {A} at (0,0) size 271x18 [color=#0000EE]
                    RenderText {#text} at (0,108) size 271x18
                      text run at (0,108) width 271: "OBJCAT.INDEXEXTENSIONMETHODS"
                  RenderText {#text} at (271,108) size 4x18
                    text run at (271,108) width 4: " "
                  RenderBR {BR} at (275,122) size 0x0
                  RenderInline {A} at (0,0) size 248x18 [color=#0000EE]
                    RenderText {#text} at (0,126) size 248x18
                      text run at (0,126) width 248: "OBJCAT.INDEXEXTENSIONPARMS"
                  RenderText {#text} at (248,126) size 4x18
                    text run at (248,126) width 4: " "
                  RenderBR {BR} at (252,140) size 0x0
                  RenderInline {A} at (0,0) size 205x18 [color=#0000EE]
                    RenderText {#text} at (0,144) size 205x18
                      text run at (0,144) width 205: "OBJCAT.INDEXEXTENSIONS"
                  RenderText {#text} at (205,144) size 4x18
                    text run at (205,144) width 4: " "
                  RenderBR {BR} at (209,158) size 0x0
                  RenderInline {A} at (0,0) size 198x18 [color=#0000EE]
                    RenderText {#text} at (0,162) size 198x18
                      text run at (0,162) width 198: "OBJCAT.PREDICATESPECS"
                  RenderText {#text} at (198,162) size 4x18
                    text run at (198,162) width 4: " "
                  RenderBR {BR} at (202,176) size 0x0
                  RenderInline {A} at (0,0) size 168x18 [color=#0000EE]
                    RenderText {#text} at (0,180) size 168x18
                      text run at (0,180) width 168: "OBJCAT.TRANSFORMS"
                  RenderText {#text} at (0,0) size 0x0
                RenderBlock {P} at (0,11152) size 758x306
                  RenderInline {B} at (0,0) size 221x18
                    RenderInline {A} at (0,0) size 221x18 [color=#0000EE]
                      RenderText {#text} at (0,0) size 221x18
                        text run at (0,0) width 221: "Appendix F. Federated Systems"
                  RenderBR {BR} at (221,14) size 0x0
                  RenderBR {BR} at (0,18) size 0x18
                  RenderInline {A} at (0,0) size 89x18 [color=#0000EE]
                    RenderText {#text} at (0,36) size 89x18
                      text run at (0,36) width 89: "Server Types"
                  RenderText {#text} at (89,36) size 4x18
                    text run at (89,36) width 4: " "
                  RenderBR {BR} at (93,50) size 0x0
                  RenderInline {A} at (0,0) size 239x18 [color=#0000EE]
                    RenderText {#text} at (0,54) size 239x18
                      text run at (0,54) width 239: "SQL Options for Federated Systems"
                  RenderText {#text} at (239,54) size 4x18
                    text run at (239,54) width 4: " "
                  RenderBR {BR} at (243,68) size 0x0
                  RenderInline {A} at (0,0) size 106x18 [color=#0000EE]
                    RenderText {#text} at (0,72) size 106x18
                      text run at (0,72) width 106: "Column Options"
                  RenderText {#text} at (106,72) size 4x18
                    text run at (106,72) width 4: " "
                  RenderBR {BR} at (110,86) size 0x0
                  RenderInline {A} at (0,0) size 171x18 [color=#0000EE]
                    RenderText {#text} at (0,90) size 171x18
                      text run at (0,90) width 171: "Function Mapping Options"
                  RenderText {#text} at (171,90) size 4x18
                    text run at (171,90) width 4: " "
                  RenderBR {BR} at (175,104) size 0x0
                  RenderInline {A} at (0,0) size 99x18 [color=#0000EE]
                    RenderText {#text} at (0,108) size 99x18
                      text run at (0,108) width 99: "Server Options"
                  RenderText {#text} at (99,108) size 4x18
                    text run at (99,108) width 4: " "
                  RenderBR {BR} at (103,122) size 0x0
                  RenderInline {A} at (0,0) size 87x18 [color=#0000EE]
                    RenderText {#text} at (0,126) size 87x18
                      text run at (0,126) width 87: "User Options"
                  RenderText {#text} at (87,126) size 4x18
                    text run at (87,126) width 4: " "
                  RenderBR {BR} at (91,140) size 0x0
                  RenderInline {A} at (0,0) size 186x18 [color=#0000EE]
                    RenderText {#text} at (0,144) size 186x18
                      text run at (0,144) width 186: "Default Data Type Mappings"
                  RenderText {#text} at (186,144) size 4x18
                    text run at (186,144) width 4: " "
                  RenderBR {BR} at (190,158) size 0x0
                  RenderInline {A} at (0,0) size 710x36 [color=#0000EE]
                    RenderText {#text} at (0,162) size 710x36
                      text run at (0,162) width 710: "Default Type Mappings between DB2 and DB2 Universal Database for OS/390 (and DB2 for MVS/ESA) Data"
                      text run at (0,180) width 55: "Sources"
                  RenderText {#text} at (55,180) size 4x18
                    text run at (55,180) width 4: " "
                  RenderBR {BR} at (59,194) size 0x0
                  RenderInline {A} at (0,0) size 730x18 [color=#0000EE]
                    RenderText {#text} at (0,198) size 730x18
                      text run at (0,198) width 730: "Default Type Mappings between DB2 and 2 Universal Database for AS/400 (and DB2 for OS/400) Data Sources"
                  RenderText {#text} at (730,198) size 4x18
                    text run at (730,198) width 4: " "
                  RenderBR {BR} at (734,212) size 0x0
                  RenderInline {A} at (0,0) size 413x18 [color=#0000EE]
                    RenderText {#text} at (0,216) size 413x18
                      text run at (0,216) width 413: "Default Type Mappings between DB2 and Oracle Data Sources"
                  RenderText {#text} at (413,216) size 4x18
                    text run at (413,216) width 4: " "
                  RenderBR {BR} at (417,230) size 0x0
                  RenderInline {A} at (0,0) size 605x18 [color=#0000EE]
                    RenderText {#text} at (0,234) size 605x18
                      text run at (0,234) width 605: "Default Type Mappings between DB2 and DB2 for VM and VSE (and SQL/DS) Data Sources"
                  RenderText {#text} at (605,234) size 4x18
                    text run at (605,234) width 4: " "
                  RenderBR {BR} at (609,248) size 0x0
                  RenderInline {A} at (0,0) size 221x18 [color=#0000EE]
                    RenderText {#text} at (0,252) size 221x18
                      text run at (0,252) width 221: "Pass-Through Facility Processing"
                  RenderText {#text} at (221,252) size 4x18
                    text run at (221,252) width 4: " "
                  RenderBR {BR} at (225,266) size 0x0
                  RenderInline {A} at (0,0) size 285x18 [color=#0000EE]
                    RenderText {#text} at (0,270) size 285x18
                      text run at (0,270) width 285: "SQL Processing in Pass-Through Sessions"
                  RenderText {#text} at (285,270) size 4x18
                    text run at (285,270) width 4: " "
                  RenderBR {BR} at (289,284) size 0x0
                  RenderInline {A} at (0,0) size 208x18 [color=#0000EE]
                    RenderText {#text} at (0,288) size 208x18
                      text run at (0,288) width 208: "Considerations and Restrictions"
                  RenderText {#text} at (0,0) size 0x0
                RenderBlock {P} at (0,11473) size 758x468
                  RenderInline {B} at (0,0) size 261x18
                    RenderInline {A} at (0,0) size 261x18 [color=#0000EE]
                      RenderText {#text} at (0,0) size 261x18
                        text run at (0,0) width 261: "Appendix G. Sample Database Tables"
                  RenderBR {BR} at (261,14) size 0x0
                  RenderBR {BR} at (0,18) size 0x18
                  RenderInline {A} at (0,0) size 146x18 [color=#0000EE]
                    RenderText {#text} at (0,36) size 146x18
                      text run at (0,36) width 146: "The Sample Database"
                  RenderText {#text} at (146,36) size 4x18
                    text run at (146,36) width 4: " "
                  RenderBR {BR} at (150,50) size 0x0
                  RenderInline {A} at (0,0) size 209x18 [color=#0000EE]
                    RenderText {#text} at (0,54) size 209x18
                      text run at (0,54) width 209: "To Create the Sample Database"
                  RenderText {#text} at (209,54) size 4x18
                    text run at (209,54) width 4: " "
                  RenderBR {BR} at (213,68) size 0x0
                  RenderInline {A} at (0,0) size 204x18 [color=#0000EE]
                    RenderText {#text} at (0,72) size 204x18
                      text run at (0,72) width 204: "To Erase the Sample Database"
                  RenderText {#text} at (204,72) size 4x18
                    text run at (204,72) width 4: " "
                  RenderBR {BR} at (208,86) size 0x0
                  RenderInline {A} at (0,0) size 119x18 [color=#0000EE]
                    RenderText {#text} at (0,90) size 119x18
                      text run at (0,90) width 119: "CL_SCHED Table"
                  RenderText {#text} at (119,90) size 4x18
                    text run at (119,90) width 4: " "
                  RenderBR {BR} at (123,104) size 0x0
                  RenderInline {A} at (0,0) size 142x18 [color=#0000EE]
                    RenderText {#text} at (0,108) size 142x18
                      text run at (0,108) width 142: "DEPARTMENT Table"
                  RenderText {#text} at (142,108) size 4x18
                    text run at (142,108) width 4: " "
                  RenderBR {BR} at (146,122) size 0x0
                  RenderInline {A} at (0,0) size 122x18 [color=#0000EE]
                    RenderText {#text} at (0,126) size 122x18
                      text run at (0,126) width 122: "EMPLOYEE Table"
                  RenderText {#text} at (122,126) size 4x18
                    text run at (122,126) width 4: " "
                  RenderBR {BR} at (126,140) size 0x0
                  RenderInline {A} at (0,0) size 110x18 [color=#0000EE]
                    RenderText {#text} at (0,144) size 110x18
                      text run at (0,144) width 110: "EMP_ACT Table"
                  RenderText {#text} at (110,144) size 4x18
                    text run at (110,144) width 4: " "
                  RenderBR {BR} at (114,158) size 0x0
                  RenderInline {A} at (0,0) size 134x18 [color=#0000EE]
                    RenderText {#text} at (0,162) size 134x18
                      text run at (0,162) width 134: "EMP_PHOTO Table"
                  RenderText {#text} at (134,162) size 4x18
                    text run at (134,162) width 4: " "
                  RenderBR {BR} at (138,176) size 0x0
                  RenderInline {A} at (0,0) size 145x18 [color=#0000EE]
                    RenderText {#text} at (0,180) size 145x18
                      text run at (0,180) width 145: "EMP_RESUME Table"
                  RenderText {#text} at (145,180) size 4x18
                    text run at (145,180) width 4: " "
                  RenderBR {BR} at (149,194) size 0x0
                  RenderInline {A} at (0,0) size 101x18 [color=#0000EE]
                    RenderText {#text} at (0,198) size 101x18
                      text run at (0,198) width 101: "IN_TRAY Table"
                  RenderText {#text} at (101,198) size 4x18
                    text run at (101,198) width 4: " "
                  RenderBR {BR} at (105,212) size 0x0
                  RenderInline {A} at (0,0) size 74x18 [color=#0000EE]
                    RenderText {#text} at (0,216) size 74x18
                      text run at (0,216) width 74: "ORG Table"
                  RenderText {#text} at (74,216) size 4x18
                    text run at (74,216) width 4: " "
                  RenderBR {BR} at (78,230) size 0x0
                  RenderInline {A} at (0,0) size 110x18 [color=#0000EE]
                    RenderText {#text} at (0,234) size 110x18
                      text run at (0,234) width 110: "PROJECT Table"
                  RenderText {#text} at (110,234) size 4x18
                    text run at (110,234) width 4: " "
                  RenderBR {BR} at (114,248) size 0x0
                  RenderInline {A} at (0,0) size 87x18 [color=#0000EE]
                    RenderText {#text} at (0,252) size 87x18
                      text run at (0,252) width 87: "SALES Table"
                  RenderText {#text} at (87,252) size 4x18
                    text run at (87,252) width 4: " "
                  RenderBR {BR} at (91,266) size 0x0
                  RenderInline {A} at (0,0) size 85x18 [color=#0000EE]
                    RenderText {#text} at (0,270) size 85x18
                      text run at (0,270) width 85: "STAFF Table"
                  RenderText {#text} at (85,270) size 4x18
                    text run at (85,270) width 4: " "
                  RenderBR {BR} at (89,284) size 0x0
                  RenderInline {A} at (0,0) size 97x18 [color=#0000EE]
                    RenderText {#text} at (0,288) size 97x18
                      text run at (0,288) width 97: "STAFFG Table"
                  RenderText {#text} at (97,288) size 4x18
                    text run at (97,288) width 4: " "
                  RenderBR {BR} at (101,302) size 0x0
                  RenderInline {A} at (0,0) size 304x18 [color=#0000EE]
                    RenderText {#text} at (0,306) size 304x18
                      text run at (0,306) width 304: "Sample Files with BLOB and CLOB Data Type"
                  RenderText {#text} at (304,306) size 4x18
                    text run at (304,306) width 4: " "
                  RenderBR {BR} at (308,320) size 0x0
                  RenderInline {A} at (0,0) size 101x18 [color=#0000EE]
                    RenderText {#text} at (0,324) size 101x18
                      text run at (0,324) width 101: "Quintana Photo"
                  RenderText {#text} at (101,324) size 4x18
                    text run at (101,324) width 4: " "
                  RenderBR {BR} at (105,338) size 0x0
                  RenderInline {A} at (0,0) size 119x18 [color=#0000EE]
                    RenderText {#text} at (0,342) size 119x18
                      text run at (0,342) width 119: "Quintana Resume"
                  RenderText {#text} at (119,342) size 4x18
                    text run at (119,342) width 4: " "
                  RenderBR {BR} at (123,356) size 0x0
                  RenderInline {A} at (0,0) size 94x18 [color=#0000EE]
                    RenderText {#text} at (0,360) size 94x18
                      text run at (0,360) width 94: "Nicholls Photo"
                  RenderText {#text} at (94,360) size 4x18
                    text run at (94,360) width 4: " "
                  RenderBR {BR} at (98,374) size 0x0
                  RenderInline {A} at (0,0) size 112x18 [color=#0000EE]
                    RenderText {#text} at (0,378) size 112x18
                      text run at (0,378) width 112: "Nicholls Resume"
                  RenderText {#text} at (112,378) size 4x18
                    text run at (112,378) width 4: " "
                  RenderBR {BR} at (116,392) size 0x0
                  RenderInline {A} at (0,0) size 106x18 [color=#0000EE]
                    RenderText {#text} at (0,396) size 106x18
                      text run at (0,396) width 106: "Adamson Photo"
                  RenderText {#text} at (106,396) size 4x18
                    text run at (106,396) width 4: " "
                  RenderBR {BR} at (110,410) size 0x0
                  RenderInline {A} at (0,0) size 124x18 [color=#0000EE]
                    RenderText {#text} at (0,414) size 124x18
                      text run at (0,414) width 124: "Adamson Resume"
                  RenderText {#text} at (124,414) size 4x18
                    text run at (124,414) width 4: " "
                  RenderBR {BR} at (128,428) size 0x0
                  RenderInline {A} at (0,0) size 88x18 [color=#0000EE]
                    RenderText {#text} at (0,432) size 88x18
                      text run at (0,432) width 88: "Walker Photo"
                  RenderText {#text} at (88,432) size 4x18
                    text run at (88,432) width 4: " "
                  RenderBR {BR} at (92,446) size 0x0
                  RenderInline {A} at (0,0) size 106x18 [color=#0000EE]
                    RenderText {#text} at (0,450) size 106x18
                      text run at (0,450) width 106: "Walker Resume"
                  RenderText {#text} at (0,0) size 0x0
                RenderBlock {P} at (0,11956) size 758x108
                  RenderInline {B} at (0,0) size 418x18
                    RenderInline {A} at (0,0) size 418x18 [color=#0000EE]
                      RenderText {#text} at (0,0) size 418x18
                        text run at (0,0) width 418: "Appendix H. Reserved Schema Names and Reserved Words"
                  RenderBR {BR} at (418,14) size 0x0
                  RenderBR {BR} at (0,18) size 0x18
                  RenderInline {A} at (0,0) size 131x18 [color=#0000EE]
                    RenderText {#text} at (0,36) size 131x18
                      text run at (0,36) width 131: "Reserved Schemas"
                  RenderText {#text} at (131,36) size 4x18
                    text run at (131,36) width 4: " "
                  RenderBR {BR} at (135,50) size 0x0
                  RenderInline {A} at (0,0) size 111x18 [color=#0000EE]
                    RenderText {#text} at (0,54) size 111x18
                      text run at (0,54) width 111: "Reserved Words"
                  RenderText {#text} at (111,54) size 4x18
                    text run at (111,54) width 4: " "
                  RenderBR {BR} at (115,68) size 0x0
                  RenderInline {A} at (0,0) size 176x18 [color=#0000EE]
                    RenderText {#text} at (0,72) size 176x18
                      text run at (0,72) width 176: "IBM SQL Reserved Words"
                  RenderText {#text} at (176,72) size 4x18
                    text run at (176,72) width 4: " "
                  RenderBR {BR} at (180,86) size 0x0
                  RenderInline {A} at (0,0) size 226x18 [color=#0000EE]
                    RenderText {#text} at (0,90) size 226x18
                      text run at (0,90) width 226: "ISO/ANS SQL92 Reserved Words"
                  RenderText {#text} at (0,0) size 0x0
                RenderBlock {P} at (0,12079) size 758x18
                  RenderInline {B} at (0,0) size 300x18
                    RenderInline {A} at (0,0) size 300x18 [color=#0000EE]
                      RenderText {#text} at (0,0) size 300x18
                        text run at (0,0) width 300: "Appendix I. Comparison of Isolation Levels"
                  RenderBR {BR} at (300,14) size 0x0
                RenderBlock {P} at (0,12112) size 758x18
                  RenderInline {B} at (0,0) size 359x18
                    RenderInline {A} at (0,0) size 359x18 [color=#0000EE]
                      RenderText {#text} at (0,0) size 359x18
                        text run at (0,0) width 359: "Appendix J. Interaction of Triggers and Constraints"
                  RenderBR {BR} at (359,14) size 0x0
                RenderBlock {P} at (0,12145) size 758x378
                  RenderInline {B} at (0,0) size 301x18
                    RenderInline {A} at (0,0) size 301x18 [color=#0000EE]
                      RenderText {#text} at (0,0) size 301x18
                        text run at (0,0) width 301: "Appendix K. Explain Tables and Definitions"
                  RenderBR {BR} at (301,14) size 0x0
                  RenderBR {BR} at (0,18) size 0x18
                  RenderInline {A} at (0,0) size 197x18 [color=#0000EE]
                    RenderText {#text} at (0,36) size 197x18
                      text run at (0,36) width 197: "EXPLAIN_ARGUMENT Table"
                  RenderText {#text} at (197,36) size 4x18
                    text run at (197,36) width 4: " "
                  RenderBR {BR} at (201,50) size 0x0
                  RenderInline {A} at (0,0) size 185x18 [color=#0000EE]
                    RenderText {#text} at (0,54) size 185x18
                      text run at (0,54) width 185: "EXPLAIN_INSTANCE Table"
                  RenderText {#text} at (185,54) size 4x18
                    text run at (185,54) width 4: " "
                  RenderBR {BR} at (189,68) size 0x0
                  RenderInline {A} at (0,0) size 170x18 [color=#0000EE]
                    RenderText {#text} at (0,72) size 170x18
                      text run at (0,72) width 170: "EXPLAIN_OBJECT Table"
                  RenderText {#text} at (170,72) size 4x18
                    text run at (170,72) width 4: " "
                  RenderBR {BR} at (174,86) size 0x0
                  RenderInline {A} at (0,0) size 194x18 [color=#0000EE]
                    RenderText {#text} at (0,90) size 194x18
                      text run at (0,90) width 194: "EXPLAIN_OPERATOR Table"
                  RenderText {#text} at (194,90) size 4x18
                    text run at (194,90) width 4: " "
                  RenderBR {BR} at (198,104) size 0x0
                  RenderInline {A} at (0,0) size 195x18 [color=#0000EE]
                    RenderText {#text} at (0,108) size 195x18
                      text run at (0,108) width 195: "EXPLAIN_PREDICATE Table"
                  RenderText {#text} at (195,108) size 4x18
                    text run at (195,108) width 4: " "
                  RenderBR {BR} at (199,122) size 0x0
                  RenderInline {A} at (0,0) size 199x18 [color=#0000EE]
                    RenderText {#text} at (0,126) size 199x18
                      text run at (0,126) width 199: "EXPLAIN_STATEMENT Table"
                  RenderText {#text} at (199,126) size 4x18
                    text run at (199,126) width 4: " "
                  RenderBR {BR} at (203,140) size 0x0
                  RenderInline {A} at (0,0) size 173x18 [color=#0000EE]
                    RenderText {#text} at (0,144) size 173x18
                      text run at (0,144) width 173: "EXPLAIN_STREAM Table"
                  RenderText {#text} at (173,144) size 4x18
                    text run at (173,144) width 4: " "
                  RenderBR {BR} at (177,158) size 0x0
                  RenderInline {A} at (0,0) size 149x18 [color=#0000EE]
                    RenderText {#text} at (0,162) size 149x18
                      text run at (0,162) width 149: "ADVISE_INDEX Table"
                  RenderText {#text} at (149,162) size 4x18
                    text run at (149,162) width 4: " "
                  RenderBR {BR} at (153,176) size 0x0
                  RenderInline {A} at (0,0) size 191x18 [color=#0000EE]
                    RenderText {#text} at (0,180) size 191x18
                      text run at (0,180) width 191: "ADVISE_WORKLOAD Table"
                  RenderText {#text} at (191,180) size 4x18
                    text run at (191,180) width 4: " "
                  RenderBR {BR} at (195,194) size 0x0
                  RenderInline {A} at (0,0) size 227x18 [color=#0000EE]
                    RenderText {#text} at (0,198) size 227x18
                      text run at (0,198) width 227: "Table Definitions for Explain Tables"
                  RenderText {#text} at (227,198) size 4x18
                    text run at (227,198) width 4: " "
                  RenderBR {BR} at (231,212) size 0x0
                  RenderInline {A} at (0,0) size 261x18 [color=#0000EE]
                    RenderText {#text} at (0,216) size 261x18
                      text run at (0,216) width 261: "EXPLAIN_ARGUMENT Table Definition"
                  RenderText {#text} at (261,216) size 4x18
                    text run at (261,216) width 4: " "
                  RenderBR {BR} at (265,230) size 0x0
                  RenderInline {A} at (0,0) size 249x18 [color=#0000EE]
                    RenderText {#text} at (0,234) size 249x18
                      text run at (0,234) width 249: "EXPLAIN_INSTANCE Table Definition"
                  RenderText {#text} at (249,234) size 4x18
                    text run at (249,234) width 4: " "
                  RenderBR {BR} at (253,248) size 0x0
                  RenderInline {A} at (0,0) size 234x18 [color=#0000EE]
                    RenderText {#text} at (0,252) size 234x18
                      text run at (0,252) width 234: "EXPLAIN_OBJECT Table Definition"
                  RenderText {#text} at (234,252) size 4x18
                    text run at (234,252) width 4: " "
                  RenderBR {BR} at (238,266) size 0x0
                  RenderInline {A} at (0,0) size 258x18 [color=#0000EE]
                    RenderText {#text} at (0,270) size 258x18
                      text run at (0,270) width 258: "EXPLAIN_OPERATOR Table Definition"
                  RenderText {#text} at (258,270) size 4x18
                    text run at (258,270) width 4: " "
                  RenderBR {BR} at (262,284) size 0x0
                  RenderInline {A} at (0,0) size 259x18 [color=#0000EE]
                    RenderText {#text} at (0,288) size 259x18
                      text run at (0,288) width 259: "EXPLAIN_PREDICATE Table Definition"
                  RenderText {#text} at (259,288) size 4x18
                    text run at (259,288) width 4: " "
                  RenderBR {BR} at (263,302) size 0x0
                  RenderInline {A} at (0,0) size 263x18 [color=#0000EE]
                    RenderText {#text} at (0,306) size 263x18
                      text run at (0,306) width 263: "EXPLAIN_STATEMENT Table Definition"
                  RenderText {#text} at (263,306) size 4x18
                    text run at (263,306) width 4: " "
                  RenderBR {BR} at (267,320) size 0x0
                  RenderInline {A} at (0,0) size 237x18 [color=#0000EE]
                    RenderText {#text} at (0,324) size 237x18
                      text run at (0,324) width 237: "EXPLAIN_STREAM Table Definition"
                  RenderText {#text} at (237,324) size 4x18
                    text run at (237,324) width 4: " "
                  RenderBR {BR} at (241,338) size 0x0
                  RenderInline {A} at (0,0) size 213x18 [color=#0000EE]
                    RenderText {#text} at (0,342) size 213x18
                      text run at (0,342) width 213: "ADVISE_INDEX Table Definition"
                  RenderText {#text} at (213,342) size 4x18
                    text run at (213,342) width 4: " "
                  RenderBR {BR} at (217,356) size 0x0
                  RenderInline {A} at (0,0) size 255x18 [color=#0000EE]
                    RenderText {#text} at (0,360) size 255x18
                      text run at (0,360) width 255: "ADVISE_WORKLOAD Table Definition"
                  RenderText {#text} at (0,0) size 0x0
                RenderBlock {P} at (0,12538) size 758x18
                  RenderInline {B} at (0,0) size 254x18
                    RenderInline {A} at (0,0) size 254x18 [color=#0000EE]
                      RenderText {#text} at (0,0) size 254x18
                        text run at (0,0) width 254: "Appendix L. Explain Register Values"
                  RenderBR {BR} at (254,14) size 0x0
                RenderBlock {P} at (0,12571) size 758x90
                  RenderInline {B} at (0,0) size 346x18
                    RenderInline {A} at (0,0) size 346x18 [color=#0000EE]
                      RenderText {#text} at (0,0) size 346x18
                        text run at (0,0) width 346: "Appendix M. Recursion Example: Bill of Materials"
                  RenderBR {BR} at (346,14) size 0x0
                  RenderBR {BR} at (0,18) size 0x18
                  RenderInline {A} at (0,0) size 225x18 [color=#0000EE]
                    RenderText {#text} at (0,36) size 225x18
                      text run at (0,36) width 225: "Example 1: Single Level Explosion"
                  RenderText {#text} at (225,36) size 4x18
                    text run at (225,36) width 4: " "
                  RenderBR {BR} at (229,50) size 0x0
                  RenderInline {A} at (0,0) size 230x18 [color=#0000EE]
                    RenderText {#text} at (0,54) size 230x18
                      text run at (0,54) width 230: "Example 2: Summarized Explosion"
                  RenderText {#text} at (230,54) size 4x18
                    text run at (230,54) width 4: " "
                  RenderBR {BR} at (234,68) size 0x0
                  RenderInline {A} at (0,0) size 190x18 [color=#0000EE]
                    RenderText {#text} at (0,72) size 190x18
                      text run at (0,72) width 190: "Example 3: Controlling Depth"
                  RenderText {#text} at (0,0) size 0x0
                RenderBlock {P} at (0,12676) size 758x90
                  RenderInline {B} at (0,0) size 209x18
                    RenderInline {A} at (0,0) size 209x18 [color=#0000EE]
                      RenderText {#text} at (0,0) size 209x18
                        text run at (0,0) width 209: "Appendix N. Exception Tables"
                  RenderBR {BR} at (209,14) size 0x0
                  RenderBR {BR} at (0,18) size 0x18
                  RenderInline {A} at (0,0) size 246x18 [color=#0000EE]
                    RenderText {#text} at (0,36) size 246x18
                      text run at (0,36) width 246: "Rules for Creating an Exception Table"
                  RenderText {#text} at (246,36) size 4x18
                    text run at (246,36) width 4: " "
                  RenderBR {BR} at (250,50) size 0x0
                  RenderInline {A} at (0,0) size 254x18 [color=#0000EE]
                    RenderText {#text} at (0,54) size 254x18
                      text run at (0,54) width 254: "Handling Rows in the Exception Tables"
                  RenderText {#text} at (254,54) size 4x18
                    text run at (254,54) width 4: " "
                  RenderBR {BR} at (258,68) size 0x0
                  RenderInline {A} at (0,0) size 200x18 [color=#0000EE]
                    RenderText {#text} at (0,72) size 200x18
                      text run at (0,72) width 200: "Querying the Exception Tables"
                  RenderText {#text} at (0,0) size 0x0
                RenderBlock {P} at (0,12781) size 758x396
                  RenderInline {B} at (0,0) size 475x18
                    RenderInline {A} at (0,0) size 475x18 [color=#0000EE]
                      RenderText {#text} at (0,0) size 475x18
                        text run at (0,0) width 475: "Appendix O. Japanese and Traditional-Chinese EUC Considerations"
                  RenderBR {BR} at (475,14) size 0x0
                  RenderBR {BR} at (0,18) size 0x18
                  RenderInline {A} at (0,0) size 130x18 [color=#0000EE]
                    RenderText {#text} at (0,36) size 130x18
                      text run at (0,36) width 130: "Language Elements"
                  RenderText {#text} at (130,36) size 4x18
                    text run at (130,36) width 4: " "
                  RenderBR {BR} at (134,50) size 0x0
                  RenderInline {A} at (0,0) size 73x18 [color=#0000EE]
                    RenderText {#text} at (0,54) size 73x18
                      text run at (0,54) width 73: "Characters"
                  RenderText {#text} at (73,54) size 4x18
                    text run at (73,54) width 4: " "
                  RenderBR {BR} at (77,68) size 0x0
                  RenderInline {A} at (0,0) size 48x18 [color=#0000EE]
                    RenderText {#text} at (0,72) size 48x18
                      text run at (0,72) width 48: "Tokens"
                  RenderText {#text} at (48,72) size 4x18
                    text run at (48,72) width 4: " "
                  RenderBR {BR} at (52,86) size 0x0
                  RenderInline {A} at (0,0) size 63x18 [color=#0000EE]
                    RenderText {#text} at (0,90) size 63x18
                      text run at (0,90) width 63: "Identifiers"
                  RenderText {#text} at (63,90) size 4x18
                    text run at (63,90) width 4: " "
                  RenderBR {BR} at (67,104) size 0x0
                  RenderInline {A} at (0,0) size 76x18 [color=#0000EE]
                    RenderText {#text} at (0,108) size 76x18
                      text run at (0,108) width 76: "Data Types"
                  RenderText {#text} at (76,108) size 4x18
                    text run at (76,108) width 4: " "
                  RenderBR {BR} at (80,122) size 0x0
                  RenderInline {A} at (0,0) size 207x18 [color=#0000EE]
                    RenderText {#text} at (0,126) size 207x18
                      text run at (0,126) width 207: "Assignments and Comparisons"
                  RenderText {#text} at (207,126) size 4x18
                    text run at (207,126) width 4: " "
                  RenderBR {BR} at (211,140) size 0x0
                  RenderInline {A} at (0,0) size 185x18 [color=#0000EE]
                    RenderText {#text} at (0,144) size 185x18
                      text run at (0,144) width 185: "Rules for Result Data Types"
                  RenderText {#text} at (185,144) size 4x18
                    text run at (185,144) width 4: " "
                  RenderBR {BR} at (189,158) size 0x0
                  RenderInline {A} at (0,0) size 188x18 [color=#0000EE]
                    RenderText {#text} at (0,162) size 188x18
                      text run at (0,162) width 188: "Rules for String Conversions"
                  RenderText {#text} at (188,162) size 4x18
                    text run at (188,162) width 4: " "
                  RenderBR {BR} at (192,176) size 0x0
                  RenderInline {A} at (0,0) size 67x18 [color=#0000EE]
                    RenderText {#text} at (0,180) size 67x18
                      text run at (0,180) width 67: "Constants"
                  RenderText {#text} at (67,180) size 4x18
                    text run at (67,180) width 4: " "
                  RenderBR {BR} at (71,194) size 0x0
                  RenderInline {A} at (0,0) size 64x18 [color=#0000EE]
                    RenderText {#text} at (0,198) size 64x18
                      text run at (0,198) width 64: "Functions"
                  RenderText {#text} at (64,198) size 4x18
                    text run at (64,198) width 4: " "
                  RenderBR {BR} at (68,212) size 0x0
                  RenderInline {A} at (0,0) size 82x18 [color=#0000EE]
                    RenderText {#text} at (0,216) size 82x18
                      text run at (0,216) width 82: "Expressions"
                  RenderText {#text} at (82,216) size 4x18
                    text run at (82,216) width 4: " "
                  RenderBR {BR} at (86,230) size 0x0
                  RenderInline {A} at (0,0) size 70x18 [color=#0000EE]
                    RenderText {#text} at (0,234) size 70x18
                      text run at (0,234) width 70: "Predicates"
                  RenderText {#text} at (70,234) size 4x18
                    text run at (70,234) width 4: " "
                  RenderBR {BR} at (74,248) size 0x0
                  RenderInline {A} at (0,0) size 64x18 [color=#0000EE]
                    RenderText {#text} at (0,252) size 64x18
                      text run at (0,252) width 64: "Functions"
                  RenderText {#text} at (64,252) size 4x18
                    text run at (64,252) width 4: " "
                  RenderBR {BR} at (68,266) size 0x0
                  RenderInline {A} at (0,0) size 61x18 [color=#0000EE]
                    RenderText {#text} at (0,270) size 61x18
                      text run at (0,270) width 61: "LENGTH"
                  RenderText {#text} at (61,270) size 4x18
                    text run at (61,270) width 4: " "
                  RenderBR {BR} at (65,284) size 0x0
                  RenderInline {A} at (0,0) size 61x18 [color=#0000EE]
                    RenderText {#text} at (0,288) size 61x18
                      text run at (0,288) width 61: "SUBSTR"
                  RenderText {#text} at (61,288) size 4x18
                    text run at (61,288) width 4: " "
                  RenderBR {BR} at (65,302) size 0x0
                  RenderInline {A} at (0,0) size 87x18 [color=#0000EE]
                    RenderText {#text} at (0,306) size 87x18
                      text run at (0,306) width 87: "TRANSLATE"
                  RenderText {#text} at (87,306) size 4x18
                    text run at (87,306) width 4: " "
                  RenderBR {BR} at (91,320) size 0x0
                  RenderInline {A} at (0,0) size 99x18 [color=#0000EE]
                    RenderText {#text} at (0,324) size 99x18
                      text run at (0,324) width 99: "VARGRAPHIC"
                  RenderText {#text} at (99,324) size 4x18
                    text run at (99,324) width 4: " "
                  RenderBR {BR} at (103,338) size 0x0
                  RenderInline {A} at (0,0) size 75x18 [color=#0000EE]
                    RenderText {#text} at (0,342) size 75x18
                      text run at (0,342) width 75: "Statements"
                  RenderText {#text} at (75,342) size 4x18
                    text run at (75,342) width 4: " "
                  RenderBR {BR} at (79,356) size 0x0
                  RenderInline {A} at (0,0) size 75x18 [color=#0000EE]
                    RenderText {#text} at (0,360) size 75x18
                      text run at (0,360) width 75: "CONNECT"
                  RenderText {#text} at (75,360) size 4x18
                    text run at (75,360) width 4: " "
                  RenderBR {BR} at (79,374) size 0x0
                  RenderInline {A} at (0,0) size 71x18 [color=#0000EE]
                    RenderText {#text} at (0,378) size 71x18
                      text run at (0,378) width 71: "PREPARE"
                  RenderText {#text} at (0,0) size 0x0
                RenderBlock {P} at (0,13192) size 758x18
                  RenderInline {B} at (0,0) size 333x18
                    RenderInline {A} at (0,0) size 333x18 [color=#0000EE]
                      RenderText {#text} at (0,0) size 333x18
                        text run at (0,0) width 333: "Appendix P. BNF Specifications for DATALINKs"
                  RenderBR {BR} at (333,14) size 0x0
                RenderBlock {P} at (0,13225) size 758x216
                  RenderInline {B} at (0,0) size 246x18
                    RenderInline {A} at (0,0) size 246x18 [color=#0000EE]
                      RenderText {#text} at (0,0) size 246x18
                        text run at (0,0) width 246: "Appendix Q. Using the DB2 Library"
                  RenderBR {BR} at (246,14) size 0x0
                  RenderBR {BR} at (0,18) size 0x18
                  RenderInline {A} at (0,0) size 222x18 [color=#0000EE]
                    RenderText {#text} at (0,36) size 222x18
                      text run at (0,36) width 222: "DB2 PDF Files and Printed Books"
                  RenderText {#text} at (222,36) size 4x18
                    text run at (222,36) width 4: " "
                  RenderBR {BR} at (226,50) size 0x0
                  RenderInline {A} at (0,0) size 106x18 [color=#0000EE]
                    RenderText {#text} at (0,54) size 106x18
                      text run at (0,54) width 106: "DB2 Information"
                  RenderText {#text} at (106,54) size 4x18
                    text run at (106,54) width 4: " "
                  RenderBR {BR} at (110,68) size 0x0
                  RenderInline {A} at (0,0) size 153x18 [color=#0000EE]
                    RenderText {#text} at (0,72) size 153x18
                      text run at (0,72) width 153: "Printing the PDF Books"
                  RenderText {#text} at (153,72) size 4x18
                    text run at (153,72) width 4: " "
                  RenderBR {BR} at (157,86) size 0x0
                  RenderInline {A} at (0,0) size 177x18 [color=#0000EE]
                    RenderText {#text} at (0,90) size 177x18
                      text run at (0,90) width 177: "Ordering the Printed Books"
                  RenderText {#text} at (177,90) size 4x18
                    text run at (177,90) width 4: " "
                  RenderBR {BR} at (181,104) size 0x0
                  RenderInline {A} at (0,0) size 178x18 [color=#0000EE]
                    RenderText {#text} at (0,108) size 178x18
                      text run at (0,108) width 178: "DB2 Online Documentation"
                  RenderText {#text} at (178,108) size 4x18
                    text run at (178,108) width 4: " "
                  RenderBR {BR} at (182,122) size 0x0
                  RenderInline {A} at (0,0) size 150x18 [color=#0000EE]
                    RenderText {#text} at (0,126) size 150x18
                      text run at (0,126) width 150: "Accessing Online Help"
                  RenderText {#text} at (150,126) size 4x18
                    text run at (150,126) width 4: " "
                  RenderBR {BR} at (154,140) size 0x0
                  RenderInline {A} at (0,0) size 174x18 [color=#0000EE]
                    RenderText {#text} at (0,144) size 174x18
                      text run at (0,144) width 174: "Viewing Information Online"
                  RenderText {#text} at (174,144) size 4x18
                    text run at (174,144) width 4: " "
                  RenderBR {BR} at (178,158) size 0x0
                  RenderInline {A} at (0,0) size 129x18 [color=#0000EE]
                    RenderText {#text} at (0,162) size 129x18
                      text run at (0,162) width 129: "Using DB2 Wizards"
                  RenderText {#text} at (129,162) size 4x18
                    text run at (129,162) width 4: " "
                  RenderBR {BR} at (133,176) size 0x0
                  RenderInline {A} at (0,0) size 200x18 [color=#0000EE]
                    RenderText {#text} at (0,180) size 200x18
                      text run at (0,180) width 200: "Setting Up a Document Server"
                  RenderText {#text} at (200,180) size 4x18
                    text run at (200,180) width 4: " "
                  RenderBR {BR} at (204,194) size 0x0
                  RenderInline {A} at (0,0) size 189x18 [color=#0000EE]
                    RenderText {#text} at (0,198) size 189x18
                      text run at (0,198) width 189: "Searching Information Online"
                  RenderText {#text} at (0,0) size 0x0
                RenderBlock {P} at (0,13456) size 758x54
                  RenderInline {B} at (0,0) size 143x18
                    RenderInline {A} at (0,0) size 143x18 [color=#0000EE]
                      RenderText {#text} at (0,0) size 143x18
                        text run at (0,0) width 143: "Appendix R. Notices"
                  RenderBR {BR} at (143,14) size 0x0
                  RenderBR {BR} at (0,18) size 0x18
                  RenderInline {A} at (0,0) size 80x18 [color=#0000EE]
                    RenderText {#text} at (0,36) size 80x18
                      text run at (0,36) width 80: "Trademarks"
                  RenderText {#text} at (0,0) size 0x0
                RenderBlock {P} at (0,13525) size 758x18
                  RenderInline {B} at (0,0) size 38x18
                    RenderInline {A} at (0,0) size 38x18 [color=#0000EE]
                      RenderText {#text} at (0,0) size 38x18
                        text run at (0,0) width 38: "Index"
                  RenderBR {BR} at (38,14) size 0x0
                RenderBlock {P} at (0,13558) size 758x54
                  RenderInline {B} at (0,0) size 109x18
                    RenderInline {A} at (0,0) size 109x18 [color=#0000EE]
                      RenderText {#text} at (0,0) size 109x18
                        text run at (0,0) width 109: "Contacting IBM"
                  RenderBR {BR} at (109,14) size 0x0
                  RenderBR {BR} at (0,18) size 0x18
                  RenderInline {A} at (0,0) size 128x18 [color=#0000EE]
                    RenderText {#text} at (0,36) size 128x18
                      text run at (0,36) width 128: "Product Information"
                  RenderText {#text} at (0,0) size 0x0
                  RenderInline {A} at (0,0) size 0x0
                  RenderText {#text} at (0,0) size 0x0
                RenderTable {TABLE} at (0,13627) size 28x28
                  RenderTableSection {TBODY} at (0,0) size 28x28
                    RenderTableRow {TR} at (0,2) size 28x0
                    RenderTableRow {TR} at (0,4) size 28x22
                      RenderTableCell {TD} at (2,4) size 11x22 [r=1 c=0 rs=1 cs=1]
                        RenderText {#text} at (1,1) size 9x20
                          text run at (1,1) width 9: "x"
                      RenderTableCell {TD} at (15,4) size 11x22 [r=1 c=1 rs=1 cs=1]
                        RenderText {#text} at (1,1) size 9x20
                          text run at (1,1) width 9: "x"
              RenderBlock (anonymous) at (2,13657) size 758x0
                RenderInline {FONT} at (0,0) size 0x0
