layer at (0,0) size 800x600
  RenderView at (0,0) size 800x600
layer at (0,0) size 800x600
  RenderBlock {HTML} at (0,0) size 800x600
    RenderBody {BODY} at (8,8) size 784x584
      RenderBlock (anonymous) at (0,0) size 784x18
        RenderText {#text} at (0,0) size 99x18
          text run at (0,0) width 99: "dom access"
      RenderTable {TABLE} at (0,18) size 82x34 [border: (1px outset #808080)]
        RenderTableSection {TBODY} at (1,1) size 80x32
          RenderTableRow {TR} at (0,1) size 80x30
            RenderTableCell {TD} at (1,1) size 78x30 [border: (5px solid #008000)] [r=0 c=0 rs=1 cs=1]
              RenderText {#text} at (6,6) size 66x18
                text run at (6,6) width 66: "100000"
      RenderBlock (anonymous) at (0,52) size 784x18
        RenderText {#text} at (0,0) size 80x18
          text run at (0,0) width 80: "reference"
      RenderTable {TABLE} at (0,70) size 82x34 [border: (1px outset #808080)]
        RenderTableSection {TBODY} at (1,1) size 80x32
          RenderTableRow {TR} at (0,1) size 80x30
            RenderTableCell {TD} at (1,1) size 78x30 [border: (5px solid #008000)] [r=0 c=0 rs=1 cs=1]
              RenderText {#text} at (6,6) size 66x18
                text run at (6,6) width 66: "100000"
