layer at (0,0) size 800x600
  RenderView at (0,0) size 800x600
layer at (0,0) size 800x600
  RenderBlock {HTML} at (0,0) size 800x600
    RenderBody {BODY} at (8,8) size 784x575 [bgcolor=#999999]
      RenderBlock {P} at (0,0) size 784x36
        RenderText {#text} at (0,0) size 602x18
          text run at (0,0) width 550: "Problem: Tables inside a DIV get border=1 after moving the DIV. "
          text run at (550,0) width 52: "If you "
        RenderInline {A} at (0,0) size 181x18 [color=#0000EE]
          RenderInline {B} at (0,0) size 181x18
            RenderText {#text} at (602,0) size 181x18
              text run at (602,0) width 181: "remove the border"
        RenderText {#text} at (0,18) size 458x18
          text run at (0,18) width 458: "attribute from the tables, the border doesn't show up."
layer at (70,70) size 173x72
  RenderBlock (positioned) {DIV} at (70,70) size 173x72
    RenderTable {TABLE} at (0,0) size 173x18 [bgcolor=#CC6600]
      RenderTableSection {TBODY} at (0,0) size 173x18
        RenderTableRow {TR} at (0,0) size 173x18
          RenderTableCell {TD} at (0,0) size 173x18 [r=0 c=0 rs=1 cs=1]
            RenderBlock {P} at (0,0) size 173x18
              RenderInline {B} at (0,0) size 70x18
                RenderText {#text} at (51,0) size 70x18
                  text run at (51,0) width 70: "Testing"
    RenderTable {TABLE} at (0,18) size 173x36
      RenderTableSection {TBODY} at (0,0) size 173x36
        RenderTableRow {TR} at (0,0) size 173x36
          RenderTableCell {TD} at (0,9) size 11x18 [bgcolor=#666666] [r=0 c=0 rs=1 cs=1]
            RenderText {#text} at (0,0) size 5x18
              text run at (0,0) width 5: " "
          RenderTableCell {TD} at (11,0) size 150x36 [bgcolor=#FF9900] [r=0 c=1 rs=1 cs=1]
            RenderText {#text} at (0,0) size 115x36
              text run at (0,0) width 115: "Test, test and"
              text run at (0,18) width 48: "test..."
          RenderTableCell {TD} at (161,9) size 12x18 [bgcolor=#666666] [r=0 c=2 rs=1 cs=1]
            RenderText {#text} at (0,0) size 5x18
              text run at (0,0) width 5: " "
    RenderTable {TABLE} at (0,54) size 173x18 [bgcolor=#CC6600]
      RenderTableSection {TBODY} at (0,0) size 173x18
        RenderTableRow {TR} at (0,0) size 173x18
          RenderTableCell {TD} at (0,0) size 57x18 [r=0 c=0 rs=1 cs=1]
            RenderText {#text} at (0,0) size 5x18
              text run at (0,0) width 5: " "
          RenderTableCell {TD} at (57,0) size 58x18 [r=0 c=1 rs=1 cs=1]
            RenderText {#text} at (0,0) size 5x18
              text run at (0,0) width 5: " "
          RenderTableCell {TD} at (115,0) size 58x18 [r=0 c=2 rs=1 cs=1]
            RenderText {#text} at (0,0) size 5x18
              text run at (0,0) width 5: " "
