layer at (0,0) size 800x600
  RenderView at (0,0) size 800x600
layer at (0,0) size 800x600
  RenderBlock {HTML} at (0,0) size 800x600
    RenderBody {BODY} at (8,8) size 784x584
      RenderTable {TABLE} at (0,0) size 334x82 [border: (1px outset #808080)]
        RenderTableSection {TBODY} at (1,1) size 332x80
          RenderTableRow {TR} at (0,2) size 332x76
            RenderTableCell {TD} at (2,2) size 267x76 [border: (1px inset #808080)] [r=0 c=0 rs=1 cs=1]
              RenderText {#text} at (2,2) size 241x72
                text run at (2,2) width 241: "This section will provide you"
                text run at (2,20) width 235: "with all the information you"
                text run at (2,38) width 241: "may need to use any of your"
                text run at (2,56) width 151: "Internet software."
            RenderTableCell {TD} at (271,12) size 59x55 [border: (1px inset #808080)] [r=0 c=1 rs=1 cs=1]
              RenderImage {IMG} at (5,2) size 52x51
