layer at (0,0) size 800x600
  RenderView at (0,0) size 800x600
layer at (0,0) size 800x600
  RenderBlock {HTML} at (0,0) size 800x600
    RenderBody {BODY} at (8,8) size 784x584 [bgcolor=#FFFFFF]
      RenderBlock {HR} at (0,0) size 152x2 [border: (1px inset #000000)]
      RenderTable {TABLE} at (0,10) size 218x49 [bgcolor=#F7D68C] [border: (1px outset #808080)]
        RenderTableSection {TBODY} at (1,1) size 216x47
          RenderTableRow {TR} at (0,0) size 216x47
            RenderTableCell {TD} at (0,4) size 172x38 [border: (1px inset #808080)] [r=0 c=0 rs=1 cs=1]
              RenderText {#text} at (1,1) size 170x36
                text run at (1,1) width 170: "xxxxxxxxxxxxxxxxx"
                text run at (1,19) width 125: "xxxxxx xxxxxx"
            RenderTableCell {TD} at (172,0) size 44x47 [border: (1px inset #808080)] [r=0 c=1 rs=1 cs=1]
              RenderImage {IMG} at (1,1) size 21x45
              RenderImage {IMG} at (22,1) size 21x45
      RenderBlock (anonymous) at (0,59) size 784x18
        RenderBR {BR} at (0,0) size 0x18
      RenderTable {TABLE} at (0,77) size 468x72 [bgcolor=#F7D68C]
        RenderTableSection {TBODY} at (0,0) size 468x72
          RenderTableRow {TR} at (0,0) size 468x42
            RenderTableCell {TD} at (0,0) size 326x42 [r=0 c=0 rs=1 cs=1]
              RenderInline {FONT} at (0,0) size 261x42
                RenderInline {B} at (0,0) size 261x42
                  RenderText {#text} at (0,0) size 261x42
                    text run at (0,0) width 261: " 25 offres d'emploi des"
                    text run at (0,21) width 131: "entreprises"
            RenderTableCell {TD} at (326,0) size 100x42 [bgcolor=#EE9E02] [r=0 c=1 rs=1 cs=1]
              RenderImage {IMG} at (5,15) size 20x1
              RenderText {#text} at (25,3) size 47x18
                text run at (25,3) width 47: "page "
              RenderInline {FONT} at (0,0) size 42x42
                RenderInline {B} at (0,0) size 42x42
                  RenderText {#text} at (72,0) size 42x42
                    text run at (72,0) width 28: "12"
                    text run at (58,21) width 14: "/ "
                    text run at (72,21) width 28: "13"
            RenderTableCell {TD} at (426,0) size 42x45 [r=0 c=2 rs=2 cs=1]
              RenderImage {IMG} at (0,0) size 21x45
              RenderImage {IMG} at (21,0) size 21x45
          RenderTableRow {TR} at (0,42) size 468x30
            RenderTableCell {TD} at (0,42) size 326x30 [r=1 c=0 rs=1 cs=1]
              RenderImage {IMG} at (0,0) size 326x30
            RenderTableCell {TD} at (326,42) size 100x30 [r=1 c=1 rs=1 cs=1]
              RenderImage {IMG} at (0,0) size 100x30
