layer at (0,0) size 800x600
  RenderView at (0,0) size 800x600
layer at (0,0) size 800x600
  RenderBlock {HTML} at (0,0) size 800x600
    RenderBody {BODY} at (8,8) size 784x584
      RenderTable {TABLE} at (0,0) size 339x28
        RenderTableSection {TBODY} at (0,0) size 339x28
          RenderTableRow {TR} at (0,2) size 339x20
            RenderTableCell {TD} at (2,2) size 335x20 [r=0 c=0 rs=1 cs=1]
              RenderText {#text} at (1,1) size 333x18
                text run at (1,1) width 333: "Really sorry about the server yesterday"
          RenderTableRow {TR} at (0,24) size 339x2
            RenderTableCell {TD} at (2,24) size 335x2 [r=1 c=0 rs=1 cs=1]
