layer at (0,0) size 800x600
  RenderView at (0,0) size 800x600
layer at (0,0) size 800x600
  RenderBlock {HTML} at (0,0) size 800x600
    RenderBody {BODY} at (8,8) size 784x584
      RenderTable {TABLE} at (0,0) size 784x63
        RenderTableSection {TBODY} at (0,0) size 784x63
          RenderTableRow {TR} at (0,2) size 784x2
            RenderTableCell {TD} at (2,2) size 780x2 [r=0 c=0 rs=1 cs=1]
          RenderTableRow {TR} at (0,6) size 784x55
            RenderTableCell {TD} at (2,6) size 780x55 [r=1 c=0 rs=1 cs=1]
              RenderBlock (anonymous) at (1,1) size 778x36
                RenderText {#text} at (0,0) size 730x36
                  text run at (0,0) width 730: "BlaBlaBla Bla BlaBla BlaBlaBlaBla Bla Bla Bla BlaBlaBla BlaBla Bla BlaBla BlaBlaBlaBla"
                  text run at (0,18) width 236: "BlaBla Bla BlaBla BlaBla Bla"
              RenderBlock {P} at (1,54) size 778x0
      RenderBlock (anonymous) at (0,63) size 784x18
        RenderBR {BR} at (0,0) size 0x18
      RenderTable {TABLE} at (0,81) size 784x63
        RenderTableSection {TBODY} at (0,0) size 784x63
          RenderTableRow {TR} at (0,2) size 784x55
            RenderTableCell {TD} at (2,2) size 780x55 [r=0 c=0 rs=1 cs=1]
              RenderBlock (anonymous) at (1,1) size 778x36
                RenderText {#text} at (0,0) size 730x36
                  text run at (0,0) width 730: "BlaBlaBla Bla BlaBla BlaBlaBlaBla Bla Bla Bla BlaBlaBla BlaBla Bla BlaBla BlaBlaBlaBla"
                  text run at (0,18) width 236: "BlaBla Bla BlaBla BlaBla Bla"
              RenderBlock {P} at (1,54) size 778x0
          RenderTableRow {TR} at (0,59) size 784x2
            RenderTableCell {TD} at (2,59) size 780x2 [r=1 c=0 rs=1 cs=1]
