layer at (0,0) size 800x600
  RenderView at (0,0) size 800x600
layer at (0,0) size 800x600
  RenderBlock {HTML} at (0,0) size 800x600
    RenderBody {BODY} at (8,8) size 784x584
      RenderTable {TABLE} at (0,0) size 784x46 [bgcolor=#E2BF81] [border: (1px outset #808080)]
        RenderTableSection {TBODY} at (1,1) size 782x44
          RenderTableRow {TR} at (0,2) size 782x40
            RenderTableCell {TD} at (2,11) size 50x22 [border: (1px inset #808080)] [r=0 c=0 rs=1 cs=1]
              RenderText {#text} at (2,2) size 46x18
                text run at (2,2) width 46: "<td>"
            RenderTableCell {TD} at (54,11) size 579x22 [border: (1px inset #808080)] [r=0 c=1 rs=1 cs=1]
              RenderText {#text} at (2,2) size 178x18
                text run at (2,2) width 178: "<td width=\"100%\">"
            RenderTableCell {TD} at (635,2) size 145x40 [border: (1px inset #808080)] [r=0 c=2 rs=1 cs=1]
              RenderText {#text} at (2,2) size 141x36
                text run at (2,2) width 32: "<td"
                text run at (2,20) width 141: "width=\"100%\">"
