layer at (0,0) size 800x600
  RenderView at (0,0) size 800x600
layer at (0,0) size 800x600
  RenderBlock {HTML} at (0,0) size 800x600
    RenderBody {BODY} at (8,8) size 784x584
      RenderTable {TABLE} at (0,0) size 83x108 [border: (1px outset #808080)]
        RenderBlock {CAPTION} at (0,0) size 81x54 [color=#008000] [bgcolor=#FFFFE0]
          RenderText {#text} at (3,0) size 74x54
            text run at (3,0) width 74: "Where is"
            text run at (26,18) width 28: "the"
            text run at (14,36) width 52: "table?"
        RenderTableSection {THEAD} at (1,55) size 81x26
          RenderTableRow {TR} at (0,2) size 81x22
            RenderTableCell {TD} at (2,2) size 77x22 [border: (1px inset #808080)] [r=0 c=0 rs=1 cs=1]
              RenderText {#text} at (2,2) size 61x18
                text run at (2,2) width 61: "Header"
        RenderTableSection {TBODY} at (1,81) size 81x26
          RenderTableRow {TR} at (0,2) size 81x22
            RenderTableCell {TD} at (2,2) size 77x22 [border: (1px inset #808080)] [r=0 c=0 rs=1 cs=1]
              RenderText {#text} at (2,2) size 73x18
                text run at (2,2) width 73: "Kibology"
      RenderBlock {HR} at (0,116) size 784x2 [border: (1px inset #000000)]
      RenderTable {TABLE} at (0,126) size 83x54 [border: (1px outset #808080)]
        RenderTableSection {THEAD} at (1,1) size 81x26
          RenderTableRow {TR} at (0,2) size 81x22
            RenderTableCell {TD} at (2,2) size 77x22 [border: (1px inset #808080)] [r=0 c=0 rs=1 cs=1]
              RenderText {#text} at (2,2) size 61x18
                text run at (2,2) width 61: "Header"
        RenderTableSection {TBODY} at (1,27) size 81x26
          RenderTableRow {TR} at (0,2) size 81x22
            RenderTableCell {TD} at (2,2) size 77x22 [border: (1px inset #808080)] [r=0 c=0 rs=1 cs=1]
              RenderText {#text} at (2,2) size 73x18
                text run at (2,2) width 73: "Kibology"
      RenderBlock {HR} at (0,188) size 784x2 [border: (1px inset #000000)]
      RenderTable {TABLE} at (0,198) size 83x90 [border: (1px outset #808080)]
        RenderBlock {CAPTION} at (0,0) size 81x36 [color=#008000] [bgcolor=#FFFFE0]
          RenderText {#text} at (11,0) size 76x36
            text run at (11,0) width 59: "Here is"
            text run at (2,18) width 76: "the table"
        RenderTableSection {THEAD} at (1,37) size 81x26
          RenderTableRow {TR} at (0,2) size 81x22
            RenderTableCell {TD} at (2,2) size 77x22 [border: (1px inset #808080)] [r=0 c=0 rs=1 cs=1]
              RenderText {#text} at (2,2) size 61x18
                text run at (2,2) width 61: "Header"
        RenderTableSection {TBODY} at (1,63) size 81x26
          RenderTableRow {TR} at (0,2) size 81x22
            RenderTableCell {TD} at (2,2) size 77x22 [border: (1px inset #808080)] [r=0 c=0 rs=1 cs=1]
              RenderText {#text} at (2,2) size 73x18
                text run at (2,2) width 73: "Kibology"
      RenderTable {TABLE} at (0,288) size 83x108 [border: (1px outset #808080)]
        RenderTableSection {THEAD} at (1,55) size 81x26
          RenderTableRow {TR} at (0,2) size 81x22
            RenderTableCell {TD} at (2,2) size 77x22 [border: (1px inset #808080)] [r=0 c=0 rs=1 cs=1]
              RenderText {#text} at (2,2) size 61x18
                text run at (2,2) width 61: "Header"
        RenderBlock {CAPTION} at (0,0) size 81x54 [color=#008000] [bgcolor=#FFFFE0]
          RenderText {#text} at (3,0) size 74x54
            text run at (3,0) width 74: "Where is"
            text run at (26,18) width 28: "the"
            text run at (14,36) width 52: "table?"
        RenderTableSection {TBODY} at (1,81) size 81x26
          RenderTableRow {TR} at (0,2) size 81x22
            RenderTableCell {TD} at (2,2) size 77x22 [border: (1px inset #808080)] [r=0 c=0 rs=1 cs=1]
              RenderText {#text} at (2,2) size 73x18
                text run at (2,2) width 73: "Kibology"
      RenderBlock {HR} at (0,404) size 784x2 [border: (1px inset #000000)]
      RenderTable {TABLE} at (0,414) size 83x54 [border: (1px outset #808080)]
        RenderTableSection {THEAD} at (1,1) size 81x26
          RenderTableRow {TR} at (0,2) size 81x22
            RenderTableCell {TD} at (2,2) size 77x22 [border: (1px inset #808080)] [r=0 c=0 rs=1 cs=1]
              RenderText {#text} at (2,2) size 61x18
                text run at (2,2) width 61: "Header"
        RenderTableSection {TBODY} at (1,27) size 81x26
          RenderTableRow {TR} at (0,2) size 81x22
            RenderTableCell {TD} at (2,2) size 77x22 [border: (1px inset #808080)] [r=0 c=0 rs=1 cs=1]
              RenderText {#text} at (2,2) size 73x18
                text run at (2,2) width 73: "Kibology"
      RenderBlock {HR} at (0,476) size 784x2 [border: (1px inset #000000)]
      RenderTable {TABLE} at (0,486) size 83x90 [border: (1px outset #808080)]
        RenderTableSection {THEAD} at (1,37) size 81x26
          RenderTableRow {TR} at (0,2) size 81x22
            RenderTableCell {TD} at (2,2) size 77x22 [border: (1px inset #808080)] [r=0 c=0 rs=1 cs=1]
              RenderText {#text} at (2,2) size 61x18
                text run at (2,2) width 61: "Header"
        RenderBlock {CAPTION} at (0,0) size 81x36 [color=#008000] [bgcolor=#FFFFE0]
          RenderText {#text} at (11,0) size 76x36
            text run at (11,0) width 59: "Here is"
            text run at (2,18) width 76: "the table"
        RenderTableSection {TBODY} at (1,63) size 81x26
          RenderTableRow {TR} at (0,2) size 81x22
            RenderTableCell {TD} at (2,2) size 77x22 [border: (1px inset #808080)] [r=0 c=0 rs=1 cs=1]
              RenderText {#text} at (2,2) size 73x18
                text run at (2,2) width 73: "Kibology"
