layer at (0,0) size 800x600
  RenderView at (0,0) size 800x600
layer at (0,0) size 800x204
  RenderBlock {HTML} at (0,0) size 800x204
    RenderBody {BODY} at (8,8) size 784x188
      RenderTable {TABLE} at (0,0) size 200x76 [border: (1px outset #808080)]
        RenderTableSection {TBODY} at (1,1) size 198x74
          RenderTableRow {TR} at (0,2) size 198x22
            RenderTableCell {TD} at (2,2) size 96x22 [border: (1px inset #808080)] [r=0 c=0 rs=1 cs=1]
              RenderText {#text} at (2,2) size 36x18
                text run at (2,2) width 36: "AAA"
            RenderTableCell {TD} at (100,2) size 96x22 [border: (1px inset #808080)] [r=0 c=1 rs=1 cs=1]
              RenderText {#text} at (2,2) size 36x18
                text run at (2,2) width 36: "BBB"
          RenderTableRow {TR} at (0,26) size 198x22
            RenderTableCell {TD} at (2,26) size 96x22 [border: (1px inset #808080)] [r=1 c=0 rs=1 cs=1]
              RenderText {#text} at (42,2) size 12x18
                text run at (42,2) width 12: "A"
            RenderTableCell {TD} at (100,26) size 96x22 [border: (1px inset #808080)] [r=1 c=1 rs=1 cs=1]
              RenderText {#text} at (42,2) size 12x18
                text run at (42,2) width 12: "B"
          RenderTableRow {TR} at (0,50) size 198x22
            RenderTableCell {TD} at (2,50) size 96x22 [border: (1px inset #808080)] [r=2 c=0 rs=1 cs=1]
              RenderText {#text} at (82,2) size 12x18
                text run at (82,2) width 12: "A"
            RenderTableCell {TD} at (100,50) size 96x22 [border: (1px inset #808080)] [r=2 c=1 rs=1 cs=1]
              RenderText {#text} at (82,2) size 12x18
                text run at (82,2) width 12: "B"
      RenderBlock (anonymous) at (0,76) size 784x18
        RenderBR {BR} at (0,0) size 0x18
      RenderTable {TABLE} at (0,94) size 784x76 [border: (1px outset #808080)]
        RenderTableSection {TBODY} at (1,1) size 782x74
          RenderTableRow {TR} at (0,2) size 782x22
            RenderTableCell {TD} at (2,2) size 372x22 [border: (1px inset #808080)] [r=0 c=0 rs=1 cs=1]
              RenderText {#text} at (2,2) size 42x18
                text run at (2,2) width 42: "<tr>"
            RenderTableCell {TH} at (376,2) size 212x22 [border: (1px inset #808080)] [r=0 c=1 rs=1 cs=1]
              RenderText {#text} at (57,2) size 97x18
                text run at (57,2) width 97: "th: Center"
            RenderTableCell {TD} at (590,2) size 190x22 [border: (1px inset #808080)] [r=0 c=2 rs=1 cs=1]
              RenderText {#text} at (2,2) size 61x18
                text run at (2,2) width 61: "td: Left"
          RenderTableRow {TR} at (0,26) size 782x22
            RenderTableCell {TD} at (2,26) size 372x22 [border: (1px inset #808080)] [r=1 c=0 rs=1 cs=1]
              RenderText {#text} at (2,2) size 147x18
                text run at (2,2) width 147: "<tr align=\"left\">"
            RenderTableCell {TH} at (376,26) size 212x22 [border: (1px inset #808080)] [r=1 c=1 rs=1 cs=1]
              RenderText {#text} at (2,2) size 71x18
                text run at (2,2) width 71: "th: Left"
            RenderTableCell {TD} at (590,26) size 190x22 [border: (1px inset #808080)] [r=1 c=2 rs=1 cs=1]
              RenderText {#text} at (2,2) size 61x18
                text run at (2,2) width 61: "td: Left"
          RenderTableRow {TR} at (0,50) size 782x22
            RenderTableCell {TD} at (2,50) size 372x22 [border: (1px inset #808080)] [r=2 c=0 rs=1 cs=1]
              RenderText {#text} at (2,2) size 173x18
                text run at (2,2) width 173: "<tr align=\"center\">"
            RenderTableCell {TH} at (376,50) size 212x22 [border: (1px inset #808080)] [r=2 c=1 rs=1 cs=1]
              RenderText {#text} at (57,2) size 97x18
                text run at (57,2) width 97: "th: Center"
            RenderTableCell {TD} at (590,50) size 190x22 [border: (1px inset #808080)] [r=2 c=2 rs=1 cs=1]
              RenderText {#text} at (52,2) size 86x18
                text run at (52,2) width 86: "td: Center"
      RenderBlock (anonymous) at (0,170) size 784x18
        RenderBR {BR} at (0,0) size 0x18
