layer at (0,0) size 800x600
  RenderView at (0,0) size 800x600
layer at (0,0) size 800x600
  RenderBlock {HTML} at (0,0) size 800x600
    RenderBody {BODY} at (8,8) size 784x584
      RenderBlock (anonymous) at (0,0) size 784x162
        RenderText {#text} at (0,0) size 773x162
          text run at (0,0) width 680: "Here's the HTML test case, extracted from the Netcenter Address Book page. At "
          text run at (680,0) width 82: "the top of"
          text run at (0,18) width 479: "the address book is a \"tool bar\" with options like \"New,\" "
          text run at (479,18) width 197: "\"Directory,\" \"Sign-out,\""
          text run at (0,36) width 418: "\"Customize,\" etc. These are areas in a client side "
          text run at (418,36) width 355: "image map. You should be able to click on"
          text run at (0,54) width 322: "these areas of the map, including the "
          text run at (322,54) width 398: "areas on the right side of the map. However, in"
          text run at (0,72) width 266: "NGLayout, the right side of the "
          text run at (266,72) width 488: "map isn't \"clickable\" -- the cursor doesn't change and the"
          text run at (0,90) width 125: "link cannot be "
          text run at (125,90) width 105: "\"activated.\" "
          text run at (230,90) width 537: "I think somewhere we're miscalculating where the imagemap's"
          text run at (0,108) width 163: "areas are, because "
          text run at (163,108) width 584: "the areas on the left still work, although clicking on them sometimes"
          text run at (0,126) width 75: "crashes. "
          text run at (75,126) width 596: "It's as though NGLayout thinks the Imagemap areas are located a few "
          text run at (671,126) width 72: "hundred"
          text run at (0,144) width 148: "pixels to the left. "
        RenderBR {BR} at (0,0) size 0x0
      RenderTable {TABLE} at (0,162) size 712x63
        RenderTableSection {TBODY} at (0,0) size 712x63
          RenderTableRow {TR} at (0,2) size 712x59
            RenderTableCell {TD} at (2,21) size 252x20 [r=0 c=0 rs=1 cs=1]
              RenderText {#text} at (1,1) size 250x18
                text run at (1,1) width 250: "Let's put some space in here!"
            RenderTableCell {TD} at (256,2) size 454x59 [r=0 c=1 rs=1 cs=1]
              RenderTable {TABLE} at (1,1) size 452x57
                RenderTableSection {TBODY} at (0,0) size 452x57
                  RenderTableRow {TR} at (0,2) size 452x53
                    RenderTableCell {TD} at (2,2) size 448x53 [r=0 c=0 rs=1 cs=1]
                      RenderTable {TABLE} at (1,1) size 446x51
                        RenderTableSection {TBODY} at (0,0) size 446x51
                          RenderTableRow {TR} at (0,2) size 446x47
                            RenderTableCell {TD} at (2,2) size 442x47 [r=0 c=0 rs=1 cs=1]
                              RenderImage {IMG} at (1,45) size 4x1
                              RenderImage {IMG} at (5,6) size 436x35
                              RenderText {#text} at (0,0) size 0x0
                              RenderInline {MAP} at (0,0) size 0x0
                                RenderText {#text} at (0,0) size 0x0
                                RenderText {#text} at (0,0) size 0x0
                                RenderText {#text} at (0,0) size 0x0
                                RenderText {#text} at (0,0) size 0x0
                                RenderText {#text} at (0,0) size 0x0
                                RenderText {#text} at (0,0) size 0x0
                                RenderText {#text} at (0,0) size 0x0
                                RenderText {#text} at (0,0) size 0x0
                                RenderText {#text} at (0,0) size 0x0
                                RenderText {#text} at (0,0) size 0x0
                              RenderText {#text} at (0,0) size 0x0
