layer at (0,0) size 800x600
  RenderView at (0,0) size 800x600
layer at (0,0) size 800x600
  RenderBlock {HTML} at (0,0) size 800x600
    RenderBody {BODY} at (8,8) size 784x575
      RenderBlock {P} at (0,0) size 784x45
        RenderBlock (anonymous) at (0,0) size 784x21
          RenderInline {CODE} at (0,0) size 310x21
            RenderText {#text} at (0,0) size 310x21
              text run at (0,0) width 310: "<TABLE border=\"0\" frame=\"void\">"
          RenderText {#text} at (0,0) size 0x0
        RenderTable {TABLE} at (0,21) size 88x24
          RenderTableSection {TBODY} at (0,0) size 88x24
            RenderTableRow {TR} at (0,2) size 88x20
              RenderTableCell {TD} at (2,2) size 34x20 [r=0 c=0 rs=1 cs=1]
                RenderText {#text} at (1,1) size 32x18
                  text run at (1,1) width 32: "Left"
              RenderTableCell {TD} at (38,2) size 48x20 [r=0 c=1 rs=1 cs=1]
                RenderText {#text} at (1,1) size 46x18
                  text run at (1,1) width 46: "Right"
