layer at (0,0) size 800x600
  RenderView at (0,0) size 800x600
layer at (0,0) size 800x600
  RenderBlock {HTML} at (0,0) size 800x600
    RenderBody {BODY} at (8,8) size 784x584 [bgcolor=#C0C0C0]
      RenderTable {TABLE} at (0,0) size 784x88 [border: (4px outset #808080)]
        RenderTableSection {TBODY} at (4,4) size 776x80
          RenderTableRow {TR} at (0,2) size 776x76
            RenderTableCell {TD} at (2,20) size 712x40 [border: (1px inset #808080)] [r=0 c=0 rs=1 cs=1]
              RenderTable {TABLE} at (2,2) size 123x36 [border: (5px outset #808080)]
                RenderTableSection {TBODY} at (5,5) size 113x26
                  RenderTableRow {TR} at (0,2) size 113x22
                    RenderTableCell {TD} at (2,2) size 109x22 [border: (1px inset #808080)] [r=0 c=0 rs=1 cs=1]
                      RenderText {#text} at (2,2) size 60x18
                        text run at (2,2) width 60: "This is "
                      RenderText {#text} at (62,2) size 45x18
                        text run at (62,2) width 45: "cell 1"
            RenderTableCell {TD} at (716,2) size 58x76 [border: (1px inset #808080)] [r=0 c=1 rs=1 cs=1]
              RenderText {#text} at (2,2) size 54x72
                text run at (2,2) width 43: "Hello"
                text run at (2,20) width 54: "world!"
                text run at (2,38) width 43: "Hello"
                text run at (2,56) width 54: "world!"
