layer at (0,0) size 800x600
  RenderView at (0,0) size 800x600
layer at (0,0) size 800x252
  RenderBlock {HTML} at (0,0) size 800x252
    RenderBody {BODY} at (8,17) size 784x218
      RenderTable {TABLE} at (0,0) size 200x30 [border: (2px solid #000000)]
        RenderTableSection {TBODY} at (2,2) size 196x26
          RenderTableRow {TR} at (0,2) size 196x22
            RenderTableCell {TD} at (2,2) size 192x22 [bgcolor=#EEFFEE] [border: (1px solid #808080)] [r=0 c=0 rs=1 cs=1]
              RenderText {#text} at (2,2) size 160x18
                text run at (2,2) width 160: "no cols or colspans"
      RenderTable {TABLE} at (0,47) size 200x30 [border: (2px solid #000000)]
        RenderTableSection {TBODY} at (2,2) size 196x26
          RenderTableRow {TR} at (0,2) size 196x22
            RenderTableCell {TD} at (2,2) size 192x22 [bgcolor=#EEFFEE] [border: (1px solid #808080)] [r=0 c=0 rs=1 cs=1]
              RenderText {#text} at (2,2) size 58x18
                text run at (2,2) width 58: "cols=4"
      RenderTable {TABLE} at (0,94) size 200x30 [border: (2px solid #000000)]
        RenderTableSection {TBODY} at (2,2) size 196x26
          RenderTableRow {TR} at (0,2) size 196x22
            RenderTableCell {TD} at (2,2) size 192x22 [bgcolor=#EEFFEE] [border: (1px solid #808080)] [r=0 c=0 rs=1 cs=4]
              RenderText {#text} at (2,2) size 90x18
                text run at (2,2) width 90: "colspan=4"
      RenderTable {TABLE} at (0,141) size 200x30 [border: (2px solid #000000)]
        RenderTableSection {TBODY} at (2,2) size 196x26
          RenderTableRow {TR} at (0,2) size 196x22
            RenderTableCell {TD} at (2,2) size 192x22 [bgcolor=#EEFFEE] [border: (1px solid #808080)] [r=0 c=0 rs=1 cs=4]
              RenderText {#text} at (2,2) size 158x18
                text run at (2,2) width 158: "cols=4, colspan=4"
      RenderTable {TABLE} at (0,188) size 200x30 [border: (2px solid #000000)]
        RenderTableSection {TBODY} at (2,2) size 196x26
          RenderTableRow {TR} at (0,2) size 196x22
            RenderTableCell {TD} at (2,2) size 192x22 [bgcolor=#EEFFEE] [border: (1px solid #808080)] [r=0 c=0 rs=1 cs=4]
              RenderText {#text} at (2,2) size 107x18
                text run at (2,2) width 107: "see previous"
