layer at (0,0) size 800x600
  RenderView at (0,0) size 800x600
layer at (0,0) size 800x600
  RenderBlock {HTML} at (0,0) size 800x600
    RenderBody {BODY} at (8,8) size 784x584
      RenderBlock (anonymous) at (0,0) size 784x36
        RenderText {#text} at (0,0) size 351x18
          text run at (0,0) width 351: "Tables: both lines should be 1 pixel thick."
        RenderBR {BR} at (351,13) size 0x0
        RenderBR {BR} at (0,18) size 0x18
      RenderTable {TABLE} at (0,36) size 37x5
        RenderTableSection {TBODY} at (0,0) size 37x5
          RenderTableRow {TR} at (0,2) size 37x1
            RenderTableCell {TD} at (2,2) size 31x1 [bgcolor=#FF0000] [r=0 c=0 rs=1 cs=1]
              RenderImage {IMG} at (0,0) size 30x1
            RenderTableCell {TD} at (35,2) size 0x0 [r=0 c=1 rs=1 cs=1]
      RenderBlock (anonymous) at (0,41) size 784x18
        RenderBR {BR} at (0,0) size 0x18
      RenderTable {TABLE} at (0,59) size 34x5
        RenderTableSection {TBODY} at (0,0) size 34x5
          RenderTableRow {TR} at (0,2) size 34x1
            RenderTableCell {TD} at (2,2) size 30x1 [bgcolor=#FF0000] [r=0 c=0 rs=1 cs=1]
              RenderImage {IMG} at (0,0) size 30x1
      RenderBlock (anonymous) at (0,64) size 784x196
        RenderBR {BR} at (0,0) size 0x18
        RenderBR {BR} at (0,18) size 0x18
        RenderBR {BR} at (0,36) size 0x18
        RenderText {#text} at (0,54) size 527x18
          text run at (0,54) width 281: "2 texts, FACE=\"Arial, Helvetica\", "
          text run at (281,54) width 246: "1st at size=0, 2nd at size=-4"
        RenderBR {BR} at (527,67) size 0x0
        RenderBR {BR} at (0,72) size 0x18
        RenderInline {FONT} at (0,0) size 170x40
          RenderText {#text} at (0,90) size 170x20
            text run at (0,90) width 170: "Detonator 3.53 Drivers"
          RenderBR {BR} at (170,106) size 0x0
          RenderText {#text} at (0,110) size 125x20
            text run at (0,110) width 125: "Available NOW! "
        RenderBR {BR} at (125,126) size 0x0
        RenderBR {BR} at (0,130) size 0x18
        RenderInline {FONT} at (0,0) size 130x30
          RenderText {#text} at (0,148) size 130x15
            text run at (0,148) width 130: "Detonator 3.53 Drivers"
          RenderBR {BR} at (130,160) size 0x0
          RenderText {#text} at (0,163) size 97x15
            text run at (0,163) width 97: "Available NOW! "
        RenderBR {BR} at (97,175) size 0x0
        RenderBR {BR} at (0,178) size 0x18
