layer at (0,0) size 800x600
  RenderView at (0,0) size 800x600
layer at (0,0) size 800x600
  RenderBlock {HTML} at (0,0) size 800x600
    RenderBody {BODY} at (8,8) size 784x584 [bgcolor=#FFFFFF]
      RenderTable {TABLE} at (0,0) size 606x302 [border: (1px outset #808080)]
        RenderTableSection {TBODY} at (1,1) size 604x300
          RenderTableRow {TR} at (0,0) size 604x62
            RenderTableCell {TD} at (0,0) size 114x136 [border: (1px inset #808080)] [r=0 c=0 rs=3 cs=1]
              RenderImage {IMG} at (1,1) size 112x134
            RenderTableCell {TD} at (114,0) size 490x62 [border: (1px inset #808080)] [r=0 c=1 rs=1 cs=2]
              RenderImage {IMG} at (21,1) size 468x60
          RenderTableRow {TR} at (0,62) size 604x20
            RenderTableCell {TD} at (114,62) size 490x20 [border: (1px inset #808080)] [r=1 c=1 rs=1 cs=2]
              RenderTable {TABLE} at (1,1) size 488x18
                RenderTableSection {TBODY} at (0,0) size 488x18
                  RenderTableRow {TR} at (0,0) size 488x18
                    RenderTableCell {TD} at (0,0) size 488x18 [r=0 c=0 rs=1 cs=1]
                      RenderText {#text} at (0,0) size 102x18
                        text run at (0,0) width 102: "Top Nav Bar"
          RenderTableRow {TR} at (0,82) size 604x218
            RenderTableCell {TD} at (114,190) size 337x2 [border: (1px inset #808080)] [r=2 c=1 rs=1 cs=1]
            RenderTableCell {TD} at (451,82) size 153x218 [border: (1px inset #808080)] [r=2 c=2 rs=1 cs=1]
              RenderInline {B} at (0,0) size 150x216
                RenderText {#text} at (1,1) size 150x216
                  text run at (1,1) width 90: "\"Freakish"
                  text run at (1,19) width 137: "animal-things,"
                  text run at (1,37) width 109: "all sporting"
                  text run at (1,55) width 85: "maniacal"
                  text run at (1,73) width 74: "smiles, "
                  text run at (75,73) width 41: "race"
                  text run at (1,91) width 148: "around a series"
                  text run at (1,109) width 134: "of ice-themed"
                  text run at (1,127) width 150: "tracks, showing"
                  text run at (1,145) width 46: "their"
                  text run at (1,163) width 104: "malformed"
                  text run at (1,181) width 117: "asses to the"
                  text run at (1,199) width 139: "entire world. \""
              RenderText {#text} at (0,0) size 0x0
