layer at (0,0) size 800x600
  RenderView at (0,0) size 800x600
layer at (0,0) size 800x600
  RenderBlock {HTML} at (0,0) size 800x600
    RenderBody {BODY} at (8,8) size 784x584 [bgcolor=#FFFFFF]
      RenderTable {TABLE} at (0,0) size 468x118
        RenderTableSection {TBODY} at (0,0) size 468x118
          RenderTableRow {TR} at (0,0) size 468x1
            RenderTableCell {TD} at (0,0) size 18x0 [r=0 c=0 rs=1 cs=3]
            RenderTableCell {TD} at (18,0) size 187x1 [r=0 c=3 rs=1 cs=1]
              RenderImage {IMG} at (0,0) size 187x1
            RenderTableCell {TD} at (205,0) size 20x1 [r=0 c=4 rs=1 cs=1]
              RenderImage {IMG} at (0,0) size 20x1
            RenderTableCell {TD} at (225,0) size 18x1 [r=0 c=5 rs=1 cs=1]
              RenderImage {IMG} at (0,0) size 18x1
            RenderTableCell {TD} at (243,0) size 18x0 [r=0 c=6 rs=1 cs=3]
            RenderTableCell {TD} at (261,0) size 187x1 [r=0 c=9 rs=1 cs=1]
              RenderImage {IMG} at (0,0) size 187x1
            RenderTableCell {TD} at (448,0) size 20x1 [r=0 c=10 rs=1 cs=1]
              RenderImage {IMG} at (0,0) size 20x1
          RenderTableRow {TR} at (0,1) size 468x22
            RenderTableCell {TD} at (0,1) size 18x22 [r=1 c=0 rs=1 cs=3]
              RenderImage {IMG} at (0,0) size 18x22
            RenderTableCell {TD} at (18,2) size 187x20 [bgcolor=#FFCC00] [r=1 c=3 rs=1 cs=1]
              RenderInline {A} at (0,0) size 125x18 [color=#0000EE]
                RenderInline {B} at (0,0) size 125x18
                  RenderInline {FONT} at (0,0) size 125x20
                    RenderText {#text} at (31,0) size 125x20
                      text run at (31,0) width 125: "Detailed Search"
              RenderText {#text} at (0,0) size 0x0
            RenderTableCell {TD} at (205,1) size 20x22 [r=1 c=4 rs=1 cs=1]
              RenderImage {IMG} at (0,0) size 20x22
            RenderTableCell {TD} at (225,3) size 18x18 [r=1 c=5 rs=1 cs=1]
              RenderText {#text} at (0,0) size 5x18
                text run at (0,0) width 5: " "
            RenderTableCell {TD} at (243,1) size 18x22 [r=1 c=6 rs=1 cs=3]
              RenderImage {IMG} at (0,0) size 18x22
            RenderTableCell {TD} at (261,2) size 187x20 [bgcolor=#FFCC00] [r=1 c=9 rs=1 cs=1]
              RenderInline {A} at (0,0) size 155x18 [color=#0000EE]
                RenderInline {B} at (0,0) size 155x18
                  RenderInline {FONT} at (0,0) size 155x20
                    RenderText {#text} at (16,0) size 155x20
                      text run at (16,0) width 155: "Search By Distance"
              RenderText {#text} at (0,0) size 0x0
            RenderTableCell {TD} at (448,1) size 20x22 [r=1 c=10 rs=1 cs=1]
              RenderImage {IMG} at (0,0) size 20x22
          RenderTableRow {TR} at (0,23) size 468x95
            RenderTableCell {TD} at (0,61) size 6x18 [r=2 c=0 rs=1 cs=1]
              RenderText {#text} at (0,0) size 5x18
                text run at (0,0) width 5: " "
            RenderTableCell {TD} at (6,61) size 7x18 [bgcolor=#EBEBE4] [r=2 c=1 rs=1 cs=1]
              RenderText {#text} at (0,0) size 5x18
                text run at (0,0) width 5: " "
            RenderTableCell {TD} at (13,23) size 212x95 [bgcolor=#EBEBE4] [r=2 c=2 rs=1 cs=3]
              RenderBlock {P} at (0,0) size 212x95
                RenderImage {IMG} at (0,0) size 1x5
                RenderBR {BR} at (1,5) size 0x0
                RenderInline {FONT} at (0,0) size 203x72
                  RenderText {#text} at (0,5) size 203x72
                    text run at (0,5) width 138: "Search using almost "
                    text run at (138,5) width 24: "any"
                    text run at (0,23) width 203: "combination of business name,"
                    text run at (0,41) width 192: "category, street address, city,"
                    text run at (0,59) width 185: "state, ZIP, or phone number."
                RenderInline {FONT} at (0,0) size 185x36
                  RenderBR {BR} at (185,73) size 0x0
                  RenderText {#text} at (0,77) size 4x18
                    text run at (0,77) width 4: " "
            RenderTableCell {TD} at (225,61) size 18x18 [r=2 c=5 rs=1 cs=1]
              RenderText {#text} at (0,0) size 5x18
                text run at (0,0) width 5: " "
            RenderTableCell {TD} at (243,61) size 7x18 [r=2 c=6 rs=1 cs=1]
              RenderText {#text} at (0,0) size 5x18
                text run at (0,0) width 5: " "
            RenderTableCell {TD} at (250,61) size 7x18 [bgcolor=#EBEBE4] [r=2 c=7 rs=1 cs=1]
              RenderText {#text} at (0,0) size 5x18
                text run at (0,0) width 5: " "
            RenderTableCell {TD} at (257,23) size 211x59 [bgcolor=#EBEBE4] [r=2 c=8 rs=1 cs=3]
              RenderInline {FONT} at (0,0) size 203x68
                RenderImage {IMG} at (0,0) size 1x5
                RenderBR {BR} at (1,5) size 0x0
                RenderText {#text} at (0,5) size 203x54
                  text run at (0,5) width 200: "Search for businesses within a"
                  text run at (0,23) width 203: "certain distance from a location"
                  text run at (0,41) width 78: "you specify."
