layer at (0,0) size 800x600
  RenderView at (0,0) size 800x600
layer at (0,0) size 800x116
  RenderBlock {HTML} at (0,0) size 800x116
    RenderBody {BODY} at (8,8) size 784x100
      RenderBlock (anonymous) at (0,0) size 784x18
        RenderText {#text} at (0,0) size 5x18
          text run at (0,0) width 5: " "
      RenderTable {TABLE} at (0,18) size 292x82 [border: (1px outset #808080)]
        RenderTableSection {TBODY} at (1,1) size 290x80
          RenderTableRow {TR} at (0,2) size 290x24
            RenderTableCell {TD} at (2,2) size 17x24 [border: (1px inset #808080)] [r=0 c=0 rs=1 cs=1]
              RenderText {#text} at (3,3) size 11x18
                text run at (3,3) width 11: "1"
            RenderTableCell {TD} at (21,15) size 180x24 [border: (1px inset #808080)] [r=0 c=1 rs=2 cs=3]
              RenderText {#text} at (3,3) size 174x18
                text run at (3,3) width 174: "colspan 3 rowspan 2"
            RenderTableCell {TD} at (203,2) size 28x24 [border: (1px inset #808080)] [r=0 c=4 rs=1 cs=1]
              RenderText {#text} at (3,3) size 11x18
                text run at (3,3) width 11: "3"
          RenderTableRow {TR} at (0,28) size 290x24
            RenderTableCell {TD} at (2,28) size 17x24 [border: (1px inset #808080)] [r=1 c=0 rs=1 cs=1]
              RenderText {#text} at (3,3) size 11x18
                text run at (3,3) width 11: "4"
            RenderTableCell {TD} at (203,28) size 28x24 [border: (1px inset #808080)] [r=1 c=4 rs=1 cs=1]
              RenderText {#text} at (3,3) size 11x18
                text run at (3,3) width 11: "5"
            RenderTableCell {TD} at (233,28) size 17x24 [border: (1px inset #808080)] [r=1 c=5 rs=1 cs=1]
              RenderText {#text} at (3,3) size 11x18
                text run at (3,3) width 11: "6"
            RenderTableCell {TD} at (252,28) size 17x24 [border: (1px inset #808080)] [r=1 c=6 rs=1 cs=1]
              RenderText {#text} at (3,3) size 11x18
                text run at (3,3) width 11: "7"
            RenderTableCell {TD} at (271,28) size 17x24 [border: (1px inset #808080)] [r=1 c=7 rs=1 cs=1]
              RenderText {#text} at (3,3) size 11x18
                text run at (3,3) width 11: "8"
          RenderTableRow {TR} at (0,54) size 290x24
            RenderTableCell {TD} at (2,54) size 17x24 [border: (1px inset #808080)] [r=2 c=0 rs=1 cs=1]
              RenderText {#text} at (3,3) size 11x18
                text run at (3,3) width 11: "9"
            RenderTableCell {TD} at (21,54) size 58x24 [border: (1px inset #808080)] [r=2 c=1 rs=1 cs=1]
              RenderText {#text} at (3,3) size 22x18
                text run at (3,3) width 22: "10"
            RenderTableCell {TD} at (81,54) size 59x24 [border: (1px inset #808080)] [r=2 c=2 rs=1 cs=1]
              RenderText {#text} at (3,3) size 22x18
                text run at (3,3) width 22: "11"
            RenderTableCell {TD} at (142,54) size 59x24 [border: (1px inset #808080)] [r=2 c=3 rs=1 cs=1]
              RenderText {#text} at (3,3) size 22x18
                text run at (3,3) width 22: "12"
            RenderTableCell {TD} at (203,54) size 28x24 [border: (1px inset #808080)] [r=2 c=4 rs=1 cs=1]
              RenderText {#text} at (3,3) size 22x18
                text run at (3,3) width 22: "13"
