layer at (0,0) size 800x600
  RenderView at (0,0) size 800x600
layer at (0,0) size 800x600
  RenderBlock {HTML} at (0,0) size 800x600
    RenderBody {BODY} at (8,8) size 784x584
      RenderBlock (anonymous) at (0,0) size 784x18
        RenderText {#text} at (0,0) size 5x18
          text run at (0,0) width 5: " "
      RenderTable {TABLE} at (0,18) size 217x56 [border: (1px outset #808080)]
        RenderTableSection {TBODY} at (1,1) size 215x54
          RenderTableRow {TR} at (0,2) size 215x24
            RenderTableCell {TD} at (2,2) size 99x24 [border: (1px inset #808080)] [r=0 c=0 rs=1 cs=1]
              RenderText {#text} at (3,3) size 93x18
                text run at (3,3) width 93: "Colspan=0"
          RenderTableRow {TR} at (0,28) size 215x24
            RenderTableCell {TD} at (2,28) size 99x24 [border: (1px inset #808080)] [r=1 c=0 rs=1 cs=1]
              RenderText {#text} at (3,3) size 48x18
                text run at (3,3) width 48: "Cell 2"
            RenderTableCell {TD} at (103,28) size 54x24 [border: (1px inset #808080)] [r=1 c=1 rs=1 cs=1]
              RenderText {#text} at (3,3) size 48x18
                text run at (3,3) width 48: "Cell 3"
            RenderTableCell {TD} at (159,28) size 54x24 [border: (1px inset #808080)] [r=1 c=2 rs=1 cs=1]
              RenderText {#text} at (3,3) size 48x18
                text run at (3,3) width 48: "Cell 4"
      RenderBlock (anonymous) at (0,74) size 784x18
        RenderBR {BR} at (0,0) size 0x18
      RenderTable {TABLE} at (0,92) size 217x82 [border: (1px outset #808080)]
        RenderTableSection {TBODY} at (1,1) size 215x80
          RenderTableRow {TR} at (0,2) size 215x24
            RenderTableCell {TD} at (2,2) size 99x24 [border: (1px inset #808080)] [r=0 c=0 rs=1 cs=1]
              RenderText {#text} at (3,3) size 48x18
                text run at (3,3) width 48: "Cell 2"
            RenderTableCell {TD} at (103,2) size 54x24 [border: (1px inset #808080)] [r=0 c=1 rs=1 cs=1]
              RenderText {#text} at (3,3) size 48x18
                text run at (3,3) width 48: "Cell 3"
            RenderTableCell {TD} at (159,2) size 54x24 [border: (1px inset #808080)] [r=0 c=2 rs=1 cs=1]
              RenderText {#text} at (3,3) size 48x18
                text run at (3,3) width 48: "Cell 4"
          RenderTableRow {TR} at (0,28) size 215x24
            RenderTableCell {TD} at (2,28) size 99x24 [border: (1px inset #808080)] [r=1 c=0 rs=1 cs=1]
              RenderText {#text} at (3,3) size 93x18
                text run at (3,3) width 93: "Colspan=0"
          RenderTableRow {TR} at (0,54) size 215x24
            RenderTableCell {TD} at (2,54) size 99x24 [border: (1px inset #808080)] [r=2 c=0 rs=1 cs=1]
              RenderText {#text} at (3,3) size 48x18
                text run at (3,3) width 48: "Cell 5"
            RenderTableCell {TD} at (103,54) size 54x24 [border: (1px inset #808080)] [r=2 c=1 rs=1 cs=1]
              RenderText {#text} at (3,3) size 48x18
                text run at (3,3) width 48: "Cell 6"
            RenderTableCell {TD} at (159,54) size 54x24 [border: (1px inset #808080)] [r=2 c=2 rs=1 cs=1]
              RenderText {#text} at (3,3) size 48x18
                text run at (3,3) width 48: "Cell 7"
