layer at (0,0) size 800x600
  RenderView at (0,0) size 800x600
layer at (0,0) size 800x600
  RenderBlock {HTML} at (0,0) size 800x600
    RenderBody {BODY} at (8,8) size 784x584
      RenderBlock {H3} at (0,0) size 784x21
        RenderText {#text} at (0,0) size 274x21
          text run at (0,0) width 274: "With long hidden values"
      RenderTable {TABLE} at (0,40) size 251x79 [border: (1px solid #FF0000)]
        RenderTableSection {TBODY} at (1,1) size 249x77
          RenderTableRow {TR} at (0,2) size 249x71
            RenderTableCell {TD} at (2,2) size 245x71 [r=0 c=0 rs=1 cs=1]
              RenderBlock {FORM} at (1,1) size 243x52
                RenderTextControl {INPUT} at (2,2) size 152x28 [bgcolor=#FFFFFF] [border: (2px inset #000000)]
                RenderText {#text} at (158,7) size 5x18
                  text run at (158,7) width 5: " "
                RenderButton {INPUT} at (165,2) size 49x28 [bgcolor=#C0C0C0] [border: (2px outset #C0C0C0)]
                  RenderBlock (anonymous) at (8,5) size 33x18
                    RenderText at (0,0) size 33x18
                      text run at (0,0) width 33: " Go "
                RenderText {#text} at (218,7) size 5x18
                  text run at (218,7) width 5: " "
                RenderBR {BR} at (223,20) size 0x0
                RenderText {#text} at (0,34) size 243x18
                  text run at (0,34) width 243: "Enter City Name or Zip Code"
          RenderTableRow {TR} at (0,75) size 249x0
      RenderBlock {HR} at (0,127) size 784x2 [border: (1px inset #000000)]
      RenderBlock {H3} at (0,148) size 784x21
        RenderText {#text} at (0,0) size 285x21
          text run at (0,0) width 285: "With short hidden values"
      RenderTable {TABLE} at (0,188) size 251x79 [border: (1px solid #FF0000)]
        RenderTableSection {TBODY} at (1,1) size 249x77
          RenderTableRow {TR} at (0,2) size 249x71
            RenderTableCell {TD} at (2,2) size 245x71 [r=0 c=0 rs=1 cs=1]
              RenderBlock {FORM} at (1,1) size 243x52
                RenderTextControl {INPUT} at (2,2) size 152x28 [bgcolor=#FFFFFF] [border: (2px inset #000000)]
                RenderText {#text} at (158,7) size 5x18
                  text run at (158,7) width 5: " "
                RenderButton {INPUT} at (165,2) size 49x28 [bgcolor=#C0C0C0] [border: (2px outset #C0C0C0)]
                  RenderBlock (anonymous) at (8,5) size 33x18
                    RenderText at (0,0) size 33x18
                      text run at (0,0) width 33: " Go "
                RenderText {#text} at (218,7) size 5x18
                  text run at (218,7) width 5: " "
                RenderBR {BR} at (223,20) size 0x0
                RenderText {#text} at (0,34) size 243x18
                  text run at (0,34) width 243: "Enter City Name or Zip Code"
          RenderTableRow {TR} at (0,75) size 249x0
layer at (17,59) size 146x18
  RenderBlock {DIV} at (3,5) size 146x18
layer at (17,207) size 146x18
  RenderBlock {DIV} at (3,5) size 146x18
