layer at (0,0) size 800x600
  RenderView at (0,0) size 800x600
layer at (0,0) size 800x600
  RenderBlock {HTML} at (0,0) size 800x600
    RenderBody {BODY} at (8,8) size 784x584
      RenderBlock (anonymous) at (0,0) size 784x0
        RenderInline {B} at (0,0) size 0x0
          RenderText {#text} at (0,0) size 0x0
          RenderText {#text} at (0,0) size 0x0
      RenderTable {TABLE} at (0,0) size 276x76 [border: (1px outset #808080)]
        RenderTableSection {TBODY} at (1,1) size 274x74
          RenderTableRow {TR} at (0,2) size 274x22
            RenderTableCell {TD} at (2,2) size 154x22 [border: (1px inset #808080)] [r=0 c=0 rs=1 cs=1]
              RenderText {#text} at (2,2) size 150x18
                text run at (2,2) width 150: "Click name to see"
            RenderTableCell {TD} at (158,14) size 114x22 [bgcolor=#00FF00] [border: (1px inset #808080)] [r=0 c=1 rs=2 cs=1]
              RenderText {#text} at (2,2) size 110x18
                text run at (2,2) width 110: "Mac Clbr Opt"
          RenderTableRow {TR} at (0,26) size 274x22
            RenderTableCell {TD} at (2,26) size 154x22 [border: (1px inset #808080)] [r=1 c=0 rs=1 cs=1]
              RenderText {#text} at (2,2) size 51x18
                text run at (2,2) width 51: "Guilty"
              RenderText {#text} at (0,0) size 0x0
          RenderTableRow {TR} at (0,50) size 274x22
            RenderTableCell {TD} at (2,50) size 154x22 [border: (1px inset #808080)] [r=2 c=0 rs=1 cs=1]
              RenderText {#text} at (2,2) size 5x18
                text run at (2,2) width 5: " "
            RenderTableCell {TD} at (158,50) size 114x22 [bgcolor=#FFFF00] [border: (1px inset #808080)] [r=2 c=1 rs=1 cs=1]
              RenderText {#text} at (2,2) size 26x18
                text run at (2,2) width 26: "L C"
