layer at (0,0) size 800x600
  RenderView at (0,0) size 800x600
layer at (0,0) size 800x600
  RenderBlock {HTML} at (0,0) size 800x600
    RenderBody {BODY} at (8,8) size 784x584 [bgcolor=#FFFFFF]
      RenderTable {TABLE} at (0,0) size 616x118 [border: (1px outset #808080)]
        RenderTableSection {TBODY} at (1,1) size 614x116
          RenderTableRow {TR} at (0,2) size 614x112
            RenderTableCell {TD} at (2,26) size 479x64 [border: (1px inset #808080)] [r=0 c=0 rs=1 cs=1]
              RenderTable {TABLE} at (2,2) size 475x60 [bgcolor=#BBBBBB]
                RenderTableSection {TBODY} at (0,0) size 475x60
                  RenderTableRow {TR} at (0,2) size 475x56
                    RenderTableCell {TD} at (2,29) size 2x2 [r=0 c=0 rs=1 cs=1]
                    RenderTableCell {TD} at (6,2) size 467x56 [r=0 c=1 rs=1 cs=1]
                      RenderText {#text} at (1,1) size 289x18
                        text run at (1,1) width 289: "Welcome to the new DaveCentral!"
                      RenderBR {BR} at (290,14) size 0x0
                      RenderText {#text} at (1,19) size 431x36
                        text run at (1,19) width 111: "I have a new "
                        text run at (112,19) width 311: "Linux software archive as well as the"
                        text run at (1,37) width 149: "Windows archive "
                        text run at (150,37) width 282: "you have come to know and love."
            RenderTableCell {TD} at (483,2) size 129x112 [bgcolor=#99CCCC] [border: (1px inset #808080)] [r=0 c=1 rs=1 cs=1]
              RenderText {#text} at (2,2) size 125x18
                text run at (2,2) width 125: "ANDOVER.NET"
              RenderBR {BR} at (127,15) size 0x0
              RenderText {#text} at (2,20) size 117x18
                text run at (2,20) width 117: "E-COMMERCE"
              RenderBR {BR} at (119,33) size 0x0
              RenderText {#text} at (2,38) size 105x72
                text run at (2,38) width 84: "Buy some"
                text run at (2,56) width 94: "smart stuff"
                text run at (2,74) width 40: "from"
                text run at (2,92) width 105: "Andover.Net"
