layer at (0,0) size 800x600
  RenderView at (0,0) size 800x600
layer at (0,0) size 800x145
  RenderBlock {html} at (0,0) size 800x145
    RenderBody {body} at (8,17) size 784x120
      RenderBlock {p} at (0,0) size 784x18
        RenderText {#text} at (0,0) size 446x18
          text run at (0,0) width 446: "There should be a green block under this paragraph."
      RenderTable {table} at (0,35) size 85x85 [bgcolor=#008000]
