layer at (0,0) size 800x600
  RenderView at (0,0) size 800x600
layer at (0,0) size 800x600
  RenderBlock {HTML} at (0,0) size 800x600
    RenderBody {BODY} at (8,8) size 784x584
      RenderTable {TABLE} at (0,0) size 784x93
        RenderTableSection {TBODY} at (0,0) size 784x93
          RenderTableRow {TR} at (0,2) size 784x89
            RenderTableCell {TD} at (2,2) size 651x89 [r=0 c=0 rs=1 cs=1]
              RenderTable {TABLE} at (1,1) size 649x87
                RenderTableSection {TBODY} at (0,0) size 649x87
                  RenderTableRow {TR} at (0,2) size 649x83
                    RenderTableCell {TD} at (2,2) size 645x83 [r=0 c=0 rs=1 cs=1]
                      RenderText {#text} at (1,1) size 72x81
                        text run at (1,1) width 72: "inside of"
                        text run at (1,64) width 43: "table"
                      RenderImage {IMG} at (44,19) size 600x58
            RenderTableCell {TD} at (655,27) size 127x38 [r=0 c=1 rs=1 cs=1]
              RenderText {#text} at (1,1) size 111x36
                text run at (1,1) width 90: "2nd row of"
                text run at (1,19) width 111: "outside table"
