layer at (0,0) size 800x600
  RenderView at (0,0) size 800x600
layer at (0,0) size 800x600
  RenderBlock {HTML} at (0,0) size 800x600
    RenderBody {BODY} at (8,8) size 784x584
      RenderTable {TABLE} at (0,0) size 85x124 [border: (1px outset #808080)]
        RenderTableSection {TBODY} at (1,1) size 83x122
          RenderTableRow {TR} at (0,2) size 83x22
            RenderTableCell {TD} at (2,2) size 79x22 [border: (1px inset #808080)] [r=0 c=0 rs=1 cs=1]
              RenderBlock {HR} at (3,10) size 72x2 [border: (1px inset #000000)]
          RenderTableRow {TR} at (0,26) size 83x94
            RenderTableCell {TD} at (2,26) size 79x94 [border: (1px inset #808080)] [r=1 c=0 rs=1 cs=1]
              RenderText {#text} at (2,2) size 60x90
                text run at (2,2) width 32: "this"
                text run at (2,20) width 57: "should"
                text run at (2,38) width 42: "wrap"
                text run at (2,56) width 53: "within"
                text run at (2,74) width 60: "this TD"
      RenderBlock (anonymous) at (0,124) size 784x18
        RenderBR {BR} at (0,0) size 0x18
      RenderTable {TABLE} at (0,142) size 92x124 [border: (1px outset #808080)]
        RenderTableSection {TBODY} at (1,1) size 90x122
          RenderTableRow {TR} at (0,2) size 90x22
            RenderTableCell {TD} at (2,2) size 86x22 [border: (1px inset #808080)] [r=0 c=0 rs=1 cs=1]
              RenderBlock {HR} at (2,10) size 82x2 [border: (1px inset #000000)]
          RenderTableRow {TR} at (0,26) size 90x94
            RenderTableCell {TD} at (2,26) size 86x94 [border: (1px inset #808080)] [r=1 c=0 rs=1 cs=1]
              RenderText {#text} at (2,2) size 60x90
                text run at (2,2) width 32: "this"
                text run at (2,20) width 57: "should"
                text run at (2,38) width 42: "wrap"
                text run at (2,56) width 53: "within"
                text run at (2,74) width 60: "this TD"
