layer at (0,0) size 800x600
  RenderView at (0,0) size 800x600
layer at (0,0) size 800x600
  RenderBlock {HTML} at (0,0) size 800x600
    RenderBody {BODY} at (8,8) size 784x584
      RenderTable {TABLE} at (0,0) size 578x95 [border: (1px outset #808080)]
        RenderTableSection {TBODY} at (1,1) size 576x93
          RenderTableRow {TR} at (0,2) size 576x65
            RenderTableCell {TD} at (2,23) size 171x22 [border: (1px inset #808080)] [r=0 c=0 rs=1 cs=1]
              RenderText {#text} at (2,2) size 38x18
                text run at (2,2) width 38: "Blah"
            RenderTableCell {TD} at (175,2) size 399x65 [border: (1px inset #808080)] [r=0 c=1 rs=1 cs=1]
              RenderTable {TABLE} at (152,2) size 94x61 [border: (1px outset #808080)]
                RenderTableSection {TBODY} at (1,1) size 92x59
                  RenderTableRow {TR} at (0,2) size 92x55
                    RenderTableCell {TD} at (2,2) size 88x55 [border: (1px inset #808080)] [r=0 c=0 rs=1 cs=1]
                      RenderBlock {FORM} at (2,2) size 84x34
                        RenderButton {INPUT} at (2,2) size 78x28 [bgcolor=#C0C0C0] [border: (2px outset #C0C0C0)]
                          RenderBlock (anonymous) at (8,5) size 62x18
                            RenderText at (0,0) size 62x18
                              text run at (0,0) width 62: "Submit"
                        RenderText {#text} at (0,0) size 0x0
          RenderTableRow {TR} at (0,69) size 576x22
            RenderTableCell {TD} at (2,69) size 572x22 [border: (1px inset #808080)] [r=1 c=0 rs=1 cs=2]
              RenderText {#text} at (2,2) size 568x18
                text run at (2,2) width 568: "This line is only here to separate the two columns in the row above"
