layer at (0,0) size 800x638
  RenderView at (0,0) size 800x600
layer at (0,0) size 800x638
  RenderBlock {HTML} at (0,0) size 800x638
    RenderBody {BODY} at (8,8) size 784x622 [bgcolor=#FFFFFF]
      RenderTable {TABLE} at (0,0) size 308x52 [border: (1px outset #808080)]
        RenderTableCol {COLGROUP} at (0,0) size 0x0
          RenderTableCol {COL} at (0,0) size 0x0
          RenderTableCol {COL} at (0,0) size 0x0
        RenderTableSection {TBODY} at (1,1) size 306x50
          RenderTableRow {TR} at (0,2) size 306x22
          RenderTableRow {TR} at (0,26) size 306x22
      RenderTable {TABLE} at (0,52) size 308x52 [border: (1px outset #808080)]
        RenderTableCol {COLGROUP} at (0,0) size 0x0
          RenderTableCol {COL} at (0,0) size 0x0
          RenderTableCol {COL} at (0,0) size 0x0
        RenderTableSection {TBODY} at (1,1) size 306x50
          RenderTableRow {TR} at (0,2) size 306x22
          RenderTableRow {TR} at (0,26) size 306x22
      RenderTable {TABLE} at (0,104) size 300x52 [border: (1px outset #808080)]
        RenderTableSection {TBODY} at (1,1) size 298x50
          RenderTableRow {TR} at (0,2) size 298x22
          RenderTableRow {TR} at (0,26) size 298x22
      RenderTable {TABLE} at (0,156) size 300x52 [border: (1px outset #808080)]
        RenderTableSection {TBODY} at (1,1) size 298x50
          RenderTableRow {TR} at (0,2) size 298x22
          RenderTableRow {TR} at (0,26) size 298x22
      RenderTable {TABLE} at (0,208) size 300x68 [border: (1px outset #808080)]
        RenderTableSection {TBODY} at (1,1) size 298x66
          RenderTableRow {TR} at (0,2) size 298x38
          RenderTableRow {TR} at (0,42) size 298x22
      RenderTable {TABLE} at (0,276) size 300x68 [border: (1px outset #808080)]
        RenderTableSection {TBODY} at (1,1) size 298x66
          RenderTableRow {TR} at (0,2) size 298x38
          RenderTableRow {TR} at (0,42) size 298x22
      RenderTable {TABLE} at (0,344) size 300x94 [border: (1px outset #808080)]
        RenderTableSection {TBODY} at (1,1) size 298x92
          RenderTableRow {TR} at (0,2) size 298x46
          RenderTableRow {TR} at (0,50) size 298x40
      RenderTable {TABLE} at (0,530) size 300x92 [border: (1px outset #808080)]
        RenderTableSection {TBODY} at (1,1) size 298x90
          RenderTableRow {TR} at (0,2) size 298x62
          RenderTableRow {TR} at (0,66) size 298x22
layer at (11,11) size 200x22 clip at (12,12) size 198x20
  RenderTableCell {TD} at (2,2) size 200x22 [bgcolor=#0000FF] [border: (1px inset #808080)] [r=0 c=0 rs=1 cs=1]
    RenderText {#text} at (2,2) size 5x18
      text run at (2,2) width 5: " "
layer at (213,11) size 100x22 clip at (214,12) size 98x20
  RenderTableCell {TD} at (204,2) size 100x22 [bgcolor=#0000FF] [border: (1px inset #808080)] [r=0 c=1 rs=1 cs=1]
    RenderText {#text} at (2,2) size 5x18
      text run at (2,2) width 5: " "
layer at (11,35) size 200x22 clip at (12,36) size 198x20
  RenderTableCell {TD} at (2,26) size 200x22 [bgcolor=#0000FF] [border: (1px inset #808080)] [r=1 c=0 rs=1 cs=1]
    RenderText {#text} at (2,2) size 5x18
      text run at (2,2) width 5: " "
layer at (213,35) size 100x22 clip at (214,36) size 98x20
  RenderTableCell {TD} at (204,26) size 100x22 [bgcolor=#0000FF] [border: (1px inset #808080)] [r=1 c=1 rs=1 cs=1]
    RenderText {#text} at (2,2) size 5x18
      text run at (2,2) width 5: " "
layer at (11,63) size 200x22 clip at (12,64) size 198x20
  RenderTableCell {TD} at (2,2) size 200x22 [bgcolor=#0000FF] [border: (1px inset #808080)] [r=0 c=0 rs=1 cs=1]
    RenderText {#text} at (2,2) size 5x18
      text run at (2,2) width 5: " "
layer at (213,63) size 100x22 clip at (214,64) size 98x20
  RenderTableCell {TD} at (204,2) size 100x22 [bgcolor=#0000FF] [border: (1px inset #808080)] [r=0 c=1 rs=1 cs=1]
    RenderText {#text} at (2,2) size 5x18
      text run at (2,2) width 5: " "
layer at (11,87) size 200x22 clip at (12,88) size 198x20
  RenderTableCell {TD} at (2,26) size 200x22 [bgcolor=#0000FF] [border: (1px inset #808080)] [r=1 c=0 rs=1 cs=1]
    RenderText {#text} at (2,2) size 5x18
      text run at (2,2) width 5: " "
layer at (213,87) size 100x22 clip at (214,88) size 98x20
  RenderTableCell {TD} at (204,26) size 100x22 [bgcolor=#0000FF] [border: (1px inset #808080)] [r=1 c=1 rs=1 cs=1]
    RenderText {#text} at (2,2) size 5x18
      text run at (2,2) width 5: " "
layer at (11,115) size 233x22 clip at (12,116) size 231x20
  RenderTableCell {TD} at (2,2) size 233x22 [bgcolor=#0000FF] [border: (1px inset #808080)] [r=0 c=0 rs=1 cs=1]
    RenderText {#text} at (2,2) size 5x18
      text run at (2,2) width 5: " "
layer at (246,115) size 59x22 clip at (247,116) size 57x20
  RenderTableCell {TD} at (237,2) size 59x22 [bgcolor=#0000FF] [border: (1px inset #808080)] [r=0 c=1 rs=1 cs=1]
    RenderText {#text} at (2,2) size 5x18
      text run at (2,2) width 5: " "
layer at (11,139) size 233x22 clip at (12,140) size 231x20
  RenderTableCell {TD} at (2,26) size 233x22 [bgcolor=#0000FF] [border: (1px inset #808080)] [r=1 c=0 rs=1 cs=1]
    RenderText {#text} at (2,2) size 5x18
      text run at (2,2) width 5: " "
layer at (246,139) size 59x22 clip at (247,140) size 57x20
  RenderTableCell {TD} at (237,26) size 59x22 [bgcolor=#0000FF] [border: (1px inset #808080)] [r=1 c=1 rs=1 cs=1]
    RenderText {#text} at (2,2) size 5x18
      text run at (2,2) width 5: " "
layer at (11,167) size 150x22 clip at (12,168) size 148x20
  RenderTableCell {TD} at (2,2) size 150x22 [bgcolor=#0000FF] [border: (1px inset #808080)] [r=0 c=0 rs=1 cs=1]
    RenderText {#text} at (2,2) size 5x18
      text run at (2,2) width 5: " "
layer at (163,167) size 142x22 clip at (164,168) size 140x20
  RenderTableCell {TD} at (154,2) size 142x22 [bgcolor=#0000FF] [border: (1px inset #808080)] [r=0 c=1 rs=1 cs=1]
    RenderText {#text} at (2,2) size 5x18
      text run at (2,2) width 5: " "
layer at (11,191) size 150x22 clip at (12,192) size 148x20
  RenderTableCell {TD} at (2,26) size 150x22 [bgcolor=#0000FF] [border: (1px inset #808080)] [r=1 c=0 rs=1 cs=1]
    RenderText {#text} at (2,2) size 5x18
      text run at (2,2) width 5: " "
layer at (163,191) size 142x22 clip at (164,192) size 140x20
  RenderTableCell {TD} at (154,26) size 142x22 [bgcolor=#0000FF] [border: (1px inset #808080)] [r=1 c=1 rs=1 cs=1]
    RenderText {#text} at (2,2) size 5x18
      text run at (2,2) width 5: " "
layer at (11,219) size 150x38 clip at (12,220) size 148x36 scrollWidth 205
  RenderTableCell {TD} at (2,2) size 150x38 [bgcolor=#0000FF] [border: (1px inset #808080)] [r=0 c=0 rs=1 cs=1]
    RenderBlock {FORM} at (2,2) size 146x34
      RenderButton {BUTTON} at (0,2) size 200x28 [bgcolor=#C0C0C0] [border: (2px outset #C0C0C0)]
        RenderBlock (anonymous) at (8,5) size 184x18
          RenderText {#text} at (63,0) size 57x18
            text run at (63,0) width 57: "button"
layer at (163,219) size 142x38 clip at (164,220) size 140x36
  RenderTableCell {TD} at (154,10) size 142x22 [bgcolor=#0000FF] [border: (1px inset #808080)] [r=0 c=1 rs=1 cs=1]
    RenderText {#text} at (2,2) size 5x18
      text run at (2,2) width 5: " "
layer at (11,259) size 150x22 clip at (12,260) size 148x20
  RenderTableCell {TD} at (2,42) size 150x22 [bgcolor=#0000FF] [border: (1px inset #808080)] [r=1 c=0 rs=1 cs=1]
    RenderText {#text} at (2,2) size 5x18
      text run at (2,2) width 5: " "
layer at (163,259) size 142x22 clip at (164,260) size 140x20
  RenderTableCell {TD} at (154,42) size 142x22 [bgcolor=#0000FF] [border: (1px inset #808080)] [r=1 c=1 rs=1 cs=1]
    RenderText {#text} at (2,2) size 5x18
      text run at (2,2) width 5: " "
layer at (11,287) size 279x38 clip at (12,288) size 277x36
  RenderTableCell {TD} at (2,2) size 279x38 [bgcolor=#0000FF] [border: (1px inset #808080)] [r=0 c=0 rs=1 cs=1]
    RenderBlock {FORM} at (2,2) size 275x34
      RenderButton {BUTTON} at (0,2) size 200x28 [bgcolor=#C0C0C0] [border: (2px outset #C0C0C0)]
        RenderBlock (anonymous) at (8,5) size 184x18
          RenderText {#text} at (63,0) size 57x18
            text run at (63,0) width 57: "button"
layer at (292,287) size 13x38 clip at (293,288) size 11x36
  RenderTableCell {TD} at (283,10) size 13x22 [bgcolor=#0000FF] [border: (1px inset #808080)] [r=0 c=1 rs=1 cs=1]
    RenderText {#text} at (2,2) size 5x18
      text run at (2,2) width 5: " "
layer at (11,327) size 279x22 clip at (12,328) size 277x20
  RenderTableCell {TD} at (2,42) size 279x22 [bgcolor=#0000FF] [border: (1px inset #808080)] [r=1 c=0 rs=1 cs=1]
    RenderText {#text} at (2,2) size 5x18
      text run at (2,2) width 5: " "
layer at (292,327) size 13x22 clip at (293,328) size 11x20
  RenderTableCell {TD} at (283,42) size 13x22 [bgcolor=#0000FF] [border: (1px inset #808080)] [r=1 c=1 rs=1 cs=1]
    RenderText {#text} at (2,2) size 5x18
      text run at (2,2) width 5: " "
layer at (11,355) size 150x46 clip at (12,356) size 148x44 scrollWidth 216
  RenderTableCell {TD} at (2,2) size 150x46 [bgcolor=#0000FF] [border: (1px inset #808080)] [r=0 c=0 rs=1 cs=1]
    RenderBlock {DIV} at (11,11) size 206x24 [border: (3px solid #000000)]
      RenderText {#text} at (3,3) size 26x18
        text run at (3,3) width 26: "div"
layer at (163,355) size 142x46 clip at (164,356) size 140x44
  RenderTableCell {TD} at (154,5) size 142x40 [bgcolor=#0000FF] [border: (1px inset #808080)] [r=0 c=1 rs=1 cs=1]
    RenderText {#text} at (11,11) size 5x18
      text run at (11,11) width 5: " "
layer at (11,403) size 150x40 clip at (12,404) size 148x38
  RenderTableCell {TD} at (2,50) size 150x40 [bgcolor=#0000FF] [border: (1px inset #808080)] [r=1 c=0 rs=1 cs=1]
    RenderText {#text} at (11,11) size 5x18
      text run at (11,11) width 5: " "
layer at (163,403) size 142x40 clip at (164,404) size 140x38
  RenderTableCell {TD} at (154,50) size 142x40 [bgcolor=#0000FF] [border: (1px inset #808080)] [r=1 c=1 rs=1 cs=1]
    RenderText {#text} at (11,11) size 5x18
      text run at (11,11) width 5: " "
layer at (8,446) size 300x92 clip at (9,447) size 298x90
  RenderTable {TABLE} at (0,438) size 300x92 [border: (1px outset #808080)]
    RenderTableSection {TBODY} at (1,1) size 298x90
      RenderTableRow {TR} at (0,2) size 298x62
      RenderTableRow {TR} at (0,66) size 298x22
layer at (11,449) size 150x62 clip at (12,450) size 148x60 scrollWidth 207
  RenderTableCell {TD} at (2,2) size 150x62 [bgcolor=#0000FF] [border: (1px inset #808080)] [r=0 c=0 rs=1 cs=1]
    RenderBlock {P} at (2,19) size 206x24 [border: (3px solid #000000)]
      RenderText {#text} at (3,3) size 38x18
        text run at (3,3) width 38: "para"
layer at (163,449) size 142x62 clip at (164,450) size 140x60
  RenderTableCell {TD} at (154,22) size 142x22 [bgcolor=#0000FF] [border: (1px inset #808080)] [r=0 c=1 rs=1 cs=1]
    RenderText {#text} at (2,2) size 5x18
      text run at (2,2) width 5: " "
layer at (11,513) size 150x22 clip at (12,514) size 148x20
  RenderTableCell {TD} at (2,66) size 150x22 [bgcolor=#0000FF] [border: (1px inset #808080)] [r=1 c=0 rs=1 cs=1]
    RenderText {#text} at (2,2) size 5x18
      text run at (2,2) width 5: " "
layer at (163,513) size 142x22 clip at (164,514) size 140x20
  RenderTableCell {TD} at (154,66) size 142x22 [bgcolor=#0000FF] [border: (1px inset #808080)] [r=1 c=1 rs=1 cs=1]
    RenderText {#text} at (2,2) size 5x18
      text run at (2,2) width 5: " "
layer at (11,541) size 254x62 clip at (12,542) size 252x60
  RenderTableCell {TD} at (2,2) size 254x62 [bgcolor=#0000FF] [border: (1px inset #808080)] [r=0 c=0 rs=1 cs=1]
    RenderBlock {P} at (2,19) size 206x24 [border: (3px solid #000000)]
      RenderText {#text} at (3,3) size 38x18
        text run at (3,3) width 38: "para"
layer at (267,541) size 38x62 clip at (268,542) size 36x60
  RenderTableCell {TD} at (258,22) size 38x22 [bgcolor=#0000FF] [border: (1px inset #808080)] [r=0 c=1 rs=1 cs=1]
    RenderText {#text} at (2,2) size 5x18
      text run at (2,2) width 5: " "
layer at (11,605) size 254x22 clip at (12,606) size 252x20
  RenderTableCell {TD} at (2,66) size 254x22 [bgcolor=#0000FF] [border: (1px inset #808080)] [r=1 c=0 rs=1 cs=1]
    RenderText {#text} at (2,2) size 5x18
      text run at (2,2) width 5: " "
layer at (267,605) size 38x22 clip at (268,606) size 36x20
  RenderTableCell {TD} at (258,66) size 38x22 [bgcolor=#0000FF] [border: (1px inset #808080)] [r=1 c=1 rs=1 cs=1]
    RenderText {#text} at (2,2) size 5x18
      text run at (2,2) width 5: " "
