layer at (0,0) size 800x600
  RenderView at (0,0) size 800x600
layer at (0,0) size 800x136
  RenderBlock {HTML} at (0,0) size 800x8
    RenderBody {BODY} at (8,8) size 784x0 [bgcolor=#FFFFFF]
      RenderTable {TABLE} at (0,0) size 118x123
        RenderBlock {CAPTION} at (0,0) size 118x18
          RenderText {#text} at (0,0) size 118x18
            text run at (0,0) width 118: "height=\"105\""
        RenderTableSection {TBODY} at (0,18) size 118x105
          RenderTableRow {TR} at (0,0) size 118x21
            RenderTableCell {TD} at (0,0) size 118x20 [r=0 c=0 rs=1 cs=1]
              RenderText {#text} at (1,1) size 87x18
                text run at (1,1) width 87: "Entry #01"
          RenderTableRow {TR} at (0,21) size 118x21
            RenderTableCell {TD} at (0,21) size 118x20 [r=1 c=0 rs=1 cs=1]
              RenderText {#text} at (1,1) size 87x18
                text run at (1,1) width 87: "Entry #02"
          RenderTableRow {TR} at (0,42) size 118x21
            RenderTableCell {TD} at (0,42) size 118x20 [r=2 c=0 rs=1 cs=1]
              RenderText {#text} at (1,1) size 87x18
                text run at (1,1) width 87: "Entry #03"
          RenderTableRow {TR} at (0,63) size 118x21
            RenderTableCell {TD} at (0,63) size 118x20 [r=3 c=0 rs=1 cs=1]
              RenderText {#text} at (1,1) size 87x18
                text run at (1,1) width 87: "Entry #04"
          RenderTableRow {TR} at (0,84) size 118x21
            RenderTableCell {TD} at (0,84) size 118x20 [r=4 c=0 rs=1 cs=1]
              RenderText {#text} at (1,1) size 87x18
                text run at (1,1) width 87: "Entry #05"
      RenderTable {TABLE} at (118,0) size 118x124
        RenderBlock {CAPTION} at (0,0) size 118x18
          RenderText {#text} at (0,0) size 118x18
            text run at (0,0) width 118: "height=\"106\""
        RenderTableSection {TBODY} at (0,18) size 118x106
          RenderTableRow {TR} at (0,0) size 118x21
            RenderTableCell {TD} at (0,0) size 118x20 [r=0 c=0 rs=1 cs=1]
              RenderText {#text} at (1,1) size 87x18
                text run at (1,1) width 87: "Entry #01"
          RenderTableRow {TR} at (0,21) size 118x21
            RenderTableCell {TD} at (0,21) size 118x20 [r=1 c=0 rs=1 cs=1]
              RenderText {#text} at (1,1) size 87x18
                text run at (1,1) width 87: "Entry #02"
          RenderTableRow {TR} at (0,42) size 118x21
            RenderTableCell {TD} at (0,42) size 118x20 [r=2 c=0 rs=1 cs=1]
              RenderText {#text} at (1,1) size 87x18
                text run at (1,1) width 87: "Entry #03"
          RenderTableRow {TR} at (0,63) size 118x21
            RenderTableCell {TD} at (0,63) size 118x20 [r=3 c=0 rs=1 cs=1]
              RenderText {#text} at (1,1) size 87x18
                text run at (1,1) width 87: "Entry #04"
          RenderTableRow {TR} at (0,84) size 118x22
            RenderTableCell {TD} at (0,85) size 118x20 [r=4 c=0 rs=1 cs=1]
              RenderText {#text} at (1,1) size 87x18
                text run at (1,1) width 87: "Entry #05"
      RenderTable {TABLE} at (236,0) size 118x125
        RenderBlock {CAPTION} at (0,0) size 118x18
          RenderText {#text} at (0,0) size 118x18
            text run at (0,0) width 118: "height=\"107\""
        RenderTableSection {TBODY} at (0,18) size 118x107
          RenderTableRow {TR} at (0,0) size 118x21
            RenderTableCell {TD} at (0,0) size 118x20 [r=0 c=0 rs=1 cs=1]
              RenderText {#text} at (1,1) size 87x18
                text run at (1,1) width 87: "Entry #01"
          RenderTableRow {TR} at (0,21) size 118x21
            RenderTableCell {TD} at (0,21) size 118x20 [r=1 c=0 rs=1 cs=1]
              RenderText {#text} at (1,1) size 87x18
                text run at (1,1) width 87: "Entry #02"
          RenderTableRow {TR} at (0,42) size 118x21
            RenderTableCell {TD} at (0,42) size 118x20 [r=2 c=0 rs=1 cs=1]
              RenderText {#text} at (1,1) size 87x18
                text run at (1,1) width 87: "Entry #03"
          RenderTableRow {TR} at (0,63) size 118x22
            RenderTableCell {TD} at (0,64) size 118x20 [r=3 c=0 rs=1 cs=1]
              RenderText {#text} at (1,1) size 87x18
                text run at (1,1) width 87: "Entry #04"
          RenderTableRow {TR} at (0,85) size 118x22
            RenderTableCell {TD} at (0,86) size 118x20 [r=4 c=0 rs=1 cs=1]
              RenderText {#text} at (1,1) size 87x18
                text run at (1,1) width 87: "Entry #05"
      RenderTable {TABLE} at (354,0) size 118x126
        RenderBlock {CAPTION} at (0,0) size 118x18
          RenderText {#text} at (0,0) size 118x18
            text run at (0,0) width 118: "height=\"108\""
        RenderTableSection {TBODY} at (0,18) size 118x108
          RenderTableRow {TR} at (0,0) size 118x21
            RenderTableCell {TD} at (0,0) size 118x20 [r=0 c=0 rs=1 cs=1]
              RenderText {#text} at (1,1) size 87x18
                text run at (1,1) width 87: "Entry #01"
          RenderTableRow {TR} at (0,21) size 118x21
            RenderTableCell {TD} at (0,21) size 118x20 [r=1 c=0 rs=1 cs=1]
              RenderText {#text} at (1,1) size 87x18
                text run at (1,1) width 87: "Entry #02"
          RenderTableRow {TR} at (0,42) size 118x22
            RenderTableCell {TD} at (0,43) size 118x20 [r=2 c=0 rs=1 cs=1]
              RenderText {#text} at (1,1) size 87x18
                text run at (1,1) width 87: "Entry #03"
          RenderTableRow {TR} at (0,64) size 118x22
            RenderTableCell {TD} at (0,65) size 118x20 [r=3 c=0 rs=1 cs=1]
              RenderText {#text} at (1,1) size 87x18
                text run at (1,1) width 87: "Entry #04"
          RenderTableRow {TR} at (0,86) size 118x22
            RenderTableCell {TD} at (0,87) size 118x20 [r=4 c=0 rs=1 cs=1]
              RenderText {#text} at (1,1) size 87x18
                text run at (1,1) width 87: "Entry #05"
      RenderTable {TABLE} at (472,0) size 118x127
        RenderBlock {CAPTION} at (0,0) size 118x18
          RenderText {#text} at (0,0) size 118x18
            text run at (0,0) width 118: "height=\"109\""
        RenderTableSection {TBODY} at (0,18) size 118x109
          RenderTableRow {TR} at (0,0) size 118x21
            RenderTableCell {TD} at (0,0) size 118x20 [r=0 c=0 rs=1 cs=1]
              RenderText {#text} at (1,1) size 87x18
                text run at (1,1) width 87: "Entry #01"
          RenderTableRow {TR} at (0,21) size 118x22
            RenderTableCell {TD} at (0,22) size 118x20 [r=1 c=0 rs=1 cs=1]
              RenderText {#text} at (1,1) size 87x18
                text run at (1,1) width 87: "Entry #02"
          RenderTableRow {TR} at (0,43) size 118x22
            RenderTableCell {TD} at (0,44) size 118x20 [r=2 c=0 rs=1 cs=1]
              RenderText {#text} at (1,1) size 87x18
                text run at (1,1) width 87: "Entry #03"
          RenderTableRow {TR} at (0,65) size 118x22
            RenderTableCell {TD} at (0,66) size 118x20 [r=3 c=0 rs=1 cs=1]
              RenderText {#text} at (1,1) size 87x18
                text run at (1,1) width 87: "Entry #04"
          RenderTableRow {TR} at (0,87) size 118x22
            RenderTableCell {TD} at (0,88) size 118x20 [r=4 c=0 rs=1 cs=1]
              RenderText {#text} at (1,1) size 87x18
                text run at (1,1) width 87: "Entry #05"
      RenderTable {TABLE} at (590,0) size 118x128
        RenderBlock {CAPTION} at (0,0) size 118x18
          RenderText {#text} at (0,0) size 118x18
            text run at (0,0) width 118: "height=\"110\""
        RenderTableSection {TBODY} at (0,18) size 118x110
          RenderTableRow {TR} at (0,0) size 118x22
            RenderTableCell {TD} at (0,1) size 118x20 [r=0 c=0 rs=1 cs=1]
              RenderText {#text} at (1,1) size 87x18
                text run at (1,1) width 87: "Entry #01"
          RenderTableRow {TR} at (0,22) size 118x22
            RenderTableCell {TD} at (0,23) size 118x20 [r=1 c=0 rs=1 cs=1]
              RenderText {#text} at (1,1) size 87x18
                text run at (1,1) width 87: "Entry #02"
          RenderTableRow {TR} at (0,44) size 118x22
            RenderTableCell {TD} at (0,45) size 118x20 [r=2 c=0 rs=1 cs=1]
              RenderText {#text} at (1,1) size 87x18
                text run at (1,1) width 87: "Entry #03"
          RenderTableRow {TR} at (0,66) size 118x22
            RenderTableCell {TD} at (0,67) size 118x20 [r=3 c=0 rs=1 cs=1]
              RenderText {#text} at (1,1) size 87x18
                text run at (1,1) width 87: "Entry #04"
          RenderTableRow {TR} at (0,88) size 118x22
            RenderTableCell {TD} at (0,89) size 118x20 [r=4 c=0 rs=1 cs=1]
              RenderText {#text} at (1,1) size 87x18
                text run at (1,1) width 87: "Entry #05"
