layer at (0,0) size 800x600
  RenderView at (0,0) size 800x600
layer at (0,0) size 800x600
  RenderBlock {HTML} at (0,0) size 800x600
    RenderBody {BODY} at (8,8) size 784x584
      RenderTable {TABLE} at (0,0) size 784x81 [bgcolor=#00FFFF] [border: (1px outset #808080)]
        RenderTableSection {TBODY} at (1,1) size 782x79
          RenderTableRow {TR} at (0,2) size 782x75
            RenderTableCell {TD} at (2,2) size 304x75 [border: (1px inset #808080)] [r=0 c=0 rs=1 cs=1]
              RenderInline {FONT} at (0,0) size 116x35 [color=#0000FF]
                RenderText {#text} at (2,2) size 116x35
                  text run at (2,2) width 116: "Mozilla"
              RenderText {#text} at (118,15) size 297x58
                text run at (118,15) width 181: " code available under"
                text run at (2,37) width 15: "a "
                text run at (17,37) width 188: "dual MPL/GPL license. "
                text run at (205,37) width 92: "See the for"
                text run at (2,55) width 86: "more info."
              RenderBR {BR} at (88,68) size 0x0
            RenderTableCell {TD} at (308,28) size 472x22 [border: (1px inset #808080)] [r=0 c=1 rs=1 cs=1]
              RenderText {#text} at (2,2) size 315x18
                text run at (2,2) width 315: "foo bar foo bar foo bar foo bar foo bar"
      RenderBlock (anonymous) at (0,81) size 784x52
        RenderBR {BR} at (0,0) size 0x18
        RenderButton {INPUT} at (2,20) size 73x28 [bgcolor=#C0C0C0] [border: (2px outset #C0C0C0)]
          RenderBlock (anonymous) at (8,5) size 57x18
            RenderText at (0,0) size 57x18
              text run at (0,0) width 57: "Reload"
        RenderText {#text} at (79,25) size 10x18
          text run at (79,25) width 10: "  "
        RenderButton {INPUT} at (91,20) size 124x28 [bgcolor=#C0C0C0] [border: (2px outset #C0C0C0)]
          RenderBlock (anonymous) at (8,5) size 108x18
            RenderText at (0,0) size 108x18
              text run at (0,0) width 108: "Change Font"
        RenderText {#text} at (219,25) size 10x18
          text run at (219,25) width 10: "  "
        RenderTextControl {INPUT} at (231,20) size 222x28 [bgcolor=#FFFFFF] [border: (2px inset #000000)]
        RenderText {#text} at (0,0) size 0x0
        RenderText {#text} at (0,0) size 0x0
        RenderText {#text} at (0,0) size 0x0
layer at (242,114) size 216x18
  RenderBlock {DIV} at (3,5) size 216x18
    RenderText {#text} at (1,0) size 11x18
      text run at (1,0) width 11: "6"
