layer at (0,0) size 800x600
  RenderView at (0,0) size 800x600
layer at (0,0) size 800x336
  RenderBlock {HTML} at (0,0) size 800x336
    RenderBody {BODY} at (8,8) size 784x320 [bgcolor=#FFFFFF]
      RenderTable {TABLE} at (0,0) size 236x320
        RenderTableSection {TBODY} at (0,0) size 236x320
          RenderTableRow {TR} at (0,0) size 236x40
            RenderTableCell {TD} at (0,0) size 59x40 [border: (1px solid #000000)] [r=0 c=0 rs=1 cs=1]
              RenderText {#text} at (11,11) size 37x18
                text run at (11,11) width 37: "blah"
            RenderTableCell {TD} at (59,0) size 59x40 [border: (1px solid #000000)] [r=0 c=1 rs=1 cs=1]
              RenderText {#text} at (11,11) size 37x18
                text run at (11,11) width 37: "blah"
            RenderTableCell {TD} at (118,0) size 59x40 [border: (1px solid #000000)] [r=0 c=2 rs=1 cs=1]
              RenderText {#text} at (11,11) size 37x18
                text run at (11,11) width 37: "blah"
            RenderTableCell {TD} at (177,0) size 59x40 [border: (1px solid #000000)] [r=0 c=3 rs=1 cs=1]
              RenderText {#text} at (11,11) size 37x18
                text run at (11,11) width 37: "blah"
          RenderTableRow {TR} at (0,40) size 236x40
            RenderTableCell {TD} at (0,40) size 59x40 [border: (1px solid #000000)] [r=1 c=0 rs=1 cs=1]
              RenderText {#text} at (11,11) size 37x18
                text run at (11,11) width 37: "blah"
            RenderTableCell {TD} at (59,40) size 59x40 [border: (1px solid #000000)] [r=1 c=1 rs=1 cs=1]
              RenderText {#text} at (11,11) size 37x18
                text run at (11,11) width 37: "blah"
            RenderTableCell {TD} at (118,40) size 59x40 [border: (1px solid #000000)] [r=1 c=2 rs=1 cs=1]
              RenderText {#text} at (11,11) size 37x18
                text run at (11,11) width 37: "blah"
            RenderTableCell {TD} at (177,40) size 59x40 [border: (1px solid #000000)] [r=1 c=3 rs=1 cs=1]
              RenderText {#text} at (11,11) size 37x18
                text run at (11,11) width 37: "blah"
          RenderTableRow {TR} at (0,80) size 236x40
            RenderTableCell {TD} at (0,80) size 59x40 [border: (1px solid #000000)] [r=2 c=0 rs=1 cs=1]
              RenderText {#text} at (11,11) size 37x18
                text run at (11,11) width 37: "blah"
            RenderTableCell {TD} at (59,80) size 59x40 [border: (1px solid #000000)] [r=2 c=1 rs=1 cs=1]
              RenderText {#text} at (11,11) size 37x18
                text run at (11,11) width 37: "blah"
            RenderTableCell {TD} at (118,80) size 59x40 [border: (1px solid #000000)] [r=2 c=2 rs=1 cs=1]
              RenderText {#text} at (11,11) size 37x18
                text run at (11,11) width 37: "blah"
            RenderTableCell {TD} at (177,80) size 59x40 [border: (1px solid #000000)] [r=2 c=3 rs=1 cs=1]
              RenderText {#text} at (11,11) size 37x18
                text run at (11,11) width 37: "blah"
          RenderTableRow {TR} at (0,120) size 236x40
            RenderTableCell {TD} at (0,120) size 59x40 [border: (1px solid #000000)] [r=3 c=0 rs=1 cs=1]
              RenderText {#text} at (11,11) size 37x18
                text run at (11,11) width 37: "blah"
            RenderTableCell {TD} at (59,120) size 59x40 [border: (1px solid #000000)] [r=3 c=1 rs=1 cs=1]
              RenderText {#text} at (11,11) size 37x18
                text run at (11,11) width 37: "blah"
            RenderTableCell {TD} at (118,120) size 59x40 [border: (1px solid #000000)] [r=3 c=2 rs=1 cs=1]
              RenderText {#text} at (11,11) size 37x18
                text run at (11,11) width 37: "blah"
            RenderTableCell {TD} at (177,120) size 59x40 [border: (1px solid #000000)] [r=3 c=3 rs=1 cs=1]
              RenderText {#text} at (11,11) size 37x18
                text run at (11,11) width 37: "blah"
          RenderTableRow {TR} at (0,160) size 236x40
            RenderTableCell {TD} at (0,160) size 59x40 [border: (1px solid #000000)] [r=4 c=0 rs=1 cs=1]
              RenderText {#text} at (11,11) size 37x18
                text run at (11,11) width 37: "blah"
            RenderTableCell {TD} at (59,160) size 59x40 [border: (1px solid #000000)] [r=4 c=1 rs=1 cs=1]
              RenderText {#text} at (11,11) size 37x18
                text run at (11,11) width 37: "blah"
            RenderTableCell {TD} at (118,160) size 59x40 [border: (1px solid #000000)] [r=4 c=2 rs=1 cs=1]
              RenderText {#text} at (11,11) size 37x18
                text run at (11,11) width 37: "blah"
            RenderTableCell {TD} at (177,160) size 59x40 [border: (1px solid #000000)] [r=4 c=3 rs=1 cs=1]
              RenderText {#text} at (11,11) size 37x18
                text run at (11,11) width 37: "blah"
          RenderTableRow {TR} at (0,200) size 236x40
            RenderTableCell {TD} at (0,200) size 59x40 [border: (1px solid #000000)] [r=5 c=0 rs=1 cs=1]
              RenderText {#text} at (11,11) size 37x18
                text run at (11,11) width 37: "blah"
            RenderTableCell {TD} at (59,200) size 59x40 [border: (1px solid #000000)] [r=5 c=1 rs=1 cs=1]
              RenderText {#text} at (11,11) size 37x18
                text run at (11,11) width 37: "blah"
            RenderTableCell {TD} at (118,200) size 59x40 [border: (1px solid #000000)] [r=5 c=2 rs=1 cs=1]
              RenderText {#text} at (11,11) size 37x18
                text run at (11,11) width 37: "blah"
            RenderTableCell {TD} at (177,200) size 59x40 [border: (1px solid #000000)] [r=5 c=3 rs=1 cs=1]
              RenderText {#text} at (11,11) size 37x18
                text run at (11,11) width 37: "blah"
          RenderTableRow {TR} at (0,240) size 236x40
            RenderTableCell {TD} at (0,240) size 59x40 [border: (1px solid #000000)] [r=6 c=0 rs=1 cs=1]
              RenderText {#text} at (11,11) size 37x18
                text run at (11,11) width 37: "blah"
            RenderTableCell {TD} at (59,240) size 59x40 [border: (1px solid #000000)] [r=6 c=1 rs=1 cs=1]
              RenderText {#text} at (11,11) size 37x18
                text run at (11,11) width 37: "blah"
            RenderTableCell {TD} at (118,240) size 59x40 [border: (1px solid #000000)] [r=6 c=2 rs=1 cs=1]
              RenderText {#text} at (11,11) size 37x18
                text run at (11,11) width 37: "blah"
            RenderTableCell {TD} at (177,240) size 59x40 [border: (1px solid #000000)] [r=6 c=3 rs=1 cs=1]
              RenderText {#text} at (11,11) size 37x18
                text run at (11,11) width 37: "blah"
          RenderTableRow {TR} at (0,280) size 236x40
            RenderTableCell {TD} at (0,280) size 59x40 [border: (1px solid #000000)] [r=7 c=0 rs=1 cs=1]
              RenderText {#text} at (11,11) size 37x18
                text run at (11,11) width 37: "blah"
            RenderTableCell {TD} at (59,280) size 59x40 [border: (1px solid #000000)] [r=7 c=1 rs=1 cs=1]
              RenderText {#text} at (11,11) size 37x18
                text run at (11,11) width 37: "blah"
            RenderTableCell {TD} at (118,280) size 59x40 [border: (1px solid #000000)] [r=7 c=2 rs=1 cs=1]
              RenderText {#text} at (11,11) size 37x18
                text run at (11,11) width 37: "blah"
            RenderTableCell {TD} at (177,280) size 59x40 [border: (1px solid #000000)] [r=7 c=3 rs=1 cs=1]
              RenderText {#text} at (11,11) size 37x18
                text run at (11,11) width 37: "blah"
