layer at (0,0) size 800x600
  RenderView at (0,0) size 800x600
layer at (0,0) size 800x600
  RenderBlock {HTML} at (0,0) size 800x600
    RenderBody {BODY} at (8,8) size 784x584
      RenderTable {TABLE} at (0,0) size 624x171
        RenderTableSection {TBODY} at (0,0) size 624x171
          RenderTableRow {TR} at (0,2) size 624x60
            RenderTableCell {TD} at (2,2) size 150x1 [r=0 c=0 rs=2 cs=1]
              RenderImage {IMG} at (0,0) size 150x1
            RenderTableCell {TD} at (154,2) size 468x60 [r=0 c=1 rs=1 cs=2]
              RenderImage {IMG} at (0,0) size 468x60
          RenderTableRow {TR} at (0,64) size 624x105
            RenderTableCell {TD} at (154,64) size 297x105 [r=1 c=1 rs=1 cs=1]
              RenderTable {TABLE} at (0,0) size 297x105
                RenderTableSection {TBODY} at (0,0) size 297x105
                  RenderTableRow {TR} at (0,0) size 297x9
                    RenderTableCell {TD} at (0,0) size 297x9 [r=0 c=0 rs=1 cs=2]
                      RenderImage {IMG} at (3,3) size 126x3
                      RenderText {#text} at (0,0) size 0x0
                  RenderTableRow {TR} at (0,9) size 297x96
                    RenderTableCell {TD} at (0,9) size 149x60 [r=1 c=0 rs=1 cs=1]
                      RenderText {#text} at (3,3) size 128x54
                        text run at (3,3) width 37: "New"
                        text run at (3,21) width 128: "WidgetMasters"
                        text run at (3,39) width 105: "every Week!"
                    RenderTableCell {TD} at (149,9) size 148x96 [r=1 c=1 rs=1 cs=1]
                      RenderText {#text} at (3,3) size 126x90
                        text run at (3,3) width 119: "WidgetMaster"
                        text run at (3,21) width 121: "can build your"
                        text run at (3,39) width 93: "company a"
                        text run at (3,57) width 63: "custom"
                        text run at (3,75) width 126: "WidgetMaster!"
            RenderTableCell {TD} at (453,64) size 169x22 [r=1 c=2 rs=1 cs=1]
              RenderTable {TABLE} at (0,0) size 33x22 [border: (1px outset #808080)]
                RenderTableSection {TBODY} at (1,1) size 31x20
                  RenderTableRow {TR} at (0,0) size 31x20
                    RenderTableCell {TD} at (0,0) size 31x20 [border: (1px inset #808080)] [r=0 c=0 rs=1 cs=1]
                      RenderText {#text} at (1,1) size 29x18
                        text run at (1,1) width 29: "cell"
