layer at (0,0) size 800x600
  RenderView at (0,0) size 800x600
layer at (0,0) size 800x600
  RenderBlock {HTML} at (0,0) size 800x600
    RenderBody {BODY} at (8,8) size 784x584
      RenderBlock (anonymous) at (0,0) size 784x18
        RenderText {#text} at (0,0) size 55x18
          text run at (0,0) width 55: "25016"
      RenderTable {TABLE} at (0,18) size 50x30
        RenderTableSection {TBODY} at (0,0) size 50x24
          RenderTableRow {TR} at (0,2) size 50x20
            RenderTableCell {TD} at (2,2) size 46x20 [r=0 c=0 rs=1 cs=1]
              RenderText {#text} at (1,1) size 44x18
                text run at (1,1) width 44: "4659"
        RenderBlock {CAPTION} at (0,0) size 50x0
        RenderTableSection {TBODY} at (0,24) size 50x6
          RenderTableRow {TR} at (0,2) size 50x2
            RenderTableCell {TH} at (2,2) size 46x2 [r=0 c=0 rs=1 cs=1]
        RenderTableCol {COLGROUP} at (0,0) size 0x0
