layer at (0,0) size 800x600
  RenderView at (0,0) size 800x600
layer at (0,0) size 800x134
  RenderBlock {HTML} at (0,0) size 800x134
    RenderBody {BODY} at (8,8) size 784x118
      RenderBlock {FORM} at (0,0) size 784x60
        RenderButton {INPUT} at (2,0) size 405x28 [bgcolor=#C0C0C0] [border: (2px outset #C0C0C0)]
          RenderBlock (anonymous) at (8,5) size 389x18
            RenderText at (0,0) size 389x18
              text run at (0,0) width 389: "[Step 1] Set cell width to 60px (nothing seen)"
        RenderButton {INPUT} at (2,32) size 409x28 [bgcolor=#C0C0C0] [border: (2px outset #C0C0C0)]
          RenderBlock (anonymous) at (8,5) size 393x18
            RenderText at (0,0) size 393x18
              text run at (0,0) width 393: "[Step 2] Set cell width to 20px (garbage seen)"
      RenderTable {TABLE} at (0,64) size 40x54
        RenderTableSection {TBODY} at (0,0) size 40x54
          RenderTableRow {TR} at (0,2) size 40x24
            RenderTableCell {TD} at (2,2) size 17x24 [border: (2px solid #000000)] [r=0 c=0 rs=1 cs=1]
              RenderText {#text} at (3,3) size 11x18
                text run at (3,3) width 11: "1"
            RenderTableCell {TD} at (21,2) size 17x24 [border: (2px solid #000000)] [r=0 c=1 rs=1 cs=1]
              RenderText {#text} at (3,3) size 11x18
                text run at (3,3) width 11: "2"
          RenderTableRow {TR} at (0,28) size 40x24
            RenderTableCell {TD} at (2,28) size 17x24 [border: (2px solid #000000)] [r=1 c=0 rs=1 cs=1]
              RenderText {#text} at (3,3) size 11x18
                text run at (3,3) width 11: "2"
            RenderTableCell {TD} at (21,28) size 17x24 [border: (2px solid #000000)] [r=1 c=1 rs=1 cs=1]
              RenderText {#text} at (3,3) size 11x18
                text run at (3,3) width 11: "2"
