layer at (0,0) size 800x600
  RenderView at (0,0) size 800x600
layer at (0,0) size 800x600
  RenderBlock {HTML} at (0,0) size 800x600
    RenderBody {BODY} at (8,8) size 784x584
      RenderTable {TABLE} at (0,0) size 129x54 [border: (1px outset #808080)]
        RenderTableSection {THEAD} at (1,1) size 127x26
          RenderTableRow {TR} at (0,2) size 127x22
            RenderTableCell {TH} at (2,2) size 123x22 [border: (1px inset #808080)] [r=0 c=0 rs=1 cs=1]
              RenderText {#text} at (2,2) size 119x18
                text run at (2,2) width 119: "inside thead"
        RenderTableSection {TBODY} at (1,27) size 127x26
          RenderTableRow {TR} at (0,2) size 127x22
            RenderTableCell {TD} at (2,2) size 123x22 [border: (1px inset #808080)] [r=0 c=0 rs=1 cs=1]
              RenderText {#text} at (2,2) size 105x18
                text run at (2,2) width 105: "inside tbody"
