layer at (0,0) size 800x600
  RenderView at (0,0) size 800x600
layer at (0,0) size 800x600
  RenderBlock {HTML} at (0,0) size 800x600
    RenderBody {BODY} at (8,8) size 784x575
      RenderBlock {FORM} at (0,0) size 784x316
        RenderTable {TABLE} at (0,0) size 784x316 [border: (1px outset #808080)]
          RenderTableSection {TBODY} at (1,1) size 782x314
            RenderTableRow {TR} at (0,2) size 782x22
              RenderTableCell {TH} at (2,2) size 25x22 [border: (1px inset #808080)] [r=0 c=0 rs=1 cs=1]
                RenderText {#text} at (5,2) size 14x18
                  text run at (5,2) width 14: "#"
              RenderTableCell {TH} at (29,2) size 103x22 [border: (1px inset #808080)] [r=0 c=1 rs=1 cs=1]
                RenderText {#text} at (2,2) size 99x18
                  text run at (2,2) width 99: "Relevance"
              RenderTableCell {TH} at (134,2) size 492x22 [border: (1px inset #808080)] [r=0 c=2 rs=1 cs=1]
                RenderText {#text} at (197,2) size 97x18
                  text run at (197,2) width 97: "Title Long"
              RenderTableCell {TH} at (628,2) size 99x22 [border: (1px inset #808080)] [r=0 c=3 rs=1 cs=1]
                RenderText {#text} at (17,2) size 65x18
                  text run at (17,2) width 65: "Author"
              RenderTableCell {TH} at (729,2) size 49x22 [border: (1px inset #808080)] [r=0 c=4 rs=1 cs=1]
                RenderText {#text} at (2,2) size 45x18
                  text run at (2,2) width 45: "Date"
            RenderTableRow {TR} at (0,26) size 782x40
              RenderTableCell {TD} at (2,50) size 25x22 [border: (1px inset #808080)] [r=1 c=0 rs=2 cs=1]
                RenderText {#text} at (2,2) size 21x18
                  text run at (2,2) width 21: " 1 "
              RenderTableCell {TD} at (29,50) size 103x22 [border: (1px inset #808080)] [r=1 c=1 rs=2 cs=1]
                RenderText {#text} at (2,2) size 18x18
                  text run at (2,2) width 18: "**"
              RenderTableCell {TD} at (134,26) size 492x40 [border: (1px inset #808080)] [r=1 c=2 rs=1 cs=1]
                RenderText {#text} at (2,2) size 478x36
                  text run at (2,2) width 478: "UNIX and Windows 2000 integration toolkit : a complete"
                  text run at (2,20) width 398: "guide for systems administrators / Rawn Shah."
              RenderTableCell {TD} at (628,26) size 99x40 [border: (1px inset #808080)] [r=1 c=3 rs=1 cs=1]
                RenderText {#text} at (2,2) size 52x36
                  text run at (2,2) width 48: "Shah,"
                  text run at (2,20) width 52: "Rawn."
              RenderTableCell {TD} at (729,35) size 49x22 [border: (1px inset #808080)] [r=1 c=4 rs=1 cs=1]
                RenderText {#text} at (2,2) size 44x18
                  text run at (2,2) width 44: "2000"
            RenderTableRow {TR} at (0,68) size 782x28
              RenderTableCell {TD} at (134,68) size 646x28 [border: (1px inset #808080)] [r=2 c=2 rs=1 cs=4]
                RenderTable {TABLE} at (2,2) size 642x24
                  RenderTableSection {TBODY} at (0,0) size 642x24
                    RenderTableRow {TR} at (0,2) size 642x20
                      RenderTableCell {TD} at (2,2) size 638x20 [r=0 c=0 rs=1 cs=1]
                        RenderText {#text} at (1,1) size 227x18
                          text run at (1,1) width 227: "Title has multiple holdings"
            RenderTableRow {TR} at (0,98) size 782x40
              RenderTableCell {TD} at (2,122) size 25x22 [border: (1px inset #808080)] [r=3 c=0 rs=2 cs=1]
                RenderText {#text} at (2,2) size 21x18
                  text run at (2,2) width 21: " 2 "
              RenderTableCell {TD} at (29,122) size 103x22 [border: (1px inset #808080)] [r=3 c=1 rs=2 cs=1]
                RenderText {#text} at (2,2) size 18x18
                  text run at (2,2) width 18: "**"
              RenderTableCell {TD} at (134,107) size 492x22 [border: (1px inset #808080)] [r=3 c=2 rs=1 cs=1]
                RenderText {#text} at (2,2) size 318x18
                  text run at (2,2) width 318: "Learning Red Hat Linux / Bill McCarty."
              RenderTableCell {TD} at (628,98) size 99x40 [border: (1px inset #808080)] [r=3 c=3 rs=1 cs=1]
                RenderText {#text} at (2,2) size 87x36
                  text run at (2,2) width 75: "McCarty,"
                  text run at (2,20) width 87: "Bill, 1953-"
              RenderTableCell {TD} at (729,107) size 49x22 [border: (1px inset #808080)] [r=3 c=4 rs=1 cs=1]
                RenderText {#text} at (2,2) size 44x18
                  text run at (2,2) width 44: "1999"
            RenderTableRow {TR} at (0,140) size 782x28
              RenderTableCell {TD} at (134,140) size 646x28 [border: (1px inset #808080)] [r=4 c=2 rs=1 cs=4]
                RenderTable {TABLE} at (2,2) size 642x24
                  RenderTableSection {TBODY} at (0,0) size 642x24
                    RenderTableRow {TR} at (0,2) size 642x20
                      RenderTableCell {TD} at (2,2) size 638x20 [r=0 c=0 rs=1 cs=1]
                        RenderText {#text} at (1,1) size 227x18
                          text run at (1,1) width 227: "Title has multiple holdings"
            RenderTableRow {TR} at (0,170) size 782x40
              RenderTableCell {TD} at (2,194) size 25x22 [border: (1px inset #808080)] [r=5 c=0 rs=2 cs=1]
                RenderText {#text} at (2,2) size 21x18
                  text run at (2,2) width 21: " 3 "
              RenderTableCell {TD} at (29,194) size 103x22 [border: (1px inset #808080)] [r=5 c=1 rs=2 cs=1]
                RenderText {#text} at (2,2) size 18x18
                  text run at (2,2) width 18: "**"
              RenderTableCell {TD} at (134,179) size 492x22 [border: (1px inset #808080)] [r=5 c=2 rs=1 cs=1]
                RenderText {#text} at (2,2) size 352x18
                  text run at (2,2) width 352: "Learning Debian GNU/Linux / Bill Mccarty."
              RenderTableCell {TD} at (628,170) size 99x40 [border: (1px inset #808080)] [r=5 c=3 rs=1 cs=1]
                RenderText {#text} at (2,2) size 87x36
                  text run at (2,2) width 75: "McCarty,"
                  text run at (2,20) width 87: "Bill, 1953-"
              RenderTableCell {TD} at (729,179) size 49x22 [border: (1px inset #808080)] [r=5 c=4 rs=1 cs=1]
                RenderText {#text} at (2,2) size 44x18
                  text run at (2,2) width 44: "1999"
            RenderTableRow {TR} at (0,212) size 782x28
              RenderTableCell {TD} at (134,212) size 646x28 [border: (1px inset #808080)] [r=6 c=2 rs=1 cs=4]
                RenderTable {TABLE} at (2,2) size 642x24
                  RenderTableSection {TBODY} at (0,0) size 642x24
                    RenderTableRow {TR} at (0,2) size 642x20
                      RenderTableCell {TD} at (2,2) size 638x20 [r=0 c=0 rs=1 cs=1]
                        RenderText {#text} at (1,1) size 227x18
                          text run at (1,1) width 227: "Title has multiple holdings"
            RenderTableRow {TR} at (0,242) size 782x40
              RenderTableCell {TD} at (2,266) size 25x22 [border: (1px inset #808080)] [r=7 c=0 rs=2 cs=1]
                RenderText {#text} at (2,2) size 21x18
                  text run at (2,2) width 21: " 4 "
              RenderTableCell {TD} at (29,266) size 103x22 [border: (1px inset #808080)] [r=7 c=1 rs=2 cs=1]
                RenderText {#text} at (2,2) size 18x18
                  text run at (2,2) width 18: "**"
              RenderTableCell {TD} at (134,242) size 492x40 [border: (1px inset #808080)] [r=7 c=2 rs=1 cs=1]
                RenderText {#text} at (2,2) size 422x36
                  text run at (2,2) width 422: "Advanced Java networking / Dick Steflik, Prashant"
                  text run at (2,20) width 88: "Sridharan."
              RenderTableCell {TD} at (628,242) size 99x40 [border: (1px inset #808080)] [r=7 c=3 rs=1 cs=1]
                RenderText {#text} at (2,2) size 59x36
                  text run at (2,2) width 59: "Steflik,"
                  text run at (2,20) width 42: "Dick."
              RenderTableCell {TD} at (729,251) size 49x22 [border: (1px inset #808080)] [r=7 c=4 rs=1 cs=1]
                RenderText {#text} at (2,2) size 44x18
                  text run at (2,2) width 44: "2000"
            RenderTableRow {TR} at (0,284) size 782x28
              RenderTableCell {TD} at (134,284) size 646x28 [border: (1px inset #808080)] [r=8 c=2 rs=1 cs=4]
                RenderTable {TABLE} at (2,2) size 642x24
                  RenderTableSection {TBODY} at (0,0) size 642x24
                    RenderTableRow {TR} at (0,2) size 642x20
                      RenderTableCell {TD} at (2,2) size 638x20 [r=0 c=0 rs=1 cs=1]
                        RenderText {#text} at (1,1) size 227x18
                          text run at (1,1) width 227: "Title has multiple holdings"
