layer at (0,0) size 800x600
  RenderView at (0,0) size 800x600
layer at (0,0) size 800x600
  RenderBlock {HTML} at (0,0) size 800x600
    RenderBody {BODY} at (8,8) size 784x584
      RenderTable {TABLE} at (0,0) size 128x59
        RenderTableSection {TBODY} at (0,0) size 128x59
          RenderTableRow {TR} at (0,2) size 128x55
            RenderTableCell {TD} at (2,2) size 124x55 [r=0 c=0 rs=1 cs=1]
              RenderBlock {DIV} at (1,1) size 122x53
                RenderBlock {P} at (0,0) size 122x18
                  RenderText {#text} at (0,0) size 122x18
                    text run at (0,0) width 122: "Paragraph one"
                RenderBlock {P} at (0,35) size 122x18
                  RenderText {#text} at (0,0) size 122x18
                    text run at (0,0) width 122: "Paragraph two"
