layer at (0,0) size 800x600
  RenderView at (0,0) size 800x600
layer at (0,0) size 800x600
  RenderBlock {HTML} at (0,0) size 800x600
    RenderBody {BODY} at (8,8) size 784x575
      RenderBlock {P} at (0,0) size 784x18
        RenderText {#text} at (0,0) size 646x18
          text run at (0,0) width 646: "This test case creates a TR element then tries to assign to the cells property"
      RenderBlock {P} at (0,35) size 784x34
        RenderText {#text} at (0,7) size 54x18
          text run at (0,7) width 54: "Crash "
        RenderButton {BUTTON} at (56,2) size 138x28 [bgcolor=#C0C0C0] [border: (2px outset #C0C0C0)]
          RenderBlock (anonymous) at (8,5) size 122x18
            RenderText {#text} at (0,0) size 122x18
              text run at (0,0) width 122: "TR.cells = null"
        RenderText {#text} at (0,0) size 0x0
