layer at (0,0) size 800x1062
  RenderView at (0,0) size 800x600
layer at (0,0) size 800x1062
  RenderBlock {HTML} at (0,0) size 800x1062
    RenderBody {BODY} at (8,17) size 784x1037
      RenderBlock {P} at (0,0) size 784x21
        RenderText {#text} at (0,3) size 180x18
          text run at (0,3) width 180: "This is a table with a "
        RenderInline {CODE} at (0,0) size 150x21
          RenderText {#text} at (180,0) size 150x21
            text run at (180,0) width 150: "td align=center"
        RenderText {#text} at (330,3) size 252x18
          text run at (330,3) width 252: " that has a p, a table, and a p."
      RenderTable {TABLE} at (0,38) size 235x142 [border: (1px outset #808080)]
        RenderTableSection {TBODY} at (1,1) size 233x140
          RenderTableRow {TR} at (0,2) size 233x136
            RenderTableCell {TD} at (2,2) size 229x136 [border: (1px inset #808080)] [r=0 c=0 rs=1 cs=1]
              RenderBlock {P} at (2,19) size 225x18
                RenderText {#text} at (95,0) size 34x18
                  text run at (95,0) width 34: "text"
              RenderTable {TABLE} at (24,54) size 180x28 [border: (1px outset #808080)]
                RenderTableSection {TBODY} at (1,1) size 178x26
                  RenderTableRow {TR} at (0,2) size 178x22
                    RenderTableCell {TD} at (2,2) size 174x22 [border: (1px inset #808080)] [r=0 c=0 rs=1 cs=1]
                      RenderText {#text} at (2,2) size 50x18
                        text run at (2,2) width 50: "text 3"
              RenderBlock {P} at (2,99) size 225x18
                RenderText {#text} at (95,0) size 34x18
                  text run at (95,0) width 34: "text"
      RenderBlock {P} at (0,197) size 784x93
        RenderText {#text} at (0,3) size 250x18
          text run at (0,3) width 250: "This time the inner table has "
        RenderInline {CODE} at (0,0) size 120x21
          RenderText {#text} at (250,0) size 120x21
            text run at (250,0) width 120: "width=\"100%\""
        RenderText {#text} at (370,3) size 776x90
          text run at (370,3) width 381: ", so you can see that the CSS spec isn't quite"
          text run at (0,21) width 134: "being followed. "
          text run at (134,21) width 607: "The CSS spec says that the align=center carries down as text-align and"
          text run at (0,39) width 776: "never acts to move blocks. You're not moving the block for the table (above), but you're not"
          text run at (0,57) width 305: "doing the text-align inside it either. "
          text run at (305,57) width 453: "In quirks mode you should do the former, in standard"
          text run at (0,75) width 141: "mode, the latter."
      RenderTable {TABLE} at (0,307) size 235x142 [border: (1px outset #808080)]
        RenderTableSection {TBODY} at (1,1) size 233x140
          RenderTableRow {TR} at (0,2) size 233x136
            RenderTableCell {TD} at (2,2) size 229x136 [border: (1px inset #808080)] [r=0 c=0 rs=1 cs=1]
              RenderBlock {P} at (2,19) size 225x18
                RenderText {#text} at (95,0) size 34x18
                  text run at (95,0) width 34: "text"
              RenderTable {TABLE} at (2,54) size 225x28 [border: (1px outset #808080)]
                RenderTableSection {TBODY} at (1,1) size 223x26
                  RenderTableRow {TR} at (0,2) size 223x22
                    RenderTableCell {TD} at (2,2) size 219x22 [border: (1px inset #808080)] [r=0 c=0 rs=1 cs=1]
                      RenderText {#text} at (2,2) size 50x18
                        text run at (2,2) width 50: "text 3"
              RenderBlock {P} at (2,99) size 225x18
                RenderText {#text} at (95,0) size 34x18
                  text run at (95,0) width 34: "text"
      RenderBlock (anonymous) at (0,449) size 784x18
        RenderBR {BR} at (0,0) size 0x18
      RenderTable {TABLE} at (242,467) size 300x28 [border: (1px outset #808080)]
        RenderTableSection {TBODY} at (1,1) size 298x26
          RenderTableRow {TR} at (0,2) size 298x22
            RenderTableCell {TD} at (2,2) size 294x22 [border: (1px inset #808080)] [r=0 c=0 rs=1 cs=1]
              RenderText {#text} at (2,2) size 134x18
                text run at (2,2) width 134: "Data of Table 1!"
      RenderBlock (anonymous) at (0,495) size 784x18
        RenderBR {BR} at (0,0) size 0x18
      RenderTable {TABLE} at (0,513) size 300x28 [border: (1px outset #808080)]
        RenderTableSection {TBODY} at (1,1) size 298x26
          RenderTableRow {TR} at (0,2) size 298x22
            RenderTableCell {TD} at (2,2) size 294x22 [border: (1px inset #808080)] [r=0 c=0 rs=1 cs=1]
              RenderText {#text} at (80,2) size 134x18
                text run at (80,2) width 134: "Data of Table 2!"
      RenderBlock (anonymous) at (0,541) size 784x18
        RenderBR {BR} at (0,0) size 0x18
      RenderBlock {DIV} at (0,559) size 784x26 [border: (1px solid #000000)]
        RenderTable {TABLE} at (322,1) size 140x24
          RenderTableSection {TBODY} at (0,0) size 140x24
            RenderTableRow {TR} at (0,2) size 140x20
              RenderTableCell {TD} at (2,2) size 136x20 [r=0 c=0 rs=1 cs=1]
                RenderText {#text} at (1,1) size 134x18
                  text run at (1,1) width 134: "Data of Table 3!"
      RenderBlock (anonymous) at (0,585) size 784x18
        RenderBR {BR} at (0,0) size 0x18
      RenderBlock {DIV} at (0,603) size 784x26 [border: (1px solid #000000)]
        RenderTable {TABLE} at (1,1) size 140x24
          RenderTableSection {TBODY} at (0,0) size 140x24
            RenderTableRow {TR} at (0,2) size 140x20
              RenderTableCell {TD} at (2,2) size 136x20 [r=0 c=0 rs=1 cs=1]
                RenderText {#text} at (1,1) size 134x18
                  text run at (1,1) width 134: "Data of Table 4!"
      RenderBlock (anonymous) at (0,629) size 784x18
        RenderBR {BR} at (0,0) size 0x18
      RenderTable {TABLE} at (0,647) size 784x48
        RenderTableSection {TBODY} at (0,0) size 784x48
          RenderTableRow {TR} at (0,2) size 784x44
            RenderTableCell {TD} at (2,2) size 780x44 [r=0 c=0 rs=1 cs=1]
              RenderBlock (anonymous) at (1,1) size 778x18
                RenderText {#text} at (317,0) size 143x18
                  text run at (317,0) width 143: "Text, followed by"
              RenderTable {TABLE} at (354,19) size 71x24
                RenderTableSection {TBODY} at (0,0) size 71x24
                  RenderTableRow {TR} at (0,2) size 71x20
                    RenderTableCell {TD} at (2,2) size 67x20 [r=0 c=0 rs=1 cs=1]
                      RenderText {#text} at (1,1) size 65x18
                        text run at (1,1) width 65: "A table."
      RenderBlock {P} at (0,712) size 784x18
        RenderText {#text} at (0,0) size 380x18
          text run at (0,0) width 380: "...should look identical to the first one below:"
      RenderTable {TABLE} at (0,747) size 784x48
        RenderTableSection {TBODY} at (0,0) size 784x48
          RenderTableRow {TR} at (0,2) size 784x44
            RenderTableCell {TD} at (2,2) size 780x44 [r=0 c=0 rs=1 cs=1]
              RenderBlock {DIV} at (1,1) size 778x18
                RenderText {#text} at (317,0) size 143x18
                  text run at (317,0) width 143: "Text, followed by"
              RenderTable {TABLE} at (1,19) size 778x24
                RenderTableSection {TBODY} at (0,0) size 778x24
                  RenderTableRow {TR} at (0,2) size 778x20
                    RenderTableCell {TD} at (2,2) size 774x20 [r=0 c=0 rs=1 cs=1]
                      RenderBlock {DIV} at (1,1) size 772x18
                        RenderText {#text} at (353,0) size 65x18
                          text run at (353,0) width 65: "A table."
      RenderBlock {P} at (0,812) size 784x18
        RenderText {#text} at (0,0) size 539x18
          text run at (0,0) width 539: "However, in standard mode, the first table should look like this:"
      RenderTable {TABLE} at (0,847) size 784x48
        RenderTableSection {TBODY} at (0,0) size 784x48
          RenderTableRow {TR} at (0,2) size 784x44
            RenderTableCell {TD} at (2,2) size 780x44 [r=0 c=0 rs=1 cs=1]
              RenderBlock {DIV} at (1,1) size 778x18
                RenderText {#text} at (317,0) size 143x18
                  text run at (317,0) width 143: "Text, followed by"
              RenderTable {TABLE} at (1,19) size 778x24
                RenderTableSection {TBODY} at (0,0) size 778x24
                  RenderTableRow {TR} at (0,2) size 778x20
                    RenderTableCell {TD} at (2,2) size 774x20 [r=0 c=0 rs=1 cs=1]
                      RenderText {#text} at (1,1) size 65x18
                        text run at (1,1) width 65: "A table."
      RenderBlock {P} at (0,912) size 784x36
        RenderText {#text} at (0,0) size 754x36
          text run at (0,0) width 754: "For reference, the second table has its text all centered, the third table has the \"A table.\""
          text run at (0,18) width 137: "line aligned left."
      RenderBlock {HR} at (0,965) size 784x2 [border: (1px inset #000000)]
      RenderBlock {P} at (0,984) size 784x18
        RenderText {#text} at (0,0) size 81x18
          text run at (0,0) width 81: "See also: "
        RenderInline {A} at (0,0) size 165x18 [color=#0000EE]
          RenderText {#text} at (81,0) size 165x18
            text run at (81,0) width 165: "Strict Mode Version"
        RenderText {#text} at (0,0) size 0x0
      RenderBlock (anonymous) at (0,1019) size 784x18
        RenderText {#text} at (0,0) size 26x18
          text run at (0,0) width 26: "-->"
