layer at (0,0) size 800x600
  RenderView at (0,0) size 800x600
layer at (0,0) size 800x62
  RenderBlock {html} at (0,0) size 800x8
    RenderBody {body} at (8,8) size 784x0
      RenderBlock (floating) {float} at (0,0) size 171x54 [bgcolor=#FF0000]
        RenderTable at (0,0) size 171x54
          RenderTableSection (anonymous) at (0,0) size 171x54
            RenderTableRow (anonymous) at (0,0) size 171x18
              RenderTableCell {cell} at (0,0) size 171x18 [color=#FFFFFF] [bgcolor=#008000] [r=0 c=0 rs=1 cs=1]
                RenderText {#text} at (56,0) size 58x18
                  text run at (56,0) width 58: "THERE"
            RenderTableRow {row} at (0,18) size 171x18
              RenderTableCell (anonymous) at (0,18) size 171x18 [r=1 c=0 rs=1 cs=1]
                RenderTable {table} at (0,0) size 171x18
                  RenderTableSection (anonymous) at (0,0) size 171x18
                    RenderTableRow (anonymous) at (0,0) size 171x18
                      RenderTableCell {cell} at (0,0) size 88x18 [color=#FFFFFF] [bgcolor=#008000] [r=0 c=0 rs=1 cs=1]
                        RenderText {#text} at (0,0) size 88x18
                          text run at (0,0) width 88: "SHOULD B"
                      RenderTableCell {cell} at (88,0) size 29x18 [color=#FFFFFF] [bgcolor=#008000] [r=0 c=1 rs=1 cs=1]
                        RenderText {#text} at (0,0) size 29x18
                          text run at (0,0) width 29: "E N"
                      RenderTableCell {cell} at (117,0) size 54x18 [color=#FFFFFF] [bgcolor=#008000] [r=0 c=2 rs=1 cs=1]
                        RenderText {#text} at (0,0) size 54x18
                          text run at (0,0) width 54: "O RED"
            RenderTableRow (anonymous) at (0,36) size 171x18
              RenderTableCell {cell} at (0,36) size 171x18 [color=#FFFFFF] [bgcolor=#008000] [r=2 c=0 rs=1 cs=1]
                RenderText {#text} at (36,0) size 99x18
                  text run at (36,0) width 99: "ANYWHERE"
