layer at (0,0) size 800x600
  RenderView at (0,0) size 800x600
layer at (0,0) size 800x600
  RenderBlock {HTML} at (0,0) size 800x600
    RenderBody {BODY} at (8,8) size 784x584
      RenderTable {TABLE} at (0,0) size 768x193
        RenderTableSection {TBODY} at (0,0) size 768x193
          RenderTableRow {TR} at (0,2) size 768x143
            RenderTableCell {TD} at (2,2) size 759x143 [r=0 c=0 rs=1 cs=1]
              RenderTable {TABLE} at (1,1) size 506x141
                RenderTableSection {TBODY} at (0,0) size 506x141
                  RenderTableRow {TR} at (0,2) size 506x137
                    RenderTableCell {TD} at (2,2) size 502x137 [r=0 c=0 rs=1 cs=1]
                      RenderImage {IMG} at (1,1) size 220x135
                      RenderText {#text} at (0,0) size 0x0
            RenderTableCell {TD} at (763,86) size 3x20 [r=0 c=1 rs=2 cs=1]
              RenderBR {BR} at (1,1) size 0x18
          RenderTableRow {TR} at (0,147) size 768x44
            RenderTableCell {TD} at (2,147) size 764x44 [r=1 c=0 rs=1 cs=2]
              RenderTable {TABLE} at (1,1) size 468x42
                RenderTableSection {TBODY} at (0,0) size 468x42
                  RenderTableRow {TR} at (0,2) size 468x38
                    RenderTableCell {TD} at (2,20) size 84x2 [r=0 c=0 rs=1 cs=1]
                    RenderTableCell {TD} at (88,2) size 378x38 [r=0 c=1 rs=1 cs=1]
                      RenderBlock {P} at (1,1) size 376x36
                        RenderText {#text} at (0,0) size 5x18
                          text run at (0,0) width 5: " "
                        RenderInline {FONT} at (0,0) size 352x36
                          RenderText {#text} at (5,0) size 352x36
                            text run at (5,0) width 22: "to "
                            text run at (27,0) width 325: "Receive 50% Off Home Delivery of The"
                            text run at (0,18) width 82: "New York "
                            text run at (82,18) width 156: "Times Newspaper."
