layer at (0,0) size 800x600
  RenderView at (0,0) size 800x600
layer at (0,0) size 800x600
  RenderBlock {HTML} at (0,0) size 800x600
    RenderBody {BODY} at (8,8) size 784x584
      RenderTable {TABLE} at (0,0) size 750x235 [border: (2px outset #808080)]
        RenderTableSection {TBODY} at (2,2) size 746x231
          RenderTableRow {TR} at (0,0) size 746x211
            RenderTableCell {TD} at (0,0) size 490x211 [bgcolor=#FF0000] [border: (1px inset #808080)] [r=0 c=0 rs=1 cs=1]
              RenderInline {A} at (0,0) size 286x18 [color=#0000EE]
                RenderImage {IMG} at (1,1) size 286x209
            RenderTableCell {TD} at (490,0) size 256x20 [bgcolor=#FFFF00] [border: (1px inset #808080)] [r=0 c=1 rs=2 cs=1]
              RenderText {#text} at (1,1) size 209x18
                text run at (1,1) width 209: "ROWSPAN =2 in this cell"
          RenderTableRow {TR} at (0,211) size 746x20
            RenderTableCell {TD} at (0,211) size 490x20 [bgcolor=#FFFFFF] [border: (1px inset #808080)] [r=1 c=0 rs=1 cs=1]
              RenderBlock {P} at (1,1) size 488x18
                RenderText {#text} at (0,0) size 403x18
                  text run at (0,0) width 403: "Hello, this text may appear on the image above"
