layer at (0,0) size 800x600
  RenderView at (0,0) size 800x600
layer at (0,0) size 800x133
  RenderBlock {HTML} at (0,0) size 800x133
    RenderBody {BODY} at (8,22) size 784x103
      RenderBlock {H1} at (0,0) size 784x35
        RenderText {#text} at (0,0) size 495x35
          text run at (0,0) width 495: "insertCell() bugs, 0 based"
      RenderTable {TABLE} at (0,57) size 784x46 [border: (1px outset #808080)]
        RenderTableSection {TBODY} at (1,1) size 782x44
          RenderTableRow {TR} at (0,2) size 782x40
            RenderTableCell {TD} at (2,2) size 128x40 [border: (1px inset #808080)] [r=0 c=0 rs=1 cs=1]
              RenderText {#text} at (2,2) size 89x36
                text run at (2,2) width 89: "This is cell"
                text run at (2,20) width 88: "number 0."
            RenderTableCell {TD} at (132,2) size 128x40 [border: (1px inset #808080)] [r=0 c=1 rs=1 cs=1]
              RenderText {#text} at (2,2) size 89x36
                text run at (2,2) width 89: "This is cell"
                text run at (2,20) width 88: "number 1."
            RenderTableCell {TD} at (262,2) size 128x40 [border: (1px inset #808080)] [r=0 c=2 rs=1 cs=1]
              RenderText {#text} at (2,2) size 89x36
                text run at (2,2) width 89: "This is cell"
                text run at (2,20) width 88: "number 2."
            RenderTableCell {TD} at (392,2) size 128x40 [border: (1px inset #808080)] [r=0 c=3 rs=1 cs=1]
              RenderText {#text} at (2,2) size 89x36
                text run at (2,2) width 89: "This is cell"
                text run at (2,20) width 88: "number 3."
            RenderTableCell {TD} at (522,2) size 128x40 [border: (1px inset #808080)] [r=0 c=4 rs=1 cs=1]
              RenderText {#text} at (2,2) size 89x36
                text run at (2,2) width 89: "This is cell"
                text run at (2,20) width 88: "number 4."
            RenderTableCell {TD} at (652,2) size 128x40 [border: (1px inset #808080)] [r=0 c=5 rs=1 cs=1]
              RenderText {#text} at (2,2) size 89x36
                text run at (2,2) width 89: "This is cell"
                text run at (2,20) width 88: "number 5."
