layer at (0,0) size 800x1507
  RenderView at (0,0) size 800x600
layer at (0,0) size 800x1507
  RenderBlock {HTML} at (0,0) size 800x1507
    RenderBody {BODY} at (8,8) size 784x1491
      RenderTable {TABLE} at (0,0) size 304x497
        RenderTableSection {TBODY} at (0,0) size 304x497
          RenderTableRow {TR} at (0,2) size 304x20
            RenderTableCell {TD} at (2,2) size 300x20 [r=0 c=0 rs=1 cs=1]
              RenderText {#text} at (1,1) size 298x18
                text run at (1,1) width 298: "Occasional height/width on images"
          RenderTableRow {TR} at (0,24) size 304x34
            RenderTableCell {TD} at (2,24) size 300x34 [r=1 c=0 rs=1 cs=1]
              RenderImage {IMG} at (1,1) size 75x32
          RenderTableRow {TR} at (0,60) size 304x24
            RenderTableCell {TD} at (2,60) size 300x24 [r=2 c=0 rs=1 cs=1]
              RenderImage {IMG} at (1,1) size 44x22
          RenderTableRow {TR} at (0,86) size 304x15
            RenderTableCell {TD} at (2,86) size 300x15 [r=3 c=0 rs=1 cs=1]
              RenderImage {IMG} at (1,1) size 89x13
          RenderTableRow {TR} at (0,103) size 304x15
            RenderTableCell {TD} at (2,103) size 300x15 [r=4 c=0 rs=1 cs=1]
              RenderImage {IMG} at (1,1) size 89x13
          RenderTableRow {TR} at (0,120) size 304x31
            RenderTableCell {TD} at (2,120) size 300x31 [r=5 c=0 rs=1 cs=1]
              RenderImage {IMG} at (1,1) size 31x29
          RenderTableRow {TR} at (0,153) size 304x23
            RenderTableCell {TD} at (2,153) size 300x23 [r=6 c=0 rs=1 cs=1]
              RenderImage {IMG} at (1,1) size 62x21
          RenderTableRow {TR} at (0,178) size 304x17
            RenderTableCell {TD} at (2,178) size 300x17 [r=7 c=0 rs=1 cs=1]
              RenderImage {IMG} at (1,1) size 70x15
          RenderTableRow {TR} at (0,197) size 304x28
            RenderTableCell {TD} at (2,197) size 300x28 [r=8 c=0 rs=1 cs=1]
              RenderImage {IMG} at (1,1) size 42x26
          RenderTableRow {TR} at (0,227) size 304x17
            RenderTableCell {TD} at (2,227) size 300x17 [r=9 c=0 rs=1 cs=1]
              RenderImage {IMG} at (1,1) size 84x15
          RenderTableRow {TR} at (0,246) size 304x17
            RenderTableCell {TD} at (2,246) size 300x17 [r=10 c=0 rs=1 cs=1]
              RenderImage {IMG} at (1,1) size 90x15
          RenderTableRow {TR} at (0,265) size 304x34
            RenderTableCell {TD} at (2,265) size 300x34 [r=11 c=0 rs=1 cs=1]
              RenderImage {IMG} at (1,1) size 59x32
          RenderTableRow {TR} at (0,301) size 304x17
            RenderTableCell {TD} at (2,301) size 300x17 [r=12 c=0 rs=1 cs=1]
              RenderImage {IMG} at (1,1) size 90x15
          RenderTableRow {TR} at (0,320) size 304x17
            RenderTableCell {TD} at (2,320) size 300x17 [r=13 c=0 rs=1 cs=1]
              RenderImage {IMG} at (1,1) size 90x15
          RenderTableRow {TR} at (0,339) size 304x21
            RenderTableCell {TD} at (2,339) size 300x21 [r=14 c=0 rs=1 cs=1]
              RenderImage {IMG} at (1,1) size 83x19
          RenderTableRow {TR} at (0,362) size 304x33
            RenderTableCell {TD} at (2,362) size 300x33 [r=15 c=0 rs=1 cs=1]
              RenderImage {IMG} at (1,1) size 54x31
          RenderTableRow {TR} at (0,397) size 304x27
            RenderTableCell {TD} at (2,397) size 300x27 [r=16 c=0 rs=1 cs=1]
              RenderImage {IMG} at (1,1) size 56x25
          RenderTableRow {TR} at (0,426) size 304x17
            RenderTableCell {TD} at (2,426) size 300x17 [r=17 c=0 rs=1 cs=1]
              RenderImage {IMG} at (1,1) size 53x15
          RenderTableRow {TR} at (0,445) size 304x31
            RenderTableCell {TD} at (2,445) size 300x31 [r=18 c=0 rs=1 cs=1]
              RenderImage {IMG} at (1,1) size 31x29
          RenderTableRow {TR} at (0,478) size 304x17
            RenderTableCell {TD} at (2,478) size 300x17 [r=19 c=0 rs=1 cs=1]
              RenderImage {IMG} at (1,1) size 53x15
      RenderTable {TABLE} at (0,497) size 358x497
        RenderTableSection {TBODY} at (0,0) size 358x497
          RenderTableRow {TR} at (0,2) size 358x20
            RenderTableCell {TD} at (2,2) size 354x20 [r=0 c=0 rs=1 cs=1]
              RenderText {#text} at (1,1) size 352x18
                text run at (1,1) width 352: "Images with height/width never specified"
          RenderTableRow {TR} at (0,24) size 358x34
            RenderTableCell {TD} at (2,24) size 354x34 [r=1 c=0 rs=1 cs=1]
              RenderImage {IMG} at (1,1) size 75x32
          RenderTableRow {TR} at (0,60) size 358x24
            RenderTableCell {TD} at (2,60) size 354x24 [r=2 c=0 rs=1 cs=1]
              RenderImage {IMG} at (1,1) size 44x22
          RenderTableRow {TR} at (0,86) size 358x15
            RenderTableCell {TD} at (2,86) size 354x15 [r=3 c=0 rs=1 cs=1]
              RenderImage {IMG} at (1,1) size 89x13
          RenderTableRow {TR} at (0,103) size 358x15
            RenderTableCell {TD} at (2,103) size 354x15 [r=4 c=0 rs=1 cs=1]
              RenderImage {IMG} at (1,1) size 89x13
          RenderTableRow {TR} at (0,120) size 358x31
            RenderTableCell {TD} at (2,120) size 354x31 [r=5 c=0 rs=1 cs=1]
              RenderImage {IMG} at (1,1) size 31x29
          RenderTableRow {TR} at (0,153) size 358x23
            RenderTableCell {TD} at (2,153) size 354x23 [r=6 c=0 rs=1 cs=1]
              RenderImage {IMG} at (1,1) size 62x21
          RenderTableRow {TR} at (0,178) size 358x17
            RenderTableCell {TD} at (2,178) size 354x17 [r=7 c=0 rs=1 cs=1]
              RenderImage {IMG} at (1,1) size 70x15
          RenderTableRow {TR} at (0,197) size 358x28
            RenderTableCell {TD} at (2,197) size 354x28 [r=8 c=0 rs=1 cs=1]
              RenderImage {IMG} at (1,1) size 42x26
          RenderTableRow {TR} at (0,227) size 358x17
            RenderTableCell {TD} at (2,227) size 354x17 [r=9 c=0 rs=1 cs=1]
              RenderImage {IMG} at (1,1) size 84x15
          RenderTableRow {TR} at (0,246) size 358x17
            RenderTableCell {TD} at (2,246) size 354x17 [r=10 c=0 rs=1 cs=1]
              RenderImage {IMG} at (1,1) size 90x15
          RenderTableRow {TR} at (0,265) size 358x34
            RenderTableCell {TD} at (2,265) size 354x34 [r=11 c=0 rs=1 cs=1]
              RenderImage {IMG} at (1,1) size 59x32
          RenderTableRow {TR} at (0,301) size 358x17
            RenderTableCell {TD} at (2,301) size 354x17 [r=12 c=0 rs=1 cs=1]
              RenderImage {IMG} at (1,1) size 90x15
          RenderTableRow {TR} at (0,320) size 358x17
            RenderTableCell {TD} at (2,320) size 354x17 [r=13 c=0 rs=1 cs=1]
              RenderImage {IMG} at (1,1) size 90x15
          RenderTableRow {TR} at (0,339) size 358x21
            RenderTableCell {TD} at (2,339) size 354x21 [r=14 c=0 rs=1 cs=1]
              RenderImage {IMG} at (1,1) size 83x19
          RenderTableRow {TR} at (0,362) size 358x33
            RenderTableCell {TD} at (2,362) size 354x33 [r=15 c=0 rs=1 cs=1]
              RenderImage {IMG} at (1,1) size 54x31
          RenderTableRow {TR} at (0,397) size 358x27
            RenderTableCell {TD} at (2,397) size 354x27 [r=16 c=0 rs=1 cs=1]
              RenderImage {IMG} at (1,1) size 56x25
          RenderTableRow {TR} at (0,426) size 358x17
            RenderTableCell {TD} at (2,426) size 354x17 [r=17 c=0 rs=1 cs=1]
              RenderImage {IMG} at (1,1) size 53x15
          RenderTableRow {TR} at (0,445) size 358x31
            RenderTableCell {TD} at (2,445) size 354x31 [r=18 c=0 rs=1 cs=1]
              RenderImage {IMG} at (1,1) size 31x29
          RenderTableRow {TR} at (0,478) size 358x17
            RenderTableCell {TD} at (2,478) size 354x17 [r=19 c=0 rs=1 cs=1]
              RenderImage {IMG} at (1,1) size 53x15
      RenderTable {TABLE} at (0,994) size 368x497
        RenderTableSection {TBODY} at (0,0) size 368x497
          RenderTableRow {TR} at (0,2) size 368x20
            RenderTableCell {TD} at (2,2) size 364x20 [r=0 c=0 rs=1 cs=1]
              RenderText {#text} at (1,1) size 362x18
                text run at (1,1) width 362: "Images with height/width always specified"
          RenderTableRow {TR} at (0,24) size 368x34
            RenderTableCell {TD} at (2,24) size 364x34 [r=1 c=0 rs=1 cs=1]
              RenderImage {IMG} at (1,1) size 75x32
          RenderTableRow {TR} at (0,60) size 368x24
            RenderTableCell {TD} at (2,60) size 364x24 [r=2 c=0 rs=1 cs=1]
              RenderImage {IMG} at (1,1) size 44x22
          RenderTableRow {TR} at (0,86) size 368x15
            RenderTableCell {TD} at (2,86) size 364x15 [r=3 c=0 rs=1 cs=1]
              RenderImage {IMG} at (1,1) size 89x13
          RenderTableRow {TR} at (0,103) size 368x15
            RenderTableCell {TD} at (2,103) size 364x15 [r=4 c=0 rs=1 cs=1]
              RenderImage {IMG} at (1,1) size 89x13
          RenderTableRow {TR} at (0,120) size 368x31
            RenderTableCell {TD} at (2,120) size 364x31 [r=5 c=0 rs=1 cs=1]
              RenderImage {IMG} at (1,1) size 31x29
          RenderTableRow {TR} at (0,153) size 368x23
            RenderTableCell {TD} at (2,153) size 364x23 [r=6 c=0 rs=1 cs=1]
              RenderImage {IMG} at (1,1) size 62x21
          RenderTableRow {TR} at (0,178) size 368x17
            RenderTableCell {TD} at (2,178) size 364x17 [r=7 c=0 rs=1 cs=1]
              RenderImage {IMG} at (1,1) size 70x15
          RenderTableRow {TR} at (0,197) size 368x28
            RenderTableCell {TD} at (2,197) size 364x28 [r=8 c=0 rs=1 cs=1]
              RenderImage {IMG} at (1,1) size 42x26
          RenderTableRow {TR} at (0,227) size 368x17
            RenderTableCell {TD} at (2,227) size 364x17 [r=9 c=0 rs=1 cs=1]
              RenderImage {IMG} at (1,1) size 84x15
          RenderTableRow {TR} at (0,246) size 368x17
            RenderTableCell {TD} at (2,246) size 364x17 [r=10 c=0 rs=1 cs=1]
              RenderImage {IMG} at (1,1) size 90x15
          RenderTableRow {TR} at (0,265) size 368x34
            RenderTableCell {TD} at (2,265) size 364x34 [r=11 c=0 rs=1 cs=1]
              RenderImage {IMG} at (1,1) size 59x32
          RenderTableRow {TR} at (0,301) size 368x17
            RenderTableCell {TD} at (2,301) size 364x17 [r=12 c=0 rs=1 cs=1]
              RenderImage {IMG} at (1,1) size 90x15
          RenderTableRow {TR} at (0,320) size 368x17
            RenderTableCell {TD} at (2,320) size 364x17 [r=13 c=0 rs=1 cs=1]
              RenderImage {IMG} at (1,1) size 90x15
          RenderTableRow {TR} at (0,339) size 368x21
            RenderTableCell {TD} at (2,339) size 364x21 [r=14 c=0 rs=1 cs=1]
              RenderImage {IMG} at (1,1) size 83x19
          RenderTableRow {TR} at (0,362) size 368x33
            RenderTableCell {TD} at (2,362) size 364x33 [r=15 c=0 rs=1 cs=1]
              RenderImage {IMG} at (1,1) size 54x31
          RenderTableRow {TR} at (0,397) size 368x27
            RenderTableCell {TD} at (2,397) size 364x27 [r=16 c=0 rs=1 cs=1]
              RenderImage {IMG} at (1,1) size 56x25
          RenderTableRow {TR} at (0,426) size 368x17
            RenderTableCell {TD} at (2,426) size 364x17 [r=17 c=0 rs=1 cs=1]
              RenderImage {IMG} at (1,1) size 53x15
          RenderTableRow {TR} at (0,445) size 368x31
            RenderTableCell {TD} at (2,445) size 364x31 [r=18 c=0 rs=1 cs=1]
              RenderImage {IMG} at (1,1) size 31x29
          RenderTableRow {TR} at (0,478) size 368x17
            RenderTableCell {TD} at (2,478) size 364x17 [r=19 c=0 rs=1 cs=1]
              RenderImage {IMG} at (1,1) size 53x15
