layer at (0,0) size 800x600
  RenderView at (0,0) size 800x600
layer at (0,0) size 800x600
  RenderBlock {HTML} at (0,0) size 800x600
    RenderBody {BODY} at (0,0) size 800x583
      RenderBlock {P} at (0,0) size 800x72
        RenderText {#text} at (20,0) size 750x36
          text run at (20,0) width 585: "Here's the structure of the problem table (which usually begins with "
          text run at (605,0) width 77: "'N E W S "
          text run at (682,0) width 88: "H E A D L I"
          text run at (20,18) width 67: "N E S'). "
        RenderBR {BR} at (87,31) size 0x0
        RenderText {#text} at (20,36) size 436x18
          text run at (20,36) width 436: "This table is width 100%; two rows; three columns;"
        RenderBR {BR} at (456,49) size 0x0
        RenderText {#text} at (20,54) size 618x18
          text run at (20,54) width 618: "The first row: widths 15, 125, 15 ... The second row: widths 15, 100%, 15"
      RenderTable {TABLE} at (0,89) size 800x39 [border: (1px outset #808080)]
        RenderTableSection {TBODY} at (1,1) size 798x37
          RenderTableRow {TR} at (0,0) size 798x17
            RenderTableCell {TD} at (0,7) size 17x3 [bgcolor=#666666] [border: (1px inset #808080)] [r=0 c=0 rs=1 cs=1]
              RenderImage {IMG} at (1,1) size 15x1
            RenderTableCell {TD} at (17,0) size 764x17 [border: (1px inset #808080)] [r=0 c=1 rs=1 cs=1]
              RenderImage {IMG} at (1,1) size 110x15
            RenderTableCell {TD} at (781,7) size 17x3 [bgcolor=#666666] [border: (1px inset #808080)] [r=0 c=2 rs=1 cs=1]
              RenderImage {IMG} at (1,1) size 15x1
          RenderTableRow {TR} at (0,17) size 798x20
            RenderTableCell {TD} at (0,25) size 17x3 [bgcolor=#666666] [border: (1px inset #808080)] [r=1 c=0 rs=1 cs=1]
              RenderImage {IMG} at (1,1) size 15x1
            RenderTableCell {TD} at (17,17) size 764x20 [border: (1px inset #808080)] [r=1 c=1 rs=1 cs=1]
              RenderText {#text} at (1,1) size 35x18
                text run at (1,1) width 35: "that"
            RenderTableCell {TD} at (781,25) size 17x3 [bgcolor=#666666] [border: (1px inset #808080)] [r=1 c=2 rs=1 cs=1]
              RenderImage {IMG} at (1,1) size 15x1
      RenderBlock {P} at (0,145) size 800x36
        RenderText {#text} at (20,0) size 701x36
          text run at (20,0) width 348: "Here's the first row in a table on its own. "
          text run at (368,0) width 353: "This table is width 100%; one rows; three"
          text run at (20,18) width 323: "columns; This row: widths 15, 125, 15"
      RenderTable {TABLE} at (0,198) size 800x19 [border: (1px outset #808080)]
        RenderTableSection {TBODY} at (1,1) size 798x17
          RenderTableRow {TR} at (0,0) size 798x17
            RenderTableCell {TD} at (0,7) size 84x3 [bgcolor=#666666] [border: (1px inset #808080)] [r=0 c=0 rs=1 cs=1]
              RenderImage {IMG} at (1,1) size 15x1
            RenderTableCell {TD} at (84,0) size 629x17 [border: (1px inset #808080)] [r=0 c=1 rs=1 cs=1]
              RenderImage {IMG} at (1,1) size 110x15
            RenderTableCell {TD} at (713,7) size 85x3 [bgcolor=#666666] [border: (1px inset #808080)] [r=0 c=2 rs=1 cs=1]
              RenderImage {IMG} at (1,1) size 15x1
      RenderBlock {P} at (0,234) size 800x36
        RenderText {#text} at (20,0) size 727x36
          text run at (20,0) width 374: "Here's the second row in a table on its own. "
          text run at (394,0) width 353: "This table is width 100%; one rows; three"
          text run at (20,18) width 339: "columns; This row: widths 15, 100%, 15"
      RenderTable {TABLE} at (0,287) size 800x22 [border: (1px outset #808080)]
        RenderTableSection {TBODY} at (1,1) size 798x20
          RenderTableRow {TR} at (0,0) size 798x20
            RenderTableCell {TD} at (0,8) size 17x3 [bgcolor=#666666] [border: (1px inset #808080)] [r=0 c=0 rs=1 cs=1]
              RenderImage {IMG} at (1,1) size 15x1
            RenderTableCell {TD} at (17,0) size 764x20 [border: (1px inset #808080)] [r=0 c=1 rs=1 cs=1]
              RenderText {#text} at (1,1) size 35x18
                text run at (1,1) width 35: "that"
            RenderTableCell {TD} at (781,8) size 17x3 [bgcolor=#666666] [border: (1px inset #808080)] [r=0 c=2 rs=1 cs=1]
              RenderImage {IMG} at (1,1) size 15x1
      RenderBlock {P} at (0,326) size 800x36
        RenderText {#text} at (20,0) size 750x36
          text run at (20,0) width 750: "Note that in Nav4.x, the middle column gets the width of the maximum width cell in the"
          text run at (20,18) width 74: "column; "
          text run at (94,18) width 472: "on 5.0, the middle column gets the opposite treatment."
