layer at (0,0) size 800x600
  RenderView at (0,0) size 800x600
layer at (0,0) size 800x600
  RenderBlock {HTML} at (0,0) size 800x600
    RenderBody {BODY} at (8,8) size 784x578
      RenderBlock {P} at (0,0) size 784x257
        RenderTable {TABLE} at (0,0) size 146x257 [border: (2px solid #FFFF00)]
          RenderTableCol {COL} at (0,0) size 0x0 [border: (3px solid #000000)]
          RenderTableCol {COL} at (0,0) size 0x0
          RenderTableCol {COL} at (0,0) size 0x0
          RenderTableSection {TBODY} at (2,2) size 141x252
            RenderTableRow {TR} at (0,0) size 141x52
              RenderTableCell {TD} at (0,1) size 48x50 [border: (3px solid #FF0000)] [r=0 c=0 rs=1 cs=1]
                RenderText {#text} at (17,17) size 8x19
                  text run at (17,17) width 8: "1"
              RenderTableCell {TD} at (48,0) size 46x52 [border: (3px solid #FF0000)] [r=0 c=1 rs=1 cs=1]
                RenderText {#text} at (16,17) size 8x19
                  text run at (16,17) width 8: "2"
              RenderTableCell {TD} at (94,0) size 47x52 [border: (3px solid #FF0000)] [r=0 c=2 rs=1 cs=1]
                RenderText {#text} at (15,17) size 8x19
                  text run at (15,17) width 8: "3"
            RenderTableRow {TR} at (0,52) size 141x52
              RenderTableCell {TD} at (0,54) size 48x48 [border: (1px solid #FF0000)] [r=1 c=0 rs=1 cs=1]
                RenderText {#text} at (17,15) size 8x19
                  text run at (17,15) width 8: "4"
              RenderTableCell {TD} at (48,52) size 46x52 [border: (3px dashed #0000FF)] [r=1 c=1 rs=1 cs=1]
                RenderText {#text} at (17,17) size 8x19
                  text run at (17,17) width 8: "5"
              RenderTableCell {TD} at (94,52) size 47x52 [border: (3px solid #008000)] [r=1 c=2 rs=1 cs=1]
                RenderText {#text} at (17,17) size 8x19
                  text run at (17,17) width 8: "6"
            RenderTableRow {TR} at (0,104) size 141x50
              RenderTableCell {TD} at (0,105) size 48x48 [border: (1px solid #FF0000)] [r=2 c=0 rs=1 cs=1]
                RenderText {#text} at (17,15) size 8x19
                  text run at (17,15) width 8: "7"
              RenderTableCell {TD} at (48,104) size 46x50 [border: (3px solid #FF0000)] [r=2 c=1 rs=1 cs=1]
                RenderText {#text} at (16,17) size 8x19
                  text run at (16,17) width 8: "8"
              RenderTableCell {TD} at (94,104) size 47x50 [border: (3px solid #FF0000)] [r=2 c=2 rs=1 cs=1]
                RenderText {#text} at (15,17) size 8x19
                  text run at (15,17) width 8: "9"
            RenderTableRow {TR} at (0,154) size 141x48
              RenderTableCell {TD} at (0,154) size 48x48 [border: (1px solid #FF0000)] [r=3 c=0 rs=1 cs=1]
                RenderText {#text} at (17,15) size 16x19
                  text run at (17,15) width 16: "10"
              RenderTableCell {TD} at (48,154) size 46x48 [border: (1px solid #FF0000)] [r=3 c=1 rs=1 cs=1]
                RenderText {#text} at (16,15) size 16x19
                  text run at (16,15) width 16: "11"
              RenderTableCell {TD} at (94,154) size 47x48 [border: (1px solid #FF0000)] [r=3 c=2 rs=1 cs=1]
                RenderText {#text} at (15,15) size 16x19
                  text run at (15,15) width 16: "12"
            RenderTableRow {TR} at (0,202) size 141x50
              RenderTableCell {TD} at (0,202) size 48x50 [border: (1px solid #FF0000)] [r=4 c=0 rs=1 cs=1]
                RenderText {#text} at (17,15) size 16x19
                  text run at (17,15) width 16: "13"
              RenderTableCell {TD} at (48,202) size 46x50 [border: (1px solid #FF0000)] [r=4 c=1 rs=1 cs=1]
                RenderText {#text} at (16,15) size 16x19
                  text run at (16,15) width 16: "14"
              RenderTableCell {TD} at (94,202) size 47x50 [border: (1px solid #FF0000)] [r=4 c=2 rs=1 cs=1]
                RenderText {#text} at (15,15) size 16x19
                  text run at (15,15) width 16: "15"
