layer at (0,0) size 800x600
  RenderView at (0,0) size 800x600
layer at (0,0) size 800x600
  RenderBlock {HTML} at (0,0) size 800x600
    RenderBody {BODY} at (8,8) size 784x584
      RenderBlock {P} at (0,0) size 784x20
        RenderText {#text} at (0,0) size 53x19
          text run at (0,0) width 53: "Test for "
        RenderInline {I} at (0,0) size 661x19
          RenderInline {A} at (0,0) size 337x19 [color=#0000EE]
            RenderText {#text} at (53,0) size 337x19
              text run at (53,0) width 337: "http://bugzilla.opendarwin.org/show_bug.cgi?id=8848"
          RenderText {#text} at (390,0) size 324x19
            text run at (390,0) width 4: " "
            text run at (394,0) width 320: "TFOOT borders are copied to THEAD and TBODY"
        RenderText {#text} at (714,0) size 4x19
          text run at (714,0) width 4: "."
      RenderBlock {HR} at (0,34) size 784x2 [border: (1px inset #000000)]
      RenderTable {TABLE} at (0,43) size 306x322
        RenderTableSection {TBODY} at (0,0) size 306x322
          RenderTableRow {TR} at (0,2) size 306x318
            RenderTableCell {TD} at (2,2) size 74x318 [r=0 c=0 rs=1 cs=1]
              RenderTable {TABLE} at (11,11) size 52x92 [border: none]
                RenderTableSection {THEAD} at (0,0) size 51x23
                  RenderTableRow {TR} at (0,0) size 51x23
                    RenderTableCell {TH} at (0,0) size 51x23 [border: (1px solid #D3D3D3)] [r=0 c=0 rs=1 cs=1]
                      RenderText {#text} at (2,2) size 48x20
                        text run at (2,2) width 48: "Header"
                RenderTableSection {TBODY} at (0,23) size 51x22
                  RenderTableRow {TR} at (0,0) size 51x22
                    RenderTableCell {TD} at (0,0) size 51x22 [border: (1px solid #D3D3D3)] [r=0 c=0 rs=1 cs=1]
                      RenderText {#text} at (2,2) size 44x19
                        text run at (2,2) width 44: "Body 1"
                RenderTableSection {TBODY} at (0,45) size 51x23
                  RenderTableRow {TR} at (0,0) size 51x23
                    RenderTableCell {TD} at (0,0) size 51x23 [border: (1px solid #D3D3D3)] [r=0 c=0 rs=1 cs=1]
                      RenderText {#text} at (2,2) size 44x19
                        text run at (2,2) width 44: "Body 2"
                RenderTableSection {TFOOT} at (0,68) size 51x23 [border: (2px solid #0000FF) none (2px solid #008000) none]
                  RenderTableRow {TR} at (0,0) size 51x23
                    RenderTableCell {TD} at (0,0) size 51x23 [border: (1px solid #D3D3D3)] [r=0 c=0 rs=1 cs=1]
                      RenderText {#text} at (2,2) size 42x19
                        text run at (2,2) width 42: "Footer"
              RenderTable {TABLE} at (11,113) size 52x92 [border: none]
                RenderTableSection {TBODY} at (0,23) size 51x22
                  RenderTableRow {TR} at (0,0) size 51x22
                    RenderTableCell {TD} at (0,0) size 51x22 [border: (1px solid #D3D3D3)] [r=0 c=0 rs=1 cs=1]
                      RenderText {#text} at (2,2) size 44x19
                        text run at (2,2) width 44: "Body 1"
                RenderTableSection {THEAD} at (0,0) size 51x23
                  RenderTableRow {TR} at (0,0) size 51x23
                    RenderTableCell {TH} at (0,0) size 51x23 [border: (1px solid #D3D3D3)] [r=0 c=0 rs=1 cs=1]
                      RenderText {#text} at (2,2) size 48x20
                        text run at (2,2) width 48: "Header"
                RenderTableSection {TBODY} at (0,45) size 51x23
                  RenderTableRow {TR} at (0,0) size 51x23
                    RenderTableCell {TD} at (0,0) size 51x23 [border: (1px solid #D3D3D3)] [r=0 c=0 rs=1 cs=1]
                      RenderText {#text} at (2,2) size 44x19
                        text run at (2,2) width 44: "Body 2"
                RenderTableSection {TFOOT} at (0,68) size 51x23 [border: (2px solid #0000FF) none (2px solid #008000) none]
                  RenderTableRow {TR} at (0,0) size 51x23
                    RenderTableCell {TD} at (0,0) size 51x23 [border: (1px solid #D3D3D3)] [r=0 c=0 rs=1 cs=1]
                      RenderText {#text} at (2,2) size 42x19
                        text run at (2,2) width 42: "Footer"
              RenderTable {TABLE} at (11,215) size 52x92 [border: none]
                RenderTableSection {TBODY} at (0,23) size 51x22
                  RenderTableRow {TR} at (0,0) size 51x22
                    RenderTableCell {TD} at (0,0) size 51x22 [border: (1px solid #D3D3D3)] [r=0 c=0 rs=1 cs=1]
                      RenderText {#text} at (2,2) size 44x19
                        text run at (2,2) width 44: "Body 1"
                RenderTableSection {THEAD} at (0,0) size 51x23
                  RenderTableRow {TR} at (0,0) size 51x23
                    RenderTableCell {TH} at (0,0) size 51x23 [border: (1px solid #D3D3D3)] [r=0 c=0 rs=1 cs=1]
                      RenderText {#text} at (2,2) size 48x20
                        text run at (2,2) width 48: "Header"
                RenderTableSection {TFOOT} at (0,68) size 51x23 [border: (2px solid #0000FF) none (2px solid #008000) none]
                  RenderTableRow {TR} at (0,0) size 51x23
                    RenderTableCell {TD} at (0,0) size 51x23 [border: (1px solid #D3D3D3)] [r=0 c=0 rs=1 cs=1]
                      RenderText {#text} at (2,2) size 42x19
                        text run at (2,2) width 42: "Footer"
                RenderTableSection {TBODY} at (0,45) size 51x23
                  RenderTableRow {TR} at (0,0) size 51x23
                    RenderTableCell {TD} at (0,0) size 51x23 [border: (1px solid #D3D3D3)] [r=0 c=0 rs=1 cs=1]
                      RenderText {#text} at (2,2) size 44x19
                        text run at (2,2) width 44: "Body 2"
            RenderTableCell {TD} at (78,2) size 74x318 [r=0 c=1 rs=1 cs=1]
              RenderTable {TABLE} at (11,11) size 52x92 [border: none]
                RenderTableSection {TBODY} at (0,23) size 51x22
                  RenderTableRow {TR} at (0,0) size 51x22
                    RenderTableCell {TD} at (0,0) size 51x22 [border: (1px solid #D3D3D3)] [r=0 c=0 rs=1 cs=1]
                      RenderText {#text} at (2,2) size 44x19
                        text run at (2,2) width 44: "Body 1"
                RenderTableSection {TFOOT} at (0,68) size 51x23 [border: (2px solid #0000FF) none (2px solid #008000) none]
                  RenderTableRow {TR} at (0,0) size 51x23
                    RenderTableCell {TD} at (0,0) size 51x23 [border: (1px solid #D3D3D3)] [r=0 c=0 rs=1 cs=1]
                      RenderText {#text} at (2,2) size 42x19
                        text run at (2,2) width 42: "Footer"
                RenderTableSection {THEAD} at (0,0) size 51x23
                  RenderTableRow {TR} at (0,0) size 51x23
                    RenderTableCell {TH} at (0,0) size 51x23 [border: (1px solid #D3D3D3)] [r=0 c=0 rs=1 cs=1]
                      RenderText {#text} at (2,2) size 48x20
                        text run at (2,2) width 48: "Header"
                RenderTableSection {TBODY} at (0,45) size 51x23
                  RenderTableRow {TR} at (0,0) size 51x23
                    RenderTableCell {TD} at (0,0) size 51x23 [border: (1px solid #D3D3D3)] [r=0 c=0 rs=1 cs=1]
                      RenderText {#text} at (2,2) size 44x19
                        text run at (2,2) width 44: "Body 2"
              RenderTable {TABLE} at (11,113) size 52x92 [border: none]
                RenderTableSection {TFOOT} at (0,68) size 51x23 [border: (2px solid #0000FF) none (2px solid #008000) none]
                  RenderTableRow {TR} at (0,0) size 51x23
                    RenderTableCell {TD} at (0,0) size 51x23 [border: (1px solid #D3D3D3)] [r=0 c=0 rs=1 cs=1]
                      RenderText {#text} at (2,2) size 42x19
                        text run at (2,2) width 42: "Footer"
                RenderTableSection {TBODY} at (0,23) size 51x22
                  RenderTableRow {TR} at (0,0) size 51x22
                    RenderTableCell {TD} at (0,0) size 51x22 [border: (1px solid #D3D3D3)] [r=0 c=0 rs=1 cs=1]
                      RenderText {#text} at (2,2) size 44x19
                        text run at (2,2) width 44: "Body 1"
                RenderTableSection {THEAD} at (0,0) size 51x23
                  RenderTableRow {TR} at (0,0) size 51x23
                    RenderTableCell {TH} at (0,0) size 51x23 [border: (1px solid #D3D3D3)] [r=0 c=0 rs=1 cs=1]
                      RenderText {#text} at (2,2) size 48x20
                        text run at (2,2) width 48: "Header"
                RenderTableSection {TBODY} at (0,45) size 51x23
                  RenderTableRow {TR} at (0,0) size 51x23
                    RenderTableCell {TD} at (0,0) size 51x23 [border: (1px solid #D3D3D3)] [r=0 c=0 rs=1 cs=1]
                      RenderText {#text} at (2,2) size 44x19
                        text run at (2,2) width 44: "Body 2"
              RenderTable {TABLE} at (11,215) size 52x92 [border: none]
                RenderTableSection {TBODY} at (0,23) size 51x22
                  RenderTableRow {TR} at (0,0) size 51x22
                    RenderTableCell {TD} at (0,0) size 51x22 [border: (1px solid #D3D3D3)] [r=0 c=0 rs=1 cs=1]
                      RenderText {#text} at (2,2) size 44x19
                        text run at (2,2) width 44: "Body 1"
                RenderTableSection {TBODY} at (0,45) size 51x23
                  RenderTableRow {TR} at (0,0) size 51x23
                    RenderTableCell {TD} at (0,0) size 51x23 [border: (1px solid #D3D3D3)] [r=0 c=0 rs=1 cs=1]
                      RenderText {#text} at (2,2) size 44x19
                        text run at (2,2) width 44: "Body 2"
                RenderTableSection {TFOOT} at (0,68) size 51x23 [border: (2px solid #0000FF) none (2px solid #008000) none]
                  RenderTableRow {TR} at (0,0) size 51x23
                    RenderTableCell {TD} at (0,0) size 51x23 [border: (1px solid #D3D3D3)] [r=0 c=0 rs=1 cs=1]
                      RenderText {#text} at (2,2) size 42x19
                        text run at (2,2) width 42: "Footer"
                RenderTableSection {THEAD} at (0,0) size 51x23
                  RenderTableRow {TR} at (0,0) size 51x23
                    RenderTableCell {TH} at (0,0) size 51x23 [border: (1px solid #D3D3D3)] [r=0 c=0 rs=1 cs=1]
                      RenderText {#text} at (2,2) size 48x20
                        text run at (2,2) width 48: "Header"
            RenderTableCell {TD} at (154,2) size 74x318 [r=0 c=2 rs=1 cs=1]
              RenderTable {TABLE} at (11,11) size 52x92 [border: (1px none #808080)]
                RenderTableSection {THEAD} at (0,1) size 51x24 [border: (2px solid #0000FF) none (2px solid #008000) none]
                  RenderTableRow {TR} at (0,0) size 51x24
                    RenderTableCell {TH} at (0,0) size 51x24 [border: (1px solid #D3D3D3)] [r=0 c=0 rs=1 cs=1]
                      RenderText {#text} at (2,2) size 48x20
                        text run at (2,2) width 48: "Header"
                RenderTableSection {TBODY} at (0,25) size 51x22
                  RenderTableRow {TR} at (0,0) size 51x22
                    RenderTableCell {TD} at (0,0) size 51x22 [border: (1px solid #D3D3D3)] [r=0 c=0 rs=1 cs=1]
                      RenderText {#text} at (2,2) size 44x19
                        text run at (2,2) width 44: "Body 1"
                RenderTableSection {TBODY} at (0,47) size 51x22
                  RenderTableRow {TR} at (0,0) size 51x22
                    RenderTableCell {TD} at (0,0) size 51x22 [border: (1px solid #D3D3D3)] [r=0 c=0 rs=1 cs=1]
                      RenderText {#text} at (2,2) size 44x19
                        text run at (2,2) width 44: "Body 2"
                RenderTableSection {TFOOT} at (0,69) size 51x22
                  RenderTableRow {TR} at (0,0) size 51x22
                    RenderTableCell {TD} at (0,0) size 51x22 [border: (1px solid #D3D3D3)] [r=0 c=0 rs=1 cs=1]
                      RenderText {#text} at (2,2) size 42x19
                        text run at (2,2) width 42: "Footer"
              RenderTable {TABLE} at (11,113) size 52x92 [border: (1px none #808080)]
                RenderTableSection {TBODY} at (0,25) size 51x22
                  RenderTableRow {TR} at (0,0) size 51x22
                    RenderTableCell {TD} at (0,0) size 51x22 [border: (1px solid #D3D3D3)] [r=0 c=0 rs=1 cs=1]
                      RenderText {#text} at (2,2) size 44x19
                        text run at (2,2) width 44: "Body 1"
                RenderTableSection {THEAD} at (0,1) size 51x24 [border: (2px solid #0000FF) none (2px solid #008000) none]
                  RenderTableRow {TR} at (0,0) size 51x24
                    RenderTableCell {TH} at (0,0) size 51x24 [border: (1px solid #D3D3D3)] [r=0 c=0 rs=1 cs=1]
                      RenderText {#text} at (2,2) size 48x20
                        text run at (2,2) width 48: "Header"
                RenderTableSection {TBODY} at (0,47) size 51x22
                  RenderTableRow {TR} at (0,0) size 51x22
                    RenderTableCell {TD} at (0,0) size 51x22 [border: (1px solid #D3D3D3)] [r=0 c=0 rs=1 cs=1]
                      RenderText {#text} at (2,2) size 44x19
                        text run at (2,2) width 44: "Body 2"
                RenderTableSection {TFOOT} at (0,69) size 51x22
                  RenderTableRow {TR} at (0,0) size 51x22
                    RenderTableCell {TD} at (0,0) size 51x22 [border: (1px solid #D3D3D3)] [r=0 c=0 rs=1 cs=1]
                      RenderText {#text} at (2,2) size 42x19
                        text run at (2,2) width 42: "Footer"
              RenderTable {TABLE} at (11,215) size 52x92 [border: (1px none #808080)]
                RenderTableSection {TBODY} at (0,25) size 51x22
                  RenderTableRow {TR} at (0,0) size 51x22
                    RenderTableCell {TD} at (0,0) size 51x22 [border: (1px solid #D3D3D3)] [r=0 c=0 rs=1 cs=1]
                      RenderText {#text} at (2,2) size 44x19
                        text run at (2,2) width 44: "Body 1"
                RenderTableSection {THEAD} at (0,1) size 51x24 [border: (2px solid #0000FF) none (2px solid #008000) none]
                  RenderTableRow {TR} at (0,0) size 51x24
                    RenderTableCell {TH} at (0,0) size 51x24 [border: (1px solid #D3D3D3)] [r=0 c=0 rs=1 cs=1]
                      RenderText {#text} at (2,2) size 48x20
                        text run at (2,2) width 48: "Header"
                RenderTableSection {TFOOT} at (0,69) size 51x22
                  RenderTableRow {TR} at (0,0) size 51x22
                    RenderTableCell {TD} at (0,0) size 51x22 [border: (1px solid #D3D3D3)] [r=0 c=0 rs=1 cs=1]
                      RenderText {#text} at (2,2) size 42x19
                        text run at (2,2) width 42: "Footer"
                RenderTableSection {TBODY} at (0,47) size 51x22
                  RenderTableRow {TR} at (0,0) size 51x22
                    RenderTableCell {TD} at (0,0) size 51x22 [border: (1px solid #D3D3D3)] [r=0 c=0 rs=1 cs=1]
                      RenderText {#text} at (2,2) size 44x19
                        text run at (2,2) width 44: "Body 2"
            RenderTableCell {TD} at (230,2) size 74x318 [r=0 c=3 rs=1 cs=1]
              RenderTable {TABLE} at (11,11) size 52x92 [border: (1px none #808080)]
                RenderTableSection {TBODY} at (0,25) size 51x22
                  RenderTableRow {TR} at (0,0) size 51x22
                    RenderTableCell {TD} at (0,0) size 51x22 [border: (1px solid #D3D3D3)] [r=0 c=0 rs=1 cs=1]
                      RenderText {#text} at (2,2) size 44x19
                        text run at (2,2) width 44: "Body 1"
                RenderTableSection {TFOOT} at (0,69) size 51x22
                  RenderTableRow {TR} at (0,0) size 51x22
                    RenderTableCell {TD} at (0,0) size 51x22 [border: (1px solid #D3D3D3)] [r=0 c=0 rs=1 cs=1]
                      RenderText {#text} at (2,2) size 42x19
                        text run at (2,2) width 42: "Footer"
                RenderTableSection {THEAD} at (0,1) size 51x24 [border: (2px solid #0000FF) none (2px solid #008000) none]
                  RenderTableRow {TR} at (0,0) size 51x24
                    RenderTableCell {TH} at (0,0) size 51x24 [border: (1px solid #D3D3D3)] [r=0 c=0 rs=1 cs=1]
                      RenderText {#text} at (2,2) size 48x20
                        text run at (2,2) width 48: "Header"
                RenderTableSection {TBODY} at (0,47) size 51x22
                  RenderTableRow {TR} at (0,0) size 51x22
                    RenderTableCell {TD} at (0,0) size 51x22 [border: (1px solid #D3D3D3)] [r=0 c=0 rs=1 cs=1]
                      RenderText {#text} at (2,2) size 44x19
                        text run at (2,2) width 44: "Body 2"
              RenderTable {TABLE} at (11,113) size 52x92 [border: (1px none #808080)]
                RenderTableSection {TFOOT} at (0,69) size 51x22
                  RenderTableRow {TR} at (0,0) size 51x22
                    RenderTableCell {TD} at (0,0) size 51x22 [border: (1px solid #D3D3D3)] [r=0 c=0 rs=1 cs=1]
                      RenderText {#text} at (2,2) size 42x19
                        text run at (2,2) width 42: "Footer"
                RenderTableSection {TBODY} at (0,25) size 51x22
                  RenderTableRow {TR} at (0,0) size 51x22
                    RenderTableCell {TD} at (0,0) size 51x22 [border: (1px solid #D3D3D3)] [r=0 c=0 rs=1 cs=1]
                      RenderText {#text} at (2,2) size 44x19
                        text run at (2,2) width 44: "Body 1"
                RenderTableSection {THEAD} at (0,1) size 51x24 [border: (2px solid #0000FF) none (2px solid #008000) none]
                  RenderTableRow {TR} at (0,0) size 51x24
                    RenderTableCell {TH} at (0,0) size 51x24 [border: (1px solid #D3D3D3)] [r=0 c=0 rs=1 cs=1]
                      RenderText {#text} at (2,2) size 48x20
                        text run at (2,2) width 48: "Header"
                RenderTableSection {TBODY} at (0,47) size 51x22
                  RenderTableRow {TR} at (0,0) size 51x22
                    RenderTableCell {TD} at (0,0) size 51x22 [border: (1px solid #D3D3D3)] [r=0 c=0 rs=1 cs=1]
                      RenderText {#text} at (2,2) size 44x19
                        text run at (2,2) width 44: "Body 2"
              RenderTable {TABLE} at (11,215) size 52x92 [border: (1px none #808080)]
                RenderTableSection {TBODY} at (0,25) size 51x22
                  RenderTableRow {TR} at (0,0) size 51x22
                    RenderTableCell {TD} at (0,0) size 51x22 [border: (1px solid #D3D3D3)] [r=0 c=0 rs=1 cs=1]
                      RenderText {#text} at (2,2) size 44x19
                        text run at (2,2) width 44: "Body 1"
                RenderTableSection {TBODY} at (0,47) size 51x22
                  RenderTableRow {TR} at (0,0) size 51x22
                    RenderTableCell {TD} at (0,0) size 51x22 [border: (1px solid #D3D3D3)] [r=0 c=0 rs=1 cs=1]
                      RenderText {#text} at (2,2) size 44x19
                        text run at (2,2) width 44: "Body 2"
                RenderTableSection {TFOOT} at (0,69) size 51x22
                  RenderTableRow {TR} at (0,0) size 51x22
                    RenderTableCell {TD} at (0,0) size 51x22 [border: (1px solid #D3D3D3)] [r=0 c=0 rs=1 cs=1]
                      RenderText {#text} at (2,2) size 42x19
                        text run at (2,2) width 42: "Footer"
                RenderTableSection {THEAD} at (0,1) size 51x24 [border: (2px solid #0000FF) none (2px solid #008000) none]
                  RenderTableRow {TR} at (0,0) size 51x24
                    RenderTableCell {TH} at (0,0) size 51x24 [border: (1px solid #D3D3D3)] [r=0 c=0 rs=1 cs=1]
                      RenderText {#text} at (2,2) size 48x20
                        text run at (2,2) width 48: "Header"
