layer at (0,0) size 800x600
  RenderView at (0,0) size 800x600
layer at (0,0) size 800x600
  RenderSVGRoot {svg} at (0,0) size 800x600
    RenderSVGContainer {g} at (49,49) size 302x302 [transform={m=((1.00,0.00)(0.00,1.00)) t=(50.00,50.00)}]
      RenderPath {polygon} at (49,49) size 302x302 [stroke={[type=SOLID] [color=#FF0000]}] [fill={[type=SOLID] [color=#ADD8E6]}] [data="M0.00,0.00 L300.00,0.00 L300.00,300.00 L0.00,300.00 Z"]
      RenderForeignObject {foreignObject} at (10,10) size 280x280
        RenderInline {html:b} at (0,0) size 106x19
          RenderText {#text} at (0,0) size 106x19
            text run at (0,0) width 106: "Absolute Lineto"
        RenderBR {html:br} at (106,0) size 0x19
        RenderText {#text} at (0,20) size 239x39
          text run at (0,20) width 239: "<path d=\"M50,80 L250,80 150,280 z\""
          text run at (0,40) width 173: "style=\"fill:red; stroke:blue;\"/>"
      RenderPath {path} at (99,129) size 202x203 [stroke={[type=SOLID] [color=#0000FF]}] [fill={[type=SOLID] [color=#FF0000]}] [data="M50.00,80.00 L250.00,80.00 L150.00,280.00 Z"]
caret: position 67 of child 3 {#text} of child 5 {foreignObject} of child 1 {g} of child 1 {svg} of document
