layer at (0,0) size 800x600
  RenderView at (0,0) size 800x600
layer at (0,0) size 800x477
  RenderBlock {HTML} at (0,0) size 800x477
    RenderBody {BODY} at (8,14) size 784x455
      RenderBlock {P} at (0,0) size 784x20
        RenderInline {B} at (0,0) size 54x20
          RenderText {#text} at (0,0) size 54x20
            text run at (0,0) width 54: "BUG ID:"
        RenderText {#text} at (54,0) size 4x19
          text run at (54,0) width 4: " "
        RenderInline {A} at (0,0) size 113x19 [color=#0000EE]
          RenderText {#text} at (58,0) size 113x19
            text run at (58,0) width 113: "Bugzilla bug 6301"
        RenderText {#text} at (171,0) size 232x19
          text run at (171,0) width 232: " REGRESSION: Border repaint glitch"
      RenderBlock {P} at (0,34) size 784x26 [bgcolor=#98FB98]
        RenderInline {B} at (0,0) size 82x20
          RenderText {#text} at (3,3) size 82x20
            text run at (3,3) width 82: "TEST PASS:"
        RenderText {#text} at (85,3) size 440x19
          text run at (85,3) width 4: " "
          text run at (89,3) width 436: "The boxes will resize, maintaining their solid red rectangular borders."
      RenderBlock {P} at (0,74) size 784x64 [bgcolor=#FF3300]
        RenderInline {B} at (0,0) size 77x20
          RenderText {#text} at (3,3) size 77x20
            text run at (3,3) width 77: "TEST FAIL:"
        RenderText {#text} at (80,3) size 769x58
          text run at (80,3) width 4: " "
          text run at (84,3) width 688: "The boxes will resize, but the borders will break. The first box will be missing small segments from either side"
          text run at (3,23) width 750: "of its bottom border. The second box will have small red horizontal segments protruding inwards from both sides of the"
          text run at (3,42) width 285: "border, where the bottom border was before."
      RenderBlock {DIV} at (0,152) size 222x142 [border: (1px solid #0000FF)]
        RenderBlock {DIV} at (11,11) size 200x68 [bgcolor=#008080] [border: (4px solid #FF0000)]
          RenderBlock {DIV} at (14,14) size 172x40 [bgcolor=#C0C0C0]
      RenderBlock (anonymous) at (0,294) size 784x19
        RenderBR {BR} at (0,0) size 0x19
      RenderBlock {DIV} at (0,313) size 222x142 [border: (1px solid #0000FF)]
        RenderBlock {DIV} at (11,11) size 200x88 [bgcolor=#008080] [border: (4px solid #FF0000)]
          RenderBlock {DIV} at (14,14) size 172x60 [bgcolor=#C0C0C0]
