layer at (0,0) size 800x600
  RenderView at (0,0) size 800x600
layer at (0,0) size 800x295
  RenderBlock {HTML} at (0,0) size 800x295
    RenderBody {BODY} at (8,14) size 784x273
      RenderBlock {P} at (0,0) size 784x19
        RenderText {#text} at (0,0) size 388x19
          text run at (0,0) width 388: "Tests the repainting of box shadows when boxes are resized."
      RenderBlock {DIV} at (0,33) size 70x120
        RenderBlock {DIV} at (10,20) size 50x50 [bgcolor=#FFFF77]
          RenderBlock {DIV} at (10,0) size 30x50
      RenderBlock {DIV} at (0,153) size 70x120
        RenderBlock {DIV} at (10,20) size 50x50 [bgcolor=#FFFF77]
          RenderBlock {DIV} at (10,0) size 30x50
