layer at (0,0) size 800x600
  RenderView at (0,0) size 800x600
layer at (0,0) size 800x203
  RenderBlock {HTML} at (0,0) size 800x203
    RenderBody {BODY} at (8,14) size 784x175
      RenderBlock {P} at (0,0) size 784x20
        RenderInline {B} at (0,0) size 54x20
          RenderText {#text} at (0,0) size 54x20
            text run at (0,0) width 54: "BUG ID:"
        RenderText {#text} at (54,0) size 4x19
          text run at (54,0) width 4: " "
        RenderInline {A} at (0,0) size 113x19 [color=#0000EE]
          RenderText {#text} at (58,0) size 113x19
            text run at (58,0) width 113: "Bugzilla bug 5699"
        RenderText {#text} at (171,0) size 221x19
          text run at (171,0) width 221: " REGRESSION: incomplete repaint"
      RenderBlock {P} at (0,34) size 784x26 [bgcolor=#98FB98]
        RenderInline {B} at (0,0) size 82x20
          RenderText {#text} at (3,3) size 82x20
            text run at (3,3) width 82: "TEST PASS:"
        RenderText {#text} at (85,3) size 214x19
          text run at (85,3) width 4: " "
          text run at (89,3) width 210: "The word \x{201C}Hello\x{201D} will move down."
      RenderBlock {P} at (0,74) size 784x26 [bgcolor=#FF3300]
        RenderInline {B} at (0,0) size 77x20
          RenderText {#text} at (3,3) size 77x20
            text run at (3,3) width 77: "TEST FAIL:"
        RenderText {#text} at (80,3) size 285x19
          text run at (80,3) width 4: " "
          text run at (84,3) width 281: "Another copy of the word \x{201C}Hello\x{201D} will appear."
      RenderBlock {P} at (0,114) size 784x61
        RenderInline {SPAN} at (0,0) size 4x19
          RenderText {#text} at (0,11) size 4x19
            text run at (0,11) width 4: " "
        RenderBR {BR} at (4,11) size 0x19
        RenderText {#text} at (0,42) size 32x19
          text run at (0,42) width 32: "Hello"
        RenderBR {BR} at (32,42) size 0x19
