layer at (0,0) size 800x600
  RenderView at (0,0) size 800x600
layer at (0,0) size 800x183
  RenderBlock {HTML} at (0,0) size 800x183
    RenderBody {BODY} at (8,14) size 784x161
      RenderBlock {P} at (0,0) size 784x20
        RenderInline {B} at (0,0) size 54x20
          RenderText {#text} at (0,0) size 54x20
            text run at (0,0) width 54: "BUG ID:"
        RenderText {#text} at (54,0) size 4x19
          text run at (54,0) width 4: " "
        RenderInline {A} at (0,0) size 113x19 [color=#0000EE]
          RenderText {#text} at (58,0) size 113x19
            text run at (58,0) width 113: "Bugzilla bug 6473"
        RenderText {#text} at (171,0) size 467x19
          text run at (171,0) width 467: " REGRESSION: Serious painting problems on new iLife and iWorks pages"
      RenderBlock {P} at (0,34) size 784x26 [bgcolor=#98FB98]
        RenderInline {B} at (0,0) size 82x20
          RenderText {#text} at (3,3) size 82x20
            text run at (3,3) width 82: "TEST PASS:"
        RenderText {#text} at (85,3) size 420x19
          text run at (85,3) width 4: " "
          text run at (89,3) width 416: "A green rectangle containing the word SUCCESS will show below."
      RenderBlock {P} at (0,74) size 784x26 [bgcolor=#FF3300]
        RenderInline {B} at (0,0) size 77x20
          RenderText {#text} at (3,3) size 77x20
            text run at (3,3) width 77: "TEST FAIL:"
        RenderText {#text} at (80,3) size 246x19
          text run at (80,3) width 4: " "
          text run at (84,3) width 242: "A green rectangle will not show below."
      RenderBlock {DIV} at (0,114) size 784x47
layer at (8,128) size 784x47
  RenderBlock {DIV} at (0,0) size 784x47
layer at (8,142) size 784x19
  RenderBlock (relative positioned) {P} at (0,14) size 784x19 [bgcolor=#00FF00]
    RenderText {#text} at (0,0) size 66x19
      text run at (0,0) width 66: "SUCCESS"
