layer at (0,0) size 800x600
  RenderView at (0,0) size 800x600
layer at (0,0) size 800x274
  RenderBlock {HTML} at (0,0) size 800x274
    RenderBody {BODY} at (8,14) size 784x252
      RenderBlock {P} at (0,0) size 784x20
        RenderInline {B} at (0,0) size 54x20
          RenderText {#text} at (0,0) size 54x20
            text run at (0,0) width 54: "BUG ID:"
        RenderText {#text} at (54,0) size 4x19
          text run at (54,0) width 4: " "
        RenderInline {A} at (0,0) size 113x19 [color=#0000EE]
          RenderText {#text} at (58,0) size 113x19
            text run at (58,0) width 113: "Bugzilla bug 7235"
        RenderText {#text} at (171,0) size 401x19
          text run at (171,0) width 401: " Pure CSS Tooltips method renders wrong and creates artifacts"
      RenderBlock {P} at (0,34) size 784x26 [bgcolor=#98FB98]
        RenderInline {B} at (0,0) size 82x20
          RenderText {#text} at (3,3) size 82x20
            text run at (3,3) width 82: "TEST PASS:"
        RenderText {#text} at (85,3) size 268x19
          text run at (85,3) width 4: " "
          text run at (89,3) width 264: "The square should change to solid green."
      RenderBlock {P} at (0,74) size 784x45 [bgcolor=#FF3300]
        RenderInline {B} at (0,0) size 77x20
          RenderText {#text} at (3,3) size 77x20
            text run at (3,3) width 77: "TEST FAIL:"
        RenderText {#text} at (80,3) size 755x39
          text run at (80,3) width 4: " "
          text run at (84,3) width 674: "The square will remain red and will only change to green when the window is resized, scrolled or otherwise"
          text run at (3,23) width 64: "repainted."
      RenderBlock {P} at (0,133) size 784x0
      RenderBlock (anonymous) at (0,133) size 784x19
        RenderText {#text} at (0,0) size 0x0
      RenderBlock {DIV} at (0,152) size 100x100 [bgcolor=#FF0000]
layer at (-92,147) size 4x19 backgroundClip at (0,0) size 800x600 clip at (0,0) size 800x600 outlineClip at (0,0) size 800x600
  RenderInline (relative positioned) {SPAN} at (0,0) size 4x19
    RenderText {#text} at (100,0) size 4x19
      text run at (100,0) width 4: " "
layer at (8,166) size 100x100
  RenderBlock (positioned) {DIV} at (0,19) size 100x100 [bgcolor=#008000]
