layer at (0,0) size 800x600
  RenderView at (0,0) size 800x600
layer at (0,0) size 800x600
  RenderBlock {HTML} at (0,0) size 800x600
    RenderBody {BODY} at (8,8) size 784x584
      RenderBlock {P} at (0,0) size 784x40
        RenderText {#text} at (0,0) size 153x19
          text run at (0,0) width 153: "This is a repaint test for "
        RenderInline {I} at (0,0) size 783x39
          RenderInline {A} at (0,0) size 337x19 [color=#0000EE]
            RenderText {#text} at (153,0) size 337x19
              text run at (153,0) width 337: "http://bugzilla.opendarwin.org/show_bug.cgi?id=9121"
          RenderText {#text} at (490,0) size 783x39
            text run at (490,0) width 4: " "
            text run at (494,0) width 289: "REGRESSION: [Incremental Repaint] DHTML"
            text run at (0,20) width 144: "movement test failures"
        RenderText {#text} at (144,20) size 4x19
          text run at (144,20) width 4: "."
      RenderBlock {HR} at (0,54) size 784x2 [border: (1px inset #000000)]
layer at (8,71) size 214x232 scrollWidth 430
  RenderBlock (relative positioned) {DIV} at (0,63) size 214x232
layer at (-2,71) size 214x232 backgroundClip at (8,71) size 214x232 clip at (8,71) size 214x232 outlineClip at (8,71) size 214x232
  RenderBlock (positioned) {DIV} at (-440,0) size 214x232
    RenderImage {IMG} at (0,0) size 214x232
    RenderText {#text} at (0,0) size 0x0
