layer at (0,0) size 800x600
  RenderView at (0,0) size 800x600
layer at (0,0) size 800x600
  RenderBlock {HTML} at (0,0) size 800x600
    RenderBody {BODY} at (8,8) size 784x584
      RenderBlock {P} at (0,0) size 784x40
        RenderText {#text} at (0,0) size 153x19
          text run at (0,0) width 153: "This is a repaint test for "
        RenderInline {I} at (0,0) size 764x39
          RenderInline {A} at (0,0) size 337x19 [color=#0000EE]
            RenderText {#text} at (153,0) size 337x19
              text run at (153,0) width 337: "http://bugzilla.opendarwin.org/show_bug.cgi?id=7204"
          RenderText {#text} at (490,0) size 764x39
            text run at (490,0) width 4: " "
            text run at (494,0) width 270: "float inserted in fixed height block via DOM"
            text run at (0,20) width 84: "not repainted"
        RenderText {#text} at (84,20) size 4x19
          text run at (84,20) width 4: "."
      RenderBlock {P} at (0,54) size 784x19
        RenderText {#text} at (0,0) size 250x19
          text run at (0,0) width 250: "There should be a green square below."
      RenderBlock {HR} at (0,87) size 784x2 [border: (1px inset #000000)]
      RenderBlock {DIV} at (0,96) size 784x100
      RenderBlock {DIV} at (0,196) size 784x0
        RenderBlock (floating) {DIV} at (0,0) size 100x100 [bgcolor=#008000]
