layer at (0,0) size 800x600
  RenderView at (0,0) size 800x600
layer at (0,0) size 800x600
  RenderBlock {HTML} at (0,0) size 800x600
    RenderBody {BODY} at (8,8) size 784x584
      RenderBlock {DIV} at (0,0) size 784x19
        RenderText {#text} at (0,0) size 33x19
          text run at (0,0) width 33: "Both "
        RenderText {#text} at (0,0) size 0x0
layer at (8,8) size 54x23
  RenderInline (relative positioned) {A} at (0,0) size 54x23 [color=#0000EE] [border: (2px solid #FF0000)]
    RenderText {#text} at (35,0) size 50x19
      text run at (35,0) width 50: "this and"
layer at (43,148) size 284x23
  RenderBlock (positioned) {SPAN} at (2,142) size 284x23 [border: (2px solid #0000FF)]
    RenderText {#text} at (2,2) size 280x19
      text run at (2,2) width 280: "this should have correctly placed focus rings"
