layer at (0,0) size 800x600
  RenderView at (0,0) size 800x600
layer at (0,0) size 800x600
  RenderBlock {HTML} at (0,0) size 800x600
    RenderBody {BODY} at (8,8) size 784x578
      RenderBlock {P} at (0,0) size 784x40
        RenderText {#text} at (0,0) size 105x19
          text run at (0,0) width 105: "This is a test for "
        RenderInline {I} at (0,0) size 747x39
          RenderInline {A} at (0,0) size 294x19 [color=#0000EE]
            RenderText {#text} at (105,0) size 294x19
              text run at (105,0) width 294: "http://bugs.webkit.org/show_bug.cgi?id=13209"
          RenderText {#text} at (399,0) size 747x39
            text run at (399,0) width 4: " "
            text run at (403,0) width 344: "REGRESSION (r18756-18765): Incomplete list marker"
            text run at (0,20) width 187: "repaint when resizing list item"
        RenderText {#text} at (187,20) size 4x19
          text run at (187,20) width 4: "."
      RenderBlock {P} at (0,54) size 784x19
        RenderText {#text} at (0,0) size 422x19
          text run at (0,0) width 422: "There should be only one bullet, at the bottom left of the rectangle."
      RenderBlock {UL} at (0,87) size 784x105
        RenderListItem {LI} at (40,0) size 744x105
          RenderListMarker at (-17,86) size 7x19: bullet
          RenderImage {IMG} at (0,0) size 100x100
