layer at (0,0) size 800x600
  RenderView at (0,0) size 800x600
layer at (0,0) size 800x510
  RenderBlock {HTML} at (0,0) size 800x510
    RenderBody {BODY} at (8,14) size 784x488
      RenderBlock {P} at (0,0) size 784x20
        RenderInline {B} at (0,0) size 54x20
          RenderText {#text} at (0,0) size 54x20
            text run at (0,0) width 54: "BUG ID:"
        RenderText {#text} at (54,0) size 4x19
          text run at (54,0) width 4: " "
        RenderInline {A} at (0,0) size 113x19 [color=#0000EE]
          RenderText {#text} at (58,0) size 113x19
            text run at (58,0) width 113: "Bugzilla bug 8032"
        RenderText {#text} at (171,0) size 518x19
          text run at (171,0) width 518: " REGRESSION: Focus ring not completely redrawn after a Delete changes its size"
      RenderBlock {P} at (0,34) size 784x19
        RenderText {#text} at (0,0) size 375x19
          text run at (0,0) width 375: "Note that this bug (and the test) are just outline versions of "
        RenderInline {A} at (0,0) size 113x19 [color=#0000EE]
          RenderText {#text} at (375,0) size 113x19
            text run at (375,0) width 113: "Bugzilla bug 6301"
        RenderText {#text} at (488,0) size 59x19
          text run at (488,0) width 59: " and test "
        RenderInline {A} at (0,0) size 160x19 [color=#0000EE]
          RenderText {#text} at (547,0) size 160x19
            text run at (547,0) width 160: "border-repaint-glitch.html"
        RenderText {#text} at (0,0) size 0x0
      RenderBlock {P} at (0,67) size 784x26 [bgcolor=#98FB98]
        RenderInline {B} at (0,0) size 82x20
          RenderText {#text} at (3,3) size 82x20
            text run at (3,3) width 82: "TEST PASS:"
        RenderText {#text} at (85,3) size 440x19
          text run at (85,3) width 4: " "
          text run at (89,3) width 436: "The boxes will resize, maintaining their solid red rectangular outlines."
      RenderBlock {P} at (0,107) size 784x64 [bgcolor=#FF3300]
        RenderInline {B} at (0,0) size 77x20
          RenderText {#text} at (3,3) size 77x20
            text run at (3,3) width 77: "TEST FAIL:"
        RenderText {#text} at (80,3) size 769x58
          text run at (80,3) width 4: " "
          text run at (84,3) width 688: "The boxes will resize, but the outlines will break. The first box will be missing small segments from either side"
          text run at (3,23) width 750: "of its bottom outline. The second box will have small red horizontal segments protruding inwards from both sides of the"
          text run at (3,42) width 285: "outline, where the bottom outline was before."
      RenderBlock {DIV} at (0,185) size 222x142 [border: (1px solid #0000FF)]
        RenderBlock {DIV} at (11,21) size 200x40 [bgcolor=#008080]
          RenderBlock {DIV} at (10,0) size 180x40 [bgcolor=#C0C0C0]
      RenderBlock (anonymous) at (0,327) size 784x19
        RenderBR {BR} at (0,0) size 0x19
      RenderBlock {DIV} at (0,346) size 222x142 [border: (1px solid #0000FF)]
        RenderBlock {DIV} at (11,21) size 200x60 [bgcolor=#008080]
          RenderBlock {DIV} at (10,0) size 180x60 [bgcolor=#C0C0C0]
