layer at (0,0) size 800x600
  RenderView at (0,0) size 800x600
layer at (0,0) size 800x218
  RenderBlock {HTML} at (0,0) size 800x218
    RenderBody {BODY} at (8,14) size 784x196
      RenderBlock {P} at (0,0) size 784x40
        RenderText {#text} at (0,0) size 105x19
          text run at (0,0) width 105: "This is a test for "
        RenderInline {I} at (0,0) size 740x39
          RenderInline {A} at (0,0) size 337x19 [color=#0000EE]
            RenderText {#text} at (105,0) size 337x19
              text run at (105,0) width 337: "http://bugzilla.opendarwin.org/show_bug.cgi?id=9388"
          RenderText {#text} at (442,0) size 740x39
            text run at (442,0) width 4: " "
            text run at (446,0) width 294: "REGRESSION: outlines don't get erased when"
            text run at (0,20) width 151: "removed in some cases"
        RenderText {#text} at (151,20) size 4x19
          text run at (151,20) width 4: "."
      RenderBlock {P} at (0,54) size 784x19
        RenderText {#text} at (0,0) size 334x19
          text run at (0,0) width 334: "There should be a green square and no trace of red."
      RenderBlock {HR} at (0,87) size 784x2 [border: (1px inset #000000)]
      RenderBlock {DIV} at (0,96) size 100x100 [bgcolor=#008000]
