layer at (0,0) size 800x600
  RenderView at (0,0) size 800x600
layer at (0,0) size 800x600
  RenderBlock {HTML} at (0,0) size 800x600
    RenderBody {BODY} at (8,8) size 784x584
      RenderBlock {P} at (0,0) size 784x40
        RenderText {#text} at (0,0) size 153x19
          text run at (0,0) width 153: "This is a repaint test for "
        RenderInline {I} at (0,0) size 782x39
          RenderInline {A} at (0,0) size 294x19 [color=#0000EE]
            RenderText {#text} at (153,0) size 294x19
              text run at (153,0) width 294: "http://bugs.webkit.org/show_bug.cgi?id=11277"
          RenderText {#text} at (447,0) size 782x39
            text run at (447,0) width 4: " "
            text run at (451,0) width 331: "REGRESSION: Incomplete repaint of overflow areas"
            text run at (0,20) width 88: "when deleting"
        RenderText {#text} at (88,20) size 4x19
          text run at (88,20) width 4: "."
      RenderBlock {HR} at (0,54) size 784x2 [border: (1px inset #000000)]
layer at (8,71) size 80x36
  RenderBlock {DIV} at (0,63) size 80x36
    RenderText {#text} at (0,0) size 71x19
      text run at (0,0) width 71: "Lorem ipsu"
