layer at (0,0) size 800x600
  RenderView at (0,0) size 800x600
layer at (0,0) size 800x485
  RenderBlock {HTML} at (0,0) size 800x485
    RenderBody {BODY} at (8,14) size 784x463
      RenderBlock {P} at (0,0) size 784x40
        RenderText {#text} at (0,0) size 101x19
          text run at (0,0) width 101: "Repaint test for "
        RenderInline {I} at (0,0) size 763x39
          RenderInline {A} at (0,0) size 337x19 [color=#0000EE]
            RenderText {#text} at (101,0) size 337x19
              text run at (101,0) width 337: "http://bugzilla.opendarwin.org/show_bug.cgi?id=9334"
          RenderText {#text} at (438,0) size 763x39
            text run at (438,0) width 4: " "
            text run at (442,0) width 321: "Incomplete repaint when changing block from non-"
            text run at (0,20) width 150: "positioned to positioned"
        RenderText {#text} at (150,20) size 4x19
          text run at (150,20) width 4: "."
      RenderBlock {HR} at (0,54) size 784x2 [border: (1px inset #000000)]
layer at (8,77) size 784x200
  RenderBlock (relative positioned) {DIV} at (0,63) size 784x200
layer at (8,127) size 100x100
  RenderBlock (relative positioned) {DIV} at (0,0) size 100x100 [bgcolor=#0000FF]
layer at (8,277) size 784x200
  RenderBlock (relative positioned) {DIV} at (0,263) size 784x200
    RenderBlock {DIV} at (0,50) size 784x150
layer at (8,277) size 100x100
  RenderBlock (positioned) {DIV} at (0,0) size 100x100 [bgcolor=#0000FF]
