layer at (0,0) size 800x600
  RenderView at (0,0) size 800x600
layer at (0,0) size 800x236
  RenderBlock {HTML} at (0,0) size 800x236
    RenderBody {BODY} at (8,14) size 784x214
      RenderBlock {P} at (0,0) size 784x20
        RenderInline {B} at (0,0) size 54x20
          RenderText {#text} at (0,0) size 54x20
            text run at (0,0) width 54: "BUG ID:"
        RenderText {#text} at (54,0) size 4x19
          text run at (54,0) width 4: " "
        RenderInline {A} at (0,0) size 113x19 [color=#0000EE]
          RenderText {#text} at (58,0) size 113x19
            text run at (58,0) width 113: "Bugzilla bug 6769"
        RenderText {#text} at (171,0) size 481x19
          text run at (171,0) width 481: " REGRESSION: Incomplete repaint when a cell's extra bottom margin grows"
      RenderBlock {P} at (0,34) size 784x26 [bgcolor=#98FB98]
        RenderInline {B} at (0,0) size 82x20
          RenderText {#text} at (3,3) size 82x20
            text run at (3,3) width 82: "TEST PASS:"
        RenderText {#text} at (85,3) size 361x19
          text run at (85,3) width 4: " "
          text run at (89,3) width 357: "There should be only a green square below, and no red."
      RenderBlock {P} at (0,74) size 784x26 [bgcolor=#FF3300]
        RenderInline {B} at (0,0) size 77x20
          RenderText {#text} at (3,3) size 77x20
            text run at (3,3) width 77: "TEST FAIL:"
        RenderText {#text} at (80,3) size 310x19
          text run at (80,3) width 4: " "
          text run at (84,3) width 306: "The lower-right quarter of the square will be red."
      RenderTable {TABLE} at (0,114) size 100x100 [bgcolor=#008000]
        RenderTableSection {TBODY} at (0,0) size 100x100
          RenderTableRow {TR} at (0,0) size 100x100
            RenderTableCell {TD} at (0,50) size 50x0 [r=0 c=0 rs=2 cs=1]
            RenderTableCell {TD} at (50,0) size 50x0 [bgcolor=#008000] [r=0 c=1 rs=1 cs=1]
          RenderTableRow {TR} at (0,100) size 100x0
            RenderTableCell {TD} at (50,100) size 50x0 [bgcolor=#FF0000] [r=1 c=1 rs=1 cs=1]
