layer at (0,0) size 800x600
  RenderView at (0,0) size 800x600
layer at (0,0) size 800x339
  RenderBlock {html} at (0,0) size 800x339
    RenderBody {body} at (8,23) size 784x308
      RenderBlock {p} at (0,0) size 784x56 [color=#000080]
        RenderText {#text} at (0,0) size 732x56
          text run at (0,0) width 732: "Zoom in and out. The following two squares should always be the same"
          text run at (0,28) width 48: "size."
      RenderBlock {div} at (0,79) size 100x100 [bgcolor=#000080]
      RenderBlock (anonymous) at (0,202) size 784x106
        RenderSVGRoot {svg} at (8,225) size 100x100
          RenderPath {rect} at (8,225) size 100x100 [fill={[type=SOLID] [color=#000080]}] [data="M0.00,0.00 L100.00,0.00 L100.00,100.00 L0.00,100.00 L0.00,0.00"]
        RenderText {#text} at (0,0) size 0x0
        RenderText {#text} at (0,0) size 0x0
        RenderText {#text} at (0,0) size 0x0
