layer at (0,0) size 800x600
  RenderView at (0,0) size 800x600
layer at (0,0) size 800x145
  RenderBlock {HTML} at (0,0) size 800x74
    RenderBody {BODY} at (8,8) size 784x52
      RenderBlock (anonymous) at (0,0) size 784x19
        RenderInline {DIV} at (0,0) size 462x16 [color=#FFFFFF] [bgcolor=#FF0000]
          RenderText {#text} at (0,2) size 462x16
            text run at (0,2) width 462: "Ahem_font_required_for_this_test."
        RenderText {#text} at (0,0) size 0x0
      RenderBlock {P} at (0,33) size 784x19
        RenderText {#text} at (0,0) size 280x19
          text run at (0,0) width 280: "The following two blocks should be identical."
      RenderBlock (floating) {DIV} at (14,80) size 98x14 [color=#00FF00] [bgcolor=#008000]
        RenderText {#text} at (0,-1) size 14x16
          text run at (0,-1) width 14: "["
        RenderInline {SPAN} at (0,0) size 14x16
          RenderText {#text} at (14,-1) size 14x16
            text run at (14,-1) width 14: " "
        RenderInline {SPAN} at (0,0) size 14x16
          RenderText {#text} at (28,-1) size 14x16
            text run at (28,-1) width 14: " "
        RenderInline {SPAN} at (0,0) size 14x16
          RenderText {#text} at (42,-1) size 14x16
            text run at (42,-1) width 14: " "
        RenderInline {SPAN} at (0,0) size 14x16
          RenderText {#text} at (56,-1) size 14x16
            text run at (56,-1) width 14: " "
        RenderInline {SPAN} at (0,0) size 14x16
          RenderText {#text} at (70,-1) size 14x16
            text run at (70,-1) width 14: " "
        RenderText {#text} at (84,-1) size 14x16
          text run at (84,-1) width 14: "]"
      RenderBlock (floating) {DIV} at (14,122) size 98x14 [color=#00FF00] [bgcolor=#008000]
        RenderText {#text} at (0,-1) size 98x16
          text run at (0,-1) width 98: "[     ]"
