layer at (0,0) size 800x600
  RenderView at (0,0) size 800x600
layer at (0,0) size 800x600
  RenderBlock {HTML} at (0,0) size 800x600
    RenderBody {BODY} at (8,8) size 784x578
      RenderBlock {PRE} at (0,0) size 304x42 [border: (2px solid #008000)]
        RenderText {#text} at (2,2) size 73x38
          text run at (2,2) width 73: "This should"
          text run at (75,2) width 0: " "
          text run at (2,21) width 64: "not justify."
          text run at (66,21) width 0: " "
