layer at (0,0) size 800x600
  RenderView at (0,0) size 800x600
layer at (0,0) size 800x600
  RenderBlock {HTML} at (0,0) size 800x600
    RenderBody {BODY} at (8,8) size 784x578
      RenderBlock {PRE} at (0,0) size 784x57
        RenderText {#text} at (0,0) size 8x19
          text run at (0,0) width 8: "1"
        RenderBR {BR} at (8,14) size 0x0
        RenderText {#text} at (0,19) size 8x38
          text run at (0,19) width 0: " "
          text run at (0,38) width 8: "2"
