layer at (0,0) size 800x600
  RenderView at (0,0) size 800x600
layer at (0,0) size 800x101
  RenderBlock {HTML} at (0,0) size 800x101
    RenderBody {BODY} at (8,14) size 784x79
      RenderBlock {PRE} at (0,0) size 784x23 [border: (2px solid #008000)]
        RenderText {#text} at (2,2) size 106x19
          text run at (2,2) width 106: "I am on one line."
          text run at (108,2) width 0: " "
      RenderBlock {DIV} at (0,37) size 784x42 [border: (2px solid #008000)]
        RenderText {#text} at (2,2) size 756x38
          text run at (2,2) width 0: " "
          text run at (2,21) width 756: "This div is two lines.  The newline right after the tag opened is significant and is honored by Firefox and Opera (and us)."
          text run at (758,21) width 0: " "
