layer at (0,0) size 800x600
  RenderView at (0,0) size 800x600
layer at (0,0) size 800x600
  RenderBlock {HTML} at (0,0) size 800x600
    RenderBody {BODY} at (8,8) size 784x584
      RenderBlock {P} at (0,0) size 784x40
        RenderText {#text} at (0,0) size 53x19
          text run at (0,0) width 53: "Test for "
        RenderInline {I} at (0,0) size 768x39
          RenderInline {A} at (0,0) size 294x19 [color=#0000EE]
            RenderText {#text} at (53,0) size 294x19
              text run at (53,0) width 294: "http://bugs.webkit.org/show_bug.cgi?id=13072"
          RenderText {#text} at (347,0) size 768x39
            text run at (347,0) width 4: " "
            text run at (351,0) width 417: "REGRESSION (r15617): white-space: pre-wrap breaks off the last"
            text run at (0,20) width 156: "character of a wide word"
        RenderText {#text} at (156,20) size 4x19
          text run at (156,20) width 4: "."
      RenderBlock {P} at (0,54) size 784x19
        RenderText {#text} at (0,0) size 219x19
          text run at (0,0) width 219: "The following line should not wrap."
      RenderBlock {DIV} at (0,87) size 150x19 [bgcolor=#D3D3D3]
        RenderText {#text} at (0,0) size 181x19
          text run at (0,0) width 181: "abcdefghijklmnopqrstuvwxyz"
