CONSOLE MESSAGE: line 1: SyntaxError: Parse error
layer at (0,0) size 800x600
  RenderView at (0,0) size 800x600
layer at (0,0) size 800x600
  RenderBlock {HTML} at (0,0) size 800x600
    RenderBody {BODY} at (8,8) size 784x584
      RenderText {#text} at (0,0) size 52x19
        text run at (0,0) width 52: "TEST...\x{9}"
      RenderText {#text} at (0,0) size 0x0
      RenderText {#text} at (0,0) size 0x0
      RenderText {#text} at (52,0) size 224x19
        text run at (52,0) width 63: "PASSED. "
        text run at (115,0) width 161: "This text should show up."
      RenderText {#text} at (0,0) size 0x0
