layer at (0,0) size 785x1198
  RenderView at (0,0) size 785x600
layer at (0,0) size 785x1198
  RenderBlock {HTML} at (0,0) size 785x1198
    RenderBody {BODY} at (8,8) size 769x1182
      RenderBlock (anonymous) at (0,0) size 769x90
        RenderText {#text} at (0,0) size 346x18
          text run at (0,0) width 346: "This test was provided by open-source contributors on "
        RenderInline {A} at (0,0) size 53x18 [color=#0000EE]
          RenderText {#text} at (346,0) size 53x18
            text run at (346,0) width 53: "Bugzilla"
        RenderText {#text} at (399,0) size 740x72
          text run at (399,0) width 322: ". Currently, the \"Browser rendering\" results are not"
          text run at (0,18) width 740: "expected to match the \"Correct output sample\" results. In fact, I do not entirely agree with all of the given test cases in"
          text run at (0,36) width 727: "terms of their expected results, nor do I think that the browser should yet be expected to match all of the cases in the"
          text run at (0,54) width 184: "different languages, but I am "
          text run at (184,54) width 286: "(at least temporarily) adding the test anyway. "
        RenderBR {BR} at (470,68) size 0x0
        RenderBR {BR} at (0,72) size 0x18
      RenderTable {TABLE} at (0,90) size 769x364
        RenderBlock {CAPTION} at (0,0) size 769x18
          RenderText {#text} at (345,0) size 78x18
            text run at (345,0) width 78: "Input source"
        RenderTableSection {TBODY} at (0,18) size 769x346
          RenderTableRow {TR} at (0,2) size 769x58
            RenderTableCell {TH} at (2,20) size 53x22 [bgcolor=#F8F8F8] [border: (1px solid #EEEEEE)] [r=0 c=0 rs=1 cs=1]
              RenderText {#text} at (2,2) size 49x18
                text run at (2,2) width 49: "generic"
            RenderTableCell {TD} at (57,2) size 710x58 [border: (1px solid #EEEEEE)] [r=0 c=1 rs=1 cs=1]
              RenderText {#text} at (2,2) size 705x54
                text run at (2,2) width 16: "lip"
                text run at (18,2) width 52: "smackin"
                text run at (70,2) width 31: "thirst"
                text run at (101,2) width 58: "quenchin"
                text run at (159,2) width 54: "acetastin"
                text run at (213,2) width 59: "motivatin"
                text run at (272,2) width 32: "good"
                text run at (304,2) width 42: "buzzin"
                text run at (346,2) width 27: "cool"
                text run at (373,2) width 35: "talkin"
                text run at (408,2) width 28: "high"
                text run at (436,2) width 43: "walkin"
                text run at (479,2) width 22: "fast"
                text run at (501,2) width 28: "livin"
                text run at (529,2) width 27: "ever"
                text run at (556,2) width 32: "givin"
                text run at (588,2) width 27: "cool"
                text run at (615,2) width 35: "fizzin"
                text run at (650,2) width 21: "lip\x{AD}"
                text run at (2,20) width 52: "smackin"
                text run at (54,20) width 31: "thirst"
                text run at (85,20) width 58: "quenchin"
                text run at (143,20) width 54: "acetastin"
                text run at (197,20) width 59: "motivatin"
                text run at (256,20) width 32: "good"
                text run at (288,20) width 42: "buzzin"
                text run at (330,20) width 27: "cool"
                text run at (357,20) width 35: "talkin"
                text run at (392,20) width 28: "high"
                text run at (420,20) width 43: "walkin"
                text run at (463,20) width 22: "fast"
                text run at (485,20) width 28: "livin"
                text run at (513,20) width 27: "ever"
                text run at (540,20) width 32: "givin"
                text run at (572,20) width 27: "cool"
                text run at (599,20) width 35: "fizzin"
                text run at (634,20) width 16: "lip"
                text run at (650,20) width 57: "smackin\x{AD}"
                text run at (2,38) width 31: "thirst"
                text run at (33,38) width 58: "quenchin"
                text run at (91,38) width 54: "acetastin"
                text run at (145,38) width 59: "motivatin"
                text run at (204,38) width 32: "good"
                text run at (236,38) width 42: "buzzin"
                text run at (278,38) width 27: "cool"
                text run at (305,38) width 35: "talkin"
                text run at (340,38) width 28: "high"
                text run at (368,38) width 43: "walkin"
                text run at (411,38) width 22: "fast"
                text run at (433,38) width 28: "livin"
                text run at (461,38) width 27: "ever"
                text run at (488,38) width 32: "givin"
                text run at (520,38) width 27: "cool"
                text run at (547,38) width 35: "fizzin"
          RenderTableRow {TR} at (0,62) size 769x22
            RenderTableCell {TH} at (2,62) size 53x22 [bgcolor=#F8F8F8] [border: (1px solid #EEEEEE)] [r=1 c=0 rs=1 cs=1]
              RenderText {#text} at (19,2) size 15x18
                text run at (19,2) width 15: "cy"
            RenderTableCell {TD} at (57,62) size 710x22 [border: (1px solid #EEEEEE)] [r=1 c=1 rs=1 cs=1]
              RenderText {#text} at (2,2) size 24x18
                text run at (2,2) width 24: "\x{175}yl"
          RenderTableRow {TR} at (0,86) size 769x23
            RenderTableCell {TH} at (2,86) size 53x22 [bgcolor=#F8F8F8] [border: (1px solid #EEEEEE)] [r=2 c=0 rs=1 cs=1]
              RenderText {#text} at (21,2) size 11x18
                text run at (21,2) width 11: "el"
            RenderTableCell {TD} at (57,86) size 710x23 [border: (1px solid #EEEEEE)] [r=2 c=1 rs=1 cs=1]
              RenderText {#text} at (2,3) size 224x18
                text run at (2,3) width 224: "\x{3B3}\x{3B5}\x{3C9}\x{3B3}\x{3C1}\x{3B1}\x{3C6}\x{3B9}\x{3BA}\x{3AC}\x{2010}\x{3C3}\x{3C5}\x{3C3}\x{3C7}\x{3B5}\x{3C4}\x{3B9}\x{3C3}\x{3BC}\x{3AD}\x{3BD}\x{3B5}\x{3C2} \x{3AE}\x{3C4}\x{3B1}"
          RenderTableRow {TR} at (0,111) size 769x60
            RenderTableCell {TH} at (2,130) size 53x22 [bgcolor=#F8F8F8] [border: (1px solid #EEEEEE)] [r=3 c=0 rs=1 cs=1]
              RenderText {#text} at (18,2) size 16x18
                text run at (18,2) width 16: "en"
            RenderTableCell {TD} at (57,111) size 710x60 [border: (1px solid #EEEEEE)] [r=3 c=1 rs=1 cs=1]
              RenderText {#text} at (2,3) size 427x18
                text run at (2,3) width 427: "'cept nut'in safari\x{2019}s \x{2018}sure\x{2019} nai\x{308}ve r\x{E9}sum\x{E9}\x{2014}h\x{E1}c\x{30C}ek full\x{2010}time one-to-one"
              RenderBR {BR} at (429,17) size 0x0
              RenderText {#text} at (2,22) size 315x18
                text run at (2,22) width 315: "\"newcastle\x{2011}upon\x{2011}tyne\" washington\x{2011}on\x{2011}the\x{2011}brazos"
              RenderBR {BR} at (317,36) size 0x0
              RenderInline {SPAN} at (0,0) size 31x18
                RenderText {#text} at (2,40) size 31x18
                  text run at (2,40) width 31: "earth"
              RenderText {#text} at (33,40) size 73x18
                text run at (33,40) width 73: "quake earth"
              RenderInline {SPAN} at (0,0) size 37x18
                RenderText {#text} at (106,40) size 37x18
                  text run at (106,40) width 37: "worm"
              RenderText {#text} at (143,40) size 4x18
                text run at (143,40) width 4: " "
              RenderInline {SPAN} at (0,0) size 42x18
                RenderText {#text} at (147,40) size 42x18
                  text run at (147,40) width 42: "cheese"
              RenderInline {SPAN} at (0,0) size 41x18
                RenderText {#text} at (189,40) size 41x18
                  text run at (189,40) width 41: "burger"
              RenderText {#text} at (230,40) size 116x18
                text run at (230,40) width 116: " [house] ~six -big-"
          RenderTableRow {TR} at (0,173) size 769x22
            RenderTableCell {TH} at (2,173) size 53x22 [bgcolor=#F8F8F8] [border: (1px solid #EEEEEE)] [r=4 c=0 rs=1 cs=1]
              RenderText {#text} at (20,2) size 13x18
                text run at (20,2) width 13: "es"
            RenderTableCell {TD} at (57,173) size 710x22 [border: (1px solid #EEEEEE)] [r=4 c=1 rs=1 cs=1]
              RenderText {#text} at (2,2) size 63x18
                text run at (2,2) width 63: "\x{A1}jalape\x{F1}o!"
          RenderTableRow {TR} at (0,197) size 769x26
            RenderTableCell {TH} at (2,199) size 53x22 [bgcolor=#F8F8F8] [border: (1px solid #EEEEEE)] [r=5 c=0 rs=1 cs=1]
              RenderText {#text} at (20,2) size 12x18
                text run at (20,2) width 12: "fr"
            RenderTableCell {TD} at (57,197) size 710x26 [border: (1px solid #EEEEEE)] [r=5 c=1 rs=1 cs=1]
              RenderText {#text} at (2,6) size 207x18
                text run at (2,6) width 207: "quelqu'un l\x{2019}amour t'appelles\x{2011}tu 3"
              RenderInline {SUP} at (0,0) size 22x15
                RenderText {#text} at (209,2) size 22x15
                  text run at (209,2) width 22: "eme"
          RenderTableRow {TR} at (0,225) size 769x23
            RenderTableCell {TH} at (2,225) size 53x22 [bgcolor=#F8F8F8] [border: (1px solid #EEEEEE)] [r=6 c=0 rs=1 cs=1]
              RenderText {#text} at (17,2) size 18x18
                text run at (17,2) width 18: "hu"
            RenderTableCell {TD} at (57,225) size 710x23 [border: (1px solid #EEEEEE)] [r=6 c=1 rs=1 cs=1]
              RenderText {#text} at (2,3) size 109x18
                text run at (2,3) width 109: "11-ei london\x{2011}ban"
          RenderTableRow {TR} at (0,250) size 769x22
            RenderTableCell {TH} at (2,250) size 53x22 [bgcolor=#F8F8F8] [border: (1px solid #EEEEEE)] [r=7 c=0 rs=1 cs=1]
              RenderText {#text} at (20,2) size 13x18
                text run at (20,2) width 13: "nl"
            RenderTableCell {TD} at (57,250) size 710x22 [border: (1px solid #EEEEEE)] [r=7 c=1 rs=1 cs=1]
              RenderText {#text} at (2,2) size 69x18
                text run at (2,2) width 69: "'s ochtends"
          RenderTableRow {TR} at (0,274) size 769x22
            RenderTableCell {TH} at (2,274) size 53x22 [bgcolor=#F8F8F8] [border: (1px solid #EEEEEE)] [r=8 c=0 rs=1 cs=1]
              RenderText {#text} at (20,2) size 13x18
                text run at (20,2) width 13: "pl"
            RenderTableCell {TD} at (57,274) size 710x22 [border: (1px solid #EEEEEE)] [r=8 c=1 rs=1 cs=1]
              RenderText {#text} at (2,2) size 92x18
                text run at (2,2) width 92: "wzi\x{119}\x{142}a bie\x{17C}\x{105}ce"
          RenderTableRow {TR} at (0,298) size 769x22
            RenderTableCell {TH} at (2,298) size 53x22 [bgcolor=#F8F8F8] [border: (1px solid #EEEEEE)] [r=9 c=0 rs=1 cs=1]
              RenderText {#text} at (18,2) size 16x18
                text run at (18,2) width 16: "ru"
            RenderTableCell {TD} at (57,298) size 710x22 [border: (1px solid #EEEEEE)] [r=9 c=1 rs=1 cs=1]
              RenderText {#text} at (2,2) size 191x18
                text run at (2,2) width 191: "\x{43D}\x{44C}\x{44E}-\x{439}\x{43E}\x{440}\x{43A} 1990-\x{445} 14-vii-1789"
          RenderTableRow {TR} at (0,322) size 769x22
            RenderTableCell {TH} at (2,322) size 53x22 [bgcolor=#F8F8F8] [border: (1px solid #EEEEEE)] [r=10 c=0 rs=1 cs=1]
              RenderText {#text} at (17,2) size 18x18
                text run at (17,2) width 18: "tlh"
            RenderTableCell {TD} at (57,322) size 710x22 [border: (1px solid #EEEEEE)] [r=10 c=1 rs=1 cs=1]
              RenderText {#text} at (2,2) size 187x18
                text run at (2,2) width 187: "tlhIngan Hol wa''uy' loghqam"
      RenderTable {TABLE} at (0,454) size 769x364
        RenderBlock {CAPTION} at (0,0) size 769x18
          RenderText {#text} at (315,0) size 139x18
            text run at (315,0) width 139: "Correct output sample"
        RenderTableSection {TBODY} at (0,18) size 769x346
          RenderTableRow {TR} at (0,2) size 769x58
            RenderTableCell {TH} at (2,20) size 53x22 [bgcolor=#F8F8F8] [border: (1px solid #EEEEEE)] [r=0 c=0 rs=1 cs=1]
              RenderText {#text} at (2,2) size 49x18
                text run at (2,2) width 49: "generic"
            RenderTableCell {TD} at (57,2) size 710x58 [border: (1px solid #EEEEEE)] [r=0 c=1 rs=1 cs=1]
              RenderText {#text} at (2,2) size 705x54
                text run at (2,2) width 22: "Lip"
                text run at (24,2) width 52: "smackin"
                text run at (76,2) width 31: "thirst"
                text run at (107,2) width 58: "quenchin"
                text run at (165,2) width 54: "acetastin"
                text run at (219,2) width 59: "motivatin"
                text run at (278,2) width 32: "good"
                text run at (310,2) width 42: "buzzin"
                text run at (352,2) width 27: "cool"
                text run at (379,2) width 35: "talkin"
                text run at (414,2) width 28: "high"
                text run at (442,2) width 43: "walkin"
                text run at (485,2) width 22: "fast"
                text run at (507,2) width 28: "livin"
                text run at (535,2) width 27: "ever"
                text run at (562,2) width 32: "givin"
                text run at (594,2) width 27: "cool"
                text run at (621,2) width 35: "fizzin"
                text run at (656,2) width 21: "lip\x{AD}"
                text run at (2,20) width 52: "smackin"
                text run at (54,20) width 31: "thirst"
                text run at (85,20) width 58: "quenchin"
                text run at (143,20) width 54: "acetastin"
                text run at (197,20) width 59: "motivatin"
                text run at (256,20) width 32: "good"
                text run at (288,20) width 42: "buzzin"
                text run at (330,20) width 27: "cool"
                text run at (357,20) width 35: "talkin"
                text run at (392,20) width 28: "high"
                text run at (420,20) width 43: "walkin"
                text run at (463,20) width 22: "fast"
                text run at (485,20) width 28: "livin"
                text run at (513,20) width 27: "ever"
                text run at (540,20) width 32: "givin"
                text run at (572,20) width 27: "cool"
                text run at (599,20) width 35: "fizzin"
                text run at (634,20) width 16: "lip"
                text run at (650,20) width 57: "smackin\x{AD}"
                text run at (2,38) width 31: "thirst"
                text run at (33,38) width 58: "quenchin"
                text run at (91,38) width 54: "acetastin"
                text run at (145,38) width 59: "motivatin"
                text run at (204,38) width 32: "good"
                text run at (236,38) width 42: "buzzin"
                text run at (278,38) width 27: "cool"
                text run at (305,38) width 35: "talkin"
                text run at (340,38) width 28: "high"
                text run at (368,38) width 43: "walkin"
                text run at (411,38) width 22: "fast"
                text run at (433,38) width 28: "livin"
                text run at (461,38) width 27: "ever"
                text run at (488,38) width 32: "givin"
                text run at (520,38) width 27: "cool"
                text run at (547,38) width 35: "fizzin"
          RenderTableRow {TR} at (0,62) size 769x22
            RenderTableCell {TH} at (2,62) size 53x22 [bgcolor=#F8F8F8] [border: (1px solid #EEEEEE)] [r=1 c=0 rs=1 cs=1]
              RenderText {#text} at (19,2) size 15x18
                text run at (19,2) width 15: "cy"
            RenderTableCell {TD} at (57,62) size 710x22 [border: (1px solid #EEEEEE)] [r=1 c=1 rs=1 cs=1]
              RenderText {#text} at (2,2) size 27x18
                text run at (2,2) width 27: "\x{174}yl"
          RenderTableRow {TR} at (0,86) size 769x23
            RenderTableCell {TH} at (2,86) size 53x22 [bgcolor=#F8F8F8] [border: (1px solid #EEEEEE)] [r=2 c=0 rs=1 cs=1]
              RenderText {#text} at (21,2) size 11x18
                text run at (21,2) width 11: "el"
            RenderTableCell {TD} at (57,86) size 710x23 [border: (1px solid #EEEEEE)] [r=2 c=1 rs=1 cs=1]
              RenderText {#text} at (2,3) size 236x18
                text run at (2,3) width 236: "\x{393}\x{3B5}\x{3C9}\x{3B3}\x{3C1}\x{3B1}\x{3C6}\x{3B9}\x{3BA}\x{3AC}\x{2010}\x{3A3}\x{3C5}\x{3C3}\x{3C7}\x{3B5}\x{3C4}\x{3B9}\x{3C3}\x{3BC}\x{3AD}\x{3BD}\x{3B5}\x{3C2} \x{389}\x{3C4}\x{3B1}"
          RenderTableRow {TR} at (0,111) size 769x60
            RenderTableCell {TH} at (2,130) size 53x22 [bgcolor=#F8F8F8] [border: (1px solid #EEEEEE)] [r=3 c=0 rs=1 cs=1]
              RenderText {#text} at (18,2) size 16x18
                text run at (18,2) width 16: "en"
            RenderTableCell {TD} at (57,111) size 710x60 [border: (1px solid #EEEEEE)] [r=3 c=1 rs=1 cs=1]
              RenderText {#text} at (2,3) size 467x18
                text run at (2,3) width 467: "'Cept Nut'in Safari\x{2019}s \x{2018}Sure\x{2019} Na\x{EF}ve R\x{E9}sum\x{E9}\x{2014}H\x{E1}\x{10D}ek Full\x{2010}time One-to-One"
              RenderBR {BR} at (469,17) size 0x0
              RenderText {#text} at (2,22) size 330x18
                text run at (2,22) width 330: "\"Newcastle-upon-Tyne\" Washington\x{2011}on\x{2011}the\x{2011}Brazos"
              RenderBR {BR} at (332,36) size 0x0
              RenderText {#text} at (2,40) size 364x18
                text run at (2,40) width 364: "Earthquake Earthworm Cheeseburger [House] ~Six -Big-"
          RenderTableRow {TR} at (0,173) size 769x22
            RenderTableCell {TH} at (2,173) size 53x22 [bgcolor=#F8F8F8] [border: (1px solid #EEEEEE)] [r=4 c=0 rs=1 cs=1]
              RenderText {#text} at (20,2) size 13x18
                text run at (20,2) width 13: "es"
            RenderTableCell {TD} at (57,173) size 710x22 [border: (1px solid #EEEEEE)] [r=4 c=1 rs=1 cs=1]
              RenderText {#text} at (2,2) size 65x18
                text run at (2,2) width 65: "\x{A1}Jalape\x{F1}o!"
          RenderTableRow {TR} at (0,197) size 769x26
            RenderTableCell {TH} at (2,199) size 53x22 [bgcolor=#F8F8F8] [border: (1px solid #EEEEEE)] [r=5 c=0 rs=1 cs=1]
              RenderText {#text} at (20,2) size 12x18
                text run at (20,2) width 12: "fr"
            RenderTableCell {TD} at (57,197) size 710x26 [border: (1px solid #EEEEEE)] [r=5 c=1 rs=1 cs=1]
              RenderText {#text} at (2,6) size 227x18
                text run at (2,6) width 227: "Quelqu'un l\x{2019}Amour t'Appelles\x{2011}Tu 3"
              RenderInline {SUP} at (0,0) size 22x15
                RenderText {#text} at (229,2) size 22x15
                  text run at (229,2) width 22: "eme"
          RenderTableRow {TR} at (0,225) size 769x23
            RenderTableCell {TH} at (2,225) size 53x22 [bgcolor=#F8F8F8] [border: (1px solid #EEEEEE)] [r=6 c=0 rs=1 cs=1]
              RenderText {#text} at (17,2) size 18x18
                text run at (17,2) width 18: "hu"
            RenderTableCell {TD} at (57,225) size 710x23 [border: (1px solid #EEEEEE)] [r=6 c=1 rs=1 cs=1]
              RenderText {#text} at (2,3) size 115x18
                text run at (2,3) width 115: "11-ei London\x{2011}ban"
          RenderTableRow {TR} at (0,250) size 769x22
            RenderTableCell {TH} at (2,250) size 53x22 [bgcolor=#F8F8F8] [border: (1px solid #EEEEEE)] [r=7 c=0 rs=1 cs=1]
              RenderText {#text} at (20,2) size 13x18
                text run at (20,2) width 13: "nl"
            RenderTableCell {TD} at (57,250) size 710x22 [border: (1px solid #EEEEEE)] [r=7 c=1 rs=1 cs=1]
              RenderText {#text} at (2,2) size 73x18
                text run at (2,2) width 73: "'s Ochtends"
          RenderTableRow {TR} at (0,274) size 769x22
            RenderTableCell {TH} at (2,274) size 53x22 [bgcolor=#F8F8F8] [border: (1px solid #EEEEEE)] [r=8 c=0 rs=1 cs=1]
              RenderText {#text} at (20,2) size 13x18
                text run at (20,2) width 13: "pl"
            RenderTableCell {TD} at (57,274) size 710x22 [border: (1px solid #EEEEEE)] [r=8 c=1 rs=1 cs=1]
              RenderText {#text} at (2,2) size 98x18
                text run at (2,2) width 98: "Wzi\x{119}\x{142}a Bie\x{17C}\x{105}ce"
          RenderTableRow {TR} at (0,298) size 769x22
            RenderTableCell {TH} at (2,298) size 53x22 [bgcolor=#F8F8F8] [border: (1px solid #EEEEEE)] [r=9 c=0 rs=1 cs=1]
              RenderText {#text} at (18,2) size 16x18
                text run at (18,2) width 16: "ru"
            RenderTableCell {TD} at (57,298) size 710x22 [border: (1px solid #EEEEEE)] [r=9 c=1 rs=1 cs=1]
              RenderText {#text} at (2,2) size 199x18
                text run at (2,2) width 199: "\x{41D}\x{44C}\x{44E}-\x{419}\x{43E}\x{440}\x{43A} 1990-\x{445} 14-vii-1789"
          RenderTableRow {TR} at (0,322) size 769x22
            RenderTableCell {TH} at (2,322) size 53x22 [bgcolor=#F8F8F8] [border: (1px solid #EEEEEE)] [r=10 c=0 rs=1 cs=1]
              RenderText {#text} at (17,2) size 18x18
                text run at (17,2) width 18: "tlh"
            RenderTableCell {TD} at (57,322) size 710x22 [border: (1px solid #EEEEEE)] [r=10 c=1 rs=1 cs=1]
              RenderText {#text} at (2,2) size 187x18
                text run at (2,2) width 187: "tlhIngan Hol wa''uy' loghqam"
      RenderTable {TABLE} at (0,818) size 769x364
        RenderBlock {CAPTION} at (0,0) size 769x18
          RenderText {#text} at (325,0) size 118x18
            text run at (325,0) width 118: "Browser rendering"
        RenderTableSection {TBODY} at (0,18) size 769x346
          RenderTableRow {TR} at (0,2) size 769x58
            RenderTableCell {TH} at (2,20) size 53x22 [bgcolor=#F8F8F8] [border: (1px solid #EEEEEE)] [r=0 c=0 rs=1 cs=1]
              RenderText {#text} at (2,2) size 49x18
                text run at (2,2) width 49: "generic"
            RenderTableCell {TD} at (57,2) size 710x58 [border: (1px solid #EEEEEE)] [r=0 c=1 rs=1 cs=1]
              RenderText {#text} at (2,2) size 705x54
                text run at (2,2) width 22: "Lip"
                text run at (24,2) width 52: "smackin"
                text run at (76,2) width 31: "thirst"
                text run at (107,2) width 58: "quenchin"
                text run at (165,2) width 54: "acetastin"
                text run at (219,2) width 59: "motivatin"
                text run at (278,2) width 32: "good"
                text run at (310,2) width 42: "buzzin"
                text run at (352,2) width 27: "cool"
                text run at (379,2) width 35: "talkin"
                text run at (414,2) width 28: "high"
                text run at (442,2) width 43: "walkin"
                text run at (485,2) width 22: "fast"
                text run at (507,2) width 28: "livin"
                text run at (535,2) width 27: "ever"
                text run at (562,2) width 32: "givin"
                text run at (594,2) width 27: "cool"
                text run at (621,2) width 35: "fizzin"
                text run at (656,2) width 21: "lip\x{AD}"
                text run at (2,20) width 52: "smackin"
                text run at (54,20) width 31: "thirst"
                text run at (85,20) width 58: "quenchin"
                text run at (143,20) width 54: "acetastin"
                text run at (197,20) width 59: "motivatin"
                text run at (256,20) width 32: "good"
                text run at (288,20) width 42: "buzzin"
                text run at (330,20) width 27: "cool"
                text run at (357,20) width 35: "talkin"
                text run at (392,20) width 28: "high"
                text run at (420,20) width 43: "walkin"
                text run at (463,20) width 22: "fast"
                text run at (485,20) width 28: "livin"
                text run at (513,20) width 27: "ever"
                text run at (540,20) width 32: "givin"
                text run at (572,20) width 27: "cool"
                text run at (599,20) width 35: "fizzin"
                text run at (634,20) width 16: "lip"
                text run at (650,20) width 57: "smackin\x{AD}"
                text run at (2,38) width 31: "thirst"
                text run at (33,38) width 58: "quenchin"
                text run at (91,38) width 54: "acetastin"
                text run at (145,38) width 59: "motivatin"
                text run at (204,38) width 32: "good"
                text run at (236,38) width 42: "buzzin"
                text run at (278,38) width 27: "cool"
                text run at (305,38) width 35: "talkin"
                text run at (340,38) width 28: "high"
                text run at (368,38) width 43: "walkin"
                text run at (411,38) width 22: "fast"
                text run at (433,38) width 28: "livin"
                text run at (461,38) width 27: "ever"
                text run at (488,38) width 32: "givin"
                text run at (520,38) width 27: "cool"
                text run at (547,38) width 35: "fizzin"
          RenderTableRow {TR} at (0,62) size 769x22
            RenderTableCell {TH} at (2,62) size 53x22 [bgcolor=#F8F8F8] [border: (1px solid #EEEEEE)] [r=1 c=0 rs=1 cs=1]
              RenderText {#text} at (19,2) size 15x18
                text run at (19,2) width 15: "cy"
            RenderTableCell {TD} at (57,62) size 710x22 [border: (1px solid #EEEEEE)] [r=1 c=1 rs=1 cs=1]
              RenderText {#text} at (2,2) size 27x18
                text run at (2,2) width 27: "\x{174}yl"
          RenderTableRow {TR} at (0,86) size 769x23
            RenderTableCell {TH} at (2,86) size 53x22 [bgcolor=#F8F8F8] [border: (1px solid #EEEEEE)] [r=2 c=0 rs=1 cs=1]
              RenderText {#text} at (21,2) size 11x18
                text run at (21,2) width 11: "el"
            RenderTableCell {TD} at (57,86) size 710x23 [border: (1px solid #EEEEEE)] [r=2 c=1 rs=1 cs=1]
              RenderText {#text} at (2,3) size 236x18
                text run at (2,3) width 236: "\x{393}\x{3B5}\x{3C9}\x{3B3}\x{3C1}\x{3B1}\x{3C6}\x{3B9}\x{3BA}\x{3AC}\x{2010}\x{3A3}\x{3C5}\x{3C3}\x{3C7}\x{3B5}\x{3C4}\x{3B9}\x{3C3}\x{3BC}\x{3AD}\x{3BD}\x{3B5}\x{3C2} \x{389}\x{3C4}\x{3B1}"
          RenderTableRow {TR} at (0,111) size 769x60
            RenderTableCell {TH} at (2,130) size 53x22 [bgcolor=#F8F8F8] [border: (1px solid #EEEEEE)] [r=3 c=0 rs=1 cs=1]
              RenderText {#text} at (18,2) size 16x18
                text run at (18,2) width 16: "en"
            RenderTableCell {TD} at (57,111) size 710x60 [border: (1px solid #EEEEEE)] [r=3 c=1 rs=1 cs=1]
              RenderText {#text} at (2,3) size 479x18
                text run at (2,3) width 479: "'Cept Nut'in Safari\x{2019}s \x{2018}Sure\x{2019} Nai\x{308}ve R\x{E9}sum\x{E9}\x{2014}H\x{E1}c\x{30C}ek Full\x{2010}Time One-To-One"
              RenderBR {BR} at (481,17) size 0x0
              RenderText {#text} at (2,22) size 345x18
                text run at (2,22) width 345: "\"Newcastle\x{2011}Upon\x{2011}Tyne\" Washington\x{2011}On\x{2011}The\x{2011}Brazos"
              RenderBR {BR} at (347,36) size 0x0
              RenderInline {SPAN} at (0,0) size 34x18
                RenderText {#text} at (2,40) size 34x18
                  text run at (2,40) width 34: "Earth"
              RenderText {#text} at (36,40) size 76x18
                text run at (36,40) width 76: "quake Earth"
              RenderInline {SPAN} at (0,0) size 37x18
                RenderText {#text} at (112,40) size 37x18
                  text run at (112,40) width 37: "worm"
              RenderText {#text} at (149,40) size 4x18
                text run at (149,40) width 4: " "
              RenderInline {SPAN} at (0,0) size 46x18
                RenderText {#text} at (153,40) size 46x18
                  text run at (153,40) width 46: "Cheese"
              RenderInline {SPAN} at (0,0) size 41x18
                RenderText {#text} at (199,40) size 41x18
                  text run at (199,40) width 41: "burger"
              RenderText {#text} at (240,40) size 126x18
                text run at (240,40) width 126: " [House] ~Six -Big-"
          RenderTableRow {TR} at (0,173) size 769x22
            RenderTableCell {TH} at (2,173) size 53x22 [bgcolor=#F8F8F8] [border: (1px solid #EEEEEE)] [r=4 c=0 rs=1 cs=1]
              RenderText {#text} at (20,2) size 13x18
                text run at (20,2) width 13: "es"
            RenderTableCell {TD} at (57,173) size 710x22 [border: (1px solid #EEEEEE)] [r=4 c=1 rs=1 cs=1]
              RenderText {#text} at (2,2) size 65x18
                text run at (2,2) width 65: "\x{A1}Jalape\x{F1}o!"
          RenderTableRow {TR} at (0,197) size 769x26
            RenderTableCell {TH} at (2,199) size 53x22 [bgcolor=#F8F8F8] [border: (1px solid #EEEEEE)] [r=5 c=0 rs=1 cs=1]
              RenderText {#text} at (20,2) size 12x18
                text run at (20,2) width 12: "fr"
            RenderTableCell {TD} at (57,197) size 710x26 [border: (1px solid #EEEEEE)] [r=5 c=1 rs=1 cs=1]
              RenderText {#text} at (2,6) size 229x18
                text run at (2,6) width 229: "Quelqu'un L\x{2019}amour T'appelles\x{2011}Tu 3"
              RenderInline {SUP} at (0,0) size 22x15
                RenderText {#text} at (231,2) size 22x15
                  text run at (231,2) width 22: "eme"
          RenderTableRow {TR} at (0,225) size 769x23
            RenderTableCell {TH} at (2,225) size 53x22 [bgcolor=#F8F8F8] [border: (1px solid #EEEEEE)] [r=6 c=0 rs=1 cs=1]
              RenderText {#text} at (17,2) size 18x18
                text run at (17,2) width 18: "hu"
            RenderTableCell {TD} at (57,225) size 710x23 [border: (1px solid #EEEEEE)] [r=6 c=1 rs=1 cs=1]
              RenderText {#text} at (2,3) size 121x18
                text run at (2,3) width 121: "11-Ei London\x{2011}Ban"
          RenderTableRow {TR} at (0,250) size 769x22
            RenderTableCell {TH} at (2,250) size 53x22 [bgcolor=#F8F8F8] [border: (1px solid #EEEEEE)] [r=7 c=0 rs=1 cs=1]
              RenderText {#text} at (20,2) size 13x18
                text run at (20,2) width 13: "nl"
            RenderTableCell {TD} at (57,250) size 710x22 [border: (1px solid #EEEEEE)] [r=7 c=1 rs=1 cs=1]
              RenderText {#text} at (2,2) size 76x18
                text run at (2,2) width 76: "'S Ochtends"
          RenderTableRow {TR} at (0,274) size 769x22
            RenderTableCell {TH} at (2,274) size 53x22 [bgcolor=#F8F8F8] [border: (1px solid #EEEEEE)] [r=8 c=0 rs=1 cs=1]
              RenderText {#text} at (20,2) size 13x18
                text run at (20,2) width 13: "pl"
            RenderTableCell {TD} at (57,274) size 710x22 [border: (1px solid #EEEEEE)] [r=8 c=1 rs=1 cs=1]
              RenderText {#text} at (2,2) size 98x18
                text run at (2,2) width 98: "Wzi\x{119}\x{142}a Bie\x{17C}\x{105}ce"
          RenderTableRow {TR} at (0,298) size 769x22
            RenderTableCell {TH} at (2,298) size 53x22 [bgcolor=#F8F8F8] [border: (1px solid #EEEEEE)] [r=9 c=0 rs=1 cs=1]
              RenderText {#text} at (18,2) size 16x18
                text run at (18,2) width 16: "ru"
            RenderTableCell {TD} at (57,298) size 710x22 [border: (1px solid #EEEEEE)] [r=9 c=1 rs=1 cs=1]
              RenderText {#text} at (2,2) size 207x18
                text run at (2,2) width 207: "\x{41D}\x{44C}\x{44E}-\x{419}\x{43E}\x{440}\x{43A} 1990-\x{425} 14-Vii-1789"
          RenderTableRow {TR} at (0,322) size 769x22
            RenderTableCell {TH} at (2,322) size 53x22 [bgcolor=#F8F8F8] [border: (1px solid #EEEEEE)] [r=10 c=0 rs=1 cs=1]
              RenderText {#text} at (17,2) size 18x18
                text run at (17,2) width 18: "tlh"
            RenderTableCell {TD} at (57,322) size 710x22 [border: (1px solid #EEEEEE)] [r=10 c=1 rs=1 cs=1]
              RenderText {#text} at (2,2) size 206x18
                text run at (2,2) width 206: "TlhIngan Hol Wa''Uy' Loghqam"
