layer at (0,0) size 800x600
  RenderView at (0,0) size 800x600
layer at (0,0) size 800x600
  RenderBlock {HTML} at (0,0) size 800x600
    RenderBody {BODY} at (8,8) size 784x584
      RenderBlock (floating) {DIV} at (8,8) size 200x46 [bgcolor=#FFFFE0]
        RenderText {#text} at (0,0) size 191x46
          text run at (0,0) width 185: "Lorem ipsum dolor"
          text run at (185,0) width 6: " "
          text run at (0,23) width 79: "sit amet"
      RenderBlock (floating) {DIV} at (224,8) size 200x46 [bgcolor=#FFFFE0]
        RenderText {#text} at (7,0) size 191x46
          text run at (7,0) width 185: "Lorem ipsum dolor"
          text run at (192,0) width 6: " "
          text run at (60,23) width 79: "sit amet"
      RenderBlock (floating) {DIV} at (440,8) size 200x46 [bgcolor=#FFFFE0]
        RenderText {#text} at (15,0) size 185x46
          text run at (15,0) width 185: "Lorem ipsum dolor"
          text run at (200,0) width 0: " "
          text run at (121,23) width 79: "sit amet"
      RenderBlock (floating) {DIV} at (8,70) size 200x46 [bgcolor=#FFFFE0]
        RenderText {#text} at (0,0) size 200x46
          text run at (0,0) width 200: "Lorem ipsum dolor"
          text run at (200,0) width 0: " "
          text run at (0,23) width 79: "sit amet"
      RenderBlock (floating) {DIV} at (224,70) size 200x46 [bgcolor=#FFFFE0]
        RenderText {#text} at (0,0) size 185x46
          text run at (0,0) width 0 RTL: " "
          text run at (0,0) width 185: "Lorem ipsum dolor"
          text run at (0,23) width 79: "sit amet"
      RenderBlock (floating) {DIV} at (440,70) size 200x46 [bgcolor=#FFFFE0]
        RenderText {#text} at (1,0) size 191x46
          text run at (1,0) width 6 RTL: " "
          text run at (7,0) width 185: "Lorem ipsum dolor"
          text run at (60,23) width 79: "sit amet"
      RenderBlock (floating) {DIV} at (8,132) size 200x46 [bgcolor=#FFFFE0]
        RenderText {#text} at (9,0) size 191x46
          text run at (9,0) width 6 RTL: " "
          text run at (15,0) width 185: "Lorem ipsum dolor"
          text run at (121,23) width 79: "sit amet"
      RenderBlock (floating) {DIV} at (224,132) size 200x46 [bgcolor=#FFFFE0]
        RenderText {#text} at (0,0) size 200x46
          text run at (0,0) width 0 RTL: " "
          text run at (0,0) width 200: "Lorem ipsum dolor"
          text run at (121,23) width 79: "sit amet"
      RenderBlock (floating) {DIV} at (440,132) size 200x46 [bgcolor=#FFFFE0]
        RenderText {#text} at (0,0) size 184x46
          text run at (0,0) width 133: "Lorem ipsum "
          text run at (133,0) width 45 RTL: "\x{5D0}\x{5E0}\x{5D8}\x{5E3}"
          text run at (178,0) width 6: " "
          text run at (0,23) width 40 RTL: "\x{5E9}\x{5DC}\x{5D2}\x{5D9}"
          text run at (40,23) width 55: " amet"
      RenderBlock (floating) {DIV} at (8,194) size 200x46 [bgcolor=#FFFFE0]
        RenderText {#text} at (11,0) size 184x46
          text run at (11,0) width 133: "Lorem ipsum "
          text run at (144,0) width 45 RTL: "\x{5D0}\x{5E0}\x{5D8}\x{5E3}"
          text run at (189,0) width 6: " "
          text run at (52,23) width 40 RTL: "\x{5E9}\x{5DC}\x{5D2}\x{5D9}"
          text run at (92,23) width 55: " amet"
      RenderBlock (floating) {DIV} at (224,194) size 200x46 [bgcolor=#FFFFE0]
        RenderText {#text} at (22,0) size 178x46
          text run at (22,0) width 133: "Lorem ipsum "
          text run at (155,0) width 45 RTL: "\x{5D0}\x{5E0}\x{5D8}\x{5E3}"
          text run at (200,0) width 0: " "
          text run at (105,23) width 40 RTL: "\x{5E9}\x{5DC}\x{5D2}\x{5D9}"
          text run at (145,23) width 55: " amet"
      RenderBlock (floating) {DIV} at (440,194) size 200x46 [bgcolor=#FFFFE0]
        RenderText {#text} at (0,0) size 200x46
          text run at (0,0) width 155: "Lorem ipsum "
          text run at (155,0) width 45 RTL: "\x{5D0}\x{5E0}\x{5D8}\x{5E3}"
          text run at (200,0) width 0: " "
          text run at (0,23) width 40 RTL: "\x{5E9}\x{5DC}\x{5D2}\x{5D9}"
          text run at (40,23) width 55: " amet"
      RenderBlock (floating) {DIV} at (8,256) size 200x46 [bgcolor=#FFFFE0]
        RenderText {#text} at (0,0) size 178x46
          text run at (0,0) width 0 RTL: " "
          text run at (0,0) width 51 RTL: " \x{5D0}\x{5E0}\x{5D8}\x{5E3}"
          text run at (51,0) width 127: "Lorem ipsum"
          text run at (0,23) width 49: "amet"
          text run at (49,23) width 46 RTL: "\x{5E9}\x{5DC}\x{5D2}\x{5D9} "
      RenderBlock (floating) {DIV} at (224,256) size 200x46 [bgcolor=#FFFFE0]
        RenderText {#text} at (5,0) size 184x46
          text run at (5,0) width 6 RTL: " "
          text run at (11,0) width 51 RTL: " \x{5D0}\x{5E0}\x{5D8}\x{5E3}"
          text run at (62,0) width 127: "Lorem ipsum"
          text run at (52,23) width 49: "amet"
          text run at (101,23) width 46 RTL: "\x{5E9}\x{5DC}\x{5D2}\x{5D9} "
      RenderBlock (floating) {DIV} at (440,256) size 200x46 [bgcolor=#FFFFE0]
        RenderText {#text} at (16,0) size 184x46
          text run at (16,0) width 6 RTL: " "
          text run at (22,0) width 51 RTL: " \x{5D0}\x{5E0}\x{5D8}\x{5E3}"
          text run at (73,0) width 127: "Lorem ipsum"
          text run at (105,23) width 49: "amet"
          text run at (154,23) width 46 RTL: "\x{5E9}\x{5DC}\x{5D2}\x{5D9} "
      RenderBlock (floating) {DIV} at (8,318) size 200x46 [bgcolor=#FFFFE0]
        RenderText {#text} at (0,0) size 200x46
          text run at (0,0) width 0 RTL: " "
          text run at (0,0) width 62 RTL: " \x{5D0}\x{5E0}\x{5D8}\x{5E3}"
          text run at (62,0) width 138: "Lorem ipsum"
          text run at (105,23) width 49: "amet"
          text run at (154,23) width 46 RTL: "\x{5E9}\x{5DC}\x{5D2}\x{5D9} "
