layer at (0,0) size 800x600
  RenderView at (0,0) size 800x600
layer at (0,0) size 800x600
  RenderBlock {HTML} at (0,0) size 800x600
    RenderBody {BODY} at (8,8) size 784x584
      RenderBlock (anonymous) at (0,0) size 784x19
        RenderText {#text} at (0,0) size 264x19
          text run at (0,0) width 264: "This table should have cell spacing of 2px"
      RenderTable {TABLE} at (0,19) size 83x58 [border: (1px outset #808080)]
        RenderTableSection {TBODY} at (1,1) size 81x56
          RenderTableRow {TR} at (0,2) size 81x27
            RenderTableCell {TD} at (2,2) size 35x27 [border: (3px inset #000000)] [r=0 c=0 rs=1 cs=1]
              RenderText {#text} at (4,4) size 27x19
                text run at (4,4) width 27: "AAA"
            RenderTableCell {TD} at (39,4) size 40x23 [border: (1px inset #808080)] [r=0 c=1 rs=1 cs=1]
              RenderText {#text} at (2,2) size 36x19
                text run at (2,2) width 36: "BBBB"
          RenderTableRow {TR} at (0,31) size 81x23
            RenderTableCell {TD} at (2,31) size 35x23 [border: (1px inset #808080)] [r=1 c=0 rs=1 cs=1]
              RenderText {#text} at (2,2) size 27x19
                text run at (2,2) width 27: "AAA"
            RenderTableCell {TD} at (39,31) size 40x23 [border: (1px inset #808080)] [r=1 c=1 rs=1 cs=1]
              RenderText {#text} at (2,2) size 36x19
                text run at (2,2) width 36: "BBBB"
      RenderBlock (anonymous) at (0,77) size 784x38
        RenderBR {BR} at (0,0) size 0x19
        RenderText {#text} at (0,19) size 264x19
          text run at (0,19) width 264: "This table should have cell spacing of 5px"
      RenderTable {TABLE} at (0,115) size 88x63 [border: (1px outset #808080)]
        RenderTableSection {TBODY} at (1,1) size 86x61
          RenderTableRow {TR} at (0,5) size 86x23
            RenderTableCell {TD} at (5,5) size 31x23 [border: (1px inset #808080)] [r=0 c=0 rs=1 cs=1]
              RenderText {#text} at (2,2) size 27x19
                text run at (2,2) width 27: "AAA"
            RenderTableCell {TD} at (41,5) size 40x23 [border: (1px inset #808080)] [r=0 c=1 rs=1 cs=1]
              RenderText {#text} at (2,2) size 36x19
                text run at (2,2) width 36: "BBBB"
          RenderTableRow {TR} at (0,33) size 86x23
            RenderTableCell {TD} at (5,33) size 31x23 [border: (1px inset #808080)] [r=1 c=0 rs=1 cs=1]
              RenderText {#text} at (2,2) size 27x19
                text run at (2,2) width 27: "AAA"
            RenderTableCell {TD} at (41,33) size 40x23 [border: (1px inset #808080)] [r=1 c=1 rs=1 cs=1]
              RenderText {#text} at (2,2) size 36x19
                text run at (2,2) width 36: "BBBB"
      RenderBlock (anonymous) at (0,178) size 784x38
        RenderBR {BR} at (0,0) size 0x19
        RenderText {#text} at (0,19) size 390x19
          text run at (0,19) width 390: "This table should have cell spacingX of 5px, spacingY of 10px"
      RenderTable {TABLE} at (0,216) size 88x78 [border: (1px outset #808080)]
        RenderTableSection {TBODY} at (1,1) size 86x76
          RenderTableRow {TR} at (0,10) size 86x23
            RenderTableCell {TD} at (5,10) size 31x23 [border: (1px inset #808080)] [r=0 c=0 rs=1 cs=1]
              RenderText {#text} at (2,2) size 27x19
                text run at (2,2) width 27: "AAA"
            RenderTableCell {TD} at (41,10) size 40x23 [border: (1px inset #808080)] [r=0 c=1 rs=1 cs=1]
              RenderText {#text} at (2,2) size 36x19
                text run at (2,2) width 36: "BBBB"
          RenderTableRow {TR} at (0,43) size 86x23
            RenderTableCell {TD} at (5,43) size 31x23 [border: (1px inset #808080)] [r=1 c=0 rs=1 cs=1]
              RenderText {#text} at (2,2) size 27x19
                text run at (2,2) width 27: "AAA"
            RenderTableCell {TD} at (41,43) size 40x23 [border: (1px inset #808080)] [r=1 c=1 rs=1 cs=1]
              RenderText {#text} at (2,2) size 36x19
                text run at (2,2) width 36: "BBBB"
      RenderBlock (anonymous) at (0,294) size 784x38
        RenderBR {BR} at (0,0) size 0x19
        RenderText {#text} at (0,19) size 390x19
          text run at (0,19) width 390: "This table should have cell spacingX of 5px, spacingY of 10px"
      RenderTable {TABLE} at (0,332) size 88x78 [border: (1px outset #808080)]
        RenderTableSection {TBODY} at (1,1) size 86x76
          RenderTableRow {TR} at (0,10) size 86x23
            RenderTableCell {TD} at (5,10) size 31x23 [border: (1px inset #808080)] [r=0 c=0 rs=1 cs=1]
              RenderText {#text} at (2,2) size 27x19
                text run at (2,2) width 27: "AAA"
            RenderTableCell {TD} at (41,10) size 40x23 [border: (1px inset #808080)] [r=0 c=1 rs=1 cs=1]
              RenderText {#text} at (2,2) size 36x19
                text run at (2,2) width 36: "BBBB"
          RenderTableRow {TR} at (0,43) size 86x23
            RenderTableCell {TD} at (5,43) size 31x23 [border: (1px inset #808080)] [r=1 c=0 rs=1 cs=1]
              RenderText {#text} at (2,2) size 27x19
                text run at (2,2) width 27: "AAA"
            RenderTableCell {TD} at (41,43) size 40x23 [border: (1px inset #808080)] [r=1 c=1 rs=1 cs=1]
              RenderText {#text} at (2,2) size 36x19
                text run at (2,2) width 36: "BBBB"
