layer at (0,0) size 800x2337
  RenderView at (0,0) size 800x600
layer at (0,0) size 800x2337
  RenderBlock {HTML} at (0,0) size 800x2337
    RenderBody {BODY} at (8,8) size 784x2321
      RenderBlock (anonymous) at (0,0) size 784x19
        RenderText {#text} at (0,0) size 317x19
          text run at (0,0) width 317: "fixed width table with 100px width image in 1st cell"
      RenderTable {TABLE} at (0,19) size 500x110 [bgcolor=#FFA500] [border: (1px outset #808080)]
        RenderTableSection {TBODY} at (1,1) size 498x108
          RenderTableRow {TR} at (0,2) size 498x104
            RenderTableCell {TD} at (2,2) size 104x104 [border: (1px inset #808080)] [r=0 c=0 rs=1 cs=1]
              RenderImage {IMG} at (2,2) size 100x100
            RenderTableCell {TD} at (108,23) size 388x61 [border: (1px inset #808080)] [r=0 c=1 rs=1 cs=1]
              RenderText {#text} at (2,2) size 384x57
                text run at (2,2) width 373: "a bunch of text, a bunch of text, a bunch of text, a bunch of"
                text run at (2,21) width 27: "text "
                text run at (29,21) width 357: "a bunch of text, a bunch of text, a bunch of text, a bunch"
                text run at (2,40) width 39: "of text"
      RenderBlock (anonymous) at (0,129) size 784x38
        RenderBR {BR} at (0,0) size 0x19
        RenderText {#text} at (0,19) size 309x19
          text run at (0,19) width 309: "fixed width table with 100px width table in 1st cell"
      RenderTable {TABLE} at (0,167) size 500x67 [bgcolor=#FFA500] [border: (1px outset #808080)]
        RenderTableSection {TBODY} at (1,1) size 498x65
          RenderTableRow {TR} at (0,2) size 498x61
            RenderTableCell {TD} at (2,18) size 104x29 [border: (1px inset #808080)] [r=0 c=0 rs=1 cs=1]
              RenderTable {TABLE} at (2,2) size 100x25
                RenderTableSection {TBODY} at (0,0) size 100x25
                  RenderTableRow {TR} at (0,2) size 100x21
                    RenderTableCell {TD} at (2,2) size 96x21 [r=0 c=0 rs=1 cs=1]
                      RenderText {#text} at (1,1) size 20x19
                        text run at (1,1) width 20: "foo"
            RenderTableCell {TD} at (108,2) size 388x61 [border: (1px inset #808080)] [r=0 c=1 rs=1 cs=1]
              RenderText {#text} at (2,2) size 384x57
                text run at (2,2) width 373: "a bunch of text, a bunch of text, a bunch of text, a bunch of"
                text run at (2,21) width 27: "text "
                text run at (29,21) width 357: "a bunch of text, a bunch of text, a bunch of text, a bunch"
                text run at (2,40) width 39: "of text"
      RenderBlock (anonymous) at (0,234) size 784x38
        RenderBR {BR} at (0,0) size 0x19
        RenderText {#text} at (0,19) size 315x19
          text run at (0,19) width 315: "auto width table with 100px width image in 1st cell"
      RenderTable {TABLE} at (0,272) size 784x110 [bgcolor=#FFA500] [border: (1px outset #808080)]
        RenderTableSection {TBODY} at (1,1) size 782x108
          RenderTableRow {TR} at (0,2) size 782x104
            RenderTableCell {TD} at (2,2) size 104x104 [border: (1px inset #808080)] [r=0 c=0 rs=1 cs=1]
              RenderImage {IMG} at (2,2) size 100x100
            RenderTableCell {TD} at (108,33) size 672x42 [border: (1px inset #808080)] [r=0 c=1 rs=1 cs=1]
              RenderText {#text} at (2,2) size 659x38
                text run at (2,2) width 404: "a bunch of text, a bunch of text, a bunch of text, a bunch of text "
                text run at (406,2) width 255: "a bunch of text, a bunch of text, a bunch"
                text run at (2,21) width 141: "of text, a bunch of text"
      RenderBlock (anonymous) at (0,382) size 784x38
        RenderBR {BR} at (0,0) size 0x19
        RenderText {#text} at (0,19) size 371x19
          text run at (0,19) width 371: "fixed width table with 100px width 1st cell containing image"
      RenderTable {TABLE} at (0,420) size 500x110 [bgcolor=#FFA500] [border: (1px outset #808080)]
        RenderTableSection {TBODY} at (1,1) size 498x108
          RenderTableRow {TR} at (0,2) size 498x104
            RenderTableCell {TD} at (2,2) size 104x104 [border: (1px inset #808080)] [r=0 c=0 rs=1 cs=1]
              RenderImage {IMG} at (2,2) size 100x100
            RenderTableCell {TD} at (108,23) size 388x61 [border: (1px inset #808080)] [r=0 c=1 rs=1 cs=1]
              RenderText {#text} at (2,2) size 384x57
                text run at (2,2) width 373: "a bunch of text, a bunch of text, a bunch of text, a bunch of"
                text run at (2,21) width 27: "text "
                text run at (29,21) width 357: "a bunch of text, a bunch of text, a bunch of text, a bunch"
                text run at (2,40) width 39: "of text"
      RenderBlock (anonymous) at (0,530) size 784x38
        RenderBR {BR} at (0,0) size 0x19
        RenderText {#text} at (0,19) size 369x19
          text run at (0,19) width 369: "auto width table with 100px width 1st cell containing image"
      RenderTable {TABLE} at (0,568) size 784x110 [bgcolor=#FFA500] [border: (1px outset #808080)]
        RenderTableSection {TBODY} at (1,1) size 782x108
          RenderTableRow {TR} at (0,2) size 782x104
            RenderTableCell {TD} at (2,2) size 104x104 [border: (1px inset #808080)] [r=0 c=0 rs=1 cs=1]
              RenderImage {IMG} at (2,2) size 100x100
            RenderTableCell {TD} at (108,33) size 672x42 [border: (1px inset #808080)] [r=0 c=1 rs=1 cs=1]
              RenderText {#text} at (2,2) size 659x38
                text run at (2,2) width 404: "a bunch of text, a bunch of text, a bunch of text, a bunch of text "
                text run at (406,2) width 255: "a bunch of text, a bunch of text, a bunch"
                text run at (2,21) width 141: "of text, a bunch of text"
      RenderBlock (anonymous) at (0,678) size 784x38
        RenderBR {BR} at (0,0) size 0x19
        RenderText {#text} at (0,19) size 317x19
          text run at (0,19) width 317: "small fixed width table with 100px image in 1st cell"
      RenderTable {TABLE} at (0,716) size 155x466 [bgcolor=#FFA500] [border: (1px outset #808080)]
        RenderTableSection {TBODY} at (1,1) size 153x464
          RenderTableRow {TR} at (0,2) size 153x460
            RenderTableCell {TD} at (2,180) size 104x104 [border: (1px inset #808080)] [r=0 c=0 rs=1 cs=1]
              RenderImage {IMG} at (2,2) size 100x100
            RenderTableCell {TD} at (108,2) size 43x460 [border: (1px inset #808080)] [r=0 c=1 rs=1 cs=1]
              RenderText {#text} at (2,2) size 39x456
                text run at (2,2) width 8: "a"
                text run at (2,21) width 39: "bunch"
                text run at (2,40) width 12: "of"
                text run at (2,59) width 39: "text, a"
                text run at (2,78) width 39: "bunch"
                text run at (2,97) width 12: "of"
                text run at (2,116) width 39: "text, a"
                text run at (2,135) width 39: "bunch"
                text run at (2,154) width 12: "of"
                text run at (2,173) width 39: "text, a"
                text run at (2,192) width 39: "bunch"
                text run at (2,211) width 39: "of text"
                text run at (2,230) width 8: "a"
                text run at (2,249) width 39: "bunch"
                text run at (2,268) width 12: "of"
                text run at (2,287) width 39: "text, a"
                text run at (2,306) width 39: "bunch"
                text run at (2,325) width 12: "of"
                text run at (2,344) width 39: "text, a"
                text run at (2,363) width 39: "bunch"
                text run at (2,382) width 12: "of"
                text run at (2,401) width 39: "text, a"
                text run at (2,420) width 39: "bunch"
                text run at (2,439) width 39: "of text"
      RenderBlock (anonymous) at (0,1182) size 784x38
        RenderBR {BR} at (0,0) size 0x19
        RenderText {#text} at (0,19) size 476x19
          text run at (0,19) width 476: "fixed width table with 100px image in 1st cell, 100px 2nd cell containing text"
      RenderTable {TABLE} at (0,1220) size 500x162 [bgcolor=#FFA500] [border: (1px outset #808080)]
        RenderTableSection {TBODY} at (1,1) size 498x160
          RenderTableRow {TR} at (0,2) size 498x156
            RenderTableCell {TD} at (2,28) size 388x104 [border: (1px inset #808080)] [r=0 c=0 rs=1 cs=1]
              RenderImage {IMG} at (2,2) size 100x100
            RenderTableCell {TD} at (392,2) size 104x156 [border: (1px inset #808080)] [r=0 c=1 rs=1 cs=1]
              RenderText {#text} at (2,2) size 98x152
                text run at (2,2) width 98: "a bunch of text,"
                text run at (2,21) width 98: "a bunch of text,"
                text run at (2,40) width 98: "a bunch of text,"
                text run at (2,59) width 94: "a bunch of text"
                text run at (2,78) width 98: "a bunch of text,"
                text run at (2,97) width 98: "a bunch of text,"
                text run at (2,116) width 98: "a bunch of text,"
                text run at (2,135) width 94: "a bunch of text"
      RenderBlock (anonymous) at (0,1382) size 784x38
        RenderBR {BR} at (0,0) size 0x19
        RenderText {#text} at (0,19) size 758x19
          text run at (0,19) width 758: "auto width table with 100px image in 1st cell, 100px 2nd cell containing text. This differs from Nav4.5 but is similar to IE5"
      RenderTable {TABLE} at (0,1420) size 216x162 [bgcolor=#FFA500] [border: (1px outset #808080)]
        RenderTableSection {TBODY} at (1,1) size 214x160
          RenderTableRow {TR} at (0,2) size 214x156
            RenderTableCell {TD} at (2,28) size 104x104 [border: (1px inset #808080)] [r=0 c=0 rs=1 cs=1]
              RenderImage {IMG} at (2,2) size 100x100
            RenderTableCell {TD} at (108,2) size 104x156 [border: (1px inset #808080)] [r=0 c=1 rs=1 cs=1]
              RenderText {#text} at (2,2) size 98x152
                text run at (2,2) width 98: "a bunch of text,"
                text run at (2,21) width 98: "a bunch of text,"
                text run at (2,40) width 98: "a bunch of text,"
                text run at (2,59) width 94: "a bunch of text"
                text run at (2,78) width 98: "a bunch of text,"
                text run at (2,97) width 98: "a bunch of text,"
                text run at (2,116) width 98: "a bunch of text,"
                text run at (2,135) width 94: "a bunch of text"
      RenderBlock (anonymous) at (0,1582) size 784x38
        RenderBR {BR} at (0,0) size 0x19
        RenderText {#text} at (0,19) size 515x19
          text run at (0,19) width 515: "Fixed width table with colspan=2 in 1st row, 2nd row containing 100px image, text"
      RenderTable {TABLE} at (0,1620) size 500x135 [bgcolor=#FFA500] [border: (1px outset #808080)]
        RenderTableSection {TBODY} at (1,1) size 498x133
          RenderTableRow {TR} at (0,2) size 498x23
            RenderTableCell {TD} at (2,2) size 494x23 [border: (1px inset #808080)] [r=0 c=0 rs=1 cs=2]
              RenderText {#text} at (2,2) size 370x19
                text run at (2,2) width 370: "hello hello hello hello hello hello hello hello hello hello hello"
          RenderTableRow {TR} at (0,27) size 498x104
            RenderTableCell {TD} at (2,27) size 104x104 [border: (1px inset #808080)] [r=1 c=0 rs=1 cs=1]
              RenderImage {IMG} at (2,2) size 100x100
            RenderTableCell {TD} at (108,58) size 388x42 [border: (1px inset #808080)] [r=1 c=1 rs=1 cs=1]
              RenderText {#text} at (2,2) size 366x38
                text run at (2,2) width 366: "there there there there there there there there there there"
                text run at (2,21) width 70: "there there"
      RenderBlock (anonymous) at (0,1755) size 784x38
        RenderBR {BR} at (0,0) size 0x19
        RenderText {#text} at (0,19) size 509x19
          text run at (0,19) width 509: "Auto width table with colspan=2 in 1st row, 2nd row containing 100px image, text"
      RenderTable {TABLE} at (0,1793) size 556x135 [bgcolor=#FFA500] [border: (1px outset #808080)]
        RenderTableSection {TBODY} at (1,1) size 554x133
          RenderTableRow {TR} at (0,2) size 554x23
            RenderTableCell {TD} at (2,2) size 550x23 [border: (1px inset #808080)] [r=0 c=0 rs=1 cs=2]
              RenderText {#text} at (2,2) size 370x19
                text run at (2,2) width 370: "hello hello hello hello hello hello hello hello hello hello hello"
          RenderTableRow {TR} at (0,27) size 554x104
            RenderTableCell {TD} at (2,27) size 104x104 [border: (1px inset #808080)] [r=1 c=0 rs=1 cs=1]
              RenderImage {IMG} at (2,2) size 100x100
            RenderTableCell {TD} at (108,67) size 444x23 [border: (1px inset #808080)] [r=1 c=1 rs=1 cs=1]
              RenderText {#text} at (2,2) size 440x19
                text run at (2,2) width 440: "there there there there there there there there there there there there"
      RenderBlock (anonymous) at (0,1928) size 784x38
        RenderBR {BR} at (0,0) size 0x19
        RenderText {#text} at (0,19) size 556x19
          text run at (0,19) width 556: "Fixed width table with colspan=2 in 1st row, 2nd row containing 100px image, 100px cell"
      RenderTable {TABLE} at (0,1966) size 500x149 [bgcolor=#FFA500] [border: (1px outset #808080)]
        RenderTableSection {TBODY} at (1,1) size 498x147
          RenderTableRow {TR} at (0,2) size 498x23
            RenderTableCell {TD} at (2,2) size 494x23 [border: (1px inset #808080)] [r=0 c=0 rs=1 cs=2]
              RenderText {#text} at (2,2) size 370x19
                text run at (2,2) width 370: "hello hello hello hello hello hello hello hello hello hello hello"
          RenderTableRow {TR} at (0,27) size 498x118
            RenderTableCell {TD} at (2,34) size 388x104 [border: (1px inset #808080)] [r=1 c=0 rs=1 cs=1]
              RenderImage {IMG} at (2,2) size 100x100
            RenderTableCell {TD} at (392,27) size 104x118 [border: (1px inset #808080)] [r=1 c=1 rs=1 cs=1]
              RenderText {#text} at (2,2) size 70x114
                text run at (2,2) width 70: "there there"
                text run at (2,21) width 70: "there there"
                text run at (2,40) width 70: "there there"
                text run at (2,59) width 70: "there there"
                text run at (2,78) width 70: "there there"
                text run at (2,97) width 70: "there there"
      RenderBlock (anonymous) at (0,2115) size 784x38
        RenderBR {BR} at (0,0) size 0x19
        RenderText {#text} at (0,19) size 550x19
          text run at (0,19) width 550: "Auto width table with colspan=2 in 1st row, 2nd row containing 100px image, 100px cell"
      RenderTable {TABLE} at (0,2153) size 380x149 [bgcolor=#FFA500] [border: (1px outset #808080)]
        RenderTableSection {TBODY} at (1,1) size 378x147
          RenderTableRow {TR} at (0,2) size 378x23
            RenderTableCell {TD} at (2,2) size 374x23 [border: (1px inset #808080)] [r=0 c=0 rs=1 cs=2]
              RenderText {#text} at (2,2) size 370x19
                text run at (2,2) width 370: "hello hello hello hello hello hello hello hello hello hello hello"
          RenderTableRow {TR} at (0,27) size 378x118
            RenderTableCell {TD} at (2,34) size 268x104 [border: (1px inset #808080)] [r=1 c=0 rs=1 cs=1]
              RenderImage {IMG} at (2,2) size 100x100
            RenderTableCell {TD} at (272,27) size 104x118 [border: (1px inset #808080)] [r=1 c=1 rs=1 cs=1]
              RenderText {#text} at (2,2) size 70x114
                text run at (2,2) width 70: "there there"
                text run at (2,21) width 70: "there there"
                text run at (2,40) width 70: "there there"
                text run at (2,59) width 70: "there there"
                text run at (2,78) width 70: "there there"
                text run at (2,97) width 70: "there there"
      RenderBlock (anonymous) at (0,2302) size 784x19
        RenderBR {BR} at (0,0) size 0x19
