layer at (0,0) size 800x600
  RenderView at (0,0) size 800x600
layer at (0,0) size 800x600
  RenderBlock {HTML} at (0,0) size 800x600
    RenderBody {BODY} at (0,0) size 800x600 [bgcolor=#FFFFFF]
      RenderBlock (anonymous) at (0,0) size 800x0
        RenderInline {SPAN} at (0,0) size 0x0
          RenderText {#text} at (0,0) size 0x0
          RenderInline {TDX} at (0,0) size 0x0
            RenderInline {IMGX} at (0,0) size 0x0
      RenderBlock (anonymous) at (0,0) size 800x80
        RenderTable {TABLE} at (0,0) size 800x80 [bgcolor=#FFFFFF]
          RenderTableSection {TBODY} at (0,0) size 800x80
            RenderTableRow {TR} at (0,0) size 800x20
              RenderTableCell {TD} at (0,0) size 361x60 [r=0 c=0 rs=2 cs=1]
                RenderInline {A} at (0,0) size 250x14 [color=#003399]
                  RenderImage {IMG} at (0,0) size 250x60
              RenderTableCell {TD} at (361,0) size 26x20 [r=0 c=1 rs=1 cs=1]
                RenderImage {IMG} at (8,0) size 18x20
              RenderTableCell {TD} at (387,3) size 413x14 [bgcolor=#000000] [r=0 c=2 rs=1 cs=2]
                RenderInline {FONT} at (0,0) size 285x13 [color=#FFFFFF]
                  RenderText {#text} at (0,0) size 0x0
                  RenderInline {B} at (0,0) size 285x13
                    RenderText {#text} at (128,0) size 6x13
                      text run at (128,0) width 6: "  "
                    RenderInline {A} at (0,0) size 57x13
                      RenderInline {FONT} at (0,0) size 57x13
                        RenderText {#text} at (134,0) size 57x13
                          text run at (134,0) width 57: "All Products"
                    RenderText {#text} at (191,0) size 6x13
                      text run at (191,0) width 6: "  "
                    RenderInline {FONT} at (0,0) size 3x13
                      RenderText {#text} at (197,0) size 3x13
                        text run at (197,0) width 3: "|"
                    RenderText {#text} at (200,0) size 9x13
                      text run at (200,0) width 3: " "
                      text run at (203,0) width 6: "  "
                    RenderInline {A} at (0,0) size 37x13
                      RenderInline {FONT} at (0,0) size 37x13
                        RenderText {#text} at (209,0) size 37x13
                          text run at (209,0) width 37: "Support"
                    RenderText {#text} at (246,0) size 6x13
                      text run at (246,0) width 6: "  "
                    RenderInline {FONT} at (0,0) size 3x13
                      RenderText {#text} at (252,0) size 3x13
                        text run at (252,0) width 3: "|"
                    RenderText {#text} at (255,0) size 9x13
                      text run at (255,0) width 3: " "
                      text run at (258,0) width 6: "  "
                    RenderInline {A} at (0,0) size 31x13
                      RenderInline {FONT} at (0,0) size 31x13
                        RenderText {#text} at (264,0) size 31x13
                          text run at (264,0) width 31: "Search"
                    RenderText {#text} at (295,0) size 6x13
                      text run at (295,0) width 6: "  "
                    RenderInline {FONT} at (0,0) size 3x13
                      RenderText {#text} at (301,0) size 3x13
                        text run at (301,0) width 3: "|"
                    RenderText {#text} at (304,0) size 9x13
                      text run at (304,0) width 3: " "
                      text run at (307,0) width 6: "  "
                    RenderInline {A} at (0,0) size 94x13
                      RenderInline {FONT} at (0,0) size 94x13
                        RenderText {#text} at (313,0) size 94x13
                          text run at (313,0) width 94: "microsoft.com Home"
                    RenderText {#text} at (407,0) size 6x13
                      text run at (407,0) width 6: "  "
                  RenderText {#text} at (0,0) size 0x0
            RenderTableRow {TR} at (0,20) size 800x40
              RenderTableCell {TD} at (361,20) size 439x40 [r=1 c=1 rs=1 cs=2]
                RenderInline {A} at (0,0) size 112x14 [color=#003399]
                  RenderImage {IMG} at (327,0) size 112x40
            RenderTableRow {TR} at (0,60) size 800x20
              RenderTableCell {TD} at (0,63) size 800x14 [bgcolor=#6699CC] [r=2 c=0 rs=1 cs=4]
                RenderInline {FONT} at (0,0) size 479x13 [color=#FFFFFF]
                  RenderInline {B} at (0,0) size 479x13
                    RenderText {#text} at (0,0) size 6x13
                      text run at (0,0) width 6: "  "
                    RenderInline {A} at (0,0) size 26x13
                      RenderInline {FONT} at (0,0) size 26x13
                        RenderText {#text} at (6,0) size 26x13
                          text run at (6,0) width 26: "Home"
                    RenderText {#text} at (32,0) size 6x13
                      text run at (32,0) width 6: "  "
                    RenderInline {FONT} at (0,0) size 3x13
                      RenderText {#text} at (38,0) size 3x13
                        text run at (38,0) width 3: "|"
                    RenderText {#text} at (41,0) size 9x13
                      text run at (41,0) width 3: " "
                      text run at (44,0) width 6: "  "
                    RenderInline {A} at (0,0) size 30x13
                      RenderInline {FONT} at (0,0) size 30x13
                        RenderText {#text} at (50,0) size 30x13
                          text run at (50,0) width 30: "Events"
                    RenderText {#text} at (80,0) size 6x13
                      text run at (80,0) width 6: "  "
                    RenderInline {FONT} at (0,0) size 3x13
                      RenderText {#text} at (86,0) size 3x13
                        text run at (86,0) width 3: "|"
                    RenderText {#text} at (89,0) size 9x13
                      text run at (89,0) width 3: " "
                      text run at (92,0) width 6: "  "
                    RenderInline {A} at (0,0) size 39x13
                      RenderInline {FONT} at (0,0) size 39x13
                        RenderText {#text} at (98,0) size 39x13
                          text run at (98,0) width 39: "Training"
                    RenderText {#text} at (137,0) size 6x13
                      text run at (137,0) width 6: "  "
                    RenderInline {FONT} at (0,0) size 3x13
                      RenderText {#text} at (143,0) size 3x13
                        text run at (143,0) width 3: "|"
                    RenderText {#text} at (146,0) size 9x13
                      text run at (146,0) width 3: " "
                      text run at (149,0) width 6: "  "
                    RenderInline {A} at (0,0) size 51x13
                      RenderInline {FONT} at (0,0) size 51x13
                        RenderText {#text} at (155,0) size 51x13
                          text run at (155,0) width 51: "Downloads"
                    RenderText {#text} at (206,0) size 6x13
                      text run at (206,0) width 6: "  "
                    RenderInline {FONT} at (0,0) size 3x13
                      RenderText {#text} at (212,0) size 3x13
                        text run at (212,0) width 3: "|"
                    RenderText {#text} at (215,0) size 9x13
                      text run at (215,0) width 3: " "
                      text run at (218,0) width 6: "  "
                    RenderInline {A} at (0,0) size 52x13
                      RenderInline {FONT} at (0,0) size 52x13
                        RenderText {#text} at (224,0) size 52x13
                          text run at (224,0) width 52: "Newsletters"
                    RenderText {#text} at (276,0) size 6x13
                      text run at (276,0) width 6: "  "
                    RenderInline {FONT} at (0,0) size 3x13
                      RenderText {#text} at (282,0) size 3x13
                        text run at (282,0) width 3: "|"
                    RenderText {#text} at (285,0) size 9x13
                      text run at (285,0) width 3: " "
                      text run at (288,0) width 6: "  "
                    RenderInline {A} at (0,0) size 90x13
                      RenderInline {FONT} at (0,0) size 90x13
                        RenderText {#text} at (294,0) size 90x13
                          text run at (294,0) width 90: "U.S. & International"
                    RenderText {#text} at (384,0) size 6x13
                      text run at (384,0) width 6: "  "
                    RenderInline {FONT} at (0,0) size 3x13
                      RenderText {#text} at (390,0) size 3x13
                        text run at (390,0) width 3: "|"
                    RenderText {#text} at (393,0) size 9x13
                      text run at (393,0) width 3: " "
                      text run at (396,0) width 6: "  "
                    RenderInline {A} at (0,0) size 68x13
                      RenderInline {FONT} at (0,0) size 68x13
                        RenderText {#text} at (402,0) size 68x13
                          text run at (402,0) width 68: "About Our Site"
                    RenderText {#text} at (470,0) size 6x13
                      text run at (470,0) width 6: "  "
                    RenderInline {FONT} at (0,0) size 3x13
                      RenderText {#text} at (476,0) size 3x13
                        text run at (476,0) width 3: "|"
                    RenderText {#text} at (0,0) size 0x0
      RenderBlock (anonymous) at (0,80) size 800x0
        RenderInline {SPAN} at (0,0) size 0x0
