layer at (0,0) size 800x600
  RenderView at (0,0) size 800x600
layer at (0,0) size 800x600
  RenderBlock {HTML} at (0,0) size 800x600
    RenderBody {BODY} at (8,8) size 784x584
      RenderTable {TABLE} at (0,0) size 784x62 [border: (2px outset #808080)]
        RenderTableSection {TBODY} at (2,2) size 780x58
          RenderTableRow {TR} at (0,3) size 780x52
            RenderTableCell {TD} at (3,3) size 270x52 [bgcolor=#DDDDDD] [border: (1px inset #808080)] [r=0 c=0 rs=1 cs=1]
              RenderTable {TABLE} at (2,2) size 266x48 [border: (1px outset #808080)]
                RenderTableSection {TBODY} at (1,1) size 264x46
                  RenderTableRow {TR} at (0,3) size 264x40
                    RenderTableCell {TD} at (3,3) size 258x40 [border: (1px inset #808080)] [r=0 c=0 rs=1 cs=1]
                      RenderText {#text} at (1,1) size 155x38
                        text run at (1,1) width 155: "TheMozillaOrganization-"
                        text run at (1,20) width 150: "TheMozillaOrganization"
            RenderTableCell {TD} at (276,8) size 501x42 [border: (1px inset #808080)] [r=0 c=1 rs=1 cs=1]
              RenderText {#text} at (2,2) size 382x38
                text run at (2,2) width 382: "Checkin Guidelines for the Seamonkey Tree xxxxxxxxxxxxxx"
                text run at (2,21) width 200: "xxxxxxxxxxxxxxxx xxxxxxxxxxxx"
