layer at (0,0) size 800x1376
  RenderView at (0,0) size 800x600
layer at (0,0) size 800x1376
  RenderBlock {HTML} at (0,0) size 800x1376
    RenderBody {BODY} at (8,8) size 784x1360
      RenderBlock {H1} at (0,0) size 784x38
        RenderText {#text} at (0,0) size 393x38
          text run at (0,0) width 393: "Example 6: Table Stress Test"
      RenderBlock {PRE} at (0,56) size 784x19 [color=#FF0000]
        RenderText {#text} at (0,0) size 236x19
          text run at (0,0) width 236: "Resize document for maximum effect"
      RenderBlock (anonymous) at (0,89) size 784x19
        RenderBR {BR} at (0,0) size 0x19
      RenderBlock {H2} at (0,125) size 784x29
        RenderText {#text} at (0,0) size 509x29
          text run at (0,0) width 509: "Auto-width tables with spans nested 8 levels deep"
      RenderTable {TABLE} at (0,171) size 784x362 [bgcolor=#FF0000] [border: (1px outset #808080)]
        RenderTableSection {TBODY} at (1,1) size 782x360
          RenderTableRow {TR} at (0,2) size 782x23
            RenderTableCell {TD} at (2,2) size 28x23 [border: (1px inset #808080)] [r=0 c=0 rs=1 cs=1]
              RenderText {#text} at (2,2) size 24x19
                text run at (2,2) width 24: "Cell"
            RenderTableCell {TD} at (32,2) size 748x331 [border: (1px inset #808080)] [r=0 c=1 rs=2 cs=2]
              RenderTable {TABLE} at (2,2) size 744x327 [bgcolor=#ADD8E6] [border: (1px outset #808080)]
                RenderTableSection {TBODY} at (1,1) size 742x325
                  RenderTableRow {TR} at (0,2) size 742x23
                    RenderTableCell {TD} at (2,2) size 28x23 [border: (1px inset #808080)] [r=0 c=0 rs=1 cs=1]
                      RenderText {#text} at (2,2) size 24x19
                        text run at (2,2) width 24: "Cell"
                    RenderTableCell {TD} at (32,2) size 708x296 [border: (1px inset #808080)] [r=0 c=1 rs=2 cs=2]
                      RenderTable {TABLE} at (2,2) size 704x292 [bgcolor=#90EE90] [border: (1px outset #808080)]
                        RenderTableSection {TBODY} at (1,1) size 702x290
                          RenderTableRow {TR} at (0,2) size 702x23
                            RenderTableCell {TD} at (2,2) size 28x23 [border: (1px inset #808080)] [r=0 c=0 rs=1 cs=1]
                              RenderText {#text} at (2,2) size 24x19
                                text run at (2,2) width 24: "Cell"
                            RenderTableCell {TD} at (32,2) size 668x261 [border: (1px inset #808080)] [r=0 c=1 rs=2 cs=2]
                              RenderTable {TABLE} at (2,2) size 664x257 [border: (1px outset #808080)]
                                RenderTableSection {TBODY} at (1,1) size 662x255
                                  RenderTableRow {TR} at (0,2) size 662x23
                                    RenderTableCell {TD} at (2,2) size 28x23 [border: (1px inset #808080)] [r=0 c=0 rs=1 cs=1]
                                      RenderText {#text} at (2,2) size 24x19
                                        text run at (2,2) width 24: "Cell"
                                    RenderTableCell {TD} at (32,2) size 628x226 [border: (1px inset #808080)] [r=0 c=1 rs=2 cs=2]
                                      RenderTable {TABLE} at (2,2) size 624x222 [bgcolor=#FFA500] [border: (1px outset #808080)]
                                        RenderTableSection {TBODY} at (1,1) size 622x220
                                          RenderTableRow {TR} at (0,2) size 622x23
                                            RenderTableCell {TD} at (2,2) size 28x23 [border: (1px inset #808080)] [r=0 c=0 rs=1 cs=1]
                                              RenderText {#text} at (2,2) size 24x19
                                                text run at (2,2) width 24: "Cell"
                                            RenderTableCell {TD} at (32,2) size 588x191 [border: (1px inset #808080)] [r=0 c=1 rs=2 cs=2]
                                              RenderTable {TABLE} at (2,2) size 584x187 [bgcolor=#FF0000] [border: (1px outset #808080)]
                                                RenderTableSection {TBODY} at (1,1) size 582x185
                                                  RenderTableRow {TR} at (0,2) size 582x23
                                                    RenderTableCell {TD} at (2,2) size 28x23 [border: (1px inset #808080)] [r=0 c=0 rs=1 cs=1]
                                                      RenderText {#text} at (2,2) size 24x19
                                                        text run at (2,2) width 24: "Cell"
                                                    RenderTableCell {TD} at (32,2) size 548x156 [border: (1px inset #808080)] [r=0 c=1 rs=2 cs=2]
                                                      RenderTable {TABLE} at (2,2) size 544x152 [bgcolor=#ADD8E6] [border: (1px outset #808080)]
                                                        RenderTableSection {TBODY} at (1,1) size 542x150
                                                          RenderTableRow {TR} at (0,2) size 542x23
                                                            RenderTableCell {TD} at (2,2) size 28x23 [border: (1px inset #808080)] [r=0 c=0 rs=1 cs=1]
                                                              RenderText {#text} at (2,2) size 24x19
                                                                text run at (2,2) width 24: "Cell"
                                                            RenderTableCell {TD} at (32,2) size 508x102 [border: (1px inset #808080)] [r=0 c=1 rs=2 cs=2]
                                                              RenderTable {TABLE} at (2,2) size 504x98 [bgcolor=#90EE90] [border: (1px outset #808080)]
                                                                RenderTableSection {TBODY} at (1,1) size 502x96
                                                                  RenderTableRow {TR} at (0,2) size 502x23
                                                                    RenderTableCell {TD} at (2,2) size 28x23 [border: (1px inset #808080)] [r=0 c=0 rs=1 cs=1]
                                                                      RenderText {#text} at (2,2) size 24x19
                                                                        text run at (2,2) width 24: "Cell"
                                                                    RenderTableCell {TD} at (32,5) size 468x42 [border: (1px inset #808080)] [r=0 c=1 rs=2 cs=2]
                                                                      RenderText {#text} at (2,2) size 461x38
                                                                        text run at (2,2) width 392: "Cell, and stuff to test out table cell layout. This should be long "
                                                                        text run at (394,2) width 69: "enough for"
                                                                        text run at (2,21) width 46: "testing."
                                                                  RenderTableRow {TR} at (0,27) size 502x23
                                                                    RenderTableCell {TD} at (2,27) size 28x23 [border: (1px inset #808080)] [r=1 c=0 rs=1 cs=1]
                                                                      RenderText {#text} at (2,2) size 24x19
                                                                        text run at (2,2) width 24: "Cell"
                                                                  RenderTableRow {TR} at (0,52) size 502x42
                                                                    RenderTableCell {TD} at (2,61) size 28x23 [border: (1px inset #808080)] [r=2 c=0 rs=1 cs=1]
                                                                      RenderText {#text} at (2,2) size 24x19
                                                                        text run at (2,2) width 24: "Cell"
                                                                    RenderTableCell {TD} at (32,52) size 438x42 [border: (1px inset #808080)] [r=2 c=1 rs=1 cs=1]
                                                                      RenderText {#text} at (2,2) size 388x38
                                                                        text run at (2,2) width 388: "Cell, and stuff to test out table cell layout. This should be long"
                                                                        text run at (2,21) width 119: "enough for testing."
                                                                    RenderTableCell {TD} at (472,61) size 28x23 [border: (1px inset #808080)] [r=2 c=2 rs=1 cs=1]
                                                                      RenderText {#text} at (2,2) size 24x19
                                                                        text run at (2,2) width 24: "Cell"
                                                          RenderTableRow {TR} at (0,27) size 542x77
                                                            RenderTableCell {TD} at (2,54) size 28x23 [border: (1px inset #808080)] [r=1 c=0 rs=1 cs=1]
                                                              RenderText {#text} at (2,2) size 24x19
                                                                text run at (2,2) width 24: "Cell"
                                                          RenderTableRow {TR} at (0,106) size 542x42
                                                            RenderTableCell {TD} at (2,115) size 28x23 [border: (1px inset #808080)] [r=2 c=0 rs=1 cs=1]
                                                              RenderText {#text} at (2,2) size 24x19
                                                                text run at (2,2) width 24: "Cell"
                                                            RenderTableCell {TD} at (32,106) size 478x42 [border: (1px inset #808080)] [r=2 c=1 rs=1 cs=1]
                                                              RenderText {#text} at (2,2) size 461x38
                                                                text run at (2,2) width 392: "Cell, and stuff to test out table cell layout. This should be long "
                                                                text run at (394,2) width 69: "enough for"
                                                                text run at (2,21) width 46: "testing."
                                                            RenderTableCell {TD} at (512,115) size 28x23 [border: (1px inset #808080)] [r=2 c=2 rs=1 cs=1]
                                                              RenderText {#text} at (2,2) size 24x19
                                                                text run at (2,2) width 24: "Cell"
                                                  RenderTableRow {TR} at (0,27) size 582x131
                                                    RenderTableCell {TD} at (2,81) size 28x23 [border: (1px inset #808080)] [r=1 c=0 rs=1 cs=1]
                                                      RenderText {#text} at (2,2) size 24x19
                                                        text run at (2,2) width 24: "Cell"
                                                  RenderTableRow {TR} at (0,160) size 582x23
                                                    RenderTableCell {TD} at (2,160) size 28x23 [border: (1px inset #808080)] [r=2 c=0 rs=1 cs=1]
                                                      RenderText {#text} at (2,2) size 24x19
                                                        text run at (2,2) width 24: "Cell"
                                                    RenderTableCell {TD} at (32,160) size 517x23 [border: (1px inset #808080)] [r=2 c=1 rs=1 cs=1]
                                                      RenderText {#text} at (2,2) size 511x19
                                                        text run at (2,2) width 392: "Cell, and stuff to test out table cell layout. This should be long "
                                                        text run at (394,2) width 119: "enough for testing."
                                                    RenderTableCell {TD} at (551,160) size 29x23 [border: (1px inset #808080)] [r=2 c=2 rs=1 cs=1]
                                                      RenderText {#text} at (2,2) size 24x19
                                                        text run at (2,2) width 24: "Cell"
                                          RenderTableRow {TR} at (0,27) size 622x166
                                            RenderTableCell {TD} at (2,98) size 28x23 [border: (1px inset #808080)] [r=1 c=0 rs=1 cs=1]
                                              RenderText {#text} at (2,2) size 24x19
                                                text run at (2,2) width 24: "Cell"
                                          RenderTableRow {TR} at (0,195) size 622x23
                                            RenderTableCell {TD} at (2,195) size 28x23 [border: (1px inset #808080)] [r=2 c=0 rs=1 cs=1]
                                              RenderText {#text} at (2,2) size 24x19
                                                text run at (2,2) width 24: "Cell"
                                            RenderTableCell {TD} at (32,195) size 555x23 [border: (1px inset #808080)] [r=2 c=1 rs=1 cs=1]
                                              RenderText {#text} at (2,2) size 511x19
                                                text run at (2,2) width 392: "Cell, and stuff to test out table cell layout. This should be long "
                                                text run at (394,2) width 119: "enough for testing."
                                            RenderTableCell {TD} at (589,195) size 31x23 [border: (1px inset #808080)] [r=2 c=2 rs=1 cs=1]
                                              RenderText {#text} at (2,2) size 24x19
                                                text run at (2,2) width 24: "Cell"
                                  RenderTableRow {TR} at (0,27) size 662x201
                                    RenderTableCell {TD} at (2,116) size 28x23 [border: (1px inset #808080)] [r=1 c=0 rs=1 cs=1]
                                      RenderText {#text} at (2,2) size 24x19
                                        text run at (2,2) width 24: "Cell"
                                  RenderTableRow {TR} at (0,230) size 662x23
                                    RenderTableCell {TD} at (2,230) size 28x23 [border: (1px inset #808080)] [r=2 c=0 rs=1 cs=1]
                                      RenderText {#text} at (2,2) size 24x19
                                        text run at (2,2) width 24: "Cell"
                                    RenderTableCell {TD} at (32,230) size 593x23 [border: (1px inset #808080)] [r=2 c=1 rs=1 cs=1]
                                      RenderText {#text} at (2,2) size 511x19
                                        text run at (2,2) width 392: "Cell, and stuff to test out table cell layout. This should be long "
                                        text run at (394,2) width 119: "enough for testing."
                                    RenderTableCell {TD} at (627,230) size 33x23 [border: (1px inset #808080)] [r=2 c=2 rs=1 cs=1]
                                      RenderText {#text} at (2,2) size 24x19
                                        text run at (2,2) width 24: "Cell"
                          RenderTableRow {TR} at (0,27) size 702x236
                            RenderTableCell {TD} at (2,133) size 28x23 [border: (1px inset #808080)] [r=1 c=0 rs=1 cs=1]
                              RenderText {#text} at (2,2) size 24x19
                                text run at (2,2) width 24: "Cell"
                          RenderTableRow {TR} at (0,265) size 702x23
                            RenderTableCell {TD} at (2,265) size 28x23 [border: (1px inset #808080)] [r=2 c=0 rs=1 cs=1]
                              RenderText {#text} at (2,2) size 24x19
                                text run at (2,2) width 24: "Cell"
                            RenderTableCell {TD} at (32,265) size 631x23 [border: (1px inset #808080)] [r=2 c=1 rs=1 cs=1]
                              RenderText {#text} at (2,2) size 511x19
                                text run at (2,2) width 392: "Cell, and stuff to test out table cell layout. This should be long "
                                text run at (394,2) width 119: "enough for testing."
                            RenderTableCell {TD} at (665,265) size 35x23 [border: (1px inset #808080)] [r=2 c=2 rs=1 cs=1]
                              RenderText {#text} at (2,2) size 24x19
                                text run at (2,2) width 24: "Cell"
                  RenderTableRow {TR} at (0,27) size 742x271
                    RenderTableCell {TD} at (2,151) size 28x23 [border: (1px inset #808080)] [r=1 c=0 rs=1 cs=1]
                      RenderText {#text} at (2,2) size 24x19
                        text run at (2,2) width 24: "Cell"
                  RenderTableRow {TR} at (0,300) size 742x23
                    RenderTableCell {TD} at (2,300) size 28x23 [border: (1px inset #808080)] [r=2 c=0 rs=1 cs=1]
                      RenderText {#text} at (2,2) size 24x19
                        text run at (2,2) width 24: "Cell"
                    RenderTableCell {TD} at (32,300) size 669x23 [border: (1px inset #808080)] [r=2 c=1 rs=1 cs=1]
                      RenderText {#text} at (2,2) size 511x19
                        text run at (2,2) width 392: "Cell, and stuff to test out table cell layout. This should be long "
                        text run at (394,2) width 119: "enough for testing."
                    RenderTableCell {TD} at (703,300) size 37x23 [border: (1px inset #808080)] [r=2 c=2 rs=1 cs=1]
                      RenderText {#text} at (2,2) size 24x19
                        text run at (2,2) width 24: "Cell"
          RenderTableRow {TR} at (0,27) size 782x306
            RenderTableCell {TD} at (2,168) size 28x23 [border: (1px inset #808080)] [r=1 c=0 rs=1 cs=1]
              RenderText {#text} at (2,2) size 24x19
                text run at (2,2) width 24: "Cell"
          RenderTableRow {TR} at (0,335) size 782x23
            RenderTableCell {TD} at (2,335) size 28x23 [border: (1px inset #808080)] [r=2 c=0 rs=1 cs=1]
              RenderText {#text} at (2,2) size 24x19
                text run at (2,2) width 24: "Cell"
            RenderTableCell {TD} at (32,335) size 707x23 [border: (1px inset #808080)] [r=2 c=1 rs=1 cs=1]
              RenderText {#text} at (2,2) size 511x19
                text run at (2,2) width 392: "Cell, and stuff to test out table cell layout. This should be long "
                text run at (394,2) width 119: "enough for testing."
            RenderTableCell {TD} at (741,335) size 39x23 [border: (1px inset #808080)] [r=2 c=2 rs=1 cs=1]
              RenderText {#text} at (2,2) size 24x19
                text run at (2,2) width 24: "Cell"
      RenderBlock (anonymous) at (0,533) size 784x19
        RenderBR {BR} at (0,0) size 0x19
      RenderBlock {H2} at (0,569) size 784x29
        RenderText {#text} at (0,0) size 399x29
          text run at (0,0) width 399: "100% width tables nested 6 levels deep"
      RenderTable {TABLE} at (0,615) size 784x745 [bgcolor=#FFFF00] [border: (1px outset #808080)]
        RenderTableSection {TBODY} at (1,1) size 782x743
          RenderTableRow {TR} at (0,2) size 782x23
            RenderTableCell {TD} at (2,2) size 629x23 [border: (1px inset #808080)] [r=0 c=0 rs=1 cs=1]
              RenderText {#text} at (2,2) size 52x19
                text run at (2,2) width 52: "Cell one"
            RenderTableCell {TD} at (633,2) size 72x23 [border: (1px inset #808080)] [r=0 c=1 rs=1 cs=1]
              RenderText {#text} at (2,2) size 32x19
                text run at (2,2) width 32: "Cell2"
            RenderTableCell {TD} at (707,2) size 73x23 [border: (1px inset #808080)] [r=0 c=2 rs=1 cs=1]
              RenderText {#text} at (2,2) size 36x19
                text run at (2,2) width 36: "Cell 3"
          RenderTableRow {TR} at (0,27) size 782x23
            RenderTableCell {TD} at (2,27) size 629x23 [border: (1px inset #808080)] [r=1 c=0 rs=1 cs=1]
              RenderText {#text} at (2,2) size 36x19
                text run at (2,2) width 36: "Cell 4"
            RenderTableCell {TD} at (633,27) size 72x23 [border: (1px inset #808080)] [r=1 c=1 rs=1 cs=1]
              RenderText {#text} at (2,2) size 36x19
                text run at (2,2) width 36: "Cell 5"
            RenderTableCell {TD} at (707,27) size 73x23 [border: (1px inset #808080)] [r=1 c=2 rs=1 cs=1]
              RenderText {#text} at (2,2) size 36x19
                text run at (2,2) width 36: "Cell 6"
          RenderTableRow {TR} at (0,52) size 782x689
            RenderTableCell {TD} at (2,52) size 629x689 [border: (1px inset #808080)] [r=2 c=0 rs=1 cs=1]
              RenderTable {TABLE} at (2,2) size 625x666 [bgcolor=#D3D3D3]
                RenderTableSection {TBODY} at (0,0) size 625x666
                  RenderTableRow {TR} at (0,2) size 625x21
                    RenderTableCell {TD} at (2,2) size 18x21 [r=0 c=0 rs=1 cs=1]
                      RenderText {#text} at (1,1) size 8x19
                        text run at (1,1) width 8: "1"
                    RenderTableCell {TD} at (22,2) size 580x21 [r=0 c=1 rs=1 cs=1]
                      RenderText {#text} at (1,1) size 8x19
                        text run at (1,1) width 8: "2"
                    RenderTableCell {TD} at (604,2) size 19x21 [r=0 c=2 rs=1 cs=1]
                      RenderText {#text} at (1,1) size 8x19
                        text run at (1,1) width 8: "3"
                  RenderTableRow {TR} at (0,25) size 625x616
                    RenderTableCell {TD} at (2,322) size 18x21 [r=1 c=0 rs=1 cs=1]
                      RenderText {#text} at (1,1) size 8x19
                        text run at (1,1) width 8: "4"
                    RenderTableCell {TD} at (22,25) size 580x616 [r=1 c=1 rs=1 cs=1]
                      RenderTable {TABLE} at (1,1) size 578x595 [bgcolor=#ADD8E6] [border: (1px outset #808080)]
                        RenderTableSection {TBODY} at (1,1) size 576x593
                          RenderTableRow {TR} at (0,2) size 576x539
                            RenderTableCell {TD} at (2,260) size 22x23 [border: (1px inset #808080)] [r=0 c=0 rs=1 cs=1]
                              RenderText {#text} at (2,2) size 8x19
                                text run at (2,2) width 8: "1"
                            RenderTableCell {TD} at (26,2) size 523x539 [border: (1px inset #808080)] [r=0 c=1 rs=1 cs=1]
                              RenderTable {TABLE} at (2,2) size 519x516 [bgcolor=#FF0000] [border: (1px outset #808080)]
                                RenderTableSection {TBODY} at (1,1) size 517x514
                                  RenderTableRow {TR} at (0,2) size 517x23
                                    RenderTableCell {TD} at (2,2) size 23x23 [border: (1px inset #808080)] [r=0 c=0 rs=1 cs=1]
                                      RenderText {#text} at (2,2) size 8x19
                                        text run at (2,2) width 8: "1"
                                    RenderTableCell {TD} at (27,2) size 23x23 [border: (1px inset #808080)] [r=0 c=1 rs=1 cs=1]
                                      RenderText {#text} at (2,2) size 8x19
                                        text run at (2,2) width 8: "2"
                                    RenderTableCell {TD} at (52,2) size 412x23 [border: (1px inset #808080)] [r=0 c=2 rs=1 cs=1]
                                      RenderText {#text} at (2,2) size 8x19
                                        text run at (2,2) width 8: "3"
                                    RenderTableCell {TD} at (466,2) size 23x23 [border: (1px inset #808080)] [r=0 c=3 rs=1 cs=1]
                                      RenderText {#text} at (2,2) size 8x19
                                        text run at (2,2) width 8: "4"
                                    RenderTableCell {TD} at (491,2) size 24x23 [border: (1px inset #808080)] [r=0 c=4 rs=1 cs=1]
                                      RenderText {#text} at (2,2) size 8x19
                                        text run at (2,2) width 8: "5"
                                  RenderTableRow {TR} at (0,27) size 517x410
                                    RenderTableCell {TD} at (2,220) size 23x23 [border: (1px inset #808080)] [r=1 c=0 rs=1 cs=1]
                                      RenderText {#text} at (2,2) size 8x19
                                        text run at (2,2) width 8: "6"
                                    RenderTableCell {TD} at (27,220) size 23x23 [border: (1px inset #808080)] [r=1 c=1 rs=1 cs=1]
                                      RenderText {#text} at (2,2) size 8x19
                                        text run at (2,2) width 8: "7"
                                    RenderTableCell {TD} at (52,27) size 412x410 [border: (1px inset #808080)] [r=1 c=2 rs=1 cs=1]
                                      RenderTable {TABLE} at (2,2) size 408x387 [bgcolor=#008000] [border: (1px outset #808080)]
                                        RenderTableSection {TBODY} at (1,1) size 406x385
                                          RenderTableRow {TR} at (0,2) size 406x23
                                            RenderTableCell {TD} at (2,2) size 24x23 [border: (1px inset #808080)] [r=0 c=0 rs=1 cs=1]
                                              RenderText {#text} at (2,2) size 8x19
                                                text run at (2,2) width 8: "a"
                                            RenderTableCell {TD} at (28,2) size 24x23 [border: (1px inset #808080)] [r=0 c=1 rs=1 cs=1]
                                              RenderText {#text} at (2,2) size 8x19
                                                text run at (2,2) width 8: "b"
                                            RenderTableCell {TD} at (54,2) size 297x23 [border: (1px inset #808080)] [r=0 c=2 rs=1 cs=1]
                                              RenderText {#text} at (2,2) size 7x19
                                                text run at (2,2) width 7: "c"
                                            RenderTableCell {TD} at (353,2) size 24x23 [border: (1px inset #808080)] [r=0 c=3 rs=1 cs=1]
                                              RenderText {#text} at (2,2) size 8x19
                                                text run at (2,2) width 8: "d"
                                            RenderTableCell {TD} at (379,2) size 25x23 [border: (1px inset #808080)] [r=0 c=4 rs=1 cs=1]
                                              RenderText {#text} at (2,2) size 8x19
                                                text run at (2,2) width 8: "e"
                                          RenderTableRow {TR} at (0,27) size 406x23
                                            RenderTableCell {TD} at (2,27) size 24x23 [border: (1px inset #808080)] [r=1 c=0 rs=1 cs=1]
                                              RenderText {#text} at (2,2) size 4x19
                                                text run at (2,2) width 4: "f"
                                            RenderTableCell {TD} at (28,27) size 24x23 [border: (1px inset #808080)] [r=1 c=1 rs=1 cs=1]
                                              RenderText {#text} at (2,2) size 8x19
                                                text run at (2,2) width 8: "g"
                                            RenderTableCell {TD} at (54,27) size 297x23 [border: (1px inset #808080)] [r=1 c=2 rs=1 cs=1]
                                              RenderText {#text} at (2,2) size 8x19
                                                text run at (2,2) width 8: "h"
                                            RenderTableCell {TD} at (353,27) size 24x23 [border: (1px inset #808080)] [r=1 c=3 rs=1 cs=1]
                                              RenderText {#text} at (2,2) size 3x19
                                                text run at (2,2) width 3: "i"
                                            RenderTableCell {TD} at (379,27) size 25x23 [border: (1px inset #808080)] [r=1 c=4 rs=1 cs=1]
                                              RenderText {#text} at (2,2) size 3x19
                                                text run at (2,2) width 3: "j"
                                          RenderTableRow {TR} at (0,52) size 406x281
                                            RenderTableCell {TD} at (2,181) size 24x23 [border: (1px inset #808080)] [r=2 c=0 rs=1 cs=1]
                                              RenderText {#text} at (2,2) size 7x19
                                                text run at (2,2) width 7: "k"
                                            RenderTableCell {TD} at (28,181) size 24x23 [border: (1px inset #808080)] [r=2 c=1 rs=1 cs=1]
                                              RenderText {#text} at (2,2) size 3x19
                                                text run at (2,2) width 3: "l"
                                            RenderTableCell {TD} at (54,52) size 297x281 [border: (1px inset #808080)] [r=2 c=2 rs=1 cs=1]
                                              RenderTable {TABLE} at (2,2) size 293x258 [bgcolor=#800080] [border: (1px outset #808080)]
                                                RenderTableSection {TBODY} at (1,1) size 291x256
                                                  RenderTableRow {TR} at (0,2) size 291x23
                                                    RenderTableCell {TD} at (2,2) size 25x23 [border: (1px inset #808080)] [r=0 c=0 rs=1 cs=1]
                                                      RenderText {#text} at (2,2) size 8x19
                                                        text run at (2,2) width 8: "a"
                                                    RenderTableCell {TD} at (29,2) size 25x23 [border: (1px inset #808080)] [r=0 c=1 rs=1 cs=1]
                                                      RenderText {#text} at (2,2) size 8x19
                                                        text run at (2,2) width 8: "b"
                                                    RenderTableCell {TD} at (56,2) size 177x23 [border: (1px inset #808080)] [r=0 c=2 rs=1 cs=1]
                                                      RenderText {#text} at (2,2) size 7x19
                                                        text run at (2,2) width 7: "c"
                                                    RenderTableCell {TD} at (235,2) size 26x23 [border: (1px inset #808080)] [r=0 c=3 rs=1 cs=1]
                                                      RenderText {#text} at (2,2) size 8x19
                                                        text run at (2,2) width 8: "d"
                                                    RenderTableCell {TD} at (263,2) size 26x23 [border: (1px inset #808080)] [r=0 c=4 rs=1 cs=1]
                                                      RenderText {#text} at (2,2) size 8x19
                                                        text run at (2,2) width 8: "e"
                                                  RenderTableRow {TR} at (0,27) size 291x23
                                                    RenderTableCell {TD} at (2,27) size 25x23 [border: (1px inset #808080)] [r=1 c=0 rs=1 cs=1]
                                                      RenderText {#text} at (2,2) size 4x19
                                                        text run at (2,2) width 4: "f"
                                                    RenderTableCell {TD} at (29,27) size 25x23 [border: (1px inset #808080)] [r=1 c=1 rs=1 cs=1]
                                                      RenderText {#text} at (2,2) size 8x19
                                                        text run at (2,2) width 8: "g"
                                                    RenderTableCell {TD} at (56,27) size 177x23 [border: (1px inset #808080)] [r=1 c=2 rs=1 cs=1]
                                                      RenderText {#text} at (2,2) size 8x19
                                                        text run at (2,2) width 8: "h"
                                                    RenderTableCell {TD} at (235,27) size 26x23 [border: (1px inset #808080)] [r=1 c=3 rs=1 cs=1]
                                                      RenderText {#text} at (2,2) size 3x19
                                                        text run at (2,2) width 3: "i"
                                                    RenderTableCell {TD} at (263,27) size 26x23 [border: (1px inset #808080)] [r=1 c=4 rs=1 cs=1]
                                                      RenderText {#text} at (2,2) size 3x19
                                                        text run at (2,2) width 3: "j"
                                                  RenderTableRow {TR} at (0,52) size 291x152
                                                    RenderTableCell {TD} at (2,116) size 25x23 [border: (1px inset #808080)] [r=2 c=0 rs=1 cs=1]
                                                      RenderText {#text} at (2,2) size 7x19
                                                        text run at (2,2) width 7: "k"
                                                    RenderTableCell {TD} at (29,116) size 25x23 [border: (1px inset #808080)] [r=2 c=1 rs=1 cs=1]
                                                      RenderText {#text} at (2,2) size 3x19
                                                        text run at (2,2) width 3: "l"
                                                    RenderTableCell {TD} at (56,52) size 177x152 [border: (1px inset #808080)] [r=2 c=2 rs=1 cs=1]
                                                      RenderTable {TABLE} at (2,2) size 173x129 [bgcolor=#FFA500] [border: (1px outset #808080)]
                                                        RenderTableSection {TBODY} at (1,1) size 171x127
                                                          RenderTableRow {TR} at (0,2) size 171x23
                                                            RenderTableCell {TD} at (2,2) size 29x23 [border: (1px inset #808080)] [r=0 c=0 rs=1 cs=1]
                                                              RenderText {#text} at (2,2) size 8x19
                                                                text run at (2,2) width 8: "a"
                                                            RenderTableCell {TD} at (33,2) size 30x23 [border: (1px inset #808080)] [r=0 c=1 rs=1 cs=1]
                                                              RenderText {#text} at (2,2) size 8x19
                                                                text run at (2,2) width 8: "b"
                                                            RenderTableCell {TD} at (65,2) size 40x23 [border: (1px inset #808080)] [r=0 c=2 rs=1 cs=1]
                                                              RenderText {#text} at (2,2) size 7x19
                                                                text run at (2,2) width 7: "c"
                                                            RenderTableCell {TD} at (107,2) size 30x23 [border: (1px inset #808080)] [r=0 c=3 rs=1 cs=1]
                                                              RenderText {#text} at (2,2) size 8x19
                                                                text run at (2,2) width 8: "d"
                                                            RenderTableCell {TD} at (139,2) size 30x23 [border: (1px inset #808080)] [r=0 c=4 rs=1 cs=1]
                                                              RenderText {#text} at (2,2) size 8x19
                                                                text run at (2,2) width 8: "e"
                                                          RenderTableRow {TR} at (0,27) size 171x23
                                                            RenderTableCell {TD} at (2,27) size 29x23 [border: (1px inset #808080)] [r=1 c=0 rs=1 cs=1]
                                                              RenderText {#text} at (2,2) size 4x19
                                                                text run at (2,2) width 4: "f"
                                                            RenderTableCell {TD} at (33,27) size 30x23 [border: (1px inset #808080)] [r=1 c=1 rs=1 cs=1]
                                                              RenderText {#text} at (2,2) size 8x19
                                                                text run at (2,2) width 8: "g"
                                                            RenderTableCell {TD} at (65,27) size 40x23 [border: (1px inset #808080)] [r=1 c=2 rs=1 cs=1]
                                                              RenderText {#text} at (2,2) size 8x19
                                                                text run at (2,2) width 8: "h"
                                                            RenderTableCell {TD} at (107,27) size 30x23 [border: (1px inset #808080)] [r=1 c=3 rs=1 cs=1]
                                                              RenderText {#text} at (2,2) size 3x19
                                                                text run at (2,2) width 3: "i"
                                                            RenderTableCell {TD} at (139,27) size 30x23 [border: (1px inset #808080)] [r=1 c=4 rs=1 cs=1]
                                                              RenderText {#text} at (2,2) size 3x19
                                                                text run at (2,2) width 3: "j"
                                                          RenderTableRow {TR} at (0,52) size 171x23
                                                            RenderTableCell {TD} at (2,52) size 29x23 [border: (1px inset #808080)] [r=2 c=0 rs=1 cs=1]
                                                              RenderText {#text} at (2,2) size 7x19
                                                                text run at (2,2) width 7: "k"
                                                            RenderTableCell {TD} at (33,52) size 30x23 [border: (1px inset #808080)] [r=2 c=1 rs=1 cs=1]
                                                              RenderText {#text} at (2,2) size 3x19
                                                                text run at (2,2) width 3: "l"
                                                            RenderTableCell {TD} at (65,52) size 40x23 [border: (1px inset #808080)] [r=2 c=2 rs=1 cs=1]
                                                              RenderText {#text} at (2,2) size 12x19
                                                                text run at (2,2) width 12: "m"
                                                            RenderTableCell {TD} at (107,52) size 30x23 [border: (1px inset #808080)] [r=2 c=3 rs=1 cs=1]
                                                              RenderText {#text} at (2,2) size 8x19
                                                                text run at (2,2) width 8: "n"
                                                            RenderTableCell {TD} at (139,52) size 30x23 [border: (1px inset #808080)] [r=2 c=4 rs=1 cs=1]
                                                              RenderText {#text} at (2,2) size 8x19
                                                                text run at (2,2) width 8: "o"
                                                          RenderTableRow {TR} at (0,77) size 171x23
                                                            RenderTableCell {TD} at (2,77) size 29x23 [border: (1px inset #808080)] [r=3 c=0 rs=1 cs=1]
                                                              RenderText {#text} at (2,2) size 8x19
                                                                text run at (2,2) width 8: "p"
                                                            RenderTableCell {TD} at (33,77) size 30x23 [border: (1px inset #808080)] [r=3 c=1 rs=1 cs=1]
                                                              RenderText {#text} at (2,2) size 8x19
                                                                text run at (2,2) width 8: "q"
                                                            RenderTableCell {TD} at (65,77) size 40x23 [border: (1px inset #808080)] [r=3 c=2 rs=1 cs=1]
                                                              RenderText {#text} at (2,2) size 5x19
                                                                text run at (2,2) width 5: "r"
                                                            RenderTableCell {TD} at (107,77) size 30x23 [border: (1px inset #808080)] [r=3 c=3 rs=1 cs=1]
                                                              RenderText {#text} at (2,2) size 7x19
                                                                text run at (2,2) width 7: "s"
                                                            RenderTableCell {TD} at (139,77) size 30x23 [border: (1px inset #808080)] [r=3 c=4 rs=1 cs=1]
                                                              RenderText {#text} at (2,2) size 4x19
                                                                text run at (2,2) width 4: "t"
                                                          RenderTableRow {TR} at (0,102) size 171x23
                                                            RenderTableCell {TD} at (2,102) size 29x23 [border: (1px inset #808080)] [r=4 c=0 rs=1 cs=1]
                                                              RenderText {#text} at (2,2) size 8x19
                                                                text run at (2,2) width 8: "u"
                                                            RenderTableCell {TD} at (33,102) size 30x23 [border: (1px inset #808080)] [r=4 c=1 rs=1 cs=1]
                                                              RenderText {#text} at (2,2) size 7x19
                                                                text run at (2,2) width 7: "v"
                                                            RenderTableCell {TD} at (65,102) size 40x23 [border: (1px inset #808080)] [r=4 c=2 rs=1 cs=1]
                                                              RenderText {#text} at (2,2) size 10x19
                                                                text run at (2,2) width 10: "w"
                                                            RenderTableCell {TD} at (107,102) size 30x23 [border: (1px inset #808080)] [r=4 c=3 rs=1 cs=1]
                                                              RenderText {#text} at (2,2) size 7x19
                                                                text run at (2,2) width 7: "x"
                                                            RenderTableCell {TD} at (139,102) size 30x23 [border: (1px inset #808080)] [r=4 c=4 rs=1 cs=1]
                                                              RenderText {#text} at (2,2) size 7x19
                                                                text run at (2,2) width 7: "y"
                                                      RenderBlock (anonymous) at (2,131) size 173x19
                                                        RenderText {#text} at (0,0) size 4x19
                                                          text run at (0,0) width 4: " "
                                                    RenderTableCell {TD} at (235,116) size 26x23 [border: (1px inset #808080)] [r=2 c=3 rs=1 cs=1]
                                                      RenderText {#text} at (2,2) size 8x19
                                                        text run at (2,2) width 8: "n"
                                                    RenderTableCell {TD} at (263,116) size 26x23 [border: (1px inset #808080)] [r=2 c=4 rs=1 cs=1]
                                                      RenderText {#text} at (2,2) size 8x19
                                                        text run at (2,2) width 8: "o"
                                                  RenderTableRow {TR} at (0,206) size 291x23
                                                    RenderTableCell {TD} at (2,206) size 25x23 [border: (1px inset #808080)] [r=3 c=0 rs=1 cs=1]
                                                      RenderText {#text} at (2,2) size 8x19
                                                        text run at (2,2) width 8: "p"
                                                    RenderTableCell {TD} at (29,206) size 25x23 [border: (1px inset #808080)] [r=3 c=1 rs=1 cs=1]
                                                      RenderText {#text} at (2,2) size 8x19
                                                        text run at (2,2) width 8: "q"
                                                    RenderTableCell {TD} at (56,206) size 177x23 [border: (1px inset #808080)] [r=3 c=2 rs=1 cs=1]
                                                      RenderText {#text} at (2,2) size 5x19
                                                        text run at (2,2) width 5: "r"
                                                    RenderTableCell {TD} at (235,206) size 26x23 [border: (1px inset #808080)] [r=3 c=3 rs=1 cs=1]
                                                      RenderText {#text} at (2,2) size 7x19
                                                        text run at (2,2) width 7: "s"
                                                    RenderTableCell {TD} at (263,206) size 26x23 [border: (1px inset #808080)] [r=3 c=4 rs=1 cs=1]
                                                      RenderText {#text} at (2,2) size 4x19
                                                        text run at (2,2) width 4: "t"
                                                  RenderTableRow {TR} at (0,231) size 291x23
                                                    RenderTableCell {TD} at (2,231) size 25x23 [border: (1px inset #808080)] [r=4 c=0 rs=1 cs=1]
                                                      RenderText {#text} at (2,2) size 8x19
                                                        text run at (2,2) width 8: "u"
                                                    RenderTableCell {TD} at (29,231) size 25x23 [border: (1px inset #808080)] [r=4 c=1 rs=1 cs=1]
                                                      RenderText {#text} at (2,2) size 7x19
                                                        text run at (2,2) width 7: "v"
                                                    RenderTableCell {TD} at (56,231) size 177x23 [border: (1px inset #808080)] [r=4 c=2 rs=1 cs=1]
                                                      RenderText {#text} at (2,2) size 10x19
                                                        text run at (2,2) width 10: "w"
                                                    RenderTableCell {TD} at (235,231) size 26x23 [border: (1px inset #808080)] [r=4 c=3 rs=1 cs=1]
                                                      RenderText {#text} at (2,2) size 7x19
                                                        text run at (2,2) width 7: "x"
                                                    RenderTableCell {TD} at (263,231) size 26x23 [border: (1px inset #808080)] [r=4 c=4 rs=1 cs=1]
                                                      RenderText {#text} at (2,2) size 7x19
                                                        text run at (2,2) width 7: "y"
                                              RenderBlock (anonymous) at (2,260) size 293x19
                                                RenderText {#text} at (0,0) size 4x19
                                                  text run at (0,0) width 4: " "
                                            RenderTableCell {TD} at (353,181) size 24x23 [border: (1px inset #808080)] [r=2 c=3 rs=1 cs=1]
                                              RenderText {#text} at (2,2) size 8x19
                                                text run at (2,2) width 8: "n"
                                            RenderTableCell {TD} at (379,181) size 25x23 [border: (1px inset #808080)] [r=2 c=4 rs=1 cs=1]
                                              RenderText {#text} at (2,2) size 8x19
                                                text run at (2,2) width 8: "o"
                                          RenderTableRow {TR} at (0,335) size 406x23
                                            RenderTableCell {TD} at (2,335) size 24x23 [border: (1px inset #808080)] [r=3 c=0 rs=1 cs=1]
                                              RenderText {#text} at (2,2) size 8x19
                                                text run at (2,2) width 8: "p"
                                            RenderTableCell {TD} at (28,335) size 24x23 [border: (1px inset #808080)] [r=3 c=1 rs=1 cs=1]
                                              RenderText {#text} at (2,2) size 8x19
                                                text run at (2,2) width 8: "q"
                                            RenderTableCell {TD} at (54,335) size 297x23 [border: (1px inset #808080)] [r=3 c=2 rs=1 cs=1]
                                              RenderText {#text} at (2,2) size 5x19
                                                text run at (2,2) width 5: "r"
                                            RenderTableCell {TD} at (353,335) size 24x23 [border: (1px inset #808080)] [r=3 c=3 rs=1 cs=1]
                                              RenderText {#text} at (2,2) size 7x19
                                                text run at (2,2) width 7: "s"
                                            RenderTableCell {TD} at (379,335) size 25x23 [border: (1px inset #808080)] [r=3 c=4 rs=1 cs=1]
                                              RenderText {#text} at (2,2) size 4x19
                                                text run at (2,2) width 4: "t"
                                          RenderTableRow {TR} at (0,360) size 406x23
                                            RenderTableCell {TD} at (2,360) size 24x23 [border: (1px inset #808080)] [r=4 c=0 rs=1 cs=1]
                                              RenderText {#text} at (2,2) size 8x19
                                                text run at (2,2) width 8: "u"
                                            RenderTableCell {TD} at (28,360) size 24x23 [border: (1px inset #808080)] [r=4 c=1 rs=1 cs=1]
                                              RenderText {#text} at (2,2) size 7x19
                                                text run at (2,2) width 7: "v"
                                            RenderTableCell {TD} at (54,360) size 297x23 [border: (1px inset #808080)] [r=4 c=2 rs=1 cs=1]
                                              RenderText {#text} at (2,2) size 10x19
                                                text run at (2,2) width 10: "w"
                                            RenderTableCell {TD} at (353,360) size 24x23 [border: (1px inset #808080)] [r=4 c=3 rs=1 cs=1]
                                              RenderText {#text} at (2,2) size 7x19
                                                text run at (2,2) width 7: "x"
                                            RenderTableCell {TD} at (379,360) size 25x23 [border: (1px inset #808080)] [r=4 c=4 rs=1 cs=1]
                                              RenderText {#text} at (2,2) size 7x19
                                                text run at (2,2) width 7: "y"
                                      RenderBlock (anonymous) at (2,389) size 408x19
                                        RenderText {#text} at (0,0) size 4x19
                                          text run at (0,0) width 4: " "
                                    RenderTableCell {TD} at (466,220) size 23x23 [border: (1px inset #808080)] [r=1 c=3 rs=1 cs=1]
                                      RenderText {#text} at (2,2) size 8x19
                                        text run at (2,2) width 8: "9"
                                    RenderTableCell {TD} at (491,220) size 24x23 [border: (1px inset #808080)] [r=1 c=4 rs=1 cs=1]
                                      RenderText {#text} at (2,2) size 8x19
                                        text run at (2,2) width 8: "0"
                                  RenderTableRow {TR} at (0,439) size 517x23
                                    RenderTableCell {TD} at (2,439) size 23x23 [border: (1px inset #808080)] [r=2 c=0 rs=1 cs=1]
                                      RenderText {#text} at (2,2) size 8x19
                                        text run at (2,2) width 8: "a"
                                    RenderTableCell {TD} at (27,439) size 23x23 [border: (1px inset #808080)] [r=2 c=1 rs=1 cs=1]
                                      RenderText {#text} at (2,2) size 8x19
                                        text run at (2,2) width 8: "b"
                                    RenderTableCell {TD} at (52,439) size 412x23 [border: (1px inset #808080)] [r=2 c=2 rs=1 cs=1]
                                      RenderText {#text} at (2,2) size 7x19
                                        text run at (2,2) width 7: "c"
                                    RenderTableCell {TD} at (466,439) size 23x23 [border: (1px inset #808080)] [r=2 c=3 rs=1 cs=1]
                                      RenderText {#text} at (2,2) size 8x19
                                        text run at (2,2) width 8: "d"
                                    RenderTableCell {TD} at (491,439) size 24x23 [border: (1px inset #808080)] [r=2 c=4 rs=1 cs=1]
                                      RenderText {#text} at (2,2) size 8x19
                                        text run at (2,2) width 8: "e"
                                  RenderTableRow {TR} at (0,464) size 517x23
                                    RenderTableCell {TD} at (2,464) size 23x23 [border: (1px inset #808080)] [r=3 c=0 rs=1 cs=1]
                                      RenderText {#text} at (2,2) size 4x19
                                        text run at (2,2) width 4: "f"
                                    RenderTableCell {TD} at (27,464) size 23x23 [border: (1px inset #808080)] [r=3 c=1 rs=1 cs=1]
                                      RenderText {#text} at (2,2) size 8x19
                                        text run at (2,2) width 8: "g"
                                    RenderTableCell {TD} at (52,464) size 412x23 [border: (1px inset #808080)] [r=3 c=2 rs=1 cs=1]
                                      RenderText {#text} at (2,2) size 8x19
                                        text run at (2,2) width 8: "h"
                                    RenderTableCell {TD} at (466,464) size 23x23 [border: (1px inset #808080)] [r=3 c=3 rs=1 cs=1]
                                      RenderText {#text} at (2,2) size 3x19
                                        text run at (2,2) width 3: "i"
                                    RenderTableCell {TD} at (491,464) size 24x23 [border: (1px inset #808080)] [r=3 c=4 rs=1 cs=1]
                                      RenderText {#text} at (2,2) size 3x19
                                        text run at (2,2) width 3: "j"
                                  RenderTableRow {TR} at (0,489) size 517x23
                                    RenderTableCell {TD} at (2,489) size 23x23 [border: (1px inset #808080)] [r=4 c=0 rs=1 cs=1]
                                      RenderText {#text} at (2,2) size 7x19
                                        text run at (2,2) width 7: "k"
                                    RenderTableCell {TD} at (27,489) size 23x23 [border: (1px inset #808080)] [r=4 c=1 rs=1 cs=1]
                                      RenderText {#text} at (2,2) size 3x19
                                        text run at (2,2) width 3: "l"
                                    RenderTableCell {TD} at (52,489) size 412x23 [border: (1px inset #808080)] [r=4 c=2 rs=1 cs=1]
                                      RenderText {#text} at (2,2) size 12x19
                                        text run at (2,2) width 12: "m"
                                    RenderTableCell {TD} at (466,489) size 23x23 [border: (1px inset #808080)] [r=4 c=3 rs=1 cs=1]
                                      RenderText {#text} at (2,2) size 8x19
                                        text run at (2,2) width 8: "n"
                                    RenderTableCell {TD} at (491,489) size 24x23 [border: (1px inset #808080)] [r=4 c=4 rs=1 cs=1]
                                      RenderText {#text} at (2,2) size 8x19
                                        text run at (2,2) width 8: "o"
                              RenderBlock (anonymous) at (2,518) size 519x19
                                RenderText {#text} at (0,0) size 4x19
                                  text run at (0,0) width 4: " "
                            RenderTableCell {TD} at (551,260) size 23x23 [border: (1px inset #808080)] [r=0 c=2 rs=1 cs=1]
                              RenderText {#text} at (2,2) size 8x19
                                text run at (2,2) width 8: "3"
                          RenderTableRow {TR} at (0,543) size 576x23
                            RenderTableCell {TD} at (2,543) size 22x23 [border: (1px inset #808080)] [r=1 c=0 rs=1 cs=1]
                              RenderText {#text} at (2,2) size 8x19
                                text run at (2,2) width 8: "4"
                            RenderTableCell {TD} at (26,543) size 523x23 [border: (1px inset #808080)] [r=1 c=1 rs=1 cs=1]
                              RenderText {#text} at (2,2) size 8x19
                                text run at (2,2) width 8: "5"
                            RenderTableCell {TD} at (551,543) size 23x23 [border: (1px inset #808080)] [r=1 c=2 rs=1 cs=1]
                              RenderText {#text} at (2,2) size 8x19
                                text run at (2,2) width 8: "6"
                          RenderTableRow {TR} at (0,568) size 576x23
                            RenderTableCell {TD} at (2,568) size 22x23 [border: (1px inset #808080)] [r=2 c=0 rs=1 cs=1]
                              RenderText {#text} at (2,2) size 8x19
                                text run at (2,2) width 8: "7"
                            RenderTableCell {TD} at (26,568) size 523x23 [border: (1px inset #808080)] [r=2 c=1 rs=1 cs=1]
                              RenderText {#text} at (2,2) size 8x19
                                text run at (2,2) width 8: "8"
                            RenderTableCell {TD} at (551,568) size 23x23 [border: (1px inset #808080)] [r=2 c=2 rs=1 cs=1]
                              RenderText {#text} at (2,2) size 8x19
                                text run at (2,2) width 8: "9"
                      RenderBlock (anonymous) at (1,596) size 578x19
                        RenderText {#text} at (0,0) size 4x19
                          text run at (0,0) width 4: " "
                    RenderTableCell {TD} at (604,322) size 19x21 [r=1 c=2 rs=1 cs=1]
                      RenderText {#text} at (1,1) size 8x19
                        text run at (1,1) width 8: "6"
                  RenderTableRow {TR} at (0,643) size 625x21
                    RenderTableCell {TD} at (2,643) size 18x21 [r=2 c=0 rs=1 cs=1]
                      RenderText {#text} at (1,1) size 8x19
                        text run at (1,1) width 8: "7"
                    RenderTableCell {TD} at (22,643) size 580x21 [r=2 c=1 rs=1 cs=1]
                      RenderText {#text} at (1,1) size 8x19
                        text run at (1,1) width 8: "8"
                    RenderTableCell {TD} at (604,643) size 19x21 [r=2 c=2 rs=1 cs=1]
                      RenderText {#text} at (1,1) size 8x19
                        text run at (1,1) width 8: "9"
              RenderBlock (anonymous) at (2,668) size 625x19
                RenderText {#text} at (0,0) size 4x19
                  text run at (0,0) width 4: " "
            RenderTableCell {TD} at (633,385) size 72x23 [border: (1px inset #808080)] [r=2 c=1 rs=1 cs=1]
              RenderText {#text} at (2,2) size 8x19
                text run at (2,2) width 8: "8"
            RenderTableCell {TD} at (707,385) size 73x23 [border: (1px inset #808080)] [r=2 c=2 rs=1 cs=1]
              RenderText {#text} at (2,2) size 8x19
                text run at (2,2) width 8: "9"
