layer at (0,0) size 800x2393
  RenderView at (0,0) size 800x600
layer at (0,0) size 800x2393
  RenderBlock {HTML} at (0,0) size 800x2393
    RenderBody {BODY} at (8,8) size 784x2371 [bgcolor=#FFDEAD]
      RenderBlock {H1} at (0,0) size 784x76
        RenderInline {FONT} at (0,0) size 432x76 [color=#FF0000]
          RenderText {#text} at (0,0) size 301x38
            text run at (0,0) width 301: "Acceptance Test Case"
          RenderBR {BR} at (301,28) size 0x0
          RenderText {#text} at (0,38) size 432x38
            text run at (0,38) width 432: "Web Browser: Web View (HTML)"
      RenderBlock {P} at (0,94) size 784x29
        RenderInline {FONT} at (0,0) size 315x28 [color=#FF0000]
          RenderInline {B} at (0,0) size 315x29
            RenderText {#text} at (0,0) size 315x29
              text run at (0,0) width 315: "Table: <TH> & <TD> ROWSPAN"
        RenderText {#text} at (0,0) size 0x0
      RenderBlock {HR} at (0,137) size 784x2 [border: (1px inset #000000)]
      RenderBlock (anonymous) at (0,146) size 784x59
        RenderText {#text} at (0,0) size 281x19
          text run at (0,0) width 281: "This acceptance test case tests the optional "
        RenderInline {B} at (0,0) size 35x20
          RenderText {#text} at (281,0) size 35x20
            text run at (281,0) width 35: "<TH>"
        RenderText {#text} at (316,0) size 17x19
          text run at (316,0) width 17: " & "
        RenderInline {B} at (0,0) size 35x20
          RenderText {#text} at (333,0) size 35x20
            text run at (333,0) width 35: "<TD>"
        RenderText {#text} at (368,0) size 28x19
          text run at (368,0) width 28: " tag "
        RenderInline {B} at (0,0) size 72x20
          RenderText {#text} at (396,0) size 72x20
            text run at (396,0) width 72: "ROWSPAN"
        RenderText {#text} at (468,0) size 780x39
          text run at (468,0) width 104: " attribute which, "
          text run at (572,0) width 208: "when placed in a table header or"
          text run at (0,20) width 495: "data tag, specifies how many rows the table header or data cell will span. The "
        RenderInline {B} at (0,0) size 72x20
          RenderText {#text} at (495,20) size 72x20
            text run at (495,20) width 72: "ROWSPAN"
        RenderText {#text} at (567,20) size 782x39
          text run at (567,20) width 215: " attribute is set to an integer value"
          text run at (0,40) width 390: "equal the number of rows the table header or data cell spans."
      RenderBlock {P} at (0,219) size 784x20
        RenderInline {B} at (0,0) size 122x20
          RenderText {#text} at (0,0) size 122x20
            text run at (0,0) width 122: "Test Instructions:"
        RenderText {#text} at (0,0) size 0x0
      RenderBlock {OL} at (0,253) size 784x255
        RenderListItem {LI} at (40,0) size 744x19
          RenderListMarker at (-20,0) size 16x19: "1"
          RenderText {#text} at (0,0) size 503x19
            text run at (0,0) width 503: "Verify that the sample text displays as stated in each of the following test cases:"
        RenderBlock {P} at (40,33) size 744x110
          RenderTable {TABLE} at (0,0) size 537x110 [bgcolor=#F08080]
            RenderTableSection {TBODY} at (0,0) size 537x110
              RenderTableRow {TR} at (0,2) size 537x34
                RenderTableCell {TD} at (2,2) size 99x33 [r=0 c=0 rs=1 cs=1]
                  RenderInline {A} at (0,0) size 85x19 [color=#0000EE]
                    RenderText {#text} at (7,7) size 85x19
                      text run at (7,7) width 85: "Test Case #1"
                RenderTableCell {TD} at (103,2) size 432x34 [r=0 c=1 rs=1 cs=1]
                  RenderInline {FONT} at (0,0) size 319x19 [color=#0000FF]
                    RenderInline {B} at (0,0) size 319x20
                      RenderText {#text} at (7,7) size 319x20
                        text run at (7,7) width 319: "table with header cells spanning multiple rows"
              RenderTableRow {TR} at (0,38) size 537x34
                RenderTableCell {TD} at (2,38) size 99x33 [r=1 c=0 rs=1 cs=1]
                  RenderInline {A} at (0,0) size 85x19 [color=#0000EE]
                    RenderText {#text} at (7,7) size 85x19
                      text run at (7,7) width 85: "Test Case #2"
                RenderTableCell {TD} at (103,38) size 432x34 [r=1 c=1 rs=1 cs=1]
                  RenderInline {FONT} at (0,0) size 302x19 [color=#0000FF]
                    RenderInline {B} at (0,0) size 302x20
                      RenderText {#text} at (7,7) size 302x20
                        text run at (7,7) width 302: "table with data cells spanning multiple rows"
              RenderTableRow {TR} at (0,74) size 537x34
                RenderTableCell {TD} at (2,74) size 99x33 [r=2 c=0 rs=1 cs=1]
                  RenderInline {A} at (0,0) size 85x19 [color=#0000EE]
                    RenderText {#text} at (7,7) size 85x19
                      text run at (7,7) width 85: "Test Case #3"
                RenderTableCell {TD} at (103,74) size 432x34 [r=2 c=1 rs=1 cs=1]
                  RenderInline {FONT} at (0,0) size 418x19 [color=#0000FF]
                    RenderInline {B} at (0,0) size 418x20
                      RenderText {#text} at (7,7) size 418x20
                        text run at (7,7) width 418: "table with nested header & data cells spanning multiple rows"
        RenderBlock {P} at (40,157) size 744x0
        RenderListItem {LI} at (40,157) size 744x20
          RenderListMarker at (-20,0) size 16x19: "2"
          RenderText {#text} at (0,0) size 280x19
            text run at (0,0) width 280: "Verify that the table is maintained when you "
          RenderInline {B} at (0,0) size 127x20
            RenderText {#text} at (280,0) size 127x20
              text run at (280,0) width 127: "minimize/maximize"
          RenderText {#text} at (407,0) size 75x19
            text run at (407,0) width 75: " the screen."
        RenderListItem {LI} at (40,177) size 744x20
          RenderListMarker at (-20,0) size 16x19: "3"
          RenderText {#text} at (0,0) size 280x19
            text run at (0,0) width 280: "Verify that the table is maintained when you "
          RenderInline {B} at (0,0) size 121x20
            RenderText {#text} at (280,0) size 121x20
              text run at (280,0) width 121: "re-size left & right"
          RenderText {#text} at (401,0) size 75x19
            text run at (401,0) width 75: " the screen."
        RenderListItem {LI} at (40,197) size 744x20
          RenderListMarker at (-20,0) size 16x19: "4"
          RenderText {#text} at (0,0) size 280x19
            text run at (0,0) width 280: "Verify that the table is maintained when you "
          RenderInline {B} at (0,0) size 139x20
            RenderText {#text} at (280,0) size 139x20
              text run at (280,0) width 139: "re-size top & bottom"
          RenderText {#text} at (419,0) size 75x19
            text run at (419,0) width 75: " the screen."
        RenderListItem {LI} at (40,217) size 744x19
          RenderListMarker at (-20,0) size 16x19: "5"
          RenderText {#text} at (0,0) size 406x19
            text run at (0,0) width 406: "Verify re-draw takes place correctly after maximizing the screen."
        RenderListItem {LI} at (40,236) size 744x19
          RenderListMarker at (-20,0) size 16x19: "6"
          RenderText {#text} at (0,0) size 125x19
            text run at (0,0) width 125: "Verify reload works."
      RenderBlock {HR} at (0,522) size 784x2 [border: (1px inset #000000)]
      RenderBlock {P} at (0,538) size 784x64
        RenderTable {TABLE} at (0,0) size 666x64 [bgcolor=#F08080] [border: (1px outset #808080)]
          RenderTableSection {TBODY} at (1,1) size 664x62
            RenderTableRow {TR} at (0,2) size 664x58
              RenderTableCell {TH} at (2,2) size 660x58 [border: (1px inset #808080)] [r=0 c=0 rs=1 cs=1]
                RenderInline {A} at (0,0) size 0x0
                RenderText {#text} at (11,11) size 97x20
                  text run at (11,11) width 97: "Test Case #1: "
                RenderInline {FONT} at (0,0) size 319x20 [color=#0000FF]
                  RenderText {#text} at (108,11) size 319x20
                    text run at (108,11) width 319: "table with header cells spanning multiple rows"
                RenderText {#text} at (427,11) size 4x20
                  text run at (427,11) width 4: " "
                RenderInline {FONT} at (0,0) size 627x33
                  RenderInline {I} at (0,0) size 627x33
                    RenderText {#text} at (431,14) size 627x33
                      text run at (431,14) width 207: "(using &ltTH ROWSPAN=integer value>"
                      text run at (11,31) width 21: "tag)"
                RenderText {#text} at (0,0) size 0x0
      RenderBlock {P} at (0,616) size 784x147
        RenderBlock (anonymous) at (0,0) size 784x19
          RenderBR {BR} at (0,0) size 0x19
        RenderTable {TABLE} at (0,19) size 705x128 [bgcolor=#FFD700] [border: (1px outset #808080)]
          RenderTableSection {TBODY} at (1,1) size 703x126
            RenderTableRow {TR} at (0,2) size 703x122
              RenderTableCell {TD} at (2,2) size 699x122 [border: (1px inset #808080)] [r=0 c=0 rs=1 cs=1]
                RenderInline {FONT} at (0,0) size 671x99 [color=#FF0000]
                  RenderInline {B} at (0,0) size 671x100
                    RenderText {#text} at (11,11) size 369x20
                      text run at (11,11) width 369: "In the following sample table you should see that the "
                    RenderInline {FONT} at (0,0) size 72x20 [color=#0000FF]
                      RenderText {#text} at (380,11) size 72x20
                        text run at (380,11) width 72: "ROWSPAN"
                    RenderText {#text} at (452,11) size 671x40
                      text run at (452,11) width 4: " "
                      text run at (456,11) width 226: "attribute applies an integer value"
                      text run at (11,31) width 223: "equal to the number of rows the "
                    RenderInline {FONT} at (0,0) size 58x20 [color=#0000FF]
                      RenderText {#text} at (234,31) size 58x20
                        text run at (234,31) width 58: "HEADER"
                    RenderText {#text} at (292,31) size 670x80
                      text run at (292,31) width 142: " cell is to span. This "
                      text run at (434,31) width 236: "tells the browser to make the table"
                      text run at (11,51) width 628: "header cell occupy the same vertical space as the integer number of cells specified in rows "
                      text run at (639,51) width 42: "above"
                      text run at (11,71) width 644: "or below it. The browser flows the contents of the spanning cell to occupy the entire spanned"
                      text run at (11,91) width 45: "space."
                RenderInline {B} at (0,0) size 0x0
      RenderBlock {P} at (0,777) size 784x38
        RenderBR {BR} at (0,0) size 0x19
        RenderBR {BR} at (0,19) size 0x19
      RenderBlock {UL} at (0,829) size 784x274
        RenderTable {TABLE} at (40,0) size 483x274 [border: (1px outset #808080)]
          RenderBlock {CAPTION} at (0,0) size 481x20
            RenderText {#text} at (103,0) size 40x19
              text run at (103,0) width 40: "Table "
            RenderInline {B} at (0,0) size 86x20
              RenderText {#text} at (143,0) size 86x20
                text run at (143,0) width 86: "Header Cells"
            RenderText {#text} at (229,0) size 149x19
              text run at (229,0) width 149: " spanning multiple rows"
          RenderTableSection {TBODY} at (1,21) size 481x252
            RenderTableRow {TR} at (0,2) size 481x23
              RenderTableCell {TH} at (2,4) size 105x44 [bgcolor=#FFE4C4] [border: (1px inset #808080)] [r=0 c=0 rs=2 cs=1]
                RenderText {#text} at (22,2) size 60x20
                  text run at (22,2) width 60: "Header 1"
                RenderBR {BR} at (82,16) size 0x0
                RenderText {#text} at (9,22) size 87x20
                  text run at (9,22) width 87: "span=2 rows"
              RenderTableCell {TD} at (109,2) size 39x23 [bgcolor=#EE82EE] [border: (1px inset #808080)] [r=0 c=1 rs=1 cs=1]
                RenderText {#text} at (2,2) size 30x19
                  text run at (2,2) width 30: "col 1"
              RenderTableCell {TD} at (150,2) size 39x23 [bgcolor=#EE82EE] [border: (1px inset #808080)] [r=0 c=2 rs=1 cs=1]
                RenderText {#text} at (2,2) size 30x19
                  text run at (2,2) width 30: "col 2"
              RenderTableCell {TD} at (191,2) size 39x23 [bgcolor=#EE82EE] [border: (1px inset #808080)] [r=0 c=3 rs=1 cs=1]
                RenderText {#text} at (2,2) size 30x19
                  text run at (2,2) width 30: "col 3"
              RenderTableCell {TD} at (232,2) size 39x23 [bgcolor=#EE82EE] [border: (1px inset #808080)] [r=0 c=4 rs=1 cs=1]
                RenderText {#text} at (2,2) size 30x19
                  text run at (2,2) width 30: "col 4"
              RenderTableCell {TD} at (273,2) size 39x23 [bgcolor=#EE82EE] [border: (1px inset #808080)] [r=0 c=5 rs=1 cs=1]
                RenderText {#text} at (2,2) size 30x19
                  text run at (2,2) width 30: "col 5"
              RenderTableCell {TD} at (314,2) size 39x23 [bgcolor=#EE82EE] [border: (1px inset #808080)] [r=0 c=6 rs=1 cs=1]
                RenderText {#text} at (2,2) size 30x19
                  text run at (2,2) width 30: "col 6"
              RenderTableCell {TD} at (355,2) size 40x23 [bgcolor=#EE82EE] [border: (1px inset #808080)] [r=0 c=7 rs=1 cs=1]
                RenderText {#text} at (2,2) size 30x19
                  text run at (2,2) width 30: "col 7"
              RenderTableCell {TD} at (397,2) size 40x23 [bgcolor=#EE82EE] [border: (1px inset #808080)] [r=0 c=8 rs=1 cs=1]
                RenderText {#text} at (2,2) size 30x19
                  text run at (2,2) width 30: "col 8"
              RenderTableCell {TD} at (439,2) size 40x23 [bgcolor=#EE82EE] [border: (1px inset #808080)] [r=0 c=9 rs=1 cs=1]
                RenderText {#text} at (2,2) size 30x19
                  text run at (2,2) width 30: "col 9"
            RenderTableRow {TR} at (0,27) size 481x23
              RenderTableCell {TD} at (109,27) size 39x23 [bgcolor=#EE82EE] [border: (1px inset #808080)] [r=1 c=1 rs=1 cs=1]
                RenderText {#text} at (2,2) size 30x19
                  text run at (2,2) width 30: "col 1"
              RenderTableCell {TD} at (150,27) size 39x23 [bgcolor=#EE82EE] [border: (1px inset #808080)] [r=1 c=2 rs=1 cs=1]
                RenderText {#text} at (2,2) size 30x19
                  text run at (2,2) width 30: "col 2"
              RenderTableCell {TD} at (191,27) size 39x23 [bgcolor=#EE82EE] [border: (1px inset #808080)] [r=1 c=3 rs=1 cs=1]
                RenderText {#text} at (2,2) size 30x19
                  text run at (2,2) width 30: "col 3"
              RenderTableCell {TD} at (232,27) size 39x23 [bgcolor=#EE82EE] [border: (1px inset #808080)] [r=1 c=4 rs=1 cs=1]
                RenderText {#text} at (2,2) size 30x19
                  text run at (2,2) width 30: "col 4"
              RenderTableCell {TD} at (273,27) size 39x23 [bgcolor=#EE82EE] [border: (1px inset #808080)] [r=1 c=5 rs=1 cs=1]
                RenderText {#text} at (2,2) size 30x19
                  text run at (2,2) width 30: "col 5"
              RenderTableCell {TD} at (314,27) size 39x23 [bgcolor=#EE82EE] [border: (1px inset #808080)] [r=1 c=6 rs=1 cs=1]
                RenderText {#text} at (2,2) size 30x19
                  text run at (2,2) width 30: "col 6"
              RenderTableCell {TD} at (355,27) size 40x23 [bgcolor=#EE82EE] [border: (1px inset #808080)] [r=1 c=7 rs=1 cs=1]
                RenderText {#text} at (2,2) size 30x19
                  text run at (2,2) width 30: "col 7"
              RenderTableCell {TD} at (397,27) size 40x23 [bgcolor=#EE82EE] [border: (1px inset #808080)] [r=1 c=8 rs=1 cs=1]
                RenderText {#text} at (2,2) size 30x19
                  text run at (2,2) width 30: "col 8"
              RenderTableCell {TD} at (439,27) size 40x23 [bgcolor=#EE82EE] [border: (1px inset #808080)] [r=1 c=9 rs=1 cs=1]
                RenderText {#text} at (2,2) size 30x19
                  text run at (2,2) width 30: "col 9"
            RenderTableRow {TR} at (0,52) size 481x23
              RenderTableCell {TH} at (2,91) size 105x44 [bgcolor=#FFE4C4] [border: (1px inset #808080)] [r=2 c=0 rs=5 cs=1]
                RenderText {#text} at (22,2) size 60x20
                  text run at (22,2) width 60: "Header 2"
                RenderBR {BR} at (82,16) size 0x0
                RenderText {#text} at (9,22) size 87x20
                  text run at (9,22) width 87: "span=5 rows"
              RenderTableCell {TD} at (109,52) size 39x23 [bgcolor=#90EE90] [border: (1px inset #808080)] [r=2 c=1 rs=1 cs=1]
                RenderText {#text} at (2,2) size 30x19
                  text run at (2,2) width 30: "col 1"
              RenderTableCell {TD} at (150,52) size 39x23 [bgcolor=#90EE90] [border: (1px inset #808080)] [r=2 c=2 rs=1 cs=1]
                RenderText {#text} at (2,2) size 30x19
                  text run at (2,2) width 30: "col 2"
              RenderTableCell {TD} at (191,52) size 39x23 [bgcolor=#90EE90] [border: (1px inset #808080)] [r=2 c=3 rs=1 cs=1]
                RenderText {#text} at (2,2) size 30x19
                  text run at (2,2) width 30: "col 3"
              RenderTableCell {TD} at (232,52) size 39x23 [bgcolor=#90EE90] [border: (1px inset #808080)] [r=2 c=4 rs=1 cs=1]
                RenderText {#text} at (2,2) size 30x19
                  text run at (2,2) width 30: "col 4"
              RenderTableCell {TD} at (273,52) size 39x23 [bgcolor=#90EE90] [border: (1px inset #808080)] [r=2 c=5 rs=1 cs=1]
                RenderText {#text} at (2,2) size 30x19
                  text run at (2,2) width 30: "col 5"
              RenderTableCell {TD} at (314,52) size 39x23 [bgcolor=#90EE90] [border: (1px inset #808080)] [r=2 c=6 rs=1 cs=1]
                RenderText {#text} at (2,2) size 30x19
                  text run at (2,2) width 30: "col 6"
              RenderTableCell {TD} at (355,52) size 40x23 [bgcolor=#90EE90] [border: (1px inset #808080)] [r=2 c=7 rs=1 cs=1]
                RenderText {#text} at (2,2) size 30x19
                  text run at (2,2) width 30: "col 7"
              RenderTableCell {TD} at (397,52) size 40x23 [bgcolor=#90EE90] [border: (1px inset #808080)] [r=2 c=8 rs=1 cs=1]
                RenderText {#text} at (2,2) size 30x19
                  text run at (2,2) width 30: "col 8"
              RenderTableCell {TD} at (439,52) size 40x23 [bgcolor=#90EE90] [border: (1px inset #808080)] [r=2 c=9 rs=1 cs=1]
                RenderText {#text} at (2,2) size 30x19
                  text run at (2,2) width 30: "col 9"
            RenderTableRow {TR} at (0,77) size 481x23
              RenderTableCell {TD} at (109,77) size 39x23 [bgcolor=#90EE90] [border: (1px inset #808080)] [r=3 c=1 rs=1 cs=1]
                RenderText {#text} at (2,2) size 30x19
                  text run at (2,2) width 30: "col 1"
              RenderTableCell {TD} at (150,77) size 39x23 [bgcolor=#90EE90] [border: (1px inset #808080)] [r=3 c=2 rs=1 cs=1]
                RenderText {#text} at (2,2) size 30x19
                  text run at (2,2) width 30: "col 2"
              RenderTableCell {TD} at (191,77) size 39x23 [bgcolor=#90EE90] [border: (1px inset #808080)] [r=3 c=3 rs=1 cs=1]
                RenderText {#text} at (2,2) size 30x19
                  text run at (2,2) width 30: "col 3"
              RenderTableCell {TD} at (232,77) size 39x23 [bgcolor=#90EE90] [border: (1px inset #808080)] [r=3 c=4 rs=1 cs=1]
                RenderText {#text} at (2,2) size 30x19
                  text run at (2,2) width 30: "col 4"
              RenderTableCell {TD} at (273,77) size 39x23 [bgcolor=#90EE90] [border: (1px inset #808080)] [r=3 c=5 rs=1 cs=1]
                RenderText {#text} at (2,2) size 30x19
                  text run at (2,2) width 30: "col 5"
              RenderTableCell {TD} at (314,77) size 39x23 [bgcolor=#90EE90] [border: (1px inset #808080)] [r=3 c=6 rs=1 cs=1]
                RenderText {#text} at (2,2) size 30x19
                  text run at (2,2) width 30: "col 6"
              RenderTableCell {TD} at (355,77) size 40x23 [bgcolor=#90EE90] [border: (1px inset #808080)] [r=3 c=7 rs=1 cs=1]
                RenderText {#text} at (2,2) size 30x19
                  text run at (2,2) width 30: "col 7"
              RenderTableCell {TD} at (397,77) size 40x23 [bgcolor=#90EE90] [border: (1px inset #808080)] [r=3 c=8 rs=1 cs=1]
                RenderText {#text} at (2,2) size 30x19
                  text run at (2,2) width 30: "col 8"
              RenderTableCell {TD} at (439,77) size 40x23 [bgcolor=#90EE90] [border: (1px inset #808080)] [r=3 c=9 rs=1 cs=1]
                RenderText {#text} at (2,2) size 30x19
                  text run at (2,2) width 30: "col 9"
            RenderTableRow {TR} at (0,102) size 481x23 [bgcolor=#FFE4C4]
              RenderTableCell {TD} at (109,102) size 39x23 [bgcolor=#90EE90] [border: (1px inset #808080)] [r=4 c=1 rs=1 cs=1]
                RenderText {#text} at (2,2) size 30x19
                  text run at (2,2) width 30: "col 1"
              RenderTableCell {TD} at (150,102) size 39x23 [bgcolor=#90EE90] [border: (1px inset #808080)] [r=4 c=2 rs=1 cs=1]
                RenderText {#text} at (2,2) size 30x19
                  text run at (2,2) width 30: "col 2"
              RenderTableCell {TD} at (191,102) size 39x23 [bgcolor=#90EE90] [border: (1px inset #808080)] [r=4 c=3 rs=1 cs=1]
                RenderText {#text} at (2,2) size 30x19
                  text run at (2,2) width 30: "col 3"
              RenderTableCell {TD} at (232,102) size 39x23 [bgcolor=#90EE90] [border: (1px inset #808080)] [r=4 c=4 rs=1 cs=1]
                RenderText {#text} at (2,2) size 30x19
                  text run at (2,2) width 30: "col 4"
              RenderTableCell {TD} at (273,102) size 39x23 [bgcolor=#90EE90] [border: (1px inset #808080)] [r=4 c=5 rs=1 cs=1]
                RenderText {#text} at (2,2) size 30x19
                  text run at (2,2) width 30: "col 5"
              RenderTableCell {TD} at (314,102) size 39x23 [bgcolor=#90EE90] [border: (1px inset #808080)] [r=4 c=6 rs=1 cs=1]
                RenderText {#text} at (2,2) size 30x19
                  text run at (2,2) width 30: "col 6"
              RenderTableCell {TD} at (355,102) size 40x23 [bgcolor=#90EE90] [border: (1px inset #808080)] [r=4 c=7 rs=1 cs=1]
                RenderText {#text} at (2,2) size 30x19
                  text run at (2,2) width 30: "col 7"
              RenderTableCell {TD} at (397,102) size 40x23 [bgcolor=#90EE90] [border: (1px inset #808080)] [r=4 c=8 rs=1 cs=1]
                RenderText {#text} at (2,2) size 30x19
                  text run at (2,2) width 30: "col 8"
              RenderTableCell {TD} at (439,102) size 40x23 [bgcolor=#90EE90] [border: (1px inset #808080)] [r=4 c=9 rs=1 cs=1]
                RenderText {#text} at (2,2) size 30x19
                  text run at (2,2) width 30: "col 9"
            RenderTableRow {TR} at (0,127) size 481x23
              RenderTableCell {TD} at (109,127) size 39x23 [bgcolor=#90EE90] [border: (1px inset #808080)] [r=5 c=1 rs=1 cs=1]
                RenderText {#text} at (2,2) size 30x19
                  text run at (2,2) width 30: "col 1"
              RenderTableCell {TD} at (150,127) size 39x23 [bgcolor=#90EE90] [border: (1px inset #808080)] [r=5 c=2 rs=1 cs=1]
                RenderText {#text} at (2,2) size 30x19
                  text run at (2,2) width 30: "col 2"
              RenderTableCell {TD} at (191,127) size 39x23 [bgcolor=#90EE90] [border: (1px inset #808080)] [r=5 c=3 rs=1 cs=1]
                RenderText {#text} at (2,2) size 30x19
                  text run at (2,2) width 30: "col 3"
              RenderTableCell {TD} at (232,127) size 39x23 [bgcolor=#90EE90] [border: (1px inset #808080)] [r=5 c=4 rs=1 cs=1]
                RenderText {#text} at (2,2) size 30x19
                  text run at (2,2) width 30: "col 4"
              RenderTableCell {TD} at (273,127) size 39x23 [bgcolor=#90EE90] [border: (1px inset #808080)] [r=5 c=5 rs=1 cs=1]
                RenderText {#text} at (2,2) size 30x19
                  text run at (2,2) width 30: "col 5"
              RenderTableCell {TD} at (314,127) size 39x23 [bgcolor=#90EE90] [border: (1px inset #808080)] [r=5 c=6 rs=1 cs=1]
                RenderText {#text} at (2,2) size 30x19
                  text run at (2,2) width 30: "col 6"
              RenderTableCell {TD} at (355,127) size 40x23 [bgcolor=#90EE90] [border: (1px inset #808080)] [r=5 c=7 rs=1 cs=1]
                RenderText {#text} at (2,2) size 30x19
                  text run at (2,2) width 30: "col 7"
              RenderTableCell {TD} at (397,127) size 40x23 [bgcolor=#90EE90] [border: (1px inset #808080)] [r=5 c=8 rs=1 cs=1]
                RenderText {#text} at (2,2) size 30x19
                  text run at (2,2) width 30: "col 8"
              RenderTableCell {TD} at (439,127) size 40x23 [bgcolor=#90EE90] [border: (1px inset #808080)] [r=5 c=9 rs=1 cs=1]
                RenderText {#text} at (2,2) size 30x19
                  text run at (2,2) width 30: "col 9"
            RenderTableRow {TR} at (0,152) size 481x23
              RenderTableCell {TD} at (109,152) size 39x23 [bgcolor=#90EE90] [border: (1px inset #808080)] [r=6 c=1 rs=1 cs=1]
                RenderText {#text} at (2,2) size 30x19
                  text run at (2,2) width 30: "col 1"
              RenderTableCell {TD} at (150,152) size 39x23 [bgcolor=#90EE90] [border: (1px inset #808080)] [r=6 c=2 rs=1 cs=1]
                RenderText {#text} at (2,2) size 30x19
                  text run at (2,2) width 30: "col 2"
              RenderTableCell {TD} at (191,152) size 39x23 [bgcolor=#90EE90] [border: (1px inset #808080)] [r=6 c=3 rs=1 cs=1]
                RenderText {#text} at (2,2) size 30x19
                  text run at (2,2) width 30: "col 3"
              RenderTableCell {TD} at (232,152) size 39x23 [bgcolor=#90EE90] [border: (1px inset #808080)] [r=6 c=4 rs=1 cs=1]
                RenderText {#text} at (2,2) size 30x19
                  text run at (2,2) width 30: "col 4"
              RenderTableCell {TD} at (273,152) size 39x23 [bgcolor=#90EE90] [border: (1px inset #808080)] [r=6 c=5 rs=1 cs=1]
                RenderText {#text} at (2,2) size 30x19
                  text run at (2,2) width 30: "col 5"
              RenderTableCell {TD} at (314,152) size 39x23 [bgcolor=#90EE90] [border: (1px inset #808080)] [r=6 c=6 rs=1 cs=1]
                RenderText {#text} at (2,2) size 30x19
                  text run at (2,2) width 30: "col 6"
              RenderTableCell {TD} at (355,152) size 40x23 [bgcolor=#90EE90] [border: (1px inset #808080)] [r=6 c=7 rs=1 cs=1]
                RenderText {#text} at (2,2) size 30x19
                  text run at (2,2) width 30: "col 7"
              RenderTableCell {TD} at (397,152) size 40x23 [bgcolor=#90EE90] [border: (1px inset #808080)] [r=6 c=8 rs=1 cs=1]
                RenderText {#text} at (2,2) size 30x19
                  text run at (2,2) width 30: "col 8"
              RenderTableCell {TD} at (439,152) size 40x23 [bgcolor=#90EE90] [border: (1px inset #808080)] [r=6 c=9 rs=1 cs=1]
                RenderText {#text} at (2,2) size 30x19
                  text run at (2,2) width 30: "col 9"
            RenderTableRow {TR} at (0,177) size 481x23
              RenderTableCell {TH} at (2,191) size 105x44 [bgcolor=#FFE4C4] [border: (1px inset #808080)] [r=7 c=0 rs=3 cs=1]
                RenderText {#text} at (22,2) size 60x20
                  text run at (22,2) width 60: "Header 3"
                RenderBR {BR} at (82,16) size 0x0
                RenderText {#text} at (9,22) size 87x20
                  text run at (9,22) width 87: "span=3 rows"
              RenderTableCell {TD} at (109,177) size 39x23 [bgcolor=#ADD8E6] [border: (1px inset #808080)] [r=7 c=1 rs=1 cs=1]
                RenderText {#text} at (2,2) size 30x19
                  text run at (2,2) width 30: "col 1"
              RenderTableCell {TD} at (150,177) size 39x23 [bgcolor=#ADD8E6] [border: (1px inset #808080)] [r=7 c=2 rs=1 cs=1]
                RenderText {#text} at (2,2) size 30x19
                  text run at (2,2) width 30: "col 2"
              RenderTableCell {TD} at (191,177) size 39x23 [bgcolor=#ADD8E6] [border: (1px inset #808080)] [r=7 c=3 rs=1 cs=1]
                RenderText {#text} at (2,2) size 30x19
                  text run at (2,2) width 30: "col 3"
              RenderTableCell {TD} at (232,177) size 39x23 [bgcolor=#ADD8E6] [border: (1px inset #808080)] [r=7 c=4 rs=1 cs=1]
                RenderText {#text} at (2,2) size 30x19
                  text run at (2,2) width 30: "col 4"
              RenderTableCell {TD} at (273,177) size 39x23 [bgcolor=#ADD8E6] [border: (1px inset #808080)] [r=7 c=5 rs=1 cs=1]
                RenderText {#text} at (2,2) size 30x19
                  text run at (2,2) width 30: "col 5"
              RenderTableCell {TD} at (314,177) size 39x23 [bgcolor=#ADD8E6] [border: (1px inset #808080)] [r=7 c=6 rs=1 cs=1]
                RenderText {#text} at (2,2) size 30x19
                  text run at (2,2) width 30: "col 6"
              RenderTableCell {TD} at (355,177) size 40x23 [bgcolor=#ADD8E6] [border: (1px inset #808080)] [r=7 c=7 rs=1 cs=1]
                RenderText {#text} at (2,2) size 30x19
                  text run at (2,2) width 30: "col 7"
              RenderTableCell {TD} at (397,177) size 40x23 [bgcolor=#ADD8E6] [border: (1px inset #808080)] [r=7 c=8 rs=1 cs=1]
                RenderText {#text} at (2,2) size 30x19
                  text run at (2,2) width 30: "col 8"
              RenderTableCell {TD} at (439,177) size 40x23 [bgcolor=#ADD8E6] [border: (1px inset #808080)] [r=7 c=9 rs=1 cs=1]
                RenderText {#text} at (2,2) size 30x19
                  text run at (2,2) width 30: "col 9"
            RenderTableRow {TR} at (0,202) size 481x23
              RenderTableCell {TD} at (109,202) size 39x23 [bgcolor=#ADD8E6] [border: (1px inset #808080)] [r=8 c=1 rs=1 cs=1]
                RenderText {#text} at (2,2) size 30x19
                  text run at (2,2) width 30: "col 1"
              RenderTableCell {TD} at (150,202) size 39x23 [bgcolor=#ADD8E6] [border: (1px inset #808080)] [r=8 c=2 rs=1 cs=1]
                RenderText {#text} at (2,2) size 30x19
                  text run at (2,2) width 30: "col 2"
              RenderTableCell {TD} at (191,202) size 39x23 [bgcolor=#ADD8E6] [border: (1px inset #808080)] [r=8 c=3 rs=1 cs=1]
                RenderText {#text} at (2,2) size 30x19
                  text run at (2,2) width 30: "col 3"
              RenderTableCell {TD} at (232,202) size 39x23 [bgcolor=#ADD8E6] [border: (1px inset #808080)] [r=8 c=4 rs=1 cs=1]
                RenderText {#text} at (2,2) size 30x19
                  text run at (2,2) width 30: "col 4"
              RenderTableCell {TD} at (273,202) size 39x23 [bgcolor=#ADD8E6] [border: (1px inset #808080)] [r=8 c=5 rs=1 cs=1]
                RenderText {#text} at (2,2) size 30x19
                  text run at (2,2) width 30: "col 5"
              RenderTableCell {TD} at (314,202) size 39x23 [bgcolor=#ADD8E6] [border: (1px inset #808080)] [r=8 c=6 rs=1 cs=1]
                RenderText {#text} at (2,2) size 30x19
                  text run at (2,2) width 30: "col 6"
              RenderTableCell {TD} at (355,202) size 40x23 [bgcolor=#ADD8E6] [border: (1px inset #808080)] [r=8 c=7 rs=1 cs=1]
                RenderText {#text} at (2,2) size 30x19
                  text run at (2,2) width 30: "col 7"
              RenderTableCell {TD} at (397,202) size 40x23 [bgcolor=#ADD8E6] [border: (1px inset #808080)] [r=8 c=8 rs=1 cs=1]
                RenderText {#text} at (2,2) size 30x19
                  text run at (2,2) width 30: "col 8"
              RenderTableCell {TD} at (439,202) size 40x23 [bgcolor=#ADD8E6] [border: (1px inset #808080)] [r=8 c=9 rs=1 cs=1]
                RenderText {#text} at (2,2) size 30x19
                  text run at (2,2) width 30: "col 9"
            RenderTableRow {TR} at (0,227) size 481x23
              RenderTableCell {TD} at (109,227) size 39x23 [bgcolor=#ADD8E6] [border: (1px inset #808080)] [r=9 c=1 rs=1 cs=1]
                RenderText {#text} at (2,2) size 30x19
                  text run at (2,2) width 30: "col 1"
              RenderTableCell {TD} at (150,227) size 39x23 [bgcolor=#ADD8E6] [border: (1px inset #808080)] [r=9 c=2 rs=1 cs=1]
                RenderText {#text} at (2,2) size 30x19
                  text run at (2,2) width 30: "col 2"
              RenderTableCell {TD} at (191,227) size 39x23 [bgcolor=#ADD8E6] [border: (1px inset #808080)] [r=9 c=3 rs=1 cs=1]
                RenderText {#text} at (2,2) size 30x19
                  text run at (2,2) width 30: "col 3"
              RenderTableCell {TD} at (232,227) size 39x23 [bgcolor=#ADD8E6] [border: (1px inset #808080)] [r=9 c=4 rs=1 cs=1]
                RenderText {#text} at (2,2) size 30x19
                  text run at (2,2) width 30: "col 4"
              RenderTableCell {TD} at (273,227) size 39x23 [bgcolor=#ADD8E6] [border: (1px inset #808080)] [r=9 c=5 rs=1 cs=1]
                RenderText {#text} at (2,2) size 30x19
                  text run at (2,2) width 30: "col 5"
              RenderTableCell {TD} at (314,227) size 39x23 [bgcolor=#ADD8E6] [border: (1px inset #808080)] [r=9 c=6 rs=1 cs=1]
                RenderText {#text} at (2,2) size 30x19
                  text run at (2,2) width 30: "col 6"
              RenderTableCell {TD} at (355,227) size 40x23 [bgcolor=#ADD8E6] [border: (1px inset #808080)] [r=9 c=7 rs=1 cs=1]
                RenderText {#text} at (2,2) size 30x19
                  text run at (2,2) width 30: "col 7"
              RenderTableCell {TD} at (397,227) size 40x23 [bgcolor=#ADD8E6] [border: (1px inset #808080)] [r=9 c=8 rs=1 cs=1]
                RenderText {#text} at (2,2) size 30x19
                  text run at (2,2) width 30: "col 8"
              RenderTableCell {TD} at (439,227) size 40x23 [bgcolor=#ADD8E6] [border: (1px inset #808080)] [r=9 c=9 rs=1 cs=1]
                RenderText {#text} at (2,2) size 30x19
                  text run at (2,2) width 30: "col 9"
      RenderBlock {P} at (0,1117) size 784x0
      RenderBlock {HR} at (0,1117) size 784x2 [border: (1px inset #000000)]
      RenderBlock {P} at (0,1133) size 784x48
        RenderTable {TABLE} at (0,0) size 666x48 [bgcolor=#F08080] [border: (1px outset #808080)]
          RenderTableSection {TBODY} at (1,1) size 664x46
            RenderTableRow {TR} at (0,2) size 664x42
              RenderTableCell {TH} at (2,2) size 660x42 [border: (1px inset #808080)] [r=0 c=0 rs=1 cs=1]
                RenderInline {A} at (0,0) size 0x0
                RenderText {#text} at (11,11) size 97x20
                  text run at (11,11) width 97: "Test Case #2: "
                RenderInline {FONT} at (0,0) size 302x20 [color=#0000FF]
                  RenderText {#text} at (108,11) size 302x20
                    text run at (108,11) width 302: "table with data cells spanning multiple rows"
                RenderText {#text} at (410,11) size 4x20
                  text run at (410,11) width 4: " "
                RenderInline {FONT} at (0,0) size 231x16
                  RenderInline {I} at (0,0) size 231x16
                    RenderText {#text} at (414,14) size 231x16
                      text run at (414,14) width 231: "(using &ltTD ROWSPAN=integer value> tag)"
                RenderText {#text} at (0,0) size 0x0
      RenderBlock {P} at (0,1195) size 784x127
        RenderBlock (anonymous) at (0,0) size 784x19
          RenderBR {BR} at (0,0) size 0x19
        RenderTable {TABLE} at (0,19) size 705x108 [bgcolor=#FFD700] [border: (1px outset #808080)]
          RenderTableSection {TBODY} at (1,1) size 703x106
            RenderTableRow {TR} at (0,2) size 703x102
              RenderTableCell {TD} at (2,2) size 699x102 [border: (1px inset #808080)] [r=0 c=0 rs=1 cs=1]
                RenderInline {FONT} at (0,0) size 675x79 [color=#FF0000]
                  RenderInline {B} at (0,0) size 675x80
                    RenderText {#text} at (11,11) size 369x20
                      text run at (11,11) width 369: "In the following sample table you should see that the "
                    RenderInline {FONT} at (0,0) size 72x20 [color=#0000FF]
                      RenderText {#text} at (380,11) size 72x20
                        text run at (380,11) width 72: "ROWSPAN"
                    RenderText {#text} at (452,11) size 671x40
                      text run at (452,11) width 4: " "
                      text run at (456,11) width 226: "attribute applies an integer value"
                      text run at (11,31) width 223: "equal to the number of rows the "
                    RenderInline {FONT} at (0,0) size 39x20 [color=#0000FF]
                      RenderText {#text} at (234,31) size 39x20
                        text run at (234,31) width 39: "DATA"
                    RenderText {#text} at (273,31) size 675x60
                      text run at (273,31) width 142: " cell is to span. This "
                      text run at (415,31) width 270: "tells the browser to make the table data"
                      text run at (11,51) width 577: "cell occupy the same vertical space as the integer number of cells specified in rows "
                      text run at (588,51) width 60: "above or"
                      text run at (11,71) width 675: "below it. The browser flows the contents of the spanning cell to occupy the entire spanned space."
                RenderInline {B} at (0,0) size 0x0
      RenderBlock {P} at (0,1336) size 784x38
        RenderBR {BR} at (0,0) size 0x19
        RenderBR {BR} at (0,19) size 0x19
      RenderBlock {UL} at (0,1388) size 784x284
        RenderTable {TABLE} at (40,0) size 483x284 [border: (1px outset #808080)]
          RenderBlock {CAPTION} at (0,0) size 481x20
            RenderText {#text} at (111,0) size 40x19
              text run at (111,0) width 40: "Table "
            RenderInline {B} at (0,0) size 69x20
              RenderText {#text} at (151,0) size 69x20
                text run at (151,0) width 69: "Data Cells"
            RenderText {#text} at (220,0) size 149x19
              text run at (220,0) width 149: " spanning multiple rows"
          RenderTableSection {TBODY} at (1,21) size 481x262
            RenderTableRow {TR} at (0,2) size 481x24
              RenderTableCell {TH} at (2,2) size 41x24 [bgcolor=#EE82EE] [border: (1px inset #808080)] [r=0 c=0 rs=1 cs=1]
                RenderText {#text} at (3,2) size 35x20
                  text run at (3,2) width 35: "Head"
              RenderTableCell {TD} at (45,6) size 90x42 [bgcolor=#FFFACD] [border: (1px inset #808080)] [r=0 c=1 rs=2 cs=1]
                RenderText {#text} at (2,2) size 42x19
                  text run at (2,2) width 42: "Data 1"
                RenderBR {BR} at (44,16) size 0x0
                RenderText {#text} at (2,21) size 81x19
                  text run at (2,21) width 81: "span=2 rows"
              RenderTableCell {TD} at (137,2) size 36x23 [bgcolor=#EE82EE] [border: (1px inset #808080)] [r=0 c=2 rs=1 cs=1]
                RenderText {#text} at (2,2) size 30x19
                  text run at (2,2) width 30: "col 1"
              RenderTableCell {TD} at (175,2) size 36x23 [bgcolor=#EE82EE] [border: (1px inset #808080)] [r=0 c=3 rs=1 cs=1]
                RenderText {#text} at (2,2) size 30x19
                  text run at (2,2) width 30: "col 2"
              RenderTableCell {TD} at (213,2) size 36x23 [bgcolor=#EE82EE] [border: (1px inset #808080)] [r=0 c=4 rs=1 cs=1]
                RenderText {#text} at (2,2) size 30x19
                  text run at (2,2) width 30: "col 3"
              RenderTableCell {TD} at (251,2) size 36x23 [bgcolor=#EE82EE] [border: (1px inset #808080)] [r=0 c=5 rs=1 cs=1]
                RenderText {#text} at (2,2) size 30x19
                  text run at (2,2) width 30: "col 4"
              RenderTableCell {TD} at (289,2) size 36x23 [bgcolor=#EE82EE] [border: (1px inset #808080)] [r=0 c=6 rs=1 cs=1]
                RenderText {#text} at (2,2) size 30x19
                  text run at (2,2) width 30: "col 5"
              RenderTableCell {TD} at (327,2) size 36x23 [bgcolor=#EE82EE] [border: (1px inset #808080)] [r=0 c=7 rs=1 cs=1]
                RenderText {#text} at (2,2) size 30x19
                  text run at (2,2) width 30: "col 6"
              RenderTableCell {TD} at (365,2) size 36x23 [bgcolor=#EE82EE] [border: (1px inset #808080)] [r=0 c=8 rs=1 cs=1]
                RenderText {#text} at (2,2) size 30x19
                  text run at (2,2) width 30: "col 7"
              RenderTableCell {TD} at (403,2) size 37x23 [bgcolor=#EE82EE] [border: (1px inset #808080)] [r=0 c=9 rs=1 cs=1]
                RenderText {#text} at (2,2) size 30x19
                  text run at (2,2) width 30: "col 8"
              RenderTableCell {TD} at (442,2) size 37x23 [bgcolor=#EE82EE] [border: (1px inset #808080)] [r=0 c=10 rs=1 cs=1]
                RenderText {#text} at (2,2) size 30x19
                  text run at (2,2) width 30: "col 9"
            RenderTableRow {TR} at (0,28) size 481x24
              RenderTableCell {TH} at (2,28) size 41x24 [bgcolor=#EE82EE] [border: (1px inset #808080)] [r=1 c=0 rs=1 cs=1]
                RenderText {#text} at (3,2) size 35x20
                  text run at (3,2) width 35: "Head"
              RenderTableCell {TD} at (137,28) size 36x23 [bgcolor=#EE82EE] [border: (1px inset #808080)] [r=1 c=2 rs=1 cs=1]
                RenderText {#text} at (2,2) size 30x19
                  text run at (2,2) width 30: "col 1"
              RenderTableCell {TD} at (175,28) size 36x23 [bgcolor=#EE82EE] [border: (1px inset #808080)] [r=1 c=3 rs=1 cs=1]
                RenderText {#text} at (2,2) size 30x19
                  text run at (2,2) width 30: "col 2"
              RenderTableCell {TD} at (213,28) size 36x23 [bgcolor=#EE82EE] [border: (1px inset #808080)] [r=1 c=4 rs=1 cs=1]
                RenderText {#text} at (2,2) size 30x19
                  text run at (2,2) width 30: "col 3"
              RenderTableCell {TD} at (251,28) size 36x23 [bgcolor=#EE82EE] [border: (1px inset #808080)] [r=1 c=5 rs=1 cs=1]
                RenderText {#text} at (2,2) size 30x19
                  text run at (2,2) width 30: "col 4"
              RenderTableCell {TD} at (289,28) size 36x23 [bgcolor=#EE82EE] [border: (1px inset #808080)] [r=1 c=6 rs=1 cs=1]
                RenderText {#text} at (2,2) size 30x19
                  text run at (2,2) width 30: "col 5"
              RenderTableCell {TD} at (327,28) size 36x23 [bgcolor=#EE82EE] [border: (1px inset #808080)] [r=1 c=7 rs=1 cs=1]
                RenderText {#text} at (2,2) size 30x19
                  text run at (2,2) width 30: "col 6"
              RenderTableCell {TD} at (365,28) size 36x23 [bgcolor=#EE82EE] [border: (1px inset #808080)] [r=1 c=8 rs=1 cs=1]
                RenderText {#text} at (2,2) size 30x19
                  text run at (2,2) width 30: "col 7"
              RenderTableCell {TD} at (403,28) size 37x23 [bgcolor=#EE82EE] [border: (1px inset #808080)] [r=1 c=9 rs=1 cs=1]
                RenderText {#text} at (2,2) size 30x19
                  text run at (2,2) width 30: "col 8"
              RenderTableCell {TD} at (442,28) size 37x23 [bgcolor=#EE82EE] [border: (1px inset #808080)] [r=1 c=10 rs=1 cs=1]
                RenderText {#text} at (2,2) size 30x19
                  text run at (2,2) width 30: "col 9"
            RenderTableRow {TR} at (0,54) size 481x24
              RenderTableCell {TH} at (2,54) size 41x24 [bgcolor=#90EE90] [border: (1px inset #808080)] [r=2 c=0 rs=1 cs=1]
                RenderText {#text} at (3,2) size 35x20
                  text run at (3,2) width 35: "Head"
              RenderTableCell {TD} at (45,97) size 90x42 [bgcolor=#FFFACD] [border: (1px inset #808080)] [r=2 c=1 rs=5 cs=1]
                RenderText {#text} at (2,2) size 42x19
                  text run at (2,2) width 42: "Data 2"
                RenderBR {BR} at (44,16) size 0x0
                RenderText {#text} at (2,21) size 81x19
                  text run at (2,21) width 81: "span=5 rows"
              RenderTableCell {TD} at (137,54) size 36x23 [bgcolor=#90EE90] [border: (1px inset #808080)] [r=2 c=2 rs=1 cs=1]
                RenderText {#text} at (2,2) size 30x19
                  text run at (2,2) width 30: "col 1"
              RenderTableCell {TD} at (175,54) size 36x23 [bgcolor=#90EE90] [border: (1px inset #808080)] [r=2 c=3 rs=1 cs=1]
                RenderText {#text} at (2,2) size 30x19
                  text run at (2,2) width 30: "col 2"
              RenderTableCell {TD} at (213,54) size 36x23 [bgcolor=#90EE90] [border: (1px inset #808080)] [r=2 c=4 rs=1 cs=1]
                RenderText {#text} at (2,2) size 30x19
                  text run at (2,2) width 30: "col 3"
              RenderTableCell {TD} at (251,54) size 36x23 [bgcolor=#90EE90] [border: (1px inset #808080)] [r=2 c=5 rs=1 cs=1]
                RenderText {#text} at (2,2) size 30x19
                  text run at (2,2) width 30: "col 4"
              RenderTableCell {TD} at (289,54) size 36x23 [bgcolor=#90EE90] [border: (1px inset #808080)] [r=2 c=6 rs=1 cs=1]
                RenderText {#text} at (2,2) size 30x19
                  text run at (2,2) width 30: "col 5"
              RenderTableCell {TD} at (327,54) size 36x23 [bgcolor=#90EE90] [border: (1px inset #808080)] [r=2 c=7 rs=1 cs=1]
                RenderText {#text} at (2,2) size 30x19
                  text run at (2,2) width 30: "col 6"
              RenderTableCell {TD} at (365,54) size 36x23 [bgcolor=#90EE90] [border: (1px inset #808080)] [r=2 c=8 rs=1 cs=1]
                RenderText {#text} at (2,2) size 30x19
                  text run at (2,2) width 30: "col 7"
              RenderTableCell {TD} at (403,54) size 37x23 [bgcolor=#90EE90] [border: (1px inset #808080)] [r=2 c=9 rs=1 cs=1]
                RenderText {#text} at (2,2) size 30x19
                  text run at (2,2) width 30: "col 8"
              RenderTableCell {TD} at (442,54) size 37x23 [bgcolor=#90EE90] [border: (1px inset #808080)] [r=2 c=10 rs=1 cs=1]
                RenderText {#text} at (2,2) size 30x19
                  text run at (2,2) width 30: "col 9"
            RenderTableRow {TR} at (0,80) size 481x24
              RenderTableCell {TH} at (2,80) size 41x24 [bgcolor=#90EE90] [border: (1px inset #808080)] [r=3 c=0 rs=1 cs=1]
                RenderText {#text} at (3,2) size 35x20
                  text run at (3,2) width 35: "Head"
              RenderTableCell {TD} at (137,80) size 36x23 [bgcolor=#90EE90] [border: (1px inset #808080)] [r=3 c=2 rs=1 cs=1]
                RenderText {#text} at (2,2) size 30x19
                  text run at (2,2) width 30: "col 1"
              RenderTableCell {TD} at (175,80) size 36x23 [bgcolor=#90EE90] [border: (1px inset #808080)] [r=3 c=3 rs=1 cs=1]
                RenderText {#text} at (2,2) size 30x19
                  text run at (2,2) width 30: "col 2"
              RenderTableCell {TD} at (213,80) size 36x23 [bgcolor=#90EE90] [border: (1px inset #808080)] [r=3 c=4 rs=1 cs=1]
                RenderText {#text} at (2,2) size 30x19
                  text run at (2,2) width 30: "col 3"
              RenderTableCell {TD} at (251,80) size 36x23 [bgcolor=#90EE90] [border: (1px inset #808080)] [r=3 c=5 rs=1 cs=1]
                RenderText {#text} at (2,2) size 30x19
                  text run at (2,2) width 30: "col 4"
              RenderTableCell {TD} at (289,80) size 36x23 [bgcolor=#90EE90] [border: (1px inset #808080)] [r=3 c=6 rs=1 cs=1]
                RenderText {#text} at (2,2) size 30x19
                  text run at (2,2) width 30: "col 5"
              RenderTableCell {TD} at (327,80) size 36x23 [bgcolor=#90EE90] [border: (1px inset #808080)] [r=3 c=7 rs=1 cs=1]
                RenderText {#text} at (2,2) size 30x19
                  text run at (2,2) width 30: "col 6"
              RenderTableCell {TD} at (365,80) size 36x23 [bgcolor=#90EE90] [border: (1px inset #808080)] [r=3 c=8 rs=1 cs=1]
                RenderText {#text} at (2,2) size 30x19
                  text run at (2,2) width 30: "col 7"
              RenderTableCell {TD} at (403,80) size 37x23 [bgcolor=#90EE90] [border: (1px inset #808080)] [r=3 c=9 rs=1 cs=1]
                RenderText {#text} at (2,2) size 30x19
                  text run at (2,2) width 30: "col 8"
              RenderTableCell {TD} at (442,80) size 37x23 [bgcolor=#90EE90] [border: (1px inset #808080)] [r=3 c=10 rs=1 cs=1]
                RenderText {#text} at (2,2) size 30x19
                  text run at (2,2) width 30: "col 9"
            RenderTableRow {TR} at (0,106) size 481x24
              RenderTableCell {TH} at (2,106) size 41x24 [bgcolor=#90EE90] [border: (1px inset #808080)] [r=4 c=0 rs=1 cs=1]
                RenderText {#text} at (3,2) size 35x20
                  text run at (3,2) width 35: "Head"
              RenderTableCell {TD} at (137,106) size 36x23 [bgcolor=#90EE90] [border: (1px inset #808080)] [r=4 c=2 rs=1 cs=1]
                RenderText {#text} at (2,2) size 30x19
                  text run at (2,2) width 30: "col 1"
              RenderTableCell {TD} at (175,106) size 36x23 [bgcolor=#90EE90] [border: (1px inset #808080)] [r=4 c=3 rs=1 cs=1]
                RenderText {#text} at (2,2) size 30x19
                  text run at (2,2) width 30: "col 2"
              RenderTableCell {TD} at (213,106) size 36x23 [bgcolor=#90EE90] [border: (1px inset #808080)] [r=4 c=4 rs=1 cs=1]
                RenderText {#text} at (2,2) size 30x19
                  text run at (2,2) width 30: "col 3"
              RenderTableCell {TD} at (251,106) size 36x23 [bgcolor=#90EE90] [border: (1px inset #808080)] [r=4 c=5 rs=1 cs=1]
                RenderText {#text} at (2,2) size 30x19
                  text run at (2,2) width 30: "col 4"
              RenderTableCell {TD} at (289,106) size 36x23 [bgcolor=#90EE90] [border: (1px inset #808080)] [r=4 c=6 rs=1 cs=1]
                RenderText {#text} at (2,2) size 30x19
                  text run at (2,2) width 30: "col 5"
              RenderTableCell {TD} at (327,106) size 36x23 [bgcolor=#90EE90] [border: (1px inset #808080)] [r=4 c=7 rs=1 cs=1]
                RenderText {#text} at (2,2) size 30x19
                  text run at (2,2) width 30: "col 6"
              RenderTableCell {TD} at (365,106) size 36x23 [bgcolor=#90EE90] [border: (1px inset #808080)] [r=4 c=8 rs=1 cs=1]
                RenderText {#text} at (2,2) size 30x19
                  text run at (2,2) width 30: "col 7"
              RenderTableCell {TD} at (403,106) size 37x23 [bgcolor=#90EE90] [border: (1px inset #808080)] [r=4 c=9 rs=1 cs=1]
                RenderText {#text} at (2,2) size 30x19
                  text run at (2,2) width 30: "col 8"
              RenderTableCell {TD} at (442,106) size 37x23 [bgcolor=#90EE90] [border: (1px inset #808080)] [r=4 c=10 rs=1 cs=1]
                RenderText {#text} at (2,2) size 30x19
                  text run at (2,2) width 30: "col 9"
            RenderTableRow {TR} at (0,132) size 481x24
              RenderTableCell {TH} at (2,132) size 41x24 [bgcolor=#90EE90] [border: (1px inset #808080)] [r=5 c=0 rs=1 cs=1]
                RenderText {#text} at (3,2) size 35x20
                  text run at (3,2) width 35: "Head"
              RenderTableCell {TD} at (137,132) size 36x23 [bgcolor=#90EE90] [border: (1px inset #808080)] [r=5 c=2 rs=1 cs=1]
                RenderText {#text} at (2,2) size 30x19
                  text run at (2,2) width 30: "col 1"
              RenderTableCell {TD} at (175,132) size 36x23 [bgcolor=#90EE90] [border: (1px inset #808080)] [r=5 c=3 rs=1 cs=1]
                RenderText {#text} at (2,2) size 30x19
                  text run at (2,2) width 30: "col 2"
              RenderTableCell {TD} at (213,132) size 36x23 [bgcolor=#90EE90] [border: (1px inset #808080)] [r=5 c=4 rs=1 cs=1]
                RenderText {#text} at (2,2) size 30x19
                  text run at (2,2) width 30: "col 3"
              RenderTableCell {TD} at (251,132) size 36x23 [bgcolor=#90EE90] [border: (1px inset #808080)] [r=5 c=5 rs=1 cs=1]
                RenderText {#text} at (2,2) size 30x19
                  text run at (2,2) width 30: "col 4"
              RenderTableCell {TD} at (289,132) size 36x23 [bgcolor=#90EE90] [border: (1px inset #808080)] [r=5 c=6 rs=1 cs=1]
                RenderText {#text} at (2,2) size 30x19
                  text run at (2,2) width 30: "col 5"
              RenderTableCell {TD} at (327,132) size 36x23 [bgcolor=#90EE90] [border: (1px inset #808080)] [r=5 c=7 rs=1 cs=1]
                RenderText {#text} at (2,2) size 30x19
                  text run at (2,2) width 30: "col 6"
              RenderTableCell {TD} at (365,132) size 36x23 [bgcolor=#90EE90] [border: (1px inset #808080)] [r=5 c=8 rs=1 cs=1]
                RenderText {#text} at (2,2) size 30x19
                  text run at (2,2) width 30: "col 7"
              RenderTableCell {TD} at (403,132) size 37x23 [bgcolor=#90EE90] [border: (1px inset #808080)] [r=5 c=9 rs=1 cs=1]
                RenderText {#text} at (2,2) size 30x19
                  text run at (2,2) width 30: "col 8"
              RenderTableCell {TD} at (442,132) size 37x23 [bgcolor=#90EE90] [border: (1px inset #808080)] [r=5 c=10 rs=1 cs=1]
                RenderText {#text} at (2,2) size 30x19
                  text run at (2,2) width 30: "col 9"
            RenderTableRow {TR} at (0,158) size 481x24
              RenderTableCell {TH} at (2,158) size 41x24 [bgcolor=#90EE90] [border: (1px inset #808080)] [r=6 c=0 rs=1 cs=1]
                RenderText {#text} at (3,2) size 35x20
                  text run at (3,2) width 35: "Head"
              RenderTableCell {TD} at (137,158) size 36x23 [bgcolor=#90EE90] [border: (1px inset #808080)] [r=6 c=2 rs=1 cs=1]
                RenderText {#text} at (2,2) size 30x19
                  text run at (2,2) width 30: "col 1"
              RenderTableCell {TD} at (175,158) size 36x23 [bgcolor=#90EE90] [border: (1px inset #808080)] [r=6 c=3 rs=1 cs=1]
                RenderText {#text} at (2,2) size 30x19
                  text run at (2,2) width 30: "col 2"
              RenderTableCell {TD} at (213,158) size 36x23 [bgcolor=#90EE90] [border: (1px inset #808080)] [r=6 c=4 rs=1 cs=1]
                RenderText {#text} at (2,2) size 30x19
                  text run at (2,2) width 30: "col 3"
              RenderTableCell {TD} at (251,158) size 36x23 [bgcolor=#90EE90] [border: (1px inset #808080)] [r=6 c=5 rs=1 cs=1]
                RenderText {#text} at (2,2) size 30x19
                  text run at (2,2) width 30: "col 4"
              RenderTableCell {TD} at (289,158) size 36x23 [bgcolor=#90EE90] [border: (1px inset #808080)] [r=6 c=6 rs=1 cs=1]
                RenderText {#text} at (2,2) size 30x19
                  text run at (2,2) width 30: "col 5"
              RenderTableCell {TD} at (327,158) size 36x23 [bgcolor=#90EE90] [border: (1px inset #808080)] [r=6 c=7 rs=1 cs=1]
                RenderText {#text} at (2,2) size 30x19
                  text run at (2,2) width 30: "col 6"
              RenderTableCell {TD} at (365,158) size 36x23 [bgcolor=#90EE90] [border: (1px inset #808080)] [r=6 c=8 rs=1 cs=1]
                RenderText {#text} at (2,2) size 30x19
                  text run at (2,2) width 30: "col 7"
              RenderTableCell {TD} at (403,158) size 37x23 [bgcolor=#90EE90] [border: (1px inset #808080)] [r=6 c=9 rs=1 cs=1]
                RenderText {#text} at (2,2) size 30x19
                  text run at (2,2) width 30: "col 8"
              RenderTableCell {TD} at (442,158) size 37x23 [bgcolor=#90EE90] [border: (1px inset #808080)] [r=6 c=10 rs=1 cs=1]
                RenderText {#text} at (2,2) size 30x19
                  text run at (2,2) width 30: "col 9"
            RenderTableRow {TR} at (0,184) size 481x24
              RenderTableCell {TH} at (2,184) size 41x24 [bgcolor=#ADD8E6] [border: (1px inset #808080)] [r=7 c=0 rs=1 cs=1]
                RenderText {#text} at (3,2) size 35x20
                  text run at (3,2) width 35: "Head"
              RenderTableCell {TD} at (45,201) size 90x42 [bgcolor=#FFFACD] [border: (1px inset #808080)] [r=7 c=1 rs=3 cs=1]
                RenderText {#text} at (2,2) size 42x19
                  text run at (2,2) width 42: "Data 3"
                RenderBR {BR} at (44,16) size 0x0
                RenderText {#text} at (2,21) size 81x19
                  text run at (2,21) width 81: "span=3 rows"
              RenderTableCell {TD} at (137,184) size 36x23 [bgcolor=#ADD8E6] [border: (1px inset #808080)] [r=7 c=2 rs=1 cs=1]
                RenderText {#text} at (2,2) size 30x19
                  text run at (2,2) width 30: "col 1"
              RenderTableCell {TD} at (175,184) size 36x23 [bgcolor=#ADD8E6] [border: (1px inset #808080)] [r=7 c=3 rs=1 cs=1]
                RenderText {#text} at (2,2) size 30x19
                  text run at (2,2) width 30: "col 2"
              RenderTableCell {TD} at (213,184) size 36x23 [bgcolor=#ADD8E6] [border: (1px inset #808080)] [r=7 c=4 rs=1 cs=1]
                RenderText {#text} at (2,2) size 30x19
                  text run at (2,2) width 30: "col 3"
              RenderTableCell {TD} at (251,184) size 36x23 [bgcolor=#ADD8E6] [border: (1px inset #808080)] [r=7 c=5 rs=1 cs=1]
                RenderText {#text} at (2,2) size 30x19
                  text run at (2,2) width 30: "col 4"
              RenderTableCell {TD} at (289,184) size 36x23 [bgcolor=#ADD8E6] [border: (1px inset #808080)] [r=7 c=6 rs=1 cs=1]
                RenderText {#text} at (2,2) size 30x19
                  text run at (2,2) width 30: "col 5"
              RenderTableCell {TD} at (327,184) size 36x23 [bgcolor=#ADD8E6] [border: (1px inset #808080)] [r=7 c=7 rs=1 cs=1]
                RenderText {#text} at (2,2) size 30x19
                  text run at (2,2) width 30: "col 6"
              RenderTableCell {TD} at (365,184) size 36x23 [bgcolor=#ADD8E6] [border: (1px inset #808080)] [r=7 c=8 rs=1 cs=1]
                RenderText {#text} at (2,2) size 30x19
                  text run at (2,2) width 30: "col 7"
              RenderTableCell {TD} at (403,184) size 37x23 [bgcolor=#ADD8E6] [border: (1px inset #808080)] [r=7 c=9 rs=1 cs=1]
                RenderText {#text} at (2,2) size 30x19
                  text run at (2,2) width 30: "col 8"
              RenderTableCell {TD} at (442,184) size 37x23 [bgcolor=#ADD8E6] [border: (1px inset #808080)] [r=7 c=10 rs=1 cs=1]
                RenderText {#text} at (2,2) size 30x19
                  text run at (2,2) width 30: "col 9"
            RenderTableRow {TR} at (0,210) size 481x24
              RenderTableCell {TH} at (2,210) size 41x24 [bgcolor=#ADD8E6] [border: (1px inset #808080)] [r=8 c=0 rs=1 cs=1]
                RenderText {#text} at (3,2) size 35x20
                  text run at (3,2) width 35: "Head"
              RenderTableCell {TD} at (137,210) size 36x23 [bgcolor=#ADD8E6] [border: (1px inset #808080)] [r=8 c=2 rs=1 cs=1]
                RenderText {#text} at (2,2) size 30x19
                  text run at (2,2) width 30: "col 1"
              RenderTableCell {TD} at (175,210) size 36x23 [bgcolor=#ADD8E6] [border: (1px inset #808080)] [r=8 c=3 rs=1 cs=1]
                RenderText {#text} at (2,2) size 30x19
                  text run at (2,2) width 30: "col 2"
              RenderTableCell {TD} at (213,210) size 36x23 [bgcolor=#ADD8E6] [border: (1px inset #808080)] [r=8 c=4 rs=1 cs=1]
                RenderText {#text} at (2,2) size 30x19
                  text run at (2,2) width 30: "col 3"
              RenderTableCell {TD} at (251,210) size 36x23 [bgcolor=#ADD8E6] [border: (1px inset #808080)] [r=8 c=5 rs=1 cs=1]
                RenderText {#text} at (2,2) size 30x19
                  text run at (2,2) width 30: "col 4"
              RenderTableCell {TD} at (289,210) size 36x23 [bgcolor=#ADD8E6] [border: (1px inset #808080)] [r=8 c=6 rs=1 cs=1]
                RenderText {#text} at (2,2) size 30x19
                  text run at (2,2) width 30: "col 5"
              RenderTableCell {TD} at (327,210) size 36x23 [bgcolor=#ADD8E6] [border: (1px inset #808080)] [r=8 c=7 rs=1 cs=1]
                RenderText {#text} at (2,2) size 30x19
                  text run at (2,2) width 30: "col 6"
              RenderTableCell {TD} at (365,210) size 36x23 [bgcolor=#ADD8E6] [border: (1px inset #808080)] [r=8 c=8 rs=1 cs=1]
                RenderText {#text} at (2,2) size 30x19
                  text run at (2,2) width 30: "col 7"
              RenderTableCell {TD} at (403,210) size 37x23 [bgcolor=#ADD8E6] [border: (1px inset #808080)] [r=8 c=9 rs=1 cs=1]
                RenderText {#text} at (2,2) size 30x19
                  text run at (2,2) width 30: "col 8"
              RenderTableCell {TD} at (442,210) size 37x23 [bgcolor=#ADD8E6] [border: (1px inset #808080)] [r=8 c=10 rs=1 cs=1]
                RenderText {#text} at (2,2) size 30x19
                  text run at (2,2) width 30: "col 9"
            RenderTableRow {TR} at (0,236) size 481x24
              RenderTableCell {TH} at (2,236) size 41x24 [bgcolor=#ADD8E6] [border: (1px inset #808080)] [r=9 c=0 rs=1 cs=1]
                RenderText {#text} at (3,2) size 35x20
                  text run at (3,2) width 35: "Head"
              RenderTableCell {TD} at (137,236) size 36x23 [bgcolor=#ADD8E6] [border: (1px inset #808080)] [r=9 c=2 rs=1 cs=1]
                RenderText {#text} at (2,2) size 30x19
                  text run at (2,2) width 30: "col 1"
              RenderTableCell {TD} at (175,236) size 36x23 [bgcolor=#ADD8E6] [border: (1px inset #808080)] [r=9 c=3 rs=1 cs=1]
                RenderText {#text} at (2,2) size 30x19
                  text run at (2,2) width 30: "col 2"
              RenderTableCell {TD} at (213,236) size 36x23 [bgcolor=#ADD8E6] [border: (1px inset #808080)] [r=9 c=4 rs=1 cs=1]
                RenderText {#text} at (2,2) size 30x19
                  text run at (2,2) width 30: "col 3"
              RenderTableCell {TD} at (251,236) size 36x23 [bgcolor=#ADD8E6] [border: (1px inset #808080)] [r=9 c=5 rs=1 cs=1]
                RenderText {#text} at (2,2) size 30x19
                  text run at (2,2) width 30: "col 4"
              RenderTableCell {TD} at (289,236) size 36x23 [bgcolor=#ADD8E6] [border: (1px inset #808080)] [r=9 c=6 rs=1 cs=1]
                RenderText {#text} at (2,2) size 30x19
                  text run at (2,2) width 30: "col 5"
              RenderTableCell {TD} at (327,236) size 36x23 [bgcolor=#ADD8E6] [border: (1px inset #808080)] [r=9 c=7 rs=1 cs=1]
                RenderText {#text} at (2,2) size 30x19
                  text run at (2,2) width 30: "col 6"
              RenderTableCell {TD} at (365,236) size 36x23 [bgcolor=#ADD8E6] [border: (1px inset #808080)] [r=9 c=8 rs=1 cs=1]
                RenderText {#text} at (2,2) size 30x19
                  text run at (2,2) width 30: "col 7"
              RenderTableCell {TD} at (403,236) size 37x23 [bgcolor=#ADD8E6] [border: (1px inset #808080)] [r=9 c=9 rs=1 cs=1]
                RenderText {#text} at (2,2) size 30x19
                  text run at (2,2) width 30: "col 8"
              RenderTableCell {TD} at (442,236) size 37x23 [bgcolor=#ADD8E6] [border: (1px inset #808080)] [r=9 c=10 rs=1 cs=1]
                RenderText {#text} at (2,2) size 30x19
                  text run at (2,2) width 30: "col 9"
      RenderBlock {P} at (0,1686) size 784x0
      RenderBlock {HR} at (0,1686) size 784x2 [border: (1px inset #000000)]
      RenderBlock {P} at (0,1702) size 784x64
        RenderTable {TABLE} at (0,0) size 666x64 [bgcolor=#F08080] [border: (1px outset #808080)]
          RenderTableSection {TBODY} at (1,1) size 664x62
            RenderTableRow {TR} at (0,2) size 664x58
              RenderTableCell {TH} at (2,2) size 660x58 [border: (1px inset #808080)] [r=0 c=0 rs=1 cs=1]
                RenderInline {A} at (0,0) size 0x0
                RenderText {#text} at (11,11) size 97x20
                  text run at (11,11) width 97: "Test Case #3: "
                RenderInline {FONT} at (0,0) size 418x20 [color=#0000FF]
                  RenderText {#text} at (108,11) size 418x20
                    text run at (108,11) width 418: "table with nested header & data cells spanning multiple rows"
                RenderText {#text} at (526,11) size 4x20
                  text run at (526,11) width 4: " "
                RenderInline {FONT} at (0,0) size 586x33
                  RenderInline {I} at (0,0) size 586x33
                    RenderText {#text} at (530,14) size 586x33
                      text run at (530,14) width 67: "(using &ltTH"
                      text run at (11,31) width 334: "ROWSPAN=integer value> &ltTD ROWSPAN=integer value> tag)"
                RenderText {#text} at (0,0) size 0x0
      RenderBlock {P} at (0,1780) size 784x38
        RenderBR {BR} at (0,0) size 0x19
        RenderBR {BR} at (0,19) size 0x19
      RenderBlock {UL} at (0,1832) size 784x464
        RenderTable {TABLE} at (40,0) size 483x464 [border: (1px outset #808080)]
          RenderBlock {CAPTION} at (0,0) size 481x20
            RenderText {#text} at (35,0) size 89x19
              text run at (35,0) width 89: "Nested Table "
            RenderInline {B} at (0,0) size 86x20
              RenderText {#text} at (124,0) size 86x20
                text run at (124,0) width 86: "Header Cells"
            RenderText {#text} at (210,0) size 17x19
              text run at (210,0) width 17: " & "
            RenderInline {B} at (0,0) size 69x20
              RenderText {#text} at (227,0) size 69x20
                text run at (227,0) width 69: "Data Cells"
            RenderText {#text} at (296,0) size 149x19
              text run at (296,0) width 149: " spanning multiple rows"
          RenderTableSection {TBODY} at (1,21) size 481x442
            RenderTableRow {TR} at (0,2) size 481x42
              RenderTableCell {TH} at (2,123) size 86x64 [bgcolor=#FFE4C4] [border: (1px inset #808080)] [r=0 c=0 rs=7 cs=1]
                RenderText {#text} at (13,2) size 60x20
                  text run at (13,2) width 60: "Header 1"
                RenderBR {BR} at (73,16) size 0x0
                RenderText {#text} at (18,22) size 50x40
                  text run at (18,22) width 50: "span=7"
                  text run at (26,42) width 33: "rows"
                RenderText {#text} at (0,0) size 0x0
              RenderTableCell {TD} at (90,14) size 80x61 [bgcolor=#FFFACD] [border: (1px inset #808080)] [r=0 c=1 rs=2 cs=1]
                RenderText {#text} at (2,2) size 42x19
                  text run at (2,2) width 42: "Data 1"
                RenderBR {BR} at (44,16) size 0x0
                RenderText {#text} at (2,21) size 47x38
                  text run at (2,21) width 47: "span=2"
                  text run at (2,40) width 30: "rows"
              RenderTableCell {TD} at (172,2) size 32x42 [bgcolor=#EE82EE] [border: (1px inset #808080)] [r=0 c=2 rs=1 cs=1]
                RenderText {#text} at (2,2) size 18x38
                  text run at (2,2) width 18: "col"
                  text run at (2,21) width 8: "1"
              RenderTableCell {TD} at (206,2) size 32x42 [bgcolor=#EE82EE] [border: (1px inset #808080)] [r=0 c=3 rs=1 cs=1]
                RenderText {#text} at (2,2) size 18x38
                  text run at (2,2) width 18: "col"
                  text run at (2,21) width 8: "2"
              RenderTableCell {TD} at (240,2) size 32x42 [bgcolor=#EE82EE] [border: (1px inset #808080)] [r=0 c=4 rs=1 cs=1]
                RenderText {#text} at (2,2) size 18x38
                  text run at (2,2) width 18: "col"
                  text run at (2,21) width 8: "3"
              RenderTableCell {TD} at (274,2) size 32x42 [bgcolor=#EE82EE] [border: (1px inset #808080)] [r=0 c=5 rs=1 cs=1]
                RenderText {#text} at (2,2) size 18x38
                  text run at (2,2) width 18: "col"
                  text run at (2,21) width 8: "4"
              RenderTableCell {TD} at (308,2) size 32x42 [bgcolor=#EE82EE] [border: (1px inset #808080)] [r=0 c=6 rs=1 cs=1]
                RenderText {#text} at (2,2) size 18x38
                  text run at (2,2) width 18: "col"
                  text run at (2,21) width 8: "5"
              RenderTableCell {TD} at (342,2) size 32x42 [bgcolor=#EE82EE] [border: (1px inset #808080)] [r=0 c=7 rs=1 cs=1]
                RenderText {#text} at (2,2) size 18x38
                  text run at (2,2) width 18: "col"
                  text run at (2,21) width 8: "6"
              RenderTableCell {TD} at (376,2) size 33x42 [bgcolor=#EE82EE] [border: (1px inset #808080)] [r=0 c=8 rs=1 cs=1]
                RenderText {#text} at (2,2) size 18x38
                  text run at (2,2) width 18: "col"
                  text run at (2,21) width 8: "7"
              RenderTableCell {TD} at (411,2) size 33x42 [bgcolor=#EE82EE] [border: (1px inset #808080)] [r=0 c=9 rs=1 cs=1]
                RenderText {#text} at (2,2) size 18x38
                  text run at (2,2) width 18: "col"
                  text run at (2,21) width 8: "8"
              RenderTableCell {TD} at (446,2) size 33x42 [bgcolor=#EE82EE] [border: (1px inset #808080)] [r=0 c=10 rs=1 cs=1]
                RenderText {#text} at (2,2) size 18x38
                  text run at (2,2) width 18: "col"
                  text run at (2,21) width 8: "9"
            RenderTableRow {TR} at (0,46) size 481x42
              RenderTableCell {TD} at (172,46) size 32x42 [bgcolor=#EE82EE] [border: (1px inset #808080)] [r=1 c=2 rs=1 cs=1]
                RenderText {#text} at (2,2) size 18x38
                  text run at (2,2) width 18: "col"
                  text run at (2,21) width 8: "1"
              RenderTableCell {TD} at (206,46) size 32x42 [bgcolor=#EE82EE] [border: (1px inset #808080)] [r=1 c=3 rs=1 cs=1]
                RenderText {#text} at (2,2) size 18x38
                  text run at (2,2) width 18: "col"
                  text run at (2,21) width 8: "2"
              RenderTableCell {TD} at (240,46) size 32x42 [bgcolor=#EE82EE] [border: (1px inset #808080)] [r=1 c=4 rs=1 cs=1]
                RenderText {#text} at (2,2) size 18x38
                  text run at (2,2) width 18: "col"
                  text run at (2,21) width 8: "3"
              RenderTableCell {TD} at (274,46) size 32x42 [bgcolor=#EE82EE] [border: (1px inset #808080)] [r=1 c=5 rs=1 cs=1]
                RenderText {#text} at (2,2) size 18x38
                  text run at (2,2) width 18: "col"
                  text run at (2,21) width 8: "4"
              RenderTableCell {TD} at (308,46) size 32x42 [bgcolor=#EE82EE] [border: (1px inset #808080)] [r=1 c=6 rs=1 cs=1]
                RenderText {#text} at (2,2) size 18x38
                  text run at (2,2) width 18: "col"
                  text run at (2,21) width 8: "5"
              RenderTableCell {TD} at (342,46) size 32x42 [bgcolor=#EE82EE] [border: (1px inset #808080)] [r=1 c=7 rs=1 cs=1]
                RenderText {#text} at (2,2) size 18x38
                  text run at (2,2) width 18: "col"
                  text run at (2,21) width 8: "6"
              RenderTableCell {TD} at (376,46) size 33x42 [bgcolor=#EE82EE] [border: (1px inset #808080)] [r=1 c=8 rs=1 cs=1]
                RenderText {#text} at (2,2) size 18x38
                  text run at (2,2) width 18: "col"
                  text run at (2,21) width 8: "7"
              RenderTableCell {TD} at (411,46) size 33x42 [bgcolor=#EE82EE] [border: (1px inset #808080)] [r=1 c=9 rs=1 cs=1]
                RenderText {#text} at (2,2) size 18x38
                  text run at (2,2) width 18: "col"
                  text run at (2,21) width 8: "8"
              RenderTableCell {TD} at (446,46) size 33x42 [bgcolor=#EE82EE] [border: (1px inset #808080)] [r=1 c=10 rs=1 cs=1]
                RenderText {#text} at (2,2) size 18x38
                  text run at (2,2) width 18: "col"
                  text run at (2,21) width 8: "9"
            RenderTableRow {TR} at (0,90) size 481x42
              RenderTableCell {TD} at (90,168) size 80x61 [bgcolor=#FFFACD] [border: (1px inset #808080)] [r=2 c=1 rs=5 cs=1]
                RenderText {#text} at (2,2) size 42x19
                  text run at (2,2) width 42: "Data 2"
                RenderBR {BR} at (44,16) size 0x0
                RenderText {#text} at (2,21) size 47x38
                  text run at (2,21) width 47: "span=5"
                  text run at (2,40) width 30: "rows"
              RenderTableCell {TD} at (172,90) size 32x42 [bgcolor=#90EE90] [border: (1px inset #808080)] [r=2 c=2 rs=1 cs=1]
                RenderText {#text} at (2,2) size 18x38
                  text run at (2,2) width 18: "col"
                  text run at (2,21) width 8: "1"
              RenderTableCell {TD} at (206,90) size 32x42 [bgcolor=#90EE90] [border: (1px inset #808080)] [r=2 c=3 rs=1 cs=1]
                RenderText {#text} at (2,2) size 18x38
                  text run at (2,2) width 18: "col"
                  text run at (2,21) width 8: "2"
              RenderTableCell {TD} at (240,90) size 32x42 [bgcolor=#90EE90] [border: (1px inset #808080)] [r=2 c=4 rs=1 cs=1]
                RenderText {#text} at (2,2) size 18x38
                  text run at (2,2) width 18: "col"
                  text run at (2,21) width 8: "3"
              RenderTableCell {TD} at (274,90) size 32x42 [bgcolor=#90EE90] [border: (1px inset #808080)] [r=2 c=5 rs=1 cs=1]
                RenderText {#text} at (2,2) size 18x38
                  text run at (2,2) width 18: "col"
                  text run at (2,21) width 8: "4"
              RenderTableCell {TD} at (308,90) size 32x42 [bgcolor=#90EE90] [border: (1px inset #808080)] [r=2 c=6 rs=1 cs=1]
                RenderText {#text} at (2,2) size 18x38
                  text run at (2,2) width 18: "col"
                  text run at (2,21) width 8: "5"
              RenderTableCell {TD} at (342,90) size 32x42 [bgcolor=#90EE90] [border: (1px inset #808080)] [r=2 c=7 rs=1 cs=1]
                RenderText {#text} at (2,2) size 18x38
                  text run at (2,2) width 18: "col"
                  text run at (2,21) width 8: "6"
              RenderTableCell {TD} at (376,90) size 33x42 [bgcolor=#90EE90] [border: (1px inset #808080)] [r=2 c=8 rs=1 cs=1]
                RenderText {#text} at (2,2) size 18x38
                  text run at (2,2) width 18: "col"
                  text run at (2,21) width 8: "7"
              RenderTableCell {TD} at (411,90) size 33x42 [bgcolor=#90EE90] [border: (1px inset #808080)] [r=2 c=9 rs=1 cs=1]
                RenderText {#text} at (2,2) size 18x38
                  text run at (2,2) width 18: "col"
                  text run at (2,21) width 8: "8"
              RenderTableCell {TD} at (446,90) size 33x42 [bgcolor=#90EE90] [border: (1px inset #808080)] [r=2 c=10 rs=1 cs=1]
                RenderText {#text} at (2,2) size 18x38
                  text run at (2,2) width 18: "col"
                  text run at (2,21) width 8: "9"
            RenderTableRow {TR} at (0,134) size 481x42
              RenderTableCell {TD} at (172,134) size 32x42 [bgcolor=#90EE90] [border: (1px inset #808080)] [r=3 c=2 rs=1 cs=1]
                RenderText {#text} at (2,2) size 18x38
                  text run at (2,2) width 18: "col"
                  text run at (2,21) width 8: "1"
              RenderTableCell {TD} at (206,134) size 32x42 [bgcolor=#90EE90] [border: (1px inset #808080)] [r=3 c=3 rs=1 cs=1]
                RenderText {#text} at (2,2) size 18x38
                  text run at (2,2) width 18: "col"
                  text run at (2,21) width 8: "2"
              RenderTableCell {TD} at (240,134) size 32x42 [bgcolor=#90EE90] [border: (1px inset #808080)] [r=3 c=4 rs=1 cs=1]
                RenderText {#text} at (2,2) size 18x38
                  text run at (2,2) width 18: "col"
                  text run at (2,21) width 8: "3"
              RenderTableCell {TD} at (274,134) size 32x42 [bgcolor=#90EE90] [border: (1px inset #808080)] [r=3 c=5 rs=1 cs=1]
                RenderText {#text} at (2,2) size 18x38
                  text run at (2,2) width 18: "col"
                  text run at (2,21) width 8: "4"
              RenderTableCell {TD} at (308,134) size 32x42 [bgcolor=#90EE90] [border: (1px inset #808080)] [r=3 c=6 rs=1 cs=1]
                RenderText {#text} at (2,2) size 18x38
                  text run at (2,2) width 18: "col"
                  text run at (2,21) width 8: "5"
              RenderTableCell {TD} at (342,134) size 32x42 [bgcolor=#90EE90] [border: (1px inset #808080)] [r=3 c=7 rs=1 cs=1]
                RenderText {#text} at (2,2) size 18x38
                  text run at (2,2) width 18: "col"
                  text run at (2,21) width 8: "6"
              RenderTableCell {TD} at (376,134) size 33x42 [bgcolor=#90EE90] [border: (1px inset #808080)] [r=3 c=8 rs=1 cs=1]
                RenderText {#text} at (2,2) size 18x38
                  text run at (2,2) width 18: "col"
                  text run at (2,21) width 8: "7"
              RenderTableCell {TD} at (411,134) size 33x42 [bgcolor=#90EE90] [border: (1px inset #808080)] [r=3 c=9 rs=1 cs=1]
                RenderText {#text} at (2,2) size 18x38
                  text run at (2,2) width 18: "col"
                  text run at (2,21) width 8: "8"
              RenderTableCell {TD} at (446,134) size 33x42 [bgcolor=#90EE90] [border: (1px inset #808080)] [r=3 c=10 rs=1 cs=1]
                RenderText {#text} at (2,2) size 18x38
                  text run at (2,2) width 18: "col"
                  text run at (2,21) width 8: "9"
            RenderTableRow {TR} at (0,178) size 481x42
              RenderTableCell {TD} at (172,178) size 32x42 [bgcolor=#90EE90] [border: (1px inset #808080)] [r=4 c=2 rs=1 cs=1]
                RenderText {#text} at (2,2) size 18x38
                  text run at (2,2) width 18: "col"
                  text run at (2,21) width 8: "1"
              RenderTableCell {TD} at (206,178) size 32x42 [bgcolor=#90EE90] [border: (1px inset #808080)] [r=4 c=3 rs=1 cs=1]
                RenderText {#text} at (2,2) size 18x38
                  text run at (2,2) width 18: "col"
                  text run at (2,21) width 8: "2"
              RenderTableCell {TD} at (240,178) size 32x42 [bgcolor=#90EE90] [border: (1px inset #808080)] [r=4 c=4 rs=1 cs=1]
                RenderText {#text} at (2,2) size 18x38
                  text run at (2,2) width 18: "col"
                  text run at (2,21) width 8: "3"
              RenderTableCell {TD} at (274,178) size 32x42 [bgcolor=#90EE90] [border: (1px inset #808080)] [r=4 c=5 rs=1 cs=1]
                RenderText {#text} at (2,2) size 18x38
                  text run at (2,2) width 18: "col"
                  text run at (2,21) width 8: "4"
              RenderTableCell {TD} at (308,178) size 32x42 [bgcolor=#90EE90] [border: (1px inset #808080)] [r=4 c=6 rs=1 cs=1]
                RenderText {#text} at (2,2) size 18x38
                  text run at (2,2) width 18: "col"
                  text run at (2,21) width 8: "5"
              RenderTableCell {TD} at (342,178) size 32x42 [bgcolor=#90EE90] [border: (1px inset #808080)] [r=4 c=7 rs=1 cs=1]
                RenderText {#text} at (2,2) size 18x38
                  text run at (2,2) width 18: "col"
                  text run at (2,21) width 8: "6"
              RenderTableCell {TD} at (376,178) size 33x42 [bgcolor=#90EE90] [border: (1px inset #808080)] [r=4 c=8 rs=1 cs=1]
                RenderText {#text} at (2,2) size 18x38
                  text run at (2,2) width 18: "col"
                  text run at (2,21) width 8: "7"
              RenderTableCell {TD} at (411,178) size 33x42 [bgcolor=#90EE90] [border: (1px inset #808080)] [r=4 c=9 rs=1 cs=1]
                RenderText {#text} at (2,2) size 18x38
                  text run at (2,2) width 18: "col"
                  text run at (2,21) width 8: "8"
              RenderTableCell {TD} at (446,178) size 33x42 [bgcolor=#90EE90] [border: (1px inset #808080)] [r=4 c=10 rs=1 cs=1]
                RenderText {#text} at (2,2) size 18x38
                  text run at (2,2) width 18: "col"
                  text run at (2,21) width 8: "9"
            RenderTableRow {TR} at (0,222) size 481x42
              RenderTableCell {TD} at (172,222) size 32x42 [bgcolor=#90EE90] [border: (1px inset #808080)] [r=5 c=2 rs=1 cs=1]
                RenderText {#text} at (2,2) size 18x38
                  text run at (2,2) width 18: "col"
                  text run at (2,21) width 8: "1"
              RenderTableCell {TD} at (206,222) size 32x42 [bgcolor=#90EE90] [border: (1px inset #808080)] [r=5 c=3 rs=1 cs=1]
                RenderText {#text} at (2,2) size 18x38
                  text run at (2,2) width 18: "col"
                  text run at (2,21) width 8: "2"
              RenderTableCell {TD} at (240,222) size 32x42 [bgcolor=#90EE90] [border: (1px inset #808080)] [r=5 c=4 rs=1 cs=1]
                RenderText {#text} at (2,2) size 18x38
                  text run at (2,2) width 18: "col"
                  text run at (2,21) width 8: "3"
              RenderTableCell {TD} at (274,222) size 32x42 [bgcolor=#90EE90] [border: (1px inset #808080)] [r=5 c=5 rs=1 cs=1]
                RenderText {#text} at (2,2) size 18x38
                  text run at (2,2) width 18: "col"
                  text run at (2,21) width 8: "4"
              RenderTableCell {TD} at (308,222) size 32x42 [bgcolor=#90EE90] [border: (1px inset #808080)] [r=5 c=6 rs=1 cs=1]
                RenderText {#text} at (2,2) size 18x38
                  text run at (2,2) width 18: "col"
                  text run at (2,21) width 8: "5"
              RenderTableCell {TD} at (342,222) size 32x42 [bgcolor=#90EE90] [border: (1px inset #808080)] [r=5 c=7 rs=1 cs=1]
                RenderText {#text} at (2,2) size 18x38
                  text run at (2,2) width 18: "col"
                  text run at (2,21) width 8: "6"
              RenderTableCell {TD} at (376,222) size 33x42 [bgcolor=#90EE90] [border: (1px inset #808080)] [r=5 c=8 rs=1 cs=1]
                RenderText {#text} at (2,2) size 18x38
                  text run at (2,2) width 18: "col"
                  text run at (2,21) width 8: "7"
              RenderTableCell {TD} at (411,222) size 33x42 [bgcolor=#90EE90] [border: (1px inset #808080)] [r=5 c=9 rs=1 cs=1]
                RenderText {#text} at (2,2) size 18x38
                  text run at (2,2) width 18: "col"
                  text run at (2,21) width 8: "8"
              RenderTableCell {TD} at (446,222) size 33x42 [bgcolor=#90EE90] [border: (1px inset #808080)] [r=5 c=10 rs=1 cs=1]
                RenderText {#text} at (2,2) size 18x38
                  text run at (2,2) width 18: "col"
                  text run at (2,21) width 8: "9"
            RenderTableRow {TR} at (0,266) size 481x42
              RenderTableCell {TD} at (172,266) size 32x42 [bgcolor=#90EE90] [border: (1px inset #808080)] [r=6 c=2 rs=1 cs=1]
                RenderText {#text} at (2,2) size 18x38
                  text run at (2,2) width 18: "col"
                  text run at (2,21) width 8: "1"
              RenderTableCell {TD} at (206,266) size 32x42 [bgcolor=#90EE90] [border: (1px inset #808080)] [r=6 c=3 rs=1 cs=1]
                RenderText {#text} at (2,2) size 18x38
                  text run at (2,2) width 18: "col"
                  text run at (2,21) width 8: "2"
              RenderTableCell {TD} at (240,266) size 32x42 [bgcolor=#90EE90] [border: (1px inset #808080)] [r=6 c=4 rs=1 cs=1]
                RenderText {#text} at (2,2) size 18x38
                  text run at (2,2) width 18: "col"
                  text run at (2,21) width 8: "3"
              RenderTableCell {TD} at (274,266) size 32x42 [bgcolor=#90EE90] [border: (1px inset #808080)] [r=6 c=5 rs=1 cs=1]
                RenderText {#text} at (2,2) size 18x38
                  text run at (2,2) width 18: "col"
                  text run at (2,21) width 8: "4"
              RenderTableCell {TD} at (308,266) size 32x42 [bgcolor=#90EE90] [border: (1px inset #808080)] [r=6 c=6 rs=1 cs=1]
                RenderText {#text} at (2,2) size 18x38
                  text run at (2,2) width 18: "col"
                  text run at (2,21) width 8: "5"
              RenderTableCell {TD} at (342,266) size 32x42 [bgcolor=#90EE90] [border: (1px inset #808080)] [r=6 c=7 rs=1 cs=1]
                RenderText {#text} at (2,2) size 18x38
                  text run at (2,2) width 18: "col"
                  text run at (2,21) width 8: "6"
              RenderTableCell {TD} at (376,266) size 33x42 [bgcolor=#90EE90] [border: (1px inset #808080)] [r=6 c=8 rs=1 cs=1]
                RenderText {#text} at (2,2) size 18x38
                  text run at (2,2) width 18: "col"
                  text run at (2,21) width 8: "7"
              RenderTableCell {TD} at (411,266) size 33x42 [bgcolor=#90EE90] [border: (1px inset #808080)] [r=6 c=9 rs=1 cs=1]
                RenderText {#text} at (2,2) size 18x38
                  text run at (2,2) width 18: "col"
                  text run at (2,21) width 8: "8"
              RenderTableCell {TD} at (446,266) size 33x42 [bgcolor=#90EE90] [border: (1px inset #808080)] [r=6 c=10 rs=1 cs=1]
                RenderText {#text} at (2,2) size 18x38
                  text run at (2,2) width 18: "col"
                  text run at (2,21) width 8: "9"
            RenderTableRow {TR} at (0,310) size 481x42
              RenderTableCell {TH} at (2,343) size 86x64 [bgcolor=#FFE4C4] [border: (1px inset #808080)] [r=7 c=0 rs=3 cs=1]
                RenderText {#text} at (13,2) size 60x20
                  text run at (13,2) width 60: "Header 2"
                RenderBR {BR} at (73,16) size 0x0
                RenderText {#text} at (18,22) size 50x40
                  text run at (18,22) width 50: "span=3"
                  text run at (26,42) width 33: "rows"
                RenderText {#text} at (0,0) size 0x0
              RenderTableCell {TD} at (90,344) size 80x61 [bgcolor=#FFFACD] [border: (1px inset #808080)] [r=7 c=1 rs=3 cs=1]
                RenderText {#text} at (2,2) size 42x19
                  text run at (2,2) width 42: "Data 3"
                RenderBR {BR} at (44,16) size 0x0
                RenderText {#text} at (2,21) size 47x38
                  text run at (2,21) width 47: "span=3"
                  text run at (2,40) width 30: "rows"
              RenderTableCell {TD} at (172,310) size 32x42 [bgcolor=#ADD8E6] [border: (1px inset #808080)] [r=7 c=2 rs=1 cs=1]
                RenderText {#text} at (2,2) size 18x38
                  text run at (2,2) width 18: "col"
                  text run at (2,21) width 8: "1"
              RenderTableCell {TD} at (206,310) size 32x42 [bgcolor=#ADD8E6] [border: (1px inset #808080)] [r=7 c=3 rs=1 cs=1]
                RenderText {#text} at (2,2) size 18x38
                  text run at (2,2) width 18: "col"
                  text run at (2,21) width 8: "2"
              RenderTableCell {TD} at (240,310) size 32x42 [bgcolor=#ADD8E6] [border: (1px inset #808080)] [r=7 c=4 rs=1 cs=1]
                RenderText {#text} at (2,2) size 18x38
                  text run at (2,2) width 18: "col"
                  text run at (2,21) width 8: "3"
              RenderTableCell {TD} at (274,310) size 32x42 [bgcolor=#ADD8E6] [border: (1px inset #808080)] [r=7 c=5 rs=1 cs=1]
                RenderText {#text} at (2,2) size 18x38
                  text run at (2,2) width 18: "col"
                  text run at (2,21) width 8: "4"
              RenderTableCell {TD} at (308,310) size 32x42 [bgcolor=#ADD8E6] [border: (1px inset #808080)] [r=7 c=6 rs=1 cs=1]
                RenderText {#text} at (2,2) size 18x38
                  text run at (2,2) width 18: "col"
                  text run at (2,21) width 8: "5"
              RenderTableCell {TD} at (342,310) size 32x42 [bgcolor=#ADD8E6] [border: (1px inset #808080)] [r=7 c=7 rs=1 cs=1]
                RenderText {#text} at (2,2) size 18x38
                  text run at (2,2) width 18: "col"
                  text run at (2,21) width 8: "6"
              RenderTableCell {TD} at (376,310) size 33x42 [bgcolor=#ADD8E6] [border: (1px inset #808080)] [r=7 c=8 rs=1 cs=1]
                RenderText {#text} at (2,2) size 18x38
                  text run at (2,2) width 18: "col"
                  text run at (2,21) width 8: "7"
              RenderTableCell {TD} at (411,310) size 33x42 [bgcolor=#ADD8E6] [border: (1px inset #808080)] [r=7 c=9 rs=1 cs=1]
                RenderText {#text} at (2,2) size 18x38
                  text run at (2,2) width 18: "col"
                  text run at (2,21) width 8: "8"
              RenderTableCell {TD} at (446,310) size 33x42 [bgcolor=#ADD8E6] [border: (1px inset #808080)] [r=7 c=10 rs=1 cs=1]
                RenderText {#text} at (2,2) size 18x38
                  text run at (2,2) width 18: "col"
                  text run at (2,21) width 8: "9"
            RenderTableRow {TR} at (0,354) size 481x42
              RenderTableCell {TD} at (172,354) size 32x42 [bgcolor=#ADD8E6] [border: (1px inset #808080)] [r=8 c=2 rs=1 cs=1]
                RenderText {#text} at (2,2) size 18x38
                  text run at (2,2) width 18: "col"
                  text run at (2,21) width 8: "1"
              RenderTableCell {TD} at (206,354) size 32x42 [bgcolor=#ADD8E6] [border: (1px inset #808080)] [r=8 c=3 rs=1 cs=1]
                RenderText {#text} at (2,2) size 18x38
                  text run at (2,2) width 18: "col"
                  text run at (2,21) width 8: "2"
              RenderTableCell {TD} at (240,354) size 32x42 [bgcolor=#ADD8E6] [border: (1px inset #808080)] [r=8 c=4 rs=1 cs=1]
                RenderText {#text} at (2,2) size 18x38
                  text run at (2,2) width 18: "col"
                  text run at (2,21) width 8: "3"
              RenderTableCell {TD} at (274,354) size 32x42 [bgcolor=#ADD8E6] [border: (1px inset #808080)] [r=8 c=5 rs=1 cs=1]
                RenderText {#text} at (2,2) size 18x38
                  text run at (2,2) width 18: "col"
                  text run at (2,21) width 8: "4"
              RenderTableCell {TD} at (308,354) size 32x42 [bgcolor=#ADD8E6] [border: (1px inset #808080)] [r=8 c=6 rs=1 cs=1]
                RenderText {#text} at (2,2) size 18x38
                  text run at (2,2) width 18: "col"
                  text run at (2,21) width 8: "5"
              RenderTableCell {TD} at (342,354) size 32x42 [bgcolor=#ADD8E6] [border: (1px inset #808080)] [r=8 c=7 rs=1 cs=1]
                RenderText {#text} at (2,2) size 18x38
                  text run at (2,2) width 18: "col"
                  text run at (2,21) width 8: "6"
              RenderTableCell {TD} at (376,354) size 33x42 [bgcolor=#ADD8E6] [border: (1px inset #808080)] [r=8 c=8 rs=1 cs=1]
                RenderText {#text} at (2,2) size 18x38
                  text run at (2,2) width 18: "col"
                  text run at (2,21) width 8: "7"
              RenderTableCell {TD} at (411,354) size 33x42 [bgcolor=#ADD8E6] [border: (1px inset #808080)] [r=8 c=9 rs=1 cs=1]
                RenderText {#text} at (2,2) size 18x38
                  text run at (2,2) width 18: "col"
                  text run at (2,21) width 8: "8"
              RenderTableCell {TD} at (446,354) size 33x42 [bgcolor=#ADD8E6] [border: (1px inset #808080)] [r=8 c=10 rs=1 cs=1]
                RenderText {#text} at (2,2) size 18x38
                  text run at (2,2) width 18: "col"
                  text run at (2,21) width 8: "9"
            RenderTableRow {TR} at (0,398) size 481x42
              RenderTableCell {TD} at (172,398) size 32x42 [bgcolor=#ADD8E6] [border: (1px inset #808080)] [r=9 c=2 rs=1 cs=1]
                RenderText {#text} at (2,2) size 18x38
                  text run at (2,2) width 18: "col"
                  text run at (2,21) width 8: "1"
              RenderTableCell {TD} at (206,398) size 32x42 [bgcolor=#ADD8E6] [border: (1px inset #808080)] [r=9 c=3 rs=1 cs=1]
                RenderText {#text} at (2,2) size 18x38
                  text run at (2,2) width 18: "col"
                  text run at (2,21) width 8: "2"
              RenderTableCell {TD} at (240,398) size 32x42 [bgcolor=#ADD8E6] [border: (1px inset #808080)] [r=9 c=4 rs=1 cs=1]
                RenderText {#text} at (2,2) size 18x38
                  text run at (2,2) width 18: "col"
                  text run at (2,21) width 8: "3"
              RenderTableCell {TD} at (274,398) size 32x42 [bgcolor=#ADD8E6] [border: (1px inset #808080)] [r=9 c=5 rs=1 cs=1]
                RenderText {#text} at (2,2) size 18x38
                  text run at (2,2) width 18: "col"
                  text run at (2,21) width 8: "4"
              RenderTableCell {TD} at (308,398) size 32x42 [bgcolor=#ADD8E6] [border: (1px inset #808080)] [r=9 c=6 rs=1 cs=1]
                RenderText {#text} at (2,2) size 18x38
                  text run at (2,2) width 18: "col"
                  text run at (2,21) width 8: "5"
              RenderTableCell {TD} at (342,398) size 32x42 [bgcolor=#ADD8E6] [border: (1px inset #808080)] [r=9 c=7 rs=1 cs=1]
                RenderText {#text} at (2,2) size 18x38
                  text run at (2,2) width 18: "col"
                  text run at (2,21) width 8: "6"
              RenderTableCell {TD} at (376,398) size 33x42 [bgcolor=#ADD8E6] [border: (1px inset #808080)] [r=9 c=8 rs=1 cs=1]
                RenderText {#text} at (2,2) size 18x38
                  text run at (2,2) width 18: "col"
                  text run at (2,21) width 8: "7"
              RenderTableCell {TD} at (411,398) size 33x42 [bgcolor=#ADD8E6] [border: (1px inset #808080)] [r=9 c=9 rs=1 cs=1]
                RenderText {#text} at (2,2) size 18x38
                  text run at (2,2) width 18: "col"
                  text run at (2,21) width 8: "8"
              RenderTableCell {TD} at (446,398) size 33x42 [bgcolor=#ADD8E6] [border: (1px inset #808080)] [r=9 c=10 rs=1 cs=1]
                RenderText {#text} at (2,2) size 18x38
                  text run at (2,2) width 18: "col"
                  text run at (2,21) width 8: "9"
      RenderBlock {P} at (0,2310) size 784x0
      RenderBlock {HR} at (0,2310) size 784x2 [border: (1px inset #000000)]
      RenderBlock (anonymous) at (0,2319) size 784x19
        RenderImage {IMG} at (0,1) size 13x13
        RenderText {#text} at (13,0) size 130x19
          text run at (13,0) width 130: " Created 9/19/96 by "
        RenderInline {A} at (0,0) size 80x19 [color=#0000EE]
          RenderText {#text} at (143,0) size 80x19
            text run at (143,0) width 80: "Ronald Greti"
        RenderBR {BR} at (223,14) size 0x0
      RenderBlock {P} at (0,2352) size 784x19
        RenderBR {BR} at (0,0) size 0x19
