layer at (0,0) size 800x1427
  RenderView at (0,0) size 800x600
layer at (0,0) size 800x1427
  RenderBlock {HTML} at (0,0) size 800x1427
    RenderBody {BODY} at (8,22) size 784x1397 [color=#00FF00] [bgcolor=#333333]
      RenderBlock {H1} at (0,0) size 784x41
        RenderText {#text} at (0,0) size 660x41
          text run at (0,0) width 660: "CSS2 Table Backgrounds Test Suite"
      RenderBlock {H2} at (0,63) size 784x32
        RenderText {#text} at (0,0) size 336x32
          text run at (0,0) width 336: "Part E: Special Tests"
      RenderBlock {H3} at (0,116) size 784x24
        RenderText {#text} at (0,0) size 144x24
          text run at (0,0) width 144: "opacity: 0.5"
      RenderBlock {UL} at (0,159) size 784x84
        RenderListItem {LI} at (40,0) size 744x21
          RenderListMarker at (-18,0) size 7x21: bullet
          RenderText {#text} at (0,0) size 350x21
            text run at (0,0) width 350: "The first three rows should be red."
        RenderListItem {LI} at (40,21) size 744x21
          RenderListMarker at (-18,0) size 7x21: bullet
          RenderText {#text} at (0,0) size 300x21
            text run at (0,0) width 300: "The last row should be orange."
        RenderListItem {LI} at (40,42) size 744x42
          RenderListMarker at (-18,0) size 7x21: bullet
          RenderText {#text} at (0,0) size 740x42
            text run at (0,0) width 740: "Cell A should be purple. Cell P should also be purple, but of a shade that"
            text run at (0,21) width 510: "reflects the underlying orange rather than the red."
      RenderBlock {DL} at (0,260) size 784x126
        RenderBlock {DT} at (0,0) size 784x21
          RenderText {#text} at (0,0) size 40x21
            text run at (0,0) width 40: "next"
        RenderBlock {DD} at (40,21) size 744x21
          RenderInline {A} at (0,0) size 320x21 [color=#FFFF00]
            RenderText {#text} at (0,0) size 320x21
              text run at (0,0) width 320: "Special Tests: Fixed Backgrounds"
          RenderText {#text} at (0,0) size 0x0
        RenderBlock {DT} at (0,42) size 784x21
          RenderText {#text} at (0,0) size 80x21
            text run at (0,0) width 80: "previous"
        RenderBlock {DD} at (40,63) size 744x21
          RenderInline {A} at (0,0) size 510x21 [color=#FFFF00]
            RenderText {#text} at (0,0) size 510x21
              text run at (0,0) width 510: "Background with Borders: Background on 'table-cell'"
          RenderText {#text} at (0,0) size 0x0
        RenderBlock {DT} at (0,84) size 784x21
          RenderText {#text} at (0,0) size 80x21
            text run at (0,0) width 80: "contents"
        RenderBlock {DD} at (40,105) size 744x21
          RenderInline {A} at (0,0) size 170x21 [color=#FFFF00]
            RenderText {#text} at (0,0) size 170x21
              text run at (0,0) width 170: "Table of Contents"
          RenderText {#text} at (0,0) size 0x0
      RenderTable {TABLE} at (0,403) size 618x482 [color=#000000] [bgcolor=#FFFFFF] [border: (1px dotted #000000)]
        RenderBlock {CAPTION} at (0,0) size 616x24 [color=#FFFFFF]
          RenderText {#text} at (128,0) size 359x24
            text run at (128,0) width 359: "With 'border-collapse: separate'"
        RenderTableCol {COLGROUP} at (0,0) size 0x0
          RenderTableCol {COL} at (0,0) size 0x0
          RenderTableCol {COL} at (0,0) size 0x0
          RenderTableCol {COL} at (0,0) size 0x0
        RenderTableCol {COLGROUP} at (0,0) size 0x0
          RenderTableCol {COL} at (0,0) size 0x0
        RenderTableSection {THEAD} at (1,25) size 616x114
        RenderTableSection {TBODY} at (1,139) size 616x213
      RenderTable {TABLE} at (0,885) size 578x434 [color=#000000] [bgcolor=#FFFFFF] [border: (6px dotted #000000)]
        RenderBlock {CAPTION} at (0,0) size 577x24 [color=#FFFFFF]
          RenderText {#text} at (112,0) size 352x24
            text run at (112,0) width 352: "With 'border-collapse: collapse'"
        RenderTableCol {COLGROUP} at (0,0) size 0x0
          RenderTableCol {COL} at (0,0) size 0x0
          RenderTableCol {COL} at (0,0) size 0x0
          RenderTableCol {COL} at (0,0) size 0x0
        RenderTableCol {COLGROUP} at (0,0) size 0x0
          RenderTableCol {COL} at (0,0) size 0x0
        RenderTableSection {THEAD} at (0,30) size 577x99
        RenderTableSection {TBODY} at (0,129) size 577x190
      RenderBlock {DIV} at (0,1319) size 784x36
        RenderInline {A} at (0,0) size 88x21 [color=#FFFF00]
          RenderImage {IMG} at (0,0) size 88x31
        RenderText {#text} at (0,0) size 0x0
      RenderBlock {ADDRESS} at (0,1355) size 784x42
        RenderText {#text} at (0,0) size 660x42
          text run at (0,0) width 660: "CSS2 Table Backgrounds Test Suite designed and written by fantasai"
          text run at (0,21) width 210: "<fantasai@escape.com>"
layer at (9,457) size 616x100
  RenderTableRow {TR} at (0,7) size 616x100 [bgcolor=#FF0000]
    RenderTableCell {TH} at (144,31) size 220x52 [border: (13px dotted #000000)] [r=0 c=1 rs=1 cs=1]
      RenderText {#text} at (86,14) size 47x24
        text run at (86,14) width 47: "TH B"
    RenderTableCell {TH} at (371,55) size 118x4 [border: (1px dotted #000000)] [r=0 c=2 rs=1 cs=1]
    RenderTableCell {TH} at (496,43) size 113x28 [border: (1px dotted #000000)] [r=0 c=3 rs=1 cs=1]
      RenderText {#text} at (32,2) size 48x24
        text run at (32,2) width 48: "TH D"
layer at (16,457) size 130x100
  RenderTableCell {TH} at (7,43) size 130x28 [bgcolor=#0000FF] [border: (1px dotted #000000)] [r=0 c=0 rs=1 cs=1]
    RenderText {#text} at (41,2) size 47x24
      text run at (41,2) width 47: "TH A"
layer at (9,777) size 616x129
  RenderTableSection {TFOOT} at (1,352) size 616x129 [bgcolor=#FFFF00]
layer at (9,784) size 616x115
  RenderTableRow {TR} at (0,7) size 616x115 [bgcolor=#FF0000]
    RenderTableCell {TD} at (7,50) size 357x28 [border: (1px dotted #000000)] [r=0 c=0 rs=1 cs=2]
      RenderText {#text} at (2,2) size 55x24
        text run at (2,2) width 55: "TD M"
    RenderTableCell {TD} at (371,50) size 118x28 [border: (1px dotted #000000)] [r=0 c=2 rs=1 cs=1]
      RenderText {#text} at (2,2) size 52x24
        text run at (2,2) width 52: "TD O"
layer at (505,784) size 113x115
  RenderTableCell {TD} at (496,50) size 113x28 [bgcolor=#0000FF] [border: (1px dotted #000000)] [r=0 c=3 rs=1 cs=1]
    RenderText {#text} at (2,2) size 50x24
      text run at (2,2) width 50: "TD P"
layer at (9,571) size 616x108
  RenderTableRow {TR} at (0,7) size 616x108 [bgcolor=#FF0000]
    RenderTableCell {TD} at (7,80) size 130x52 [border: (13px dotted #000000)] [r=0 c=0 rs=2 cs=1]
      RenderText {#text} at (14,14) size 49x24
        text run at (14,14) width 49: "TD E"
    RenderTableCell {TD} at (144,47) size 220x28 [border: (1px dotted #000000)] [r=0 c=1 rs=1 cs=1]
      RenderText {#text} at (2,2) size 49x24
        text run at (2,2) width 49: "TD F"
    RenderTableCell {TD} at (371,47) size 118x28 [border: (1px dotted #000000)] [r=0 c=2 rs=1 cs=1]
      RenderText {#text} at (2,2) size 52x24
        text run at (2,2) width 52: "TD G"
    RenderTableCell {TD} at (496,47) size 113x28 [border: (1px dotted #000000)] [r=0 c=3 rs=1 cs=1]
      RenderText {#text} at (2,2) size 52x24
        text run at (2,2) width 52: "TD H"
layer at (9,686) size 616x84
  RenderTableRow {TR} at (0,122) size 616x84 [bgcolor=#FF0000]
    RenderTableCell {TD} at (144,150) size 220x28 [border: (1px dotted #000000)] [r=1 c=1 rs=1 cs=1]
      RenderText {#text} at (2,2) size 45x24
        text run at (2,2) width 45: "TD J"
    RenderTableCell {TD} at (371,150) size 118x28 [border: (1px dotted #000000)] [r=1 c=2 rs=1 cs=1]
      RenderText {#text} at (2,2) size 51x24
        text run at (2,2) width 51: "TD K"
    RenderTableCell {TD} at (496,150) size 113x28 [border: (1px dotted #000000)] [r=1 c=3 rs=1 cs=1]
      RenderText {#text} at (2,2) size 48x24
        text run at (2,2) width 48: "TD L"
layer at (8,937) size 577x99
  RenderTableRow {TR} at (0,0) size 577x99 [bgcolor=#FF0000]
    RenderTableCell {TH} at (135,30) size 207x39 [border: (7px dotted #000000)] [r=0 c=1 rs=1 cs=1]
      RenderText {#text} at (80,8) size 47x24
        text run at (80,8) width 47: "TH B"
    RenderTableCell {TH} at (342,48) size 123x3 [border: (1px dotted #000000)] [r=0 c=2 rs=1 cs=1]
    RenderTableCell {TH} at (465,36) size 112x27 [border: (1px dotted #000000)] [r=0 c=3 rs=1 cs=1]
      RenderText {#text} at (32,2) size 48x24
        text run at (32,2) width 48: "TH D"
layer at (8,937) size 135x99
  RenderTableCell {TH} at (0,33) size 135x33 [bgcolor=#0000FF] [border: (1px dotted #000000)] [r=0 c=0 rs=1 cs=1]
    RenderText {#text} at (41,2) size 47x24
      text run at (41,2) width 47: "TH A"
layer at (8,1226) size 577x114
  RenderTableSection {TFOOT} at (0,319) size 577x114 [bgcolor=#FFFF00]
layer at (8,1226) size 577x114
  RenderTableRow {TR} at (0,0) size 577x114 [bgcolor=#FF0000]
    RenderTableCell {TD} at (0,40) size 342x33 [border: (7px dotted #000000)] [r=0 c=0 rs=1 cs=2]
      RenderText {#text} at (2,8) size 55x24
        text run at (2,8) width 55: "TD M"
    RenderTableCell {TD} at (342,43) size 123x27 [border: (1px dotted #000000)] [r=0 c=2 rs=1 cs=1]
      RenderText {#text} at (2,2) size 52x24
        text run at (2,2) width 52: "TD O"
layer at (473,1226) size 112x114
  RenderTableCell {TD} at (465,43) size 112x27 [bgcolor=#0000FF] [border: (1px dotted #000000)] [r=0 c=3 rs=1 cs=1]
    RenderText {#text} at (2,2) size 50x24
      text run at (2,2) width 50: "TD P"
layer at (8,1036) size 577x107
  RenderTableRow {TR} at (0,0) size 577x107 [bgcolor=#FF0000]
    RenderTableCell {TD} at (0,75) size 135x39 [border: (7px dotted #000000)] [r=0 c=0 rs=2 cs=1]
      RenderText {#text} at (8,8) size 49x24
        text run at (8,8) width 49: "TD E"
    RenderTableCell {TD} at (135,37) size 207x33 [border: (7px dotted #000000)] [r=0 c=1 rs=1 cs=1]
      RenderText {#text} at (8,8) size 49x24
        text run at (8,8) width 49: "TD F"
    RenderTableCell {TD} at (342,40) size 123x27 [border: (1px dotted #000000)] [r=0 c=2 rs=1 cs=1]
      RenderText {#text} at (2,2) size 52x24
        text run at (2,2) width 52: "TD G"
    RenderTableCell {TD} at (465,40) size 112x27 [border: (1px dotted #000000)] [r=0 c=3 rs=1 cs=1]
      RenderText {#text} at (2,2) size 52x24
        text run at (2,2) width 52: "TD H"
layer at (8,1143) size 577x83
  RenderTableRow {TR} at (0,107) size 577x83 [bgcolor=#FF0000]
    RenderTableCell {TD} at (135,135) size 207x27 [border: (1px dotted #000000)] [r=1 c=1 rs=1 cs=1]
      RenderText {#text} at (8,2) size 45x24
        text run at (8,2) width 45: "TD J"
    RenderTableCell {TD} at (342,135) size 123x27 [border: (1px dotted #000000)] [r=1 c=2 rs=1 cs=1]
      RenderText {#text} at (2,2) size 51x24
        text run at (2,2) width 51: "TD K"
    RenderTableCell {TD} at (465,135) size 112x27 [border: (1px dotted #000000)] [r=1 c=3 rs=1 cs=1]
      RenderText {#text} at (2,2) size 48x24
        text run at (2,2) width 48: "TD L"
