layer at (0,0) size 800x1566
  RenderView at (0,0) size 800x600
layer at (0,0) size 800x1566
  RenderBlock {HTML} at (0,0) size 800x1566
    RenderBody {BODY} at (8,22) size 784x1536 [color=#00FF00] [bgcolor=#333333]
      RenderBlock {H1} at (0,0) size 784x41
        RenderText {#text} at (0,0) size 660x41
          text run at (0,0) width 660: "CSS2 Table Backgrounds Test Suite"
      RenderBlock {H2} at (0,63) size 784x32
        RenderText {#text} at (0,0) size 368x32
          text run at (0,0) width 368: "Part A: Background Area"
      RenderBlock {H3} at (0,116) size 784x24
        RenderText {#text} at (0,0) size 336x24
          text run at (0,0) width 336: "Background on 'table-column'"
      RenderBlock {P} at (0,159) size 784x21
        RenderText {#text} at (0,0) size 280x21
          text run at (0,0) width 280: "All four columns are styled."
      RenderBlock {P} at (0,197) size 784x105
        RenderText {#text} at (0,0) size 760x105
          text run at (0,0) width 530: "The table column background should be visible within "
          text run at (530,0) width 230: "the border edge of each"
          text run at (0,21) width 400: "cell originating in the column, and the "
          text run at (400,21) width 330: "background should be continuously"
          text run at (0,42) width 310: "tiled to fill the entire cell. "
          text run at (310,42) width 450: "Within the column, all stripes should line up"
          text run at (0,63) width 210: "as if the cells were "
          text run at (210,63) width 550: "cutouts in a stencil placed over the column background."
          text run at (0,84) width 600: "Furthermore, horizontal stripes should align across columns."
      RenderBlock {P} at (0,319) size 784x63
        RenderText {#text} at (0,0) size 760x63
          text run at (0,0) width 400: "A red band should align with the bottom "
          text run at (400,0) width 360: "border edge of the last cell in each"
          text run at (0,21) width 250: "column. An orange stripe "
          text run at (250,21) width 500: "should align a few pixels to the left of the right"
          text run at (0,42) width 140: "border of the "
          text run at (140,42) width 410: "non-column-spanning cells in each column."
      RenderBlock {DL} at (0,399) size 784x126
        RenderBlock {DT} at (0,0) size 784x21
          RenderText {#text} at (0,0) size 40x21
            text run at (0,0) width 40: "next"
        RenderBlock {DD} at (40,21) size 744x21
          RenderInline {A} at (0,0) size 430x21 [color=#FFFF00]
            RenderText {#text} at (0,0) size 430x21
              text run at (0,0) width 430: "Background Area: Background on 'table-cell'"
          RenderText {#text} at (0,0) size 0x0
        RenderBlock {DT} at (0,42) size 784x21
          RenderText {#text} at (0,0) size 80x21
            text run at (0,0) width 80: "previous"
        RenderBlock {DD} at (40,63) size 744x21
          RenderInline {A} at (0,0) size 420x21 [color=#FFFF00]
            RenderText {#text} at (0,0) size 420x21
              text run at (0,0) width 420: "Background Area: Background on 'table-row'"
          RenderText {#text} at (0,0) size 0x0
        RenderBlock {DT} at (0,84) size 784x21
          RenderText {#text} at (0,0) size 80x21
            text run at (0,0) width 80: "contents"
        RenderBlock {DD} at (40,105) size 744x21
          RenderInline {A} at (0,0) size 170x21 [color=#FFFF00]
            RenderText {#text} at (0,0) size 170x21
              text run at (0,0) width 170: "Table of Contents"
          RenderText {#text} at (0,0) size 0x0
      RenderTable {TABLE} at (0,542) size 618x482 [color=#FFFFFF] [border: (1px dotted #FFFFFF)]
        RenderBlock {CAPTION} at (0,0) size 616x24
          RenderText {#text} at (128,0) size 359x24
            text run at (128,0) width 359: "With 'border-collapse: separate'"
        RenderTableCol {COLGROUP} at (0,0) size 0x0
          RenderTableCol {COL} at (0,0) size 0x0 [bgcolor=#000000]
          RenderTableCol {COL} at (0,0) size 0x0 [bgcolor=#000000]
          RenderTableCol {COL} at (0,0) size 0x0 [bgcolor=#000000]
        RenderTableCol {COLGROUP} at (0,0) size 0x0
          RenderTableCol {COL} at (0,0) size 0x0 [bgcolor=#000000]
        RenderTableSection {THEAD} at (1,25) size 616x114
          RenderTableRow {TR} at (0,7) size 616x100
            RenderTableCell {TH} at (7,43) size 130x28 [border: (1px dotted #FFFFFF)] [r=0 c=0 rs=1 cs=1]
              RenderText {#text} at (41,2) size 47x24
                text run at (41,2) width 47: "TH A"
            RenderTableCell {TH} at (144,31) size 220x52 [border: (13px dotted #FFFFFF)] [r=0 c=1 rs=1 cs=1]
              RenderText {#text} at (86,14) size 47x24
                text run at (86,14) width 47: "TH B"
            RenderTableCell {TH} at (371,43) size 118x28 [border: (1px dotted #FFFFFF)] [r=0 c=2 rs=1 cs=1]
              RenderText {#text} at (36,2) size 46x24
                text run at (36,2) width 46: "TH C"
            RenderTableCell {TH} at (496,43) size 113x28 [border: (1px dotted #FFFFFF)] [r=0 c=3 rs=1 cs=1]
              RenderText {#text} at (32,2) size 48x24
                text run at (32,2) width 48: "TH D"
        RenderTableSection {TFOOT} at (1,352) size 616x129
          RenderTableRow {TR} at (0,7) size 616x115
            RenderTableCell {TD} at (7,50) size 357x28 [border: (1px dotted #FFFFFF)] [r=0 c=0 rs=1 cs=2]
              RenderText {#text} at (2,2) size 55x24
                text run at (2,2) width 55: "TD M"
            RenderTableCell {TD} at (371,50) size 118x28 [border: (1px dotted #FFFFFF)] [r=0 c=2 rs=1 cs=1]
              RenderText {#text} at (2,2) size 52x24
                text run at (2,2) width 52: "TD O"
            RenderTableCell {TD} at (496,50) size 113x28 [border: (1px dotted #FFFFFF)] [r=0 c=3 rs=1 cs=1]
              RenderText {#text} at (2,2) size 50x24
                text run at (2,2) width 50: "TD P"
        RenderTableSection {TBODY} at (1,139) size 616x213
          RenderTableRow {TR} at (0,7) size 616x108
            RenderTableCell {TD} at (7,80) size 130x52 [border: (13px dotted #FFFFFF)] [r=0 c=0 rs=2 cs=1]
              RenderText {#text} at (14,14) size 49x24
                text run at (14,14) width 49: "TD E"
            RenderTableCell {TD} at (144,47) size 220x28 [border: (1px dotted #FFFFFF)] [r=0 c=1 rs=1 cs=1]
              RenderText {#text} at (2,2) size 49x24
                text run at (2,2) width 49: "TD F"
            RenderTableCell {TD} at (371,47) size 118x28 [border: (1px dotted #FFFFFF)] [r=0 c=2 rs=1 cs=1]
              RenderText {#text} at (2,2) size 52x24
                text run at (2,2) width 52: "TD G"
            RenderTableCell {TD} at (496,47) size 113x28 [border: (1px dotted #FFFFFF)] [r=0 c=3 rs=1 cs=1]
              RenderText {#text} at (2,2) size 52x24
                text run at (2,2) width 52: "TD H"
          RenderTableRow {TR} at (0,122) size 616x84
            RenderTableCell {TD} at (144,150) size 220x28 [border: (1px dotted #FFFFFF)] [r=1 c=1 rs=1 cs=1]
              RenderText {#text} at (2,2) size 45x24
                text run at (2,2) width 45: "TD J"
            RenderTableCell {TD} at (371,150) size 118x28 [border: (1px dotted #FFFFFF)] [r=1 c=2 rs=1 cs=1]
              RenderText {#text} at (2,2) size 51x24
                text run at (2,2) width 51: "TD K"
            RenderTableCell {TD} at (496,150) size 113x28 [border: (1px dotted #FFFFFF)] [r=1 c=3 rs=1 cs=1]
              RenderText {#text} at (2,2) size 48x24
                text run at (2,2) width 48: "TD L"
      RenderTable {TABLE} at (0,1024) size 578x434 [color=#FFFFFF] [border: (6px dotted #FFFFFF)]
        RenderBlock {CAPTION} at (0,0) size 577x24
          RenderText {#text} at (112,0) size 352x24
            text run at (112,0) width 352: "With 'border-collapse: collapse'"
        RenderTableCol {COLGROUP} at (0,0) size 0x0
          RenderTableCol {COL} at (0,0) size 0x0 [bgcolor=#000000]
          RenderTableCol {COL} at (0,0) size 0x0 [bgcolor=#000000]
          RenderTableCol {COL} at (0,0) size 0x0 [bgcolor=#000000]
        RenderTableCol {COLGROUP} at (0,0) size 0x0
          RenderTableCol {COL} at (0,0) size 0x0 [bgcolor=#000000]
        RenderTableSection {THEAD} at (0,30) size 577x99
          RenderTableRow {TR} at (0,0) size 577x99
            RenderTableCell {TH} at (0,33) size 135x33 [border: (1px dotted #FFFFFF)] [r=0 c=0 rs=1 cs=1]
              RenderText {#text} at (41,2) size 47x24
                text run at (41,2) width 47: "TH A"
            RenderTableCell {TH} at (135,30) size 207x39 [border: (7px dotted #FFFFFF)] [r=0 c=1 rs=1 cs=1]
              RenderText {#text} at (80,8) size 47x24
                text run at (80,8) width 47: "TH B"
            RenderTableCell {TH} at (342,36) size 123x27 [border: (1px dotted #FFFFFF)] [r=0 c=2 rs=1 cs=1]
              RenderText {#text} at (42,2) size 46x24
                text run at (42,2) width 46: "TH C"
            RenderTableCell {TH} at (465,36) size 112x27 [border: (1px dotted #FFFFFF)] [r=0 c=3 rs=1 cs=1]
              RenderText {#text} at (32,2) size 48x24
                text run at (32,2) width 48: "TH D"
        RenderTableSection {TFOOT} at (0,319) size 577x114
          RenderTableRow {TR} at (0,0) size 577x114
            RenderTableCell {TD} at (0,40) size 342x33 [border: (7px dotted #FFFFFF)] [r=0 c=0 rs=1 cs=2]
              RenderText {#text} at (2,8) size 55x24
                text run at (2,8) width 55: "TD M"
            RenderTableCell {TD} at (342,43) size 123x27 [border: (1px dotted #FFFFFF)] [r=0 c=2 rs=1 cs=1]
              RenderText {#text} at (2,2) size 52x24
                text run at (2,2) width 52: "TD O"
            RenderTableCell {TD} at (465,43) size 112x27 [border: (1px dotted #FFFFFF)] [r=0 c=3 rs=1 cs=1]
              RenderText {#text} at (2,2) size 50x24
                text run at (2,2) width 50: "TD P"
        RenderTableSection {TBODY} at (0,129) size 577x190
          RenderTableRow {TR} at (0,0) size 577x107
            RenderTableCell {TD} at (0,75) size 135x39 [border: (7px dotted #FFFFFF)] [r=0 c=0 rs=2 cs=1]
              RenderText {#text} at (8,8) size 49x24
                text run at (8,8) width 49: "TD E"
            RenderTableCell {TD} at (135,37) size 207x33 [border: (7px dotted #FFFFFF)] [r=0 c=1 rs=1 cs=1]
              RenderText {#text} at (8,8) size 49x24
                text run at (8,8) width 49: "TD F"
            RenderTableCell {TD} at (342,40) size 123x27 [border: (1px dotted #FFFFFF)] [r=0 c=2 rs=1 cs=1]
              RenderText {#text} at (2,2) size 52x24
                text run at (2,2) width 52: "TD G"
            RenderTableCell {TD} at (465,40) size 112x27 [border: (1px dotted #FFFFFF)] [r=0 c=3 rs=1 cs=1]
              RenderText {#text} at (2,2) size 52x24
                text run at (2,2) width 52: "TD H"
          RenderTableRow {TR} at (0,107) size 577x83
            RenderTableCell {TD} at (135,135) size 207x27 [border: (1px dotted #FFFFFF)] [r=1 c=1 rs=1 cs=1]
              RenderText {#text} at (8,2) size 45x24
                text run at (8,2) width 45: "TD J"
            RenderTableCell {TD} at (342,135) size 123x27 [border: (1px dotted #FFFFFF)] [r=1 c=2 rs=1 cs=1]
              RenderText {#text} at (2,2) size 51x24
                text run at (2,2) width 51: "TD K"
            RenderTableCell {TD} at (465,135) size 112x27 [border: (1px dotted #FFFFFF)] [r=1 c=3 rs=1 cs=1]
              RenderText {#text} at (2,2) size 48x24
                text run at (2,2) width 48: "TD L"
      RenderBlock {DIV} at (0,1458) size 784x36
        RenderInline {A} at (0,0) size 88x21 [color=#FFFF00]
          RenderImage {IMG} at (0,0) size 88x31
        RenderText {#text} at (0,0) size 0x0
      RenderBlock {ADDRESS} at (0,1494) size 784x42
        RenderText {#text} at (0,0) size 660x42
          text run at (0,0) width 660: "CSS2 Table Backgrounds Test Suite designed and written by fantasai"
          text run at (0,21) width 210: "<fantasai@escape.com>"
