layer at (0,0) size 800x600
  RenderView at (0,0) size 800x600
layer at (0,0) size 800x600
  RenderBlock {HTML} at (0,0) size 800x600
    RenderBody {BODY} at (8,8) size 784x584
      RenderBlock {P} at (0,0) size 784x54
        RenderText {#text} at (0,0) size 775x54
          text run at (0,0) width 753: "Colgroups are used to identify column groups. This table has two distinct column groups"
          text run at (0,18) width 775: "titled 'Airport Location' and 'Car Rental Information'. The first has a width of 200 pixels; the"
          text run at (0,36) width 282: "second has a width of 400 pixels."
      RenderTable {TABLE} at (0,71) size 784x190 [border: (1px outset #808080)]
        RenderTableCol {COLGROUP} at (0,0) size 0x0
        RenderTableCol {COLGROUP} at (0,0) size 0x0
        RenderTableSection {TBODY} at (1,1) size 782x188
          RenderTableRow {TR} at (0,2) size 782x22
            RenderTableCell {TH} at (2,2) size 496x22 [border: (1px inset #808080)] [r=0 c=0 rs=1 cs=2]
              RenderText {#text} at (170,2) size 155x18
                text run at (170,2) width 155: "Airport Location"
            RenderTableCell {TH} at (500,2) size 280x22 [border: (1px inset #808080)] [r=0 c=2 rs=1 cs=3]
              RenderText {#text} at (31,2) size 217x18
                text run at (31,2) width 217: "Car Rental Information"
          RenderTableRow {TR} at (0,26) size 782x40
            RenderTableCell {TH} at (2,35) size 174x22 [border: (1px inset #808080)] [r=1 c=0 rs=1 cs=1]
              RenderText {#text} at (49,2) size 75x18
                text run at (49,2) width 75: "Country"
            RenderTableCell {TH} at (178,35) size 320x22 [border: (1px inset #808080)] [r=1 c=1 rs=1 cs=1]
              RenderText {#text} at (141,2) size 37x18
                text run at (141,2) width 37: "City"
            RenderTableCell {TH} at (500,26) size 92x40 [border: (1px inset #808080)] [r=1 c=2 rs=1 cs=1]
              RenderText {#text} at (27,2) size 88x36
                text run at (27,2) width 38: "ABC"
                text run at (2,20) width 88: "Company"
            RenderTableCell {TH} at (594,26) size 92x40 [border: (1px inset #808080)] [r=1 c=3 rs=1 cs=1]
              RenderText {#text} at (27,2) size 88x36
                text run at (27,2) width 38: "EFG"
                text run at (2,20) width 88: "Company"
            RenderTableCell {TH} at (688,26) size 92x40 [border: (1px inset #808080)] [r=1 c=4 rs=1 cs=1]
              RenderText {#text} at (27,2) size 88x36
                text run at (27,2) width 37: "XYZ"
                text run at (2,20) width 88: "Company"
          RenderTableRow {TR} at (0,68) size 782x22
            RenderTableCell {TD} at (2,68) size 174x22 [border: (1px inset #808080)] [r=2 c=0 rs=1 cs=1]
              RenderText {#text} at (2,2) size 56x18
                text run at (2,2) width 56: "France"
            RenderTableCell {TD} at (178,68) size 320x22 [border: (1px inset #808080)] [r=2 c=1 rs=1 cs=1]
              RenderText {#text} at (2,2) size 40x18
                text run at (2,2) width 40: "Paris"
            RenderTableCell {TD} at (500,68) size 92x22 [border: (1px inset #808080)] [r=2 c=2 rs=1 cs=1]
              RenderText {#text} at (2,2) size 29x18
                text run at (2,2) width 29: "yes"
            RenderTableCell {TD} at (594,68) size 92x22 [border: (1px inset #808080)] [r=2 c=3 rs=1 cs=1]
              RenderText {#text} at (2,2) size 29x18
                text run at (2,2) width 29: "yes"
            RenderTableCell {TD} at (688,68) size 92x22 [border: (1px inset #808080)] [r=2 c=4 rs=1 cs=1]
              RenderText {#text} at (2,2) size 29x18
                text run at (2,2) width 29: "yes"
          RenderTableRow {TR} at (0,92) size 782x22
            RenderTableCell {TD} at (2,92) size 174x22 [border: (1px inset #808080)] [r=3 c=0 rs=1 cs=1]
              RenderText {#text} at (2,2) size 78x18
                text run at (2,2) width 78: "Germany"
            RenderTableCell {TD} at (178,92) size 320x22 [border: (1px inset #808080)] [r=3 c=1 rs=1 cs=1]
              RenderText {#text} at (2,2) size 78x18
                text run at (2,2) width 78: "Frankfurt"
            RenderTableCell {TD} at (500,92) size 92x22 [border: (1px inset #808080)] [r=3 c=2 rs=1 cs=1]
              RenderText {#text} at (2,2) size 29x18
                text run at (2,2) width 29: "yes"
            RenderTableCell {TD} at (594,92) size 92x22 [border: (1px inset #808080)] [r=3 c=3 rs=1 cs=1]
              RenderText {#text} at (2,2) size 29x18
                text run at (2,2) width 29: "yes"
            RenderTableCell {TD} at (688,92) size 92x22 [border: (1px inset #808080)] [r=3 c=4 rs=1 cs=1]
              RenderText {#text} at (2,2) size 29x18
                text run at (2,2) width 29: "yes"
          RenderTableRow {TR} at (0,116) size 782x22
            RenderTableCell {TD} at (2,116) size 174x22 [border: (1px inset #808080)] [r=4 c=0 rs=1 cs=1]
              RenderText {#text} at (2,2) size 70x18
                text run at (2,2) width 70: "England"
            RenderTableCell {TD} at (178,116) size 320x22 [border: (1px inset #808080)] [r=4 c=1 rs=1 cs=1]
              RenderText {#text} at (2,2) size 62x18
                text run at (2,2) width 62: "London"
            RenderTableCell {TD} at (500,116) size 92x22 [border: (1px inset #808080)] [r=4 c=2 rs=1 cs=1]
              RenderText {#text} at (2,2) size 29x18
                text run at (2,2) width 29: "yes"
            RenderTableCell {TD} at (594,116) size 92x22 [border: (1px inset #808080)] [r=4 c=3 rs=1 cs=1]
              RenderText {#text} at (2,2) size 29x18
                text run at (2,2) width 29: "yes"
            RenderTableCell {TD} at (688,116) size 92x22 [border: (1px inset #808080)] [r=4 c=4 rs=1 cs=1]
              RenderText {#text} at (2,2) size 29x18
                text run at (2,2) width 29: "yes"
          RenderTableRow {TR} at (0,140) size 782x22
            RenderTableCell {TD} at (2,140) size 174x22 [border: (1px inset #808080)] [r=5 c=0 rs=1 cs=1]
              RenderText {#text} at (2,2) size 104x18
                text run at (2,2) width 104: "Netherlands"
            RenderTableCell {TD} at (178,140) size 320x22 [border: (1px inset #808080)] [r=5 c=1 rs=1 cs=1]
              RenderText {#text} at (2,2) size 100x18
                text run at (2,2) width 100: "Amsterdam"
            RenderTableCell {TD} at (500,140) size 92x22 [border: (1px inset #808080)] [r=5 c=2 rs=1 cs=1]
              RenderText {#text} at (2,2) size 29x18
                text run at (2,2) width 29: "yes"
            RenderTableCell {TD} at (594,140) size 92x22 [border: (1px inset #808080)] [r=5 c=3 rs=1 cs=1]
              RenderText {#text} at (2,2) size 29x18
                text run at (2,2) width 29: "yes"
            RenderTableCell {TD} at (688,140) size 92x22 [border: (1px inset #808080)] [r=5 c=4 rs=1 cs=1]
              RenderText {#text} at (2,2) size 29x18
                text run at (2,2) width 29: "yes"
          RenderTableRow {TR} at (0,164) size 782x22
            RenderTableCell {TD} at (2,164) size 174x22 [border: (1px inset #808080)] [r=6 c=0 rs=1 cs=1]
              RenderText {#text} at (2,2) size 35x18
                text run at (2,2) width 35: "USA"
            RenderTableCell {TD} at (178,164) size 320x22 [border: (1px inset #808080)] [r=6 c=1 rs=1 cs=1]
              RenderText {#text} at (2,2) size 78x18
                text run at (2,2) width 78: "New York"
            RenderTableCell {TD} at (500,164) size 92x22 [border: (1px inset #808080)] [r=6 c=2 rs=1 cs=1]
              RenderText {#text} at (2,2) size 29x18
                text run at (2,2) width 29: "yes"
            RenderTableCell {TD} at (594,164) size 92x22 [border: (1px inset #808080)] [r=6 c=3 rs=1 cs=1]
              RenderText {#text} at (2,2) size 29x18
                text run at (2,2) width 29: "yes"
            RenderTableCell {TD} at (688,164) size 92x22 [border: (1px inset #808080)] [r=6 c=4 rs=1 cs=1]
              RenderText {#text} at (2,2) size 29x18
                text run at (2,2) width 29: "yes"
