layer at (0,0) size 800x600
  RenderView at (0,0) size 800x600
layer at (0,0) size 800x600
  RenderBlock {HTML} at (0,0) size 800x600
    RenderBody {BODY} at (8,8) size 784x584
      RenderBlock {P} at (0,0) size 784x54
        RenderText {#text} at (0,0) size 753x54
          text run at (0,0) width 753: "Colgroups are used to identify column groups. This table has two distinct column groups"
          text run at (0,18) width 725: "titled 'Airport Location' and 'Car Rental Information'. The first has a width of 20%; the"
          text run at (0,36) width 287: "second has a width of 40% pixels."
      RenderTable {TABLE} at (0,71) size 784x190 [border: (1px outset #808080)]
        RenderTableCol {COLGROUP} at (0,0) size 0x0
        RenderTableCol {COLGROUP} at (0,0) size 0x0
        RenderTableSection {TBODY} at (1,1) size 782x188
          RenderTableRow {TR} at (0,2) size 782x22
            RenderTableCell {TH} at (2,2) size 464x22 [border: (1px inset #808080)] [r=0 c=0 rs=1 cs=2]
              RenderText {#text} at (154,2) size 155x18
                text run at (154,2) width 155: "Airport Location"
            RenderTableCell {TH} at (468,2) size 312x22 [border: (1px inset #808080)] [r=0 c=2 rs=1 cs=3]
              RenderText {#text} at (47,2) size 217x18
                text run at (47,2) width 217: "Car Rental Information"
          RenderTableRow {TR} at (0,26) size 782x40
            RenderTableCell {TH} at (2,35) size 154x22 [border: (1px inset #808080)] [r=1 c=0 rs=1 cs=1]
              RenderText {#text} at (39,2) size 75x18
                text run at (39,2) width 75: "Country"
            RenderTableCell {TH} at (158,35) size 308x22 [border: (1px inset #808080)] [r=1 c=1 rs=1 cs=1]
              RenderText {#text} at (135,2) size 37x18
                text run at (135,2) width 37: "City"
            RenderTableCell {TH} at (468,26) size 102x40 [border: (1px inset #808080)] [r=1 c=2 rs=1 cs=1]
              RenderText {#text} at (32,2) size 88x36
                text run at (32,2) width 38: "ABC"
                text run at (7,20) width 88: "Company"
            RenderTableCell {TH} at (572,26) size 103x40 [border: (1px inset #808080)] [r=1 c=3 rs=1 cs=1]
              RenderText {#text} at (32,2) size 88x36
                text run at (32,2) width 38: "EFG"
                text run at (7,20) width 88: "Company"
            RenderTableCell {TH} at (677,26) size 103x40 [border: (1px inset #808080)] [r=1 c=4 rs=1 cs=1]
              RenderText {#text} at (33,2) size 88x36
                text run at (33,2) width 37: "XYZ"
                text run at (7,20) width 88: "Company"
          RenderTableRow {TR} at (0,68) size 782x22
            RenderTableCell {TD} at (2,68) size 154x22 [border: (1px inset #808080)] [r=2 c=0 rs=1 cs=1]
              RenderText {#text} at (2,2) size 56x18
                text run at (2,2) width 56: "France"
            RenderTableCell {TD} at (158,68) size 308x22 [border: (1px inset #808080)] [r=2 c=1 rs=1 cs=1]
              RenderText {#text} at (2,2) size 40x18
                text run at (2,2) width 40: "Paris"
            RenderTableCell {TD} at (468,68) size 102x22 [border: (1px inset #808080)] [r=2 c=2 rs=1 cs=1]
              RenderText {#text} at (2,2) size 29x18
                text run at (2,2) width 29: "yes"
            RenderTableCell {TD} at (572,68) size 103x22 [border: (1px inset #808080)] [r=2 c=3 rs=1 cs=1]
              RenderText {#text} at (2,2) size 29x18
                text run at (2,2) width 29: "yes"
            RenderTableCell {TD} at (677,68) size 103x22 [border: (1px inset #808080)] [r=2 c=4 rs=1 cs=1]
              RenderText {#text} at (2,2) size 29x18
                text run at (2,2) width 29: "yes"
          RenderTableRow {TR} at (0,92) size 782x22
            RenderTableCell {TD} at (2,92) size 154x22 [border: (1px inset #808080)] [r=3 c=0 rs=1 cs=1]
              RenderText {#text} at (2,2) size 78x18
                text run at (2,2) width 78: "Germany"
            RenderTableCell {TD} at (158,92) size 308x22 [border: (1px inset #808080)] [r=3 c=1 rs=1 cs=1]
              RenderText {#text} at (2,2) size 78x18
                text run at (2,2) width 78: "Frankfurt"
            RenderTableCell {TD} at (468,92) size 102x22 [border: (1px inset #808080)] [r=3 c=2 rs=1 cs=1]
              RenderText {#text} at (2,2) size 29x18
                text run at (2,2) width 29: "yes"
            RenderTableCell {TD} at (572,92) size 103x22 [border: (1px inset #808080)] [r=3 c=3 rs=1 cs=1]
              RenderText {#text} at (2,2) size 29x18
                text run at (2,2) width 29: "yes"
            RenderTableCell {TD} at (677,92) size 103x22 [border: (1px inset #808080)] [r=3 c=4 rs=1 cs=1]
              RenderText {#text} at (2,2) size 29x18
                text run at (2,2) width 29: "yes"
          RenderTableRow {TR} at (0,116) size 782x22
            RenderTableCell {TD} at (2,116) size 154x22 [border: (1px inset #808080)] [r=4 c=0 rs=1 cs=1]
              RenderText {#text} at (2,2) size 70x18
                text run at (2,2) width 70: "England"
            RenderTableCell {TD} at (158,116) size 308x22 [border: (1px inset #808080)] [r=4 c=1 rs=1 cs=1]
              RenderText {#text} at (2,2) size 62x18
                text run at (2,2) width 62: "London"
            RenderTableCell {TD} at (468,116) size 102x22 [border: (1px inset #808080)] [r=4 c=2 rs=1 cs=1]
              RenderText {#text} at (2,2) size 29x18
                text run at (2,2) width 29: "yes"
            RenderTableCell {TD} at (572,116) size 103x22 [border: (1px inset #808080)] [r=4 c=3 rs=1 cs=1]
              RenderText {#text} at (2,2) size 29x18
                text run at (2,2) width 29: "yes"
            RenderTableCell {TD} at (677,116) size 103x22 [border: (1px inset #808080)] [r=4 c=4 rs=1 cs=1]
              RenderText {#text} at (2,2) size 29x18
                text run at (2,2) width 29: "yes"
          RenderTableRow {TR} at (0,140) size 782x22
            RenderTableCell {TD} at (2,140) size 154x22 [border: (1px inset #808080)] [r=5 c=0 rs=1 cs=1]
              RenderText {#text} at (2,2) size 104x18
                text run at (2,2) width 104: "Netherlands"
            RenderTableCell {TD} at (158,140) size 308x22 [border: (1px inset #808080)] [r=5 c=1 rs=1 cs=1]
              RenderText {#text} at (2,2) size 100x18
                text run at (2,2) width 100: "Amsterdam"
            RenderTableCell {TD} at (468,140) size 102x22 [border: (1px inset #808080)] [r=5 c=2 rs=1 cs=1]
              RenderText {#text} at (2,2) size 29x18
                text run at (2,2) width 29: "yes"
            RenderTableCell {TD} at (572,140) size 103x22 [border: (1px inset #808080)] [r=5 c=3 rs=1 cs=1]
              RenderText {#text} at (2,2) size 29x18
                text run at (2,2) width 29: "yes"
            RenderTableCell {TD} at (677,140) size 103x22 [border: (1px inset #808080)] [r=5 c=4 rs=1 cs=1]
              RenderText {#text} at (2,2) size 29x18
                text run at (2,2) width 29: "yes"
          RenderTableRow {TR} at (0,164) size 782x22
            RenderTableCell {TD} at (2,164) size 154x22 [border: (1px inset #808080)] [r=6 c=0 rs=1 cs=1]
              RenderText {#text} at (2,2) size 35x18
                text run at (2,2) width 35: "USA"
            RenderTableCell {TD} at (158,164) size 308x22 [border: (1px inset #808080)] [r=6 c=1 rs=1 cs=1]
              RenderText {#text} at (2,2) size 78x18
                text run at (2,2) width 78: "New York"
            RenderTableCell {TD} at (468,164) size 102x22 [border: (1px inset #808080)] [r=6 c=2 rs=1 cs=1]
              RenderText {#text} at (2,2) size 29x18
                text run at (2,2) width 29: "yes"
            RenderTableCell {TD} at (572,164) size 103x22 [border: (1px inset #808080)] [r=6 c=3 rs=1 cs=1]
              RenderText {#text} at (2,2) size 29x18
                text run at (2,2) width 29: "yes"
            RenderTableCell {TD} at (677,164) size 103x22 [border: (1px inset #808080)] [r=6 c=4 rs=1 cs=1]
              RenderText {#text} at (2,2) size 29x18
                text run at (2,2) width 29: "yes"
