layer at (0,0) size 800x600
  RenderView at (0,0) size 800x600
layer at (0,0) size 800x600
  RenderBlock {HTML} at (0,0) size 800x600
    RenderBody {BODY} at (8,8) size 784x584
      RenderBlock (anonymous) at (0,0) size 784x36
        RenderText {#text} at (0,0) size 774x36
          text run at (0,0) width 774: "This test case shows how WIDTH can set the width of the table to a fixed size using PIXELS."
          text run at (0,18) width 345: "This first table has a width of 400 pixels."
      RenderTable {TABLE} at (0,36) size 400x46
        RenderTableSection {TBODY} at (0,0) size 400x46
          RenderTableRow {TR} at (0,2) size 400x20
            RenderTableCell {TD} at (2,2) size 129x20 [r=0 c=0 rs=1 cs=1]
              RenderText {#text} at (1,1) size 83x18
                text run at (1,1) width 83: "Navigator"
            RenderTableCell {TD} at (133,2) size 138x20 [r=0 c=1 rs=1 cs=1]
              RenderText {#text} at (1,1) size 92x18
                text run at (1,1) width 92: "Messenger"
            RenderTableCell {TD} at (273,2) size 125x20 [r=0 c=2 rs=1 cs=1]
              RenderText {#text} at (1,1) size 70x18
                text run at (1,1) width 70: "Collabra"
          RenderTableRow {TR} at (0,24) size 400x20
            RenderTableCell {TD} at (2,24) size 129x20 [r=1 c=0 rs=1 cs=1]
              RenderText {#text} at (1,1) size 86x18
                text run at (1,1) width 86: "Composer"
            RenderTableCell {TD} at (133,24) size 138x20 [r=1 c=1 rs=1 cs=1]
              RenderText {#text} at (1,1) size 76x18
                text run at (1,1) width 76: "Calendar"
            RenderTableCell {TD} at (273,24) size 125x20 [r=1 c=2 rs=1 cs=1]
              RenderText {#text} at (1,1) size 82x18
                text run at (1,1) width 82: "Netcaster"
      RenderBlock (anonymous) at (0,82) size 784x36
        RenderBR {BR} at (0,0) size 0x18
        RenderText {#text} at (0,18) size 425x18
          text run at (0,18) width 425: "While, this second table has a width of 300 pixels."
      RenderTable {TABLE} at (0,118) size 300x46
        RenderTableSection {TBODY} at (0,0) size 300x46
          RenderTableRow {TR} at (0,2) size 300x20
            RenderTableCell {TD} at (2,2) size 96x20 [r=0 c=0 rs=1 cs=1]
              RenderText {#text} at (1,1) size 83x18
                text run at (1,1) width 83: "Navigator"
            RenderTableCell {TD} at (100,2) size 103x20 [r=0 c=1 rs=1 cs=1]
              RenderText {#text} at (1,1) size 92x18
                text run at (1,1) width 92: "Messenger"
            RenderTableCell {TD} at (205,2) size 93x20 [r=0 c=2 rs=1 cs=1]
              RenderText {#text} at (1,1) size 70x18
                text run at (1,1) width 70: "Collabra"
          RenderTableRow {TR} at (0,24) size 300x20
            RenderTableCell {TD} at (2,24) size 96x20 [r=1 c=0 rs=1 cs=1]
              RenderText {#text} at (1,1) size 86x18
                text run at (1,1) width 86: "Composer"
            RenderTableCell {TD} at (100,24) size 103x20 [r=1 c=1 rs=1 cs=1]
              RenderText {#text} at (1,1) size 76x18
                text run at (1,1) width 76: "Calendar"
            RenderTableCell {TD} at (205,24) size 93x20 [r=1 c=2 rs=1 cs=1]
              RenderText {#text} at (1,1) size 82x18
                text run at (1,1) width 82: "Netcaster"
