layer at (0,0) size 800x600
  RenderView at (0,0) size 800x600
layer at (0,0) size 800x600
  RenderBlock {HTML} at (0,0) size 800x600
    RenderBody {BODY} at (8,8) size 784x584
      RenderBlock (anonymous) at (0,0) size 784x36
        RenderText {#text} at (0,0) size 726x36
          text run at (0,0) width 726: "The table heading (The EggPlant Exchange) should not wrap when window is resized."
          text run at (0,18) width 239: "However, the cell below the "
          text run at (239,18) width 274: "heading will wrap atuomatically."
        RenderBR {BR} at (513,31) size 0x0
      RenderTable {TABLE} at (0,36) size 317x52 [border: (1px outset #808080)]
        RenderTableSection {TBODY} at (1,1) size 315x50
          RenderTableRow {TR} at (0,2) size 315x22
            RenderTableCell {TH} at (2,2) size 305x22 [border: (1px inset #808080)] [r=0 c=0 rs=1 cs=1]
              RenderText {#text} at (40,2) size 225x18
                text run at (40,2) width 225: "The Eggplant Exchange"
            RenderTableCell {TH} at (309,11) size 4x4 [border: (1px inset #808080)] [r=0 c=1 rs=1 cs=1]
          RenderTableRow {TR} at (0,26) size 315x22
            RenderTableCell {TD} at (2,26) size 305x22 [border: (1px inset #808080)] [r=1 c=0 rs=1 cs=1]
              RenderText {#text} at (2,2) size 301x18
                text run at (2,2) width 301: "Lots of Recipies for Eggplant Lovers"
