layer at (0,0) size 800x600
  RenderView at (0,0) size 800x600
layer at (0,0) size 800x600
  RenderBlock {HTML} at (0,0) size 800x600
    RenderBody {BODY} at (8,8) size 784x584
      RenderTable {TABLE} at (0,0) size 784x68 [border: (3px dashed #FF0000)]
        RenderTableSection {TBODY} at (3,3) size 778x62
          RenderTableRow {TR} at (0,2) size 778x58
            RenderTableCell {TD} at (2,2) size 386x58 [border: (1px inset #FF0000)] [r=0 c=0 rs=1 cs=1]
              RenderText {#text} at (2,2) size 358x54
                text run at (2,2) width 358: "This is a table with a red dashed border to"
                text run at (2,20) width 314: "test the STYLE attribute of the TABLE"
                text run at (2,38) width 75: "element."
            RenderTableCell {TD} at (390,2) size 386x58 [border: (1px inset #FF0000)] [r=0 c=1 rs=1 cs=1]
              RenderText {#text} at (2,2) size 358x54
                text run at (2,2) width 358: "This is a table with a red dashed border to"
                text run at (2,20) width 314: "test the STYLE attribute of the TABLE"
                text run at (2,38) width 75: "element."
