layer at (0,0) size 800x600
  RenderView at (0,0) size 800x600
layer at (0,0) size 800x130
  RenderBlock {html} at (0,0) size 800x130
    RenderBody {body} at (8,17) size 784x105
      RenderBlock {p} at (0,0) size 784x18
        RenderText {#text} at (0,0) size 392x18
          text run at (0,0) width 392: "The table caption should be aligned at the top"
      RenderTable {table} at (0,35) size 157x70 [border: (1px outset #808080)]
        RenderBlock {caption} at (0,0) size 155x18
          RenderText {#text} at (40,0) size 75x18
            text run at (40,0) width 75: "CAPTION"
        RenderTableSection (anonymous) at (1,19) size 155x50
          RenderTableRow {tr} at (0,2) size 155x22
            RenderTableCell {td} at (2,2) size 49x22 [border: (1px inset #808080)] [r=0 c=0 rs=1 cs=1]
              RenderText {#text} at (2,2) size 45x18
                text run at (2,2) width 45: "cell 1"
            RenderTableCell {td} at (53,2) size 49x22 [border: (1px inset #808080)] [r=0 c=1 rs=1 cs=1]
              RenderText {#text} at (2,2) size 45x18
                text run at (2,2) width 45: "cell 2"
            RenderTableCell {td} at (104,2) size 49x22 [border: (1px inset #808080)] [r=0 c=2 rs=1 cs=1]
              RenderText {#text} at (2,2) size 45x18
                text run at (2,2) width 45: "cell 3"
          RenderTableRow {tr} at (0,26) size 155x22
            RenderTableCell {td} at (2,26) size 49x22 [border: (1px inset #808080)] [r=1 c=0 rs=1 cs=1]
              RenderText {#text} at (2,2) size 45x18
                text run at (2,2) width 45: "cell 4"
            RenderTableCell {td} at (53,26) size 49x22 [border: (1px inset #808080)] [r=1 c=1 rs=1 cs=1]
              RenderText {#text} at (2,2) size 45x18
                text run at (2,2) width 45: "cell 5"
            RenderTableCell {td} at (104,26) size 49x22 [border: (1px inset #808080)] [r=1 c=2 rs=1 cs=1]
              RenderText {#text} at (2,2) size 45x18
                text run at (2,2) width 45: "cell 6"
