layer at (0,0) size 800x600
  RenderView at (0,0) size 800x600
layer at (0,0) size 800x62
  RenderBlock {html} at (0,0) size 800x62
    RenderBody {body} at (8,8) size 784x46
      RenderTable {table} at (0,0) size 784x46 [border: (1px outset #808080)]
        RenderBlock {caption} at (0,0) size 782x18 [bgcolor=#00FF00]
          RenderText {#text} at (203,0) size 375x18
            text run at (203,0) width 232: "This caption should have a "
            text run at (435,0) width 143: "lime background"
        RenderTableSection (anonymous) at (1,19) size 782x26
          RenderTableRow {tr} at (0,2) size 782x22
            RenderTableCell {td} at (2,2) size 778x22 [border: (1px inset #808080)] [r=0 c=0 rs=1 cs=1]
              RenderText {#text} at (2,2) size 29x18
                text run at (2,2) width 29: "cell"
