layer at (0,0) size 800x600
  RenderView at (0,0) size 800x600
layer at (0,0) size 800x112
  RenderBlock {html} at (0,0) size 800x112
    RenderBody {body} at (8,17) size 784x87
      RenderBlock {p} at (0,0) size 784x18
        RenderText {#text} at (0,0) size 455x18
          text run at (0,0) width 455: "Numbers in table should be aligned at decimal points"
      RenderTable {table} at (0,35) size 400x52 [border: (1px outset #808080)]
        RenderTableCol {colgroup} at (0,0) size 0x0
          RenderTableCol {col} at (0,0) size 0x0
          RenderTableCol {col} at (0,0) size 0x0
        RenderTableSection (anonymous) at (1,1) size 398x50
          RenderTableRow {tr} at (0,2) size 398x22
            RenderTableCell {td} at (2,2) size 182x22 [border: (1px inset #808080)] [r=0 c=0 rs=1 cs=1]
              RenderText {#text} at (2,2) size 49x18
                text run at (2,2) width 49: "55.00"
            RenderTableCell {td} at (186,2) size 210x22 [border: (1px inset #808080)] [r=0 c=1 rs=1 cs=1]
              RenderText {#text} at (2,2) size 82x18
                text run at (2,2) width 82: "55555.00"
          RenderTableRow {tr} at (0,26) size 398x22
            RenderTableCell {td} at (2,26) size 182x22 [border: (1px inset #808080)] [r=1 c=0 rs=1 cs=1]
              RenderText {#text} at (2,2) size 71x18
                text run at (2,2) width 71: "1234.56"
            RenderTableCell {td} at (186,26) size 210x22 [border: (1px inset #808080)] [r=1 c=1 rs=1 cs=1]
              RenderText {#text} at (2,2) size 60x18
                text run at (2,2) width 60: "123.45"
