layer at (0,0) size 800x600
  RenderView at (0,0) size 800x600
layer at (0,0) size 800x212
  RenderBlock {html} at (0,0) size 800x212
    RenderBody {body} at (8,17) size 784x187
      RenderBlock {p} at (0,0) size 784x18
        RenderText {#text} at (0,0) size 523x18
          text run at (0,0) width 523: "The numbers in the TFOOT should align at the decimal points"
      RenderTable {table} at (0,35) size 443x152 [border: (1px outset #808080)]
        RenderTableSection {thead} at (1,1) size 441x50
          RenderTableRow {tr} at (0,2) size 441x22
            RenderTableCell {td} at (2,2) size 137x22 [border: (1px inset #808080)] [r=0 c=0 rs=1 cs=1]
              RenderText {#text} at (2,2) size 60x18
                text run at (2,2) width 60: "THEAD"
            RenderTableCell {td} at (141,2) size 148x22 [border: (1px inset #808080)] [r=0 c=1 rs=1 cs=1]
              RenderText {#text} at (2,2) size 60x18
                text run at (2,2) width 60: "THEAD"
            RenderTableCell {td} at (291,2) size 148x22 [border: (1px inset #808080)] [r=0 c=2 rs=1 cs=1]
              RenderText {#text} at (2,2) size 60x18
                text run at (2,2) width 60: "THEAD"
          RenderTableRow {tr} at (0,26) size 441x22
            RenderTableCell {td} at (2,26) size 137x22 [border: (1px inset #808080)] [r=1 c=0 rs=1 cs=1]
              RenderText {#text} at (2,2) size 60x18
                text run at (2,2) width 60: "THEAD"
            RenderTableCell {td} at (141,26) size 148x22 [border: (1px inset #808080)] [r=1 c=1 rs=1 cs=1]
              RenderText {#text} at (2,2) size 60x18
                text run at (2,2) width 60: "THEAD"
            RenderTableCell {td} at (291,26) size 148x22 [border: (1px inset #808080)] [r=1 c=2 rs=1 cs=1]
              RenderText {#text} at (2,2) size 60x18
                text run at (2,2) width 60: "THEAD"
        RenderTableSection {tfoot} at (1,101) size 441x50
          RenderTableRow {tr} at (0,2) size 441x22
            RenderTableCell {td} at (2,2) size 137x22 [border: (1px inset #808080)] [r=0 c=0 rs=1 cs=1]
              RenderText {#text} at (2,2) size 111x18
                text run at (2,2) width 111: "TFOOT 55.00"
            RenderTableCell {td} at (141,2) size 148x22 [border: (1px inset #808080)] [r=0 c=1 rs=1 cs=1]
              RenderText {#text} at (2,2) size 144x18
                text run at (2,2) width 144: "TFOOT 55555.00"
            RenderTableCell {td} at (291,2) size 148x22 [border: (1px inset #808080)] [r=0 c=2 rs=1 cs=1]
              RenderText {#text} at (2,2) size 122x18
                text run at (2,2) width 122: "TFOOT 555.00"
          RenderTableRow {tr} at (0,26) size 441x22
            RenderTableCell {td} at (2,26) size 137x22 [border: (1px inset #808080)] [r=1 c=0 rs=1 cs=1]
              RenderText {#text} at (2,2) size 133x18
                text run at (2,2) width 133: "TFOOT 1234.56"
            RenderTableCell {td} at (141,26) size 148x22 [border: (1px inset #808080)] [r=1 c=1 rs=1 cs=1]
              RenderText {#text} at (2,2) size 122x18
                text run at (2,2) width 122: "TFOOT 123.45"
            RenderTableCell {td} at (291,26) size 148x22 [border: (1px inset #808080)] [r=1 c=2 rs=1 cs=1]
              RenderText {#text} at (2,2) size 144x18
                text run at (2,2) width 144: "TFOOT 12345.67"
        RenderTableSection {tbody} at (1,51) size 441x50
          RenderTableRow {tr} at (0,2) size 441x22
            RenderTableCell {td} at (2,2) size 137x22 [border: (1px inset #808080)] [r=0 c=0 rs=1 cs=1]
              RenderText {#text} at (2,2) size 58x18
                text run at (2,2) width 58: "TBODY"
            RenderTableCell {td} at (141,2) size 148x22 [border: (1px inset #808080)] [r=0 c=1 rs=1 cs=1]
              RenderText {#text} at (2,2) size 58x18
                text run at (2,2) width 58: "TBODY"
            RenderTableCell {td} at (291,2) size 148x22 [border: (1px inset #808080)] [r=0 c=2 rs=1 cs=1]
              RenderText {#text} at (2,2) size 58x18
                text run at (2,2) width 58: "TBODY"
          RenderTableRow {tr} at (0,26) size 441x22
            RenderTableCell {td} at (2,26) size 137x22 [border: (1px inset #808080)] [r=1 c=0 rs=1 cs=1]
              RenderText {#text} at (2,2) size 58x18
                text run at (2,2) width 58: "TBODY"
            RenderTableCell {td} at (141,26) size 148x22 [border: (1px inset #808080)] [r=1 c=1 rs=1 cs=1]
              RenderText {#text} at (2,2) size 58x18
                text run at (2,2) width 58: "TBODY"
            RenderTableCell {td} at (291,26) size 148x22 [border: (1px inset #808080)] [r=1 c=2 rs=1 cs=1]
              RenderText {#text} at (2,2) size 58x18
                text run at (2,2) width 58: "TBODY"
