layer at (0,0) size 800x600
  RenderView at (0,0) size 800x600
layer at (0,0) size 800x116
  RenderBlock {html} at (0,0) size 800x116
    RenderBody {body} at (8,8) size 784x100
      RenderTable {table} at (0,0) size 784x100 [border: (1px outset #808080)]
        RenderTableSection (anonymous) at (1,1) size 782x98
          RenderTableRow {tr} at (0,2) size 782x94
            RenderTableCell {th} at (2,2) size 388x94 [border: (1px inset #808080)] [r=0 c=0 rs=1 cs=1]
              RenderText {#text} at (2,2) size 384x90
                text run at (2,2) width 328: "This cell text should be justified "
                text run at (330,2) width 56: "which"
                text run at (2,20) width 384: "means that the right and left margins"
                text run at (2,38) width 183: "should line up, no "
                text run at (185,38) width 201: "matter how long the"
                text run at (2,56) width 384: "content becomes (except the last line"
                text run at (2,74) width 62: "which "
                text run at (64,74) width 218: "should be left aligned)"
            RenderTableCell {th} at (392,38) size 388x22 [border: (1px inset #808080)] [r=0 c=1 rs=1 cs=1]
              RenderText {#text} at (2,2) size 350x18
                text run at (2,2) width 270: "This cell text should be left "
                text run at (272,2) width 80: "justified"
