layer at (0,0) size 800x600
  RenderView at (0,0) size 800x600
layer at (0,0) size 800x112
  RenderBlock {html} at (0,0) size 800x112
    RenderBody {body} at (8,17) size 784x87
      RenderBlock {p} at (0,0) size 784x18
        RenderText {#text} at (0,0) size 396x18
          text run at (0,0) width 396: "TEST: Numbers should align by decimal points"
      RenderTable {table} at (0,35) size 280x52 [border: (1px outset #808080)]
        RenderTableSection (anonymous) at (1,1) size 278x50
          RenderTableRow {tr} at (0,2) size 278x22
            RenderTableCell {th} at (2,2) size 82x22 [border: (1px inset #808080)] [r=0 c=0 rs=1 cs=1]
              RenderText {#text} at (14,2) size 54x18
                text run at (14,2) width 54: "55.00"
            RenderTableCell {th} at (86,2) size 94x22 [border: (1px inset #808080)] [r=0 c=1 rs=1 cs=1]
              RenderText {#text} at (2,2) size 90x18
                text run at (2,2) width 90: "55555.00"
            RenderTableCell {th} at (182,2) size 94x22 [border: (1px inset #808080)] [r=0 c=2 rs=1 cs=1]
              RenderText {#text} at (14,2) size 66x18
                text run at (14,2) width 66: "555.00"
          RenderTableRow {tr} at (0,26) size 278x22
            RenderTableCell {th} at (2,26) size 82x22 [border: (1px inset #808080)] [r=1 c=0 rs=1 cs=1]
              RenderText {#text} at (2,2) size 78x18
                text run at (2,2) width 78: "1234.56"
            RenderTableCell {th} at (86,26) size 94x22 [border: (1px inset #808080)] [r=1 c=1 rs=1 cs=1]
              RenderText {#text} at (14,2) size 66x18
                text run at (14,2) width 66: "123.45"
            RenderTableCell {th} at (182,26) size 94x22 [border: (1px inset #808080)] [r=1 c=2 rs=1 cs=1]
              RenderText {#text} at (2,2) size 90x18
                text run at (2,2) width 90: "12345.67"
