layer at (0,0) size 800x600
  RenderView at (0,0) size 800x600
layer at (0,0) size 800x212
  RenderBlock {html} at (0,0) size 800x212
    RenderBody {body} at (8,17) size 784x187
      RenderBlock {p} at (0,0) size 784x18
        RenderText {#text} at (0,0) size 526x18
          text run at (0,0) width 526: "The numbers in the THEAD should align at the decimal points"
      RenderTable {table} at (0,35) size 452x152 [border: (1px outset #808080)]
        RenderTableSection {thead} at (1,1) size 450x50
          RenderTableRow {tr} at (0,2) size 450x22
            RenderTableCell {td} at (2,2) size 140x22 [border: (1px inset #808080)] [r=0 c=0 rs=1 cs=1]
              RenderText {#text} at (2,2) size 114x18
                text run at (2,2) width 114: "THEAD 55.00"
            RenderTableCell {td} at (144,2) size 151x22 [border: (1px inset #808080)] [r=0 c=1 rs=1 cs=1]
              RenderText {#text} at (2,2) size 147x18
                text run at (2,2) width 147: "THEAD 55555.00"
            RenderTableCell {td} at (297,2) size 151x22 [border: (1px inset #808080)] [r=0 c=2 rs=1 cs=1]
              RenderText {#text} at (2,2) size 125x18
                text run at (2,2) width 125: "THEAD 555.00"
          RenderTableRow {tr} at (0,26) size 450x22
            RenderTableCell {td} at (2,26) size 140x22 [border: (1px inset #808080)] [r=1 c=0 rs=1 cs=1]
              RenderText {#text} at (2,2) size 136x18
                text run at (2,2) width 136: "THEAD 1234.56"
            RenderTableCell {td} at (144,26) size 151x22 [border: (1px inset #808080)] [r=1 c=1 rs=1 cs=1]
              RenderText {#text} at (2,2) size 125x18
                text run at (2,2) width 125: "THEAD 123.45"
            RenderTableCell {td} at (297,26) size 151x22 [border: (1px inset #808080)] [r=1 c=2 rs=1 cs=1]
              RenderText {#text} at (2,2) size 147x18
                text run at (2,2) width 147: "THEAD 12345.67"
        RenderTableSection {tfoot} at (1,101) size 450x50
          RenderTableRow {tr} at (0,2) size 450x22
            RenderTableCell {td} at (2,2) size 140x22 [border: (1px inset #808080)] [r=0 c=0 rs=1 cs=1]
              RenderText {#text} at (2,2) size 57x18
                text run at (2,2) width 57: "TFOOT"
            RenderTableCell {td} at (144,2) size 151x22 [border: (1px inset #808080)] [r=0 c=1 rs=1 cs=1]
              RenderText {#text} at (2,2) size 57x18
                text run at (2,2) width 57: "TFOOT"
            RenderTableCell {td} at (297,2) size 151x22 [border: (1px inset #808080)] [r=0 c=2 rs=1 cs=1]
              RenderText {#text} at (2,2) size 57x18
                text run at (2,2) width 57: "TFOOT"
          RenderTableRow {tr} at (0,26) size 450x22
            RenderTableCell {td} at (2,26) size 140x22 [border: (1px inset #808080)] [r=1 c=0 rs=1 cs=1]
              RenderText {#text} at (2,2) size 57x18
                text run at (2,2) width 57: "TFOOT"
            RenderTableCell {td} at (144,26) size 151x22 [border: (1px inset #808080)] [r=1 c=1 rs=1 cs=1]
              RenderText {#text} at (2,2) size 57x18
                text run at (2,2) width 57: "TFOOT"
            RenderTableCell {td} at (297,26) size 151x22 [border: (1px inset #808080)] [r=1 c=2 rs=1 cs=1]
              RenderText {#text} at (2,2) size 57x18
                text run at (2,2) width 57: "TFOOT"
        RenderTableSection {tbody} at (1,51) size 450x50
          RenderTableRow {tr} at (0,2) size 450x22
            RenderTableCell {td} at (2,2) size 140x22 [border: (1px inset #808080)] [r=0 c=0 rs=1 cs=1]
              RenderText {#text} at (2,2) size 58x18
                text run at (2,2) width 58: "TBODY"
            RenderTableCell {td} at (144,2) size 151x22 [border: (1px inset #808080)] [r=0 c=1 rs=1 cs=1]
              RenderText {#text} at (2,2) size 58x18
                text run at (2,2) width 58: "TBODY"
            RenderTableCell {td} at (297,2) size 151x22 [border: (1px inset #808080)] [r=0 c=2 rs=1 cs=1]
              RenderText {#text} at (2,2) size 58x18
                text run at (2,2) width 58: "TBODY"
          RenderTableRow {tr} at (0,26) size 450x22
            RenderTableCell {td} at (2,26) size 140x22 [border: (1px inset #808080)] [r=1 c=0 rs=1 cs=1]
              RenderText {#text} at (2,2) size 58x18
                text run at (2,2) width 58: "TBODY"
            RenderTableCell {td} at (144,26) size 151x22 [border: (1px inset #808080)] [r=1 c=1 rs=1 cs=1]
              RenderText {#text} at (2,2) size 58x18
                text run at (2,2) width 58: "TBODY"
            RenderTableCell {td} at (297,26) size 151x22 [border: (1px inset #808080)] [r=1 c=2 rs=1 cs=1]
              RenderText {#text} at (2,2) size 58x18
                text run at (2,2) width 58: "TBODY"
