layer at (0,0) size 800x600
  RenderView at (0,0) size 800x600
layer at (0,0) size 800x327
  RenderBlock {html} at (0,0) size 800x327
    RenderBody {body} at (8,17) size 784x302
      RenderBlock {p} at (0,0) size 784x18
        RenderText {#text} at (0,0) size 175x18
          text run at (0,0) width 175: "THEAD VALIGN=TOP"
      RenderTable {table} at (0,35) size 784x267 [border: (1px outset #808080)]
        RenderTableSection {thead} at (1,1) size 782x213
          RenderTableRow {tr} at (0,2) size 782x209
            RenderTableCell {td} at (2,2) size 204x209 [border: (1px inset #808080)] [r=0 c=0 rs=1 cs=1]
              RenderImage {img} at (2,2) size 200x200
            RenderTableCell {td} at (208,2) size 572x40 [border: (1px inset #808080)] [r=0 c=1 rs=1 cs=1]
              RenderText {#text} at (2,2) size 543x36
                text run at (2,2) width 515: "The top of this text should be vertically aligned to the top of "
                text run at (517,2) width 28: "the"
                text run at (2,20) width 53: "image"
        RenderTableSection {tfoot} at (1,240) size 782x26
          RenderTableRow {tr} at (0,2) size 782x22
            RenderTableCell {td} at (2,2) size 204x22 [border: (1px inset #808080)] [r=0 c=0 rs=1 cs=1]
              RenderText {#text} at (2,2) size 57x18
                text run at (2,2) width 57: "TFOOT"
            RenderTableCell {td} at (208,2) size 572x22 [border: (1px inset #808080)] [r=0 c=1 rs=1 cs=1]
              RenderText {#text} at (2,2) size 57x18
                text run at (2,2) width 57: "TFOOT"
        RenderTableSection {tbody} at (1,214) size 782x26
          RenderTableRow {tr} at (0,2) size 782x22
            RenderTableCell {td} at (2,2) size 204x22 [border: (1px inset #808080)] [r=0 c=0 rs=1 cs=1]
              RenderText {#text} at (2,2) size 58x18
                text run at (2,2) width 58: "TBODY"
            RenderTableCell {td} at (208,2) size 572x22 [border: (1px inset #808080)] [r=0 c=1 rs=1 cs=1]
              RenderText {#text} at (2,2) size 58x18
                text run at (2,2) width 58: "TBODY"
