layer at (0,0) size 800x600
  RenderView at (0,0) size 800x600
layer at (0,0) size 800x62
  RenderBlock {html} at (0,0) size 800x62
    RenderBody {body} at (8,8) size 784x46
      RenderTable {table} at (0,0) size 784x46 [border: (1px outset #808080)]
        RenderTableSection (anonymous) at (1,1) size 782x44
          RenderTableRow {tr} at (0,2) size 782x40
            RenderTableCell {th} at (2,2) size 388x40 [bgcolor=#00FF00] [border: (1px inset #808080)] [r=0 c=0 rs=1 cs=1]
              RenderText {#text} at (19,2) size 350x36
                text run at (19,2) width 308: "This heading cell should have a "
                text run at (327,2) width 42: "lime"
                text run at (138,20) width 112: "background"
            RenderTableCell {th} at (392,2) size 388x40 [bgcolor=#00FF00] [border: (1px inset #808080)] [r=0 c=1 rs=1 cs=1]
              RenderText {#text} at (19,2) size 350x36
                text run at (19,2) width 308: "This heading cell should have a "
                text run at (327,2) width 42: "lime"
                text run at (138,20) width 112: "background"
