layer at (0,0) size 800x600
  RenderView at (0,0) size 800x600
layer at (0,0) size 800x600
  RenderBlock {HTML} at (0,0) size 800x600
    RenderBody {BODY} at (20,20) size 760x560 [bgcolor=#FFFFFF]
      RenderBlock {DIV} at (0,0) size 760x506
        RenderTable {TABLE} at (0,0) size 582x506
          RenderTableSection {TBODY} at (0,0) size 582x506
            RenderTableRow {TR} at (0,2) size 582x166
              RenderTableCell {TD} at (2,2) size 143x166 [r=0 c=0 rs=1 cs=1]
                RenderHTMLCanvas {CANVAS} at (7,7) size 129x129 [border: (2px solid #000000)]
                RenderBR {BR} at (136,141) size 0x0
                RenderInline {LABEL} at (0,0) size 84x17
                  RenderText {#text} at (7,141) size 84x17
                    text run at (7,141) width 84: "source-over"
              RenderTableCell {TD} at (147,2) size 143x166 [r=0 c=1 rs=1 cs=1]
                RenderHTMLCanvas {CANVAS} at (7,7) size 129x129 [border: (2px solid #000000)]
                RenderBR {BR} at (136,141) size 0x0
                RenderInline {LABEL} at (0,0) size 66x17
                  RenderText {#text} at (7,141) size 66x17
                    text run at (7,141) width 66: "source-in"
              RenderTableCell {TD} at (292,2) size 143x166 [r=0 c=2 rs=1 cs=1]
                RenderHTMLCanvas {CANVAS} at (7,7) size 129x129 [border: (2px solid #000000)]
                RenderBR {BR} at (136,141) size 0x0
                RenderInline {LABEL} at (0,0) size 75x17
                  RenderText {#text} at (7,141) size 75x17
                    text run at (7,141) width 75: "source-out"
              RenderTableCell {TD} at (437,2) size 143x166 [r=0 c=3 rs=1 cs=1]
                RenderHTMLCanvas {CANVAS} at (7,7) size 129x129 [border: (2px solid #000000)]
                RenderBR {BR} at (136,141) size 0x0
                RenderInline {LABEL} at (0,0) size 84x17
                  RenderText {#text} at (7,141) size 84x17
                    text run at (7,141) width 84: "source-atop"
            RenderTableRow {TR} at (0,170) size 582x166
              RenderTableCell {TD} at (2,170) size 143x166 [r=1 c=0 rs=1 cs=1]
                RenderHTMLCanvas {CANVAS} at (7,7) size 129x129 [border: (2px solid #000000)]
                RenderBR {BR} at (136,141) size 0x0
                RenderInline {LABEL} at (0,0) size 114x17
                  RenderText {#text} at (7,141) size 114x17
                    text run at (7,141) width 114: "destination-over"
              RenderTableCell {TD} at (147,170) size 143x166 [r=1 c=1 rs=1 cs=1]
                RenderHTMLCanvas {CANVAS} at (7,7) size 129x129 [border: (2px solid #000000)]
                RenderBR {BR} at (136,141) size 0x0
                RenderInline {LABEL} at (0,0) size 96x17
                  RenderText {#text} at (7,141) size 96x17
                    text run at (7,141) width 96: "destination-in"
              RenderTableCell {TD} at (292,170) size 143x166 [r=1 c=2 rs=1 cs=1]
                RenderHTMLCanvas {CANVAS} at (7,7) size 129x129 [border: (2px solid #000000)]
                RenderBR {BR} at (136,141) size 0x0
                RenderInline {LABEL} at (0,0) size 105x17
                  RenderText {#text} at (7,141) size 105x17
                    text run at (7,141) width 105: "destination-out"
              RenderTableCell {TD} at (437,170) size 143x166 [r=1 c=3 rs=1 cs=1]
                RenderHTMLCanvas {CANVAS} at (7,7) size 129x129 [border: (2px solid #000000)]
                RenderBR {BR} at (136,141) size 0x0
                RenderInline {LABEL} at (0,0) size 114x17
                  RenderText {#text} at (7,141) size 114x17
                    text run at (7,141) width 114: "destination-atop"
            RenderTableRow {TR} at (0,338) size 582x166
              RenderTableCell {TD} at (2,338) size 143x166 [r=2 c=0 rs=1 cs=1]
                RenderHTMLCanvas {CANVAS} at (7,7) size 129x129 [border: (2px solid #000000)]
                RenderBR {BR} at (136,141) size 0x0
                RenderInline {LABEL} at (0,0) size 44x17
                  RenderText {#text} at (7,141) size 44x17
                    text run at (7,141) width 44: "lighter"
              RenderTableCell {TD} at (147,338) size 143x166 [r=2 c=1 rs=1 cs=1]
                RenderHTMLCanvas {CANVAS} at (7,7) size 129x129 [border: (2px solid #000000)]
                RenderBR {BR} at (136,141) size 0x0
                RenderInline {LABEL} at (0,0) size 45x17
                  RenderText {#text} at (7,141) size 45x17
                    text run at (7,141) width 45: "darker"
              RenderTableCell {TD} at (292,338) size 143x166 [r=2 c=2 rs=1 cs=1]
                RenderHTMLCanvas {CANVAS} at (7,7) size 129x129 [border: (2px solid #000000)]
                RenderBR {BR} at (136,141) size 0x0
                RenderInline {LABEL} at (0,0) size 34x17
                  RenderText {#text} at (7,141) size 34x17
                    text run at (7,141) width 34: "copy"
              RenderTableCell {TD} at (437,338) size 143x166 [r=2 c=3 rs=1 cs=1]
                RenderHTMLCanvas {CANVAS} at (7,7) size 129x129 [border: (2px solid #000000)]
                RenderBR {BR} at (136,141) size 0x0
                RenderInline {LABEL} at (0,0) size 22x17
                  RenderText {#text} at (7,141) size 22x17
                    text run at (7,141) width 22: "xor"
