layer at (0,0) size 800x600
  RenderView at (0,0) size 800x600
layer at (0,0) size 800x270
  RenderBlock {HTML} at (0,0) size 800x270
    RenderBody {BODY} at (8,16) size 784x238
      RenderBlock {P} at (0,0) size 784x18
        RenderText {#text} at (0,0) size 272x18
          text run at (0,0) width 272: "There should be nothing below. Bug 8994."
      RenderBlock {P} at (0,34) size 784x204
        RenderHTMLCanvas {CANVAS} at (0,0) size 200x200
