layer at (0,0) size 800x600
  RenderView at (0,0) size 800x600
layer at (0,0) size 800x460
  RenderBlock {HTML} at (0,0) size 800x460
    RenderBody {BODY} at (8,16) size 784x428
      RenderBlock {P} at (0,0) size 784x72
        RenderText {#text} at (0,0) size 773x72
          text run at (0,0) width 751: "There should be one big square below containing four squares. Top left square should be filled with 3 rows of 2 and bit"
          text run at (0,18) width 773: "Apple images. Top right square should be 2 and a bit rows with one Apple image column along the left edge of the square."
          text run at (0,36) width 764: "Bottom left square should be one row with three Apple images along the top of the square. Bottom right square should be"
          text run at (0,54) width 220: "one Apple image in top left corner."
      RenderBlock {P} at (0,88) size 784x340
        RenderHTMLCanvas {CANVAS} at (0,0) size 336x336 [border: (3px solid #000000)]
