layer at (0,0) size 800x1419
  RenderView at (0,0) size 800x600
layer at (0,0) size 800x1419
  RenderBlock {HTML} at (0,0) size 800x1419
    RenderBody {BODY} at (8,8) size 784x1403
      RenderTable {TABLE} at (0,0) size 200x136 [bgcolor=#FFA500] [border: (10px solid #0000FF)]
        RenderBlock {CAPTION} at (0,0) size 150x36
          RenderText {#text} at (22,0) size 106x36
            text run at (22,0) width 106: "clip at table-"
            text run at (52,18) width 45: "outer"
        RenderTableSection {TBODY} at (25,61) size 150x50
          RenderTableRow {TR} at (0,15) size 150x20
            RenderTableCell {TD} at (15,15) size 52x20 [bgcolor=#FFFF00] [r=0 c=0 rs=1 cs=1]
              RenderText {#text} at (1,1) size 40x18
                text run at (1,1) width 40: "cell1"
            RenderTableCell {TD} at (82,15) size 53x20 [bgcolor=#FFFF00] [r=0 c=1 rs=1 cs=1]
              RenderText {#text} at (1,1) size 179x18
                text run at (1,1) width 179: "contentwithoutspace"
      RenderBlock (anonymous) at (0,136) size 784x18
        RenderBR {BR} at (0,0) size 0x18
      RenderTable {TABLE} at (0,272) size 200x153 [bgcolor=#FFA500] [border: (10px solid #0000FF)]
        RenderBlock {CAPTION} at (0,0) size 150x18
          RenderText {#text} at (39,0) size 71x18
            text run at (39,0) width 71: "clip at tr"
        RenderTableSection {TBODY} at (25,43) size 150x85
          RenderTableRow {TR} at (0,50) size 150x20
            RenderTableCell {TD} at (15,50) size 52x20 [bgcolor=#FFFF00] [r=1 c=0 rs=1 cs=1]
              RenderText {#text} at (1,1) size 40x18
                text run at (1,1) width 40: "cell1"
            RenderTableCell {TD} at (82,50) size 53x20 [bgcolor=#FFFF00] [r=1 c=1 rs=1 cs=1]
              RenderText {#text} at (1,1) size 179x18
                text run at (1,1) width 179: "contentwithoutspace"
      RenderTable {TABLE} at (0,425) size 200x153 [bgcolor=#FFA500] [border: (10px solid #0000FF)]
        RenderTableCol {COLGROUP} at (0,0) size 0x0
          RenderTableCol {COL} at (0,0) size 0x0
          RenderTableCol {COL} at (0,0) size 0x0
        RenderBlock {CAPTION} at (0,0) size 150x18
          RenderText {#text} at (26,0) size 98x18
            text run at (26,0) width 98: "clip column"
        RenderTableSection {TBODY} at (25,43) size 150x85
          RenderTableRow {TR} at (0,15) size 150x20
            RenderTableCell {TD} at (15,15) size 52x20 [bgcolor=#FFFF00] [r=0 c=0 rs=1 cs=1]
              RenderText {#text} at (1,1) size 40x18
                text run at (1,1) width 40: "cell1"
            RenderTableCell {TD} at (82,15) size 53x20 [bgcolor=#FFFF00] [r=0 c=1 rs=1 cs=1]
              RenderText {#text} at (1,1) size 179x18
                text run at (1,1) width 179: "contentwithoutspace"
          RenderTableRow {TR} at (0,50) size 150x20
            RenderTableCell {TD} at (15,50) size 52x20 [bgcolor=#FFFF00] [r=1 c=0 rs=1 cs=1]
              RenderText {#text} at (1,1) size 40x18
                text run at (1,1) width 40: "cell1"
            RenderTableCell {TD} at (82,50) size 53x20 [bgcolor=#FFFF00] [r=1 c=1 rs=1 cs=1]
              RenderText {#text} at (1,1) size 179x18
                text run at (1,1) width 179: "contentwithoutspace"
      RenderTable {TABLE} at (0,578) size 200x153 [bgcolor=#FFA500] [border: (10px solid #0000FF)]
        RenderTableCol {COLGROUP} at (0,0) size 0x0
          RenderTableCol {COL} at (0,0) size 0x0
        RenderTableCol {COLGROUP} at (0,0) size 0x0
          RenderTableCol {COL} at (0,0) size 0x0
        RenderBlock {CAPTION} at (0,0) size 150x18
          RenderText {#text} at (1,0) size 148x18
            text run at (1,0) width 148: "clip columngroup"
        RenderTableSection {TBODY} at (25,43) size 150x85
          RenderTableRow {TR} at (0,15) size 150x20
            RenderTableCell {TD} at (15,15) size 52x20 [bgcolor=#FFFF00] [r=0 c=0 rs=1 cs=1]
              RenderText {#text} at (1,1) size 40x18
                text run at (1,1) width 40: "cell1"
            RenderTableCell {TD} at (82,15) size 53x20 [bgcolor=#FFFF00] [r=0 c=1 rs=1 cs=1]
              RenderText {#text} at (1,1) size 179x18
                text run at (1,1) width 179: "contentwithoutspace"
          RenderTableRow {TR} at (0,50) size 150x20
            RenderTableCell {TD} at (15,50) size 52x20 [bgcolor=#FFFF00] [r=1 c=0 rs=1 cs=1]
              RenderText {#text} at (1,1) size 40x18
                text run at (1,1) width 40: "cell1"
            RenderTableCell {TD} at (82,50) size 53x20 [bgcolor=#FFFF00] [r=1 c=1 rs=1 cs=1]
              RenderText {#text} at (1,1) size 179x18
                text run at (1,1) width 179: "contentwithoutspace"
      RenderTable {TABLE} at (0,731) size 200x168 [bgcolor=#FFA500] [border: (10px solid #0000FF)]
        RenderBlock {CAPTION} at (0,0) size 150x18
          RenderText {#text} at (33,0) size 84x18
            text run at (33,0) width 84: "clip thead"
        RenderTableSection {TBODY} at (25,93) size 150x50
          RenderTableRow {TR} at (0,15) size 150x20
            RenderTableCell {TD} at (15,15) size 52x20 [bgcolor=#FFFF00] [r=0 c=0 rs=1 cs=1]
              RenderText {#text} at (1,1) size 40x18
                text run at (1,1) width 40: "cell1"
            RenderTableCell {TD} at (82,15) size 53x20 [bgcolor=#FFFF00] [r=0 c=1 rs=1 cs=1]
              RenderText {#text} at (1,1) size 179x18
                text run at (1,1) width 179: "contentwithoutspace"
      RenderTable {TABLE} at (0,899) size 200x168 [bgcolor=#FFA500] [border: (10px solid #0000FF)]
        RenderBlock {CAPTION} at (0,0) size 150x18
          RenderText {#text} at (33,0) size 84x18
            text run at (33,0) width 84: "clip tbody"
        RenderTableSection {THEAD} at (25,43) size 150x50
          RenderTableRow {TR} at (0,15) size 150x20
            RenderTableCell {TD} at (15,15) size 52x20 [bgcolor=#FFFF00] [r=0 c=0 rs=1 cs=1]
              RenderText {#text} at (1,1) size 40x18
                text run at (1,1) width 40: "cell1"
            RenderTableCell {TD} at (82,15) size 53x20 [bgcolor=#FFFF00] [r=0 c=1 rs=1 cs=1]
              RenderText {#text} at (1,1) size 179x18
                text run at (1,1) width 179: "contentwithoutspace"
      RenderTable {TABLE} at (0,1067) size 200x168 [bgcolor=#FFA500] [border: (10px solid #0000FF)]
        RenderBlock {CAPTION} at (0,0) size 150x18
          RenderText {#text} at (37,0) size 75x18
            text run at (37,0) width 75: "clip tfoot"
        RenderTableSection {TBODY} at (25,43) size 150x50
          RenderTableRow {TR} at (0,15) size 150x20
            RenderTableCell {TD} at (15,15) size 52x20 [bgcolor=#FFFF00] [r=0 c=0 rs=1 cs=1]
              RenderText {#text} at (1,1) size 40x18
                text run at (1,1) width 40: "cell1"
            RenderTableCell {TD} at (82,15) size 53x20 [bgcolor=#FFFF00] [r=0 c=1 rs=1 cs=1]
              RenderText {#text} at (1,1) size 179x18
                text run at (1,1) width 179: "contentwithoutspace"
      RenderTable {TABLE} at (0,1235) size 200x168 [bgcolor=#FFA500] [border: (10px solid #0000FF)]
        RenderBlock {CAPTION} at (0,0) size 150x18
          RenderText {#text} at (48,0) size 53x18
            text run at (48,0) width 53: "clip td"
        RenderTableSection {TBODY} at (25,43) size 150x50
          RenderTableRow {TR} at (0,15) size 150x20
            RenderTableCell {TD} at (15,15) size 52x20 [bgcolor=#FFFF00] [r=0 c=0 rs=1 cs=1]
              RenderText {#text} at (1,1) size 40x18
                text run at (1,1) width 40: "cell1"
            RenderTableCell {TD} at (82,15) size 53x20 [bgcolor=#FFFF00] [r=0 c=1 rs=1 cs=1]
              RenderText {#text} at (1,1) size 179x18
                text run at (1,1) width 179: "contentwithoutspace"
layer at (8,162) size 200x118 clip at (18,162) size 180x118 scrollWidth 277
  RenderTable {TABLE} at (0,154) size 200x118 [bgcolor=#FFA500] [border: (10px solid #0000FF)]
    RenderBlock {CAPTION} at (0,0) size 150x18
      RenderText {#text} at (25,0) size 100x18
        text run at (25,0) width 100: "clip at table"
    RenderTableSection {TBODY} at (25,43) size 150x50
      RenderTableRow {TR} at (0,15) size 150x20
        RenderTableCell {TD} at (15,15) size 52x20 [bgcolor=#FFFF00] [r=0 c=0 rs=1 cs=1]
          RenderText {#text} at (1,1) size 40x18
            text run at (1,1) width 40: "cell1"
        RenderTableCell {TD} at (82,15) size 53x20 [bgcolor=#FFFF00] [r=0 c=1 rs=1 cs=1]
          RenderText {#text} at (1,1) size 179x18
            text run at (1,1) width 179: "contentwithoutspace"
layer at (33,338) size 150x20
  RenderTableRow {TR} at (0,15) size 150x20
    RenderTableCell {TD} at (15,15) size 52x20 [bgcolor=#FFFF00] [r=0 c=0 rs=1 cs=1]
      RenderText {#text} at (1,1) size 40x18
        text run at (1,1) width 40: "cell1"
    RenderTableCell {TD} at (82,15) size 53x20 [bgcolor=#FFFF00] [r=0 c=1 rs=1 cs=1]
      RenderText {#text} at (1,1) size 179x18
        text run at (1,1) width 179: "contentwithoutspace"
layer at (33,782) size 150x50 scrollWidth 262
  RenderTableSection {THEAD} at (25,43) size 150x50
    RenderTableRow {TR} at (0,15) size 150x20
      RenderTableCell {TD} at (15,15) size 52x20 [bgcolor=#FFFF00] [r=0 c=0 rs=1 cs=1]
        RenderText {#text} at (1,1) size 40x18
          text run at (1,1) width 40: "cell1"
      RenderTableCell {TD} at (82,15) size 53x20 [bgcolor=#FFFF00] [r=0 c=1 rs=1 cs=1]
        RenderText {#text} at (1,1) size 179x18
          text run at (1,1) width 179: "contentwithoutspace"
layer at (33,1000) size 150x50 scrollWidth 262
  RenderTableSection {TBODY} at (25,93) size 150x50
    RenderTableRow {TR} at (0,15) size 150x20
      RenderTableCell {TD} at (15,15) size 52x20 [bgcolor=#FFFF00] [r=0 c=0 rs=1 cs=1]
        RenderText {#text} at (1,1) size 40x18
          text run at (1,1) width 40: "cell1"
      RenderTableCell {TD} at (82,15) size 53x20 [bgcolor=#FFFF00] [r=0 c=1 rs=1 cs=1]
        RenderText {#text} at (1,1) size 179x18
          text run at (1,1) width 179: "contentwithoutspace"
layer at (33,1168) size 150x50 scrollWidth 262
  RenderTableSection {TFOOT} at (25,93) size 150x50
    RenderTableRow {TR} at (0,15) size 150x20
      RenderTableCell {TD} at (15,15) size 52x20 [bgcolor=#FFFF00] [r=0 c=0 rs=1 cs=1]
        RenderText {#text} at (1,1) size 40x18
          text run at (1,1) width 40: "cell1"
      RenderTableCell {TD} at (82,15) size 53x20 [bgcolor=#FFFF00] [r=0 c=1 rs=1 cs=1]
        RenderText {#text} at (1,1) size 179x18
          text run at (1,1) width 179: "contentwithoutspace"
layer at (33,1336) size 150x50
  RenderTableSection {TFOOT} at (25,93) size 150x50
    RenderTableRow {TR} at (0,15) size 150x20
      RenderTableCell {TD} at (15,15) size 52x20 [bgcolor=#FFFF00] [r=0 c=0 rs=1 cs=1]
        RenderText {#text} at (1,1) size 40x18
          text run at (1,1) width 40: "cell1"
layer at (115,1351) size 53x20 scrollWidth 181
  RenderTableCell {TD} at (82,15) size 53x20 [bgcolor=#FFFF00] [r=0 c=1 rs=1 cs=1]
    RenderText {#text} at (1,1) size 179x18
      text run at (1,1) width 179: "contentwithoutspace"
