layer at (0,0) size 800x600
  RenderView at (0,0) size 800x600
layer at (0,0) size 54x24
  RenderTable {table} at (0,0) size 54x24
    RenderTableSection (anonymous) at (0,0) size 54x24
      RenderTableRow {tr} at (0,2) size 54x20
        RenderTableCell {td} at (2,2) size 50x20 [r=0 c=0 rs=1 cs=1]
          RenderText {#text} at (1,1) size 48x18
            text run at (1,1) width 48: "a test"
