layer at (0,0) size 800x600
  RenderView at (0,0) size 800x600
layer at (0,0) size 800x600
  RenderBlock {HTML} at (0,0) size 800x600
    RenderBody {BODY} at (8,8) size 784x584
      RenderBlock (anonymous) at (0,0) size 784x18
        RenderText {#text} at (0,0) size 5x18
          text run at (0,0) width 5: " "
      RenderTable {TABLE} at (0,18) size 392x86 [border: (1px outset #808080)]
        RenderTableSection {TBODY} at (1,1) size 390x84
          RenderTableRow {TR} at (0,2) size 390x56
            RenderTableCell {TD} at (2,2) size 266x56 [border: (1px inset #808080)] [r=0 c=0 rs=1 cs=1]
              RenderTable {TABLE} at (2,2) size 98x52 [border: (1px outset #808080)]
                RenderTableSection {TBODY} at (1,1) size 96x50
                  RenderTableRow {TR} at (0,2) size 96x22
                    RenderTableCell {TD} at (2,2) size 45x22 [border: (1px inset #808080)] [r=0 c=0 rs=1 cs=1]
                      RenderText {#text} at (2,2) size 41x18
                        text run at (2,2) width 41: "hello"
                    RenderTableCell {TD} at (49,2) size 45x22 [border: (1px inset #808080)] [r=0 c=1 rs=1 cs=1]
                      RenderText {#text} at (2,2) size 41x18
                        text run at (2,2) width 41: "hello"
                  RenderTableRow {TR} at (0,26) size 96x22
                    RenderTableCell {TD} at (2,26) size 45x22 [border: (1px inset #808080)] [r=1 c=0 rs=1 cs=1]
                      RenderText {#text} at (2,2) size 41x18
                        text run at (2,2) width 41: "hello"
                    RenderTableCell {TD} at (49,26) size 45x22 [border: (1px inset #808080)] [r=1 c=1 rs=1 cs=1]
                      RenderText {#text} at (2,2) size 41x18
                        text run at (2,2) width 41: "hello"
            RenderTableCell {TD} at (270,19) size 118x22 [border: (1px inset #808080)] [r=0 c=1 rs=1 cs=1]
              RenderText {#text} at (2,2) size 41x18
                text run at (2,2) width 41: "hello"
          RenderTableRow {TR} at (0,60) size 390x22
            RenderTableCell {TD} at (2,60) size 266x22 [border: (1px inset #808080)] [r=1 c=0 rs=1 cs=1]
              RenderText {#text} at (2,2) size 41x18
                text run at (2,2) width 41: "hello"
            RenderTableCell {TD} at (270,60) size 118x22 [border: (1px inset #808080)] [r=1 c=1 rs=1 cs=1]
              RenderText {#text} at (2,2) size 41x18
                text run at (2,2) width 41: "hello"
