layer at (0,0) size 800x600
  RenderView at (0,0) size 800x600
layer at (0,0) size 800x600
  RenderBlock {HTML} at (0,0) size 800x600
    RenderBody {BODY} at (8,8) size 784x584
      RenderTable {TABLE} at (0,0) size 202x66 [border: (3px solid #008000)]
        RenderTableSection {TBODY} at (3,3) size 196x60
          RenderTableRow {TR} at (0,2) size 196x56
            RenderTableCell {TD} at (2,2) size 192x56 [r=0 c=0 rs=1 cs=1]
              RenderTable {TABLE} at (1,1) size 190x54 [border: (3px solid #008000)]
                RenderBlock {CAPTION} at (0,0) size 98x24 [border: (3px solid #FFA500)]
                  RenderText {#text} at (34,3) size 30x18
                    text run at (34,3) width 30: "cap"
                RenderTableSection {TBODY} at (3,27) size 184x24
                  RenderTableRow {TR} at (0,2) size 184x20
                    RenderTableCell {TD} at (2,2) size 180x20 [r=0 c=0 rs=1 cs=1]
                      RenderText {#text} at (1,1) size 178x18
                        text run at (1,1) width 178: "table cell foo and bar"
