layer at (0,0) size 800x600
  RenderView at (0,0) size 800x600
layer at (0,0) size 800x600
  RenderBlock {HTML} at (0,0) size 800x600
    RenderBody {BODY} at (8,8) size 784x584 [bgcolor=#FFFFFF]
      RenderTable {TABLE} at (0,0) size 784x432 [border: (3px solid #008000)]
        RenderBlock {CAPTION} at (0,0) size 395x24 [border: (3px solid #FFA500)]
          RenderText {#text} at (39,3) size 316x18
            text run at (39,3) width 316: "caption text caption text caption text"
        RenderTableSection {TBODY} at (3,27) size 778x402
          RenderTableRow {TR} at (0,2) size 778x398
            RenderTableCell {TD} at (2,2) size 774x398 [r=0 c=0 rs=1 cs=1]
              RenderText {#text} at (1,1) size 748x396
                text run at (1,1) width 748: "table text which should wrap table text which should wrap table text which should wrap"
                text run at (1,19) width 748: "table text which should wrap table text which should wrap table text which should wrap"
                text run at (1,37) width 748: "table text which should wrap table text which should wrap table text which should wrap"
                text run at (1,55) width 748: "table text which should wrap table text which should wrap table text which should wrap"
                text run at (1,73) width 748: "table text which should wrap table text which should wrap table text which should wrap"
                text run at (1,91) width 748: "table text which should wrap table text which should wrap table text which should wrap"
                text run at (1,109) width 748: "table text which should wrap table text which should wrap table text which should wrap"
                text run at (1,127) width 748: "table text which should wrap table text which should wrap table text which should wrap"
                text run at (1,145) width 748: "table text which should wrap table text which should wrap table text which should wrap"
                text run at (1,163) width 748: "table text which should wrap table text which should wrap table text which should wrap"
                text run at (1,181) width 748: "table text which should wrap table text which should wrap table text which should wrap"
                text run at (1,199) width 748: "table text which should wrap table text which should wrap table text which should wrap"
                text run at (1,217) width 748: "table text which should wrap table text which should wrap table text which should wrap"
                text run at (1,235) width 701: "table text which should wrap table text which should wrap table text which should"
                text run at (1,253) width 743: "wraptable text which should wrap table text which should wrap table text which should"
                text run at (1,271) width 748: "wrap table text which should wrap table text which should wrap table text which should"
                text run at (1,289) width 748: "wrap table text which should wrap table text which should wrap table text which should"
                text run at (1,307) width 748: "wrap table text which should wrap table text which should wrap table text which should"
                text run at (1,325) width 748: "wrap table text which should wrap table text which should wrap table text which should"
                text run at (1,343) width 748: "wrap table text which should wrap table text which should wrap table text which should"
                text run at (1,361) width 748: "wrap table text which should wrap table text which should wrap table text which should"
                text run at (1,379) width 42: "wrap"
