layer at (0,0) size 800x600
  RenderView at (0,0) size 800x600
layer at (0,0) size 800x600
  RenderBlock {HTML} at (0,0) size 800x600
    RenderBody {BODY} at (8,8) size 784x584
      RenderBlock {P} at (0,0) size 784x54
        RenderText {#text} at (0,0) size 754x54
          text run at (0,0) width 754: "(1) Table with 2 columns. Relative width value for first column is \"1*\" and for column 2 is"
          text run at (0,18) width 752: "\"3*\". Table width is 100%. The first column should span 1/4 of the window width and the"
          text run at (0,36) width 456: "second column should span 3/4 of the window width. "
        RenderInline {B} at (0,0) size 248x18
          RenderText {#text} at (456,36) size 248x18
            text run at (456,36) width 248: "5.0 renders this correctly."
      RenderTable {TABLE} at (0,71) size 784x28 [border: (1px outset #808080)]
        RenderTableCol {COLGROUP} at (0,0) size 0x0
          RenderTableCol {COL} at (0,0) size 0x0
          RenderTableCol {COL} at (0,0) size 0x0
        RenderTableSection {TBODY} at (1,1) size 782x26
          RenderTableRow {TR} at (0,2) size 782x22
            RenderTableCell {TD} at (2,2) size 388x22 [border: (1px inset #808080)] [r=0 c=0 rs=1 cs=1]
              RenderText {#text} at (2,2) size 35x18
                text run at (2,2) width 35: "Test"
            RenderTableCell {TD} at (392,2) size 388x22 [border: (1px inset #808080)] [r=0 c=1 rs=1 cs=1]
              RenderText {#text} at (2,2) size 35x18
                text run at (2,2) width 35: "Test"
      RenderBlock (anonymous) at (0,99) size 784x36
        RenderBR {BR} at (0,0) size 0x18
        RenderBR {BR} at (0,18) size 0x18
      RenderBlock {P} at (0,152) size 784x54
        RenderText {#text} at (0,0) size 761x36
          text run at (0,0) width 761: "(2) Table with 1 column. Relative width value for column is \"0*\" with table width of 100%."
          text run at (0,18) width 735: "The column should span the minimum width necessary to hold the column's contents."
        RenderInline {B} at (0,0) size 86x18
          RenderText {#text} at (0,36) size 86x18
            text run at (0,36) width 86: "Problem."
      RenderTable {TABLE} at (0,223) size 784x28 [border: (1px outset #808080)]
        RenderTableCol {COLGROUP} at (0,0) size 0x0
          RenderTableCol {COL} at (0,0) size 0x0
        RenderTableSection {TBODY} at (1,1) size 782x26
          RenderTableRow {TR} at (0,2) size 782x22
            RenderTableCell {TD} at (2,2) size 778x22 [border: (1px inset #808080)] [r=0 c=0 rs=1 cs=1]
              RenderText {#text} at (2,2) size 35x18
                text run at (2,2) width 35: "Test"
      RenderBlock (anonymous) at (0,251) size 784x36
        RenderBR {BR} at (0,0) size 0x18
        RenderBR {BR} at (0,18) size 0x18
      RenderBlock {P} at (0,304) size 784x72
        RenderText {#text} at (0,0) size 758x54
          text run at (0,0) width 754: "(3) Table with 2 columns. Relative width value for first column is \"0*\" and for column 2 is"
          text run at (0,18) width 758: "\"3*\". Table width is 100%. The first column should span the minimum width necessary to"
          text run at (0,36) width 508: "hold the column's contents. The second column should ????"
        RenderInline {B} at (0,0) size 781x36
          RenderText {#text} at (508,36) size 781x36
            text run at (508,36) width 273: "The first column is rendered"
            text run at (0,54) width 774: "properly, but there seems to be a problem with the width of the second column."
      RenderTable {TABLE} at (0,393) size 784x28 [border: (1px outset #808080)]
        RenderTableCol {COLGROUP} at (0,0) size 0x0
          RenderTableCol {COL} at (0,0) size 0x0
          RenderTableCol {COL} at (0,0) size 0x0
        RenderTableSection {TBODY} at (1,1) size 782x26
          RenderTableRow {TR} at (0,2) size 782x22
            RenderTableCell {TD} at (2,2) size 388x22 [border: (1px inset #808080)] [r=0 c=0 rs=1 cs=1]
              RenderText {#text} at (2,2) size 35x18
                text run at (2,2) width 35: "Test"
            RenderTableCell {TD} at (392,2) size 388x22 [border: (1px inset #808080)] [r=0 c=1 rs=1 cs=1]
              RenderText {#text} at (2,2) size 35x18
                text run at (2,2) width 35: "Test"
