layer at (0,0) size 800x600
  RenderView at (0,0) size 800x600
layer at (0,0) size 800x600
  RenderBlock {HTML} at (0,0) size 800x600
    RenderBody {BODY} at (8,8) size 784x584
      RenderBlock {P} at (0,0) size 784x18
        RenderText {#text} at (0,0) size 186x18
          text run at (0,0) width 186: "A paragraph of text"
      RenderTable {TABLE} at (0,35) size 380x342 [border: (1px outset #808080)]
        RenderTableSection {THEAD} at (1,1) size 378x26
          RenderTableRow {TR} at (0,2) size 378x22
            RenderTableCell {TH} at (2,2) size 92x22 [border: (1px inset #808080)] [r=0 c=0 rs=1 cs=1]
              RenderText {#text} at (2,2) size 88x18
                text run at (2,2) width 88: "column 1"
            RenderTableCell {TH} at (96,2) size 92x22 [border: (1px inset #808080)] [r=0 c=1 rs=1 cs=1]
              RenderText {#text} at (2,2) size 88x18
                text run at (2,2) width 88: "column 2"
            RenderTableCell {TH} at (190,2) size 92x22 [border: (1px inset #808080)] [r=0 c=2 rs=1 cs=1]
              RenderText {#text} at (2,2) size 88x18
                text run at (2,2) width 88: "column 3"
            RenderTableCell {TH} at (284,2) size 92x22 [border: (1px inset #808080)] [r=0 c=3 rs=1 cs=1]
              RenderText {#text} at (2,2) size 88x18
                text run at (2,2) width 88: "column 4"
        RenderTableSection {TBODY} at (1,27) size 378x314
          RenderTableRow {TR} at (0,2) size 378x22
            RenderTableCell {TD} at (2,2) size 92x22 [border: (1px inset #808080)] [r=0 c=0 rs=1 cs=1]
              RenderText {#text} at (2,2) size 31x18
                text run at (2,2) width 31: "one"
            RenderTableCell {TD} at (96,2) size 92x22 [border: (1px inset #808080)] [r=0 c=1 rs=1 cs=1]
              RenderText {#text} at (2,2) size 31x18
                text run at (2,2) width 31: "two"
            RenderTableCell {TD} at (190,2) size 92x22 [border: (1px inset #808080)] [r=0 c=2 rs=1 cs=1]
              RenderText {#text} at (2,2) size 45x18
                text run at (2,2) width 45: "three"
            RenderTableCell {TD} at (284,2) size 92x22 [border: (1px inset #808080)] [r=0 c=3 rs=1 cs=1]
              RenderText {#text} at (2,2) size 34x18
                text run at (2,2) width 34: "four"
          RenderTableRow {TR} at (0,26) size 378x22
            RenderTableCell {TD} at (2,26) size 92x22 [border: (1px inset #808080)] [r=1 c=0 rs=1 cs=1]
              RenderText {#text} at (2,2) size 31x18
                text run at (2,2) width 31: "one"
            RenderTableCell {TD} at (96,26) size 92x22 [border: (1px inset #808080)] [r=1 c=1 rs=1 cs=1]
              RenderText {#text} at (2,2) size 31x18
                text run at (2,2) width 31: "two"
            RenderTableCell {TD} at (190,26) size 92x22 [border: (1px inset #808080)] [r=1 c=2 rs=1 cs=1]
              RenderText {#text} at (2,2) size 45x18
                text run at (2,2) width 45: "three"
            RenderTableCell {TD} at (284,26) size 92x22 [border: (1px inset #808080)] [r=1 c=3 rs=1 cs=1]
              RenderText {#text} at (2,2) size 34x18
                text run at (2,2) width 34: "four"
          RenderTableRow {TR} at (0,50) size 378x22
            RenderTableCell {TD} at (2,50) size 92x22 [border: (1px inset #808080)] [r=2 c=0 rs=1 cs=1]
              RenderText {#text} at (2,2) size 31x18
                text run at (2,2) width 31: "one"
            RenderTableCell {TD} at (96,50) size 92x22 [border: (1px inset #808080)] [r=2 c=1 rs=1 cs=1]
              RenderText {#text} at (2,2) size 31x18
                text run at (2,2) width 31: "two"
            RenderTableCell {TD} at (190,50) size 92x22 [border: (1px inset #808080)] [r=2 c=2 rs=1 cs=1]
              RenderText {#text} at (2,2) size 45x18
                text run at (2,2) width 45: "three"
            RenderTableCell {TD} at (284,50) size 92x22 [border: (1px inset #808080)] [r=2 c=3 rs=1 cs=1]
              RenderText {#text} at (2,2) size 34x18
                text run at (2,2) width 34: "four"
          RenderTableRow {TR} at (0,74) size 378x22
            RenderTableCell {TD} at (2,74) size 92x22 [border: (1px inset #808080)] [r=3 c=0 rs=1 cs=1]
              RenderText {#text} at (2,2) size 31x18
                text run at (2,2) width 31: "one"
            RenderTableCell {TD} at (96,74) size 92x22 [border: (1px inset #808080)] [r=3 c=1 rs=1 cs=1]
              RenderText {#text} at (2,2) size 31x18
                text run at (2,2) width 31: "two"
            RenderTableCell {TD} at (190,74) size 92x22 [border: (1px inset #808080)] [r=3 c=2 rs=1 cs=1]
              RenderText {#text} at (2,2) size 45x18
                text run at (2,2) width 45: "three"
            RenderTableCell {TD} at (284,74) size 92x22 [border: (1px inset #808080)] [r=3 c=3 rs=1 cs=1]
              RenderText {#text} at (2,2) size 34x18
                text run at (2,2) width 34: "four"
          RenderTableRow {TR} at (0,98) size 378x22
            RenderTableCell {TD} at (2,98) size 92x22 [border: (1px inset #808080)] [r=4 c=0 rs=1 cs=1]
              RenderText {#text} at (2,2) size 31x18
                text run at (2,2) width 31: "one"
            RenderTableCell {TD} at (96,98) size 92x22 [border: (1px inset #808080)] [r=4 c=1 rs=1 cs=1]
              RenderText {#text} at (2,2) size 31x18
                text run at (2,2) width 31: "two"
            RenderTableCell {TD} at (190,98) size 92x22 [border: (1px inset #808080)] [r=4 c=2 rs=1 cs=1]
              RenderText {#text} at (2,2) size 45x18
                text run at (2,2) width 45: "three"
            RenderTableCell {TD} at (284,98) size 92x22 [border: (1px inset #808080)] [r=4 c=3 rs=1 cs=1]
              RenderText {#text} at (2,2) size 34x18
                text run at (2,2) width 34: "four"
          RenderTableRow {TR} at (0,122) size 378x22
            RenderTableCell {TD} at (2,122) size 92x22 [border: (1px inset #808080)] [r=5 c=0 rs=1 cs=1]
              RenderText {#text} at (2,2) size 31x18
                text run at (2,2) width 31: "one"
            RenderTableCell {TD} at (96,122) size 92x22 [border: (1px inset #808080)] [r=5 c=1 rs=1 cs=1]
              RenderText {#text} at (2,2) size 31x18
                text run at (2,2) width 31: "two"
            RenderTableCell {TD} at (190,122) size 92x22 [border: (1px inset #808080)] [r=5 c=2 rs=1 cs=1]
              RenderText {#text} at (2,2) size 45x18
                text run at (2,2) width 45: "three"
            RenderTableCell {TD} at (284,122) size 92x22 [border: (1px inset #808080)] [r=5 c=3 rs=1 cs=1]
              RenderText {#text} at (2,2) size 34x18
                text run at (2,2) width 34: "four"
          RenderTableRow {TR} at (0,146) size 378x22
            RenderTableCell {TD} at (2,146) size 92x22 [border: (1px inset #808080)] [r=6 c=0 rs=1 cs=1]
              RenderText {#text} at (2,2) size 31x18
                text run at (2,2) width 31: "one"
            RenderTableCell {TD} at (96,146) size 92x22 [border: (1px inset #808080)] [r=6 c=1 rs=1 cs=1]
              RenderText {#text} at (2,2) size 31x18
                text run at (2,2) width 31: "two"
            RenderTableCell {TD} at (190,146) size 92x22 [border: (1px inset #808080)] [r=6 c=2 rs=1 cs=1]
              RenderText {#text} at (2,2) size 45x18
                text run at (2,2) width 45: "three"
            RenderTableCell {TD} at (284,146) size 92x22 [border: (1px inset #808080)] [r=6 c=3 rs=1 cs=1]
              RenderText {#text} at (2,2) size 34x18
                text run at (2,2) width 34: "four"
          RenderTableRow {TR} at (0,170) size 378x22
            RenderTableCell {TD} at (2,170) size 92x22 [border: (1px inset #808080)] [r=7 c=0 rs=1 cs=1]
              RenderText {#text} at (2,2) size 31x18
                text run at (2,2) width 31: "one"
            RenderTableCell {TD} at (96,170) size 92x22 [border: (1px inset #808080)] [r=7 c=1 rs=1 cs=1]
              RenderText {#text} at (2,2) size 31x18
                text run at (2,2) width 31: "two"
            RenderTableCell {TD} at (190,170) size 92x22 [border: (1px inset #808080)] [r=7 c=2 rs=1 cs=1]
              RenderText {#text} at (2,2) size 45x18
                text run at (2,2) width 45: "three"
            RenderTableCell {TD} at (284,170) size 92x22 [border: (1px inset #808080)] [r=7 c=3 rs=1 cs=1]
              RenderText {#text} at (2,2) size 34x18
                text run at (2,2) width 34: "four"
          RenderTableRow {TR} at (0,194) size 378x22
            RenderTableCell {TD} at (2,194) size 92x22 [border: (1px inset #808080)] [r=8 c=0 rs=1 cs=1]
              RenderText {#text} at (2,2) size 31x18
                text run at (2,2) width 31: "one"
            RenderTableCell {TD} at (96,194) size 92x22 [border: (1px inset #808080)] [r=8 c=1 rs=1 cs=1]
              RenderText {#text} at (2,2) size 31x18
                text run at (2,2) width 31: "two"
            RenderTableCell {TD} at (190,194) size 92x22 [border: (1px inset #808080)] [r=8 c=2 rs=1 cs=1]
              RenderText {#text} at (2,2) size 45x18
                text run at (2,2) width 45: "three"
            RenderTableCell {TD} at (284,194) size 92x22 [border: (1px inset #808080)] [r=8 c=3 rs=1 cs=1]
              RenderText {#text} at (2,2) size 34x18
                text run at (2,2) width 34: "four"
          RenderTableRow {TR} at (0,218) size 378x22
            RenderTableCell {TD} at (2,218) size 92x22 [border: (1px inset #808080)] [r=9 c=0 rs=1 cs=1]
              RenderText {#text} at (2,2) size 31x18
                text run at (2,2) width 31: "one"
            RenderTableCell {TD} at (96,218) size 92x22 [border: (1px inset #808080)] [r=9 c=1 rs=1 cs=1]
              RenderText {#text} at (2,2) size 31x18
                text run at (2,2) width 31: "two"
            RenderTableCell {TD} at (190,218) size 92x22 [border: (1px inset #808080)] [r=9 c=2 rs=1 cs=1]
              RenderText {#text} at (2,2) size 45x18
                text run at (2,2) width 45: "three"
            RenderTableCell {TD} at (284,218) size 92x22 [border: (1px inset #808080)] [r=9 c=3 rs=1 cs=1]
              RenderText {#text} at (2,2) size 34x18
                text run at (2,2) width 34: "four"
          RenderTableRow {TR} at (0,242) size 378x22
            RenderTableCell {TD} at (2,242) size 92x22 [border: (1px inset #808080)] [r=10 c=0 rs=1 cs=1]
              RenderText {#text} at (2,2) size 31x18
                text run at (2,2) width 31: "one"
            RenderTableCell {TD} at (96,242) size 92x22 [border: (1px inset #808080)] [r=10 c=1 rs=1 cs=1]
              RenderText {#text} at (2,2) size 31x18
                text run at (2,2) width 31: "two"
            RenderTableCell {TD} at (190,242) size 92x22 [border: (1px inset #808080)] [r=10 c=2 rs=1 cs=1]
              RenderText {#text} at (2,2) size 45x18
                text run at (2,2) width 45: "three"
            RenderTableCell {TD} at (284,242) size 92x22 [border: (1px inset #808080)] [r=10 c=3 rs=1 cs=1]
              RenderText {#text} at (2,2) size 34x18
                text run at (2,2) width 34: "four"
          RenderTableRow {TR} at (0,266) size 378x22
            RenderTableCell {TD} at (2,266) size 92x22 [border: (1px inset #808080)] [r=11 c=0 rs=1 cs=1]
              RenderText {#text} at (2,2) size 31x18
                text run at (2,2) width 31: "one"
            RenderTableCell {TD} at (96,266) size 92x22 [border: (1px inset #808080)] [r=11 c=1 rs=1 cs=1]
              RenderText {#text} at (2,2) size 31x18
                text run at (2,2) width 31: "two"
            RenderTableCell {TD} at (190,266) size 92x22 [border: (1px inset #808080)] [r=11 c=2 rs=1 cs=1]
              RenderText {#text} at (2,2) size 45x18
                text run at (2,2) width 45: "three"
            RenderTableCell {TD} at (284,266) size 92x22 [border: (1px inset #808080)] [r=11 c=3 rs=1 cs=1]
              RenderText {#text} at (2,2) size 34x18
                text run at (2,2) width 34: "four"
          RenderTableRow {TR} at (0,290) size 378x22
            RenderTableCell {TD} at (2,290) size 92x22 [border: (1px inset #808080)] [r=12 c=0 rs=1 cs=1]
              RenderText {#text} at (2,2) size 31x18
                text run at (2,2) width 31: "one"
            RenderTableCell {TD} at (96,290) size 92x22 [border: (1px inset #808080)] [r=12 c=1 rs=1 cs=1]
              RenderText {#text} at (2,2) size 31x18
                text run at (2,2) width 31: "two"
            RenderTableCell {TD} at (190,290) size 92x22 [border: (1px inset #808080)] [r=12 c=2 rs=1 cs=1]
              RenderText {#text} at (2,2) size 45x18
                text run at (2,2) width 45: "three"
            RenderTableCell {TD} at (284,290) size 92x22 [border: (1px inset #808080)] [r=12 c=3 rs=1 cs=1]
              RenderText {#text} at (2,2) size 34x18
                text run at (2,2) width 34: "four"
