layer at (0,0) size 800x600
  RenderView at (0,0) size 800x600
layer at (0,0) size 800x600
  RenderBlock {HTML} at (0,0) size 800x600
    RenderBody {BODY} at (8,8) size 784x584
      RenderBlock {DIV} at (0,0) size 784x152
        RenderTable {TABLE} at (78,0) size 627x152 [bgcolor=#0000FF] [border: (1px outset #808080)]
          RenderTableSection {TBODY} at (1,1) size 625x150
            RenderTableRow {TR} at (0,2) size 625x146
              RenderTableCell {TD} at (2,2) size 621x146 [border: (1px inset #808080)] [r=0 c=0 rs=1 cs=1]
                RenderBlock (anonymous) at (2,2) size 617x18
                  RenderText {#text} at (0,0) size 54x18
                    text run at (0,0) width 54: "before"
                RenderTable {TABLE} at (2,20) size 617x106 [bgcolor=#FF0000] [border: (1px outset #808080)]
                  RenderTableSection {TBODY} at (1,1) size 615x104
                    RenderTableRow {TR} at (0,2) size 615x22
                      RenderTableCell {TD} at (2,2) size 387x22 [border: (1px inset #808080)] [r=0 c=0 rs=1 cs=1]
                        RenderText {#text} at (2,2) size 358x18
                          text run at (2,2) width 358: "This is some text. This is some text. Cell 1"
                      RenderTableCell {TD} at (391,2) size 222x22 [border: (1px inset #808080)] [r=0 c=1 rs=1 cs=1]
                        RenderText {#text} at (2,2) size 203x18
                          text run at (2,2) width 203: "This is some text. Cell 2"
                    RenderTableRow {TR} at (0,26) size 615x76
                      RenderTableCell {TD} at (2,26) size 611x76 [border: (1px inset #808080)] [r=1 c=0 rs=1 cs=2]
                        RenderText {#text} at (2,2) size 592x72
                          text run at (2,2) width 568: "This is some text. This is some text. This is some text. This is some"
                          text run at (2,20) width 560: "text. This is some text. This is some text. This is some text. This is"
                          text run at (2,38) width 592: "some text. This is some text. This is some text. This is some text. This"
                          text run at (2,56) width 417: "is some text. This is some text. This is some text."
                RenderBlock (anonymous) at (2,126) size 617x18
                  RenderText {#text} at (0,0) size 40x18
                    text run at (0,0) width 40: "after"
