layer at (0,0) size 800x600
  RenderView at (0,0) size 800x600
layer at (0,0) size 800x600
  RenderBlock {HTML} at (0,0) size 800x600
    RenderBody {BODY} at (8,8) size 784x584
      RenderBlock (anonymous) at (0,0) size 784x18
        RenderText {#text} at (0,0) size 5x18
          text run at (0,0) width 5: " "
      RenderTable {TABLE} at (0,18) size 83x52 [border: (1px outset #808080)]
        RenderTableSection {TBODY} at (1,1) size 81x50
          RenderTableRow {TR} at (0,2) size 81x0
            RenderTableCell {TD} at (2,2) size 77x22 [border: (1px inset #808080)] [r=0 c=0 rs=2 cs=1]
              RenderText {#text} at (2,2) size 73x18
                text run at (2,2) width 73: "First row"
          RenderTableRow {TR} at (0,4) size 81x20
          RenderTableRow {TR} at (0,26) size 81x22
            RenderTableCell {TD} at (2,26) size 77x22 [border: (1px inset #808080)] [r=2 c=0 rs=1 cs=1]
              RenderText {#text} at (2,2) size 71x18
                text run at (2,2) width 71: "Last row"
      RenderBlock (anonymous) at (0,70) size 784x18
        RenderText {#text} at (0,0) size 5x18
          text run at (0,0) width 5: " "
        RenderText {#text} at (5,0) size 5x18
          text run at (5,0) width 5: " "
      RenderTable {TABLE} at (0,88) size 83x52 [border: (1px outset #808080)]
        RenderTableSection {TBODY} at (1,1) size 81x50
          RenderTableRow {TR} at (0,2) size 81x0
            RenderTableCell {TD} at (2,2) size 77x22 [border: (1px inset #808080)] [r=0 c=0 rs=3 cs=1]
              RenderText {#text} at (2,2) size 73x18
                text run at (2,2) width 73: "First row"
          RenderTableRow {TR} at (0,4) size 81x0
          RenderTableRow {TR} at (0,6) size 81x18
          RenderTableRow {TR} at (0,26) size 81x22
            RenderTableCell {TD} at (2,26) size 77x22 [border: (1px inset #808080)] [r=3 c=0 rs=1 cs=1]
              RenderText {#text} at (2,2) size 71x18
                text run at (2,2) width 71: "Last row"
      RenderBlock (anonymous) at (0,140) size 784x18
        RenderText {#text} at (0,0) size 5x18
          text run at (0,0) width 5: " "
        RenderText {#text} at (5,0) size 5x18
          text run at (5,0) width 5: " "
        RenderText {#text} at (10,0) size 5x18
          text run at (10,0) width 5: " "
      RenderTable {TABLE} at (0,158) size 83x52 [border: (1px outset #808080)]
        RenderTableSection {TBODY} at (1,1) size 81x50
          RenderTableRow {TR} at (0,2) size 81x0
            RenderTableCell {TD} at (2,2) size 77x22 [border: (1px inset #808080)] [r=0 c=0 rs=4 cs=1]
              RenderText {#text} at (2,2) size 73x18
                text run at (2,2) width 73: "First row"
          RenderTableRow {TR} at (0,4) size 81x0
          RenderTableRow {TR} at (0,6) size 81x0
          RenderTableRow {TR} at (0,8) size 81x16
          RenderTableRow {TR} at (0,26) size 81x22
            RenderTableCell {TD} at (2,26) size 77x22 [border: (1px inset #808080)] [r=4 c=0 rs=1 cs=1]
              RenderText {#text} at (2,2) size 71x18
                text run at (2,2) width 71: "Last row"
      RenderBlock (anonymous) at (0,210) size 784x36
        RenderBR {BR} at (0,0) size 0x18
        RenderText {#text} at (0,18) size 149x18
          text run at (0,18) width 149: "an additional test"
      RenderTable {TABLE} at (0,246) size 40x52 [border: (1px outset #808080)]
        RenderTableSection {TBODY} at (1,1) size 38x50
          RenderTableRow {TR} at (0,2) size 38x0
            RenderTableCell {TD} at (2,2) size 34x22 [border: (1px inset #808080)] [r=0 c=0 rs=2 cs=1]
              RenderText {#text} at (2,2) size 11x18
                text run at (2,2) width 11: "1"
          RenderTableRow {TR} at (0,4) size 38x20
          RenderTableRow {TR} at (0,26) size 38x22
            RenderTableCell {TD} at (2,26) size 34x22 [border: (1px inset #808080)] [r=2 c=0 rs=1 cs=1]
              RenderText {#text} at (2,2) size 30x18
                text run at (2,2) width 30: "abc"
