layer at (0,0) size 800x600
  RenderView at (0,0) size 800x600
layer at (0,0) size 800x600
  RenderBlock {HTML} at (0,0) size 800x600
    RenderBody {BODY} at (8,8) size 784x584
      RenderTable {TABLE} at (0,0) size 615x74 [border: (1px outset #808080)]
        RenderTableSection {TBODY} at (1,1) size 613x72
          RenderTableRow {TR} at (0,2) size 613x68
            RenderTableCell {TD} at (2,2) size 358x68 [border: (1px inset #808080)] [r=0 c=0 rs=1 cs=1]
              RenderBlock (anonymous) at (2,2) size 354x18
                RenderText {#text} at (0,0) size 353x18
                  text run at (0,0) width 353: "some normal text before the nested table"
              RenderTable {TABLE} at (52,20) size 336x28 [border: (1px outset #808080)]
                RenderTableSection {TBODY} at (1,1) size 334x26
                  RenderTableRow {TR} at (0,2) size 334x22
                    RenderTableCell {TD} at (2,2) size 330x22 [border: (1px inset #808080)] [r=0 c=0 rs=1 cs=1]
                      RenderText {#text} at (2,2) size 294x18
                        text run at (2,2) width 294: "selection of words to pad table cell"
              RenderBlock (anonymous) at (2,48) size 354x18
                RenderText {#text} at (0,0) size 339x18
                  text run at (0,0) width 339: "some normal text after the nested table"
            RenderTableCell {TD} at (362,25) size 249x22 [border: (1px inset #808080)] [r=0 c=1 rs=1 cs=1]
              RenderText {#text} at (2,2) size 245x18
                text run at (2,2) width 245: "contents of table cell to right"
      RenderTable {TABLE} at (0,74) size 46x38 [border: (1px outset #808080)]
        RenderTableSection {TBODY} at (1,1) size 44x36
          RenderTableRow {TR} at (0,2) size 44x32
            RenderTableCell {TD} at (2,2) size 40x32 [border: (1px inset #808080)] [r=0 c=0 rs=1 cs=1]
              RenderTable {TABLE} at (2,2) size 43x28 [border: (1px outset #808080)]
                RenderTableSection {TBODY} at (1,1) size 41x26
                  RenderTableRow {TR} at (0,2) size 41x22
                    RenderTableCell {TD} at (2,2) size 37x22 [border: (1px inset #808080)] [r=0 c=0 rs=1 cs=1]
                      RenderText {#text} at (2,2) size 26x18
                        text run at (2,2) width 26: "foo"
