layer at (0,0) size 800x4380
  RenderView at (0,0) size 800x600
layer at (0,0) size 800x4380
  RenderBlock {HTML} at (0,0) size 800x4380
    RenderBody {BODY} at (8,8) size 784x4364
      RenderBlock {DIV} at (0,0) size 784x4349
        RenderBlock (anonymous) at (0,0) size 784x18
          RenderText {#text} at (0,0) size 5x18
            text run at (0,0) width 5: " "
        RenderTable {TABLE} at (67,18) size 473x4286
          RenderTableSection {TBODY} at (0,0) size 473x4286
            RenderTableRow {TR} at (0,0) size 473x23
              RenderTableCell {TD} at (0,0) size 473x23 [r=0 c=0 rs=1 cs=4]
                RenderBlock {P} at (7,0) size 459x0
                  RenderInline {B} at (0,0) size 0x0
                    RenderInline {SPAN} at (0,0) size 0x0
                      RenderInline {O:P} at (0,0) size 0x0
                RenderBlock {P} at (7,0) size 459x23
                  RenderInline {B} at (0,0) size 444x15
                    RenderInline {SPAN} at (0,0) size 444x15
                      RenderInline {FONT} at (0,0) size 444x23 [color=#008080]
                        RenderText {#text} at (7,0) size 444x23
                          text run at (7,0) width 208: "Radio Channel usage at "
                          text run at (215,0) width 236: "Bayside.    Rev date 6-25-01"
                RenderBlock {P} at (7,23) size 459x0
                  RenderInline {B} at (0,0) size 0x0
                    RenderInline {SPAN} at (0,0) size 0x0
                      RenderInline {O:P} at (0,0) size 0x0
            RenderTableRow {TR} at (0,23) size 473x36
              RenderTableCell {TD} at (0,23) size 98x32 [r=1 c=0 rs=1 cs=1]
                RenderInline {B} at (0,0) size 69x34
                  RenderInline {SPAN} at (0,0) size 69x32
                    RenderText {#text} at (14,0) size 69x32
                      text run at (14,0) width 69: "Channel"
                      text run at (16,16) width 66: "number"
                RenderText {#text} at (0,0) size 0x0
              RenderTableCell {TD} at (98,23) size 170x16 [r=1 c=1 rs=1 cs=1]
                RenderInline {B} at (0,0) size 121x18
                  RenderInline {SPAN} at (0,0) size 121x16
                    RenderText {#text} at (24,0) size 121x16
                      text run at (24,0) width 121: "Member name"
                RenderText {#text} at (0,0) size 0x0
              RenderTableCell {TD} at (268,23) size 99x36 [r=1 c=2 rs=1 cs=1]
                RenderBlock {P} at (7,0) size 85x18
                  RenderInline {B} at (0,0) size 46x15
                    RenderInline {SPAN} at (0,0) size 46x18
                      RenderText {#text} at (19,0) size 46x18
                        text run at (19,0) width 46: "Proper"
                      RenderInline {SPAN} at (0,0) size 0x18
                        RenderInline {O:P} at (0,0) size 0x18
                RenderBlock {P} at (7,18) size 85x18
                  RenderInline {B} at (0,0) size 36x15
                    RenderInline {SPAN} at (0,0) size 36x18
                      RenderText {#text} at (24,0) size 36x18
                        text run at (24,0) width 36: "Plane"
              RenderTableCell {TD} at (367,23) size 106x36 [r=1 c=3 rs=1 cs=1]
                RenderBlock {P} at (7,0) size 92x18
                  RenderInline {B} at (0,0) size 69x15
                    RenderInline {SPAN} at (0,0) size 69x18
                      RenderText {#text} at (11,0) size 69x18
                        text run at (11,0) width 69: "Helicopter"
                      RenderInline {SPAN} at (0,0) size 0x18
                        RenderInline {O:P} at (0,0) size 0x18
                RenderBlock {P} at (7,18) size 92x18
                  RenderInline {B} at (0,0) size 50x15
                    RenderInline {SPAN} at (0,0) size 50x18
                      RenderText {#text} at (21,0) size 50x18
                        text run at (21,0) width 50: "thingy.-"
            RenderTableRow {TR} at (0,59) size 473x30
              RenderTableCell {TD} at (0,59) size 98x15 [r=2 c=0 rs=1 cs=1]
                RenderBlock {P} at (7,0) size 84x15
                  RenderText {#text} at (35,0) size 14x15
                    text run at (35,0) width 14: "00"
                  RenderInline {SPAN} at (0,0) size 0x15
                    RenderInline {O:P} at (0,0) size 0x15
              RenderTableCell {TD} at (98,59) size 170x30 [r=2 c=1 rs=1 cs=1]
                RenderBlock {P} at (7,0) size 156x15
                  RenderText {#text} at (0,0) size 55x15
                    text run at (0,0) width 55: "Paul Scott"
                RenderBlock {P} at (7,15) size 156x15
                  RenderText {#text} at (0,0) size 93x15
                    text run at (0,0) width 93: "Donald Carvalho"
                  RenderInline {SPAN} at (0,0) size 0x15
                    RenderInline {O:P} at (0,0) size 0x15
              RenderTableCell {TD} at (268,59) size 99x15 [r=2 c=2 rs=1 cs=1]
                RenderBlock {P} at (7,0) size 85x15
                  RenderText {#text} at (34,0) size 17x15
                    text run at (34,0) width 17: "No"
                  RenderInline {SPAN} at (0,0) size 0x15
                    RenderInline {O:P} at (0,0) size 0x15
              RenderTableCell {TD} at (367,59) size 106x15 [r=2 c=3 rs=1 cs=1]
                RenderBlock {P} at (7,0) size 92x15
                  RenderText {#text} at (36,0) size 19x15
                    text run at (36,0) width 19: "Yes"
                  RenderInline {SPAN} at (0,0) size 0x15
                    RenderInline {O:P} at (0,0) size 0x15
            RenderTableRow {TR} at (0,89) size 473x15
              RenderTableCell {TD} at (0,89) size 98x15 [r=3 c=0 rs=1 cs=1]
                RenderBlock {P} at (7,0) size 84x15
                  RenderText {#text} at (35,0) size 14x15
                    text run at (35,0) width 14: "01"
                  RenderInline {SPAN} at (0,0) size 0x15
                    RenderInline {O:P} at (0,0) size 0x15
              RenderTableCell {TD} at (98,89) size 170x15 [r=3 c=1 rs=1 cs=1]
                RenderBlock {P} at (7,0) size 156x15
                  RenderText {#text} at (0,0) size 55x15
                    text run at (0,0) width 55: "Paul Scott"
                  RenderInline {SPAN} at (0,0) size 0x15
                    RenderInline {O:P} at (0,0) size 0x15
              RenderTableCell {TD} at (268,89) size 99x15 [r=3 c=2 rs=1 cs=1]
                RenderBlock {P} at (7,0) size 85x15
                  RenderText {#text} at (34,0) size 17x15
                    text run at (34,0) width 17: "No"
                  RenderInline {SPAN} at (0,0) size 0x15
                    RenderInline {O:P} at (0,0) size 0x15
              RenderTableCell {TD} at (367,89) size 106x15 [r=3 c=3 rs=1 cs=1]
                RenderBlock {P} at (7,0) size 92x15
                  RenderText {#text} at (36,0) size 19x15
                    text run at (36,0) width 19: "Yes"
                  RenderInline {SPAN} at (0,0) size 0x15
                    RenderInline {O:P} at (0,0) size 0x15
            RenderTableRow {TR} at (0,104) size 473x18
              RenderTableCell {TD} at (0,104) size 98x18 [r=4 c=0 rs=1 cs=1]
                RenderBlock {P} at (7,0) size 84x18
                  RenderInline {FONT} at (0,0) size 16x18
                    RenderText {#text} at (34,0) size 16x18
                      text run at (34,0) width 16: "02"
                  RenderText {#text} at (0,0) size 0x0
              RenderTableCell {TD} at (98,104) size 170x18 [r=4 c=1 rs=1 cs=1]
                RenderInline {FONT} at (0,0) size 65x18
                  RenderText {#text} at (7,0) size 65x18
                    text run at (7,0) width 65: "Don Coon"
                RenderText {#text} at (0,0) size 0x0
              RenderTableCell {TD} at (268,104) size 99x18 [r=4 c=2 rs=1 cs=1]
                RenderText {#text} at (7,0) size 5x18
                  text run at (7,0) width 5: " "
              RenderTableCell {TD} at (367,104) size 106x18 [r=4 c=3 rs=1 cs=1]
                RenderText {#text} at (7,0) size 5x18
                  text run at (7,0) width 5: " "
            RenderTableRow {TR} at (0,122) size 473x36
              RenderTableCell {TD} at (0,122) size 98x18 [r=5 c=0 rs=1 cs=1]
                RenderInline {FONT} at (0,0) size 16x18
                  RenderText {#text} at (41,0) size 16x18
                    text run at (41,0) width 16: "05"
                RenderText {#text} at (0,0) size 0x0
              RenderTableCell {TD} at (98,122) size 170x36 [r=5 c=1 rs=1 cs=1]
                RenderBlock {P} at (7,0) size 156x18
                  RenderInline {FONT} at (0,0) size 62x18
                    RenderText {#text} at (0,0) size 62x18
                      text run at (0,0) width 62: "Paul Scott"
                RenderBlock {P} at (7,18) size 156x18
                  RenderInline {FONT} at (0,0) size 57x18
                    RenderText {#text} at (0,0) size 57x18
                      text run at (0,0) width 57: "Bill Hunt"
                    RenderInline {SPAN} at (0,0) size 0x18
                      RenderInline {O:P} at (0,0) size 0x18
              RenderTableCell {TD} at (268,122) size 99x18 [r=5 c=2 rs=1 cs=1]
                RenderBlock {P} at (7,0) size 85x18
                  RenderInline {FONT} at (0,0) size 20x18
                    RenderText {#text} at (32,0) size 20x18
                      text run at (32,0) width 20: "No"
                    RenderInline {SPAN} at (0,0) size 0x18
                      RenderInline {O:P} at (0,0) size 0x18
              RenderTableCell {TD} at (367,122) size 106x18 [r=5 c=3 rs=1 cs=1]
                RenderBlock {P} at (7,0) size 92x18
                  RenderInline {FONT} at (0,0) size 23x18
                    RenderText {#text} at (34,0) size 23x18
                      text run at (34,0) width 23: "Yes"
                    RenderInline {SPAN} at (0,0) size 0x18
                      RenderInline {O:P} at (0,0) size 0x18
            RenderTableRow {TR} at (0,158) size 473x54
              RenderTableCell {TD} at (0,158) size 98x18 [r=6 c=0 rs=1 cs=1]
                RenderInline {FONT} at (0,0) size 16x18
                  RenderText {#text} at (41,0) size 16x18
                    text run at (41,0) width 16: "06"
                RenderText {#text} at (0,0) size 0x0
              RenderTableCell {TD} at (98,158) size 170x54 [r=6 c=1 rs=1 cs=1]
                RenderInline {FONT} at (0,0) size 125x54
                  RenderText {#text} at (7,0) size 125x54
                    text run at (7,0) width 33: "Gene"
                    text run at (7,18) width 125: "Pheiffer                   "
                    text run at (7,36) width 95: "Alberto Lanzas"
                RenderText {#text} at (0,0) size 0x0
              RenderTableCell {TD} at (268,158) size 99x30 [r=6 c=2 rs=1 cs=1]
                RenderBlock {P} at (7,0) size 85x15
                  RenderText {#text} at (33,0) size 19x15
                    text run at (33,0) width 19: "Yes"
                RenderBlock {P} at (7,15) size 85x15
                  RenderText {#text} at (33,0) size 19x15
                    text run at (33,0) width 19: "Yes"
              RenderTableCell {TD} at (367,158) size 106x33 [r=6 c=3 rs=1 cs=1]
                RenderBlock (anonymous) at (7,0) size 92x18
                  RenderInline {SPAN} at (0,0) size 20x18
                    RenderInline {FONT} at (0,0) size 20x18
                      RenderText {#text} at (36,0) size 20x18
                        text run at (36,0) width 20: "No"
                  RenderText {#text} at (0,0) size 0x0
                RenderBlock {P} at (7,18) size 92x15
                  RenderText {#text} at (36,0) size 19x15
                    text run at (36,0) width 19: "Yes"
            RenderTableRow {TR} at (0,212) size 473x18
              RenderTableCell {TD} at (0,212) size 98x18 [r=7 c=0 rs=1 cs=1]
                RenderBlock {P} at (7,0) size 84x18
                  RenderInline {FONT} at (0,0) size 16x18
                    RenderText {#text} at (34,0) size 16x18
                      text run at (34,0) width 16: "07"
                  RenderText {#text} at (0,0) size 0x0
              RenderTableCell {TD} at (98,212) size 170x18 [r=7 c=1 rs=1 cs=1]
                RenderInline {FONT} at (0,0) size 57x18
                  RenderText {#text} at (7,0) size 57x18
                    text run at (7,0) width 57: "Phil Cole"
                RenderText {#text} at (0,0) size 0x0
              RenderTableCell {TD} at (268,212) size 99x18 [r=7 c=2 rs=1 cs=1]
                RenderBlock {P} at (7,0) size 85x18
                  RenderInline {FONT} at (0,0) size 23x18
                    RenderText {#text} at (31,0) size 23x18
                      text run at (31,0) width 23: "Yes"
                  RenderText {#text} at (0,0) size 0x0
              RenderTableCell {TD} at (367,212) size 106x18 [r=7 c=3 rs=1 cs=1]
                RenderBlock {P} at (7,0) size 92x18
                  RenderInline {FONT} at (0,0) size 23x18
                    RenderText {#text} at (34,0) size 23x18
                      text run at (34,0) width 23: "Yes"
                  RenderText {#text} at (0,0) size 0x0
            RenderTableRow {TR} at (0,230) size 473x30
              RenderTableCell {TD} at (0,230) size 98x15 [r=8 c=0 rs=1 cs=1]
                RenderBlock {P} at (7,0) size 84x15
                  RenderText {#text} at (35,0) size 14x15
                    text run at (35,0) width 14: "08"
                  RenderInline {SPAN} at (0,0) size 0x15
                    RenderInline {O:P} at (0,0) size 0x15
              RenderTableCell {TD} at (98,230) size 170x30 [r=8 c=1 rs=1 cs=1]
                RenderBlock {P} at (7,0) size 156x15
                  RenderText {#text} at (0,0) size 55x15
                    text run at (0,0) width 55: "Paul Scott"
                RenderBlock {P} at (7,15) size 156x15
                  RenderText {#text} at (0,0) size 73x15
                    text run at (0,0) width 73: "Gene Pheiffer"
                  RenderInline {SPAN} at (0,0) size 0x15
                    RenderInline {O:P} at (0,0) size 0x15
              RenderTableCell {TD} at (268,230) size 99x30 [r=8 c=2 rs=1 cs=1]
                RenderBlock {P} at (7,0) size 85x15
                  RenderText {#text} at (34,0) size 17x15
                    text run at (34,0) width 17: "No"
                RenderBlock {P} at (7,15) size 85x15
                  RenderText {#text} at (33,0) size 19x15
                    text run at (33,0) width 19: "Yes"
                  RenderInline {SPAN} at (0,0) size 0x15
                    RenderInline {O:P} at (0,0) size 0x15
              RenderTableCell {TD} at (367,230) size 106x30 [r=8 c=3 rs=1 cs=1]
                RenderBlock {P} at (7,0) size 92x15
                  RenderText {#text} at (36,0) size 19x15
                    text run at (36,0) width 19: "Yes"
                RenderBlock {P} at (7,15) size 92x15
                  RenderText {#text} at (37,0) size 17x15
                    text run at (37,0) width 17: "No"
                  RenderInline {SPAN} at (0,0) size 0x15
                    RenderInline {O:P} at (0,0) size 0x15
            RenderTableRow {TR} at (0,260) size 473x45
              RenderTableCell {TD} at (0,260) size 98x15 [r=9 c=0 rs=1 cs=1]
                RenderBlock {P} at (7,0) size 84x15
                  RenderText {#text} at (3,0) size 78x15
                    text run at (3,0) width 78: "Programmable"
                  RenderInline {SPAN} at (0,0) size 0x15
                    RenderInline {O:P} at (0,0) size 0x15
              RenderTableCell {TD} at (98,260) size 170x45 [r=9 c=1 rs=1 cs=1]
                RenderBlock {P} at (7,0) size 156x15
                  RenderText {#text} at (0,0) size 104x15
                    text run at (0,0) width 104: "Richard Pevehouse"
                  RenderInline {SPAN} at (0,0) size 0x15
                    RenderInline {O:P} at (0,0) size 0x15
                RenderBlock {P} at (7,15) size 156x15
                  RenderText {#text} at (0,0) size 61x15
                    text run at (0,0) width 61: "Gary Heath"
                RenderBlock {P} at (7,30) size 156x15
                  RenderText {#text} at (0,0) size 62x15
                    text run at (0,0) width 62: "Scott Hersh"
                  RenderInline {SPAN} at (0,0) size 0x15
                    RenderInline {O:P} at (0,0) size 0x15
              RenderTableCell {TD} at (268,260) size 99x30 [r=9 c=2 rs=1 cs=1]
                RenderBlock {P} at (7,0) size 85x15
                  RenderText {#text} at (33,0) size 19x15
                    text run at (33,0) width 19: "Yes"
                  RenderInline {SPAN} at (0,0) size 0x15
                    RenderInline {O:P} at (0,0) size 0x15
                RenderBlock {P} at (7,15) size 85x15
                  RenderText {#text} at (34,0) size 17x15
                    text run at (34,0) width 17: "No"
                  RenderInline {SPAN} at (0,0) size 0x15
                    RenderInline {O:P} at (0,0) size 0x15
              RenderTableCell {TD} at (367,260) size 106x30 [r=9 c=3 rs=1 cs=1]
                RenderBlock {P} at (7,0) size 92x15
                  RenderText {#text} at (37,0) size 17x15
                    text run at (37,0) width 17: "No"
                  RenderInline {SPAN} at (0,0) size 0x15
                    RenderInline {O:P} at (0,0) size 0x15
                RenderBlock {P} at (7,15) size 92x15
                  RenderText {#text} at (36,0) size 19x15
                    text run at (36,0) width 19: "Yes"
                  RenderInline {SPAN} at (0,0) size 0x15
                    RenderInline {O:P} at (0,0) size 0x15
            RenderTableRow {TR} at (0,305) size 473x105
              RenderTableCell {TD} at (0,305) size 98x15 [r=10 c=0 rs=1 cs=1]
                RenderBlock {P} at (7,0) size 84x15
                  RenderText {#text} at (35,0) size 14x15
                    text run at (35,0) width 14: "11"
                  RenderInline {SPAN} at (0,0) size 0x15
                    RenderInline {O:P} at (0,0) size 0x15
              RenderTableCell {TD} at (98,305) size 170x105 [r=10 c=1 rs=1 cs=1]
                RenderBlock {P} at (7,0) size 156x15
                  RenderText {#text} at (0,0) size 80x15
                    text run at (0,0) width 80: "George Cowan"
                  RenderInline {SPAN} at (0,0) size 0x15
                    RenderInline {O:P} at (0,0) size 0x15
                RenderBlock {P} at (7,15) size 156x15
                  RenderText {#text} at (0,0) size 75x15
                    text run at (0,0) width 75: "Rick Klement"
                  RenderInline {SPAN} at (0,0) size 0x15
                    RenderInline {O:P} at (0,0) size 0x15
                RenderBlock {P} at (7,30) size 156x15
                  RenderText {#text} at (0,0) size 78x15
                    text run at (0,0) width 78: "John Mathews"
                RenderBlock {P} at (7,45) size 156x15
                  RenderText {#text} at (0,0) size 55x15
                    text run at (0,0) width 55: "Ed Cypret"
                RenderBlock {P} at (7,60) size 156x15
                  RenderText {#text} at (0,0) size 83x15
                    text run at (0,0) width 83: "John Chamorro"
                RenderBlock {P} at (7,75) size 156x15
                  RenderText {#text} at (0,0) size 83x15
                    text run at (0,0) width 83: "John Yearwood"
                RenderBlock {P} at (7,90) size 156x15
                  RenderText {#text} at (0,0) size 85x15
                    text run at (0,0) width 85: "Jason Anderson"
                  RenderInline {SPAN} at (0,0) size 0x15
                    RenderInline {O:P} at (0,0) size 0x15
              RenderTableCell {TD} at (268,305) size 99x105 [r=10 c=2 rs=1 cs=1]
                RenderBlock {P} at (7,0) size 85x15
                  RenderText {#text} at (33,0) size 19x15
                    text run at (33,0) width 19: "Yes"
                  RenderInline {SPAN} at (0,0) size 0x15
                    RenderInline {O:P} at (0,0) size 0x15
                RenderBlock {P} at (7,15) size 85x15
                  RenderText {#text} at (33,0) size 19x15
                    text run at (33,0) width 19: "Yes"
                  RenderInline {SPAN} at (0,0) size 0x15
                    RenderInline {O:P} at (0,0) size 0x15
                RenderBlock {P} at (7,30) size 85x15
                  RenderText {#text} at (33,0) size 19x15
                    text run at (33,0) width 19: "Yes"
                RenderBlock {P} at (7,45) size 85x15
                  RenderText {#text} at (41,0) size 3x15
                    text run at (41,0) width 3: " "
                RenderBlock {P} at (7,60) size 85x15
                  RenderText {#text} at (41,0) size 3x15
                    text run at (41,0) width 3: " "
                RenderBlock {P} at (7,75) size 85x15
                  RenderText {#text} at (33,0) size 19x15
                    text run at (33,0) width 19: "Yes"
                RenderBlock {P} at (7,90) size 85x15
                  RenderText {#text} at (33,0) size 19x15
                    text run at (33,0) width 19: "Yes"
                  RenderInline {SPAN} at (0,0) size 0x15
                    RenderInline {O:P} at (0,0) size 0x15
              RenderTableCell {TD} at (367,305) size 106x105 [r=10 c=3 rs=1 cs=1]
                RenderBlock {P} at (7,0) size 92x15
                  RenderText {#text} at (37,0) size 17x15
                    text run at (37,0) width 17: "No"
                  RenderInline {SPAN} at (0,0) size 0x15
                    RenderInline {O:P} at (0,0) size 0x15
                RenderBlock {P} at (7,15) size 92x15
                  RenderText {#text} at (36,0) size 19x15
                    text run at (36,0) width 19: "Yes"
                  RenderInline {SPAN} at (0,0) size 0x15
                    RenderInline {O:P} at (0,0) size 0x15
                RenderBlock {P} at (7,30) size 92x15
                  RenderText {#text} at (37,0) size 17x15
                    text run at (37,0) width 17: "No"
                RenderBlock {P} at (7,45) size 92x15
                  RenderText {#text} at (44,0) size 3x15
                    text run at (44,0) width 3: " "
                RenderBlock {P} at (7,60) size 92x15
                  RenderText {#text} at (44,0) size 3x15
                    text run at (44,0) width 3: " "
                RenderBlock {P} at (7,75) size 92x15
                  RenderText {#text} at (37,0) size 17x15
                    text run at (37,0) width 17: "No"
                RenderBlock {P} at (7,90) size 92x15
                  RenderText {#text} at (37,0) size 17x15
                    text run at (37,0) width 17: "No"
                  RenderInline {SPAN} at (0,0) size 0x15
                    RenderInline {O:P} at (0,0) size 0x15
            RenderTableRow {TR} at (0,410) size 473x75
              RenderTableCell {TD} at (0,410) size 98x15 [r=11 c=0 rs=1 cs=1]
                RenderBlock {P} at (7,0) size 84x15
                  RenderText {#text} at (35,0) size 14x15
                    text run at (35,0) width 14: "12"
                  RenderInline {SPAN} at (0,0) size 0x15
                    RenderInline {O:P} at (0,0) size 0x15
              RenderTableCell {TD} at (98,410) size 170x75 [r=11 c=1 rs=1 cs=1]
                RenderBlock {P} at (7,0) size 156x15
                  RenderText {#text} at (0,0) size 75x15
                    text run at (0,0) width 75: "Rick Klement"
                RenderBlock {P} at (7,15) size 156x15
                  RenderText {#text} at (0,0) size 84x15
                    text run at (0,0) width 84: "George Coward"
                RenderBlock {P} at (7,30) size 156x15
                  RenderText {#text} at (0,0) size 86x15
                    text run at (0,0) width 86: "Gerald Cardinal"
                RenderBlock {P} at (7,45) size 156x15
                  RenderText {#text} at (0,0) size 72x15
                    text run at (0,0) width 72: "Brock Brown"
                RenderBlock {P} at (7,60) size 156x15
                  RenderText {#text} at (0,0) size 98x15
                    text run at (0,0) width 98: "Ellsworth Crowell"
              RenderTableCell {TD} at (268,410) size 99x75 [r=11 c=2 rs=1 cs=1]
                RenderBlock {P} at (7,0) size 85x15
                  RenderText {#text} at (33,0) size 19x15
                    text run at (33,0) width 19: "Yes"
                RenderBlock {P} at (7,15) size 85x15
                  RenderText {#text} at (33,0) size 19x15
                    text run at (33,0) width 19: "Yes"
                RenderBlock {P} at (7,30) size 85x15
                  RenderText {#text} at (41,0) size 3x15
                    text run at (41,0) width 3: " "
                RenderBlock {P} at (7,45) size 85x15
                  RenderText {#text} at (33,0) size 19x15
                    text run at (33,0) width 19: "Yes"
                RenderBlock {P} at (7,60) size 85x15
                  RenderText {#text} at (33,0) size 19x15
                    text run at (33,0) width 19: "Yes"
                  RenderInline {SPAN} at (0,0) size 0x15
                    RenderInline {O:P} at (0,0) size 0x15
              RenderTableCell {TD} at (367,410) size 106x75 [r=11 c=3 rs=1 cs=1]
                RenderBlock {P} at (7,0) size 92x15
                  RenderText {#text} at (36,0) size 19x15
                    text run at (36,0) width 19: "Yes"
                RenderBlock {P} at (7,15) size 92x15
                  RenderText {#text} at (37,0) size 17x15
                    text run at (37,0) width 17: "No"
                RenderBlock {P} at (7,30) size 92x15
                  RenderText {#text} at (44,0) size 3x15
                    text run at (44,0) width 3: " "
                RenderBlock {P} at (7,45) size 92x15
                  RenderText {#text} at (37,0) size 17x15
                    text run at (37,0) width 17: "No"
                RenderBlock {P} at (7,60) size 92x15
                  RenderText {#text} at (37,0) size 17x15
                    text run at (37,0) width 17: "No"
                  RenderInline {SPAN} at (0,0) size 0x15
                    RenderInline {O:P} at (0,0) size 0x15
            RenderTableRow {TR} at (0,485) size 473x60
              RenderTableCell {TD} at (0,485) size 98x15 [r=12 c=0 rs=1 cs=1]
                RenderBlock {P} at (7,0) size 84x15
                  RenderText {#text} at (35,0) size 14x15
                    text run at (35,0) width 14: "13"
                  RenderInline {SPAN} at (0,0) size 0x15
                    RenderInline {O:P} at (0,0) size 0x15
              RenderTableCell {TD} at (98,485) size 170x60 [r=12 c=1 rs=1 cs=1]
                RenderBlock {P} at (7,0) size 156x15
                  RenderText {#text} at (0,0) size 65x15
                    text run at (0,0) width 65: " Oliver Baer"
                RenderBlock {P} at (7,15) size 156x15
                  RenderText {#text} at (0,0) size 58x15
                    text run at (0,0) width 58: "Joe Araujo"
                RenderBlock {P} at (7,30) size 156x15
                  RenderText {#text} at (0,0) size 74x15
                    text run at (0,0) width 74: "Jim Mirowski"
                RenderBlock {P} at (7,45) size 156x15
                  RenderText {#text} at (0,0) size 62x15
                    text run at (0,0) width 62: "Scott Hersh"
                  RenderInline {SPAN} at (0,0) size 0x15
                    RenderInline {O:P} at (0,0) size 0x15
              RenderTableCell {TD} at (268,485) size 99x60 [r=12 c=2 rs=1 cs=1]
                RenderBlock {P} at (7,0) size 85x15
                  RenderText {#text} at (31,0) size 22x15
                    text run at (31,0) width 22: " Yes"
                RenderBlock {P} at (7,15) size 85x15
                  RenderText {#text} at (41,0) size 3x15
                    text run at (41,0) width 3: " "
                RenderBlock {P} at (7,30) size 85x15
                  RenderText {#text} at (41,0) size 3x15
                    text run at (41,0) width 3: " "
                RenderBlock {P} at (7,45) size 85x15
                  RenderText {#text} at (33,0) size 19x15
                    text run at (33,0) width 19: "Yes"
                  RenderInline {SPAN} at (0,0) size 0x15
                    RenderInline {O:P} at (0,0) size 0x15
              RenderTableCell {TD} at (367,485) size 106x60 [r=12 c=3 rs=1 cs=1]
                RenderBlock {P} at (7,0) size 92x15
                  RenderText {#text} at (36,0) size 19x15
                    text run at (36,0) width 19: " No"
                RenderBlock {P} at (7,15) size 92x15
                  RenderText {#text} at (44,0) size 3x15
                    text run at (44,0) width 3: " "
                RenderBlock {P} at (7,30) size 92x15
                  RenderText {#text} at (44,0) size 3x15
                    text run at (44,0) width 3: " "
                RenderBlock {P} at (7,45) size 92x15
                  RenderText {#text} at (37,0) size 17x15
                    text run at (37,0) width 17: "No"
                  RenderInline {SPAN} at (0,0) size 0x15
                    RenderInline {O:P} at (0,0) size 0x15
            RenderTableRow {TR} at (0,545) size 473x45
              RenderTableCell {TD} at (0,545) size 98x15 [r=13 c=0 rs=1 cs=1]
                RenderBlock {P} at (7,0) size 84x15
                  RenderText {#text} at (35,0) size 14x15
                    text run at (35,0) width 14: "14"
                  RenderInline {SPAN} at (0,0) size 0x15
                    RenderInline {O:P} at (0,0) size 0x15
              RenderTableCell {TD} at (98,545) size 170x45 [r=13 c=1 rs=1 cs=1]
                RenderBlock {P} at (7,0) size 156x15
                  RenderText {#text} at (0,0) size 61x15
                    text run at (0,0) width 61: " Joe Araujo"
                RenderBlock {P} at (7,15) size 156x15
                  RenderText {#text} at (0,0) size 71x15
                    text run at (0,0) width 71: "Steve Gilbert"
                RenderBlock {P} at (7,30) size 156x15
                  RenderText {#text} at (0,0) size 78x15
                    text run at (0,0) width 78: "Gary Williams"
                  RenderInline {SPAN} at (0,0) size 0x15
                    RenderInline {O:P} at (0,0) size 0x15
              RenderTableCell {TD} at (268,545) size 99x30 [r=13 c=2 rs=1 cs=1]
                RenderBlock {P} at (7,0) size 85x15
                  RenderText {#text} at (41,0) size 3x15
                    text run at (41,0) width 3: " "
                RenderBlock {P} at (7,15) size 85x15
                  RenderText {#text} at (33,0) size 19x15
                    text run at (33,0) width 19: "Yes"
                  RenderInline {SPAN} at (0,0) size 0x15
                    RenderInline {O:P} at (0,0) size 0x15
              RenderTableCell {TD} at (367,545) size 106x30 [r=13 c=3 rs=1 cs=1]
                RenderBlock {P} at (7,0) size 92x15
                  RenderText {#text} at (44,0) size 3x15
                    text run at (44,0) width 3: " "
                RenderBlock {P} at (7,15) size 92x15
                  RenderText {#text} at (37,0) size 17x15
                    text run at (37,0) width 17: "No"
                  RenderInline {SPAN} at (0,0) size 0x15
                    RenderInline {O:P} at (0,0) size 0x15
            RenderTableRow {TR} at (0,590) size 473x75
              RenderTableCell {TD} at (0,590) size 98x15 [r=14 c=0 rs=1 cs=1]
                RenderBlock {P} at (7,0) size 84x15
                  RenderText {#text} at (35,0) size 14x15
                    text run at (35,0) width 14: "15"
                  RenderInline {SPAN} at (0,0) size 0x15
                    RenderInline {O:P} at (0,0) size 0x15
              RenderTableCell {TD} at (98,590) size 170x75 [r=14 c=1 rs=1 cs=1]
                RenderBlock {P} at (7,0) size 156x15
                  RenderText {#text} at (0,0) size 65x15
                    text run at (0,0) width 65: " Oliver Baer"
                RenderBlock {P} at (7,15) size 156x15
                  RenderText {#text} at (0,0) size 53x15
                    text run at (0,0) width 53: "Joe Smith"
                RenderBlock {P} at (7,30) size 156x15
                  RenderText {#text} at (0,0) size 55x15
                    text run at (0,0) width 55: "John Paye"
                RenderBlock {P} at (7,45) size 156x15
                  RenderText {#text} at (0,0) size 83x15
                    text run at (0,0) width 83: "John Yearwood"
                RenderBlock {P} at (7,60) size 156x15
                  RenderText {#text} at (0,0) size 70x15
                    text run at (0,0) width 70: "Harald Close"
                  RenderInline {SPAN} at (0,0) size 0x15
                    RenderInline {O:P} at (0,0) size 0x15
              RenderTableCell {TD} at (268,590) size 99x75 [r=14 c=2 rs=1 cs=1]
                RenderBlock {P} at (7,0) size 85x15
                  RenderText {#text} at (31,0) size 22x15
                    text run at (31,0) width 22: " Yes"
                RenderBlock {P} at (7,15) size 85x15
                  RenderText {#text} at (41,0) size 3x15
                    text run at (41,0) width 3: " "
                RenderBlock {P} at (7,30) size 85x15
                  RenderText {#text} at (41,0) size 3x15
                    text run at (41,0) width 3: " "
                RenderBlock {P} at (7,45) size 85x15
                  RenderText {#text} at (33,0) size 19x15
                    text run at (33,0) width 19: "Yes"
                RenderBlock {P} at (7,60) size 85x15
                  RenderText {#text} at (33,0) size 19x15
                    text run at (33,0) width 19: "Yes"
                  RenderInline {SPAN} at (0,0) size 0x15
                    RenderInline {O:P} at (0,0) size 0x15
              RenderTableCell {TD} at (367,590) size 106x75 [r=14 c=3 rs=1 cs=1]
                RenderBlock {P} at (7,0) size 92x15
                  RenderText {#text} at (36,0) size 19x15
                    text run at (36,0) width 19: " No"
                RenderBlock {P} at (7,15) size 92x15
                  RenderText {#text} at (44,0) size 3x15
                    text run at (44,0) width 3: " "
                RenderBlock {P} at (7,30) size 92x15
                  RenderText {#text} at (44,0) size 3x15
                    text run at (44,0) width 3: " "
                RenderBlock {P} at (7,45) size 92x15
                  RenderText {#text} at (37,0) size 17x15
                    text run at (37,0) width 17: "No"
                RenderBlock {P} at (7,60) size 92x15
                  RenderText {#text} at (37,0) size 17x15
                    text run at (37,0) width 17: "No"
                  RenderInline {SPAN} at (0,0) size 0x15
                    RenderInline {O:P} at (0,0) size 0x15
            RenderTableRow {TR} at (0,665) size 473x30
              RenderTableCell {TD} at (0,665) size 98x15 [r=15 c=0 rs=1 cs=1]
                RenderBlock {P} at (7,0) size 84x15
                  RenderText {#text} at (35,0) size 14x15
                    text run at (35,0) width 14: "16"
                  RenderInline {SPAN} at (0,0) size 0x15
                    RenderInline {O:P} at (0,0) size 0x15
              RenderTableCell {TD} at (98,665) size 170x30 [r=15 c=1 rs=1 cs=1]
                RenderBlock {P} at (7,0) size 156x15
                  RenderText {#text} at (0,0) size 82x15
                    text run at (0,0) width 82: " James Haladus"
                RenderBlock {P} at (7,15) size 156x15
                  RenderText {#text} at (0,0) size 53x15
                    text run at (0,0) width 53: "Joe Smith"
                  RenderInline {SPAN} at (0,0) size 0x15
                    RenderInline {O:P} at (0,0) size 0x15
              RenderTableCell {TD} at (268,665) size 99x15 [r=15 c=2 rs=1 cs=1]
                RenderBlock {P} at (7,0) size 85x15
                  RenderText {#text} at (31,0) size 22x15
                    text run at (31,0) width 22: " Yes"
                  RenderInline {SPAN} at (0,0) size 0x15
                    RenderInline {O:P} at (0,0) size 0x15
              RenderTableCell {TD} at (367,665) size 106x15 [r=15 c=3 rs=1 cs=1]
                RenderBlock {P} at (7,0) size 92x15
                  RenderText {#text} at (36,0) size 19x15
                    text run at (36,0) width 19: " No"
                  RenderInline {SPAN} at (0,0) size 0x15
                    RenderInline {O:P} at (0,0) size 0x15
            RenderTableRow {TR} at (0,695) size 473x75
              RenderTableCell {TD} at (0,695) size 98x15 [r=16 c=0 rs=1 cs=1]
                RenderBlock {P} at (7,0) size 84x15
                  RenderText {#text} at (35,0) size 14x15
                    text run at (35,0) width 14: "17"
                  RenderInline {SPAN} at (0,0) size 0x15
                    RenderInline {O:P} at (0,0) size 0x15
              RenderTableCell {TD} at (98,695) size 170x75 [r=16 c=1 rs=1 cs=1]
                RenderBlock {P} at (7,0) size 156x15
                  RenderText {#text} at (0,0) size 61x15
                    text run at (0,0) width 61: "Doug Field"
                  RenderInline {SPAN} at (0,0) size 0x15
                    RenderInline {O:P} at (0,0) size 0x15
                RenderBlock {P} at (7,15) size 156x15
                  RenderText {#text} at (0,0) size 65x15
                    text run at (0,0) width 65: "Dave Neves"
                RenderBlock {P} at (7,30) size 156x15
                  RenderText {#text} at (0,0) size 62x15
                    text run at (0,0) width 62: "Oliver Baer"
                RenderBlock {P} at (7,45) size 156x15
                  RenderText {#text} at (0,0) size 58x15
                    text run at (0,0) width 58: "John Todd"
                RenderBlock {P} at (7,60) size 156x15
                  RenderText {#text} at (0,0) size 99x15
                    text run at (0,0) width 99: "Dave Christiansen"
                  RenderInline {SPAN} at (0,0) size 0x15
                    RenderInline {O:P} at (0,0) size 0x15
              RenderTableCell {TD} at (268,695) size 99x75 [r=16 c=2 rs=1 cs=1]
                RenderBlock {P} at (7,0) size 85x15
                  RenderText {#text} at (33,0) size 19x15
                    text run at (33,0) width 19: "Yes"
                  RenderInline {SPAN} at (0,0) size 0x15
                    RenderInline {O:P} at (0,0) size 0x15
                RenderBlock {P} at (7,15) size 85x15
                  RenderText {#text} at (33,0) size 19x15
                    text run at (33,0) width 19: "Yes"
                RenderBlock {P} at (7,30) size 85x15
                  RenderText {#text} at (33,0) size 19x15
                    text run at (33,0) width 19: "Yes"
                RenderBlock {P} at (7,45) size 85x15
                  RenderText {#text} at (41,0) size 3x15
                    text run at (41,0) width 3: " "
                RenderBlock {P} at (7,60) size 85x15
                  RenderText {#text} at (33,0) size 19x15
                    text run at (33,0) width 19: "Yes"
                  RenderInline {SPAN} at (0,0) size 0x15
                    RenderInline {O:P} at (0,0) size 0x15
              RenderTableCell {TD} at (367,695) size 106x75 [r=16 c=3 rs=1 cs=1]
                RenderBlock {P} at (7,0) size 92x15
                  RenderText {#text} at (37,0) size 17x15
                    text run at (37,0) width 17: "No"
                  RenderInline {SPAN} at (0,0) size 0x15
                    RenderInline {O:P} at (0,0) size 0x15
                RenderBlock {P} at (7,15) size 92x15
                  RenderText {#text} at (36,0) size 19x15
                    text run at (36,0) width 19: "Yes"
                RenderBlock {P} at (7,30) size 92x15
                  RenderText {#text} at (37,0) size 17x15
                    text run at (37,0) width 17: "No"
                RenderBlock {P} at (7,45) size 92x15
                  RenderText {#text} at (44,0) size 3x15
                    text run at (44,0) width 3: " "
                RenderBlock {P} at (7,60) size 92x15
                  RenderText {#text} at (37,0) size 17x15
                    text run at (37,0) width 17: "No"
                  RenderInline {SPAN} at (0,0) size 0x15
                    RenderInline {O:P} at (0,0) size 0x15
            RenderTableRow {TR} at (0,770) size 473x105
              RenderTableCell {TD} at (0,770) size 98x15 [r=17 c=0 rs=1 cs=1]
                RenderBlock {P} at (7,0) size 84x15
                  RenderText {#text} at (35,0) size 14x15
                    text run at (35,0) width 14: "18"
                  RenderInline {SPAN} at (0,0) size 0x15
                    RenderInline {O:P} at (0,0) size 0x15
              RenderTableCell {TD} at (98,770) size 170x105 [r=17 c=1 rs=1 cs=1]
                RenderBlock {P} at (7,0) size 156x15
                  RenderText {#text} at (0,0) size 80x15
                    text run at (0,0) width 80: "Robert Barnett"
                RenderBlock {P} at (7,15) size 156x15
                  RenderText {#text} at (0,0) size 74x15
                    text run at (0,0) width 74: "Jim Mahoney"
                RenderBlock {P} at (7,30) size 156x15
                  RenderText {#text} at (0,0) size 79x15
                    text run at (0,0) width 79: "Dave Marshall"
                RenderBlock {P} at (7,45) size 156x15
                  RenderText {#text} at (0,0) size 86x15
                    text run at (0,0) width 86: "Gerald Cardinal"
                RenderBlock {P} at (7,60) size 156x15
                  RenderText {#text} at (0,0) size 103x15
                    text run at (0,0) width 103: "Dan & Will Sievert"
                RenderBlock {P} at (7,75) size 156x15
                  RenderText {#text} at (0,0) size 98x15
                    text run at (0,0) width 98: "Ellsworth Crowell"
                RenderBlock {P} at (7,90) size 156x15
                  RenderText {#text} at (0,0) size 60x15
                    text run at (0,0) width 60: "Jim Colvin"
                  RenderInline {SPAN} at (0,0) size 0x15
                    RenderInline {O:P} at (0,0) size 0x15
              RenderTableCell {TD} at (268,770) size 99x90 [r=17 c=2 rs=1 cs=1]
                RenderBlock {P} at (7,0) size 85x15
                  RenderText {#text} at (33,0) size 19x15
                    text run at (33,0) width 19: "Yes"
                RenderBlock {P} at (7,15) size 85x15
                  RenderText {#text} at (33,0) size 19x15
                    text run at (33,0) width 19: "Yes"
                RenderBlock {P} at (7,30) size 85x15
                  RenderText {#text} at (33,0) size 19x15
                    text run at (33,0) width 19: "Yes"
                RenderBlock {P} at (7,45) size 85x15
                  RenderText {#text} at (41,0) size 3x15
                    text run at (41,0) width 3: " "
                RenderBlock {P} at (7,60) size 85x15
                  RenderText {#text} at (33,0) size 19x15
                    text run at (33,0) width 19: "Yes"
                RenderBlock {P} at (7,75) size 85x15
                  RenderText {#text} at (33,0) size 19x15
                    text run at (33,0) width 19: "Yes"
                  RenderInline {SPAN} at (0,0) size 0x15
                    RenderInline {O:P} at (0,0) size 0x15
              RenderTableCell {TD} at (367,770) size 106x90 [r=17 c=3 rs=1 cs=1]
                RenderBlock {P} at (7,0) size 92x15
                  RenderText {#text} at (37,0) size 17x15
                    text run at (37,0) width 17: "No"
                RenderBlock {P} at (7,15) size 92x15
                  RenderText {#text} at (36,0) size 19x15
                    text run at (36,0) width 19: "Yes"
                RenderBlock {P} at (7,30) size 92x15
                  RenderText {#text} at (37,0) size 17x15
                    text run at (37,0) width 17: "No"
                RenderBlock {P} at (7,45) size 92x15
                  RenderText {#text} at (44,0) size 3x15
                    text run at (44,0) width 3: " "
                RenderBlock {P} at (7,60) size 92x15
                  RenderText {#text} at (37,0) size 17x15
                    text run at (37,0) width 17: "No"
                RenderBlock {P} at (7,75) size 92x15
                  RenderText {#text} at (37,0) size 17x15
                    text run at (37,0) width 17: "No"
                  RenderInline {SPAN} at (0,0) size 0x15
                    RenderInline {O:P} at (0,0) size 0x15
            RenderTableRow {TR} at (0,875) size 473x60
              RenderTableCell {TD} at (0,875) size 98x15 [r=18 c=0 rs=1 cs=1]
                RenderBlock {P} at (7,0) size 84x15
                  RenderText {#text} at (35,0) size 14x15
                    text run at (35,0) width 14: "19"
                  RenderInline {SPAN} at (0,0) size 0x15
                    RenderInline {O:P} at (0,0) size 0x15
              RenderTableCell {TD} at (98,875) size 170x60 [r=18 c=1 rs=1 cs=1]
                RenderBlock {P} at (7,0) size 156x15
                  RenderInline {SPAN} at (0,0) size 67x15
                    RenderText {#text} at (0,0) size 67x15
                      text run at (0,0) width 41: "Noriya "
                      text run at (41,0) width 26: "Kato"
                RenderBlock {P} at (7,15) size 156x15
                  RenderText {#text} at (0,0) size 58x15
                    text run at (0,0) width 58: "John Todd"
                RenderBlock {P} at (7,30) size 156x15
                  RenderText {#text} at (0,0) size 71x15
                    text run at (0,0) width 71: "James Brown"
                RenderBlock {P} at (7,45) size 156x15
                  RenderText {#text} at (0,0) size 84x15
                    text run at (0,0) width 84: "Mike Anderson"
                  RenderInline {SPAN} at (0,0) size 0x15
                    RenderInline {O:P} at (0,0) size 0x15
              RenderTableCell {TD} at (268,875) size 99x60 [r=18 c=2 rs=1 cs=1]
                RenderBlock {P} at (7,0) size 85x15
                  RenderInline {SPAN} at (0,0) size 19x15
                    RenderText {#text} at (33,0) size 19x15
                      text run at (33,0) width 19: "Yes"
                RenderBlock {P} at (7,15) size 85x15
                  RenderText {#text} at (41,0) size 3x15
                    text run at (41,0) width 3: " "
                RenderBlock {P} at (7,30) size 85x15
                  RenderInline {SPAN} at (0,0) size 19x15
                    RenderText {#text} at (33,0) size 19x15
                      text run at (33,0) width 19: "Yes"
                RenderBlock {P} at (7,45) size 85x15
                  RenderInline {SPAN} at (0,0) size 19x15
                    RenderText {#text} at (33,0) size 19x15
                      text run at (33,0) width 19: "Yes"
                  RenderInline {SPAN} at (0,0) size 0x15
                    RenderInline {O:P} at (0,0) size 0x15
              RenderTableCell {TD} at (367,875) size 106x60 [r=18 c=3 rs=1 cs=1]
                RenderBlock {P} at (7,0) size 92x15
                  RenderInline {SPAN} at (0,0) size 17x15
                    RenderText {#text} at (37,0) size 17x15
                      text run at (37,0) width 17: "No"
                RenderBlock {P} at (7,15) size 92x15
                  RenderText {#text} at (44,0) size 3x15
                    text run at (44,0) width 3: " "
                RenderBlock {P} at (7,30) size 92x15
                  RenderInline {SPAN} at (0,0) size 17x15
                    RenderText {#text} at (37,0) size 17x15
                      text run at (37,0) width 17: "No"
                RenderBlock {P} at (7,45) size 92x15
                  RenderInline {SPAN} at (0,0) size 17x15
                    RenderText {#text} at (37,0) size 17x15
                      text run at (37,0) width 17: "No"
                  RenderInline {SPAN} at (0,0) size 0x15
                    RenderInline {O:P} at (0,0) size 0x15
            RenderTableRow {TR} at (0,935) size 473x45
              RenderTableCell {TD} at (0,935) size 98x15 [r=19 c=0 rs=1 cs=1]
                RenderBlock {P} at (7,0) size 84x15
                  RenderText {#text} at (35,0) size 14x15
                    text run at (35,0) width 14: "20"
                  RenderInline {SPAN} at (0,0) size 0x15
                    RenderInline {O:P} at (0,0) size 0x15
              RenderTableCell {TD} at (98,935) size 170x45 [r=19 c=1 rs=1 cs=1]
                RenderBlock {P} at (7,0) size 156x15
                  RenderText {#text} at (0,0) size 69x15
                    text run at (0,0) width 69: "Bill Johnson"
                RenderBlock {P} at (7,15) size 156x15
                  RenderText {#text} at (0,0) size 89x15
                    text run at (0,0) width 89: "Dominic Bayani"
                RenderBlock {P} at (7,30) size 156x15
                  RenderText {#text} at (0,0) size 70x15
                    text run at (0,0) width 70: "Rick Latham"
                  RenderInline {SPAN} at (0,0) size 0x15
                    RenderInline {O:P} at (0,0) size 0x15
              RenderTableCell {TD} at (268,935) size 99x45 [r=19 c=2 rs=1 cs=1]
                RenderBlock {P} at (7,0) size 85x15
                  RenderText {#text} at (33,0) size 19x15
                    text run at (33,0) width 19: "Yes"
                RenderBlock {P} at (7,15) size 85x15
                  RenderText {#text} at (41,0) size 3x15
                    text run at (41,0) width 3: " "
                RenderBlock {P} at (7,30) size 85x15
                  RenderText {#text} at (33,0) size 19x15
                    text run at (33,0) width 19: "Yes"
                  RenderInline {SPAN} at (0,0) size 0x15
                    RenderInline {O:P} at (0,0) size 0x15
              RenderTableCell {TD} at (367,935) size 106x45 [r=19 c=3 rs=1 cs=1]
                RenderBlock {P} at (7,0) size 92x15
                  RenderText {#text} at (37,0) size 17x15
                    text run at (37,0) width 17: "No"
                RenderBlock {P} at (7,15) size 92x15
                  RenderText {#text} at (44,0) size 3x15
                    text run at (44,0) width 3: " "
                RenderBlock {P} at (7,30) size 92x15
                  RenderText {#text} at (37,0) size 17x15
                    text run at (37,0) width 17: "No"
                  RenderInline {SPAN} at (0,0) size 0x15
                    RenderInline {O:P} at (0,0) size 0x15
            RenderTableRow {TR} at (0,980) size 473x15
              RenderTableCell {TD} at (0,980) size 98x15 [r=20 c=0 rs=1 cs=1]
                RenderBlock {P} at (7,0) size 84x15
                  RenderText {#text} at (35,0) size 14x15
                    text run at (35,0) width 14: "21"
                  RenderInline {SPAN} at (0,0) size 0x15
                    RenderInline {O:P} at (0,0) size 0x15
              RenderTableCell {TD} at (98,980) size 170x15 [r=20 c=1 rs=1 cs=1]
                RenderBlock {P} at (7,0) size 156x15
                  RenderText {#text} at (0,0) size 65x15
                    text run at (0,0) width 65: " Simon Tam"
                  RenderInline {SPAN} at (0,0) size 0x15
                    RenderInline {O:P} at (0,0) size 0x15
              RenderTableCell {TD} at (268,980) size 99x15 [r=20 c=2 rs=1 cs=1]
                RenderBlock {P} at (7,0) size 85x15
                  RenderText {#text} at (41,0) size 3x15
                    text run at (41,0) width 3: " "
                  RenderInline {SPAN} at (0,0) size 0x15
                    RenderInline {O:P} at (0,0) size 0x15
              RenderTableCell {TD} at (367,980) size 106x15 [r=20 c=3 rs=1 cs=1]
                RenderBlock {P} at (7,0) size 92x15
                  RenderText {#text} at (44,0) size 3x15
                    text run at (44,0) width 3: " "
                  RenderInline {SPAN} at (0,0) size 0x15
                    RenderInline {O:P} at (0,0) size 0x15
            RenderTableRow {TR} at (0,995) size 473x75
              RenderTableCell {TD} at (0,995) size 98x15 [r=21 c=0 rs=1 cs=1]
                RenderBlock {P} at (7,0) size 84x15
                  RenderText {#text} at (35,0) size 14x15
                    text run at (35,0) width 14: "22"
                  RenderInline {SPAN} at (0,0) size 0x15
                    RenderInline {O:P} at (0,0) size 0x15
              RenderTableCell {TD} at (98,995) size 170x75 [r=21 c=1 rs=1 cs=1]
                RenderBlock {P} at (7,0) size 156x15
                  RenderText {#text} at (0,0) size 65x15
                    text run at (0,0) width 65: "Dave Neves"
                  RenderInline {SPAN} at (0,0) size 0x15
                    RenderInline {O:P} at (0,0) size 0x15
                RenderBlock {P} at (7,15) size 156x15
                  RenderText {#text} at (0,0) size 89x15
                    text run at (0,0) width 89: "Grant Sanderson"
                  RenderInline {SPAN} at (0,0) size 0x15
                    RenderInline {O:P} at (0,0) size 0x15
                RenderBlock {P} at (7,30) size 156x15
                  RenderText {#text} at (0,0) size 86x15
                    text run at (0,0) width 86: "Maurice Burton"
                RenderBlock {P} at (7,45) size 156x15
                  RenderText {#text} at (0,0) size 117x15
                    text run at (0,0) width 117: "Mike Gilmartin ?????"
                RenderBlock {P} at (7,60) size 156x15
                  RenderText {#text} at (0,0) size 65x15
                    text run at (0,0) width 65: "Chris Walsh"
                  RenderInline {SPAN} at (0,0) size 0x15
                    RenderInline {O:P} at (0,0) size 0x15
              RenderTableCell {TD} at (268,995) size 99x75 [r=21 c=2 rs=1 cs=1]
                RenderBlock {P} at (7,0) size 85x15
                  RenderText {#text} at (33,0) size 19x15
                    text run at (33,0) width 19: "Yes"
                  RenderInline {SPAN} at (0,0) size 0x15
                    RenderInline {O:P} at (0,0) size 0x15
                RenderBlock {P} at (7,15) size 85x15
                  RenderText {#text} at (33,0) size 19x15
                    text run at (33,0) width 19: "Yes"
                  RenderInline {SPAN} at (0,0) size 0x15
                    RenderInline {O:P} at (0,0) size 0x15
                RenderBlock {P} at (7,30) size 85x15
                  RenderText {#text} at (33,0) size 19x15
                    text run at (33,0) width 19: "Yes"
                RenderBlock {P} at (7,45) size 85x15
                  RenderText {#text} at (33,0) size 19x15
                    text run at (33,0) width 19: "Yes"
                RenderBlock {P} at (7,60) size 85x15
                  RenderText {#text} at (33,0) size 19x15
                    text run at (33,0) width 19: "Yes"
                  RenderInline {SPAN} at (0,0) size 0x15
                    RenderInline {O:P} at (0,0) size 0x15
              RenderTableCell {TD} at (367,995) size 106x75 [r=21 c=3 rs=1 cs=1]
                RenderBlock {P} at (7,0) size 92x15
                  RenderText {#text} at (36,0) size 19x15
                    text run at (36,0) width 19: "Yes"
                  RenderInline {SPAN} at (0,0) size 0x15
                    RenderInline {O:P} at (0,0) size 0x15
                RenderBlock {P} at (7,15) size 92x15
                  RenderText {#text} at (37,0) size 17x15
                    text run at (37,0) width 17: "No"
                  RenderInline {SPAN} at (0,0) size 0x15
                    RenderInline {O:P} at (0,0) size 0x15
                RenderBlock {P} at (7,30) size 92x15
                  RenderText {#text} at (37,0) size 17x15
                    text run at (37,0) width 17: "No"
                RenderBlock {P} at (7,45) size 92x15
                  RenderText {#text} at (36,0) size 19x15
                    text run at (36,0) width 19: "Yes"
                RenderBlock {P} at (7,60) size 92x15
                  RenderText {#text} at (37,0) size 17x15
                    text run at (37,0) width 17: "No"
                  RenderInline {SPAN} at (0,0) size 0x15
                    RenderInline {O:P} at (0,0) size 0x15
            RenderTableRow {TR} at (0,1070) size 473x75
              RenderTableCell {TD} at (0,1070) size 98x15 [r=22 c=0 rs=1 cs=1]
                RenderBlock {P} at (7,0) size 84x15
                  RenderText {#text} at (35,0) size 14x15
                    text run at (35,0) width 14: "23"
                  RenderInline {SPAN} at (0,0) size 0x15
                    RenderInline {O:P} at (0,0) size 0x15
              RenderTableCell {TD} at (98,1070) size 170x75 [r=22 c=1 rs=1 cs=1]
                RenderBlock {P} at (7,0) size 156x15
                  RenderText {#text} at (0,0) size 65x15
                    text run at (0,0) width 65: "Dave Neves"
                  RenderInline {SPAN} at (0,0) size 0x15
                    RenderInline {O:P} at (0,0) size 0x15
                RenderBlock {P} at (7,15) size 156x15
                  RenderText {#text} at (0,0) size 86x15
                    text run at (0,0) width 86: "Maurice Burton"
                RenderBlock {P} at (7,30) size 156x15
                  RenderText {#text} at (0,0) size 62x15
                    text run at (0,0) width 62: "Oliver Baer"
                RenderBlock {P} at (7,45) size 156x15
                  RenderText {#text} at (0,0) size 58x15
                    text run at (0,0) width 58: "John Todd"
                RenderBlock {P} at (7,60) size 156x15
                  RenderText {#text} at (0,0) size 66x15
                    text run at (0,0) width 66: "Rich Saunef"
                  RenderInline {SPAN} at (0,0) size 0x15
                    RenderInline {O:P} at (0,0) size 0x15
              RenderTableCell {TD} at (268,1070) size 99x75 [r=22 c=2 rs=1 cs=1]
                RenderBlock {P} at (7,0) size 85x15
                  RenderText {#text} at (33,0) size 19x15
                    text run at (33,0) width 19: "Yes"
                  RenderInline {SPAN} at (0,0) size 0x15
                    RenderInline {O:P} at (0,0) size 0x15
                RenderBlock {P} at (7,15) size 85x15
                  RenderText {#text} at (33,0) size 19x15
                    text run at (33,0) width 19: "Yes"
                RenderBlock {P} at (7,30) size 85x15
                  RenderText {#text} at (33,0) size 19x15
                    text run at (33,0) width 19: "Yes"
                RenderBlock {P} at (7,45) size 85x15
                  RenderText {#text} at (41,0) size 3x15
                    text run at (41,0) width 3: " "
                RenderBlock {P} at (7,60) size 85x15
                  RenderText {#text} at (33,0) size 19x15
                    text run at (33,0) width 19: "Yes"
                  RenderInline {SPAN} at (0,0) size 0x15
                    RenderInline {O:P} at (0,0) size 0x15
              RenderTableCell {TD} at (367,1070) size 106x75 [r=22 c=3 rs=1 cs=1]
                RenderBlock {P} at (7,0) size 92x15
                  RenderText {#text} at (36,0) size 19x15
                    text run at (36,0) width 19: "Yes"
                  RenderInline {SPAN} at (0,0) size 0x15
                    RenderInline {O:P} at (0,0) size 0x15
                RenderBlock {P} at (7,15) size 92x15
                  RenderText {#text} at (37,0) size 17x15
                    text run at (37,0) width 17: "No"
                RenderBlock {P} at (7,30) size 92x15
                  RenderText {#text} at (37,0) size 17x15
                    text run at (37,0) width 17: "No"
                RenderBlock {P} at (7,45) size 92x15
                  RenderText {#text} at (44,0) size 3x15
                    text run at (44,0) width 3: " "
                RenderBlock {P} at (7,60) size 92x15
                  RenderText {#text} at (37,0) size 17x15
                    text run at (37,0) width 17: "No"
                  RenderInline {SPAN} at (0,0) size 0x15
                    RenderInline {O:P} at (0,0) size 0x15
            RenderTableRow {TR} at (0,1145) size 473x75
              RenderTableCell {TD} at (0,1145) size 98x15 [r=23 c=0 rs=1 cs=1]
                RenderBlock {P} at (7,0) size 84x15
                  RenderText {#text} at (35,0) size 14x15
                    text run at (35,0) width 14: "24"
                  RenderInline {SPAN} at (0,0) size 0x15
                    RenderInline {O:P} at (0,0) size 0x15
              RenderTableCell {TD} at (98,1145) size 170x75 [r=23 c=1 rs=1 cs=1]
                RenderBlock {P} at (7,0) size 156x15
                  RenderText {#text} at (0,0) size 66x15
                    text run at (0,0) width 66: " Dan Sievert"
                RenderBlock {P} at (7,15) size 156x15
                  RenderText {#text} at (0,0) size 60x15
                    text run at (0,0) width 60: "Jerry Davis"
                RenderBlock {P} at (7,30) size 156x15
                  RenderText {#text} at (0,0) size 62x15
                    text run at (0,0) width 62: "Scott Hersh"
                RenderBlock {P} at (7,45) size 156x15
                  RenderText {#text} at (0,0) size 52x15
                    text run at (0,0) width 52: "Rick Bell"
                RenderBlock {P} at (7,60) size 156x15
                  RenderText {#text} at (0,0) size 56x15
                    text run at (0,0) width 56: "Eric Shum"
                  RenderInline {SPAN} at (0,0) size 0x15
                    RenderInline {O:P} at (0,0) size 0x15
              RenderTableCell {TD} at (268,1145) size 99x75 [r=23 c=2 rs=1 cs=1]
                RenderBlock {P} at (7,0) size 85x15
                  RenderText {#text} at (31,0) size 22x15
                    text run at (31,0) width 22: " Yes"
                RenderBlock {P} at (7,15) size 85x15
                  RenderText {#text} at (33,0) size 19x15
                    text run at (33,0) width 19: "Yes"
                RenderBlock {P} at (7,30) size 85x15
                  RenderText {#text} at (33,0) size 19x15
                    text run at (33,0) width 19: "Yes"
                RenderBlock {P} at (7,45) size 85x15
                  RenderText {#text} at (33,0) size 19x15
                    text run at (33,0) width 19: "Yes"
                RenderBlock {P} at (7,60) size 85x15
                  RenderText {#text} at (33,0) size 19x15
                    text run at (33,0) width 19: "Yes"
                  RenderInline {SPAN} at (0,0) size 0x15
                    RenderInline {O:P} at (0,0) size 0x15
              RenderTableCell {TD} at (367,1145) size 106x75 [r=23 c=3 rs=1 cs=1]
                RenderBlock {P} at (7,0) size 92x15
                  RenderText {#text} at (36,0) size 19x15
                    text run at (36,0) width 19: " No"
                RenderBlock {P} at (7,15) size 92x15
                  RenderText {#text} at (37,0) size 17x15
                    text run at (37,0) width 17: "No"
                RenderBlock {P} at (7,30) size 92x15
                  RenderText {#text} at (37,0) size 17x15
                    text run at (37,0) width 17: "No"
                RenderBlock {P} at (7,45) size 92x15
                  RenderText {#text} at (37,0) size 17x15
                    text run at (37,0) width 17: "No"
                RenderBlock {P} at (7,60) size 92x15
                  RenderText {#text} at (37,0) size 17x15
                    text run at (37,0) width 17: "No"
                  RenderInline {SPAN} at (0,0) size 0x15
                    RenderInline {O:P} at (0,0) size 0x15
            RenderTableRow {TR} at (0,1220) size 473x30
              RenderTableCell {TD} at (0,1220) size 98x15 [r=24 c=0 rs=1 cs=1]
                RenderBlock {P} at (7,0) size 84x15
                  RenderText {#text} at (35,0) size 14x15
                    text run at (35,0) width 14: "25"
                  RenderInline {SPAN} at (0,0) size 0x15
                    RenderInline {O:P} at (0,0) size 0x15
              RenderTableCell {TD} at (98,1220) size 170x30 [r=24 c=1 rs=1 cs=1]
                RenderBlock {P} at (7,0) size 156x15
                  RenderText {#text} at (0,0) size 70x15
                    text run at (0,0) width 70: "James Davey"
                RenderBlock {P} at (7,15) size 156x15
                  RenderText {#text} at (0,0) size 93x15
                    text run at (0,0) width 93: "Ruenjoe (Joe) Lu"
                  RenderInline {SPAN} at (0,0) size 0x15
                    RenderInline {O:P} at (0,0) size 0x15
              RenderTableCell {TD} at (268,1220) size 99x15 [r=24 c=2 rs=1 cs=1]
                RenderBlock {P} at (7,0) size 85x15
                  RenderText {#text} at (33,0) size 19x15
                    text run at (33,0) width 19: "Yes"
                  RenderInline {SPAN} at (0,0) size 0x15
                    RenderInline {O:P} at (0,0) size 0x15
              RenderTableCell {TD} at (367,1220) size 106x15 [r=24 c=3 rs=1 cs=1]
                RenderBlock {P} at (7,0) size 92x15
                  RenderText {#text} at (36,0) size 19x15
                    text run at (36,0) width 19: "Yes"
                  RenderInline {SPAN} at (0,0) size 0x15
                    RenderInline {O:P} at (0,0) size 0x15
            RenderTableRow {TR} at (0,1250) size 473x150
              RenderTableCell {TD} at (0,1250) size 98x15 [r=25 c=0 rs=1 cs=1]
                RenderBlock {P} at (7,0) size 84x15
                  RenderText {#text} at (35,0) size 14x15
                    text run at (35,0) width 14: "26"
                  RenderInline {SPAN} at (0,0) size 0x15
                    RenderInline {O:P} at (0,0) size 0x15
              RenderTableCell {TD} at (98,1250) size 170x150 [r=25 c=1 rs=1 cs=1]
                RenderBlock {P} at (7,0) size 156x15
                  RenderText {#text} at (0,0) size 89x15
                    text run at (0,0) width 89: "Alan Littlewood"
                  RenderInline {SPAN} at (0,0) size 0x15
                    RenderInline {O:P} at (0,0) size 0x15
                RenderBlock {P} at (7,15) size 156x15
                  RenderText {#text} at (0,0) size 72x15
                    text run at (0,0) width 72: "Darren Braun"
                  RenderInline {SPAN} at (0,0) size 0x15
                    RenderInline {O:P} at (0,0) size 0x15
                RenderBlock {P} at (7,30) size 156x15
                  RenderText {#text} at (0,0) size 62x15
                    text run at (0,0) width 62: "Simon Tam"
                RenderBlock {P} at (7,45) size 156x15
                  RenderText {#text} at (0,0) size 78x15
                    text run at (0,0) width 78: "Chuck Pringle"
                RenderBlock {P} at (7,60) size 156x15
                  RenderText {#text} at (0,0) size 88x15
                    text run at (0,0) width 88: "Gary Pendergras"
                RenderBlock {P} at (7,75) size 156x15
                  RenderText {#text} at (0,0) size 79x15
                    text run at (0,0) width 79: "Peter Mazanec"
                RenderBlock {P} at (7,90) size 156x15
                  RenderText {#text} at (0,0) size 80x15
                    text run at (0,0) width 80: "Harry Imamura"
                RenderBlock {P} at (7,105) size 156x15
                  RenderText {#text} at (0,0) size 58x15
                    text run at (0,0) width 58: "Joe Araujo"
                RenderBlock {P} at (7,120) size 156x15
                  RenderText {#text} at (0,0) size 78x15
                    text run at (0,0) width 78: "Gary Williams"
                RenderBlock {P} at (7,135) size 156x15
                  RenderText {#text} at (0,0) size 89x15
                    text run at (0,0) width 89: "Jack Goodfriend"
                  RenderInline {SPAN} at (0,0) size 0x15
                    RenderInline {O:P} at (0,0) size 0x15
              RenderTableCell {TD} at (268,1250) size 99x105 [r=25 c=2 rs=1 cs=1]
                RenderBlock {P} at (7,0) size 85x15
                  RenderText {#text} at (33,0) size 19x15
                    text run at (33,0) width 19: "Yes"
                  RenderInline {SPAN} at (0,0) size 0x15
                    RenderInline {O:P} at (0,0) size 0x15
                RenderBlock {P} at (7,15) size 85x15
                  RenderText {#text} at (33,0) size 19x15
                    text run at (33,0) width 19: "Yes"
                  RenderInline {SPAN} at (0,0) size 0x15
                    RenderInline {O:P} at (0,0) size 0x15
                RenderBlock {P} at (7,30) size 85x15
                  RenderText {#text} at (33,0) size 19x15
                    text run at (33,0) width 19: "Yes"
                RenderBlock {P} at (7,45) size 85x15
                  RenderText {#text} at (33,0) size 19x15
                    text run at (33,0) width 19: "Yes"
                RenderBlock {P} at (7,60) size 85x15
                  RenderText {#text} at (33,0) size 19x15
                    text run at (33,0) width 19: "Yes"
                RenderBlock {P} at (7,75) size 85x15
                  RenderText {#text} at (33,0) size 19x15
                    text run at (33,0) width 19: "Yes"
                RenderBlock {P} at (7,90) size 85x15
                  RenderText {#text} at (34,0) size 17x15
                    text run at (34,0) width 17: "No"
                  RenderInline {SPAN} at (0,0) size 0x15
                    RenderInline {O:P} at (0,0) size 0x15
              RenderTableCell {TD} at (367,1250) size 106x105 [r=25 c=3 rs=1 cs=1]
                RenderBlock {P} at (7,0) size 92x15
                  RenderText {#text} at (37,0) size 17x15
                    text run at (37,0) width 17: "No"
                  RenderInline {SPAN} at (0,0) size 0x15
                    RenderInline {O:P} at (0,0) size 0x15
                RenderBlock {P} at (7,15) size 92x15
                  RenderText {#text} at (37,0) size 17x15
                    text run at (37,0) width 17: "No"
                  RenderInline {SPAN} at (0,0) size 0x15
                    RenderInline {O:P} at (0,0) size 0x15
                RenderBlock {P} at (7,30) size 92x15
                  RenderText {#text} at (37,0) size 17x15
                    text run at (37,0) width 17: "No"
                RenderBlock {P} at (7,45) size 92x15
                  RenderText {#text} at (37,0) size 17x15
                    text run at (37,0) width 17: "No"
                RenderBlock {P} at (7,60) size 92x15
                  RenderText {#text} at (37,0) size 17x15
                    text run at (37,0) width 17: "No"
                RenderBlock {P} at (7,75) size 92x15
                  RenderText {#text} at (37,0) size 17x15
                    text run at (37,0) width 17: "No"
                RenderBlock {P} at (7,90) size 92x15
                  RenderText {#text} at (36,0) size 19x15
                    text run at (36,0) width 19: "Yes"
                  RenderInline {SPAN} at (0,0) size 0x15
                    RenderInline {O:P} at (0,0) size 0x15
            RenderTableRow {TR} at (0,1400) size 473x90
              RenderTableCell {TD} at (0,1400) size 98x15 [r=26 c=0 rs=1 cs=1]
                RenderBlock {P} at (7,0) size 84x15
                  RenderText {#text} at (35,0) size 14x15
                    text run at (35,0) width 14: "27"
                  RenderInline {SPAN} at (0,0) size 0x15
                    RenderInline {O:P} at (0,0) size 0x15
              RenderTableCell {TD} at (98,1400) size 170x90 [r=26 c=1 rs=1 cs=1]
                RenderBlock {P} at (7,0) size 156x15
                  RenderText {#text} at (0,0) size 72x15
                    text run at (0,0) width 72: "Darren Braun"
                  RenderInline {SPAN} at (0,0) size 0x15
                    RenderInline {O:P} at (0,0) size 0x15
                RenderBlock {P} at (7,15) size 156x15
                  RenderText {#text} at (0,0) size 92x15
                    text run at (0,0) width 92: "Ian + Brad Carter"
                  RenderInline {SPAN} at (0,0) size 0x15
                    RenderInline {O:P} at (0,0) size 0x15
                RenderBlock {P} at (7,30) size 156x15
                  RenderText {#text} at (0,0) size 72x15
                    text run at (0,0) width 72: "Pete Peterson"
                RenderBlock {P} at (7,45) size 156x15
                  RenderText {#text} at (0,0) size 83x15
                    text run at (0,0) width 83: "John Chamorro"
                RenderBlock {P} at (7,60) size 156x15
                  RenderText {#text} at (0,0) size 69x15
                    text run at (0,0) width 69: "Ali Erdengiz"
                RenderBlock {P} at (7,75) size 156x15
                  RenderText {#text} at (0,0) size 57x15
                    text run at (0,0) width 57: "Saibal Sen"
                  RenderInline {SPAN} at (0,0) size 0x15
                    RenderInline {O:P} at (0,0) size 0x15
              RenderTableCell {TD} at (268,1400) size 99x90 [r=26 c=2 rs=1 cs=1]
                RenderBlock {P} at (7,0) size 85x15
                  RenderText {#text} at (33,0) size 19x15
                    text run at (33,0) width 19: "Yes"
                  RenderInline {SPAN} at (0,0) size 0x15
                    RenderInline {O:P} at (0,0) size 0x15
                RenderBlock {P} at (7,15) size 85x15
                  RenderText {#text} at (33,0) size 19x15
                    text run at (33,0) width 19: "Yes"
                  RenderInline {SPAN} at (0,0) size 0x15
                    RenderInline {O:P} at (0,0) size 0x15
                RenderBlock {P} at (7,30) size 85x15
                  RenderText {#text} at (33,0) size 19x15
                    text run at (33,0) width 19: "Yes"
                RenderBlock {P} at (7,45) size 85x15
                  RenderText {#text} at (41,0) size 3x15
                    text run at (41,0) width 3: " "
                RenderBlock {P} at (7,60) size 85x15
                  RenderText {#text} at (41,0) size 3x15
                    text run at (41,0) width 3: " "
                RenderBlock {P} at (7,75) size 85x15
                  RenderText {#text} at (33,0) size 19x15
                    text run at (33,0) width 19: "Yes"
                  RenderInline {SPAN} at (0,0) size 0x15
                    RenderInline {O:P} at (0,0) size 0x15
              RenderTableCell {TD} at (367,1400) size 106x90 [r=26 c=3 rs=1 cs=1]
                RenderBlock {P} at (7,0) size 92x15
                  RenderText {#text} at (37,0) size 17x15
                    text run at (37,0) width 17: "No"
                  RenderInline {SPAN} at (0,0) size 0x15
                    RenderInline {O:P} at (0,0) size 0x15
                RenderBlock {P} at (7,15) size 92x15
                  RenderText {#text} at (37,0) size 17x15
                    text run at (37,0) width 17: "No"
                  RenderInline {SPAN} at (0,0) size 0x15
                    RenderInline {O:P} at (0,0) size 0x15
                RenderBlock {P} at (7,30) size 92x15
                  RenderText {#text} at (37,0) size 17x15
                    text run at (37,0) width 17: "No"
                RenderBlock {P} at (7,45) size 92x15
                  RenderText {#text} at (44,0) size 3x15
                    text run at (44,0) width 3: " "
                RenderBlock {P} at (7,60) size 92x15
                  RenderText {#text} at (44,0) size 3x15
                    text run at (44,0) width 3: " "
                RenderBlock {P} at (7,75) size 92x15
                  RenderText {#text} at (37,0) size 17x15
                    text run at (37,0) width 17: "No"
                  RenderInline {SPAN} at (0,0) size 0x15
                    RenderInline {O:P} at (0,0) size 0x15
            RenderTableRow {TR} at (0,1490) size 473x135
              RenderTableCell {TD} at (0,1490) size 98x15 [r=27 c=0 rs=1 cs=1]
                RenderBlock {P} at (7,0) size 84x15
                  RenderText {#text} at (35,0) size 14x15
                    text run at (35,0) width 14: "28"
                  RenderInline {SPAN} at (0,0) size 0x15
                    RenderInline {O:P} at (0,0) size 0x15
              RenderTableCell {TD} at (98,1490) size 170x135 [r=27 c=1 rs=1 cs=1]
                RenderBlock {P} at (7,0) size 156x15
                  RenderText {#text} at (0,0) size 92x15
                    text run at (0,0) width 92: "Zak + Mike West"
                  RenderInline {SPAN} at (0,0) size 0x15
                    RenderInline {O:P} at (0,0) size 0x15
                RenderBlock {P} at (7,15) size 156x15
                  RenderText {#text} at (0,0) size 65x15
                    text run at (0,0) width 65: "Dave Neves"
                  RenderInline {SPAN} at (0,0) size 0x15
                    RenderInline {O:P} at (0,0) size 0x15
                RenderBlock {P} at (7,30) size 156x15
                  RenderText {#text} at (0,0) size 78x15
                    text run at (0,0) width 78: "Richard Green"
                  RenderInline {SPAN} at (0,0) size 0x15
                    RenderInline {O:P} at (0,0) size 0x15
                RenderBlock {P} at (7,45) size 156x15
                  RenderText {#text} at (0,0) size 68x15
                    text run at (0,0) width 68: "Javier Flores"
                RenderBlock {P} at (7,60) size 156x15
                  RenderText {#text} at (0,0) size 86x15
                    text run at (0,0) width 86: "Gerald Cardinal"
                RenderBlock {P} at (7,75) size 156x15
                  RenderText {#text} at (0,0) size 63x15
                    text run at (0,0) width 63: "Dan Sievert"
                RenderBlock {P} at (7,90) size 156x15
                  RenderText {#text} at (0,0) size 69x15
                    text run at (0,0) width 69: "Ali Erdengiz"
                RenderBlock {P} at (7,105) size 156x15
                  RenderText {#text} at (0,0) size 62x15
                    text run at (0,0) width 62: "Paul Walter"
                RenderBlock {P} at (7,120) size 156x15
                  RenderText {#text} at (0,0) size 60x15
                    text run at (0,0) width 60: "Jerry Davis"
                  RenderInline {SPAN} at (0,0) size 0x15
                    RenderInline {O:P} at (0,0) size 0x15
              RenderTableCell {TD} at (268,1490) size 99x135 [r=27 c=2 rs=1 cs=1]
                RenderBlock {P} at (7,0) size 85x15
                  RenderText {#text} at (33,0) size 19x15
                    text run at (33,0) width 19: "Yes"
                  RenderInline {SPAN} at (0,0) size 0x15
                    RenderInline {O:P} at (0,0) size 0x15
                RenderBlock {P} at (7,15) size 85x15
                  RenderText {#text} at (33,0) size 19x15
                    text run at (33,0) width 19: "Yes"
                  RenderInline {SPAN} at (0,0) size 0x15
                    RenderInline {O:P} at (0,0) size 0x15
                RenderBlock {P} at (7,30) size 85x15
                  RenderText {#text} at (33,0) size 19x15
                    text run at (33,0) width 19: "Yes"
                  RenderInline {SPAN} at (0,0) size 0x15
                    RenderInline {O:P} at (0,0) size 0x15
                RenderBlock {P} at (7,45) size 85x15
                  RenderText {#text} at (33,0) size 19x15
                    text run at (33,0) width 19: "Yes"
                RenderBlock {P} at (7,60) size 85x15
                  RenderText {#text} at (41,0) size 3x15
                    text run at (41,0) width 3: " "
                RenderBlock {P} at (7,75) size 85x15
                  RenderText {#text} at (33,0) size 19x15
                    text run at (33,0) width 19: "Yes"
                RenderBlock {P} at (7,90) size 85x15
                  RenderText {#text} at (41,0) size 3x15
                    text run at (41,0) width 3: " "
                RenderBlock {P} at (7,105) size 85x15
                  RenderText {#text} at (41,0) size 3x15
                    text run at (41,0) width 3: " "
                RenderBlock {P} at (7,120) size 85x15
                  RenderText {#text} at (33,0) size 19x15
                    text run at (33,0) width 19: "Yes"
                  RenderInline {SPAN} at (0,0) size 0x15
                    RenderInline {O:P} at (0,0) size 0x15
              RenderTableCell {TD} at (367,1490) size 106x135 [r=27 c=3 rs=1 cs=1]
                RenderBlock {P} at (7,0) size 92x15
                  RenderText {#text} at (36,0) size 19x15
                    text run at (36,0) width 19: "Yes"
                  RenderInline {SPAN} at (0,0) size 0x15
                    RenderInline {O:P} at (0,0) size 0x15
                RenderBlock {P} at (7,15) size 92x15
                  RenderText {#text} at (36,0) size 19x15
                    text run at (36,0) width 19: "Yes"
                  RenderInline {SPAN} at (0,0) size 0x15
                    RenderInline {O:P} at (0,0) size 0x15
                RenderBlock {P} at (7,30) size 92x15
                  RenderText {#text} at (37,0) size 17x15
                    text run at (37,0) width 17: "No"
                  RenderInline {SPAN} at (0,0) size 0x15
                    RenderInline {O:P} at (0,0) size 0x15
                RenderBlock {P} at (7,45) size 92x15
                  RenderText {#text} at (37,0) size 17x15
                    text run at (37,0) width 17: "No"
                RenderBlock {P} at (7,60) size 92x15
                  RenderText {#text} at (44,0) size 3x15
                    text run at (44,0) width 3: " "
                RenderBlock {P} at (7,75) size 92x15
                  RenderText {#text} at (37,0) size 17x15
                    text run at (37,0) width 17: "No"
                RenderBlock {P} at (7,90) size 92x15
                  RenderText {#text} at (44,0) size 3x15
                    text run at (44,0) width 3: " "
                RenderBlock {P} at (7,105) size 92x15
                  RenderText {#text} at (44,0) size 3x15
                    text run at (44,0) width 3: " "
                RenderBlock {P} at (7,120) size 92x15
                  RenderText {#text} at (37,0) size 17x15
                    text run at (37,0) width 17: "No"
                  RenderInline {SPAN} at (0,0) size 0x15
                    RenderInline {O:P} at (0,0) size 0x15
            RenderTableRow {TR} at (0,1625) size 473x45
              RenderTableCell {TD} at (0,1625) size 98x15 [r=28 c=0 rs=1 cs=1]
                RenderBlock {P} at (7,0) size 84x15
                  RenderText {#text} at (35,0) size 14x15
                    text run at (35,0) width 14: "29"
                  RenderInline {SPAN} at (0,0) size 0x15
                    RenderInline {O:P} at (0,0) size 0x15
              RenderTableCell {TD} at (98,1625) size 170x45 [r=28 c=1 rs=1 cs=1]
                RenderBlock {P} at (7,0) size 156x15
                  RenderText {#text} at (0,0) size 68x15
                    text run at (0,0) width 68: "Javier Flores"
                  RenderInline {SPAN} at (0,0) size 0x15
                    RenderInline {O:P} at (0,0) size 0x15
                RenderBlock {P} at (7,15) size 156x15
                  RenderText {#text} at (0,0) size 69x15
                    text run at (0,0) width 69: "Bill Johnson"
                RenderBlock {P} at (7,30) size 156x15
                  RenderText {#text} at (0,0) size 58x15
                    text run at (0,0) width 58: "John Todd"
                  RenderInline {SPAN} at (0,0) size 0x15
                    RenderInline {O:P} at (0,0) size 0x15
              RenderTableCell {TD} at (268,1625) size 99x30 [r=28 c=2 rs=1 cs=1]
                RenderBlock {P} at (7,0) size 85x15
                  RenderText {#text} at (33,0) size 19x15
                    text run at (33,0) width 19: "Yes"
                  RenderInline {SPAN} at (0,0) size 0x15
                    RenderInline {O:P} at (0,0) size 0x15
                RenderBlock {P} at (7,15) size 85x15
                  RenderText {#text} at (33,0) size 19x15
                    text run at (33,0) width 19: "Yes"
                  RenderInline {SPAN} at (0,0) size 0x15
                    RenderInline {O:P} at (0,0) size 0x15
              RenderTableCell {TD} at (367,1625) size 106x30 [r=28 c=3 rs=1 cs=1]
                RenderBlock {P} at (7,0) size 92x15
                  RenderText {#text} at (37,0) size 17x15
                    text run at (37,0) width 17: "No"
                  RenderInline {SPAN} at (0,0) size 0x15
                    RenderInline {O:P} at (0,0) size 0x15
                RenderBlock {P} at (7,15) size 92x15
                  RenderText {#text} at (37,0) size 17x15
                    text run at (37,0) width 17: "No"
                  RenderInline {SPAN} at (0,0) size 0x15
                    RenderInline {O:P} at (0,0) size 0x15
            RenderTableRow {TR} at (0,1670) size 473x105
              RenderTableCell {TD} at (0,1670) size 98x15 [r=29 c=0 rs=1 cs=1]
                RenderBlock {P} at (7,0) size 84x15
                  RenderText {#text} at (35,0) size 14x15
                    text run at (35,0) width 14: "30"
                  RenderInline {SPAN} at (0,0) size 0x15
                    RenderInline {O:P} at (0,0) size 0x15
              RenderTableCell {TD} at (98,1670) size 170x105 [r=29 c=1 rs=1 cs=1]
                RenderBlock {P} at (7,0) size 156x15
                  RenderText {#text} at (0,0) size 89x15
                    text run at (0,0) width 89: "Alan Littlewood"
                  RenderInline {SPAN} at (0,0) size 0x15
                    RenderInline {O:P} at (0,0) size 0x15
                RenderBlock {P} at (7,15) size 156x15
                  RenderText {#text} at (0,0) size 84x15
                    text run at (0,0) width 84: "George Coward"
                  RenderInline {SPAN} at (0,0) size 0x15
                    RenderInline {O:P} at (0,0) size 0x15
                RenderBlock {P} at (7,30) size 156x15
                  RenderText {#text} at (0,0) size 86x15
                    text run at (0,0) width 86: "Maurice Burton"
                RenderBlock {P} at (7,45) size 156x15
                  RenderText {#text} at (0,0) size 63x15
                    text run at (0,0) width 63: "Dan Sievert"
                RenderBlock {P} at (7,60) size 156x15
                  RenderText {#text} at (0,0) size 114x15
                    text run at (0,0) width 114: "Michael DeGiovanni"
                RenderBlock {P} at (7,75) size 156x15
                  RenderText {#text} at (0,0) size 89x15
                    text run at (0,0) width 89: "Jack Goodfriend"
                RenderBlock {P} at (7,90) size 156x15
                  RenderText {#text} at (0,0) size 91x15
                    text run at (0,0) width 91: "Richard Sanchez"
                  RenderInline {SPAN} at (0,0) size 0x15
                    RenderInline {O:P} at (0,0) size 0x15
              RenderTableCell {TD} at (268,1670) size 99x105 [r=29 c=2 rs=1 cs=1]
                RenderBlock {P} at (7,0) size 85x15
                  RenderText {#text} at (33,0) size 19x15
                    text run at (33,0) width 19: "Yes"
                  RenderInline {SPAN} at (0,0) size 0x15
                    RenderInline {O:P} at (0,0) size 0x15
                RenderBlock {P} at (7,15) size 85x15
                  RenderText {#text} at (33,0) size 19x15
                    text run at (33,0) width 19: "Yes"
                  RenderInline {SPAN} at (0,0) size 0x15
                    RenderInline {O:P} at (0,0) size 0x15
                RenderBlock {P} at (7,30) size 85x15
                  RenderText {#text} at (33,0) size 19x15
                    text run at (33,0) width 19: "Yes"
                RenderBlock {P} at (7,45) size 85x15
                  RenderText {#text} at (33,0) size 19x15
                    text run at (33,0) width 19: "Yes"
                RenderBlock {P} at (7,60) size 85x15
                  RenderText {#text} at (41,0) size 3x15
                    text run at (41,0) width 3: " "
                RenderBlock {P} at (7,75) size 85x15
                  RenderText {#text} at (41,0) size 3x15
                    text run at (41,0) width 3: " "
                RenderBlock {P} at (7,90) size 85x15
                  RenderText {#text} at (34,0) size 17x15
                    text run at (34,0) width 17: "No"
                  RenderInline {SPAN} at (0,0) size 0x15
                    RenderInline {O:P} at (0,0) size 0x15
              RenderTableCell {TD} at (367,1670) size 106x105 [r=29 c=3 rs=1 cs=1]
                RenderBlock {P} at (7,0) size 92x15
                  RenderText {#text} at (37,0) size 17x15
                    text run at (37,0) width 17: "No"
                  RenderInline {SPAN} at (0,0) size 0x15
                    RenderInline {O:P} at (0,0) size 0x15
                RenderBlock {P} at (7,15) size 92x15
                  RenderText {#text} at (37,0) size 17x15
                    text run at (37,0) width 17: "No"
                  RenderInline {SPAN} at (0,0) size 0x15
                    RenderInline {O:P} at (0,0) size 0x15
                RenderBlock {P} at (7,30) size 92x15
                  RenderText {#text} at (37,0) size 17x15
                    text run at (37,0) width 17: "No"
                RenderBlock {P} at (7,45) size 92x15
                  RenderText {#text} at (37,0) size 17x15
                    text run at (37,0) width 17: "No"
                RenderBlock {P} at (7,60) size 92x15
                  RenderText {#text} at (44,0) size 3x15
                    text run at (44,0) width 3: " "
                RenderBlock {P} at (7,75) size 92x15
                  RenderText {#text} at (44,0) size 3x15
                    text run at (44,0) width 3: " "
                RenderBlock {P} at (7,90) size 92x15
                  RenderText {#text} at (36,0) size 19x15
                    text run at (36,0) width 19: "Yes"
                  RenderInline {SPAN} at (0,0) size 0x15
                    RenderInline {O:P} at (0,0) size 0x15
            RenderTableRow {TR} at (0,1775) size 473x45
              RenderTableCell {TD} at (0,1775) size 98x15 [r=30 c=0 rs=1 cs=1]
                RenderBlock {P} at (7,0) size 84x15
                  RenderText {#text} at (35,0) size 14x15
                    text run at (35,0) width 14: "31"
                  RenderInline {SPAN} at (0,0) size 0x15
                    RenderInline {O:P} at (0,0) size 0x15
              RenderTableCell {TD} at (98,1775) size 170x45 [r=30 c=1 rs=1 cs=1]
                RenderBlock {P} at (7,0) size 156x15
                  RenderText {#text} at (0,0) size 65x15
                    text run at (0,0) width 65: "Dave Neves"
                RenderBlock {P} at (7,15) size 156x15
                  RenderText {#text} at (0,0) size 79x15
                    text run at (0,0) width 79: "James Haladus"
                RenderBlock {P} at (7,30) size 156x15
                  RenderText {#text} at (0,0) size 65x15
                    text run at (0,0) width 65: "Randy Reid"
                  RenderInline {SPAN} at (0,0) size 0x15
                    RenderInline {O:P} at (0,0) size 0x15
              RenderTableCell {TD} at (268,1775) size 99x30 [r=30 c=2 rs=1 cs=1]
                RenderBlock {P} at (7,0) size 85x15
                  RenderText {#text} at (33,0) size 19x15
                    text run at (33,0) width 19: "Yes"
                RenderBlock {P} at (7,15) size 85x15
                  RenderText {#text} at (33,0) size 19x15
                    text run at (33,0) width 19: "Yes"
                  RenderInline {SPAN} at (0,0) size 0x15
                    RenderInline {O:P} at (0,0) size 0x15
              RenderTableCell {TD} at (367,1775) size 106x30 [r=30 c=3 rs=1 cs=1]
                RenderBlock {P} at (7,0) size 92x15
                  RenderText {#text} at (36,0) size 19x15
                    text run at (36,0) width 19: "Yes"
                RenderBlock {P} at (7,15) size 92x15
                  RenderText {#text} at (37,0) size 17x15
                    text run at (37,0) width 17: "No"
                  RenderInline {SPAN} at (0,0) size 0x15
                    RenderInline {O:P} at (0,0) size 0x15
            RenderTableRow {TR} at (0,1820) size 473x60
              RenderTableCell {TD} at (0,1820) size 98x15 [r=31 c=0 rs=1 cs=1]
                RenderBlock {P} at (7,0) size 84x15
                  RenderText {#text} at (35,0) size 14x15
                    text run at (35,0) width 14: "32"
                  RenderInline {SPAN} at (0,0) size 0x15
                    RenderInline {O:P} at (0,0) size 0x15
              RenderTableCell {TD} at (98,1820) size 170x60 [r=31 c=1 rs=1 cs=1]
                RenderBlock {P} at (7,0) size 156x15
                  RenderText {#text} at (0,0) size 65x15
                    text run at (0,0) width 65: " Oliver Baer"
                RenderBlock {P} at (7,15) size 156x15
                  RenderText {#text} at (0,0) size 68x15
                    text run at (0,0) width 68: "Dale Barnett"
                RenderBlock {P} at (7,30) size 156x15
                  RenderText {#text} at (0,0) size 58x15
                    text run at (0,0) width 58: "John Todd"
                RenderBlock {P} at (7,45) size 156x15
                  RenderText {#text} at (0,0) size 89x15
                    text run at (0,0) width 89: "Dominic Bayani"
                  RenderInline {SPAN} at (0,0) size 0x15
                    RenderInline {O:P} at (0,0) size 0x15
              RenderTableCell {TD} at (268,1820) size 99x30 [r=31 c=2 rs=1 cs=1]
                RenderBlock {P} at (7,0) size 85x15
                  RenderText {#text} at (31,0) size 22x15
                    text run at (31,0) width 22: " Yes"
                RenderBlock {P} at (7,15) size 85x15
                  RenderText {#text} at (33,0) size 19x15
                    text run at (33,0) width 19: "Yes"
                  RenderInline {SPAN} at (0,0) size 0x15
                    RenderInline {O:P} at (0,0) size 0x15
              RenderTableCell {TD} at (367,1820) size 106x30 [r=31 c=3 rs=1 cs=1]
                RenderBlock {P} at (7,0) size 92x15
                  RenderText {#text} at (36,0) size 19x15
                    text run at (36,0) width 19: " No"
                RenderBlock {P} at (7,15) size 92x15
                  RenderText {#text} at (37,0) size 17x15
                    text run at (37,0) width 17: "No"
                  RenderInline {SPAN} at (0,0) size 0x15
                    RenderInline {O:P} at (0,0) size 0x15
            RenderTableRow {TR} at (0,1880) size 473x135
              RenderTableCell {TD} at (0,1880) size 98x15 [r=32 c=0 rs=1 cs=1]
                RenderBlock {P} at (7,0) size 84x15
                  RenderText {#text} at (35,0) size 14x15
                    text run at (35,0) width 14: "33"
                  RenderInline {SPAN} at (0,0) size 0x15
                    RenderInline {O:P} at (0,0) size 0x15
              RenderTableCell {TD} at (98,1880) size 170x135 [r=32 c=1 rs=1 cs=1]
                RenderBlock {P} at (7,0) size 156x15
                  RenderText {#text} at (0,0) size 69x15
                    text run at (0,0) width 69: "Tom Wagner"
                  RenderInline {SPAN} at (0,0) size 0x15
                    RenderInline {O:P} at (0,0) size 0x15
                RenderBlock {P} at (7,15) size 156x15
                  RenderText {#text} at (0,0) size 76x15
                    text run at (0,0) width 76: "Gene Langley"
                RenderBlock {P} at (7,30) size 156x15
                  RenderText {#text} at (0,0) size 79x15
                    text run at (0,0) width 79: "James Haladus"
                RenderBlock {P} at (7,45) size 156x15
                  RenderText {#text} at (0,0) size 85x15
                    text run at (0,0) width 85: "Daniel Buckley"
                RenderBlock {P} at (7,60) size 156x15
                  RenderText {#text} at (0,0) size 68x15
                    text run at (0,0) width 68: "Chris Larsen"
                RenderBlock {P} at (7,75) size 156x15
                  RenderText {#text} at (0,0) size 73x15
                    text run at (0,0) width 73: "Mike Chansu"
                RenderBlock {P} at (7,90) size 156x15
                  RenderText {#text} at (0,0) size 71x15
                    text run at (0,0) width 71: "James Brown"
                RenderBlock {P} at (7,105) size 156x15
                  RenderText {#text} at (0,0) size 65x15
                    text run at (0,0) width 65: "Will Sievert"
                RenderBlock {P} at (7,120) size 156x15
                  RenderText {#text} at (0,0) size 69x15
                    text run at (0,0) width 69: "Terry Chong"
                  RenderInline {SPAN} at (0,0) size 0x15
                    RenderInline {O:P} at (0,0) size 0x15
              RenderTableCell {TD} at (268,1880) size 99x135 [r=32 c=2 rs=1 cs=1]
                RenderBlock {P} at (7,0) size 85x15
                  RenderText {#text} at (33,0) size 19x15
                    text run at (33,0) width 19: "Yes"
                  RenderInline {SPAN} at (0,0) size 0x15
                    RenderInline {O:P} at (0,0) size 0x15
                RenderBlock {P} at (7,15) size 85x15
                  RenderText {#text} at (33,0) size 19x15
                    text run at (33,0) width 19: "Yes"
                RenderBlock {P} at (7,30) size 85x15
                  RenderText {#text} at (33,0) size 19x15
                    text run at (33,0) width 19: "Yes"
                RenderBlock {P} at (7,45) size 85x15
                  RenderText {#text} at (33,0) size 19x15
                    text run at (33,0) width 19: "Yes"
                RenderBlock {P} at (7,60) size 85x15
                  RenderText {#text} at (41,0) size 3x15
                    text run at (41,0) width 3: " "
                RenderBlock {P} at (7,75) size 85x15
                  RenderText {#text} at (33,0) size 19x15
                    text run at (33,0) width 19: "Yes"
                RenderBlock {P} at (7,90) size 85x15
                  RenderText {#text} at (33,0) size 19x15
                    text run at (33,0) width 19: "Yes"
                RenderBlock {P} at (7,105) size 85x15
                  RenderText {#text} at (33,0) size 19x15
                    text run at (33,0) width 19: "Yes"
                RenderBlock {P} at (7,120) size 85x15
                  RenderText {#text} at (33,0) size 19x15
                    text run at (33,0) width 19: "Yes"
                  RenderInline {SPAN} at (0,0) size 0x15
                    RenderInline {O:P} at (0,0) size 0x15
              RenderTableCell {TD} at (367,1880) size 106x135 [r=32 c=3 rs=1 cs=1]
                RenderBlock {P} at (7,0) size 92x15
                  RenderText {#text} at (37,0) size 17x15
                    text run at (37,0) width 17: "No"
                  RenderInline {SPAN} at (0,0) size 0x15
                    RenderInline {O:P} at (0,0) size 0x15
                RenderBlock {P} at (7,15) size 92x15
                  RenderText {#text} at (7,0) size 78x15
                    text run at (7,0) width 78: "Gyro wannabe"
                RenderBlock {P} at (7,30) size 92x15
                  RenderText {#text} at (37,0) size 17x15
                    text run at (37,0) width 17: "No"
                RenderBlock {P} at (7,45) size 92x15
                  RenderText {#text} at (37,0) size 17x15
                    text run at (37,0) width 17: "No"
                RenderBlock {P} at (7,60) size 92x15
                  RenderText {#text} at (44,0) size 3x15
                    text run at (44,0) width 3: " "
                RenderBlock {P} at (7,75) size 92x15
                  RenderText {#text} at (37,0) size 17x15
                    text run at (37,0) width 17: "No"
                RenderBlock {P} at (7,90) size 92x15
                  RenderText {#text} at (37,0) size 17x15
                    text run at (37,0) width 17: "No"
                RenderBlock {P} at (7,105) size 92x15
                  RenderText {#text} at (37,0) size 17x15
                    text run at (37,0) width 17: "No"
                RenderBlock {P} at (7,120) size 92x15
                  RenderText {#text} at (37,0) size 17x15
                    text run at (37,0) width 17: "No"
                  RenderInline {SPAN} at (0,0) size 0x15
                    RenderInline {O:P} at (0,0) size 0x15
            RenderTableRow {TR} at (0,2015) size 473x120
              RenderTableCell {TD} at (0,2015) size 98x15 [r=33 c=0 rs=1 cs=1]
                RenderBlock {P} at (7,0) size 84x15
                  RenderText {#text} at (35,0) size 14x15
                    text run at (35,0) width 14: "34"
                  RenderInline {SPAN} at (0,0) size 0x15
                    RenderInline {O:P} at (0,0) size 0x15
              RenderTableCell {TD} at (98,2015) size 170x120 [r=33 c=1 rs=1 cs=1]
                RenderBlock {P} at (7,0) size 156x15
                  RenderText {#text} at (0,0) size 57x15
                    text run at (0,0) width 57: "Jay Ribera"
                RenderBlock {P} at (7,15) size 156x15
                  RenderText {#text} at (0,0) size 86x15
                    text run at (0,0) width 86: "Gerald Cardinal"
                RenderBlock {P} at (7,30) size 156x15
                  RenderText {#text} at (0,0) size 68x15
                    text run at (0,0) width 68: "Dale Barnett"
                RenderBlock {P} at (7,45) size 156x15
                  RenderText {#text} at (0,0) size 62x15
                    text run at (0,0) width 62: "Paul Walter"
                RenderBlock {P} at (7,60) size 156x15
                  RenderText {#text} at (0,0) size 89x15
                    text run at (0,0) width 89: "Dominic Bayani"
                RenderBlock {P} at (7,75) size 156x15
                  RenderText {#text} at (0,0) size 93x15
                    text run at (0,0) width 93: "Donald Carvalho"
                RenderBlock {P} at (7,90) size 156x15
                  RenderText {#text} at (0,0) size 73x15
                    text run at (0,0) width 73: "Jack Peterson"
                RenderBlock {P} at (7,105) size 156x15
                  RenderText {#text} at (0,0) size 62x15
                    text run at (0,0) width 62: "Scott Hersh"
                  RenderInline {SPAN} at (0,0) size 0x15
                    RenderInline {O:P} at (0,0) size 0x15
              RenderTableCell {TD} at (268,2015) size 99x120 [r=33 c=2 rs=1 cs=1]
                RenderBlock {P} at (7,0) size 85x15
                  RenderText {#text} at (33,0) size 19x15
                    text run at (33,0) width 19: "Yes"
                RenderBlock {P} at (7,15) size 85x15
                  RenderText {#text} at (41,0) size 3x15
                    text run at (41,0) width 3: " "
                RenderBlock {P} at (7,30) size 85x15
                  RenderText {#text} at (33,0) size 19x15
                    text run at (33,0) width 19: "Yes"
                RenderBlock {P} at (7,45) size 85x15
                  RenderText {#text} at (41,0) size 3x15
                    text run at (41,0) width 3: " "
                RenderBlock {P} at (7,60) size 85x15
                  RenderText {#text} at (41,0) size 3x15
                    text run at (41,0) width 3: " "
                RenderBlock {P} at (7,75) size 85x15
                  RenderText {#text} at (41,0) size 3x15
                    text run at (41,0) width 3: " "
                RenderBlock {P} at (7,90) size 85x15
                  RenderText {#text} at (41,0) size 3x15
                    text run at (41,0) width 3: " "
                RenderBlock {P} at (7,105) size 85x15
                  RenderText {#text} at (33,0) size 19x15
                    text run at (33,0) width 19: "Yes"
                  RenderInline {SPAN} at (0,0) size 0x15
                    RenderInline {O:P} at (0,0) size 0x15
              RenderTableCell {TD} at (367,2015) size 106x120 [r=33 c=3 rs=1 cs=1]
                RenderBlock {P} at (7,0) size 92x15
                  RenderText {#text} at (37,0) size 17x15
                    text run at (37,0) width 17: "No"
                RenderBlock {P} at (7,15) size 92x15
                  RenderText {#text} at (44,0) size 3x15
                    text run at (44,0) width 3: " "
                RenderBlock {P} at (7,30) size 92x15
                  RenderText {#text} at (37,0) size 17x15
                    text run at (37,0) width 17: "No"
                RenderBlock {P} at (7,45) size 92x15
                  RenderText {#text} at (44,0) size 3x15
                    text run at (44,0) width 3: " "
                RenderBlock {P} at (7,60) size 92x15
                  RenderText {#text} at (44,0) size 3x15
                    text run at (44,0) width 3: " "
                RenderBlock {P} at (7,75) size 92x15
                  RenderText {#text} at (44,0) size 3x15
                    text run at (44,0) width 3: " "
                RenderBlock {P} at (7,90) size 92x15
                  RenderText {#text} at (44,0) size 3x15
                    text run at (44,0) width 3: " "
                RenderBlock {P} at (7,105) size 92x15
                  RenderText {#text} at (37,0) size 17x15
                    text run at (37,0) width 17: "No"
                  RenderInline {SPAN} at (0,0) size 0x15
                    RenderInline {O:P} at (0,0) size 0x15
            RenderTableRow {TR} at (0,2135) size 473x75
              RenderTableCell {TD} at (0,2135) size 98x15 [r=34 c=0 rs=1 cs=1]
                RenderBlock {P} at (7,0) size 84x15
                  RenderText {#text} at (35,0) size 14x15
                    text run at (35,0) width 14: "35"
                  RenderInline {SPAN} at (0,0) size 0x15
                    RenderInline {O:P} at (0,0) size 0x15
              RenderTableCell {TD} at (98,2135) size 170x75 [r=34 c=1 rs=1 cs=1]
                RenderBlock {P} at (7,0) size 156x15
                  RenderText {#text} at (0,0) size 81x15
                    text run at (0,0) width 81: " Richard Green"
                RenderBlock {P} at (7,15) size 156x15
                  RenderText {#text} at (0,0) size 66x15
                    text run at (0,0) width 66: "David Allen"
                RenderBlock {P} at (7,30) size 156x15
                  RenderText {#text} at (0,0) size 60x15
                    text run at (0,0) width 60: "Jim Colvin"
                RenderBlock {P} at (7,45) size 156x15
                  RenderText {#text} at (0,0) size 70x15
                    text run at (0,0) width 70: "Harald Close"
                RenderBlock {P} at (7,60) size 156x15
                  RenderText {#text} at (0,0) size 62x15
                    text run at (0,0) width 62: "Oliver Baer"
                  RenderInline {SPAN} at (0,0) size 0x15
                    RenderInline {O:P} at (0,0) size 0x15
              RenderTableCell {TD} at (268,2135) size 99x75 [r=34 c=2 rs=1 cs=1]
                RenderBlock {P} at (7,0) size 85x15
                  RenderText {#text} at (41,0) size 3x15
                    text run at (41,0) width 3: " "
                RenderBlock {P} at (7,15) size 85x15
                  RenderText {#text} at (41,0) size 3x15
                    text run at (41,0) width 3: " "
                RenderBlock {P} at (7,30) size 85x15
                  RenderText {#text} at (41,0) size 3x15
                    text run at (41,0) width 3: " "
                RenderBlock {P} at (7,45) size 85x15
                  RenderText {#text} at (33,0) size 19x15
                    text run at (33,0) width 19: "Yes"
                RenderBlock {P} at (7,60) size 85x15
                  RenderText {#text} at (33,0) size 19x15
                    text run at (33,0) width 19: "Yes"
                  RenderInline {SPAN} at (0,0) size 0x15
                    RenderInline {O:P} at (0,0) size 0x15
              RenderTableCell {TD} at (367,2135) size 106x75 [r=34 c=3 rs=1 cs=1]
                RenderBlock {P} at (7,0) size 92x15
                  RenderText {#text} at (44,0) size 3x15
                    text run at (44,0) width 3: " "
                RenderBlock {P} at (7,15) size 92x15
                  RenderText {#text} at (44,0) size 3x15
                    text run at (44,0) width 3: " "
                RenderBlock {P} at (7,30) size 92x15
                  RenderText {#text} at (44,0) size 3x15
                    text run at (44,0) width 3: " "
                RenderBlock {P} at (7,45) size 92x15
                  RenderText {#text} at (36,0) size 19x15
                    text run at (36,0) width 19: "Yes"
                RenderBlock {P} at (7,60) size 92x15
                  RenderText {#text} at (37,0) size 17x15
                    text run at (37,0) width 17: "No"
                  RenderInline {SPAN} at (0,0) size 0x15
                    RenderInline {O:P} at (0,0) size 0x15
            RenderTableRow {TR} at (0,2210) size 473x75
              RenderTableCell {TD} at (0,2210) size 98x15 [r=35 c=0 rs=1 cs=1]
                RenderBlock {P} at (7,0) size 84x15
                  RenderText {#text} at (35,0) size 14x15
                    text run at (35,0) width 14: "36"
                  RenderInline {SPAN} at (0,0) size 0x15
                    RenderInline {O:P} at (0,0) size 0x15
              RenderTableCell {TD} at (98,2210) size 170x75 [r=35 c=1 rs=1 cs=1]
                RenderBlock {P} at (7,0) size 156x15
                  RenderText {#text} at (0,0) size 71x15
                    text run at (0,0) width 71: "Jason Beehm"
                RenderBlock {P} at (7,15) size 156x15
                  RenderText {#text} at (0,0) size 93x15
                    text run at (0,0) width 93: "Darrell Carpenter"
                RenderBlock {P} at (7,30) size 156x15
                  RenderText {#text} at (0,0) size 82x15
                    text run at (0,0) width 82: "Stefan Kiritzov"
                RenderBlock {P} at (7,45) size 156x15
                  RenderText {#text} at (0,0) size 68x15
                    text run at (0,0) width 68: "Dale Barnett"
                RenderBlock {P} at (7,60) size 156x15
                  RenderText {#text} at (0,0) size 63x15
                    text run at (0,0) width 63: "Dan Sievert"
                  RenderInline {SPAN} at (0,0) size 0x15
                    RenderInline {O:P} at (0,0) size 0x15
              RenderTableCell {TD} at (268,2210) size 99x75 [r=35 c=2 rs=1 cs=1]
                RenderBlock {P} at (7,0) size 85x15
                  RenderText {#text} at (33,0) size 19x15
                    text run at (33,0) width 19: "Yes"
                RenderBlock {P} at (7,15) size 85x15
                  RenderText {#text} at (33,0) size 19x15
                    text run at (33,0) width 19: "Yes"
                RenderBlock {P} at (7,30) size 85x15
                  RenderText {#text} at (33,0) size 19x15
                    text run at (33,0) width 19: "Yes"
                RenderBlock {P} at (7,45) size 85x15
                  RenderText {#text} at (33,0) size 19x15
                    text run at (33,0) width 19: "Yes"
                RenderBlock {P} at (7,60) size 85x15
                  RenderText {#text} at (33,0) size 19x15
                    text run at (33,0) width 19: "Yes"
                  RenderInline {SPAN} at (0,0) size 0x15
                    RenderInline {O:P} at (0,0) size 0x15
              RenderTableCell {TD} at (367,2210) size 106x75 [r=35 c=3 rs=1 cs=1]
                RenderBlock {P} at (7,0) size 92x15
                  RenderText {#text} at (37,0) size 17x15
                    text run at (37,0) width 17: "No"
                RenderBlock {P} at (7,15) size 92x15
                  RenderText {#text} at (37,0) size 17x15
                    text run at (37,0) width 17: "No"
                RenderBlock {P} at (7,30) size 92x15
                  RenderText {#text} at (36,0) size 19x15
                    text run at (36,0) width 19: "Yes"
                RenderBlock {P} at (7,45) size 92x15
                  RenderText {#text} at (37,0) size 17x15
                    text run at (37,0) width 17: "No"
                RenderBlock {P} at (7,60) size 92x15
                  RenderText {#text} at (37,0) size 17x15
                    text run at (37,0) width 17: "No"
                  RenderInline {SPAN} at (0,0) size 0x15
                    RenderInline {O:P} at (0,0) size 0x15
            RenderTableRow {TR} at (0,2285) size 473x60
              RenderTableCell {TD} at (0,2285) size 98x15 [r=36 c=0 rs=1 cs=1]
                RenderBlock {P} at (7,0) size 84x15
                  RenderText {#text} at (35,0) size 14x15
                    text run at (35,0) width 14: "37"
                  RenderInline {SPAN} at (0,0) size 0x15
                    RenderInline {O:P} at (0,0) size 0x15
              RenderTableCell {TD} at (98,2285) size 170x60 [r=36 c=1 rs=1 cs=1]
                RenderBlock {P} at (7,0) size 156x15
                  RenderText {#text} at (0,0) size 96x15
                    text run at (0,0) width 96: "Dominic Civiletti"
                RenderBlock {P} at (7,15) size 156x15
                  RenderText {#text} at (0,0) size 83x15
                    text run at (0,0) width 83: "John Chamorro"
                RenderBlock {P} at (7,30) size 156x15
                  RenderText {#text} at (0,0) size 74x15
                    text run at (0,0) width 74: "Jim Mirowski"
                RenderBlock {P} at (7,45) size 156x15
                  RenderText {#text} at (0,0) size 78x15
                    text run at (0,0) width 78: "Soohong  Kim"
                  RenderInline {SPAN} at (0,0) size 0x15
                    RenderInline {O:P} at (0,0) size 0x15
              RenderTableCell {TD} at (268,2285) size 99x60 [r=36 c=2 rs=1 cs=1]
                RenderBlock {P} at (7,0) size 85x15
                  RenderText {#text} at (33,0) size 19x15
                    text run at (33,0) width 19: "Yes"
                RenderBlock {P} at (7,15) size 85x15
                  RenderText {#text} at (41,0) size 3x15
                    text run at (41,0) width 3: " "
                RenderBlock {P} at (7,30) size 85x15
                  RenderText {#text} at (41,0) size 3x15
                    text run at (41,0) width 3: " "
                RenderBlock {P} at (7,45) size 85x15
                  RenderText {#text} at (33,0) size 19x15
                    text run at (33,0) width 19: "Yes"
                  RenderInline {SPAN} at (0,0) size 0x15
                    RenderInline {O:P} at (0,0) size 0x15
              RenderTableCell {TD} at (367,2285) size 106x60 [r=36 c=3 rs=1 cs=1]
                RenderBlock {P} at (7,0) size 92x15
                  RenderText {#text} at (37,0) size 17x15
                    text run at (37,0) width 17: "No"
                RenderBlock {P} at (7,15) size 92x15
                  RenderText {#text} at (44,0) size 3x15
                    text run at (44,0) width 3: " "
                RenderBlock {P} at (7,30) size 92x15
                  RenderText {#text} at (44,0) size 3x15
                    text run at (44,0) width 3: " "
                RenderBlock {P} at (7,45) size 92x15
                  RenderText {#text} at (37,0) size 17x15
                    text run at (37,0) width 17: "No"
                  RenderInline {SPAN} at (0,0) size 0x15
                    RenderInline {O:P} at (0,0) size 0x15
            RenderTableRow {TR} at (0,2345) size 473x90
              RenderTableCell {TD} at (0,2345) size 98x15 [r=37 c=0 rs=1 cs=1]
                RenderBlock {P} at (7,0) size 84x15
                  RenderText {#text} at (35,0) size 14x15
                    text run at (35,0) width 14: "38"
                  RenderInline {SPAN} at (0,0) size 0x15
                    RenderInline {O:P} at (0,0) size 0x15
              RenderTableCell {TD} at (98,2345) size 170x90 [r=37 c=1 rs=1 cs=1]
                RenderBlock {P} at (7,0) size 156x15
                  RenderText {#text} at (0,0) size 101x15
                    text run at (0,0) width 101: "Karl Allmendinger"
                  RenderInline {SPAN} at (0,0) size 0x15
                    RenderInline {O:P} at (0,0) size 0x15
                RenderBlock {P} at (7,15) size 156x15
                  RenderText {#text} at (0,0) size 65x15
                    text run at (0,0) width 65: "John Bernal"
                  RenderInline {SPAN} at (0,0) size 0x15
                    RenderInline {O:P} at (0,0) size 0x15
                RenderBlock {P} at (7,30) size 156x15
                  RenderText {#text} at (0,0) size 76x15
                    text run at (0,0) width 76: "Gene Langley"
                RenderBlock {P} at (7,45) size 156x15
                  RenderText {#text} at (0,0) size 78x15
                    text run at (0,0) width 78: "Chuck Pringle"
                RenderBlock {P} at (7,60) size 156x15
                  RenderText {#text} at (0,0) size 57x15
                    text run at (0,0) width 57: "Jimmy Lei"
                RenderBlock {P} at (7,75) size 156x15
                  RenderText {#text} at (0,0) size 93x15
                    text run at (0,0) width 93: "Ruenjoe (Joe) Lu"
                  RenderInline {SPAN} at (0,0) size 0x15
                    RenderInline {O:P} at (0,0) size 0x15
              RenderTableCell {TD} at (268,2345) size 99x60 [r=37 c=2 rs=1 cs=1]
                RenderBlock {P} at (7,0) size 85x15
                  RenderText {#text} at (33,0) size 19x15
                    text run at (33,0) width 19: "Yes"
                  RenderInline {SPAN} at (0,0) size 0x15
                    RenderInline {O:P} at (0,0) size 0x15
                RenderBlock {P} at (7,15) size 85x15
                  RenderText {#text} at (33,0) size 19x15
                    text run at (33,0) width 19: "Yes"
                  RenderInline {SPAN} at (0,0) size 0x15
                    RenderInline {O:P} at (0,0) size 0x15
                RenderBlock {P} at (7,30) size 85x15
                  RenderText {#text} at (33,0) size 19x15
                    text run at (33,0) width 19: "Yes"
                RenderBlock {P} at (7,45) size 85x15
                  RenderText {#text} at (33,0) size 19x15
                    text run at (33,0) width 19: "Yes"
                  RenderInline {SPAN} at (0,0) size 0x15
                    RenderInline {O:P} at (0,0) size 0x15
              RenderTableCell {TD} at (367,2345) size 106x60 [r=37 c=3 rs=1 cs=1]
                RenderBlock {P} at (7,0) size 92x15
                  RenderText {#text} at (37,0) size 17x15
                    text run at (37,0) width 17: "No"
                  RenderInline {SPAN} at (0,0) size 0x15
                    RenderInline {O:P} at (0,0) size 0x15
                RenderBlock {P} at (7,15) size 92x15
                  RenderText {#text} at (37,0) size 17x15
                    text run at (37,0) width 17: "No"
                  RenderInline {SPAN} at (0,0) size 0x15
                    RenderInline {O:P} at (0,0) size 0x15
                RenderBlock {P} at (7,30) size 92x15
                  RenderText {#text} at (7,0) size 78x15
                    text run at (7,0) width 78: "Gyro wannabe"
                RenderBlock {P} at (7,45) size 92x15
                  RenderText {#text} at (37,0) size 17x15
                    text run at (37,0) width 17: "No"
                  RenderInline {SPAN} at (0,0) size 0x15
                    RenderInline {O:P} at (0,0) size 0x15
            RenderTableRow {TR} at (0,2435) size 473x45
              RenderTableCell {TD} at (0,2435) size 98x15 [r=38 c=0 rs=1 cs=1]
                RenderBlock {P} at (7,0) size 84x15
                  RenderText {#text} at (35,0) size 14x15
                    text run at (35,0) width 14: "39"
                  RenderInline {SPAN} at (0,0) size 0x15
                    RenderInline {O:P} at (0,0) size 0x15
              RenderTableCell {TD} at (98,2435) size 170x45 [r=38 c=1 rs=1 cs=1]
                RenderBlock {P} at (7,0) size 156x15
                  RenderText {#text} at (0,0) size 69x15
                    text run at (0,0) width 69: "Tom Wagner"
                RenderBlock {P} at (7,15) size 156x15
                  RenderText {#text} at (0,0) size 62x15
                    text run at (0,0) width 62: "Oliver Baer"
                RenderBlock {P} at (7,30) size 156x15
                  RenderText {#text} at (0,0) size 65x15
                    text run at (0,0) width 65: "Will Sievert"
                  RenderInline {SPAN} at (0,0) size 0x15
                    RenderInline {O:P} at (0,0) size 0x15
              RenderTableCell {TD} at (268,2435) size 99x45 [r=38 c=2 rs=1 cs=1]
                RenderBlock {P} at (7,0) size 85x15
                  RenderText {#text} at (33,0) size 19x15
                    text run at (33,0) width 19: "Yes"
                RenderBlock {P} at (7,15) size 85x15
                  RenderText {#text} at (33,0) size 19x15
                    text run at (33,0) width 19: "Yes"
                RenderBlock {P} at (7,30) size 85x15
                  RenderText {#text} at (33,0) size 19x15
                    text run at (33,0) width 19: "Yes"
                  RenderInline {SPAN} at (0,0) size 0x15
                    RenderInline {O:P} at (0,0) size 0x15
              RenderTableCell {TD} at (367,2435) size 106x45 [r=38 c=3 rs=1 cs=1]
                RenderBlock {P} at (7,0) size 92x15
                  RenderText {#text} at (37,0) size 17x15
                    text run at (37,0) width 17: "No"
                RenderBlock {P} at (7,15) size 92x15
                  RenderText {#text} at (37,0) size 17x15
                    text run at (37,0) width 17: "No"
                RenderBlock {P} at (7,30) size 92x15
                  RenderText {#text} at (37,0) size 17x15
                    text run at (37,0) width 17: "No"
                  RenderInline {SPAN} at (0,0) size 0x15
                    RenderInline {O:P} at (0,0) size 0x15
            RenderTableRow {TR} at (0,2480) size 473x120
              RenderTableCell {TD} at (0,2480) size 98x15 [r=39 c=0 rs=1 cs=1]
                RenderBlock {P} at (7,0) size 84x15
                  RenderText {#text} at (35,0) size 14x15
                    text run at (35,0) width 14: "40"
                  RenderInline {SPAN} at (0,0) size 0x15
                    RenderInline {O:P} at (0,0) size 0x15
              RenderTableCell {TD} at (98,2480) size 170x120 [r=39 c=1 rs=1 cs=1]
                RenderBlock {P} at (7,0) size 156x15
                  RenderText {#text} at (0,0) size 82x15
                    text run at (0,0) width 82: "Alberto Lanzas"
                  RenderInline {SPAN} at (0,0) size 0x15
                    RenderInline {O:P} at (0,0) size 0x15
                RenderBlock {P} at (7,15) size 156x15
                  RenderText {#text} at (0,0) size 92x15
                    text run at (0,0) width 92: "Zak + Mike West"
                  RenderInline {SPAN} at (0,0) size 0x15
                    RenderInline {O:P} at (0,0) size 0x15
                RenderBlock {P} at (7,30) size 156x15
                  RenderText {#text} at (0,0) size 68x15
                    text run at (0,0) width 68: "Javier Flores"
                  RenderInline {SPAN} at (0,0) size 0x15
                    RenderInline {O:P} at (0,0) size 0x15
                RenderBlock {P} at (7,45) size 156x15
                  RenderText {#text} at (0,0) size 69x15
                    text run at (0,0) width 69: "Bill Johnson"
                  RenderInline {SPAN} at (0,0) size 0x15
                    RenderInline {O:P} at (0,0) size 0x15
                RenderBlock {P} at (7,60) size 156x15
                  RenderText {#text} at (0,0) size 76x15
                    text run at (0,0) width 76: "Gene Langley"
                RenderBlock {P} at (7,75) size 156x15
                  RenderText {#text} at (0,0) size 70x15
                    text run at (0,0) width 70: "Rich Burnett"
                RenderBlock {P} at (7,90) size 156x15
                  RenderText {#text} at (0,0) size 89x15
                    text run at (0,0) width 89: "Jack Goodfriend"
                RenderBlock {P} at (7,105) size 156x15
                  RenderText {#text} at (0,0) size 70x15
                    text run at (0,0) width 70: "Harald Close"
                  RenderInline {SPAN} at (0,0) size 0x15
                    RenderInline {O:P} at (0,0) size 0x15
              RenderTableCell {TD} at (268,2480) size 99x120 [r=39 c=2 rs=1 cs=1]
                RenderBlock {P} at (7,0) size 85x15
                  RenderText {#text} at (33,0) size 19x15
                    text run at (33,0) width 19: "Yes"
                  RenderInline {SPAN} at (0,0) size 0x15
                    RenderInline {O:P} at (0,0) size 0x15
                RenderBlock {P} at (7,15) size 85x15
                  RenderText {#text} at (33,0) size 19x15
                    text run at (33,0) width 19: "Yes"
                  RenderInline {SPAN} at (0,0) size 0x15
                    RenderInline {O:P} at (0,0) size 0x15
                RenderBlock {P} at (7,30) size 85x15
                  RenderText {#text} at (33,0) size 19x15
                    text run at (33,0) width 19: "Yes"
                  RenderInline {SPAN} at (0,0) size 0x15
                    RenderInline {O:P} at (0,0) size 0x15
                RenderBlock {P} at (7,45) size 85x15
                  RenderText {#text} at (33,0) size 19x15
                    text run at (33,0) width 19: "Yes"
                  RenderInline {SPAN} at (0,0) size 0x15
                    RenderInline {O:P} at (0,0) size 0x15
                RenderBlock {P} at (7,60) size 85x15
                  RenderText {#text} at (33,0) size 19x15
                    text run at (33,0) width 19: "Yes"
                RenderBlock {P} at (7,75) size 85x15
                  RenderText {#text} at (41,0) size 3x15
                    text run at (41,0) width 3: " "
                RenderBlock {P} at (7,90) size 85x15
                  RenderText {#text} at (41,0) size 3x15
                    text run at (41,0) width 3: " "
                RenderBlock {P} at (7,105) size 85x15
                  RenderText {#text} at (33,0) size 19x15
                    text run at (33,0) width 19: "Yes"
                  RenderInline {SPAN} at (0,0) size 0x15
                    RenderInline {O:P} at (0,0) size 0x15
              RenderTableCell {TD} at (367,2480) size 106x120 [r=39 c=3 rs=1 cs=1]
                RenderBlock {P} at (7,0) size 92x15
                  RenderText {#text} at (36,0) size 19x15
                    text run at (36,0) width 19: "Yes"
                  RenderInline {SPAN} at (0,0) size 0x15
                    RenderInline {O:P} at (0,0) size 0x15
                RenderBlock {P} at (7,15) size 92x15
                  RenderText {#text} at (36,0) size 19x15
                    text run at (36,0) width 19: "Yes"
                  RenderInline {SPAN} at (0,0) size 0x15
                    RenderInline {O:P} at (0,0) size 0x15
                RenderBlock {P} at (7,30) size 92x15
                  RenderText {#text} at (37,0) size 17x15
                    text run at (37,0) width 17: "No"
                  RenderInline {SPAN} at (0,0) size 0x15
                    RenderInline {O:P} at (0,0) size 0x15
                RenderBlock {P} at (7,45) size 92x15
                  RenderText {#text} at (37,0) size 17x15
                    text run at (37,0) width 17: "No"
                  RenderInline {SPAN} at (0,0) size 0x15
                    RenderInline {O:P} at (0,0) size 0x15
                RenderBlock {P} at (7,60) size 92x15
                  RenderText {#text} at (29,0) size 34x15
                    text run at (29,0) width 34: "Glider"
                RenderBlock {P} at (7,75) size 92x15
                  RenderText {#text} at (44,0) size 3x15
                    text run at (44,0) width 3: " "
                RenderBlock {P} at (7,90) size 92x15
                  RenderText {#text} at (44,0) size 3x15
                    text run at (44,0) width 3: " "
                RenderBlock {P} at (7,105) size 92x15
                  RenderText {#text} at (37,0) size 17x15
                    text run at (37,0) width 17: "No"
                  RenderInline {SPAN} at (0,0) size 0x15
                    RenderInline {O:P} at (0,0) size 0x15
            RenderTableRow {TR} at (0,2600) size 473x120
              RenderTableCell {TD} at (0,2600) size 98x15 [r=40 c=0 rs=1 cs=1]
                RenderBlock {P} at (7,0) size 84x15
                  RenderText {#text} at (35,0) size 14x15
                    text run at (35,0) width 14: "41"
                  RenderInline {SPAN} at (0,0) size 0x15
                    RenderInline {O:P} at (0,0) size 0x15
              RenderTableCell {TD} at (98,2600) size 170x120 [r=40 c=1 rs=1 cs=1]
                RenderBlock {P} at (7,0) size 156x15
                  RenderText {#text} at (0,0) size 96x15
                    text run at (0,0) width 96: "Dominic Civiletti"
                  RenderInline {SPAN} at (0,0) size 0x15
                    RenderInline {O:P} at (0,0) size 0x15
                RenderBlock {P} at (7,15) size 156x15
                  RenderText {#text} at (0,0) size 105x15
                    text run at (0,0) width 105: "Corbin Christensen"
                  RenderInline {SPAN} at (0,0) size 0x15
                    RenderInline {O:P} at (0,0) size 0x15
                RenderBlock {P} at (7,30) size 156x15
                  RenderText {#text} at (0,0) size 57x15
                    text run at (0,0) width 57: "Hal Hirsch"
                  RenderInline {SPAN} at (0,0) size 0x15
                    RenderInline {O:P} at (0,0) size 0x15
                RenderBlock {P} at (7,45) size 156x15
                  RenderText {#text} at (0,0) size 91x15
                    text run at (0,0) width 91: "Richard Sanchez"
                RenderBlock {P} at (7,60) size 156x15
                  RenderText {#text} at (0,0) size 65x15
                    text run at (0,0) width 65: "John Bernal"
                RenderBlock {P} at (7,75) size 156x15
                  RenderText {#text} at (0,0) size 70x15
                    text run at (0,0) width 70: "Rich Burnett"
                RenderBlock {P} at (7,90) size 156x15
                  RenderText {#text} at (0,0) size 72x15
                    text run at (0,0) width 72: "Brock Brown"
                RenderBlock {P} at (7,105) size 156x15
                  RenderText {#text} at (0,0) size 55x15
                    text run at (0,0) width 55: "John Paye"
                  RenderInline {SPAN} at (0,0) size 0x15
                    RenderInline {O:P} at (0,0) size 0x15
              RenderTableCell {TD} at (268,2600) size 99x105 [r=40 c=2 rs=1 cs=1]
                RenderBlock {P} at (7,0) size 85x15
                  RenderText {#text} at (33,0) size 19x15
                    text run at (33,0) width 19: "Yes"
                  RenderInline {SPAN} at (0,0) size 0x15
                    RenderInline {O:P} at (0,0) size 0x15
                RenderBlock {P} at (7,15) size 85x15
                  RenderText {#text} at (33,0) size 19x15
                    text run at (33,0) width 19: "Yes"
                  RenderInline {SPAN} at (0,0) size 0x15
                    RenderInline {O:P} at (0,0) size 0x15
                RenderBlock {P} at (7,30) size 85x15
                  RenderText {#text} at (33,0) size 19x15
                    text run at (33,0) width 19: "Yes"
                  RenderInline {SPAN} at (0,0) size 0x15
                    RenderInline {O:P} at (0,0) size 0x15
                RenderBlock {P} at (7,45) size 85x15
                  RenderText {#text} at (34,0) size 17x15
                    text run at (34,0) width 17: "No"
                RenderBlock {P} at (7,60) size 85x15
                  RenderText {#text} at (33,0) size 19x15
                    text run at (33,0) width 19: "Yes"
                RenderBlock {P} at (7,75) size 85x15
                  RenderText {#text} at (41,0) size 3x15
                    text run at (41,0) width 3: " "
                RenderBlock {P} at (7,90) size 85x15
                  RenderText {#text} at (33,0) size 19x15
                    text run at (33,0) width 19: "Yes"
                  RenderInline {SPAN} at (0,0) size 0x15
                    RenderInline {O:P} at (0,0) size 0x15
              RenderTableCell {TD} at (367,2600) size 106x105 [r=40 c=3 rs=1 cs=1]
                RenderBlock {P} at (7,0) size 92x15
                  RenderText {#text} at (37,0) size 17x15
                    text run at (37,0) width 17: "No"
                  RenderInline {SPAN} at (0,0) size 0x15
                    RenderInline {O:P} at (0,0) size 0x15
                RenderBlock {P} at (7,15) size 92x15
                  RenderText {#text} at (37,0) size 17x15
                    text run at (37,0) width 17: "No"
                  RenderInline {SPAN} at (0,0) size 0x15
                    RenderInline {O:P} at (0,0) size 0x15
                RenderBlock {P} at (7,30) size 92x15
                  RenderText {#text} at (37,0) size 17x15
                    text run at (37,0) width 17: "No"
                  RenderInline {SPAN} at (0,0) size 0x15
                    RenderInline {O:P} at (0,0) size 0x15
                RenderBlock {P} at (7,45) size 92x15
                  RenderText {#text} at (36,0) size 19x15
                    text run at (36,0) width 19: "Yes"
                RenderBlock {P} at (7,60) size 92x15
                  RenderText {#text} at (37,0) size 17x15
                    text run at (37,0) width 17: "No"
                RenderBlock {P} at (7,75) size 92x15
                  RenderText {#text} at (44,0) size 3x15
                    text run at (44,0) width 3: " "
                RenderBlock {P} at (7,90) size 92x15
                  RenderText {#text} at (37,0) size 17x15
                    text run at (37,0) width 17: "No"
                  RenderInline {SPAN} at (0,0) size 0x15
                    RenderInline {O:P} at (0,0) size 0x15
            RenderTableRow {TR} at (0,2720) size 473x120
              RenderTableCell {TD} at (0,2720) size 98x15 [r=41 c=0 rs=1 cs=1]
                RenderBlock {P} at (7,0) size 84x15
                  RenderText {#text} at (35,0) size 14x15
                    text run at (35,0) width 14: "42"
                  RenderInline {SPAN} at (0,0) size 0x15
                    RenderInline {O:P} at (0,0) size 0x15
              RenderTableCell {TD} at (98,2720) size 170x120 [r=41 c=1 rs=1 cs=1]
                RenderBlock {P} at (7,0) size 156x15
                  RenderText {#text} at (0,0) size 47x15
                    text run at (0,0) width 47: "Tony Yu"
                  RenderInline {SPAN} at (0,0) size 0x15
                    RenderInline {O:P} at (0,0) size 0x15
                RenderBlock {P} at (7,15) size 156x15
                  RenderText {#text} at (0,0) size 67x15
                    text run at (0,0) width 67: "Jason Miller"
                  RenderInline {SPAN} at (0,0) size 0x15
                    RenderInline {O:P} at (0,0) size 0x15
                RenderBlock {P} at (7,30) size 156x15
                  RenderText {#text} at (0,0) size 86x15
                    text run at (0,0) width 86: "Maurice Burton"
                RenderBlock {P} at (7,45) size 156x15
                  RenderText {#text} at (0,0) size 63x15
                    text run at (0,0) width 63: "Dan Sievert"
                RenderBlock {P} at (7,60) size 156x15
                  RenderText {#text} at (0,0) size 60x15
                    text run at (0,0) width 60: "Jerry Davis"
                RenderBlock {P} at (7,75) size 156x15
                  RenderText {#text} at (0,0) size 55x15
                    text run at (0,0) width 55: "John Paye"
                RenderBlock {P} at (7,90) size 156x15
                  RenderText {#text} at (0,0) size 71x15
                    text run at (0,0) width 71: "Gordon Frost"
                RenderBlock {P} at (7,105) size 156x15
                  RenderText {#text} at (0,0) size 65x15
                    text run at (0,0) width 65: "Chris Walsh"
                  RenderInline {SPAN} at (0,0) size 0x15
                    RenderInline {O:P} at (0,0) size 0x15
              RenderTableCell {TD} at (268,2720) size 99x75 [r=41 c=2 rs=1 cs=1]
                RenderBlock {P} at (7,0) size 85x15
                  RenderText {#text} at (33,0) size 19x15
                    text run at (33,0) width 19: "Yes"
                  RenderInline {SPAN} at (0,0) size 0x15
                    RenderInline {O:P} at (0,0) size 0x15
                RenderBlock {P} at (7,15) size 85x15
                  RenderText {#text} at (33,0) size 19x15
                    text run at (33,0) width 19: "Yes"
                  RenderInline {SPAN} at (0,0) size 0x15
                    RenderInline {O:P} at (0,0) size 0x15
                RenderBlock {P} at (7,30) size 85x15
                  RenderText {#text} at (33,0) size 19x15
                    text run at (33,0) width 19: "Yes"
                RenderBlock {P} at (7,45) size 85x15
                  RenderText {#text} at (33,0) size 19x15
                    text run at (33,0) width 19: "Yes"
                RenderBlock {P} at (7,60) size 85x15
                  RenderText {#text} at (33,0) size 19x15
                    text run at (33,0) width 19: "Yes"
                  RenderInline {SPAN} at (0,0) size 0x15
                    RenderInline {O:P} at (0,0) size 0x15
              RenderTableCell {TD} at (367,2720) size 106x75 [r=41 c=3 rs=1 cs=1]
                RenderBlock {P} at (7,0) size 92x15
                  RenderText {#text} at (37,0) size 17x15
                    text run at (37,0) width 17: "No"
                  RenderInline {SPAN} at (0,0) size 0x15
                    RenderInline {O:P} at (0,0) size 0x15
                RenderBlock {P} at (7,15) size 92x15
                  RenderText {#text} at (37,0) size 17x15
                    text run at (37,0) width 17: "No"
                  RenderInline {SPAN} at (0,0) size 0x15
                    RenderInline {O:P} at (0,0) size 0x15
                RenderBlock {P} at (7,30) size 92x15
                  RenderText {#text} at (37,0) size 17x15
                    text run at (37,0) width 17: "No"
                RenderBlock {P} at (7,45) size 92x15
                  RenderText {#text} at (37,0) size 17x15
                    text run at (37,0) width 17: "No"
                RenderBlock {P} at (7,60) size 92x15
                  RenderText {#text} at (37,0) size 17x15
                    text run at (37,0) width 17: "No"
                  RenderInline {SPAN} at (0,0) size 0x15
                    RenderInline {O:P} at (0,0) size 0x15
            RenderTableRow {TR} at (0,2840) size 473x105
              RenderTableCell {TD} at (0,2840) size 98x15 [r=42 c=0 rs=1 cs=1]
                RenderBlock {P} at (7,0) size 84x15
                  RenderText {#text} at (35,0) size 14x15
                    text run at (35,0) width 14: "43"
                  RenderInline {SPAN} at (0,0) size 0x15
                    RenderInline {O:P} at (0,0) size 0x15
              RenderTableCell {TD} at (98,2840) size 170x105 [r=42 c=1 rs=1 cs=1]
                RenderBlock {P} at (7,0) size 156x15
                  RenderText {#text} at (0,0) size 96x15
                    text run at (0,0) width 96: "Dominic Civiletti"
                  RenderInline {SPAN} at (0,0) size 0x15
                    RenderInline {O:P} at (0,0) size 0x15
                RenderBlock {P} at (7,15) size 156x15
                  RenderText {#text} at (0,0) size 67x15
                    text run at (0,0) width 67: "Ken Gullion"
                  RenderInline {SPAN} at (0,0) size 0x15
                    RenderInline {O:P} at (0,0) size 0x15
                RenderBlock {P} at (7,30) size 156x15
                  RenderText {#text} at (0,0) size 65x15
                    text run at (0,0) width 65: "Will Sievert"
                RenderBlock {P} at (7,45) size 156x15
                  RenderText {#text} at (0,0) size 74x15
                    text run at (0,0) width 74: "Jim Mahoney"
                RenderBlock {P} at (7,60) size 156x15
                  RenderText {#text} at (0,0) size 67x15
                    text run at (0,0) width 67: "Ken Manuel"
                RenderBlock {P} at (7,75) size 156x15
                  RenderText {#text} at (0,0) size 58x15
                    text run at (0,0) width 58: "John Todd"
                RenderBlock {P} at (7,90) size 156x15
                  RenderText {#text} at (0,0) size 89x15
                    text run at (0,0) width 89: "Rick Rasmussen"
                  RenderInline {SPAN} at (0,0) size 0x15
                    RenderInline {O:P} at (0,0) size 0x15
              RenderTableCell {TD} at (268,2840) size 99x75 [r=42 c=2 rs=1 cs=1]
                RenderBlock {P} at (7,0) size 85x15
                  RenderText {#text} at (33,0) size 19x15
                    text run at (33,0) width 19: "Yes"
                  RenderInline {SPAN} at (0,0) size 0x15
                    RenderInline {O:P} at (0,0) size 0x15
                RenderBlock {P} at (7,15) size 85x15
                  RenderText {#text} at (33,0) size 19x15
                    text run at (33,0) width 19: "Yes"
                  RenderInline {SPAN} at (0,0) size 0x15
                    RenderInline {O:P} at (0,0) size 0x15
                RenderBlock {P} at (7,30) size 85x15
                  RenderText {#text} at (33,0) size 19x15
                    text run at (33,0) width 19: "Yes"
                RenderBlock {P} at (7,45) size 85x15
                  RenderText {#text} at (33,0) size 19x15
                    text run at (33,0) width 19: "Yes"
                RenderBlock {P} at (7,60) size 85x15
                  RenderText {#text} at (33,0) size 19x15
                    text run at (33,0) width 19: "Yes"
                  RenderInline {SPAN} at (0,0) size 0x15
                    RenderInline {O:P} at (0,0) size 0x15
              RenderTableCell {TD} at (367,2840) size 106x75 [r=42 c=3 rs=1 cs=1]
                RenderBlock {P} at (7,0) size 92x15
                  RenderText {#text} at (37,0) size 17x15
                    text run at (37,0) width 17: "No"
                  RenderInline {SPAN} at (0,0) size 0x15
                    RenderInline {O:P} at (0,0) size 0x15
                RenderBlock {P} at (7,15) size 92x15
                  RenderText {#text} at (37,0) size 17x15
                    text run at (37,0) width 17: "No"
                  RenderInline {SPAN} at (0,0) size 0x15
                    RenderInline {O:P} at (0,0) size 0x15
                RenderBlock {P} at (7,30) size 92x15
                  RenderText {#text} at (21,0) size 50x15
                    text run at (21,0) width 50: "Someday"
                RenderBlock {P} at (7,45) size 92x15
                  RenderText {#text} at (36,0) size 19x15
                    text run at (36,0) width 19: "Yes"
                RenderBlock {P} at (7,60) size 92x15
                  RenderText {#text} at (37,0) size 17x15
                    text run at (37,0) width 17: "No"
                  RenderInline {SPAN} at (0,0) size 0x15
                    RenderInline {O:P} at (0,0) size 0x15
            RenderTableRow {TR} at (0,2945) size 473x60
              RenderTableCell {TD} at (0,2945) size 98x15 [r=43 c=0 rs=1 cs=1]
                RenderBlock {P} at (7,0) size 84x15
                  RenderText {#text} at (35,0) size 14x15
                    text run at (35,0) width 14: "44"
                  RenderInline {SPAN} at (0,0) size 0x15
                    RenderInline {O:P} at (0,0) size 0x15
              RenderTableCell {TD} at (98,2945) size 170x60 [r=43 c=1 rs=1 cs=1]
                RenderBlock {P} at (7,0) size 156x15
                  RenderText {#text} at (0,0) size 61x15
                    text run at (0,0) width 61: "Gary Heath"
                  RenderInline {SPAN} at (0,0) size 0x15
                    RenderInline {O:P} at (0,0) size 0x15
                RenderBlock {P} at (7,15) size 156x15
                  RenderText {#text} at (0,0) size 81x15
                    text run at (0,0) width 81: "Quinn Chuong"
                RenderBlock {P} at (7,30) size 156x15
                  RenderText {#text} at (0,0) size 63x15
                    text run at (0,0) width 63: "Dan Sievert"
                RenderBlock {P} at (7,45) size 156x15
                  RenderText {#text} at (0,0) size 84x15
                    text run at (0,0) width 84: "Alexander Wert"
                  RenderInline {SPAN} at (0,0) size 0x15
                    RenderInline {O:P} at (0,0) size 0x15
              RenderTableCell {TD} at (268,2945) size 99x60 [r=43 c=2 rs=1 cs=1]
                RenderBlock {P} at (7,0) size 85x15
                  RenderText {#text} at (34,0) size 17x15
                    text run at (34,0) width 17: "No"
                  RenderInline {SPAN} at (0,0) size 0x15
                    RenderInline {O:P} at (0,0) size 0x15
                RenderBlock {P} at (7,15) size 85x15
                  RenderText {#text} at (33,0) size 19x15
                    text run at (33,0) width 19: "Yes"
                RenderBlock {P} at (7,30) size 85x15
                  RenderText {#text} at (33,0) size 19x15
                    text run at (33,0) width 19: "Yes"
                RenderBlock {P} at (7,45) size 85x15
                  RenderText {#text} at (34,0) size 17x15
                    text run at (34,0) width 17: "No"
                  RenderInline {SPAN} at (0,0) size 0x15
                    RenderInline {O:P} at (0,0) size 0x15
              RenderTableCell {TD} at (367,2945) size 106x60 [r=43 c=3 rs=1 cs=1]
                RenderBlock {P} at (7,0) size 92x15
                  RenderText {#text} at (36,0) size 19x15
                    text run at (36,0) width 19: "Yes"
                  RenderInline {SPAN} at (0,0) size 0x15
                    RenderInline {O:P} at (0,0) size 0x15
                RenderBlock {P} at (7,15) size 92x15
                  RenderText {#text} at (36,0) size 19x15
                    text run at (36,0) width 19: "Yes"
                RenderBlock {P} at (7,30) size 92x15
                  RenderText {#text} at (37,0) size 17x15
                    text run at (37,0) width 17: "No"
                RenderBlock {P} at (7,45) size 92x15
                  RenderText {#text} at (36,0) size 19x15
                    text run at (36,0) width 19: "Yes"
                  RenderInline {SPAN} at (0,0) size 0x15
                    RenderInline {O:P} at (0,0) size 0x15
            RenderTableRow {TR} at (0,3005) size 473x48
              RenderTableCell {TD} at (0,3005) size 98x15 [r=44 c=0 rs=1 cs=1]
                RenderBlock {P} at (7,0) size 84x15
                  RenderText {#text} at (35,0) size 14x15
                    text run at (35,0) width 14: "45"
                  RenderInline {SPAN} at (0,0) size 0x15
                    RenderInline {O:P} at (0,0) size 0x15
              RenderTableCell {TD} at (98,3005) size 170x48 [r=44 c=1 rs=1 cs=1]
                RenderBlock {P} at (7,0) size 156x15
                  RenderText {#text} at (0,0) size 81x15
                    text run at (0,0) width 81: "James Holaduz"
                RenderBlock {P} at (7,15) size 156x18
                  RenderInline {FONT} at (0,0) size 65x18
                    RenderText {#text} at (0,0) size 65x18
                      text run at (0,0) width 65: "Don Coon"
                RenderBlock {P} at (7,33) size 156x15
                  RenderText {#text} at (0,0) size 83x15
                    text run at (0,0) width 83: "John Yearwood"
                  RenderInline {SPAN} at (0,0) size 0x15
                    RenderInline {O:P} at (0,0) size 0x15
              RenderTableCell {TD} at (268,3005) size 99x45 [r=44 c=2 rs=1 cs=1]
                RenderBlock {P} at (7,0) size 85x15
                  RenderText {#text} at (33,0) size 19x15
                    text run at (33,0) width 19: "Yes"
                RenderBlock {P} at (7,15) size 85x15
                  RenderText {#text} at (41,0) size 3x15
                    text run at (41,0) width 3: " "
                RenderBlock {P} at (7,30) size 85x15
                  RenderText {#text} at (33,0) size 19x15
                    text run at (33,0) width 19: "Yes"
                  RenderInline {SPAN} at (0,0) size 0x15
                    RenderInline {O:P} at (0,0) size 0x15
              RenderTableCell {TD} at (367,3005) size 106x45 [r=44 c=3 rs=1 cs=1]
                RenderBlock {P} at (7,0) size 92x15
                  RenderText {#text} at (37,0) size 17x15
                    text run at (37,0) width 17: "No"
                RenderBlock {P} at (7,15) size 92x15
                  RenderText {#text} at (44,0) size 3x15
                    text run at (44,0) width 3: " "
                RenderBlock {P} at (7,30) size 92x15
                  RenderText {#text} at (37,0) size 17x15
                    text run at (37,0) width 17: "No"
                  RenderInline {SPAN} at (0,0) size 0x15
                    RenderInline {O:P} at (0,0) size 0x15
            RenderTableRow {TR} at (0,3053) size 473x120
              RenderTableCell {TD} at (0,3053) size 98x15 [r=45 c=0 rs=1 cs=1]
                RenderBlock {P} at (7,0) size 84x15
                  RenderText {#text} at (35,0) size 14x15
                    text run at (35,0) width 14: "46"
                  RenderInline {SPAN} at (0,0) size 0x15
                    RenderInline {O:P} at (0,0) size 0x15
              RenderTableCell {TD} at (98,3053) size 170x120 [r=45 c=1 rs=1 cs=1]
                RenderBlock {P} at (7,0) size 156x15
                  RenderText {#text} at (0,0) size 50x15
                    text run at (0,0) width 50: "Zak West"
                  RenderInline {SPAN} at (0,0) size 0x15
                    RenderInline {O:P} at (0,0) size 0x15
                RenderBlock {P} at (7,15) size 156x15
                  RenderText {#text} at (0,0) size 101x15
                    text run at (0,0) width 101: "Karl Allmendinger"
                RenderBlock {P} at (7,30) size 156x15
                  RenderText {#text} at (0,0) size 84x15
                    text run at (0,0) width 84: "John Espectzde"
                RenderBlock {P} at (7,45) size 156x15
                  RenderText {#text} at (0,0) size 73x15
                    text run at (0,0) width 73: "Gene Pheiffer"
                RenderBlock {P} at (7,60) size 156x15
                  RenderText {#text} at (0,0) size 69x15
                    text run at (0,0) width 69: "Harold Todd"
                RenderBlock {P} at (7,75) size 156x15
                  RenderText {#text} at (0,0) size 86x15
                    text run at (0,0) width 86: "Gerald Cardinal"
                RenderBlock {P} at (7,90) size 156x15
                  RenderText {#text} at (0,0) size 69x15
                    text run at (0,0) width 69: "Ali Erdengiz"
                RenderBlock {P} at (7,105) size 156x15
                  RenderText {#text} at (0,0) size 85x15
                    text run at (0,0) width 85: "Jason Anderson"
                  RenderInline {SPAN} at (0,0) size 0x15
                    RenderInline {O:P} at (0,0) size 0x15
              RenderTableCell {TD} at (268,3053) size 99x120 [r=45 c=2 rs=1 cs=1]
                RenderBlock {P} at (7,0) size 85x15
                  RenderText {#text} at (33,0) size 19x15
                    text run at (33,0) width 19: "Yes"
                  RenderInline {SPAN} at (0,0) size 0x15
                    RenderInline {O:P} at (0,0) size 0x15
                RenderBlock {P} at (7,15) size 85x15
                  RenderText {#text} at (33,0) size 19x15
                    text run at (33,0) width 19: "Yes"
                RenderBlock {P} at (7,30) size 85x15
                  RenderText {#text} at (41,0) size 3x15
                    text run at (41,0) width 3: " "
                RenderBlock {P} at (7,45) size 85x15
                  RenderText {#text} at (33,0) size 19x15
                    text run at (33,0) width 19: "Yes"
                RenderBlock {P} at (7,60) size 85x15
                  RenderText {#text} at (41,0) size 3x15
                    text run at (41,0) width 3: " "
                RenderBlock {P} at (7,75) size 85x15
                  RenderText {#text} at (41,0) size 3x15
                    text run at (41,0) width 3: " "
                RenderBlock {P} at (7,90) size 85x15
                  RenderText {#text} at (41,0) size 3x15
                    text run at (41,0) width 3: " "
                RenderBlock {P} at (7,105) size 85x15
                  RenderText {#text} at (33,0) size 19x15
                    text run at (33,0) width 19: "Yes"
                  RenderInline {SPAN} at (0,0) size 0x15
                    RenderInline {O:P} at (0,0) size 0x15
              RenderTableCell {TD} at (367,3053) size 106x120 [r=45 c=3 rs=1 cs=1]
                RenderBlock {P} at (7,0) size 92x15
                  RenderText {#text} at (36,0) size 19x15
                    text run at (36,0) width 19: "Yes"
                  RenderInline {SPAN} at (0,0) size 0x15
                    RenderInline {O:P} at (0,0) size 0x15
                RenderBlock {P} at (7,15) size 92x15
                  RenderText {#text} at (37,0) size 17x15
                    text run at (37,0) width 17: "No"
                RenderBlock {P} at (7,30) size 92x15
                  RenderText {#text} at (44,0) size 3x15
                    text run at (44,0) width 3: " "
                RenderBlock {P} at (7,45) size 92x15
                  RenderText {#text} at (37,0) size 17x15
                    text run at (37,0) width 17: "No"
                RenderBlock {P} at (7,60) size 92x15
                  RenderText {#text} at (44,0) size 3x15
                    text run at (44,0) width 3: " "
                RenderBlock {P} at (7,75) size 92x15
                  RenderText {#text} at (44,0) size 3x15
                    text run at (44,0) width 3: " "
                RenderBlock {P} at (7,90) size 92x15
                  RenderText {#text} at (44,0) size 3x15
                    text run at (44,0) width 3: " "
                RenderBlock {P} at (7,105) size 92x15
                  RenderText {#text} at (37,0) size 17x15
                    text run at (37,0) width 17: "No"
                  RenderInline {SPAN} at (0,0) size 0x15
                    RenderInline {O:P} at (0,0) size 0x15
            RenderTableRow {TR} at (0,3173) size 473x168
              RenderTableCell {TD} at (0,3173) size 98x15 [r=46 c=0 rs=1 cs=1]
                RenderBlock {P} at (7,0) size 84x15
                  RenderText {#text} at (35,0) size 14x15
                    text run at (35,0) width 14: "47"
                  RenderInline {SPAN} at (0,0) size 0x15
                    RenderInline {O:P} at (0,0) size 0x15
              RenderTableCell {TD} at (98,3173) size 170x168 [r=46 c=1 rs=1 cs=1]
                RenderBlock {P} at (7,0) size 156x15
                  RenderText {#text} at (0,0) size 81x15
                    text run at (0,0) width 81: "James Holaduz"
                  RenderInline {SPAN} at (0,0) size 0x15
                    RenderInline {O:P} at (0,0) size 0x15
                RenderBlock {P} at (7,15) size 156x15
                  RenderText {#text} at (0,0) size 47x15
                    text run at (0,0) width 47: "Tony Yu"
                  RenderInline {SPAN} at (0,0) size 0x15
                    RenderInline {O:P} at (0,0) size 0x15
                RenderBlock {P} at (7,30) size 156x15
                  RenderText {#text} at (0,0) size 83x15
                    text run at (0,0) width 83: "Quang Nguyen"
                  RenderInline {SPAN} at (0,0) size 0x15
                    RenderInline {O:P} at (0,0) size 0x15
                RenderBlock {P} at (7,45) size 156x15
                  RenderText {#text} at (0,0) size 75x15
                    text run at (0,0) width 75: "Rick Klement"
                  RenderInline {SPAN} at (0,0) size 0x15
                    RenderInline {O:P} at (0,0) size 0x15
                RenderBlock {P} at (7,60) size 156x15
                  RenderText {#text} at (0,0) size 83x15
                    text run at (0,0) width 83: "Mark Glanville"
                  RenderInline {SPAN} at (0,0) size 0x15
                    RenderInline {O:P} at (0,0) size 0x15
                RenderBlock {P} at (7,75) size 156x15
                  RenderText {#text} at (0,0) size 89x15
                    text run at (0,0) width 89: "Michael Chansu"
                RenderBlock {P} at (7,90) size 156x15
                  RenderText {#text} at (0,0) size 69x15
                    text run at (0,0) width 69: "Harold Todd"
                RenderBlock {P} at (7,105) size 156x18
                  RenderInline {FONT} at (0,0) size 65x18
                    RenderText {#text} at (0,0) size 65x18
                      text run at (0,0) width 65: "Don Coon"
                RenderBlock {P} at (7,123) size 156x15
                  RenderText {#text} at (0,0) size 55x15
                    text run at (0,0) width 55: "John Paye"
                RenderBlock {P} at (7,138) size 156x15
                  RenderText {#text} at (0,0) size 66x15
                    text run at (0,0) width 66: "David Allen"
                RenderBlock {P} at (7,153) size 156x15
                  RenderText {#text} at (0,0) size 108x15
                    text run at (0,0) width 108: "Raymund Leonardo"
                  RenderInline {SPAN} at (0,0) size 0x15
                    RenderInline {O:P} at (0,0) size 0x15
              RenderTableCell {TD} at (268,3173) size 99x165 [r=46 c=2 rs=1 cs=1]
                RenderBlock {P} at (7,0) size 85x15
                  RenderText {#text} at (33,0) size 19x15
                    text run at (33,0) width 19: "Yes"
                  RenderInline {SPAN} at (0,0) size 0x15
                    RenderInline {O:P} at (0,0) size 0x15
                RenderBlock {P} at (7,15) size 85x15
                  RenderText {#text} at (33,0) size 19x15
                    text run at (33,0) width 19: "Yes"
                  RenderInline {SPAN} at (0,0) size 0x15
                    RenderInline {O:P} at (0,0) size 0x15
                RenderBlock {P} at (7,30) size 85x15
                  RenderText {#text} at (33,0) size 19x15
                    text run at (33,0) width 19: "Yes"
                  RenderInline {SPAN} at (0,0) size 0x15
                    RenderInline {O:P} at (0,0) size 0x15
                RenderBlock {P} at (7,45) size 85x15
                  RenderText {#text} at (33,0) size 19x15
                    text run at (33,0) width 19: "Yes"
                  RenderInline {SPAN} at (0,0) size 0x15
                    RenderInline {O:P} at (0,0) size 0x15
                RenderBlock {P} at (7,60) size 85x15
                  RenderText {#text} at (33,0) size 19x15
                    text run at (33,0) width 19: "Yes"
                  RenderInline {SPAN} at (0,0) size 0x15
                    RenderInline {O:P} at (0,0) size 0x15
                RenderBlock {P} at (7,75) size 85x15
                  RenderText {#text} at (33,0) size 19x15
                    text run at (33,0) width 19: "Yes"
                RenderBlock {P} at (7,90) size 85x15
                  RenderText {#text} at (41,0) size 3x15
                    text run at (41,0) width 3: " "
                RenderBlock {P} at (7,105) size 85x15
                  RenderText {#text} at (41,0) size 3x15
                    text run at (41,0) width 3: " "
                RenderBlock {P} at (7,120) size 85x15
                  RenderText {#text} at (41,0) size 3x15
                    text run at (41,0) width 3: " "
                RenderBlock {P} at (7,135) size 85x15
                  RenderText {#text} at (41,0) size 3x15
                    text run at (41,0) width 3: " "
                RenderBlock {P} at (7,150) size 85x15
                  RenderText {#text} at (34,0) size 17x15
                    text run at (34,0) width 17: "No"
                  RenderInline {SPAN} at (0,0) size 0x15
                    RenderInline {O:P} at (0,0) size 0x15
              RenderTableCell {TD} at (367,3173) size 106x165 [r=46 c=3 rs=1 cs=1]
                RenderBlock {P} at (7,0) size 92x15
                  RenderText {#text} at (37,0) size 17x15
                    text run at (37,0) width 17: "No"
                  RenderInline {SPAN} at (0,0) size 0x15
                    RenderInline {O:P} at (0,0) size 0x15
                RenderBlock {P} at (7,15) size 92x15
                  RenderText {#text} at (37,0) size 17x15
                    text run at (37,0) width 17: "No"
                  RenderInline {SPAN} at (0,0) size 0x15
                    RenderInline {O:P} at (0,0) size 0x15
                RenderBlock {P} at (7,30) size 92x15
                  RenderText {#text} at (37,0) size 17x15
                    text run at (37,0) width 17: "No"
                  RenderInline {SPAN} at (0,0) size 0x15
                    RenderInline {O:P} at (0,0) size 0x15
                RenderBlock {P} at (7,45) size 92x15
                  RenderText {#text} at (36,0) size 19x15
                    text run at (36,0) width 19: "Yes"
                  RenderInline {SPAN} at (0,0) size 0x15
                    RenderInline {O:P} at (0,0) size 0x15
                RenderBlock {P} at (7,60) size 92x15
                  RenderText {#text} at (37,0) size 17x15
                    text run at (37,0) width 17: "No"
                  RenderInline {SPAN} at (0,0) size 0x15
                    RenderInline {O:P} at (0,0) size 0x15
                RenderBlock {P} at (7,75) size 92x15
                  RenderText {#text} at (37,0) size 17x15
                    text run at (37,0) width 17: "No"
                RenderBlock {P} at (7,90) size 92x15
                  RenderText {#text} at (44,0) size 3x15
                    text run at (44,0) width 3: " "
                RenderBlock {P} at (7,105) size 92x15
                  RenderText {#text} at (44,0) size 3x15
                    text run at (44,0) width 3: " "
                RenderBlock {P} at (7,120) size 92x15
                  RenderText {#text} at (44,0) size 3x15
                    text run at (44,0) width 3: " "
                RenderBlock {P} at (7,135) size 92x15
                  RenderText {#text} at (44,0) size 3x15
                    text run at (44,0) width 3: " "
                RenderBlock {P} at (7,150) size 92x15
                  RenderText {#text} at (36,0) size 19x15
                    text run at (36,0) width 19: "Yes"
                  RenderInline {SPAN} at (0,0) size 0x15
                    RenderInline {O:P} at (0,0) size 0x15
            RenderTableRow {TR} at (0,3341) size 473x135
              RenderTableCell {TD} at (0,3341) size 98x15 [r=47 c=0 rs=1 cs=1]
                RenderBlock {P} at (7,0) size 84x15
                  RenderText {#text} at (35,0) size 14x15
                    text run at (35,0) width 14: "48"
                  RenderInline {SPAN} at (0,0) size 0x15
                    RenderInline {O:P} at (0,0) size 0x15
              RenderTableCell {TD} at (98,3341) size 170x135 [r=47 c=1 rs=1 cs=1]
                RenderBlock {P} at (7,0) size 156x15
                  RenderText {#text} at (0,0) size 83x15
                    text run at (0,0) width 83: "Mark Glanville"
                  RenderInline {SPAN} at (0,0) size 0x15
                    RenderInline {O:P} at (0,0) size 0x15
                RenderBlock {P} at (7,15) size 156x15
                  RenderText {#text} at (0,0) size 92x15
                    text run at (0,0) width 92: "Ian + Brad Carter"
                RenderBlock {P} at (7,30) size 156x15
                  RenderText {#text} at (0,0) size 82x15
                    text run at (0,0) width 82: "Stefan Kiritzov"
                RenderBlock {P} at (7,45) size 156x15
                  RenderText {#text} at (0,0) size 58x15
                    text run at (0,0) width 58: "Joe Araujo"
                RenderBlock {P} at (7,60) size 156x15
                  RenderText {#text} at (0,0) size 69x15
                    text run at (0,0) width 69: "Harold Todd"
                RenderBlock {P} at (7,75) size 156x15
                  RenderText {#text} at (0,0) size 71x15
                    text run at (0,0) width 71: "Steve Gilbert"
                RenderBlock {P} at (7,90) size 156x15
                  RenderText {#text} at (0,0) size 55x15
                    text run at (0,0) width 55: "Mark Diel"
                RenderBlock {P} at (7,105) size 156x15
                  RenderText {#text} at (0,0) size 89x15
                    text run at (0,0) width 89: "Jack Goodfriend"
                RenderBlock {P} at (7,120) size 156x15
                  RenderText {#text} at (0,0) size 93x15
                    text run at (0,0) width 93: "Ruenjoe (Joe) Lu"
                  RenderInline {SPAN} at (0,0) size 0x15
                    RenderInline {O:P} at (0,0) size 0x15
              RenderTableCell {TD} at (268,3341) size 99x90 [r=47 c=2 rs=1 cs=1]
                RenderBlock {P} at (7,0) size 85x15
                  RenderText {#text} at (33,0) size 19x15
                    text run at (33,0) width 19: "Yes"
                  RenderInline {SPAN} at (0,0) size 0x15
                    RenderInline {O:P} at (0,0) size 0x15
                RenderBlock {P} at (7,15) size 85x15
                  RenderText {#text} at (33,0) size 19x15
                    text run at (33,0) width 19: "Yes"
                RenderBlock {P} at (7,30) size 85x15
                  RenderText {#text} at (33,0) size 19x15
                    text run at (33,0) width 19: "Yes"
                RenderBlock {P} at (7,45) size 85x15
                  RenderText {#text} at (41,0) size 3x15
                    text run at (41,0) width 3: " "
                RenderBlock {P} at (7,60) size 85x15
                  RenderText {#text} at (41,0) size 3x15
                    text run at (41,0) width 3: " "
                RenderBlock {P} at (7,75) size 85x15
                  RenderText {#text} at (33,0) size 19x15
                    text run at (33,0) width 19: "Yes"
                  RenderInline {SPAN} at (0,0) size 0x15
                    RenderInline {O:P} at (0,0) size 0x15
              RenderTableCell {TD} at (367,3341) size 106x90 [r=47 c=3 rs=1 cs=1]
                RenderBlock {P} at (7,0) size 92x15
                  RenderText {#text} at (37,0) size 17x15
                    text run at (37,0) width 17: "No"
                  RenderInline {SPAN} at (0,0) size 0x15
                    RenderInline {O:P} at (0,0) size 0x15
                RenderBlock {P} at (7,15) size 92x15
                  RenderText {#text} at (37,0) size 17x15
                    text run at (37,0) width 17: "No"
                RenderBlock {P} at (7,30) size 92x15
                  RenderText {#text} at (36,0) size 19x15
                    text run at (36,0) width 19: "Yes"
                RenderBlock {P} at (7,45) size 92x15
                  RenderText {#text} at (44,0) size 3x15
                    text run at (44,0) width 3: " "
                RenderBlock {P} at (7,60) size 92x15
                  RenderText {#text} at (44,0) size 3x15
                    text run at (44,0) width 3: " "
                RenderBlock {P} at (7,75) size 92x15
                  RenderText {#text} at (37,0) size 17x15
                    text run at (37,0) width 17: "No"
                  RenderInline {SPAN} at (0,0) size 0x15
                    RenderInline {O:P} at (0,0) size 0x15
            RenderTableRow {TR} at (0,3476) size 473x60
              RenderTableCell {TD} at (0,3476) size 98x15 [r=48 c=0 rs=1 cs=1]
                RenderBlock {P} at (7,0) size 84x15
                  RenderText {#text} at (35,0) size 14x15
                    text run at (35,0) width 14: "49"
                  RenderInline {SPAN} at (0,0) size 0x15
                    RenderInline {O:P} at (0,0) size 0x15
              RenderTableCell {TD} at (98,3476) size 170x60 [r=48 c=1 rs=1 cs=1]
                RenderBlock {P} at (7,0) size 156x15
                  RenderText {#text} at (0,0) size 69x15
                    text run at (0,0) width 69: "Ali Erdengiz"
                RenderBlock {P} at (7,15) size 156x15
                  RenderText {#text} at (0,0) size 66x15
                    text run at (0,0) width 66: "David Allen"
                RenderBlock {P} at (7,30) size 156x15
                  RenderInline {SPAN} at (0,0) size 75x15
                    RenderInline {O:P} at (0,0) size 0x0
                    RenderText {#text} at (0,0) size 75x15
                      text run at (0,0) width 75: "Narayen Raju"
                RenderBlock {P} at (7,45) size 156x15
                  RenderInline {SPAN} at (0,0) size 85x15
                    RenderText {#text} at (0,0) size 85x15
                      text run at (0,0) width 33: "Jason "
                      text run at (33,0) width 52: "Anderson"
              RenderTableCell {TD} at (268,3476) size 99x60 [r=48 c=2 rs=1 cs=1]
                RenderBlock {P} at (7,0) size 85x15
                  RenderText {#text} at (41,0) size 3x15
                    text run at (41,0) width 3: " "
                RenderBlock {P} at (7,15) size 85x15
                  RenderText {#text} at (41,0) size 3x15
                    text run at (41,0) width 3: " "
                RenderBlock {P} at (7,30) size 85x15
                  RenderText {#text} at (41,0) size 3x15
                    text run at (41,0) width 3: " "
                RenderBlock {P} at (7,45) size 85x15
                  RenderText {#text} at (33,0) size 19x15
                    text run at (33,0) width 19: "Yes"
                  RenderInline {SPAN} at (0,0) size 0x15
                    RenderInline {O:P} at (0,0) size 0x15
              RenderTableCell {TD} at (367,3476) size 106x60 [r=48 c=3 rs=1 cs=1]
                RenderBlock {P} at (7,0) size 92x15
                  RenderText {#text} at (44,0) size 3x15
                    text run at (44,0) width 3: " "
                RenderBlock {P} at (7,15) size 92x15
                  RenderText {#text} at (44,0) size 3x15
                    text run at (44,0) width 3: " "
                RenderBlock {P} at (7,30) size 92x15
                  RenderText {#text} at (44,0) size 3x15
                    text run at (44,0) width 3: " "
                RenderBlock {P} at (7,45) size 92x15
                  RenderText {#text} at (37,0) size 17x15
                    text run at (37,0) width 17: "No"
                  RenderInline {SPAN} at (0,0) size 0x15
                    RenderInline {O:P} at (0,0) size 0x15
            RenderTableRow {TR} at (0,3536) size 473x135
              RenderTableCell {TD} at (0,3536) size 98x15 [r=49 c=0 rs=1 cs=1]
                RenderBlock {P} at (7,0) size 84x15
                  RenderText {#text} at (35,0) size 14x15
                    text run at (35,0) width 14: "50"
                  RenderInline {SPAN} at (0,0) size 0x15
                    RenderInline {O:P} at (0,0) size 0x15
              RenderTableCell {TD} at (98,3536) size 170x135 [r=49 c=1 rs=1 cs=1]
                RenderBlock {P} at (7,0) size 156x15
                  RenderText {#text} at (0,0) size 50x15
                    text run at (0,0) width 50: "Zak West"
                  RenderInline {SPAN} at (0,0) size 0x15
                    RenderInline {O:P} at (0,0) size 0x15
                RenderBlock {P} at (7,15) size 156x15
                  RenderText {#text} at (0,0) size 75x15
                    text run at (0,0) width 75: "Rick Klement"
                  RenderInline {SPAN} at (0,0) size 0x15
                    RenderInline {O:P} at (0,0) size 0x15
                RenderBlock {P} at (7,30) size 156x15
                  RenderText {#text} at (0,0) size 58x15
                    text run at (0,0) width 58: "Jim Bernal"
                RenderBlock {P} at (7,45) size 156x15
                  RenderText {#text} at (0,0) size 89x15
                    text run at (0,0) width 89: "Alan Littlewood"
                RenderBlock {P} at (7,60) size 156x15
                  RenderText {#text} at (0,0) size 60x15
                    text run at (0,0) width 60: "Jerry Davis"
                RenderBlock {P} at (7,75) size 156x15
                  RenderText {#text} at (0,0) size 84x15
                    text run at (0,0) width 84: "Lauren Bussard"
                RenderBlock {P} at (7,90) size 156x15
                  RenderText {#text} at (0,0) size 83x15
                    text run at (0,0) width 83: "John Yearwood"
                RenderBlock {P} at (7,105) size 156x15
                  RenderText {#text} at (0,0) size 75x15
                    text run at (0,0) width 75: "Narayan Raju"
                RenderBlock {P} at (7,120) size 156x15
                  RenderText {#text} at (0,0) size 67x15
                    text run at (0,0) width 67: "Ken Manuel"
                  RenderInline {SPAN} at (0,0) size 0x15
                    RenderInline {O:P} at (0,0) size 0x15
              RenderTableCell {TD} at (268,3536) size 99x105 [r=49 c=2 rs=1 cs=1]
                RenderBlock {P} at (7,0) size 85x15
                  RenderText {#text} at (33,0) size 19x15
                    text run at (33,0) width 19: "Yes"
                  RenderInline {SPAN} at (0,0) size 0x15
                    RenderInline {O:P} at (0,0) size 0x15
                RenderBlock {P} at (7,15) size 85x15
                  RenderText {#text} at (33,0) size 19x15
                    text run at (33,0) width 19: "Yes"
                  RenderInline {SPAN} at (0,0) size 0x15
                    RenderInline {O:P} at (0,0) size 0x15
                RenderBlock {P} at (7,30) size 85x15
                  RenderText {#text} at (33,0) size 19x15
                    text run at (33,0) width 19: "Yes"
                RenderBlock {P} at (7,45) size 85x15
                  RenderText {#text} at (33,0) size 19x15
                    text run at (33,0) width 19: "Yes"
                RenderBlock {P} at (7,60) size 85x15
                  RenderText {#text} at (33,0) size 19x15
                    text run at (33,0) width 19: "Yes"
                RenderBlock {P} at (7,75) size 85x15
                  RenderText {#text} at (41,0) size 3x15
                    text run at (41,0) width 3: " "
                RenderBlock {P} at (7,90) size 85x15
                  RenderText {#text} at (33,0) size 19x15
                    text run at (33,0) width 19: "Yes"
                  RenderInline {SPAN} at (0,0) size 0x15
                    RenderInline {O:P} at (0,0) size 0x15
              RenderTableCell {TD} at (367,3536) size 106x105 [r=49 c=3 rs=1 cs=1]
                RenderBlock {P} at (7,0) size 92x15
                  RenderText {#text} at (36,0) size 19x15
                    text run at (36,0) width 19: "Yes"
                  RenderInline {SPAN} at (0,0) size 0x15
                    RenderInline {O:P} at (0,0) size 0x15
                RenderBlock {P} at (7,15) size 92x15
                  RenderText {#text} at (36,0) size 19x15
                    text run at (36,0) width 19: "Yes"
                  RenderInline {SPAN} at (0,0) size 0x15
                    RenderInline {O:P} at (0,0) size 0x15
                RenderBlock {P} at (7,30) size 92x15
                  RenderText {#text} at (37,0) size 17x15
                    text run at (37,0) width 17: "No"
                RenderBlock {P} at (7,45) size 92x15
                  RenderText {#text} at (37,0) size 17x15
                    text run at (37,0) width 17: "No"
                RenderBlock {P} at (7,60) size 92x15
                  RenderText {#text} at (36,0) size 19x15
                    text run at (36,0) width 19: "Yes"
                RenderBlock {P} at (7,75) size 92x15
                  RenderText {#text} at (44,0) size 3x15
                    text run at (44,0) width 3: " "
                RenderBlock {P} at (7,90) size 92x15
                  RenderText {#text} at (37,0) size 17x15
                    text run at (37,0) width 17: "No"
                  RenderInline {SPAN} at (0,0) size 0x15
                    RenderInline {O:P} at (0,0) size 0x15
            RenderTableRow {TR} at (0,3671) size 473x45
              RenderTableCell {TD} at (0,3671) size 98x15 [r=50 c=0 rs=1 cs=1]
                RenderBlock {P} at (7,0) size 84x15
                  RenderText {#text} at (35,0) size 14x15
                    text run at (35,0) width 14: "51"
                  RenderInline {SPAN} at (0,0) size 0x15
                    RenderInline {O:P} at (0,0) size 0x15
              RenderTableCell {TD} at (98,3671) size 170x45 [r=50 c=1 rs=1 cs=1]
                RenderBlock {P} at (7,0) size 156x15
                  RenderText {#text} at (0,0) size 80x15
                    text run at (0,0) width 80: "Robert Barnett"
                RenderBlock {P} at (7,15) size 156x15
                  RenderText {#text} at (0,0) size 74x15
                    text run at (0,0) width 74: "Jim Mahoney"
                RenderBlock {P} at (7,30) size 156x15
                  RenderText {#text} at (0,0) size 85x15
                    text run at (0,0) width 85: "Jason Anderson"
                  RenderInline {SPAN} at (0,0) size 0x15
                    RenderInline {O:P} at (0,0) size 0x15
              RenderTableCell {TD} at (268,3671) size 99x45 [r=50 c=2 rs=1 cs=1]
                RenderBlock {P} at (7,0) size 85x15
                  RenderText {#text} at (33,0) size 19x15
                    text run at (33,0) width 19: "Yes"
                RenderBlock {P} at (7,15) size 85x15
                  RenderText {#text} at (33,0) size 19x15
                    text run at (33,0) width 19: "Yes"
                RenderBlock {P} at (7,30) size 85x15
                  RenderText {#text} at (33,0) size 19x15
                    text run at (33,0) width 19: "Yes"
                  RenderInline {SPAN} at (0,0) size 0x15
                    RenderInline {O:P} at (0,0) size 0x15
              RenderTableCell {TD} at (367,3671) size 106x45 [r=50 c=3 rs=1 cs=1]
                RenderBlock {P} at (7,0) size 92x15
                  RenderInline {SPAN} at (0,0) size 17x15
                    RenderText {#text} at (37,0) size 17x15
                      text run at (37,0) width 17: "No"
                    RenderInline {O:P} at (0,0) size 0x15
                RenderBlock {P} at (7,15) size 92x15
                  RenderInline {SPAN} at (0,0) size 19x15
                    RenderText {#text} at (36,0) size 19x15
                      text run at (36,0) width 19: "Yes"
                RenderBlock {P} at (7,30) size 92x15
                  RenderInline {SPAN} at (0,0) size 17x15
                    RenderText {#text} at (37,0) size 17x15
                      text run at (37,0) width 17: "No"
                  RenderInline {SPAN} at (0,0) size 0x15
                    RenderInline {O:P} at (0,0) size 0x15
            RenderTableRow {TR} at (0,3716) size 473x75
              RenderTableCell {TD} at (0,3716) size 98x15 [r=51 c=0 rs=1 cs=1]
                RenderBlock {P} at (7,0) size 84x15
                  RenderText {#text} at (35,0) size 14x15
                    text run at (35,0) width 14: "52"
                  RenderInline {SPAN} at (0,0) size 0x15
                    RenderInline {O:P} at (0,0) size 0x15
              RenderTableCell {TD} at (98,3716) size 170x75 [r=51 c=1 rs=1 cs=1]
                RenderBlock {P} at (7,0) size 156x15
                  RenderText {#text} at (0,0) size 58x15
                    text run at (0,0) width 58: "Mike West"
                  RenderInline {SPAN} at (0,0) size 0x15
                    RenderInline {O:P} at (0,0) size 0x15
                RenderBlock {P} at (7,15) size 156x15
                  RenderText {#text} at (0,0) size 82x15
                    text run at (0,0) width 82: "Robert Frogner"
                RenderBlock {P} at (7,30) size 156x15
                  RenderText {#text} at (0,0) size 89x15
                    text run at (0,0) width 89: "Chris McDowell"
                RenderBlock {P} at (7,45) size 156x15
                  RenderText {#text} at (0,0) size 55x15
                    text run at (0,0) width 55: "Ed Cypret"
                RenderBlock {P} at (7,60) size 156x15
                  RenderText {#text} at (0,0) size 68x15
                    text run at (0,0) width 68: "Dale Barnett"
                  RenderInline {SPAN} at (0,0) size 0x15
                    RenderInline {O:P} at (0,0) size 0x15
              RenderTableCell {TD} at (268,3716) size 99x75 [r=51 c=2 rs=1 cs=1]
                RenderBlock {P} at (7,0) size 85x15
                  RenderText {#text} at (33,0) size 19x15
                    text run at (33,0) width 19: "Yes"
                  RenderInline {SPAN} at (0,0) size 0x15
                    RenderInline {O:P} at (0,0) size 0x15
                RenderBlock {P} at (7,15) size 85x15
                  RenderText {#text} at (33,0) size 19x15
                    text run at (33,0) width 19: "Yes"
                RenderBlock {P} at (7,30) size 85x15
                  RenderText {#text} at (33,0) size 19x15
                    text run at (33,0) width 19: "Yes"
                RenderBlock {P} at (7,45) size 85x15
                  RenderText {#text} at (41,0) size 3x15
                    text run at (41,0) width 3: " "
                RenderBlock {P} at (7,60) size 85x15
                  RenderText {#text} at (33,0) size 19x15
                    text run at (33,0) width 19: "Yes"
                  RenderInline {SPAN} at (0,0) size 0x15
                    RenderInline {O:P} at (0,0) size 0x15
              RenderTableCell {TD} at (367,3716) size 106x75 [r=51 c=3 rs=1 cs=1]
                RenderBlock {P} at (7,0) size 92x15
                  RenderText {#text} at (36,0) size 19x15
                    text run at (36,0) width 19: "Yes"
                  RenderInline {SPAN} at (0,0) size 0x15
                    RenderInline {O:P} at (0,0) size 0x15
                RenderBlock {P} at (7,15) size 92x15
                  RenderText {#text} at (37,0) size 17x15
                    text run at (37,0) width 17: "No"
                RenderBlock {P} at (7,30) size 92x15
                  RenderText {#text} at (37,0) size 17x15
                    text run at (37,0) width 17: "No"
                RenderBlock {P} at (7,45) size 92x15
                  RenderText {#text} at (44,0) size 3x15
                    text run at (44,0) width 3: " "
                RenderBlock {P} at (7,60) size 92x15
                  RenderText {#text} at (37,0) size 17x15
                    text run at (37,0) width 17: "No"
                  RenderInline {SPAN} at (0,0) size 0x15
                    RenderInline {O:P} at (0,0) size 0x15
            RenderTableRow {TR} at (0,3791) size 473x75
              RenderTableCell {TD} at (0,3791) size 98x15 [r=52 c=0 rs=1 cs=1]
                RenderBlock {P} at (7,0) size 84x15
                  RenderText {#text} at (35,0) size 14x15
                    text run at (35,0) width 14: "53"
                  RenderInline {SPAN} at (0,0) size 0x15
                    RenderInline {O:P} at (0,0) size 0x15
              RenderTableCell {TD} at (98,3791) size 170x75 [r=52 c=1 rs=1 cs=1]
                RenderBlock {P} at (7,0) size 156x15
                  RenderText {#text} at (0,0) size 82x15
                    text run at (0,0) width 82: "Alberto Lanzas"
                  RenderInline {SPAN} at (0,0) size 0x15
                    RenderInline {O:P} at (0,0) size 0x15
                RenderBlock {P} at (7,15) size 156x15
                  RenderText {#text} at (0,0) size 69x15
                    text run at (0,0) width 69: "Bill Johnson"
                RenderBlock {P} at (7,30) size 156x15
                  RenderText {#text} at (0,0) size 41x15
                    text run at (0,0) width 41: "Al Wert"
                RenderBlock {P} at (7,45) size 156x15
                  RenderText {#text} at (0,0) size 68x15
                    text run at (0,0) width 68: "Dale Barnett"
                RenderBlock {P} at (7,60) size 156x15
                  RenderText {#text} at (0,0) size 103x15
                    text run at (0,0) width 103: "Ramin Khoshnevis"
                  RenderInline {SPAN} at (0,0) size 0x15
                    RenderInline {O:P} at (0,0) size 0x15
              RenderTableCell {TD} at (268,3791) size 99x75 [r=52 c=2 rs=1 cs=1]
                RenderBlock {P} at (7,0) size 85x15
                  RenderText {#text} at (33,0) size 19x15
                    text run at (33,0) width 19: "Yes"
                  RenderInline {SPAN} at (0,0) size 0x15
                    RenderInline {O:P} at (0,0) size 0x15
                RenderBlock {P} at (7,15) size 85x15
                  RenderText {#text} at (33,0) size 19x15
                    text run at (33,0) width 19: "Yes"
                RenderBlock {P} at (7,30) size 85x15
                  RenderText {#text} at (34,0) size 17x15
                    text run at (34,0) width 17: "No"
                RenderBlock {P} at (7,45) size 85x15
                  RenderText {#text} at (33,0) size 19x15
                    text run at (33,0) width 19: "Yes"
                RenderBlock {P} at (7,60) size 85x15
                  RenderText {#text} at (33,0) size 19x15
                    text run at (33,0) width 19: "Yes"
                  RenderInline {SPAN} at (0,0) size 0x15
                    RenderInline {O:P} at (0,0) size 0x15
              RenderTableCell {TD} at (367,3791) size 106x75 [r=52 c=3 rs=1 cs=1]
                RenderBlock {P} at (7,0) size 92x15
                  RenderText {#text} at (36,0) size 19x15
                    text run at (36,0) width 19: "Yes"
                  RenderInline {SPAN} at (0,0) size 0x15
                    RenderInline {O:P} at (0,0) size 0x15
                RenderBlock {P} at (7,15) size 92x15
                  RenderText {#text} at (37,0) size 17x15
                    text run at (37,0) width 17: "No"
                RenderBlock {P} at (7,30) size 92x15
                  RenderText {#text} at (36,0) size 19x15
                    text run at (36,0) width 19: "Yes"
                RenderBlock {P} at (7,45) size 92x15
                  RenderText {#text} at (37,0) size 17x15
                    text run at (37,0) width 17: "No"
                RenderBlock {P} at (7,60) size 92x15
                  RenderText {#text} at (37,0) size 17x15
                    text run at (37,0) width 17: "No"
                  RenderInline {SPAN} at (0,0) size 0x15
                    RenderInline {O:P} at (0,0) size 0x15
            RenderTableRow {TR} at (0,3866) size 473x105
              RenderTableCell {TD} at (0,3866) size 98x15 [r=53 c=0 rs=1 cs=1]
                RenderBlock {P} at (7,0) size 84x15
                  RenderText {#text} at (35,0) size 14x15
                    text run at (35,0) width 14: "54"
                  RenderInline {SPAN} at (0,0) size 0x15
                    RenderInline {O:P} at (0,0) size 0x15
              RenderTableCell {TD} at (98,3866) size 170x105 [r=53 c=1 rs=1 cs=1]
                RenderBlock {P} at (7,0) size 156x15
                  RenderText {#text} at (0,0) size 76x15
                    text run at (0,0) width 76: "Gene Langley"
                RenderBlock {P} at (7,15) size 156x15
                  RenderText {#text} at (0,0) size 69x15
                    text run at (0,0) width 69: "Bill Johnson"
                RenderBlock {P} at (7,30) size 156x15
                  RenderText {#text} at (0,0) size 55x15
                    text run at (0,0) width 55: "Mark Diel"
                RenderBlock {P} at (7,45) size 156x15
                  RenderText {#text} at (0,0) size 60x15
                    text run at (0,0) width 60: "Jerry Davis"
                RenderBlock {P} at (7,60) size 156x15
                  RenderText {#text} at (0,0) size 55x15
                    text run at (0,0) width 55: "Peter Starr"
                RenderBlock {P} at (7,75) size 156x15
                  RenderText {#text} at (0,0) size 83x15
                    text run at (0,0) width 83: "John Yearwood"
                RenderBlock {P} at (7,90) size 156x15
                  RenderText {#text} at (0,0) size 62x15
                    text run at (0,0) width 62: "Scott Hersh"
                  RenderInline {SPAN} at (0,0) size 0x15
                    RenderInline {O:P} at (0,0) size 0x15
              RenderTableCell {TD} at (268,3866) size 99x105 [r=53 c=2 rs=1 cs=1]
                RenderBlock {P} at (7,0) size 85x15
                  RenderText {#text} at (33,0) size 19x15
                    text run at (33,0) width 19: "Yes"
                RenderBlock {P} at (7,15) size 85x15
                  RenderText {#text} at (33,0) size 19x15
                    text run at (33,0) width 19: "Yes"
                RenderBlock {P} at (7,30) size 85x15
                  RenderText {#text} at (41,0) size 3x15
                    text run at (41,0) width 3: " "
                RenderBlock {P} at (7,45) size 85x15
                  RenderText {#text} at (33,0) size 19x15
                    text run at (33,0) width 19: "Yes"
                RenderBlock {P} at (7,60) size 85x15
                  RenderText {#text} at (41,0) size 3x15
                    text run at (41,0) width 3: " "
                RenderBlock {P} at (7,75) size 85x15
                  RenderText {#text} at (33,0) size 19x15
                    text run at (33,0) width 19: "Yes"
                RenderBlock {P} at (7,90) size 85x15
                  RenderText {#text} at (33,0) size 19x15
                    text run at (33,0) width 19: "Yes"
                  RenderInline {SPAN} at (0,0) size 0x15
                    RenderInline {O:P} at (0,0) size 0x15
              RenderTableCell {TD} at (367,3866) size 106x105 [r=53 c=3 rs=1 cs=1]
                RenderBlock {P} at (7,0) size 92x15
                  RenderText {#text} at (7,0) size 78x15
                    text run at (7,0) width 78: "Gyro wannabe"
                RenderBlock {P} at (7,15) size 92x15
                  RenderText {#text} at (37,0) size 17x15
                    text run at (37,0) width 17: "No"
                RenderBlock {P} at (7,30) size 92x15
                  RenderText {#text} at (44,0) size 3x15
                    text run at (44,0) width 3: " "
                RenderBlock {P} at (7,45) size 92x15
                  RenderText {#text} at (37,0) size 17x15
                    text run at (37,0) width 17: "No"
                RenderBlock {P} at (7,60) size 92x15
                  RenderText {#text} at (44,0) size 3x15
                    text run at (44,0) width 3: " "
                RenderBlock {P} at (7,75) size 92x15
                  RenderText {#text} at (37,0) size 17x15
                    text run at (37,0) width 17: "No"
                RenderBlock {P} at (7,90) size 92x15
                  RenderText {#text} at (37,0) size 17x15
                    text run at (37,0) width 17: "No"
                  RenderInline {SPAN} at (0,0) size 0x15
                    RenderInline {O:P} at (0,0) size 0x15
            RenderTableRow {TR} at (0,3971) size 473x45
              RenderTableCell {TD} at (0,3971) size 98x15 [r=54 c=0 rs=1 cs=1]
                RenderBlock {P} at (7,0) size 84x15
                  RenderText {#text} at (35,0) size 14x15
                    text run at (35,0) width 14: "55"
                  RenderInline {SPAN} at (0,0) size 0x15
                    RenderInline {O:P} at (0,0) size 0x15
              RenderTableCell {TD} at (98,3971) size 170x45 [r=54 c=1 rs=1 cs=1]
                RenderBlock {P} at (7,0) size 156x15
                  RenderText {#text} at (0,0) size 82x15
                    text run at (0,0) width 82: "Alberto Lanzas"
                  RenderInline {SPAN} at (0,0) size 0x15
                    RenderInline {O:P} at (0,0) size 0x15
                RenderBlock {P} at (7,15) size 156x15
                  RenderText {#text} at (0,0) size 59x15
                    text run at (0,0) width 59: "Bob Roger"
                RenderBlock {P} at (7,30) size 156x15
                  RenderText {#text} at (0,0) size 77x15
                    text run at (0,0) width 77: "Randy StClair"
                  RenderInline {SPAN} at (0,0) size 0x15
                    RenderInline {O:P} at (0,0) size 0x15
              RenderTableCell {TD} at (268,3971) size 99x45 [r=54 c=2 rs=1 cs=1]
                RenderBlock {P} at (7,0) size 85x15
                  RenderText {#text} at (33,0) size 19x15
                    text run at (33,0) width 19: "Yes"
                  RenderInline {SPAN} at (0,0) size 0x15
                    RenderInline {O:P} at (0,0) size 0x15
                RenderBlock {P} at (7,15) size 85x15
                  RenderText {#text} at (33,0) size 19x15
                    text run at (33,0) width 19: "Yes"
                RenderBlock {P} at (7,30) size 85x15
                  RenderText {#text} at (33,0) size 19x15
                    text run at (33,0) width 19: "Yes"
                  RenderInline {SPAN} at (0,0) size 0x15
                    RenderInline {O:P} at (0,0) size 0x15
              RenderTableCell {TD} at (367,3971) size 106x45 [r=54 c=3 rs=1 cs=1]
                RenderBlock {P} at (7,0) size 92x15
                  RenderText {#text} at (36,0) size 19x15
                    text run at (36,0) width 19: "Yes"
                  RenderInline {SPAN} at (0,0) size 0x15
                    RenderInline {O:P} at (0,0) size 0x15
                RenderBlock {P} at (7,15) size 92x15
                  RenderText {#text} at (37,0) size 17x15
                    text run at (37,0) width 17: "No"
                RenderBlock {P} at (7,30) size 92x15
                  RenderText {#text} at (37,0) size 17x15
                    text run at (37,0) width 17: "No"
                  RenderInline {SPAN} at (0,0) size 0x15
                    RenderInline {O:P} at (0,0) size 0x15
            RenderTableRow {TR} at (0,4016) size 473x75
              RenderTableCell {TD} at (0,4016) size 98x15 [r=55 c=0 rs=1 cs=1]
                RenderBlock {P} at (7,0) size 84x15
                  RenderText {#text} at (35,0) size 14x15
                    text run at (35,0) width 14: "56"
                  RenderInline {SPAN} at (0,0) size 0x15
                    RenderInline {O:P} at (0,0) size 0x15
              RenderTableCell {TD} at (98,4016) size 170x75 [r=55 c=1 rs=1 cs=1]
                RenderBlock {P} at (7,0) size 156x15
                  RenderText {#text} at (0,0) size 83x15
                    text run at (0,0) width 83: "Mark Glanville"
                RenderBlock {P} at (7,15) size 156x15
                  RenderText {#text} at (0,0) size 71x15
                    text run at (0,0) width 71: "Steve Gilbert"
                RenderBlock {P} at (7,30) size 156x15
                  RenderText {#text} at (0,0) size 60x15
                    text run at (0,0) width 60: "Jerry Davis"
                RenderBlock {P} at (7,45) size 156x15
                  RenderText {#text} at (0,0) size 66x15
                    text run at (0,0) width 66: "Rich Saunef"
                RenderBlock {P} at (7,60) size 156x15
                  RenderText {#text} at (0,0) size 70x15
                    text run at (0,0) width 70: "Harald Close"
                  RenderInline {SPAN} at (0,0) size 0x15
                    RenderInline {O:P} at (0,0) size 0x15
              RenderTableCell {TD} at (268,4016) size 99x75 [r=55 c=2 rs=1 cs=1]
                RenderBlock {P} at (7,0) size 85x15
                  RenderText {#text} at (33,0) size 19x15
                    text run at (33,0) width 19: "Yes"
                RenderBlock {P} at (7,15) size 85x15
                  RenderText {#text} at (33,0) size 19x15
                    text run at (33,0) width 19: "Yes"
                RenderBlock {P} at (7,30) size 85x15
                  RenderText {#text} at (33,0) size 19x15
                    text run at (33,0) width 19: "Yes"
                RenderBlock {P} at (7,45) size 85x15
                  RenderText {#text} at (33,0) size 19x15
                    text run at (33,0) width 19: "Yes"
                RenderBlock {P} at (7,60) size 85x15
                  RenderText {#text} at (33,0) size 19x15
                    text run at (33,0) width 19: "Yes"
                  RenderInline {SPAN} at (0,0) size 0x15
                    RenderInline {O:P} at (0,0) size 0x15
              RenderTableCell {TD} at (367,4016) size 106x75 [r=55 c=3 rs=1 cs=1]
                RenderBlock {P} at (7,0) size 92x15
                  RenderText {#text} at (37,0) size 17x15
                    text run at (37,0) width 17: "No"
                RenderBlock {P} at (7,15) size 92x15
                  RenderText {#text} at (37,0) size 17x15
                    text run at (37,0) width 17: "No"
                RenderBlock {P} at (7,30) size 92x15
                  RenderText {#text} at (37,0) size 17x15
                    text run at (37,0) width 17: "No"
                RenderBlock {P} at (7,45) size 92x15
                  RenderText {#text} at (37,0) size 17x15
                    text run at (37,0) width 17: "No"
                RenderBlock {P} at (7,60) size 92x15
                  RenderText {#text} at (37,0) size 17x15
                    text run at (37,0) width 17: "No"
                  RenderInline {SPAN} at (0,0) size 0x15
                    RenderInline {O:P} at (0,0) size 0x15
            RenderTableRow {TR} at (0,4091) size 473x45
              RenderTableCell {TD} at (0,4091) size 98x15 [r=56 c=0 rs=1 cs=1]
                RenderBlock {P} at (7,0) size 84x15
                  RenderText {#text} at (35,0) size 14x15
                    text run at (35,0) width 14: "57"
                  RenderInline {SPAN} at (0,0) size 0x15
                    RenderInline {O:P} at (0,0) size 0x15
              RenderTableCell {TD} at (98,4091) size 170x45 [r=56 c=1 rs=1 cs=1]
                RenderBlock {P} at (7,0) size 156x15
                  RenderText {#text} at (0,0) size 59x15
                    text run at (0,0) width 59: "Bob Roger"
                RenderBlock {P} at (7,15) size 156x15
                  RenderText {#text} at (0,0) size 70x15
                    text run at (0,0) width 70: "Rich Burnett"
                RenderBlock {P} at (7,30) size 156x15
                  RenderText {#text} at (0,0) size 66x15
                    text run at (0,0) width 66: "David Dunn"
                  RenderInline {SPAN} at (0,0) size 0x15
                    RenderInline {O:P} at (0,0) size 0x15
              RenderTableCell {TD} at (268,4091) size 99x15 [r=56 c=2 rs=1 cs=1]
                RenderBlock {P} at (7,0) size 85x15
                  RenderText {#text} at (33,0) size 19x15
                    text run at (33,0) width 19: "Yes"
                  RenderInline {SPAN} at (0,0) size 0x15
                    RenderInline {O:P} at (0,0) size 0x15
              RenderTableCell {TD} at (367,4091) size 106x15 [r=56 c=3 rs=1 cs=1]
                RenderBlock {P} at (7,0) size 92x15
                  RenderText {#text} at (37,0) size 17x15
                    text run at (37,0) width 17: "No"
                  RenderInline {SPAN} at (0,0) size 0x15
                    RenderInline {O:P} at (0,0) size 0x15
            RenderTableRow {TR} at (0,4136) size 473x60
              RenderTableCell {TD} at (0,4136) size 98x15 [r=57 c=0 rs=1 cs=1]
                RenderBlock {P} at (7,0) size 84x15
                  RenderText {#text} at (35,0) size 14x15
                    text run at (35,0) width 14: "58"
                  RenderInline {SPAN} at (0,0) size 0x15
                    RenderInline {O:P} at (0,0) size 0x15
              RenderTableCell {TD} at (98,4136) size 170x60 [r=57 c=1 rs=1 cs=1]
                RenderBlock {P} at (7,0) size 156x15
                  RenderText {#text} at (0,0) size 92x15
                    text run at (0,0) width 92: "Ian + Brad Carter"
                  RenderInline {SPAN} at (0,0) size 0x15
                    RenderInline {O:P} at (0,0) size 0x15
                RenderBlock {P} at (7,15) size 156x15
                  RenderText {#text} at (0,0) size 69x15
                    text run at (0,0) width 69: "Bill Johnson"
                RenderBlock {P} at (7,30) size 156x15
                  RenderText {#text} at (0,0) size 78x15
                    text run at (0,0) width 78: "Chuck Pringle"
                RenderBlock {P} at (7,45) size 156x15
                  RenderText {#text} at (0,0) size 66x15
                    text run at (0,0) width 66: "David Dunn"
                  RenderInline {SPAN} at (0,0) size 0x15
                    RenderInline {O:P} at (0,0) size 0x15
              RenderTableCell {TD} at (268,4136) size 99x45 [r=57 c=2 rs=1 cs=1]
                RenderBlock {P} at (7,0) size 85x15
                  RenderText {#text} at (33,0) size 19x15
                    text run at (33,0) width 19: "Yes"
                  RenderInline {SPAN} at (0,0) size 0x15
                    RenderInline {O:P} at (0,0) size 0x15
                RenderBlock {P} at (7,15) size 85x15
                  RenderText {#text} at (33,0) size 19x15
                    text run at (33,0) width 19: "Yes"
                RenderBlock {P} at (7,30) size 85x15
                  RenderText {#text} at (33,0) size 19x15
                    text run at (33,0) width 19: "Yes"
                  RenderInline {SPAN} at (0,0) size 0x15
                    RenderInline {O:P} at (0,0) size 0x15
              RenderTableCell {TD} at (367,4136) size 106x45 [r=57 c=3 rs=1 cs=1]
                RenderBlock {P} at (7,0) size 92x15
                  RenderText {#text} at (37,0) size 17x15
                    text run at (37,0) width 17: "No"
                  RenderInline {SPAN} at (0,0) size 0x15
                    RenderInline {O:P} at (0,0) size 0x15
                RenderBlock {P} at (7,15) size 92x15
                  RenderText {#text} at (37,0) size 17x15
                    text run at (37,0) width 17: "No"
                RenderBlock {P} at (7,30) size 92x15
                  RenderText {#text} at (37,0) size 17x15
                    text run at (37,0) width 17: "No"
                  RenderInline {SPAN} at (0,0) size 0x15
                    RenderInline {O:P} at (0,0) size 0x15
            RenderTableRow {TR} at (0,4196) size 473x30
              RenderTableCell {TD} at (0,4196) size 98x15 [r=58 c=0 rs=1 cs=1]
                RenderBlock {P} at (7,0) size 84x15
                  RenderText {#text} at (35,0) size 14x15
                    text run at (35,0) width 14: "59"
                  RenderInline {SPAN} at (0,0) size 0x15
                    RenderInline {O:P} at (0,0) size 0x15
              RenderTableCell {TD} at (98,4196) size 170x30 [r=58 c=1 rs=1 cs=1]
                RenderBlock {P} at (7,0) size 156x15
                  RenderText {#text} at (0,0) size 59x15
                    text run at (0,0) width 59: "Bob Roger"
                RenderBlock {P} at (7,15) size 156x15
                  RenderText {#text} at (0,0) size 70x15
                    text run at (0,0) width 70: "Rich Burnett"
                  RenderInline {SPAN} at (0,0) size 0x15
                    RenderInline {O:P} at (0,0) size 0x15
              RenderTableCell {TD} at (268,4196) size 99x15 [r=58 c=2 rs=1 cs=1]
                RenderBlock {P} at (7,0) size 85x15
                  RenderText {#text} at (33,0) size 19x15
                    text run at (33,0) width 19: "Yes"
                  RenderInline {SPAN} at (0,0) size 0x15
                    RenderInline {O:P} at (0,0) size 0x15
              RenderTableCell {TD} at (367,4196) size 106x15 [r=58 c=3 rs=1 cs=1]
                RenderBlock {P} at (7,0) size 92x15
                  RenderText {#text} at (37,0) size 17x15
                    text run at (37,0) width 17: "No"
                  RenderInline {SPAN} at (0,0) size 0x15
                    RenderInline {O:P} at (0,0) size 0x15
            RenderTableRow {TR} at (0,4226) size 473x60
              RenderTableCell {TD} at (0,4226) size 98x15 [r=59 c=0 rs=1 cs=1]
                RenderBlock {P} at (7,0) size 84x15
                  RenderText {#text} at (35,0) size 14x15
                    text run at (35,0) width 14: "60"
                  RenderInline {SPAN} at (0,0) size 0x15
                    RenderInline {O:P} at (0,0) size 0x15
              RenderTableCell {TD} at (98,4226) size 170x60 [r=59 c=1 rs=1 cs=1]
                RenderBlock {P} at (7,0) size 156x15
                  RenderText {#text} at (0,0) size 69x15
                    text run at (0,0) width 69: "Bill Johnson"
                RenderBlock {P} at (7,15) size 156x15
                  RenderText {#text} at (0,0) size 96x15
                    text run at (0,0) width 96: "Vladimir Dvorkin"
                RenderBlock {P} at (7,30) size 156x15
                  RenderText {#text} at (0,0) size 52x15
                    text run at (0,0) width 52: "Ken Price"
                RenderBlock {P} at (7,45) size 156x15
                  RenderText {#text} at (0,0) size 89x15
                    text run at (0,0) width 89: "Rick Rasmussen"
                  RenderInline {SPAN} at (0,0) size 0x15
                    RenderInline {O:P} at (0,0) size 0x15
              RenderTableCell {TD} at (268,4226) size 99x30 [r=59 c=2 rs=1 cs=1]
                RenderBlock {P} at (7,0) size 85x15
                  RenderText {#text} at (33,0) size 19x15
                    text run at (33,0) width 19: "Yes"
                RenderBlock {P} at (7,15) size 85x15
                  RenderText {#text} at (34,0) size 17x15
                    text run at (34,0) width 17: "No"
                  RenderInline {SPAN} at (0,0) size 0x15
                    RenderInline {O:P} at (0,0) size 0x15
              RenderTableCell {TD} at (367,4226) size 106x30 [r=59 c=3 rs=1 cs=1]
                RenderBlock {P} at (7,0) size 92x15
                  RenderText {#text} at (37,0) size 17x15
                    text run at (37,0) width 17: "No"
                RenderBlock {P} at (7,15) size 92x15
                  RenderText {#text} at (36,0) size 19x15
                    text run at (36,0) width 19: "Yes"
                  RenderInline {SPAN} at (0,0) size 0x15
                    RenderInline {O:P} at (0,0) size 0x15
        RenderBlock {P} at (0,4304) size 784x15
          RenderInline {SPAN} at (0,0) size 3x15
            RenderText {#text} at (0,0) size 3x15
              text run at (0,0) width 3: " "
        RenderBlock {P} at (0,4319) size 784x15
          RenderText {#text} at (0,0) size 3x15
            text run at (0,0) width 3: " "
        RenderBlock {P} at (0,4334) size 784x15
          RenderText {#text} at (0,0) size 3x15
            text run at (0,0) width 3: " "
      RenderBlock {P} at (0,4349) size 784x15
        RenderText {#text} at (390,0) size 3x15
          text run at (390,0) width 3: " "
