layer at (0,0) size 800x600
  RenderView at (0,0) size 800x600
layer at (0,0) size 800x600
  RenderBlock {HTML} at (0,0) size 800x600
    RenderBody {BODY} at (8,8) size 784x575
      RenderBlock {FORM} at (0,0) size 784x98
        RenderTable {TABLE} at (0,0) size 412x98 [border: (1px outset #808080)]
          RenderTableSection {TBODY} at (1,1) size 410x96
            RenderTableRow {TR} at (0,2) size 410x92
              RenderTableCell {TD} at (2,2) size 406x92 [border: (1px inset #808080)] [r=0 c=0 rs=1 cs=1]
                RenderTable {TABLE} at (2,2) size 402x88 [border: (2px outset #808080)]
                  RenderTableSection {TBODY} at (2,2) size 398x84
                    RenderTableRow {TR} at (0,2) size 398x40
                      RenderTableCell {TD} at (2,2) size 115x40 [border: (1px inset #808080)] [r=0 c=0 rs=1 cs=1]
                        RenderText {#text} at (2,2) size 75x36
                          text run at (2,2) width 70: "Member"
                          text run at (2,20) width 75: "Number:"
                      RenderTableCell {TD} at (119,3) size 271x38 [border: (1px inset #808080)] [r=0 c=1 rs=1 cs=1]
                        RenderTextControl {INPUT} at (4,4) size 222x28 [bgcolor=#FFFFFF] [border: (2px inset #000000)]
                        RenderText {#text} at (0,0) size 0x0
                    RenderTableRow {TR} at (0,44) size 398x38
                      RenderTableCell {TD} at (2,52) size 115x22 [border: (1px inset #808080)] [r=1 c=0 rs=1 cs=1]
                        RenderText {#text} at (2,2) size 34x18
                          text run at (2,2) width 34: "PIN:"
                      RenderTableCell {TD} at (119,44) size 271x38 [border: (1px inset #808080)] [r=1 c=1 rs=1 cs=1]
                        RenderTextControl {INPUT} at (4,4) size 222x28 [bgcolor=#FFFFFF] [border: (2px inset #000000)]
                        RenderText {#text} at (0,0) size 0x0
                      RenderTableCell {TD} at (392,61) size 4x4 [border: (1px inset #808080)] [r=1 c=2 rs=1 cs=1]
layer at (141,27) size 216x18
  RenderBlock {DIV} at (3,5) size 216x18
layer at (141,68) size 216x18
  RenderBlock {DIV} at (3,5) size 216x18
