CONSOLE MESSAGE: line 14: TypeError: Result of expression 'document.styleSheets[1]' [undefined] is not an object.
layer at (0,0) size 800x600
  RenderView at (0,0) size 800x600
layer at (0,0) size 800x76
  RenderBlock {HTML} at (0,0) size 800x76
    RenderBody {BODY} at (8,8) size 784x60
      RenderBlock (anonymous) at (0,0) size 784x18
        RenderText {#text} at (0,0) size 264x18
          text run at (0,0) width 264: "the text should be courier 24pt"
      RenderTable {TABLE} at (0,18) size 106x24
        RenderTableSection {TBODY} at (0,0) size 106x24
          RenderTableRow {TR} at (0,2) size 106x20
            RenderTableCell {TD} at (2,2) size 102x20 [r=0 c=0 rs=1 cs=1]
              RenderText {#text} at (1,1) size 100x18
                text run at (1,1) width 100: "inside a cell"
      RenderBlock {DIV} at (0,42) size 784x18
        RenderText {#text} at (0,0) size 97x18
          text run at (0,0) width 97: "inside a div"
