layer at (0,0) size 800x600
  RenderView at (0,0) size 800x600
    RenderSVGContainer {svg} at (40,12) size 94x38
      RenderSVGText {text} at (20,20) size 800x19
        RenderSVGInlineText {#text} at (0,-14) size 47x19
          text run at (0,-14) width 47: "Passed"
