layer at (0,0) size 800x600
  RenderView at (0,0) size 800x600
    RenderSVGContainer {svg} at (100,72) size 94x38
      RenderSVGContainer {g} at (100,72) size 94x38 [transform={m=((1.00,0.00)(0.00,1.00)) t=(10.00,10.00)}]
        RenderSVGContainer {svg} at (100,72) size 94x38
          RenderSVGText {text} at (70,70) size 800x19
            RenderSVGInlineText {#text} at (0,-14) size 47x19
              text run at (0,-14) width 47: "Passed"
