layer at (0,0) size 800x600
  RenderView at (0,0) size 800x600
layer at (0,0) size 800x600
  RenderBlock {HTML} at (0,0) size 800x600
    RenderBody {BODY} at (8,8) size 784x582
      RenderBlock {P} at (0,0) size 784x40
        RenderText {#text} at (0,0) size 82x19
          text run at (0,0) width 82: "Pixel test for "
        RenderInline {I} at (0,0) size 550x39
          RenderInline {A} at (0,0) size 294x19 [color=#0000EE]
            RenderText {#text} at (82,0) size 294x19
              text run at (82,0) width 294: "http://bugs.webkit.org/show_bug.cgi?id=12043"
          RenderText {#text} at (376,0) size 550x39
            text run at (376,0) width 4: " "
            text run at (380,0) width 170: "Another assertion failure in"
            text run at (0,20) width 238: "WebCore::RenderObject::drawBorder"
        RenderText {#text} at (238,20) size 4x19
          text run at (238,20) width 4: "."
      RenderBlock {P} at (0,54) size 784x19
        RenderText {#text} at (0,0) size 289x19
          text run at (0,0) width 289: "There should be four identical squares below."
      RenderBlock {DIV} at (0,87) size 56x56 [bgcolor=#C0C0C0] [border: (3px solid #000000)]
      RenderBlock {DIV} at (0,153) size 56x56 [bgcolor=#C0C0C0] [border: (3px solid #000000)]
      RenderBlock {DIV} at (0,219) size 56x56 [bgcolor=#C0C0C0] [border: (3px solid #000000)]
      RenderBlock {DIV} at (0,285) size 56x56 [bgcolor=#C0C0C0] [border: (3px solid #000000)]
