EDITING DELEGATE: shouldBeginEditingInDOMRange:range from 0 of DIV > BODY > HTML > #document to 3 of DIV > BODY > HTML > #document
EDITING DELEGATE: webViewDidBeginEditing:WebViewDidBeginEditingNotification
EDITING DELEGATE: webViewDidChangeSelection:WebViewDidChangeSelectionNotification
EDITING DELEGATE: webViewDidChangeSelection:WebViewDidChangeSelectionNotification
EDITING DELEGATE: webViewDidChangeSelection:WebViewDidChangeSelectionNotification
EDITING DELEGATE: webViewDidChangeSelection:WebViewDidChangeSelectionNotification
EDITING DELEGATE: webViewDidChangeSelection:WebViewDidChangeSelectionNotification
EDITING DELEGATE: webViewDidChangeSelection:WebViewDidChangeSelectionNotification
EDITING DELEGATE: webViewDidChangeSelection:WebViewDidChangeSelectionNotification
EDITING DELEGATE: webViewDidChangeSelection:WebViewDidChangeSelectionNotification
EDITING DELEGATE: webViewDidChangeSelection:WebViewDidChangeSelectionNotification
EDITING DELEGATE: webViewDidChangeSelection:WebViewDidChangeSelectionNotification
layer at (0,0) size 800x600
  RenderView at (0,0) size 800x600
layer at (0,0) size 800x600
  RenderBlock {HTML} at (0,0) size 800x600
    RenderBody {BODY} at (8,8) size 784x584
      RenderBlock (anonymous) at (0,0) size 784x37
        RenderText {#text} at (0,1) size 361x18
          text run at (0,1) width 361: "The selection range in the red box should look like this:   "
        RenderInline {SPAN} at (0,0) size 110x18 [bgcolor=#AFDAFF]
          RenderText {#text} at (361,1) size 110x18
            text run at (361,1) width 26: "abc "
            text run at (416,1) width 8: "1"
            text run at (440,1) width 31 RTL: "\x{5D0}\x{5D1}\x{5D2} "
        RenderText {#text} at (387,1) size 112x18
          text run at (387,1) width 29 RTL: " \x{5D3}\x{5D4}\x{5D5}"
          text run at (424,1) width 16: "23"
          text run at (471,1) width 28: " def "
        RenderBR {BR} at (499,15) size 0x0
        RenderBR {BR} at (0,19) size 0x18
      RenderBlock {DIV} at (0,37) size 784x57 [border: (2px solid #FF0000)]
        RenderInline {SPAN} at (0,0) size 202x28
          RenderText {#text} at (14,15) size 202x28
            text run at (14,15) width 40: "abc "
            text run at (54,15) width 43 RTL: " \x{5D3}\x{5D4}\x{5D5}"
            text run at (97,15) width 36: "123"
            text run at (133,15) width 46 RTL: "\x{5D0}\x{5D1}\x{5D2} "
            text run at (179,15) width 37: " def"
        RenderText {#text} at (0,0) size 0x0
selection start: position 0 of child 0 {#text} of child 1 {SPAN} of child 6 {DIV} of child 1 {BODY} of child 0 {HTML} of document
selection end:   position 9 of child 0 {#text} of child 1 {SPAN} of child 6 {DIV} of child 1 {BODY} of child 0 {HTML} of document
