CONSOLE MESSAGE: line 37: Value undefined (result of expression document.getElementsById) is not object.
layer at (0,0) size 800x1182
  RenderView at (0,0) size 800x600
layer at (0,0) size 800x1182
  RenderBlock {HTML} at (0,0) size 800x1182
    RenderBody {BODY} at (8,8) size 784x1166
      RenderBlock {CENTER} at (0,0) size 784x19
        RenderText {#text} at (328,0) size 128x19
          text run at (328,0) width 128: "bottom caption tests"
      RenderBlock (anonymous) at (0,19) size 784x19
        RenderText {#text} at (0,0) size 102x19
          text run at (0,0) width 102: "table 1 - original"
      RenderTable {TABLE} at (5,48) size 90x114 [border: (10px solid #008000)]
        RenderBlock {CAPTION} at (10,68) size 60x44 [border: (3px solid #800080)]
          RenderText {#text} at (7,3) size 46x19
            text run at (7,3) width 46: "caption"
          RenderBlock {INPUT} at (24,26) size 12x12
        RenderTableSection {TBODY} at (10,10) size 70x48
          RenderTableRow {TR} at (0,2) size 70x21
            RenderTableCell {TD} at (2,2) size 32x21 [r=0 c=0 rs=1 cs=1]
              RenderText {#text} at (1,1) size 30x19
                text run at (1,1) width 30: "Data"
            RenderTableCell {TD} at (36,2) size 32x21 [r=0 c=1 rs=1 cs=1]
              RenderText {#text} at (1,1) size 30x19
                text run at (1,1) width 30: "Data"
          RenderTableRow {TR} at (0,25) size 70x21
            RenderTableCell {TD} at (2,25) size 32x21 [r=1 c=0 rs=1 cs=1]
              RenderText {#text} at (1,1) size 30x19
                text run at (1,1) width 30: "Data"
            RenderTableCell {TD} at (36,25) size 32x21 [r=1 c=1 rs=1 cs=1]
              RenderText {#text} at (1,1) size 30x19
                text run at (1,1) width 30: "Data"
      RenderBlock (anonymous) at (0,167) size 784x19
        RenderText {#text} at (0,0) size 191x19
          text run at (0,0) width 191: "table 2 - caption gains content"
      RenderTable {TABLE} at (5,196) size 90x133 [border: (10px solid #008000)]
        RenderBlock {CAPTION} at (10,68) size 60x63 [border: (3px solid #800080)]
          RenderText {#text} at (7,3) size 46x19
            text run at (7,3) width 46: "caption"
          RenderBlock {INPUT} at (14,26) size 12x12
          RenderText {#text} at (29,22) size 29x38
            text run at (29,22) width 20: "foo"
            text run at (20,41) width 20: "foo"
        RenderTableSection {TBODY} at (10,10) size 70x48
          RenderTableRow {TR} at (0,2) size 70x21
            RenderTableCell {TD} at (2,2) size 32x21 [r=0 c=0 rs=1 cs=1]
              RenderText {#text} at (1,1) size 30x19
                text run at (1,1) width 30: "Data"
            RenderTableCell {TD} at (36,2) size 32x21 [r=0 c=1 rs=1 cs=1]
              RenderText {#text} at (1,1) size 30x19
                text run at (1,1) width 30: "Data"
          RenderTableRow {TR} at (0,25) size 70x21
            RenderTableCell {TD} at (2,25) size 32x21 [r=1 c=0 rs=1 cs=1]
              RenderText {#text} at (1,1) size 30x19
                text run at (1,1) width 30: "Data"
            RenderTableCell {TD} at (36,25) size 32x21 [r=1 c=1 rs=1 cs=1]
              RenderText {#text} at (1,1) size 30x19
                text run at (1,1) width 30: "Data"
      RenderBlock (anonymous) at (0,334) size 784x19
        RenderText {#text} at (0,0) size 390x19
          text run at (0,0) width 390: "table 3 - caption gains content extending its max element size"
      RenderTable {TABLE} at (5,363) size 148x114 [border: (10px solid #008000)]
        RenderBlock {CAPTION} at (10,68) size 118x44 [border: (3px solid #800080)]
          RenderText {#text} at (27,3) size 46x19
            text run at (27,3) width 46: "caption"
          RenderBlock {INPUT} at (76,7) size 12x12
          RenderText {#text} at (3,22) size 142x19
            text run at (3,22) width 142: "very_large_very_large"
        RenderTableSection {TBODY} at (10,10) size 128x48
          RenderTableRow {TR} at (0,2) size 128x21
            RenderTableCell {TD} at (2,2) size 61x21 [r=0 c=0 rs=1 cs=1]
              RenderText {#text} at (1,1) size 30x19
                text run at (1,1) width 30: "Data"
            RenderTableCell {TD} at (65,2) size 61x21 [r=0 c=1 rs=1 cs=1]
              RenderText {#text} at (1,1) size 30x19
                text run at (1,1) width 30: "Data"
          RenderTableRow {TR} at (0,25) size 128x21
            RenderTableCell {TD} at (2,25) size 61x21 [r=1 c=0 rs=1 cs=1]
              RenderText {#text} at (1,1) size 30x19
                text run at (1,1) width 30: "Data"
            RenderTableCell {TD} at (65,25) size 61x21 [r=1 c=1 rs=1 cs=1]
              RenderText {#text} at (1,1) size 30x19
                text run at (1,1) width 30: "Data"
      RenderBlock (anonymous) at (0,482) size 784x19
        RenderText {#text} at (0,0) size 190x19
          text run at (0,0) width 190: "table 4 - caption loses content"
      RenderTable {TABLE} at (5,511) size 90x95 [border: (10px solid #008000)]
        RenderBlock {CAPTION} at (10,68) size 60x25 [border: (3px solid #800080)]
          RenderText {#text} at (7,3) size 46x19
            text run at (7,3) width 46: "caption"
        RenderTableSection {TBODY} at (10,10) size 70x48
          RenderTableRow {TR} at (0,2) size 70x21
            RenderTableCell {TD} at (2,2) size 32x21 [r=0 c=0 rs=1 cs=1]
              RenderText {#text} at (1,1) size 30x19
                text run at (1,1) width 30: "Data"
            RenderTableCell {TD} at (36,2) size 32x21 [r=0 c=1 rs=1 cs=1]
              RenderText {#text} at (1,1) size 30x19
                text run at (1,1) width 30: "Data"
          RenderTableRow {TR} at (0,25) size 70x21
            RenderTableCell {TD} at (2,25) size 32x21 [r=1 c=0 rs=1 cs=1]
              RenderText {#text} at (1,1) size 30x19
                text run at (1,1) width 30: "Data"
            RenderTableCell {TD} at (36,25) size 32x21 [r=1 c=1 rs=1 cs=1]
              RenderText {#text} at (1,1) size 30x19
                text run at (1,1) width 30: "Data"
      RenderBlock (anonymous) at (0,611) size 784x19
        RenderText {#text} at (0,0) size 156x19
          text run at (0,0) width 156: "table 5 - table gets wider"
      RenderTable {TABLE} at (5,640) size 134x95 [border: (10px solid #008000)]
        RenderBlock {CAPTION} at (10,68) size 104x25 [border: (3px solid #800080)]
          RenderText {#text} at (20,3) size 46x19
            text run at (20,3) width 46: "caption"
          RenderBlock {INPUT} at (69,7) size 12x12
        RenderTableSection {TBODY} at (10,10) size 114x48
          RenderTableRow {TR} at (0,2) size 114x21
            RenderTableCell {TD} at (2,2) size 76x21 [r=0 c=0 rs=1 cs=1]
              RenderText {#text} at (1,1) size 30x19
                text run at (1,1) width 30: "Data"
              RenderText {#text} at (31,1) size 44x19
                text run at (31,1) width 44: "foo foo"
            RenderTableCell {TD} at (80,2) size 32x21 [r=0 c=1 rs=1 cs=1]
              RenderText {#text} at (1,1) size 30x19
                text run at (1,1) width 30: "Data"
          RenderTableRow {TR} at (0,25) size 114x21
            RenderTableCell {TD} at (2,25) size 76x21 [r=1 c=0 rs=1 cs=1]
              RenderText {#text} at (1,1) size 30x19
                text run at (1,1) width 30: "Data"
            RenderTableCell {TD} at (80,25) size 32x21 [r=1 c=1 rs=1 cs=1]
              RenderText {#text} at (1,1) size 30x19
                text run at (1,1) width 30: "Data"
      RenderBlock (anonymous) at (0,740) size 784x19
        RenderText {#text} at (0,0) size 153x19
          text run at (0,0) width 153: "table 6 - table gets taller"
      RenderTable {TABLE} at (5,769) size 104x120 [border: (10px solid #008000)]
        RenderTableSection {TBODY} at (10,10) size 84x25
          RenderTableRow {TR} at (0,2) size 84x21
            RenderTableCell {TD} at (2,2) size 46x21 [r=0 c=0 rs=1 cs=1]
              RenderText {#text} at (1,1) size 44x19
                text run at (1,1) width 44: "foo foo"
        RenderBlock {CAPTION} at (10,93) size 74x25 [border: (3px solid #800080)]
          RenderText {#text} at (5,3) size 46x19
            text run at (5,3) width 46: "caption"
          RenderBlock {INPUT} at (54,7) size 12x12
        RenderTableSection {TBODY} at (10,35) size 84x48
          RenderTableRow {TR} at (0,2) size 84x21
            RenderTableCell {TD} at (2,2) size 46x21 [r=0 c=0 rs=1 cs=1]
              RenderText {#text} at (1,1) size 30x19
                text run at (1,1) width 30: "Data"
            RenderTableCell {TD} at (50,2) size 32x21 [r=0 c=1 rs=1 cs=1]
              RenderText {#text} at (1,1) size 30x19
                text run at (1,1) width 30: "Data"
          RenderTableRow {TR} at (0,25) size 84x21
            RenderTableCell {TD} at (2,25) size 46x21 [r=1 c=0 rs=1 cs=1]
              RenderText {#text} at (1,1) size 30x19
                text run at (1,1) width 30: "Data"
            RenderTableCell {TD} at (50,25) size 32x21 [r=1 c=1 rs=1 cs=1]
              RenderText {#text} at (1,1) size 30x19
                text run at (1,1) width 30: "Data"
      RenderBlock (anonymous) at (0,894) size 784x19
        RenderText {#text} at (0,0) size 141x19
          text run at (0,0) width 141: "table 7 - insert caption"
      RenderTable {TABLE} at (5,923) size 90x95 [border: (10px solid #008000)]
        RenderTableSection {TBODY} at (10,10) size 70x48
          RenderTableRow {TR} at (0,2) size 70x21
            RenderTableCell {TD} at (2,2) size 32x21 [r=0 c=0 rs=1 cs=1]
              RenderText {#text} at (1,1) size 30x19
                text run at (1,1) width 30: "Data"
            RenderTableCell {TD} at (36,2) size 32x21 [r=0 c=1 rs=1 cs=1]
              RenderText {#text} at (1,1) size 30x19
                text run at (1,1) width 30: "Data"
          RenderTableRow {TR} at (0,25) size 70x21
            RenderTableCell {TD} at (2,25) size 32x21 [r=1 c=0 rs=1 cs=1]
              RenderText {#text} at (1,1) size 30x19
                text run at (1,1) width 30: "Data"
            RenderTableCell {TD} at (36,25) size 32x21 [r=1 c=1 rs=1 cs=1]
              RenderText {#text} at (1,1) size 30x19
                text run at (1,1) width 30: "Data"
        RenderBlock {CAPTION} at (10,68) size 60x25 [border: (3px solid #800080)]
          RenderText {#text} at (3,3) size 53x19
            text run at (3,3) width 53: "new cap"
      RenderBlock (anonymous) at (0,1023) size 784x19
        RenderText {#text} at (0,0) size 154x19
          text run at (0,0) width 154: "table 8 - remove caption"
      RenderTable {TABLE} at (5,1052) size 90x114 [border: (10px solid #008000)]
        RenderBlock {CAPTION} at (10,68) size 60x44 [border: (3px solid #800080)]
          RenderText {#text} at (7,3) size 46x19
            text run at (7,3) width 46: "caption"
          RenderBlock {INPUT} at (24,26) size 12x12
        RenderTableSection {TBODY} at (10,10) size 70x48
          RenderTableRow {TR} at (0,2) size 70x21
            RenderTableCell {TD} at (2,2) size 32x21 [r=0 c=0 rs=1 cs=1]
              RenderText {#text} at (1,1) size 30x19
                text run at (1,1) width 30: "Data"
            RenderTableCell {TD} at (36,2) size 32x21 [r=0 c=1 rs=1 cs=1]
              RenderText {#text} at (1,1) size 30x19
                text run at (1,1) width 30: "Data"
          RenderTableRow {TR} at (0,25) size 70x21
            RenderTableCell {TD} at (2,25) size 32x21 [r=1 c=0 rs=1 cs=1]
              RenderText {#text} at (1,1) size 30x19
                text run at (1,1) width 30: "Data"
            RenderTableCell {TD} at (36,25) size 32x21 [r=1 c=1 rs=1 cs=1]
              RenderText {#text} at (1,1) size 30x19
                text run at (1,1) width 30: "Data"
