layer at (0,0) size 800x2378
  RenderView at (0,0) size 800x600
layer at (0,0) size 800x2378
  RenderBlock {HTML} at (0,0) size 800x2378
    RenderBody {BODY} at (8,18) size 784x2352
      RenderBlock {H1} at (0,0) size 784x38
        RenderText {#text} at (0,0) size 495x38
          text run at (0,0) width 495: "Problems with COLSPAN and WIDTH"
      RenderBlock {P} at (0,56) size 784x19
        RenderText {#text} at (0,0) size 253x19
          text run at (0,0) width 253: "Each block of tables should be identical."
      RenderBlock {H2} at (0,92) size 784x29
        RenderText {#text} at (0,0) size 130x29
          text run at (0,0) width 130: "Sized Tables"
      RenderBlock {P} at (0,138) size 784x19
        RenderText {#text} at (0,0) size 768x19
          text run at (0,0) width 768: "The following tables have width=400, which should make them the same width as the red lines which are caused by DIVs:"
      RenderBlock {H3} at (0,173) size 784x23
        RenderText {#text} at (0,0) size 58x22
          text run at (0,0) width 58: "260/140"
      RenderBlock {DIV} at (0,212) size 406x6 [border: (3px solid #FF0000)]
      RenderTable {TABLE} at (0,218) size 400x48
        RenderTableSection {TBODY} at (0,0) size 400x48
          RenderTableRow {TR} at (0,2) size 400x21
            RenderTableCell {TD} at (2,2) size 252x21 [bgcolor=#00FF00] [r=0 c=0 rs=1 cs=1]
              RenderText {#text} at (1,1) size 30x19
                text run at (1,1) width 30: "plain"
            RenderTableCell {TD} at (256,2) size 142x21 [bgcolor=#FFFF00] [r=0 c=1 rs=1 cs=1]
              RenderText {#text} at (1,1) size 65x19
                text run at (1,1) width 65: "width=140"
          RenderTableRow {TR} at (0,25) size 400x21
            RenderTableCell {TD} at (2,25) size 396x21 [bgcolor=#FF00FF] [r=1 c=0 rs=1 cs=2]
              RenderText {#text} at (1,1) size 134x19
                text run at (1,1) width 134: "colspan=2 width=400"
      RenderBlock {DIV} at (0,266) size 406x6 [border: (3px solid #FF0000)]
      RenderTable {TABLE} at (0,272) size 400x48
        RenderTableSection {TBODY} at (0,0) size 400x48
          RenderTableRow {TR} at (0,2) size 400x21
            RenderTableCell {TD} at (2,2) size 262x21 [bgcolor=#00FF00] [r=0 c=0 rs=1 cs=1]
              RenderText {#text} at (1,1) size 65x19
                text run at (1,1) width 65: "width=260"
            RenderTableCell {TD} at (266,2) size 132x21 [bgcolor=#FFFF00] [r=0 c=1 rs=1 cs=1]
              RenderText {#text} at (1,1) size 30x19
                text run at (1,1) width 30: "plain"
          RenderTableRow {TR} at (0,25) size 400x21
            RenderTableCell {TD} at (2,25) size 396x21 [bgcolor=#FF00FF] [r=1 c=0 rs=1 cs=2]
              RenderText {#text} at (1,1) size 134x19
                text run at (1,1) width 134: "colspan=2 width=400"
      RenderBlock {DIV} at (0,320) size 406x6 [border: (3px solid #FF0000)]
      RenderTable {TABLE} at (0,326) size 400x48
        RenderTableSection {TBODY} at (0,0) size 400x48
          RenderTableRow {TR} at (0,2) size 400x21
            RenderTableCell {TD} at (2,2) size 254x21 [bgcolor=#00FF00] [r=0 c=0 rs=1 cs=1]
              RenderText {#text} at (1,1) size 65x19
                text run at (1,1) width 65: "width=260"
            RenderTableCell {TD} at (258,2) size 140x21 [bgcolor=#FFFF00] [r=0 c=1 rs=1 cs=1]
              RenderText {#text} at (1,1) size 65x19
                text run at (1,1) width 65: "width=140"
          RenderTableRow {TR} at (0,25) size 400x21
            RenderTableCell {TD} at (2,25) size 396x21 [bgcolor=#FF00FF] [r=1 c=0 rs=1 cs=2]
              RenderText {#text} at (1,1) size 134x19
                text run at (1,1) width 134: "colspan=2 width=400"
      RenderBlock {DIV} at (0,374) size 406x6 [border: (3px solid #FF0000)]
      RenderTable {TABLE} at (0,380) size 400x48
        RenderTableSection {TBODY} at (0,0) size 400x48
          RenderTableRow {TR} at (0,2) size 400x21
            RenderTableCell {TD} at (2,2) size 254x21 [bgcolor=#00FF00] [r=0 c=0 rs=1 cs=1]
              RenderText {#text} at (1,1) size 65x19
                text run at (1,1) width 65: "width=260"
            RenderTableCell {TD} at (258,2) size 140x21 [bgcolor=#FFFF00] [r=0 c=1 rs=1 cs=1]
              RenderText {#text} at (1,1) size 65x19
                text run at (1,1) width 65: "width=140"
          RenderTableRow {TR} at (0,25) size 400x21
            RenderTableCell {TD} at (2,25) size 396x21 [bgcolor=#FF00FF] [r=1 c=0 rs=1 cs=2]
              RenderText {#text} at (1,1) size 65x19
                text run at (1,1) width 65: "colspan=2"
      RenderBlock {DIV} at (0,428) size 406x6 [border: (3px solid #FF0000)]
      RenderTable {TABLE} at (0,434) size 400x48
        RenderTableSection {TBODY} at (0,0) size 400x48
          RenderTableRow {TR} at (0,2) size 400x21
            RenderTableCell {TD} at (2,2) size 256x21 [bgcolor=#00FF00] [r=0 c=0 rs=1 cs=1]
              RenderText {#text} at (1,1) size 69x19
                text run at (1,1) width 69: "width=65%"
            RenderTableCell {TD} at (260,2) size 138x21 [bgcolor=#FFFF00] [r=0 c=1 rs=1 cs=1]
              RenderText {#text} at (1,1) size 30x19
                text run at (1,1) width 30: "plain"
          RenderTableRow {TR} at (0,25) size 400x21
            RenderTableCell {TD} at (2,25) size 396x21 [bgcolor=#FF00FF] [r=1 c=0 rs=1 cs=2]
              RenderText {#text} at (1,1) size 65x19
                text run at (1,1) width 65: "colspan=2"
      RenderBlock {DIV} at (0,482) size 406x6 [border: (3px solid #FF0000)]
      RenderTable {TABLE} at (0,488) size 400x48
        RenderTableSection {TBODY} at (0,0) size 400x48
          RenderTableRow {TR} at (0,2) size 400x21
            RenderTableCell {TD} at (2,2) size 257x21 [bgcolor=#00FF00] [r=0 c=0 rs=1 cs=1]
              RenderText {#text} at (1,1) size 30x19
                text run at (1,1) width 30: "plain"
            RenderTableCell {TD} at (261,2) size 137x21 [bgcolor=#FFFF00] [r=0 c=1 rs=1 cs=1]
              RenderText {#text} at (1,1) size 69x19
                text run at (1,1) width 69: "width=35%"
          RenderTableRow {TR} at (0,25) size 400x21
            RenderTableCell {TD} at (2,25) size 396x21 [bgcolor=#FF00FF] [r=1 c=0 rs=1 cs=2]
              RenderText {#text} at (1,1) size 65x19
                text run at (1,1) width 65: "colspan=2"
      RenderBlock {DIV} at (0,536) size 406x6 [border: (3px solid #FF0000)]
      RenderTable {TABLE} at (0,542) size 400x48
        RenderTableSection {TBODY} at (0,0) size 400x48
          RenderTableRow {TR} at (0,2) size 400x21
            RenderTableCell {TD} at (2,2) size 257x21 [bgcolor=#00FF00] [r=0 c=0 rs=1 cs=1]
              RenderText {#text} at (1,1) size 69x19
                text run at (1,1) width 69: "width=65%"
            RenderTableCell {TD} at (261,2) size 137x21 [bgcolor=#FFFF00] [r=0 c=1 rs=1 cs=1]
              RenderText {#text} at (1,1) size 69x19
                text run at (1,1) width 69: "width=35%"
          RenderTableRow {TR} at (0,25) size 400x21
            RenderTableCell {TD} at (2,25) size 396x21 [bgcolor=#FF00FF] [r=1 c=0 rs=1 cs=2]
              RenderText {#text} at (1,1) size 65x19
                text run at (1,1) width 65: "colspan=2"
      RenderBlock {DIV} at (0,590) size 406x6 [border: (3px solid #FF0000)]
      RenderBlock {H3} at (0,612) size 784x23
        RenderText {#text} at (0,0) size 58x22
          text run at (0,0) width 58: "140/260"
      RenderBlock {DIV} at (0,651) size 406x6 [border: (3px solid #FF0000)]
      RenderTable {TABLE} at (0,657) size 400x48
        RenderTableSection {TBODY} at (0,0) size 400x48
          RenderTableRow {TR} at (0,2) size 400x21
            RenderTableCell {TD} at (2,2) size 142x21 [bgcolor=#00FF00] [r=0 c=0 rs=1 cs=1]
              RenderText {#text} at (1,1) size 65x19
                text run at (1,1) width 65: "width=140"
            RenderTableCell {TD} at (146,2) size 252x21 [bgcolor=#FFFF00] [r=0 c=1 rs=1 cs=1]
              RenderText {#text} at (1,1) size 30x19
                text run at (1,1) width 30: "plain"
          RenderTableRow {TR} at (0,25) size 400x21
            RenderTableCell {TD} at (2,25) size 396x21 [bgcolor=#FF00FF] [r=1 c=0 rs=1 cs=2]
              RenderText {#text} at (1,1) size 134x19
                text run at (1,1) width 134: "colspan=2 width=400"
      RenderBlock {DIV} at (0,705) size 406x6 [border: (3px solid #FF0000)]
      RenderTable {TABLE} at (0,711) size 400x48
        RenderTableSection {TBODY} at (0,0) size 400x48
          RenderTableRow {TR} at (0,2) size 400x21
            RenderTableCell {TD} at (2,2) size 132x21 [bgcolor=#00FF00] [r=0 c=0 rs=1 cs=1]
              RenderText {#text} at (1,1) size 30x19
                text run at (1,1) width 30: "plain"
            RenderTableCell {TD} at (136,2) size 262x21 [bgcolor=#FFFF00] [r=0 c=1 rs=1 cs=1]
              RenderText {#text} at (1,1) size 65x19
                text run at (1,1) width 65: "width=260"
          RenderTableRow {TR} at (0,25) size 400x21
            RenderTableCell {TD} at (2,25) size 396x21 [bgcolor=#FF00FF] [r=1 c=0 rs=1 cs=2]
              RenderText {#text} at (1,1) size 134x19
                text run at (1,1) width 134: "colspan=2 width=400"
      RenderBlock {DIV} at (0,759) size 406x6 [border: (3px solid #FF0000)]
      RenderTable {TABLE} at (0,765) size 400x48
        RenderTableSection {TBODY} at (0,0) size 400x48
          RenderTableRow {TR} at (0,2) size 400x21
            RenderTableCell {TD} at (2,2) size 139x21 [bgcolor=#00FF00] [r=0 c=0 rs=1 cs=1]
              RenderText {#text} at (1,1) size 65x19
                text run at (1,1) width 65: "width=140"
            RenderTableCell {TD} at (143,2) size 255x21 [bgcolor=#FFFF00] [r=0 c=1 rs=1 cs=1]
              RenderText {#text} at (1,1) size 65x19
                text run at (1,1) width 65: "width=260"
          RenderTableRow {TR} at (0,25) size 400x21
            RenderTableCell {TD} at (2,25) size 396x21 [bgcolor=#FF00FF] [r=1 c=0 rs=1 cs=2]
              RenderText {#text} at (1,1) size 134x19
                text run at (1,1) width 134: "colspan=2 width=400"
      RenderBlock {DIV} at (0,813) size 406x6 [border: (3px solid #FF0000)]
      RenderTable {TABLE} at (0,819) size 400x48
        RenderTableSection {TBODY} at (0,0) size 400x48
          RenderTableRow {TR} at (0,2) size 400x21
            RenderTableCell {TD} at (2,2) size 139x21 [bgcolor=#00FF00] [r=0 c=0 rs=1 cs=1]
              RenderText {#text} at (1,1) size 65x19
                text run at (1,1) width 65: "width=140"
            RenderTableCell {TD} at (143,2) size 255x21 [bgcolor=#FFFF00] [r=0 c=1 rs=1 cs=1]
              RenderText {#text} at (1,1) size 65x19
                text run at (1,1) width 65: "width=260"
          RenderTableRow {TR} at (0,25) size 400x21
            RenderTableCell {TD} at (2,25) size 396x21 [bgcolor=#FF00FF] [r=1 c=0 rs=1 cs=2]
              RenderText {#text} at (1,1) size 65x19
                text run at (1,1) width 65: "colspan=2"
      RenderBlock {DIV} at (0,867) size 406x6 [border: (3px solid #FF0000)]
      RenderTable {TABLE} at (0,873) size 400x48
        RenderTableSection {TBODY} at (0,0) size 400x48
          RenderTableRow {TR} at (0,2) size 400x21
            RenderTableCell {TD} at (2,2) size 137x21 [bgcolor=#00FF00] [r=0 c=0 rs=1 cs=1]
              RenderText {#text} at (1,1) size 69x19
                text run at (1,1) width 69: "width=35%"
            RenderTableCell {TD} at (141,2) size 257x21 [bgcolor=#FFFF00] [r=0 c=1 rs=1 cs=1]
              RenderText {#text} at (1,1) size 30x19
                text run at (1,1) width 30: "plain"
          RenderTableRow {TR} at (0,25) size 400x21
            RenderTableCell {TD} at (2,25) size 396x21 [bgcolor=#FF00FF] [r=1 c=0 rs=1 cs=2]
              RenderText {#text} at (1,1) size 65x19
                text run at (1,1) width 65: "colspan=2"
      RenderBlock {DIV} at (0,921) size 406x6 [border: (3px solid #FF0000)]
      RenderTable {TABLE} at (0,927) size 400x48
        RenderTableSection {TBODY} at (0,0) size 400x48
          RenderTableRow {TR} at (0,2) size 400x21
            RenderTableCell {TD} at (2,2) size 138x21 [bgcolor=#00FF00] [r=0 c=0 rs=1 cs=1]
              RenderText {#text} at (1,1) size 30x19
                text run at (1,1) width 30: "plain"
            RenderTableCell {TD} at (142,2) size 256x21 [bgcolor=#FFFF00] [r=0 c=1 rs=1 cs=1]
              RenderText {#text} at (1,1) size 69x19
                text run at (1,1) width 69: "width=65%"
          RenderTableRow {TR} at (0,25) size 400x21
            RenderTableCell {TD} at (2,25) size 396x21 [bgcolor=#FF00FF] [r=1 c=0 rs=1 cs=2]
              RenderText {#text} at (1,1) size 65x19
                text run at (1,1) width 65: "colspan=2"
      RenderBlock {DIV} at (0,975) size 406x6 [border: (3px solid #FF0000)]
      RenderTable {TABLE} at (0,981) size 400x48
        RenderTableSection {TBODY} at (0,0) size 400x48
          RenderTableRow {TR} at (0,2) size 400x21
            RenderTableCell {TD} at (2,2) size 138x21 [bgcolor=#00FF00] [r=0 c=0 rs=1 cs=1]
              RenderText {#text} at (1,1) size 69x19
                text run at (1,1) width 69: "width=35%"
            RenderTableCell {TD} at (142,2) size 256x21 [bgcolor=#FFFF00] [r=0 c=1 rs=1 cs=1]
              RenderText {#text} at (1,1) size 69x19
                text run at (1,1) width 69: "width=65%"
          RenderTableRow {TR} at (0,25) size 400x21
            RenderTableCell {TD} at (2,25) size 396x21 [bgcolor=#FF00FF] [r=1 c=0 rs=1 cs=2]
              RenderText {#text} at (1,1) size 65x19
                text run at (1,1) width 65: "colspan=2"
      RenderBlock {DIV} at (0,1029) size 406x6 [border: (3px solid #FF0000)]
      RenderBlock {H3} at (0,1051) size 784x23
        RenderText {#text} at (0,0) size 32x22
          text run at (0,0) width 32: "50%"
      RenderBlock {DIV} at (0,1090) size 406x6 [border: (3px solid #FF0000)]
      RenderTable {TABLE} at (0,1096) size 400x48
        RenderTableSection {TBODY} at (0,0) size 400x48
          RenderTableRow {TR} at (0,2) size 400x21
            RenderTableCell {TD} at (2,2) size 197x21 [bgcolor=#00FF00] [r=0 c=0 rs=1 cs=1]
              RenderText {#text} at (1,1) size 69x19
                text run at (1,1) width 69: "width=50%"
            RenderTableCell {TD} at (201,2) size 197x21 [bgcolor=#FFFF00] [r=0 c=1 rs=1 cs=1]
              RenderText {#text} at (1,1) size 30x19
                text run at (1,1) width 30: "plain"
          RenderTableRow {TR} at (0,25) size 400x21
            RenderTableCell {TD} at (2,25) size 396x21 [bgcolor=#FF00FF] [r=1 c=0 rs=1 cs=2]
              RenderText {#text} at (1,1) size 134x19
                text run at (1,1) width 134: "colspan=2 width=400"
      RenderBlock {DIV} at (0,1144) size 406x6 [border: (3px solid #FF0000)]
      RenderTable {TABLE} at (0,1150) size 400x48
        RenderTableSection {TBODY} at (0,0) size 400x48
          RenderTableRow {TR} at (0,2) size 400x21
            RenderTableCell {TD} at (2,2) size 197x21 [bgcolor=#00FF00] [r=0 c=0 rs=1 cs=1]
              RenderText {#text} at (1,1) size 30x19
                text run at (1,1) width 30: "plain"
            RenderTableCell {TD} at (201,2) size 197x21 [bgcolor=#FFFF00] [r=0 c=1 rs=1 cs=1]
              RenderText {#text} at (1,1) size 69x19
                text run at (1,1) width 69: "width=50%"
          RenderTableRow {TR} at (0,25) size 400x21
            RenderTableCell {TD} at (2,25) size 396x21 [bgcolor=#FF00FF] [r=1 c=0 rs=1 cs=2]
              RenderText {#text} at (1,1) size 134x19
                text run at (1,1) width 134: "colspan=2 width=400"
      RenderBlock {DIV} at (0,1198) size 406x6 [border: (3px solid #FF0000)]
      RenderTable {TABLE} at (0,1204) size 400x48
        RenderTableSection {TBODY} at (0,0) size 400x48
          RenderTableRow {TR} at (0,2) size 400x21
            RenderTableCell {TD} at (2,2) size 197x21 [bgcolor=#00FF00] [r=0 c=0 rs=1 cs=1]
              RenderText {#text} at (1,1) size 69x19
                text run at (1,1) width 69: "width=50%"
            RenderTableCell {TD} at (201,2) size 197x21 [bgcolor=#FFFF00] [r=0 c=1 rs=1 cs=1]
              RenderText {#text} at (1,1) size 69x19
                text run at (1,1) width 69: "width=50%"
          RenderTableRow {TR} at (0,25) size 400x21
            RenderTableCell {TD} at (2,25) size 396x21 [bgcolor=#FF00FF] [r=1 c=0 rs=1 cs=2]
              RenderText {#text} at (1,1) size 134x19
                text run at (1,1) width 134: "colspan=2 width=400"
      RenderBlock {DIV} at (0,1252) size 406x6 [border: (3px solid #FF0000)]
      RenderTable {TABLE} at (0,1258) size 400x48
        RenderTableSection {TBODY} at (0,0) size 400x48
          RenderTableRow {TR} at (0,2) size 400x21
            RenderTableCell {TD} at (2,2) size 197x21 [bgcolor=#00FF00] [r=0 c=0 rs=1 cs=1]
              RenderText {#text} at (1,1) size 30x19
                text run at (1,1) width 30: "plain"
            RenderTableCell {TD} at (201,2) size 197x21 [bgcolor=#FFFF00] [r=0 c=1 rs=1 cs=1]
              RenderText {#text} at (1,1) size 30x19
                text run at (1,1) width 30: "plain"
          RenderTableRow {TR} at (0,25) size 400x21
            RenderTableCell {TD} at (2,25) size 396x21 [bgcolor=#FF00FF] [r=1 c=0 rs=1 cs=2]
              RenderText {#text} at (1,1) size 134x19
                text run at (1,1) width 134: "colspan=2 width=400"
      RenderBlock {DIV} at (0,1306) size 406x6 [border: (3px solid #FF0000)]
      RenderTable {TABLE} at (0,1312) size 400x48
        RenderTableSection {TBODY} at (0,0) size 400x48
          RenderTableRow {TR} at (0,2) size 400x21
            RenderTableCell {TD} at (2,2) size 197x21 [bgcolor=#00FF00] [r=0 c=0 rs=1 cs=1]
              RenderText {#text} at (1,1) size 65x19
                text run at (1,1) width 65: "width=200"
            RenderTableCell {TD} at (201,2) size 197x21 [bgcolor=#FFFF00] [r=0 c=1 rs=1 cs=1]
              RenderText {#text} at (1,1) size 65x19
                text run at (1,1) width 65: "width=200"
          RenderTableRow {TR} at (0,25) size 400x21
            RenderTableCell {TD} at (2,25) size 396x21 [bgcolor=#FF00FF] [r=1 c=0 rs=1 cs=2]
              RenderText {#text} at (1,1) size 65x19
                text run at (1,1) width 65: "colspan=2"
      RenderBlock {DIV} at (0,1360) size 406x6 [border: (3px solid #FF0000)]
      RenderBlock {H2} at (0,1383) size 784x29
        RenderText {#text} at (0,0) size 218x29
          text run at (0,0) width 218: "Tables Without Width"
      RenderBlock {P} at (0,1429) size 784x38
        RenderText {#text} at (0,0) size 746x38
          text run at (0,0) width 746: "The following tables have no width. They should still be the same size, by virtue of them having a 400 pixel cell and no"
          text run at (0,19) width 156: "padding/margin/borders."
      RenderBlock {H3} at (0,1483) size 784x23
        RenderText {#text} at (0,0) size 58x22
          text run at (0,0) width 58: "260/140"
      RenderBlock {DIV} at (0,1522) size 406x6 [border: (3px solid #FF0000)]
      RenderTable {TABLE} at (0,1528) size 406x48
        RenderTableSection {TBODY} at (0,0) size 406x48
          RenderTableRow {TR} at (0,2) size 406x21
            RenderTableCell {TD} at (2,2) size 258x21 [bgcolor=#00FF00] [r=0 c=0 rs=1 cs=1]
              RenderText {#text} at (1,1) size 30x19
                text run at (1,1) width 30: "plain"
            RenderTableCell {TD} at (262,2) size 142x21 [bgcolor=#FFFF00] [r=0 c=1 rs=1 cs=1]
              RenderText {#text} at (1,1) size 65x19
                text run at (1,1) width 65: "width=140"
          RenderTableRow {TR} at (0,25) size 406x21
            RenderTableCell {TD} at (2,25) size 402x21 [bgcolor=#FF00FF] [r=1 c=0 rs=1 cs=2]
              RenderText {#text} at (1,1) size 134x19
                text run at (1,1) width 134: "colspan=2 width=400"
      RenderBlock {DIV} at (0,1576) size 406x6 [border: (3px solid #FF0000)]
      RenderTable {TABLE} at (0,1582) size 406x48
        RenderTableSection {TBODY} at (0,0) size 406x48
          RenderTableRow {TR} at (0,2) size 406x21
            RenderTableCell {TD} at (2,2) size 262x21 [bgcolor=#00FF00] [r=0 c=0 rs=1 cs=1]
              RenderText {#text} at (1,1) size 65x19
                text run at (1,1) width 65: "width=260"
            RenderTableCell {TD} at (266,2) size 138x21 [bgcolor=#FFFF00] [r=0 c=1 rs=1 cs=1]
              RenderText {#text} at (1,1) size 30x19
                text run at (1,1) width 30: "plain"
          RenderTableRow {TR} at (0,25) size 406x21
            RenderTableCell {TD} at (2,25) size 402x21 [bgcolor=#FF00FF] [r=1 c=0 rs=1 cs=2]
              RenderText {#text} at (1,1) size 134x19
                text run at (1,1) width 134: "colspan=2 width=400"
      RenderBlock {DIV} at (0,1630) size 406x6 [border: (3px solid #FF0000)]
      RenderTable {TABLE} at (0,1636) size 410x48
        RenderTableSection {TBODY} at (0,0) size 410x48
          RenderTableRow {TR} at (0,2) size 410x21
            RenderTableCell {TD} at (2,2) size 262x21 [bgcolor=#00FF00] [r=0 c=0 rs=1 cs=1]
              RenderText {#text} at (1,1) size 65x19
                text run at (1,1) width 65: "width=260"
            RenderTableCell {TD} at (266,2) size 142x21 [bgcolor=#FFFF00] [r=0 c=1 rs=1 cs=1]
              RenderText {#text} at (1,1) size 65x19
                text run at (1,1) width 65: "width=140"
          RenderTableRow {TR} at (0,25) size 410x21
            RenderTableCell {TD} at (2,25) size 406x21 [bgcolor=#FF00FF] [r=1 c=0 rs=1 cs=2]
              RenderText {#text} at (1,1) size 134x19
                text run at (1,1) width 134: "colspan=2 width=400"
      RenderBlock {DIV} at (0,1684) size 406x6 [border: (3px solid #FF0000)]
      RenderTable {TABLE} at (0,1690) size 410x48
        RenderTableSection {TBODY} at (0,0) size 410x48
          RenderTableRow {TR} at (0,2) size 410x21
            RenderTableCell {TD} at (2,2) size 262x21 [bgcolor=#00FF00] [r=0 c=0 rs=1 cs=1]
              RenderText {#text} at (1,1) size 65x19
                text run at (1,1) width 65: "width=260"
            RenderTableCell {TD} at (266,2) size 142x21 [bgcolor=#FFFF00] [r=0 c=1 rs=1 cs=1]
              RenderText {#text} at (1,1) size 65x19
                text run at (1,1) width 65: "width=140"
          RenderTableRow {TR} at (0,25) size 410x21
            RenderTableCell {TD} at (2,25) size 406x21 [bgcolor=#FF00FF] [r=1 c=0 rs=1 cs=2]
              RenderText {#text} at (1,1) size 65x19
                text run at (1,1) width 65: "colspan=2"
      RenderBlock {DIV} at (0,1738) size 406x6 [border: (3px solid #FF0000)]
      RenderBlock {H3} at (0,1760) size 784x23
        RenderText {#text} at (0,0) size 58x22
          text run at (0,0) width 58: "140/260"
      RenderBlock {DIV} at (0,1799) size 406x6 [border: (3px solid #FF0000)]
      RenderTable {TABLE} at (0,1805) size 406x48
        RenderTableSection {TBODY} at (0,0) size 406x48
          RenderTableRow {TR} at (0,2) size 406x21
            RenderTableCell {TD} at (2,2) size 142x21 [bgcolor=#00FF00] [r=0 c=0 rs=1 cs=1]
              RenderText {#text} at (1,1) size 65x19
                text run at (1,1) width 65: "width=140"
            RenderTableCell {TD} at (146,2) size 258x21 [bgcolor=#FFFF00] [r=0 c=1 rs=1 cs=1]
              RenderText {#text} at (1,1) size 30x19
                text run at (1,1) width 30: "plain"
          RenderTableRow {TR} at (0,25) size 406x21
            RenderTableCell {TD} at (2,25) size 402x21 [bgcolor=#FF00FF] [r=1 c=0 rs=1 cs=2]
              RenderText {#text} at (1,1) size 134x19
                text run at (1,1) width 134: "colspan=2 width=400"
      RenderBlock {DIV} at (0,1853) size 406x6 [border: (3px solid #FF0000)]
      RenderTable {TABLE} at (0,1859) size 406x48
        RenderTableSection {TBODY} at (0,0) size 406x48
          RenderTableRow {TR} at (0,2) size 406x21
            RenderTableCell {TD} at (2,2) size 138x21 [bgcolor=#00FF00] [r=0 c=0 rs=1 cs=1]
              RenderText {#text} at (1,1) size 30x19
                text run at (1,1) width 30: "plain"
            RenderTableCell {TD} at (142,2) size 262x21 [bgcolor=#FFFF00] [r=0 c=1 rs=1 cs=1]
              RenderText {#text} at (1,1) size 65x19
                text run at (1,1) width 65: "width=260"
          RenderTableRow {TR} at (0,25) size 406x21
            RenderTableCell {TD} at (2,25) size 402x21 [bgcolor=#FF00FF] [r=1 c=0 rs=1 cs=2]
              RenderText {#text} at (1,1) size 134x19
                text run at (1,1) width 134: "colspan=2 width=400"
      RenderBlock {DIV} at (0,1907) size 406x6 [border: (3px solid #FF0000)]
      RenderTable {TABLE} at (0,1913) size 410x48
        RenderTableSection {TBODY} at (0,0) size 410x48
          RenderTableRow {TR} at (0,2) size 410x21
            RenderTableCell {TD} at (2,2) size 142x21 [bgcolor=#00FF00] [r=0 c=0 rs=1 cs=1]
              RenderText {#text} at (1,1) size 65x19
                text run at (1,1) width 65: "width=140"
            RenderTableCell {TD} at (146,2) size 262x21 [bgcolor=#FFFF00] [r=0 c=1 rs=1 cs=1]
              RenderText {#text} at (1,1) size 65x19
                text run at (1,1) width 65: "width=260"
          RenderTableRow {TR} at (0,25) size 410x21
            RenderTableCell {TD} at (2,25) size 406x21 [bgcolor=#FF00FF] [r=1 c=0 rs=1 cs=2]
              RenderText {#text} at (1,1) size 134x19
                text run at (1,1) width 134: "colspan=2 width=400"
      RenderBlock {DIV} at (0,1961) size 406x6 [border: (3px solid #FF0000)]
      RenderTable {TABLE} at (0,1967) size 410x48
        RenderTableSection {TBODY} at (0,0) size 410x48
          RenderTableRow {TR} at (0,2) size 410x21
            RenderTableCell {TD} at (2,2) size 142x21 [bgcolor=#00FF00] [r=0 c=0 rs=1 cs=1]
              RenderText {#text} at (1,1) size 65x19
                text run at (1,1) width 65: "width=140"
            RenderTableCell {TD} at (146,2) size 262x21 [bgcolor=#FFFF00] [r=0 c=1 rs=1 cs=1]
              RenderText {#text} at (1,1) size 65x19
                text run at (1,1) width 65: "width=260"
          RenderTableRow {TR} at (0,25) size 410x21
            RenderTableCell {TD} at (2,25) size 406x21 [bgcolor=#FF00FF] [r=1 c=0 rs=1 cs=2]
              RenderText {#text} at (1,1) size 65x19
                text run at (1,1) width 65: "colspan=2"
      RenderBlock {DIV} at (0,2015) size 406x6 [border: (3px solid #FF0000)]
      RenderBlock {H3} at (0,2037) size 784x23
        RenderText {#text} at (0,0) size 32x22
          text run at (0,0) width 32: "50%"
      RenderBlock {DIV} at (0,2076) size 406x6 [border: (3px solid #FF0000)]
      RenderTable {TABLE} at (0,2082) size 556x48
        RenderTableSection {TBODY} at (0,0) size 556x48
          RenderTableRow {TR} at (0,2) size 556x21
            RenderTableCell {TD} at (2,2) size 275x21 [bgcolor=#00FF00] [r=0 c=0 rs=1 cs=1]
              RenderText {#text} at (1,1) size 69x19
                text run at (1,1) width 69: "width=50%"
            RenderTableCell {TD} at (279,2) size 275x21 [bgcolor=#FFFF00] [r=0 c=1 rs=1 cs=1]
              RenderText {#text} at (1,1) size 30x19
                text run at (1,1) width 30: "plain"
          RenderTableRow {TR} at (0,25) size 556x21
            RenderTableCell {TD} at (2,25) size 552x21 [bgcolor=#FF00FF] [r=1 c=0 rs=1 cs=2]
              RenderText {#text} at (1,1) size 134x19
                text run at (1,1) width 134: "colspan=2 width=400"
      RenderBlock {DIV} at (0,2130) size 406x6 [border: (3px solid #FF0000)]
      RenderTable {TABLE} at (0,2136) size 558x48
        RenderTableSection {TBODY} at (0,0) size 558x48
          RenderTableRow {TR} at (0,2) size 558x21
            RenderTableCell {TD} at (2,2) size 276x21 [bgcolor=#00FF00] [r=0 c=0 rs=1 cs=1]
              RenderText {#text} at (1,1) size 30x19
                text run at (1,1) width 30: "plain"
            RenderTableCell {TD} at (280,2) size 276x21 [bgcolor=#FFFF00] [r=0 c=1 rs=1 cs=1]
              RenderText {#text} at (1,1) size 69x19
                text run at (1,1) width 69: "width=50%"
          RenderTableRow {TR} at (0,25) size 558x21
            RenderTableCell {TD} at (2,25) size 554x21 [bgcolor=#FF00FF] [r=1 c=0 rs=1 cs=2]
              RenderText {#text} at (1,1) size 134x19
                text run at (1,1) width 134: "colspan=2 width=400"
      RenderBlock {DIV} at (0,2184) size 406x6 [border: (3px solid #FF0000)]
      RenderTable {TABLE} at (0,2190) size 406x48
        RenderTableSection {TBODY} at (0,0) size 406x48
          RenderTableRow {TR} at (0,2) size 406x21
            RenderTableCell {TD} at (2,2) size 200x21 [bgcolor=#00FF00] [r=0 c=0 rs=1 cs=1]
              RenderText {#text} at (1,1) size 69x19
                text run at (1,1) width 69: "width=50%"
            RenderTableCell {TD} at (204,2) size 200x21 [bgcolor=#FFFF00] [r=0 c=1 rs=1 cs=1]
              RenderText {#text} at (1,1) size 69x19
                text run at (1,1) width 69: "width=50%"
          RenderTableRow {TR} at (0,25) size 406x21
            RenderTableCell {TD} at (2,25) size 402x21 [bgcolor=#FF00FF] [r=1 c=0 rs=1 cs=2]
              RenderText {#text} at (1,1) size 134x19
                text run at (1,1) width 134: "colspan=2 width=400"
      RenderBlock {DIV} at (0,2238) size 406x6 [border: (3px solid #FF0000)]
      RenderTable {TABLE} at (0,2244) size 406x48
        RenderTableSection {TBODY} at (0,0) size 406x48
          RenderTableRow {TR} at (0,2) size 406x21
            RenderTableCell {TD} at (2,2) size 200x21 [bgcolor=#00FF00] [r=0 c=0 rs=1 cs=1]
              RenderText {#text} at (1,1) size 30x19
                text run at (1,1) width 30: "plain"
            RenderTableCell {TD} at (204,2) size 200x21 [bgcolor=#FFFF00] [r=0 c=1 rs=1 cs=1]
              RenderText {#text} at (1,1) size 30x19
                text run at (1,1) width 30: "plain"
          RenderTableRow {TR} at (0,25) size 406x21
            RenderTableCell {TD} at (2,25) size 402x21 [bgcolor=#FF00FF] [r=1 c=0 rs=1 cs=2]
              RenderText {#text} at (1,1) size 134x19
                text run at (1,1) width 134: "colspan=2 width=400"
      RenderBlock {DIV} at (0,2292) size 406x6 [border: (3px solid #FF0000)]
      RenderTable {TABLE} at (0,2298) size 410x48
        RenderTableSection {TBODY} at (0,0) size 410x48
          RenderTableRow {TR} at (0,2) size 410x21
            RenderTableCell {TD} at (2,2) size 202x21 [bgcolor=#00FF00] [r=0 c=0 rs=1 cs=1]
              RenderText {#text} at (1,1) size 65x19
                text run at (1,1) width 65: "width=200"
            RenderTableCell {TD} at (206,2) size 202x21 [bgcolor=#FFFF00] [r=0 c=1 rs=1 cs=1]
              RenderText {#text} at (1,1) size 65x19
                text run at (1,1) width 65: "width=200"
          RenderTableRow {TR} at (0,25) size 410x21
            RenderTableCell {TD} at (2,25) size 406x21 [bgcolor=#FF00FF] [r=1 c=0 rs=1 cs=2]
              RenderText {#text} at (1,1) size 65x19
                text run at (1,1) width 65: "colspan=2"
      RenderBlock {DIV} at (0,2346) size 406x6 [border: (3px solid #FF0000)]
