layer at (0,0) size 800x600
  RenderView at (0,0) size 800x600
layer at (0,0) size 800x600
  RenderBlock {HTML} at (0,0) size 800x600
    RenderBody {BODY} at (8,8) size 784x584
      RenderBlock {H1} at (0,0) size 784x37
        RenderText {#text} at (0,0) size 273x36
          text run at (0,0) width 273: "Zooming Menu List"
      RenderBlock (anonymous) at (0,58) size 784x60
        RenderMenuList {SELECT} at (6,6) size 125x48 [bgcolor=#DDDDDD]
          RenderBlock (anonymous) at (0,0) size 125x48
            RenderText at (4,1) size 74x45
              text run at (4,1) width 74: "One"
        RenderText {#text} at (0,0) size 0x0
