layer at (0,0) size 800x600
  RenderView at (0,0) size 800x600
layer at (0,0) size 800x600
  RenderBlock {HTML} at (0,0) size 800x600
    RenderBody {BODY} at (8,8) size 784x584
      RenderBlock (anonymous) at (0,0) size 784x36
        RenderText {#text} at (0,0) size 262x18
          text run at (0,0) width 262: "Tables: both lines should be 1 pixel thick."
        RenderBR {BR} at (262,14) size 0x0
        RenderBR {BR} at (0,18) size 0x18
      RenderTable {TABLE} at (0,36) size 37x5
        RenderTableSection {TBODY} at (0,0) size 37x5
          RenderTableRow {TR} at (0,2) size 37x1
            RenderTableCell {TD} at (2,2) size 31x1 [bgcolor=#FF0000] [r=0 c=0 rs=1 cs=1]
              RenderImage {IMG} at (0,0) size 30x1
            RenderTableCell {TD} at (35,2) size 0x0 [r=0 c=1 rs=1 cs=1]
      RenderBlock (anonymous) at (0,41) size 784x18
        RenderBR {BR} at (0,0) size 0x18
      RenderTable {TABLE} at (0,59) size 34x5
        RenderTableSection {TBODY} at (0,0) size 34x5
          RenderTableRow {TR} at (0,2) size 34x1
            RenderTableCell {TD} at (2,2) size 30x1 [bgcolor=#FF0000] [r=0 c=0 rs=1 cs=1]
              RenderImage {IMG} at (0,0) size 30x1
      RenderBlock (anonymous) at (0,64) size 784x184
        RenderBR {BR} at (0,0) size 0x18
        RenderBR {BR} at (0,18) size 0x18
        RenderBR {BR} at (0,36) size 0x18
        RenderText {#text} at (0,54) size 397x18
          text run at (0,54) width 222: "2 texts, FACE=\"Arial, Helvetica\", "
          text run at (222,54) width 175: "1st at size=0, 2nd at size=-4"
        RenderBR {BR} at (397,68) size 0x0
        RenderBR {BR} at (0,72) size 0x18
        RenderInline {FONT} at (0,0) size 160x35
          RenderText {#text} at (0,90) size 160x17
            text run at (0,90) width 160: "Detonator 3.53 Drivers"
          RenderBR {BR} at (160,104) size 0x0
          RenderText {#text} at (0,108) size 118x17
            text run at (0,108) width 118: "Available NOW! "
        RenderBR {BR} at (118,122) size 0x0
        RenderBR {BR} at (0,126) size 0x18
        RenderInline {FONT} at (0,0) size 104x22
          RenderText {#text} at (0,144) size 104x11
            text run at (0,144) width 104: "Detonator 3.53 Drivers"
          RenderBR {BR} at (104,153) size 0x0
          RenderText {#text} at (0,155) size 75x11
            text run at (0,155) width 75: "Available NOW! "
        RenderBR {BR} at (75,164) size 0x0
        RenderBR {BR} at (0,166) size 0x18
