layer at (0,0) size 800x600
  RenderView at (0,0) size 800x600
layer at (0,0) size 800x57
  RenderBlock {HTML} at (0,0) size 800x57
    RenderBody {BODY} at (8,8) size 784x41
      RenderBlock {DIV} at (0,0) size 784x20
        RenderText {#text} at (0,0) size 200x20
          text run at (0,0) width 200: "This should be a yen-sign: \x{A5}"
      RenderBlock {DIV} at (0,20) size 784x21
        RenderText {#text} at (0,0) size 194x21
          text run at (0,0) width 194: "This should be a backslash: \\"
