layer at (0,0) size 800x600
  RenderView at (0,0) size 800x600
layer at (0,0) size 800x600
  RenderBlock {HTML} at (0,0) size 800x600
    RenderBody {BODY} at (8,8) size 784x584
      RenderBlock {P} at (0,0) size 784x40
        RenderText {#text} at (0,0) size 53x19
          text run at (0,0) width 53: "Test for "
        RenderInline {I} at (0,0) size 778x39
          RenderInline {A} at (0,0) size 294x19 [color=#0000EE]
            RenderText {#text} at (53,0) size 294x19
              text run at (53,0) width 294: "http://bugs.webkit.org/show_bug.cgi?id=12726"
          RenderText {#text} at (347,0) size 778x39
            text run at (347,0) width 4: " "
            text run at (351,0) width 427: "REGRESSION (r12073): Text wraps in the middle of a word instead"
            text run at (0,20) width 260: "of wrapping at the space before the word"
        RenderText {#text} at (260,20) size 4x19
          text run at (260,20) width 4: "."
      RenderBlock {P} at (0,54) size 784x19
        RenderText {#text} at (0,0) size 375x19
          text run at (0,0) width 375: "\x{201C}onelongwrodwithnobreaks\x{201D} should not break in the middle."
      RenderBlock {DIV} at (0,87) size 200x32 [bgcolor=#FFFF00]
        RenderText {#text} at (0,0) size 127x32
          text run at (0,0) width 110: "lllllllllllllllllllllllllllllllllllllllllllllllllllllll"
          text run at (0,16) width 127: "onelongwrodwithnobreaks"
