layer at (0,0) size 800x600
  RenderView at (0,0) size 800x600
layer at (0,0) size 800x600
  RenderBlock {HTML} at (0,0) size 800x600
    RenderBody {BODY} at (8,8) size 784x578
      RenderBlock {P} at (0,0) size 784x40
        RenderText {#text} at (0,0) size 53x19
          text run at (0,0) width 53: "Test for "
        RenderInline {I} at (0,0) size 757x39
          RenderInline {A} at (0,0) size 294x19 [color=#0000EE]
            RenderText {#text} at (53,0) size 294x19
              text run at (53,0) width 294: "http://bugs.webkit.org/show_bug.cgi?id=11671"
          RenderText {#text} at (347,0) size 757x39
            text run at (347,0) width 4: " "
            text run at (351,0) width 406: "REGRESSION (r13702): text-transform: capitalize changes non-"
            text run at (0,20) width 169: "breaking spaces to spaces"
        RenderText {#text} at (169,20) size 4x19
          text run at (169,20) width 4: "."
      RenderBlock {P} at (0,54) size 784x19
        RenderText {#text} at (0,0) size 287x19
          text run at (0,0) width 287: "The next three lines should all look the same."
      RenderBlock {P} at (0,87) size 784x19
        RenderText {#text} at (0,0) size 100x19
          text run at (0,0) width 100: "Lorem     Ipsum"
      RenderBlock {P} at (0,120) size 784x19
        RenderText {#text} at (0,0) size 61x19
          text run at (0,0) width 61: "Lorem     "
        RenderInline {SPAN} at (0,0) size 39x19
          RenderText {#text} at (61,0) size 39x19
            text run at (61,0) width 39: "Ipsum"
      RenderBlock {P} at (0,153) size 784x19
        RenderText {#text} at (0,0) size 100x19
          text run at (0,0) width 100: "Lorem     Ipsum"
