layer at (0,0) size 800x600
  RenderView at (0,0) size 800x600
layer at (0,0) size 800x600
  RenderBlock {HTML} at (0,0) size 800x600
    RenderBody {BODY} at (8,8) size 784x578
      RenderBlock {P} at (0,0) size 784x40
        RenderText {#text} at (0,0) size 176x19
          text run at (0,0) width 176: "This is a regression test for "
        RenderInline {I} at (0,0) size 753x39
          RenderInline {A} at (0,0) size 337x19 [color=#0000EE]
            RenderText {#text} at (176,0) size 337x19
              text run at (176,0) width 337: "http://bugzilla.opendarwin.org/show_bug.cgi?id=9432"
          RenderText {#text} at (513,0) size 753x39
            text run at (513,0) width 4: " "
            text run at (517,0) width 236: "REGRESSION: crash in capitalization"
            text run at (0,20) width 278: "code due to empty-string generated content"
        RenderText {#text} at (278,20) size 4x19
          text run at (278,20) width 4: "."
      RenderBlock {HR} at (0,54) size 784x2 [border: (1px inset #000000)]
      RenderBlock {P} at (0,70) size 784x20
        RenderInline {SPAN} at (0,0) size 84x19
          RenderText {#text} at (0,0) size 45x19
            text run at (0,0) width 45: "Lorem "
          RenderInline {SPAN} at (0,0) size 39x19
            RenderInline (generated) at (0,0) size 0x19
              RenderText at (0,0) size 0x0
            RenderText {#text} at (45,0) size 39x19
              text run at (45,0) width 39: "Ipsum"
        RenderText {#text} at (84,0) size 4x19
          text run at (84,0) width 4: " "
        RenderInline {I} at (0,0) size 62x19
          RenderText {#text} at (88,0) size 62x19
            text run at (88,0) width 62: "should be"
        RenderText {#text} at (150,0) size 88x19
          text run at (150,0) width 88: " Lorem Ipsum"
      RenderBlock {P} at (0,104) size 784x20
        RenderInline {SPAN} at (0,0) size 84x19
          RenderText {#text} at (0,0) size 21x19
            text run at (0,0) width 21: "Lor"
          RenderInline {SPAN} at (0,0) size 63x19
            RenderInline (generated) at (0,0) size 0x19
              RenderText at (0,0) size 0x0
            RenderText {#text} at (21,0) size 63x19
              text run at (21,0) width 63: "em Ipsum"
        RenderText {#text} at (84,0) size 4x19
          text run at (84,0) width 4: " "
        RenderInline {I} at (0,0) size 62x19
          RenderText {#text} at (88,0) size 62x19
            text run at (88,0) width 62: "should be"
        RenderText {#text} at (150,0) size 88x19
          text run at (150,0) width 88: " Lorem Ipsum"
