layer at (0,0) size 800x600
  RenderView at (0,0) size 800x600
layer at (0,0) size 800x600
  RenderBlock {HTML} at (0,0) size 800x600
    RenderBody {BODY} at (8,8) size 784x584
      RenderBlock {P} at (0,0) size 784x20
        RenderText {#text} at (0,0) size 53x19
          text run at (0,0) width 53: "Test for "
        RenderInline {I} at (0,0) size 601x19
          RenderInline {A} at (0,0) size 294x19 [color=#0000EE]
            RenderText {#text} at (53,0) size 294x19
              text run at (53,0) width 294: "http://bugs.webkit.org/show_bug.cgi?id=12039"
          RenderText {#text} at (347,0) size 307x19
            text run at (347,0) width 4: " "
            text run at (351,0) width 303: "Assertion failure in WebCore::Font::primaryFont"
        RenderText {#text} at (654,0) size 4x19
          text run at (654,0) width 4: "."
      RenderBlock (anonymous) at (0,34) size 784x19
        RenderInline {SPAN} at (0,0) size 36x19
          RenderText {#text} at (0,0) size 36x19
            text run at (0,0) width 36: "PASS"
        RenderText {#text} at (0,0) size 0x0
        RenderText {#text} at (0,0) size 0x0
