layer at (0,0) size 800x600
  RenderView at (0,0) size 800x600
layer at (0,0) size 800x600
  RenderBlock {HTML} at (0,0) size 800x600
    RenderBody {BODY} at (8,8) size 784x584
      RenderBlock {P} at (0,0) size 784x40
        RenderText {#text} at (0,0) size 176x19
          text run at (0,0) width 176: "This is a regression test for "
        RenderInline {I} at (0,0) size 702x39
          RenderInline {A} at (0,0) size 337x19 [color=#0000EE]
            RenderText {#text} at (176,0) size 337x19
              text run at (176,0) width 337: "http://bugzilla.opendarwin.org/show_bug.cgi?id=8485"
          RenderText {#text} at (513,0) size 702x39
            text run at (513,0) width 4: " "
            text run at (517,0) width 185: "iExploder(#11705): Freeze in"
            text run at (0,20) width 137: "RenderBlock::layout()"
        RenderText {#text} at (137,20) size 4x19
          text run at (137,20) width 4: "."
      RenderBlock {HR} at (0,54) size 784x2 [border: (1px inset #000000)]
      RenderBlock {DIV} at (0,63) size 30x302
        RenderText {#text} at (0,0) size 80x302
          text run at (0,0) width 0: " "
          text run at (0,151) width 80: "A"
