layer at (0,0) size 800x600
  RenderView at (0,0) size 800x600
layer at (0,0) size 800x600
  RenderBlock {HTML} at (0,0) size 800x600
    RenderBody {BODY} at (8,8) size 784x584
      RenderBlock {P} at (0,0) size 784x40
        RenderText {#text} at (0,0) size 53x19
          text run at (0,0) width 53: "Test for "
        RenderInline {I} at (0,0) size 753x39
          RenderInline {A} at (0,0) size 294x19 [color=#0000EE]
            RenderText {#text} at (53,0) size 294x19
              text run at (53,0) width 294: "http://bugs.webkit.org/show_bug.cgi?id=13153"
          RenderText {#text} at (347,0) size 753x39
            text run at (347,0) width 4: " "
            text run at (351,0) width 402: "REGRESSION: Visual highlighting of pre-populated blank line in"
            text run at (0,20) width 114: "textarea is broken"
        RenderText {#text} at (114,20) size 4x19
          text run at (114,20) width 4: "."
      RenderBlock {P} at (0,54) size 784x19
        RenderText {#text} at (0,0) size 334x19
          text run at (0,0) width 334: "Testing the highlighting of and near hard line breaks."
      RenderBlock (anonymous) at (0,87) size 784x80
        RenderPartObject {IFRAME} at (4,4) size 62x72 [border: (1px solid #0000FF)]
          layer at (0,0) size 44x73
            RenderView at (0,0) size 44x70
          layer at (0,0) size 44x73
            RenderBlock {HTML} at (0,0) size 44x73
              RenderBody {BODY} at (8,8) size 28x57
                RenderBlock {PRE} at (0,0) size 28x57
                  RenderText {#text} at (0,0) size 21x57
                    text run at (0,0) width 20: "foo"
                    text run at (20,0) width 0: " "
                    text run at (0,19) width 0: " "
                    text run at (0,38) width 21: "bar"
        RenderPartObject {IFRAME} at (74,4) size 62x72 [border: (1px solid #0000FF)]
          layer at (0,0) size 44x73
            RenderView at (0,0) size 44x70
          layer at (0,0) size 44x73
            RenderBlock {HTML} at (0,0) size 44x73
              RenderBody {BODY} at (8,8) size 28x57
                RenderBlock {PRE} at (0,0) size 28x57
                  RenderText {#text} at (0,0) size 21x57
                    text run at (0,0) width 20: "foo"
                    text run at (20,0) width 0: " "
                    text run at (0,19) width 0: " "
                    text run at (0,38) width 21: "bar"
        RenderPartObject {IFRAME} at (144,4) size 62x72 [border: (1px solid #0000FF)]
          layer at (0,0) size 44x73
            RenderView at (0,0) size 44x70
          layer at (0,0) size 44x73
            RenderBlock {HTML} at (0,0) size 44x73
              RenderBody {BODY} at (8,8) size 28x57
                RenderBlock {PRE} at (0,0) size 28x57
                  RenderText {#text} at (0,0) size 21x57
                    text run at (0,0) width 20: "foo"
                    text run at (20,0) width 0: " "
                    text run at (0,19) width 0: " "
                    text run at (0,38) width 21: "bar"
        RenderPartObject {IFRAME} at (214,4) size 62x72 [border: (1px solid #0000FF)]
          layer at (0,0) size 44x73
            RenderView at (0,0) size 44x70
          layer at (0,0) size 44x73
            RenderBlock {HTML} at (0,0) size 44x73
              RenderBody {BODY} at (8,8) size 28x57
                RenderBlock {PRE} at (0,0) size 28x57
                  RenderText {#text} at (0,0) size 21x57
                    text run at (0,0) width 20: "foo"
                    text run at (20,0) width 0: " "
                    text run at (0,19) width 0: " "
                    text run at (0,38) width 21: "bar"
        RenderPartObject {IFRAME} at (284,4) size 62x72 [border: (1px solid #0000FF)]
          layer at (0,0) size 44x73
            RenderView at (0,0) size 44x70
          layer at (0,0) size 44x73
            RenderBlock {HTML} at (0,0) size 44x73
              RenderBody {BODY} at (8,8) size 28x57
                RenderBlock {PRE} at (0,0) size 28x57
                  RenderText {#text} at (0,0) size 21x57
                    text run at (0,0) width 20: "foo"
                    text run at (20,0) width 0: " "
                    text run at (0,19) width 0: " "
                    text run at (0,38) width 21: "bar"
        RenderPartObject {IFRAME} at (354,4) size 62x72 [border: (1px solid #0000FF)]
          layer at (0,0) size 44x73
            RenderView at (0,0) size 44x70
          layer at (0,0) size 44x73
            RenderBlock {HTML} at (0,0) size 44x73
              RenderBody {BODY} at (8,8) size 28x57
                RenderBlock {PRE} at (0,0) size 28x57
                  RenderText {#text} at (0,0) size 21x57
                    text run at (0,0) width 20: "foo"
                    text run at (20,0) width 0: " "
                    text run at (0,19) width 0: " "
                    text run at (0,38) width 21: "bar"
        RenderPartObject {IFRAME} at (424,4) size 62x72 [border: (1px solid #0000FF)]
          layer at (0,0) size 44x73
            RenderView at (0,0) size 44x70
          layer at (0,0) size 44x73
            RenderBlock {HTML} at (0,0) size 44x73
              RenderBody {BODY} at (8,8) size 28x57
                RenderBlock {PRE} at (0,0) size 28x57
                  RenderText {#text} at (0,0) size 21x57
                    text run at (0,0) width 20: "foo"
                    text run at (20,0) width 0: " "
                    text run at (0,19) width 0: " "
                    text run at (0,38) width 21: "bar"
        RenderPartObject {IFRAME} at (494,4) size 62x72 [border: (1px solid #0000FF)]
          layer at (0,0) size 44x73
            RenderView at (0,0) size 44x70
          layer at (0,0) size 44x73
            RenderBlock {HTML} at (0,0) size 44x73
              RenderBody {BODY} at (8,8) size 28x57
                RenderBlock {PRE} at (0,0) size 28x57
                  RenderText {#text} at (0,0) size 21x57
                    text run at (0,0) width 20: "foo"
                    text run at (20,0) width 0: " "
                    text run at (0,19) width 0: " "
                    text run at (0,38) width 21: "bar"
        RenderPartObject {IFRAME} at (564,4) size 62x72 [border: (1px solid #0000FF)]
          layer at (0,0) size 44x73
            RenderView at (0,0) size 44x70
          layer at (0,0) size 44x73
            RenderBlock {HTML} at (0,0) size 44x73
              RenderBody {BODY} at (8,8) size 28x57
                RenderBlock {PRE} at (0,0) size 28x57
                  RenderText {#text} at (0,0) size 21x57
                    text run at (0,0) width 20: "foo"
                    text run at (20,0) width 0: " "
                    text run at (0,19) width 0: " "
                    text run at (0,38) width 21: "bar"
        RenderPartObject {IFRAME} at (634,4) size 62x72 [border: (1px solid #0000FF)]
          layer at (0,0) size 44x73
            RenderView at (0,0) size 44x70
          layer at (0,0) size 44x73
            RenderBlock {HTML} at (0,0) size 44x73
              RenderBody {BODY} at (8,8) size 28x57
                RenderBlock {PRE} at (0,0) size 28x57
                  RenderText {#text} at (0,0) size 21x57
                    text run at (0,0) width 20: "foo"
                    text run at (20,0) width 0: " "
                    text run at (0,19) width 0: " "
                    text run at (0,38) width 21: "bar"
        RenderText {#text} at (0,0) size 0x0
      RenderBlock {P} at (0,181) size 784x19
        RenderText {#text} at (0,0) size 311x19
          text run at (0,0) width 311: "Testing the highlighting of text split across boxes."
      RenderBlock (anonymous) at (0,214) size 784x80
        RenderPartObject {IFRAME} at (4,4) size 130x72 [border: (1px solid #0000FF)]
          layer at (0,0) size 128x70
            RenderView at (0,0) size 128x70
          layer at (0,0) size 128x70
            RenderBlock {HTML} at (0,0) size 128x70
              RenderBody {BODY} at (8,8) size 112x54
                RenderBlock {DIV} at (0,0) size 112x38
                  RenderText {#text} at (0,0) size 83x38
                    text run at (0,0) width 45: "Lorem "
                    text run at (45,0) width 38: "ipsum"
                    text run at (0,19) width 32: "dolor"
        RenderText {#text} at (0,0) size 0x0
        RenderText {#text} at (0,0) size 0x0
