layer at (0,0) size 800x600
  RenderView at (0,0) size 800x600
layer at (0,0) size 800x600
  RenderBlock {HTML} at (0,0) size 800x600
    RenderBody {BODY} at (8,8) size 784x584
      RenderBlock {P} at (0,0) size 784x40
        RenderText {#text} at (0,0) size 53x19
          text run at (0,0) width 53: "Test for "
        RenderInline {I} at (0,0) size 774x39
          RenderText {#text} at (53,0) size 774x39
            text run at (53,0) width 721: "http://bugzilla.opendarwin.org/show_bug.cgi?id=6132 Incorrect selection highlighting for ATSUI text when selected"
            text run at (0,20) width 118: "range is \"CG-safe\""
        RenderText {#text} at (118,20) size 4x19
          text run at (118,20) width 4: "."
      RenderBlock {P} at (0,54) size 784x19
        RenderText {#text} at (0,0) size 695x19
          text run at (0,0) width 695: "The word \x{201C}dolor\x{201D} below should be highlighted in its entirety. The highlight should not extend beyond that word."
      RenderBlock {HR} at (0,87) size 784x2 [border: (1px inset #000000)]
      RenderBlock (anonymous) at (0,96) size 784x19
        RenderInline {SPAN} at (0,0) size 173x19
          RenderText {#text} at (0,0) size 173x19
            text run at (0,0) width 173: "Lo\x{308}re\x{300}m ipsum dolor sit amet"
        RenderText {#text} at (0,0) size 0x0
        RenderText {#text} at (0,0) size 0x0
selection start: position 14 of child 0 {#text} of child 7 {SPAN} of child 1 {BODY} of child 0 {HTML} of document
selection end:   position 19 of child 0 {#text} of child 7 {SPAN} of child 1 {BODY} of child 0 {HTML} of document
