layer at (0,0) size 800x963
  RenderView at (0,0) size 800x600
layer at (0,0) size 800x963
  RenderBlock {HTML} at (0,0) size 800x963
    RenderBody {BODY} at (8,14) size 784x935
      RenderBlock {P} at (0,0) size 784x19
        RenderText {#text} at (0,0) size 422x19
          text run at (0,0) width 422: "In all of the following, there should not be a hyphen before \x{201C}lorem\x{201D}."
      RenderBlock {P} at (0,33) size 784x19
        RenderText {#text} at (0,0) size 18x19
          text run at (0,0) width 18: "Do"
        RenderBlock (floating) {SPAN} at (773,0) size 11x21 [border: (1px solid #FF0000)]
          RenderText {#text} at (1,1) size 9x19
            text run at (1,1) width 9: "X"
        RenderText {#text} at (18,0) size 78x19
          text run at (18,0) width 78: "lorem ipsum"
      RenderBlock {P} at (0,66) size 784x19
        RenderBlock (floating) {SPAN} at (773,0) size 11x21 [border: (1px solid #FF0000)]
          RenderText {#text} at (1,1) size 9x19
            text run at (1,1) width 9: "X"
        RenderText {#text} at (0,0) size 78x19
          text run at (0,0) width 78: "lorem ipsum"
      RenderBlock {P} at (0,99) size 784x21
        RenderText {#text} at (0,1) size 18x19
          text run at (0,1) width 18: "Do"
        RenderText {#text} at (29,1) size 78x19
          text run at (29,1) width 78: "lorem ipsum"
      RenderBlock {P} at (0,134) size 784x19
        RenderText {#text} at (0,0) size 18x19
          text run at (0,0) width 18: "Do"
        RenderText {#text} at (18,0) size 78x19
          text run at (18,0) width 78: "lorem ipsum"
      RenderBlock (anonymous) at (0,167) size 784x19
        RenderText {#text} at (0,0) size 18x19
          text run at (0,0) width 18: "Do"
      RenderBlock {P} at (0,200) size 784x19
        RenderText {#text} at (0,0) size 78x19
          text run at (0,0) width 78: "lorem ipsum"
      RenderBlock {P} at (0,233) size 784x38
        RenderText {#text} at (0,0) size 18x19
          text run at (0,0) width 18: "Do"
        RenderBR {BR} at (18,14) size 0x0
        RenderText {#text} at (0,19) size 78x19
          text run at (0,19) width 78: "lorem ipsum"
      RenderBlock {P} at (0,285) size 784x19
        RenderText {#text} at (0,0) size 18x19
          text run at (0,0) width 18: "Do"
        RenderInline {SPAN} at (0,0) size 36x19
          RenderText {#text} at (18,0) size 36x19
            text run at (18,0) width 36: "lorem"
        RenderText {#text} at (54,0) size 42x19
          text run at (54,0) width 42: " ipsum"
      RenderBlock {P} at (0,318) size 784x19
        RenderText {#text} at (0,0) size 10x19
          text run at (0,0) width 10: "D"
        RenderInline {SPAN} at (0,0) size 8x19
          RenderText {#text} at (10,0) size 8x19
            text run at (10,0) width 8: "o"
        RenderText {#text} at (18,0) size 78x19
          text run at (18,0) width 78: "lorem ipsum"
      RenderBlock {P} at (0,351) size 784x19
        RenderText {#text} at (0,0) size 22x19
          text run at (0,0) width 22: "Do "
        RenderInline {SPAN} at (0,0) size 36x19
          RenderText {#text} at (22,0) size 36x19
            text run at (22,0) width 36: "lorem"
        RenderText {#text} at (58,0) size 42x19
          text run at (58,0) width 42: " ipsum"
      RenderBlock {P} at (0,384) size 784x19
        RenderText {#text} at (0,0) size 10x19
          text run at (0,0) width 10: "D"
        RenderInline {SPAN} at (0,0) size 12x19
          RenderText {#text} at (10,0) size 12x19
            text run at (10,0) width 12: "o "
        RenderText {#text} at (22,0) size 78x19
          text run at (22,0) width 78: "lorem ipsum"
      RenderBlock {P} at (0,417) size 784x19
        RenderText {#text} at (0,0) size 22x19
          text run at (0,0) width 22: "Do "
        RenderInline {SPAN} at (0,0) size 36x19
          RenderText {#text} at (22,0) size 36x19
            text run at (22,0) width 36: "lorem"
        RenderText {#text} at (58,0) size 42x19
          text run at (58,0) width 42: " ipsum"
      RenderBlock {P} at (0,450) size 784x19
        RenderText {#text} at (0,0) size 10x19
          text run at (0,0) width 10: "D"
        RenderInline {SPAN} at (0,0) size 12x19
          RenderText {#text} at (10,0) size 12x19
            text run at (10,0) width 12: "o "
        RenderText {#text} at (22,0) size 78x19
          text run at (22,0) width 78: "lorem ipsum"
      RenderBlock {P} at (0,483) size 784x19
        RenderText {#text} at (0,0) size 62x19
          text run at (0,0) width 22: "Do "
          text run at (22,0) width 40: " lorem"
      RenderBlock {P} at (0,516) size 784x19
        RenderText {#text} at (0,0) size 58x19
          text run at (0,0) width 18: "Do"
          text run at (18,0) width 4: " "
          text run at (22,0) width 36: "lorem"
      RenderBlock {P} at (0,549) size 784x19
        RenderText {#text} at (0,0) size 58x19
          text run at (0,0) width 22: "Do "
          text run at (22,0) width 36: "lorem"
      RenderBlock {P} at (0,582) size 784x19
        RenderText {#text} at (0,0) size 58x19
          text run at (0,0) width 18: "Do"
          text run at (18,0) width 4: " "
          text run at (22,0) width 36: "lorem"
      RenderBlock {P} at (0,615) size 784x19
        RenderText {#text} at (0,0) size 62x19
          text run at (0,0) width 22: "Do "
          text run at (22,0) width 4: " "
          text run at (26,0) width 36: "lorem"
      RenderBlock {P} at (0,648) size 784x19
        RenderText {#text} at (0,0) size 58x19
          text run at (0,0) width 22: "Do "
          text run at (22,0) width 36: "lorem"
      RenderBlock {P} at (0,681) size 784x19
        RenderText {#text} at (0,0) size 18x19
          text run at (0,0) width 18: "Do"
        RenderInline {SPAN} at (0,0) size 0x19
        RenderText {#text} at (18,0) size 78x19
          text run at (18,0) width 78: "lorem ipsum"
      RenderBlock {P} at (0,714) size 784x19
        RenderText {#text} at (0,0) size 96x19
          text run at (0,0) width 18: "Do"
          text run at (18,0) width 78: "lorem ipsum"
      RenderBlock {P} at (0,747) size 784x19
        RenderInline {SPAN} at (0,0) size 18x19
          RenderText {#text} at (0,0) size 18x19
            text run at (0,0) width 18: "Do"
        RenderText {#text} at (18,0) size 78x19
          text run at (18,0) width 78: "lorem ipsum"
      RenderBlock {P} at (0,780) size 784x19
        RenderText {#text} at (0,0) size 18x19
          text run at (0,0) width 18: "Do"
        RenderInline {SPAN} at (0,0) size 78x19
          RenderText {#text} at (18,0) size 78x19
            text run at (18,0) width 78: "lorem ipsum"
      RenderBlock {P} at (0,813) size 784x19
        RenderInline {SPAN} at (0,0) size 18x19
          RenderText {#text} at (0,0) size 18x19
            text run at (0,0) width 18: "Do"
        RenderText {#text} at (18,0) size 78x19
          text run at (18,0) width 78: "lorem ipsum"
      RenderBlock {P} at (0,846) size 784x19
        RenderText {#text} at (0,0) size 245x19
          text run at (0,0) width 245: "The following pair should be the same:"
      RenderBlock {P} at (0,879) size 784x21
        RenderText {#text} at (0,1) size 13x19
          text run at (0,1) width 13: "W"
        RenderBlock {SPAN} at (13,0) size 11x21 [border: (1px solid #FF0000)]
          RenderText {#text} at (1,1) size 9x19
            text run at (1,1) width 9: "X"
        RenderText {#text} at (24,1) size 9x19
          text run at (24,1) width 9: "Y"
      RenderBlock {P} at (0,914) size 784x21
        RenderText {#text} at (0,1) size 13x19
          text run at (0,1) width 13: "W"
        RenderBlock {SPAN} at (13,0) size 11x21 [border: (1px solid #FF0000)]
          RenderText {#text} at (1,1) size 9x19
            text run at (1,1) width 9: "X"
        RenderText {#text} at (24,1) size 9x19
          text run at (24,1) width 9: "Y"
layer at (26,113) size 11x21
  RenderBlock (relative positioned) {SPAN} at (18,0) size 11x21 [border: (1px solid #FF0000)]
    RenderText {#text} at (1,1) size 9x19
      text run at (1,1) width 9: "X"
layer at (789,148) size 11x21
  RenderBlock (positioned) {SPAN} at (789,148) size 11x21 [border: (1px solid #FF0000)]
    RenderText {#text} at (1,1) size 9x19
      text run at (1,1) width 9: "X"
