layer at (0,0) size 800x795
  RenderView at (0,0) size 800x600
layer at (0,0) size 800x795
  RenderBlock {HTML} at (0,0) size 800x795
    RenderBody {BODY} at (8,8) size 784x777
      RenderBlock {P} at (0,0) size 784x19
        RenderText {#text} at (0,0) size 171x19
          text run at (0,0) width 171: "Two words with no spaces."
      RenderBlock {DIV} at (0,33) size 302x21 [border: (1px solid #0000FF)]
        RenderText {#text} at (1,1) size 512x19
          text run at (1,1) width 512: "aaaaaaaaaaaaaaaaaaaaaaaaaaaaaaaabbbbbbbbbbbbbbbbbbbbbbbbbbbbbbbb"
      RenderTable {TABLE} at (0,64) size 784x21
        RenderTableSection {TBODY} at (0,0) size 784x21
          RenderTableRow {TR} at (0,0) size 784x21
            RenderTableCell {TD} at (0,0) size 514x21 [border: (1px solid #008000)] [r=0 c=0 rs=1 cs=1]
              RenderText {#text} at (1,1) size 512x19
                text run at (1,1) width 512: "aaaaaaaaaaaaaaaaaaaaaaaaaaaaaaaabbbbbbbbbbbbbbbbbbbbbbbbbbbbbbbb"
            RenderTableCell {TD} at (514,10) size 270x0 [r=0 c=1 rs=1 cs=1]
      RenderBlock {P} at (0,99) size 784x19
        RenderText {#text} at (0,0) size 181x19
          text run at (0,0) width 181: "Using <wbr> to break words."
      RenderBlock {DIV} at (0,132) size 302x40 [border: (1px solid #0000FF)]
        RenderText {#text} at (1,1) size 256x19
          text run at (1,1) width 256: "aaaaaaaaaaaaaaaaaaaaaaaaaaaaaaaa"
        RenderWordBreak {WBR} at (0,0) size 0x0
        RenderText {#text} at (1,20) size 256x19
          text run at (1,20) width 256: "bbbbbbbbbbbbbbbbbbbbbbbbbbbbbbbb"
      RenderTable {TABLE} at (0,182) size 784x40
        RenderTableSection {TBODY} at (0,0) size 784x40
          RenderTableRow {TR} at (0,0) size 784x40
            RenderTableCell {TD} at (0,0) size 258x40 [border: (1px solid #008000)] [r=0 c=0 rs=1 cs=1]
              RenderText {#text} at (1,1) size 256x19
                text run at (1,1) width 256: "aaaaaaaaaaaaaaaaaaaaaaaaaaaaaaaa"
              RenderWordBreak {WBR} at (0,0) size 0x0
              RenderText {#text} at (1,20) size 256x19
                text run at (1,20) width 256: "bbbbbbbbbbbbbbbbbbbbbbbbbbbbbbbb"
            RenderTableCell {TD} at (258,20) size 526x0 [r=0 c=1 rs=1 cs=1]
      RenderBlock {P} at (0,236) size 784x19
        RenderText {#text} at (0,0) size 270x19
          text run at (0,0) width 270: "Using <wbr> within <nobr> to break words."
      RenderBlock {DIV} at (0,269) size 302x40 [border: (1px solid #0000FF)]
        RenderInline {NOBR} at (0,0) size 256x38
          RenderText {#text} at (1,1) size 256x19
            text run at (1,1) width 256: "aaaaaaaaaaaaaaaaaaaaaaaaaaaaaaaa"
          RenderWordBreak {WBR} at (0,0) size 0x0
          RenderText {#text} at (1,20) size 256x19
            text run at (1,20) width 256: "bbbbbbbbbbbbbbbbbbbbbbbbbbbbbbbb"
      RenderTable {TABLE} at (0,319) size 784x40
        RenderTableSection {TBODY} at (0,0) size 784x40
          RenderTableRow {TR} at (0,0) size 784x40
            RenderTableCell {TD} at (0,0) size 258x40 [border: (1px solid #008000)] [r=0 c=0 rs=1 cs=1]
              RenderInline {NOBR} at (0,0) size 256x38
                RenderText {#text} at (1,1) size 256x19
                  text run at (1,1) width 256: "aaaaaaaaaaaaaaaaaaaaaaaaaaaaaaaa"
                RenderWordBreak {WBR} at (0,0) size 0x0
                RenderText {#text} at (1,20) size 256x19
                  text run at (1,20) width 256: "bbbbbbbbbbbbbbbbbbbbbbbbbbbbbbbb"
            RenderTableCell {TD} at (258,20) size 526x0 [r=0 c=1 rs=1 cs=1]
      RenderBlock {P} at (0,373) size 784x19
        RenderText {#text} at (0,0) size 218x19
          text run at (0,0) width 218: "Using <wbr> to break three words."
      RenderBlock {DIV} at (0,406) size 302x59 [border: (1px solid #0000FF)]
        RenderText {#text} at (1,1) size 192x19
          text run at (1,1) width 192: "aaaaaaaaaaaaaaaaaaaaaaaa"
        RenderWordBreak {WBR} at (0,0) size 0x0
        RenderText {#text} at (1,20) size 192x19
          text run at (1,20) width 192: "bbbbbbbbbbbbbbbbbbbbbbbb"
        RenderWordBreak {WBR} at (0,0) size 0x0
        RenderText {#text} at (1,39) size 168x19
          text run at (1,39) width 168: "cccccccccccccccccccccccc"
      RenderTable {TABLE} at (0,475) size 784x59
        RenderTableSection {TBODY} at (0,0) size 784x59
          RenderTableRow {TR} at (0,0) size 784x59
            RenderTableCell {TD} at (0,0) size 194x59 [border: (1px solid #008000)] [r=0 c=0 rs=1 cs=1]
              RenderText {#text} at (1,1) size 192x19
                text run at (1,1) width 192: "aaaaaaaaaaaaaaaaaaaaaaaa"
              RenderWordBreak {WBR} at (0,0) size 0x0
              RenderText {#text} at (1,20) size 192x19
                text run at (1,20) width 192: "bbbbbbbbbbbbbbbbbbbbbbbb"
              RenderWordBreak {WBR} at (0,0) size 0x0
              RenderText {#text} at (1,39) size 168x19
                text run at (1,39) width 168: "cccccccccccccccccccccccc"
            RenderTableCell {TD} at (194,29) size 590x0 [r=0 c=1 rs=1 cs=1]
      RenderBlock {P} at (0,548) size 784x19
        RenderText {#text} at (0,0) size 307x19
          text run at (0,0) width 307: "Using <wbr> within <nobr> to break three words."
      RenderBlock {DIV} at (0,581) size 302x59 [border: (1px solid #0000FF)]
        RenderInline {NOBR} at (0,0) size 192x57
          RenderText {#text} at (1,1) size 192x19
            text run at (1,1) width 192: "aaaaaaaaaaaaaaaaaaaaaaaa"
          RenderWordBreak {WBR} at (0,0) size 0x0
          RenderText {#text} at (1,20) size 192x19
            text run at (1,20) width 192: "bbbbbbbbbbbbbbbbbbbbbbbb"
          RenderWordBreak {WBR} at (0,0) size 0x0
          RenderText {#text} at (1,39) size 168x19
            text run at (1,39) width 168: "cccccccccccccccccccccccc"
      RenderTable {TABLE} at (0,650) size 784x59
        RenderTableSection {TBODY} at (0,0) size 784x59
          RenderTableRow {TR} at (0,0) size 784x59
            RenderTableCell {TD} at (0,0) size 194x59 [border: (1px solid #008000)] [r=0 c=0 rs=1 cs=1]
              RenderInline {NOBR} at (0,0) size 192x57
                RenderText {#text} at (1,1) size 192x19
                  text run at (1,1) width 192: "aaaaaaaaaaaaaaaaaaaaaaaa"
                RenderWordBreak {WBR} at (0,0) size 0x0
                RenderText {#text} at (1,20) size 192x19
                  text run at (1,20) width 192: "bbbbbbbbbbbbbbbbbbbbbbbb"
                RenderWordBreak {WBR} at (0,0) size 0x0
                RenderText {#text} at (1,39) size 168x19
                  text run at (1,39) width 168: "cccccccccccccccccccccccc"
            RenderTableCell {TD} at (194,29) size 590x0 [r=0 c=1 rs=1 cs=1]
      RenderBlock {P} at (0,723) size 784x19
        RenderText {#text} at (0,0) size 436x19
          text run at (0,0) width 436: "Spaces both before and after <wbr> to check for collapsing behavior."
      RenderBlock {DIV} at (0,756) size 302x21 [border: (1px solid #0000FF)]
        RenderText {#text} at (1,1) size 28x19
          text run at (1,1) width 28: "aaa "
        RenderWordBreak {WBR} at (0,0) size 0x0
        RenderText {#text} at (29,1) size 24x19
          text run at (29,1) width 24: "bbb"
