layer at (0,0) size 800x600
  RenderView at (0,0) size 800x600
layer at (0,0) size 800x600
  RenderBlock {HTML} at (0,0) size 800x600
    RenderBody {BODY} at (8,8) size 784x584
      RenderBlock {P} at (0,0) size 784x60
        RenderText {#text} at (0,0) size 426x19
          text run at (0,0) width 426: "This tests that bidirectional text is correctly rendered in popup controls."
        RenderBR {BR} at (426,15) size 0x0
        RenderText {#text} at (0,20) size 766x39
          text run at (0,20) width 766: "The order of the text below each popup button should match the order of the select's option text, and the order of the text in the"
          text run at (0,40) width 79: "popup menu."
      RenderBlock (anonymous) at (0,76) size 784x42
        RenderText {#text} at (0,0) size 262x19
          text run at (0,0) width 262: "1) direction: rtl; -webkit-rtl-ordering: logical"
        RenderBR {BR} at (262,15) size 0x0
        RenderMenuList {SELECT} at (0,22) size 100x18 [bgcolor=#DDDDDD]
          RenderBlock (anonymous) at (0,0) size 100x18
            RenderText at (33,1) size 63x16
              text run at (33,1) width 42 RTL: "\x{5D0}\x{5E4}\x{5E8}\x{5E1}\x{5DE}\x{5D5}\x{5DF}"
              text run at (75,1) width 21: "abc"
        RenderBR {BR} at (100,36) size 0x0
      RenderBlock {DIV} at (0,118) size 100x20
        RenderText {#text} at (0,0) size 69x19
          text run at (0,0) width 22: "abc"
          text run at (22,0) width 47 RTL: "\x{5D0}\x{5E4}\x{5E8}\x{5E1}\x{5DE}\x{5D5}\x{5DF}"
      RenderBlock (anonymous) at (0,138) size 784x62
        RenderBR {BR} at (0,0) size 0x19
        RenderText {#text} at (0,20) size 105x19
          text run at (0,20) width 105: "2) text-align: right"
        RenderBR {BR} at (105,35) size 0x0
        RenderMenuList {SELECT} at (0,42) size 200x18 [bgcolor=#DDDDDD]
          RenderBlock (anonymous) at (0,0) size 200x18
            RenderText at (118,1) size 63x16
              text run at (118,1) width 21: "abc"
              text run at (139,1) width 42 RTL: "\x{5D0}\x{5E4}\x{5E8}\x{5E1}\x{5DE}\x{5D5}\x{5DF}"
        RenderBR {BR} at (200,56) size 0x0
      RenderBlock {DIV} at (0,200) size 200x20
        RenderText {#text} at (0,0) size 69x19
          text run at (0,0) width 22: "abc"
          text run at (22,0) width 47 RTL: "\x{5D0}\x{5E4}\x{5E8}\x{5E1}\x{5DE}\x{5D5}\x{5DF}"
      RenderBlock (anonymous) at (0,220) size 784x62
        RenderBR {BR} at (0,0) size 0x19
        RenderText {#text} at (0,20) size 68x19
          text run at (0,20) width 68: "3) No style"
        RenderBR {BR} at (68,35) size 0x0
        RenderMenuList {SELECT} at (0,42) size 100x18 [bgcolor=#DDDDDD]
          RenderBlock (anonymous) at (0,0) size 100x18
            RenderText at (4,1) size 63x16
              text run at (4,1) width 21: "abc"
              text run at (25,1) width 42 RTL: "\x{5D0}\x{5E4}\x{5E8}\x{5E1}\x{5DE}\x{5D5}\x{5DF}"
        RenderBR {BR} at (100,56) size 0x0
      RenderBlock {DIV} at (0,282) size 100x20
        RenderText {#text} at (0,0) size 69x19
          text run at (0,0) width 22: "abc"
          text run at (22,0) width 47 RTL: "\x{5D0}\x{5E4}\x{5E8}\x{5E1}\x{5DE}\x{5D5}\x{5DF}"
      RenderBlock (anonymous) at (0,302) size 784x20
        RenderBR {BR} at (0,0) size 0x19
