layer at (0,0) size 800x600
  RenderView at (0,0) size 800x600
layer at (0,0) size 800x600
  RenderBlock {HTML} at (0,0) size 800x600
    RenderBody {BODY} at (8,8) size 784x584 [bgcolor=#CCCCCC]
      RenderBlock {P} at (0,0) size 784x18
        RenderText {#text} at (0,0) size 481x18
          text run at (0,0) width 481: "The style declarations which apply to the text below are:"
      RenderBlock {PRE} at (0,35) size 784x63
        RenderText {#text} at (0,0) size 360x63
          text run at (0,0) width 360: ".one {list-style-position: outside;}"
          text run at (360,0) width 0: " "
          text run at (0,21) width 350: ".two {list-style-position: inside;}"
          text run at (350,21) width 0: " "
          text run at (0,42) width 0: " "
      RenderBlock {HR} at (0,115) size 784x2 [border: (1px inset #000000)]
      RenderBlock {UL} at (0,134) size 784x36
        RenderListItem {LI} at (40,0) size 744x36
          RenderListMarker at (-16,0) size 6x18: bullet
          RenderText {#text} at (0,0) size 736x36
            text run at (0,0) width 736: "The text in this item should behave as expected; that is, it should line up with itself on"
            text run at (0,18) width 472: "the left margin, leaving blank space beneath the bullet."
      RenderBlock {UL} at (0,187) size 784x36
        RenderListItem {LI} at (40,0) size 744x36
          RenderListMarker at (-1,0) size 6x18: bullet
          RenderText {#text} at (13,0) size 742x36
            text run at (13,0) width 729: "The text in this item should not behave as expected; that is, it should line up with the"
            text run at (0,18) width 578: "bullet on the left margin, leaving no blank space beneath the bullet."
      RenderTable {TABLE} at (0,240) size 784x142 [border: (1px outset #808080)]
        RenderTableSection {TBODY} at (1,1) size 782x140
          RenderTableRow {TR} at (0,0) size 782x26
            RenderTableCell {TD} at (0,0) size 782x26 [bgcolor=#C0C0C0] [border: (1px inset #808080)] [r=0 c=0 rs=1 cs=2]
              RenderInline {STRONG} at (0,0) size 214x18
                RenderText {#text} at (4,4) size 214x18
                  text run at (4,4) width 214: "TABLE Testing Section"
          RenderTableRow {TR} at (0,26) size 782x114
            RenderTableCell {TD} at (0,70) size 13x26 [bgcolor=#C0C0C0] [border: (1px inset #808080)] [r=1 c=0 rs=1 cs=1]
              RenderText {#text} at (4,4) size 5x18
                text run at (4,4) width 5: " "
            RenderTableCell {TD} at (13,26) size 769x114 [border: (1px inset #808080)] [r=1 c=1 rs=1 cs=1]
              RenderBlock {UL} at (4,4) size 761x36
                RenderListItem {LI} at (40,0) size 721x36
                  RenderListMarker at (-16,0) size 6x18: bullet
                  RenderText {#text} at (0,0) size 710x36
                    text run at (0,0) width 710: "The text in this item should behave as expected; that is, it should line up with itself"
                    text run at (0,18) width 498: "on the left margin, leaving blank space beneath the bullet."
              RenderBlock {UL} at (4,57) size 761x36
                RenderListItem {LI} at (40,0) size 721x36
                  RenderListMarker at (-1,0) size 6x18: bullet
                  RenderText {#text} at (13,0) size 709x36
                    text run at (13,0) width 696: "The text in this item should not behave as expected; that is, it should line up with"
                    text run at (0,18) width 611: "the bullet on the left margin, leaving no blank space beneath the bullet."
