layer at (0,0) size 800x600
  RenderView at (0,0) size 800x600
layer at (0,0) size 800x600
  RenderBlock {HTML} at (0,0) size 800x600
    RenderBody {BODY} at (8,8) size 784x576
      RenderBlock {P} at (0,0) size 784x440
        RenderText {#text} at (0,0) size 784x39
          text run at (0,0) width 784: "Test canvas arc() start / end points when the arc is >= 360 degrees. The result should be a circle with two line segments connected"
          text run at (0,20) width 394: "to the left hand side, towards the top left and bottom left corners. "
        RenderHTMLCanvas {CANVAS} at (0,40) size 400x400
        RenderText {#text} at (0,0) size 0x0
        RenderText {#text} at (0,0) size 0x0
        RenderText {#text} at (0,0) size 0x0
