layer at (0,0) size 800x600
  RenderView at (0,0) size 800x600
layer at (0,0) size 800x600
  RenderBlock {HTML} at (0,0) size 800x600
    RenderBody {BODY} at (8,8) size 784x584
      RenderBlock (anonymous) at (0,0) size 784x60
        RenderText {#text} at (0,0) size 752x40
          text run at (0,0) width 752: "Test that <ruby> rendered as inline-table (or somesuch) is not affected by ruby rendering. Both <div> below"
          text run at (0,20) width 159: "should look the same. "
        RenderBR {BR} at (159,36) size 0x0
        RenderBR {BR} at (0,40) size 0x20
      RenderBlock {DIV} at (3,63) size 778x50 [bgcolor=#FFFFDD] [border: (1px solid #000000)]
        RenderText {#text} at (9,21) size 237x20
          text run at (9,21) width 237: "This is some XHTML1.1 text with "
        RenderTable {SPAN} at (246,9) size 46x32
          RenderTableSection {SPAN} at (0,12) size 46x20
            RenderTableRow (anonymous) at (0,0) size 46x20
              RenderTableCell (anonymous) at (0,0) size 46x20 [r=0 c=0 rs=1 cs=1]
                RenderText {#text} at (4,0) size 38x20
                  text run at (4,0) width 38: "Ruby"
          RenderTableSection {SPAN} at (0,0) size 46x12
            RenderTableRow (anonymous) at (0,0) size 46x12
              RenderTableCell (anonymous) at (0,0) size 46x12 [r=0 c=0 rs=1 cs=1]
                RenderText {#text} at (0,0) size 46x12
                  text run at (0,0) width 46: "guide text"
        RenderText {#text} at (292,21) size 61x20
          text run at (292,21) width 61: " markup."
      RenderBlock (anonymous) at (0,116) size 784x20
        RenderBR {BR} at (0,0) size 0x20
      RenderBlock {DIV} at (3,139) size 778x50 [bgcolor=#FFFFDD] [border: (1px solid #000000)]
        RenderText {#text} at (9,21) size 237x20
          text run at (9,21) width 237: "This is some XHTML1.1 text with "
        RenderTable {RUBY} at (246,9) size 46x32
          RenderTableSection {RB} at (0,12) size 46x20
            RenderTableRow (anonymous) at (0,0) size 46x20
              RenderTableCell (anonymous) at (0,0) size 46x20 [r=0 c=0 rs=1 cs=1]
                RenderText {#text} at (4,0) size 38x20
                  text run at (4,0) width 38: "Ruby"
          RenderTableSection {RT} at (0,0) size 46x12
            RenderTableRow (anonymous) at (0,0) size 46x12
              RenderTableCell (anonymous) at (0,0) size 46x12 [r=0 c=0 rs=1 cs=1]
                RenderText {#text} at (0,0) size 46x12
                  text run at (0,0) width 46: "guide text"
        RenderText {#text} at (292,21) size 61x20
          text run at (292,21) width 61: " markup."
