layer at (0,0) size 846x600
  RenderView at (0,0) size 800x600
layer at (0,0) size 846x600
  RenderBlock {HTML} at (0,0) size 800x600
    RenderBody {BODY} at (8,8) size 784x584
      RenderBlock {H1} at (0,0) size 784x38
        RenderText {#text} at (0,0) size 195x38
          text run at (0,0) width 195: "Cloning nodes"
      RenderBlock {DIV} at (0,56) size 784x86 [bgcolor=#FFFF00] [border: (2px ridge #000000)]
        RenderInline {SPAN} at (0,0) size 836x82
          RenderText {#text} at (2,2) size 66x41
            text run at (2,2) width 66: "Bold"
          RenderInline {SPAN} at (0,0) size 770x41
            RenderText {#text} at (68,2) size 222x41
              text run at (68,2) width 222: "Bold+Underline"
            RenderInline {SPAN} at (0,0) size 308x41
              RenderText {#text} at (290,2) size 308x41
                text run at (290,2) width 308: "Bold+Underline+Italic"
            RenderText {#text} at (598,2) size 240x41
              text run at (598,2) width 240: "Bold+Uunderline"
          RenderText {#text} at (2,43) size 66x41
            text run at (2,43) width 66: "Bold"
        RenderText {#text} at (0,0) size 0x0
      RenderBlock (anonymous) at (0,142) size 784x19
        RenderText {#text} at (0,0) size 186x19
          text run at (0,0) width 186: "Cloned Node with deep=false"
      RenderBlock {DIV} at (0,161) size 784x43 [bgcolor=#FFFF00] [border: (2px ridge #000000)]
        RenderBR {BR} at (2,2) size 0x39
      RenderBlock (anonymous) at (0,204) size 784x19
        RenderText {#text} at (0,0) size 181x19
          text run at (0,0) width 181: "Cloned Node with deep=true"
      RenderBlock {DIV} at (0,223) size 784x86 [bgcolor=#FFFF00] [border: (2px ridge #000000)]
        RenderInline {SPAN} at (0,0) size 836x82
          RenderText {#text} at (2,2) size 66x41
            text run at (2,2) width 66: "Bold"
          RenderInline {SPAN} at (0,0) size 770x41
            RenderText {#text} at (68,2) size 222x41
              text run at (68,2) width 222: "Bold+Underline"
            RenderInline {SPAN} at (0,0) size 308x41
              RenderText {#text} at (290,2) size 308x41
                text run at (290,2) width 308: "Bold+Underline+Italic"
            RenderText {#text} at (598,2) size 240x41
              text run at (598,2) width 240: "Bold+Uunderline"
          RenderText {#text} at (2,43) size 66x41
            text run at (2,43) width 66: "Bold"
        RenderText {#text} at (0,0) size 0x0
