layer at (0,0) size 800x600
  RenderView at (0,0) size 800x600
layer at (0,0) size 800x600
  RenderBlock {HTML} at (0,0) size 800x600
    RenderBody {BODY} at (8,8) size 784x584
      RenderBlock {H1} at (0,0) size 784x38
        RenderText {#text} at (0,0) size 406x38
          text run at (0,0) width 406: "DOMParser/XMLSerializer test"
      RenderBlock {DIV} at (0,56) size 784x38
        RenderText {#text} at (0,0) size 777x38
          text run at (0,0) width 777: "The \"text to parse\" and \"document object serialized\" boxes should show the same text, and it should be an XML document,"
          text run at (0,19) width 151: "not \"@@No result@@\"."
      RenderBlock {DIV} at (0,94) size 784x202 [border: (1px solid #000000)]
        RenderBlock (anonymous) at (1,1) size 782x20
          RenderInline {SPAN} at (0,0) size 86x20 [color=#800000]
            RenderText {#text} at (0,0) size 86x20
              text run at (0,0) width 86: "text to parse"
          RenderText {#text} at (0,0) size 0x0
        RenderBlock {PRE} at (29,35) size 754x152
          RenderText {#text} at (0,0) size 495x152
            text run at (0,0) width 142: "<?xml version=\"1.0\"?>"
            text run at (142,0) width 0: " "
            text run at (0,19) width 114: "<!DOCTYPE doc ["
            text run at (114,19) width 0: " "
            text run at (0,38) width 190: "<!ATTLIST d id ID #IMPLIED>"
            text run at (190,38) width 0: " "
            text run at (0,57) width 12: "]>"
            text run at (12,57) width 0: " "
            text run at (0,76) width 39: "<doc>"
            text run at (39,76) width 0: " "
            text run at (0,95) width 453: "  <foo xmlns=\"foobar\">One</foo> <x:bar xmlns:x=\"barfoo\">Two</x:bar>"
            text run at (453,95) width 0: " "
            text run at (0,114) width 150: "  <d id=\"id3\">Three</d>"
            text run at (150,114) width 0: " "
            text run at (0,133) width 495: "<f id=\"&amp;&lt;&gt;\">Four&amp;&lt;&gt;</f><empty/><empty></empty></doc>"
            text run at (495,133) width 0: " "
      RenderBlock {DIV} at (0,303) size 784x69 [border: (1px solid #000000)]
        RenderBlock (anonymous) at (1,1) size 782x20
          RenderInline {SPAN} at (0,0) size 116x20 [color=#800000]
            RenderText {#text} at (0,0) size 116x20
              text run at (0,0) width 116: "document object"
          RenderText {#text} at (0,0) size 0x0
        RenderBlock {PRE} at (29,35) size 754x19
          RenderText {#text} at (0,0) size 115x19
            text run at (0,0) width 115: "[object Document]"
      RenderBlock {DIV} at (0,379) size 784x126 [border: (1px solid #000000)]
        RenderBlock (anonymous) at (1,1) size 782x20
          RenderInline {SPAN} at (0,0) size 185x20 [color=#800000]
            RenderText {#text} at (0,0) size 185x20
              text run at (0,0) width 185: "document object serialized"
          RenderText {#text} at (0,0) size 0x0
        RenderBlock {PRE} at (29,35) size 754x76
          RenderText {#text} at (0,0) size 453x76
            text run at (0,0) width 153: "<!DOCTYPE doc><doc>"
            text run at (153,0) width 0: " "
            text run at (0,19) width 453: "  <foo xmlns=\"foobar\">One</foo> <x:bar xmlns:x=\"barfoo\">Two</x:bar>"
            text run at (453,19) width 0: " "
            text run at (0,38) width 150: "  <d id=\"id3\">Three</d>"
            text run at (150,38) width 0: " "
            text run at (0,57) width 440: "<f id=\"&amp;&lt;&gt;\">Four&amp;&lt;&gt;</f><empty/><empty/></doc>"
