layer at (0,0) size 835x600
  RenderView at (0,0) size 800x600
layer at (0,0) size 835x600
  RenderBlock {HTML} at (0,0) size 800x600
    RenderBody {BODY} at (8,8) size 784x578
      RenderBlock {DIV} at (0,0) size 784x19
        RenderText {#text} at (0,0) size 30x19
          text run at (0,0) width 30: "hello"
      RenderBlock {PRE} at (0,33) size 784x19
        RenderText {#text} at (0,0) size 815x19
          text run at (0,0) width 815: "The null characters should be stripped out of the sting above and it should have a length of 5. And the DOM thinks the length is..."
        RenderText {#text} at (815,0) size 12x19
          text run at (815,0) width 12: "5!"
