layer at (0,0) size 809x600
  RenderView at (0,0) size 800x600
layer at (0,0) size 809x600
  RenderBlock {HTML} at (0,0) size 800x600
    RenderBody {BODY} at (8,8) size 784x578
      RenderBlock {DIV} at (0,0) size 784x99 [border: (3px solid #FFA500)]
        RenderBlock (floating) {DIV} at (10,10) size 120x120 [bgcolor=#FFA500] [border: (3px solid #FFA500)]
        RenderListItem {DIV} at (10,10) size 764x79 [border: (3px solid #FFA500)]
          RenderListItem {DIV} at (10,10) size 744x59 [border: (3px solid #FFA500)]
            RenderListItem {DIV} at (10,10) size 724x39 [border: (3px solid #FFA500)]
              RenderListMarker at (101,10) size 7x19: bullet
              RenderListMarker at (101,10) size 7x19: bullet
              RenderListMarker at (101,10) size 7x19: bullet
              RenderText {#text} at (128,10) size 84x19
                text run at (128,10) width 84: "List item text."
      RenderBlock {UL} at (0,113) size 784x123
        RenderListItem {LI} at (40,0) size 744x123 [border: (2px solid #FF0000)]
          RenderListMarker at (754,52) size 7x19: bullet
          RenderText {#text} at (215,52) size 477x19
            text run at (215,52) width 477: "Foo fofodfosjlkdf dslkdjlk asdlksjald djklsd klasjdkas sdajd lsadjkl asjdlksajdk"
