layer at (0,0) size 800x600
  RenderView at (0,0) size 800x600
layer at (0,0) size 800x376
  RenderBlock {HTML} at (0,0) size 800x341
    RenderBody {BODY} at (8,14) size 784x313
      RenderBlock (floating) {DIV} at (0,0) size 470x362
        RenderBlock {P} at (0,14) size 470x59
          RenderText {#text} at (0,0) size 414x19
            text run at (0,0) width 414: "This test case illustrates incorrect positioning of list items within a "
          RenderInline {CODE} at (0,0) size 454x37
            RenderText {#text} at (414,2) size 454x37
              text run at (414,2) width 40: "text-"
              text run at (0,22) width 96: "align: right"
          RenderText {#text} at (96,20) size 71x19
            text run at (96,20) width 71: " div after a "
          RenderInline {CODE} at (0,0) size 88x17
            RenderText {#text} at (167,22) size 88x17
              text run at (167,22) width 88: "float: left"
          RenderText {#text} at (255,20) size 30x19
            text run at (255,20) width 30: " div. "
          RenderInline {A} at (0,0) size 421x39 [color=#0000EE]
            RenderText {#text} at (285,20) size 421x39
              text run at (285,20) width 136: "Screenshot of correct"
              text run at (0,40) width 55: "behavior"
          RenderText {#text} at (55,40) size 8x19
            text run at (55,40) width 8: "; "
          RenderInline {A} at (0,0) size 127x19 [color=#0000EE]
            RenderText {#text} at (63,40) size 127x19
              text run at (63,40) width 127: "screenshot of Safari"
          RenderText {#text} at (190,40) size 4x19
            text run at (190,40) width 4: "."
        RenderBlock {P} at (0,87) size 470x38
          RenderText {#text} at (0,0) size 443x19
            text run at (0,0) width 443: "This bug only occurs on pages with a standards-compliant DOCTYPE."
          RenderInline {A} at (0,0) size 249x19 [color=#0000EE]
            RenderText {#text} at (0,19) size 249x19
              text run at (0,19) width 249: "View this test case without a DOCTYPE"
          RenderText {#text} at (249,19) size 4x19
            text run at (249,19) width 4: "."
        RenderBlock {OL} at (0,139) size 470x209
          RenderListItem {LI} at (40,0) size 430x38
            RenderListMarker at (-20,0) size 16x19: "1"
            RenderText {#text} at (0,0) size 390x38
              text run at (0,0) width 153: "New larger PowerBook. "
              text run at (153,0) width 237: "Still 1 GHz, but with a 17-inch screen."
              text run at (0,19) width 44: "$3299."
          RenderListItem {LI} at (40,38) size 430x19
            RenderListMarker at (-20,0) size 16x19: "2"
            RenderText {#text} at (0,0) size 349x19
              text run at (0,0) width 305: "New smaller PowerBook, with a 12-inch screen. "
              text run at (305,0) width 44: "$1799."
          RenderListItem {LI} at (40,57) size 430x57
            RenderListMarker at (-20,0) size 16x19: "3"
            RenderText {#text} at (0,0) size 91x19
              text run at (0,0) width 91: "New browser: "
            RenderInline {A} at (0,0) size 37x19 [color=#0000EE]
              RenderText {#text} at (91,0) size 37x19
                text run at (91,0) width 37: "Safari"
            RenderText {#text} at (128,0) size 70x19
              text run at (128,0) width 8: ". "
              text run at (136,0) width 62: "Engine is "
            RenderInline {A} at (0,0) size 79x19 [color=#0000EE]
              RenderText {#text} at (198,0) size 79x19
                text run at (198,0) width 79: "open source"
            RenderText {#text} at (277,0) size 21x19
              text run at (277,0) width 21: " (a "
            RenderInline {A} at (0,0) size 104x19 [color=#0000EE]
              RenderText {#text} at (298,0) size 104x19
                text run at (298,0) width 104: "modified version"
            RenderText {#text} at (402,0) size 16x19
              text run at (402,0) width 16: " of"
            RenderInline {A} at (0,0) size 48x19 [color=#0000EE]
              RenderText {#text} at (0,19) size 48x19
                text run at (0,19) width 48: "KHTML"
            RenderText {#text} at (48,19) size 427x38
              text run at (48,19) width 379: "), rest of the application is free but not open source (just like"
              text run at (0,38) width 57: "the OS). "
              text run at (57,38) width 121: "Only runs on 10.2. "
              text run at (178,38) width 150: "Currently in public beta."
          RenderListItem {LI} at (40,114) size 430x38
            RenderListMarker at (-20,0) size 16x19: "4"
            RenderText {#text} at (0,0) size 394x38
              text run at (0,0) width 237: "New presentation software: Keynote. "
              text run at (237,0) width 157: "The software Steve Jobs"
              text run at (0,19) width 34: "uses."
          RenderListItem {LI} at (40,152) size 430x38
            RenderListMarker at (-20,0) size 16x19: "5"
            RenderText {#text} at (0,0) size 105x19
              text run at (0,0) width 105: "New versions of "
            RenderInline {A} at (0,0) size 41x19 [color=#0000EE]
              RenderText {#text} at (105,0) size 41x19
                text run at (105,0) width 41: "iMovie"
            RenderText {#text} at (146,0) size 8x19
              text run at (146,0) width 8: ", "
            RenderInline {A} at (0,0) size 40x19 [color=#0000EE]
              RenderText {#text} at (154,0) size 40x19
                text run at (154,0) width 40: "iPhoto"
            RenderText {#text} at (194,0) size 8x19
              text run at (194,0) width 8: ", "
            RenderInline {A} at (0,0) size 43x19 [color=#0000EE]
              RenderText {#text} at (202,0) size 43x19
                text run at (202,0) width 43: "iTunes"
            RenderText {#text} at (245,0) size 167x19
              text run at (245,0) width 8: ". "
              text run at (253,0) width 159: "Bundled into a box called"
            RenderInline {A} at (0,0) size 26x19 [color=#0000EE]
              RenderText {#text} at (0,19) size 26x19
                text run at (0,19) width 26: "iLife"
            RenderText {#text} at (26,19) size 57x19
              text run at (26,19) width 57: ", for $49."
          RenderListItem {LI} at (40,190) size 430x19
            RenderListMarker at (-20,0) size 16x19: "6"
            RenderInline {A} at (0,0) size 112x19 [color=#0000EE]
              RenderText {#text} at (0,0) size 112x19
                text run at (0,0) width 112: "Final Cut Express"
            RenderText {#text} at (112,0) size 160x19
              text run at (112,0) width 124: " for creating DVDs. "
              text run at (236,0) width 36: "$299."
      RenderBlock {DIV} at (0,0) size 784x313
        RenderBlock {UL} at (0,0) size 784x152
          RenderListItem {LI} at (40,0) size 744x19
            RenderListMarker at (413,0) size 7x19: bullet
            RenderInline {A} at (0,0) size 37x19 [color=#0000EE]
              RenderText {#text} at (707,0) size 37x19
                text run at (707,0) width 37: "About"
          RenderListItem {LI} at (40,19) size 744x19
            RenderListMarker at (413,0) size 7x19: bullet
            RenderInline {A} at (0,0) size 56x19 [color=#0000EE]
              RenderText {#text} at (688,0) size 56x19
                text run at (688,0) width 56: "Site map"
          RenderListItem {LI} at (40,38) size 744x19
            RenderListMarker at (413,0) size 7x19: bullet
            RenderInline {A} at (0,0) size 54x19 [color=#0000EE]
              RenderText {#text} at (690,0) size 54x19
                text run at (690,0) width 54: "Archives"
          RenderListItem {LI} at (40,57) size 744x19
            RenderListMarker at (413,0) size 7x19: bullet
            RenderInline {A} at (0,0) size 51x19 [color=#0000EE]
              RenderText {#text} at (693,0) size 51x19
                text run at (693,0) width 51: "Projects"
          RenderListItem {LI} at (40,76) size 744x19
            RenderListMarker at (413,0) size 7x19: bullet
            RenderInline {A} at (0,0) size 44x19 [color=#0000EE]
              RenderText {#text} at (700,0) size 44x19
                text run at (700,0) width 44: "Photos"
          RenderListItem {LI} at (40,95) size 744x19
            RenderListMarker at (413,0) size 7x19: bullet
            RenderInline {A} at (0,0) size 56x19 [color=#0000EE]
              RenderText {#text} at (688,0) size 56x19
                text run at (688,0) width 56: "Statistics"
          RenderListItem {LI} at (40,114) size 744x19
            RenderListMarker at (413,0) size 7x19: bullet
            RenderInline {A} at (0,0) size 143x19 [color=#0000EE]
              RenderText {#text} at (601,0) size 143x19
                text run at (601,0) width 143: "Accessibility statement"
          RenderListItem {LI} at (40,133) size 744x19
            RenderListMarker at (413,0) size 7x19: bullet
            RenderInline {A} at (0,0) size 28x19 [color=#0000EE]
              RenderText {#text} at (630,0) size 28x19
                text run at (630,0) width 28: "RSS"
            RenderText {#text} at (658,0) size 9x19
              text run at (658,0) width 9: " ("
            RenderInline {A} at (0,0) size 72x19 [color=#0000EE]
              RenderText {#text} at (667,0) size 72x19
                text run at (667,0) width 72: "more feeds"
            RenderText {#text} at (739,0) size 5x19
              text run at (739,0) width 5: ")"
        RenderBlock {UL} at (0,166) size 784x19
          RenderListItem {LI} at (40,0) size 744x19
            RenderListMarker at (413,0) size 7x19: bullet
            RenderInline {A} at (0,0) size 87x19 [color=#0000EE]
              RenderText {#text} at (657,0) size 87x19
                text run at (657,0) width 87: "What is RSS?"
        RenderBlock {UL} at (0,199) size 784x114
          RenderListItem {LI} at (40,0) size 744x19
            RenderListMarker at (413,0) size 7x19: bullet
            RenderInline {A} at (0,0) size 88x19 [color=#0000EE]
              RenderText {#text} at (656,0) size 88x19
                text run at (656,0) width 88: "RSS Validator"
          RenderListItem {LI} at (40,19) size 744x19
            RenderListMarker at (413,0) size 7x19: bullet
            RenderInline {A} at (0,0) size 136x19 [color=#0000EE]
              RenderText {#text} at (608,0) size 136x19
                text run at (608,0) width 136: "Dive Into Accessibility"
          RenderListItem {LI} at (40,38) size 744x19
            RenderListMarker at (413,0) size 7x19: bullet
            RenderInline {A} at (0,0) size 93x19 [color=#0000EE]
              RenderText {#text} at (651,0) size 93x19
                text run at (651,0) width 93: "Dive Into OS X"
          RenderListItem {LI} at (40,57) size 744x19
            RenderListMarker at (413,0) size 7x19: bullet
            RenderInline {A} at (0,0) size 93x19 [color=#0000EE]
              RenderText {#text} at (651,0) size 93x19
                text run at (651,0) width 93: "Dive Into J2EE"
          RenderListItem {LI} at (40,76) size 744x19
            RenderListMarker at (413,0) size 7x19: bullet
            RenderInline {A} at (0,0) size 104x19 [color=#0000EE]
              RenderText {#text} at (640,0) size 104x19
                text run at (640,0) width 104: "Dive Into Python"
          RenderListItem {LI} at (40,95) size 744x19
            RenderListMarker at (413,0) size 7x19: bullet
            RenderInline {A} at (0,0) size 48x19 [color=#0000EE]
              RenderText {#text} at (696,0) size 48x19
                text run at (696,0) width 48: "r\x{E9}sum\x{E9}"
