layer at (0,0) size 800x600
  RenderView at (0,0) size 800x600
layer at (0,0) size 800x600
  RenderBlock {HTML} at (0,0) size 800x600
    RenderBody {BODY} at (8,8) size 784x578
      RenderBlock {UL} at (0,0) size 784x76 [bgcolor=#808080] [border: (25px solid #008000)]
        RenderListItem {LI} at (50,0) size 734x19
          RenderListMarker at (-17,0) size 7x19: bullet
          RenderText {#text} at (0,0) size 720x19
            text run at (0,0) width 720: "The left padding on this unordered list has been set to 25 pixels, which will require some extra test in order to test."
        RenderListItem {LI} at (50,19) size 734x57 [bgcolor=#FFFFFF] [border: (25px solid #008000)]
          RenderListMarker at (-17,0) size 7x19: bullet
          RenderText {#text} at (50,0) size 679x57
            text run at (50,0) width 663: "Another list item might not be such a bad idea, either, considering that such things do need to be double-"
            text run at (50,19) width 61: "checked. "
            text run at (111,19) width 618: "This list item has its left padding also set to 25 pixels, which should combine with the list's padding"
            text run at (50,38) width 179: "to make 50 pixels of margin."
