layer at (0,0) size 800x1832
  RenderView at (0,0) size 800x600
layer at (0,0) size 800x1832
  RenderBlock {HTML} at (0,0) size 800x1832
    RenderBody {BODY} at (8,8) size 784x1810
      RenderBlock {UL} at (0,0) size 182x138 [border: (1px solid #0000FF)]
        RenderListItem {LI} at (41,1) size 140x39 [border: (5px solid #FFA500)]
          RenderListMarker at (-17,10) size 7x19: bullet
          RenderText {#text} at (10,10) size 59x19
            text run at (10,10) width 59: "First item"
        RenderListItem {LI} at (41,40) size 140x58 [border: (5px solid #FFA500)]
          RenderListMarker at (-17,10) size 7x19: bullet
          RenderText {#text} at (10,10) size 107x38
            text run at (10,10) width 107: "Second and very"
            text run at (10,29) width 89: "very long item"
        RenderListItem {LI} at (41,98) size 140x39 [border: (5px solid #FFA500)]
          RenderListMarker at (-17,10) size 7x19: bullet
          RenderText {#text} at (10,10) size 64x19
            text run at (10,10) width 64: "Third item"
      RenderBlock {UL} at (0,152) size 182x138 [border: (1px solid #FF0000)]
        RenderListItem {LI} at (1,1) size 140x39 [border: (5px solid #FFA500)]
          RenderListMarker at (150,10) size 7x19: bullet
          RenderText {#text} at (71,10) size 59x19
            text run at (71,10) width 59: "First item"
        RenderListItem {LI} at (1,40) size 140x58 [border: (5px solid #FFA500)]
          RenderListMarker at (150,10) size 7x19: bullet
          RenderText {#text} at (23,10) size 107x38
            text run at (23,10) width 107: "Second and very"
            text run at (41,29) width 89: "very long item"
        RenderListItem {LI} at (1,98) size 140x39 [border: (5px solid #FFA500)]
          RenderListMarker at (150,10) size 7x19: bullet
          RenderText {#text} at (66,10) size 64x19
            text run at (66,10) width 64: "Third item"
      RenderBlock {UL} at (0,304) size 182x138 [border: (1px solid #0000FF)]
        RenderListItem {LI} at (41,1) size 140x39 [border: (5px solid #FFA500)]
          RenderListMarker at (9,10) size 7x19: bullet
          RenderText {#text} at (24,10) size 59x19
            text run at (24,10) width 59: "First item"
        RenderListItem {LI} at (41,40) size 140x58 [border: (5px solid #FFA500)]
          RenderListMarker at (9,10) size 7x19: bullet
          RenderText {#text} at (24,10) size 120x38
            text run at (24,10) width 76: "Second and"
            text run at (10,29) width 120: "very very long item"
        RenderListItem {LI} at (41,98) size 140x39 [border: (5px solid #FFA500)]
          RenderListMarker at (9,10) size 7x19: bullet
          RenderText {#text} at (24,10) size 64x19
            text run at (24,10) width 64: "Third item"
      RenderBlock {UL} at (0,456) size 182x138 [border: (1px solid #FF0000)]
        RenderListItem {LI} at (1,1) size 140x39 [border: (5px solid #FFA500)]
          RenderListMarker at (124,10) size 7x19: bullet
          RenderText {#text} at (57,10) size 59x19
            text run at (57,10) width 59: "First item"
        RenderListItem {LI} at (1,40) size 140x58 [border: (5px solid #FFA500)]
          RenderListMarker at (124,10) size 7x19: bullet
          RenderText {#text} at (40,10) size 120x38
            text run at (40,10) width 76: "Second and"
            text run at (10,29) width 120: "very very long item"
        RenderListItem {LI} at (1,98) size 140x39 [border: (5px solid #FFA500)]
          RenderListMarker at (124,10) size 7x19: bullet
          RenderText {#text} at (52,10) size 64x19
            text run at (52,10) width 64: "Third item"
      RenderBlock {UL} at (0,608) size 182x138 [border: (1px solid #0000FF)]
        RenderListItem {LI} at (41,1) size 140x39 [border: (5px solid #FFA500)]
          RenderListMarker at (-17,14) size 10x10
          RenderText {#text} at (10,10) size 59x19
            text run at (10,10) width 59: "First item"
        RenderListItem {LI} at (41,40) size 140x58 [border: (5px solid #FFA500)]
          RenderListMarker at (-17,14) size 10x10
          RenderText {#text} at (10,10) size 107x38
            text run at (10,10) width 107: "Second and very"
            text run at (10,29) width 89: "very long item"
        RenderListItem {LI} at (41,98) size 140x39 [border: (5px solid #FFA500)]
          RenderListMarker at (-17,14) size 10x10
          RenderText {#text} at (10,10) size 64x19
            text run at (10,10) width 64: "Third item"
      RenderBlock {UL} at (0,760) size 182x138 [border: (1px solid #FF0000)]
        RenderListItem {LI} at (1,1) size 140x39 [border: (5px solid #FFA500)]
          RenderListMarker at (147,14) size 10x10
          RenderText {#text} at (71,10) size 59x19
            text run at (71,10) width 59: "First item"
        RenderListItem {LI} at (1,40) size 140x58 [border: (5px solid #FFA500)]
          RenderListMarker at (147,14) size 10x10
          RenderText {#text} at (23,10) size 107x38
            text run at (23,10) width 107: "Second and very"
            text run at (41,29) width 89: "very long item"
        RenderListItem {LI} at (1,98) size 140x39 [border: (5px solid #FFA500)]
          RenderListMarker at (147,14) size 10x10
          RenderText {#text} at (66,10) size 64x19
            text run at (66,10) width 64: "Third item"
      RenderBlock {UL} at (0,912) size 182x138 [border: (1px solid #0000FF)]
        RenderListItem {LI} at (41,1) size 140x39 [border: (5px solid #FFA500)]
          RenderListMarker at (10,14) size 10x10
          RenderText {#text} at (27,10) size 59x19
            text run at (27,10) width 59: "First item"
        RenderListItem {LI} at (41,40) size 140x58 [border: (5px solid #FFA500)]
          RenderListMarker at (10,14) size 10x10
          RenderText {#text} at (27,10) size 120x38
            text run at (27,10) width 76: "Second and"
            text run at (10,29) width 120: "very very long item"
        RenderListItem {LI} at (41,98) size 140x39 [border: (5px solid #FFA500)]
          RenderListMarker at (10,14) size 10x10
          RenderText {#text} at (27,10) size 64x19
            text run at (27,10) width 64: "Third item"
      RenderBlock {UL} at (0,1064) size 182x138 [border: (1px solid #FF0000)]
        RenderListItem {LI} at (1,1) size 140x39 [border: (5px solid #FFA500)]
          RenderListMarker at (120,14) size 10x10
          RenderText {#text} at (54,10) size 59x19
            text run at (54,10) width 59: "First item"
        RenderListItem {LI} at (1,40) size 140x58 [border: (5px solid #FFA500)]
          RenderListMarker at (120,14) size 10x10
          RenderText {#text} at (37,10) size 120x38
            text run at (37,10) width 76: "Second and"
            text run at (10,29) width 120: "very very long item"
        RenderListItem {LI} at (1,98) size 140x39 [border: (5px solid #FFA500)]
          RenderListMarker at (120,14) size 10x10
          RenderText {#text} at (49,10) size 64x19
            text run at (49,10) width 64: "Third item"
      RenderBlock {OL} at (0,1216) size 182x138 [border: (1px solid #0000FF)]
        RenderListItem {LI} at (41,1) size 140x39 [border: (5px solid #FFA500)]
          RenderListMarker at (-20,10) size 16x19: "1"
          RenderText {#text} at (10,10) size 59x19
            text run at (10,10) width 59: "First item"
        RenderListItem {LI} at (41,40) size 140x58 [border: (5px solid #FFA500)]
          RenderListMarker at (-20,10) size 16x19: "2"
          RenderText {#text} at (10,10) size 107x38
            text run at (10,10) width 107: "Second and very"
            text run at (10,29) width 89: "very long item"
        RenderListItem {LI} at (41,98) size 140x39 [border: (5px solid #FFA500)]
          RenderListMarker at (-20,10) size 16x19: "3"
          RenderText {#text} at (10,10) size 64x19
            text run at (10,10) width 64: "Third item"
      RenderBlock {OL} at (0,1368) size 182x138 [border: (1px solid #FF0000)]
        RenderListItem {LI} at (1,1) size 140x39 [border: (5px solid #FFA500)]
          RenderListMarker at (144,10) size 16x19: "1"
          RenderText {#text} at (71,10) size 59x19
            text run at (71,10) width 59: "First item"
        RenderListItem {LI} at (1,40) size 140x58 [border: (5px solid #FFA500)]
          RenderListMarker at (144,10) size 16x19: "2"
          RenderText {#text} at (23,10) size 107x38
            text run at (23,10) width 107: "Second and very"
            text run at (41,29) width 89: "very long item"
        RenderListItem {LI} at (1,98) size 140x39 [border: (5px solid #FFA500)]
          RenderListMarker at (144,10) size 16x19: "3"
          RenderText {#text} at (66,10) size 64x19
            text run at (66,10) width 64: "Third item"
      RenderBlock {OL} at (0,1520) size 182x138 [border: (1px solid #0000FF)]
        RenderListItem {LI} at (41,1) size 140x39 [border: (5px solid #FFA500)]
          RenderListMarker at (10,10) size 16x19: "1"
          RenderText {#text} at (26,10) size 59x19
            text run at (26,10) width 59: "First item"
        RenderListItem {LI} at (41,40) size 140x58 [border: (5px solid #FFA500)]
          RenderListMarker at (10,10) size 16x19: "2"
          RenderText {#text} at (26,10) size 120x38
            text run at (26,10) width 76: "Second and"
            text run at (10,29) width 120: "very very long item"
        RenderListItem {LI} at (41,98) size 140x39 [border: (5px solid #FFA500)]
          RenderListMarker at (10,10) size 16x19: "3"
          RenderText {#text} at (26,10) size 64x19
            text run at (26,10) width 64: "Third item"
      RenderBlock {OL} at (0,1672) size 182x138 [border: (1px solid #FF0000)]
        RenderListItem {LI} at (1,1) size 140x39 [border: (5px solid #FFA500)]
          RenderListMarker at (114,10) size 16x19: "1"
          RenderText {#text} at (55,10) size 59x19
            text run at (55,10) width 59: "First item"
        RenderListItem {LI} at (1,40) size 140x58 [border: (5px solid #FFA500)]
          RenderListMarker at (114,10) size 16x19: "2"
          RenderText {#text} at (38,10) size 120x38
            text run at (38,10) width 76: "Second and"
            text run at (10,29) width 120: "very very long item"
        RenderListItem {LI} at (1,98) size 140x39 [border: (5px solid #FFA500)]
          RenderListMarker at (114,10) size 16x19: "3"
          RenderText {#text} at (50,10) size 64x19
            text run at (50,10) width 64: "Third item"
