layer at (0,0) size 800x600
  RenderView at (0,0) size 800x600
layer at (0,0) size 800x600
  RenderBlock {HTML} at (0,0) size 800x600
    RenderBody {BODY} at (8,8) size 784x578
      RenderBlock {DIV} at (0,0) size 784x52
        RenderBlock {DL} at (0,0) size 784x52
          RenderBlock {DT} at (0,0) size 784x19
            RenderText {#text} at (0,0) size 155x19
              text run at (0,0) width 155: "DT text is rendered here"
          RenderBlock {DD} at (0,33) size 784x19
            RenderBlock {UL} at (0,0) size 784x19
              RenderListItem {LI} at (0,0) size 784x19
                RenderListMarker at (0,5) size 12x9
                RenderText {#text} at (19,0) size 110x19
                  text run at (19,0) width 110: "LI text is here too"
