layer at (0,0) size 800x600
  RenderView at (0,0) size 800x600
layer at (0,0) size 800x600
  RenderBlock {HTML} at (0,0) size 800x600
    RenderBody {BODY} at (8,8) size 784x578
      RenderBlock {P} at (0,0) size 784x19
        RenderText {#text} at (0,0) size 624x19
          text run at (0,0) width 519: "This tests that the size of the list marker is not effected by the width of the border. "
          text run at (519,0) width 105: "See bug #11957"
      RenderBlock {UL} at (0,33) size 784x39 [border: (10px dashed #000000)]
        RenderListItem {LI} at (50,10) size 724x19
          RenderListMarker at (-17,0) size 7x19: bullet
          RenderText {#text} at (0,0) size 267x19
            text run at (0,0) width 267: "The list-marker should be the normal size."
