layer at (0,0) size 800x600
  RenderView at (0,0) size 800x600
layer at (0,0) size 800x600
  RenderBlock {HTML} at (0,0) size 800x600
    RenderBody {BODY} at (8,8) size 784x578
      RenderBlock {P} at (0,0) size 784x20
        RenderText {#text} at (0,0) size 53x19
          text run at (0,0) width 53: "Test for "
        RenderInline {I} at (0,0) size 639x19
          RenderInline {A} at (0,0) size 294x19 [color=#0000EE]
            RenderText {#text} at (53,0) size 294x19
              text run at (53,0) width 294: "http://bugs.webkit.org/show_bug.cgi?id=12899"
          RenderText {#text} at (347,0) size 345x19
            text run at (347,0) width 4: " "
            text run at (351,0) width 341: "Ordered lists not updating dynamically with new styles"
        RenderText {#text} at (692,0) size 4x19
          text run at (692,0) width 4: "."
      RenderBlock {P} at (0,34) size 784x19
        RenderText {#text} at (0,0) size 365x19
          text run at (0,0) width 365: "The items in the following list should be numbered 1, 2, 3."
      RenderBlock {OL} at (0,67) size 784x57
        RenderListItem {LI} at (40,0) size 744x19
          RenderListMarker at (-20,0) size 16x19: "1"
          RenderText {#text} at (0,0) size 59x19
            text run at (0,0) width 59: "First item"
        RenderListItem {LI} at (40,19) size 744x19
          RenderListMarker at (-20,0) size 16x19: "2"
          RenderText {#text} at (0,0) size 79x19
            text run at (0,0) width 79: "Second item"
        RenderListItem {LI} at (40,38) size 744x19
          RenderListMarker at (-20,0) size 16x19: "3"
          RenderText {#text} at (0,0) size 64x19
            text run at (0,0) width 64: "Third item"
