layer at (0,0) size 800x600
  RenderView at (0,0) size 800x600
layer at (0,0) size 800x600
  RenderBlock {HTML} at (0,0) size 800x600
    RenderBody {BODY} at (8,8) size 784x578
      RenderBlock {P} at (0,0) size 784x40
        RenderText {#text} at (0,0) size 53x19
          text run at (0,0) width 53: "Test for "
        RenderInline {I} at (0,0) size 754x39
          RenderInline {A} at (0,0) size 294x19 [color=#0000EE]
            RenderText {#text} at (53,0) size 294x19
              text run at (53,0) width 294: "http://bugs.webkit.org/show_bug.cgi?id=13157"
          RenderText {#text} at (347,0) size 754x39
            text run at (347,0) width 4: " "
            text run at (351,0) width 403: "List markers positioned incorrectly and don't repaint properly on"
            text run at (0,20) width 115: "Oxford homepage"
        RenderText {#text} at (115,20) size 4x19
          text run at (115,20) width 4: "."
      RenderBlock {P} at (0,54) size 784x19
        RenderText {#text} at (0,0) size 395x19
          text run at (0,0) width 395: "There should be a bullet next to each item on the following list:"
      RenderBlock {UL} at (0,87) size 784x95
        RenderListItem {LI} at (40,0) size 744x19
          RenderListMarker at (-17,0) size 7x19: bullet
          RenderText {#text} at (0,0) size 168x19
            text run at (0,0) width 168: "Prospectuses and courses"
        RenderListItem {LI} at (40,19) size 744x19
          RenderListMarker at (-17,0) size 7x19: bullet
          RenderText {#text} at (0,0) size 171x19
            text run at (0,0) width 171: "Undergraduate admissions"
        RenderListItem {LI} at (40,38) size 744x19
          RenderListMarker at (-17,0) size 7x19: bullet
          RenderText {#text} at (0,0) size 135x19
            text run at (0,0) width 135: "Graduate admissions"
        RenderListItem {LI} at (40,57) size 744x19
          RenderListMarker at (-17,0) size 7x19: bullet
          RenderText {#text} at (0,0) size 134x19
            text run at (0,0) width 134: "Continuing education"
        RenderListItem {LI} at (40,76) size 744x19
          RenderListMarker at (-17,0) size 7x19: bullet
          RenderText {#text} at (0,0) size 95x19
            text run at (0,0) width 95: "Online courses"
