layer at (0,0) size 800x600
  RenderView at (0,0) size 800x600
layer at (0,0) size 800x600
  RenderBlock {HTML} at (0,0) size 800x600
    RenderBody {BODY} at (8,8) size 784x584
      RenderBlock (anonymous) at (0,0) size 784x38
        RenderBR {BR} at (0,0) size 0x19
        RenderBR {BR} at (0,19) size 0x19
      RenderBlock {DIV} at (0,38) size 784x19
        RenderText {#text} at (0,0) size 135x19
          text run at (0,0) width 135: "This is a testcase for "
        RenderInline {A} at (0,0) size 465x19 [color=#0000EE]
          RenderText {#text} at (135,0) size 465x19
            text run at (135,0) width 465: "REGRESSION: (r13028) Scrolling causes incomplete drawing of ul bullets"
        RenderText {#text} at (600,0) size 4x19
          text run at (600,0) width 4: "."
layer at (8,-6) size 400x19 backgroundClip at (0,0) size 800x600 clip at (0,0) size 800x600 outlineClip at (0,0) size 800x600
  RenderBlock (positioned) {UL} at (8,-6) size 400x19
    RenderListItem {LI} at (40,0) size 360x19
      RenderListMarker at (-17,0) size 7x19: bullet
      RenderText {#text} at (0,0) size 360x19
        text run at (0,0) width 113: "This is a list item. "
        text run at (113,0) width 247: "You should see a list marker to the left."
