layer at (0,0) size 800x6287
  RenderView at (0,0) size 800x600
layer at (0,0) size 800x6287
  RenderBlock {HTML} at (0,0) size 800x6287
    RenderBody {BODY} at (8,18) size 784x6255
      RenderBlock {DIV} at (0,0) size 784x166
        RenderBlock {H1} at (0,0) size 784x38
          RenderText {#text} at (0,0) size 341x38
            text run at (0,0) width 341: "I18N Tests: list-style-type"
        RenderBlock {P} at (0,56) size 784x19
          RenderText {#text} at (0,0) size 515x19
            text run at (0,0) width 515: "This page tests support for the CSS list-style-type property, as defined in CSS2.0."
        RenderBlock {DIV} at (0,89) size 784x77
          RenderBlock {P} at (0,0) size 784x77
            RenderInline {STRONG} at (0,0) size 37x20
              RenderText {#text} at (0,0) size 37x20
                text run at (0,0) width 37: "Note:"
            RenderText {#text} at (37,0) size 778x77
              text run at (37,0) width 718: " The CSS2.0 specification does not specify in any detail the mechanism for implementing the numbering schemes"
              text run at (0,20) width 778: "defined. Expectations for behaviour are based on the version of the CSS3 Lists module current at the time this test was last"
              text run at (0,39) width 156: "updated. In most cases, "
              text run at (156,39) width 618: "however, these tests simply allow you to see whether and how a particular user agent implements"
              text run at (0,58) width 293: "these features, rather than testing against the "
              text run at (293,58) width 210: "requirements of the specification."
      RenderBlock {P} at (0,180) size 784x19
        RenderText {#text} at (0,0) size 425x19
          text run at (0,0) width 425: "Check whether the numbering of the lists is what you would expect."
      RenderBlock {P} at (0,213) size 784x20
        RenderText {#text} at (0,0) size 29x19
          text run at (0,0) width 29: "The "
        RenderInline {CODE} at (0,0) size 40x17
          RenderText {#text} at (29,2) size 40x17
            text run at (29,2) width 40: "start"
        RenderText {#text} at (69,0) size 129x19
          text run at (69,0) width 129: " attribute is used on "
        RenderInline {CODE} at (0,0) size 16x17
          RenderText {#text} at (198,2) size 16x17
            text run at (198,2) width 16: "ol"
        RenderText {#text} at (214,0) size 169x19
          text run at (214,0) width 169: " to skip to higher numbers."
      RenderBlock {H2} at (0,250) size 784x29
        RenderText {#text} at (0,0) size 106x29
          text run at (0,0) width 106: "lower-latin"
      RenderBlock {P} at (0,296) size 784x20
        RenderText {#text} at (0,0) size 69x19
          text run at (0,0) width 69: "CSS says: "
        RenderInline {CODE} at (0,0) size 232x17
          RenderText {#text} at (69,2) size 232x17
            text run at (69,2) width 232: "list-style-type: lower-latin;"
        RenderText {#text} at (301,0) size 8x19
          text run at (301,0) width 8: " ."
      RenderBlock {P} at (0,330) size 784x19
        RenderText {#text} at (0,0) size 710x19
          text run at (0,0) width 710: "The CSS2.0 specification specifies the set of characters as \"a, b, c, ... z\". It doesn't specify what happens after z."
      RenderBlock {DIV} at (0,363) size 784x329
        RenderBlock {OL} at (0,0) size 784x159
          RenderListItem {LI} at (40,0) size 744x19
            RenderListMarker at (-20,0) size 16x19: "a"
            RenderText {#text} at (0,0) size 123x19
              text run at (0,0) width 123: "one, should show a"
          RenderListItem {LI} at (40,19) size 744x83
            RenderBlock (anonymous) at (0,0) size 744x19
              RenderListMarker at (-20,0) size 16x19: "b"
              RenderText {#text} at (0,0) size 121x19
                text run at (0,0) width 121: "two, should show b"
            RenderBlock {OL} at (0,26) size 744x57
              RenderListItem {LI} at (40,0) size 704x19
                RenderListMarker at (-20,0) size 16x19: "a"
                RenderText {#text} at (0,0) size 129x19
                  text run at (0,0) width 129: "one, expect to see a"
              RenderListItem {LI} at (40,19) size 704x19
                RenderListMarker at (-20,0) size 16x19: "b"
                RenderText {#text} at (0,0) size 127x19
                  text run at (0,0) width 127: "two, expect to see b"
              RenderListItem {LI} at (40,38) size 704x19
                RenderListMarker at (-19,0) size 15x19: "c"
                RenderText {#text} at (0,0) size 137x19
                  text run at (0,0) width 137: "three, expect to see c"
          RenderListItem {LI} at (40,102) size 744x19
            RenderListMarker at (-19,0) size 15x19: "c"
            RenderText {#text} at (0,0) size 131x19
              text run at (0,0) width 131: "three, should show c"
          RenderListItem {LI} at (40,121) size 744x19
            RenderListMarker at (-20,0) size 16x19: "d"
            RenderText {#text} at (0,0) size 124x19
              text run at (0,0) width 124: "four, should show d"
          RenderListItem {LI} at (40,140) size 744x19
            RenderListMarker at (-20,0) size 16x19: "e"
            RenderText {#text} at (0,0) size 121x19
              text run at (0,0) width 121: "five, should show e"
        RenderBlock {OL} at (0,187) size 784x57
          RenderListItem {LI} at (40,0) size 744x19
            RenderListMarker at (-19,0) size 15x19: "z"
            RenderText {#text} at (0,0) size 160x19
              text run at (0,0) width 160: "twenty six, should show z"
          RenderListItem {LI} at (40,19) size 744x19
            RenderListMarker at (-28,0) size 24x19: "aa"
            RenderText {#text} at (0,0) size 154x19
              text run at (0,0) width 154: "twenty seven, undefined"
          RenderListItem {LI} at (40,38) size 744x19
            RenderListMarker at (-28,0) size 24x19: "ab"
            RenderText {#text} at (0,0) size 147x19
              text run at (0,0) width 147: "twenty eight, undefined"
        RenderBlock {OL} at (0,272) size 784x57
          RenderListItem {LI} at (40,0) size 744x19
            RenderListMarker at (-27,0) size 23x19: "az"
            RenderText {#text} at (0,0) size 120x19
              text run at (0,0) width 120: "fifty-two, undefined"
          RenderListItem {LI} at (40,19) size 744x19
            RenderListMarker at (-28,0) size 24x19: "ba"
            RenderText {#text} at (0,0) size 131x19
              text run at (0,0) width 131: "fifty-three, undefined"
          RenderListItem {LI} at (40,38) size 744x19
            RenderListMarker at (-28,0) size 24x19: "bb"
            RenderText {#text} at (0,0) size 123x19
              text run at (0,0) width 123: "fifty-four, undefined"
      RenderBlock {H2} at (0,720) size 784x29
        RenderText {#text} at (0,0) size 110x29
          text run at (0,0) width 110: "upper-latin"
      RenderBlock {P} at (0,766) size 784x20
        RenderText {#text} at (0,0) size 69x19
          text run at (0,0) width 69: "CSS says: "
        RenderInline {CODE} at (0,0) size 232x17
          RenderText {#text} at (69,2) size 232x17
            text run at (69,2) width 232: "list-style-type: upper-latin;"
      RenderBlock {P} at (0,800) size 784x19
        RenderText {#text} at (0,0) size 719x19
          text run at (0,0) width 719: "The CSS2.0 specification specifies the set of characters as \"A, B, C, ... Z\". It doesn't specify what happens after Z."
      RenderBlock {DIV} at (0,833) size 784x329
        RenderBlock {OL} at (0,0) size 784x159
          RenderListItem {LI} at (40,0) size 744x19
            RenderListMarker at (-21,0) size 17x19: "A"
            RenderText {#text} at (0,0) size 124x19
              text run at (0,0) width 124: "one, should show A"
          RenderListItem {LI} at (40,19) size 744x83
            RenderBlock (anonymous) at (0,0) size 744x19
              RenderListMarker at (-21,0) size 17x19: "B"
              RenderText {#text} at (0,0) size 122x19
                text run at (0,0) width 122: "two, should show B"
            RenderBlock {OL} at (0,26) size 744x57
              RenderListItem {LI} at (40,0) size 704x19
                RenderListMarker at (-21,0) size 17x19: "A"
                RenderText {#text} at (0,0) size 130x19
                  text run at (0,0) width 130: "one, expect to see A"
              RenderListItem {LI} at (40,19) size 704x19
                RenderListMarker at (-21,0) size 17x19: "B"
                RenderText {#text} at (0,0) size 128x19
                  text run at (0,0) width 128: "two, expect to see B"
              RenderListItem {LI} at (40,38) size 704x19
                RenderListMarker at (-22,0) size 18x19: "C"
                RenderText {#text} at (0,0) size 140x19
                  text run at (0,0) width 140: "three, expect to see C"
          RenderListItem {LI} at (40,102) size 744x19
            RenderListMarker at (-22,0) size 18x19: "C"
            RenderText {#text} at (0,0) size 134x19
              text run at (0,0) width 134: "three, should show C"
          RenderListItem {LI} at (40,121) size 744x19
            RenderListMarker at (-22,0) size 18x19: "D"
            RenderText {#text} at (0,0) size 126x19
              text run at (0,0) width 126: "four, should show D"
          RenderListItem {LI} at (40,140) size 744x19
            RenderListMarker at (-21,0) size 17x19: "E"
            RenderText {#text} at (0,0) size 122x19
              text run at (0,0) width 122: "five, should show E"
        RenderBlock {OL} at (0,187) size 784x57
          RenderListItem {LI} at (40,0) size 744x19
            RenderListMarker at (-21,0) size 17x19: "Z"
            RenderText {#text} at (0,0) size 162x19
              text run at (0,0) width 162: "twenty six, should show Z"
          RenderListItem {LI} at (40,19) size 744x19
            RenderListMarker at (-30,0) size 26x19: "AA"
            RenderText {#text} at (0,0) size 154x19
              text run at (0,0) width 154: "twenty seven, undefined"
          RenderListItem {LI} at (40,38) size 744x19
            RenderListMarker at (-30,0) size 26x19: "AB"
            RenderText {#text} at (0,0) size 147x19
              text run at (0,0) width 147: "twenty eight, undefined"
        RenderBlock {OL} at (0,272) size 784x57
          RenderListItem {LI} at (40,0) size 744x19
            RenderListMarker at (-30,0) size 26x19: "AZ"
            RenderText {#text} at (0,0) size 120x19
              text run at (0,0) width 120: "fifty-two, undefined"
          RenderListItem {LI} at (40,19) size 744x19
            RenderListMarker at (-30,0) size 26x19: "BA"
            RenderText {#text} at (0,0) size 131x19
              text run at (0,0) width 131: "fifty-three, undefined"
          RenderListItem {LI} at (40,38) size 744x19
            RenderListMarker at (-30,0) size 26x19: "BB"
            RenderText {#text} at (0,0) size 123x19
              text run at (0,0) width 123: "fifty-four, undefined"
      RenderBlock {H2} at (0,1190) size 784x29
        RenderText {#text} at (0,0) size 118x29
          text run at (0,0) width 118: "lower-alpha"
      RenderBlock {P} at (0,1236) size 784x20
        RenderText {#text} at (0,0) size 69x19
          text run at (0,0) width 69: "CSS says: "
        RenderInline {CODE} at (0,0) size 232x17
          RenderText {#text} at (69,2) size 232x17
            text run at (69,2) width 232: "list-style-type: lower-alpha;"
        RenderText {#text} at (0,0) size 0x0
      RenderBlock {P} at (0,1270) size 784x19
        RenderText {#text} at (0,0) size 710x19
          text run at (0,0) width 710: "The CSS2.0 specification specifies the set of characters as \"a, b, c, ... z\". It doesn't specify what happens after z."
      RenderBlock {DIV} at (0,1303) size 784x329
        RenderBlock {OL} at (0,0) size 784x159
          RenderListItem {LI} at (40,0) size 744x19
            RenderListMarker at (-20,0) size 16x19: "a"
            RenderText {#text} at (0,0) size 123x19
              text run at (0,0) width 123: "one, should show a"
          RenderListItem {LI} at (40,19) size 744x83
            RenderBlock (anonymous) at (0,0) size 744x19
              RenderListMarker at (-20,0) size 16x19: "b"
              RenderText {#text} at (0,0) size 121x19
                text run at (0,0) width 121: "two, should show b"
            RenderBlock {OL} at (0,26) size 744x57
              RenderListItem {LI} at (40,0) size 704x19
                RenderListMarker at (-20,0) size 16x19: "a"
                RenderText {#text} at (0,0) size 129x19
                  text run at (0,0) width 129: "one, expect to see a"
              RenderListItem {LI} at (40,19) size 704x19
                RenderListMarker at (-20,0) size 16x19: "b"
                RenderText {#text} at (0,0) size 127x19
                  text run at (0,0) width 127: "two, expect to see b"
              RenderListItem {LI} at (40,38) size 704x19
                RenderListMarker at (-19,0) size 15x19: "c"
                RenderText {#text} at (0,0) size 137x19
                  text run at (0,0) width 137: "three, expect to see c"
          RenderListItem {LI} at (40,102) size 744x19
            RenderListMarker at (-19,0) size 15x19: "c"
            RenderText {#text} at (0,0) size 131x19
              text run at (0,0) width 131: "three, should show c"
          RenderListItem {LI} at (40,121) size 744x19
            RenderListMarker at (-20,0) size 16x19: "d"
            RenderText {#text} at (0,0) size 124x19
              text run at (0,0) width 124: "four, should show d"
          RenderListItem {LI} at (40,140) size 744x19
            RenderListMarker at (-20,0) size 16x19: "e"
            RenderText {#text} at (0,0) size 121x19
              text run at (0,0) width 121: "five, should show e"
        RenderBlock {OL} at (0,187) size 784x57
          RenderListItem {LI} at (40,0) size 744x19
            RenderListMarker at (-19,0) size 15x19: "z"
            RenderText {#text} at (0,0) size 160x19
              text run at (0,0) width 160: "twenty six, should show z"
          RenderListItem {LI} at (40,19) size 744x19
            RenderListMarker at (-28,0) size 24x19: "aa"
            RenderText {#text} at (0,0) size 154x19
              text run at (0,0) width 154: "twenty seven, undefined"
          RenderListItem {LI} at (40,38) size 744x19
            RenderListMarker at (-28,0) size 24x19: "ab"
            RenderText {#text} at (0,0) size 147x19
              text run at (0,0) width 147: "twenty eight, undefined"
        RenderBlock {OL} at (0,272) size 784x57
          RenderListItem {LI} at (40,0) size 744x19
            RenderListMarker at (-27,0) size 23x19: "az"
            RenderText {#text} at (0,0) size 120x19
              text run at (0,0) width 120: "fifty-two, undefined"
          RenderListItem {LI} at (40,19) size 744x19
            RenderListMarker at (-28,0) size 24x19: "ba"
            RenderText {#text} at (0,0) size 131x19
              text run at (0,0) width 131: "fifty-three, undefined"
          RenderListItem {LI} at (40,38) size 744x19
            RenderListMarker at (-28,0) size 24x19: "bb"
            RenderText {#text} at (0,0) size 123x19
              text run at (0,0) width 123: "fifty-four, undefined"
      RenderBlock {H2} at (0,1660) size 784x29
        RenderText {#text} at (0,0) size 122x29
          text run at (0,0) width 122: "upper-alpha"
      RenderBlock {P} at (0,1706) size 784x20
        RenderText {#text} at (0,0) size 69x19
          text run at (0,0) width 69: "CSS says: "
        RenderInline {CODE} at (0,0) size 232x17
          RenderText {#text} at (69,2) size 232x17
            text run at (69,2) width 232: "list-style-type: upper-alpha;"
        RenderText {#text} at (0,0) size 0x0
      RenderBlock {P} at (0,1740) size 784x19
        RenderText {#text} at (0,0) size 719x19
          text run at (0,0) width 719: "The CSS2.0 specification specifies the set of characters as \"A, B, C, ... Z\". It doesn't specify what happens after Z."
      RenderBlock {DIV} at (0,1773) size 784x329
        RenderBlock {OL} at (0,0) size 784x159
          RenderListItem {LI} at (40,0) size 744x19
            RenderListMarker at (-21,0) size 17x19: "A"
            RenderText {#text} at (0,0) size 124x19
              text run at (0,0) width 124: "one, should show A"
          RenderListItem {LI} at (40,19) size 744x83
            RenderBlock (anonymous) at (0,0) size 744x19
              RenderListMarker at (-21,0) size 17x19: "B"
              RenderText {#text} at (0,0) size 122x19
                text run at (0,0) width 122: "two, should show B"
            RenderBlock {OL} at (0,26) size 744x57
              RenderListItem {LI} at (40,0) size 704x19
                RenderListMarker at (-21,0) size 17x19: "A"
                RenderText {#text} at (0,0) size 130x19
                  text run at (0,0) width 130: "one, expect to see A"
              RenderListItem {LI} at (40,19) size 704x19
                RenderListMarker at (-21,0) size 17x19: "B"
                RenderText {#text} at (0,0) size 128x19
                  text run at (0,0) width 128: "two, expect to see B"
              RenderListItem {LI} at (40,38) size 704x19
                RenderListMarker at (-22,0) size 18x19: "C"
                RenderText {#text} at (0,0) size 140x19
                  text run at (0,0) width 140: "three, expect to see C"
          RenderListItem {LI} at (40,102) size 744x19
            RenderListMarker at (-22,0) size 18x19: "C"
            RenderText {#text} at (0,0) size 134x19
              text run at (0,0) width 134: "three, should show C"
          RenderListItem {LI} at (40,121) size 744x19
            RenderListMarker at (-22,0) size 18x19: "D"
            RenderText {#text} at (0,0) size 126x19
              text run at (0,0) width 126: "four, should show D"
          RenderListItem {LI} at (40,140) size 744x19
            RenderListMarker at (-21,0) size 17x19: "E"
            RenderText {#text} at (0,0) size 122x19
              text run at (0,0) width 122: "five, should show E"
        RenderBlock {OL} at (0,187) size 784x57
          RenderListItem {LI} at (40,0) size 744x19
            RenderListMarker at (-21,0) size 17x19: "Z"
            RenderText {#text} at (0,0) size 162x19
              text run at (0,0) width 162: "twenty six, should show Z"
          RenderListItem {LI} at (40,19) size 744x19
            RenderListMarker at (-30,0) size 26x19: "AA"
            RenderText {#text} at (0,0) size 154x19
              text run at (0,0) width 154: "twenty seven, undefined"
          RenderListItem {LI} at (40,38) size 744x19
            RenderListMarker at (-30,0) size 26x19: "AB"
            RenderText {#text} at (0,0) size 147x19
              text run at (0,0) width 147: "twenty eight, undefined"
        RenderBlock {OL} at (0,272) size 784x57
          RenderListItem {LI} at (40,0) size 744x19
            RenderListMarker at (-30,0) size 26x19: "AZ"
            RenderText {#text} at (0,0) size 120x19
              text run at (0,0) width 120: "fifty-two, undefined"
          RenderListItem {LI} at (40,19) size 744x19
            RenderListMarker at (-30,0) size 26x19: "BA"
            RenderText {#text} at (0,0) size 131x19
              text run at (0,0) width 131: "fifty-three, undefined"
          RenderListItem {LI} at (40,38) size 744x19
            RenderListMarker at (-30,0) size 26x19: "BB"
            RenderText {#text} at (0,0) size 123x19
              text run at (0,0) width 123: "fifty-four, undefined"
      RenderBlock {H2} at (0,2130) size 784x29
        RenderText {#text} at (0,0) size 119x29
          text run at (0,0) width 119: "lower-greek"
      RenderBlock {P} at (0,2176) size 784x20
        RenderText {#text} at (0,0) size 69x19
          text run at (0,0) width 69: "CSS says: "
        RenderInline {CODE} at (0,0) size 232x17
          RenderText {#text} at (69,2) size 232x17
            text run at (69,2) width 232: "list-style-type: lower-greek;"
        RenderText {#text} at (0,0) size 0x0
      RenderBlock {P} at (0,2210) size 784x38
        RenderText {#text} at (0,0) size 717x38
          text run at (0,0) width 717: "The CSS2.0 specification doesn't explicitly define the set of characters in the list, nor what happens after the list is"
          text run at (0,19) width 585: "exhausted, but does say \"Lowercase classical Greek alpha, beta, gamma, ... (\x{3AD}, \x{3AE}, \x{3AF}, ...)\"."
      RenderBlock {DIV} at (0,2262) size 784x329
        RenderBlock {OL} at (0,0) size 784x159
          RenderListItem {LI} at (40,0) size 744x19
            RenderListMarker at (-26,0) size 22x19: "\x{3B1}"
            RenderText {#text} at (0,0) size 114x19
              text run at (0,0) width 114: "one, may show \x{3B1}"
          RenderListItem {LI} at (40,19) size 744x83
            RenderBlock (anonymous) at (0,0) size 744x19
              RenderListMarker at (-26,0) size 22x19: "\x{3B2}"
              RenderText {#text} at (0,0) size 112x19
                text run at (0,0) width 112: "two, may show \x{3B2}"
            RenderBlock {OL} at (0,26) size 744x57
              RenderListItem {LI} at (40,0) size 704x19
                RenderListMarker at (-26,0) size 22x19: "\x{3B1}"
                RenderText {#text} at (0,0) size 114x19
                  text run at (0,0) width 114: "one, may show \x{3B1}"
              RenderListItem {LI} at (40,19) size 704x19
                RenderListMarker at (-26,0) size 22x19: "\x{3B2}"
                RenderText {#text} at (0,0) size 112x19
                  text run at (0,0) width 112: "two, may show \x{3B2}"
              RenderListItem {LI} at (40,38) size 704x19
                RenderListMarker at (-26,0) size 22x19: "\x{3B3}"
                RenderText {#text} at (0,0) size 123x19
                  text run at (0,0) width 123: "three, may show \x{3B3}"
          RenderListItem {LI} at (40,102) size 744x19
            RenderListMarker at (-26,0) size 22x19: "\x{3B3}"
            RenderText {#text} at (0,0) size 123x19
              text run at (0,0) width 123: "three, may show \x{3B3}"
          RenderListItem {LI} at (40,121) size 744x19
            RenderListMarker at (-26,0) size 22x19: "\x{3B4}"
            RenderText {#text} at (0,0) size 115x19
              text run at (0,0) width 115: "four, may show \x{3B4}"
          RenderListItem {LI} at (40,140) size 744x19
            RenderListMarker at (-26,0) size 22x19: "\x{3B5}"
            RenderText {#text} at (0,0) size 112x19
              text run at (0,0) width 112: "five, may show \x{3B5}"
        RenderBlock {OL} at (0,187) size 784x57
          RenderListItem {LI} at (40,0) size 744x19
            RenderListMarker at (-26,0) size 22x19: "\x{3C9}"
            RenderText {#text} at (0,0) size 160x19
              text run at (0,0) width 160: "twenty four, may show \x{3C9}"
          RenderListItem {LI} at (40,19) size 744x19
            RenderListMarker at (-40,0) size 36x19: "\x{3B1}\x{3B1}"
            RenderText {#text} at (0,0) size 154x19
              text run at (0,0) width 154: "twenty seven, undefined"
          RenderListItem {LI} at (40,38) size 744x19
            RenderListMarker at (-40,0) size 36x19: "\x{3B1}\x{3B2}"
            RenderText {#text} at (0,0) size 147x19
              text run at (0,0) width 147: "twenty eight, undefined"
        RenderBlock {OL} at (0,272) size 784x57
          RenderListItem {LI} at (40,0) size 744x19
            RenderListMarker at (-40,0) size 36x19: "\x{3B1}\x{3C9}"
            RenderText {#text} at (0,0) size 135x19
              text run at (0,0) width 135: "forty-eight, undefined"
          RenderListItem {LI} at (40,19) size 744x19
            RenderListMarker at (-40,0) size 36x19: "\x{3B2}\x{3B1}"
            RenderText {#text} at (0,0) size 131x19
              text run at (0,0) width 131: "forty-nine, undefined"
          RenderListItem {LI} at (40,38) size 744x19
            RenderListMarker at (-40,0) size 36x19: "\x{3B2}\x{3B2}"
            RenderText {#text} at (0,0) size 93x19
              text run at (0,0) width 93: "fifty, undefined"
      RenderBlock {H2} at (0,2619) size 784x29
        RenderText {#text} at (0,0) size 89x29
          text run at (0,0) width 89: "hiragana"
      RenderBlock {P} at (0,2665) size 784x20
        RenderText {#text} at (0,0) size 69x19
          text run at (0,0) width 69: "CSS says: "
        RenderInline {CODE} at (0,0) size 208x17
          RenderText {#text} at (69,2) size 208x17
            text run at (69,2) width 208: "list-style-type: hiragana;"
        RenderText {#text} at (0,0) size 0x0
      RenderBlock {P} at (0,2699) size 784x38
        RenderText {#text} at (0,0) size 721x38
          text run at (0,0) width 721: "The CSS 2.0 specification doesn't explicitly define the set of characters in the list, nor what happens after the list is"
          text run at (0,19) width 70: "exhausted."
      RenderBlock {DIV} at (0,2751) size 784x329
        RenderBlock {OL} at (0,0) size 784x159
          RenderListItem {LI} at (40,0) size 744x19
            RenderListMarker at (-16,0) size 12x19: "\x{3042}"
            RenderText {#text} at (0,0) size 104x19
              text run at (0,0) width 104: "one, may show \x{3042}"
          RenderListItem {LI} at (40,19) size 744x83
            RenderBlock (anonymous) at (0,0) size 744x19
              RenderListMarker at (-16,0) size 12x19: "\x{3044}"
              RenderText {#text} at (0,0) size 102x19
                text run at (0,0) width 102: "two, may show \x{3044}"
            RenderBlock {OL} at (0,26) size 744x57
              RenderListItem {LI} at (40,0) size 704x19
                RenderListMarker at (-16,0) size 12x19: "\x{3042}"
                RenderText {#text} at (0,0) size 104x19
                  text run at (0,0) width 104: "one, may show \x{3042}"
              RenderListItem {LI} at (40,19) size 704x19
                RenderListMarker at (-16,0) size 12x19: "\x{3044}"
                RenderText {#text} at (0,0) size 102x19
                  text run at (0,0) width 102: "two, may show \x{3044}"
              RenderListItem {LI} at (40,38) size 704x19
                RenderListMarker at (-16,0) size 12x19: "\x{3046}"
                RenderText {#text} at (0,0) size 113x19
                  text run at (0,0) width 113: "three, may show \x{3046}"
          RenderListItem {LI} at (40,102) size 744x19
            RenderListMarker at (-16,0) size 12x19: "\x{3046}"
            RenderText {#text} at (0,0) size 113x19
              text run at (0,0) width 113: "three, may show \x{3046}"
          RenderListItem {LI} at (40,121) size 744x19
            RenderListMarker at (-16,0) size 12x19: "\x{3048}"
            RenderText {#text} at (0,0) size 105x19
              text run at (0,0) width 105: "four, may show \x{3048}"
          RenderListItem {LI} at (40,140) size 744x19
            RenderListMarker at (-16,0) size 12x19: "\x{304A}"
            RenderText {#text} at (0,0) size 102x19
              text run at (0,0) width 102: "five, may show \x{304A}"
        RenderBlock {OL} at (0,187) size 784x57
          RenderListItem {LI} at (40,0) size 744x19
            RenderListMarker at (-16,0) size 12x19: "\x{3093}"
            RenderText {#text} at (0,0) size 144x19
              text run at (0,0) width 144: "forty-eight, may show \x{3093}"
          RenderListItem {LI} at (40,19) size 744x19
            RenderListMarker at (-20,0) size 16x19: "\x{3042}\x{3042}"
            RenderText {#text} at (0,0) size 131x19
              text run at (0,0) width 131: "forty-nine, undefined"
          RenderListItem {LI} at (40,38) size 744x19
            RenderListMarker at (-20,0) size 16x19: "\x{3042}\x{3044}"
            RenderText {#text} at (0,0) size 93x19
              text run at (0,0) width 93: "fifty, undefined"
        RenderBlock {OL} at (0,272) size 784x57
          RenderListItem {LI} at (40,0) size 744x19
            RenderListMarker at (-20,0) size 16x19: "\x{3042}\x{3093}"
            RenderText {#text} at (0,0) size 131x19
              text run at (0,0) width 131: "ninety-six, undefined"
          RenderListItem {LI} at (40,19) size 744x19
            RenderListMarker at (-20,0) size 16x19: "\x{3044}\x{3042}"
            RenderText {#text} at (0,0) size 152x19
              text run at (0,0) width 152: "ninety-seven, undefined"
          RenderListItem {LI} at (40,38) size 744x19
            RenderListMarker at (-20,0) size 16x19: "\x{3044}\x{3044}"
            RenderText {#text} at (0,0) size 145x19
              text run at (0,0) width 145: "ninety-eight, undefined"
      RenderBlock {H2} at (0,3108) size 784x29
        RenderText {#text} at (0,0) size 148x29
          text run at (0,0) width 148: "hiragana-iroha"
      RenderBlock {P} at (0,3154) size 784x20
        RenderText {#text} at (0,0) size 69x19
          text run at (0,0) width 69: "CSS says: "
        RenderInline {CODE} at (0,0) size 256x17
          RenderText {#text} at (69,2) size 256x17
            text run at (69,2) width 256: "list-style-type: hiragana-iroha;"
      RenderBlock {P} at (0,3188) size 784x38
        RenderText {#text} at (0,0) size 721x38
          text run at (0,0) width 721: "The CSS 2.0 specification doesn't explicitly define the set of characters in the list, nor what happens after the list is"
          text run at (0,19) width 70: "exhausted."
      RenderBlock {DIV} at (0,3240) size 784x329
        RenderBlock {OL} at (0,0) size 784x159
          RenderListItem {LI} at (40,0) size 744x19
            RenderListMarker at (-16,0) size 12x19: "\x{3044}"
            RenderText {#text} at (0,0) size 104x19
              text run at (0,0) width 104: "one, may show \x{3044}"
          RenderListItem {LI} at (40,19) size 744x83
            RenderBlock (anonymous) at (0,0) size 744x19
              RenderListMarker at (-16,0) size 12x19: "\x{308D}"
              RenderText {#text} at (0,0) size 102x19
                text run at (0,0) width 102: "two, may show \x{308D}"
            RenderBlock {OL} at (0,26) size 744x57
              RenderListItem {LI} at (40,0) size 704x19
                RenderListMarker at (-16,0) size 12x19: "\x{3042}"
                RenderText {#text} at (0,0) size 104x19
                  text run at (0,0) width 104: "one, may show \x{3044}"
              RenderListItem {LI} at (40,19) size 704x19
                RenderListMarker at (-16,0) size 12x19: "\x{3044}"
                RenderText {#text} at (0,0) size 102x19
                  text run at (0,0) width 102: "two, may show \x{308D}"
              RenderListItem {LI} at (40,38) size 704x19
                RenderListMarker at (-16,0) size 12x19: "\x{3046}"
                RenderText {#text} at (0,0) size 113x19
                  text run at (0,0) width 113: "three, may show \x{306F}"
          RenderListItem {LI} at (40,102) size 744x19
            RenderListMarker at (-16,0) size 12x19: "\x{306F}"
            RenderText {#text} at (0,0) size 113x19
              text run at (0,0) width 113: "three, may show \x{306F}"
          RenderListItem {LI} at (40,121) size 744x19
            RenderListMarker at (-16,0) size 12x19: "\x{306B}"
            RenderText {#text} at (0,0) size 105x19
              text run at (0,0) width 105: "four, may show \x{306B}"
          RenderListItem {LI} at (40,140) size 744x19
            RenderListMarker at (-16,0) size 12x19: "\x{307B}"
            RenderText {#text} at (0,0) size 102x19
              text run at (0,0) width 102: "five, may show \x{307B}"
        RenderBlock {OL} at (0,187) size 784x57
          RenderListItem {LI} at (40,0) size 744x19
            RenderListMarker at (-16,0) size 12x19: "\x{3059}"
            RenderText {#text} at (0,0) size 151x19
              text run at (0,0) width 151: "forty-seven, may show \x{3059}"
          RenderListItem {LI} at (40,19) size 744x19
            RenderListMarker at (-20,0) size 16x19: "\x{3044}\x{3044}"
            RenderText {#text} at (0,0) size 135x19
              text run at (0,0) width 135: "forty-eight, undefined"
          RenderListItem {LI} at (40,38) size 744x19
            RenderListMarker at (-20,0) size 16x19: "\x{3044}\x{308D}"
            RenderText {#text} at (0,0) size 131x19
              text run at (0,0) width 131: "forty-nine, undefined"
        RenderBlock {OL} at (0,272) size 784x57
          RenderListItem {LI} at (40,0) size 744x19
            RenderListMarker at (-20,0) size 16x19: "\x{3044}\x{3059}"
            RenderText {#text} at (0,0) size 139x19
              text run at (0,0) width 139: "ninety-four, undefined"
          RenderListItem {LI} at (40,19) size 744x19
            RenderListMarker at (-20,0) size 16x19: "\x{308D}\x{3044}"
            RenderText {#text} at (0,0) size 136x19
              text run at (0,0) width 136: "ninety-five, undefined"
          RenderListItem {LI} at (40,38) size 744x19
            RenderListMarker at (-20,0) size 16x19: "\x{308D}\x{308D}"
            RenderText {#text} at (0,0) size 131x19
              text run at (0,0) width 131: "ninety-six, undefined"
      RenderBlock {H2} at (0,3597) size 784x29
        RenderText {#text} at (0,0) size 92x29
          text run at (0,0) width 92: "katakana"
      RenderBlock {P} at (0,3643) size 784x20
        RenderText {#text} at (0,0) size 69x19
          text run at (0,0) width 69: "CSS says: "
        RenderInline {CODE} at (0,0) size 208x17
          RenderText {#text} at (69,2) size 208x17
            text run at (69,2) width 208: "list-style-type: katakana;"
        RenderText {#text} at (0,0) size 0x0
      RenderBlock {P} at (0,3677) size 784x38
        RenderText {#text} at (0,0) size 721x38
          text run at (0,0) width 721: "The CSS 2.0 specification doesn't explicitly define the set of characters in the list, nor what happens after the list is"
          text run at (0,19) width 70: "exhausted."
      RenderBlock {DIV} at (0,3729) size 784x329
        RenderBlock {OL} at (0,0) size 784x159
          RenderListItem {LI} at (40,0) size 744x19
            RenderListMarker at (-16,0) size 12x19: "\x{30A2}"
            RenderText {#text} at (0,0) size 104x19
              text run at (0,0) width 104: "one, may show \x{30A2}"
          RenderListItem {LI} at (40,19) size 744x83
            RenderBlock (anonymous) at (0,0) size 744x19
              RenderListMarker at (-16,0) size 12x19: "\x{30A4}"
              RenderText {#text} at (0,0) size 102x19
                text run at (0,0) width 102: "two, may show \x{30A4}"
            RenderBlock {OL} at (0,26) size 744x57
              RenderListItem {LI} at (40,0) size 704x19
                RenderListMarker at (-16,0) size 12x19: "\x{30A2}"
                RenderText {#text} at (0,0) size 104x19
                  text run at (0,0) width 104: "one, may show \x{30A2}"
              RenderListItem {LI} at (40,19) size 704x19
                RenderListMarker at (-16,0) size 12x19: "\x{30A4}"
                RenderText {#text} at (0,0) size 102x19
                  text run at (0,0) width 102: "two, may show \x{30A4}"
              RenderListItem {LI} at (40,38) size 704x19
                RenderListMarker at (-16,0) size 12x19: "\x{30A6}"
                RenderText {#text} at (0,0) size 113x19
                  text run at (0,0) width 113: "three, may show \x{30A6}"
          RenderListItem {LI} at (40,102) size 744x19
            RenderListMarker at (-16,0) size 12x19: "\x{30A6}"
            RenderText {#text} at (0,0) size 113x19
              text run at (0,0) width 113: "three, may show \x{30A6}"
          RenderListItem {LI} at (40,121) size 744x19
            RenderListMarker at (-16,0) size 12x19: "\x{30A8}"
            RenderText {#text} at (0,0) size 105x19
              text run at (0,0) width 105: "four, may show \x{30A8}"
          RenderListItem {LI} at (40,140) size 744x19
            RenderListMarker at (-16,0) size 12x19: "\x{30AA}"
            RenderText {#text} at (0,0) size 102x19
              text run at (0,0) width 102: "five, may show \x{30AA}"
        RenderBlock {OL} at (0,187) size 784x57
          RenderListItem {LI} at (40,0) size 744x19
            RenderListMarker at (-16,0) size 12x19: "\x{30F3}"
            RenderText {#text} at (0,0) size 135x19
              text run at (0,0) width 135: "forty-eight, undefined"
          RenderListItem {LI} at (40,19) size 744x19
            RenderListMarker at (-20,0) size 16x19: "\x{30A2}\x{30A2}"
            RenderText {#text} at (0,0) size 131x19
              text run at (0,0) width 131: "forty-nine, undefined"
          RenderListItem {LI} at (40,38) size 744x19
            RenderListMarker at (-20,0) size 16x19: "\x{30A2}\x{30A4}"
            RenderText {#text} at (0,0) size 93x19
              text run at (0,0) width 93: "fifty, undefined"
        RenderBlock {OL} at (0,272) size 784x57
          RenderListItem {LI} at (40,0) size 744x19
            RenderListMarker at (-20,0) size 16x19: "\x{30A2}\x{30F3}"
            RenderText {#text} at (0,0) size 131x19
              text run at (0,0) width 131: "ninety-six, undefined"
          RenderListItem {LI} at (40,19) size 744x19
            RenderListMarker at (-20,0) size 16x19: "\x{30A4}\x{30A2}"
            RenderText {#text} at (0,0) size 152x19
              text run at (0,0) width 152: "ninety-seven, undefined"
          RenderListItem {LI} at (40,38) size 744x19
            RenderListMarker at (-20,0) size 16x19: "\x{30A4}\x{30A4}"
            RenderText {#text} at (0,0) size 145x19
              text run at (0,0) width 145: "ninety-eight, undefined"
      RenderBlock {H2} at (0,4086) size 784x29
        RenderText {#text} at (0,0) size 151x29
          text run at (0,0) width 151: "katakana-iroha"
      RenderBlock {P} at (0,4132) size 784x20
        RenderText {#text} at (0,0) size 69x19
          text run at (0,0) width 69: "CSS says: "
        RenderInline {CODE} at (0,0) size 256x17
          RenderText {#text} at (69,2) size 256x17
            text run at (69,2) width 256: "list-style-type: katakana-iroha;"
        RenderText {#text} at (0,0) size 0x0
      RenderBlock {P} at (0,4166) size 784x38
        RenderText {#text} at (0,0) size 721x38
          text run at (0,0) width 721: "The CSS 2.0 specification doesn't explicitly define the set of characters in the list, nor what happens after the list is"
          text run at (0,19) width 70: "exhausted."
      RenderBlock {DIV} at (0,4218) size 784x329
        RenderBlock {OL} at (0,0) size 784x159
          RenderListItem {LI} at (40,0) size 744x19
            RenderListMarker at (-16,0) size 12x19: "\x{30A4}"
            RenderText {#text} at (0,0) size 104x19
              text run at (0,0) width 104: "one, may show \x{30A4}"
          RenderListItem {LI} at (40,19) size 744x83
            RenderBlock (anonymous) at (0,0) size 744x19
              RenderListMarker at (-16,0) size 12x19: "\x{30ED}"
              RenderText {#text} at (0,0) size 102x19
                text run at (0,0) width 102: "two, may show \x{30ED}"
            RenderBlock {OL} at (0,26) size 744x57
              RenderListItem {LI} at (40,0) size 704x19
                RenderListMarker at (-16,0) size 12x19: "\x{3042}"
                RenderText {#text} at (0,0) size 104x19
                  text run at (0,0) width 104: "one, may show \x{30A4}"
              RenderListItem {LI} at (40,19) size 704x19
                RenderListMarker at (-16,0) size 12x19: "\x{3044}"
                RenderText {#text} at (0,0) size 102x19
                  text run at (0,0) width 102: "two, may show \x{30ED}"
              RenderListItem {LI} at (40,38) size 704x19
                RenderListMarker at (-16,0) size 12x19: "\x{3046}"
                RenderText {#text} at (0,0) size 113x19
                  text run at (0,0) width 113: "three, may show \x{30CF}"
          RenderListItem {LI} at (40,102) size 744x19
            RenderListMarker at (-16,0) size 12x19: "\x{30CF}"
            RenderText {#text} at (0,0) size 113x19
              text run at (0,0) width 113: "three, may show \x{30CF}"
          RenderListItem {LI} at (40,121) size 744x19
            RenderListMarker at (-16,0) size 12x19: "\x{30CB}"
            RenderText {#text} at (0,0) size 105x19
              text run at (0,0) width 105: "four, may show \x{30CB}"
          RenderListItem {LI} at (40,140) size 744x19
            RenderListMarker at (-16,0) size 12x19: "\x{30DB}"
            RenderText {#text} at (0,0) size 102x19
              text run at (0,0) width 102: "five, may show \x{30DB}"
        RenderBlock {OL} at (0,187) size 784x57
          RenderListItem {LI} at (40,0) size 744x19
            RenderListMarker at (-16,0) size 12x19: "\x{30B9}"
            RenderText {#text} at (0,0) size 151x19
              text run at (0,0) width 151: "forty-seven, may show \x{30B9}"
          RenderListItem {LI} at (40,19) size 744x19
            RenderListMarker at (-20,0) size 16x19: "\x{30A4}\x{30A4}"
            RenderText {#text} at (0,0) size 135x19
              text run at (0,0) width 135: "forty-eight, undefined"
          RenderListItem {LI} at (40,38) size 744x19
            RenderListMarker at (-20,0) size 16x19: "\x{30A4}\x{30ED}"
            RenderText {#text} at (0,0) size 131x19
              text run at (0,0) width 131: "forty-nine, undefined"
        RenderBlock {OL} at (0,272) size 784x57
          RenderListItem {LI} at (40,0) size 744x19
            RenderListMarker at (-20,0) size 16x19: "\x{30A4}\x{30B9}"
            RenderText {#text} at (0,0) size 139x19
              text run at (0,0) width 139: "ninety-four, undefined"
          RenderListItem {LI} at (40,19) size 744x19
            RenderListMarker at (-20,0) size 16x19: "\x{30ED}\x{30A4}"
            RenderText {#text} at (0,0) size 136x19
              text run at (0,0) width 136: "ninety-five, undefined"
          RenderListItem {LI} at (40,38) size 744x19
            RenderListMarker at (-20,0) size 16x19: "\x{30ED}\x{30ED}"
            RenderText {#text} at (0,0) size 131x19
              text run at (0,0) width 131: "ninety-six, undefined"
      RenderBlock {H2} at (0,4575) size 784x29
        RenderText {#text} at (0,0) size 158x29
          text run at (0,0) width 158: "cjk-ideographic"
      RenderBlock {P} at (0,4621) size 784x20
        RenderText {#text} at (0,0) size 69x19
          text run at (0,0) width 69: "CSS says: "
        RenderInline {CODE} at (0,0) size 264x17
          RenderText {#text} at (69,2) size 264x17
            text run at (69,2) width 264: "list-style-type: cjk-ideographic;"
      RenderBlock {P} at (0,4655) size 784x57
        RenderText {#text} at (0,0) size 763x57
          text run at (0,0) width 730: "The CSS2.0 specification doesn't define what characters should be used to create each number - there are multiple"
          text run at (0,19) width 81: "alternatives. "
          text run at (81,19) width 682: "Note that the characters specified in the CSS3 Lists module as of the date of publication of this page are not"
          text run at (0,38) width 142: "those expected below."
      RenderBlock {DIV} at (0,4726) size 784x395
        RenderBlock {OL} at (0,0) size 784x159
          RenderListItem {LI} at (40,0) size 744x19
            RenderListMarker at (-16,0) size 12x19: "\x{4E00}"
            RenderText {#text} at (0,0) size 24x19
              text run at (0,0) width 24: "one"
          RenderListItem {LI} at (40,19) size 744x83
            RenderBlock (anonymous) at (0,0) size 744x19
              RenderListMarker at (-16,0) size 12x19: "\x{4E8C}"
              RenderText {#text} at (0,0) size 22x19
                text run at (0,0) width 22: "two"
            RenderBlock {OL} at (0,26) size 744x57
              RenderListItem {LI} at (40,0) size 704x19
                RenderListMarker at (-16,0) size 12x19: "\x{4E00}"
                RenderText {#text} at (0,0) size 24x19
                  text run at (0,0) width 24: "one"
              RenderListItem {LI} at (40,19) size 704x19
                RenderListMarker at (-16,0) size 12x19: "\x{4E8C}"
                RenderText {#text} at (0,0) size 22x19
                  text run at (0,0) width 22: "two"
              RenderListItem {LI} at (40,38) size 704x19
                RenderListMarker at (-16,0) size 12x19: "\x{4E09}"
                RenderText {#text} at (0,0) size 33x19
                  text run at (0,0) width 33: "three"
          RenderListItem {LI} at (40,102) size 744x19
            RenderListMarker at (-16,0) size 12x19: "\x{4E09}"
            RenderText {#text} at (0,0) size 33x19
              text run at (0,0) width 33: "three"
          RenderListItem {LI} at (40,121) size 744x19
            RenderListMarker at (-16,0) size 12x19: "\x{56DB}"
            RenderText {#text} at (0,0) size 25x19
              text run at (0,0) width 25: "four"
          RenderListItem {LI} at (40,140) size 744x19
            RenderListMarker at (-16,0) size 12x19: "\x{4E94}"
            RenderText {#text} at (0,0) size 22x19
              text run at (0,0) width 22: "five"
        RenderBlock {OL} at (0,187) size 784x57
          RenderListItem {LI} at (40,0) size 744x19
            RenderListMarker at (-20,0) size 16x19: "\x{4E8C}\x{5341}"
            RenderText {#text} at (0,0) size 112x19
              text run at (0,0) width 112: "twenty, undefined"
          RenderListItem {LI} at (40,19) size 744x19
            RenderListMarker at (-24,0) size 20x19: "\x{4E8C}\x{5341}\x{4E00}"
            RenderText {#text} at (0,0) size 140x19
              text run at (0,0) width 140: "twenty one, undefined"
          RenderListItem {LI} at (40,38) size 744x19
            RenderListMarker at (-24,0) size 20x19: "\x{4E8C}\x{5341}\x{4E8C}"
            RenderText {#text} at (0,0) size 138x19
              text run at (0,0) width 138: "twenty two, undefined"
        RenderBlock {OL} at (0,272) size 784x57
          RenderListItem {LI} at (40,0) size 744x19
            RenderListMarker at (-20,0) size 16x19: "\x{4E00}\x{767E}"
            RenderText {#text} at (0,0) size 136x19
              text run at (0,0) width 136: "a hundred, undefined"
          RenderListItem {LI} at (40,19) size 744x19
            RenderListMarker at (-28,0) size 24x19: "\x{4E00}\x{767E}\x{96F6}\x{4E00}"
            RenderText {#text} at (0,0) size 192x19
              text run at (0,0) width 192: "a hundred and one, undefined"
          RenderListItem {LI} at (40,38) size 744x19
            RenderListMarker at (-28,0) size 24x19: "\x{4E00}\x{767E}\x{96F6}\x{4E8C}"
            RenderText {#text} at (0,0) size 190x19
              text run at (0,0) width 190: "a hundred and two, undefined"
        RenderBlock {OL} at (0,357) size 784x38
          RenderListItem {LI} at (40,0) size 744x19
            RenderListMarker at (-16,0) size 12x19: "\x{96F6}"
            RenderText {#text} at (0,0) size 99x19
              text run at (0,0) width 99: "zero, undefined"
          RenderListItem {LI} at (40,19) size 744x19
            RenderListMarker at (-16,0) size 12x19: "\x{4E00}"
            RenderText {#text} at (0,0) size 24x19
              text run at (0,0) width 24: "one"
      RenderBlock {H2} at (0,5149) size 784x29
        RenderText {#text} at (0,0) size 74x29
          text run at (0,0) width 74: "hebrew"
      RenderBlock {P} at (0,5195) size 784x20
        RenderText {#text} at (0,0) size 69x19
          text run at (0,0) width 69: "CSS says: "
        RenderInline {CODE} at (0,0) size 192x17
          RenderText {#text} at (69,2) size 192x17
            text run at (69,2) width 192: "list-style-type: hebrew;"
      RenderBlock {P} at (0,5229) size 784x19
        RenderText {#text} at (0,0) size 513x19
          text run at (0,0) width 513: "The CSS2.0 specification doesn't define the algorithm for the Hebrew numbering."
      RenderBlock {DIV} at (0,5262) size 784x348
        RenderBlock {OL} at (0,0) size 784x159
          RenderListItem {LI} at (40,0) size 744x19
            RenderListMarker at (-26,0) size 22x19: "\x{5D0}"
            RenderText {#text} at (0,0) size 129x19
              text run at (0,0) width 115: "one, should show "
              text run at (115,0) width 14 RTL: "\x{5D0}"
          RenderListItem {LI} at (40,19) size 744x83
            RenderBlock (anonymous) at (0,0) size 744x19
              RenderListMarker at (-26,0) size 22x19: "\x{5D1}"
              RenderText {#text} at (0,0) size 127x19
                text run at (0,0) width 113: "two, should show "
                text run at (113,0) width 14 RTL: "\x{5D1}"
            RenderBlock {OL} at (0,26) size 744x57
              RenderListItem {LI} at (40,0) size 704x19
                RenderListMarker at (-26,0) size 22x19: "\x{5D0}"
                RenderText {#text} at (0,0) size 129x19
                  text run at (0,0) width 115: "one, should show "
                  text run at (115,0) width 14 RTL: "\x{5D0}"
              RenderListItem {LI} at (40,19) size 704x19
                RenderListMarker at (-26,0) size 22x19: "\x{5D1}"
                RenderText {#text} at (0,0) size 127x19
                  text run at (0,0) width 113: "two, should show "
                  text run at (113,0) width 14 RTL: "\x{5D1}"
              RenderListItem {LI} at (40,38) size 704x19
                RenderListMarker at (-26,0) size 22x19: "\x{5D2}"
                RenderText {#text} at (0,0) size 138x19
                  text run at (0,0) width 124: "three, should show "
                  text run at (124,0) width 14 RTL: "\x{5D2}"
          RenderListItem {LI} at (40,102) size 744x19
            RenderListMarker at (-26,0) size 22x19: "\x{5D2}"
            RenderText {#text} at (0,0) size 138x19
              text run at (0,0) width 124: "three, should show "
              text run at (124,0) width 14 RTL: "\x{5D2}"
          RenderListItem {LI} at (40,121) size 744x19
            RenderListMarker at (-26,0) size 22x19: "\x{5D3}"
            RenderText {#text} at (0,0) size 130x19
              text run at (0,0) width 116: "four, should show "
              text run at (116,0) width 14 RTL: "\x{5D3}"
          RenderListItem {LI} at (40,140) size 744x19
            RenderListMarker at (-26,0) size 22x19: "\x{5D4}"
            RenderText {#text} at (0,0) size 127x19
              text run at (0,0) width 113: "five, should show "
              text run at (113,0) width 14 RTL: "\x{5D4}"
        RenderBlock {OL} at (0,187) size 784x95
          RenderListItem {LI} at (40,0) size 744x19
            RenderListMarker at (-40,0) size 36x19: "\x{5E6}\x{5D6}"
            RenderText {#text} at (0,0) size 256x19
              text run at (0,0) width 228: "ninety-seven, undefined, may show "
              text run at (228,0) width 28 RTL: "\x{5E6}\x{5D6}"
          RenderListItem {LI} at (40,19) size 744x19
            RenderListMarker at (-40,0) size 36x19: "\x{5E6}\x{5D7}"
            RenderText {#text} at (0,0) size 249x19
              text run at (0,0) width 221: "ninety-eight, undefined, may show "
              text run at (221,0) width 28 RTL: "\x{5E6}\x{5D7}"
          RenderListItem {LI} at (40,38) size 744x19
            RenderListMarker at (-40,0) size 36x19: "\x{5E6}\x{5D8}"
            RenderText {#text} at (0,0) size 245x19
              text run at (0,0) width 217: "ninety-nine, undefined, may show "
              text run at (217,0) width 28 RTL: "\x{5E6}\x{5D8}"
          RenderListItem {LI} at (40,57) size 744x19
            RenderListMarker at (-26,0) size 22x19: "\x{5E7}"
            RenderText {#text} at (0,0) size 214x19
              text run at (0,0) width 200: "hundred, undefined, may show "
              text run at (200,0) width 14 RTL: "\x{5E7}"
          RenderListItem {LI} at (40,76) size 744x19
            RenderListMarker at (-40,0) size 36x19: "\x{5E7}\x{5D0}"
            RenderText {#text} at (0,0) size 296x19
              text run at (0,0) width 268: "a hundred and one, undefined, may show "
              text run at (268,0) width 28 RTL: "\x{5E7}\x{5D0}"
        RenderBlock {OL} at (0,310) size 784x38
          RenderListItem {LI} at (40,0) size 744x19
            RenderListMarker at (-54,0) size 50x19: "\x{5D0}\x{5E4}\x{5E1}"
            RenderText {#text} at (0,0) size 217x19
              text run at (0,0) width 175: "zero, undefined, may show "
              text run at (175,0) width 42 RTL: "\x{5D0}\x{5E4}\x{5E1}"
          RenderListItem {LI} at (40,19) size 744x19
            RenderListMarker at (-26,0) size 22x19: "\x{5D0}"
            RenderText {#text} at (0,0) size 129x19
              text run at (0,0) width 115: "one, should show "
              text run at (115,0) width 14 RTL: "\x{5D0}"
      RenderBlock {H2} at (0,5638) size 784x29
        RenderText {#text} at (0,0) size 90x29
          text run at (0,0) width 90: "georgian"
      RenderBlock {P} at (0,5684) size 784x20
        RenderText {#text} at (0,0) size 69x19
          text run at (0,0) width 69: "CSS says: "
        RenderInline {CODE} at (0,0) size 208x17
          RenderText {#text} at (69,2) size 208x17
            text run at (69,2) width 208: "list-style-type: georgian;"
      RenderBlock {P} at (0,5718) size 784x19
        RenderText {#text} at (0,0) size 552x19
          text run at (0,0) width 552: "The CSS2.0 specification doesn't define the algorithm for Georgian numbering in detail."
      RenderBlock {DIV} at (0,5751) size 784x377
        RenderBlock {OL} at (0,0) size 784x292
          RenderListItem {LI} at (40,0) size 744x19
            RenderListMarker at (-26,0) size 22x19: "\x{10D0}"
            RenderText {#text} at (0,0) size 114x19
              text run at (0,0) width 114: "one, may show \x{10D0}"
          RenderListItem {LI} at (40,19) size 744x83
            RenderBlock (anonymous) at (0,0) size 744x19
              RenderListMarker at (-26,0) size 22x19: "\x{10D1}"
              RenderText {#text} at (0,0) size 112x19
                text run at (0,0) width 112: "two, may show \x{10D1}"
            RenderBlock {OL} at (0,26) size 744x57
              RenderListItem {LI} at (40,0) size 704x19
                RenderListMarker at (-26,0) size 22x19: "\x{10D0}"
                RenderText {#text} at (0,0) size 114x19
                  text run at (0,0) width 114: "one, may show \x{10D0}"
              RenderListItem {LI} at (40,19) size 704x19
                RenderListMarker at (-26,0) size 22x19: "\x{10D1}"
                RenderText {#text} at (0,0) size 112x19
                  text run at (0,0) width 112: "two, may show \x{10D1}"
              RenderListItem {LI} at (40,38) size 704x19
                RenderListMarker at (-26,0) size 22x19: "\x{10D2}"
                RenderText {#text} at (0,0) size 123x19
                  text run at (0,0) width 123: "three, may show \x{10D2}"
          RenderListItem {LI} at (40,102) size 744x19
            RenderListMarker at (-26,0) size 22x19: "\x{10D2}"
            RenderText {#text} at (0,0) size 123x19
              text run at (0,0) width 123: "three, may show \x{10D2}"
          RenderListItem {LI} at (40,121) size 744x19
            RenderListMarker at (-26,0) size 22x19: "\x{10D3}"
            RenderText {#text} at (0,0) size 115x19
              text run at (0,0) width 115: "four, may show \x{10D3}"
          RenderListItem {LI} at (40,140) size 744x19
            RenderListMarker at (-26,0) size 22x19: "\x{10D4}"
            RenderText {#text} at (0,0) size 112x19
              text run at (0,0) width 112: "five, may show \x{10D4}"
          RenderListItem {LI} at (40,159) size 744x19
            RenderListMarker at (-26,0) size 22x19: "\x{10D5}"
            RenderText {#text} at (0,0) size 107x19
              text run at (0,0) width 107: "six, may show \x{10D5}"
          RenderListItem {LI} at (40,178) size 744x19
            RenderListMarker at (-26,0) size 22x19: "\x{10D6}"
            RenderText {#text} at (0,0) size 128x19
              text run at (0,0) width 128: "seven, may show \x{10D6}"
          RenderListItem {LI} at (40,197) size 744x19
            RenderListMarker at (-26,0) size 22x19: "\x{10F1}"
            RenderText {#text} at (0,0) size 121x19
              text run at (0,0) width 121: "eight, may show \x{10F1}"
          RenderListItem {LI} at (40,216) size 744x19
            RenderListMarker at (-26,0) size 22x19: "\x{10D7}"
            RenderText {#text} at (0,0) size 117x19
              text run at (0,0) width 117: "nine, may show \x{10D7}"
          RenderListItem {LI} at (40,235) size 744x19
            RenderListMarker at (-26,0) size 22x19: "\x{10D8}"
            RenderText {#text} at (0,0) size 110x19
              text run at (0,0) width 110: "ten, may show \x{10D8}"
          RenderListItem {LI} at (40,254) size 744x19
            RenderListMarker at (-40,0) size 36x19: "\x{10D8}\x{10D0}"
            RenderText {#text} at (0,0) size 146x19
              text run at (0,0) width 146: "eleven, may show \x{10D8}\x{10D0}"
          RenderListItem {LI} at (40,273) size 744x19
            RenderListMarker at (-40,0) size 36x19: "\x{10D8}\x{10D1}"
            RenderText {#text} at (0,0) size 144x19
              text run at (0,0) width 144: "twelve, may show \x{10D8}\x{10D1}"
        RenderBlock {OL} at (0,320) size 784x57
          RenderListItem {LI} at (40,0) size 744x19
            RenderListMarker at (-40,0) size 36x19: "\x{10DF}\x{10D7}"
            RenderText {#text} at (0,0) size 245x19
              text run at (0,0) width 245: "ninety-nine, undefined, may show \x{10DF}\x{10D7}"
          RenderListItem {LI} at (40,19) size 744x19
            RenderListMarker at (-26,0) size 22x19: "\x{10E0}"
            RenderText {#text} at (0,0) size 214x19
              text run at (0,0) width 214: "hundred, undefined, may show \x{10E0}"
          RenderListItem {LI} at (40,38) size 744x19
            RenderListMarker at (-40,0) size 36x19: "\x{10E0}\x{10D0}"
            RenderText {#text} at (0,0) size 296x19
              text run at (0,0) width 296: "a hundred and one, undefined, may show \x{10E0}\x{10D0}"
      RenderBlock {H2} at (0,6156) size 784x29
        RenderText {#text} at (0,0) size 95x29
          text run at (0,0) width 95: "armenian"
      RenderBlock {P} at (0,6202) size 784x20
        RenderText {#text} at (0,0) size 69x19
          text run at (0,0) width 69: "CSS says: "
        RenderInline {CODE} at (0,0) size 208x17
          RenderText {#text} at (69,2) size 208x17
            text run at (69,2) width 208: "list-style-type: armenian;"
      RenderBlock {P} at (0,6236) size 784x19
        RenderText {#text} at (0,0) size 554x19
          text run at (0,0) width 554: "The CSS2.0 specification doesn't define the algorithm for Armenian numbering in detail."
