layer at (0,0) size 785x13119
  RenderView at (0,0) size 785x600
layer at (0,0) size 785x13119
  RenderBlock {HTML} at (0,0) size 785x12863
    RenderBody {BODY} at (8,8) size 769x12836
      RenderBlock {H1} at (0,0) size 769x37
        RenderText {#text} at (0,0) size 435x36
          text run at (0,0) width 435: "CSS3 Alphabetic list-style-types"
      RenderBlock {P} at (0,58) size 769x80
        RenderText {#text} at (0,0) size 467x19
          text run at (0,0) width 467: "This tests that all of the alphabetic CSS3 list-style-types are supported as per "
        RenderInline {A} at (0,0) size 261x19 [color=#0000EE]
          RenderText {#text} at (467,0) size 261x19
            text run at (467,0) width 261: "section 4.4 of the spec. CSS3 Lists module"
        RenderText {#text} at (728,0) size 768x79
          text run at (728,0) width 40: " (Draft"
          text run at (0,20) width 760: "7 November 2002). This test PASSED if the list item matches its bullet for every list item (below). For example, for the upper-"
          text run at (0,40) width 751: "greek alphabet the third <li> (which corresponds to Gamma in the lexicographic ordering of the upper greek alphabet) should"
          text run at (0,60) width 127: "be rendered as: \x{393}. \x{393}."
      RenderBlock {P} at (0,154) size 769x20
        RenderText {#text} at (0,0) size 388x19
          text run at (0,0) width 340: "Note, some list-style-types may use a suffix other than a "
          text run at (340,0) width 48: "dot ('.')."
      RenderBlock {DIV} at (0,193) size 769x27
        RenderBlock {H2} at (0,0) size 769x27
          RenderText {#text} at (0,0) size 42x26
            text run at (0,0) width 42: "afar"
        RenderBlock (floating) {OL} at (0,62) size 72x180
          RenderListItem {LI} at (40,0) size 12x20
            RenderListMarker at (-33,0) size 28x19: "\x{1200}"
            RenderText {#text} at (0,0) size 12x19
              text run at (0,0) width 12: "\x{1200}"
          RenderListItem {LI} at (40,20) size 12x20
            RenderListMarker at (-33,0) size 28x19: "\x{1208}"
            RenderText {#text} at (0,0) size 12x19
              text run at (0,0) width 12: "\x{1208}"
          RenderListItem {LI} at (40,40) size 12x20
            RenderListMarker at (-33,0) size 28x19: "\x{1210}"
            RenderText {#text} at (0,0) size 12x19
              text run at (0,0) width 12: "\x{1210}"
          RenderListItem {LI} at (40,60) size 12x20
            RenderListMarker at (-33,0) size 28x19: "\x{1218}"
            RenderText {#text} at (0,0) size 12x19
              text run at (0,0) width 12: "\x{1218}"
          RenderListItem {LI} at (40,80) size 12x20
            RenderListMarker at (-33,0) size 28x19: "\x{1228}"
            RenderText {#text} at (0,0) size 12x19
              text run at (0,0) width 12: "\x{1228}"
          RenderListItem {LI} at (40,100) size 12x20
            RenderListMarker at (-33,0) size 28x19: "\x{1230}"
            RenderText {#text} at (0,0) size 12x19
              text run at (0,0) width 12: "\x{1230}"
          RenderListItem {LI} at (40,120) size 12x20
            RenderListMarker at (-33,0) size 28x19: "\x{1260}"
            RenderText {#text} at (0,0) size 12x19
              text run at (0,0) width 12: "\x{1260}"
          RenderListItem {LI} at (40,140) size 12x20
            RenderListMarker at (-33,0) size 28x19: "\x{1270}"
            RenderText {#text} at (0,0) size 12x19
              text run at (0,0) width 12: "\x{1270}"
          RenderListItem {LI} at (40,160) size 12x20
            RenderListMarker at (-33,0) size 28x19: "\x{1290}"
            RenderText {#text} at (0,0) size 12x19
              text run at (0,0) width 12: "\x{1290}"
        RenderBlock (floating) {OL} at (72,62) size 72x180
          RenderListItem {LI} at (40,0) size 12x20
            RenderListMarker at (-33,0) size 28x19: "\x{12A0}"
            RenderText {#text} at (0,0) size 12x19
              text run at (0,0) width 12: "\x{12A0}"
          RenderListItem {LI} at (40,20) size 12x20
            RenderListMarker at (-33,0) size 28x19: "\x{12A8}"
            RenderText {#text} at (0,0) size 12x19
              text run at (0,0) width 12: "\x{12A8}"
          RenderListItem {LI} at (40,40) size 12x20
            RenderListMarker at (-33,0) size 28x19: "\x{12C8}"
            RenderText {#text} at (0,0) size 12x19
              text run at (0,0) width 12: "\x{12C8}"
          RenderListItem {LI} at (40,60) size 12x20
            RenderListMarker at (-33,0) size 28x19: "\x{12D0}"
            RenderText {#text} at (0,0) size 12x19
              text run at (0,0) width 12: "\x{12D0}"
          RenderListItem {LI} at (40,80) size 12x20
            RenderListMarker at (-33,0) size 28x19: "\x{12E8}"
            RenderText {#text} at (0,0) size 12x19
              text run at (0,0) width 12: "\x{12E8}"
          RenderListItem {LI} at (40,100) size 12x20
            RenderListMarker at (-33,0) size 28x19: "\x{12F0}"
            RenderText {#text} at (0,0) size 12x19
              text run at (0,0) width 12: "\x{12F0}"
          RenderListItem {LI} at (40,120) size 12x20
            RenderListMarker at (-33,0) size 28x19: "\x{1308}"
            RenderText {#text} at (0,0) size 12x19
              text run at (0,0) width 12: "\x{1308}"
          RenderListItem {LI} at (40,140) size 12x20
            RenderListMarker at (-33,0) size 28x19: "\x{1338}"
            RenderText {#text} at (0,0) size 12x19
              text run at (0,0) width 12: "\x{1338}"
          RenderListItem {LI} at (40,160) size 12x20
            RenderListMarker at (-33,0) size 28x19: "\x{1348}"
            RenderText {#text} at (0,0) size 12x19
              text run at (0,0) width 12: "\x{1348}"
      RenderBlock {DIV} at (0,239) size 769x239
        RenderBlock {H2} at (0,212) size 769x27
          RenderText {#text} at (0,0) size 247x26
            text run at (0,0) width 247: "ethiopic-halehame-aa-et"
        RenderBlock (floating) {OL} at (0,274) size 72x180
          RenderListItem {LI} at (40,0) size 12x20
            RenderListMarker at (-33,0) size 28x19: "\x{1200}"
            RenderText {#text} at (0,0) size 12x19
              text run at (0,0) width 12: "\x{1200}"
          RenderListItem {LI} at (40,20) size 12x20
            RenderListMarker at (-33,0) size 28x19: "\x{1208}"
            RenderText {#text} at (0,0) size 12x19
              text run at (0,0) width 12: "\x{1208}"
          RenderListItem {LI} at (40,40) size 12x20
            RenderListMarker at (-33,0) size 28x19: "\x{1210}"
            RenderText {#text} at (0,0) size 12x19
              text run at (0,0) width 12: "\x{1210}"
          RenderListItem {LI} at (40,60) size 12x20
            RenderListMarker at (-33,0) size 28x19: "\x{1218}"
            RenderText {#text} at (0,0) size 12x19
              text run at (0,0) width 12: "\x{1218}"
          RenderListItem {LI} at (40,80) size 12x20
            RenderListMarker at (-33,0) size 28x19: "\x{1228}"
            RenderText {#text} at (0,0) size 12x19
              text run at (0,0) width 12: "\x{1228}"
          RenderListItem {LI} at (40,100) size 12x20
            RenderListMarker at (-33,0) size 28x19: "\x{1230}"
            RenderText {#text} at (0,0) size 12x19
              text run at (0,0) width 12: "\x{1230}"
          RenderListItem {LI} at (40,120) size 12x20
            RenderListMarker at (-33,0) size 28x19: "\x{1260}"
            RenderText {#text} at (0,0) size 12x19
              text run at (0,0) width 12: "\x{1260}"
          RenderListItem {LI} at (40,140) size 12x20
            RenderListMarker at (-33,0) size 28x19: "\x{1270}"
            RenderText {#text} at (0,0) size 12x19
              text run at (0,0) width 12: "\x{1270}"
          RenderListItem {LI} at (40,160) size 12x20
            RenderListMarker at (-33,0) size 28x19: "\x{1290}"
            RenderText {#text} at (0,0) size 12x19
              text run at (0,0) width 12: "\x{1290}"
        RenderBlock (floating) {OL} at (72,274) size 72x180
          RenderListItem {LI} at (40,0) size 12x20
            RenderListMarker at (-33,0) size 28x19: "\x{12A0}"
            RenderText {#text} at (0,0) size 12x19
              text run at (0,0) width 12: "\x{12A0}"
          RenderListItem {LI} at (40,20) size 12x20
            RenderListMarker at (-33,0) size 28x19: "\x{12A8}"
            RenderText {#text} at (0,0) size 12x19
              text run at (0,0) width 12: "\x{12A8}"
          RenderListItem {LI} at (40,40) size 12x20
            RenderListMarker at (-33,0) size 28x19: "\x{12C8}"
            RenderText {#text} at (0,0) size 12x19
              text run at (0,0) width 12: "\x{12C8}"
          RenderListItem {LI} at (40,60) size 12x20
            RenderListMarker at (-33,0) size 28x19: "\x{12D0}"
            RenderText {#text} at (0,0) size 12x19
              text run at (0,0) width 12: "\x{12D0}"
          RenderListItem {LI} at (40,80) size 12x20
            RenderListMarker at (-33,0) size 28x19: "\x{12E8}"
            RenderText {#text} at (0,0) size 12x19
              text run at (0,0) width 12: "\x{12E8}"
          RenderListItem {LI} at (40,100) size 12x20
            RenderListMarker at (-33,0) size 28x19: "\x{12F0}"
            RenderText {#text} at (0,0) size 12x19
              text run at (0,0) width 12: "\x{12F0}"
          RenderListItem {LI} at (40,120) size 12x20
            RenderListMarker at (-33,0) size 28x19: "\x{1308}"
            RenderText {#text} at (0,0) size 12x19
              text run at (0,0) width 12: "\x{1308}"
          RenderListItem {LI} at (40,140) size 12x20
            RenderListMarker at (-33,0) size 28x19: "\x{1338}"
            RenderText {#text} at (0,0) size 12x19
              text run at (0,0) width 12: "\x{1338}"
          RenderListItem {LI} at (40,160) size 12x20
            RenderListMarker at (-33,0) size 28x19: "\x{1348}"
            RenderText {#text} at (0,0) size 12x19
              text run at (0,0) width 12: "\x{1348}"
      RenderBlock {DIV} at (0,497) size 769x239
        RenderBlock {H2} at (0,212) size 769x27
          RenderText {#text} at (0,0) size 250x26
            text run at (0,0) width 250: "ethiopic-halehame-aa-er"
        RenderBlock (floating) {OL} at (0,274) size 72x180
          RenderListItem {LI} at (40,0) size 12x20
            RenderListMarker at (-33,0) size 28x19: "\x{1200}"
            RenderText {#text} at (0,0) size 12x19
              text run at (0,0) width 12: "\x{1200}"
          RenderListItem {LI} at (40,20) size 12x20
            RenderListMarker at (-33,0) size 28x19: "\x{1208}"
            RenderText {#text} at (0,0) size 12x19
              text run at (0,0) width 12: "\x{1208}"
          RenderListItem {LI} at (40,40) size 12x20
            RenderListMarker at (-33,0) size 28x19: "\x{1210}"
            RenderText {#text} at (0,0) size 12x19
              text run at (0,0) width 12: "\x{1210}"
          RenderListItem {LI} at (40,60) size 12x20
            RenderListMarker at (-33,0) size 28x19: "\x{1218}"
            RenderText {#text} at (0,0) size 12x19
              text run at (0,0) width 12: "\x{1218}"
          RenderListItem {LI} at (40,80) size 12x20
            RenderListMarker at (-33,0) size 28x19: "\x{1228}"
            RenderText {#text} at (0,0) size 12x19
              text run at (0,0) width 12: "\x{1228}"
          RenderListItem {LI} at (40,100) size 12x20
            RenderListMarker at (-33,0) size 28x19: "\x{1230}"
            RenderText {#text} at (0,0) size 12x19
              text run at (0,0) width 12: "\x{1230}"
          RenderListItem {LI} at (40,120) size 12x20
            RenderListMarker at (-33,0) size 28x19: "\x{1260}"
            RenderText {#text} at (0,0) size 12x19
              text run at (0,0) width 12: "\x{1260}"
          RenderListItem {LI} at (40,140) size 12x20
            RenderListMarker at (-33,0) size 28x19: "\x{1270}"
            RenderText {#text} at (0,0) size 12x19
              text run at (0,0) width 12: "\x{1270}"
          RenderListItem {LI} at (40,160) size 12x20
            RenderListMarker at (-33,0) size 28x19: "\x{1290}"
            RenderText {#text} at (0,0) size 12x19
              text run at (0,0) width 12: "\x{1290}"
        RenderBlock (floating) {OL} at (72,274) size 72x180
          RenderListItem {LI} at (40,0) size 12x20
            RenderListMarker at (-33,0) size 28x19: "\x{12A0}"
            RenderText {#text} at (0,0) size 12x19
              text run at (0,0) width 12: "\x{12A0}"
          RenderListItem {LI} at (40,20) size 12x20
            RenderListMarker at (-33,0) size 28x19: "\x{12A8}"
            RenderText {#text} at (0,0) size 12x19
              text run at (0,0) width 12: "\x{12A8}"
          RenderListItem {LI} at (40,40) size 12x20
            RenderListMarker at (-33,0) size 28x19: "\x{12C8}"
            RenderText {#text} at (0,0) size 12x19
              text run at (0,0) width 12: "\x{12C8}"
          RenderListItem {LI} at (40,60) size 12x20
            RenderListMarker at (-33,0) size 28x19: "\x{12D0}"
            RenderText {#text} at (0,0) size 12x19
              text run at (0,0) width 12: "\x{12D0}"
          RenderListItem {LI} at (40,80) size 12x20
            RenderListMarker at (-33,0) size 28x19: "\x{12E8}"
            RenderText {#text} at (0,0) size 12x19
              text run at (0,0) width 12: "\x{12E8}"
          RenderListItem {LI} at (40,100) size 12x20
            RenderListMarker at (-33,0) size 28x19: "\x{12F0}"
            RenderText {#text} at (0,0) size 12x19
              text run at (0,0) width 12: "\x{12F0}"
          RenderListItem {LI} at (40,120) size 12x20
            RenderListMarker at (-33,0) size 28x19: "\x{1308}"
            RenderText {#text} at (0,0) size 12x19
              text run at (0,0) width 12: "\x{1308}"
          RenderListItem {LI} at (40,140) size 12x20
            RenderListMarker at (-33,0) size 28x19: "\x{1338}"
            RenderText {#text} at (0,0) size 12x19
              text run at (0,0) width 12: "\x{1338}"
          RenderListItem {LI} at (40,160) size 12x20
            RenderListMarker at (-33,0) size 28x19: "\x{1348}"
            RenderText {#text} at (0,0) size 12x19
              text run at (0,0) width 12: "\x{1348}"
      RenderBlock {DIV} at (0,755) size 769x239
        RenderBlock {H2} at (0,212) size 769x27
          RenderText {#text} at (0,0) size 85x26
            text run at (0,0) width 85: "amharic"
        RenderBlock (floating) {OL} at (0,274) size 72x220
          RenderListItem {LI} at (40,0) size 12x20
            RenderListMarker at (-33,0) size 28x19: "\x{1200}"
            RenderText {#text} at (0,0) size 12x19
              text run at (0,0) width 12: "\x{1200}"
          RenderListItem {LI} at (40,20) size 12x20
            RenderListMarker at (-33,0) size 28x19: "\x{1208}"
            RenderText {#text} at (0,0) size 12x19
              text run at (0,0) width 12: "\x{1208}"
          RenderListItem {LI} at (40,40) size 12x20
            RenderListMarker at (-33,0) size 28x19: "\x{1210}"
            RenderText {#text} at (0,0) size 12x19
              text run at (0,0) width 12: "\x{1210}"
          RenderListItem {LI} at (40,60) size 12x20
            RenderListMarker at (-33,0) size 28x19: "\x{1218}"
            RenderText {#text} at (0,0) size 12x19
              text run at (0,0) width 12: "\x{1218}"
          RenderListItem {LI} at (40,80) size 12x20
            RenderListMarker at (-33,0) size 28x19: "\x{1220}"
            RenderText {#text} at (0,0) size 12x19
              text run at (0,0) width 12: "\x{1220}"
          RenderListItem {LI} at (40,100) size 12x20
            RenderListMarker at (-33,0) size 28x19: "\x{1228}"
            RenderText {#text} at (0,0) size 12x19
              text run at (0,0) width 12: "\x{1228}"
          RenderListItem {LI} at (40,120) size 12x20
            RenderListMarker at (-33,0) size 28x19: "\x{1230}"
            RenderText {#text} at (0,0) size 12x19
              text run at (0,0) width 12: "\x{1230}"
          RenderListItem {LI} at (40,140) size 12x20
            RenderListMarker at (-33,0) size 28x19: "\x{1238}"
            RenderText {#text} at (0,0) size 12x19
              text run at (0,0) width 12: "\x{1238}"
          RenderListItem {LI} at (40,160) size 12x20
            RenderListMarker at (-33,0) size 28x19: "\x{1240}"
            RenderText {#text} at (0,0) size 12x19
              text run at (0,0) width 12: "\x{1240}"
          RenderListItem {LI} at (40,180) size 12x20
            RenderListMarker at (-33,0) size 28x19: "\x{1260}"
            RenderText {#text} at (0,0) size 12x19
              text run at (0,0) width 12: "\x{1260}"
          RenderListItem {LI} at (40,200) size 12x20
            RenderListMarker at (-33,0) size 28x19: "\x{1270}"
            RenderText {#text} at (0,0) size 12x19
              text run at (0,0) width 12: "\x{1270}"
        RenderBlock (floating) {OL} at (72,274) size 72x220
          RenderListItem {LI} at (40,0) size 12x20
            RenderListMarker at (-33,0) size 28x19: "\x{1278}"
            RenderText {#text} at (0,0) size 12x19
              text run at (0,0) width 12: "\x{1278}"
          RenderListItem {LI} at (40,20) size 12x20
            RenderListMarker at (-33,0) size 28x19: "\x{1280}"
            RenderText {#text} at (0,0) size 12x19
              text run at (0,0) width 12: "\x{1280}"
          RenderListItem {LI} at (40,40) size 12x20
            RenderListMarker at (-33,0) size 28x19: "\x{1290}"
            RenderText {#text} at (0,0) size 12x19
              text run at (0,0) width 12: "\x{1290}"
          RenderListItem {LI} at (40,60) size 12x20
            RenderListMarker at (-33,0) size 28x19: "\x{1298}"
            RenderText {#text} at (0,0) size 12x19
              text run at (0,0) width 12: "\x{1298}"
          RenderListItem {LI} at (40,80) size 12x20
            RenderListMarker at (-33,0) size 28x19: "\x{12A0}"
            RenderText {#text} at (0,0) size 12x19
              text run at (0,0) width 12: "\x{12A0}"
          RenderListItem {LI} at (40,100) size 12x20
            RenderListMarker at (-33,0) size 28x19: "\x{12A8}"
            RenderText {#text} at (0,0) size 12x19
              text run at (0,0) width 12: "\x{12A8}"
          RenderListItem {LI} at (40,120) size 12x20
            RenderListMarker at (-33,0) size 28x19: "\x{12B8}"
            RenderText {#text} at (0,0) size 12x19
              text run at (0,0) width 12: "\x{12B8}"
          RenderListItem {LI} at (40,140) size 12x20
            RenderListMarker at (-33,0) size 28x19: "\x{12C8}"
            RenderText {#text} at (0,0) size 12x19
              text run at (0,0) width 12: "\x{12C8}"
          RenderListItem {LI} at (40,160) size 12x20
            RenderListMarker at (-33,0) size 28x19: "\x{12D0}"
            RenderText {#text} at (0,0) size 12x19
              text run at (0,0) width 12: "\x{12D0}"
          RenderListItem {LI} at (40,180) size 12x20
            RenderListMarker at (-33,0) size 28x19: "\x{12D8}"
            RenderText {#text} at (0,0) size 12x19
              text run at (0,0) width 12: "\x{12D8}"
          RenderListItem {LI} at (40,200) size 12x20
            RenderListMarker at (-33,0) size 28x19: "\x{12E0}"
            RenderText {#text} at (0,0) size 12x19
              text run at (0,0) width 12: "\x{12E0}"
        RenderBlock (floating) {OL} at (144,274) size 72x220
          RenderListItem {LI} at (40,0) size 12x20
            RenderListMarker at (-33,0) size 28x19: "\x{12E8}"
            RenderText {#text} at (0,0) size 12x19
              text run at (0,0) width 12: "\x{12E8}"
          RenderListItem {LI} at (40,20) size 12x20
            RenderListMarker at (-33,0) size 28x19: "\x{12F0}"
            RenderText {#text} at (0,0) size 12x19
              text run at (0,0) width 12: "\x{12F0}"
          RenderListItem {LI} at (40,40) size 12x20
            RenderListMarker at (-33,0) size 28x19: "\x{1300}"
            RenderText {#text} at (0,0) size 12x19
              text run at (0,0) width 12: "\x{1300}"
          RenderListItem {LI} at (40,60) size 12x20
            RenderListMarker at (-33,0) size 28x19: "\x{1308}"
            RenderText {#text} at (0,0) size 12x19
              text run at (0,0) width 12: "\x{1308}"
          RenderListItem {LI} at (40,80) size 12x20
            RenderListMarker at (-33,0) size 28x19: "\x{1320}"
            RenderText {#text} at (0,0) size 12x19
              text run at (0,0) width 12: "\x{1320}"
          RenderListItem {LI} at (40,100) size 12x20
            RenderListMarker at (-33,0) size 28x19: "\x{1328}"
            RenderText {#text} at (0,0) size 12x19
              text run at (0,0) width 12: "\x{1328}"
          RenderListItem {LI} at (40,120) size 12x20
            RenderListMarker at (-33,0) size 28x19: "\x{1330}"
            RenderText {#text} at (0,0) size 12x19
              text run at (0,0) width 12: "\x{1330}"
          RenderListItem {LI} at (40,140) size 12x20
            RenderListMarker at (-33,0) size 28x19: "\x{1338}"
            RenderText {#text} at (0,0) size 12x19
              text run at (0,0) width 12: "\x{1338}"
          RenderListItem {LI} at (40,160) size 12x20
            RenderListMarker at (-33,0) size 28x19: "\x{1340}"
            RenderText {#text} at (0,0) size 12x19
              text run at (0,0) width 12: "\x{1340}"
          RenderListItem {LI} at (40,180) size 12x20
            RenderListMarker at (-33,0) size 28x19: "\x{1348}"
            RenderText {#text} at (0,0) size 12x19
              text run at (0,0) width 12: "\x{1348}"
          RenderListItem {LI} at (40,200) size 12x20
            RenderListMarker at (-33,0) size 28x19: "\x{1350}"
            RenderText {#text} at (0,0) size 12x19
              text run at (0,0) width 12: "\x{1350}"
      RenderBlock {DIV} at (0,1013) size 769x279
        RenderBlock {H2} at (0,252) size 769x27
          RenderText {#text} at (0,0) size 254x26
            text run at (0,0) width 254: "ethiopic-halehame-am-et"
        RenderBlock (floating) {OL} at (0,314) size 72x220
          RenderListItem {LI} at (40,0) size 12x20
            RenderListMarker at (-33,0) size 28x19: "\x{1200}"
            RenderText {#text} at (0,0) size 12x19
              text run at (0,0) width 12: "\x{1200}"
          RenderListItem {LI} at (40,20) size 12x20
            RenderListMarker at (-33,0) size 28x19: "\x{1208}"
            RenderText {#text} at (0,0) size 12x19
              text run at (0,0) width 12: "\x{1208}"
          RenderListItem {LI} at (40,40) size 12x20
            RenderListMarker at (-33,0) size 28x19: "\x{1210}"
            RenderText {#text} at (0,0) size 12x19
              text run at (0,0) width 12: "\x{1210}"
          RenderListItem {LI} at (40,60) size 12x20
            RenderListMarker at (-33,0) size 28x19: "\x{1218}"
            RenderText {#text} at (0,0) size 12x19
              text run at (0,0) width 12: "\x{1218}"
          RenderListItem {LI} at (40,80) size 12x20
            RenderListMarker at (-33,0) size 28x19: "\x{1220}"
            RenderText {#text} at (0,0) size 12x19
              text run at (0,0) width 12: "\x{1220}"
          RenderListItem {LI} at (40,100) size 12x20
            RenderListMarker at (-33,0) size 28x19: "\x{1228}"
            RenderText {#text} at (0,0) size 12x19
              text run at (0,0) width 12: "\x{1228}"
          RenderListItem {LI} at (40,120) size 12x20
            RenderListMarker at (-33,0) size 28x19: "\x{1230}"
            RenderText {#text} at (0,0) size 12x19
              text run at (0,0) width 12: "\x{1230}"
          RenderListItem {LI} at (40,140) size 12x20
            RenderListMarker at (-33,0) size 28x19: "\x{1238}"
            RenderText {#text} at (0,0) size 12x19
              text run at (0,0) width 12: "\x{1238}"
          RenderListItem {LI} at (40,160) size 12x20
            RenderListMarker at (-33,0) size 28x19: "\x{1240}"
            RenderText {#text} at (0,0) size 12x19
              text run at (0,0) width 12: "\x{1240}"
          RenderListItem {LI} at (40,180) size 12x20
            RenderListMarker at (-33,0) size 28x19: "\x{1260}"
            RenderText {#text} at (0,0) size 12x19
              text run at (0,0) width 12: "\x{1260}"
          RenderListItem {LI} at (40,200) size 12x20
            RenderListMarker at (-33,0) size 28x19: "\x{1270}"
            RenderText {#text} at (0,0) size 12x19
              text run at (0,0) width 12: "\x{1270}"
        RenderBlock (floating) {OL} at (72,314) size 72x220
          RenderListItem {LI} at (40,0) size 12x20
            RenderListMarker at (-33,0) size 28x19: "\x{1278}"
            RenderText {#text} at (0,0) size 12x19
              text run at (0,0) width 12: "\x{1278}"
          RenderListItem {LI} at (40,20) size 12x20
            RenderListMarker at (-33,0) size 28x19: "\x{1280}"
            RenderText {#text} at (0,0) size 12x19
              text run at (0,0) width 12: "\x{1280}"
          RenderListItem {LI} at (40,40) size 12x20
            RenderListMarker at (-33,0) size 28x19: "\x{1290}"
            RenderText {#text} at (0,0) size 12x19
              text run at (0,0) width 12: "\x{1290}"
          RenderListItem {LI} at (40,60) size 12x20
            RenderListMarker at (-33,0) size 28x19: "\x{1298}"
            RenderText {#text} at (0,0) size 12x19
              text run at (0,0) width 12: "\x{1298}"
          RenderListItem {LI} at (40,80) size 12x20
            RenderListMarker at (-33,0) size 28x19: "\x{12A0}"
            RenderText {#text} at (0,0) size 12x19
              text run at (0,0) width 12: "\x{12A0}"
          RenderListItem {LI} at (40,100) size 12x20
            RenderListMarker at (-33,0) size 28x19: "\x{12A8}"
            RenderText {#text} at (0,0) size 12x19
              text run at (0,0) width 12: "\x{12A8}"
          RenderListItem {LI} at (40,120) size 12x20
            RenderListMarker at (-33,0) size 28x19: "\x{12B8}"
            RenderText {#text} at (0,0) size 12x19
              text run at (0,0) width 12: "\x{12B8}"
          RenderListItem {LI} at (40,140) size 12x20
            RenderListMarker at (-33,0) size 28x19: "\x{12C8}"
            RenderText {#text} at (0,0) size 12x19
              text run at (0,0) width 12: "\x{12C8}"
          RenderListItem {LI} at (40,160) size 12x20
            RenderListMarker at (-33,0) size 28x19: "\x{12D0}"
            RenderText {#text} at (0,0) size 12x19
              text run at (0,0) width 12: "\x{12D0}"
          RenderListItem {LI} at (40,180) size 12x20
            RenderListMarker at (-33,0) size 28x19: "\x{12D8}"
            RenderText {#text} at (0,0) size 12x19
              text run at (0,0) width 12: "\x{12D8}"
          RenderListItem {LI} at (40,200) size 12x20
            RenderListMarker at (-33,0) size 28x19: "\x{12E0}"
            RenderText {#text} at (0,0) size 12x19
              text run at (0,0) width 12: "\x{12E0}"
        RenderBlock (floating) {OL} at (144,314) size 72x220
          RenderListItem {LI} at (40,0) size 12x20
            RenderListMarker at (-33,0) size 28x19: "\x{12E8}"
            RenderText {#text} at (0,0) size 12x19
              text run at (0,0) width 12: "\x{12E8}"
          RenderListItem {LI} at (40,20) size 12x20
            RenderListMarker at (-33,0) size 28x19: "\x{12F0}"
            RenderText {#text} at (0,0) size 12x19
              text run at (0,0) width 12: "\x{12F0}"
          RenderListItem {LI} at (40,40) size 12x20
            RenderListMarker at (-33,0) size 28x19: "\x{1300}"
            RenderText {#text} at (0,0) size 12x19
              text run at (0,0) width 12: "\x{1300}"
          RenderListItem {LI} at (40,60) size 12x20
            RenderListMarker at (-33,0) size 28x19: "\x{1308}"
            RenderText {#text} at (0,0) size 12x19
              text run at (0,0) width 12: "\x{1308}"
          RenderListItem {LI} at (40,80) size 12x20
            RenderListMarker at (-33,0) size 28x19: "\x{1320}"
            RenderText {#text} at (0,0) size 12x19
              text run at (0,0) width 12: "\x{1320}"
          RenderListItem {LI} at (40,100) size 12x20
            RenderListMarker at (-33,0) size 28x19: "\x{1328}"
            RenderText {#text} at (0,0) size 12x19
              text run at (0,0) width 12: "\x{1328}"
          RenderListItem {LI} at (40,120) size 12x20
            RenderListMarker at (-33,0) size 28x19: "\x{1330}"
            RenderText {#text} at (0,0) size 12x19
              text run at (0,0) width 12: "\x{1330}"
          RenderListItem {LI} at (40,140) size 12x20
            RenderListMarker at (-33,0) size 28x19: "\x{1338}"
            RenderText {#text} at (0,0) size 12x19
              text run at (0,0) width 12: "\x{1338}"
          RenderListItem {LI} at (40,160) size 12x20
            RenderListMarker at (-33,0) size 28x19: "\x{1340}"
            RenderText {#text} at (0,0) size 12x19
              text run at (0,0) width 12: "\x{1340}"
          RenderListItem {LI} at (40,180) size 12x20
            RenderListMarker at (-33,0) size 28x19: "\x{1348}"
            RenderText {#text} at (0,0) size 12x19
              text run at (0,0) width 12: "\x{1348}"
          RenderListItem {LI} at (40,200) size 12x20
            RenderListMarker at (-33,0) size 28x19: "\x{1350}"
            RenderText {#text} at (0,0) size 12x19
              text run at (0,0) width 12: "\x{1350}"
      RenderBlock {DIV} at (0,1311) size 769x279
        RenderBlock {H2} at (0,252) size 769x27
          RenderText {#text} at (0,0) size 176x26
            text run at (0,0) width 176: "amharic-abegede"
        RenderBlock (floating) {OL} at (0,314) size 72x220
          RenderListItem {LI} at (40,0) size 12x20
            RenderListMarker at (-33,0) size 28x19: "\x{12A0}"
            RenderText {#text} at (0,0) size 12x19
              text run at (0,0) width 12: "\x{12A0}"
          RenderListItem {LI} at (40,20) size 12x20
            RenderListMarker at (-33,0) size 28x19: "\x{1260}"
            RenderText {#text} at (0,0) size 12x19
              text run at (0,0) width 12: "\x{1260}"
          RenderListItem {LI} at (40,40) size 12x20
            RenderListMarker at (-33,0) size 28x19: "\x{1308}"
            RenderText {#text} at (0,0) size 12x19
              text run at (0,0) width 12: "\x{1308}"
          RenderListItem {LI} at (40,60) size 12x20
            RenderListMarker at (-33,0) size 28x19: "\x{12F0}"
            RenderText {#text} at (0,0) size 12x19
              text run at (0,0) width 12: "\x{12F0}"
          RenderListItem {LI} at (40,80) size 12x20
            RenderListMarker at (-33,0) size 28x19: "\x{1300}"
            RenderText {#text} at (0,0) size 12x19
              text run at (0,0) width 12: "\x{1300}"
          RenderListItem {LI} at (40,100) size 12x20
            RenderListMarker at (-33,0) size 28x19: "\x{1200}"
            RenderText {#text} at (0,0) size 12x19
              text run at (0,0) width 12: "\x{1200}"
          RenderListItem {LI} at (40,120) size 12x20
            RenderListMarker at (-33,0) size 28x19: "\x{12C8}"
            RenderText {#text} at (0,0) size 12x19
              text run at (0,0) width 12: "\x{12C8}"
          RenderListItem {LI} at (40,140) size 12x20
            RenderListMarker at (-33,0) size 28x19: "\x{12D8}"
            RenderText {#text} at (0,0) size 12x19
              text run at (0,0) width 12: "\x{12D8}"
          RenderListItem {LI} at (40,160) size 12x20
            RenderListMarker at (-33,0) size 28x19: "\x{12E0}"
            RenderText {#text} at (0,0) size 12x19
              text run at (0,0) width 12: "\x{12E0}"
          RenderListItem {LI} at (40,180) size 12x20
            RenderListMarker at (-33,0) size 28x19: "\x{1210}"
            RenderText {#text} at (0,0) size 12x19
              text run at (0,0) width 12: "\x{1210}"
          RenderListItem {LI} at (40,200) size 12x20
            RenderListMarker at (-33,0) size 28x19: "\x{1320}"
            RenderText {#text} at (0,0) size 12x19
              text run at (0,0) width 12: "\x{1320}"
        RenderBlock (floating) {OL} at (72,314) size 72x220
          RenderListItem {LI} at (40,0) size 12x20
            RenderListMarker at (-33,0) size 28x19: "\x{1328}"
            RenderText {#text} at (0,0) size 12x19
              text run at (0,0) width 12: "\x{1328}"
          RenderListItem {LI} at (40,20) size 12x20
            RenderListMarker at (-33,0) size 28x19: "\x{12E8}"
            RenderText {#text} at (0,0) size 12x19
              text run at (0,0) width 12: "\x{12E8}"
          RenderListItem {LI} at (40,40) size 12x20
            RenderListMarker at (-33,0) size 28x19: "\x{12A8}"
            RenderText {#text} at (0,0) size 12x19
              text run at (0,0) width 12: "\x{12A8}"
          RenderListItem {LI} at (40,60) size 12x20
            RenderListMarker at (-33,0) size 28x19: "\x{12B8}"
            RenderText {#text} at (0,0) size 12x19
              text run at (0,0) width 12: "\x{12B8}"
          RenderListItem {LI} at (40,80) size 12x20
            RenderListMarker at (-33,0) size 28x19: "\x{1208}"
            RenderText {#text} at (0,0) size 12x19
              text run at (0,0) width 12: "\x{1208}"
          RenderListItem {LI} at (40,100) size 12x20
            RenderListMarker at (-33,0) size 28x19: "\x{1218}"
            RenderText {#text} at (0,0) size 12x19
              text run at (0,0) width 12: "\x{1218}"
          RenderListItem {LI} at (40,120) size 12x20
            RenderListMarker at (-33,0) size 28x19: "\x{1290}"
            RenderText {#text} at (0,0) size 12x19
              text run at (0,0) width 12: "\x{1290}"
          RenderListItem {LI} at (40,140) size 12x20
            RenderListMarker at (-33,0) size 28x19: "\x{1298}"
            RenderText {#text} at (0,0) size 12x19
              text run at (0,0) width 12: "\x{1298}"
          RenderListItem {LI} at (40,160) size 12x20
            RenderListMarker at (-33,0) size 28x19: "\x{1220}"
            RenderText {#text} at (0,0) size 12x19
              text run at (0,0) width 12: "\x{1220}"
          RenderListItem {LI} at (40,180) size 12x20
            RenderListMarker at (-33,0) size 28x19: "\x{12D0}"
            RenderText {#text} at (0,0) size 12x19
              text run at (0,0) width 12: "\x{12D0}"
          RenderListItem {LI} at (40,200) size 12x20
            RenderListMarker at (-33,0) size 28x19: "\x{1348}"
            RenderText {#text} at (0,0) size 12x19
              text run at (0,0) width 12: "\x{1348}"
        RenderBlock (floating) {OL} at (144,314) size 72x220
          RenderListItem {LI} at (40,0) size 12x20
            RenderListMarker at (-33,0) size 28x19: "\x{1338}"
            RenderText {#text} at (0,0) size 12x19
              text run at (0,0) width 12: "\x{1338}"
          RenderListItem {LI} at (40,20) size 12x20
            RenderListMarker at (-33,0) size 28x19: "\x{1240}"
            RenderText {#text} at (0,0) size 12x19
              text run at (0,0) width 12: "\x{1240}"
          RenderListItem {LI} at (40,40) size 12x20
            RenderListMarker at (-33,0) size 28x19: "\x{1228}"
            RenderText {#text} at (0,0) size 12x19
              text run at (0,0) width 12: "\x{1228}"
          RenderListItem {LI} at (40,60) size 12x20
            RenderListMarker at (-33,0) size 28x19: "\x{1230}"
            RenderText {#text} at (0,0) size 12x19
              text run at (0,0) width 12: "\x{1230}"
          RenderListItem {LI} at (40,80) size 12x20
            RenderListMarker at (-33,0) size 28x19: "\x{1238}"
            RenderText {#text} at (0,0) size 12x19
              text run at (0,0) width 12: "\x{1238}"
          RenderListItem {LI} at (40,100) size 12x20
            RenderListMarker at (-33,0) size 28x19: "\x{1270}"
            RenderText {#text} at (0,0) size 12x19
              text run at (0,0) width 12: "\x{1270}"
          RenderListItem {LI} at (40,120) size 12x20
            RenderListMarker at (-33,0) size 28x19: "\x{1278}"
            RenderText {#text} at (0,0) size 12x19
              text run at (0,0) width 12: "\x{1278}"
          RenderListItem {LI} at (40,140) size 12x20
            RenderListMarker at (-33,0) size 28x19: "\x{1280}"
            RenderText {#text} at (0,0) size 12x19
              text run at (0,0) width 12: "\x{1280}"
          RenderListItem {LI} at (40,160) size 12x20
            RenderListMarker at (-33,0) size 28x19: "\x{1340}"
            RenderText {#text} at (0,0) size 12x19
              text run at (0,0) width 12: "\x{1340}"
          RenderListItem {LI} at (40,180) size 12x20
            RenderListMarker at (-33,0) size 28x19: "\x{1330}"
            RenderText {#text} at (0,0) size 12x19
              text run at (0,0) width 12: "\x{1330}"
          RenderListItem {LI} at (40,200) size 12x20
            RenderListMarker at (-33,0) size 28x19: "\x{1350}"
            RenderText {#text} at (0,0) size 12x19
              text run at (0,0) width 12: "\x{1350}"
      RenderBlock {DIV} at (0,1609) size 769x279
        RenderBlock {H2} at (0,252) size 769x27
          RenderText {#text} at (0,0) size 239x26
            text run at (0,0) width 239: "ethiopic-abegede-am-et"
        RenderBlock (floating) {OL} at (0,314) size 72x220
          RenderListItem {LI} at (40,0) size 12x20
            RenderListMarker at (-33,0) size 28x19: "\x{12A0}"
            RenderText {#text} at (0,0) size 12x19
              text run at (0,0) width 12: "\x{12A0}"
          RenderListItem {LI} at (40,20) size 12x20
            RenderListMarker at (-33,0) size 28x19: "\x{1260}"
            RenderText {#text} at (0,0) size 12x19
              text run at (0,0) width 12: "\x{1260}"
          RenderListItem {LI} at (40,40) size 12x20
            RenderListMarker at (-33,0) size 28x19: "\x{1308}"
            RenderText {#text} at (0,0) size 12x19
              text run at (0,0) width 12: "\x{1308}"
          RenderListItem {LI} at (40,60) size 12x20
            RenderListMarker at (-33,0) size 28x19: "\x{12F0}"
            RenderText {#text} at (0,0) size 12x19
              text run at (0,0) width 12: "\x{12F0}"
          RenderListItem {LI} at (40,80) size 12x20
            RenderListMarker at (-33,0) size 28x19: "\x{1300}"
            RenderText {#text} at (0,0) size 12x19
              text run at (0,0) width 12: "\x{1300}"
          RenderListItem {LI} at (40,100) size 12x20
            RenderListMarker at (-33,0) size 28x19: "\x{1200}"
            RenderText {#text} at (0,0) size 12x19
              text run at (0,0) width 12: "\x{1200}"
          RenderListItem {LI} at (40,120) size 12x20
            RenderListMarker at (-33,0) size 28x19: "\x{12C8}"
            RenderText {#text} at (0,0) size 12x19
              text run at (0,0) width 12: "\x{12C8}"
          RenderListItem {LI} at (40,140) size 12x20
            RenderListMarker at (-33,0) size 28x19: "\x{12D8}"
            RenderText {#text} at (0,0) size 12x19
              text run at (0,0) width 12: "\x{12D8}"
          RenderListItem {LI} at (40,160) size 12x20
            RenderListMarker at (-33,0) size 28x19: "\x{12E0}"
            RenderText {#text} at (0,0) size 12x19
              text run at (0,0) width 12: "\x{12E0}"
          RenderListItem {LI} at (40,180) size 12x20
            RenderListMarker at (-33,0) size 28x19: "\x{1210}"
            RenderText {#text} at (0,0) size 12x19
              text run at (0,0) width 12: "\x{1210}"
          RenderListItem {LI} at (40,200) size 12x20
            RenderListMarker at (-33,0) size 28x19: "\x{1320}"
            RenderText {#text} at (0,0) size 12x19
              text run at (0,0) width 12: "\x{1320}"
        RenderBlock (floating) {OL} at (72,314) size 72x220
          RenderListItem {LI} at (40,0) size 12x20
            RenderListMarker at (-33,0) size 28x19: "\x{1328}"
            RenderText {#text} at (0,0) size 12x19
              text run at (0,0) width 12: "\x{1328}"
          RenderListItem {LI} at (40,20) size 12x20
            RenderListMarker at (-33,0) size 28x19: "\x{12E8}"
            RenderText {#text} at (0,0) size 12x19
              text run at (0,0) width 12: "\x{12E8}"
          RenderListItem {LI} at (40,40) size 12x20
            RenderListMarker at (-33,0) size 28x19: "\x{12A8}"
            RenderText {#text} at (0,0) size 12x19
              text run at (0,0) width 12: "\x{12A8}"
          RenderListItem {LI} at (40,60) size 12x20
            RenderListMarker at (-33,0) size 28x19: "\x{12B8}"
            RenderText {#text} at (0,0) size 12x19
              text run at (0,0) width 12: "\x{12B8}"
          RenderListItem {LI} at (40,80) size 12x20
            RenderListMarker at (-33,0) size 28x19: "\x{1208}"
            RenderText {#text} at (0,0) size 12x19
              text run at (0,0) width 12: "\x{1208}"
          RenderListItem {LI} at (40,100) size 12x20
            RenderListMarker at (-33,0) size 28x19: "\x{1218}"
            RenderText {#text} at (0,0) size 12x19
              text run at (0,0) width 12: "\x{1218}"
          RenderListItem {LI} at (40,120) size 12x20
            RenderListMarker at (-33,0) size 28x19: "\x{1290}"
            RenderText {#text} at (0,0) size 12x19
              text run at (0,0) width 12: "\x{1290}"
          RenderListItem {LI} at (40,140) size 12x20
            RenderListMarker at (-33,0) size 28x19: "\x{1298}"
            RenderText {#text} at (0,0) size 12x19
              text run at (0,0) width 12: "\x{1298}"
          RenderListItem {LI} at (40,160) size 12x20
            RenderListMarker at (-33,0) size 28x19: "\x{1220}"
            RenderText {#text} at (0,0) size 12x19
              text run at (0,0) width 12: "\x{1220}"
          RenderListItem {LI} at (40,180) size 12x20
            RenderListMarker at (-33,0) size 28x19: "\x{12D0}"
            RenderText {#text} at (0,0) size 12x19
              text run at (0,0) width 12: "\x{12D0}"
          RenderListItem {LI} at (40,200) size 12x20
            RenderListMarker at (-33,0) size 28x19: "\x{1348}"
            RenderText {#text} at (0,0) size 12x19
              text run at (0,0) width 12: "\x{1348}"
        RenderBlock (floating) {OL} at (144,314) size 72x220
          RenderListItem {LI} at (40,0) size 12x20
            RenderListMarker at (-33,0) size 28x19: "\x{1338}"
            RenderText {#text} at (0,0) size 12x19
              text run at (0,0) width 12: "\x{1338}"
          RenderListItem {LI} at (40,20) size 12x20
            RenderListMarker at (-33,0) size 28x19: "\x{1240}"
            RenderText {#text} at (0,0) size 12x19
              text run at (0,0) width 12: "\x{1240}"
          RenderListItem {LI} at (40,40) size 12x20
            RenderListMarker at (-33,0) size 28x19: "\x{1228}"
            RenderText {#text} at (0,0) size 12x19
              text run at (0,0) width 12: "\x{1228}"
          RenderListItem {LI} at (40,60) size 12x20
            RenderListMarker at (-33,0) size 28x19: "\x{1230}"
            RenderText {#text} at (0,0) size 12x19
              text run at (0,0) width 12: "\x{1230}"
          RenderListItem {LI} at (40,80) size 12x20
            RenderListMarker at (-33,0) size 28x19: "\x{1238}"
            RenderText {#text} at (0,0) size 12x19
              text run at (0,0) width 12: "\x{1238}"
          RenderListItem {LI} at (40,100) size 12x20
            RenderListMarker at (-33,0) size 28x19: "\x{1270}"
            RenderText {#text} at (0,0) size 12x19
              text run at (0,0) width 12: "\x{1270}"
          RenderListItem {LI} at (40,120) size 12x20
            RenderListMarker at (-33,0) size 28x19: "\x{1278}"
            RenderText {#text} at (0,0) size 12x19
              text run at (0,0) width 12: "\x{1278}"
          RenderListItem {LI} at (40,140) size 12x20
            RenderListMarker at (-33,0) size 28x19: "\x{1280}"
            RenderText {#text} at (0,0) size 12x19
              text run at (0,0) width 12: "\x{1280}"
          RenderListItem {LI} at (40,160) size 12x20
            RenderListMarker at (-33,0) size 28x19: "\x{1340}"
            RenderText {#text} at (0,0) size 12x19
              text run at (0,0) width 12: "\x{1340}"
          RenderListItem {LI} at (40,180) size 12x20
            RenderListMarker at (-33,0) size 28x19: "\x{1330}"
            RenderText {#text} at (0,0) size 12x19
              text run at (0,0) width 12: "\x{1330}"
          RenderListItem {LI} at (40,200) size 12x20
            RenderListMarker at (-33,0) size 28x19: "\x{1350}"
            RenderText {#text} at (0,0) size 12x19
              text run at (0,0) width 12: "\x{1350}"
      RenderBlock {DIV} at (0,1907) size 769x279
        RenderBlock {H2} at (0,252) size 769x27
          RenderText {#text} at (0,0) size 195x26
            text run at (0,0) width 195: "cjk-earthly-branch"
        RenderBlock (floating) {OL} at (0,314) size 76x240
          RenderListItem {LI} at (40,0) size 16x20
            RenderListMarker at (-29,0) size 24x19: "\x{5B50}"
            RenderText {#text} at (0,0) size 16x19
              text run at (0,0) width 16: "\x{5B50}"
          RenderListItem {LI} at (40,20) size 16x20
            RenderListMarker at (-29,0) size 24x19: "\x{4E11}"
            RenderText {#text} at (0,0) size 16x19
              text run at (0,0) width 16: "\x{4E11}"
          RenderListItem {LI} at (40,40) size 16x20
            RenderListMarker at (-29,0) size 24x19: "\x{5BC5}"
            RenderText {#text} at (0,0) size 16x19
              text run at (0,0) width 16: "\x{5BC5}"
          RenderListItem {LI} at (40,60) size 16x20
            RenderListMarker at (-29,0) size 24x19: "\x{536F}"
            RenderText {#text} at (0,0) size 16x19
              text run at (0,0) width 16: "\x{536F}"
          RenderListItem {LI} at (40,80) size 16x20
            RenderListMarker at (-29,0) size 24x19: "\x{8FB0}"
            RenderText {#text} at (0,0) size 16x19
              text run at (0,0) width 16: "\x{8FB0}"
          RenderListItem {LI} at (40,100) size 16x20
            RenderListMarker at (-29,0) size 24x19: "\x{5DF3}"
            RenderText {#text} at (0,0) size 16x19
              text run at (0,0) width 16: "\x{5DF3}"
          RenderListItem {LI} at (40,120) size 16x20
            RenderListMarker at (-29,0) size 24x19: "\x{5348}"
            RenderText {#text} at (0,0) size 16x19
              text run at (0,0) width 16: "\x{5348}"
          RenderListItem {LI} at (40,140) size 16x20
            RenderListMarker at (-29,0) size 24x19: "\x{672A}"
            RenderText {#text} at (0,0) size 16x19
              text run at (0,0) width 16: "\x{672A}"
          RenderListItem {LI} at (40,160) size 16x20
            RenderListMarker at (-29,0) size 24x19: "\x{7533}"
            RenderText {#text} at (0,0) size 16x19
              text run at (0,0) width 16: "\x{7533}"
          RenderListItem {LI} at (40,180) size 16x20
            RenderListMarker at (-29,0) size 24x19: "\x{9149}"
            RenderText {#text} at (0,0) size 16x19
              text run at (0,0) width 16: "\x{9149}"
          RenderListItem {LI} at (40,200) size 16x20
            RenderListMarker at (-29,0) size 24x19: "\x{620C}"
            RenderText {#text} at (0,0) size 16x19
              text run at (0,0) width 16: "\x{620C}"
          RenderListItem {LI} at (40,220) size 16x20
            RenderListMarker at (-29,0) size 24x19: "\x{4EA5}"
            RenderText {#text} at (0,0) size 16x19
              text run at (0,0) width 16: "\x{4EA5}"
      RenderBlock {DIV} at (0,2205) size 769x299
        RenderBlock {H2} at (0,272) size 769x27
          RenderText {#text} at (0,0) size 185x26
            text run at (0,0) width 185: "cjk-heavenly-stem"
        RenderBlock (floating) {OL} at (0,334) size 76x200
          RenderListItem {LI} at (40,0) size 16x20
            RenderListMarker at (-29,0) size 24x19: "\x{7532}"
            RenderText {#text} at (0,0) size 16x19
              text run at (0,0) width 16: "\x{7532}"
          RenderListItem {LI} at (40,20) size 16x20
            RenderListMarker at (-29,0) size 24x19: "\x{4E59}"
            RenderText {#text} at (0,0) size 16x19
              text run at (0,0) width 16: "\x{4E59}"
          RenderListItem {LI} at (40,40) size 16x20
            RenderListMarker at (-29,0) size 24x19: "\x{4E19}"
            RenderText {#text} at (0,0) size 16x19
              text run at (0,0) width 16: "\x{4E19}"
          RenderListItem {LI} at (40,60) size 16x20
            RenderListMarker at (-29,0) size 24x19: "\x{4E01}"
            RenderText {#text} at (0,0) size 16x19
              text run at (0,0) width 16: "\x{4E01}"
          RenderListItem {LI} at (40,80) size 16x20
            RenderListMarker at (-29,0) size 24x19: "\x{620A}"
            RenderText {#text} at (0,0) size 16x19
              text run at (0,0) width 16: "\x{620A}"
          RenderListItem {LI} at (40,100) size 16x20
            RenderListMarker at (-29,0) size 24x19: "\x{5DF1}"
            RenderText {#text} at (0,0) size 16x19
              text run at (0,0) width 16: "\x{5DF1}"
          RenderListItem {LI} at (40,120) size 16x20
            RenderListMarker at (-29,0) size 24x19: "\x{5E9A}"
            RenderText {#text} at (0,0) size 16x19
              text run at (0,0) width 16: "\x{5E9A}"
          RenderListItem {LI} at (40,140) size 16x20
            RenderListMarker at (-29,0) size 24x19: "\x{8F9B}"
            RenderText {#text} at (0,0) size 16x19
              text run at (0,0) width 16: "\x{8F9B}"
          RenderListItem {LI} at (40,160) size 16x20
            RenderListMarker at (-29,0) size 24x19: "\x{58EC}"
            RenderText {#text} at (0,0) size 16x19
              text run at (0,0) width 16: "\x{58EC}"
          RenderListItem {LI} at (40,180) size 16x20
            RenderListMarker at (-29,0) size 24x19: "\x{7678}"
            RenderText {#text} at (0,0) size 16x19
              text run at (0,0) width 16: "\x{7678}"
      RenderBlock {DIV} at (0,2523) size 769x259
        RenderBlock {H2} at (0,232) size 769x27
          RenderText {#text} at (0,0) size 82x26
            text run at (0,0) width 82: "ethiopic"
        RenderBlock (floating) {OL} at (0,294) size 72x260
          RenderListItem {LI} at (40,0) size 12x20
            RenderListMarker at (-33,0) size 28x19: "\x{1200}"
            RenderText {#text} at (0,0) size 12x19
              text run at (0,0) width 12: "\x{1200}"
          RenderListItem {LI} at (40,20) size 12x20
            RenderListMarker at (-33,0) size 28x19: "\x{1208}"
            RenderText {#text} at (0,0) size 12x19
              text run at (0,0) width 12: "\x{1208}"
          RenderListItem {LI} at (40,40) size 12x20
            RenderListMarker at (-33,0) size 28x19: "\x{1210}"
            RenderText {#text} at (0,0) size 12x19
              text run at (0,0) width 12: "\x{1210}"
          RenderListItem {LI} at (40,60) size 12x20
            RenderListMarker at (-33,0) size 28x19: "\x{1218}"
            RenderText {#text} at (0,0) size 12x19
              text run at (0,0) width 12: "\x{1218}"
          RenderListItem {LI} at (40,80) size 12x20
            RenderListMarker at (-33,0) size 28x19: "\x{1220}"
            RenderText {#text} at (0,0) size 12x19
              text run at (0,0) width 12: "\x{1220}"
          RenderListItem {LI} at (40,100) size 12x20
            RenderListMarker at (-33,0) size 28x19: "\x{1228}"
            RenderText {#text} at (0,0) size 12x19
              text run at (0,0) width 12: "\x{1228}"
          RenderListItem {LI} at (40,120) size 12x20
            RenderListMarker at (-33,0) size 28x19: "\x{1230}"
            RenderText {#text} at (0,0) size 12x19
              text run at (0,0) width 12: "\x{1230}"
          RenderListItem {LI} at (40,140) size 12x20
            RenderListMarker at (-33,0) size 28x19: "\x{1240}"
            RenderText {#text} at (0,0) size 12x19
              text run at (0,0) width 12: "\x{1240}"
          RenderListItem {LI} at (40,160) size 12x20
            RenderListMarker at (-33,0) size 28x19: "\x{1260}"
            RenderText {#text} at (0,0) size 12x19
              text run at (0,0) width 12: "\x{1260}"
          RenderListItem {LI} at (40,180) size 12x20
            RenderListMarker at (-33,0) size 28x19: "\x{1270}"
            RenderText {#text} at (0,0) size 12x19
              text run at (0,0) width 12: "\x{1270}"
          RenderListItem {LI} at (40,200) size 12x20
            RenderListMarker at (-33,0) size 28x19: "\x{1280}"
            RenderText {#text} at (0,0) size 12x19
              text run at (0,0) width 12: "\x{1280}"
          RenderListItem {LI} at (40,220) size 12x20
            RenderListMarker at (-33,0) size 28x19: "\x{1290}"
            RenderText {#text} at (0,0) size 12x19
              text run at (0,0) width 12: "\x{1290}"
          RenderListItem {LI} at (40,240) size 12x20
            RenderListMarker at (-33,0) size 28x19: "\x{12A0}"
            RenderText {#text} at (0,0) size 12x19
              text run at (0,0) width 12: "\x{12A0}"
        RenderBlock (floating) {OL} at (72,294) size 72x260
          RenderListItem {LI} at (40,0) size 12x20
            RenderListMarker at (-33,0) size 28x19: "\x{12A8}"
            RenderText {#text} at (0,0) size 12x19
              text run at (0,0) width 12: "\x{12A8}"
          RenderListItem {LI} at (40,20) size 12x20
            RenderListMarker at (-33,0) size 28x19: "\x{12C8}"
            RenderText {#text} at (0,0) size 12x19
              text run at (0,0) width 12: "\x{12C8}"
          RenderListItem {LI} at (40,40) size 12x20
            RenderListMarker at (-33,0) size 28x19: "\x{12D0}"
            RenderText {#text} at (0,0) size 12x19
              text run at (0,0) width 12: "\x{12D0}"
          RenderListItem {LI} at (40,60) size 12x20
            RenderListMarker at (-33,0) size 28x19: "\x{12D8}"
            RenderText {#text} at (0,0) size 12x19
              text run at (0,0) width 12: "\x{12D8}"
          RenderListItem {LI} at (40,80) size 12x20
            RenderListMarker at (-33,0) size 28x19: "\x{12E8}"
            RenderText {#text} at (0,0) size 12x19
              text run at (0,0) width 12: "\x{12E8}"
          RenderListItem {LI} at (40,100) size 12x20
            RenderListMarker at (-33,0) size 28x19: "\x{12F0}"
            RenderText {#text} at (0,0) size 12x19
              text run at (0,0) width 12: "\x{12F0}"
          RenderListItem {LI} at (40,120) size 12x20
            RenderListMarker at (-33,0) size 28x19: "\x{1308}"
            RenderText {#text} at (0,0) size 12x19
              text run at (0,0) width 12: "\x{1308}"
          RenderListItem {LI} at (40,140) size 12x20
            RenderListMarker at (-33,0) size 28x19: "\x{1320}"
            RenderText {#text} at (0,0) size 12x19
              text run at (0,0) width 12: "\x{1320}"
          RenderListItem {LI} at (40,160) size 12x20
            RenderListMarker at (-33,0) size 28x19: "\x{1330}"
            RenderText {#text} at (0,0) size 12x19
              text run at (0,0) width 12: "\x{1330}"
          RenderListItem {LI} at (40,180) size 12x20
            RenderListMarker at (-33,0) size 28x19: "\x{1338}"
            RenderText {#text} at (0,0) size 12x19
              text run at (0,0) width 12: "\x{1338}"
          RenderListItem {LI} at (40,200) size 12x20
            RenderListMarker at (-33,0) size 28x19: "\x{1340}"
            RenderText {#text} at (0,0) size 12x19
              text run at (0,0) width 12: "\x{1340}"
          RenderListItem {LI} at (40,220) size 12x20
            RenderListMarker at (-33,0) size 28x19: "\x{1348}"
            RenderText {#text} at (0,0) size 12x19
              text run at (0,0) width 12: "\x{1348}"
          RenderListItem {LI} at (40,240) size 12x20
            RenderListMarker at (-33,0) size 28x19: "\x{1350}"
            RenderText {#text} at (0,0) size 12x19
              text run at (0,0) width 12: "\x{1350}"
      RenderBlock {DIV} at (0,2801) size 769x319
        RenderBlock {H2} at (0,292) size 769x27
          RenderText {#text} at (0,0) size 228x26
            text run at (0,0) width 228: "ethiopic-halehame-gez"
        RenderBlock (floating) {OL} at (0,354) size 72x260
          RenderListItem {LI} at (40,0) size 12x20
            RenderListMarker at (-33,0) size 28x19: "\x{1200}"
            RenderText {#text} at (0,0) size 12x19
              text run at (0,0) width 12: "\x{1200}"
          RenderListItem {LI} at (40,20) size 12x20
            RenderListMarker at (-33,0) size 28x19: "\x{1208}"
            RenderText {#text} at (0,0) size 12x19
              text run at (0,0) width 12: "\x{1208}"
          RenderListItem {LI} at (40,40) size 12x20
            RenderListMarker at (-33,0) size 28x19: "\x{1210}"
            RenderText {#text} at (0,0) size 12x19
              text run at (0,0) width 12: "\x{1210}"
          RenderListItem {LI} at (40,60) size 12x20
            RenderListMarker at (-33,0) size 28x19: "\x{1218}"
            RenderText {#text} at (0,0) size 12x19
              text run at (0,0) width 12: "\x{1218}"
          RenderListItem {LI} at (40,80) size 12x20
            RenderListMarker at (-33,0) size 28x19: "\x{1220}"
            RenderText {#text} at (0,0) size 12x19
              text run at (0,0) width 12: "\x{1220}"
          RenderListItem {LI} at (40,100) size 12x20
            RenderListMarker at (-33,0) size 28x19: "\x{1228}"
            RenderText {#text} at (0,0) size 12x19
              text run at (0,0) width 12: "\x{1228}"
          RenderListItem {LI} at (40,120) size 12x20
            RenderListMarker at (-33,0) size 28x19: "\x{1230}"
            RenderText {#text} at (0,0) size 12x19
              text run at (0,0) width 12: "\x{1230}"
          RenderListItem {LI} at (40,140) size 12x20
            RenderListMarker at (-33,0) size 28x19: "\x{1240}"
            RenderText {#text} at (0,0) size 12x19
              text run at (0,0) width 12: "\x{1240}"
          RenderListItem {LI} at (40,160) size 12x20
            RenderListMarker at (-33,0) size 28x19: "\x{1260}"
            RenderText {#text} at (0,0) size 12x19
              text run at (0,0) width 12: "\x{1260}"
          RenderListItem {LI} at (40,180) size 12x20
            RenderListMarker at (-33,0) size 28x19: "\x{1270}"
            RenderText {#text} at (0,0) size 12x19
              text run at (0,0) width 12: "\x{1270}"
          RenderListItem {LI} at (40,200) size 12x20
            RenderListMarker at (-33,0) size 28x19: "\x{1280}"
            RenderText {#text} at (0,0) size 12x19
              text run at (0,0) width 12: "\x{1280}"
          RenderListItem {LI} at (40,220) size 12x20
            RenderListMarker at (-33,0) size 28x19: "\x{1290}"
            RenderText {#text} at (0,0) size 12x19
              text run at (0,0) width 12: "\x{1290}"
          RenderListItem {LI} at (40,240) size 12x20
            RenderListMarker at (-33,0) size 28x19: "\x{12A0}"
            RenderText {#text} at (0,0) size 12x19
              text run at (0,0) width 12: "\x{12A0}"
        RenderBlock (floating) {OL} at (72,354) size 72x260
          RenderListItem {LI} at (40,0) size 12x20
            RenderListMarker at (-33,0) size 28x19: "\x{12A8}"
            RenderText {#text} at (0,0) size 12x19
              text run at (0,0) width 12: "\x{12A8}"
          RenderListItem {LI} at (40,20) size 12x20
            RenderListMarker at (-33,0) size 28x19: "\x{12C8}"
            RenderText {#text} at (0,0) size 12x19
              text run at (0,0) width 12: "\x{12C8}"
          RenderListItem {LI} at (40,40) size 12x20
            RenderListMarker at (-33,0) size 28x19: "\x{12D0}"
            RenderText {#text} at (0,0) size 12x19
              text run at (0,0) width 12: "\x{12D0}"
          RenderListItem {LI} at (40,60) size 12x20
            RenderListMarker at (-33,0) size 28x19: "\x{12D8}"
            RenderText {#text} at (0,0) size 12x19
              text run at (0,0) width 12: "\x{12D8}"
          RenderListItem {LI} at (40,80) size 12x20
            RenderListMarker at (-33,0) size 28x19: "\x{12E8}"
            RenderText {#text} at (0,0) size 12x19
              text run at (0,0) width 12: "\x{12E8}"
          RenderListItem {LI} at (40,100) size 12x20
            RenderListMarker at (-33,0) size 28x19: "\x{12F0}"
            RenderText {#text} at (0,0) size 12x19
              text run at (0,0) width 12: "\x{12F0}"
          RenderListItem {LI} at (40,120) size 12x20
            RenderListMarker at (-33,0) size 28x19: "\x{1308}"
            RenderText {#text} at (0,0) size 12x19
              text run at (0,0) width 12: "\x{1308}"
          RenderListItem {LI} at (40,140) size 12x20
            RenderListMarker at (-33,0) size 28x19: "\x{1320}"
            RenderText {#text} at (0,0) size 12x19
              text run at (0,0) width 12: "\x{1320}"
          RenderListItem {LI} at (40,160) size 12x20
            RenderListMarker at (-33,0) size 28x19: "\x{1330}"
            RenderText {#text} at (0,0) size 12x19
              text run at (0,0) width 12: "\x{1330}"
          RenderListItem {LI} at (40,180) size 12x20
            RenderListMarker at (-33,0) size 28x19: "\x{1338}"
            RenderText {#text} at (0,0) size 12x19
              text run at (0,0) width 12: "\x{1338}"
          RenderListItem {LI} at (40,200) size 12x20
            RenderListMarker at (-33,0) size 28x19: "\x{1340}"
            RenderText {#text} at (0,0) size 12x19
              text run at (0,0) width 12: "\x{1340}"
          RenderListItem {LI} at (40,220) size 12x20
            RenderListMarker at (-33,0) size 28x19: "\x{1348}"
            RenderText {#text} at (0,0) size 12x19
              text run at (0,0) width 12: "\x{1348}"
          RenderListItem {LI} at (40,240) size 12x20
            RenderListMarker at (-33,0) size 28x19: "\x{1350}"
            RenderText {#text} at (0,0) size 12x19
              text run at (0,0) width 12: "\x{1350}"
      RenderBlock {DIV} at (0,3139) size 769x319
        RenderBlock {H2} at (0,292) size 769x27
          RenderText {#text} at (0,0) size 173x26
            text run at (0,0) width 173: "ethiopic-abegede"
        RenderBlock (floating) {OL} at (0,354) size 72x260
          RenderListItem {LI} at (40,0) size 12x20
            RenderListMarker at (-33,0) size 28x19: "\x{12A0}"
            RenderText {#text} at (0,0) size 12x19
              text run at (0,0) width 12: "\x{12A0}"
          RenderListItem {LI} at (40,20) size 12x20
            RenderListMarker at (-33,0) size 28x19: "\x{1260}"
            RenderText {#text} at (0,0) size 12x19
              text run at (0,0) width 12: "\x{1260}"
          RenderListItem {LI} at (40,40) size 12x20
            RenderListMarker at (-33,0) size 28x19: "\x{1308}"
            RenderText {#text} at (0,0) size 12x19
              text run at (0,0) width 12: "\x{1308}"
          RenderListItem {LI} at (40,60) size 12x20
            RenderListMarker at (-33,0) size 28x19: "\x{12F0}"
            RenderText {#text} at (0,0) size 12x19
              text run at (0,0) width 12: "\x{12F0}"
          RenderListItem {LI} at (40,80) size 12x20
            RenderListMarker at (-33,0) size 28x19: "\x{1200}"
            RenderText {#text} at (0,0) size 12x19
              text run at (0,0) width 12: "\x{1200}"
          RenderListItem {LI} at (40,100) size 12x20
            RenderListMarker at (-33,0) size 28x19: "\x{12C8}"
            RenderText {#text} at (0,0) size 12x19
              text run at (0,0) width 12: "\x{12C8}"
          RenderListItem {LI} at (40,120) size 12x20
            RenderListMarker at (-33,0) size 28x19: "\x{12D8}"
            RenderText {#text} at (0,0) size 12x19
              text run at (0,0) width 12: "\x{12D8}"
          RenderListItem {LI} at (40,140) size 12x20
            RenderListMarker at (-33,0) size 28x19: "\x{1210}"
            RenderText {#text} at (0,0) size 12x19
              text run at (0,0) width 12: "\x{1210}"
          RenderListItem {LI} at (40,160) size 12x20
            RenderListMarker at (-33,0) size 28x19: "\x{1320}"
            RenderText {#text} at (0,0) size 12x19
              text run at (0,0) width 12: "\x{1320}"
          RenderListItem {LI} at (40,180) size 12x20
            RenderListMarker at (-33,0) size 28x19: "\x{12E8}"
            RenderText {#text} at (0,0) size 12x19
              text run at (0,0) width 12: "\x{12E8}"
          RenderListItem {LI} at (40,200) size 12x20
            RenderListMarker at (-33,0) size 28x19: "\x{12A8}"
            RenderText {#text} at (0,0) size 12x19
              text run at (0,0) width 12: "\x{12A8}"
          RenderListItem {LI} at (40,220) size 12x20
            RenderListMarker at (-33,0) size 28x19: "\x{1208}"
            RenderText {#text} at (0,0) size 12x19
              text run at (0,0) width 12: "\x{1208}"
          RenderListItem {LI} at (40,240) size 12x20
            RenderListMarker at (-33,0) size 28x19: "\x{1218}"
            RenderText {#text} at (0,0) size 12x19
              text run at (0,0) width 12: "\x{1218}"
        RenderBlock (floating) {OL} at (72,354) size 72x260
          RenderListItem {LI} at (40,0) size 12x20
            RenderListMarker at (-33,0) size 28x19: "\x{1290}"
            RenderText {#text} at (0,0) size 12x19
              text run at (0,0) width 12: "\x{1290}"
          RenderListItem {LI} at (40,20) size 12x20
            RenderListMarker at (-33,0) size 28x19: "\x{1220}"
            RenderText {#text} at (0,0) size 12x19
              text run at (0,0) width 12: "\x{1220}"
          RenderListItem {LI} at (40,40) size 12x20
            RenderListMarker at (-33,0) size 28x19: "\x{12D0}"
            RenderText {#text} at (0,0) size 12x19
              text run at (0,0) width 12: "\x{12D0}"
          RenderListItem {LI} at (40,60) size 12x20
            RenderListMarker at (-33,0) size 28x19: "\x{1348}"
            RenderText {#text} at (0,0) size 12x19
              text run at (0,0) width 12: "\x{1348}"
          RenderListItem {LI} at (40,80) size 12x20
            RenderListMarker at (-33,0) size 28x19: "\x{1338}"
            RenderText {#text} at (0,0) size 12x19
              text run at (0,0) width 12: "\x{1338}"
          RenderListItem {LI} at (40,100) size 12x20
            RenderListMarker at (-33,0) size 28x19: "\x{1240}"
            RenderText {#text} at (0,0) size 12x19
              text run at (0,0) width 12: "\x{1240}"
          RenderListItem {LI} at (40,120) size 12x20
            RenderListMarker at (-33,0) size 28x19: "\x{1228}"
            RenderText {#text} at (0,0) size 12x19
              text run at (0,0) width 12: "\x{1228}"
          RenderListItem {LI} at (40,140) size 12x20
            RenderListMarker at (-33,0) size 28x19: "\x{1230}"
            RenderText {#text} at (0,0) size 12x19
              text run at (0,0) width 12: "\x{1230}"
          RenderListItem {LI} at (40,160) size 12x20
            RenderListMarker at (-33,0) size 28x19: "\x{1270}"
            RenderText {#text} at (0,0) size 12x19
              text run at (0,0) width 12: "\x{1270}"
          RenderListItem {LI} at (40,180) size 12x20
            RenderListMarker at (-33,0) size 28x19: "\x{1280}"
            RenderText {#text} at (0,0) size 12x19
              text run at (0,0) width 12: "\x{1280}"
          RenderListItem {LI} at (40,200) size 12x20
            RenderListMarker at (-33,0) size 28x19: "\x{1340}"
            RenderText {#text} at (0,0) size 12x19
              text run at (0,0) width 12: "\x{1340}"
          RenderListItem {LI} at (40,220) size 12x20
            RenderListMarker at (-33,0) size 28x19: "\x{1330}"
            RenderText {#text} at (0,0) size 12x19
              text run at (0,0) width 12: "\x{1330}"
          RenderListItem {LI} at (40,240) size 12x20
            RenderListMarker at (-33,0) size 28x19: "\x{1350}"
            RenderText {#text} at (0,0) size 12x19
              text run at (0,0) width 12: "\x{1350}"
      RenderBlock {DIV} at (0,3477) size 769x319
        RenderBlock {H2} at (0,292) size 769x27
          RenderText {#text} at (0,0) size 213x26
            text run at (0,0) width 213: "ethiopic-abegede-gez"
        RenderBlock (floating) {OL} at (0,354) size 72x260
          RenderListItem {LI} at (40,0) size 12x20
            RenderListMarker at (-33,0) size 28x19: "\x{12A0}"
            RenderText {#text} at (0,0) size 12x19
              text run at (0,0) width 12: "\x{12A0}"
          RenderListItem {LI} at (40,20) size 12x20
            RenderListMarker at (-33,0) size 28x19: "\x{1260}"
            RenderText {#text} at (0,0) size 12x19
              text run at (0,0) width 12: "\x{1260}"
          RenderListItem {LI} at (40,40) size 12x20
            RenderListMarker at (-33,0) size 28x19: "\x{1308}"
            RenderText {#text} at (0,0) size 12x19
              text run at (0,0) width 12: "\x{1308}"
          RenderListItem {LI} at (40,60) size 12x20
            RenderListMarker at (-33,0) size 28x19: "\x{12F0}"
            RenderText {#text} at (0,0) size 12x19
              text run at (0,0) width 12: "\x{12F0}"
          RenderListItem {LI} at (40,80) size 12x20
            RenderListMarker at (-33,0) size 28x19: "\x{1200}"
            RenderText {#text} at (0,0) size 12x19
              text run at (0,0) width 12: "\x{1200}"
          RenderListItem {LI} at (40,100) size 12x20
            RenderListMarker at (-33,0) size 28x19: "\x{12C8}"
            RenderText {#text} at (0,0) size 12x19
              text run at (0,0) width 12: "\x{12C8}"
          RenderListItem {LI} at (40,120) size 12x20
            RenderListMarker at (-33,0) size 28x19: "\x{12D8}"
            RenderText {#text} at (0,0) size 12x19
              text run at (0,0) width 12: "\x{12D8}"
          RenderListItem {LI} at (40,140) size 12x20
            RenderListMarker at (-33,0) size 28x19: "\x{1210}"
            RenderText {#text} at (0,0) size 12x19
              text run at (0,0) width 12: "\x{1210}"
          RenderListItem {LI} at (40,160) size 12x20
            RenderListMarker at (-33,0) size 28x19: "\x{1320}"
            RenderText {#text} at (0,0) size 12x19
              text run at (0,0) width 12: "\x{1320}"
          RenderListItem {LI} at (40,180) size 12x20
            RenderListMarker at (-33,0) size 28x19: "\x{12E8}"
            RenderText {#text} at (0,0) size 12x19
              text run at (0,0) width 12: "\x{12E8}"
          RenderListItem {LI} at (40,200) size 12x20
            RenderListMarker at (-33,0) size 28x19: "\x{12A8}"
            RenderText {#text} at (0,0) size 12x19
              text run at (0,0) width 12: "\x{12A8}"
          RenderListItem {LI} at (40,220) size 12x20
            RenderListMarker at (-33,0) size 28x19: "\x{1208}"
            RenderText {#text} at (0,0) size 12x19
              text run at (0,0) width 12: "\x{1208}"
          RenderListItem {LI} at (40,240) size 12x20
            RenderListMarker at (-33,0) size 28x19: "\x{1218}"
            RenderText {#text} at (0,0) size 12x19
              text run at (0,0) width 12: "\x{1218}"
        RenderBlock (floating) {OL} at (72,354) size 72x260
          RenderListItem {LI} at (40,0) size 12x20
            RenderListMarker at (-33,0) size 28x19: "\x{1290}"
            RenderText {#text} at (0,0) size 12x19
              text run at (0,0) width 12: "\x{1290}"
          RenderListItem {LI} at (40,20) size 12x20
            RenderListMarker at (-33,0) size 28x19: "\x{1220}"
            RenderText {#text} at (0,0) size 12x19
              text run at (0,0) width 12: "\x{1220}"
          RenderListItem {LI} at (40,40) size 12x20
            RenderListMarker at (-33,0) size 28x19: "\x{12D0}"
            RenderText {#text} at (0,0) size 12x19
              text run at (0,0) width 12: "\x{12D0}"
          RenderListItem {LI} at (40,60) size 12x20
            RenderListMarker at (-33,0) size 28x19: "\x{1348}"
            RenderText {#text} at (0,0) size 12x19
              text run at (0,0) width 12: "\x{1348}"
          RenderListItem {LI} at (40,80) size 12x20
            RenderListMarker at (-33,0) size 28x19: "\x{1338}"
            RenderText {#text} at (0,0) size 12x19
              text run at (0,0) width 12: "\x{1338}"
          RenderListItem {LI} at (40,100) size 12x20
            RenderListMarker at (-33,0) size 28x19: "\x{1240}"
            RenderText {#text} at (0,0) size 12x19
              text run at (0,0) width 12: "\x{1240}"
          RenderListItem {LI} at (40,120) size 12x20
            RenderListMarker at (-33,0) size 28x19: "\x{1228}"
            RenderText {#text} at (0,0) size 12x19
              text run at (0,0) width 12: "\x{1228}"
          RenderListItem {LI} at (40,140) size 12x20
            RenderListMarker at (-33,0) size 28x19: "\x{1230}"
            RenderText {#text} at (0,0) size 12x19
              text run at (0,0) width 12: "\x{1230}"
          RenderListItem {LI} at (40,160) size 12x20
            RenderListMarker at (-33,0) size 28x19: "\x{1270}"
            RenderText {#text} at (0,0) size 12x19
              text run at (0,0) width 12: "\x{1270}"
          RenderListItem {LI} at (40,180) size 12x20
            RenderListMarker at (-33,0) size 28x19: "\x{1280}"
            RenderText {#text} at (0,0) size 12x19
              text run at (0,0) width 12: "\x{1280}"
          RenderListItem {LI} at (40,200) size 12x20
            RenderListMarker at (-33,0) size 28x19: "\x{1340}"
            RenderText {#text} at (0,0) size 12x19
              text run at (0,0) width 12: "\x{1340}"
          RenderListItem {LI} at (40,220) size 12x20
            RenderListMarker at (-33,0) size 28x19: "\x{1330}"
            RenderText {#text} at (0,0) size 12x19
              text run at (0,0) width 12: "\x{1330}"
          RenderListItem {LI} at (40,240) size 12x20
            RenderListMarker at (-33,0) size 28x19: "\x{1350}"
            RenderText {#text} at (0,0) size 12x19
              text run at (0,0) width 12: "\x{1350}"
      RenderBlock {DIV} at (0,3815) size 769x319
        RenderBlock {H2} at (0,292) size 769x27
          RenderText {#text} at (0,0) size 181x26
            text run at (0,0) width 181: "hangul-consonant"
        RenderBlock (floating) {OL} at (0,354) size 76x140
          RenderListItem {LI} at (40,0) size 16x20
            RenderListMarker at (-29,0) size 24x19: "\x{3131}"
            RenderText {#text} at (0,0) size 16x19
              text run at (0,0) width 16: "\x{3131}"
          RenderListItem {LI} at (40,20) size 16x20
            RenderListMarker at (-29,0) size 24x19: "\x{3134}"
            RenderText {#text} at (0,0) size 16x19
              text run at (0,0) width 16: "\x{3134}"
          RenderListItem {LI} at (40,40) size 16x20
            RenderListMarker at (-29,0) size 24x19: "\x{3137}"
            RenderText {#text} at (0,0) size 16x19
              text run at (0,0) width 16: "\x{3137}"
          RenderListItem {LI} at (40,60) size 16x20
            RenderListMarker at (-29,0) size 24x19: "\x{3139}"
            RenderText {#text} at (0,0) size 16x19
              text run at (0,0) width 16: "\x{3139}"
          RenderListItem {LI} at (40,80) size 16x20
            RenderListMarker at (-29,0) size 24x19: "\x{3141}"
            RenderText {#text} at (0,0) size 16x19
              text run at (0,0) width 16: "\x{3141}"
          RenderListItem {LI} at (40,100) size 16x20
            RenderListMarker at (-29,0) size 24x19: "\x{3142}"
            RenderText {#text} at (0,0) size 16x19
              text run at (0,0) width 16: "\x{3142}"
          RenderListItem {LI} at (40,120) size 16x20
            RenderListMarker at (-29,0) size 24x19: "\x{3145}"
            RenderText {#text} at (0,0) size 16x19
              text run at (0,0) width 16: "\x{3145}"
        RenderBlock (floating) {OL} at (76,354) size 76x140
          RenderListItem {LI} at (40,0) size 16x20
            RenderListMarker at (-29,0) size 24x19: "\x{3147}"
            RenderText {#text} at (0,0) size 16x19
              text run at (0,0) width 16: "\x{3147}"
          RenderListItem {LI} at (40,20) size 16x20
            RenderListMarker at (-29,0) size 24x19: "\x{3148}"
            RenderText {#text} at (0,0) size 16x19
              text run at (0,0) width 16: "\x{3148}"
          RenderListItem {LI} at (40,40) size 16x20
            RenderListMarker at (-29,0) size 24x19: "\x{314A}"
            RenderText {#text} at (0,0) size 16x19
              text run at (0,0) width 16: "\x{314A}"
          RenderListItem {LI} at (40,60) size 16x20
            RenderListMarker at (-29,0) size 24x19: "\x{314B}"
            RenderText {#text} at (0,0) size 16x19
              text run at (0,0) width 16: "\x{314B}"
          RenderListItem {LI} at (40,80) size 16x20
            RenderListMarker at (-29,0) size 24x19: "\x{314C}"
            RenderText {#text} at (0,0) size 16x19
              text run at (0,0) width 16: "\x{314C}"
          RenderListItem {LI} at (40,100) size 16x20
            RenderListMarker at (-29,0) size 24x19: "\x{314D}"
            RenderText {#text} at (0,0) size 16x19
              text run at (0,0) width 16: "\x{314D}"
          RenderListItem {LI} at (40,120) size 16x20
            RenderListMarker at (-29,0) size 24x19: "\x{314E}"
            RenderText {#text} at (0,0) size 16x19
              text run at (0,0) width 16: "\x{314E}"
      RenderBlock {DIV} at (0,4153) size 769x199
        RenderBlock {H2} at (0,172) size 769x27
          RenderText {#text} at (0,0) size 70x26
            text run at (0,0) width 70: "hangul"
        RenderBlock (floating) {OL} at (0,234) size 76x140
          RenderListItem {LI} at (40,0) size 16x20
            RenderListMarker at (-29,0) size 24x19: "\x{AC00}"
            RenderText {#text} at (0,0) size 16x19
              text run at (0,0) width 16: "\x{AC00}"
          RenderListItem {LI} at (40,20) size 16x20
            RenderListMarker at (-29,0) size 24x19: "\x{B098}"
            RenderText {#text} at (0,0) size 16x19
              text run at (0,0) width 16: "\x{B098}"
          RenderListItem {LI} at (40,40) size 16x20
            RenderListMarker at (-29,0) size 24x19: "\x{B2E4}"
            RenderText {#text} at (0,0) size 16x19
              text run at (0,0) width 16: "\x{B2E4}"
          RenderListItem {LI} at (40,60) size 16x20
            RenderListMarker at (-29,0) size 24x19: "\x{B77C}"
            RenderText {#text} at (0,0) size 16x19
              text run at (0,0) width 16: "\x{B77C}"
          RenderListItem {LI} at (40,80) size 16x20
            RenderListMarker at (-29,0) size 24x19: "\x{B9C8}"
            RenderText {#text} at (0,0) size 16x19
              text run at (0,0) width 16: "\x{B9C8}"
          RenderListItem {LI} at (40,100) size 16x20
            RenderListMarker at (-29,0) size 24x19: "\x{BC14}"
            RenderText {#text} at (0,0) size 16x19
              text run at (0,0) width 16: "\x{BC14}"
          RenderListItem {LI} at (40,120) size 16x20
            RenderListMarker at (-29,0) size 24x19: "\x{C0AC}"
            RenderText {#text} at (0,0) size 16x19
              text run at (0,0) width 16: "\x{C0AC}"
        RenderBlock (floating) {OL} at (76,234) size 76x140
          RenderListItem {LI} at (40,0) size 16x20
            RenderListMarker at (-29,0) size 24x19: "\x{C544}"
            RenderText {#text} at (0,0) size 16x19
              text run at (0,0) width 16: "\x{C544}"
          RenderListItem {LI} at (40,20) size 16x20
            RenderListMarker at (-29,0) size 24x19: "\x{C790}"
            RenderText {#text} at (0,0) size 16x19
              text run at (0,0) width 16: "\x{C790}"
          RenderListItem {LI} at (40,40) size 16x20
            RenderListMarker at (-29,0) size 24x19: "\x{CC28}"
            RenderText {#text} at (0,0) size 16x19
              text run at (0,0) width 16: "\x{CC28}"
          RenderListItem {LI} at (40,60) size 16x20
            RenderListMarker at (-29,0) size 24x19: "\x{CE74}"
            RenderText {#text} at (0,0) size 16x19
              text run at (0,0) width 16: "\x{CE74}"
          RenderListItem {LI} at (40,80) size 16x20
            RenderListMarker at (-29,0) size 24x19: "\x{D0C0}"
            RenderText {#text} at (0,0) size 16x19
              text run at (0,0) width 16: "\x{D0C0}"
          RenderListItem {LI} at (40,100) size 16x20
            RenderListMarker at (-29,0) size 24x19: "\x{D30C}"
            RenderText {#text} at (0,0) size 16x19
              text run at (0,0) width 16: "\x{D30C}"
          RenderListItem {LI} at (40,120) size 16x20
            RenderListMarker at (-29,0) size 24x19: "\x{D558}"
            RenderText {#text} at (0,0) size 16x19
              text run at (0,0) width 16: "\x{D558}"
      RenderBlock {DIV} at (0,4371) size 769x199
        RenderBlock {H2} at (0,172) size 769x27
          RenderText {#text} at (0,0) size 155x26
            text run at (0,0) width 155: "hiragana-iroha"
        RenderBlock (floating) {OL} at (0,234) size 76x200
          RenderListItem {LI} at (40,0) size 16x20
            RenderListMarker at (-28,0) size 23x19: "\x{3044}"
            RenderText {#text} at (0,0) size 15x19
              text run at (0,0) width 15: "\x{3044}"
          RenderListItem {LI} at (40,20) size 16x20
            RenderListMarker at (-27,0) size 22x19: "\x{308D}"
            RenderText {#text} at (0,0) size 14x19
              text run at (0,0) width 14: "\x{308D}"
          RenderListItem {LI} at (40,40) size 16x20
            RenderListMarker at (-29,0) size 24x19: "\x{306F}"
            RenderText {#text} at (0,0) size 16x19
              text run at (0,0) width 16: "\x{306F}"
          RenderListItem {LI} at (40,60) size 16x20
            RenderListMarker at (-28,0) size 23x19: "\x{306B}"
            RenderText {#text} at (0,0) size 15x19
              text run at (0,0) width 15: "\x{306B}"
          RenderListItem {LI} at (40,80) size 16x20
            RenderListMarker at (-29,0) size 24x19: "\x{307B}"
            RenderText {#text} at (0,0) size 16x19
              text run at (0,0) width 16: "\x{307B}"
          RenderListItem {LI} at (40,100) size 16x20
            RenderListMarker at (-29,0) size 24x19: "\x{3078}"
            RenderText {#text} at (0,0) size 16x19
              text run at (0,0) width 16: "\x{3078}"
          RenderListItem {LI} at (40,120) size 16x20
            RenderListMarker at (-25,0) size 20x19: "\x{3068}"
            RenderText {#text} at (0,0) size 12x19
              text run at (0,0) width 12: "\x{3068}"
          RenderListItem {LI} at (40,140) size 16x20
            RenderListMarker at (-27,0) size 22x19: "\x{3061}"
            RenderText {#text} at (0,0) size 14x19
              text run at (0,0) width 14: "\x{3061}"
          RenderListItem {LI} at (40,160) size 16x20
            RenderListMarker at (-25,0) size 20x19: "\x{308A}"
            RenderText {#text} at (0,0) size 12x19
              text run at (0,0) width 12: "\x{308A}"
          RenderListItem {LI} at (40,180) size 16x20
            RenderListMarker at (-29,0) size 24x19: "\x{306C}"
            RenderText {#text} at (0,0) size 16x19
              text run at (0,0) width 16: "\x{306C}"
        RenderBlock (floating) {OL} at (76,234) size 76x200
          RenderListItem {LI} at (40,0) size 16x20
            RenderListMarker at (-27,0) size 22x19: "\x{308B}"
            RenderText {#text} at (0,0) size 14x19
              text run at (0,0) width 14: "\x{308B}"
          RenderListItem {LI} at (40,20) size 16x20
            RenderListMarker at (-27,0) size 22x19: "\x{3092}"
            RenderText {#text} at (0,0) size 14x19
              text run at (0,0) width 14: "\x{3092}"
          RenderListItem {LI} at (40,40) size 16x20
            RenderListMarker at (-29,0) size 24x19: "\x{308F}"
            RenderText {#text} at (0,0) size 16x19
              text run at (0,0) width 16: "\x{308F}"
          RenderListItem {LI} at (40,60) size 16x20
            RenderListMarker at (-29,0) size 24x19: "\x{304B}"
            RenderText {#text} at (0,0) size 16x19
              text run at (0,0) width 16: "\x{304B}"
          RenderListItem {LI} at (40,80) size 16x20
            RenderListMarker at (-27,0) size 22x19: "\x{3088}"
            RenderText {#text} at (0,0) size 14x19
              text run at (0,0) width 14: "\x{3088}"
          RenderListItem {LI} at (40,100) size 16x20
            RenderListMarker at (-28,0) size 23x19: "\x{305F}"
            RenderText {#text} at (0,0) size 15x19
              text run at (0,0) width 15: "\x{305F}"
          RenderListItem {LI} at (40,120) size 16x20
            RenderListMarker at (-29,0) size 24x19: "\x{308C}"
            RenderText {#text} at (0,0) size 16x19
              text run at (0,0) width 16: "\x{308C}"
          RenderListItem {LI} at (40,140) size 16x20
            RenderListMarker at (-28,0) size 23x19: "\x{305D}"
            RenderText {#text} at (0,0) size 15x19
              text run at (0,0) width 15: "\x{305D}"
          RenderListItem {LI} at (40,160) size 16x20
            RenderListMarker at (-28,0) size 23x19: "\x{3064}"
            RenderText {#text} at (0,0) size 15x19
              text run at (0,0) width 15: "\x{3064}"
          RenderListItem {LI} at (40,180) size 16x20
            RenderListMarker at (-29,0) size 24x19: "\x{306D}"
            RenderText {#text} at (0,0) size 16x19
              text run at (0,0) width 16: "\x{306D}"
        RenderBlock (floating) {OL} at (152,234) size 76x200
          RenderListItem {LI} at (40,0) size 16x20
            RenderListMarker at (-27,0) size 22x19: "\x{306A}"
            RenderText {#text} at (0,0) size 14x19
              text run at (0,0) width 14: "\x{306A}"
          RenderListItem {LI} at (40,20) size 16x20
            RenderListMarker at (-26,0) size 21x19: "\x{3089}"
            RenderText {#text} at (0,0) size 13x19
              text run at (0,0) width 13: "\x{3089}"
          RenderListItem {LI} at (40,40) size 16x20
            RenderListMarker at (-29,0) size 24x19: "\x{3080}"
            RenderText {#text} at (0,0) size 16x19
              text run at (0,0) width 16: "\x{3080}"
          RenderListItem {LI} at (40,60) size 16x20
            RenderListMarker at (-24,0) size 19x19: "\x{3046}"
            RenderText {#text} at (0,0) size 11x19
              text run at (0,0) width 11: "\x{3046}"
          RenderListItem {LI} at (40,80) size 16x20
            RenderListMarker at (-29,0) size 24x19: "\x{3090}"
            RenderText {#text} at (0,0) size 16x19
              text run at (0,0) width 16: "\x{3090}"
          RenderListItem {LI} at (40,100) size 16x20
            RenderListMarker at (-29,0) size 24x19: "\x{306E}"
            RenderText {#text} at (0,0) size 16x19
              text run at (0,0) width 16: "\x{306E}"
          RenderListItem {LI} at (40,120) size 16x20
            RenderListMarker at (-28,0) size 23x19: "\x{304A}"
            RenderText {#text} at (0,0) size 15x19
              text run at (0,0) width 15: "\x{304A}"
          RenderListItem {LI} at (40,140) size 16x20
            RenderListMarker at (-22,0) size 17x19: "\x{304F}"
            RenderText {#text} at (0,0) size 9x19
              text run at (0,0) width 9: "\x{304F}"
          RenderListItem {LI} at (40,160) size 16x20
            RenderListMarker at (-29,0) size 24x19: "\x{3084}"
            RenderText {#text} at (0,0) size 16x19
              text run at (0,0) width 16: "\x{3084}"
          RenderListItem {LI} at (40,180) size 16x20
            RenderListMarker at (-27,0) size 22x19: "\x{307E}"
            RenderText {#text} at (0,0) size 14x19
              text run at (0,0) width 14: "\x{307E}"
        RenderBlock (floating) {OL} at (228,234) size 76x200
          RenderListItem {LI} at (40,0) size 16x20
            RenderListMarker at (-28,0) size 23x19: "\x{3051}"
            RenderText {#text} at (0,0) size 15x19
              text run at (0,0) width 15: "\x{3051}"
          RenderListItem {LI} at (40,20) size 16x20
            RenderListMarker at (-29,0) size 24x19: "\x{3075}"
            RenderText {#text} at (0,0) size 16x19
              text run at (0,0) width 16: "\x{3075}"
          RenderListItem {LI} at (40,40) size 16x20
            RenderListMarker at (-26,0) size 21x19: "\x{3053}"
            RenderText {#text} at (0,0) size 13x19
              text run at (0,0) width 13: "\x{3053}"
          RenderListItem {LI} at (40,60) size 16x20
            RenderListMarker at (-27,0) size 22x19: "\x{3048}"
            RenderText {#text} at (0,0) size 14x19
              text run at (0,0) width 14: "\x{3048}"
          RenderListItem {LI} at (40,80) size 16x20
            RenderListMarker at (-27,0) size 22x19: "\x{3066}"
            RenderText {#text} at (0,0) size 14x19
              text run at (0,0) width 14: "\x{3066}"
          RenderListItem {LI} at (40,100) size 16x20
            RenderListMarker at (-28,0) size 23x19: "\x{3042}"
            RenderText {#text} at (0,0) size 15x19
              text run at (0,0) width 15: "\x{3042}"
          RenderListItem {LI} at (40,120) size 16x20
            RenderListMarker at (-25,0) size 20x19: "\x{3055}"
            RenderText {#text} at (0,0) size 12x19
              text run at (0,0) width 12: "\x{3055}"
          RenderListItem {LI} at (40,140) size 16x20
            RenderListMarker at (-27,0) size 22x19: "\x{304D}"
            RenderText {#text} at (0,0) size 14x19
              text run at (0,0) width 14: "\x{304D}"
          RenderListItem {LI} at (40,160) size 16x20
            RenderListMarker at (-29,0) size 24x19: "\x{3086}"
            RenderText {#text} at (0,0) size 16x19
              text run at (0,0) width 16: "\x{3086}"
          RenderListItem {LI} at (40,180) size 16x20
            RenderListMarker at (-29,0) size 24x19: "\x{3081}"
            RenderText {#text} at (0,0) size 16x19
              text run at (0,0) width 16: "\x{3081}"
        RenderBlock (floating) {OL} at (304,234) size 76x140
          RenderListItem {LI} at (40,0) size 16x20
            RenderListMarker at (-29,0) size 24x19: "\x{307F}"
            RenderText {#text} at (0,0) size 16x19
              text run at (0,0) width 16: "\x{307F}"
          RenderListItem {LI} at (40,20) size 16x20
            RenderListMarker at (-25,0) size 20x19: "\x{3057}"
            RenderText {#text} at (0,0) size 12x19
              text run at (0,0) width 12: "\x{3057}"
          RenderListItem {LI} at (40,40) size 16x20
            RenderListMarker at (-29,0) size 24x19: "\x{3091}"
            RenderText {#text} at (0,0) size 16x19
              text run at (0,0) width 16: "\x{3091}"
          RenderListItem {LI} at (40,60) size 16x20
            RenderListMarker at (-28,0) size 23x19: "\x{3072}"
            RenderText {#text} at (0,0) size 15x19
              text run at (0,0) width 15: "\x{3072}"
          RenderListItem {LI} at (40,80) size 16x20
            RenderListMarker at (-26,0) size 21x19: "\x{3082}"
            RenderText {#text} at (0,0) size 13x19
              text run at (0,0) width 13: "\x{3082}"
          RenderListItem {LI} at (40,100) size 16x20
            RenderListMarker at (-29,0) size 24x19: "\x{305B}"
            RenderText {#text} at (0,0) size 16x19
              text run at (0,0) width 16: "\x{305B}"
          RenderListItem {LI} at (40,120) size 16x20
            RenderListMarker at (-28,0) size 23x19: "\x{3059}"
            RenderText {#text} at (0,0) size 15x19
              text run at (0,0) width 15: "\x{3059}"
      RenderBlock {DIV} at (0,4589) size 769x259
        RenderBlock {H2} at (0,232) size 769x27
          RenderText {#text} at (0,0) size 92x26
            text run at (0,0) width 92: "hiragana"
        RenderBlock (floating) {OL} at (0,294) size 76x240
          RenderListItem {LI} at (40,0) size 16x20
            RenderListMarker at (-28,0) size 23x19: "\x{3042}"
            RenderText {#text} at (0,0) size 15x19
              text run at (0,0) width 15: "\x{3042}"
          RenderListItem {LI} at (40,20) size 16x20
            RenderListMarker at (-28,0) size 23x19: "\x{3044}"
            RenderText {#text} at (0,0) size 15x19
              text run at (0,0) width 15: "\x{3044}"
          RenderListItem {LI} at (40,40) size 16x20
            RenderListMarker at (-24,0) size 19x19: "\x{3046}"
            RenderText {#text} at (0,0) size 11x19
              text run at (0,0) width 11: "\x{3046}"
          RenderListItem {LI} at (40,60) size 16x20
            RenderListMarker at (-27,0) size 22x19: "\x{3048}"
            RenderText {#text} at (0,0) size 14x19
              text run at (0,0) width 14: "\x{3048}"
          RenderListItem {LI} at (40,80) size 16x20
            RenderListMarker at (-28,0) size 23x19: "\x{304A}"
            RenderText {#text} at (0,0) size 15x19
              text run at (0,0) width 15: "\x{304A}"
          RenderListItem {LI} at (40,100) size 16x20
            RenderListMarker at (-29,0) size 24x19: "\x{304B}"
            RenderText {#text} at (0,0) size 16x19
              text run at (0,0) width 16: "\x{304B}"
          RenderListItem {LI} at (40,120) size 16x20
            RenderListMarker at (-27,0) size 22x19: "\x{304D}"
            RenderText {#text} at (0,0) size 14x19
              text run at (0,0) width 14: "\x{304D}"
          RenderListItem {LI} at (40,140) size 16x20
            RenderListMarker at (-22,0) size 17x19: "\x{304F}"
            RenderText {#text} at (0,0) size 9x19
              text run at (0,0) width 9: "\x{304F}"
          RenderListItem {LI} at (40,160) size 16x20
            RenderListMarker at (-28,0) size 23x19: "\x{3051}"
            RenderText {#text} at (0,0) size 15x19
              text run at (0,0) width 15: "\x{3051}"
          RenderListItem {LI} at (40,180) size 16x20
            RenderListMarker at (-26,0) size 21x19: "\x{3053}"
            RenderText {#text} at (0,0) size 13x19
              text run at (0,0) width 13: "\x{3053}"
          RenderListItem {LI} at (40,200) size 16x20
            RenderListMarker at (-25,0) size 20x19: "\x{3055}"
            RenderText {#text} at (0,0) size 12x19
              text run at (0,0) width 12: "\x{3055}"
          RenderListItem {LI} at (40,220) size 16x20
            RenderListMarker at (-25,0) size 20x19: "\x{3057}"
            RenderText {#text} at (0,0) size 12x19
              text run at (0,0) width 12: "\x{3057}"
        RenderBlock (floating) {OL} at (76,294) size 76x240
          RenderListItem {LI} at (40,0) size 16x20
            RenderListMarker at (-28,0) size 23x19: "\x{3059}"
            RenderText {#text} at (0,0) size 15x19
              text run at (0,0) width 15: "\x{3059}"
          RenderListItem {LI} at (40,20) size 16x20
            RenderListMarker at (-29,0) size 24x19: "\x{305B}"
            RenderText {#text} at (0,0) size 16x19
              text run at (0,0) width 16: "\x{305B}"
          RenderListItem {LI} at (40,40) size 16x20
            RenderListMarker at (-28,0) size 23x19: "\x{305D}"
            RenderText {#text} at (0,0) size 15x19
              text run at (0,0) width 15: "\x{305D}"
          RenderListItem {LI} at (40,60) size 16x20
            RenderListMarker at (-28,0) size 23x19: "\x{305F}"
            RenderText {#text} at (0,0) size 15x19
              text run at (0,0) width 15: "\x{305F}"
          RenderListItem {LI} at (40,80) size 16x20
            RenderListMarker at (-27,0) size 22x19: "\x{3061}"
            RenderText {#text} at (0,0) size 14x19
              text run at (0,0) width 14: "\x{3061}"
          RenderListItem {LI} at (40,100) size 16x20
            RenderListMarker at (-28,0) size 23x19: "\x{3064}"
            RenderText {#text} at (0,0) size 15x19
              text run at (0,0) width 15: "\x{3064}"
          RenderListItem {LI} at (40,120) size 16x20
            RenderListMarker at (-27,0) size 22x19: "\x{3066}"
            RenderText {#text} at (0,0) size 14x19
              text run at (0,0) width 14: "\x{3066}"
          RenderListItem {LI} at (40,140) size 16x20
            RenderListMarker at (-25,0) size 20x19: "\x{3068}"
            RenderText {#text} at (0,0) size 12x19
              text run at (0,0) width 12: "\x{3068}"
          RenderListItem {LI} at (40,160) size 16x20
            RenderListMarker at (-27,0) size 22x19: "\x{306A}"
            RenderText {#text} at (0,0) size 14x19
              text run at (0,0) width 14: "\x{306A}"
          RenderListItem {LI} at (40,180) size 16x20
            RenderListMarker at (-28,0) size 23x19: "\x{306B}"
            RenderText {#text} at (0,0) size 15x19
              text run at (0,0) width 15: "\x{306B}"
          RenderListItem {LI} at (40,200) size 16x20
            RenderListMarker at (-29,0) size 24x19: "\x{306C}"
            RenderText {#text} at (0,0) size 16x19
              text run at (0,0) width 16: "\x{306C}"
          RenderListItem {LI} at (40,220) size 16x20
            RenderListMarker at (-29,0) size 24x19: "\x{306D}"
            RenderText {#text} at (0,0) size 16x19
              text run at (0,0) width 16: "\x{306D}"
        RenderBlock (floating) {OL} at (152,294) size 76x240
          RenderListItem {LI} at (40,0) size 16x20
            RenderListMarker at (-29,0) size 24x19: "\x{306E}"
            RenderText {#text} at (0,0) size 16x19
              text run at (0,0) width 16: "\x{306E}"
          RenderListItem {LI} at (40,20) size 16x20
            RenderListMarker at (-29,0) size 24x19: "\x{306F}"
            RenderText {#text} at (0,0) size 16x19
              text run at (0,0) width 16: "\x{306F}"
          RenderListItem {LI} at (40,40) size 16x20
            RenderListMarker at (-28,0) size 23x19: "\x{3072}"
            RenderText {#text} at (0,0) size 15x19
              text run at (0,0) width 15: "\x{3072}"
          RenderListItem {LI} at (40,60) size 16x20
            RenderListMarker at (-29,0) size 24x19: "\x{3075}"
            RenderText {#text} at (0,0) size 16x19
              text run at (0,0) width 16: "\x{3075}"
          RenderListItem {LI} at (40,80) size 16x20
            RenderListMarker at (-29,0) size 24x19: "\x{3078}"
            RenderText {#text} at (0,0) size 16x19
              text run at (0,0) width 16: "\x{3078}"
          RenderListItem {LI} at (40,100) size 16x20
            RenderListMarker at (-29,0) size 24x19: "\x{307B}"
            RenderText {#text} at (0,0) size 16x19
              text run at (0,0) width 16: "\x{307B}"
          RenderListItem {LI} at (40,120) size 16x20
            RenderListMarker at (-27,0) size 22x19: "\x{307E}"
            RenderText {#text} at (0,0) size 14x19
              text run at (0,0) width 14: "\x{307E}"
          RenderListItem {LI} at (40,140) size 16x20
            RenderListMarker at (-29,0) size 24x19: "\x{307F}"
            RenderText {#text} at (0,0) size 16x19
              text run at (0,0) width 16: "\x{307F}"
          RenderListItem {LI} at (40,160) size 16x20
            RenderListMarker at (-29,0) size 24x19: "\x{3080}"
            RenderText {#text} at (0,0) size 16x19
              text run at (0,0) width 16: "\x{3080}"
          RenderListItem {LI} at (40,180) size 16x20
            RenderListMarker at (-29,0) size 24x19: "\x{3081}"
            RenderText {#text} at (0,0) size 16x19
              text run at (0,0) width 16: "\x{3081}"
          RenderListItem {LI} at (40,200) size 16x20
            RenderListMarker at (-26,0) size 21x19: "\x{3082}"
            RenderText {#text} at (0,0) size 13x19
              text run at (0,0) width 13: "\x{3082}"
          RenderListItem {LI} at (40,220) size 16x20
            RenderListMarker at (-29,0) size 24x19: "\x{3084}"
            RenderText {#text} at (0,0) size 16x19
              text run at (0,0) width 16: "\x{3084}"
        RenderBlock (floating) {OL} at (228,294) size 76x240
          RenderListItem {LI} at (40,0) size 16x20
            RenderListMarker at (-29,0) size 24x19: "\x{3086}"
            RenderText {#text} at (0,0) size 16x19
              text run at (0,0) width 16: "\x{3086}"
          RenderListItem {LI} at (40,20) size 16x20
            RenderListMarker at (-27,0) size 22x19: "\x{3088}"
            RenderText {#text} at (0,0) size 14x19
              text run at (0,0) width 14: "\x{3088}"
          RenderListItem {LI} at (40,40) size 16x20
            RenderListMarker at (-26,0) size 21x19: "\x{3089}"
            RenderText {#text} at (0,0) size 13x19
              text run at (0,0) width 13: "\x{3089}"
          RenderListItem {LI} at (40,60) size 16x20
            RenderListMarker at (-25,0) size 20x19: "\x{308A}"
            RenderText {#text} at (0,0) size 12x19
              text run at (0,0) width 12: "\x{308A}"
          RenderListItem {LI} at (40,80) size 16x20
            RenderListMarker at (-27,0) size 22x19: "\x{308B}"
            RenderText {#text} at (0,0) size 14x19
              text run at (0,0) width 14: "\x{308B}"
          RenderListItem {LI} at (40,100) size 16x20
            RenderListMarker at (-29,0) size 24x19: "\x{308C}"
            RenderText {#text} at (0,0) size 16x19
              text run at (0,0) width 16: "\x{308C}"
          RenderListItem {LI} at (40,120) size 16x20
            RenderListMarker at (-27,0) size 22x19: "\x{308D}"
            RenderText {#text} at (0,0) size 14x19
              text run at (0,0) width 14: "\x{308D}"
          RenderListItem {LI} at (40,140) size 16x20
            RenderListMarker at (-29,0) size 24x19: "\x{308F}"
            RenderText {#text} at (0,0) size 16x19
              text run at (0,0) width 16: "\x{308F}"
          RenderListItem {LI} at (40,160) size 16x20
            RenderListMarker at (-29,0) size 24x19: "\x{3090}"
            RenderText {#text} at (0,0) size 16x19
              text run at (0,0) width 16: "\x{3090}"
          RenderListItem {LI} at (40,180) size 16x20
            RenderListMarker at (-29,0) size 24x19: "\x{3091}"
            RenderText {#text} at (0,0) size 16x19
              text run at (0,0) width 16: "\x{3091}"
          RenderListItem {LI} at (40,200) size 16x20
            RenderListMarker at (-27,0) size 22x19: "\x{3092}"
            RenderText {#text} at (0,0) size 14x19
              text run at (0,0) width 14: "\x{3092}"
          RenderListItem {LI} at (40,220) size 16x20
            RenderListMarker at (-28,0) size 23x19: "\x{3093}"
            RenderText {#text} at (0,0) size 15x19
              text run at (0,0) width 15: "\x{3093}"
      RenderBlock {DIV} at (0,4867) size 769x299
        RenderBlock {H2} at (0,272) size 769x27
          RenderText {#text} at (0,0) size 158x26
            text run at (0,0) width 158: "katakana-iroha"
        RenderBlock (floating) {OL} at (0,334) size 76x200
          RenderListItem {LI} at (40,0) size 16x20
            RenderListMarker at (-26,0) size 21x19: "\x{30A4}"
            RenderText {#text} at (0,0) size 13x19
              text run at (0,0) width 13: "\x{30A4}"
          RenderListItem {LI} at (40,20) size 16x20
            RenderListMarker at (-27,0) size 22x19: "\x{30ED}"
            RenderText {#text} at (0,0) size 14x19
              text run at (0,0) width 14: "\x{30ED}"
          RenderListItem {LI} at (40,40) size 16x20
            RenderListMarker at (-29,0) size 24x19: "\x{30CF}"
            RenderText {#text} at (0,0) size 16x19
              text run at (0,0) width 16: "\x{30CF}"
          RenderListItem {LI} at (40,60) size 16x20
            RenderListMarker at (-28,0) size 23x19: "\x{30CB}"
            RenderText {#text} at (0,0) size 15x19
              text run at (0,0) width 15: "\x{30CB}"
          RenderListItem {LI} at (40,80) size 16x20
            RenderListMarker at (-28,0) size 23x19: "\x{30DB}"
            RenderText {#text} at (0,0) size 15x19
              text run at (0,0) width 15: "\x{30DB}"
          RenderListItem {LI} at (40,100) size 16x20
            RenderListMarker at (-28,0) size 23x19: "\x{30D8}"
            RenderText {#text} at (0,0) size 15x19
              text run at (0,0) width 15: "\x{30D8}"
          RenderListItem {LI} at (40,120) size 16x20
            RenderListMarker at (-23,0) size 18x19: "\x{30C8}"
            RenderText {#text} at (0,0) size 10x19
              text run at (0,0) width 10: "\x{30C8}"
          RenderListItem {LI} at (40,140) size 16x20
            RenderListMarker at (-28,0) size 23x19: "\x{30C1}"
            RenderText {#text} at (0,0) size 15x19
              text run at (0,0) width 15: "\x{30C1}"
          RenderListItem {LI} at (40,160) size 16x20
            RenderListMarker at (-25,0) size 20x19: "\x{30EA}"
            RenderText {#text} at (0,0) size 12x19
              text run at (0,0) width 12: "\x{30EA}"
          RenderListItem {LI} at (40,180) size 16x20
            RenderListMarker at (-26,0) size 21x19: "\x{30CC}"
            RenderText {#text} at (0,0) size 13x19
              text run at (0,0) width 13: "\x{30CC}"
        RenderBlock (floating) {OL} at (76,334) size 76x200
          RenderListItem {LI} at (40,0) size 16x20
            RenderListMarker at (-29,0) size 24x19: "\x{30EB}"
            RenderText {#text} at (0,0) size 16x19
              text run at (0,0) width 16: "\x{30EB}"
          RenderListItem {LI} at (40,20) size 16x20
            RenderListMarker at (-26,0) size 21x19: "\x{30F2}"
            RenderText {#text} at (0,0) size 13x19
              text run at (0,0) width 13: "\x{30F2}"
          RenderListItem {LI} at (40,40) size 16x20
            RenderListMarker at (-28,0) size 23x19: "\x{30EF}"
            RenderText {#text} at (0,0) size 15x19
              text run at (0,0) width 15: "\x{30EF}"
          RenderListItem {LI} at (40,60) size 16x20
            RenderListMarker at (-26,0) size 21x19: "\x{30AB}"
            RenderText {#text} at (0,0) size 13x19
              text run at (0,0) width 13: "\x{30AB}"
          RenderListItem {LI} at (40,80) size 16x20
            RenderListMarker at (-25,0) size 20x19: "\x{30E8}"
            RenderText {#text} at (0,0) size 12x19
              text run at (0,0) width 12: "\x{30E8}"
          RenderListItem {LI} at (40,100) size 16x20
            RenderListMarker at (-25,0) size 20x19: "\x{30BF}"
            RenderText {#text} at (0,0) size 12x19
              text run at (0,0) width 12: "\x{30BF}"
          RenderListItem {LI} at (40,120) size 16x20
            RenderListMarker at (-27,0) size 22x19: "\x{30EC}"
            RenderText {#text} at (0,0) size 14x19
              text run at (0,0) width 14: "\x{30EC}"
          RenderListItem {LI} at (40,140) size 16x20
            RenderListMarker at (-26,0) size 21x19: "\x{30BD}"
            RenderText {#text} at (0,0) size 13x19
              text run at (0,0) width 13: "\x{30BD}"
          RenderListItem {LI} at (40,160) size 16x20
            RenderListMarker at (-27,0) size 22x19: "\x{30C4}"
            RenderText {#text} at (0,0) size 14x19
              text run at (0,0) width 14: "\x{30C4}"
          RenderListItem {LI} at (40,180) size 16x20
            RenderListMarker at (-28,0) size 23x19: "\x{30CD}"
            RenderText {#text} at (0,0) size 15x19
              text run at (0,0) width 15: "\x{30CD}"
        RenderBlock (floating) {OL} at (152,334) size 76x200
          RenderListItem {LI} at (40,0) size 16x20
            RenderListMarker at (-28,0) size 23x19: "\x{30CA}"
            RenderText {#text} at (0,0) size 15x19
              text run at (0,0) width 15: "\x{30CA}"
          RenderListItem {LI} at (40,20) size 16x20
            RenderListMarker at (-26,0) size 21x19: "\x{30E9}"
            RenderText {#text} at (0,0) size 13x19
              text run at (0,0) width 13: "\x{30E9}"
          RenderListItem {LI} at (40,40) size 16x20
            RenderListMarker at (-29,0) size 24x19: "\x{30E0}"
            RenderText {#text} at (0,0) size 16x19
              text run at (0,0) width 16: "\x{30E0}"
          RenderListItem {LI} at (40,60) size 16x20
            RenderListMarker at (-28,0) size 23x19: "\x{30A6}"
            RenderText {#text} at (0,0) size 15x19
              text run at (0,0) width 15: "\x{30A6}"
          RenderListItem {LI} at (40,80) size 16x20
            RenderListMarker at (-29,0) size 24x19: "\x{30F0}"
            RenderText {#text} at (0,0) size 16x19
              text run at (0,0) width 16: "\x{30F0}"
          RenderListItem {LI} at (40,100) size 16x20
            RenderListMarker at (-24,0) size 19x19: "\x{30CE}"
            RenderText {#text} at (0,0) size 11x19
              text run at (0,0) width 11: "\x{30CE}"
          RenderListItem {LI} at (40,120) size 16x20
            RenderListMarker at (-28,0) size 23x19: "\x{30AA}"
            RenderText {#text} at (0,0) size 15x19
              text run at (0,0) width 15: "\x{30AA}"
          RenderListItem {LI} at (40,140) size 16x20
            RenderListMarker at (-26,0) size 21x19: "\x{30AF}"
            RenderText {#text} at (0,0) size 13x19
              text run at (0,0) width 13: "\x{30AF}"
          RenderListItem {LI} at (40,160) size 16x20
            RenderListMarker at (-29,0) size 24x19: "\x{30E4}"
            RenderText {#text} at (0,0) size 16x19
              text run at (0,0) width 16: "\x{30E4}"
          RenderListItem {LI} at (40,180) size 16x20
            RenderListMarker at (-27,0) size 22x19: "\x{30DE}"
            RenderText {#text} at (0,0) size 14x19
              text run at (0,0) width 14: "\x{30DE}"
        RenderBlock (floating) {OL} at (228,334) size 76x200
          RenderListItem {LI} at (40,0) size 16x20
            RenderListMarker at (-28,0) size 23x19: "\x{30B1}"
            RenderText {#text} at (0,0) size 15x19
              text run at (0,0) width 15: "\x{30B1}"
          RenderListItem {LI} at (40,20) size 16x20
            RenderListMarker at (-26,0) size 21x19: "\x{30D5}"
            RenderText {#text} at (0,0) size 13x19
              text run at (0,0) width 13: "\x{30D5}"
          RenderListItem {LI} at (40,40) size 16x20
            RenderListMarker at (-26,0) size 21x19: "\x{30B3}"
            RenderText {#text} at (0,0) size 13x19
              text run at (0,0) width 13: "\x{30B3}"
          RenderListItem {LI} at (40,60) size 16x20
            RenderListMarker at (-27,0) size 22x19: "\x{30A8}"
            RenderText {#text} at (0,0) size 14x19
              text run at (0,0) width 14: "\x{30A8}"
          RenderListItem {LI} at (40,80) size 16x20
            RenderListMarker at (-27,0) size 22x19: "\x{30C6}"
            RenderText {#text} at (0,0) size 14x19
              text run at (0,0) width 14: "\x{30C6}"
          RenderListItem {LI} at (40,100) size 16x20
            RenderListMarker at (-27,0) size 22x19: "\x{30A2}"
            RenderText {#text} at (0,0) size 14x19
              text run at (0,0) width 14: "\x{30A2}"
          RenderListItem {LI} at (40,120) size 16x20
            RenderListMarker at (-29,0) size 24x19: "\x{30B5}"
            RenderText {#text} at (0,0) size 16x19
              text run at (0,0) width 16: "\x{30B5}"
          RenderListItem {LI} at (40,140) size 16x20
            RenderListMarker at (-28,0) size 23x19: "\x{30AD}"
            RenderText {#text} at (0,0) size 15x19
              text run at (0,0) width 15: "\x{30AD}"
          RenderListItem {LI} at (40,160) size 16x20
            RenderListMarker at (-28,0) size 23x19: "\x{30E6}"
            RenderText {#text} at (0,0) size 15x19
              text run at (0,0) width 15: "\x{30E6}"
          RenderListItem {LI} at (40,180) size 16x20
            RenderListMarker at (-25,0) size 20x19: "\x{30E1}"
            RenderText {#text} at (0,0) size 12x19
              text run at (0,0) width 12: "\x{30E1}"
        RenderBlock (floating) {OL} at (304,334) size 76x140
          RenderListItem {LI} at (40,0) size 16x20
            RenderListMarker at (-24,0) size 19x19: "\x{30DF}"
            RenderText {#text} at (0,0) size 11x19
              text run at (0,0) width 11: "\x{30DF}"
          RenderListItem {LI} at (40,20) size 16x20
            RenderListMarker at (-27,0) size 22x19: "\x{30B7}"
            RenderText {#text} at (0,0) size 14x19
              text run at (0,0) width 14: "\x{30B7}"
          RenderListItem {LI} at (40,40) size 16x20
            RenderListMarker at (-29,0) size 24x19: "\x{30F1}"
            RenderText {#text} at (0,0) size 16x19
              text run at (0,0) width 16: "\x{30F1}"
          RenderListItem {LI} at (40,60) size 16x20
            RenderListMarker at (-25,0) size 20x19: "\x{30D2}"
            RenderText {#text} at (0,0) size 12x19
              text run at (0,0) width 12: "\x{30D2}"
          RenderListItem {LI} at (40,80) size 16x20
            RenderListMarker at (-27,0) size 22x19: "\x{30E2}"
            RenderText {#text} at (0,0) size 14x19
              text run at (0,0) width 14: "\x{30E2}"
          RenderListItem {LI} at (40,100) size 16x20
            RenderListMarker at (-28,0) size 23x19: "\x{30BB}"
            RenderText {#text} at (0,0) size 15x19
              text run at (0,0) width 15: "\x{30BB}"
          RenderListItem {LI} at (40,120) size 16x20
            RenderListMarker at (-27,0) size 22x19: "\x{30B9}"
            RenderText {#text} at (0,0) size 14x19
              text run at (0,0) width 14: "\x{30B9}"
      RenderBlock {DIV} at (0,5185) size 769x259
        RenderBlock {H2} at (0,232) size 769x27
          RenderText {#text} at (0,0) size 95x26
            text run at (0,0) width 95: "katakana"
        RenderBlock (floating) {OL} at (0,294) size 76x240
          RenderListItem {LI} at (40,0) size 16x20
            RenderListMarker at (-27,0) size 22x19: "\x{30A2}"
            RenderText {#text} at (0,0) size 14x19
              text run at (0,0) width 14: "\x{30A2}"
          RenderListItem {LI} at (40,20) size 16x20
            RenderListMarker at (-26,0) size 21x19: "\x{30A4}"
            RenderText {#text} at (0,0) size 13x19
              text run at (0,0) width 13: "\x{30A4}"
          RenderListItem {LI} at (40,40) size 16x20
            RenderListMarker at (-28,0) size 23x19: "\x{30A6}"
            RenderText {#text} at (0,0) size 15x19
              text run at (0,0) width 15: "\x{30A6}"
          RenderListItem {LI} at (40,60) size 16x20
            RenderListMarker at (-27,0) size 22x19: "\x{30A8}"
            RenderText {#text} at (0,0) size 14x19
              text run at (0,0) width 14: "\x{30A8}"
          RenderListItem {LI} at (40,80) size 16x20
            RenderListMarker at (-28,0) size 23x19: "\x{30AA}"
            RenderText {#text} at (0,0) size 15x19
              text run at (0,0) width 15: "\x{30AA}"
          RenderListItem {LI} at (40,100) size 16x20
            RenderListMarker at (-26,0) size 21x19: "\x{30AB}"
            RenderText {#text} at (0,0) size 13x19
              text run at (0,0) width 13: "\x{30AB}"
          RenderListItem {LI} at (40,120) size 16x20
            RenderListMarker at (-28,0) size 23x19: "\x{30AD}"
            RenderText {#text} at (0,0) size 15x19
              text run at (0,0) width 15: "\x{30AD}"
          RenderListItem {LI} at (40,140) size 16x20
            RenderListMarker at (-26,0) size 21x19: "\x{30AF}"
            RenderText {#text} at (0,0) size 13x19
              text run at (0,0) width 13: "\x{30AF}"
          RenderListItem {LI} at (40,160) size 16x20
            RenderListMarker at (-28,0) size 23x19: "\x{30B1}"
            RenderText {#text} at (0,0) size 15x19
              text run at (0,0) width 15: "\x{30B1}"
          RenderListItem {LI} at (40,180) size 16x20
            RenderListMarker at (-26,0) size 21x19: "\x{30B3}"
            RenderText {#text} at (0,0) size 13x19
              text run at (0,0) width 13: "\x{30B3}"
          RenderListItem {LI} at (40,200) size 16x20
            RenderListMarker at (-29,0) size 24x19: "\x{30B5}"
            RenderText {#text} at (0,0) size 16x19
              text run at (0,0) width 16: "\x{30B5}"
          RenderListItem {LI} at (40,220) size 16x20
            RenderListMarker at (-27,0) size 22x19: "\x{30B7}"
            RenderText {#text} at (0,0) size 14x19
              text run at (0,0) width 14: "\x{30B7}"
        RenderBlock (floating) {OL} at (76,294) size 75x240
          RenderListItem {LI} at (40,0) size 15x20
            RenderListMarker at (-27,0) size 22x19: "\x{30B9}"
            RenderText {#text} at (0,0) size 14x19
              text run at (0,0) width 14: "\x{30B9}"
          RenderListItem {LI} at (40,20) size 15x20
            RenderListMarker at (-28,0) size 23x19: "\x{30BB}"
            RenderText {#text} at (0,0) size 15x19
              text run at (0,0) width 15: "\x{30BB}"
          RenderListItem {LI} at (40,40) size 15x20
            RenderListMarker at (-26,0) size 21x19: "\x{30BD}"
            RenderText {#text} at (0,0) size 13x19
              text run at (0,0) width 13: "\x{30BD}"
          RenderListItem {LI} at (40,60) size 15x20
            RenderListMarker at (-25,0) size 20x19: "\x{30BF}"
            RenderText {#text} at (0,0) size 12x19
              text run at (0,0) width 12: "\x{30BF}"
          RenderListItem {LI} at (40,80) size 15x20
            RenderListMarker at (-28,0) size 23x19: "\x{30C1}"
            RenderText {#text} at (0,0) size 15x19
              text run at (0,0) width 15: "\x{30C1}"
          RenderListItem {LI} at (40,100) size 15x20
            RenderListMarker at (-27,0) size 22x19: "\x{30C4}"
            RenderText {#text} at (0,0) size 14x19
              text run at (0,0) width 14: "\x{30C4}"
          RenderListItem {LI} at (40,120) size 15x20
            RenderListMarker at (-27,0) size 22x19: "\x{30C6}"
            RenderText {#text} at (0,0) size 14x19
              text run at (0,0) width 14: "\x{30C6}"
          RenderListItem {LI} at (40,140) size 15x20
            RenderListMarker at (-23,0) size 18x19: "\x{30C8}"
            RenderText {#text} at (0,0) size 10x19
              text run at (0,0) width 10: "\x{30C8}"
          RenderListItem {LI} at (40,160) size 15x20
            RenderListMarker at (-28,0) size 23x19: "\x{30CA}"
            RenderText {#text} at (0,0) size 15x19
              text run at (0,0) width 15: "\x{30CA}"
          RenderListItem {LI} at (40,180) size 15x20
            RenderListMarker at (-28,0) size 23x19: "\x{30CB}"
            RenderText {#text} at (0,0) size 15x19
              text run at (0,0) width 15: "\x{30CB}"
          RenderListItem {LI} at (40,200) size 15x20
            RenderListMarker at (-26,0) size 21x19: "\x{30CC}"
            RenderText {#text} at (0,0) size 13x19
              text run at (0,0) width 13: "\x{30CC}"
          RenderListItem {LI} at (40,220) size 15x20
            RenderListMarker at (-28,0) size 23x19: "\x{30CD}"
            RenderText {#text} at (0,0) size 15x19
              text run at (0,0) width 15: "\x{30CD}"
        RenderBlock (floating) {OL} at (151,294) size 76x240
          RenderListItem {LI} at (40,0) size 16x20
            RenderListMarker at (-24,0) size 19x19: "\x{30CE}"
            RenderText {#text} at (0,0) size 11x19
              text run at (0,0) width 11: "\x{30CE}"
          RenderListItem {LI} at (40,20) size 16x20
            RenderListMarker at (-29,0) size 24x19: "\x{30CF}"
            RenderText {#text} at (0,0) size 16x19
              text run at (0,0) width 16: "\x{30CF}"
          RenderListItem {LI} at (40,40) size 16x20
            RenderListMarker at (-25,0) size 20x19: "\x{30D2}"
            RenderText {#text} at (0,0) size 12x19
              text run at (0,0) width 12: "\x{30D2}"
          RenderListItem {LI} at (40,60) size 16x20
            RenderListMarker at (-26,0) size 21x19: "\x{30D5}"
            RenderText {#text} at (0,0) size 13x19
              text run at (0,0) width 13: "\x{30D5}"
          RenderListItem {LI} at (40,80) size 16x20
            RenderListMarker at (-28,0) size 23x19: "\x{30D8}"
            RenderText {#text} at (0,0) size 15x19
              text run at (0,0) width 15: "\x{30D8}"
          RenderListItem {LI} at (40,100) size 16x20
            RenderListMarker at (-28,0) size 23x19: "\x{30DB}"
            RenderText {#text} at (0,0) size 15x19
              text run at (0,0) width 15: "\x{30DB}"
          RenderListItem {LI} at (40,120) size 16x20
            RenderListMarker at (-27,0) size 22x19: "\x{30DE}"
            RenderText {#text} at (0,0) size 14x19
              text run at (0,0) width 14: "\x{30DE}"
          RenderListItem {LI} at (40,140) size 16x20
            RenderListMarker at (-24,0) size 19x19: "\x{30DF}"
            RenderText {#text} at (0,0) size 11x19
              text run at (0,0) width 11: "\x{30DF}"
          RenderListItem {LI} at (40,160) size 16x20
            RenderListMarker at (-29,0) size 24x19: "\x{30E0}"
            RenderText {#text} at (0,0) size 16x19
              text run at (0,0) width 16: "\x{30E0}"
          RenderListItem {LI} at (40,180) size 16x20
            RenderListMarker at (-25,0) size 20x19: "\x{30E1}"
            RenderText {#text} at (0,0) size 12x19
              text run at (0,0) width 12: "\x{30E1}"
          RenderListItem {LI} at (40,200) size 16x20
            RenderListMarker at (-27,0) size 22x19: "\x{30E2}"
            RenderText {#text} at (0,0) size 14x19
              text run at (0,0) width 14: "\x{30E2}"
          RenderListItem {LI} at (40,220) size 16x20
            RenderListMarker at (-29,0) size 24x19: "\x{30E4}"
            RenderText {#text} at (0,0) size 16x19
              text run at (0,0) width 16: "\x{30E4}"
        RenderBlock (floating) {OL} at (227,294) size 76x240
          RenderListItem {LI} at (40,0) size 16x20
            RenderListMarker at (-28,0) size 23x19: "\x{30E6}"
            RenderText {#text} at (0,0) size 15x19
              text run at (0,0) width 15: "\x{30E6}"
          RenderListItem {LI} at (40,20) size 16x20
            RenderListMarker at (-25,0) size 20x19: "\x{30E8}"
            RenderText {#text} at (0,0) size 12x19
              text run at (0,0) width 12: "\x{30E8}"
          RenderListItem {LI} at (40,40) size 16x20
            RenderListMarker at (-26,0) size 21x19: "\x{30E9}"
            RenderText {#text} at (0,0) size 13x19
              text run at (0,0) width 13: "\x{30E9}"
          RenderListItem {LI} at (40,60) size 16x20
            RenderListMarker at (-25,0) size 20x19: "\x{30EA}"
            RenderText {#text} at (0,0) size 12x19
              text run at (0,0) width 12: "\x{30EA}"
          RenderListItem {LI} at (40,80) size 16x20
            RenderListMarker at (-29,0) size 24x19: "\x{30EB}"
            RenderText {#text} at (0,0) size 16x19
              text run at (0,0) width 16: "\x{30EB}"
          RenderListItem {LI} at (40,100) size 16x20
            RenderListMarker at (-27,0) size 22x19: "\x{30EC}"
            RenderText {#text} at (0,0) size 14x19
              text run at (0,0) width 14: "\x{30EC}"
          RenderListItem {LI} at (40,120) size 16x20
            RenderListMarker at (-27,0) size 22x19: "\x{30ED}"
            RenderText {#text} at (0,0) size 14x19
              text run at (0,0) width 14: "\x{30ED}"
          RenderListItem {LI} at (40,140) size 16x20
            RenderListMarker at (-28,0) size 23x19: "\x{30EF}"
            RenderText {#text} at (0,0) size 15x19
              text run at (0,0) width 15: "\x{30EF}"
          RenderListItem {LI} at (40,160) size 16x20
            RenderListMarker at (-29,0) size 24x19: "\x{30F0}"
            RenderText {#text} at (0,0) size 16x19
              text run at (0,0) width 16: "\x{30F0}"
          RenderListItem {LI} at (40,180) size 16x20
            RenderListMarker at (-29,0) size 24x19: "\x{30F1}"
            RenderText {#text} at (0,0) size 16x19
              text run at (0,0) width 16: "\x{30F1}"
          RenderListItem {LI} at (40,200) size 16x20
            RenderListMarker at (-26,0) size 21x19: "\x{30F2}"
            RenderText {#text} at (0,0) size 13x19
              text run at (0,0) width 13: "\x{30F2}"
          RenderListItem {LI} at (40,220) size 16x20
            RenderListMarker at (-27,0) size 22x19: "\x{30F3}"
            RenderText {#text} at (0,0) size 14x19
              text run at (0,0) width 14: "\x{30F3}"
      RenderBlock {DIV} at (0,5463) size 769x299
        RenderBlock {H2} at (0,272) size 769x27
          RenderText {#text} at (0,0) size 123x26
            text run at (0,0) width 123: "lower-alpha"
        RenderBlock (floating) {OL} at (0,334) size 71x260
          RenderListItem {LI} at (40,0) size 11x20
            RenderListMarker at (-20,0) size 15x19: "a"
            RenderText {#text} at (0,0) size 7x19
              text run at (0,0) width 7: "a"
          RenderListItem {LI} at (40,20) size 11x20
            RenderListMarker at (-21,0) size 16x19: "b"
            RenderText {#text} at (0,0) size 8x19
              text run at (0,0) width 8: "b"
          RenderListItem {LI} at (40,40) size 11x20
            RenderListMarker at (-20,0) size 15x19: "c"
            RenderText {#text} at (0,0) size 7x19
              text run at (0,0) width 7: "c"
          RenderListItem {LI} at (40,60) size 11x20
            RenderListMarker at (-21,0) size 16x19: "d"
            RenderText {#text} at (0,0) size 8x19
              text run at (0,0) width 8: "d"
          RenderListItem {LI} at (40,80) size 11x20
            RenderListMarker at (-20,0) size 15x19: "e"
            RenderText {#text} at (0,0) size 7x19
              text run at (0,0) width 7: "e"
          RenderListItem {LI} at (40,100) size 11x20
            RenderListMarker at (-17,0) size 12x19: "f"
            RenderText {#text} at (0,0) size 4x19
              text run at (0,0) width 4: "f"
          RenderListItem {LI} at (40,120) size 11x20
            RenderListMarker at (-20,0) size 15x19: "g"
            RenderText {#text} at (0,0) size 7x19
              text run at (0,0) width 7: "g"
          RenderListItem {LI} at (40,140) size 11x20
            RenderListMarker at (-20,0) size 15x19: "h"
            RenderText {#text} at (0,0) size 7x19
              text run at (0,0) width 7: "h"
          RenderListItem {LI} at (40,160) size 11x20
            RenderListMarker at (-16,0) size 11x19: "i"
            RenderText {#text} at (0,0) size 3x19
              text run at (0,0) width 3: "i"
          RenderListItem {LI} at (40,180) size 11x20
            RenderListMarker at (-17,0) size 12x19: "j"
            RenderText {#text} at (0,0) size 4x19
              text run at (0,0) width 4: "j"
          RenderListItem {LI} at (40,200) size 11x20
            RenderListMarker at (-21,0) size 16x19: "k"
            RenderText {#text} at (0,0) size 8x19
              text run at (0,0) width 8: "k"
          RenderListItem {LI} at (40,220) size 11x20
            RenderListMarker at (-16,0) size 11x19: "l"
            RenderText {#text} at (0,0) size 3x19
              text run at (0,0) width 3: "l"
          RenderListItem {LI} at (40,240) size 11x20
            RenderListMarker at (-24,0) size 19x19: "m"
            RenderText {#text} at (0,0) size 11x19
              text run at (0,0) width 11: "m"
        RenderBlock (floating) {OL} at (71,334) size 71x260
          RenderListItem {LI} at (40,0) size 11x20
            RenderListMarker at (-20,0) size 15x19: "n"
            RenderText {#text} at (0,0) size 7x19
              text run at (0,0) width 7: "n"
          RenderListItem {LI} at (40,20) size 11x20
            RenderListMarker at (-21,0) size 16x19: "o"
            RenderText {#text} at (0,0) size 8x19
              text run at (0,0) width 8: "o"
          RenderListItem {LI} at (40,40) size 11x20
            RenderListMarker at (-21,0) size 16x19: "p"
            RenderText {#text} at (0,0) size 8x19
              text run at (0,0) width 8: "p"
          RenderListItem {LI} at (40,60) size 11x20
            RenderListMarker at (-21,0) size 16x19: "q"
            RenderText {#text} at (0,0) size 8x19
              text run at (0,0) width 8: "q"
          RenderListItem {LI} at (40,80) size 11x20
            RenderListMarker at (-18,0) size 13x19: "r"
            RenderText {#text} at (0,0) size 5x19
              text run at (0,0) width 5: "r"
          RenderListItem {LI} at (40,100) size 11x20
            RenderListMarker at (-19,0) size 14x19: "s"
            RenderText {#text} at (0,0) size 6x19
              text run at (0,0) width 6: "s"
          RenderListItem {LI} at (40,120) size 11x20
            RenderListMarker at (-17,0) size 12x19: "t"
            RenderText {#text} at (0,0) size 4x19
              text run at (0,0) width 4: "t"
          RenderListItem {LI} at (40,140) size 11x20
            RenderListMarker at (-20,0) size 15x19: "u"
            RenderText {#text} at (0,0) size 7x19
              text run at (0,0) width 7: "u"
          RenderListItem {LI} at (40,160) size 11x20
            RenderListMarker at (-20,0) size 15x19: "v"
            RenderText {#text} at (0,0) size 7x19
              text run at (0,0) width 7: "v"
          RenderListItem {LI} at (40,180) size 11x20
            RenderListMarker at (-24,0) size 19x19: "w"
            RenderText {#text} at (0,0) size 11x19
              text run at (0,0) width 11: "w"
          RenderListItem {LI} at (40,200) size 11x20
            RenderListMarker at (-20,0) size 15x19: "x"
            RenderText {#text} at (0,0) size 7x19
              text run at (0,0) width 7: "x"
          RenderListItem {LI} at (40,220) size 11x20
            RenderListMarker at (-20,0) size 15x19: "y"
            RenderText {#text} at (0,0) size 7x19
              text run at (0,0) width 7: "y"
          RenderListItem {LI} at (40,240) size 11x20
            RenderListMarker at (-19,0) size 14x19: "z"
            RenderText {#text} at (0,0) size 6x19
              text run at (0,0) width 6: "z"
      RenderBlock {DIV} at (0,5781) size 769x319
        RenderBlock {H2} at (0,292) size 769x27
          RenderText {#text} at (0,0) size 113x26
            text run at (0,0) width 113: "lower-latin"
        RenderBlock (floating) {OL} at (0,354) size 71x260
          RenderListItem {LI} at (40,0) size 11x20
            RenderListMarker at (-20,0) size 15x19: "a"
            RenderText {#text} at (0,0) size 7x19
              text run at (0,0) width 7: "a"
          RenderListItem {LI} at (40,20) size 11x20
            RenderListMarker at (-21,0) size 16x19: "b"
            RenderText {#text} at (0,0) size 8x19
              text run at (0,0) width 8: "b"
          RenderListItem {LI} at (40,40) size 11x20
            RenderListMarker at (-20,0) size 15x19: "c"
            RenderText {#text} at (0,0) size 7x19
              text run at (0,0) width 7: "c"
          RenderListItem {LI} at (40,60) size 11x20
            RenderListMarker at (-21,0) size 16x19: "d"
            RenderText {#text} at (0,0) size 8x19
              text run at (0,0) width 8: "d"
          RenderListItem {LI} at (40,80) size 11x20
            RenderListMarker at (-20,0) size 15x19: "e"
            RenderText {#text} at (0,0) size 7x19
              text run at (0,0) width 7: "e"
          RenderListItem {LI} at (40,100) size 11x20
            RenderListMarker at (-17,0) size 12x19: "f"
            RenderText {#text} at (0,0) size 4x19
              text run at (0,0) width 4: "f"
          RenderListItem {LI} at (40,120) size 11x20
            RenderListMarker at (-20,0) size 15x19: "g"
            RenderText {#text} at (0,0) size 7x19
              text run at (0,0) width 7: "g"
          RenderListItem {LI} at (40,140) size 11x20
            RenderListMarker at (-20,0) size 15x19: "h"
            RenderText {#text} at (0,0) size 7x19
              text run at (0,0) width 7: "h"
          RenderListItem {LI} at (40,160) size 11x20
            RenderListMarker at (-16,0) size 11x19: "i"
            RenderText {#text} at (0,0) size 3x19
              text run at (0,0) width 3: "i"
          RenderListItem {LI} at (40,180) size 11x20
            RenderListMarker at (-17,0) size 12x19: "j"
            RenderText {#text} at (0,0) size 4x19
              text run at (0,0) width 4: "j"
          RenderListItem {LI} at (40,200) size 11x20
            RenderListMarker at (-21,0) size 16x19: "k"
            RenderText {#text} at (0,0) size 8x19
              text run at (0,0) width 8: "k"
          RenderListItem {LI} at (40,220) size 11x20
            RenderListMarker at (-16,0) size 11x19: "l"
            RenderText {#text} at (0,0) size 3x19
              text run at (0,0) width 3: "l"
          RenderListItem {LI} at (40,240) size 11x20
            RenderListMarker at (-24,0) size 19x19: "m"
            RenderText {#text} at (0,0) size 11x19
              text run at (0,0) width 11: "m"
        RenderBlock (floating) {OL} at (71,354) size 71x260
          RenderListItem {LI} at (40,0) size 11x20
            RenderListMarker at (-20,0) size 15x19: "n"
            RenderText {#text} at (0,0) size 7x19
              text run at (0,0) width 7: "n"
          RenderListItem {LI} at (40,20) size 11x20
            RenderListMarker at (-21,0) size 16x19: "o"
            RenderText {#text} at (0,0) size 8x19
              text run at (0,0) width 8: "o"
          RenderListItem {LI} at (40,40) size 11x20
            RenderListMarker at (-21,0) size 16x19: "p"
            RenderText {#text} at (0,0) size 8x19
              text run at (0,0) width 8: "p"
          RenderListItem {LI} at (40,60) size 11x20
            RenderListMarker at (-21,0) size 16x19: "q"
            RenderText {#text} at (0,0) size 8x19
              text run at (0,0) width 8: "q"
          RenderListItem {LI} at (40,80) size 11x20
            RenderListMarker at (-18,0) size 13x19: "r"
            RenderText {#text} at (0,0) size 5x19
              text run at (0,0) width 5: "r"
          RenderListItem {LI} at (40,100) size 11x20
            RenderListMarker at (-19,0) size 14x19: "s"
            RenderText {#text} at (0,0) size 6x19
              text run at (0,0) width 6: "s"
          RenderListItem {LI} at (40,120) size 11x20
            RenderListMarker at (-17,0) size 12x19: "t"
            RenderText {#text} at (0,0) size 4x19
              text run at (0,0) width 4: "t"
          RenderListItem {LI} at (40,140) size 11x20
            RenderListMarker at (-20,0) size 15x19: "u"
            RenderText {#text} at (0,0) size 7x19
              text run at (0,0) width 7: "u"
          RenderListItem {LI} at (40,160) size 11x20
            RenderListMarker at (-20,0) size 15x19: "v"
            RenderText {#text} at (0,0) size 7x19
              text run at (0,0) width 7: "v"
          RenderListItem {LI} at (40,180) size 11x20
            RenderListMarker at (-24,0) size 19x19: "w"
            RenderText {#text} at (0,0) size 11x19
              text run at (0,0) width 11: "w"
          RenderListItem {LI} at (40,200) size 11x20
            RenderListMarker at (-20,0) size 15x19: "x"
            RenderText {#text} at (0,0) size 7x19
              text run at (0,0) width 7: "x"
          RenderListItem {LI} at (40,220) size 11x20
            RenderListMarker at (-20,0) size 15x19: "y"
            RenderText {#text} at (0,0) size 7x19
              text run at (0,0) width 7: "y"
          RenderListItem {LI} at (40,240) size 11x20
            RenderListMarker at (-19,0) size 14x19: "z"
            RenderText {#text} at (0,0) size 6x19
              text run at (0,0) width 6: "z"
      RenderBlock {DIV} at (0,6119) size 769x319
        RenderBlock {H2} at (0,292) size 769x27
          RenderText {#text} at (0,0) size 124x26
            text run at (0,0) width 124: "lower-greek"
        RenderBlock (floating) {OL} at (0,354) size 69x240
          RenderListItem {LI} at (40,0) size 9x20
            RenderListMarker at (-21,0) size 16x19: "\x{3B1}"
            RenderText {#text} at (0,0) size 8x19
              text run at (0,0) width 8: "\x{3B1}"
          RenderListItem {LI} at (40,20) size 9x20
            RenderListMarker at (-21,0) size 16x19: "\x{3B2}"
            RenderText {#text} at (0,0) size 8x19
              text run at (0,0) width 8: "\x{3B2}"
          RenderListItem {LI} at (40,40) size 9x20
            RenderListMarker at (-20,0) size 15x19: "\x{3B3}"
            RenderText {#text} at (0,0) size 7x19
              text run at (0,0) width 7: "\x{3B3}"
          RenderListItem {LI} at (40,60) size 9x20
            RenderListMarker at (-21,0) size 16x19: "\x{3B4}"
            RenderText {#text} at (0,0) size 8x19
              text run at (0,0) width 8: "\x{3B4}"
          RenderListItem {LI} at (40,80) size 9x20
            RenderListMarker at (-20,0) size 15x19: "\x{3B5}"
            RenderText {#text} at (0,0) size 7x19
              text run at (0,0) width 7: "\x{3B5}"
          RenderListItem {LI} at (40,100) size 9x20
            RenderListMarker at (-20,0) size 15x19: "\x{3B6}"
            RenderText {#text} at (0,0) size 7x19
              text run at (0,0) width 7: "\x{3B6}"
          RenderListItem {LI} at (40,120) size 9x20
            RenderListMarker at (-21,0) size 16x19: "\x{3B7}"
            RenderText {#text} at (0,0) size 8x19
              text run at (0,0) width 8: "\x{3B7}"
          RenderListItem {LI} at (40,140) size 9x20
            RenderListMarker at (-21,0) size 16x19: "\x{3B8}"
            RenderText {#text} at (0,0) size 8x19
              text run at (0,0) width 8: "\x{3B8}"
          RenderListItem {LI} at (40,160) size 9x20
            RenderListMarker at (-17,0) size 12x19: "\x{3B9}"
            RenderText {#text} at (0,0) size 4x19
              text run at (0,0) width 4: "\x{3B9}"
          RenderListItem {LI} at (40,180) size 9x20
            RenderListMarker at (-21,0) size 16x19: "\x{3BA}"
            RenderText {#text} at (0,0) size 8x19
              text run at (0,0) width 8: "\x{3BA}"
          RenderListItem {LI} at (40,200) size 9x20
            RenderListMarker at (-21,0) size 16x19: "\x{3BB}"
            RenderText {#text} at (0,0) size 8x19
              text run at (0,0) width 8: "\x{3BB}"
          RenderListItem {LI} at (40,220) size 9x20
            RenderListMarker at (-22,0) size 17x19: "\x{3BC}"
            RenderText {#text} at (0,0) size 9x19
              text run at (0,0) width 9: "\x{3BC}"
        RenderBlock (floating) {OL} at (69,354) size 71x240
          RenderListItem {LI} at (40,0) size 11x20
            RenderListMarker at (-20,0) size 15x19: "\x{3BD}"
            RenderText {#text} at (0,0) size 7x19
              text run at (0,0) width 7: "\x{3BD}"
          RenderListItem {LI} at (40,20) size 11x20
            RenderListMarker at (-20,0) size 15x19: "\x{3BE}"
            RenderText {#text} at (0,0) size 7x19
              text run at (0,0) width 7: "\x{3BE}"
          RenderListItem {LI} at (40,40) size 11x20
            RenderListMarker at (-21,0) size 16x19: "\x{3BF}"
            RenderText {#text} at (0,0) size 8x19
              text run at (0,0) width 8: "\x{3BF}"
          RenderListItem {LI} at (40,60) size 11x20
            RenderListMarker at (-21,0) size 16x19: "\x{3C0}"
            RenderText {#text} at (0,0) size 8x19
              text run at (0,0) width 8: "\x{3C0}"
          RenderListItem {LI} at (40,80) size 11x20
            RenderListMarker at (-21,0) size 16x19: "\x{3C1}"
            RenderText {#text} at (0,0) size 8x19
              text run at (0,0) width 8: "\x{3C1}"
          RenderListItem {LI} at (40,100) size 11x20
            RenderListMarker at (-22,0) size 17x19: "\x{3C3}"
            RenderText {#text} at (0,0) size 9x19
              text run at (0,0) width 9: "\x{3C3}"
          RenderListItem {LI} at (40,120) size 11x20
            RenderListMarker at (-19,0) size 14x19: "\x{3C4}"
            RenderText {#text} at (0,0) size 6x19
              text run at (0,0) width 6: "\x{3C4}"
          RenderListItem {LI} at (40,140) size 11x20
            RenderListMarker at (-21,0) size 16x19: "\x{3C5}"
            RenderText {#text} at (0,0) size 8x19
              text run at (0,0) width 8: "\x{3C5}"
          RenderListItem {LI} at (40,160) size 11x20
            RenderListMarker at (-22,0) size 17x19: "\x{3C6}"
            RenderText {#text} at (0,0) size 9x19
              text run at (0,0) width 9: "\x{3C6}"
          RenderListItem {LI} at (40,180) size 11x20
            RenderListMarker at (-20,0) size 15x19: "\x{3C7}"
            RenderText {#text} at (0,0) size 7x19
              text run at (0,0) width 7: "\x{3C7}"
          RenderListItem {LI} at (40,200) size 11x20
            RenderListMarker at (-23,0) size 18x19: "\x{3C8}"
            RenderText {#text} at (0,0) size 10x19
              text run at (0,0) width 10: "\x{3C8}"
          RenderListItem {LI} at (40,220) size 11x20
            RenderListMarker at (-24,0) size 19x19: "\x{3C9}"
            RenderText {#text} at (0,0) size 11x19
              text run at (0,0) width 11: "\x{3C9}"
      RenderBlock {DIV} at (0,6457) size 769x299
        RenderBlock {H2} at (0,272) size 769x27
          RenderText {#text} at (0,0) size 174x26
            text run at (0,0) width 174: "lower-norwegian"
        RenderBlock (floating) {OL} at (0,334) size 68x240
          RenderListItem {LI} at (40,0) size 8x20
            RenderListMarker at (-20,0) size 15x19: "a"
            RenderText {#text} at (0,0) size 7x19
              text run at (0,0) width 7: "a"
          RenderListItem {LI} at (40,20) size 8x20
            RenderListMarker at (-21,0) size 16x19: "b"
            RenderText {#text} at (0,0) size 8x19
              text run at (0,0) width 8: "b"
          RenderListItem {LI} at (40,40) size 8x20
            RenderListMarker at (-20,0) size 15x19: "c"
            RenderText {#text} at (0,0) size 7x19
              text run at (0,0) width 7: "c"
          RenderListItem {LI} at (40,60) size 8x20
            RenderListMarker at (-21,0) size 16x19: "d"
            RenderText {#text} at (0,0) size 8x19
              text run at (0,0) width 8: "d"
          RenderListItem {LI} at (40,80) size 8x20
            RenderListMarker at (-20,0) size 15x19: "e"
            RenderText {#text} at (0,0) size 7x19
              text run at (0,0) width 7: "e"
          RenderListItem {LI} at (40,100) size 8x20
            RenderListMarker at (-17,0) size 12x19: "f"
            RenderText {#text} at (0,0) size 4x19
              text run at (0,0) width 4: "f"
          RenderListItem {LI} at (40,120) size 8x20
            RenderListMarker at (-20,0) size 15x19: "g"
            RenderText {#text} at (0,0) size 7x19
              text run at (0,0) width 7: "g"
          RenderListItem {LI} at (40,140) size 8x20
            RenderListMarker at (-20,0) size 15x19: "h"
            RenderText {#text} at (0,0) size 7x19
              text run at (0,0) width 7: "h"
          RenderListItem {LI} at (40,160) size 8x20
            RenderListMarker at (-16,0) size 11x19: "i"
            RenderText {#text} at (0,0) size 3x19
              text run at (0,0) width 3: "i"
          RenderListItem {LI} at (40,180) size 8x20
            RenderListMarker at (-17,0) size 12x19: "j"
            RenderText {#text} at (0,0) size 4x19
              text run at (0,0) width 4: "j"
          RenderListItem {LI} at (40,200) size 8x20
            RenderListMarker at (-21,0) size 16x19: "k"
            RenderText {#text} at (0,0) size 8x19
              text run at (0,0) width 8: "k"
          RenderListItem {LI} at (40,220) size 8x20
            RenderListMarker at (-16,0) size 11x19: "l"
            RenderText {#text} at (0,0) size 3x19
              text run at (0,0) width 3: "l"
        RenderBlock (floating) {OL} at (68,334) size 71x240
          RenderListItem {LI} at (40,0) size 11x20
            RenderListMarker at (-24,0) size 19x19: "m"
            RenderText {#text} at (0,0) size 11x19
              text run at (0,0) width 11: "m"
          RenderListItem {LI} at (40,20) size 11x20
            RenderListMarker at (-20,0) size 15x19: "n"
            RenderText {#text} at (0,0) size 7x19
              text run at (0,0) width 7: "n"
          RenderListItem {LI} at (40,40) size 11x20
            RenderListMarker at (-21,0) size 16x19: "o"
            RenderText {#text} at (0,0) size 8x19
              text run at (0,0) width 8: "o"
          RenderListItem {LI} at (40,60) size 11x20
            RenderListMarker at (-21,0) size 16x19: "p"
            RenderText {#text} at (0,0) size 8x19
              text run at (0,0) width 8: "p"
          RenderListItem {LI} at (40,80) size 11x20
            RenderListMarker at (-21,0) size 16x19: "q"
            RenderText {#text} at (0,0) size 8x19
              text run at (0,0) width 8: "q"
          RenderListItem {LI} at (40,100) size 11x20
            RenderListMarker at (-18,0) size 13x19: "r"
            RenderText {#text} at (0,0) size 5x19
              text run at (0,0) width 5: "r"
          RenderListItem {LI} at (40,120) size 11x20
            RenderListMarker at (-19,0) size 14x19: "s"
            RenderText {#text} at (0,0) size 6x19
              text run at (0,0) width 6: "s"
          RenderListItem {LI} at (40,140) size 11x20
            RenderListMarker at (-17,0) size 12x19: "t"
            RenderText {#text} at (0,0) size 4x19
              text run at (0,0) width 4: "t"
          RenderListItem {LI} at (40,160) size 11x20
            RenderListMarker at (-20,0) size 15x19: "u"
            RenderText {#text} at (0,0) size 7x19
              text run at (0,0) width 7: "u"
          RenderListItem {LI} at (40,180) size 11x20
            RenderListMarker at (-20,0) size 15x19: "v"
            RenderText {#text} at (0,0) size 7x19
              text run at (0,0) width 7: "v"
          RenderListItem {LI} at (40,200) size 11x20
            RenderListMarker at (-24,0) size 19x19: "w"
            RenderText {#text} at (0,0) size 11x19
              text run at (0,0) width 11: "w"
          RenderListItem {LI} at (40,220) size 11x20
            RenderListMarker at (-20,0) size 15x19: "x"
            RenderText {#text} at (0,0) size 7x19
              text run at (0,0) width 7: "x"
        RenderBlock (floating) {OL} at (139,334) size 71x100
          RenderListItem {LI} at (40,0) size 11x20
            RenderListMarker at (-20,0) size 15x19: "y"
            RenderText {#text} at (0,0) size 7x19
              text run at (0,0) width 7: "y"
          RenderListItem {LI} at (40,20) size 11x20
            RenderListMarker at (-19,0) size 14x19: "z"
            RenderText {#text} at (0,0) size 6x19
              text run at (0,0) width 6: "z"
          RenderListItem {LI} at (40,40) size 11x20
            RenderListMarker at (-24,0) size 19x19: "\x{E6}"
            RenderText {#text} at (0,0) size 11x19
              text run at (0,0) width 11: "\x{E6}"
          RenderListItem {LI} at (40,60) size 11x20
            RenderListMarker at (-21,0) size 16x19: "\x{F8}"
            RenderText {#text} at (0,0) size 8x19
              text run at (0,0) width 8: "\x{F8}"
          RenderListItem {LI} at (40,80) size 11x20
            RenderListMarker at (-20,0) size 15x19: "\x{E5}"
            RenderText {#text} at (0,0) size 7x19
              text run at (0,0) width 7: "\x{E5}"
      RenderBlock {DIV} at (0,6775) size 769x299
        RenderBlock {H2} at (0,272) size 769x27
          RenderText {#text} at (0,0) size 66x26
            text run at (0,0) width 66: "oromo"
        RenderBlock (floating) {OL} at (0,334) size 72x200
          RenderListItem {LI} at (40,0) size 12x20
            RenderListMarker at (-33,0) size 28x19: "\x{1200}"
            RenderText {#text} at (0,0) size 12x19
              text run at (0,0) width 12: "\x{1200}"
          RenderListItem {LI} at (40,20) size 12x20
            RenderListMarker at (-33,0) size 28x19: "\x{1208}"
            RenderText {#text} at (0,0) size 12x19
              text run at (0,0) width 12: "\x{1208}"
          RenderListItem {LI} at (40,40) size 12x20
            RenderListMarker at (-33,0) size 28x19: "\x{1218}"
            RenderText {#text} at (0,0) size 12x19
              text run at (0,0) width 12: "\x{1218}"
          RenderListItem {LI} at (40,60) size 12x20
            RenderListMarker at (-33,0) size 28x19: "\x{1228}"
            RenderText {#text} at (0,0) size 12x19
              text run at (0,0) width 12: "\x{1228}"
          RenderListItem {LI} at (40,80) size 12x20
            RenderListMarker at (-33,0) size 28x19: "\x{1230}"
            RenderText {#text} at (0,0) size 12x19
              text run at (0,0) width 12: "\x{1230}"
          RenderListItem {LI} at (40,100) size 12x20
            RenderListMarker at (-33,0) size 28x19: "\x{1238}"
            RenderText {#text} at (0,0) size 12x19
              text run at (0,0) width 12: "\x{1238}"
          RenderListItem {LI} at (40,120) size 12x20
            RenderListMarker at (-33,0) size 28x19: "\x{1240}"
            RenderText {#text} at (0,0) size 12x19
              text run at (0,0) width 12: "\x{1240}"
          RenderListItem {LI} at (40,140) size 12x20
            RenderListMarker at (-33,0) size 28x19: "\x{1260}"
            RenderText {#text} at (0,0) size 12x19
              text run at (0,0) width 12: "\x{1260}"
          RenderListItem {LI} at (40,160) size 12x20
            RenderListMarker at (-33,0) size 28x19: "\x{1270}"
            RenderText {#text} at (0,0) size 12x19
              text run at (0,0) width 12: "\x{1270}"
          RenderListItem {LI} at (40,180) size 12x20
            RenderListMarker at (-33,0) size 28x19: "\x{1278}"
            RenderText {#text} at (0,0) size 12x19
              text run at (0,0) width 12: "\x{1278}"
        RenderBlock (floating) {OL} at (72,334) size 72x200
          RenderListItem {LI} at (40,0) size 12x20
            RenderListMarker at (-33,0) size 28x19: "\x{1290}"
            RenderText {#text} at (0,0) size 12x19
              text run at (0,0) width 12: "\x{1290}"
          RenderListItem {LI} at (40,20) size 12x20
            RenderListMarker at (-33,0) size 28x19: "\x{1298}"
            RenderText {#text} at (0,0) size 12x19
              text run at (0,0) width 12: "\x{1298}"
          RenderListItem {LI} at (40,40) size 12x20
            RenderListMarker at (-33,0) size 28x19: "\x{12A0}"
            RenderText {#text} at (0,0) size 12x19
              text run at (0,0) width 12: "\x{12A0}"
          RenderListItem {LI} at (40,60) size 12x20
            RenderListMarker at (-33,0) size 28x19: "\x{12A8}"
            RenderText {#text} at (0,0) size 12x19
              text run at (0,0) width 12: "\x{12A8}"
          RenderListItem {LI} at (40,80) size 12x20
            RenderListMarker at (-33,0) size 28x19: "\x{12C8}"
            RenderText {#text} at (0,0) size 12x19
              text run at (0,0) width 12: "\x{12C8}"
          RenderListItem {LI} at (40,100) size 12x20
            RenderListMarker at (-33,0) size 28x19: "\x{12E8}"
            RenderText {#text} at (0,0) size 12x19
              text run at (0,0) width 12: "\x{12E8}"
          RenderListItem {LI} at (40,120) size 12x20
            RenderListMarker at (-33,0) size 28x19: "\x{12F0}"
            RenderText {#text} at (0,0) size 12x19
              text run at (0,0) width 12: "\x{12F0}"
          RenderListItem {LI} at (40,140) size 12x20
            RenderListMarker at (-33,0) size 28x19: "\x{12F8}"
            RenderText {#text} at (0,0) size 12x19
              text run at (0,0) width 12: "\x{12F8}"
          RenderListItem {LI} at (40,160) size 12x20
            RenderListMarker at (-33,0) size 28x19: "\x{1300}"
            RenderText {#text} at (0,0) size 12x19
              text run at (0,0) width 12: "\x{1300}"
          RenderListItem {LI} at (40,180) size 12x20
            RenderListMarker at (-33,0) size 28x19: "\x{1308}"
            RenderText {#text} at (0,0) size 12x19
              text run at (0,0) width 12: "\x{1308}"
        RenderBlock (floating) {OL} at (144,334) size 72x100
          RenderListItem {LI} at (40,0) size 12x20
            RenderListMarker at (-33,0) size 28x19: "\x{1320}"
            RenderText {#text} at (0,0) size 12x19
              text run at (0,0) width 12: "\x{1320}"
          RenderListItem {LI} at (40,20) size 12x20
            RenderListMarker at (-33,0) size 28x19: "\x{1328}"
            RenderText {#text} at (0,0) size 12x19
              text run at (0,0) width 12: "\x{1328}"
          RenderListItem {LI} at (40,40) size 12x20
            RenderListMarker at (-33,0) size 28x19: "\x{1338}"
            RenderText {#text} at (0,0) size 12x19
              text run at (0,0) width 12: "\x{1338}"
          RenderListItem {LI} at (40,60) size 12x20
            RenderListMarker at (-33,0) size 28x19: "\x{1330}"
            RenderText {#text} at (0,0) size 12x19
              text run at (0,0) width 12: "\x{1330}"
          RenderListItem {LI} at (40,80) size 12x20
            RenderListMarker at (-33,0) size 28x19: "\x{1348}"
            RenderText {#text} at (0,0) size 12x19
              text run at (0,0) width 12: "\x{1348}"
      RenderBlock {DIV} at (0,7093) size 769x259
        RenderBlock {H2} at (0,232) size 769x27
          RenderText {#text} at (0,0) size 254x26
            text run at (0,0) width 254: "ethiopic-halehame-om-et"
        RenderBlock (floating) {OL} at (0,294) size 72x200
          RenderListItem {LI} at (40,0) size 12x20
            RenderListMarker at (-33,0) size 28x19: "\x{1200}"
            RenderText {#text} at (0,0) size 12x19
              text run at (0,0) width 12: "\x{1200}"
          RenderListItem {LI} at (40,20) size 12x20
            RenderListMarker at (-33,0) size 28x19: "\x{1208}"
            RenderText {#text} at (0,0) size 12x19
              text run at (0,0) width 12: "\x{1208}"
          RenderListItem {LI} at (40,40) size 12x20
            RenderListMarker at (-33,0) size 28x19: "\x{1218}"
            RenderText {#text} at (0,0) size 12x19
              text run at (0,0) width 12: "\x{1218}"
          RenderListItem {LI} at (40,60) size 12x20
            RenderListMarker at (-33,0) size 28x19: "\x{1228}"
            RenderText {#text} at (0,0) size 12x19
              text run at (0,0) width 12: "\x{1228}"
          RenderListItem {LI} at (40,80) size 12x20
            RenderListMarker at (-33,0) size 28x19: "\x{1230}"
            RenderText {#text} at (0,0) size 12x19
              text run at (0,0) width 12: "\x{1230}"
          RenderListItem {LI} at (40,100) size 12x20
            RenderListMarker at (-33,0) size 28x19: "\x{1238}"
            RenderText {#text} at (0,0) size 12x19
              text run at (0,0) width 12: "\x{1238}"
          RenderListItem {LI} at (40,120) size 12x20
            RenderListMarker at (-33,0) size 28x19: "\x{1240}"
            RenderText {#text} at (0,0) size 12x19
              text run at (0,0) width 12: "\x{1240}"
          RenderListItem {LI} at (40,140) size 12x20
            RenderListMarker at (-33,0) size 28x19: "\x{1260}"
            RenderText {#text} at (0,0) size 12x19
              text run at (0,0) width 12: "\x{1260}"
          RenderListItem {LI} at (40,160) size 12x20
            RenderListMarker at (-33,0) size 28x19: "\x{1270}"
            RenderText {#text} at (0,0) size 12x19
              text run at (0,0) width 12: "\x{1270}"
          RenderListItem {LI} at (40,180) size 12x20
            RenderListMarker at (-33,0) size 28x19: "\x{1278}"
            RenderText {#text} at (0,0) size 12x19
              text run at (0,0) width 12: "\x{1278}"
        RenderBlock (floating) {OL} at (72,294) size 72x200
          RenderListItem {LI} at (40,0) size 12x20
            RenderListMarker at (-33,0) size 28x19: "\x{1290}"
            RenderText {#text} at (0,0) size 12x19
              text run at (0,0) width 12: "\x{1290}"
          RenderListItem {LI} at (40,20) size 12x20
            RenderListMarker at (-33,0) size 28x19: "\x{1298}"
            RenderText {#text} at (0,0) size 12x19
              text run at (0,0) width 12: "\x{1298}"
          RenderListItem {LI} at (40,40) size 12x20
            RenderListMarker at (-33,0) size 28x19: "\x{12A0}"
            RenderText {#text} at (0,0) size 12x19
              text run at (0,0) width 12: "\x{12A0}"
          RenderListItem {LI} at (40,60) size 12x20
            RenderListMarker at (-33,0) size 28x19: "\x{12A8}"
            RenderText {#text} at (0,0) size 12x19
              text run at (0,0) width 12: "\x{12A8}"
          RenderListItem {LI} at (40,80) size 12x20
            RenderListMarker at (-33,0) size 28x19: "\x{12C8}"
            RenderText {#text} at (0,0) size 12x19
              text run at (0,0) width 12: "\x{12C8}"
          RenderListItem {LI} at (40,100) size 12x20
            RenderListMarker at (-33,0) size 28x19: "\x{12E8}"
            RenderText {#text} at (0,0) size 12x19
              text run at (0,0) width 12: "\x{12E8}"
          RenderListItem {LI} at (40,120) size 12x20
            RenderListMarker at (-33,0) size 28x19: "\x{12F0}"
            RenderText {#text} at (0,0) size 12x19
              text run at (0,0) width 12: "\x{12F0}"
          RenderListItem {LI} at (40,140) size 12x20
            RenderListMarker at (-33,0) size 28x19: "\x{12F8}"
            RenderText {#text} at (0,0) size 12x19
              text run at (0,0) width 12: "\x{12F8}"
          RenderListItem {LI} at (40,160) size 12x20
            RenderListMarker at (-33,0) size 28x19: "\x{1300}"
            RenderText {#text} at (0,0) size 12x19
              text run at (0,0) width 12: "\x{1300}"
          RenderListItem {LI} at (40,180) size 12x20
            RenderListMarker at (-33,0) size 28x19: "\x{1308}"
            RenderText {#text} at (0,0) size 12x19
              text run at (0,0) width 12: "\x{1308}"
        RenderBlock (floating) {OL} at (144,294) size 72x100
          RenderListItem {LI} at (40,0) size 12x20
            RenderListMarker at (-33,0) size 28x19: "\x{1320}"
            RenderText {#text} at (0,0) size 12x19
              text run at (0,0) width 12: "\x{1320}"
          RenderListItem {LI} at (40,20) size 12x20
            RenderListMarker at (-33,0) size 28x19: "\x{1328}"
            RenderText {#text} at (0,0) size 12x19
              text run at (0,0) width 12: "\x{1328}"
          RenderListItem {LI} at (40,40) size 12x20
            RenderListMarker at (-33,0) size 28x19: "\x{1338}"
            RenderText {#text} at (0,0) size 12x19
              text run at (0,0) width 12: "\x{1338}"
          RenderListItem {LI} at (40,60) size 12x20
            RenderListMarker at (-33,0) size 28x19: "\x{1330}"
            RenderText {#text} at (0,0) size 12x19
              text run at (0,0) width 12: "\x{1330}"
          RenderListItem {LI} at (40,80) size 12x20
            RenderListMarker at (-33,0) size 28x19: "\x{1348}"
            RenderText {#text} at (0,0) size 12x19
              text run at (0,0) width 12: "\x{1348}"
      RenderBlock {DIV} at (0,7371) size 769x259
        RenderBlock {H2} at (0,232) size 769x27
          RenderText {#text} at (0,0) size 72x26
            text run at (0,0) width 72: "sidama"
        RenderBlock (floating) {OL} at (0,294) size 72x260
          RenderListItem {LI} at (40,0) size 12x20
            RenderListMarker at (-33,0) size 28x19: "\x{1200}"
            RenderText {#text} at (0,0) size 12x19
              text run at (0,0) width 12: "\x{1200}"
          RenderListItem {LI} at (40,20) size 12x20
            RenderListMarker at (-33,0) size 28x19: "\x{1208}"
            RenderText {#text} at (0,0) size 12x19
              text run at (0,0) width 12: "\x{1208}"
          RenderListItem {LI} at (40,40) size 12x20
            RenderListMarker at (-33,0) size 28x19: "\x{1210}"
            RenderText {#text} at (0,0) size 12x19
              text run at (0,0) width 12: "\x{1210}"
          RenderListItem {LI} at (40,60) size 12x20
            RenderListMarker at (-33,0) size 28x19: "\x{1218}"
            RenderText {#text} at (0,0) size 12x19
              text run at (0,0) width 12: "\x{1218}"
          RenderListItem {LI} at (40,80) size 12x20
            RenderListMarker at (-33,0) size 28x19: "\x{1228}"
            RenderText {#text} at (0,0) size 12x19
              text run at (0,0) width 12: "\x{1228}"
          RenderListItem {LI} at (40,100) size 12x20
            RenderListMarker at (-33,0) size 28x19: "\x{1230}"
            RenderText {#text} at (0,0) size 12x19
              text run at (0,0) width 12: "\x{1230}"
          RenderListItem {LI} at (40,120) size 12x20
            RenderListMarker at (-33,0) size 28x19: "\x{1238}"
            RenderText {#text} at (0,0) size 12x19
              text run at (0,0) width 12: "\x{1238}"
          RenderListItem {LI} at (40,140) size 12x20
            RenderListMarker at (-33,0) size 28x19: "\x{1240}"
            RenderText {#text} at (0,0) size 12x19
              text run at (0,0) width 12: "\x{1240}"
          RenderListItem {LI} at (40,160) size 12x20
            RenderListMarker at (-33,0) size 28x19: "\x{1260}"
            RenderText {#text} at (0,0) size 12x19
              text run at (0,0) width 12: "\x{1260}"
          RenderListItem {LI} at (40,180) size 12x20
            RenderListMarker at (-33,0) size 28x19: "\x{1270}"
            RenderText {#text} at (0,0) size 12x19
              text run at (0,0) width 12: "\x{1270}"
          RenderListItem {LI} at (40,200) size 12x20
            RenderListMarker at (-33,0) size 28x19: "\x{1278}"
            RenderText {#text} at (0,0) size 12x19
              text run at (0,0) width 12: "\x{1278}"
          RenderListItem {LI} at (40,220) size 12x20
            RenderListMarker at (-33,0) size 28x19: "\x{1290}"
            RenderText {#text} at (0,0) size 12x19
              text run at (0,0) width 12: "\x{1290}"
          RenderListItem {LI} at (40,240) size 12x20
            RenderListMarker at (-33,0) size 28x19: "\x{1298}"
            RenderText {#text} at (0,0) size 12x19
              text run at (0,0) width 12: "\x{1298}"
        RenderBlock (floating) {OL} at (72,294) size 72x260
          RenderListItem {LI} at (40,0) size 12x20
            RenderListMarker at (-33,0) size 28x19: "\x{12A0}"
            RenderText {#text} at (0,0) size 12x19
              text run at (0,0) width 12: "\x{12A0}"
          RenderListItem {LI} at (40,20) size 12x20
            RenderListMarker at (-33,0) size 28x19: "\x{12A8}"
            RenderText {#text} at (0,0) size 12x19
              text run at (0,0) width 12: "\x{12A8}"
          RenderListItem {LI} at (40,40) size 12x20
            RenderListMarker at (-33,0) size 28x19: "\x{12C8}"
            RenderText {#text} at (0,0) size 12x19
              text run at (0,0) width 12: "\x{12C8}"
          RenderListItem {LI} at (40,60) size 12x20
            RenderListMarker at (-33,0) size 28x19: "\x{12E8}"
            RenderText {#text} at (0,0) size 12x19
              text run at (0,0) width 12: "\x{12E8}"
          RenderListItem {LI} at (40,80) size 12x20
            RenderListMarker at (-33,0) size 28x19: "\x{12F0}"
            RenderText {#text} at (0,0) size 12x19
              text run at (0,0) width 12: "\x{12F0}"
          RenderListItem {LI} at (40,100) size 12x20
            RenderListMarker at (-33,0) size 28x19: "\x{12F8}"
            RenderText {#text} at (0,0) size 12x19
              text run at (0,0) width 12: "\x{12F8}"
          RenderListItem {LI} at (40,120) size 12x20
            RenderListMarker at (-33,0) size 28x19: "\x{1300}"
            RenderText {#text} at (0,0) size 12x19
              text run at (0,0) width 12: "\x{1300}"
          RenderListItem {LI} at (40,140) size 12x20
            RenderListMarker at (-33,0) size 28x19: "\x{1308}"
            RenderText {#text} at (0,0) size 12x19
              text run at (0,0) width 12: "\x{1308}"
          RenderListItem {LI} at (40,160) size 12x20
            RenderListMarker at (-33,0) size 28x19: "\x{1320}"
            RenderText {#text} at (0,0) size 12x19
              text run at (0,0) width 12: "\x{1320}"
          RenderListItem {LI} at (40,180) size 12x20
            RenderListMarker at (-33,0) size 28x19: "\x{1328}"
            RenderText {#text} at (0,0) size 12x19
              text run at (0,0) width 12: "\x{1328}"
          RenderListItem {LI} at (40,200) size 12x20
            RenderListMarker at (-33,0) size 28x19: "\x{1338}"
            RenderText {#text} at (0,0) size 12x19
              text run at (0,0) width 12: "\x{1338}"
          RenderListItem {LI} at (40,220) size 12x20
            RenderListMarker at (-33,0) size 28x19: "\x{1330}"
            RenderText {#text} at (0,0) size 12x19
              text run at (0,0) width 12: "\x{1330}"
          RenderListItem {LI} at (40,240) size 12x20
            RenderListMarker at (-33,0) size 28x19: "\x{1348}"
            RenderText {#text} at (0,0) size 12x19
              text run at (0,0) width 12: "\x{1348}"
      RenderBlock {DIV} at (0,7649) size 769x319
        RenderBlock {H2} at (0,292) size 769x27
          RenderText {#text} at (0,0) size 252x26
            text run at (0,0) width 252: "ethiopic-halehame-sid-et"
        RenderBlock (floating) {OL} at (0,354) size 72x260
          RenderListItem {LI} at (40,0) size 12x20
            RenderListMarker at (-33,0) size 28x19: "\x{1200}"
            RenderText {#text} at (0,0) size 12x19
              text run at (0,0) width 12: "\x{1200}"
          RenderListItem {LI} at (40,20) size 12x20
            RenderListMarker at (-33,0) size 28x19: "\x{1208}"
            RenderText {#text} at (0,0) size 12x19
              text run at (0,0) width 12: "\x{1208}"
          RenderListItem {LI} at (40,40) size 12x20
            RenderListMarker at (-33,0) size 28x19: "\x{1210}"
            RenderText {#text} at (0,0) size 12x19
              text run at (0,0) width 12: "\x{1210}"
          RenderListItem {LI} at (40,60) size 12x20
            RenderListMarker at (-33,0) size 28x19: "\x{1218}"
            RenderText {#text} at (0,0) size 12x19
              text run at (0,0) width 12: "\x{1218}"
          RenderListItem {LI} at (40,80) size 12x20
            RenderListMarker at (-33,0) size 28x19: "\x{1228}"
            RenderText {#text} at (0,0) size 12x19
              text run at (0,0) width 12: "\x{1228}"
          RenderListItem {LI} at (40,100) size 12x20
            RenderListMarker at (-33,0) size 28x19: "\x{1230}"
            RenderText {#text} at (0,0) size 12x19
              text run at (0,0) width 12: "\x{1230}"
          RenderListItem {LI} at (40,120) size 12x20
            RenderListMarker at (-33,0) size 28x19: "\x{1238}"
            RenderText {#text} at (0,0) size 12x19
              text run at (0,0) width 12: "\x{1238}"
          RenderListItem {LI} at (40,140) size 12x20
            RenderListMarker at (-33,0) size 28x19: "\x{1240}"
            RenderText {#text} at (0,0) size 12x19
              text run at (0,0) width 12: "\x{1240}"
          RenderListItem {LI} at (40,160) size 12x20
            RenderListMarker at (-33,0) size 28x19: "\x{1260}"
            RenderText {#text} at (0,0) size 12x19
              text run at (0,0) width 12: "\x{1260}"
          RenderListItem {LI} at (40,180) size 12x20
            RenderListMarker at (-33,0) size 28x19: "\x{1270}"
            RenderText {#text} at (0,0) size 12x19
              text run at (0,0) width 12: "\x{1270}"
          RenderListItem {LI} at (40,200) size 12x20
            RenderListMarker at (-33,0) size 28x19: "\x{1278}"
            RenderText {#text} at (0,0) size 12x19
              text run at (0,0) width 12: "\x{1278}"
          RenderListItem {LI} at (40,220) size 12x20
            RenderListMarker at (-33,0) size 28x19: "\x{1290}"
            RenderText {#text} at (0,0) size 12x19
              text run at (0,0) width 12: "\x{1290}"
          RenderListItem {LI} at (40,240) size 12x20
            RenderListMarker at (-33,0) size 28x19: "\x{1298}"
            RenderText {#text} at (0,0) size 12x19
              text run at (0,0) width 12: "\x{1298}"
        RenderBlock (floating) {OL} at (72,354) size 72x260
          RenderListItem {LI} at (40,0) size 12x20
            RenderListMarker at (-33,0) size 28x19: "\x{12A0}"
            RenderText {#text} at (0,0) size 12x19
              text run at (0,0) width 12: "\x{12A0}"
          RenderListItem {LI} at (40,20) size 12x20
            RenderListMarker at (-33,0) size 28x19: "\x{12A8}"
            RenderText {#text} at (0,0) size 12x19
              text run at (0,0) width 12: "\x{12A8}"
          RenderListItem {LI} at (40,40) size 12x20
            RenderListMarker at (-33,0) size 28x19: "\x{12C8}"
            RenderText {#text} at (0,0) size 12x19
              text run at (0,0) width 12: "\x{12C8}"
          RenderListItem {LI} at (40,60) size 12x20
            RenderListMarker at (-33,0) size 28x19: "\x{12E8}"
            RenderText {#text} at (0,0) size 12x19
              text run at (0,0) width 12: "\x{12E8}"
          RenderListItem {LI} at (40,80) size 12x20
            RenderListMarker at (-33,0) size 28x19: "\x{12F0}"
            RenderText {#text} at (0,0) size 12x19
              text run at (0,0) width 12: "\x{12F0}"
          RenderListItem {LI} at (40,100) size 12x20
            RenderListMarker at (-33,0) size 28x19: "\x{12F8}"
            RenderText {#text} at (0,0) size 12x19
              text run at (0,0) width 12: "\x{12F8}"
          RenderListItem {LI} at (40,120) size 12x20
            RenderListMarker at (-33,0) size 28x19: "\x{1300}"
            RenderText {#text} at (0,0) size 12x19
              text run at (0,0) width 12: "\x{1300}"
          RenderListItem {LI} at (40,140) size 12x20
            RenderListMarker at (-33,0) size 28x19: "\x{1308}"
            RenderText {#text} at (0,0) size 12x19
              text run at (0,0) width 12: "\x{1308}"
          RenderListItem {LI} at (40,160) size 12x20
            RenderListMarker at (-33,0) size 28x19: "\x{1320}"
            RenderText {#text} at (0,0) size 12x19
              text run at (0,0) width 12: "\x{1320}"
          RenderListItem {LI} at (40,180) size 12x20
            RenderListMarker at (-33,0) size 28x19: "\x{1328}"
            RenderText {#text} at (0,0) size 12x19
              text run at (0,0) width 12: "\x{1328}"
          RenderListItem {LI} at (40,200) size 12x20
            RenderListMarker at (-33,0) size 28x19: "\x{1338}"
            RenderText {#text} at (0,0) size 12x19
              text run at (0,0) width 12: "\x{1338}"
          RenderListItem {LI} at (40,220) size 12x20
            RenderListMarker at (-33,0) size 28x19: "\x{1330}"
            RenderText {#text} at (0,0) size 12x19
              text run at (0,0) width 12: "\x{1330}"
          RenderListItem {LI} at (40,240) size 12x20
            RenderListMarker at (-33,0) size 28x19: "\x{1348}"
            RenderText {#text} at (0,0) size 12x19
              text run at (0,0) width 12: "\x{1348}"
      RenderBlock {DIV} at (0,7987) size 769x319
        RenderBlock {H2} at (0,292) size 769x27
          RenderText {#text} at (0,0) size 66x26
            text run at (0,0) width 66: "somali"
        RenderBlock (floating) {OL} at (0,354) size 72x220
          RenderListItem {LI} at (40,0) size 12x20
            RenderListMarker at (-33,0) size 28x19: "\x{1200}"
            RenderText {#text} at (0,0) size 12x19
              text run at (0,0) width 12: "\x{1200}"
          RenderListItem {LI} at (40,20) size 12x20
            RenderListMarker at (-33,0) size 28x19: "\x{1208}"
            RenderText {#text} at (0,0) size 12x19
              text run at (0,0) width 12: "\x{1208}"
          RenderListItem {LI} at (40,40) size 12x20
            RenderListMarker at (-33,0) size 28x19: "\x{1210}"
            RenderText {#text} at (0,0) size 12x19
              text run at (0,0) width 12: "\x{1210}"
          RenderListItem {LI} at (40,60) size 12x20
            RenderListMarker at (-33,0) size 28x19: "\x{1218}"
            RenderText {#text} at (0,0) size 12x19
              text run at (0,0) width 12: "\x{1218}"
          RenderListItem {LI} at (40,80) size 12x20
            RenderListMarker at (-33,0) size 28x19: "\x{1228}"
            RenderText {#text} at (0,0) size 12x19
              text run at (0,0) width 12: "\x{1228}"
          RenderListItem {LI} at (40,100) size 12x20
            RenderListMarker at (-33,0) size 28x19: "\x{1230}"
            RenderText {#text} at (0,0) size 12x19
              text run at (0,0) width 12: "\x{1230}"
          RenderListItem {LI} at (40,120) size 12x20
            RenderListMarker at (-33,0) size 28x19: "\x{1238}"
            RenderText {#text} at (0,0) size 12x19
              text run at (0,0) width 12: "\x{1238}"
          RenderListItem {LI} at (40,140) size 12x20
            RenderListMarker at (-33,0) size 28x19: "\x{1240}"
            RenderText {#text} at (0,0) size 12x19
              text run at (0,0) width 12: "\x{1240}"
          RenderListItem {LI} at (40,160) size 12x20
            RenderListMarker at (-33,0) size 28x19: "\x{1260}"
            RenderText {#text} at (0,0) size 12x19
              text run at (0,0) width 12: "\x{1260}"
          RenderListItem {LI} at (40,180) size 12x20
            RenderListMarker at (-33,0) size 28x19: "\x{1270}"
            RenderText {#text} at (0,0) size 12x19
              text run at (0,0) width 12: "\x{1270}"
          RenderListItem {LI} at (40,200) size 12x20
            RenderListMarker at (-33,0) size 28x19: "\x{1290}"
            RenderText {#text} at (0,0) size 12x19
              text run at (0,0) width 12: "\x{1290}"
        RenderBlock (floating) {OL} at (72,354) size 72x220
          RenderListItem {LI} at (40,0) size 12x20
            RenderListMarker at (-33,0) size 28x19: "\x{12A0}"
            RenderText {#text} at (0,0) size 12x19
              text run at (0,0) width 12: "\x{12A0}"
          RenderListItem {LI} at (40,20) size 12x20
            RenderListMarker at (-33,0) size 28x19: "\x{12A8}"
            RenderText {#text} at (0,0) size 12x19
              text run at (0,0) width 12: "\x{12A8}"
          RenderListItem {LI} at (40,40) size 12x20
            RenderListMarker at (-33,0) size 28x19: "\x{12B8}"
            RenderText {#text} at (0,0) size 12x19
              text run at (0,0) width 12: "\x{12B8}"
          RenderListItem {LI} at (40,60) size 12x20
            RenderListMarker at (-33,0) size 28x19: "\x{12C8}"
            RenderText {#text} at (0,0) size 12x19
              text run at (0,0) width 12: "\x{12C8}"
          RenderListItem {LI} at (40,80) size 12x20
            RenderListMarker at (-33,0) size 28x19: "\x{12D0}"
            RenderText {#text} at (0,0) size 12x19
              text run at (0,0) width 12: "\x{12D0}"
          RenderListItem {LI} at (40,100) size 12x20
            RenderListMarker at (-33,0) size 28x19: "\x{12E8}"
            RenderText {#text} at (0,0) size 12x19
              text run at (0,0) width 12: "\x{12E8}"
          RenderListItem {LI} at (40,120) size 12x20
            RenderListMarker at (-33,0) size 28x19: "\x{12F0}"
            RenderText {#text} at (0,0) size 12x19
              text run at (0,0) width 12: "\x{12F0}"
          RenderListItem {LI} at (40,140) size 12x20
            RenderListMarker at (-33,0) size 28x19: "\x{1300}"
            RenderText {#text} at (0,0) size 12x19
              text run at (0,0) width 12: "\x{1300}"
          RenderListItem {LI} at (40,160) size 12x20
            RenderListMarker at (-33,0) size 28x19: "\x{1308}"
            RenderText {#text} at (0,0) size 12x19
              text run at (0,0) width 12: "\x{1308}"
          RenderListItem {LI} at (40,180) size 12x20
            RenderListMarker at (-33,0) size 28x19: "\x{1338}"
            RenderText {#text} at (0,0) size 12x19
              text run at (0,0) width 12: "\x{1338}"
          RenderListItem {LI} at (40,200) size 12x20
            RenderListMarker at (-33,0) size 28x19: "\x{1348}"
            RenderText {#text} at (0,0) size 12x19
              text run at (0,0) width 12: "\x{1348}"
      RenderBlock {DIV} at (0,8325) size 769x279
        RenderBlock {H2} at (0,252) size 769x27
          RenderText {#text} at (0,0) size 244x26
            text run at (0,0) width 244: "ethiopic-halehame-so-et"
        RenderBlock (floating) {OL} at (0,314) size 72x220
          RenderListItem {LI} at (40,0) size 12x20
            RenderListMarker at (-33,0) size 28x19: "\x{1200}"
            RenderText {#text} at (0,0) size 12x19
              text run at (0,0) width 12: "\x{1200}"
          RenderListItem {LI} at (40,20) size 12x20
            RenderListMarker at (-33,0) size 28x19: "\x{1208}"
            RenderText {#text} at (0,0) size 12x19
              text run at (0,0) width 12: "\x{1208}"
          RenderListItem {LI} at (40,40) size 12x20
            RenderListMarker at (-33,0) size 28x19: "\x{1210}"
            RenderText {#text} at (0,0) size 12x19
              text run at (0,0) width 12: "\x{1210}"
          RenderListItem {LI} at (40,60) size 12x20
            RenderListMarker at (-33,0) size 28x19: "\x{1218}"
            RenderText {#text} at (0,0) size 12x19
              text run at (0,0) width 12: "\x{1218}"
          RenderListItem {LI} at (40,80) size 12x20
            RenderListMarker at (-33,0) size 28x19: "\x{1228}"
            RenderText {#text} at (0,0) size 12x19
              text run at (0,0) width 12: "\x{1228}"
          RenderListItem {LI} at (40,100) size 12x20
            RenderListMarker at (-33,0) size 28x19: "\x{1230}"
            RenderText {#text} at (0,0) size 12x19
              text run at (0,0) width 12: "\x{1230}"
          RenderListItem {LI} at (40,120) size 12x20
            RenderListMarker at (-33,0) size 28x19: "\x{1238}"
            RenderText {#text} at (0,0) size 12x19
              text run at (0,0) width 12: "\x{1238}"
          RenderListItem {LI} at (40,140) size 12x20
            RenderListMarker at (-33,0) size 28x19: "\x{1240}"
            RenderText {#text} at (0,0) size 12x19
              text run at (0,0) width 12: "\x{1240}"
          RenderListItem {LI} at (40,160) size 12x20
            RenderListMarker at (-33,0) size 28x19: "\x{1260}"
            RenderText {#text} at (0,0) size 12x19
              text run at (0,0) width 12: "\x{1260}"
          RenderListItem {LI} at (40,180) size 12x20
            RenderListMarker at (-33,0) size 28x19: "\x{1270}"
            RenderText {#text} at (0,0) size 12x19
              text run at (0,0) width 12: "\x{1270}"
          RenderListItem {LI} at (40,200) size 12x20
            RenderListMarker at (-33,0) size 28x19: "\x{1290}"
            RenderText {#text} at (0,0) size 12x19
              text run at (0,0) width 12: "\x{1290}"
        RenderBlock (floating) {OL} at (72,314) size 72x220
          RenderListItem {LI} at (40,0) size 12x20
            RenderListMarker at (-33,0) size 28x19: "\x{12A0}"
            RenderText {#text} at (0,0) size 12x19
              text run at (0,0) width 12: "\x{12A0}"
          RenderListItem {LI} at (40,20) size 12x20
            RenderListMarker at (-33,0) size 28x19: "\x{12A8}"
            RenderText {#text} at (0,0) size 12x19
              text run at (0,0) width 12: "\x{12A8}"
          RenderListItem {LI} at (40,40) size 12x20
            RenderListMarker at (-33,0) size 28x19: "\x{12B8}"
            RenderText {#text} at (0,0) size 12x19
              text run at (0,0) width 12: "\x{12B8}"
          RenderListItem {LI} at (40,60) size 12x20
            RenderListMarker at (-33,0) size 28x19: "\x{12C8}"
            RenderText {#text} at (0,0) size 12x19
              text run at (0,0) width 12: "\x{12C8}"
          RenderListItem {LI} at (40,80) size 12x20
            RenderListMarker at (-33,0) size 28x19: "\x{12D0}"
            RenderText {#text} at (0,0) size 12x19
              text run at (0,0) width 12: "\x{12D0}"
          RenderListItem {LI} at (40,100) size 12x20
            RenderListMarker at (-33,0) size 28x19: "\x{12E8}"
            RenderText {#text} at (0,0) size 12x19
              text run at (0,0) width 12: "\x{12E8}"
          RenderListItem {LI} at (40,120) size 12x20
            RenderListMarker at (-33,0) size 28x19: "\x{12F0}"
            RenderText {#text} at (0,0) size 12x19
              text run at (0,0) width 12: "\x{12F0}"
          RenderListItem {LI} at (40,140) size 12x20
            RenderListMarker at (-33,0) size 28x19: "\x{1300}"
            RenderText {#text} at (0,0) size 12x19
              text run at (0,0) width 12: "\x{1300}"
          RenderListItem {LI} at (40,160) size 12x20
            RenderListMarker at (-33,0) size 28x19: "\x{1308}"
            RenderText {#text} at (0,0) size 12x19
              text run at (0,0) width 12: "\x{1308}"
          RenderListItem {LI} at (40,180) size 12x20
            RenderListMarker at (-33,0) size 28x19: "\x{1338}"
            RenderText {#text} at (0,0) size 12x19
              text run at (0,0) width 12: "\x{1338}"
          RenderListItem {LI} at (40,200) size 12x20
            RenderListMarker at (-33,0) size 28x19: "\x{1348}"
            RenderText {#text} at (0,0) size 12x19
              text run at (0,0) width 12: "\x{1348}"
      RenderBlock {DIV} at (0,8623) size 769x279
        RenderBlock {H2} at (0,252) size 769x27
          RenderText {#text} at (0,0) size 49x26
            text run at (0,0) width 49: "tigre"
        RenderBlock (floating) {OL} at (0,314) size 72x240
          RenderListItem {LI} at (40,0) size 12x20
            RenderListMarker at (-33,0) size 28x19: "\x{1200}"
            RenderText {#text} at (0,0) size 12x19
              text run at (0,0) width 12: "\x{1200}"
          RenderListItem {LI} at (40,20) size 12x20
            RenderListMarker at (-33,0) size 28x19: "\x{1208}"
            RenderText {#text} at (0,0) size 12x19
              text run at (0,0) width 12: "\x{1208}"
          RenderListItem {LI} at (40,40) size 12x20
            RenderListMarker at (-33,0) size 28x19: "\x{1210}"
            RenderText {#text} at (0,0) size 12x19
              text run at (0,0) width 12: "\x{1210}"
          RenderListItem {LI} at (40,60) size 12x20
            RenderListMarker at (-33,0) size 28x19: "\x{1218}"
            RenderText {#text} at (0,0) size 12x19
              text run at (0,0) width 12: "\x{1218}"
          RenderListItem {LI} at (40,80) size 12x20
            RenderListMarker at (-33,0) size 28x19: "\x{1228}"
            RenderText {#text} at (0,0) size 12x19
              text run at (0,0) width 12: "\x{1228}"
          RenderListItem {LI} at (40,100) size 12x20
            RenderListMarker at (-33,0) size 28x19: "\x{1230}"
            RenderText {#text} at (0,0) size 12x19
              text run at (0,0) width 12: "\x{1230}"
          RenderListItem {LI} at (40,120) size 12x20
            RenderListMarker at (-33,0) size 28x19: "\x{1238}"
            RenderText {#text} at (0,0) size 12x19
              text run at (0,0) width 12: "\x{1238}"
          RenderListItem {LI} at (40,140) size 12x20
            RenderListMarker at (-33,0) size 28x19: "\x{1240}"
            RenderText {#text} at (0,0) size 12x19
              text run at (0,0) width 12: "\x{1240}"
          RenderListItem {LI} at (40,160) size 12x20
            RenderListMarker at (-33,0) size 28x19: "\x{1260}"
            RenderText {#text} at (0,0) size 12x19
              text run at (0,0) width 12: "\x{1260}"
          RenderListItem {LI} at (40,180) size 12x20
            RenderListMarker at (-33,0) size 28x19: "\x{1270}"
            RenderText {#text} at (0,0) size 12x19
              text run at (0,0) width 12: "\x{1270}"
          RenderListItem {LI} at (40,200) size 12x20
            RenderListMarker at (-33,0) size 28x19: "\x{1278}"
            RenderText {#text} at (0,0) size 12x19
              text run at (0,0) width 12: "\x{1278}"
          RenderListItem {LI} at (40,220) size 12x20
            RenderListMarker at (-33,0) size 28x19: "\x{1290}"
            RenderText {#text} at (0,0) size 12x19
              text run at (0,0) width 12: "\x{1290}"
        RenderBlock (floating) {OL} at (72,314) size 72x240
          RenderListItem {LI} at (40,0) size 12x20
            RenderListMarker at (-33,0) size 28x19: "\x{12A0}"
            RenderText {#text} at (0,0) size 12x19
              text run at (0,0) width 12: "\x{12A0}"
          RenderListItem {LI} at (40,20) size 12x20
            RenderListMarker at (-33,0) size 28x19: "\x{12A8}"
            RenderText {#text} at (0,0) size 12x19
              text run at (0,0) width 12: "\x{12A8}"
          RenderListItem {LI} at (40,40) size 12x20
            RenderListMarker at (-33,0) size 28x19: "\x{12C8}"
            RenderText {#text} at (0,0) size 12x19
              text run at (0,0) width 12: "\x{12C8}"
          RenderListItem {LI} at (40,60) size 12x20
            RenderListMarker at (-33,0) size 28x19: "\x{12D0}"
            RenderText {#text} at (0,0) size 12x19
              text run at (0,0) width 12: "\x{12D0}"
          RenderListItem {LI} at (40,80) size 12x20
            RenderListMarker at (-33,0) size 28x19: "\x{12D8}"
            RenderText {#text} at (0,0) size 12x19
              text run at (0,0) width 12: "\x{12D8}"
          RenderListItem {LI} at (40,100) size 12x20
            RenderListMarker at (-33,0) size 28x19: "\x{12E8}"
            RenderText {#text} at (0,0) size 12x19
              text run at (0,0) width 12: "\x{12E8}"
          RenderListItem {LI} at (40,120) size 12x20
            RenderListMarker at (-33,0) size 28x19: "\x{12F0}"
            RenderText {#text} at (0,0) size 12x19
              text run at (0,0) width 12: "\x{12F0}"
          RenderListItem {LI} at (40,140) size 12x20
            RenderListMarker at (-33,0) size 28x19: "\x{1300}"
            RenderText {#text} at (0,0) size 12x19
              text run at (0,0) width 12: "\x{1300}"
          RenderListItem {LI} at (40,160) size 12x20
            RenderListMarker at (-33,0) size 28x19: "\x{1308}"
            RenderText {#text} at (0,0) size 12x19
              text run at (0,0) width 12: "\x{1308}"
          RenderListItem {LI} at (40,180) size 12x20
            RenderListMarker at (-33,0) size 28x19: "\x{1320}"
            RenderText {#text} at (0,0) size 12x19
              text run at (0,0) width 12: "\x{1320}"
          RenderListItem {LI} at (40,200) size 12x20
            RenderListMarker at (-33,0) size 28x19: "\x{1328}"
            RenderText {#text} at (0,0) size 12x19
              text run at (0,0) width 12: "\x{1328}"
          RenderListItem {LI} at (40,220) size 12x20
            RenderListMarker at (-33,0) size 28x19: "\x{1338}"
            RenderText {#text} at (0,0) size 12x19
              text run at (0,0) width 12: "\x{1338}"
        RenderBlock (floating) {OL} at (144,314) size 72x60
          RenderListItem {LI} at (40,0) size 12x20
            RenderListMarker at (-33,0) size 28x19: "\x{1330}"
            RenderText {#text} at (0,0) size 12x19
              text run at (0,0) width 12: "\x{1330}"
          RenderListItem {LI} at (40,20) size 12x20
            RenderListMarker at (-33,0) size 28x19: "\x{1348}"
            RenderText {#text} at (0,0) size 12x19
              text run at (0,0) width 12: "\x{1348}"
          RenderListItem {LI} at (40,40) size 12x20
            RenderListMarker at (-33,0) size 28x19: "\x{1350}"
            RenderText {#text} at (0,0) size 12x19
              text run at (0,0) width 12: "\x{1350}"
      RenderBlock {DIV} at (0,8921) size 769x299
        RenderBlock {H2} at (0,272) size 769x27
          RenderText {#text} at (0,0) size 223x26
            text run at (0,0) width 223: "ethiopic-halehame-tig"
        RenderBlock (floating) {OL} at (0,334) size 72x240
          RenderListItem {LI} at (40,0) size 12x20
            RenderListMarker at (-33,0) size 28x19: "\x{1200}"
            RenderText {#text} at (0,0) size 12x19
              text run at (0,0) width 12: "\x{1200}"
          RenderListItem {LI} at (40,20) size 12x20
            RenderListMarker at (-33,0) size 28x19: "\x{1208}"
            RenderText {#text} at (0,0) size 12x19
              text run at (0,0) width 12: "\x{1208}"
          RenderListItem {LI} at (40,40) size 12x20
            RenderListMarker at (-33,0) size 28x19: "\x{1210}"
            RenderText {#text} at (0,0) size 12x19
              text run at (0,0) width 12: "\x{1210}"
          RenderListItem {LI} at (40,60) size 12x20
            RenderListMarker at (-33,0) size 28x19: "\x{1218}"
            RenderText {#text} at (0,0) size 12x19
              text run at (0,0) width 12: "\x{1218}"
          RenderListItem {LI} at (40,80) size 12x20
            RenderListMarker at (-33,0) size 28x19: "\x{1228}"
            RenderText {#text} at (0,0) size 12x19
              text run at (0,0) width 12: "\x{1228}"
          RenderListItem {LI} at (40,100) size 12x20
            RenderListMarker at (-33,0) size 28x19: "\x{1230}"
            RenderText {#text} at (0,0) size 12x19
              text run at (0,0) width 12: "\x{1230}"
          RenderListItem {LI} at (40,120) size 12x20
            RenderListMarker at (-33,0) size 28x19: "\x{1238}"
            RenderText {#text} at (0,0) size 12x19
              text run at (0,0) width 12: "\x{1238}"
          RenderListItem {LI} at (40,140) size 12x20
            RenderListMarker at (-33,0) size 28x19: "\x{1240}"
            RenderText {#text} at (0,0) size 12x19
              text run at (0,0) width 12: "\x{1240}"
          RenderListItem {LI} at (40,160) size 12x20
            RenderListMarker at (-33,0) size 28x19: "\x{1260}"
            RenderText {#text} at (0,0) size 12x19
              text run at (0,0) width 12: "\x{1260}"
          RenderListItem {LI} at (40,180) size 12x20
            RenderListMarker at (-33,0) size 28x19: "\x{1270}"
            RenderText {#text} at (0,0) size 12x19
              text run at (0,0) width 12: "\x{1270}"
          RenderListItem {LI} at (40,200) size 12x20
            RenderListMarker at (-33,0) size 28x19: "\x{1278}"
            RenderText {#text} at (0,0) size 12x19
              text run at (0,0) width 12: "\x{1278}"
          RenderListItem {LI} at (40,220) size 12x20
            RenderListMarker at (-33,0) size 28x19: "\x{1290}"
            RenderText {#text} at (0,0) size 12x19
              text run at (0,0) width 12: "\x{1290}"
        RenderBlock (floating) {OL} at (72,334) size 72x240
          RenderListItem {LI} at (40,0) size 12x20
            RenderListMarker at (-33,0) size 28x19: "\x{12A0}"
            RenderText {#text} at (0,0) size 12x19
              text run at (0,0) width 12: "\x{12A0}"
          RenderListItem {LI} at (40,20) size 12x20
            RenderListMarker at (-33,0) size 28x19: "\x{12A8}"
            RenderText {#text} at (0,0) size 12x19
              text run at (0,0) width 12: "\x{12A8}"
          RenderListItem {LI} at (40,40) size 12x20
            RenderListMarker at (-33,0) size 28x19: "\x{12C8}"
            RenderText {#text} at (0,0) size 12x19
              text run at (0,0) width 12: "\x{12C8}"
          RenderListItem {LI} at (40,60) size 12x20
            RenderListMarker at (-33,0) size 28x19: "\x{12D0}"
            RenderText {#text} at (0,0) size 12x19
              text run at (0,0) width 12: "\x{12D0}"
          RenderListItem {LI} at (40,80) size 12x20
            RenderListMarker at (-33,0) size 28x19: "\x{12D8}"
            RenderText {#text} at (0,0) size 12x19
              text run at (0,0) width 12: "\x{12D8}"
          RenderListItem {LI} at (40,100) size 12x20
            RenderListMarker at (-33,0) size 28x19: "\x{12E8}"
            RenderText {#text} at (0,0) size 12x19
              text run at (0,0) width 12: "\x{12E8}"
          RenderListItem {LI} at (40,120) size 12x20
            RenderListMarker at (-33,0) size 28x19: "\x{12F0}"
            RenderText {#text} at (0,0) size 12x19
              text run at (0,0) width 12: "\x{12F0}"
          RenderListItem {LI} at (40,140) size 12x20
            RenderListMarker at (-33,0) size 28x19: "\x{1300}"
            RenderText {#text} at (0,0) size 12x19
              text run at (0,0) width 12: "\x{1300}"
          RenderListItem {LI} at (40,160) size 12x20
            RenderListMarker at (-33,0) size 28x19: "\x{1308}"
            RenderText {#text} at (0,0) size 12x19
              text run at (0,0) width 12: "\x{1308}"
          RenderListItem {LI} at (40,180) size 12x20
            RenderListMarker at (-33,0) size 28x19: "\x{1320}"
            RenderText {#text} at (0,0) size 12x19
              text run at (0,0) width 12: "\x{1320}"
          RenderListItem {LI} at (40,200) size 12x20
            RenderListMarker at (-33,0) size 28x19: "\x{1328}"
            RenderText {#text} at (0,0) size 12x19
              text run at (0,0) width 12: "\x{1328}"
          RenderListItem {LI} at (40,220) size 12x20
            RenderListMarker at (-33,0) size 28x19: "\x{1338}"
            RenderText {#text} at (0,0) size 12x19
              text run at (0,0) width 12: "\x{1338}"
        RenderBlock (floating) {OL} at (144,334) size 72x60
          RenderListItem {LI} at (40,0) size 12x20
            RenderListMarker at (-33,0) size 28x19: "\x{1330}"
            RenderText {#text} at (0,0) size 12x19
              text run at (0,0) width 12: "\x{1330}"
          RenderListItem {LI} at (40,20) size 12x20
            RenderListMarker at (-33,0) size 28x19: "\x{1348}"
            RenderText {#text} at (0,0) size 12x19
              text run at (0,0) width 12: "\x{1348}"
          RenderListItem {LI} at (40,40) size 12x20
            RenderListMarker at (-33,0) size 28x19: "\x{1350}"
            RenderText {#text} at (0,0) size 12x19
              text run at (0,0) width 12: "\x{1350}"
      RenderBlock {DIV} at (0,9239) size 769x299
        RenderBlock {H2} at (0,272) size 769x27
          RenderText {#text} at (0,0) size 112x26
            text run at (0,0) width 112: "tigrinya-er"
        RenderBlock (floating) {OL} at (0,334) size 72x200
          RenderListItem {LI} at (40,0) size 12x20
            RenderListMarker at (-33,0) size 28x19: "\x{1200}"
            RenderText {#text} at (0,0) size 12x19
              text run at (0,0) width 12: "\x{1200}"
          RenderListItem {LI} at (40,20) size 12x20
            RenderListMarker at (-33,0) size 28x19: "\x{1208}"
            RenderText {#text} at (0,0) size 12x19
              text run at (0,0) width 12: "\x{1208}"
          RenderListItem {LI} at (40,40) size 12x20
            RenderListMarker at (-33,0) size 28x19: "\x{1210}"
            RenderText {#text} at (0,0) size 12x19
              text run at (0,0) width 12: "\x{1210}"
          RenderListItem {LI} at (40,60) size 12x20
            RenderListMarker at (-33,0) size 28x19: "\x{1218}"
            RenderText {#text} at (0,0) size 12x19
              text run at (0,0) width 12: "\x{1218}"
          RenderListItem {LI} at (40,80) size 12x20
            RenderListMarker at (-33,0) size 28x19: "\x{1228}"
            RenderText {#text} at (0,0) size 12x19
              text run at (0,0) width 12: "\x{1228}"
          RenderListItem {LI} at (40,100) size 12x20
            RenderListMarker at (-33,0) size 28x19: "\x{1230}"
            RenderText {#text} at (0,0) size 12x19
              text run at (0,0) width 12: "\x{1230}"
          RenderListItem {LI} at (40,120) size 12x20
            RenderListMarker at (-33,0) size 28x19: "\x{1238}"
            RenderText {#text} at (0,0) size 12x19
              text run at (0,0) width 12: "\x{1238}"
          RenderListItem {LI} at (40,140) size 12x20
            RenderListMarker at (-33,0) size 28x19: "\x{1240}"
            RenderText {#text} at (0,0) size 12x19
              text run at (0,0) width 12: "\x{1240}"
          RenderListItem {LI} at (40,160) size 12x20
            RenderListMarker at (-33,0) size 28x19: "\x{1250}"
            RenderText {#text} at (0,0) size 12x19
              text run at (0,0) width 12: "\x{1250}"
          RenderListItem {LI} at (40,180) size 12x20
            RenderListMarker at (-33,0) size 28x19: "\x{1260}"
            RenderText {#text} at (0,0) size 12x19
              text run at (0,0) width 12: "\x{1260}"
        RenderBlock (floating) {OL} at (72,334) size 72x200
          RenderListItem {LI} at (40,0) size 12x20
            RenderListMarker at (-33,0) size 28x19: "\x{1270}"
            RenderText {#text} at (0,0) size 12x19
              text run at (0,0) width 12: "\x{1270}"
          RenderListItem {LI} at (40,20) size 12x20
            RenderListMarker at (-33,0) size 28x19: "\x{1278}"
            RenderText {#text} at (0,0) size 12x19
              text run at (0,0) width 12: "\x{1278}"
          RenderListItem {LI} at (40,40) size 12x20
            RenderListMarker at (-33,0) size 28x19: "\x{1290}"
            RenderText {#text} at (0,0) size 12x19
              text run at (0,0) width 12: "\x{1290}"
          RenderListItem {LI} at (40,60) size 12x20
            RenderListMarker at (-33,0) size 28x19: "\x{1298}"
            RenderText {#text} at (0,0) size 12x19
              text run at (0,0) width 12: "\x{1298}"
          RenderListItem {LI} at (40,80) size 12x20
            RenderListMarker at (-33,0) size 28x19: "\x{12A0}"
            RenderText {#text} at (0,0) size 12x19
              text run at (0,0) width 12: "\x{12A0}"
          RenderListItem {LI} at (40,100) size 12x20
            RenderListMarker at (-33,0) size 28x19: "\x{12A8}"
            RenderText {#text} at (0,0) size 12x19
              text run at (0,0) width 12: "\x{12A8}"
          RenderListItem {LI} at (40,120) size 12x20
            RenderListMarker at (-33,0) size 28x19: "\x{12B8}"
            RenderText {#text} at (0,0) size 12x19
              text run at (0,0) width 12: "\x{12B8}"
          RenderListItem {LI} at (40,140) size 12x20
            RenderListMarker at (-33,0) size 28x19: "\x{12C8}"
            RenderText {#text} at (0,0) size 12x19
              text run at (0,0) width 12: "\x{12C8}"
          RenderListItem {LI} at (40,160) size 12x20
            RenderListMarker at (-33,0) size 28x19: "\x{12D0}"
            RenderText {#text} at (0,0) size 12x19
              text run at (0,0) width 12: "\x{12D0}"
          RenderListItem {LI} at (40,180) size 12x20
            RenderListMarker at (-33,0) size 28x19: "\x{12D8}"
            RenderText {#text} at (0,0) size 12x19
              text run at (0,0) width 12: "\x{12D8}"
        RenderBlock (floating) {OL} at (144,334) size 72x200
          RenderListItem {LI} at (40,0) size 12x20
            RenderListMarker at (-33,0) size 28x19: "\x{12E0}"
            RenderText {#text} at (0,0) size 12x19
              text run at (0,0) width 12: "\x{12E0}"
          RenderListItem {LI} at (40,20) size 12x20
            RenderListMarker at (-33,0) size 28x19: "\x{12E8}"
            RenderText {#text} at (0,0) size 12x19
              text run at (0,0) width 12: "\x{12E8}"
          RenderListItem {LI} at (40,40) size 12x20
            RenderListMarker at (-33,0) size 28x19: "\x{12F0}"
            RenderText {#text} at (0,0) size 12x19
              text run at (0,0) width 12: "\x{12F0}"
          RenderListItem {LI} at (40,60) size 12x20
            RenderListMarker at (-33,0) size 28x19: "\x{1300}"
            RenderText {#text} at (0,0) size 12x19
              text run at (0,0) width 12: "\x{1300}"
          RenderListItem {LI} at (40,80) size 12x20
            RenderListMarker at (-33,0) size 28x19: "\x{1308}"
            RenderText {#text} at (0,0) size 12x19
              text run at (0,0) width 12: "\x{1308}"
          RenderListItem {LI} at (40,100) size 12x20
            RenderListMarker at (-33,0) size 28x19: "\x{1320}"
            RenderText {#text} at (0,0) size 12x19
              text run at (0,0) width 12: "\x{1320}"
          RenderListItem {LI} at (40,120) size 12x20
            RenderListMarker at (-33,0) size 28x19: "\x{1328}"
            RenderText {#text} at (0,0) size 12x19
              text run at (0,0) width 12: "\x{1328}"
          RenderListItem {LI} at (40,140) size 12x20
            RenderListMarker at (-33,0) size 28x19: "\x{1330}"
            RenderText {#text} at (0,0) size 12x19
              text run at (0,0) width 12: "\x{1330}"
          RenderListItem {LI} at (40,160) size 12x20
            RenderListMarker at (-33,0) size 28x19: "\x{1338}"
            RenderText {#text} at (0,0) size 12x19
              text run at (0,0) width 12: "\x{1338}"
          RenderListItem {LI} at (40,180) size 12x20
            RenderListMarker at (-33,0) size 28x19: "\x{1348}"
            RenderText {#text} at (0,0) size 12x19
              text run at (0,0) width 12: "\x{1348}"
        RenderBlock (floating) {OL} at (216,334) size 72x20
          RenderListItem {LI} at (40,0) size 12x20
            RenderListMarker at (-33,0) size 28x19: "\x{1350}"
            RenderText {#text} at (0,0) size 12x19
              text run at (0,0) width 12: "\x{1350}"
      RenderBlock {DIV} at (0,9557) size 769x259
        RenderBlock {H2} at (0,232) size 769x27
          RenderText {#text} at (0,0) size 241x26
            text run at (0,0) width 241: "ethiopic-halehame-ti-er"
        RenderBlock (floating) {OL} at (0,294) size 72x200
          RenderListItem {LI} at (40,0) size 12x20
            RenderListMarker at (-33,0) size 28x19: "\x{1200}"
            RenderText {#text} at (0,0) size 12x19
              text run at (0,0) width 12: "\x{1200}"
          RenderListItem {LI} at (40,20) size 12x20
            RenderListMarker at (-33,0) size 28x19: "\x{1208}"
            RenderText {#text} at (0,0) size 12x19
              text run at (0,0) width 12: "\x{1208}"
          RenderListItem {LI} at (40,40) size 12x20
            RenderListMarker at (-33,0) size 28x19: "\x{1210}"
            RenderText {#text} at (0,0) size 12x19
              text run at (0,0) width 12: "\x{1210}"
          RenderListItem {LI} at (40,60) size 12x20
            RenderListMarker at (-33,0) size 28x19: "\x{1218}"
            RenderText {#text} at (0,0) size 12x19
              text run at (0,0) width 12: "\x{1218}"
          RenderListItem {LI} at (40,80) size 12x20
            RenderListMarker at (-33,0) size 28x19: "\x{1228}"
            RenderText {#text} at (0,0) size 12x19
              text run at (0,0) width 12: "\x{1228}"
          RenderListItem {LI} at (40,100) size 12x20
            RenderListMarker at (-33,0) size 28x19: "\x{1230}"
            RenderText {#text} at (0,0) size 12x19
              text run at (0,0) width 12: "\x{1230}"
          RenderListItem {LI} at (40,120) size 12x20
            RenderListMarker at (-33,0) size 28x19: "\x{1238}"
            RenderText {#text} at (0,0) size 12x19
              text run at (0,0) width 12: "\x{1238}"
          RenderListItem {LI} at (40,140) size 12x20
            RenderListMarker at (-33,0) size 28x19: "\x{1240}"
            RenderText {#text} at (0,0) size 12x19
              text run at (0,0) width 12: "\x{1240}"
          RenderListItem {LI} at (40,160) size 12x20
            RenderListMarker at (-33,0) size 28x19: "\x{1250}"
            RenderText {#text} at (0,0) size 12x19
              text run at (0,0) width 12: "\x{1250}"
          RenderListItem {LI} at (40,180) size 12x20
            RenderListMarker at (-33,0) size 28x19: "\x{1260}"
            RenderText {#text} at (0,0) size 12x19
              text run at (0,0) width 12: "\x{1260}"
        RenderBlock (floating) {OL} at (72,294) size 72x200
          RenderListItem {LI} at (40,0) size 12x20
            RenderListMarker at (-33,0) size 28x19: "\x{1270}"
            RenderText {#text} at (0,0) size 12x19
              text run at (0,0) width 12: "\x{1270}"
          RenderListItem {LI} at (40,20) size 12x20
            RenderListMarker at (-33,0) size 28x19: "\x{1278}"
            RenderText {#text} at (0,0) size 12x19
              text run at (0,0) width 12: "\x{1278}"
          RenderListItem {LI} at (40,40) size 12x20
            RenderListMarker at (-33,0) size 28x19: "\x{1290}"
            RenderText {#text} at (0,0) size 12x19
              text run at (0,0) width 12: "\x{1290}"
          RenderListItem {LI} at (40,60) size 12x20
            RenderListMarker at (-33,0) size 28x19: "\x{1298}"
            RenderText {#text} at (0,0) size 12x19
              text run at (0,0) width 12: "\x{1298}"
          RenderListItem {LI} at (40,80) size 12x20
            RenderListMarker at (-33,0) size 28x19: "\x{12A0}"
            RenderText {#text} at (0,0) size 12x19
              text run at (0,0) width 12: "\x{12A0}"
          RenderListItem {LI} at (40,100) size 12x20
            RenderListMarker at (-33,0) size 28x19: "\x{12A8}"
            RenderText {#text} at (0,0) size 12x19
              text run at (0,0) width 12: "\x{12A8}"
          RenderListItem {LI} at (40,120) size 12x20
            RenderListMarker at (-33,0) size 28x19: "\x{12B8}"
            RenderText {#text} at (0,0) size 12x19
              text run at (0,0) width 12: "\x{12B8}"
          RenderListItem {LI} at (40,140) size 12x20
            RenderListMarker at (-33,0) size 28x19: "\x{12C8}"
            RenderText {#text} at (0,0) size 12x19
              text run at (0,0) width 12: "\x{12C8}"
          RenderListItem {LI} at (40,160) size 12x20
            RenderListMarker at (-33,0) size 28x19: "\x{12D0}"
            RenderText {#text} at (0,0) size 12x19
              text run at (0,0) width 12: "\x{12D0}"
          RenderListItem {LI} at (40,180) size 12x20
            RenderListMarker at (-33,0) size 28x19: "\x{12D8}"
            RenderText {#text} at (0,0) size 12x19
              text run at (0,0) width 12: "\x{12D8}"
        RenderBlock (floating) {OL} at (144,294) size 72x200
          RenderListItem {LI} at (40,0) size 12x20
            RenderListMarker at (-33,0) size 28x19: "\x{12E0}"
            RenderText {#text} at (0,0) size 12x19
              text run at (0,0) width 12: "\x{12E0}"
          RenderListItem {LI} at (40,20) size 12x20
            RenderListMarker at (-33,0) size 28x19: "\x{12E8}"
            RenderText {#text} at (0,0) size 12x19
              text run at (0,0) width 12: "\x{12E8}"
          RenderListItem {LI} at (40,40) size 12x20
            RenderListMarker at (-33,0) size 28x19: "\x{12F0}"
            RenderText {#text} at (0,0) size 12x19
              text run at (0,0) width 12: "\x{12F0}"
          RenderListItem {LI} at (40,60) size 12x20
            RenderListMarker at (-33,0) size 28x19: "\x{1300}"
            RenderText {#text} at (0,0) size 12x19
              text run at (0,0) width 12: "\x{1300}"
          RenderListItem {LI} at (40,80) size 12x20
            RenderListMarker at (-33,0) size 28x19: "\x{1308}"
            RenderText {#text} at (0,0) size 12x19
              text run at (0,0) width 12: "\x{1308}"
          RenderListItem {LI} at (40,100) size 12x20
            RenderListMarker at (-33,0) size 28x19: "\x{1320}"
            RenderText {#text} at (0,0) size 12x19
              text run at (0,0) width 12: "\x{1320}"
          RenderListItem {LI} at (40,120) size 12x20
            RenderListMarker at (-33,0) size 28x19: "\x{1328}"
            RenderText {#text} at (0,0) size 12x19
              text run at (0,0) width 12: "\x{1328}"
          RenderListItem {LI} at (40,140) size 12x20
            RenderListMarker at (-33,0) size 28x19: "\x{1330}"
            RenderText {#text} at (0,0) size 12x19
              text run at (0,0) width 12: "\x{1330}"
          RenderListItem {LI} at (40,160) size 12x20
            RenderListMarker at (-33,0) size 28x19: "\x{1338}"
            RenderText {#text} at (0,0) size 12x19
              text run at (0,0) width 12: "\x{1338}"
          RenderListItem {LI} at (40,180) size 12x20
            RenderListMarker at (-33,0) size 28x19: "\x{1348}"
            RenderText {#text} at (0,0) size 12x19
              text run at (0,0) width 12: "\x{1348}"
        RenderBlock (floating) {OL} at (216,294) size 72x20
          RenderListItem {LI} at (40,0) size 12x20
            RenderListMarker at (-33,0) size 28x19: "\x{1350}"
            RenderText {#text} at (0,0) size 12x19
              text run at (0,0) width 12: "\x{1350}"
      RenderBlock {DIV} at (0,9835) size 769x259
        RenderBlock {H2} at (0,232) size 769x27
          RenderText {#text} at (0,0) size 203x26
            text run at (0,0) width 203: "tigrinya-er-abegede"
        RenderBlock (floating) {OL} at (0,294) size 72x200
          RenderListItem {LI} at (40,0) size 12x20
            RenderListMarker at (-33,0) size 28x19: "\x{12A0}"
            RenderText {#text} at (0,0) size 12x19
              text run at (0,0) width 12: "\x{12A0}"
          RenderListItem {LI} at (40,20) size 12x20
            RenderListMarker at (-33,0) size 28x19: "\x{1260}"
            RenderText {#text} at (0,0) size 12x19
              text run at (0,0) width 12: "\x{1260}"
          RenderListItem {LI} at (40,40) size 12x20
            RenderListMarker at (-33,0) size 28x19: "\x{1308}"
            RenderText {#text} at (0,0) size 12x19
              text run at (0,0) width 12: "\x{1308}"
          RenderListItem {LI} at (40,60) size 12x20
            RenderListMarker at (-33,0) size 28x19: "\x{12F0}"
            RenderText {#text} at (0,0) size 12x19
              text run at (0,0) width 12: "\x{12F0}"
          RenderListItem {LI} at (40,80) size 12x20
            RenderListMarker at (-33,0) size 28x19: "\x{1300}"
            RenderText {#text} at (0,0) size 12x19
              text run at (0,0) width 12: "\x{1300}"
          RenderListItem {LI} at (40,100) size 12x20
            RenderListMarker at (-33,0) size 28x19: "\x{1200}"
            RenderText {#text} at (0,0) size 12x19
              text run at (0,0) width 12: "\x{1200}"
          RenderListItem {LI} at (40,120) size 12x20
            RenderListMarker at (-33,0) size 28x19: "\x{12C8}"
            RenderText {#text} at (0,0) size 12x19
              text run at (0,0) width 12: "\x{12C8}"
          RenderListItem {LI} at (40,140) size 12x20
            RenderListMarker at (-33,0) size 28x19: "\x{12D8}"
            RenderText {#text} at (0,0) size 12x19
              text run at (0,0) width 12: "\x{12D8}"
          RenderListItem {LI} at (40,160) size 12x20
            RenderListMarker at (-33,0) size 28x19: "\x{12E0}"
            RenderText {#text} at (0,0) size 12x19
              text run at (0,0) width 12: "\x{12E0}"
          RenderListItem {LI} at (40,180) size 12x20
            RenderListMarker at (-33,0) size 28x19: "\x{1210}"
            RenderText {#text} at (0,0) size 12x19
              text run at (0,0) width 12: "\x{1210}"
        RenderBlock (floating) {OL} at (72,294) size 72x200
          RenderListItem {LI} at (40,0) size 12x20
            RenderListMarker at (-33,0) size 28x19: "\x{1320}"
            RenderText {#text} at (0,0) size 12x19
              text run at (0,0) width 12: "\x{1320}"
          RenderListItem {LI} at (40,20) size 12x20
            RenderListMarker at (-33,0) size 28x19: "\x{1328}"
            RenderText {#text} at (0,0) size 12x19
              text run at (0,0) width 12: "\x{1328}"
          RenderListItem {LI} at (40,40) size 12x20
            RenderListMarker at (-33,0) size 28x19: "\x{12E8}"
            RenderText {#text} at (0,0) size 12x19
              text run at (0,0) width 12: "\x{12E8}"
          RenderListItem {LI} at (40,60) size 12x20
            RenderListMarker at (-33,0) size 28x19: "\x{12A8}"
            RenderText {#text} at (0,0) size 12x19
              text run at (0,0) width 12: "\x{12A8}"
          RenderListItem {LI} at (40,80) size 12x20
            RenderListMarker at (-33,0) size 28x19: "\x{12B8}"
            RenderText {#text} at (0,0) size 12x19
              text run at (0,0) width 12: "\x{12B8}"
          RenderListItem {LI} at (40,100) size 12x20
            RenderListMarker at (-33,0) size 28x19: "\x{1208}"
            RenderText {#text} at (0,0) size 12x19
              text run at (0,0) width 12: "\x{1208}"
          RenderListItem {LI} at (40,120) size 12x20
            RenderListMarker at (-33,0) size 28x19: "\x{1218}"
            RenderText {#text} at (0,0) size 12x19
              text run at (0,0) width 12: "\x{1218}"
          RenderListItem {LI} at (40,140) size 12x20
            RenderListMarker at (-33,0) size 28x19: "\x{1290}"
            RenderText {#text} at (0,0) size 12x19
              text run at (0,0) width 12: "\x{1290}"
          RenderListItem {LI} at (40,160) size 12x20
            RenderListMarker at (-33,0) size 28x19: "\x{1298}"
            RenderText {#text} at (0,0) size 12x19
              text run at (0,0) width 12: "\x{1298}"
          RenderListItem {LI} at (40,180) size 12x20
            RenderListMarker at (-33,0) size 28x19: "\x{12D0}"
            RenderText {#text} at (0,0) size 12x19
              text run at (0,0) width 12: "\x{12D0}"
        RenderBlock (floating) {OL} at (144,294) size 72x200
          RenderListItem {LI} at (40,0) size 12x20
            RenderListMarker at (-33,0) size 28x19: "\x{1348}"
            RenderText {#text} at (0,0) size 12x19
              text run at (0,0) width 12: "\x{1348}"
          RenderListItem {LI} at (40,20) size 12x20
            RenderListMarker at (-33,0) size 28x19: "\x{1338}"
            RenderText {#text} at (0,0) size 12x19
              text run at (0,0) width 12: "\x{1338}"
          RenderListItem {LI} at (40,40) size 12x20
            RenderListMarker at (-33,0) size 28x19: "\x{1240}"
            RenderText {#text} at (0,0) size 12x19
              text run at (0,0) width 12: "\x{1240}"
          RenderListItem {LI} at (40,60) size 12x20
            RenderListMarker at (-33,0) size 28x19: "\x{1250}"
            RenderText {#text} at (0,0) size 12x19
              text run at (0,0) width 12: "\x{1250}"
          RenderListItem {LI} at (40,80) size 12x20
            RenderListMarker at (-33,0) size 28x19: "\x{1228}"
            RenderText {#text} at (0,0) size 12x19
              text run at (0,0) width 12: "\x{1228}"
          RenderListItem {LI} at (40,100) size 12x20
            RenderListMarker at (-33,0) size 28x19: "\x{1230}"
            RenderText {#text} at (0,0) size 12x19
              text run at (0,0) width 12: "\x{1230}"
          RenderListItem {LI} at (40,120) size 12x20
            RenderListMarker at (-33,0) size 28x19: "\x{1238}"
            RenderText {#text} at (0,0) size 12x19
              text run at (0,0) width 12: "\x{1238}"
          RenderListItem {LI} at (40,140) size 12x20
            RenderListMarker at (-33,0) size 28x19: "\x{1270}"
            RenderText {#text} at (0,0) size 12x19
              text run at (0,0) width 12: "\x{1270}"
          RenderListItem {LI} at (40,160) size 12x20
            RenderListMarker at (-33,0) size 28x19: "\x{1278}"
            RenderText {#text} at (0,0) size 12x19
              text run at (0,0) width 12: "\x{1278}"
          RenderListItem {LI} at (40,180) size 12x20
            RenderListMarker at (-33,0) size 28x19: "\x{1330}"
            RenderText {#text} at (0,0) size 12x19
              text run at (0,0) width 12: "\x{1330}"
        RenderBlock (floating) {OL} at (216,294) size 72x20
          RenderListItem {LI} at (40,0) size 12x20
            RenderListMarker at (-33,0) size 28x19: "\x{1350}"
            RenderText {#text} at (0,0) size 12x19
              text run at (0,0) width 12: "\x{1350}"
      RenderBlock {DIV} at (0,10113) size 769x259
        RenderBlock {H2} at (0,232) size 769x27
          RenderText {#text} at (0,0) size 226x26
            text run at (0,0) width 226: "ethiopic-abegede-ti-er"
        RenderBlock (floating) {OL} at (0,294) size 72x200
          RenderListItem {LI} at (40,0) size 12x20
            RenderListMarker at (-33,0) size 28x19: "\x{12A0}"
            RenderText {#text} at (0,0) size 12x19
              text run at (0,0) width 12: "\x{12A0}"
          RenderListItem {LI} at (40,20) size 12x20
            RenderListMarker at (-33,0) size 28x19: "\x{1260}"
            RenderText {#text} at (0,0) size 12x19
              text run at (0,0) width 12: "\x{1260}"
          RenderListItem {LI} at (40,40) size 12x20
            RenderListMarker at (-33,0) size 28x19: "\x{1308}"
            RenderText {#text} at (0,0) size 12x19
              text run at (0,0) width 12: "\x{1308}"
          RenderListItem {LI} at (40,60) size 12x20
            RenderListMarker at (-33,0) size 28x19: "\x{12F0}"
            RenderText {#text} at (0,0) size 12x19
              text run at (0,0) width 12: "\x{12F0}"
          RenderListItem {LI} at (40,80) size 12x20
            RenderListMarker at (-33,0) size 28x19: "\x{1300}"
            RenderText {#text} at (0,0) size 12x19
              text run at (0,0) width 12: "\x{1300}"
          RenderListItem {LI} at (40,100) size 12x20
            RenderListMarker at (-33,0) size 28x19: "\x{1200}"
            RenderText {#text} at (0,0) size 12x19
              text run at (0,0) width 12: "\x{1200}"
          RenderListItem {LI} at (40,120) size 12x20
            RenderListMarker at (-33,0) size 28x19: "\x{12C8}"
            RenderText {#text} at (0,0) size 12x19
              text run at (0,0) width 12: "\x{12C8}"
          RenderListItem {LI} at (40,140) size 12x20
            RenderListMarker at (-33,0) size 28x19: "\x{12D8}"
            RenderText {#text} at (0,0) size 12x19
              text run at (0,0) width 12: "\x{12D8}"
          RenderListItem {LI} at (40,160) size 12x20
            RenderListMarker at (-33,0) size 28x19: "\x{12E0}"
            RenderText {#text} at (0,0) size 12x19
              text run at (0,0) width 12: "\x{12E0}"
          RenderListItem {LI} at (40,180) size 12x20
            RenderListMarker at (-33,0) size 28x19: "\x{1210}"
            RenderText {#text} at (0,0) size 12x19
              text run at (0,0) width 12: "\x{1210}"
        RenderBlock (floating) {OL} at (72,294) size 72x200
          RenderListItem {LI} at (40,0) size 12x20
            RenderListMarker at (-33,0) size 28x19: "\x{1320}"
            RenderText {#text} at (0,0) size 12x19
              text run at (0,0) width 12: "\x{1320}"
          RenderListItem {LI} at (40,20) size 12x20
            RenderListMarker at (-33,0) size 28x19: "\x{1328}"
            RenderText {#text} at (0,0) size 12x19
              text run at (0,0) width 12: "\x{1328}"
          RenderListItem {LI} at (40,40) size 12x20
            RenderListMarker at (-33,0) size 28x19: "\x{12E8}"
            RenderText {#text} at (0,0) size 12x19
              text run at (0,0) width 12: "\x{12E8}"
          RenderListItem {LI} at (40,60) size 12x20
            RenderListMarker at (-33,0) size 28x19: "\x{12A8}"
            RenderText {#text} at (0,0) size 12x19
              text run at (0,0) width 12: "\x{12A8}"
          RenderListItem {LI} at (40,80) size 12x20
            RenderListMarker at (-33,0) size 28x19: "\x{12B8}"
            RenderText {#text} at (0,0) size 12x19
              text run at (0,0) width 12: "\x{12B8}"
          RenderListItem {LI} at (40,100) size 12x20
            RenderListMarker at (-33,0) size 28x19: "\x{1208}"
            RenderText {#text} at (0,0) size 12x19
              text run at (0,0) width 12: "\x{1208}"
          RenderListItem {LI} at (40,120) size 12x20
            RenderListMarker at (-33,0) size 28x19: "\x{1218}"
            RenderText {#text} at (0,0) size 12x19
              text run at (0,0) width 12: "\x{1218}"
          RenderListItem {LI} at (40,140) size 12x20
            RenderListMarker at (-33,0) size 28x19: "\x{1290}"
            RenderText {#text} at (0,0) size 12x19
              text run at (0,0) width 12: "\x{1290}"
          RenderListItem {LI} at (40,160) size 12x20
            RenderListMarker at (-33,0) size 28x19: "\x{1298}"
            RenderText {#text} at (0,0) size 12x19
              text run at (0,0) width 12: "\x{1298}"
          RenderListItem {LI} at (40,180) size 12x20
            RenderListMarker at (-33,0) size 28x19: "\x{12D0}"
            RenderText {#text} at (0,0) size 12x19
              text run at (0,0) width 12: "\x{12D0}"
        RenderBlock (floating) {OL} at (144,294) size 72x200
          RenderListItem {LI} at (40,0) size 12x20
            RenderListMarker at (-33,0) size 28x19: "\x{1348}"
            RenderText {#text} at (0,0) size 12x19
              text run at (0,0) width 12: "\x{1348}"
          RenderListItem {LI} at (40,20) size 12x20
            RenderListMarker at (-33,0) size 28x19: "\x{1338}"
            RenderText {#text} at (0,0) size 12x19
              text run at (0,0) width 12: "\x{1338}"
          RenderListItem {LI} at (40,40) size 12x20
            RenderListMarker at (-33,0) size 28x19: "\x{1240}"
            RenderText {#text} at (0,0) size 12x19
              text run at (0,0) width 12: "\x{1240}"
          RenderListItem {LI} at (40,60) size 12x20
            RenderListMarker at (-33,0) size 28x19: "\x{1250}"
            RenderText {#text} at (0,0) size 12x19
              text run at (0,0) width 12: "\x{1250}"
          RenderListItem {LI} at (40,80) size 12x20
            RenderListMarker at (-33,0) size 28x19: "\x{1228}"
            RenderText {#text} at (0,0) size 12x19
              text run at (0,0) width 12: "\x{1228}"
          RenderListItem {LI} at (40,100) size 12x20
            RenderListMarker at (-33,0) size 28x19: "\x{1230}"
            RenderText {#text} at (0,0) size 12x19
              text run at (0,0) width 12: "\x{1230}"
          RenderListItem {LI} at (40,120) size 12x20
            RenderListMarker at (-33,0) size 28x19: "\x{1238}"
            RenderText {#text} at (0,0) size 12x19
              text run at (0,0) width 12: "\x{1238}"
          RenderListItem {LI} at (40,140) size 12x20
            RenderListMarker at (-33,0) size 28x19: "\x{1270}"
            RenderText {#text} at (0,0) size 12x19
              text run at (0,0) width 12: "\x{1270}"
          RenderListItem {LI} at (40,160) size 12x20
            RenderListMarker at (-33,0) size 28x19: "\x{1278}"
            RenderText {#text} at (0,0) size 12x19
              text run at (0,0) width 12: "\x{1278}"
          RenderListItem {LI} at (40,180) size 12x20
            RenderListMarker at (-33,0) size 28x19: "\x{1330}"
            RenderText {#text} at (0,0) size 12x19
              text run at (0,0) width 12: "\x{1330}"
        RenderBlock (floating) {OL} at (216,294) size 72x20
          RenderListItem {LI} at (40,0) size 12x20
            RenderListMarker at (-33,0) size 28x19: "\x{1350}"
            RenderText {#text} at (0,0) size 12x19
              text run at (0,0) width 12: "\x{1350}"
      RenderBlock {DIV} at (0,10391) size 769x259
        RenderBlock {H2} at (0,232) size 769x27
          RenderText {#text} at (0,0) size 109x26
            text run at (0,0) width 109: "tigrinya-et"
        RenderBlock (floating) {OL} at (0,294) size 72x240
          RenderListItem {LI} at (40,0) size 12x20
            RenderListMarker at (-33,0) size 28x19: "\x{1200}"
            RenderText {#text} at (0,0) size 12x19
              text run at (0,0) width 12: "\x{1200}"
          RenderListItem {LI} at (40,20) size 12x20
            RenderListMarker at (-33,0) size 28x19: "\x{1208}"
            RenderText {#text} at (0,0) size 12x19
              text run at (0,0) width 12: "\x{1208}"
          RenderListItem {LI} at (40,40) size 12x20
            RenderListMarker at (-33,0) size 28x19: "\x{1210}"
            RenderText {#text} at (0,0) size 12x19
              text run at (0,0) width 12: "\x{1210}"
          RenderListItem {LI} at (40,60) size 12x20
            RenderListMarker at (-33,0) size 28x19: "\x{1218}"
            RenderText {#text} at (0,0) size 12x19
              text run at (0,0) width 12: "\x{1218}"
          RenderListItem {LI} at (40,80) size 12x20
            RenderListMarker at (-33,0) size 28x19: "\x{1220}"
            RenderText {#text} at (0,0) size 12x19
              text run at (0,0) width 12: "\x{1220}"
          RenderListItem {LI} at (40,100) size 12x20
            RenderListMarker at (-33,0) size 28x19: "\x{1228}"
            RenderText {#text} at (0,0) size 12x19
              text run at (0,0) width 12: "\x{1228}"
          RenderListItem {LI} at (40,120) size 12x20
            RenderListMarker at (-33,0) size 28x19: "\x{1230}"
            RenderText {#text} at (0,0) size 12x19
              text run at (0,0) width 12: "\x{1230}"
          RenderListItem {LI} at (40,140) size 12x20
            RenderListMarker at (-33,0) size 28x19: "\x{1238}"
            RenderText {#text} at (0,0) size 12x19
              text run at (0,0) width 12: "\x{1238}"
          RenderListItem {LI} at (40,160) size 12x20
            RenderListMarker at (-33,0) size 28x19: "\x{1240}"
            RenderText {#text} at (0,0) size 12x19
              text run at (0,0) width 12: "\x{1240}"
          RenderListItem {LI} at (40,180) size 12x20
            RenderListMarker at (-33,0) size 28x19: "\x{1250}"
            RenderText {#text} at (0,0) size 12x19
              text run at (0,0) width 12: "\x{1250}"
          RenderListItem {LI} at (40,200) size 12x20
            RenderListMarker at (-33,0) size 28x19: "\x{1260}"
            RenderText {#text} at (0,0) size 12x19
              text run at (0,0) width 12: "\x{1260}"
          RenderListItem {LI} at (40,220) size 12x20
            RenderListMarker at (-33,0) size 28x19: "\x{1270}"
            RenderText {#text} at (0,0) size 12x19
              text run at (0,0) width 12: "\x{1270}"
        RenderBlock (floating) {OL} at (72,294) size 72x240
          RenderListItem {LI} at (40,0) size 12x20
            RenderListMarker at (-33,0) size 28x19: "\x{1278}"
            RenderText {#text} at (0,0) size 12x19
              text run at (0,0) width 12: "\x{1278}"
          RenderListItem {LI} at (40,20) size 12x20
            RenderListMarker at (-33,0) size 28x19: "\x{1280}"
            RenderText {#text} at (0,0) size 12x19
              text run at (0,0) width 12: "\x{1280}"
          RenderListItem {LI} at (40,40) size 12x20
            RenderListMarker at (-33,0) size 28x19: "\x{1290}"
            RenderText {#text} at (0,0) size 12x19
              text run at (0,0) width 12: "\x{1290}"
          RenderListItem {LI} at (40,60) size 12x20
            RenderListMarker at (-33,0) size 28x19: "\x{1298}"
            RenderText {#text} at (0,0) size 12x19
              text run at (0,0) width 12: "\x{1298}"
          RenderListItem {LI} at (40,80) size 12x20
            RenderListMarker at (-33,0) size 28x19: "\x{12A0}"
            RenderText {#text} at (0,0) size 12x19
              text run at (0,0) width 12: "\x{12A0}"
          RenderListItem {LI} at (40,100) size 12x20
            RenderListMarker at (-33,0) size 28x19: "\x{12A8}"
            RenderText {#text} at (0,0) size 12x19
              text run at (0,0) width 12: "\x{12A8}"
          RenderListItem {LI} at (40,120) size 12x20
            RenderListMarker at (-33,0) size 28x19: "\x{12B8}"
            RenderText {#text} at (0,0) size 12x19
              text run at (0,0) width 12: "\x{12B8}"
          RenderListItem {LI} at (40,140) size 12x20
            RenderListMarker at (-33,0) size 28x19: "\x{12C8}"
            RenderText {#text} at (0,0) size 12x19
              text run at (0,0) width 12: "\x{12C8}"
          RenderListItem {LI} at (40,160) size 12x20
            RenderListMarker at (-33,0) size 28x19: "\x{12D0}"
            RenderText {#text} at (0,0) size 12x19
              text run at (0,0) width 12: "\x{12D0}"
          RenderListItem {LI} at (40,180) size 12x20
            RenderListMarker at (-33,0) size 28x19: "\x{12D8}"
            RenderText {#text} at (0,0) size 12x19
              text run at (0,0) width 12: "\x{12D8}"
          RenderListItem {LI} at (40,200) size 12x20
            RenderListMarker at (-33,0) size 28x19: "\x{12E0}"
            RenderText {#text} at (0,0) size 12x19
              text run at (0,0) width 12: "\x{12E0}"
          RenderListItem {LI} at (40,220) size 12x20
            RenderListMarker at (-33,0) size 28x19: "\x{12E8}"
            RenderText {#text} at (0,0) size 12x19
              text run at (0,0) width 12: "\x{12E8}"
        RenderBlock (floating) {OL} at (144,294) size 72x200
          RenderListItem {LI} at (40,0) size 12x20
            RenderListMarker at (-33,0) size 28x19: "\x{12F0}"
            RenderText {#text} at (0,0) size 12x19
              text run at (0,0) width 12: "\x{12F0}"
          RenderListItem {LI} at (40,20) size 12x20
            RenderListMarker at (-33,0) size 28x19: "\x{1300}"
            RenderText {#text} at (0,0) size 12x19
              text run at (0,0) width 12: "\x{1300}"
          RenderListItem {LI} at (40,40) size 12x20
            RenderListMarker at (-33,0) size 28x19: "\x{1308}"
            RenderText {#text} at (0,0) size 12x19
              text run at (0,0) width 12: "\x{1308}"
          RenderListItem {LI} at (40,60) size 12x20
            RenderListMarker at (-33,0) size 28x19: "\x{1320}"
            RenderText {#text} at (0,0) size 12x19
              text run at (0,0) width 12: "\x{1320}"
          RenderListItem {LI} at (40,80) size 12x20
            RenderListMarker at (-33,0) size 28x19: "\x{1328}"
            RenderText {#text} at (0,0) size 12x19
              text run at (0,0) width 12: "\x{1328}"
          RenderListItem {LI} at (40,100) size 12x20
            RenderListMarker at (-33,0) size 28x19: "\x{1330}"
            RenderText {#text} at (0,0) size 12x19
              text run at (0,0) width 12: "\x{1330}"
          RenderListItem {LI} at (40,120) size 12x20
            RenderListMarker at (-33,0) size 28x19: "\x{1338}"
            RenderText {#text} at (0,0) size 12x19
              text run at (0,0) width 12: "\x{1338}"
          RenderListItem {LI} at (40,140) size 12x20
            RenderListMarker at (-33,0) size 28x19: "\x{1340}"
            RenderText {#text} at (0,0) size 12x19
              text run at (0,0) width 12: "\x{1340}"
          RenderListItem {LI} at (40,160) size 12x20
            RenderListMarker at (-33,0) size 28x19: "\x{1348}"
            RenderText {#text} at (0,0) size 12x19
              text run at (0,0) width 12: "\x{1348}"
          RenderListItem {LI} at (40,180) size 12x20
            RenderListMarker at (-33,0) size 28x19: "\x{1350}"
            RenderText {#text} at (0,0) size 12x19
              text run at (0,0) width 12: "\x{1350}"
      RenderBlock {DIV} at (0,10669) size 769x299
        RenderBlock {H2} at (0,272) size 769x27
          RenderText {#text} at (0,0) size 238x26
            text run at (0,0) width 238: "ethiopic-halehame-ti-et"
        RenderBlock (floating) {OL} at (0,334) size 72x240
          RenderListItem {LI} at (40,0) size 12x20
            RenderListMarker at (-33,0) size 28x19: "\x{1200}"
            RenderText {#text} at (0,0) size 12x19
              text run at (0,0) width 12: "\x{1200}"
          RenderListItem {LI} at (40,20) size 12x20
            RenderListMarker at (-33,0) size 28x19: "\x{1208}"
            RenderText {#text} at (0,0) size 12x19
              text run at (0,0) width 12: "\x{1208}"
          RenderListItem {LI} at (40,40) size 12x20
            RenderListMarker at (-33,0) size 28x19: "\x{1210}"
            RenderText {#text} at (0,0) size 12x19
              text run at (0,0) width 12: "\x{1210}"
          RenderListItem {LI} at (40,60) size 12x20
            RenderListMarker at (-33,0) size 28x19: "\x{1218}"
            RenderText {#text} at (0,0) size 12x19
              text run at (0,0) width 12: "\x{1218}"
          RenderListItem {LI} at (40,80) size 12x20
            RenderListMarker at (-33,0) size 28x19: "\x{1220}"
            RenderText {#text} at (0,0) size 12x19
              text run at (0,0) width 12: "\x{1220}"
          RenderListItem {LI} at (40,100) size 12x20
            RenderListMarker at (-33,0) size 28x19: "\x{1228}"
            RenderText {#text} at (0,0) size 12x19
              text run at (0,0) width 12: "\x{1228}"
          RenderListItem {LI} at (40,120) size 12x20
            RenderListMarker at (-33,0) size 28x19: "\x{1230}"
            RenderText {#text} at (0,0) size 12x19
              text run at (0,0) width 12: "\x{1230}"
          RenderListItem {LI} at (40,140) size 12x20
            RenderListMarker at (-33,0) size 28x19: "\x{1238}"
            RenderText {#text} at (0,0) size 12x19
              text run at (0,0) width 12: "\x{1238}"
          RenderListItem {LI} at (40,160) size 12x20
            RenderListMarker at (-33,0) size 28x19: "\x{1240}"
            RenderText {#text} at (0,0) size 12x19
              text run at (0,0) width 12: "\x{1240}"
          RenderListItem {LI} at (40,180) size 12x20
            RenderListMarker at (-33,0) size 28x19: "\x{1250}"
            RenderText {#text} at (0,0) size 12x19
              text run at (0,0) width 12: "\x{1250}"
          RenderListItem {LI} at (40,200) size 12x20
            RenderListMarker at (-33,0) size 28x19: "\x{1260}"
            RenderText {#text} at (0,0) size 12x19
              text run at (0,0) width 12: "\x{1260}"
          RenderListItem {LI} at (40,220) size 12x20
            RenderListMarker at (-33,0) size 28x19: "\x{1270}"
            RenderText {#text} at (0,0) size 12x19
              text run at (0,0) width 12: "\x{1270}"
        RenderBlock (floating) {OL} at (72,334) size 72x240
          RenderListItem {LI} at (40,0) size 12x20
            RenderListMarker at (-33,0) size 28x19: "\x{1278}"
            RenderText {#text} at (0,0) size 12x19
              text run at (0,0) width 12: "\x{1278}"
          RenderListItem {LI} at (40,20) size 12x20
            RenderListMarker at (-33,0) size 28x19: "\x{1280}"
            RenderText {#text} at (0,0) size 12x19
              text run at (0,0) width 12: "\x{1280}"
          RenderListItem {LI} at (40,40) size 12x20
            RenderListMarker at (-33,0) size 28x19: "\x{1290}"
            RenderText {#text} at (0,0) size 12x19
              text run at (0,0) width 12: "\x{1290}"
          RenderListItem {LI} at (40,60) size 12x20
            RenderListMarker at (-33,0) size 28x19: "\x{1298}"
            RenderText {#text} at (0,0) size 12x19
              text run at (0,0) width 12: "\x{1298}"
          RenderListItem {LI} at (40,80) size 12x20
            RenderListMarker at (-33,0) size 28x19: "\x{12A0}"
            RenderText {#text} at (0,0) size 12x19
              text run at (0,0) width 12: "\x{12A0}"
          RenderListItem {LI} at (40,100) size 12x20
            RenderListMarker at (-33,0) size 28x19: "\x{12A8}"
            RenderText {#text} at (0,0) size 12x19
              text run at (0,0) width 12: "\x{12A8}"
          RenderListItem {LI} at (40,120) size 12x20
            RenderListMarker at (-33,0) size 28x19: "\x{12B8}"
            RenderText {#text} at (0,0) size 12x19
              text run at (0,0) width 12: "\x{12B8}"
          RenderListItem {LI} at (40,140) size 12x20
            RenderListMarker at (-33,0) size 28x19: "\x{12C8}"
            RenderText {#text} at (0,0) size 12x19
              text run at (0,0) width 12: "\x{12C8}"
          RenderListItem {LI} at (40,160) size 12x20
            RenderListMarker at (-33,0) size 28x19: "\x{12D0}"
            RenderText {#text} at (0,0) size 12x19
              text run at (0,0) width 12: "\x{12D0}"
          RenderListItem {LI} at (40,180) size 12x20
            RenderListMarker at (-33,0) size 28x19: "\x{12D8}"
            RenderText {#text} at (0,0) size 12x19
              text run at (0,0) width 12: "\x{12D8}"
          RenderListItem {LI} at (40,200) size 12x20
            RenderListMarker at (-33,0) size 28x19: "\x{12E0}"
            RenderText {#text} at (0,0) size 12x19
              text run at (0,0) width 12: "\x{12E0}"
          RenderListItem {LI} at (40,220) size 12x20
            RenderListMarker at (-33,0) size 28x19: "\x{12E8}"
            RenderText {#text} at (0,0) size 12x19
              text run at (0,0) width 12: "\x{12E8}"
        RenderBlock (floating) {OL} at (144,334) size 72x200
          RenderListItem {LI} at (40,0) size 12x20
            RenderListMarker at (-33,0) size 28x19: "\x{12F0}"
            RenderText {#text} at (0,0) size 12x19
              text run at (0,0) width 12: "\x{12F0}"
          RenderListItem {LI} at (40,20) size 12x20
            RenderListMarker at (-33,0) size 28x19: "\x{1300}"
            RenderText {#text} at (0,0) size 12x19
              text run at (0,0) width 12: "\x{1300}"
          RenderListItem {LI} at (40,40) size 12x20
            RenderListMarker at (-33,0) size 28x19: "\x{1308}"
            RenderText {#text} at (0,0) size 12x19
              text run at (0,0) width 12: "\x{1308}"
          RenderListItem {LI} at (40,60) size 12x20
            RenderListMarker at (-33,0) size 28x19: "\x{1320}"
            RenderText {#text} at (0,0) size 12x19
              text run at (0,0) width 12: "\x{1320}"
          RenderListItem {LI} at (40,80) size 12x20
            RenderListMarker at (-33,0) size 28x19: "\x{1328}"
            RenderText {#text} at (0,0) size 12x19
              text run at (0,0) width 12: "\x{1328}"
          RenderListItem {LI} at (40,100) size 12x20
            RenderListMarker at (-33,0) size 28x19: "\x{1330}"
            RenderText {#text} at (0,0) size 12x19
              text run at (0,0) width 12: "\x{1330}"
          RenderListItem {LI} at (40,120) size 12x20
            RenderListMarker at (-33,0) size 28x19: "\x{1338}"
            RenderText {#text} at (0,0) size 12x19
              text run at (0,0) width 12: "\x{1338}"
          RenderListItem {LI} at (40,140) size 12x20
            RenderListMarker at (-33,0) size 28x19: "\x{1340}"
            RenderText {#text} at (0,0) size 12x19
              text run at (0,0) width 12: "\x{1340}"
          RenderListItem {LI} at (40,160) size 12x20
            RenderListMarker at (-33,0) size 28x19: "\x{1348}"
            RenderText {#text} at (0,0) size 12x19
              text run at (0,0) width 12: "\x{1348}"
          RenderListItem {LI} at (40,180) size 12x20
            RenderListMarker at (-33,0) size 28x19: "\x{1350}"
            RenderText {#text} at (0,0) size 12x19
              text run at (0,0) width 12: "\x{1350}"
      RenderBlock {DIV} at (0,10987) size 769x299
        RenderBlock {H2} at (0,272) size 769x27
          RenderText {#text} at (0,0) size 200x26
            text run at (0,0) width 200: "tigrinya-et-abegede"
        RenderBlock (floating) {OL} at (0,334) size 72x200
          RenderListItem {LI} at (40,0) size 12x20
            RenderListMarker at (-33,0) size 28x19: "\x{12A0}"
            RenderText {#text} at (0,0) size 12x19
              text run at (0,0) width 12: "\x{12A0}"
          RenderListItem {LI} at (40,20) size 12x20
            RenderListMarker at (-33,0) size 28x19: "\x{1260}"
            RenderText {#text} at (0,0) size 12x19
              text run at (0,0) width 12: "\x{1260}"
          RenderListItem {LI} at (40,40) size 12x20
            RenderListMarker at (-33,0) size 28x19: "\x{1308}"
            RenderText {#text} at (0,0) size 12x19
              text run at (0,0) width 12: "\x{1308}"
          RenderListItem {LI} at (40,60) size 12x20
            RenderListMarker at (-33,0) size 28x19: "\x{12F0}"
            RenderText {#text} at (0,0) size 12x19
              text run at (0,0) width 12: "\x{12F0}"
          RenderListItem {LI} at (40,80) size 12x20
            RenderListMarker at (-33,0) size 28x19: "\x{1300}"
            RenderText {#text} at (0,0) size 12x19
              text run at (0,0) width 12: "\x{1300}"
          RenderListItem {LI} at (40,100) size 12x20
            RenderListMarker at (-33,0) size 28x19: "\x{1200}"
            RenderText {#text} at (0,0) size 12x19
              text run at (0,0) width 12: "\x{1200}"
          RenderListItem {LI} at (40,120) size 12x20
            RenderListMarker at (-33,0) size 28x19: "\x{12C8}"
            RenderText {#text} at (0,0) size 12x19
              text run at (0,0) width 12: "\x{12C8}"
          RenderListItem {LI} at (40,140) size 12x20
            RenderListMarker at (-33,0) size 28x19: "\x{12D8}"
            RenderText {#text} at (0,0) size 12x19
              text run at (0,0) width 12: "\x{12D8}"
          RenderListItem {LI} at (40,160) size 12x20
            RenderListMarker at (-33,0) size 28x19: "\x{12E0}"
            RenderText {#text} at (0,0) size 12x19
              text run at (0,0) width 12: "\x{12E0}"
          RenderListItem {LI} at (40,180) size 12x20
            RenderListMarker at (-33,0) size 28x19: "\x{1210}"
            RenderText {#text} at (0,0) size 12x19
              text run at (0,0) width 12: "\x{1210}"
        RenderBlock (floating) {OL} at (72,334) size 72x200
          RenderListItem {LI} at (40,0) size 12x20
            RenderListMarker at (-33,0) size 28x19: "\x{1320}"
            RenderText {#text} at (0,0) size 12x19
              text run at (0,0) width 12: "\x{1320}"
          RenderListItem {LI} at (40,20) size 12x20
            RenderListMarker at (-33,0) size 28x19: "\x{1328}"
            RenderText {#text} at (0,0) size 12x19
              text run at (0,0) width 12: "\x{1328}"
          RenderListItem {LI} at (40,40) size 12x20
            RenderListMarker at (-33,0) size 28x19: "\x{12E8}"
            RenderText {#text} at (0,0) size 12x19
              text run at (0,0) width 12: "\x{12E8}"
          RenderListItem {LI} at (40,60) size 12x20
            RenderListMarker at (-33,0) size 28x19: "\x{12A8}"
            RenderText {#text} at (0,0) size 12x19
              text run at (0,0) width 12: "\x{12A8}"
          RenderListItem {LI} at (40,80) size 12x20
            RenderListMarker at (-33,0) size 28x19: "\x{12B8}"
            RenderText {#text} at (0,0) size 12x19
              text run at (0,0) width 12: "\x{12B8}"
          RenderListItem {LI} at (40,100) size 12x20
            RenderListMarker at (-33,0) size 28x19: "\x{1208}"
            RenderText {#text} at (0,0) size 12x19
              text run at (0,0) width 12: "\x{1208}"
          RenderListItem {LI} at (40,120) size 12x20
            RenderListMarker at (-33,0) size 28x19: "\x{1218}"
            RenderText {#text} at (0,0) size 12x19
              text run at (0,0) width 12: "\x{1218}"
          RenderListItem {LI} at (40,140) size 12x20
            RenderListMarker at (-33,0) size 28x19: "\x{1290}"
            RenderText {#text} at (0,0) size 12x19
              text run at (0,0) width 12: "\x{1290}"
          RenderListItem {LI} at (40,160) size 12x20
            RenderListMarker at (-33,0) size 28x19: "\x{1298}"
            RenderText {#text} at (0,0) size 12x19
              text run at (0,0) width 12: "\x{1298}"
          RenderListItem {LI} at (40,180) size 12x20
            RenderListMarker at (-33,0) size 28x19: "\x{1220}"
            RenderText {#text} at (0,0) size 12x19
              text run at (0,0) width 12: "\x{1220}"
        RenderBlock (floating) {OL} at (144,334) size 72x200
          RenderListItem {LI} at (40,0) size 12x20
            RenderListMarker at (-33,0) size 28x19: "\x{12D0}"
            RenderText {#text} at (0,0) size 12x19
              text run at (0,0) width 12: "\x{12D0}"
          RenderListItem {LI} at (40,20) size 12x20
            RenderListMarker at (-33,0) size 28x19: "\x{1348}"
            RenderText {#text} at (0,0) size 12x19
              text run at (0,0) width 12: "\x{1348}"
          RenderListItem {LI} at (40,40) size 12x20
            RenderListMarker at (-33,0) size 28x19: "\x{1338}"
            RenderText {#text} at (0,0) size 12x19
              text run at (0,0) width 12: "\x{1338}"
          RenderListItem {LI} at (40,60) size 12x20
            RenderListMarker at (-33,0) size 28x19: "\x{1240}"
            RenderText {#text} at (0,0) size 12x19
              text run at (0,0) width 12: "\x{1240}"
          RenderListItem {LI} at (40,80) size 12x20
            RenderListMarker at (-33,0) size 28x19: "\x{1250}"
            RenderText {#text} at (0,0) size 12x19
              text run at (0,0) width 12: "\x{1250}"
          RenderListItem {LI} at (40,100) size 12x20
            RenderListMarker at (-33,0) size 28x19: "\x{1228}"
            RenderText {#text} at (0,0) size 12x19
              text run at (0,0) width 12: "\x{1228}"
          RenderListItem {LI} at (40,120) size 12x20
            RenderListMarker at (-33,0) size 28x19: "\x{1230}"
            RenderText {#text} at (0,0) size 12x19
              text run at (0,0) width 12: "\x{1230}"
          RenderListItem {LI} at (40,140) size 12x20
            RenderListMarker at (-33,0) size 28x19: "\x{1238}"
            RenderText {#text} at (0,0) size 12x19
              text run at (0,0) width 12: "\x{1238}"
          RenderListItem {LI} at (40,160) size 12x20
            RenderListMarker at (-33,0) size 28x19: "\x{1270}"
            RenderText {#text} at (0,0) size 12x19
              text run at (0,0) width 12: "\x{1270}"
          RenderListItem {LI} at (40,180) size 12x20
            RenderListMarker at (-33,0) size 28x19: "\x{1278}"
            RenderText {#text} at (0,0) size 12x19
              text run at (0,0) width 12: "\x{1278}"
        RenderBlock (floating) {OL} at (216,334) size 72x80
          RenderListItem {LI} at (40,0) size 12x20
            RenderListMarker at (-33,0) size 28x19: "\x{1280}"
            RenderText {#text} at (0,0) size 12x19
              text run at (0,0) width 12: "\x{1280}"
          RenderListItem {LI} at (40,20) size 12x20
            RenderListMarker at (-33,0) size 28x19: "\x{1340}"
            RenderText {#text} at (0,0) size 12x19
              text run at (0,0) width 12: "\x{1340}"
          RenderListItem {LI} at (40,40) size 12x20
            RenderListMarker at (-33,0) size 28x19: "\x{1330}"
            RenderText {#text} at (0,0) size 12x19
              text run at (0,0) width 12: "\x{1330}"
          RenderListItem {LI} at (40,60) size 12x20
            RenderListMarker at (-33,0) size 28x19: "\x{1350}"
            RenderText {#text} at (0,0) size 12x19
              text run at (0,0) width 12: "\x{1350}"
      RenderBlock {DIV} at (0,11305) size 769x259
        RenderBlock {H2} at (0,232) size 769x27
          RenderText {#text} at (0,0) size 223x26
            text run at (0,0) width 223: "ethiopic-abegede-ti-et"
        RenderBlock (floating) {OL} at (0,294) size 72x200
          RenderListItem {LI} at (40,0) size 12x20
            RenderListMarker at (-33,0) size 28x19: "\x{12A0}"
            RenderText {#text} at (0,0) size 12x19
              text run at (0,0) width 12: "\x{12A0}"
          RenderListItem {LI} at (40,20) size 12x20
            RenderListMarker at (-33,0) size 28x19: "\x{1260}"
            RenderText {#text} at (0,0) size 12x19
              text run at (0,0) width 12: "\x{1260}"
          RenderListItem {LI} at (40,40) size 12x20
            RenderListMarker at (-33,0) size 28x19: "\x{1308}"
            RenderText {#text} at (0,0) size 12x19
              text run at (0,0) width 12: "\x{1308}"
          RenderListItem {LI} at (40,60) size 12x20
            RenderListMarker at (-33,0) size 28x19: "\x{12F0}"
            RenderText {#text} at (0,0) size 12x19
              text run at (0,0) width 12: "\x{12F0}"
          RenderListItem {LI} at (40,80) size 12x20
            RenderListMarker at (-33,0) size 28x19: "\x{1300}"
            RenderText {#text} at (0,0) size 12x19
              text run at (0,0) width 12: "\x{1300}"
          RenderListItem {LI} at (40,100) size 12x20
            RenderListMarker at (-33,0) size 28x19: "\x{1200}"
            RenderText {#text} at (0,0) size 12x19
              text run at (0,0) width 12: "\x{1200}"
          RenderListItem {LI} at (40,120) size 12x20
            RenderListMarker at (-33,0) size 28x19: "\x{12C8}"
            RenderText {#text} at (0,0) size 12x19
              text run at (0,0) width 12: "\x{12C8}"
          RenderListItem {LI} at (40,140) size 12x20
            RenderListMarker at (-33,0) size 28x19: "\x{12D8}"
            RenderText {#text} at (0,0) size 12x19
              text run at (0,0) width 12: "\x{12D8}"
          RenderListItem {LI} at (40,160) size 12x20
            RenderListMarker at (-33,0) size 28x19: "\x{12E0}"
            RenderText {#text} at (0,0) size 12x19
              text run at (0,0) width 12: "\x{12E0}"
          RenderListItem {LI} at (40,180) size 12x20
            RenderListMarker at (-33,0) size 28x19: "\x{1210}"
            RenderText {#text} at (0,0) size 12x19
              text run at (0,0) width 12: "\x{1210}"
        RenderBlock (floating) {OL} at (72,294) size 72x200
          RenderListItem {LI} at (40,0) size 12x20
            RenderListMarker at (-33,0) size 28x19: "\x{1320}"
            RenderText {#text} at (0,0) size 12x19
              text run at (0,0) width 12: "\x{1320}"
          RenderListItem {LI} at (40,20) size 12x20
            RenderListMarker at (-33,0) size 28x19: "\x{1328}"
            RenderText {#text} at (0,0) size 12x19
              text run at (0,0) width 12: "\x{1328}"
          RenderListItem {LI} at (40,40) size 12x20
            RenderListMarker at (-33,0) size 28x19: "\x{12E8}"
            RenderText {#text} at (0,0) size 12x19
              text run at (0,0) width 12: "\x{12E8}"
          RenderListItem {LI} at (40,60) size 12x20
            RenderListMarker at (-33,0) size 28x19: "\x{12A8}"
            RenderText {#text} at (0,0) size 12x19
              text run at (0,0) width 12: "\x{12A8}"
          RenderListItem {LI} at (40,80) size 12x20
            RenderListMarker at (-33,0) size 28x19: "\x{12B8}"
            RenderText {#text} at (0,0) size 12x19
              text run at (0,0) width 12: "\x{12B8}"
          RenderListItem {LI} at (40,100) size 12x20
            RenderListMarker at (-33,0) size 28x19: "\x{1208}"
            RenderText {#text} at (0,0) size 12x19
              text run at (0,0) width 12: "\x{1208}"
          RenderListItem {LI} at (40,120) size 12x20
            RenderListMarker at (-33,0) size 28x19: "\x{1218}"
            RenderText {#text} at (0,0) size 12x19
              text run at (0,0) width 12: "\x{1218}"
          RenderListItem {LI} at (40,140) size 12x20
            RenderListMarker at (-33,0) size 28x19: "\x{1290}"
            RenderText {#text} at (0,0) size 12x19
              text run at (0,0) width 12: "\x{1290}"
          RenderListItem {LI} at (40,160) size 12x20
            RenderListMarker at (-33,0) size 28x19: "\x{1298}"
            RenderText {#text} at (0,0) size 12x19
              text run at (0,0) width 12: "\x{1298}"
          RenderListItem {LI} at (40,180) size 12x20
            RenderListMarker at (-33,0) size 28x19: "\x{1220}"
            RenderText {#text} at (0,0) size 12x19
              text run at (0,0) width 12: "\x{1220}"
        RenderBlock (floating) {OL} at (144,294) size 72x200
          RenderListItem {LI} at (40,0) size 12x20
            RenderListMarker at (-33,0) size 28x19: "\x{12D0}"
            RenderText {#text} at (0,0) size 12x19
              text run at (0,0) width 12: "\x{12D0}"
          RenderListItem {LI} at (40,20) size 12x20
            RenderListMarker at (-33,0) size 28x19: "\x{1348}"
            RenderText {#text} at (0,0) size 12x19
              text run at (0,0) width 12: "\x{1348}"
          RenderListItem {LI} at (40,40) size 12x20
            RenderListMarker at (-33,0) size 28x19: "\x{1338}"
            RenderText {#text} at (0,0) size 12x19
              text run at (0,0) width 12: "\x{1338}"
          RenderListItem {LI} at (40,60) size 12x20
            RenderListMarker at (-33,0) size 28x19: "\x{1240}"
            RenderText {#text} at (0,0) size 12x19
              text run at (0,0) width 12: "\x{1240}"
          RenderListItem {LI} at (40,80) size 12x20
            RenderListMarker at (-33,0) size 28x19: "\x{1250}"
            RenderText {#text} at (0,0) size 12x19
              text run at (0,0) width 12: "\x{1250}"
          RenderListItem {LI} at (40,100) size 12x20
            RenderListMarker at (-33,0) size 28x19: "\x{1228}"
            RenderText {#text} at (0,0) size 12x19
              text run at (0,0) width 12: "\x{1228}"
          RenderListItem {LI} at (40,120) size 12x20
            RenderListMarker at (-33,0) size 28x19: "\x{1230}"
            RenderText {#text} at (0,0) size 12x19
              text run at (0,0) width 12: "\x{1230}"
          RenderListItem {LI} at (40,140) size 12x20
            RenderListMarker at (-33,0) size 28x19: "\x{1238}"
            RenderText {#text} at (0,0) size 12x19
              text run at (0,0) width 12: "\x{1238}"
          RenderListItem {LI} at (40,160) size 12x20
            RenderListMarker at (-33,0) size 28x19: "\x{1270}"
            RenderText {#text} at (0,0) size 12x19
              text run at (0,0) width 12: "\x{1270}"
          RenderListItem {LI} at (40,180) size 12x20
            RenderListMarker at (-33,0) size 28x19: "\x{1278}"
            RenderText {#text} at (0,0) size 12x19
              text run at (0,0) width 12: "\x{1278}"
        RenderBlock (floating) {OL} at (216,294) size 72x80
          RenderListItem {LI} at (40,0) size 12x20
            RenderListMarker at (-33,0) size 28x19: "\x{1280}"
            RenderText {#text} at (0,0) size 12x19
              text run at (0,0) width 12: "\x{1280}"
          RenderListItem {LI} at (40,20) size 12x20
            RenderListMarker at (-33,0) size 28x19: "\x{1340}"
            RenderText {#text} at (0,0) size 12x19
              text run at (0,0) width 12: "\x{1340}"
          RenderListItem {LI} at (40,40) size 12x20
            RenderListMarker at (-33,0) size 28x19: "\x{1330}"
            RenderText {#text} at (0,0) size 12x19
              text run at (0,0) width 12: "\x{1330}"
          RenderListItem {LI} at (40,60) size 12x20
            RenderListMarker at (-33,0) size 28x19: "\x{1350}"
            RenderText {#text} at (0,0) size 12x19
              text run at (0,0) width 12: "\x{1350}"
      RenderBlock {DIV} at (0,11583) size 769x259
        RenderBlock {H2} at (0,232) size 769x27
          RenderText {#text} at (0,0) size 126x26
            text run at (0,0) width 126: "upper-alpha"
        RenderBlock (floating) {OL} at (0,294) size 74x260
          RenderListItem {LI} at (40,0) size 14x20
            RenderListMarker at (-24,0) size 19x19: "A"
            RenderText {#text} at (0,0) size 11x19
              text run at (0,0) width 11: "A"
          RenderListItem {LI} at (40,20) size 14x20
            RenderListMarker at (-23,0) size 18x19: "B"
            RenderText {#text} at (0,0) size 10x19
              text run at (0,0) width 10: "B"
          RenderListItem {LI} at (40,40) size 14x20
            RenderListMarker at (-24,0) size 19x19: "C"
            RenderText {#text} at (0,0) size 11x19
              text run at (0,0) width 11: "C"
          RenderListItem {LI} at (40,60) size 14x20
            RenderListMarker at (-24,0) size 19x19: "D"
            RenderText {#text} at (0,0) size 11x19
              text run at (0,0) width 11: "D"
          RenderListItem {LI} at (40,80) size 14x20
            RenderListMarker at (-22,0) size 17x19: "E"
            RenderText {#text} at (0,0) size 9x19
              text run at (0,0) width 9: "E"
          RenderListItem {LI} at (40,100) size 14x20
            RenderListMarker at (-22,0) size 17x19: "F"
            RenderText {#text} at (0,0) size 9x19
              text run at (0,0) width 9: "F"
          RenderListItem {LI} at (40,120) size 14x20
            RenderListMarker at (-24,0) size 19x19: "G"
            RenderText {#text} at (0,0) size 11x19
              text run at (0,0) width 11: "G"
          RenderListItem {LI} at (40,140) size 14x20
            RenderListMarker at (-24,0) size 19x19: "H"
            RenderText {#text} at (0,0) size 11x19
              text run at (0,0) width 11: "H"
          RenderListItem {LI} at (40,160) size 14x20
            RenderListMarker at (-18,0) size 13x19: "I"
            RenderText {#text} at (0,0) size 5x19
              text run at (0,0) width 5: "I"
          RenderListItem {LI} at (40,180) size 14x20
            RenderListMarker at (-19,0) size 14x19: "J"
            RenderText {#text} at (0,0) size 6x19
              text run at (0,0) width 6: "J"
          RenderListItem {LI} at (40,200) size 14x20
            RenderListMarker at (-25,0) size 20x19: "K"
            RenderText {#text} at (0,0) size 12x19
              text run at (0,0) width 12: "K"
          RenderListItem {LI} at (40,220) size 14x20
            RenderListMarker at (-22,0) size 17x19: "L"
            RenderText {#text} at (0,0) size 9x19
              text run at (0,0) width 9: "L"
          RenderListItem {LI} at (40,240) size 14x20
            RenderListMarker at (-27,0) size 22x19: "M"
            RenderText {#text} at (0,0) size 14x19
              text run at (0,0) width 14: "M"
        RenderBlock (floating) {OL} at (74,294) size 75x260
          RenderListItem {LI} at (40,0) size 15x20
            RenderListMarker at (-25,0) size 20x19: "N"
            RenderText {#text} at (0,0) size 12x19
              text run at (0,0) width 12: "N"
          RenderListItem {LI} at (40,20) size 15x20
            RenderListMarker at (-25,0) size 20x19: "O"
            RenderText {#text} at (0,0) size 12x19
              text run at (0,0) width 12: "O"
          RenderListItem {LI} at (40,40) size 15x20
            RenderListMarker at (-22,0) size 17x19: "P"
            RenderText {#text} at (0,0) size 9x19
              text run at (0,0) width 9: "P"
          RenderListItem {LI} at (40,60) size 15x20
            RenderListMarker at (-25,0) size 20x19: "Q"
            RenderText {#text} at (0,0) size 12x19
              text run at (0,0) width 12: "Q"
          RenderListItem {LI} at (40,80) size 15x20
            RenderListMarker at (-23,0) size 18x19: "R"
            RenderText {#text} at (0,0) size 10x19
              text run at (0,0) width 10: "R"
          RenderListItem {LI} at (40,100) size 15x20
            RenderListMarker at (-22,0) size 17x19: "S"
            RenderText {#text} at (0,0) size 9x19
              text run at (0,0) width 9: "S"
          RenderListItem {LI} at (40,120) size 15x20
            RenderListMarker at (-22,0) size 17x19: "T"
            RenderText {#text} at (0,0) size 9x19
              text run at (0,0) width 9: "T"
          RenderListItem {LI} at (40,140) size 15x20
            RenderListMarker at (-24,0) size 19x19: "U"
            RenderText {#text} at (0,0) size 11x19
              text run at (0,0) width 11: "U"
          RenderListItem {LI} at (40,160) size 15x20
            RenderListMarker at (-24,0) size 19x19: "V"
            RenderText {#text} at (0,0) size 11x19
              text run at (0,0) width 11: "V"
          RenderListItem {LI} at (40,180) size 15x20
            RenderListMarker at (-28,0) size 23x19: "W"
            RenderText {#text} at (0,0) size 15x19
              text run at (0,0) width 15: "W"
          RenderListItem {LI} at (40,200) size 15x20
            RenderListMarker at (-24,0) size 19x19: "X"
            RenderText {#text} at (0,0) size 11x19
              text run at (0,0) width 11: "X"
          RenderListItem {LI} at (40,220) size 15x20
            RenderListMarker at (-24,0) size 19x19: "Y"
            RenderText {#text} at (0,0) size 11x19
              text run at (0,0) width 11: "Y"
          RenderListItem {LI} at (40,240) size 15x20
            RenderListMarker at (-22,0) size 17x19: "Z"
            RenderText {#text} at (0,0) size 9x19
              text run at (0,0) width 9: "Z"
      RenderBlock {DIV} at (0,11861) size 769x319
        RenderBlock {H2} at (0,292) size 769x27
          RenderText {#text} at (0,0) size 116x26
            text run at (0,0) width 116: "upper-latin"
        RenderBlock (floating) {OL} at (0,354) size 74x260
          RenderListItem {LI} at (40,0) size 14x20
            RenderListMarker at (-24,0) size 19x19: "A"
            RenderText {#text} at (0,0) size 11x19
              text run at (0,0) width 11: "A"
          RenderListItem {LI} at (40,20) size 14x20
            RenderListMarker at (-23,0) size 18x19: "B"
            RenderText {#text} at (0,0) size 10x19
              text run at (0,0) width 10: "B"
          RenderListItem {LI} at (40,40) size 14x20
            RenderListMarker at (-24,0) size 19x19: "C"
            RenderText {#text} at (0,0) size 11x19
              text run at (0,0) width 11: "C"
          RenderListItem {LI} at (40,60) size 14x20
            RenderListMarker at (-24,0) size 19x19: "D"
            RenderText {#text} at (0,0) size 11x19
              text run at (0,0) width 11: "D"
          RenderListItem {LI} at (40,80) size 14x20
            RenderListMarker at (-22,0) size 17x19: "E"
            RenderText {#text} at (0,0) size 9x19
              text run at (0,0) width 9: "E"
          RenderListItem {LI} at (40,100) size 14x20
            RenderListMarker at (-22,0) size 17x19: "F"
            RenderText {#text} at (0,0) size 9x19
              text run at (0,0) width 9: "F"
          RenderListItem {LI} at (40,120) size 14x20
            RenderListMarker at (-24,0) size 19x19: "G"
            RenderText {#text} at (0,0) size 11x19
              text run at (0,0) width 11: "G"
          RenderListItem {LI} at (40,140) size 14x20
            RenderListMarker at (-24,0) size 19x19: "H"
            RenderText {#text} at (0,0) size 11x19
              text run at (0,0) width 11: "H"
          RenderListItem {LI} at (40,160) size 14x20
            RenderListMarker at (-18,0) size 13x19: "I"
            RenderText {#text} at (0,0) size 5x19
              text run at (0,0) width 5: "I"
          RenderListItem {LI} at (40,180) size 14x20
            RenderListMarker at (-19,0) size 14x19: "J"
            RenderText {#text} at (0,0) size 6x19
              text run at (0,0) width 6: "J"
          RenderListItem {LI} at (40,200) size 14x20
            RenderListMarker at (-25,0) size 20x19: "K"
            RenderText {#text} at (0,0) size 12x19
              text run at (0,0) width 12: "K"
          RenderListItem {LI} at (40,220) size 14x20
            RenderListMarker at (-22,0) size 17x19: "L"
            RenderText {#text} at (0,0) size 9x19
              text run at (0,0) width 9: "L"
          RenderListItem {LI} at (40,240) size 14x20
            RenderListMarker at (-27,0) size 22x19: "M"
            RenderText {#text} at (0,0) size 14x19
              text run at (0,0) width 14: "M"
        RenderBlock (floating) {OL} at (74,354) size 75x260
          RenderListItem {LI} at (40,0) size 15x20
            RenderListMarker at (-25,0) size 20x19: "N"
            RenderText {#text} at (0,0) size 12x19
              text run at (0,0) width 12: "N"
          RenderListItem {LI} at (40,20) size 15x20
            RenderListMarker at (-25,0) size 20x19: "O"
            RenderText {#text} at (0,0) size 12x19
              text run at (0,0) width 12: "O"
          RenderListItem {LI} at (40,40) size 15x20
            RenderListMarker at (-22,0) size 17x19: "P"
            RenderText {#text} at (0,0) size 9x19
              text run at (0,0) width 9: "P"
          RenderListItem {LI} at (40,60) size 15x20
            RenderListMarker at (-25,0) size 20x19: "Q"
            RenderText {#text} at (0,0) size 12x19
              text run at (0,0) width 12: "Q"
          RenderListItem {LI} at (40,80) size 15x20
            RenderListMarker at (-23,0) size 18x19: "R"
            RenderText {#text} at (0,0) size 10x19
              text run at (0,0) width 10: "R"
          RenderListItem {LI} at (40,100) size 15x20
            RenderListMarker at (-22,0) size 17x19: "S"
            RenderText {#text} at (0,0) size 9x19
              text run at (0,0) width 9: "S"
          RenderListItem {LI} at (40,120) size 15x20
            RenderListMarker at (-22,0) size 17x19: "T"
            RenderText {#text} at (0,0) size 9x19
              text run at (0,0) width 9: "T"
          RenderListItem {LI} at (40,140) size 15x20
            RenderListMarker at (-24,0) size 19x19: "U"
            RenderText {#text} at (0,0) size 11x19
              text run at (0,0) width 11: "U"
          RenderListItem {LI} at (40,160) size 15x20
            RenderListMarker at (-24,0) size 19x19: "V"
            RenderText {#text} at (0,0) size 11x19
              text run at (0,0) width 11: "V"
          RenderListItem {LI} at (40,180) size 15x20
            RenderListMarker at (-28,0) size 23x19: "W"
            RenderText {#text} at (0,0) size 15x19
              text run at (0,0) width 15: "W"
          RenderListItem {LI} at (40,200) size 15x20
            RenderListMarker at (-24,0) size 19x19: "X"
            RenderText {#text} at (0,0) size 11x19
              text run at (0,0) width 11: "X"
          RenderListItem {LI} at (40,220) size 15x20
            RenderListMarker at (-24,0) size 19x19: "Y"
            RenderText {#text} at (0,0) size 11x19
              text run at (0,0) width 11: "Y"
          RenderListItem {LI} at (40,240) size 15x20
            RenderListMarker at (-22,0) size 17x19: "Z"
            RenderText {#text} at (0,0) size 9x19
              text run at (0,0) width 9: "Z"
      RenderBlock {DIV} at (0,12199) size 769x319
        RenderBlock {H2} at (0,292) size 769x27
          RenderText {#text} at (0,0) size 127x26
            text run at (0,0) width 127: "upper-greek"
        RenderBlock (floating) {OL} at (0,354) size 74x240
          RenderListItem {LI} at (40,0) size 14x20
            RenderListMarker at (-24,0) size 19x19: "\x{391}"
            RenderText {#text} at (0,0) size 11x19
              text run at (0,0) width 11: "\x{391}"
          RenderListItem {LI} at (40,20) size 14x20
            RenderListMarker at (-23,0) size 18x19: "\x{392}"
            RenderText {#text} at (0,0) size 10x19
              text run at (0,0) width 10: "\x{392}"
          RenderListItem {LI} at (40,40) size 14x20
            RenderListMarker at (-22,0) size 17x19: "\x{393}"
            RenderText {#text} at (0,0) size 9x19
              text run at (0,0) width 9: "\x{393}"
          RenderListItem {LI} at (40,60) size 14x20
            RenderListMarker at (-23,0) size 18x19: "\x{394}"
            RenderText {#text} at (0,0) size 10x19
              text run at (0,0) width 10: "\x{394}"
          RenderListItem {LI} at (40,80) size 14x20
            RenderListMarker at (-22,0) size 17x19: "\x{395}"
            RenderText {#text} at (0,0) size 9x19
              text run at (0,0) width 9: "\x{395}"
          RenderListItem {LI} at (40,100) size 14x20
            RenderListMarker at (-22,0) size 17x19: "\x{396}"
            RenderText {#text} at (0,0) size 9x19
              text run at (0,0) width 9: "\x{396}"
          RenderListItem {LI} at (40,120) size 14x20
            RenderListMarker at (-24,0) size 19x19: "\x{397}"
            RenderText {#text} at (0,0) size 11x19
              text run at (0,0) width 11: "\x{397}"
          RenderListItem {LI} at (40,140) size 14x20
            RenderListMarker at (-25,0) size 20x19: "\x{398}"
            RenderText {#text} at (0,0) size 12x19
              text run at (0,0) width 12: "\x{398}"
          RenderListItem {LI} at (40,160) size 14x20
            RenderListMarker at (-18,0) size 13x19: "\x{399}"
            RenderText {#text} at (0,0) size 5x19
              text run at (0,0) width 5: "\x{399}"
          RenderListItem {LI} at (40,180) size 14x20
            RenderListMarker at (-25,0) size 20x19: "\x{39A}"
            RenderText {#text} at (0,0) size 12x19
              text run at (0,0) width 12: "\x{39A}"
          RenderListItem {LI} at (40,200) size 14x20
            RenderListMarker at (-25,0) size 20x19: "\x{39B}"
            RenderText {#text} at (0,0) size 12x19
              text run at (0,0) width 12: "\x{39B}"
          RenderListItem {LI} at (40,220) size 14x20
            RenderListMarker at (-27,0) size 22x19: "\x{39C}"
            RenderText {#text} at (0,0) size 14x19
              text run at (0,0) width 14: "\x{39C}"
        RenderBlock (floating) {OL} at (74,354) size 72x240
          RenderListItem {LI} at (40,0) size 12x20
            RenderListMarker at (-25,0) size 20x19: "\x{39D}"
            RenderText {#text} at (0,0) size 12x19
              text run at (0,0) width 12: "\x{39D}"
          RenderListItem {LI} at (40,20) size 12x20
            RenderListMarker at (-23,0) size 18x19: "\x{39E}"
            RenderText {#text} at (0,0) size 10x19
              text run at (0,0) width 10: "\x{39E}"
          RenderListItem {LI} at (40,40) size 12x20
            RenderListMarker at (-25,0) size 20x19: "\x{39F}"
            RenderText {#text} at (0,0) size 12x19
              text run at (0,0) width 12: "\x{39F}"
          RenderListItem {LI} at (40,60) size 12x20
            RenderListMarker at (-24,0) size 19x19: "\x{3A0}"
            RenderText {#text} at (0,0) size 11x19
              text run at (0,0) width 11: "\x{3A0}"
          RenderListItem {LI} at (40,80) size 12x20
            RenderListMarker at (-22,0) size 17x19: "\x{3A1}"
            RenderText {#text} at (0,0) size 9x19
              text run at (0,0) width 9: "\x{3A1}"
          RenderListItem {LI} at (40,100) size 12x20
            RenderListMarker at (-22,0) size 17x19: "\x{3A3}"
            RenderText {#text} at (0,0) size 9x19
              text run at (0,0) width 9: "\x{3A3}"
          RenderListItem {LI} at (40,120) size 12x20
            RenderListMarker at (-22,0) size 17x19: "\x{3A4}"
            RenderText {#text} at (0,0) size 9x19
              text run at (0,0) width 9: "\x{3A4}"
          RenderListItem {LI} at (40,140) size 12x20
            RenderListMarker at (-24,0) size 19x19: "\x{3A5}"
            RenderText {#text} at (0,0) size 11x19
              text run at (0,0) width 11: "\x{3A5}"
          RenderListItem {LI} at (40,160) size 12x20
            RenderListMarker at (-24,0) size 19x19: "\x{3A6}"
            RenderText {#text} at (0,0) size 11x19
              text run at (0,0) width 11: "\x{3A6}"
          RenderListItem {LI} at (40,180) size 12x20
            RenderListMarker at (-24,0) size 19x19: "\x{3A7}"
            RenderText {#text} at (0,0) size 11x19
              text run at (0,0) width 11: "\x{3A7}"
          RenderListItem {LI} at (40,200) size 12x20
            RenderListMarker at (-25,0) size 20x19: "\x{3A8}"
            RenderText {#text} at (0,0) size 12x19
              text run at (0,0) width 12: "\x{3A8}"
          RenderListItem {LI} at (40,220) size 12x20
            RenderListMarker at (-25,0) size 20x19: "\x{3A9}"
            RenderText {#text} at (0,0) size 12x19
              text run at (0,0) width 12: "\x{3A9}"
      RenderBlock {DIV} at (0,12537) size 769x299
        RenderBlock {H2} at (0,272) size 769x27
          RenderText {#text} at (0,0) size 177x26
            text run at (0,0) width 177: "upper-norwegian"
        RenderBlock (floating) {OL} at (0,334) size 72x240
          RenderListItem {LI} at (40,0) size 12x20
            RenderListMarker at (-24,0) size 19x19: "A"
            RenderText {#text} at (0,0) size 11x19
              text run at (0,0) width 11: "A"
          RenderListItem {LI} at (40,20) size 12x20
            RenderListMarker at (-23,0) size 18x19: "B"
            RenderText {#text} at (0,0) size 10x19
              text run at (0,0) width 10: "B"
          RenderListItem {LI} at (40,40) size 12x20
            RenderListMarker at (-24,0) size 19x19: "C"
            RenderText {#text} at (0,0) size 11x19
              text run at (0,0) width 11: "C"
          RenderListItem {LI} at (40,60) size 12x20
            RenderListMarker at (-24,0) size 19x19: "D"
            RenderText {#text} at (0,0) size 11x19
              text run at (0,0) width 11: "D"
          RenderListItem {LI} at (40,80) size 12x20
            RenderListMarker at (-22,0) size 17x19: "E"
            RenderText {#text} at (0,0) size 9x19
              text run at (0,0) width 9: "E"
          RenderListItem {LI} at (40,100) size 12x20
            RenderListMarker at (-22,0) size 17x19: "F"
            RenderText {#text} at (0,0) size 9x19
              text run at (0,0) width 9: "F"
          RenderListItem {LI} at (40,120) size 12x20
            RenderListMarker at (-24,0) size 19x19: "G"
            RenderText {#text} at (0,0) size 11x19
              text run at (0,0) width 11: "G"
          RenderListItem {LI} at (40,140) size 12x20
            RenderListMarker at (-24,0) size 19x19: "H"
            RenderText {#text} at (0,0) size 11x19
              text run at (0,0) width 11: "H"
          RenderListItem {LI} at (40,160) size 12x20
            RenderListMarker at (-18,0) size 13x19: "I"
            RenderText {#text} at (0,0) size 5x19
              text run at (0,0) width 5: "I"
          RenderListItem {LI} at (40,180) size 12x20
            RenderListMarker at (-19,0) size 14x19: "J"
            RenderText {#text} at (0,0) size 6x19
              text run at (0,0) width 6: "J"
          RenderListItem {LI} at (40,200) size 12x20
            RenderListMarker at (-25,0) size 20x19: "K"
            RenderText {#text} at (0,0) size 12x19
              text run at (0,0) width 12: "K"
          RenderListItem {LI} at (40,220) size 12x20
            RenderListMarker at (-22,0) size 17x19: "L"
            RenderText {#text} at (0,0) size 9x19
              text run at (0,0) width 9: "L"
        RenderBlock (floating) {OL} at (72,334) size 75x240
          RenderListItem {LI} at (40,0) size 15x20
            RenderListMarker at (-27,0) size 22x19: "M"
            RenderText {#text} at (0,0) size 14x19
              text run at (0,0) width 14: "M"
          RenderListItem {LI} at (40,20) size 15x20
            RenderListMarker at (-25,0) size 20x19: "N"
            RenderText {#text} at (0,0) size 12x19
              text run at (0,0) width 12: "N"
          RenderListItem {LI} at (40,40) size 15x20
            RenderListMarker at (-25,0) size 20x19: "O"
            RenderText {#text} at (0,0) size 12x19
              text run at (0,0) width 12: "O"
          RenderListItem {LI} at (40,60) size 15x20
            RenderListMarker at (-22,0) size 17x19: "P"
            RenderText {#text} at (0,0) size 9x19
              text run at (0,0) width 9: "P"
          RenderListItem {LI} at (40,80) size 15x20
            RenderListMarker at (-25,0) size 20x19: "Q"
            RenderText {#text} at (0,0) size 12x19
              text run at (0,0) width 12: "Q"
          RenderListItem {LI} at (40,100) size 15x20
            RenderListMarker at (-23,0) size 18x19: "R"
            RenderText {#text} at (0,0) size 10x19
              text run at (0,0) width 10: "R"
          RenderListItem {LI} at (40,120) size 15x20
            RenderListMarker at (-22,0) size 17x19: "S"
            RenderText {#text} at (0,0) size 9x19
              text run at (0,0) width 9: "S"
          RenderListItem {LI} at (40,140) size 15x20
            RenderListMarker at (-22,0) size 17x19: "T"
            RenderText {#text} at (0,0) size 9x19
              text run at (0,0) width 9: "T"
          RenderListItem {LI} at (40,160) size 15x20
            RenderListMarker at (-24,0) size 19x19: "U"
            RenderText {#text} at (0,0) size 11x19
              text run at (0,0) width 11: "U"
          RenderListItem {LI} at (40,180) size 15x20
            RenderListMarker at (-24,0) size 19x19: "V"
            RenderText {#text} at (0,0) size 11x19
              text run at (0,0) width 11: "V"
          RenderListItem {LI} at (40,200) size 15x20
            RenderListMarker at (-28,0) size 23x19: "W"
            RenderText {#text} at (0,0) size 15x19
              text run at (0,0) width 15: "W"
          RenderListItem {LI} at (40,220) size 15x20
            RenderListMarker at (-24,0) size 19x19: "X"
            RenderText {#text} at (0,0) size 11x19
              text run at (0,0) width 11: "X"
        RenderBlock (floating) {OL} at (147,334) size 73x100
          RenderListItem {LI} at (40,0) size 13x20
            RenderListMarker at (-24,0) size 19x19: "Y"
            RenderText {#text} at (0,0) size 11x19
              text run at (0,0) width 11: "Y"
          RenderListItem {LI} at (40,20) size 13x20
            RenderListMarker at (-22,0) size 17x19: "Z"
            RenderText {#text} at (0,0) size 9x19
              text run at (0,0) width 9: "Z"
          RenderListItem {LI} at (40,40) size 13x20
            RenderListMarker at (-26,0) size 21x19: "\x{C6}"
            RenderText {#text} at (0,0) size 13x19
              text run at (0,0) width 13: "\x{C6}"
          RenderListItem {LI} at (40,60) size 13x20
            RenderListMarker at (-25,0) size 20x19: "\x{D8}"
            RenderText {#text} at (0,0) size 12x19
              text run at (0,0) width 12: "\x{D8}"
          RenderListItem {LI} at (40,80) size 13x20
            RenderListMarker at (-24,0) size 19x19: "\x{C5}"
            RenderText {#text} at (0,0) size 11x19
              text run at (0,0) width 11: "\x{C5}"
