layer at (0,0) size 800x600
  RenderView at (0,0) size 800x600
layer at (0,0) size 800x600
  RenderBlock {HTML} at (0,0) size 800x600
    RenderBody {BODY} at (8,8) size 784x584
      RenderTable {TABLE} at (0,0) size 161x58
        RenderTableSection {TBODY} at (0,0) size 161x58
          RenderTableRow {TR} at (0,2) size 161x54
            RenderTableCell {TD} at (2,2) size 157x54 [r=0 c=0 rs=1 cs=1]
              RenderBlock (anonymous) at (1,1) size 155x0
                RenderInline {SPAN} at (0,0) size 0x0
                  RenderText {#text} at (0,0) size 0x0
                  RenderInline {SPAN} at (0,0) size 0x0
                    RenderText {#text} at (0,0) size 0x0
                    RenderText {#text} at (0,0) size 0x0
                    RenderText {#text} at (0,0) size 0x0
                    RenderText {#text} at (0,0) size 0x0
              RenderBlock (anonymous) at (1,1) size 155x52
                RenderTable {TABLE} at (0,0) size 155x52
                  RenderTableSection {TBODY} at (0,0) size 155x52
                    RenderTableRow {TR} at (0,2) size 155x48
                      RenderTableCell {TD} at (2,2) size 151x48 [r=0 c=0 rs=1 cs=1]
                        RenderTable {TABLE} at (1,1) size 149x46
                          RenderTableSection {TBODY} at (0,0) size 149x46
                            RenderTableRow {TR} at (0,2) size 149x42
                              RenderTableCell {TD} at (2,2) size 145x42 [r=0 c=0 rs=1 cs=1]
                                RenderBlock {FORM} at (1,1) size 143x24
                                  RenderButton {INPUT} at (2,2) size 139x20 [bgcolor=#DDDDDD] [border: (2px outset #DDDDDD)]
                                    RenderBlock (anonymous) at (8,2) size 123x16
                                      RenderText at (0,0) size 123x16
                                        text run at (0,0) width 123: "ApplyForThisPosition"
                                  RenderText {#text} at (0,0) size 0x0
              RenderBlock (anonymous) at (1,53) size 155x0
                RenderInline {SPAN} at (0,0) size 0x0
                  RenderInline {SPAN} at (0,0) size 0x0
                  RenderText {#text} at (0,0) size 0x0
                RenderText {#text} at (0,0) size 0x0
