layer at (0,0) size 989x585
  RenderView at (0,0) size 800x585
layer at (0,0) size 989x585
  RenderBlock {HTML} at (0,0) size 800x585
    RenderBody {BODY} at (8,8) size 784x569
      RenderTable {TABLE} at (0,0) size 981x154 [border: (2px solid #0000FF)]
        RenderTableSection {TBODY} at (2,2) size 977x150
          RenderTableRow {TR} at (0,2) size 977x146
            RenderTableCell {TD} at (2,2) size 237x146 [border: (1px solid #C0C0C0)] [r=0 c=0 rs=1 cs=1]
              RenderTable {TABLE} at (2,2) size 233x142 [border: (2px solid #008000)]
                RenderTableSection {TBODY} at (2,2) size 229x138
                  RenderTableRow {TR} at (0,2) size 229x94
                    RenderTableCell {TD} at (2,2) size 225x94 [border: (1px solid #C0C0C0)] [r=0 c=0 rs=1 cs=1]
                      RenderTable {TABLE} at (2,2) size 171x38 [border: (2px solid #FF0000)]
                        RenderTableSection {TBODY} at (2,2) size 167x34
                          RenderTableRow {TR} at (0,2) size 167x30
                            RenderTableCell {TD} at (2,2) size 163x30 [border: (1px solid #C0C0C0)] [r=0 c=0 rs=1 cs=1]
                              RenderTextControl {INPUT} at (4,4) size 155x22 [bgcolor=#FFFFFF] [border: (2px inset #000000)]
                              RenderText {#text} at (0,0) size 0x0
                      RenderTable {TABLE} at (2,40) size 221x52 [border: (2px solid #FF0000)]
                        RenderTableSection {TBODY} at (2,2) size 217x48
                          RenderTableRow {TR} at (0,2) size 217x44
                            RenderTableCell {TD} at (2,2) size 213x44 [border: (1px solid #C0C0C0)] [r=0 c=0 rs=1 cs=1]
                              RenderText {#text} at (2,2) size 188x39
                                text run at (2,2) width 188: "THIS TABLE NEEDS TO BE"
                                text run at (2,22) width 39: "HERE"
                  RenderTableRow {TR} at (0,98) size 229x38
                    RenderTableCell {TD} at (2,98) size 225x38 [border: (1px solid #C0C0C0)] [r=1 c=0 rs=1 cs=1]
                      RenderTable {TABLE} at (2,2) size 221x34 [border: (2px solid #FF0000)]
                        RenderTableSection {TBODY} at (2,2) size 217x30
                          RenderTableRow {TR} at (0,2) size 217x26
                            RenderTableCell {TD} at (2,2) size 213x26 [border: (1px solid #C0C0C0)] [r=0 c=0 rs=1 cs=1]
                              RenderMenuList {SELECT} at (4,4) size 205x18 [bgcolor=#DDDDDD]
                                RenderBlock (anonymous) at (0,0) size 205x18
                                  RenderText at (4,1) size 182x16
                                    text run at (4,1) width 182: "USE THIS JAVASCRIPT HERE"
                              RenderText {#text} at (0,0) size 0x0
            RenderTableCell {TD} at (241,2) size 734x44 [border: (1px solid #C0C0C0)] [r=0 c=1 rs=1 cs=1]
              RenderText {#text} at (2,2) size 730x39
                text run at (2,2) width 730: "KEEPoTHEoTEXToHEREoASoLONGoASoPOSSIBLEooKEEPoTHEoTEXToHEREoASoLONGoASoPOSSIBLE"
                text run at (2,22) width 586: "THIS SIMULATES THE PROBLEM ON THE WWW.MAPBLAST.COM/ \"CREATE MAP\""
layer at (30,31) size 151x16 scrollWidth 158
  RenderBlock {DIV} at (2,3) size 151x16
    RenderText {#text} at (1,0) size 156x16
      text run at (1,0) width 156: "THIS NEEDS THIS VALUE"
