layer at (0,0) size 800x600
  RenderView at (0,0) size 800x600
layer at (0,0) size 800x516
  RenderBlock {HTML} at (0,0) size 800x516
    RenderBody {BODY} at (8,8) size 784x492
      RenderBlock {UL} at (186,0) size 412x192
        RenderListItem {LI} at (0,48) size 283x71
          RenderBlock {A} at (123,0) size 160x138 [color=#CCCCCC]
            RenderBlock {B} at (0,0) size 160x70 [border: (40px solid #00000000) (69px solid #CCCCCC) (40px solid #00000000)]
            RenderBlock {B} at (0,70) size 160x70 [border: (69px solid #CCCCCC) (40px solid #00000000) none (40px solid #00000000)]
            RenderBlock {SPAN} at (8,61) size 144x18 [color=#000000]
              RenderInline {ABBR} at (0,0) size 34x18
                RenderText {#text} at (18,0) size 34x18
                  text run at (18,0) width 34: "CSS"
              RenderText {#text} at (52,0) size 73x18
                text run at (52,0) width 73: " examples"
        RenderListItem {LI} at (0,119) size 246x71
          RenderBlock {A} at (0,0) size 160x138 [color=#CCCCCC]
            RenderBlock {B} at (0,0) size 160x70 [border: (40px solid #00000000) (69px solid #CCCCCC) (40px solid #00000000)]
            RenderBlock {B} at (0,70) size 160x70 [border: (69px solid #CCCCCC) (40px solid #00000000) none (40px solid #00000000)]
            RenderBlock {SPAN} at (8,61) size 144x18 [color=#000000]
              RenderText {#text} at (41,0) size 61x18
                text run at (41,0) width 61: "Favelets"
        RenderListItem {LI} at (246,119) size 160x71
          RenderBlock {A} at (0,0) size 160x138 [color=#CCCCCC]
            RenderBlock {B} at (0,0) size 160x70 [border: (40px solid #00000000) (69px solid #CCCCCC) (40px solid #00000000)]
            RenderBlock {B} at (0,70) size 160x70 [border: (69px solid #CCCCCC) (40px solid #00000000) none (40px solid #00000000)]
            RenderBlock {SPAN} at (8,61) size 144x18 [color=#000000]
              RenderInline {ABBR} at (0,0) size 23x18
                RenderText {#text} at (60,0) size 23x18
                  text run at (60,0) width 23: "CV"
        RenderListItem {LI} at (0,190) size 283x71
          RenderBlock {A} at (123,0) size 160x138 [color=#CCCCCC]
            RenderBlock {B} at (0,0) size 160x70 [border: (40px solid #00000000) (69px solid #CCCCCC) (40px solid #00000000)]
            RenderBlock {B} at (0,70) size 160x70 [border: (69px solid #CCCCCC) (40px solid #00000000) none (40px solid #00000000)]
            RenderBlock {SPAN} at (8,61) size 144x18 [color=#000000]
              RenderText {#text} at (61,0) size 22x18
                text run at (61,0) width 22: "log"
        RenderListItem {LI} at (0,261) size 246x71
          RenderBlock {A} at (0,0) size 160x138 [color=#CCCCCC]
            RenderBlock {B} at (0,0) size 160x70 [border: (40px solid #00000000) (69px solid #CCCCCC) (40px solid #00000000)]
            RenderBlock {B} at (0,70) size 160x70 [border: (69px solid #CCCCCC) (40px solid #00000000) none (40px solid #00000000)]
            RenderBlock {SPAN} at (8,61) size 144x18 [color=#000000]
              RenderText {#text} at (0,0) size 51x18
                text run at (0,0) width 51: "simple "
              RenderInline {ABBR} at (0,0) size 55x18
                RenderText {#text} at (51,0) size 55x18
                  text run at (51,0) width 55: "XHTML"
              RenderText {#text} at (106,0) size 37x18
                text run at (106,0) width 37: " tests"
        RenderListItem {LI} at (246,261) size 160x71
          RenderBlock {A} at (0,0) size 160x138 [color=#CCCCCC]
            RenderBlock {B} at (0,0) size 160x70 [border: (40px solid #00000000) (69px solid #CCCCCC) (40px solid #00000000)]
            RenderBlock {B} at (0,70) size 160x70 [border: (69px solid #CCCCCC) (40px solid #00000000) none (40px solid #00000000)]
            RenderBlock {SPAN} at (8,61) size 144x18 [color=#000000]
              RenderText {#text} at (37,0) size 70x18
                text run at (37,0) width 70: "entrances"
        RenderListItem {LI} at (0,332) size 283x71
          RenderBlock {A} at (123,0) size 160x138 [color=#CCCCCC]
            RenderBlock {B} at (0,0) size 160x70 [border: (40px solid #00000000) (69px solid #CCCCCC) (40px solid #00000000)]
            RenderBlock {B} at (0,70) size 160x70 [border: (69px solid #CCCCCC) (40px solid #00000000) none (40px solid #00000000)]
            RenderBlock {SPAN} at (8,61) size 144x18 [color=#000000]
              RenderText {#text} at (59,0) size 25x18
                text run at (59,0) width 25: "exit"
      RenderBlock {P} at (0,403) size 784x89
        RenderText {#text} at (326,32) size 132x25
          text run at (326,32) width 132: "Ceci n'est pas Flash."
