layer at (0,0) size 800x600
  RenderView at (0,0) size 800x600
layer at (0,0) size 800x600
  RenderBlock {HTML} at (0,0) size 800x600
    RenderBody {BODY} at (8,8) size 784x584
      RenderBlock {DIV} at (0,0) size 784x162
        RenderBR {BR} at (0,0) size 0x18
        RenderText {#text} at (0,18) size 326x18
          text run at (0,18) width 326: "-------------------------------------------------offsetLeft:12"
        RenderBR {BR} at (326,32) size 0x0
        RenderText {#text} at (0,36) size 326x18
          text run at (0,36) width 326: "-------------------------------------------------offsetLeft:10"
        RenderBR {BR} at (326,50) size 0x0
        RenderText {#text} at (0,54) size 318x18
          text run at (0,54) width 318: "-------------------------------------------------offsetLeft:8"
        RenderBR {BR} at (318,68) size 0x0
        RenderText {#text} at (0,72) size 318x18
          text run at (0,72) width 318: "-------------------------------------------------offsetLeft:0"
        RenderBR {BR} at (318,86) size 0x0
        RenderText {#text} at (0,90) size 326x18
          text run at (0,90) width 326: "-------------------------------------------------offsetTop:12"
        RenderBR {BR} at (326,104) size 0x0
        RenderText {#text} at (0,108) size 326x18
          text run at (0,108) width 326: "-------------------------------------------------offsetTop:10"
        RenderBR {BR} at (326,122) size 0x0
        RenderText {#text} at (0,126) size 318x18
          text run at (0,126) width 318: "-------------------------------------------------offsetTop:8"
        RenderBR {BR} at (318,140) size 0x0
        RenderText {#text} at (0,144) size 318x18
          text run at (0,144) width 318: "-------------------------------------------------offsetTop:0"
layer at (8,8) size 160x160
  RenderBlock (positioned) {DIV} at (8,8) size 160x160 [border: (5px solid #008000)]
layer at (23,23) size 100x100
  RenderBlock (relative positioned) {DIV} at (15,15) size 100x100 [border: (13px solid #0000FF)]
    RenderBlock {DIV} at (25,25) size 50x22 [border: (2px solid #FF0000)]
      RenderText {#text} at (2,2) size 18x18
        text run at (2,2) width 18: "jee"
