layer at (0,0) size 800x600
  RenderView at (0,0) size 800x600
layer at (0,0) size 800x600
  RenderBlock {HTML} at (0,0) size 800x600
    RenderBody {BODY} at (8,8) size 784x584
      RenderBlock {DIV} at (0,0) size 784x209
        RenderText {#text} at (0,190) size 126x19
          text run at (0,190) width 126: "Here is the iFrame: "
        RenderPartObject {IFRAME} at (126,0) size 204x204 [border: (2px inset #000000)]
          layer at (0,0) size 200x200
            RenderView at (0,0) size 200x200
          layer at (0,0) size 200x200
            RenderBlock {HTML} at (0,0) size 200x200
              RenderBody {BODY} at (8,8) size 184x184
        RenderText {#text} at (0,0) size 0x0
      RenderBlock {DIV} at (0,209) size 784x19
        RenderText {#text} at (0,0) size 74x19
          text run at (0,0) width 74: "about:blank"
