layer at (0,0) size 800x600
  RenderView at (0,0) size 800x600
layer at (0,0) size 800x600
  RenderBlock {HTML} at (0,0) size 800x600
    RenderBody {BODY} at (8,8) size 784x584
      RenderBlock {P} at (0,0) size 784x19
        RenderText {#text} at (0,0) size 474x19
          text run at (0,0) width 474: "You should see two 'hello world' frames below, each in 'view source' mode."
      RenderBlock {HR} at (0,33) size 784x2 [border: (1px inset #000000)]
      RenderBlock (anonymous) at (0,42) size 784x159
        RenderPartObject {IFRAME} at (0,0) size 304x154 [border: (2px inset #000000)]
          layer at (0,0) size 300x150
            RenderView at (0,0) size 300x150
          layer at (0,0) size 300x150 layerType: background only
          layer at (0,0) size 26x150
            RenderBlock (positioned) zI: -1 {DIV} at (0,0) size 26x150 [bgcolor=#F0F0F0] [border: (1px solid #808080) none]
          layer at (0,0) size 300x150 layerType: foreground only
            RenderBlock {HTML} at (0,0) size 300x150
              RenderBody {BODY} at (0,0) size 300x150
                RenderTable {TABLE} at (0,0) size 156x19
                  RenderTableSection {TBODY} at (0,0) size 156x19
                    RenderTableRow {TR} at (0,0) size 156x19
                      RenderTableCell {TD} at (0,5) size 26x13 [color=#808080] [bgcolor=#F0F0F0] [border: none (1px solid #808080) none] [r=0 c=0 rs=1 cs=1]
                        RenderInline (generated) at (0,0) size 5x13
                          RenderCounter at (18,0) size 5x13
                            text run at (18,0) width 5: "1"
                      RenderTableCell {TD} at (26,0) size 130x19 [r=0 c=1 rs=1 cs=1]
                        RenderInline {SPAN} at (0,0) size 24x19 [color=#881280]
                          RenderText {#text} at (5,0) size 24x19
                            text run at (5,0) width 24: "<p>"
                        RenderText {#text} at (29,0) size 68x19
                          text run at (29,0) width 68: "hello world"
                        RenderInline {SPAN} at (0,0) size 28x19 [color=#881280]
                          RenderText {#text} at (97,0) size 28x19
                            text run at (97,0) width 28: "</p>"
        RenderText {#text} at (304,140) size 4x19
          text run at (304,140) width 4: " "
        RenderPartObject {IFRAME} at (308,0) size 304x154 [border: (2px inset #000000)]
          layer at (0,0) size 300x150
            RenderView at (0,0) size 300x150
          layer at (0,0) size 300x150
            RenderBlock {HTML} at (0,0) size 300x150
              RenderFrameSet {FRAMESET} at (0,0) size 300x150
                RenderFrame {FRAME} at (0,0) size 300x150
                  layer at (0,0) size 300x150
                    RenderView at (0,0) size 300x150
                  layer at (0,0) size 300x150 layerType: background only
                  layer at (0,0) size 26x150
                    RenderBlock (positioned) zI: -1 {DIV} at (0,0) size 26x150 [bgcolor=#F0F0F0] [border: (1px solid #808080) none]
                  layer at (0,0) size 300x150 layerType: foreground only
                    RenderBlock {HTML} at (0,0) size 300x150
                      RenderBody {BODY} at (0,0) size 300x150
                        RenderTable {TABLE} at (0,0) size 156x19
                          RenderTableSection {TBODY} at (0,0) size 156x19
                            RenderTableRow {TR} at (0,0) size 156x19
                              RenderTableCell {TD} at (0,5) size 26x13 [color=#808080] [bgcolor=#F0F0F0] [border: none (1px solid #808080) none] [r=0 c=0 rs=1 cs=1]
                                RenderInline (generated) at (0,0) size 5x13
                                  RenderCounter at (18,0) size 5x13
                                    text run at (18,0) width 5: "1"
                              RenderTableCell {TD} at (26,0) size 130x19 [r=0 c=1 rs=1 cs=1]
                                RenderInline {SPAN} at (0,0) size 24x19 [color=#881280]
                                  RenderText {#text} at (5,0) size 24x19
                                    text run at (5,0) width 24: "<p>"
                                RenderText {#text} at (29,0) size 68x19
                                  text run at (29,0) width 68: "hello world"
                                RenderInline {SPAN} at (0,0) size 28x19 [color=#881280]
                                  RenderText {#text} at (97,0) size 28x19
                                    text run at (97,0) width 28: "</p>"
        RenderText {#text} at (0,0) size 0x0
        RenderText {#text} at (0,0) size 0x0
        RenderText {#text} at (0,0) size 0x0
