layer at (0,0) size 800x600
  RenderView at (0,0) size 800x600
layer at (0,0) size 800x600
  RenderBlock {HTML} at (0,0) size 800x600
    RenderBody {BODY} at (8,8) size 784x578
      RenderBlock (anonymous) at (0,0) size 784x38
        RenderText {#text} at (0,0) size 748x38
          text run at (0,0) width 480: "This tests whether alt text is shown for image-type form input elements with "
          text run at (480,0) width 268: "no src attribute. You should see \"Success\""
          text run at (0,19) width 221: "twice, followed by a blue rectangle."
      RenderBlock {P} at (0,52) size 784x0
      RenderBlock {FORM} at (0,52) size 784x94
        RenderImage {INPUT} at (0,0) size 53x19
        RenderBR {BR} at (53,19) size 0x0
        RenderImage {INPUT} at (0,19) size 100x50
        RenderBR {BR} at (100,69) size 0x0
        RenderImage {INPUT} at (0,69) size 75x25
        RenderBR {BR} at (75,94) size 0x0
