layer at (0,0) size 800x600
  RenderView at (0,0) size 800x600
layer at (0,0) size 800x600
  RenderBlock {HTML} at (0,0) size 800x600
    RenderBody {BODY} at (8,8) size 784x584
      RenderTable {TABLE} at (0,0) size 212x312 [border: (2px outset #808080)]
        RenderTableSection {TBODY} at (2,2) size 208x308
          RenderTableRow {TR} at (0,2) size 208x304
            RenderTableCell {TD} at (2,2) size 204x304 [border: (1px inset #808080)] [r=0 c=0 rs=1 cs=1]
layer at (14,14) size 200x300 clip at (14,14) size 184x300 scrollHeight 456
  RenderBlock {DIV} at (2,2) size 200x300
    RenderText {#text} at (0,0) size 131x19
      text run at (0,0) width 131: "Lots of overflow text."
    RenderBR {BR} at (131,14) size 0x0
    RenderText {#text} at (0,19) size 131x19
      text run at (0,19) width 131: "Lots of overflow text."
    RenderBR {BR} at (131,33) size 0x0
    RenderText {#text} at (0,38) size 131x19
      text run at (0,38) width 131: "Lots of overflow text."
    RenderBR {BR} at (131,52) size 0x0
    RenderText {#text} at (0,57) size 131x19
      text run at (0,57) width 131: "Lots of overflow text."
    RenderBR {BR} at (131,71) size 0x0
    RenderText {#text} at (0,76) size 131x19
      text run at (0,76) width 131: "Lots of overflow text."
    RenderBR {BR} at (131,90) size 0x0
    RenderText {#text} at (0,95) size 131x19
      text run at (0,95) width 131: "Lots of overflow text."
    RenderBR {BR} at (131,109) size 0x0
    RenderText {#text} at (0,114) size 131x19
      text run at (0,114) width 131: "Lots of overflow text."
    RenderBR {BR} at (131,128) size 0x0
    RenderText {#text} at (0,133) size 131x19
      text run at (0,133) width 131: "Lots of overflow text."
    RenderBR {BR} at (131,147) size 0x0
    RenderText {#text} at (0,152) size 131x19
      text run at (0,152) width 131: "Lots of overflow text."
    RenderBR {BR} at (131,166) size 0x0
    RenderText {#text} at (0,171) size 131x19
      text run at (0,171) width 131: "Lots of overflow text."
    RenderBR {BR} at (131,185) size 0x0
    RenderText {#text} at (0,190) size 131x19
      text run at (0,190) width 131: "Lots of overflow text."
    RenderBR {BR} at (131,204) size 0x0
    RenderText {#text} at (0,209) size 131x19
      text run at (0,209) width 131: "Lots of overflow text."
    RenderBR {BR} at (131,223) size 0x0
    RenderText {#text} at (0,228) size 131x19
      text run at (0,228) width 131: "Lots of overflow text."
    RenderBR {BR} at (131,242) size 0x0
    RenderText {#text} at (0,247) size 131x19
      text run at (0,247) width 131: "Lots of overflow text."
    RenderBR {BR} at (131,261) size 0x0
    RenderText {#text} at (0,266) size 131x19
      text run at (0,266) width 131: "Lots of overflow text."
    RenderBR {BR} at (131,280) size 0x0
    RenderText {#text} at (0,285) size 131x19
      text run at (0,285) width 131: "Lots of overflow text."
    RenderBR {BR} at (131,299) size 0x0
    RenderText {#text} at (0,304) size 131x19
      text run at (0,304) width 131: "Lots of overflow text."
    RenderBR {BR} at (131,318) size 0x0
    RenderText {#text} at (0,323) size 131x19
      text run at (0,323) width 131: "Lots of overflow text."
    RenderBR {BR} at (131,337) size 0x0
    RenderText {#text} at (0,342) size 131x19
      text run at (0,342) width 131: "Lots of overflow text."
    RenderBR {BR} at (131,356) size 0x0
    RenderText {#text} at (0,361) size 131x19
      text run at (0,361) width 131: "Lots of overflow text."
    RenderBR {BR} at (131,375) size 0x0
    RenderText {#text} at (0,380) size 131x19
      text run at (0,380) width 131: "Lots of overflow text."
    RenderBR {BR} at (131,394) size 0x0
    RenderText {#text} at (0,399) size 131x19
      text run at (0,399) width 131: "Lots of overflow text."
    RenderBR {BR} at (131,413) size 0x0
    RenderText {#text} at (0,418) size 131x19
      text run at (0,418) width 131: "Lots of overflow text."
    RenderBR {BR} at (131,432) size 0x0
    RenderText {#text} at (0,437) size 131x19
      text run at (0,437) width 131: "Lots of overflow text."
    RenderBR {BR} at (131,451) size 0x0
