layer at (0,0) size 784x1045
  RenderView at (0,0) size 784x584
layer at (0,0) size 784x1045
  RenderBlock {HTML} at (0,0) size 784x584
    RenderBody {BODY} at (0,0) size 784x584
      RenderText {#text} at (0,0) size 336x19
        text run at (0,0) width 336: "ffffffffffffffffffffffffffffffffffffffffffffffffffffffffffffffffffffffffffffffffffff"
      RenderBR {BR} at (336,14) size 0x0
      RenderText {#text} at (0,19) size 336x19
        text run at (0,19) width 336: "ffffffffffffffffffffffffffffffffffffffffffffffffffffffffffffffffffffffffffffffffffff"
      RenderBR {BR} at (336,33) size 0x0
      RenderText {#text} at (0,38) size 336x19
        text run at (0,38) width 336: "ffffffffffffffffffffffffffffffffffffffffffffffffffffffffffffffffffffffffffffffffffff"
      RenderBR {BR} at (336,52) size 0x0
      RenderText {#text} at (0,57) size 336x19
        text run at (0,57) width 336: "ffffffffffffffffffffffffffffffffffffffffffffffffffffffffffffffffffffffffffffffffffff"
      RenderBR {BR} at (336,71) size 0x0
      RenderText {#text} at (0,76) size 336x19
        text run at (0,76) width 336: "ffffffffffffffffffffffffffffffffffffffffffffffffffffffffffffffffffffffffffffffffffff"
      RenderBR {BR} at (336,90) size 0x0
      RenderText {#text} at (0,95) size 336x19
        text run at (0,95) width 336: "ffffffffffffffffffffffffffffffffffffffffffffffffffffffffffffffffffffffffffffffffffff"
      RenderBR {BR} at (336,109) size 0x0
      RenderText {#text} at (0,114) size 336x19
        text run at (0,114) width 336: "ffffffffffffffffffffffffffffffffffffffffffffffffffffffffffffffffffffffffffffffffffff"
      RenderBR {BR} at (336,128) size 0x0
      RenderText {#text} at (0,133) size 336x19
        text run at (0,133) width 336: "ffffffffffffffffffffffffffffffffffffffffffffffffffffffffffffffffffffffffffffffffffff"
      RenderBR {BR} at (336,147) size 0x0
      RenderText {#text} at (0,152) size 336x19
        text run at (0,152) width 336: "ffffffffffffffffffffffffffffffffffffffffffffffffffffffffffffffffffffffffffffffffffff"
      RenderBR {BR} at (336,166) size 0x0
      RenderText {#text} at (0,171) size 336x19
        text run at (0,171) width 336: "ffffffffffffffffffffffffffffffffffffffffffffffffffffffffffffffffffffffffffffffffffff"
      RenderBR {BR} at (336,185) size 0x0
      RenderText {#text} at (0,190) size 336x19
        text run at (0,190) width 336: "ffffffffffffffffffffffffffffffffffffffffffffffffffffffffffffffffffffffffffffffffffff"
      RenderBR {BR} at (336,204) size 0x0
      RenderText {#text} at (0,209) size 336x19
        text run at (0,209) width 336: "ffffffffffffffffffffffffffffffffffffffffffffffffffffffffffffffffffffffffffffffffffff"
      RenderBR {BR} at (336,223) size 0x0
      RenderText {#text} at (0,228) size 336x19
        text run at (0,228) width 336: "ffffffffffffffffffffffffffffffffffffffffffffffffffffffffffffffffffffffffffffffffffff"
      RenderBR {BR} at (336,242) size 0x0
      RenderText {#text} at (0,247) size 336x19
        text run at (0,247) width 336: "ffffffffffffffffffffffffffffffffffffffffffffffffffffffffffffffffffffffffffffffffffff"
      RenderBR {BR} at (336,261) size 0x0
      RenderText {#text} at (0,266) size 336x19
        text run at (0,266) width 336: "ffffffffffffffffffffffffffffffffffffffffffffffffffffffffffffffffffffffffffffffffffff"
      RenderBR {BR} at (336,280) size 0x0
      RenderText {#text} at (0,285) size 336x19
        text run at (0,285) width 336: "ffffffffffffffffffffffffffffffffffffffffffffffffffffffffffffffffffffffffffffffffffff"
      RenderBR {BR} at (336,299) size 0x0
      RenderText {#text} at (0,304) size 336x19
        text run at (0,304) width 336: "ffffffffffffffffffffffffffffffffffffffffffffffffffffffffffffffffffffffffffffffffffff"
      RenderBR {BR} at (336,318) size 0x0
      RenderText {#text} at (0,323) size 336x19
        text run at (0,323) width 336: "ffffffffffffffffffffffffffffffffffffffffffffffffffffffffffffffffffffffffffffffffffff"
      RenderBR {BR} at (336,337) size 0x0
      RenderText {#text} at (0,342) size 336x19
        text run at (0,342) width 336: "ffffffffffffffffffffffffffffffffffffffffffffffffffffffffffffffffffffffffffffffffffff"
      RenderBR {BR} at (336,356) size 0x0
      RenderText {#text} at (0,361) size 336x19
        text run at (0,361) width 336: "ffffffffffffffffffffffffffffffffffffffffffffffffffffffffffffffffffffffffffffffffffff"
      RenderBR {BR} at (336,375) size 0x0
      RenderText {#text} at (0,380) size 336x19
        text run at (0,380) width 336: "ffffffffffffffffffffffffffffffffffffffffffffffffffffffffffffffffffffffffffffffffffff"
      RenderBR {BR} at (336,394) size 0x0
      RenderText {#text} at (0,399) size 336x19
        text run at (0,399) width 336: "ffffffffffffffffffffffffffffffffffffffffffffffffffffffffffffffffffffffffffffffffffff"
      RenderBR {BR} at (336,413) size 0x0
      RenderText {#text} at (0,418) size 336x19
        text run at (0,418) width 336: "ffffffffffffffffffffffffffffffffffffffffffffffffffffffffffffffffffffffffffffffffffff"
      RenderBR {BR} at (336,432) size 0x0
      RenderText {#text} at (0,437) size 336x19
        text run at (0,437) width 336: "ffffffffffffffffffffffffffffffffffffffffffffffffffffffffffffffffffffffffffffffffffff"
      RenderBR {BR} at (336,451) size 0x0
      RenderText {#text} at (0,456) size 336x19
        text run at (0,456) width 336: "ffffffffffffffffffffffffffffffffffffffffffffffffffffffffffffffffffffffffffffffffffff"
      RenderBR {BR} at (336,470) size 0x0
      RenderText {#text} at (0,475) size 336x19
        text run at (0,475) width 336: "ffffffffffffffffffffffffffffffffffffffffffffffffffffffffffffffffffffffffffffffffffff"
      RenderBR {BR} at (336,489) size 0x0
      RenderText {#text} at (0,494) size 336x19
        text run at (0,494) width 336: "ffffffffffffffffffffffffffffffffffffffffffffffffffffffffffffffffffffffffffffffffffff"
      RenderBR {BR} at (336,508) size 0x0
      RenderText {#text} at (0,513) size 336x19
        text run at (0,513) width 336: "ffffffffffffffffffffffffffffffffffffffffffffffffffffffffffffffffffffffffffffffffffff"
      RenderBR {BR} at (336,527) size 0x0
      RenderText {#text} at (0,532) size 336x19
        text run at (0,532) width 336: "ffffffffffffffffffffffffffffffffffffffffffffffffffffffffffffffffffffffffffffffffffff"
      RenderBR {BR} at (336,546) size 0x0
      RenderText {#text} at (0,551) size 336x19
        text run at (0,551) width 336: "ffffffffffffffffffffffffffffffffffffffffffffffffffffffffffffffffffffffffffffffffffff"
      RenderBR {BR} at (336,565) size 0x0
      RenderText {#text} at (0,570) size 336x19
        text run at (0,570) width 336: "ffffffffffffffffffffffffffffffffffffffffffffffffffffffffffffffffffffffffffffffffffff"
      RenderBR {BR} at (336,584) size 0x0
      RenderText {#text} at (0,589) size 336x19
        text run at (0,589) width 336: "ffffffffffffffffffffffffffffffffffffffffffffffffffffffffffffffffffffffffffffffffffff"
      RenderBR {BR} at (336,603) size 0x0
      RenderText {#text} at (0,608) size 336x19
        text run at (0,608) width 336: "ffffffffffffffffffffffffffffffffffffffffffffffffffffffffffffffffffffffffffffffffffff"
      RenderBR {BR} at (336,622) size 0x0
      RenderText {#text} at (0,627) size 336x19
        text run at (0,627) width 336: "ffffffffffffffffffffffffffffffffffffffffffffffffffffffffffffffffffffffffffffffffffff"
      RenderBR {BR} at (336,641) size 0x0
      RenderText {#text} at (0,646) size 336x19
        text run at (0,646) width 336: "ffffffffffffffffffffffffffffffffffffffffffffffffffffffffffffffffffffffffffffffffffff"
      RenderBR {BR} at (336,660) size 0x0
      RenderText {#text} at (0,665) size 336x19
        text run at (0,665) width 336: "ffffffffffffffffffffffffffffffffffffffffffffffffffffffffffffffffffffffffffffffffffff"
      RenderBR {BR} at (336,679) size 0x0
      RenderText {#text} at (0,684) size 336x19
        text run at (0,684) width 336: "ffffffffffffffffffffffffffffffffffffffffffffffffffffffffffffffffffffffffffffffffffff"
      RenderBR {BR} at (336,698) size 0x0
      RenderText {#text} at (0,703) size 336x19
        text run at (0,703) width 336: "ffffffffffffffffffffffffffffffffffffffffffffffffffffffffffffffffffffffffffffffffffff"
      RenderBR {BR} at (336,717) size 0x0
      RenderText {#text} at (0,722) size 336x19
        text run at (0,722) width 336: "ffffffffffffffffffffffffffffffffffffffffffffffffffffffffffffffffffffffffffffffffffff"
      RenderBR {BR} at (336,736) size 0x0
      RenderText {#text} at (0,741) size 336x19
        text run at (0,741) width 336: "ffffffffffffffffffffffffffffffffffffffffffffffffffffffffffffffffffffffffffffffffffff"
      RenderBR {BR} at (336,755) size 0x0
      RenderText {#text} at (0,760) size 336x19
        text run at (0,760) width 336: "ffffffffffffffffffffffffffffffffffffffffffffffffffffffffffffffffffffffffffffffffffff"
      RenderBR {BR} at (336,774) size 0x0
      RenderText {#text} at (0,779) size 336x19
        text run at (0,779) width 336: "ffffffffffffffffffffffffffffffffffffffffffffffffffffffffffffffffffffffffffffffffffff"
      RenderBR {BR} at (336,793) size 0x0
      RenderText {#text} at (0,798) size 336x19
        text run at (0,798) width 336: "ffffffffffffffffffffffffffffffffffffffffffffffffffffffffffffffffffffffffffffffffffff"
      RenderBR {BR} at (336,812) size 0x0
      RenderText {#text} at (0,817) size 336x19
        text run at (0,817) width 336: "ffffffffffffffffffffffffffffffffffffffffffffffffffffffffffffffffffffffffffffffffffff"
      RenderBR {BR} at (336,831) size 0x0
      RenderText {#text} at (0,836) size 336x19
        text run at (0,836) width 336: "ffffffffffffffffffffffffffffffffffffffffffffffffffffffffffffffffffffffffffffffffffff"
      RenderBR {BR} at (336,850) size 0x0
      RenderText {#text} at (0,855) size 336x19
        text run at (0,855) width 336: "ffffffffffffffffffffffffffffffffffffffffffffffffffffffffffffffffffffffffffffffffffff"
      RenderBR {BR} at (336,869) size 0x0
      RenderText {#text} at (0,874) size 336x19
        text run at (0,874) width 336: "ffffffffffffffffffffffffffffffffffffffffffffffffffffffffffffffffffffffffffffffffffff"
      RenderBR {BR} at (336,888) size 0x0
      RenderText {#text} at (0,893) size 336x19
        text run at (0,893) width 336: "ffffffffffffffffffffffffffffffffffffffffffffffffffffffffffffffffffffffffffffffffffff"
      RenderBR {BR} at (336,907) size 0x0
      RenderText {#text} at (0,912) size 336x19
        text run at (0,912) width 336: "ffffffffffffffffffffffffffffffffffffffffffffffffffffffffffffffffffffffffffffffffffff"
      RenderBR {BR} at (336,926) size 0x0
      RenderText {#text} at (0,931) size 336x19
        text run at (0,931) width 336: "ffffffffffffffffffffffffffffffffffffffffffffffffffffffffffffffffffffffffffffffffffff"
      RenderBR {BR} at (336,945) size 0x0
      RenderText {#text} at (0,950) size 336x19
        text run at (0,950) width 336: "ffffffffffffffffffffffffffffffffffffffffffffffffffffffffffffffffffffffffffffffffffff"
      RenderBR {BR} at (336,964) size 0x0
      RenderText {#text} at (0,969) size 336x19
        text run at (0,969) width 336: "ffffffffffffffffffffffffffffffffffffffffffffffffffffffffffffffffffffffffffffffffffff"
      RenderBR {BR} at (336,983) size 0x0
      RenderText {#text} at (0,988) size 336x19
        text run at (0,988) width 336: "ffffffffffffffffffffffffffffffffffffffffffffffffffffffffffffffffffffffffffffffffffff"
      RenderBR {BR} at (336,1002) size 0x0
      RenderText {#text} at (0,1007) size 336x19
        text run at (0,1007) width 336: "ffffffffffffffffffffffffffffffffffffffffffffffffffffffffffffffffffffffffffffffffffff"
      RenderBR {BR} at (336,1021) size 0x0
      RenderText {#text} at (0,1026) size 336x19
        text run at (0,1026) width 336: "ffffffffffffffffffffffffffffffffffffffffffffffffffffffffffffffffffffffffffffffffffff"
      RenderBR {BR} at (336,1040) size 0x0
