layer at (0,0) size 800x600
  RenderView at (0,0) size 800x600
layer at (0,0) size 800x600
  RenderBlock {HTML} at (0,0) size 800x600
    RenderBody {BODY} at (8,8) size 784x578
      RenderBlock {P} at (0,0) size 784x40
        RenderText {#text} at (0,0) size 53x19
          text run at (0,0) width 53: "Test for "
        RenderInline {I} at (0,0) size 751x39
          RenderInline {A} at (0,0) size 294x19 [color=#0000EE]
            RenderText {#text} at (53,0) size 294x19
              text run at (53,0) width 294: "http://bugs.webkit.org/show_bug.cgi?id=13353"
          RenderText {#text} at (347,0) size 751x39
            text run at (347,0) width 4: " "
            text run at (351,0) width 400: "REGRESSION (r20754-20766): Textarea does not resize when"
            text run at (0,20) width 120: "scrollbar is present"
        RenderText {#text} at (120,20) size 4x19
          text run at (120,20) width 4: "."
      RenderBlock {P} at (0,54) size 784x19
        RenderText {#text} at (0,0) size 753x19
          text run at (0,0) width 577: "To test interactively, verify that you can resize each of the boxes below. The automatic test "
          text run at (577,0) width 176: "resizes them to 125 by 125."
      RenderBlock (floating) {DIV} at (0,87) size 125x125 [bgcolor=#FF0000]
      RenderBlock (floating) {DIV} at (135,87) size 125x125 [bgcolor=#FF0000]
      RenderBlock (floating) {DIV} at (270,87) size 125x125 [bgcolor=#FF0000]
      RenderBlock (floating) {DIV} at (405,87) size 125x125 [bgcolor=#FF0000]
layer at (8,95) size 125x125
  RenderBlock {DIV} at (0,0) size 125x125 [bgcolor=#008000]
    RenderBlock {DIV} at (0,0) size 100x100
layer at (143,95) size 125x125 clip at (143,95) size 109x109
  RenderBlock {DIV} at (0,0) size 125x125 [bgcolor=#008000]
    RenderBlock {DIV} at (0,0) size 100x100
layer at (278,95) size 125x125 clip at (278,95) size 109x125
  RenderBlock {DIV} at (0,0) size 125x125 [bgcolor=#008000]
    RenderBlock {DIV} at (0,0) size 100x100
layer at (413,95) size 125x125 clip at (413,95) size 125x109
  RenderBlock {DIV} at (0,0) size 125x125 [bgcolor=#008000]
    RenderBlock {DIV} at (0,0) size 100x100
