layer at (0,0) size 800x600
  RenderView at (0,0) size 800x600
layer at (0,0) size 800x600
  RenderBlock {HTML} at (0,0) size 800x600
    RenderBody {BODY} at (8,8) size 784x584
layer at (8,8) size 159x100 clip at (18,18) size 139x80
  RenderBlock (floating) {DIV} at (0,0) size 159x100 [border: (10px solid #FF0000)]
    RenderImage {IMG} at (10,10) size 86x66
    RenderBlock {DIV} at (10,10) size 139x16
      RenderText {#text} at (92,0) size 6x16
        text run at (92,0) width 6: "x"
    RenderBlock {DIV} at (10,26) size 139x64
      RenderText {#text} at (92,0) size 44x64
        text run at (92,0) width 40: "Ted and"
        text run at (92,16) width 15: "the"
        text run at (92,32) width 44: "miniature"
        text run at (92,48) width 31: "Teddy"
