layer at (0,0) size 5338x600
  RenderView at (0,0) size 800x600
layer at (0,0) size 5338x169
  RenderBlock {HTML} at (0,0) size 800x169
    RenderBody {BODY} at (8,14) size 784x147
      RenderBlock {P} at (0,0) size 784x57
        RenderText {#text} at (0,0) size 771x57
          text run at (0,0) width 771: "This tests the interaction of overflow on some very wide text with auto table layout. The CSS 2.1 spec does not define how"
          text run at (0,19) width 768: "overflow interacts with intrinsic width, so we copy the IE behavior. Therefore the lines should come out very very wide and"
          text run at (0,38) width 175: "scroll along with the border."
      RenderTable {TABLE} at (0,71) size 5330x76 [border: (1px solid #FF0000)]
        RenderTableSection {TBODY} at (1,1) size 5328x74
          RenderTableRow {TR} at (0,2) size 5328x70
            RenderTableCell {TD} at (2,2) size 5324x70 [r=0 c=0 rs=1 cs=1]
layer at (12,103) size 5322x40 clip at (13,104) size 5320x38
  RenderBlock {PRE} at (1,15) size 5322x40 [border: (1px solid #0000FF)]
    RenderText {#text} at (1,1) size 5320x38
      text run at (1,1) width 2240: "this is a very long line this is a very long line this is a very long line this is a very long line this is a very long line this is a very long line this is a very long line this is a very long line this is a very long line this is a very long line this is a very long line this is a very long line this is a very long line this is a very long line this is a very long line this is a very long line "
      text run at (2241,1) width 0: " "
      text run at (1,20) width 5320: "this is a very long line this is a very long line this is a very long line this is a very long line this is a very long line this is a very long line this is a very long line this is a very long line this is a very long line this is a very long line this is a very long line this is a very long line this is a very long line this is a very long line this is a very long line this is a very long line this is a very long line this is a very long line this is a very long line this is a very long line this is a very long line this is a very long line this is a very long line this is a very long line this is a very long line this is a very long line this is a very long line this is a very long line this is a very long line this is a very long line this is a very long line this is a very long line this is a very long line this is a very long line this is a very long line this is a very long line this is a very long line this is a very long line "
      text run at (5321,20) width 0: " "
