layer at (0,0) size 800x600
  RenderView at (0,0) size 800x600
layer at (0,0) size 800x600
  RenderBlock {HTML} at (0,0) size 800x600
    RenderBody {BODY} at (8,8) size 784x584
      RenderBlock {P} at (0,0) size 784x40
        RenderText {#text} at (0,0) size 219x19
          text run at (0,0) width 219: "This tests for a regression against "
        RenderInline {I} at (0,0) size 706x39
          RenderInline {A} at (0,0) size 337x19 [color=#0000EE]
            RenderText {#text} at (219,0) size 337x19
              text run at (219,0) width 337: "http://bugzilla.opendarwin.org/show_bug.cgi?id=6618"
          RenderText {#text} at (556,0) size 706x39
            text run at (556,0) width 4: " "
            text run at (560,0) width 146: "Inline in RTL block with"
            text run at (0,20) width 339: "overflow:auto and left border makes scroll bar appear"
        RenderText {#text} at (339,20) size 4x19
          text run at (339,20) width 4: "."
      RenderBlock {HR} at (0,54) size 784x2 [border: (1px inset #000000)]
layer at (8,71) size 784x20 clip at (18,71) size 774x20
  RenderBlock {DIV} at (0,63) size 784x20 [border: (10px solid #0000FF)]
    RenderText {#text} at (471,0) size 313x19
      text run at (471,0) width 114: "This block should "
      text run at (780,0) width 4 RTL: "."
    RenderInline {EM} at (0,0) size 20x19
      RenderText {#text} at (585,0) size 20x19
        text run at (585,0) width 20: "not"
    RenderText {#text} at (605,0) size 175x19
      text run at (605,0) width 175: " have a horizontal scroll bar"
