layer at (0,0) size 800x600
  RenderView at (0,0) size 800x600
layer at (0,0) size 800x600
  RenderBlock {HTML} at (0,0) size 800x600
    RenderBody {BODY} at (8,8) size 784x584
      RenderTable {TABLE} at (0,0) size 106x106
        RenderTableSection {TBODY} at (0,0) size 106x106
          RenderTableRow {TR} at (0,2) size 106x102
            RenderTableCell {TD} at (2,2) size 102x102 [bgcolor=#CCCCCC] [r=0 c=0 rs=1 cs=1]
      RenderBlock (anonymous) at (0,106) size 784x134
        RenderText {#text} at (0,0) size 776x38
          text run at (0,0) width 776: "Here it is: a gray, one-cell, no-width-specified table, with a 100x100 scrolling (overflow:auto) div inside. In this div, there are"
          text run at (0,19) width 342: "floating (float: left) span tags with content inside (text)."
        RenderBR {BR} at (342,33) size 0x0
        RenderBR {BR} at (0,38) size 0x19
        RenderText {#text} at (0,57) size 736x38
          text run at (0,57) width 736: "You would expect that the table would expand to fit the defined width of the div tag. But in Safari and Shiira, the table"
          text run at (0,76) width 196: "expands to fit the height of the "
        RenderInline {I} at (0,0) size 134x19
          RenderText {#text} at (196,76) size 134x19
            text run at (196,76) width 134: "content inside the div"
        RenderText {#text} at (330,76) size 779x39
          text run at (330,76) width 449: ", not the height of the div. This behavior does not occur if the content is"
          text run at (0,96) width 71: "not floated."
        RenderBR {BR} at (71,110) size 0x0
        RenderBR {BR} at (0,115) size 0x19
layer at (11,11) size 100x100 clip at (11,11) size 84x100 scrollHeight 228
  RenderBlock {DIV} at (1,1) size 100x100
    RenderBlock (floating) {SPAN} at (0,0) size 27x19
      RenderText {#text} at (0,0) size 27x19
        text run at (0,0) width 27: "stuff"
    RenderBlock (floating) {SPAN} at (27,0) size 27x19
      RenderText {#text} at (0,0) size 27x19
        text run at (0,0) width 27: "stuff"
    RenderBlock (floating) {SPAN} at (54,0) size 27x19
      RenderText {#text} at (0,0) size 27x19
        text run at (0,0) width 27: "stuff"
    RenderBlock (floating) {SPAN} at (0,19) size 27x19
      RenderText {#text} at (0,0) size 27x19
        text run at (0,0) width 27: "stuff"
    RenderBlock (floating) {SPAN} at (27,19) size 27x19
      RenderText {#text} at (0,0) size 27x19
        text run at (0,0) width 27: "stuff"
    RenderBlock (floating) {SPAN} at (54,19) size 27x19
      RenderText {#text} at (0,0) size 27x19
        text run at (0,0) width 27: "stuff"
    RenderBlock (floating) {SPAN} at (0,38) size 27x19
      RenderText {#text} at (0,0) size 27x19
        text run at (0,0) width 27: "stuff"
    RenderBlock (floating) {SPAN} at (27,38) size 27x19
      RenderText {#text} at (0,0) size 27x19
        text run at (0,0) width 27: "stuff"
    RenderBlock (floating) {SPAN} at (54,38) size 27x19
      RenderText {#text} at (0,0) size 27x19
        text run at (0,0) width 27: "stuff"
    RenderBlock (floating) {SPAN} at (0,57) size 27x19
      RenderText {#text} at (0,0) size 27x19
        text run at (0,0) width 27: "stuff"
    RenderBlock (floating) {SPAN} at (27,57) size 27x19
      RenderText {#text} at (0,0) size 27x19
        text run at (0,0) width 27: "stuff"
    RenderBlock (floating) {SPAN} at (54,57) size 27x19
      RenderText {#text} at (0,0) size 27x19
        text run at (0,0) width 27: "stuff"
    RenderBlock (floating) {SPAN} at (0,76) size 27x19
      RenderText {#text} at (0,0) size 27x19
        text run at (0,0) width 27: "stuff"
    RenderBlock (floating) {SPAN} at (27,76) size 27x19
      RenderText {#text} at (0,0) size 27x19
        text run at (0,0) width 27: "stuff"
    RenderBlock (floating) {SPAN} at (54,76) size 27x19
      RenderText {#text} at (0,0) size 27x19
        text run at (0,0) width 27: "stuff"
    RenderBlock (floating) {SPAN} at (0,95) size 27x19
      RenderText {#text} at (0,0) size 27x19
        text run at (0,0) width 27: "stuff"
    RenderBlock (floating) {SPAN} at (27,95) size 27x19
      RenderText {#text} at (0,0) size 27x19
        text run at (0,0) width 27: "stuff"
    RenderBlock (floating) {SPAN} at (54,95) size 27x19
      RenderText {#text} at (0,0) size 27x19
        text run at (0,0) width 27: "stuff"
    RenderBlock (floating) {SPAN} at (0,114) size 27x19
      RenderText {#text} at (0,0) size 27x19
        text run at (0,0) width 27: "stuff"
    RenderBlock (floating) {SPAN} at (27,114) size 27x19
      RenderText {#text} at (0,0) size 27x19
        text run at (0,0) width 27: "stuff"
    RenderBlock (floating) {SPAN} at (54,114) size 27x19
      RenderText {#text} at (0,0) size 27x19
        text run at (0,0) width 27: "stuff"
    RenderBlock (floating) {SPAN} at (0,133) size 27x19
      RenderText {#text} at (0,0) size 27x19
        text run at (0,0) width 27: "stuff"
    RenderBlock (floating) {SPAN} at (27,133) size 27x19
      RenderText {#text} at (0,0) size 27x19
        text run at (0,0) width 27: "stuff"
    RenderBlock (floating) {SPAN} at (54,133) size 27x19
      RenderText {#text} at (0,0) size 27x19
        text run at (0,0) width 27: "stuff"
    RenderBlock (floating) {SPAN} at (0,152) size 27x19
      RenderText {#text} at (0,0) size 27x19
        text run at (0,0) width 27: "stuff"
    RenderBlock (floating) {SPAN} at (27,152) size 27x19
      RenderText {#text} at (0,0) size 27x19
        text run at (0,0) width 27: "stuff"
    RenderBlock (floating) {SPAN} at (54,152) size 27x19
      RenderText {#text} at (0,0) size 27x19
        text run at (0,0) width 27: "stuff"
    RenderBlock (floating) {SPAN} at (0,171) size 27x19
      RenderText {#text} at (0,0) size 27x19
        text run at (0,0) width 27: "stuff"
    RenderBlock (floating) {SPAN} at (27,171) size 27x19
      RenderText {#text} at (0,0) size 27x19
        text run at (0,0) width 27: "stuff"
    RenderBlock (floating) {SPAN} at (54,171) size 27x19
      RenderText {#text} at (0,0) size 27x19
        text run at (0,0) width 27: "stuff"
    RenderBlock (floating) {SPAN} at (0,190) size 27x19
      RenderText {#text} at (0,0) size 27x19
        text run at (0,0) width 27: "stuff"
    RenderBlock (floating) {SPAN} at (27,190) size 27x19
      RenderText {#text} at (0,0) size 27x19
        text run at (0,0) width 27: "stuff"
    RenderBlock (floating) {SPAN} at (54,190) size 27x19
      RenderText {#text} at (0,0) size 27x19
        text run at (0,0) width 27: "stuff"
    RenderBlock (floating) {SPAN} at (0,209) size 27x19
      RenderText {#text} at (0,0) size 27x19
        text run at (0,0) width 27: "stuff"
