layer at (0,0) size 800x600
  RenderView at (0,0) size 800x600
layer at (0,0) size 800x250
  RenderBlock {HTML} at (0,0) size 800x250
    RenderBody {BODY} at (8,16) size 784x226
      RenderBlock {P} at (0,0) size 784x40
        RenderText {#text} at (0,0) size 753x40
          text run at (0,0) width 753: "CR and LF in placeholder values should be stripped. The first input element and the first textarea element should have a"
          text run at (0,20) width 748: "placeholder \"first line second line\", and the second input element and the second textarea element should have nothing."
      RenderBlock (anonymous) at (0,56) size 784x170
        RenderTextControl {INPUT} at (2,2) size 168x26 [bgcolor=#FFFFFF]
        RenderBR {BR} at (172,5) size 0x20
        RenderTextControl {INPUT} at (2,32) size 168x26 [bgcolor=#FFFFFF]
        RenderBR {BR} at (172,35) size 0x20
        RenderBR {BR} at (184,95) size 0x20
        RenderText {#text} at (0,0) size 0x0
        RenderText {#text} at (0,0) size 0x0
        RenderText {#text} at (0,0) size 0x0
layer at (13,77) size 162x20
  RenderBlock {DIV} at (3,3) size 162x20 [color=#A9A9A9]
    RenderText {#text} at (1,0) size 126x20
      text run at (1,0) width 126: "first line second line"
layer at (13,107) size 162x20
  RenderBlock {DIV} at (3,3) size 162x20
layer at (10,134) size 180x46 clip at (11,135) size 178x44
  RenderTextControl {TEXTAREA} at (2,62) size 180x46 [bgcolor=#FFFFFF] [border: (1px solid #000000)]
    RenderBlock {DIV} at (3,3) size 174x20 [color=#A9A9A9]
      RenderText {#text} at (0,0) size 126x20
        text run at (0,0) width 126: "first line second line"
layer at (10,189) size 180x46 clip at (11,190) size 178x44
  RenderTextControl {TEXTAREA} at (2,117) size 180x46 [bgcolor=#FFFFFF] [border: (1px solid #000000)]
    RenderBlock {DIV} at (3,3) size 174x20
