layer at (0,0) size 800x600
  RenderView at (0,0) size 800x600
layer at (0,0) size 800x600
  RenderBlock {HTML} at (0,0) size 800x600
    RenderBody {BODY} at (8,8) size 784x584
      RenderBlock {DIV} at (0,202) size 784x18
        RenderText {#text} at (0,0) size 124x18
          text run at (0,0) width 124: "Found box1: PASS"
        RenderBR {BR} at (124,14) size 0x0
layer at (8,8) size 202x202
  RenderBlock {DIV} at (0,0) size 202x202 [border: (1px solid #000000)]
    RenderText {#text} at (0,0) size 0x0
layer at (9,9) size 200x200
  RenderBlock {DIV} at (1,1) size 200x200 [bgcolor=#808080]
