layer at (0,0) size 800x600
  RenderView at (0,0) size 800x600
layer at (0,0) size 800x113
  RenderBlock {HTML} at (0,0) size 800x113
    RenderBody {BODY} at (8,14) size 784x85
      RenderBlock {P} at (0,0) size 784x19
        RenderText {#text} at (0,0) size 305x19
          text run at (0,0) width 305: "This paragraph should have normal background"
      RenderBlock {DIV} at (0,33) size 784x52
        RenderBlock (anonymous) at (0,0) size 784x19
          RenderText {#text} at (0,0) size 234x19
            text run at (0,0) width 234: "This div contains only one paragraph"
        RenderBlock {P} at (0,33) size 784x19 [bgcolor=#00FF00]
          RenderText {#text} at (0,0) size 298x19
            text run at (0,0) width 298: "This paragraph should have green background"
