layer at (0,0) size 800x600
  RenderView at (0,0) size 800x600
layer at (0,0) size 800x114
  RenderBlock {HTML} at (0,0) size 800x114
    RenderBody {BODY} at (8,14) size 784x86
      RenderBlock {DIV} at (0,0) size 784x86
        RenderBlock {P} at (0,0) size 784x19
          RenderText {#text} at (0,0) size 305x19
            text run at (0,0) width 305: "This paragraph should have normal background"
        RenderBlock {ADDRESS} at (0,33) size 784x20 [bgcolor=#00FF00]
          RenderText {#text} at (0,0) size 303x19
            text run at (0,0) width 303: "But this address should have green background"
        RenderBlock {P} at (0,67) size 784x19
          RenderText {#text} at (0,0) size 305x19
            text run at (0,0) width 305: "This paragraph should have normal background"
