layer at (0,0) size 800x600
  RenderView at (0,0) size 800x600
layer at (0,0) size 800x600
  RenderBlock {HTML} at (0,0) size 800x600
    RenderBody {BODY} at (8,8) size 784x575
      RenderBlock {P} at (0,0) size 784x36
        RenderText {#text} at (0,0) size 293x18
          text run at (0,0) width 293: "This tests for a regression against "
        RenderInline {I} at (0,0) size 757x36
          RenderInline {A} at (0,0) size 464x18 [color=#0000EE]
            RenderText {#text} at (293,0) size 464x18
              text run at (293,0) width 464: "http://bugzilla.opendarwin.org/show_bug.cgi?id=6397"
          RenderText {#text} at (0,18) size 339x18
            text run at (0,18) width 339: "ATSUI small caps use small punctuation"
        RenderText {#text} at (339,18) size 5x18
          text run at (339,18) width 5: "."
      RenderBlock {P} at (0,53) size 784x18
        RenderText {#text} at (0,0) size 488x18
          text run at (0,0) width 488: "All four question marks below should be \x{201C}big\x{201D}, like this: ?"
      RenderBlock {HR} at (0,88) size 784x2 [border: (1px inset #000000)]
      RenderBlock {P} at (0,107) size 784x18
        RenderText {#text} at (0,0) size 60x18
          text run at (0,0) width 60: "ATSUI: "
        RenderInline {SPAN} at (0,0) size 51x18
          RenderText {#text} at (60,0) size 51x18
            text run at (60,0) width 51: "A?b?e\x{300}"
      RenderBlock {P} at (0,142) size 784x18
        RenderText {#text} at (0,0) size 36x18
          text run at (0,0) width 36: "CG: "
        RenderInline {SPAN} at (0,0) size 51x18
          RenderText {#text} at (36,0) size 51x18
            text run at (36,0) width 51: "A?b?e"
