layer at (0,0) size 800x600
  RenderView at (0,0) size 800x600
layer at (0,0) size 800x600
  RenderBlock {HTML} at (0,0) size 800x600
    RenderBody {BODY} at (8,8) size 784x575
      RenderBlock {P} at (0,0) size 784x54
        RenderText {#text} at (0,0) size 141x18
          text run at (0,0) width 141: "This is a test for "
        RenderInline {I} at (0,0) size 755x54
          RenderText {#text} at (141,0) size 755x54
            text run at (141,0) width 606: "http://bugzilla.opendarwin.org/show_bug.cgi?id=6139 ATSUI code path"
            text run at (0,18) width 755: "should implement small caps, synthetic bold and oblique and correct metrics for fallback"
            text run at (0,36) width 43: "fonts"
        RenderText {#text} at (43,36) size 5x18
          text run at (43,36) width 5: "."
      RenderBlock {HR} at (0,71) size 784x2 [border: (1px inset #000000)]
      RenderBlock {P} at (0,90) size 784x36
        RenderText {#text} at (0,0) size 763x36
          text run at (0,0) width 763: "The two columns should be identical except for the accent over the e and the umlaut over"
          text run at (0,18) width 49: "the u."
      RenderTable {TABLE} at (0,143) size 271x131 [border: none]
        RenderTableSection {TBODY} at (0,0) size 270x130
          RenderTableRow {TR} at (0,0) size 270x26
            RenderTableCell {TD} at (0,0) size 135x26 [border: (1px solid #008000)] [r=0 c=0 rs=1 cs=1]
              RenderText {#text} at (2,4) size 68x21
                text run at (2,4) width 68: "Lore\x{300}m "
              RenderInline {SPAN} at (0,0) size 50x23
                RenderText {#text} at (70,2) size 50x23
                  text run at (70,2) width 50: "ipsu\x{308}m"
              RenderText {#text} at (0,0) size 0x0
            RenderTableCell {TD} at (135,0) size 135x26 [border: (1px solid #008000)] [r=0 c=1 rs=1 cs=1]
              RenderText {#text} at (2,4) size 68x21
                text run at (2,4) width 68: "Lorem "
              RenderInline {SPAN} at (0,0) size 50x23
                RenderText {#text} at (70,2) size 50x23
                  text run at (70,2) width 50: "ipsum"
              RenderText {#text} at (0,0) size 0x0
          RenderTableRow {TR} at (0,26) size 270x26
            RenderTableCell {TD} at (0,26) size 135x26 [border: (1px solid #008000)] [r=1 c=0 rs=1 cs=1]
              RenderText {#text} at (2,4) size 79x21
                text run at (2,4) width 79: "Lore\x{300}m "
              RenderInline {SPAN} at (0,0) size 53x23
                RenderText {#text} at (81,2) size 53x23
                  text run at (81,2) width 53: "ipsu\x{308}m"
              RenderText {#text} at (0,0) size 0x0
            RenderTableCell {TD} at (135,26) size 135x26 [border: (1px solid #008000)] [r=1 c=1 rs=1 cs=1]
              RenderText {#text} at (2,4) size 79x21
                text run at (2,4) width 79: "Lorem "
              RenderInline {SPAN} at (0,0) size 53x23
                RenderText {#text} at (81,2) size 53x23
                  text run at (81,2) width 53: "ipsum"
              RenderText {#text} at (0,0) size 0x0
          RenderTableRow {TR} at (0,52) size 270x26
            RenderTableCell {TD} at (0,52) size 135x26 [border: (1px solid #008000)] [r=2 c=0 rs=1 cs=1]
              RenderText {#text} at (2,4) size 68x21
                text run at (2,4) width 68: "Lore\x{300}m "
              RenderInline {SPAN} at (0,0) size 48x23
                RenderText {#text} at (70,2) size 48x23
                  text run at (70,2) width 48: "ipsu\x{308}m"
              RenderText {#text} at (0,0) size 0x0
            RenderTableCell {TD} at (135,52) size 135x26 [border: (1px solid #008000)] [r=2 c=1 rs=1 cs=1]
              RenderText {#text} at (2,4) size 68x21
                text run at (2,4) width 68: "Lorem "
              RenderInline {SPAN} at (0,0) size 48x23
                RenderText {#text} at (70,2) size 48x23
                  text run at (70,2) width 48: "ipsum"
              RenderText {#text} at (0,0) size 0x0
          RenderTableRow {TR} at (0,78) size 270x26
            RenderTableCell {TD} at (0,78) size 135x26 [border: (1px solid #008000)] [r=3 c=0 rs=1 cs=1]
              RenderText {#text} at (2,4) size 74x21
                text run at (2,4) width 74: "Lore\x{300}m "
              RenderInline {SPAN} at (0,0) size 51x23
                RenderText {#text} at (76,2) size 51x23
                  text run at (76,2) width 51: "ipsu\x{308}m"
              RenderText {#text} at (0,0) size 0x0
            RenderTableCell {TD} at (135,78) size 135x26 [border: (1px solid #008000)] [r=3 c=1 rs=1 cs=1]
              RenderText {#text} at (2,4) size 74x21
                text run at (2,4) width 74: "Lorem "
              RenderInline {SPAN} at (0,0) size 51x23
                RenderText {#text} at (76,2) size 51x23
                  text run at (76,2) width 51: "ipsum"
              RenderText {#text} at (0,0) size 0x0
          RenderTableRow {TR} at (0,104) size 270x26
            RenderTableCell {TD} at (0,104) size 135x26 [border: (1px solid #008000)] [r=4 c=0 rs=1 cs=1]
              RenderText {#text} at (2,2) size 109x23
                text run at (2,2) width 109: "Lore\x{300}m ipsu\x{308}m"
            RenderTableCell {TD} at (135,104) size 135x26 [border: (1px solid #008000)] [r=4 c=1 rs=1 cs=1]
              RenderText {#text} at (2,2) size 109x23
                text run at (2,2) width 109: "Lorem ipsum"
      RenderBlock {HR} at (0,282) size 784x2 [border: (1px inset #000000)]
      RenderBlock {P} at (0,301) size 784x18
        RenderText {#text} at (0,0) size 366x18
          text run at (0,0) width 366: "The following two lines should be identical."
      RenderBlock {P} at (0,336) size 784x21
        RenderInline {SPAN} at (0,0) size 290x23 [border: (1px solid #008000)]
          RenderText {#text} at (1,0) size 288x21
            text run at (1,0) width 288: "\x{E01}\x{E02}\x{E03}\x{E04}\x{E05}\x{E06}\x{E07}\x{E08}\x{E01}\x{E02}\x{E03}\x{E04}\x{E05}\x{E06}\x{E07}\x{E08}\x{E01}\x{E02}\x{E03}\x{E04}\x{E05}\x{E06}\x{E07}\x{E08}\x{E01}\x{E02}\x{E03}\x{E04}\x{E05}\x{E06}\x{E07}\x{E08}"
        RenderText {#text} at (0,0) size 0x0
      RenderBlock {P} at (0,374) size 784x19
        RenderInline {SPAN} at (0,0) size 290x21 [border: (1px solid #008000)]
          RenderText {#text} at (1,0) size 288x19
            text run at (1,0) width 288: "\x{E01}\x{E02}\x{E03}\x{E04}\x{E05}\x{E06}\x{E07}\x{E08}\x{E01}\x{E02}\x{E03}\x{E04}\x{E05}\x{E06}\x{E07}\x{E08}\x{E01}\x{E02}\x{E03}\x{E04}\x{E05}\x{E06}\x{E07}\x{E08}\x{E01}\x{E02}\x{E03}\x{E04}\x{E05}\x{E06}\x{E07}\x{E08}"
        RenderText {#text} at (0,0) size 0x0
