layer at (0,0) size 800x600
  RenderView at (0,0) size 800x600
layer at (0,0) size 800x54
  RenderBlock {HTML} at (0,0) size 800x54
    RenderBody {BODY} at (8,8) size 784x38
      RenderBlock {DIV} at (0,0) size 784x18
        RenderText {#text} at (0,0) size 239x18
          text run at (0,0) width 239: "This should be a yen-sign: \x{A5}"
      RenderBlock {DIV} at (0,18) size 784x20
        RenderText {#text} at (0,0) size 206x20
          text run at (0,0) width 206: "This should be a backslash: \\"
