layer at (0,0) size 800x600
  RenderView at (0,0) size 800x600
layer at (0,0) size 800x600
  RenderBlock {HTML} at (0,0) size 800x600
    RenderBody {BODY} at (8,8) size 784x584
      RenderBlock {P} at (0,0) size 784x36
        RenderText {#text} at (0,0) size 68x18
          text run at (0,0) width 68: "Test for "
        RenderInline {I} at (0,0) size 774x36
          RenderInline {A} at (0,0) size 406x18 [color=#0000EE]
            RenderText {#text} at (68,0) size 406x18
              text run at (68,0) width 406: "http://bugs.webkit.org/show_bug.cgi?id=12726"
          RenderText {#text} at (474,0) size 774x36
            text run at (474,0) width 5: " "
            text run at (479,0) width 295: "REGRESSION (r12073): Text wraps"
            text run at (0,18) width 618: "in the middle of a word instead of wrapping at the space before the word"
        RenderText {#text} at (618,18) size 5x18
          text run at (618,18) width 5: "."
      RenderBlock {P} at (0,53) size 784x18
        RenderText {#text} at (0,0) size 513x18
          text run at (0,0) width 513: "\x{201C}onelongwrodwithnobreaks\x{201D} should not break in the middle."
      RenderBlock {DIV} at (0,88) size 200x24 [bgcolor=#FFFF00]
        RenderText {#text} at (0,0) size 165x24
          text run at (0,0) width 165: "lllllllllllllllllllllllllllllllllllllllllllllllllllllll"
          text run at (0,12) width 148: "onelongwrodwithnobreaks"
