layer at (0,0) size 800x600
  RenderView at (0,0) size 800x600
layer at (0,0) size 800x600
  RenderBlock {HTML} at (0,0) size 800x600
    RenderBody {BODY} at (8,8) size 784x575
      RenderBlock {P} at (0,0) size 784x36
        RenderText {#text} at (0,0) size 68x18
          text run at (0,0) width 68: "Test for "
        RenderInline {I} at (0,0) size 720x36
          RenderInline {A} at (0,0) size 404x18 [color=#0000EE]
            RenderText {#text} at (68,0) size 404x18
              text run at (68,0) width 404: "http://bugs.webkit.org/show_bug.cgi?id=11671"
          RenderText {#text} at (472,0) size 720x36
            text run at (472,0) width 5: " "
            text run at (477,0) width 243: "REGRESSION (r13702): text-"
            text run at (0,18) width 518: "transform: capitalize changes non-breaking spaces to spaces"
        RenderText {#text} at (518,18) size 5x18
          text run at (518,18) width 5: "."
      RenderBlock {P} at (0,53) size 784x18
        RenderText {#text} at (0,0) size 386x18
          text run at (0,0) width 386: "The next three lines should all look the same."
      RenderBlock {P} at (0,88) size 784x18
        RenderText {#text} at (0,0) size 131x18
          text run at (0,0) width 131: "Lorem     Ipsum"
      RenderBlock {P} at (0,123) size 784x18
        RenderText {#text} at (0,0) size 78x18
          text run at (0,0) width 78: "Lorem     "
        RenderInline {SPAN} at (0,0) size 53x18
          RenderText {#text} at (78,0) size 53x18
            text run at (78,0) width 53: "Ipsum"
      RenderBlock {P} at (0,158) size 784x18
        RenderText {#text} at (0,0) size 131x18
          text run at (0,0) width 131: "Lorem     Ipsum"
