layer at (0,0) size 800x600
  RenderView at (0,0) size 800x600
layer at (0,0) size 800x362
  RenderBlock {HTML} at (0,0) size 800x362
    RenderBody {BODY} at (8,8) size 784x346
      RenderBlock {DIV} at (0,0) size 784x164
        RenderBlock {P} at (4,0) size 776x24
          RenderInline {SPAN} at (0,0) size 287x26 [border: (1px solid #FF0000)]
            RenderText {#text} at (1,0) size 285x24
              text run at (1,0) width 285: "mmm mmm mmm mmm"
          RenderText {#text} at (0,0) size 0x0
        RenderBlock {P} at (4,28) size 776x24
          RenderInline {SPAN} at (0,0) size 287x26 [border: (1px solid #FF0000)]
            RenderText {#text} at (1,0) size 285x24
              text run at (1,0) width 285: "mmm mmm\x{300} mmm mmm"
          RenderText {#text} at (0,0) size 0x0
        RenderBlock {P} at (4,56) size 776x24
          RenderInline {SPAN} at (0,0) size 285x24
            RenderText {#text} at (0,0) size 285x24
              text run at (0,0) width 285: "mmm mmm\x{300} mmm mmm"
          RenderText {#text} at (285,0) size 292x24
            text run at (285,0) width 292: " mmm mmm mmm mmm"
        RenderBlock {P} at (4,84) size 776x24
          RenderInline {SPAN} at (0,0) size 431x24
            RenderText {#text} at (0,0) size 431x24
              text run at (0,0) width 431: "mmm mmm\x{300} mmm mmm mmm mmm"
          RenderText {#text} at (431,0) size 146x24
            text run at (431,0) width 146: " mmm mmm"
        RenderBlock {P} at (4,112) size 776x24
          RenderInline {SPAN} at (0,0) size 285x24
            RenderText {#text} at (0,0) size 285x24
              text run at (0,0) width 285: "mmm mmm mmm mmm"
          RenderText {#text} at (285,0) size 292x24
            text run at (285,0) width 292: " mmm mmm mmm mmm"
        RenderBlock {P} at (4,140) size 776x24
          RenderInline {SPAN} at (0,0) size 431x24
            RenderText {#text} at (0,0) size 431x24
              text run at (0,0) width 431: "mmm mmm mmm mmm mmm mmm"
          RenderText {#text} at (431,0) size 146x24
            text run at (431,0) width 146: " mmm mmm"
      RenderBlock {HR} at (0,172) size 784x2 [border: (1px inset #000000)]
      RenderBlock {DIV} at (0,182) size 784x164
        RenderBlock {P} at (4,0) size 776x24
          RenderInline {SPAN} at (0,0) size 224x26 [border: (1px solid #008000)]
            RenderText {#text} at (1,0) size 222x24
              text run at (1,0) width 222: "mmm mmm mmm mmm"
          RenderText {#text} at (0,0) size 0x0
        RenderBlock {P} at (4,28) size 776x24
          RenderInline {SPAN} at (0,0) size 224x26 [border: (1px solid #008000)]
            RenderText {#text} at (1,0) size 222x24
              text run at (1,0) width 222: "mmm mmm\x{300} mmm mmm"
          RenderText {#text} at (0,0) size 0x0
        RenderBlock {P} at (4,56) size 776x24
          RenderInline {SPAN} at (0,0) size 222x24
            RenderText {#text} at (0,0) size 222x24
              text run at (0,0) width 222: "mmm mmm\x{300} mmm mmm"
          RenderText {#text} at (222,0) size 228x24
            text run at (222,0) width 228: " mmm mmm mmm mmm"
        RenderBlock {P} at (4,84) size 776x24
          RenderInline {SPAN} at (0,0) size 336x24
            RenderText {#text} at (0,0) size 336x24
              text run at (0,0) width 336: "mmm mmm\x{300} mmm mmm mmm mmm"
          RenderText {#text} at (336,0) size 114x24
            text run at (336,0) width 114: " mmm mmm"
        RenderBlock {P} at (4,112) size 776x24
          RenderInline {SPAN} at (0,0) size 222x24
            RenderText {#text} at (0,0) size 222x24
              text run at (0,0) width 222: "mmm mmm mmm mmm"
          RenderText {#text} at (222,0) size 228x24
            text run at (222,0) width 228: " mmm mmm mmm mmm"
        RenderBlock {P} at (4,140) size 776x24
          RenderInline {SPAN} at (0,0) size 336x24
            RenderText {#text} at (0,0) size 336x24
              text run at (0,0) width 336: "mmm mmm mmm mmm mmm mmm"
          RenderText {#text} at (336,0) size 114x24
            text run at (336,0) width 114: " mmm mmm"
