layer at (0,0) size 800x600
  RenderView at (0,0) size 800x600
layer at (0,0) size 800x600
  RenderBlock {HTML} at (0,0) size 800x600
    RenderBody {BODY} at (8,8) size 784x584
      RenderBlock {P} at (0,0) size 784x36
        RenderText {#text} at (0,0) size 68x18
          text run at (0,0) width 68: "Test for "
        RenderInline {I} at (0,0) size 735x36
          RenderInline {A} at (0,0) size 464x18 [color=#0000EE]
            RenderText {#text} at (68,0) size 464x18
              text run at (68,0) width 464: "http://bugzilla.opendarwin.org/show_bug.cgi?id=7433"
          RenderText {#text} at (532,0) size 735x36
            text run at (532,0) width 203: " REGRESSION (r12789):"
            text run at (0,18) width 413: "Second RTL text run on a line cannot be selected"
        RenderText {#text} at (413,18) size 5x18
          text run at (413,18) width 5: "."
      RenderBlock {P} at (0,53) size 784x36
        RenderText {#text} at (0,0) size 754x36
          text run at (0,0) width 754: "The rightmost two words in the Hebrew text should be selectable by dragging or double-"
          text run at (0,18) width 120: "clicking them."
      RenderBlock {HR} at (0,106) size 784x2 [border: (1px inset #000000)]
      RenderBlock (anonymous) at (0,116) size 784x18
        RenderInline {SPAN} at (0,0) size 122x18
          RenderText {#text} at (0,0) size 122x18
            text run at (0,0) width 53 RTL: "\x{5E9}\x{5EA}\x{5D4} \x{5DE}\x{5D9}\x{5E5}"
            text run at (53,0) width 69 RTL: "\x{5D0}\x{5DB}\x{5DC}\x{5EA} \x{5E4}\x{5DC}\x{5E4}\x{5DC} "
        RenderText {#text} at (0,0) size 0x0
        RenderText {#text} at (0,0) size 0x0
        RenderText {#text} at (0,0) size 0x0
