layer at (0,0) size 800x600
  RenderView at (0,0) size 800x600
layer at (0,0) size 800x600
  RenderBlock {HTML} at (0,0) size 800x600
    RenderBody {BODY} at (8,8) size 784x584
layer at (8,8) size 522x143
  RenderBlock (positioned) {DIV} at (8,8) size 483x143 [border: (1px solid #FF0000)]
    RenderText {#text} at (1,1) size 481x141
      text run at (1,1) width 481: "Testing the bug"
