layer at (0,0) size 800x600
  RenderView at (0,0) size 800x600
layer at (0,0) size 800x212
  RenderBlock {HTML} at (0,0) size 800x212
    RenderBody {BODY} at (8,8) size 784x184
      RenderBlock (anonymous) at (0,0) size 784x18
        RenderText {#text} at (0,0) size 108x18
          text run at (0,0) width 108: "This is good:"
      RenderBlock {DIV} at (0,38) size 200x44
        RenderBlock {P} at (0,0) size 200x44 [border: (1px solid #008000)]
          RenderText {#text} at (1,1) size 181x42
            text run at (1,1) width 181: "lorem ipsum dolor"
            text run at (1,22) width 97: "sit??amet"
      RenderBlock (anonymous) at (0,102) size 784x18
        RenderText {#text} at (0,0) size 322x18
          text run at (0,0) width 322: "The following should look like \x{201C}good\x{201D}:"
      RenderBlock {DIV} at (0,140) size 200x44
        RenderBlock {P} at (0,0) size 200x44 [border: (1px solid #008000)]
          RenderText {#text} at (1,1) size 187x42
            text run at (1,1) width 181: "lorem ipsum dolor"
            text run at (182,1) width 6: " "
            text run at (1,22) width 97: "sit??amet"
