layer at (0,0) size 800x600
  RenderView at (0,0) size 800x600
layer at (0,0) size 800x600
  RenderBlock {HTML} at (0,0) size 800x600
    RenderBody {BODY} at (8,8) size 784x575
      RenderBlock {P} at (0,0) size 784x54
        RenderText {#text} at (0,0) size 68x18
          text run at (0,0) width 68: "Test for "
        RenderInline {I} at (0,0) size 743x54
          RenderInline {A} at (0,0) size 405x18 [color=#0000EE]
            RenderText {#text} at (68,0) size 405x18
              text run at (68,0) width 405: "http://bugs.webkit.org/show_bug.cgi?id=13156"
          RenderText {#text} at (473,0) size 743x54
            text run at (473,0) width 5: " "
            text run at (478,0) width 265: "REGRESSION (r19621): Pasting"
            text run at (0,18) width 700: "breakable content where wrapped line is too long to fit in a textarea fails to draw a"
            text run at (0,36) width 163: "horizontal scrollbar"
        RenderText {#text} at (163,36) size 5x18
          text run at (163,36) width 5: "."
      RenderBlock {P} at (0,71) size 784x54
        RenderText {#text} at (0,0) size 768x54
          text run at (0,0) width 768: "This tests that a line break will occur in the middle of the first word on a line if it\x{2019}s too long"
          text run at (0,18) width 733: "to fit on the line. The behavior is tested after breakable characters (question mark and"
          text run at (0,36) width 398: "hyphen), after a space and after a soft hyphen."
      RenderBlock {P} at (0,142) size 784x18
        RenderText {#text} at (0,0) size 344x18
          text run at (0,0) width 344: "The following blocks should be identical."
      RenderBlock (floating) {DIV} at (4,181) size 300x198 [bgcolor=#FFFFE0]
        RenderText {#text} at (0,0) size 298x198
          text run at (0,0) width 257: "Curabiturpretium,quamquiss?"
          text run at (0,18) width 297: "empermalesuada,estliberofeugiatli"
          text run at (0,36) width 291: "bero,velfringillaorcinibhsedneque-"
          text run at (0,54) width 296: "Quisqueeunullanonnisimolestieacc"
          text run at (0,72) width 292: "umsan.Etiamtellusurna,laoreetac,l"
          text run at (0,90) width 86: "aoreetnon"
          text run at (0,108) width 298: "suscipitsed,sapien.Phasellusvehicu"
          text run at (0,126) width 297: "la,sematposuerevehicula,auguenib"
          text run at (0,144) width 114: "hmolestienisl\x{AD}"
          text run at (0,162) width 296: "necullamcorperlacusantevulputate"
          text run at (0,180) width 238: "pede.Nasceturridiculusmus."
      RenderBlock (floating) {DIV} at (312,181) size 300x252 [bgcolor=#FFFFE0]
        RenderText {#text} at (0,0) size 257x18
          text run at (0,0) width 257: "Curabiturpretium,quamquiss?"
        RenderBR {BR} at (257,13) size 0x0
        RenderText {#text} at (0,18) size 297x36
          text run at (0,18) width 297: "empermalesuada,estliberofeugiatli"
          text run at (0,36) width 113: "bero,velfringi"
        RenderBR {BR} at (113,49) size 0x0
        RenderText {#text} at (0,54) size 178x18
          text run at (0,54) width 178: "llaorcinibhsedneque-"
        RenderBR {BR} at (178,67) size 0x0
        RenderText {#text} at (0,72) size 296x36
          text run at (0,72) width 296: "Quisqueeunullanonnisimolestieacc"
          text run at (0,90) width 113: "umsan.Etiam"
        RenderBR {BR} at (113,103) size 0x0
        RenderText {#text} at (0,108) size 265x18
          text run at (0,108) width 265: "tellusurna,laoreetac,laoreetnon"
        RenderBR {BR} at (265,121) size 0x0
        RenderText {#text} at (0,126) size 298x36
          text run at (0,126) width 298: "suscipitsed,sapien.Phasellusvehicu"
          text run at (0,144) width 114: "la,sematposu"
        RenderBR {BR} at (114,157) size 0x0
        RenderText {#text} at (0,162) size 297x36
          text run at (0,162) width 297: "erevehicula,auguenibhmolestienisl"
          text run at (0,180) width 6: "-"
        RenderBR {BR} at (6,193) size 0x0
        RenderText {#text} at (0,198) size 296x36
          text run at (0,198) width 296: "necullamcorperlacusantevulputate"
          text run at (0,216) width 116: "pede.Nascetu"
        RenderBR {BR} at (116,229) size 0x0
        RenderText {#text} at (0,234) size 122x18
          text run at (0,234) width 122: "rridiculusmus."
