layer at (0,0) size 800x600
  RenderView at (0,0) size 800x600
layer at (0,0) size 800x600
  RenderBlock {HTML} at (0,0) size 800x600
    RenderBody {BODY} at (8,8) size 784x584
      RenderBlock {DIV} at (0,0) size 784x130 [textFillColor=#800080] [textStrokeWidth=2.0]
        RenderText {#text} at (0,0) size 746x130
          text run at (0,0) width 746: "Purple\x{300} fill, black stroke,"
          text run at (0,65) width 417: "complex text"
      RenderBlock {DIV} at (0,130) size 784x65 [textStrokeColor=#FFA500] [textStrokeWidth=1.33]
        RenderText {#text} at (0,0) size 779x65
          text run at (0,0) width 779: "Orange stroke, black fill."
      RenderBlock {DIV} at (0,195) size 784x130 [textStrokeColor=#0000FF] [textStrokeWidth=1.33]
        RenderText {#text} at (0,0) size 720x130
          text run at (0,0) width 720: "Blue stroke, no fill, red"
          text run at (0,65) width 259: "shadow."
