layer at (0,0) size 800x600
  RenderView at (0,0) size 800x600
layer at (0,0) size 800x600
  RenderBlock {HTML} at (0,0) size 800x600
    RenderBody {BODY} at (8,8) size 784x584
      RenderBlock {P} at (0,0) size 784x36
        RenderText {#text} at (0,0) size 68x18
          text run at (0,0) width 68: "Test for "
        RenderInline {I} at (0,0) size 672x36
          RenderInline {A} at (0,0) size 406x18 [color=#0000EE]
            RenderText {#text} at (68,0) size 406x18
              text run at (68,0) width 406: "http://bugs.webkit.org/show_bug.cgi?id=17464"
          RenderText {#text} at (474,0) size 672x36
            text run at (474,0) width 5: " "
            text run at (479,0) width 193: "REGRESSION: Crash in"
            text run at (0,18) width 609: "RenderBlock::findNextLineBreak reading r30444 commit email in GMail"
        RenderText {#text} at (609,18) size 5x18
          text run at (609,18) width 5: "."
      RenderBlock {P} at (0,53) size 784x18
        RenderText {#text} at (0,0) size 212x18
          text run at (0,0) width 212: "No crash means success."
      RenderBlock {DIV} at (0,88) size 100x54
        RenderText {#text} at (0,0) size 58x36
          text run at (0,0) width 53: "Lorem"
          text run at (53,0) width 5: " "
          text run at (0,18) width 53: "ipsum"
        RenderWordBreak {WBR} at (0,0) size 0x0
        RenderText {#text} at (53,18) size 100x36
          text run at (53,18) width 43: "dolor"
          text run at (96,18) width 4: " "
          text run at (0,36) width 70: "sit amet"
