layer at (0,0) size 800x799
  RenderView at (0,0) size 800x600
layer at (0,0) size 800x799
  RenderBlock {HTML} at (0,0) size 800x799
    RenderBody {BODY} at (8,8) size 784x781
      RenderBlock {P} at (0,0) size 784x18
        RenderText {#text} at (0,0) size 225x18
          text run at (0,0) width 225: "Two words with no spaces."
      RenderBlock {DIV} at (0,35) size 302x20 [border: (1px solid #0000FF)]
        RenderText {#text} at (1,1) size 672x18
          text run at (1,1) width 672: "aaaaaaaaaaaaaaaaaaaaaaaaaaaaaaaabbbbbbbbbbbbbbbbbbbbbbbbbbbbbbbb"
      RenderTable {TABLE} at (0,65) size 784x20
        RenderTableSection {TBODY} at (0,0) size 784x20
          RenderTableRow {TR} at (0,0) size 784x20
            RenderTableCell {TD} at (0,0) size 674x20 [border: (1px solid #008000)] [r=0 c=0 rs=1 cs=1]
              RenderText {#text} at (1,1) size 672x18
                text run at (1,1) width 672: "aaaaaaaaaaaaaaaaaaaaaaaaaaaaaaaabbbbbbbbbbbbbbbbbbbbbbbbbbbbbbbb"
            RenderTableCell {TD} at (674,10) size 110x0 [r=0 c=1 rs=1 cs=1]
      RenderBlock {P} at (0,102) size 784x18
        RenderText {#text} at (0,0) size 249x18
          text run at (0,0) width 249: "Using <wbr> to break words."
      RenderBlock {DIV} at (0,137) size 302x38 [border: (1px solid #0000FF)]
        RenderText {#text} at (1,1) size 320x18
          text run at (1,1) width 320: "aaaaaaaaaaaaaaaaaaaaaaaaaaaaaaaa"
        RenderWordBreak {WBR} at (0,0) size 0x0
        RenderText {#text} at (1,19) size 352x18
          text run at (1,19) width 352: "bbbbbbbbbbbbbbbbbbbbbbbbbbbbbbbb"
      RenderTable {TABLE} at (0,185) size 784x38
        RenderTableSection {TBODY} at (0,0) size 784x38
          RenderTableRow {TR} at (0,0) size 784x38
            RenderTableCell {TD} at (0,0) size 354x38 [border: (1px solid #008000)] [r=0 c=0 rs=1 cs=1]
              RenderText {#text} at (1,1) size 320x18
                text run at (1,1) width 320: "aaaaaaaaaaaaaaaaaaaaaaaaaaaaaaaa"
              RenderWordBreak {WBR} at (0,0) size 0x0
              RenderText {#text} at (1,19) size 352x18
                text run at (1,19) width 352: "bbbbbbbbbbbbbbbbbbbbbbbbbbbbbbbb"
            RenderTableCell {TD} at (354,19) size 430x0 [r=0 c=1 rs=1 cs=1]
      RenderBlock {P} at (0,240) size 784x18
        RenderText {#text} at (0,0) size 379x18
          text run at (0,0) width 379: "Using <wbr> within <nobr> to break words."
      RenderBlock {DIV} at (0,275) size 302x38 [border: (1px solid #0000FF)]
        RenderInline {NOBR} at (0,0) size 352x36
          RenderText {#text} at (1,1) size 320x18
            text run at (1,1) width 320: "aaaaaaaaaaaaaaaaaaaaaaaaaaaaaaaa"
          RenderWordBreak {WBR} at (0,0) size 0x0
          RenderText {#text} at (1,19) size 352x18
            text run at (1,19) width 352: "bbbbbbbbbbbbbbbbbbbbbbbbbbbbbbbb"
      RenderTable {TABLE} at (0,323) size 784x38
        RenderTableSection {TBODY} at (0,0) size 784x38
          RenderTableRow {TR} at (0,0) size 784x38
            RenderTableCell {TD} at (0,0) size 354x38 [border: (1px solid #008000)] [r=0 c=0 rs=1 cs=1]
              RenderInline {NOBR} at (0,0) size 352x36
                RenderText {#text} at (1,1) size 320x18
                  text run at (1,1) width 320: "aaaaaaaaaaaaaaaaaaaaaaaaaaaaaaaa"
                RenderWordBreak {WBR} at (0,0) size 0x0
                RenderText {#text} at (1,19) size 352x18
                  text run at (1,19) width 352: "bbbbbbbbbbbbbbbbbbbbbbbbbbbbbbbb"
            RenderTableCell {TD} at (354,19) size 430x0 [r=0 c=1 rs=1 cs=1]
      RenderBlock {P} at (0,378) size 784x18
        RenderText {#text} at (0,0) size 299x18
          text run at (0,0) width 299: "Using <wbr> to break three words."
      RenderBlock {DIV} at (0,413) size 302x56 [border: (1px solid #0000FF)]
        RenderText {#text} at (1,1) size 240x18
          text run at (1,1) width 240: "aaaaaaaaaaaaaaaaaaaaaaaa"
        RenderWordBreak {WBR} at (0,0) size 0x0
        RenderText {#text} at (1,19) size 264x18
          text run at (1,19) width 264: "bbbbbbbbbbbbbbbbbbbbbbbb"
        RenderWordBreak {WBR} at (0,0) size 0x0
        RenderText {#text} at (1,37) size 216x18
          text run at (1,37) width 216: "cccccccccccccccccccccccc"
      RenderTable {TABLE} at (0,479) size 784x56
        RenderTableSection {TBODY} at (0,0) size 784x56
          RenderTableRow {TR} at (0,0) size 784x56
            RenderTableCell {TD} at (0,0) size 266x56 [border: (1px solid #008000)] [r=0 c=0 rs=1 cs=1]
              RenderText {#text} at (1,1) size 240x18
                text run at (1,1) width 240: "aaaaaaaaaaaaaaaaaaaaaaaa"
              RenderWordBreak {WBR} at (0,0) size 0x0
              RenderText {#text} at (1,19) size 264x18
                text run at (1,19) width 264: "bbbbbbbbbbbbbbbbbbbbbbbb"
              RenderWordBreak {WBR} at (0,0) size 0x0
              RenderText {#text} at (1,37) size 216x18
                text run at (1,37) width 216: "cccccccccccccccccccccccc"
            RenderTableCell {TD} at (266,28) size 518x0 [r=0 c=1 rs=1 cs=1]
      RenderBlock {P} at (0,552) size 784x18
        RenderText {#text} at (0,0) size 429x18
          text run at (0,0) width 429: "Using <wbr> within <nobr> to break three words."
      RenderBlock {DIV} at (0,587) size 302x56 [border: (1px solid #0000FF)]
        RenderInline {NOBR} at (0,0) size 264x54
          RenderText {#text} at (1,1) size 240x18
            text run at (1,1) width 240: "aaaaaaaaaaaaaaaaaaaaaaaa"
          RenderWordBreak {WBR} at (0,0) size 0x0
          RenderText {#text} at (1,19) size 264x18
            text run at (1,19) width 264: "bbbbbbbbbbbbbbbbbbbbbbbb"
          RenderWordBreak {WBR} at (0,0) size 0x0
          RenderText {#text} at (1,37) size 216x18
            text run at (1,37) width 216: "cccccccccccccccccccccccc"
      RenderTable {TABLE} at (0,653) size 784x56
        RenderTableSection {TBODY} at (0,0) size 784x56
          RenderTableRow {TR} at (0,0) size 784x56
            RenderTableCell {TD} at (0,0) size 266x56 [border: (1px solid #008000)] [r=0 c=0 rs=1 cs=1]
              RenderInline {NOBR} at (0,0) size 264x54
                RenderText {#text} at (1,1) size 240x18
                  text run at (1,1) width 240: "aaaaaaaaaaaaaaaaaaaaaaaa"
                RenderWordBreak {WBR} at (0,0) size 0x0
                RenderText {#text} at (1,19) size 264x18
                  text run at (1,19) width 264: "bbbbbbbbbbbbbbbbbbbbbbbb"
                RenderWordBreak {WBR} at (0,0) size 0x0
                RenderText {#text} at (1,37) size 216x18
                  text run at (1,37) width 216: "cccccccccccccccccccccccc"
            RenderTableCell {TD} at (266,28) size 518x0 [r=0 c=1 rs=1 cs=1]
      RenderBlock {P} at (0,726) size 784x18
        RenderText {#text} at (0,0) size 588x18
          text run at (0,0) width 588: "Spaces both before and after <wbr> to check for collapsing behavior."
      RenderBlock {DIV} at (0,761) size 302x20 [border: (1px solid #0000FF)]
        RenderText {#text} at (1,1) size 35x18
          text run at (1,1) width 35: "aaa "
        RenderWordBreak {WBR} at (0,0) size 0x0
        RenderText {#text} at (36,1) size 33x18
          text run at (36,1) width 33: "bbb"
