layer at (0,0) size 800x600
  RenderView at (0,0) size 800x600
layer at (0,0) size 800x600
  RenderBlock {HTML} at (0,0) size 800x600
    RenderBody {BODY} at (8,8) size 784x575
      RenderBlock {P} at (0,0) size 784x39
        RenderText {#text} at (0,3) size 128x18
          text run at (0,3) width 128: "This tests that "
        RenderInline {TT} at (0,0) size 30x21
          RenderText {#text} at (128,0) size 30x21
            text run at (128,0) width 30: "WBR"
        RenderText {#text} at (158,3) size 422x18
          text run at (158,3) width 422: " elements cannot be styled and that setting their "
        RenderInline {TT} at (0,0) size 80x21
          RenderText {#text} at (580,0) size 80x21
            text run at (580,0) width 80: "position"
        RenderText {#text} at (660,3) size 27x18
          text run at (660,3) width 27: " to "
        RenderInline {TT} at (0,0) size 80x21
          RenderText {#text} at (687,0) size 80x21
            text run at (687,0) width 80: "absolute"
        RenderText {#text} at (0,21) size 194x18
          text run at (0,21) width 194: "does not crash WebKit."
      RenderBlock {P} at (0,56) size 784x18
        RenderText {#text} at (0,0) size 168x18
          text run at (0,0) width 168: "There should be no "
        RenderWordBreak {WBR} at (0,0) size 0x0
        RenderText {#text} at (168,0) size 132x18
          text run at (168,0) width 132: "red on this line."
      RenderBlock {P} at (0,91) size 784x18
        RenderText {#text} at (0,0) size 166x18
          text run at (0,0) width 166: "No crashing, please"
        RenderWordBreak {WBR} at (0,0) size 0x0
        RenderText {#text} at (166,0) size 5x18
          text run at (166,0) width 5: "."
