layer at (0,0) size 800x1233
  RenderView at (0,0) size 800x600
layer at (0,0) size 800x1233
  RenderBlock {HTML} at (0,0) size 800x1233
    RenderBody {BODY} at (8,8) size 784x1217
      RenderBlock (anonymous) at (0,0) size 784x36
        RenderText {#text} at (0,0) size 774x36
          text run at (0,0) width 774: "This example tests that word-break properly shrinks a cell to one character per line when it"
          text run at (0,18) width 151: "is set to break-all."
      RenderTable {TABLE} at (0,36) size 784x140 [border: (1px outset #808080)]
        RenderTableSection {TBODY} at (1,1) size 782x138
          RenderTableRow {TR} at (0,0) size 782x138
            RenderTableCell {TD} at (0,0) size 22x138 [border: (1px inset #808080)] [r=0 c=0 rs=1 cs=1]
              RenderText {#text} at (6,6) size 10x126
                text run at (6,6) width 10: "N"
                text run at (6,27) width 10: "a"
                text run at (6,48) width 10: "r"
                text run at (6,69) width 10: "r"
                text run at (6,90) width 10: "o"
                text run at (6,111) width 10: "w"
            RenderTableCell {TD} at (22,52) size 760x33 [border: (1px inset #808080)] [r=0 c=1 rs=1 cs=1]
              RenderText {#text} at (6,6) size 210x21
                text run at (6,6) width 210: "This cell should grow"
      RenderBlock (anonymous) at (0,176) size 784x36
        RenderBR {BR} at (0,0) size 0x18
        RenderText {#text} at (0,18) size 582x18
          text run at (0,18) width 582: "This test checks that word-break is ignored when white-space is pre."
      RenderBlock {PRE} at (0,229) size 110x31 [border: (5px solid #000000)]
        RenderText {#text} at (5,5) size 560x21
          text run at (5,5) width 560: "Thislongwordshouldnotgetbrokenbutshouldstickoutofthepre."
          text run at (565,5) width 0: " "
      RenderBlock (anonymous) at (0,277) size 784x72
        RenderBR {BR} at (0,0) size 0x18
        RenderText {#text} at (0,18) size 782x54
          text run at (0,18) width 628: "The next two examples test our custom break-word value for word-break. "
          text run at (628,18) width 154: "We should get the"
          text run at (0,36) width 759: "same results as break-all for the first test, but we should break up the word in the second"
          text run at (0,54) width 597: "test (since our behavior matches word-wrap: break-word in that case)."
      RenderTable {TABLE} at (0,349) size 784x140 [border: (1px outset #808080)]
        RenderTableSection {TBODY} at (1,1) size 782x138
          RenderTableRow {TR} at (0,0) size 782x138
            RenderTableCell {TD} at (0,0) size 22x138 [border: (1px inset #808080)] [r=0 c=0 rs=1 cs=1]
              RenderText {#text} at (6,6) size 10x126
                text run at (6,6) width 10: "N"
                text run at (6,27) width 10: "a"
                text run at (6,48) width 10: "r"
                text run at (6,69) width 10: "r"
                text run at (6,90) width 10: "o"
                text run at (6,111) width 10: "w"
            RenderTableCell {TD} at (22,52) size 760x33 [border: (1px inset #808080)] [r=0 c=1 rs=1 cs=1]
              RenderText {#text} at (6,6) size 210x21
                text run at (6,6) width 210: "This cell should grow"
      RenderBlock (anonymous) at (0,489) size 784x18
        RenderBR {BR} at (0,0) size 0x18
      RenderBlock {PRE} at (0,524) size 110x136 [border: (5px solid #000000)]
        RenderText {#text} at (5,5) size 100x126
          text run at (5,5) width 100: "Thislongwo"
          text run at (5,26) width 100: "rdshouldno"
          text run at (5,47) width 100: "tgetbroken"
          text run at (5,68) width 100: "butshoulds"
          text run at (5,89) width 100: "tickoutoft"
          text run at (5,110) width 60: "hepre."
          text run at (65,110) width 0: " "
      RenderBlock (anonymous) at (0,677) size 784x72
        RenderBR {BR} at (0,0) size 0x18
        RenderText {#text} at (0,18) size 780x54
          text run at (0,18) width 766: "This test makes sure floating and positioned elements do the right thing with word-break:"
          text run at (0,36) width 84: "break-all. "
          text run at (84,36) width 584: "The minimum width should be less than the containing block width. "
          text run at (668,36) width 112: "The breaking"
          text run at (0,54) width 542: "should be \"dumb\" and just occur when the end of the line is hit."
      RenderBlock {DIV} at (0,749) size 304x67 [border: (2px solid #000000)]
        RenderBlock (floating) {DIV} at (2,2) size 300x63
          RenderText {#text} at (0,0) size 300x63
            text run at (0,0) width 300: "Eventhoughthishasareallylongwo"
            text run at (0,21) width 300: "rd itshouldnotstick out ofthee"
            text run at (0,42) width 190: "nclosing300pxblock."
        RenderBR {BR} at (302,2) size 0x21
      RenderBlock (anonymous) at (0,816) size 784x18
        RenderBR {BR} at (0,0) size 0x18
      RenderBlock (anonymous) at (0,938) size 784x90
        RenderBR {BR} at (0,0) size 0x18
        RenderText {#text} at (0,18) size 766x72
          text run at (0,18) width 766: "This test makes sure floating and positioned elements do the right thing with word-break:"
          text run at (0,36) width 106: "break-word. "
          text run at (106,36) width 584: "The minimum width should be less than the containing block width. "
          text run at (690,36) width 32: "The"
          text run at (0,54) width 749: "breaking should be \"smart\" and be like word-wrap: break-word, with words preferring to"
          text run at (0,72) width 501: "wrap first before allowing break opportunities within them."
      RenderBlock {DIV} at (0,1028) size 304x67 [border: (2px solid #000000)]
        RenderBlock (floating) {DIV} at (2,2) size 300x63
          RenderText {#text} at (0,0) size 300x63
            text run at (0,0) width 300: "Eventhoughthishasareallylongwo"
            text run at (0,21) width 230: "rd itshouldnotstick out"
            text run at (0,42) width 250: "oftheenclosing300pxblock."
        RenderBR {BR} at (302,2) size 0x21
      RenderBlock (anonymous) at (0,1095) size 784x18
        RenderBR {BR} at (0,0) size 0x18
layer at (8,842) size 304x104
  RenderBlock (relative positioned) {DIV} at (0,834) size 304x104 [border: (2px solid #000000)]
layer at (10,844) size 300x63
  RenderBlock (positioned) {DIV} at (2,2) size 300x63
    RenderText {#text} at (0,0) size 300x63
      text run at (0,0) width 300: "Eventhoughthishasareallylongwo"
      text run at (0,21) width 300: "rd itshouldnotstick out ofthee"
      text run at (0,42) width 190: "nclosing300pxblock."
layer at (8,1121) size 304x104
  RenderBlock (relative positioned) {DIV} at (0,1113) size 304x104 [border: (2px solid #000000)]
layer at (10,1123) size 300x63
  RenderBlock (positioned) {DIV} at (2,2) size 300x63
    RenderText {#text} at (0,0) size 300x63
      text run at (0,0) width 300: "Eventhoughthishasareallylongwo"
      text run at (0,21) width 230: "rd itshouldnotstick out"
      text run at (0,42) width 250: "oftheenclosing300pxblock."
