layer at (0,0) size 800x600
  RenderView at (0,0) size 800x600
layer at (0,0) size 800x600
  RenderBlock {HTML} at (0,0) size 800x600
    RenderBody {BODY} at (8,8) size 784x584
      RenderBlock {P} at (0,0) size 784x19
        RenderText {#text} at (0,0) size 764x19
          text run at (0,0) width 764: "This tests for a bug where deleting from the start of a paragraph after a table would leave the caret in the wrong position."
      RenderBlock {DIV} at (0,33) size 784x48
        RenderTable {TABLE} at (0,0) size 357x29 [border: (1px outset #808080)]
          RenderTableSection {TBODY} at (1,1) size 355x27
            RenderTableRow {TR} at (0,2) size 355x23
              RenderTableCell {TD} at (2,2) size 345x23 [border: (1px inset #808080)] [r=0 c=0 rs=1 cs=1]
                RenderText {#text} at (2,2) size 341x19
                  text run at (2,2) width 341: "The caret should be between these two parenthesis: ("
              RenderTableCell {TD} at (349,11) size 4x4 [border: (1px inset #808080)] [r=0 c=1 rs=1 cs=1]
        RenderBlock {DIV} at (0,29) size 784x19
          RenderText {#text} at (0,0) size 9x19
            text run at (0,0) width 9: ")."
caret: position 0 of child 0 {#text} of child 1 {DIV} of child 2 {DIV} of child 1 {BODY} of child 0 {HTML} of document
