layer at (0,0) size 800x600
  RenderView at (0,0) size 800x600
layer at (0,0) size 800x600
  RenderBlock {HTML} at (0,0) size 800x600
    RenderBody {BODY} at (8,8) size 784x584
      RenderBlock {P} at (0,0) size 784x38
        RenderText {#text} at (0,0) size 719x38
          text run at (0,0) width 716: "This tests to see that deleting a selection that starts just before a table and ends inside the table does not insert a"
          text run at (0,19) width 190: "placeholder br unnecessarily. "
          text run at (190,19) width 253: "You should see two ToDos, one empty. "
          text run at (443,19) width 276: "The caret should be just before the second."
      RenderBlock {DIV} at (0,52) size 784x50
        RenderTable {TABLE} at (0,0) size 121x25
          RenderTableSection {TBODY} at (0,0) size 121x25
            RenderTableRow {TR} at (0,2) size 121x21
              RenderTableCell {TD} at (2,2) size 16x21 [r=0 c=0 rs=1 cs=1]
                RenderText {#text} at (1,1) size 14x19
                  text run at (1,1) width 14: "\x{21D2}"
              RenderTableCell {TD} at (20,2) size 91x21 [r=0 c=1 rs=1 cs=1]
                RenderText {#text} at (1,1) size 89x19
                  text run at (1,1) width 89: "ToDo Content"
              RenderTableCell {TD} at (113,2) size 6x21 [r=0 c=2 rs=1 cs=1]
                RenderText {#text} at (1,1) size 4x19
                  text run at (1,1) width 4: "\x{21E3}"
        RenderTable {TABLE} at (0,25) size 32x25
          RenderTableSection {TBODY} at (0,0) size 32x25
            RenderTableRow {TR} at (0,2) size 32x21
              RenderTableCell {TD} at (2,2) size 16x21 [r=0 c=0 rs=1 cs=1]
                RenderText {#text} at (1,1) size 14x19
                  text run at (1,1) width 14: "\x{21D2}"
              RenderTableCell {TD} at (20,2) size 2x21 [r=0 c=1 rs=1 cs=1]
              RenderTableCell {TD} at (24,2) size 6x21 [r=0 c=2 rs=1 cs=1]
                RenderText {#text} at (1,1) size 4x19
                  text run at (1,1) width 4: "\x{21E3}"
caret: position 0 of child 3 {TABLE} of child 2 {DIV} of child 1 {BODY} of child 0 {HTML} of document
