layer at (0,0) size 800x600
  RenderView at (0,0) size 800x600
layer at (0,0) size 800x600
  RenderBlock {HTML} at (0,0) size 800x600
    RenderBody {BODY} at (8,8) size 784x584
      RenderBlock {P} at (0,0) size 784x19
        RenderText {#text} at (0,0) size 631x19
          text run at (0,0) width 631: "This tests for a crash when deleting the contents of a table cell. You should just see 'Cached' below."
      RenderBlock {DIV} at (0,33) size 784x38
        RenderTable {TABLE} at (0,0) size 49x38
          RenderTableSection {TBODY} at (0,0) size 49x38
            RenderTableRow {TR} at (0,0) size 49x38
              RenderTableCell {TD} at (0,0) size 49x38 [r=0 c=0 rs=1 cs=1]
                RenderBR {BR} at (0,0) size 0x19
                RenderInline {A} at (0,0) size 49x19 [color=#0000EE]
                  RenderText {#text} at (0,19) size 49x19
                    text run at (0,19) width 49: "Cached"
caret: position 6 of child 0 {#text} of child 1 {A} of child 0 {TD} of child 0 {TR} of child 0 {TBODY} of child 0 {TABLE} of child 3 {DIV} of child 1 {BODY} of child 0 {HTML} of document
