layer at (0,0) size 800x600
  RenderView at (0,0) size 800x600
layer at (0,0) size 800x600
  RenderBlock {HTML} at (0,0) size 800x600
    RenderBody {BODY} at (8,8) size 784x584
      RenderBlock {P} at (0,0) size 784x40
        RenderText {#text} at (0,0) size 354x19
          text run at (0,0) width 212: "This empties a row (the second). "
          text run at (212,0) width 142: "It should be removed. "
        RenderInline {B} at (0,0) size 751x40
          RenderText {#text} at (354,0) size 751x40
            text run at (354,0) width 397: "This demonstrates a bug: the two cells that contained the"
            text run at (0,20) width 702: "ends of the selection aren't given a placeholder and so appear differently than the other emptied cells."
      RenderBlock {DIV} at (0,54) size 784x54
        RenderTable {TABLE} at (0,0) size 38x54 [border: (1px outset #808080)]
          RenderTableSection {TBODY} at (1,1) size 36x52
            RenderTableRow {TR} at (0,2) size 36x23
              RenderTableCell {TD} at (2,2) size 12x23 [border: (1px inset #808080)] [r=0 c=0 rs=1 cs=1]
                RenderText {#text} at (2,2) size 8x19
                  text run at (2,2) width 8: "1"
              RenderTableCell {TD} at (16,2) size 4x23 [border: (1px inset #808080)] [r=0 c=1 rs=1 cs=1]
                RenderBR {BR} at (2,2) size 0x19
              RenderTableCell {TD} at (22,2) size 12x23 [border: (1px inset #808080)] [r=0 c=2 rs=1 cs=1]
                RenderBR {BR} at (2,2) size 0x19
            RenderTableRow {TR} at (0,27) size 36x23
              RenderTableCell {TD} at (2,27) size 12x23 [border: (1px inset #808080)] [r=1 c=0 rs=1 cs=1]
                RenderBR {BR} at (2,2) size 0x19
              RenderTableCell {TD} at (16,27) size 4x23 [border: (1px inset #808080)] [r=1 c=1 rs=1 cs=1]
                RenderBR {BR} at (2,2) size 0x19
              RenderTableCell {TD} at (22,27) size 12x23 [border: (1px inset #808080)] [r=1 c=2 rs=1 cs=1]
                RenderText {#text} at (2,2) size 8x19
                  text run at (2,2) width 8: "9"
      RenderBlock {P} at (0,122) size 784x19
        RenderText {#text} at (0,0) size 600x19
          text run at (0,0) width 600: "This empties a row (the second), but it still contains the selection and so shouldn't be removed."
      RenderBlock {DIV} at (0,155) size 784x79
        RenderTable {TABLE} at (0,0) size 46x79 [border: (1px outset #808080)]
          RenderTableSection {TBODY} at (1,1) size 44x77
            RenderTableRow {TR} at (0,2) size 44x23
              RenderTableCell {TD} at (2,2) size 12x23 [border: (1px inset #808080)] [r=0 c=0 rs=1 cs=1]
                RenderText {#text} at (2,2) size 8x19
                  text run at (2,2) width 8: "1"
              RenderTableCell {TD} at (16,2) size 12x23 [border: (1px inset #808080)] [r=0 c=1 rs=1 cs=1]
                RenderText {#text} at (2,2) size 8x19
                  text run at (2,2) width 8: "2"
              RenderTableCell {TD} at (30,2) size 12x23 [border: (1px inset #808080)] [r=0 c=2 rs=1 cs=1]
                RenderText {#text} at (2,2) size 8x19
                  text run at (2,2) width 8: "3"
            RenderTableRow {TR} at (0,27) size 44x23
              RenderTableCell {TD} at (2,27) size 12x23 [border: (1px inset #808080)] [r=1 c=0 rs=1 cs=1]
                RenderBR {BR} at (2,2) size 0x19
              RenderTableCell {TD} at (16,27) size 12x23 [border: (1px inset #808080)] [r=1 c=1 rs=1 cs=1]
                RenderBR {BR} at (2,2) size 0x19
              RenderTableCell {TD} at (30,27) size 12x23 [border: (1px inset #808080)] [r=1 c=2 rs=1 cs=1]
                RenderBR {BR} at (2,2) size 0x19
            RenderTableRow {TR} at (0,52) size 44x23
              RenderTableCell {TD} at (2,52) size 12x23 [border: (1px inset #808080)] [r=2 c=0 rs=1 cs=1]
                RenderText {#text} at (2,2) size 8x19
                  text run at (2,2) width 8: "7"
              RenderTableCell {TD} at (16,52) size 12x23 [border: (1px inset #808080)] [r=2 c=1 rs=1 cs=1]
                RenderText {#text} at (2,2) size 8x19
                  text run at (2,2) width 8: "8"
              RenderTableCell {TD} at (30,52) size 12x23 [border: (1px inset #808080)] [r=2 c=2 rs=1 cs=1]
                RenderText {#text} at (2,2) size 8x19
                  text run at (2,2) width 8: "9"
      RenderBlock {P} at (0,248) size 784x19
        RenderText {#text} at (0,0) size 304x19
          text run at (0,0) width 304: "This empties the first row, it should be removed."
      RenderBlock {DIV} at (0,281) size 784x73
        RenderBlock {DIV} at (0,0) size 784x19
          RenderText {#text} at (0,0) size 36x19
            text run at (0,0) width 36: "Hello "
        RenderTable {TABLE} at (0,19) size 46x54 [border: (1px outset #808080)]
          RenderTableSection {TBODY} at (1,1) size 44x52
            RenderTableRow {TR} at (0,2) size 44x23
              RenderTableCell {TD} at (2,2) size 12x23 [border: (1px inset #808080)] [r=0 c=0 rs=1 cs=1]
                RenderBR {BR} at (2,2) size 0x19
              RenderTableCell {TD} at (16,2) size 12x23 [border: (1px inset #808080)] [r=0 c=1 rs=1 cs=1]
                RenderBR {BR} at (2,2) size 0x19
              RenderTableCell {TD} at (30,2) size 12x23 [border: (1px inset #808080)] [r=0 c=2 rs=1 cs=1]
                RenderText {#text} at (2,2) size 8x19
                  text run at (2,2) width 8: "6"
            RenderTableRow {TR} at (0,27) size 44x23
              RenderTableCell {TD} at (2,27) size 12x23 [border: (1px inset #808080)] [r=1 c=0 rs=1 cs=1]
                RenderText {#text} at (2,2) size 8x19
                  text run at (2,2) width 8: "7"
              RenderTableCell {TD} at (16,27) size 12x23 [border: (1px inset #808080)] [r=1 c=1 rs=1 cs=1]
                RenderText {#text} at (2,2) size 8x19
                  text run at (2,2) width 8: "8"
              RenderTableCell {TD} at (30,27) size 12x23 [border: (1px inset #808080)] [r=1 c=2 rs=1 cs=1]
                RenderText {#text} at (2,2) size 8x19
                  text run at (2,2) width 8: "9"
caret: position 6 of child 0 {#text} of child 1 {DIV} of child 14 {DIV} of child 1 {BODY} of child 0 {HTML} of document
