layer at (0,0) size 800x600
  RenderView at (0,0) size 800x600
layer at (0,0) size 800x600
  RenderBlock {HTML} at (0,0) size 800x600
    RenderBody {BODY} at (8,8) size 784x584
      RenderBlock {P} at (0,0) size 784x59
        RenderText {#text} at (0,0) size 778x38
          text run at (0,0) width 598: "This tests for a bug where expansion for smart delete would not consider editable boundaries. "
          text run at (598,0) width 180: "Only 'foo' should be deleted."
          text run at (0,19) width 141: "You should see ' bar'. "
        RenderInline {B} at (0,0) size 746x40
          RenderText {#text} at (141,19) size 746x40
            text run at (141,19) width 605: "There is a bug: while the non-editable space isn't deleted, deletion inserts a placeholder"
            text run at (0,39) width 123: "when it shouldn't."
      RenderBlock {DIV} at (0,73) size 784x38
        RenderBR {BR} at (0,0) size 0x19
        RenderInline {SPAN} at (0,0) size 21x19
          RenderText {#text} at (0,19) size 21x19
            text run at (0,19) width 21: "bar"
caret: position 0 of child 0 {BR} of child 2 {DIV} of child 1 {BODY} of child 0 {HTML} of document
