EDITING DELEGATE: shouldBeginEditingInDOMRange:range from 0 of BODY > HTML > #document to 5 of BODY > HTML > #document
EDITING DELEGATE: webViewDidBeginEditing:WebViewDidBeginEditingNotification
EDITING DELEGATE: webViewDidChangeSelection:WebViewDidChangeSelectionNotification
EDITING DELEGATE: shouldDeleteDOMRange:range from 3 of DIV > BODY > HTML > #document to 0 of DIV > BODY > HTML > #document
EDITING DELEGATE: webViewDidChange:WebViewDidChangeNotification
layer at (0,0) size 800x600
  RenderView at (0,0) size 800x600
layer at (0,0) size 800x600
  RenderBlock {HTML} at (0,0) size 800x600
    RenderBody {BODY} at (8,8) size 784x584
      RenderBlock {DIV} at (0,0) size 784x66 [border: (2px solid #FF0000)]
        RenderBlock {DIV} at (14,14) size 756x38 [border: (3px solid #000000)]
          RenderText {#text} at (3,3) size 49x31
            text run at (3,3) width 49: "hello"
        RenderBlock (anonymous) at (14,52) size 756x0
      RenderBlock {DIV} at (0,66) size 784x25 [border: (3px solid #0000FF)]
        RenderBR {BR} at (3,3) size 0x19
caret: position 0 of child 0 {BR} of child 2 {DIV} of child 1 {BODY} of child 0 {HTML} of document
