layer at (0,0) size 800x600
  RenderView at (0,0) size 800x600
layer at (0,0) size 800x600
  RenderBlock {HTML} at (0,0) size 800x600
    RenderBody {BODY} at (8,8) size 784x584
      RenderBlock {P} at (0,0) size 784x57
        RenderText {#text} at (0,0) size 784x57
          text run at (0,0) width 451: "This test can only be run with DRT and not manually from the browser. "
          text run at (451,0) width 333: "This test makes sure that we don't make the mistake"
          text run at (0,19) width 733: "of adding new m_containerElements to the DeletionUI over and over again. A successful run of the test will not have"
          text run at (0,38) width 457: "multiple instances of deletion UI render objects at the same coordinates:"
      RenderBlock {DIV} at (0,71) size 784x110
layer at (22,93) size 756x82 layerType: background only
layer at (18,89) size 764x90
  RenderBlock (positioned) zI: -1000000 {DIV} at (-4,-4) size 764x90 [border: (4px solid #00000099)]
layer at (22,93) size 756x82 layerType: foreground only
  RenderTable {TABLE} at (14,14) size 756x82
    RenderTableSection {TBODY} at (0,0) size 756x82
      RenderTableRow {TR} at (0,2) size 756x78
        RenderTableCell {TD} at (2,2) size 752x78 [r=0 c=0 rs=1 cs=1]
          RenderText {#text} at (1,1) size 748x76
            text run at (1,1) width 748: "Lorem ipsum dolor sit amet, consectetuer adipiscing elit. Maecenas odio. Morbi sed tortor id nisl bibendum commodo. "
            text run at (1,20) width 745: "Donec pede. Praesent accumsan dui vitae mauris. Mauris non dui at neque lacinia pulvinar. Quisque nibh. Nulla vitae "
            text run at (1,39) width 730: "lectus. Pellentesque enim. Mauris hendrerit molestie dui. Etiam pretium ligula a pede. Fusce consectetuer purus sit "
            text run at (1,58) width 352: "amet sem. Morbi tincidunt mollis libero. Maecenas mole"
    RenderBlock {DIV} at (0,0) size 756x0
layer at (5,78) size 30x30
  RenderImage zI: 1000000 {IMG} at (-17,-15) size 30x30
caret: position 403 of child 0 {#text} of child 1 {TD} of child 0 {TR} of child 1 {TBODY} of child 1 {TABLE} of child 3 {DIV} of child 1 {BODY} of child 0 {HTML} of document
