EDITING DELEGATE: shouldBeginEditingInDOMRange:range from 0 of DIV > BODY > HTML > #document to 3 of DIV > BODY > HTML > #document
EDITING DELEGATE: webViewDidBeginEditing:WebViewDidBeginEditingNotification
EDITING DELEGATE: webViewDidChangeSelection:WebViewDidChangeSelectionNotification
EDITING DELEGATE: webViewDidChangeSelection:WebViewDidChangeSelectionNotification
EDITING DELEGATE: shouldDeleteDOMRange:range from 3 of #text > A > SPAN > DIV > BODY > HTML > #document to 4 of #text > A > SPAN > DIV > BODY > HTML > #document
EDITING DELEGATE: shouldChangeSelectedDOMRange:range from 2 of #text > A > SPAN > DIV > BODY > HTML > #document to 2 of #text > A > SPAN > DIV > BODY > HTML > #document toDOMRange:range from 3 of #text > A > SPAN > DIV > BODY > HTML > #document to 3 of #text > A > SPAN > DIV > BODY > HTML > #document affinity:NSSelectionAffinityDownstream stillSelecting:FALSE
EDITING DELEGATE: webViewDidChangeSelection:WebViewDidChangeSelectionNotification
EDITING DELEGATE: webViewDidChange:WebViewDidChangeNotification
layer at (0,0) size 800x600
  RenderView at (0,0) size 800x600
layer at (0,0) size 800x600
  RenderBlock {HTML} at (0,0) size 800x600
    RenderBody {BODY} at (8,8) size 784x584
      RenderBlock {DIV} at (0,0) size 784x60 [border: (2px solid #FF0000)]
        RenderInline {SPAN} at (0,0) size 111x31
          RenderText {#text} at (14,14) size 88x31
            text run at (14,14) width 88: "this is a "
          RenderInline {A} at (0,0) size 23x31 [color=#0000EE]
            RenderText {#text} at (102,14) size 23x31
              text run at (102,14) width 23: "lin"
caret: position 3 of child 0 {#text} of child 1 {A} of child 1 {SPAN} of child 1 {DIV} of child 1 {BODY} of child 0 {HTML} of document
