EDITING DELEGATE: shouldBeginEditingInDOMRange:range from 0 of DIV > BODY > HTML > #document to 5 of DIV > BODY > HTML > #document
EDITING DELEGATE: webViewDidBeginEditing:WebViewDidBeginEditingNotification
EDITING DELEGATE: webViewDidChangeSelection:WebViewDidChangeSelectionNotification
EDITING DELEGATE: shouldDeleteDOMRange:range from 3 of #text > DIV > DIV > BODY > HTML > #document to 0 of DIV > DIV > BODY > HTML > #document
EDITING DELEGATE: webViewDidChangeSelection:WebViewDidChangeSelectionNotification
EDITING DELEGATE: shouldChangeSelectedDOMRange:(null) toDOMRange:range from 3 of #text > DIV > DIV > BODY > HTML > #document to 3 of #text > DIV > DIV > BODY > HTML > #document affinity:NSSelectionAffinityDownstream stillSelecting:FALSE
EDITING DELEGATE: webViewDidChangeSelection:WebViewDidChangeSelectionNotification
EDITING DELEGATE: webViewDidChange:WebViewDidChangeNotification
layer at (0,0) size 800x600
  RenderView at (0,0) size 800x600
layer at (0,0) size 800x600
  RenderBlock {HTML} at (0,0) size 800x600
    RenderBody {BODY} at (8,8) size 784x584
      RenderBlock {P} at (0,0) size 784x38
        RenderText {#text} at (0,0) size 763x38
          text run at (0,0) width 353: "This places the caret before the 'b' in 'bar' and Deletes. "
          text run at (353,0) width 410: "'foo' and 'bar' should end up on the same line, but neither should"
          text run at (0,19) width 84: "change style."
      RenderBlock {DIV} at (0,52) size 784x20
        RenderBlock {DIV} at (0,0) size 784x20
          RenderText {#text} at (0,0) size 20x19
            text run at (0,0) width 20: "foo"
          RenderInline {SPAN} at (0,0) size 22x20
            RenderText {#text} at (20,0) size 22x20
              text run at (20,0) width 22: "bar"
caret: position 3 of child 0 {#text} of child 1 {DIV} of child 2 {DIV} of child 1 {BODY} of child 0 {HTML} of document
