layer at (0,0) size 800x600
  RenderView at (0,0) size 800x600
layer at (0,0) size 800x146
  RenderBlock {HTML} at (0,0) size 800x146
    RenderBody {BODY} at (8,8) size 784x130
      RenderBlock {DIV} at (0,0) size 784x105 [border: (3px solid #FF0000)]
        RenderBlock (anonymous) at (3,3) size 778x19
          RenderText {#text} at (0,0) size 134x19
            text run at (0,0) width 134: "Destination container"
        RenderBlock {P} at (3,36) size 778x19
          RenderText {#text} at (0,0) size 24x19
            text run at (0,0) width 24: "one"
        RenderBlock {P} at (3,69) size 778x19
          RenderText {#text} at (0,0) size 22x19
            text run at (0,0) width 22: "two"
      RenderBlock {DIV} at (0,105) size 784x25 [border: (3px solid #0000FF)]
        RenderText {#text} at (3,3) size 108x19
          text run at (3,3) width 108: "Source container"
