layer at (0,0) size 800x600
  RenderView at (0,0) size 800x600
layer at (0,0) size 800x600
  RenderBlock {HTML} at (0,0) size 800x600
    RenderBody {BODY} at (8,8) size 784x584
      RenderBlock {P} at (0,0) size 784x20
        RenderText {#text} at (0,0) size 53x20
          text run at (0,0) width 53: "Test for "
        RenderInline {I} at (0,0) size 326x20
          RenderInline {A} at (0,0) size 154x20 [color=#0000EE]
            RenderText {#text} at (53,0) size 154x20
              text run at (53,0) width 154: "rdar://problem/7898436"
          RenderText {#text} at (207,0) size 172x20
            text run at (207,0) width 172: " :after content is duplicated"
        RenderText {#text} at (379,0) size 4x20
          text run at (379,0) width 4: "."
      RenderBlock {P} at (0,36) size 784x20
        RenderText {#text} at (0,0) size 508x20
          text run at (0,0) width 508: "The test passed if the word \x{201C}not\x{201D} appears exactly once in the following sentence:"
      RenderBlock {DIV} at (0,72) size 784x232
        RenderBlock (anonymous) at (0,0) size 784x116
          RenderText {#text} at (0,0) size 455x116
            text run at (0,0) width 455: "The test did"
          RenderInline {SPAN} at (0,0) size 0x0
            RenderInline {B} at (0,0) size 0x0
        RenderBlock (anonymous) at (0,116) size 784x0
          RenderBlock {DIV} at (0,0) size 784x0
        RenderBlock (anonymous) at (0,116) size 784x116
          RenderInline {SPAN} at (0,0) size 147x116
            RenderInline {B} at (0,0) size 0x0
            RenderInline (generated) at (0,0) size 147x116
              RenderText at (0,0) size 147x116
                text run at (0,0) width 147: "not "
          RenderText {#text} at (147,0) size 153x116
            text run at (147,0) width 153: "fail."
