layer at (0,0) size 800x600
  RenderView at (0,0) size 800x600
layer at (0,0) size 800x600
  RenderBlock {HTML} at (0,0) size 800x600
    RenderBody {BODY} at (8,8) size 784x576
      RenderBlock {OL} at (0,0) size 784x396
        RenderListItem {LI} at (40,0) size 744x18
          RenderListMarker at (-33,0) size 29x18: "-10"
          RenderText {#text} at (0,0) size 214x18
            text run at (0,0) width 214: "this list item should be labeled -10"
        RenderListItem {LI} at (40,18) size 744x18
          RenderListMarker at (-33,0) size 29x18: "-09"
          RenderText {#text} at (0,0) size 214x18
            text run at (0,0) width 214: "this list item should be labeled -09"
        RenderListItem {LI} at (40,36) size 744x18
          RenderListMarker at (-33,0) size 29x18: "-08"
          RenderText {#text} at (0,0) size 214x18
            text run at (0,0) width 214: "this list item should be labeled -08"
        RenderListItem {LI} at (40,54) size 744x18
          RenderListMarker at (-33,0) size 29x18: "-07"
          RenderText {#text} at (0,0) size 214x18
            text run at (0,0) width 214: "this list item should be labeled -07"
        RenderListItem {LI} at (40,72) size 744x18
          RenderListMarker at (-33,0) size 29x18: "-06"
          RenderText {#text} at (0,0) size 214x18
            text run at (0,0) width 214: "this list item should be labeled -06"
        RenderListItem {LI} at (40,90) size 744x18
          RenderListMarker at (-33,0) size 29x18: "-05"
          RenderText {#text} at (0,0) size 214x18
            text run at (0,0) width 214: "this list item should be labeled -05"
        RenderListItem {LI} at (40,108) size 744x18
          RenderListMarker at (-33,0) size 29x18: "-04"
          RenderText {#text} at (0,0) size 214x18
            text run at (0,0) width 214: "this list item should be labeled -04"
        RenderListItem {LI} at (40,126) size 744x18
          RenderListMarker at (-33,0) size 29x18: "-03"
          RenderText {#text} at (0,0) size 214x18
            text run at (0,0) width 214: "this list item should be labeled -03"
        RenderListItem {LI} at (40,144) size 744x18
          RenderListMarker at (-33,0) size 29x18: "-02"
          RenderText {#text} at (0,0) size 214x18
            text run at (0,0) width 214: "this list item should be labeled -02"
        RenderListItem {LI} at (40,162) size 744x18
          RenderListMarker at (-33,0) size 29x18: "-01"
          RenderText {#text} at (0,0) size 214x18
            text run at (0,0) width 214: "this list item should be labeled -01"
        RenderListItem {LI} at (40,180) size 744x18
          RenderListMarker at (-28,0) size 24x18: "00"
          RenderText {#text} at (0,0) size 209x18
            text run at (0,0) width 209: "this list item should be labeled 00"
        RenderListItem {LI} at (40,198) size 744x18
          RenderListMarker at (-28,0) size 24x18: "01"
          RenderText {#text} at (0,0) size 209x18
            text run at (0,0) width 209: "this list item should be labeled 01"
        RenderListItem {LI} at (40,216) size 744x18
          RenderListMarker at (-28,0) size 24x18: "02"
          RenderText {#text} at (0,0) size 209x18
            text run at (0,0) width 209: "this list item should be labeled 02"
        RenderListItem {LI} at (40,234) size 744x18
          RenderListMarker at (-28,0) size 24x18: "03"
          RenderText {#text} at (0,0) size 209x18
            text run at (0,0) width 209: "this list item should be labeled 03"
        RenderListItem {LI} at (40,252) size 744x18
          RenderListMarker at (-28,0) size 24x18: "04"
          RenderText {#text} at (0,0) size 209x18
            text run at (0,0) width 209: "this list item should be labeled 04"
        RenderListItem {LI} at (40,270) size 744x18
          RenderListMarker at (-28,0) size 24x18: "05"
          RenderText {#text} at (0,0) size 209x18
            text run at (0,0) width 209: "this list item should be labeled 05"
        RenderListItem {LI} at (40,288) size 744x18
          RenderListMarker at (-28,0) size 24x18: "06"
          RenderText {#text} at (0,0) size 209x18
            text run at (0,0) width 209: "this list item should be labeled 06"
        RenderListItem {LI} at (40,306) size 744x18
          RenderListMarker at (-28,0) size 24x18: "07"
          RenderText {#text} at (0,0) size 209x18
            text run at (0,0) width 209: "this list item should be labeled 07"
        RenderListItem {LI} at (40,324) size 744x18
          RenderListMarker at (-28,0) size 24x18: "08"
          RenderText {#text} at (0,0) size 209x18
            text run at (0,0) width 209: "this list item should be labeled 08"
        RenderListItem {LI} at (40,342) size 744x18
          RenderListMarker at (-28,0) size 24x18: "09"
          RenderText {#text} at (0,0) size 209x18
            text run at (0,0) width 209: "this list item should be labeled 09"
        RenderListItem {LI} at (40,360) size 744x18
          RenderListMarker at (-28,0) size 24x18: "10"
          RenderText {#text} at (0,0) size 209x18
            text run at (0,0) width 209: "this list item should be labeled 10"
        RenderListItem {LI} at (40,378) size 744x18
          RenderListMarker at (-36,0) size 32x18: "100"
          RenderText {#text} at (0,0) size 217x18
            text run at (0,0) width 217: "this list item should be labeled 100"
