layer at (0,0) size 800x600
  RenderView at (0,0) size 800x600
layer at (0,0) size 800x600
  RenderBlock {HTML} at (0,0) size 800x600
    RenderBody {BODY} at (8,8) size 784x576
      RenderBlock {P} at (0,0) size 784x18
        RenderText {#text} at (0,0) size 53x18
          text run at (0,0) width 53: "Test for "
        RenderInline {I} at (0,0) size 651x18
          RenderInline {A} at (0,0) size 301x18 [color=#0000EE]
            RenderText {#text} at (53,0) size 301x18
              text run at (53,0) width 301: "http://bugs.webkit.org/show_bug.cgi?id=12899"
          RenderText {#text} at (354,0) size 350x18
            text run at (354,0) width 4: " "
            text run at (358,0) width 346: "Ordered lists not updating dynamically with new styles"
        RenderText {#text} at (704,0) size 4x18
          text run at (704,0) width 4: "."
      RenderBlock {P} at (0,34) size 784x18
        RenderText {#text} at (0,0) size 368x18
          text run at (0,0) width 368: "The items in the following list should be numbered 1, 2, 3."
      RenderBlock {OL} at (0,68) size 784x54
        RenderListItem {LI} at (40,0) size 744x18
          RenderListMarker at (-20,0) size 16x18: "1"
          RenderText {#text} at (0,0) size 59x18
            text run at (0,0) width 59: "First item"
        RenderListItem {LI} at (40,18) size 744x18
          RenderListMarker at (-20,0) size 16x18: "2"
          RenderText {#text} at (0,0) size 78x18
            text run at (0,0) width 78: "Second item"
        RenderListItem {LI} at (40,36) size 744x18
          RenderListMarker at (-20,0) size 16x18: "3"
          RenderText {#text} at (0,0) size 66x18
            text run at (0,0) width 66: "Third item"
