layer at (0,0) size 785x6465
  RenderView at (0,0) size 785x600
layer at (0,0) size 785x6465
  RenderBlock {HTML} at (0,0) size 785x6465
    RenderBody {BODY} at (8,21) size 769x6428
      RenderBlock {DIV} at (0,0) size 769x164
        RenderBlock {H1} at (0,0) size 769x37
          RenderText {#text} at (0,0) size 348x37
            text run at (0,0) width 348: "I18N Tests: list-style-type"
        RenderBlock {P} at (0,58) size 769x18
          RenderText {#text} at (0,0) size 512x18
            text run at (0,0) width 512: "This page tests support for the CSS list-style-type property, as defined in CSS2.0."
        RenderBlock {DIV} at (0,92) size 769x72
          RenderBlock {P} at (0,0) size 769x72
            RenderInline {STRONG} at (0,0) size 37x18
              RenderText {#text} at (0,0) size 37x18
                text run at (0,0) width 37: "Note:"
            RenderText {#text} at (37,0) size 769x72
              text run at (37,0) width 714: " The CSS2.0 specification does not specify in any detail the mechanism for implementing the numbering schemes"
              text run at (0,18) width 769: "defined. Expectations for behaviour are based on the version of the CSS3 Lists module current at the time this test was last"
              text run at (0,36) width 150: "updated. In most cases, "
              text run at (150,36) width 611: "however, these tests simply allow you to see whether and how a particular user agent implements"
              text run at (0,54) width 280: "these features, rather than testing against the "
              text run at (280,54) width 208: "requirements of the specification."
      RenderBlock {P} at (0,180) size 769x18
        RenderText {#text} at (0,0) size 429x18
          text run at (0,0) width 429: "Check whether the numbering of the lists is what you would expect."
      RenderBlock {P} at (0,214) size 769x18
        RenderText {#text} at (0,0) size 29x18
          text run at (0,0) width 29: "The "
        RenderInline {CODE} at (0,0) size 40x15
          RenderText {#text} at (29,2) size 40x15
            text run at (29,2) width 40: "start"
        RenderText {#text} at (69,0) size 126x18
          text run at (69,0) width 126: " attribute is used on "
        RenderInline {CODE} at (0,0) size 16x15
          RenderText {#text} at (195,2) size 16x15
            text run at (195,2) width 16: "ol"
        RenderText {#text} at (211,0) size 168x18
          text run at (211,0) width 168: " to skip to higher numbers."
      RenderBlock {H2} at (0,251) size 769x28
        RenderText {#text} at (0,0) size 113x28
          text run at (0,0) width 113: "lower-latin"
      RenderBlock {P} at (0,298) size 769x18
        RenderText {#text} at (0,0) size 68x18
          text run at (0,0) width 68: "CSS says: "
        RenderInline {CODE} at (0,0) size 232x15
          RenderText {#text} at (68,2) size 232x15
            text run at (68,2) width 232: "list-style-type: lower-latin;"
        RenderText {#text} at (300,0) size 8x18
          text run at (300,0) width 8: " ."
      RenderBlock {P} at (0,332) size 769x18
        RenderText {#text} at (0,0) size 703x18
          text run at (0,0) width 703: "The CSS2.0 specification specifies the set of characters as \"a, b, c, ... z\". It doesn't specify what happens after z."
      RenderBlock {DIV} at (0,366) size 769x324
        RenderBlock {OL} at (0,0) size 769x152
          RenderListItem {LI} at (40,0) size 729x18
            RenderListMarker at (-19,0) size 15x18: "a"
            RenderText {#text} at (0,0) size 122x18
              text run at (0,0) width 122: "one, should show a"
          RenderListItem {LI} at (40,18) size 729x80
            RenderBlock (anonymous) at (0,0) size 729x18
              RenderListMarker at (-20,0) size 16x18: "b"
              RenderText {#text} at (0,0) size 124x18
                text run at (0,0) width 124: "two, should show b"
            RenderBlock {OL} at (0,26) size 729x54
              RenderListItem {LI} at (40,0) size 689x18
                RenderListMarker at (-19,0) size 15x18: "a"
                RenderText {#text} at (0,0) size 123x18
                  text run at (0,0) width 123: "one, expect to see a"
              RenderListItem {LI} at (40,18) size 689x18
                RenderListMarker at (-20,0) size 16x18: "b"
                RenderText {#text} at (0,0) size 125x18
                  text run at (0,0) width 125: "two, expect to see b"
              RenderListItem {LI} at (40,36) size 689x18
                RenderListMarker at (-19,0) size 15x18: "c"
                RenderText {#text} at (0,0) size 131x18
                  text run at (0,0) width 131: "three, expect to see c"
          RenderListItem {LI} at (40,98) size 729x18
            RenderListMarker at (-19,0) size 15x18: "c"
            RenderText {#text} at (0,0) size 130x18
              text run at (0,0) width 130: "three, should show c"
          RenderListItem {LI} at (40,116) size 729x18
            RenderListMarker at (-20,0) size 16x18: "d"
            RenderText {#text} at (0,0) size 126x18
              text run at (0,0) width 126: "four, should show d"
          RenderListItem {LI} at (40,134) size 729x18
            RenderListMarker at (-19,0) size 15x18: "e"
            RenderText {#text} at (0,0) size 123x18
              text run at (0,0) width 123: "five, should show e"
        RenderBlock {OL} at (0,184) size 769x54
          RenderListItem {LI} at (40,0) size 729x18
            RenderListMarker at (-19,0) size 15x18: "z"
            RenderText {#text} at (0,0) size 164x18
              text run at (0,0) width 164: "twenty six, should show z"
          RenderListItem {LI} at (40,18) size 729x18
            RenderListMarker at (-26,0) size 22x18: "aa"
            RenderText {#text} at (0,0) size 154x18
              text run at (0,0) width 154: "twenty seven, undefined"
          RenderListItem {LI} at (40,36) size 729x18
            RenderListMarker at (-27,0) size 23x18: "ab"
            RenderText {#text} at (0,0) size 149x18
              text run at (0,0) width 149: "twenty eight, undefined"
        RenderBlock {OL} at (0,270) size 769x54
          RenderListItem {LI} at (40,0) size 729x18
            RenderListMarker at (-26,0) size 22x18: "az"
            RenderText {#text} at (0,0) size 126x18
              text run at (0,0) width 126: "fifty-two, undefined"
          RenderListItem {LI} at (40,18) size 729x18
            RenderListMarker at (-27,0) size 23x18: "ba"
            RenderText {#text} at (0,0) size 133x18
              text run at (0,0) width 133: "fifty-three, undefined"
          RenderListItem {LI} at (40,36) size 729x18
            RenderListMarker at (-28,0) size 24x18: "bb"
            RenderText {#text} at (0,0) size 128x18
              text run at (0,0) width 128: "fifty-four, undefined"
      RenderBlock {H2} at (0,722) size 769x28
        RenderText {#text} at (0,0) size 116x28
          text run at (0,0) width 116: "upper-latin"
      RenderBlock {P} at (0,769) size 769x18
        RenderText {#text} at (0,0) size 68x18
          text run at (0,0) width 68: "CSS says: "
        RenderInline {CODE} at (0,0) size 232x15
          RenderText {#text} at (68,2) size 232x15
            text run at (68,2) width 232: "list-style-type: upper-latin;"
      RenderBlock {P} at (0,803) size 769x18
        RenderText {#text} at (0,0) size 721x18
          text run at (0,0) width 721: "The CSS2.0 specification specifies the set of characters as \"A, B, C, ... Z\". It doesn't specify what happens after Z."
      RenderBlock {DIV} at (0,837) size 769x324
        RenderBlock {OL} at (0,0) size 769x152
          RenderListItem {LI} at (40,0) size 729x18
            RenderListMarker at (-24,0) size 20x18: "A"
            RenderText {#text} at (0,0) size 127x18
              text run at (0,0) width 127: "one, should show A"
          RenderListItem {LI} at (40,18) size 729x80
            RenderBlock (anonymous) at (0,0) size 729x18
              RenderListMarker at (-23,0) size 19x18: "B"
              RenderText {#text} at (0,0) size 127x18
                text run at (0,0) width 127: "two, should show B"
            RenderBlock {OL} at (0,26) size 729x54
              RenderListItem {LI} at (40,0) size 689x18
                RenderListMarker at (-24,0) size 20x18: "A"
                RenderText {#text} at (0,0) size 128x18
                  text run at (0,0) width 128: "one, expect to see A"
              RenderListItem {LI} at (40,18) size 689x18
                RenderListMarker at (-23,0) size 19x18: "B"
                RenderText {#text} at (0,0) size 128x18
                  text run at (0,0) width 128: "two, expect to see B"
              RenderListItem {LI} at (40,36) size 689x18
                RenderListMarker at (-23,0) size 19x18: "C"
                RenderText {#text} at (0,0) size 135x18
                  text run at (0,0) width 135: "three, expect to see C"
          RenderListItem {LI} at (40,98) size 729x18
            RenderListMarker at (-23,0) size 19x18: "C"
            RenderText {#text} at (0,0) size 134x18
              text run at (0,0) width 134: "three, should show C"
          RenderListItem {LI} at (40,116) size 729x18
            RenderListMarker at (-24,0) size 20x18: "D"
            RenderText {#text} at (0,0) size 130x18
              text run at (0,0) width 130: "four, should show D"
          RenderListItem {LI} at (40,134) size 729x18
            RenderListMarker at (-22,0) size 18x18: "E"
            RenderText {#text} at (0,0) size 126x18
              text run at (0,0) width 126: "five, should show E"
        RenderBlock {OL} at (0,184) size 769x54
          RenderListItem {LI} at (40,0) size 729x18
            RenderListMarker at (-22,0) size 18x18: "Z"
            RenderText {#text} at (0,0) size 167x18
              text run at (0,0) width 167: "twenty six, should show Z"
          RenderListItem {LI} at (40,18) size 729x18
            RenderListMarker at (-36,0) size 32x18: "AA"
            RenderText {#text} at (0,0) size 154x18
              text run at (0,0) width 154: "twenty seven, undefined"
          RenderListItem {LI} at (40,36) size 729x18
            RenderListMarker at (-35,0) size 31x18: "AB"
            RenderText {#text} at (0,0) size 149x18
              text run at (0,0) width 149: "twenty eight, undefined"
        RenderBlock {OL} at (0,270) size 769x54
          RenderListItem {LI} at (40,0) size 729x18
            RenderListMarker at (-34,0) size 30x18: "AZ"
            RenderText {#text} at (0,0) size 126x18
              text run at (0,0) width 126: "fifty-two, undefined"
          RenderListItem {LI} at (40,18) size 729x18
            RenderListMarker at (-35,0) size 31x18: "BA"
            RenderText {#text} at (0,0) size 133x18
              text run at (0,0) width 133: "fifty-three, undefined"
          RenderListItem {LI} at (40,36) size 729x18
            RenderListMarker at (-34,0) size 30x18: "BB"
            RenderText {#text} at (0,0) size 128x18
              text run at (0,0) width 128: "fifty-four, undefined"
      RenderBlock {H2} at (0,1193) size 769x28
        RenderText {#text} at (0,0) size 123x28
          text run at (0,0) width 123: "lower-alpha"
      RenderBlock {P} at (0,1240) size 769x18
        RenderText {#text} at (0,0) size 68x18
          text run at (0,0) width 68: "CSS says: "
        RenderInline {CODE} at (0,0) size 232x15
          RenderText {#text} at (68,2) size 232x15
            text run at (68,2) width 232: "list-style-type: lower-alpha;"
        RenderText {#text} at (0,0) size 0x0
      RenderBlock {P} at (0,1274) size 769x18
        RenderText {#text} at (0,0) size 703x18
          text run at (0,0) width 703: "The CSS2.0 specification specifies the set of characters as \"a, b, c, ... z\". It doesn't specify what happens after z."
      RenderBlock {DIV} at (0,1308) size 769x324
        RenderBlock {OL} at (0,0) size 769x152
          RenderListItem {LI} at (40,0) size 729x18
            RenderListMarker at (-19,0) size 15x18: "a"
            RenderText {#text} at (0,0) size 122x18
              text run at (0,0) width 122: "one, should show a"
          RenderListItem {LI} at (40,18) size 729x80
            RenderBlock (anonymous) at (0,0) size 729x18
              RenderListMarker at (-20,0) size 16x18: "b"
              RenderText {#text} at (0,0) size 124x18
                text run at (0,0) width 124: "two, should show b"
            RenderBlock {OL} at (0,26) size 729x54
              RenderListItem {LI} at (40,0) size 689x18
                RenderListMarker at (-19,0) size 15x18: "a"
                RenderText {#text} at (0,0) size 123x18
                  text run at (0,0) width 123: "one, expect to see a"
              RenderListItem {LI} at (40,18) size 689x18
                RenderListMarker at (-20,0) size 16x18: "b"
                RenderText {#text} at (0,0) size 125x18
                  text run at (0,0) width 125: "two, expect to see b"
              RenderListItem {LI} at (40,36) size 689x18
                RenderListMarker at (-19,0) size 15x18: "c"
                RenderText {#text} at (0,0) size 131x18
                  text run at (0,0) width 131: "three, expect to see c"
          RenderListItem {LI} at (40,98) size 729x18
            RenderListMarker at (-19,0) size 15x18: "c"
            RenderText {#text} at (0,0) size 130x18
              text run at (0,0) width 130: "three, should show c"
          RenderListItem {LI} at (40,116) size 729x18
            RenderListMarker at (-20,0) size 16x18: "d"
            RenderText {#text} at (0,0) size 126x18
              text run at (0,0) width 126: "four, should show d"
          RenderListItem {LI} at (40,134) size 729x18
            RenderListMarker at (-19,0) size 15x18: "e"
            RenderText {#text} at (0,0) size 123x18
              text run at (0,0) width 123: "five, should show e"
        RenderBlock {OL} at (0,184) size 769x54
          RenderListItem {LI} at (40,0) size 729x18
            RenderListMarker at (-19,0) size 15x18: "z"
            RenderText {#text} at (0,0) size 164x18
              text run at (0,0) width 164: "twenty six, should show z"
          RenderListItem {LI} at (40,18) size 729x18
            RenderListMarker at (-26,0) size 22x18: "aa"
            RenderText {#text} at (0,0) size 154x18
              text run at (0,0) width 154: "twenty seven, undefined"
          RenderListItem {LI} at (40,36) size 729x18
            RenderListMarker at (-27,0) size 23x18: "ab"
            RenderText {#text} at (0,0) size 149x18
              text run at (0,0) width 149: "twenty eight, undefined"
        RenderBlock {OL} at (0,270) size 769x54
          RenderListItem {LI} at (40,0) size 729x18
            RenderListMarker at (-26,0) size 22x18: "az"
            RenderText {#text} at (0,0) size 126x18
              text run at (0,0) width 126: "fifty-two, undefined"
          RenderListItem {LI} at (40,18) size 729x18
            RenderListMarker at (-27,0) size 23x18: "ba"
            RenderText {#text} at (0,0) size 133x18
              text run at (0,0) width 133: "fifty-three, undefined"
          RenderListItem {LI} at (40,36) size 729x18
            RenderListMarker at (-28,0) size 24x18: "bb"
            RenderText {#text} at (0,0) size 128x18
              text run at (0,0) width 128: "fifty-four, undefined"
      RenderBlock {H2} at (0,1664) size 769x28
        RenderText {#text} at (0,0) size 126x28
          text run at (0,0) width 126: "upper-alpha"
      RenderBlock {P} at (0,1711) size 769x18
        RenderText {#text} at (0,0) size 68x18
          text run at (0,0) width 68: "CSS says: "
        RenderInline {CODE} at (0,0) size 232x15
          RenderText {#text} at (68,2) size 232x15
            text run at (68,2) width 232: "list-style-type: upper-alpha;"
        RenderText {#text} at (0,0) size 0x0
      RenderBlock {P} at (0,1745) size 769x18
        RenderText {#text} at (0,0) size 721x18
          text run at (0,0) width 721: "The CSS2.0 specification specifies the set of characters as \"A, B, C, ... Z\". It doesn't specify what happens after Z."
      RenderBlock {DIV} at (0,1779) size 769x324
        RenderBlock {OL} at (0,0) size 769x152
          RenderListItem {LI} at (40,0) size 729x18
            RenderListMarker at (-24,0) size 20x18: "A"
            RenderText {#text} at (0,0) size 127x18
              text run at (0,0) width 127: "one, should show A"
          RenderListItem {LI} at (40,18) size 729x80
            RenderBlock (anonymous) at (0,0) size 729x18
              RenderListMarker at (-23,0) size 19x18: "B"
              RenderText {#text} at (0,0) size 127x18
                text run at (0,0) width 127: "two, should show B"
            RenderBlock {OL} at (0,26) size 729x54
              RenderListItem {LI} at (40,0) size 689x18
                RenderListMarker at (-24,0) size 20x18: "A"
                RenderText {#text} at (0,0) size 128x18
                  text run at (0,0) width 128: "one, expect to see A"
              RenderListItem {LI} at (40,18) size 689x18
                RenderListMarker at (-23,0) size 19x18: "B"
                RenderText {#text} at (0,0) size 128x18
                  text run at (0,0) width 128: "two, expect to see B"
              RenderListItem {LI} at (40,36) size 689x18
                RenderListMarker at (-23,0) size 19x18: "C"
                RenderText {#text} at (0,0) size 135x18
                  text run at (0,0) width 135: "three, expect to see C"
          RenderListItem {LI} at (40,98) size 729x18
            RenderListMarker at (-23,0) size 19x18: "C"
            RenderText {#text} at (0,0) size 134x18
              text run at (0,0) width 134: "three, should show C"
          RenderListItem {LI} at (40,116) size 729x18
            RenderListMarker at (-24,0) size 20x18: "D"
            RenderText {#text} at (0,0) size 130x18
              text run at (0,0) width 130: "four, should show D"
          RenderListItem {LI} at (40,134) size 729x18
            RenderListMarker at (-22,0) size 18x18: "E"
            RenderText {#text} at (0,0) size 126x18
              text run at (0,0) width 126: "five, should show E"
        RenderBlock {OL} at (0,184) size 769x54
          RenderListItem {LI} at (40,0) size 729x18
            RenderListMarker at (-22,0) size 18x18: "Z"
            RenderText {#text} at (0,0) size 167x18
              text run at (0,0) width 167: "twenty six, should show Z"
          RenderListItem {LI} at (40,18) size 729x18
            RenderListMarker at (-36,0) size 32x18: "AA"
            RenderText {#text} at (0,0) size 154x18
              text run at (0,0) width 154: "twenty seven, undefined"
          RenderListItem {LI} at (40,36) size 729x18
            RenderListMarker at (-35,0) size 31x18: "AB"
            RenderText {#text} at (0,0) size 149x18
              text run at (0,0) width 149: "twenty eight, undefined"
        RenderBlock {OL} at (0,270) size 769x54
          RenderListItem {LI} at (40,0) size 729x18
            RenderListMarker at (-34,0) size 30x18: "AZ"
            RenderText {#text} at (0,0) size 126x18
              text run at (0,0) width 126: "fifty-two, undefined"
          RenderListItem {LI} at (40,18) size 729x18
            RenderListMarker at (-35,0) size 31x18: "BA"
            RenderText {#text} at (0,0) size 133x18
              text run at (0,0) width 133: "fifty-three, undefined"
          RenderListItem {LI} at (40,36) size 729x18
            RenderListMarker at (-34,0) size 30x18: "BB"
            RenderText {#text} at (0,0) size 128x18
              text run at (0,0) width 128: "fifty-four, undefined"
      RenderBlock {H2} at (0,2135) size 769x28
        RenderText {#text} at (0,0) size 124x28
          text run at (0,0) width 124: "lower-greek"
      RenderBlock {P} at (0,2182) size 769x18
        RenderText {#text} at (0,0) size 68x18
          text run at (0,0) width 68: "CSS says: "
        RenderInline {CODE} at (0,0) size 232x15
          RenderText {#text} at (68,2) size 232x15
            text run at (68,2) width 232: "list-style-type: lower-greek;"
        RenderText {#text} at (0,0) size 0x0
      RenderBlock {P} at (0,2216) size 769x36
        RenderText {#text} at (0,0) size 714x36
          text run at (0,0) width 714: "The CSS2.0 specification doesn't explicitly define the set of characters in the list, nor what happens after the list is"
          text run at (0,18) width 555: "exhausted, but does say \"Lowercase classical Greek alpha, beta, gamma, ... (\x{3AD}, \x{3AE}, \x{3AF}, ...)\"."
      RenderBlock {DIV} at (0,2268) size 769x324
        RenderBlock {OL} at (0,0) size 769x152
          RenderListItem {LI} at (40,0) size 729x18
            RenderListMarker at (-22,0) size 18x18: "\x{3B1}"
            RenderText {#text} at (0,0) size 110x18
              text run at (0,0) width 110: "one, may show \x{3B1}"
          RenderListItem {LI} at (40,18) size 729x80
            RenderBlock (anonymous) at (0,0) size 729x18
              RenderListMarker at (-21,0) size 17x18: "\x{3B2}"
              RenderText {#text} at (0,0) size 110x18
                text run at (0,0) width 110: "two, may show \x{3B2}"
            RenderBlock {OL} at (0,26) size 729x54
              RenderListItem {LI} at (40,0) size 689x18
                RenderListMarker at (-22,0) size 18x18: "\x{3B1}"
                RenderText {#text} at (0,0) size 110x18
                  text run at (0,0) width 110: "one, may show \x{3B1}"
              RenderListItem {LI} at (40,18) size 689x18
                RenderListMarker at (-21,0) size 17x18: "\x{3B2}"
                RenderText {#text} at (0,0) size 110x18
                  text run at (0,0) width 110: "two, may show \x{3B2}"
              RenderListItem {LI} at (40,36) size 689x18
                RenderListMarker at (-20,0) size 16x18: "\x{3B3}"
                RenderText {#text} at (0,0) size 116x18
                  text run at (0,0) width 116: "three, may show \x{3B3}"
          RenderListItem {LI} at (40,98) size 729x18
            RenderListMarker at (-20,0) size 16x18: "\x{3B3}"
            RenderText {#text} at (0,0) size 116x18
              text run at (0,0) width 116: "three, may show \x{3B3}"
          RenderListItem {LI} at (40,116) size 729x18
            RenderListMarker at (-21,0) size 17x18: "\x{3B4}"
            RenderText {#text} at (0,0) size 112x18
              text run at (0,0) width 112: "four, may show \x{3B4}"
          RenderListItem {LI} at (40,134) size 729x18
            RenderListMarker at (-19,0) size 15x18: "\x{3B5}"
            RenderText {#text} at (0,0) size 108x18
              text run at (0,0) width 108: "five, may show \x{3B5}"
        RenderBlock {OL} at (0,184) size 769x54
          RenderListItem {LI} at (40,0) size 729x18
            RenderListMarker at (-24,0) size 20x18: "\x{3C9}"
            RenderText {#text} at (0,0) size 162x18
              text run at (0,0) width 162: "twenty four, may show \x{3C9}"
          RenderListItem {LI} at (40,18) size 729x18
            RenderListMarker at (-32,0) size 28x18: "\x{3B1}\x{3B1}"
            RenderText {#text} at (0,0) size 154x18
              text run at (0,0) width 154: "twenty seven, undefined"
          RenderListItem {LI} at (40,36) size 729x18
            RenderListMarker at (-31,0) size 27x18: "\x{3B1}\x{3B2}"
            RenderText {#text} at (0,0) size 149x18
              text run at (0,0) width 149: "twenty eight, undefined"
        RenderBlock {OL} at (0,270) size 769x54
          RenderListItem {LI} at (40,0) size 729x18
            RenderListMarker at (-34,0) size 30x18: "\x{3B1}\x{3C9}"
            RenderText {#text} at (0,0) size 137x18
              text run at (0,0) width 137: "forty-eight, undefined"
          RenderListItem {LI} at (40,18) size 729x18
            RenderListMarker at (-31,0) size 27x18: "\x{3B2}\x{3B1}"
            RenderText {#text} at (0,0) size 133x18
              text run at (0,0) width 133: "forty-nine, undefined"
          RenderListItem {LI} at (40,36) size 729x18
            RenderListMarker at (-30,0) size 26x18: "\x{3B2}\x{3B2}"
            RenderText {#text} at (0,0) size 97x18
              text run at (0,0) width 97: "fifty, undefined"
      RenderBlock {H2} at (0,2624) size 769x28
        RenderText {#text} at (0,0) size 92x28
          text run at (0,0) width 92: "hiragana"
      RenderBlock {P} at (0,2671) size 769x18
        RenderText {#text} at (0,0) size 68x18
          text run at (0,0) width 68: "CSS says: "
        RenderInline {CODE} at (0,0) size 208x15
          RenderText {#text} at (68,2) size 208x15
            text run at (68,2) width 208: "list-style-type: hiragana;"
        RenderText {#text} at (0,0) size 0x0
      RenderBlock {P} at (0,2705) size 769x36
        RenderText {#text} at (0,0) size 718x36
          text run at (0,0) width 718: "The CSS 2.0 specification doesn't explicitly define the set of characters in the list, nor what happens after the list is"
          text run at (0,18) width 67: "exhausted."
      RenderBlock {DIV} at (0,2757) size 769x351
        RenderBlock {OL} at (0,0) size 769x176
          RenderListItem {LI} at (40,0) size 729x21
            RenderListMarker at (-28,3) size 24x18: "\x{3042}"
            RenderText {#text} at (0,3) size 116x18
              text run at (0,3) width 116: "one, may show \x{3042}"
          RenderListItem {LI} at (40,21) size 729x92
            RenderBlock (anonymous) at (0,0) size 729x21
              RenderListMarker at (-28,3) size 24x18: "\x{3044}"
              RenderText {#text} at (0,3) size 117x18
                text run at (0,3) width 117: "two, may show \x{3044}"
            RenderBlock {OL} at (0,29) size 729x63
              RenderListItem {LI} at (40,0) size 689x21
                RenderListMarker at (-28,3) size 24x18: "\x{3042}"
                RenderText {#text} at (0,3) size 116x18
                  text run at (0,3) width 116: "one, may show \x{3042}"
              RenderListItem {LI} at (40,21) size 689x21
                RenderListMarker at (-28,3) size 24x18: "\x{3044}"
                RenderText {#text} at (0,3) size 117x18
                  text run at (0,3) width 117: "two, may show \x{3044}"
              RenderListItem {LI} at (40,42) size 689x21
                RenderListMarker at (-28,3) size 24x18: "\x{3046}"
                RenderText {#text} at (0,3) size 124x18
                  text run at (0,3) width 124: "three, may show \x{3046}"
          RenderListItem {LI} at (40,113) size 729x21
            RenderListMarker at (-28,3) size 24x18: "\x{3046}"
            RenderText {#text} at (0,3) size 124x18
              text run at (0,3) width 124: "three, may show \x{3046}"
          RenderListItem {LI} at (40,134) size 729x21
            RenderListMarker at (-28,3) size 24x18: "\x{3048}"
            RenderText {#text} at (0,3) size 119x18
              text run at (0,3) width 119: "four, may show \x{3048}"
          RenderListItem {LI} at (40,155) size 729x21
            RenderListMarker at (-28,3) size 24x18: "\x{304A}"
            RenderText {#text} at (0,3) size 117x18
              text run at (0,3) width 117: "five, may show \x{304A}"
        RenderBlock {OL} at (0,208) size 769x57
          RenderListItem {LI} at (40,0) size 729x21
            RenderListMarker at (-28,3) size 24x18: "\x{3093}"
            RenderText {#text} at (0,3) size 159x18
              text run at (0,3) width 159: "forty-eight, may show \x{3093}"
          RenderListItem {LI} at (40,21) size 729x18
            RenderListMarker at (-44,0) size 40x18: "\x{3042}\x{3042}"
            RenderText {#text} at (0,0) size 133x18
              text run at (0,0) width 133: "forty-nine, undefined"
          RenderListItem {LI} at (40,39) size 729x18
            RenderListMarker at (-44,0) size 40x18: "\x{3042}\x{3044}"
            RenderText {#text} at (0,0) size 97x18
              text run at (0,0) width 97: "fifty, undefined"
        RenderBlock {OL} at (0,297) size 769x54
          RenderListItem {LI} at (40,0) size 729x18
            RenderListMarker at (-44,0) size 40x18: "\x{3042}\x{3093}"
            RenderText {#text} at (0,0) size 133x18
              text run at (0,0) width 133: "ninety-six, undefined"
          RenderListItem {LI} at (40,18) size 729x18
            RenderListMarker at (-44,0) size 40x18: "\x{3044}\x{3042}"
            RenderText {#text} at (0,0) size 151x18
              text run at (0,0) width 151: "ninety-seven, undefined"
          RenderListItem {LI} at (40,36) size 729x18
            RenderListMarker at (-44,0) size 40x18: "\x{3044}\x{3044}"
            RenderText {#text} at (0,0) size 146x18
              text run at (0,0) width 146: "ninety-eight, undefined"
      RenderBlock {H2} at (0,3140) size 769x28
        RenderText {#text} at (0,0) size 155x28
          text run at (0,0) width 155: "hiragana-iroha"
      RenderBlock {P} at (0,3187) size 769x18
        RenderText {#text} at (0,0) size 68x18
          text run at (0,0) width 68: "CSS says: "
        RenderInline {CODE} at (0,0) size 256x15
          RenderText {#text} at (68,2) size 256x15
            text run at (68,2) width 256: "list-style-type: hiragana-iroha;"
      RenderBlock {P} at (0,3221) size 769x36
        RenderText {#text} at (0,0) size 718x36
          text run at (0,0) width 718: "The CSS 2.0 specification doesn't explicitly define the set of characters in the list, nor what happens after the list is"
          text run at (0,18) width 67: "exhausted."
      RenderBlock {DIV} at (0,3273) size 769x351
        RenderBlock {OL} at (0,0) size 769x176
          RenderListItem {LI} at (40,0) size 729x21
            RenderListMarker at (-28,3) size 24x18: "\x{3044}"
            RenderText {#text} at (0,3) size 116x18
              text run at (0,3) width 116: "one, may show \x{3044}"
          RenderListItem {LI} at (40,21) size 729x92
            RenderBlock (anonymous) at (0,0) size 729x21
              RenderListMarker at (-28,3) size 24x18: "\x{308D}"
              RenderText {#text} at (0,3) size 117x18
                text run at (0,3) width 117: "two, may show \x{308D}"
            RenderBlock {OL} at (0,29) size 729x63
              RenderListItem {LI} at (40,0) size 689x21
                RenderListMarker at (-28,3) size 24x18: "\x{3042}"
                RenderText {#text} at (0,3) size 116x18
                  text run at (0,3) width 116: "one, may show \x{3044}"
              RenderListItem {LI} at (40,21) size 689x21
                RenderListMarker at (-28,3) size 24x18: "\x{3044}"
                RenderText {#text} at (0,3) size 117x18
                  text run at (0,3) width 117: "two, may show \x{308D}"
              RenderListItem {LI} at (40,42) size 689x21
                RenderListMarker at (-28,3) size 24x18: "\x{3046}"
                RenderText {#text} at (0,3) size 124x18
                  text run at (0,3) width 124: "three, may show \x{306F}"
          RenderListItem {LI} at (40,113) size 729x21
            RenderListMarker at (-28,3) size 24x18: "\x{306F}"
            RenderText {#text} at (0,3) size 124x18
              text run at (0,3) width 124: "three, may show \x{306F}"
          RenderListItem {LI} at (40,134) size 729x21
            RenderListMarker at (-28,3) size 24x18: "\x{306B}"
            RenderText {#text} at (0,3) size 119x18
              text run at (0,3) width 119: "four, may show \x{306B}"
          RenderListItem {LI} at (40,155) size 729x21
            RenderListMarker at (-28,3) size 24x18: "\x{307B}"
            RenderText {#text} at (0,3) size 117x18
              text run at (0,3) width 117: "five, may show \x{307B}"
        RenderBlock {OL} at (0,208) size 769x57
          RenderListItem {LI} at (40,0) size 729x21
            RenderListMarker at (-28,3) size 24x18: "\x{3059}"
            RenderText {#text} at (0,3) size 164x18
              text run at (0,3) width 164: "forty-seven, may show \x{3059}"
          RenderListItem {LI} at (40,21) size 729x18
            RenderListMarker at (-44,0) size 40x18: "\x{3044}\x{3044}"
            RenderText {#text} at (0,0) size 137x18
              text run at (0,0) width 137: "forty-eight, undefined"
          RenderListItem {LI} at (40,39) size 729x18
            RenderListMarker at (-44,0) size 40x18: "\x{3044}\x{308D}"
            RenderText {#text} at (0,0) size 133x18
              text run at (0,0) width 133: "forty-nine, undefined"
        RenderBlock {OL} at (0,297) size 769x54
          RenderListItem {LI} at (40,0) size 729x18
            RenderListMarker at (-44,0) size 40x18: "\x{3044}\x{3059}"
            RenderText {#text} at (0,0) size 141x18
              text run at (0,0) width 141: "ninety-four, undefined"
          RenderListItem {LI} at (40,18) size 729x18
            RenderListMarker at (-44,0) size 40x18: "\x{308D}\x{3044}"
            RenderText {#text} at (0,0) size 139x18
              text run at (0,0) width 139: "ninety-five, undefined"
          RenderListItem {LI} at (40,36) size 729x18
            RenderListMarker at (-44,0) size 40x18: "\x{308D}\x{308D}"
            RenderText {#text} at (0,0) size 133x18
              text run at (0,0) width 133: "ninety-six, undefined"
      RenderBlock {H2} at (0,3656) size 769x28
        RenderText {#text} at (0,0) size 95x28
          text run at (0,0) width 95: "katakana"
      RenderBlock {P} at (0,3703) size 769x18
        RenderText {#text} at (0,0) size 68x18
          text run at (0,0) width 68: "CSS says: "
        RenderInline {CODE} at (0,0) size 208x15
          RenderText {#text} at (68,2) size 208x15
            text run at (68,2) width 208: "list-style-type: katakana;"
        RenderText {#text} at (0,0) size 0x0
      RenderBlock {P} at (0,3737) size 769x36
        RenderText {#text} at (0,0) size 718x36
          text run at (0,0) width 718: "The CSS 2.0 specification doesn't explicitly define the set of characters in the list, nor what happens after the list is"
          text run at (0,18) width 67: "exhausted."
      RenderBlock {DIV} at (0,3789) size 769x348
        RenderBlock {OL} at (0,0) size 769x176
          RenderListItem {LI} at (40,0) size 729x21
            RenderListMarker at (-28,3) size 24x18: "\x{30A2}"
            RenderText {#text} at (0,3) size 116x18
              text run at (0,3) width 116: "one, may show \x{30A2}"
          RenderListItem {LI} at (40,21) size 729x92
            RenderBlock (anonymous) at (0,0) size 729x21
              RenderListMarker at (-28,3) size 24x18: "\x{30A4}"
              RenderText {#text} at (0,3) size 117x18
                text run at (0,3) width 117: "two, may show \x{30A4}"
            RenderBlock {OL} at (0,29) size 729x63
              RenderListItem {LI} at (40,0) size 689x21
                RenderListMarker at (-28,3) size 24x18: "\x{30A2}"
                RenderText {#text} at (0,3) size 116x18
                  text run at (0,3) width 116: "one, may show \x{30A2}"
              RenderListItem {LI} at (40,21) size 689x21
                RenderListMarker at (-28,3) size 24x18: "\x{30A4}"
                RenderText {#text} at (0,3) size 117x18
                  text run at (0,3) width 117: "two, may show \x{30A4}"
              RenderListItem {LI} at (40,42) size 689x21
                RenderListMarker at (-28,3) size 24x18: "\x{30A6}"
                RenderText {#text} at (0,3) size 124x18
                  text run at (0,3) width 124: "three, may show \x{30A6}"
          RenderListItem {LI} at (40,113) size 729x21
            RenderListMarker at (-28,3) size 24x18: "\x{30A6}"
            RenderText {#text} at (0,3) size 124x18
              text run at (0,3) width 124: "three, may show \x{30A6}"
          RenderListItem {LI} at (40,134) size 729x21
            RenderListMarker at (-28,3) size 24x18: "\x{30A8}"
            RenderText {#text} at (0,3) size 119x18
              text run at (0,3) width 119: "four, may show \x{30A8}"
          RenderListItem {LI} at (40,155) size 729x21
            RenderListMarker at (-28,3) size 24x18: "\x{30AA}"
            RenderText {#text} at (0,3) size 117x18
              text run at (0,3) width 117: "five, may show \x{30AA}"
        RenderBlock {OL} at (0,208) size 769x54
          RenderListItem {LI} at (40,0) size 729x18
            RenderListMarker at (-28,0) size 24x18: "\x{30F3}"
            RenderText {#text} at (0,0) size 137x18
              text run at (0,0) width 137: "forty-eight, undefined"
          RenderListItem {LI} at (40,18) size 729x18
            RenderListMarker at (-44,0) size 40x18: "\x{30A2}\x{30A2}"
            RenderText {#text} at (0,0) size 133x18
              text run at (0,0) width 133: "forty-nine, undefined"
          RenderListItem {LI} at (40,36) size 729x18
            RenderListMarker at (-44,0) size 40x18: "\x{30A2}\x{30A4}"
            RenderText {#text} at (0,0) size 97x18
              text run at (0,0) width 97: "fifty, undefined"
        RenderBlock {OL} at (0,294) size 769x54
          RenderListItem {LI} at (40,0) size 729x18
            RenderListMarker at (-44,0) size 40x18: "\x{30A2}\x{30F3}"
            RenderText {#text} at (0,0) size 133x18
              text run at (0,0) width 133: "ninety-six, undefined"
          RenderListItem {LI} at (40,18) size 729x18
            RenderListMarker at (-44,0) size 40x18: "\x{30A4}\x{30A2}"
            RenderText {#text} at (0,0) size 151x18
              text run at (0,0) width 151: "ninety-seven, undefined"
          RenderListItem {LI} at (40,36) size 729x18
            RenderListMarker at (-44,0) size 40x18: "\x{30A4}\x{30A4}"
            RenderText {#text} at (0,0) size 146x18
              text run at (0,0) width 146: "ninety-eight, undefined"
      RenderBlock {H2} at (0,4169) size 769x28
        RenderText {#text} at (0,0) size 158x28
          text run at (0,0) width 158: "katakana-iroha"
      RenderBlock {P} at (0,4216) size 769x18
        RenderText {#text} at (0,0) size 68x18
          text run at (0,0) width 68: "CSS says: "
        RenderInline {CODE} at (0,0) size 256x15
          RenderText {#text} at (68,2) size 256x15
            text run at (68,2) width 256: "list-style-type: katakana-iroha;"
        RenderText {#text} at (0,0) size 0x0
      RenderBlock {P} at (0,4250) size 769x36
        RenderText {#text} at (0,0) size 718x36
          text run at (0,0) width 718: "The CSS 2.0 specification doesn't explicitly define the set of characters in the list, nor what happens after the list is"
          text run at (0,18) width 67: "exhausted."
      RenderBlock {DIV} at (0,4302) size 769x351
        RenderBlock {OL} at (0,0) size 769x176
          RenderListItem {LI} at (40,0) size 729x21
            RenderListMarker at (-28,3) size 24x18: "\x{30A4}"
            RenderText {#text} at (0,3) size 116x18
              text run at (0,3) width 116: "one, may show \x{30A4}"
          RenderListItem {LI} at (40,21) size 729x92
            RenderBlock (anonymous) at (0,0) size 729x21
              RenderListMarker at (-28,3) size 24x18: "\x{30ED}"
              RenderText {#text} at (0,3) size 117x18
                text run at (0,3) width 117: "two, may show \x{30ED}"
            RenderBlock {OL} at (0,29) size 729x63
              RenderListItem {LI} at (40,0) size 689x21
                RenderListMarker at (-28,3) size 24x18: "\x{3042}"
                RenderText {#text} at (0,3) size 116x18
                  text run at (0,3) width 116: "one, may show \x{30A4}"
              RenderListItem {LI} at (40,21) size 689x21
                RenderListMarker at (-28,3) size 24x18: "\x{3044}"
                RenderText {#text} at (0,3) size 117x18
                  text run at (0,3) width 117: "two, may show \x{30ED}"
              RenderListItem {LI} at (40,42) size 689x21
                RenderListMarker at (-28,3) size 24x18: "\x{3046}"
                RenderText {#text} at (0,3) size 124x18
                  text run at (0,3) width 124: "three, may show \x{30CF}"
          RenderListItem {LI} at (40,113) size 729x21
            RenderListMarker at (-28,3) size 24x18: "\x{30CF}"
            RenderText {#text} at (0,3) size 124x18
              text run at (0,3) width 124: "three, may show \x{30CF}"
          RenderListItem {LI} at (40,134) size 729x21
            RenderListMarker at (-28,3) size 24x18: "\x{30CB}"
            RenderText {#text} at (0,3) size 119x18
              text run at (0,3) width 119: "four, may show \x{30CB}"
          RenderListItem {LI} at (40,155) size 729x21
            RenderListMarker at (-28,3) size 24x18: "\x{30DB}"
            RenderText {#text} at (0,3) size 117x18
              text run at (0,3) width 117: "five, may show \x{30DB}"
        RenderBlock {OL} at (0,208) size 769x57
          RenderListItem {LI} at (40,0) size 729x21
            RenderListMarker at (-28,3) size 24x18: "\x{30B9}"
            RenderText {#text} at (0,3) size 164x18
              text run at (0,3) width 164: "forty-seven, may show \x{30B9}"
          RenderListItem {LI} at (40,21) size 729x18
            RenderListMarker at (-44,0) size 40x18: "\x{30A4}\x{30A4}"
            RenderText {#text} at (0,0) size 137x18
              text run at (0,0) width 137: "forty-eight, undefined"
          RenderListItem {LI} at (40,39) size 729x18
            RenderListMarker at (-44,0) size 40x18: "\x{30A4}\x{30ED}"
            RenderText {#text} at (0,0) size 133x18
              text run at (0,0) width 133: "forty-nine, undefined"
        RenderBlock {OL} at (0,297) size 769x54
          RenderListItem {LI} at (40,0) size 729x18
            RenderListMarker at (-44,0) size 40x18: "\x{30A4}\x{30B9}"
            RenderText {#text} at (0,0) size 141x18
              text run at (0,0) width 141: "ninety-four, undefined"
          RenderListItem {LI} at (40,18) size 729x18
            RenderListMarker at (-44,0) size 40x18: "\x{30ED}\x{30A4}"
            RenderText {#text} at (0,0) size 139x18
              text run at (0,0) width 139: "ninety-five, undefined"
          RenderListItem {LI} at (40,36) size 729x18
            RenderListMarker at (-44,0) size 40x18: "\x{30ED}\x{30ED}"
            RenderText {#text} at (0,0) size 133x18
              text run at (0,0) width 133: "ninety-six, undefined"
      RenderBlock {H2} at (0,4685) size 769x28
        RenderText {#text} at (0,0) size 162x28
          text run at (0,0) width 162: "cjk-ideographic"
      RenderBlock {P} at (0,4732) size 769x18
        RenderText {#text} at (0,0) size 68x18
          text run at (0,0) width 68: "CSS says: "
        RenderInline {CODE} at (0,0) size 264x15
          RenderText {#text} at (68,2) size 264x15
            text run at (68,2) width 264: "list-style-type: cjk-ideographic;"
      RenderBlock {P} at (0,4766) size 769x54
        RenderText {#text} at (0,0) size 754x54
          text run at (0,0) width 716: "The CSS2.0 specification doesn't define what characters should be used to create each number - there are multiple"
          text run at (0,18) width 79: "alternatives. "
          text run at (79,18) width 675: "Note that the characters specified in the CSS3 Lists module as of the date of publication of this page are not"
          text run at (0,36) width 140: "those expected below."
      RenderBlock {DIV} at (0,4836) size 769x392
        RenderBlock {OL} at (0,0) size 769x152
          RenderListItem {LI} at (40,0) size 729x18
            RenderListMarker at (-28,0) size 24x18: "\x{4E00}"
            RenderText {#text} at (0,0) size 23x18
              text run at (0,0) width 23: "one"
          RenderListItem {LI} at (40,18) size 729x80
            RenderBlock (anonymous) at (0,0) size 729x18
              RenderListMarker at (-28,0) size 24x18: "\x{4E8C}"
              RenderText {#text} at (0,0) size 24x18
                text run at (0,0) width 24: "two"
            RenderBlock {OL} at (0,26) size 729x54
              RenderListItem {LI} at (40,0) size 689x18
                RenderListMarker at (-28,0) size 24x18: "\x{4E00}"
                RenderText {#text} at (0,0) size 23x18
                  text run at (0,0) width 23: "one"
              RenderListItem {LI} at (40,18) size 689x18
                RenderListMarker at (-28,0) size 24x18: "\x{4E8C}"
                RenderText {#text} at (0,0) size 24x18
                  text run at (0,0) width 24: "two"
              RenderListItem {LI} at (40,36) size 689x18
                RenderListMarker at (-28,0) size 24x18: "\x{4E09}"
                RenderText {#text} at (0,0) size 31x18
                  text run at (0,0) width 31: "three"
          RenderListItem {LI} at (40,98) size 729x18
            RenderListMarker at (-28,0) size 24x18: "\x{4E09}"
            RenderText {#text} at (0,0) size 31x18
              text run at (0,0) width 31: "three"
          RenderListItem {LI} at (40,116) size 729x18
            RenderListMarker at (-28,0) size 24x18: "\x{56DB}"
            RenderText {#text} at (0,0) size 26x18
              text run at (0,0) width 26: "four"
          RenderListItem {LI} at (40,134) size 729x18
            RenderListMarker at (-28,0) size 24x18: "\x{4E94}"
            RenderText {#text} at (0,0) size 24x18
              text run at (0,0) width 24: "five"
        RenderBlock {OL} at (0,184) size 769x54
          RenderListItem {LI} at (40,0) size 729x18
            RenderListMarker at (-44,0) size 40x18: "\x{4E8C}\x{5341}"
            RenderText {#text} at (0,0) size 114x18
              text run at (0,0) width 114: "twenty, undefined"
          RenderListItem {LI} at (40,18) size 729x18
            RenderListMarker at (-60,0) size 56x18: "\x{4E8C}\x{5341}\x{4E00}"
            RenderText {#text} at (0,0) size 141x18
              text run at (0,0) width 141: "twenty one, undefined"
          RenderListItem {LI} at (40,36) size 729x18
            RenderListMarker at (-60,0) size 56x18: "\x{4E8C}\x{5341}\x{4E8C}"
            RenderText {#text} at (0,0) size 142x18
              text run at (0,0) width 142: "twenty two, undefined"
        RenderBlock {OL} at (0,270) size 769x54
          RenderListItem {LI} at (40,0) size 729x18
            RenderListMarker at (-44,0) size 40x18: "\x{4E00}\x{767E}"
            RenderText {#text} at (0,0) size 134x18
              text run at (0,0) width 134: "a hundred, undefined"
          RenderListItem {LI} at (40,18) size 729x18
            RenderListMarker at (-76,0) size 72x18: "\x{4E00}\x{767E}\x{96F6}\x{4E00}"
            RenderText {#text} at (0,0) size 188x18
              text run at (0,0) width 188: "a hundred and one, undefined"
          RenderListItem {LI} at (40,36) size 729x18
            RenderListMarker at (-76,0) size 72x18: "\x{4E00}\x{767E}\x{96F6}\x{4E8C}"
            RenderText {#text} at (0,0) size 189x18
              text run at (0,0) width 189: "a hundred and two, undefined"
        RenderBlock {OL} at (0,356) size 769x36
          RenderListItem {LI} at (40,0) size 729x18
            RenderListMarker at (-28,0) size 24x18: "\x{96F6}"
            RenderText {#text} at (0,0) size 98x18
              text run at (0,0) width 98: "zero, undefined"
          RenderListItem {LI} at (40,18) size 729x18
            RenderListMarker at (-28,0) size 24x18: "\x{4E00}"
            RenderText {#text} at (0,0) size 23x18
              text run at (0,0) width 23: "one"
      RenderBlock {H2} at (0,5260) size 769x28
        RenderText {#text} at (0,0) size 76x28
          text run at (0,0) width 76: "hebrew"
      RenderBlock {P} at (0,5307) size 769x18
        RenderText {#text} at (0,0) size 68x18
          text run at (0,0) width 68: "CSS says: "
        RenderInline {CODE} at (0,0) size 192x15
          RenderText {#text} at (68,2) size 192x15
            text run at (68,2) width 192: "list-style-type: hebrew;"
      RenderBlock {P} at (0,5341) size 769x18
        RenderText {#text} at (0,0) size 515x18
          text run at (0,0) width 515: "The CSS2.0 specification doesn't define the algorithm for the Hebrew numbering."
      RenderBlock {DIV} at (0,5375) size 769x357
        RenderBlock {OL} at (0,0) size 769x160
          RenderListItem {LI} at (40,0) size 729x19
            RenderListMarker at (-23,1) size 19x18: "\x{5D0}"
            RenderText {#text} at (0,1) size 126x18
              text run at (0,1) width 115: "one, should show "
              text run at (115,1) width 11 RTL: "\x{5D0}"
          RenderListItem {LI} at (40,19) size 729x84
            RenderBlock (anonymous) at (0,0) size 729x19
              RenderListMarker at (-22,1) size 18x18: "\x{5D1}"
              RenderText {#text} at (0,1) size 126x18
                text run at (0,1) width 116: "two, should show "
                text run at (116,1) width 10 RTL: "\x{5D1}"
            RenderBlock {OL} at (0,27) size 729x57
              RenderListItem {LI} at (40,0) size 689x19
                RenderListMarker at (-23,1) size 19x18: "\x{5D0}"
                RenderText {#text} at (0,1) size 126x18
                  text run at (0,1) width 115: "one, should show "
                  text run at (115,1) width 11 RTL: "\x{5D0}"
              RenderListItem {LI} at (40,19) size 689x19
                RenderListMarker at (-22,1) size 18x18: "\x{5D1}"
                RenderText {#text} at (0,1) size 126x18
                  text run at (0,1) width 116: "two, should show "
                  text run at (116,1) width 10 RTL: "\x{5D1}"
              RenderListItem {LI} at (40,38) size 689x19
                RenderListMarker at (-19,1) size 15x18: "\x{5D2}"
                RenderText {#text} at (0,1) size 130x18
                  text run at (0,1) width 123: "three, should show "
                  text run at (123,1) width 7 RTL: "\x{5D2}"
          RenderListItem {LI} at (40,103) size 729x19
            RenderListMarker at (-19,1) size 15x18: "\x{5D2}"
            RenderText {#text} at (0,1) size 130x18
              text run at (0,1) width 123: "three, should show "
              text run at (123,1) width 7 RTL: "\x{5D2}"
          RenderListItem {LI} at (40,122) size 729x19
            RenderListMarker at (-21,1) size 17x18: "\x{5D3}"
            RenderText {#text} at (0,1) size 127x18
              text run at (0,1) width 118: "four, should show "
              text run at (118,1) width 9 RTL: "\x{5D3}"
          RenderListItem {LI} at (40,141) size 729x19
            RenderListMarker at (-24,1) size 20x18: "\x{5D4}"
            RenderText {#text} at (0,1) size 128x18
              text run at (0,1) width 116: "five, should show "
              text run at (116,1) width 12 RTL: "\x{5D4}"
        RenderBlock {OL} at (0,192) size 769x95
          RenderListItem {LI} at (40,0) size 729x19
            RenderListMarker at (-27,1) size 23x18: "\x{5E6}\x{5D6}"
            RenderText {#text} at (0,1) size 243x18
              text run at (0,1) width 228: "ninety-seven, undefined, may show "
              text run at (228,1) width 15 RTL: "\x{5E6}\x{5D6}"
          RenderListItem {LI} at (40,19) size 729x19
            RenderListMarker at (-33,1) size 29x18: "\x{5E6}\x{5D7}"
            RenderText {#text} at (0,1) size 244x18
              text run at (0,1) width 223: "ninety-eight, undefined, may show "
              text run at (223,1) width 21 RTL: "\x{5E6}\x{5D7}"
          RenderListItem {LI} at (40,38) size 729x19
            RenderListMarker at (-32,1) size 28x18: "\x{5E6}\x{5D8}"
            RenderText {#text} at (0,1) size 239x18
              text run at (0,1) width 219: "ninety-nine, undefined, may show "
              text run at (219,1) width 20 RTL: "\x{5E6}\x{5D8}"
          RenderListItem {LI} at (40,57) size 729x19
            RenderListMarker at (-23,1) size 19x18: "\x{5E7}"
            RenderText {#text} at (0,1) size 211x18
              text run at (0,1) width 200: "hundred, undefined, may show "
              text run at (200,1) width 11 RTL: "\x{5E7}"
          RenderListItem {LI} at (40,76) size 729x19
            RenderListMarker at (-33,1) size 29x18: "\x{5E7}\x{5D0}"
            RenderText {#text} at (0,1) size 286x18
              text run at (0,1) width 265: "a hundred and one, undefined, may show "
              text run at (265,1) width 21 RTL: "\x{5E7}\x{5D0}"
        RenderBlock {OL} at (0,319) size 769x38
          RenderListItem {LI} at (40,0) size 729x19
            RenderListMarker at (-43,1) size 39x18: "\x{5D0}\x{5E4}\x{5E1}"
            RenderText {#text} at (0,1) size 206x18
              text run at (0,1) width 175: "zero, undefined, may show "
              text run at (175,1) width 31 RTL: "\x{5D0}\x{5E4}\x{5E1}"
          RenderListItem {LI} at (40,19) size 729x19
            RenderListMarker at (-23,1) size 19x18: "\x{5D0}"
            RenderText {#text} at (0,1) size 126x18
              text run at (0,1) width 115: "one, should show "
              text run at (115,1) width 11 RTL: "\x{5D0}"
      RenderBlock {H2} at (0,5764) size 769x28
        RenderText {#text} at (0,0) size 90x28
          text run at (0,0) width 90: "georgian"
      RenderBlock {P} at (0,5811) size 769x18
        RenderText {#text} at (0,0) size 68x18
          text run at (0,0) width 68: "CSS says: "
        RenderInline {CODE} at (0,0) size 208x15
          RenderText {#text} at (68,2) size 208x15
            text run at (68,2) width 208: "list-style-type: georgian;"
      RenderBlock {P} at (0,5845) size 769x18
        RenderText {#text} at (0,0) size 554x18
          text run at (0,0) width 554: "The CSS2.0 specification doesn't define the algorithm for Georgian numbering in detail."
      RenderBlock {DIV} at (0,5879) size 769x418
        RenderBlock {OL} at (0,0) size 769x323
          RenderListItem {LI} at (40,0) size 729x21
            RenderListMarker at (-19,3) size 15x18: "\x{10D0}"
            RenderText {#text} at (0,3) size 107x18
              text run at (0,3) width 107: "one, may show \x{10D0}"
          RenderListItem {LI} at (40,21) size 729x92
            RenderBlock (anonymous) at (0,0) size 729x21
              RenderListMarker at (-21,3) size 17x18: "\x{10D1}"
              RenderText {#text} at (0,3) size 110x18
                text run at (0,3) width 110: "two, may show \x{10D1}"
            RenderBlock {OL} at (0,29) size 729x63
              RenderListItem {LI} at (40,0) size 689x21
                RenderListMarker at (-19,3) size 15x18: "\x{10D0}"
                RenderText {#text} at (0,3) size 107x18
                  text run at (0,3) width 107: "one, may show \x{10D0}"
              RenderListItem {LI} at (40,21) size 689x21
                RenderListMarker at (-21,3) size 17x18: "\x{10D1}"
                RenderText {#text} at (0,3) size 110x18
                  text run at (0,3) width 110: "two, may show \x{10D1}"
              RenderListItem {LI} at (40,42) size 689x21
                RenderListMarker at (-21,3) size 17x18: "\x{10D2}"
                RenderText {#text} at (0,3) size 117x18
                  text run at (0,3) width 117: "three, may show \x{10D2}"
          RenderListItem {LI} at (40,113) size 729x21
            RenderListMarker at (-21,3) size 17x18: "\x{10D2}"
            RenderText {#text} at (0,3) size 117x18
              text run at (0,3) width 117: "three, may show \x{10D2}"
          RenderListItem {LI} at (40,134) size 729x21
            RenderListMarker at (-26,3) size 22x18: "\x{10D3}"
            RenderText {#text} at (0,3) size 117x18
              text run at (0,3) width 117: "four, may show \x{10D3}"
          RenderListItem {LI} at (40,155) size 729x21
            RenderListMarker at (-20,3) size 16x18: "\x{10D4}"
            RenderText {#text} at (0,3) size 109x18
              text run at (0,3) width 109: "five, may show \x{10D4}"
          RenderListItem {LI} at (40,176) size 729x21
            RenderListMarker at (-21,3) size 17x18: "\x{10D5}"
            RenderText {#text} at (0,3) size 104x18
              text run at (0,3) width 104: "six, may show \x{10D5}"
          RenderListItem {LI} at (40,197) size 729x21
            RenderListMarker at (-24,3) size 20x18: "\x{10D6}"
            RenderText {#text} at (0,3) size 125x18
              text run at (0,3) width 125: "seven, may show \x{10D6}"
          RenderListItem {LI} at (40,218) size 729x21
            RenderListMarker at (-23,3) size 19x18: "\x{10F1}"
            RenderText {#text} at (0,3) size 119x18
              text run at (0,3) width 119: "eight, may show \x{10F1}"
          RenderListItem {LI} at (40,239) size 729x21
            RenderListMarker at (-26,3) size 22x18: "\x{10D7}"
            RenderText {#text} at (0,3) size 118x18
              text run at (0,3) width 118: "nine, may show \x{10D7}"
          RenderListItem {LI} at (40,260) size 729x21
            RenderListMarker at (-20,3) size 16x18: "\x{10D8}"
            RenderText {#text} at (0,3) size 104x18
              text run at (0,3) width 104: "ten, may show \x{10D8}"
          RenderListItem {LI} at (40,281) size 729x21
            RenderListMarker at (-27,3) size 23x18: "\x{10D8}\x{10D0}"
            RenderText {#text} at (0,3) size 133x18
              text run at (0,3) width 133: "eleven, may show \x{10D8}\x{10D0}"
          RenderListItem {LI} at (40,302) size 729x21
            RenderListMarker at (-29,3) size 25x18: "\x{10D8}\x{10D1}"
            RenderText {#text} at (0,3) size 136x18
              text run at (0,3) width 136: "twelve, may show \x{10D8}\x{10D1}"
        RenderBlock {OL} at (0,355) size 769x63
          RenderListItem {LI} at (40,0) size 729x21
            RenderListMarker at (-35,3) size 31x18: "\x{10DF}\x{10D7}"
            RenderText {#text} at (0,3) size 242x18
              text run at (0,3) width 242: "ninety-nine, undefined, may show \x{10DF}\x{10D7}"
          RenderListItem {LI} at (40,21) size 729x21
            RenderListMarker at (-23,3) size 19x18: "\x{10E0}"
            RenderText {#text} at (0,3) size 211x18
              text run at (0,3) width 211: "hundred, undefined, may show \x{10E0}"
          RenderListItem {LI} at (40,42) size 729x21
            RenderListMarker at (-30,3) size 26x18: "\x{10E0}\x{10D0}"
            RenderText {#text} at (0,3) size 283x18
              text run at (0,3) width 283: "a hundred and one, undefined, may show \x{10E0}\x{10D0}"
      RenderBlock {H2} at (0,6329) size 769x28
        RenderText {#text} at (0,0) size 99x28
          text run at (0,0) width 99: "armenian"
      RenderBlock {P} at (0,6376) size 769x18
        RenderText {#text} at (0,0) size 68x18
          text run at (0,0) width 68: "CSS says: "
        RenderInline {CODE} at (0,0) size 208x15
          RenderText {#text} at (68,2) size 208x15
            text run at (68,2) width 208: "list-style-type: armenian;"
      RenderBlock {P} at (0,6410) size 769x18
        RenderText {#text} at (0,0) size 558x18
          text run at (0,0) width 558: "The CSS2.0 specification doesn't define the algorithm for Armenian numbering in detail."
