layer at (0,0) size 800x600
  RenderView at (0,0) size 800x600
layer at (0,0) size 800x600
  RenderBlock {HTML} at (0,0) size 800x600
    RenderBody {BODY} at (8,8) size 784x584
      RenderBlock {P} at (0,0) size 784x18
        RenderText {#text} at (0,0) size 413x18
          text run at (0,0) width 413: "Movie with no audio track. The volume button should not render."
      RenderBlock (anonymous) at (0,34) size 784x288
        RenderText {#text} at (0,0) size 0x0
        RenderText {#text} at (0,0) size 0x0
        RenderText {#text} at (0,0) size 0x0
layer at (8,42) size 352x288
  RenderVideo {VIDEO} at (0,0) size 352x288
layer at (8,42) size 352x288
  RenderBlock (relative positioned) {DIV} at (0,0) size 352x288
layer at (8,314) size 352x16
  RenderFlexibleBox (positioned) {DIV} at (0,272) size 352x16
    RenderButton {INPUT} at (0,0) size 16x16
    RenderFlexibleBox {DIV} at (16,0) size 304x16
      RenderSlider {INPUT} at (0,0) size 304x16
        RenderBlock {DIV} at (2,1) size 13x14
    RenderButton {INPUT} at (320,0) size 16x16
    RenderButton {INPUT} at (336,0) size 16x16
