layer at (0,0) size 800x600
  RenderView at (0,0) size 800x600
layer at (0,0) size 800x600
  RenderBlock {HTML} at (0,0) size 800x600
    RenderBody {BODY} at (8,8) size 784x575
      RenderBlock {P} at (0,0) size 784x69
        RenderText {#text} at (0,0) size 331x51
          text run at (0,0) width 331: "BigAndGreen"
        RenderBR {BR} at (331,38) size 0x0
        RenderText {#text} at (0,51) size 128x18
          text run at (0,51) width 128: "SmallAndBlack"
