layer at (0,0) size 800x600
  RenderView at (0,0) size 800x600
layer at (0,0) size 800x600
  RenderBlock {HTML} at (0,0) size 800x600
    RenderBody {BODY} at (8,8) size 784x575
      RenderBlock {P} at (0,0) size 784x41 [border: (2px solid #0000FF)]
        RenderInline (generated) at (0,0) size 31x37 [color=#800000]
          RenderText {#text} at (2,2) size 31x37
            text run at (2,2) width 31: "M"
        RenderText {#text} at (33,17) size 241x18
          text run at (33,17) width 241: "aroon on the first letter only."
