layer at (0,0) size 800x600
  RenderView at (0,0) size 800x600
layer at (0,0) size 800x87
  RenderBlock {HTML} at (0,0) size 800x87
    RenderBody {BODY} at (8,17) size 784x53
      RenderBlock {P} at (0,0) size 784x18
        RenderText {#text} at (0,0) size 622x18
          text run at (0,0) width 622: "The following should look like: Arabic characters 123.4 Arabic characters."
      RenderBlock {P} at (0,35) size 784x18
        RenderText {#text} at (0,0) size 96x18
          text run at (0,0) width 25 RTL: " \x{644}\x{645}\x{646}"
          text run at (25,0) width 49: "123.4"
          text run at (74,0) width 22 RTL: "\x{627}\x{628}\x{62C} "
