layer at (0,0) size 800x600
  RenderView at (0,0) size 800x600
layer at (0,0) size 800x600
  RenderBlock {HTML} at (0,0) size 800x600
    RenderBody {BODY} at (8,8) size 784x584
      RenderBlock (anonymous) at (0,0) size 784x36
        RenderText {#text} at (0,0) size 756x36
          text run at (0,0) width 756: "This tests that Unicode bidi control characters are not rendered and have zero width. The"
          text run at (0,18) width 310: "next two lines should look the same."
      RenderBlock {DIV} at (0,36) size 784x40
        RenderText {#text} at (0,0) size 16x20
          text run at (0,0) width 8: "a"
          text run at (8,0) width 8 LTR override: "e\x{300}"
        RenderBR {BR} at (16,16) size 0x0
        RenderText {#text} at (0,20) size 16x20
          text run at (0,20) width 16: "ae\x{300}"
