layer at (0,0) size 800x600
  RenderView at (0,0) size 800x600
layer at (0,0) size 800x600
  RenderBlock {HTML} at (0,0) size 800x600
    RenderBody {BODY} at (8,8) size 784x575
      RenderBlock (anonymous) at (0,0) size 784x36
        RenderText {#text} at (0,0) size 754x36
          text run at (0,0) width 614: "The following tests text iteration over RTL text embedded with LTR text. "
          text run at (614,0) width 140: "TextIterators are"
          text run at (0,18) width 337: "used for find, spellcheck, and .innerText"
      RenderBlock {HR} at (0,44) size 784x2 [border: (1px inset #000000)]
      RenderBlock (anonymous) at (0,54) size 784x18
        RenderText {#text} at (0,0) size 181x18
          text run at (0,0) width 181: "Embedded Numbers:"
      RenderBlock {DIV} at (0,72) size 784x18 [color=#0000FF]
        RenderText {#text} at (0,0) size 139x18
          text run at (0,0) width 74: "Testing ("
          text run at (74,0) width 14 RTL: "\x{5DF}\x{5DE}"
          text run at (88,0) width 11: "3"
          text run at (99,0) width 33 RTL: "\x{5D7}\x{5D5}\x{5D3}\x{5D0}"
          text run at (132,0) width 7: ")"
      RenderBlock (anonymous) at (0,90) size 784x18
        RenderText {#text} at (0,0) size 132x18
          text run at (0,0) width 132: "Embedded LTR:"
      RenderBlock {DIV} at (0,108) size 784x18 [color=#0000FF]
        RenderText {#text} at (0,0) size 169x18
          text run at (0,0) width 74: "Testing ("
          text run at (74,0) width 33 RTL: "\x{5D7}\x{5D5}\x{5D3}\x{5D0}"
          text run at (107,0) width 41: "hello"
          text run at (148,0) width 14 RTL: "\x{5DF}\x{5DE}"
          text run at (162,0) width 7: ")"
      RenderBlock (anonymous) at (0,126) size 784x18
        RenderText {#text} at (0,0) size 246x18
          text run at (0,0) width 246: "Embedded Numbers and LTR"
      RenderBlock {DIV} at (0,144) size 784x18 [color=#0000FF]
        RenderText {#text} at (0,0) size 161x18
          text run at (0,0) width 74: "Testing ("
          text run at (74,0) width 27 RTL: "\x{5E7}\x{5E7}\x{5E8}"
          text run at (101,0) width 11: "3"
          text run at (112,0) width 31 RTL: "\x{5D9}\x{5E7}\x{5DD}\x{5DC}"
          text run at (143,0) width 18: "h)"
      RenderBlock (anonymous) at (0,162) size 784x18
        RenderText {#text} at (0,0) size 294x18
          text run at (0,0) width 294: "Embedded Numbers with spacing:"
      RenderBlock {DIV} at (0,180) size 784x18 [color=#0000FF]
        RenderText {#text} at (0,0) size 300x18
          text run at (0,0) width 74: "Testing ("
          text run at (74,0) width 38 RTL: " \x{5D7}\x{5D5}\x{5D3}\x{5D0}"
          text run at (112,0) width 33: "300"
          text run at (145,0) width 52 RTL: "\x{5D7}\x{5D5}\x{5D3}\x{5D0}\x{5DF}\x{5DE} "
          text run at (197,0) width 55: "34023"
          text run at (252,0) width 41 RTL: "\x{5D9}\x{5E7}\x{5DA}\x{5DA}\x{5DD}"
          text run at (293,0) width 7: ")"
      RenderBlock (anonymous) at (0,198) size 784x18
        RenderText {#text} at (0,0) size 81x18
          text run at (0,0) width 81: "Plain LTR:"
      RenderBlock {DIV} at (0,216) size 784x18 [color=#0000FF]
        RenderText {#text} at (0,0) size 122x18
          text run at (0,0) width 122: "Testing (hello)"
      RenderBlock (anonymous) at (0,234) size 784x18
        RenderText {#text} at (0,0) size 245x18
          text run at (0,0) width 245: "Embedded LTR with spacing:"
      RenderBlock {DIV} at (0,252) size 784x18 [color=#0000FF]
        RenderText {#text} at (0,0) size 214x18
          text run at (0,0) width 74: "Testing ("
          text run at (74,0) width 64 RTL: "\x{5D7}\x{5D5}\x{5D3}\x{5D9}\x{5E7}\x{5DA}\x{5DA}\x{5DD}"
          text run at (138,0) width 51: " hello "
          text run at (189,0) width 18 RTL: "\x{5DF}\x{5DE}\x{5D9}"
          text run at (207,0) width 7: ")"
      RenderBlock (anonymous) at (0,270) size 784x18
        RenderText {#text} at (0,0) size 220x18
          text run at (0,0) width 220: "Mixed but not embedded:"
      RenderBlock {DIV} at (0,288) size 784x18 [color=#0000FF]
        RenderText {#text} at (0,0) size 159x18
          text run at (0,0) width 115: "Testing (hello"
          text run at (115,0) width 37 RTL: "\x{5D7}\x{5D5}\x{5D3}\x{5DF}\x{5DE}"
          text run at (152,0) width 7: ")"
      RenderBlock (anonymous) at (0,306) size 784x18
        RenderText {#text} at (0,0) size 220x18
          text run at (0,0) width 220: "Mixed but not embedded:"
      RenderBlock {DIV} at (0,324) size 784x18 [color=#0000FF]
        RenderText {#text} at (0,0) size 159x18
          text run at (0,0) width 74: "Testing ("
          text run at (74,0) width 37 RTL: "\x{5D7}\x{5D5}\x{5D3}\x{5DF}\x{5DE}"
          text run at (111,0) width 48: "hello)"
      RenderBlock {OL} at (0,359) size 784x0
