layer at (0,0) size 800x6203
  RenderView at (0,0) size 800x600
layer at (0,0) size 800x6203
  RenderBlock {HTML} at (0,0) size 800x6203
    RenderBody {BODY} at (8,8) size 784x6178
      RenderBlock {P} at (0,0) size 784x18
        RenderText {#text} at (0,0) size 407x18
          text run at (0,0) width 407: "Tests the resolved level of runs of neutral types."
      RenderBlock {DIV} at (0,35) size 784x3063
        RenderBlock {P} at (0,0) size 784x18
          RenderText {#text} at (0,0) size 62x18
            text run at (0,0) width 62: "ab(^cd"
        RenderBlock {P} at (0,35) size 784x18
          RenderText {#text} at (0,0) size 60x18
            text run at (0,0) width 19 RTL: "\x{5D0}\x{5D1}"
            text run at (19,0) width 41: "(^cd"
        RenderBlock {P} at (0,70) size 784x18
          RenderText {#text} at (0,0) size 57x18
            text run at (0,0) width 16 RTL: "\x{627}\x{628}"
            text run at (16,0) width 41: "(^cd"
        RenderBlock {P} at (0,105) size 784x18
          RenderText {#text} at (0,0) size 84x18
            text run at (0,0) width 84: "ab12(^cd"
        RenderBlock {P} at (0,140) size 784x18
          RenderText {#text} at (0,0) size 82x18
            text run at (0,0) width 22: "12"
            text run at (22,0) width 19 RTL: "\x{5D0}\x{5D1}"
            text run at (41,0) width 41: "(^cd"
        RenderBlock {P} at (0,175) size 784x18
          RenderText {#text} at (0,0) size 79x18
            text run at (0,0) width 22: "12"
            text run at (22,0) width 16 RTL: "\x{627}\x{628}"
            text run at (38,0) width 41: "(^cd"
        RenderBlock {P} at (0,210) size 784x18
          RenderText {#text} at (0,0) size 72x18
            text run at (0,0) width 21: "ab"
            text run at (21,0) width 10: "\x{661}\x{662}"
            text run at (31,0) width 41: "(^cd"
        RenderBlock {P} at (0,245) size 784x18
          RenderText {#text} at (0,0) size 70x18
            text run at (0,0) width 10: "\x{661}\x{662}"
            text run at (10,0) width 19 RTL: "\x{5D0}\x{5D1}"
            text run at (29,0) width 41: "(^cd"
        RenderBlock {P} at (0,280) size 784x18
          RenderText {#text} at (0,0) size 67x18
            text run at (0,0) width 10: "\x{661}\x{662}"
            text run at (10,0) width 16 RTL: "\x{627}\x{628}"
            text run at (26,0) width 41: "(^cd"
        RenderBlock {P} at (0,315) size 784x18
          RenderText {#text} at (0,0) size 50x18
            text run at (0,0) width 9: "?"
            text run at (9,0) width 41: "(^cd"
        RenderBlock {P} at (0,350) size 784x18
          RenderText {#text} at (0,0) size 50x18
            text run at (0,0) width 9 RTL: "?"
            text run at (9,0) width 41: "(^cd"
        RenderBlock {P} at (0,385) size 784x18
          RenderText {#text} at (0,0) size 58x18
            text run at (0,0) width 42: "ab(^"
            text run at (42,0) width 16 RTL: "\x{5D2}\x{5D3}"
        RenderBlock {P} at (0,420) size 784x18
          RenderText {#text} at (0,0) size 56x18
            text run at (0,0) width 56 RTL: "\x{5D0}\x{5D1}(^\x{5D2}\x{5D3}"
        RenderBlock {P} at (0,455) size 784x18
          RenderText {#text} at (0,0) size 53x18
            text run at (0,0) width 53 RTL: "\x{627}\x{628}(^\x{5D2}\x{5D3}"
        RenderBlock {P} at (0,490) size 784x18
          RenderText {#text} at (0,0) size 80x18
            text run at (0,0) width 64: "ab12(^"
            text run at (64,0) width 16 RTL: "\x{5D2}\x{5D3}"
        RenderBlock {P} at (0,525) size 784x18
          RenderText {#text} at (0,0) size 78x18
            text run at (0,0) width 37 RTL: "(^\x{5D2}\x{5D3}"
            text run at (37,0) width 22: "12"
            text run at (59,0) width 19 RTL: "\x{5D0}\x{5D1}"
        RenderBlock {P} at (0,560) size 784x18
          RenderText {#text} at (0,0) size 75x18
            text run at (0,0) width 37 RTL: "(^\x{5D2}\x{5D3}"
            text run at (37,0) width 22: "12"
            text run at (59,0) width 16 RTL: "\x{627}\x{628}"
        RenderBlock {P} at (0,595) size 784x18
          RenderText {#text} at (0,0) size 68x18
            text run at (0,0) width 21: "ab"
            text run at (21,0) width 37 RTL: "(^\x{5D2}\x{5D3}"
            text run at (58,0) width 10: "\x{661}\x{662}"
        RenderBlock {P} at (0,630) size 784x18
          RenderText {#text} at (0,0) size 66x18
            text run at (0,0) width 37 RTL: "(^\x{5D2}\x{5D3}"
            text run at (37,0) width 10: "\x{661}\x{662}"
            text run at (47,0) width 19 RTL: "\x{5D0}\x{5D1}"
        RenderBlock {P} at (0,665) size 784x18
          RenderText {#text} at (0,0) size 63x18
            text run at (0,0) width 37 RTL: "(^\x{5D2}\x{5D3}"
            text run at (37,0) width 10: "\x{661}\x{662}"
            text run at (47,0) width 16 RTL: "\x{627}\x{628}"
        RenderBlock {P} at (0,700) size 784x18
          RenderText {#text} at (0,0) size 46x18
            text run at (0,0) width 9: "?"
            text run at (9,0) width 21: "(^"
            text run at (30,0) width 16 RTL: "\x{5D2}\x{5D3}"
        RenderBlock {P} at (0,735) size 784x18
          RenderText {#text} at (0,0) size 46x18
            text run at (0,0) width 37 RTL: "(^\x{5D2}\x{5D3}"
            text run at (37,0) width 9 RTL: "?"
        RenderBlock {P} at (0,770) size 784x18
          RenderText {#text} at (0,0) size 58x18
            text run at (0,0) width 42: "ab(^"
            text run at (42,0) width 16 RTL: "\x{62C}\x{62F}"
        RenderBlock {P} at (0,805) size 784x18
          RenderText {#text} at (0,0) size 55x18
            text run at (0,0) width 55 RTL: "\x{5D0}\x{5D1}(^\x{62C}\x{62F}"
        RenderBlock {P} at (0,840) size 784x18
          RenderText {#text} at (0,0) size 52x18
            text run at (0,0) width 52 RTL: "\x{627}\x{628}(^\x{62C}\x{62F}"
        RenderBlock {P} at (0,875) size 784x18
          RenderText {#text} at (0,0) size 80x18
            text run at (0,0) width 64: "ab12(^"
            text run at (64,0) width 16 RTL: "\x{62C}\x{62F}"
        RenderBlock {P} at (0,910) size 784x18
          RenderText {#text} at (0,0) size 77x18
            text run at (0,0) width 36 RTL: "(^\x{62C}\x{62F}"
            text run at (36,0) width 22: "12"
            text run at (58,0) width 19 RTL: "\x{5D0}\x{5D1}"
        RenderBlock {P} at (0,945) size 784x18
          RenderText {#text} at (0,0) size 74x18
            text run at (0,0) width 36 RTL: "(^\x{62C}\x{62F}"
            text run at (36,0) width 22: "12"
            text run at (58,0) width 16 RTL: "\x{627}\x{628}"
        RenderBlock {P} at (0,980) size 784x18
          RenderText {#text} at (0,0) size 67x18
            text run at (0,0) width 21: "ab"
            text run at (21,0) width 36 RTL: "(^\x{62C}\x{62F}"
            text run at (57,0) width 10: "\x{661}\x{662}"
        RenderBlock {P} at (0,1015) size 784x18
          RenderText {#text} at (0,0) size 65x18
            text run at (0,0) width 36 RTL: "(^\x{62C}\x{62F}"
            text run at (36,0) width 10: "\x{661}\x{662}"
            text run at (46,0) width 19 RTL: "\x{5D0}\x{5D1}"
        RenderBlock {P} at (0,1050) size 784x18
          RenderText {#text} at (0,0) size 62x18
            text run at (0,0) width 36 RTL: "(^\x{62C}\x{62F}"
            text run at (36,0) width 10: "\x{661}\x{662}"
            text run at (46,0) width 16 RTL: "\x{627}\x{628}"
        RenderBlock {P} at (0,1085) size 784x18
          RenderText {#text} at (0,0) size 46x18
            text run at (0,0) width 9: "?"
            text run at (9,0) width 21: "(^"
            text run at (30,0) width 16 RTL: "\x{62C}\x{62F}"
        RenderBlock {P} at (0,1120) size 784x18
          RenderText {#text} at (0,0) size 45x18
            text run at (0,0) width 36 RTL: "(^\x{62C}\x{62F}"
            text run at (36,0) width 9 RTL: "?"
        RenderBlock {P} at (0,1155) size 784x18
          RenderText {#text} at (0,0) size 85x18
            text run at (0,0) width 64: "ab(^34"
            text run at (64,0) width 12 RTL: "\x{5E9}"
            text run at (76,0) width 9: "z"
        RenderBlock {P} at (0,1190) size 784x18
          RenderText {#text} at (0,0) size 83x18
            text run at (0,0) width 12 RTL: "\x{5E9}"
            text run at (12,0) width 22: "34"
            text run at (34,0) width 40 RTL: "\x{5D0}\x{5D1}(^"
            text run at (74,0) width 9: "z"
        RenderBlock {P} at (0,1225) size 784x18
          RenderText {#text} at (0,0) size 80x18
            text run at (0,0) width 12 RTL: "\x{5E9}"
            text run at (12,0) width 22: "34"
            text run at (34,0) width 37 RTL: "\x{627}\x{628}(^"
            text run at (71,0) width 9: "z"
        RenderBlock {P} at (0,1260) size 784x18
          RenderText {#text} at (0,0) size 107x18
            text run at (0,0) width 86: "ab12(^34"
            text run at (86,0) width 12 RTL: "\x{5E9}"
            text run at (98,0) width 9: "z"
        RenderBlock {P} at (0,1295) size 784x18
          RenderText {#text} at (0,0) size 105x18
            text run at (0,0) width 12 RTL: "\x{5E9}"
            text run at (12,0) width 22: "34"
            text run at (34,0) width 21 RTL: "(^"
            text run at (55,0) width 22: "12"
            text run at (77,0) width 19 RTL: "\x{5D0}\x{5D1}"
            text run at (96,0) width 9: "z"
        RenderBlock {P} at (0,1330) size 784x18
          RenderText {#text} at (0,0) size 102x18
            text run at (0,0) width 12 RTL: "\x{5E9}"
            text run at (12,0) width 22: "34"
            text run at (34,0) width 21 RTL: "(^"
            text run at (55,0) width 22: "12"
            text run at (77,0) width 16 RTL: "\x{627}\x{628}"
            text run at (93,0) width 9: "z"
        RenderBlock {P} at (0,1365) size 784x18
          RenderText {#text} at (0,0) size 95x18
            text run at (0,0) width 21: "ab"
            text run at (21,0) width 10: "\x{661}\x{662}"
            text run at (31,0) width 43: "(^34"
            text run at (74,0) width 12 RTL: "\x{5E9}"
            text run at (86,0) width 9: "z"
        RenderBlock {P} at (0,1400) size 784x18
          RenderText {#text} at (0,0) size 93x18
            text run at (0,0) width 12 RTL: "\x{5E9}"
            text run at (12,0) width 22: "34"
            text run at (34,0) width 21 RTL: "(^"
            text run at (55,0) width 10: "\x{661}\x{662}"
            text run at (65,0) width 19 RTL: "\x{5D0}\x{5D1}"
            text run at (84,0) width 9: "z"
        RenderBlock {P} at (0,1435) size 784x18
          RenderText {#text} at (0,0) size 90x18
            text run at (0,0) width 12 RTL: "\x{5E9}"
            text run at (12,0) width 22: "34"
            text run at (34,0) width 21 RTL: "(^"
            text run at (55,0) width 10: "\x{661}\x{662}"
            text run at (65,0) width 16 RTL: "\x{627}\x{628}"
            text run at (81,0) width 9: "z"
        RenderBlock {P} at (0,1470) size 784x18
          RenderText {#text} at (0,0) size 73x18
            text run at (0,0) width 9: "?"
            text run at (9,0) width 43: "(^34"
            text run at (52,0) width 12 RTL: "\x{5E9}"
            text run at (64,0) width 9: "z"
        RenderBlock {P} at (0,1505) size 784x18
          RenderText {#text} at (0,0) size 73x18
            text run at (0,0) width 12 RTL: "\x{5E9}"
            text run at (12,0) width 22: "34"
            text run at (34,0) width 21 RTL: "(^"
            text run at (55,0) width 9 RTL: "?"
            text run at (64,0) width 9: "z"
        RenderBlock {P} at (0,1540) size 784x18
          RenderText {#text} at (0,0) size 73x18
            text run at (0,0) width 42: "ab(^"
            text run at (42,0) width 12 RTL: "\x{5E9}"
            text run at (54,0) width 10: "\x{663}\x{664}"
            text run at (64,0) width 9: "z"
        RenderBlock {P} at (0,1575) size 784x18
          RenderText {#text} at (0,0) size 71x18
            text run at (0,0) width 12 RTL: "\x{5E9}"
            text run at (12,0) width 10: "\x{663}\x{664}"
            text run at (22,0) width 40 RTL: "\x{5D0}\x{5D1}(^"
            text run at (62,0) width 9: "z"
        RenderBlock {P} at (0,1610) size 784x18
          RenderText {#text} at (0,0) size 68x18
            text run at (0,0) width 12 RTL: "\x{5E9}"
            text run at (12,0) width 10: "\x{663}\x{664}"
            text run at (22,0) width 37 RTL: "\x{627}\x{628}(^"
            text run at (59,0) width 9: "z"
        RenderBlock {P} at (0,1645) size 784x18
          RenderText {#text} at (0,0) size 95x18
            text run at (0,0) width 64: "ab12(^"
            text run at (64,0) width 12 RTL: "\x{5E9}"
            text run at (76,0) width 10: "\x{663}\x{664}"
            text run at (86,0) width 9: "z"
        RenderBlock {P} at (0,1680) size 784x18
          RenderText {#text} at (0,0) size 93x18
            text run at (0,0) width 12 RTL: "\x{5E9}"
            text run at (12,0) width 10: "\x{663}\x{664}"
            text run at (22,0) width 21 RTL: "(^"
            text run at (43,0) width 22: "12"
            text run at (65,0) width 19 RTL: "\x{5D0}\x{5D1}"
            text run at (84,0) width 9: "z"
        RenderBlock {P} at (0,1715) size 784x18
          RenderText {#text} at (0,0) size 90x18
            text run at (0,0) width 12 RTL: "\x{5E9}"
            text run at (12,0) width 10: "\x{663}\x{664}"
            text run at (22,0) width 21 RTL: "(^"
            text run at (43,0) width 22: "12"
            text run at (65,0) width 16 RTL: "\x{627}\x{628}"
            text run at (81,0) width 9: "z"
        RenderBlock {P} at (0,1750) size 784x18
          RenderText {#text} at (0,0) size 83x18
            text run at (0,0) width 21: "ab"
            text run at (21,0) width 12 RTL: "\x{5E9}"
            text run at (33,0) width 10: "\x{663}\x{664}"
            text run at (43,0) width 21 RTL: "(^"
            text run at (64,0) width 10: "\x{661}\x{662}"
            text run at (74,0) width 9: "z"
        RenderBlock {P} at (0,1785) size 784x18
          RenderText {#text} at (0,0) size 81x18
            text run at (0,0) width 12 RTL: "\x{5E9}"
            text run at (12,0) width 10: "\x{663}\x{664}"
            text run at (22,0) width 21 RTL: "(^"
            text run at (43,0) width 10: "\x{661}\x{662}"
            text run at (53,0) width 19 RTL: "\x{5D0}\x{5D1}"
            text run at (72,0) width 9: "z"
        RenderBlock {P} at (0,1820) size 784x18
          RenderText {#text} at (0,0) size 78x18
            text run at (0,0) width 12 RTL: "\x{5E9}"
            text run at (12,0) width 10: "\x{663}\x{664}"
            text run at (22,0) width 21 RTL: "(^"
            text run at (43,0) width 10: "\x{661}\x{662}"
            text run at (53,0) width 16 RTL: "\x{627}\x{628}"
            text run at (69,0) width 9: "z"
        RenderBlock {P} at (0,1855) size 784x18
          RenderText {#text} at (0,0) size 61x18
            text run at (0,0) width 9: "?"
            text run at (9,0) width 21: "(^"
            text run at (30,0) width 12 RTL: "\x{5E9}"
            text run at (42,0) width 10: "\x{663}\x{664}"
            text run at (52,0) width 9: "z"
        RenderBlock {P} at (0,1890) size 784x18
          RenderText {#text} at (0,0) size 61x18
            text run at (0,0) width 12 RTL: "\x{5E9}"
            text run at (12,0) width 10: "\x{663}\x{664}"
            text run at (22,0) width 21 RTL: "(^"
            text run at (43,0) width 9 RTL: "?"
            text run at (52,0) width 9: "z"
        RenderBlock {P} at (0,1925) size 784x18
          RenderText {#text} at (0,0) size 49x18
            text run at (0,0) width 42: "ab(^"
            text run at (42,0) width 7: "!"
        RenderBlock {P} at (0,1960) size 784x18
          RenderText {#text} at (0,0) size 47x18
            text run at (0,0) width 19 RTL: "\x{5D0}\x{5D1}"
            text run at (19,0) width 21: "(^"
            text run at (40,0) width 7: "!"
        RenderBlock {P} at (0,1995) size 784x18
          RenderText {#text} at (0,0) size 44x18
            text run at (0,0) width 16 RTL: "\x{627}\x{628}"
            text run at (16,0) width 21: "(^"
            text run at (37,0) width 7: "!"
        RenderBlock {P} at (0,2030) size 784x18
          RenderText {#text} at (0,0) size 71x18
            text run at (0,0) width 64: "ab12(^"
            text run at (64,0) width 7: "!"
        RenderBlock {P} at (0,2065) size 784x18
          RenderText {#text} at (0,0) size 69x18
            text run at (0,0) width 22: "12"
            text run at (22,0) width 19 RTL: "\x{5D0}\x{5D1}"
            text run at (41,0) width 21: "(^"
            text run at (62,0) width 7: "!"
        RenderBlock {P} at (0,2100) size 784x18
          RenderText {#text} at (0,0) size 66x18
            text run at (0,0) width 22: "12"
            text run at (22,0) width 16 RTL: "\x{627}\x{628}"
            text run at (38,0) width 21: "(^"
            text run at (59,0) width 7: "!"
        RenderBlock {P} at (0,2135) size 784x18
          RenderText {#text} at (0,0) size 59x18
            text run at (0,0) width 21: "ab"
            text run at (21,0) width 10: "\x{661}\x{662}"
            text run at (31,0) width 21: "(^"
            text run at (52,0) width 7: "!"
        RenderBlock {P} at (0,2170) size 784x18
          RenderText {#text} at (0,0) size 57x18
            text run at (0,0) width 10: "\x{661}\x{662}"
            text run at (10,0) width 19 RTL: "\x{5D0}\x{5D1}"
            text run at (29,0) width 21: "(^"
            text run at (50,0) width 7: "!"
        RenderBlock {P} at (0,2205) size 784x18
          RenderText {#text} at (0,0) size 54x18
            text run at (0,0) width 10: "\x{661}\x{662}"
            text run at (10,0) width 16 RTL: "\x{627}\x{628}"
            text run at (26,0) width 21: "(^"
            text run at (47,0) width 7: "!"
        RenderBlock {P} at (0,2240) size 784x18
          RenderText {#text} at (0,0) size 37x18
            text run at (0,0) width 9: "?"
            text run at (9,0) width 21: "(^"
            text run at (30,0) width 7: "!"
        RenderBlock {P} at (0,2275) size 784x18
          RenderText {#text} at (0,0) size 37x18
            text run at (0,0) width 9 RTL: "?"
            text run at (9,0) width 21: "(^"
            text run at (30,0) width 7: "!"
        RenderBlock {P} at (0,2310) size 784x18
          RenderText {#text} at (0,0) size 49x18
            text run at (0,0) width 42: "ab(^"
            text run at (42,0) width 7 RTL: "!"
        RenderBlock {P} at (0,2345) size 784x18
          RenderText {#text} at (0,0) size 47x18
            text run at (0,0) width 7 RTL: "!"
            text run at (7,0) width 40 RTL: "\x{5D0}\x{5D1}(^"
        RenderBlock {P} at (0,2380) size 784x18
          RenderText {#text} at (0,0) size 44x18
            text run at (0,0) width 7 RTL: "!"
            text run at (7,0) width 37 RTL: "\x{627}\x{628}(^"
        RenderBlock {P} at (0,2415) size 784x18
          RenderText {#text} at (0,0) size 71x18
            text run at (0,0) width 64: "ab12(^"
            text run at (64,0) width 7 RTL: "!"
        RenderBlock {P} at (0,2450) size 784x18
          RenderText {#text} at (0,0) size 69x18
            text run at (0,0) width 7 RTL: "!"
            text run at (7,0) width 21 RTL: "(^"
            text run at (28,0) width 22: "12"
            text run at (50,0) width 19 RTL: "\x{5D0}\x{5D1}"
        RenderBlock {P} at (0,2485) size 784x18
          RenderText {#text} at (0,0) size 66x18
            text run at (0,0) width 7 RTL: "!"
            text run at (7,0) width 21 RTL: "(^"
            text run at (28,0) width 22: "12"
            text run at (50,0) width 16 RTL: "\x{627}\x{628}"
        RenderBlock {P} at (0,2520) size 784x18
          RenderText {#text} at (0,0) size 59x18
            text run at (0,0) width 21: "ab"
            text run at (21,0) width 7 RTL: "!"
            text run at (28,0) width 21 RTL: "(^"
            text run at (49,0) width 10: "\x{661}\x{662}"
        RenderBlock {P} at (0,2555) size 784x18
          RenderText {#text} at (0,0) size 57x18
            text run at (0,0) width 7 RTL: "!"
            text run at (7,0) width 21 RTL: "(^"
            text run at (28,0) width 10: "\x{661}\x{662}"
            text run at (38,0) width 19 RTL: "\x{5D0}\x{5D1}"
        RenderBlock {P} at (0,2590) size 784x18
          RenderText {#text} at (0,0) size 54x18
            text run at (0,0) width 7 RTL: "!"
            text run at (7,0) width 21 RTL: "(^"
            text run at (28,0) width 10: "\x{661}\x{662}"
            text run at (38,0) width 16 RTL: "\x{627}\x{628}"
        RenderBlock {P} at (0,2625) size 784x18
          RenderText {#text} at (0,0) size 37x18
            text run at (0,0) width 9: "?"
            text run at (9,0) width 21: "(^"
            text run at (30,0) width 7 RTL: "!"
        RenderBlock {P} at (0,2660) size 784x18
          RenderText {#text} at (0,0) size 37x18
            text run at (0,0) width 7 RTL: "!"
            text run at (7,0) width 21 RTL: "(^"
            text run at (28,0) width 9 RTL: "?"
        RenderBlock {P} at (0,2695) size 784x18
          RenderText {#text} at (0,0) size 42x18
            text run at (0,0) width 42: "ab(^"
        RenderBlock {P} at (0,2730) size 784x18
          RenderText {#text} at (0,0) size 40x18
            text run at (0,0) width 19 RTL: "\x{5D0}\x{5D1}"
            text run at (19,0) width 21: "(^"
        RenderBlock {P} at (0,2765) size 784x18
          RenderText {#text} at (0,0) size 37x18
            text run at (0,0) width 16 RTL: "\x{627}\x{628}"
            text run at (16,0) width 21: "(^"
        RenderBlock {P} at (0,2800) size 784x18
          RenderText {#text} at (0,0) size 64x18
            text run at (0,0) width 64: "ab12(^"
        RenderBlock {P} at (0,2835) size 784x18
          RenderText {#text} at (0,0) size 62x18
            text run at (0,0) width 22: "12"
            text run at (22,0) width 19 RTL: "\x{5D0}\x{5D1}"
            text run at (41,0) width 21: "(^"
        RenderBlock {P} at (0,2870) size 784x18
          RenderText {#text} at (0,0) size 59x18
            text run at (0,0) width 22: "12"
            text run at (22,0) width 16 RTL: "\x{627}\x{628}"
            text run at (38,0) width 21: "(^"
        RenderBlock {P} at (0,2905) size 784x18
          RenderText {#text} at (0,0) size 52x18
            text run at (0,0) width 21: "ab"
            text run at (21,0) width 10: "\x{661}\x{662}"
            text run at (31,0) width 21: "(^"
        RenderBlock {P} at (0,2940) size 784x18
          RenderText {#text} at (0,0) size 50x18
            text run at (0,0) width 10: "\x{661}\x{662}"
            text run at (10,0) width 19 RTL: "\x{5D0}\x{5D1}"
            text run at (29,0) width 21: "(^"
        RenderBlock {P} at (0,2975) size 784x18
          RenderText {#text} at (0,0) size 47x18
            text run at (0,0) width 10: "\x{661}\x{662}"
            text run at (10,0) width 16 RTL: "\x{627}\x{628}"
            text run at (26,0) width 21: "(^"
        RenderBlock {P} at (0,3010) size 784x18
          RenderText {#text} at (0,0) size 30x18
            text run at (0,0) width 9: "?"
            text run at (9,0) width 21: "(^"
        RenderBlock {P} at (0,3045) size 784x18
          RenderText {#text} at (0,0) size 30x18
            text run at (0,0) width 9 RTL: "?"
            text run at (9,0) width 21: "(^"
      RenderBlock {DIV} at (0,3115) size 784x3063
        RenderBlock {P} at (0,0) size 784x18
          RenderText {#text} at (0,0) size 62x18
            text run at (0,0) width 62: "ab(^cd"
        RenderBlock {P} at (0,35) size 784x18
          RenderText {#text} at (0,0) size 60x18
            text run at (0,0) width 20: "cd"
            text run at (20,0) width 40 RTL: "\x{5D0}\x{5D1}(^"
        RenderBlock {P} at (0,70) size 784x18
          RenderText {#text} at (0,0) size 57x18
            text run at (0,0) width 20: "cd"
            text run at (20,0) width 37 RTL: "\x{627}\x{628}(^"
        RenderBlock {P} at (0,105) size 784x18
          RenderText {#text} at (0,0) size 84x18
            text run at (0,0) width 84: "ab12(^cd"
        RenderBlock {P} at (0,140) size 784x18
          RenderText {#text} at (0,0) size 82x18
            text run at (0,0) width 20: "cd"
            text run at (20,0) width 21 RTL: "(^"
            text run at (41,0) width 22: "12"
            text run at (63,0) width 19 RTL: "\x{5D0}\x{5D1}"
        RenderBlock {P} at (0,175) size 784x18
          RenderText {#text} at (0,0) size 79x18
            text run at (0,0) width 20: "cd"
            text run at (20,0) width 21 RTL: "(^"
            text run at (41,0) width 22: "12"
            text run at (63,0) width 16 RTL: "\x{627}\x{628}"
        RenderBlock {P} at (0,210) size 784x18
          RenderText {#text} at (0,0) size 72x18
            text run at (0,0) width 20: "cd"
            text run at (20,0) width 21 RTL: "(^"
            text run at (41,0) width 31: "ab\x{661}\x{662}"
        RenderBlock {P} at (0,245) size 784x18
          RenderText {#text} at (0,0) size 70x18
            text run at (0,0) width 20: "cd"
            text run at (20,0) width 21 RTL: "(^"
            text run at (41,0) width 10: "\x{661}\x{662}"
            text run at (51,0) width 19 RTL: "\x{5D0}\x{5D1}"
        RenderBlock {P} at (0,280) size 784x18
          RenderText {#text} at (0,0) size 67x18
            text run at (0,0) width 20: "cd"
            text run at (20,0) width 21 RTL: "(^"
            text run at (41,0) width 10: "\x{661}\x{662}"
            text run at (51,0) width 16 RTL: "\x{627}\x{628}"
        RenderBlock {P} at (0,315) size 784x18
          RenderText {#text} at (0,0) size 50x18
            text run at (0,0) width 9: "?"
            text run at (9,0) width 41: "(^cd"
        RenderBlock {P} at (0,350) size 784x18
          RenderText {#text} at (0,0) size 50x18
            text run at (0,0) width 20: "cd"
            text run at (20,0) width 21 RTL: "(^"
            text run at (41,0) width 9 RTL: "?"
        RenderBlock {P} at (0,385) size 784x18
          RenderText {#text} at (0,0) size 58x18
            text run at (0,0) width 37 RTL: "(^\x{5D2}\x{5D3}"
            text run at (37,0) width 21: "ab"
        RenderBlock {P} at (0,420) size 784x18
          RenderText {#text} at (0,0) size 56x18
            text run at (0,0) width 56 RTL: "\x{5D0}\x{5D1}(^\x{5D2}\x{5D3}"
        RenderBlock {P} at (0,455) size 784x18
          RenderText {#text} at (0,0) size 53x18
            text run at (0,0) width 53 RTL: "\x{627}\x{628}(^\x{5D2}\x{5D3}"
        RenderBlock {P} at (0,490) size 784x18
          RenderText {#text} at (0,0) size 80x18
            text run at (0,0) width 37 RTL: "(^\x{5D2}\x{5D3}"
            text run at (37,0) width 43: "ab12"
        RenderBlock {P} at (0,525) size 784x18
          RenderText {#text} at (0,0) size 78x18
            text run at (0,0) width 37 RTL: "(^\x{5D2}\x{5D3}"
            text run at (37,0) width 22: "12"
            text run at (59,0) width 19 RTL: "\x{5D0}\x{5D1}"
        RenderBlock {P} at (0,560) size 784x18
          RenderText {#text} at (0,0) size 75x18
            text run at (0,0) width 37 RTL: "(^\x{5D2}\x{5D3}"
            text run at (37,0) width 22: "12"
            text run at (59,0) width 16 RTL: "\x{627}\x{628}"
        RenderBlock {P} at (0,595) size 784x18
          RenderText {#text} at (0,0) size 68x18
            text run at (0,0) width 37 RTL: "(^\x{5D2}\x{5D3}"
            text run at (37,0) width 31: "ab\x{661}\x{662}"
        RenderBlock {P} at (0,630) size 784x18
          RenderText {#text} at (0,0) size 66x18
            text run at (0,0) width 37 RTL: "(^\x{5D2}\x{5D3}"
            text run at (37,0) width 10: "\x{661}\x{662}"
            text run at (47,0) width 19 RTL: "\x{5D0}\x{5D1}"
        RenderBlock {P} at (0,665) size 784x18
          RenderText {#text} at (0,0) size 63x18
            text run at (0,0) width 37 RTL: "(^\x{5D2}\x{5D3}"
            text run at (37,0) width 10: "\x{661}\x{662}"
            text run at (47,0) width 16 RTL: "\x{627}\x{628}"
        RenderBlock {P} at (0,700) size 784x18
          RenderText {#text} at (0,0) size 46x18
            text run at (0,0) width 37 RTL: "(^\x{5D2}\x{5D3}"
            text run at (37,0) width 9: "?"
        RenderBlock {P} at (0,735) size 784x18
          RenderText {#text} at (0,0) size 46x18
            text run at (0,0) width 37 RTL: "(^\x{5D2}\x{5D3}"
            text run at (37,0) width 9 RTL: "?"
        RenderBlock {P} at (0,770) size 784x18
          RenderText {#text} at (0,0) size 57x18
            text run at (0,0) width 36 RTL: "(^\x{62C}\x{62F}"
            text run at (36,0) width 21: "ab"
        RenderBlock {P} at (0,805) size 784x18
          RenderText {#text} at (0,0) size 55x18
            text run at (0,0) width 55 RTL: "\x{5D0}\x{5D1}(^\x{62C}\x{62F}"
        RenderBlock {P} at (0,840) size 784x18
          RenderText {#text} at (0,0) size 52x18
            text run at (0,0) width 52 RTL: "\x{627}\x{628}(^\x{62C}\x{62F}"
        RenderBlock {P} at (0,875) size 784x18
          RenderText {#text} at (0,0) size 79x18
            text run at (0,0) width 36 RTL: "(^\x{62C}\x{62F}"
            text run at (36,0) width 43: "ab12"
        RenderBlock {P} at (0,910) size 784x18
          RenderText {#text} at (0,0) size 77x18
            text run at (0,0) width 36 RTL: "(^\x{62C}\x{62F}"
            text run at (36,0) width 22: "12"
            text run at (58,0) width 19 RTL: "\x{5D0}\x{5D1}"
        RenderBlock {P} at (0,945) size 784x18
          RenderText {#text} at (0,0) size 74x18
            text run at (0,0) width 36 RTL: "(^\x{62C}\x{62F}"
            text run at (36,0) width 22: "12"
            text run at (58,0) width 16 RTL: "\x{627}\x{628}"
        RenderBlock {P} at (0,980) size 784x18
          RenderText {#text} at (0,0) size 67x18
            text run at (0,0) width 36 RTL: "(^\x{62C}\x{62F}"
            text run at (36,0) width 31: "ab\x{661}\x{662}"
        RenderBlock {P} at (0,1015) size 784x18
          RenderText {#text} at (0,0) size 65x18
            text run at (0,0) width 36 RTL: "(^\x{62C}\x{62F}"
            text run at (36,0) width 10: "\x{661}\x{662}"
            text run at (46,0) width 19 RTL: "\x{5D0}\x{5D1}"
        RenderBlock {P} at (0,1050) size 784x18
          RenderText {#text} at (0,0) size 62x18
            text run at (0,0) width 36 RTL: "(^\x{62C}\x{62F}"
            text run at (36,0) width 10: "\x{661}\x{662}"
            text run at (46,0) width 16 RTL: "\x{627}\x{628}"
        RenderBlock {P} at (0,1085) size 784x18
          RenderText {#text} at (0,0) size 45x18
            text run at (0,0) width 36 RTL: "(^\x{62C}\x{62F}"
            text run at (36,0) width 9: "?"
        RenderBlock {P} at (0,1120) size 784x18
          RenderText {#text} at (0,0) size 45x18
            text run at (0,0) width 36 RTL: "(^\x{62C}\x{62F}"
            text run at (36,0) width 9 RTL: "?"
        RenderBlock {P} at (0,1155) size 784x18
          RenderText {#text} at (0,0) size 85x18
            text run at (0,0) width 9: "z"
            text run at (9,0) width 12 RTL: "\x{5E9}"
            text run at (21,0) width 64: "ab(^34"
        RenderBlock {P} at (0,1190) size 784x18
          RenderText {#text} at (0,0) size 83x18
            text run at (0,0) width 9: "z"
            text run at (9,0) width 12 RTL: "\x{5E9}"
            text run at (21,0) width 22: "34"
            text run at (43,0) width 40 RTL: "\x{5D0}\x{5D1}(^"
        RenderBlock {P} at (0,1225) size 784x18
          RenderText {#text} at (0,0) size 80x18
            text run at (0,0) width 9: "z"
            text run at (9,0) width 12 RTL: "\x{5E9}"
            text run at (21,0) width 22: "34"
            text run at (43,0) width 37 RTL: "\x{627}\x{628}(^"
        RenderBlock {P} at (0,1260) size 784x18
          RenderText {#text} at (0,0) size 107x18
            text run at (0,0) width 9: "z"
            text run at (9,0) width 12 RTL: "\x{5E9}"
            text run at (21,0) width 86: "ab12(^34"
        RenderBlock {P} at (0,1295) size 784x18
          RenderText {#text} at (0,0) size 105x18
            text run at (0,0) width 9: "z"
            text run at (9,0) width 12 RTL: "\x{5E9}"
            text run at (21,0) width 22: "34"
            text run at (43,0) width 21 RTL: "(^"
            text run at (64,0) width 22: "12"
            text run at (86,0) width 19 RTL: "\x{5D0}\x{5D1}"
        RenderBlock {P} at (0,1330) size 784x18
          RenderText {#text} at (0,0) size 102x18
            text run at (0,0) width 9: "z"
            text run at (9,0) width 12 RTL: "\x{5E9}"
            text run at (21,0) width 22: "34"
            text run at (43,0) width 21 RTL: "(^"
            text run at (64,0) width 22: "12"
            text run at (86,0) width 16 RTL: "\x{627}\x{628}"
        RenderBlock {P} at (0,1365) size 784x18
          RenderText {#text} at (0,0) size 95x18
            text run at (0,0) width 9: "z"
            text run at (9,0) width 12 RTL: "\x{5E9}"
            text run at (21,0) width 22: "34"
            text run at (43,0) width 21 RTL: "(^"
            text run at (64,0) width 31: "ab\x{661}\x{662}"
        RenderBlock {P} at (0,1400) size 784x18
          RenderText {#text} at (0,0) size 93x18
            text run at (0,0) width 9: "z"
            text run at (9,0) width 12 RTL: "\x{5E9}"
            text run at (21,0) width 22: "34"
            text run at (43,0) width 21 RTL: "(^"
            text run at (64,0) width 10: "\x{661}\x{662}"
            text run at (74,0) width 19 RTL: "\x{5D0}\x{5D1}"
        RenderBlock {P} at (0,1435) size 784x18
          RenderText {#text} at (0,0) size 90x18
            text run at (0,0) width 9: "z"
            text run at (9,0) width 12 RTL: "\x{5E9}"
            text run at (21,0) width 22: "34"
            text run at (43,0) width 21 RTL: "(^"
            text run at (64,0) width 10: "\x{661}\x{662}"
            text run at (74,0) width 16 RTL: "\x{627}\x{628}"
        RenderBlock {P} at (0,1470) size 784x18
          RenderText {#text} at (0,0) size 73x18
            text run at (0,0) width 9: "z"
            text run at (9,0) width 12 RTL: "\x{5E9}"
            text run at (21,0) width 9: "?"
            text run at (30,0) width 43: "(^34"
        RenderBlock {P} at (0,1505) size 784x18
          RenderText {#text} at (0,0) size 73x18
            text run at (0,0) width 9: "z"
            text run at (9,0) width 12 RTL: "\x{5E9}"
            text run at (21,0) width 22: "34"
            text run at (43,0) width 21 RTL: "(^"
            text run at (64,0) width 9 RTL: "?"
        RenderBlock {P} at (0,1540) size 784x18
          RenderText {#text} at (0,0) size 73x18
            text run at (0,0) width 9: "z"
            text run at (9,0) width 12 RTL: "\x{5E9}"
            text run at (21,0) width 10: "\x{663}\x{664}"
            text run at (31,0) width 21 RTL: "(^"
            text run at (52,0) width 21: "ab"
        RenderBlock {P} at (0,1575) size 784x18
          RenderText {#text} at (0,0) size 71x18
            text run at (0,0) width 9: "z"
            text run at (9,0) width 12 RTL: "\x{5E9}"
            text run at (21,0) width 10: "\x{663}\x{664}"
            text run at (31,0) width 40 RTL: "\x{5D0}\x{5D1}(^"
        RenderBlock {P} at (0,1610) size 784x18
          RenderText {#text} at (0,0) size 68x18
            text run at (0,0) width 9: "z"
            text run at (9,0) width 12 RTL: "\x{5E9}"
            text run at (21,0) width 10: "\x{663}\x{664}"
            text run at (31,0) width 37 RTL: "\x{627}\x{628}(^"
        RenderBlock {P} at (0,1645) size 784x18
          RenderText {#text} at (0,0) size 95x18
            text run at (0,0) width 9: "z"
            text run at (9,0) width 12 RTL: "\x{5E9}"
            text run at (21,0) width 10: "\x{663}\x{664}"
            text run at (31,0) width 21 RTL: "(^"
            text run at (52,0) width 43: "ab12"
        RenderBlock {P} at (0,1680) size 784x18
          RenderText {#text} at (0,0) size 93x18
            text run at (0,0) width 9: "z"
            text run at (9,0) width 12 RTL: "\x{5E9}"
            text run at (21,0) width 10: "\x{663}\x{664}"
            text run at (31,0) width 21 RTL: "(^"
            text run at (52,0) width 22: "12"
            text run at (74,0) width 19 RTL: "\x{5D0}\x{5D1}"
        RenderBlock {P} at (0,1715) size 784x18
          RenderText {#text} at (0,0) size 90x18
            text run at (0,0) width 9: "z"
            text run at (9,0) width 12 RTL: "\x{5E9}"
            text run at (21,0) width 10: "\x{663}\x{664}"
            text run at (31,0) width 21 RTL: "(^"
            text run at (52,0) width 22: "12"
            text run at (74,0) width 16 RTL: "\x{627}\x{628}"
        RenderBlock {P} at (0,1750) size 784x18
          RenderText {#text} at (0,0) size 83x18
            text run at (0,0) width 9: "z"
            text run at (9,0) width 12 RTL: "\x{5E9}"
            text run at (21,0) width 10: "\x{663}\x{664}"
            text run at (31,0) width 21 RTL: "(^"
            text run at (52,0) width 31: "ab\x{661}\x{662}"
        RenderBlock {P} at (0,1785) size 784x18
          RenderText {#text} at (0,0) size 81x18
            text run at (0,0) width 9: "z"
            text run at (9,0) width 12 RTL: "\x{5E9}"
            text run at (21,0) width 10: "\x{663}\x{664}"
            text run at (31,0) width 21 RTL: "(^"
            text run at (52,0) width 10: "\x{661}\x{662}"
            text run at (62,0) width 19 RTL: "\x{5D0}\x{5D1}"
        RenderBlock {P} at (0,1820) size 784x18
          RenderText {#text} at (0,0) size 78x18
            text run at (0,0) width 9: "z"
            text run at (9,0) width 12 RTL: "\x{5E9}"
            text run at (21,0) width 10: "\x{663}\x{664}"
            text run at (31,0) width 21 RTL: "(^"
            text run at (52,0) width 10: "\x{661}\x{662}"
            text run at (62,0) width 16 RTL: "\x{627}\x{628}"
        RenderBlock {P} at (0,1855) size 784x18
          RenderText {#text} at (0,0) size 61x18
            text run at (0,0) width 9: "z"
            text run at (9,0) width 12 RTL: "\x{5E9}"
            text run at (21,0) width 10: "\x{663}\x{664}"
            text run at (31,0) width 21 RTL: "(^"
            text run at (52,0) width 9: "?"
        RenderBlock {P} at (0,1890) size 784x18
          RenderText {#text} at (0,0) size 61x18
            text run at (0,0) width 9: "z"
            text run at (9,0) width 12 RTL: "\x{5E9}"
            text run at (21,0) width 10: "\x{663}\x{664}"
            text run at (31,0) width 21 RTL: "(^"
            text run at (52,0) width 9 RTL: "?"
        RenderBlock {P} at (0,1925) size 784x18
          RenderText {#text} at (0,0) size 49x18
            text run at (0,0) width 42: "ab(^"
            text run at (42,0) width 7: "!"
        RenderBlock {P} at (0,1960) size 784x18
          RenderText {#text} at (0,0) size 47x18
            text run at (0,0) width 7: "!"
            text run at (7,0) width 40 RTL: "\x{5D0}\x{5D1}(^"
        RenderBlock {P} at (0,1995) size 784x18
          RenderText {#text} at (0,0) size 44x18
            text run at (0,0) width 7: "!"
            text run at (7,0) width 37 RTL: "\x{627}\x{628}(^"
        RenderBlock {P} at (0,2030) size 784x18
          RenderText {#text} at (0,0) size 71x18
            text run at (0,0) width 64: "ab12(^"
            text run at (64,0) width 7: "!"
        RenderBlock {P} at (0,2065) size 784x18
          RenderText {#text} at (0,0) size 69x18
            text run at (0,0) width 7: "!"
            text run at (7,0) width 21 RTL: "(^"
            text run at (28,0) width 22: "12"
            text run at (50,0) width 19 RTL: "\x{5D0}\x{5D1}"
        RenderBlock {P} at (0,2100) size 784x18
          RenderText {#text} at (0,0) size 66x18
            text run at (0,0) width 7: "!"
            text run at (7,0) width 21 RTL: "(^"
            text run at (28,0) width 22: "12"
            text run at (50,0) width 16 RTL: "\x{627}\x{628}"
        RenderBlock {P} at (0,2135) size 784x18
          RenderText {#text} at (0,0) size 59x18
            text run at (0,0) width 7: "!"
            text run at (7,0) width 21 RTL: "(^"
            text run at (28,0) width 31: "ab\x{661}\x{662}"
        RenderBlock {P} at (0,2170) size 784x18
          RenderText {#text} at (0,0) size 57x18
            text run at (0,0) width 7: "!"
            text run at (7,0) width 21 RTL: "(^"
            text run at (28,0) width 10: "\x{661}\x{662}"
            text run at (38,0) width 19 RTL: "\x{5D0}\x{5D1}"
        RenderBlock {P} at (0,2205) size 784x18
          RenderText {#text} at (0,0) size 54x18
            text run at (0,0) width 7: "!"
            text run at (7,0) width 21 RTL: "(^"
            text run at (28,0) width 10: "\x{661}\x{662}"
            text run at (38,0) width 16 RTL: "\x{627}\x{628}"
        RenderBlock {P} at (0,2240) size 784x18
          RenderText {#text} at (0,0) size 37x18
            text run at (0,0) width 9: "?"
            text run at (9,0) width 21: "(^"
            text run at (30,0) width 7: "!"
        RenderBlock {P} at (0,2275) size 784x18
          RenderText {#text} at (0,0) size 37x18
            text run at (0,0) width 7: "!"
            text run at (7,0) width 21 RTL: "(^"
            text run at (28,0) width 9 RTL: "?"
        RenderBlock {P} at (0,2310) size 784x18
          RenderText {#text} at (0,0) size 49x18
            text run at (0,0) width 7 RTL: "!"
            text run at (7,0) width 21 RTL: "(^"
            text run at (28,0) width 21: "ab"
        RenderBlock {P} at (0,2345) size 784x18
          RenderText {#text} at (0,0) size 47x18
            text run at (0,0) width 7 RTL: "!"
            text run at (7,0) width 40 RTL: "\x{5D0}\x{5D1}(^"
        RenderBlock {P} at (0,2380) size 784x18
          RenderText {#text} at (0,0) size 44x18
            text run at (0,0) width 7 RTL: "!"
            text run at (7,0) width 37 RTL: "\x{627}\x{628}(^"
        RenderBlock {P} at (0,2415) size 784x18
          RenderText {#text} at (0,0) size 71x18
            text run at (0,0) width 7 RTL: "!"
            text run at (7,0) width 21 RTL: "(^"
            text run at (28,0) width 43: "ab12"
        RenderBlock {P} at (0,2450) size 784x18
          RenderText {#text} at (0,0) size 69x18
            text run at (0,0) width 7 RTL: "!"
            text run at (7,0) width 21 RTL: "(^"
            text run at (28,0) width 22: "12"
            text run at (50,0) width 19 RTL: "\x{5D0}\x{5D1}"
        RenderBlock {P} at (0,2485) size 784x18
          RenderText {#text} at (0,0) size 66x18
            text run at (0,0) width 7 RTL: "!"
            text run at (7,0) width 21 RTL: "(^"
            text run at (28,0) width 22: "12"
            text run at (50,0) width 16 RTL: "\x{627}\x{628}"
        RenderBlock {P} at (0,2520) size 784x18
          RenderText {#text} at (0,0) size 59x18
            text run at (0,0) width 7 RTL: "!"
            text run at (7,0) width 21 RTL: "(^"
            text run at (28,0) width 31: "ab\x{661}\x{662}"
        RenderBlock {P} at (0,2555) size 784x18
          RenderText {#text} at (0,0) size 57x18
            text run at (0,0) width 7 RTL: "!"
            text run at (7,0) width 21 RTL: "(^"
            text run at (28,0) width 10: "\x{661}\x{662}"
            text run at (38,0) width 19 RTL: "\x{5D0}\x{5D1}"
        RenderBlock {P} at (0,2590) size 784x18
          RenderText {#text} at (0,0) size 54x18
            text run at (0,0) width 7 RTL: "!"
            text run at (7,0) width 21 RTL: "(^"
            text run at (28,0) width 10: "\x{661}\x{662}"
            text run at (38,0) width 16 RTL: "\x{627}\x{628}"
        RenderBlock {P} at (0,2625) size 784x18
          RenderText {#text} at (0,0) size 37x18
            text run at (0,0) width 7 RTL: "!"
            text run at (7,0) width 21 RTL: "(^"
            text run at (28,0) width 9: "?"
        RenderBlock {P} at (0,2660) size 784x18
          RenderText {#text} at (0,0) size 37x18
            text run at (0,0) width 7 RTL: "!"
            text run at (7,0) width 21 RTL: "(^"
            text run at (28,0) width 9 RTL: "?"
        RenderBlock {P} at (0,2695) size 784x18
          RenderText {#text} at (0,0) size 42x18
            text run at (0,0) width 42: "ab(^"
        RenderBlock {P} at (0,2730) size 784x18
          RenderText {#text} at (0,0) size 40x18
            text run at (0,0) width 19 RTL: "\x{5D0}\x{5D1}"
            text run at (19,0) width 21: "(^"
        RenderBlock {P} at (0,2765) size 784x18
          RenderText {#text} at (0,0) size 37x18
            text run at (0,0) width 16 RTL: "\x{627}\x{628}"
            text run at (16,0) width 21: "(^"
        RenderBlock {P} at (0,2800) size 784x18
          RenderText {#text} at (0,0) size 64x18
            text run at (0,0) width 64: "ab12(^"
        RenderBlock {P} at (0,2835) size 784x18
          RenderText {#text} at (0,0) size 62x18
            text run at (0,0) width 22: "12"
            text run at (22,0) width 19 RTL: "\x{5D0}\x{5D1}"
            text run at (41,0) width 21: "(^"
        RenderBlock {P} at (0,2870) size 784x18
          RenderText {#text} at (0,0) size 59x18
            text run at (0,0) width 22: "12"
            text run at (22,0) width 16 RTL: "\x{627}\x{628}"
            text run at (38,0) width 21: "(^"
        RenderBlock {P} at (0,2905) size 784x18
          RenderText {#text} at (0,0) size 52x18
            text run at (0,0) width 21: "ab"
            text run at (21,0) width 10: "\x{661}\x{662}"
            text run at (31,0) width 21: "(^"
        RenderBlock {P} at (0,2940) size 784x18
          RenderText {#text} at (0,0) size 50x18
            text run at (0,0) width 10: "\x{661}\x{662}"
            text run at (10,0) width 19 RTL: "\x{5D0}\x{5D1}"
            text run at (29,0) width 21: "(^"
        RenderBlock {P} at (0,2975) size 784x18
          RenderText {#text} at (0,0) size 47x18
            text run at (0,0) width 10: "\x{661}\x{662}"
            text run at (10,0) width 16 RTL: "\x{627}\x{628}"
            text run at (26,0) width 21: "(^"
        RenderBlock {P} at (0,3010) size 784x18
          RenderText {#text} at (0,0) size 30x18
            text run at (0,0) width 9: "?"
            text run at (9,0) width 21: "(^"
        RenderBlock {P} at (0,3045) size 784x18
          RenderText {#text} at (0,0) size 30x18
            text run at (0,0) width 9 RTL: "?"
            text run at (9,0) width 21: "(^"
