layer at (0,0) size 800x600
  RenderView at (0,0) size 800x600
layer at (0,0) size 800x507
  RenderBlock {HTML} at (0,0) size 800x507
    RenderBody {BODY} at (8,22) size 784x468
      RenderBlock {H1} at (0,0) size 784x35
        RenderText {#text} at (0,0) size 605x35
          text run at (0,0) width 605: "Bidirectional Text Test 2 - HTML"
      RenderBlock {P} at (0,57) size 784x18
        RenderText {#text} at (0,0) size 180x18
          text run at (0,0) width 180: "This test is based on "
        RenderInline {A} at (0,0) size 154x18 [color=#0000EE]
          RenderText {#text} at (180,0) size 154x18
            text run at (180,0) width 154: "CSS2 section 9.10"
        RenderText {#text} at (334,0) size 42x18
          text run at (334,0) width 42: " and "
        RenderInline {A} at (0,0) size 84x18 [color=#0000EE]
          RenderText {#text} at (376,0) size 84x18
            text run at (376,0) width 84: "Chapter 3"
        RenderText {#text} at (460,0) size 59x18
          text run at (460,0) width 59: " of the "
        RenderInline {A} at (0,0) size 151x18 [color=#0000EE]
          RenderText {#text} at (519,0) size 151x18
            text run at (519,0) width 151: "Unicode Standard"
        RenderText {#text} at (670,0) size 5x18
          text run at (670,0) width 5: "."
      RenderBlock {PRE} at (0,92) size 784x0
      RenderBlock {P} at (0,92) size 784x18
        RenderText {#text} at (0,0) size 382x18
          text run at (0,0) width 382: "In each box, all the lines should be the same."
      RenderBlock (anonymous) at (0,127) size 784x226
        RenderBlock {DIV} at (3,3) size 109x170 [border: (1px solid #008000)]
          RenderBlock {P} at (4,4) size 101x18
            RenderText {#text} at (0,0) size 101x18
              text run at (0,0) width 101: "ABCDEFGHI"
          RenderBlock {P} at (4,22) size 101x18
            RenderText {#text} at (0,0) size 101x18
              text run at (0,0) width 101: "ABCDEFGHI"
          RenderBlock {P} at (4,40) size 101x18
            RenderText {#text} at (0,0) size 36x18
              text run at (0,0) width 36: "ABC"
            RenderInline {SPAN} at (0,0) size 34x18
              RenderText {#text} at (36,0) size 34x18
                text run at (36,0) width 34: "DEF"
            RenderText {#text} at (70,0) size 31x18
              text run at (70,0) width 31: "GHI"
          RenderBlock {P} at (4,58) size 101x18
            RenderText {#text} at (0,0) size 101x18
              text run at (0,0) width 101 RTL override: "IHGFEDCBA"
          RenderBlock {P} at (4,76) size 101x18
            RenderText {#text} at (70,0) size 31x18
              text run at (70,0) width 31 RTL override: "IHG"
            RenderInline {SPAN} at (0,0) size 34x18
              RenderText {#text} at (36,0) size 34x18
                text run at (36,0) width 34 RTL override: "FED"
            RenderText {#text} at (0,0) size 36x18
              text run at (0,0) width 36 RTL override: "CBA"
          RenderBlock {P} at (4,94) size 101x18
            RenderText {#text} at (70,0) size 31x18
              text run at (70,0) width 31 RTL override: "IHG"
            RenderInline {SPAN} at (0,0) size 34x18
              RenderText {#text} at (36,0) size 34x18
                text run at (36,0) width 34: "DEF"
            RenderText {#text} at (0,0) size 36x18
              text run at (0,0) width 36 RTL override: "CBA"
          RenderBlock {P} at (4,112) size 101x18
            RenderText {#text} at (70,0) size 31x18
              text run at (70,0) width 31 RTL override: "IHG"
            RenderInline {BDO} at (0,0) size 34x18
              RenderText {#text} at (36,0) size 34x18
                text run at (36,0) width 34 RTL override: "FED"
            RenderText {#text} at (0,0) size 36x18
              text run at (0,0) width 36 RTL override: "CBA"
          RenderBlock {P} at (4,130) size 101x18
            RenderText {#text} at (70,0) size 31x18
              text run at (70,0) width 31 RTL override: "IHG"
            RenderInline {SPAN} at (0,0) size 34x18
              RenderText {#text} at (36,0) size 34x18
                text run at (36,0) width 34 RTL override: "FED"
            RenderText {#text} at (0,0) size 36x18
              text run at (0,0) width 36 RTL override: "CBA"
          RenderBlock {P} at (4,148) size 101x18
            RenderText {#text} at (70,0) size 31x18
              text run at (70,0) width 31 RTL override: "IHG"
            RenderInline {BDO} at (0,0) size 34x18
              RenderText {#text} at (36,0) size 34x18
                text run at (36,0) width 34 LTR override: "DEF"
            RenderText {#text} at (0,0) size 36x18
              text run at (0,0) width 36 RTL override: "CBA"
        RenderText {#text} at (115,80) size 5x18
          text run at (115,80) width 5: " "
        RenderBlock {DIV} at (123,48) size 34x80 [border: (1px solid #008000)]
          RenderTable {TABLE} at (4,4) size 26x18
            RenderTableSection {TBODY} at (0,0) size 26x18
              RenderTableRow {TR} at (0,0) size 26x18
                RenderTableCell {TD} at (0,0) size 7x18 [r=0 c=0 rs=1 cs=1]
                  RenderText {#text} at (0,0) size 7x18
                    text run at (0,0) width 7 RTL: "\x{5D2}"
                RenderTableCell {TD} at (7,0) size 9x18 [r=0 c=1 rs=1 cs=1]
                  RenderText {#text} at (0,0) size 9x18
                    text run at (0,0) width 9 RTL: "\x{5D1}"
                RenderTableCell {TD} at (16,0) size 10x18 [r=0 c=2 rs=1 cs=1]
                  RenderText {#text} at (0,0) size 10x18
                    text run at (0,0) width 10 RTL: "\x{5D0}"
          RenderBlock {P} at (4,22) size 26x18
            RenderText {#text} at (0,0) size 26x18
              text run at (0,0) width 26 RTL: "\x{5D0}\x{5D1}\x{5D2}"
          RenderBlock {P} at (4,40) size 26x18
            RenderText {#text} at (0,0) size 26x18
              text run at (0,0) width 26 RTL: "\x{5D0}\x{5D1}\x{5D2}"
          RenderBlock {P} at (4,58) size 26x18
            RenderText {#text} at (0,0) size 26x18
              text run at (0,0) width 26 LTR override: "\x{5D2}\x{5D1}\x{5D0}"
        RenderText {#text} at (160,80) size 5x18
          text run at (160,80) width 5: " "
        RenderBlock {DIV} at (168,57) size 103x62 [border: (1px solid #008000)]
          RenderTable {TABLE} at (4,4) size 95x18
            RenderTableSection {TBODY} at (0,0) size 95x18
              RenderTableRow {TR} at (0,0) size 95x18
                RenderTableCell {TD} at (0,0) size 7x18 [r=0 c=0 rs=1 cs=1]
                  RenderText {#text} at (0,0) size 7x18
                    text run at (0,0) width 7 RTL: "\x{5D2}"
                RenderTableCell {TD} at (7,0) size 9x18 [r=0 c=1 rs=1 cs=1]
                  RenderText {#text} at (0,0) size 9x18
                    text run at (0,0) width 9 RTL: "\x{5D1}"
                RenderTableCell {TD} at (16,0) size 10x18 [r=0 c=2 rs=1 cs=1]
                  RenderText {#text} at (0,0) size 10x18
                    text run at (0,0) width 10 RTL: "\x{5D0}"
                RenderTableCell {TD} at (26,0) size 5x18 [r=0 c=3 rs=1 cs=1]
                  RenderText {#text} at (0,0) size 5x18
                    text run at (0,0) width 5: " "
                RenderTableCell {TD} at (31,0) size 12x18 [r=0 c=4 rs=1 cs=1]
                  RenderText {#text} at (0,0) size 12x18
                    text run at (0,0) width 12: "A"
                RenderTableCell {TD} at (43,0) size 12x18 [r=0 c=5 rs=1 cs=1]
                  RenderText {#text} at (0,0) size 12x18
                    text run at (0,0) width 12: "B"
                RenderTableCell {TD} at (55,0) size 12x18 [r=0 c=6 rs=1 cs=1]
                  RenderText {#text} at (0,0) size 12x18
                    text run at (0,0) width 12: "C"
                RenderTableCell {TD} at (67,0) size 5x18 [r=0 c=7 rs=1 cs=1]
                  RenderText {#text} at (0,0) size 5x18
                    text run at (0,0) width 5: " "
                RenderTableCell {TD} at (72,0) size 4x18 [r=0 c=8 rs=1 cs=1]
                  RenderText {#text} at (0,0) size 4x18
                    text run at (0,0) width 4 RTL: "\x{5D5}"
                RenderTableCell {TD} at (76,0) size 10x18 [r=0 c=9 rs=1 cs=1]
                  RenderText {#text} at (0,0) size 10x18
                    text run at (0,0) width 10 RTL: "\x{5D4}"
                RenderTableCell {TD} at (86,0) size 9x18 [r=0 c=10 rs=1 cs=1]
                  RenderText {#text} at (0,0) size 9x18
                    text run at (0,0) width 9 RTL: "\x{5D3}"
          RenderBlock {P} at (4,22) size 95x18
            RenderText {#text} at (0,0) size 95x18
              text run at (0,0) width 26 RTL: "\x{5D0}\x{5D1}\x{5D2}"
              text run at (26,0) width 46: " ABC "
              text run at (72,0) width 23 RTL: "\x{5D3}\x{5D4}\x{5D5}"
          RenderBlock {P} at (4,40) size 95x18
            RenderText {#text} at (0,0) size 95x18
              text run at (0,0) width 31 RTL: " \x{5D0}\x{5D1}\x{5D2}"
              text run at (31,0) width 36: "ABC"
              text run at (67,0) width 28 RTL: "\x{5D3}\x{5D4}\x{5D5} "
        RenderText {#text} at (274,80) size 5x18
          text run at (274,80) width 5: " "
        RenderBlock {DIV} at (282,3) size 174x170 [border: (1px solid #008000)]
          RenderTable {TABLE} at (4,4) size 166x18
            RenderTableSection {TBODY} at (0,0) size 166x18
              RenderTableRow {TR} at (0,0) size 166x18
                RenderTableCell {TD} at (0,0) size 7x18 [r=0 c=0 rs=1 cs=1]
                  RenderText {#text} at (0,0) size 7x18
                    text run at (0,0) width 7 RTL: "\x{5D2}"
                RenderTableCell {TD} at (7,0) size 9x18 [r=0 c=1 rs=1 cs=1]
                  RenderText {#text} at (0,0) size 9x18
                    text run at (0,0) width 9 RTL: "\x{5D1}"
                RenderTableCell {TD} at (16,0) size 10x18 [r=0 c=2 rs=1 cs=1]
                  RenderText {#text} at (0,0) size 10x18
                    text run at (0,0) width 10 RTL: "\x{5D0}"
                RenderTableCell {TD} at (26,0) size 5x18 [r=0 c=3 rs=1 cs=1]
                  RenderText {#text} at (0,0) size 5x18
                    text run at (0,0) width 5: " "
                RenderTableCell {TD} at (31,0) size 12x18 [r=0 c=4 rs=1 cs=1]
                  RenderText {#text} at (0,0) size 12x18
                    text run at (0,0) width 12: "A"
                RenderTableCell {TD} at (43,0) size 12x18 [r=0 c=5 rs=1 cs=1]
                  RenderText {#text} at (0,0) size 12x18
                    text run at (0,0) width 12: "B"
                RenderTableCell {TD} at (55,0) size 12x18 [r=0 c=6 rs=1 cs=1]
                  RenderText {#text} at (0,0) size 12x18
                    text run at (0,0) width 12: "C"
                RenderTableCell {TD} at (67,0) size 5x18 [r=0 c=7 rs=1 cs=1]
                  RenderText {#text} at (0,0) size 5x18
                    text run at (0,0) width 5: " "
                RenderTableCell {TD} at (72,0) size 4x18 [r=0 c=8 rs=1 cs=1]
                  RenderText {#text} at (0,0) size 4x18
                    text run at (0,0) width 4 RTL: "\x{5D5}"
                RenderTableCell {TD} at (76,0) size 10x18 [r=0 c=9 rs=1 cs=1]
                  RenderText {#text} at (0,0) size 10x18
                    text run at (0,0) width 10 RTL: "\x{5D4}"
                RenderTableCell {TD} at (86,0) size 9x18 [r=0 c=10 rs=1 cs=1]
                  RenderText {#text} at (0,0) size 9x18
                    text run at (0,0) width 9 RTL: "\x{5D3}"
                RenderTableCell {TD} at (95,0) size 5x18 [r=0 c=11 rs=1 cs=1]
                  RenderText {#text} at (0,0) size 5x18
                    text run at (0,0) width 5: " "
                RenderTableCell {TD} at (100,0) size 13x18 [r=0 c=12 rs=1 cs=1]
                  RenderText {#text} at (0,0) size 13x18
                    text run at (0,0) width 13: "D"
                RenderTableCell {TD} at (113,0) size 11x18 [r=0 c=13 rs=1 cs=1]
                  RenderText {#text} at (0,0) size 11x18
                    text run at (0,0) width 11: "E"
                RenderTableCell {TD} at (124,0) size 10x18 [r=0 c=14 rs=1 cs=1]
                  RenderText {#text} at (0,0) size 10x18
                    text run at (0,0) width 10: "F"
                RenderTableCell {TD} at (134,0) size 5x18 [r=0 c=15 rs=1 cs=1]
                  RenderText {#text} at (0,0) size 5x18
                    text run at (0,0) width 5: " "
                RenderTableCell {TD} at (139,0) size 10x18 [r=0 c=16 rs=1 cs=1]
                  RenderText {#text} at (0,0) size 10x18
                    text run at (0,0) width 10 RTL: "\x{5D8}"
                RenderTableCell {TD} at (149,0) size 10x18 [r=0 c=17 rs=1 cs=1]
                  RenderText {#text} at (0,0) size 10x18
                    text run at (0,0) width 10 RTL: "\x{5D7}"
                RenderTableCell {TD} at (159,0) size 7x18 [r=0 c=18 rs=1 cs=1]
                  RenderText {#text} at (0,0) size 7x18
                    text run at (0,0) width 7 RTL: "\x{5D6}"
          RenderBlock {P} at (4,22) size 166x18
            RenderText {#text} at (0,0) size 166x18
              text run at (0,0) width 26 RTL: "\x{5D0}\x{5D1}\x{5D2}"
              text run at (26,0) width 46: " ABC "
              text run at (72,0) width 23 RTL: "\x{5D3}\x{5D4}\x{5D5}"
              text run at (95,0) width 44: " DEF "
              text run at (139,0) width 27 RTL: "\x{5D6}\x{5D7}\x{5D8}"
          RenderBlock {P} at (4,40) size 166x18
            RenderText {#text} at (0,0) size 31x18
              text run at (0,0) width 26 RTL: "\x{5D0}\x{5D1}\x{5D2}"
              text run at (26,0) width 5: " "
            RenderInline {SPAN} at (0,0) size 64x18
              RenderText {#text} at (31,0) size 64x18
                text run at (31,0) width 41: "ABC "
                text run at (72,0) width 23 RTL: "\x{5D3}\x{5D4}\x{5D5}"
            RenderText {#text} at (95,0) size 71x18
              text run at (95,0) width 44: " DEF "
              text run at (139,0) width 27 RTL: "\x{5D6}\x{5D7}\x{5D8}"
          RenderBlock {P} at (4,58) size 166x18
            RenderText {#text} at (0,0) size 31x18
              text run at (0,0) width 26 RTL: "\x{5D0}\x{5D1}\x{5D2}"
              text run at (26,0) width 5: " "
            RenderInline {SPAN} at (0,0) size 103x18
              RenderText {#text} at (31,0) size 103x18
                text run at (31,0) width 41: "ABC "
                text run at (72,0) width 23 RTL: "\x{5D3}\x{5D4}\x{5D5}"
                text run at (95,0) width 39: " DEF"
            RenderText {#text} at (134,0) size 32x18
              text run at (134,0) width 5: " "
              text run at (139,0) width 27 RTL: "\x{5D6}\x{5D7}\x{5D8}"
          RenderBlock {P} at (4,76) size 166x18
            RenderText {#text} at (134,0) size 32x18
              text run at (134,0) width 32 RTL: "\x{5D6}\x{5D7}\x{5D8} "
            RenderInline {SPAN} at (0,0) size 103x18
              RenderText {#text} at (31,0) size 103x18
                text run at (31,0) width 36: "ABC"
                text run at (67,0) width 33 RTL: " \x{5D3}\x{5D4}\x{5D5} "
                text run at (100,0) width 34: "DEF"
            RenderText {#text} at (0,0) size 31x18
              text run at (0,0) width 31 RTL: " \x{5D0}\x{5D1}\x{5D2}"
          RenderBlock {P} at (4,94) size 166x18
            RenderText {#text} at (67,0) size 28x18
              text run at (67,0) width 28 RTL: "\x{5D3}\x{5D4}\x{5D5} "
            RenderInline {SPAN} at (0,0) size 67x18
              RenderText {#text} at (0,0) size 67x18
                text run at (0,0) width 31 RTL: " \x{5D0}\x{5D1}\x{5D2}"
                text run at (31,0) width 36: "ABC"
            RenderText {#text} at (95,0) size 71x18
              text run at (95,0) width 44: " DEF "
              text run at (139,0) width 27 RTL: "\x{5D6}\x{5D7}\x{5D8}"
          RenderBlock {P} at (4,112) size 166x18
            RenderText {#text} at (67,0) size 28x18
              text run at (67,0) width 28 RTL: "\x{5D3}\x{5D4}\x{5D5} "
            RenderInline {BDO} at (0,0) size 67x18
              RenderText {#text} at (0,0) size 67x18
                text run at (0,0) width 67 RTL override: "CBA \x{5D0}\x{5D1}\x{5D2}"
            RenderText {#text} at (95,0) size 71x18
              text run at (95,0) width 44: " DEF "
              text run at (139,0) width 27 RTL: "\x{5D6}\x{5D7}\x{5D8}"
          RenderBlock {P} at (4,130) size 166x18
            RenderText {#text} at (0,0) size 31x18
              text run at (0,0) width 26 RTL: "\x{5D0}\x{5D1}\x{5D2}"
              text run at (26,0) width 5: " "
            RenderInline {BDO} at (0,0) size 64x18
              RenderText {#text} at (31,0) size 64x18
                text run at (31,0) width 64 LTR override: "ABC \x{5D5}\x{5D4}\x{5D3}"
            RenderText {#text} at (95,0) size 71x18
              text run at (95,0) width 44: " DEF "
              text run at (139,0) width 27 RTL: "\x{5D6}\x{5D7}\x{5D8}"
          RenderBlock {P} at (4,148) size 166x18
            RenderText {#text} at (134,0) size 32x18
              text run at (134,0) width 32 RTL: "\x{5D6}\x{5D7}\x{5D8} "
            RenderInline {BDO} at (0,0) size 64x18
              RenderText {#text} at (31,0) size 64x18
                text run at (31,0) width 64 LTR override: "ABC \x{5D5}\x{5D4}\x{5D3}"
            RenderText {#text} at (0,0) size 134x18
              text run at (0,0) width 31 RTL: " \x{5D0}\x{5D1}\x{5D2}"
              text run at (95,0) width 39: " DEF"
        RenderText {#text} at (459,80) size 5x18
          text run at (459,80) width 5: " "
        RenderBlock {DIV} at (467,66) size 210x44 [border: (1px solid #008000)]
          RenderTable {TABLE} at (4,4) size 202x18
            RenderTableSection {TBODY} at (0,0) size 202x18
              RenderTableRow {TR} at (0,0) size 202x18
                RenderTableCell {TD} at (0,0) size 7x18 [r=0 c=0 rs=1 cs=1]
                  RenderText {#text} at (0,0) size 7x18
                    text run at (0,0) width 7 RTL: "\x{5D2}"
                RenderTableCell {TD} at (7,0) size 9x18 [r=0 c=1 rs=1 cs=1]
                  RenderText {#text} at (0,0) size 9x18
                    text run at (0,0) width 9 RTL: "\x{5D1}"
                RenderTableCell {TD} at (16,0) size 10x18 [r=0 c=2 rs=1 cs=1]
                  RenderText {#text} at (0,0) size 10x18
                    text run at (0,0) width 10 RTL: "\x{5D0}"
                RenderTableCell {TD} at (26,0) size 5x18 [r=0 c=3 rs=1 cs=1]
                  RenderText {#text} at (0,0) size 5x18
                    text run at (0,0) width 5: " "
                RenderTableCell {TD} at (31,0) size 12x18 [r=0 c=4 rs=1 cs=1]
                  RenderText {#text} at (0,0) size 12x18
                    text run at (0,0) width 12: "A"
                RenderTableCell {TD} at (43,0) size 12x18 [r=0 c=5 rs=1 cs=1]
                  RenderText {#text} at (0,0) size 12x18
                    text run at (0,0) width 12: "B"
                RenderTableCell {TD} at (55,0) size 12x18 [r=0 c=6 rs=1 cs=1]
                  RenderText {#text} at (0,0) size 12x18
                    text run at (0,0) width 12: "C"
                RenderTableCell {TD} at (67,0) size 5x18 [r=0 c=7 rs=1 cs=1]
                  RenderText {#text} at (0,0) size 5x18
                    text run at (0,0) width 5: " "
                RenderTableCell {TD} at (72,0) size 4x18 [r=0 c=8 rs=1 cs=1]
                  RenderText {#text} at (0,0) size 4x18
                    text run at (0,0) width 4 RTL: "\x{5D5}"
                RenderTableCell {TD} at (76,0) size 10x18 [r=0 c=9 rs=1 cs=1]
                  RenderText {#text} at (0,0) size 10x18
                    text run at (0,0) width 10 RTL: "\x{5D4}"
                RenderTableCell {TD} at (86,0) size 9x18 [r=0 c=10 rs=1 cs=1]
                  RenderText {#text} at (0,0) size 9x18
                    text run at (0,0) width 9 RTL: "\x{5D3}"
                RenderTableCell {TD} at (95,0) size 5x18 [r=0 c=11 rs=1 cs=1]
                  RenderText {#text} at (0,0) size 5x18
                    text run at (0,0) width 5: " "
                RenderTableCell {TD} at (100,0) size 13x18 [r=0 c=12 rs=1 cs=1]
                  RenderText {#text} at (0,0) size 13x18
                    text run at (0,0) width 13: "D"
                RenderTableCell {TD} at (113,0) size 11x18 [r=0 c=13 rs=1 cs=1]
                  RenderText {#text} at (0,0) size 11x18
                    text run at (0,0) width 11: "E"
                RenderTableCell {TD} at (124,0) size 10x18 [r=0 c=14 rs=1 cs=1]
                  RenderText {#text} at (0,0) size 10x18
                    text run at (0,0) width 10: "F"
                RenderTableCell {TD} at (134,0) size 5x18 [r=0 c=15 rs=1 cs=1]
                  RenderText {#text} at (0,0) size 5x18
                    text run at (0,0) width 5: " "
                RenderTableCell {TD} at (139,0) size 13x18 [r=0 c=16 rs=1 cs=1]
                  RenderText {#text} at (0,0) size 13x18
                    text run at (0,0) width 13: "G"
                RenderTableCell {TD} at (152,0) size 13x18 [r=0 c=17 rs=1 cs=1]
                  RenderText {#text} at (0,0) size 13x18
                    text run at (0,0) width 13: "H"
                RenderTableCell {TD} at (165,0) size 5x18 [r=0 c=18 rs=1 cs=1]
                  RenderText {#text} at (0,0) size 5x18
                    text run at (0,0) width 5: "I"
                RenderTableCell {TD} at (170,0) size 5x18 [r=0 c=19 rs=1 cs=1]
                  RenderText {#text} at (0,0) size 5x18
                    text run at (0,0) width 5: " "
                RenderTableCell {TD} at (175,0) size 10x18 [r=0 c=20 rs=1 cs=1]
                  RenderText {#text} at (0,0) size 10x18
                    text run at (0,0) width 10 RTL: "\x{5D8}"
                RenderTableCell {TD} at (185,0) size 10x18 [r=0 c=21 rs=1 cs=1]
                  RenderText {#text} at (0,0) size 10x18
                    text run at (0,0) width 10 RTL: "\x{5D7}"
                RenderTableCell {TD} at (195,0) size 7x18 [r=0 c=22 rs=1 cs=1]
                  RenderText {#text} at (0,0) size 7x18
                    text run at (0,0) width 7 RTL: "\x{5D6}"
          RenderBlock {P} at (4,22) size 202x18
            RenderText {#text} at (0,0) size 202x18
              text run at (0,0) width 26 RTL: "\x{5D0}\x{5D1}\x{5D2}"
              text run at (26,0) width 46: " ABC "
              text run at (72,0) width 23 RTL: "\x{5D3}\x{5D4}\x{5D5}"
              text run at (95,0) width 80: " DEF GHI "
              text run at (175,0) width 27 RTL: "\x{5D6}\x{5D7}\x{5D8}"
        RenderText {#text} at (680,80) size 5x18
          text run at (680,80) width 5: " "
        RenderBR {BR} at (685,80) size 0x18
        RenderBlock {DIV} at (3,179) size 210x44 [border: (1px solid #008000)]
          RenderTable {TABLE} at (4,4) size 202x18
            RenderTableSection {TBODY} at (0,0) size 202x18
              RenderTableRow {TR} at (0,0) size 202x18
                RenderTableCell {TD} at (0,0) size 10x18 [r=0 c=0 rs=1 cs=1]
                  RenderText {#text} at (0,0) size 10x18
                    text run at (0,0) width 10: "F"
                RenderTableCell {TD} at (10,0) size 11x18 [r=0 c=1 rs=1 cs=1]
                  RenderText {#text} at (0,0) size 11x18
                    text run at (0,0) width 11: "E"
                RenderTableCell {TD} at (21,0) size 13x18 [r=0 c=2 rs=1 cs=1]
                  RenderText {#text} at (0,0) size 13x18
                    text run at (0,0) width 13: "D"
                RenderTableCell {TD} at (34,0) size 5x18 [r=0 c=3 rs=1 cs=1]
                  RenderText {#text} at (0,0) size 5x18
                    text run at (0,0) width 5: " "
                RenderTableCell {TD} at (39,0) size 4x18 [r=0 c=4 rs=1 cs=1]
                  RenderText {#text} at (0,0) size 4x18
                    text run at (0,0) width 4 RTL: "\x{5D5}"
                RenderTableCell {TD} at (43,0) size 10x18 [r=0 c=5 rs=1 cs=1]
                  RenderText {#text} at (0,0) size 10x18
                    text run at (0,0) width 10 RTL: "\x{5D4}"
                RenderTableCell {TD} at (53,0) size 9x18 [r=0 c=6 rs=1 cs=1]
                  RenderText {#text} at (0,0) size 9x18
                    text run at (0,0) width 9 RTL: "\x{5D3}"
                RenderTableCell {TD} at (62,0) size 5x18 [r=0 c=7 rs=1 cs=1]
                  RenderText {#text} at (0,0) size 5x18
                    text run at (0,0) width 5: " "
                RenderTableCell {TD} at (67,0) size 12x18 [r=0 c=8 rs=1 cs=1]
                  RenderText {#text} at (0,0) size 12x18
                    text run at (0,0) width 12: "C"
                RenderTableCell {TD} at (79,0) size 12x18 [r=0 c=9 rs=1 cs=1]
                  RenderText {#text} at (0,0) size 12x18
                    text run at (0,0) width 12: "B"
                RenderTableCell {TD} at (91,0) size 12x18 [r=0 c=10 rs=1 cs=1]
                  RenderText {#text} at (0,0) size 12x18
                    text run at (0,0) width 12: "A"
                RenderTableCell {TD} at (103,0) size 5x18 [r=0 c=11 rs=1 cs=1]
                  RenderText {#text} at (0,0) size 5x18
                    text run at (0,0) width 5: " "
                RenderTableCell {TD} at (108,0) size 7x18 [r=0 c=12 rs=1 cs=1]
                  RenderText {#text} at (0,0) size 7x18
                    text run at (0,0) width 7 RTL: "\x{5D2}"
                RenderTableCell {TD} at (115,0) size 9x18 [r=0 c=13 rs=1 cs=1]
                  RenderText {#text} at (0,0) size 9x18
                    text run at (0,0) width 9 RTL: "\x{5D1}"
                RenderTableCell {TD} at (124,0) size 10x18 [r=0 c=14 rs=1 cs=1]
                  RenderText {#text} at (0,0) size 10x18
                    text run at (0,0) width 10 RTL: "\x{5D0}"
                RenderTableCell {TD} at (134,0) size 5x18 [r=0 c=15 rs=1 cs=1]
                  RenderText {#text} at (0,0) size 5x18
                    text run at (0,0) width 5: " "
                RenderTableCell {TD} at (139,0) size 13x18 [r=0 c=16 rs=1 cs=1]
                  RenderText {#text} at (0,0) size 13x18
                    text run at (0,0) width 13: "G"
                RenderTableCell {TD} at (152,0) size 13x18 [r=0 c=17 rs=1 cs=1]
                  RenderText {#text} at (0,0) size 13x18
                    text run at (0,0) width 13: "H"
                RenderTableCell {TD} at (165,0) size 5x18 [r=0 c=18 rs=1 cs=1]
                  RenderText {#text} at (0,0) size 5x18
                    text run at (0,0) width 5: "I"
                RenderTableCell {TD} at (170,0) size 5x18 [r=0 c=19 rs=1 cs=1]
                  RenderText {#text} at (0,0) size 5x18
                    text run at (0,0) width 5: " "
                RenderTableCell {TD} at (175,0) size 10x18 [r=0 c=20 rs=1 cs=1]
                  RenderText {#text} at (0,0) size 10x18
                    text run at (0,0) width 10 RTL: "\x{5D8}"
                RenderTableCell {TD} at (185,0) size 10x18 [r=0 c=21 rs=1 cs=1]
                  RenderText {#text} at (0,0) size 10x18
                    text run at (0,0) width 10 RTL: "\x{5D7}"
                RenderTableCell {TD} at (195,0) size 7x18 [r=0 c=22 rs=1 cs=1]
                  RenderText {#text} at (0,0) size 7x18
                    text run at (0,0) width 7 RTL: "\x{5D6}"
          RenderBlock {P} at (4,22) size 202x18
            RenderText {#text} at (103,0) size 31x18
              text run at (103,0) width 31 RTL: "\x{5D0}\x{5D1}\x{5D2} "
            RenderInline {BDO} at (0,0) size 103x18
              RenderText {#text} at (0,0) size 103x18
                text run at (0,0) width 103 RTL override: "ABC \x{5D3}\x{5D4}\x{5D5} DEF"
            RenderText {#text} at (134,0) size 68x18
              text run at (134,0) width 41: " GHI "
              text run at (175,0) width 27 RTL: "\x{5D6}\x{5D7}\x{5D8}"
        RenderText {#text} at (216,193) size 5x18
          text run at (216,193) width 5: " "
        RenderBlock {DIV} at (224,179) size 210x44 [border: (1px solid #008000)]
          RenderTable {TABLE} at (4,4) size 202x18
            RenderTableSection {TBODY} at (0,0) size 202x18
              RenderTableRow {TR} at (0,0) size 202x18
                RenderTableCell {TD} at (0,0) size 7x18 [r=0 c=0 rs=1 cs=1]
                  RenderText {#text} at (0,0) size 7x18
                    text run at (0,0) width 7 RTL: "\x{5D2}"
                RenderTableCell {TD} at (7,0) size 9x18 [r=0 c=1 rs=1 cs=1]
                  RenderText {#text} at (0,0) size 9x18
                    text run at (0,0) width 9 RTL: "\x{5D1}"
                RenderTableCell {TD} at (16,0) size 10x18 [r=0 c=2 rs=1 cs=1]
                  RenderText {#text} at (0,0) size 10x18
                    text run at (0,0) width 10 RTL: "\x{5D0}"
                RenderTableCell {TD} at (26,0) size 5x18 [r=0 c=3 rs=1 cs=1]
                  RenderText {#text} at (0,0) size 5x18
                    text run at (0,0) width 5: " "
                RenderTableCell {TD} at (31,0) size 12x18 [r=0 c=4 rs=1 cs=1]
                  RenderText {#text} at (0,0) size 12x18
                    text run at (0,0) width 12: "A"
                RenderTableCell {TD} at (43,0) size 12x18 [r=0 c=5 rs=1 cs=1]
                  RenderText {#text} at (0,0) size 12x18
                    text run at (0,0) width 12: "B"
                RenderTableCell {TD} at (55,0) size 12x18 [r=0 c=6 rs=1 cs=1]
                  RenderText {#text} at (0,0) size 12x18
                    text run at (0,0) width 12: "C"
                RenderTableCell {TD} at (67,0) size 5x18 [r=0 c=7 rs=1 cs=1]
                  RenderText {#text} at (0,0) size 5x18
                    text run at (0,0) width 5: " "
                RenderTableCell {TD} at (72,0) size 10x18 [r=0 c=8 rs=1 cs=1]
                  RenderText {#text} at (0,0) size 10x18
                    text run at (0,0) width 10: "F"
                RenderTableCell {TD} at (82,0) size 11x18 [r=0 c=9 rs=1 cs=1]
                  RenderText {#text} at (0,0) size 11x18
                    text run at (0,0) width 11: "E"
                RenderTableCell {TD} at (93,0) size 13x18 [r=0 c=10 rs=1 cs=1]
                  RenderText {#text} at (0,0) size 13x18
                    text run at (0,0) width 13: "D"
                RenderTableCell {TD} at (106,0) size 5x18 [r=0 c=11 rs=1 cs=1]
                  RenderText {#text} at (0,0) size 5x18
                    text run at (0,0) width 5: " "
                RenderTableCell {TD} at (111,0) size 4x18 [r=0 c=12 rs=1 cs=1]
                  RenderText {#text} at (0,0) size 4x18
                    text run at (0,0) width 4 RTL: "\x{5D5}"
                RenderTableCell {TD} at (115,0) size 10x18 [r=0 c=13 rs=1 cs=1]
                  RenderText {#text} at (0,0) size 10x18
                    text run at (0,0) width 10 RTL: "\x{5D4}"
                RenderTableCell {TD} at (125,0) size 9x18 [r=0 c=14 rs=1 cs=1]
                  RenderText {#text} at (0,0) size 9x18
                    text run at (0,0) width 9 RTL: "\x{5D3}"
                RenderTableCell {TD} at (134,0) size 5x18 [r=0 c=15 rs=1 cs=1]
                  RenderText {#text} at (0,0) size 5x18
                    text run at (0,0) width 5: " "
                RenderTableCell {TD} at (139,0) size 13x18 [r=0 c=16 rs=1 cs=1]
                  RenderText {#text} at (0,0) size 13x18
                    text run at (0,0) width 13: "G"
                RenderTableCell {TD} at (152,0) size 13x18 [r=0 c=17 rs=1 cs=1]
                  RenderText {#text} at (0,0) size 13x18
                    text run at (0,0) width 13: "H"
                RenderTableCell {TD} at (165,0) size 5x18 [r=0 c=18 rs=1 cs=1]
                  RenderText {#text} at (0,0) size 5x18
                    text run at (0,0) width 5: "I"
                RenderTableCell {TD} at (170,0) size 5x18 [r=0 c=19 rs=1 cs=1]
                  RenderText {#text} at (0,0) size 5x18
                    text run at (0,0) width 5: " "
                RenderTableCell {TD} at (175,0) size 10x18 [r=0 c=20 rs=1 cs=1]
                  RenderText {#text} at (0,0) size 10x18
                    text run at (0,0) width 10 RTL: "\x{5D8}"
                RenderTableCell {TD} at (185,0) size 10x18 [r=0 c=21 rs=1 cs=1]
                  RenderText {#text} at (0,0) size 10x18
                    text run at (0,0) width 10 RTL: "\x{5D7}"
                RenderTableCell {TD} at (195,0) size 7x18 [r=0 c=22 rs=1 cs=1]
                  RenderText {#text} at (0,0) size 7x18
                    text run at (0,0) width 7 RTL: "\x{5D6}"
          RenderBlock {P} at (4,22) size 202x18
            RenderText {#text} at (0,0) size 72x18
              text run at (0,0) width 26 RTL: "\x{5D0}\x{5D1}\x{5D2}"
              text run at (26,0) width 46: " ABC "
            RenderInline {BDO} at (0,0) size 62x18
              RenderText {#text} at (72,0) size 62x18
                text run at (72,0) width 62 RTL override: "\x{5D3}\x{5D4}\x{5D5} DEF"
            RenderText {#text} at (134,0) size 68x18
              text run at (134,0) width 41: " GHI "
              text run at (175,0) width 27 RTL: "\x{5D6}\x{5D7}\x{5D8}"
        RenderText {#text} at (0,0) size 0x0
      RenderBlock {HR} at (0,361) size 784x2 [border: (1px inset #000000)]
      RenderBlock {P} at (0,380) size 784x18
        RenderText {#text} at (0,0) size 75x18
          text run at (0,0) width 75: "(Back to "
        RenderInline {A} at (0,0) size 205x18 [color=#0000EE]
          RenderText {#text} at (75,0) size 205x18
            text run at (75,0) width 205: "CSS Testing Information"
        RenderText {#text} at (280,0) size 10x18
          text run at (280,0) width 10: ", "
        RenderInline {A} at (0,0) size 104x18 [color=#0000EE]
          RenderText {#text} at (290,0) size 104x18
            text run at (290,0) width 104: "David Baron"
        RenderText {#text} at (394,0) size 7x18
          text run at (394,0) width 7: ")"
      RenderBlock {P} at (0,415) size 784x18
        RenderInline {A} at (0,0) size 34x18 [color=#0000EE]
          RenderText {#text} at (0,0) size 34x18
            text run at (0,0) width 34: "LDB"
        RenderText {#text} at (34,0) size 10x18
          text run at (34,0) width 10: ", "
        RenderInline {A} at (0,0) size 170x18 [color=#0000EE]
          RenderText {#text} at (44,0) size 170x18
            text run at (44,0) width 170: "dbaron@dbaron.org"
        RenderText {#text} at (214,0) size 110x18
          text run at (214,0) width 110: ", 2001-06-05"
      RenderBlock {P} at (0,450) size 784x18
        RenderText {#text} at (0,0) size 410x18
          text run at (0,0) width 410: "Modified and used with the author\x{2019}s permission."
