layer at (0,0) size 800x600
  RenderView at (0,0) size 800x600
layer at (0,0) size 800x473
  RenderBlock {HTML} at (0,0) size 800x473
    RenderBody {BODY} at (8,17) size 784x448
      RenderBlock {P} at (0,0) size 784x18
        RenderText {#text} at (0,0) size 763x18
          text run at (0,0) width 763: "The T column should match the R column. The H columns uses <br/> to force line breaks."
      RenderTable {TABLE} at (0,35) size 171x413 [border: none]
        RenderTableSection {TBODY} at (0,0) size 170x412
          RenderTableRow {TR} at (0,0) size 170x22
            RenderTableCell {TD} at (0,9) size 47x4 [r=0 c=0 rs=1 cs=1]
            RenderTableCell {TD} at (47,0) size 45x22 [border: (1px solid #008000)] [r=0 c=1 rs=1 cs=1]
              RenderText {#text} at (3,3) size 12x17
                text run at (3,3) width 12: "H"
            RenderTableCell {TD} at (92,0) size 33x22 [border: (1px solid #008000)] [r=0 c=2 rs=1 cs=1]
              RenderText {#text} at (3,3) size 11x17
                text run at (3,3) width 11: "T"
            RenderTableCell {TD} at (125,0) size 45x22 [border: (1px solid #008000)] [r=0 c=3 rs=1 cs=1]
              RenderText {#text} at (3,3) size 11x17
                text run at (3,3) width 11: "R"
          RenderTableRow {TR} at (0,22) size 170x39
            RenderTableCell {TD} at (0,30) size 47x22 [border: (1px solid #008000)] [r=1 c=0 rs=1 cs=1]
              RenderText {#text} at (3,3) size 10x17
                text run at (3,3) width 10: "1"
            RenderTableCell {TD} at (47,22) size 45x39 [border: (1px solid #008000)] [r=1 c=1 rs=1 cs=1]
              RenderText {#text} at (3,3) size 14x17
                text run at (3,3) width 9 RTL: "\x{5D0}"
                text run at (12,3) width 5: "."
              RenderBR {BR} at (17,16) size 0x0
              RenderText {#text} at (3,20) size 10x17
                text run at (3,20) width 10: "b"
            RenderTableCell {TD} at (92,22) size 33x39 [border: (1px solid #008000)] [r=1 c=2 rs=1 cs=1]
              RenderText {#text} at (3,3) size 14x34
                text run at (3,3) width 9 RTL: "\x{5D0}"
                text run at (12,3) width 5: "."
                text run at (3,20) width 10: "b"
            RenderTableCell {TD} at (125,22) size 45x39 [border: (1px solid #008000)] [r=1 c=3 rs=1 cs=1]
              RenderBlock {P} at (3,3) size 40x17
                RenderText {#text} at (0,0) size 14x17
                  text run at (0,0) width 14 LTR override: "\x{5D0}."
              RenderBlock {P} at (3,20) size 40x17
                RenderText {#text} at (0,0) size 10x17
                  text run at (0,0) width 10 LTR override: "b"
          RenderTableRow {TR} at (0,61) size 170x39
            RenderTableCell {TD} at (0,69) size 47x22 [border: (1px solid #008000)] [r=2 c=0 rs=1 cs=1]
              RenderText {#text} at (3,3) size 10x17
                text run at (3,3) width 10: "2"
            RenderTableCell {TD} at (47,61) size 45x39 [border: (1px solid #008000)] [r=2 c=1 rs=1 cs=1]
              RenderText {#text} at (3,3) size 14x17
                text run at (3,3) width 9 RTL: "\x{5D0}"
                text run at (12,3) width 5: "."
              RenderBR {BR} at (17,16) size 0x0
              RenderText {#text} at (3,20) size 9x17
                text run at (3,20) width 9 RTL: "\x{5D1}"
            RenderTableCell {TD} at (92,69) size 33x22 [border: (1px solid #008000)] [r=2 c=2 rs=1 cs=1]
              RenderText {#text} at (3,3) size 28x17
                text run at (3,3) width 28 RTL: "\x{5D0}. \x{5D1}"
            RenderTableCell {TD} at (125,61) size 45x39 [border: (1px solid #008000)] [r=2 c=3 rs=1 cs=1]
              RenderBlock {P} at (3,3) size 40x17
                RenderText {#text} at (0,0) size 14x17
                  text run at (0,0) width 14 LTR override: ".\x{5D0}"
              RenderBlock {P} at (3,20) size 40x17
                RenderText {#text} at (0,0) size 9x17
                  text run at (0,0) width 9 LTR override: "\x{5D1}"
          RenderTableRow {TR} at (0,100) size 170x39
            RenderTableCell {TD} at (0,108) size 47x22 [border: (1px solid #008000)] [r=3 c=0 rs=1 cs=1]
              RenderText {#text} at (3,3) size 10x17
                text run at (3,3) width 10: "3"
            RenderTableCell {TD} at (47,100) size 45x39 [border: (1px solid #008000)] [r=3 c=1 rs=1 cs=1]
              RenderText {#text} at (3,3) size 18x17
                text run at (3,3) width 18 RTL: "\x{5D0}\x{5D0}"
              RenderBR {BR} at (3,16) size 0x0
              RenderText {#text} at (3,20) size 25x17
                text run at (3,20) width 10: "b"
                text run at (13,20) width 5 RTL: " "
                text run at (18,20) width 10: "1"
            RenderTableCell {TD} at (92,100) size 33x39 [border: (1px solid #008000)] [r=3 c=2 rs=1 cs=1]
              RenderText {#text} at (3,3) size 25x34
                text run at (3,3) width 18 RTL: "\x{5D0}\x{5D0}"
                text run at (3,20) width 10: "b"
                text run at (13,20) width 5 RTL: " "
                text run at (18,20) width 10: "1"
            RenderTableCell {TD} at (125,100) size 45x39 [border: (1px solid #008000)] [r=3 c=3 rs=1 cs=1]
              RenderBlock {P} at (3,3) size 40x17
                RenderText {#text} at (0,0) size 18x17
                  text run at (0,0) width 18 LTR override: "\x{5D0}\x{5D0}"
              RenderBlock {P} at (3,20) size 40x17
                RenderText {#text} at (0,0) size 25x17
                  text run at (0,0) width 25 LTR override: "b 1"
          RenderTableRow {TR} at (0,139) size 170x39
            RenderTableCell {TD} at (0,147) size 47x22 [border: (1px solid #008000)] [r=4 c=0 rs=1 cs=1]
              RenderText {#text} at (3,3) size 10x17
                text run at (3,3) width 10: "4"
            RenderTableCell {TD} at (47,139) size 45x39 [border: (1px solid #008000)] [r=4 c=1 rs=1 cs=1]
              RenderText {#text} at (3,3) size 20x17
                text run at (3,3) width 20: "aa"
              RenderBR {BR} at (3,16) size 0x0
              RenderText {#text} at (3,20) size 25x17
                text run at (3,20) width 10: "b"
                text run at (13,20) width 5 RTL: " "
                text run at (18,20) width 10: "1"
            RenderTableCell {TD} at (92,139) size 33x39 [border: (1px solid #008000)] [r=4 c=2 rs=1 cs=1]
              RenderText {#text} at (3,3) size 25x34
                text run at (3,3) width 20: "aa"
                text run at (3,20) width 25: "1 b"
            RenderTableCell {TD} at (125,139) size 45x39 [border: (1px solid #008000)] [r=4 c=3 rs=1 cs=1]
              RenderBlock {P} at (3,3) size 40x17
                RenderText {#text} at (0,0) size 20x17
                  text run at (0,0) width 20 LTR override: "aa"
              RenderBlock {P} at (3,20) size 40x17
                RenderText {#text} at (0,0) size 25x17
                  text run at (0,0) width 25 LTR override: "1 b"
          RenderTableRow {TR} at (0,178) size 170x39
            RenderTableCell {TD} at (0,186) size 47x22 [border: (1px solid #008000)] [r=5 c=0 rs=1 cs=1]
              RenderText {#text} at (3,3) size 10x17
                text run at (3,3) width 10: "5"
            RenderTableCell {TD} at (47,178) size 45x39 [border: (1px solid #008000)] [r=5 c=1 rs=1 cs=1]
              RenderText {#text} at (3,3) size 18x17
                text run at (3,3) width 18 RTL: "\x{5D0}\x{5D0}"
              RenderBR {BR} at (3,16) size 0x0
              RenderText {#text} at (3,20) size 24x17
                text run at (3,20) width 14 RTL: " \x{5D1}"
                text run at (17,20) width 10: "1"
            RenderTableCell {TD} at (92,178) size 33x39 [border: (1px solid #008000)] [r=5 c=2 rs=1 cs=1]
              RenderText {#text} at (3,3) size 24x34
                text run at (3,3) width 18 RTL: "\x{5D0}\x{5D0}"
                text run at (3,20) width 14 RTL: " \x{5D1}"
                text run at (17,20) width 10: "1"
            RenderTableCell {TD} at (125,178) size 45x39 [border: (1px solid #008000)] [r=5 c=3 rs=1 cs=1]
              RenderBlock {P} at (3,3) size 40x17
                RenderText {#text} at (0,0) size 18x17
                  text run at (0,0) width 18 LTR override: "\x{5D0}\x{5D0}"
              RenderBlock {P} at (3,20) size 40x17
                RenderText {#text} at (0,0) size 24x17
                  text run at (0,0) width 24 LTR override: "\x{5D1} 1"
          RenderTableRow {TR} at (0,217) size 170x39
            RenderTableCell {TD} at (0,225) size 47x22 [border: (1px solid #008000)] [r=6 c=0 rs=1 cs=1]
              RenderText {#text} at (3,3) size 10x17
                text run at (3,3) width 10: "6"
            RenderTableCell {TD} at (47,217) size 45x39 [border: (1px solid #008000)] [r=6 c=1 rs=1 cs=1]
              RenderText {#text} at (3,3) size 20x17
                text run at (3,3) width 20: "aa"
              RenderBR {BR} at (3,16) size 0x0
              RenderText {#text} at (3,20) size 24x17
                text run at (3,20) width 14 RTL: " \x{5D1}"
                text run at (17,20) width 10: "1"
            RenderTableCell {TD} at (92,217) size 33x39 [border: (1px solid #008000)] [r=6 c=2 rs=1 cs=1]
              RenderText {#text} at (3,3) size 24x34
                text run at (3,3) width 20: "aa"
                text run at (3,20) width 14 RTL: " \x{5D1}"
                text run at (17,20) width 10: "1"
            RenderTableCell {TD} at (125,217) size 45x39 [border: (1px solid #008000)] [r=6 c=3 rs=1 cs=1]
              RenderBlock {P} at (3,3) size 40x17
                RenderText {#text} at (0,0) size 20x17
                  text run at (0,0) width 20 LTR override: "aa"
              RenderBlock {P} at (3,20) size 40x17
                RenderText {#text} at (0,0) size 24x17
                  text run at (0,0) width 24 LTR override: "\x{5D1} 1"
          RenderTableRow {TR} at (0,256) size 170x39
            RenderTableCell {TD} at (0,264) size 47x22 [border: (1px solid #008000)] [r=7 c=0 rs=1 cs=1]
              RenderText {#text} at (3,3) size 10x17
                text run at (3,3) width 10: "7"
            RenderTableCell {TD} at (47,256) size 45x39 [border: (1px solid #008000)] [r=7 c=1 rs=1 cs=1]
              RenderText {#text} at (3,3) size 21x17
                text run at (3,3) width 21: "a ("
              RenderBR {BR} at (24,16) size 0x0
              RenderText {#text} at (3,20) size 21x17
                text run at (3,20) width 21: "] b"
            RenderTableCell {TD} at (92,256) size 33x39 [border: (1px solid #008000)] [r=7 c=2 rs=1 cs=1]
              RenderText {#text} at (3,3) size 21x34
                text run at (3,3) width 21: "a ("
                text run at (3,20) width 21: "] b"
            RenderTableCell {TD} at (125,256) size 45x39 [border: (1px solid #008000)] [r=7 c=3 rs=1 cs=1]
              RenderBlock {P} at (3,3) size 40x17
                RenderText {#text} at (0,0) size 21x17
                  text run at (0,0) width 21 LTR override: "a ("
              RenderBlock {P} at (3,20) size 40x17
                RenderText {#text} at (0,0) size 21x17
                  text run at (0,0) width 21 LTR override: "] b"
          RenderTableRow {TR} at (0,295) size 170x39
            RenderTableCell {TD} at (0,303) size 47x22 [border: (1px solid #008000)] [r=8 c=0 rs=1 cs=1]
              RenderText {#text} at (3,3) size 10x17
                text run at (3,3) width 10: "8"
            RenderTableCell {TD} at (47,295) size 45x39 [border: (1px solid #008000)] [r=8 c=1 rs=1 cs=1]
              RenderText {#text} at (3,3) size 20x17
                text run at (3,3) width 9 RTL: "\x{5D0}"
                text run at (12,3) width 11: " ("
              RenderBR {BR} at (23,16) size 0x0
              RenderText {#text} at (3,20) size 21x17
                text run at (3,20) width 21: "] b"
            RenderTableCell {TD} at (92,295) size 33x39 [border: (1px solid #008000)] [r=8 c=2 rs=1 cs=1]
              RenderText {#text} at (3,3) size 21x34
                text run at (3,3) width 9 RTL: "\x{5D0}"
                text run at (12,3) width 11: " ("
                text run at (3,20) width 21: "] b"
            RenderTableCell {TD} at (125,295) size 45x39 [border: (1px solid #008000)] [r=8 c=3 rs=1 cs=1]
              RenderBlock {P} at (3,3) size 40x17
                RenderText {#text} at (0,0) size 20x17
                  text run at (0,0) width 20 LTR override: "\x{5D0} ("
              RenderBlock {P} at (3,20) size 40x17
                RenderText {#text} at (0,0) size 21x17
                  text run at (0,0) width 21 LTR override: "] b"
          RenderTableRow {TR} at (0,334) size 170x39
            RenderTableCell {TD} at (0,342) size 47x22 [border: (1px solid #008000)] [r=9 c=0 rs=1 cs=1]
              RenderText {#text} at (3,3) size 10x17
                text run at (3,3) width 10: "9"
            RenderTableCell {TD} at (47,334) size 45x39 [border: (1px solid #008000)] [r=9 c=1 rs=1 cs=1]
              RenderText {#text} at (3,3) size 21x17
                text run at (3,3) width 21: "a ("
              RenderBR {BR} at (24,16) size 0x0
              RenderText {#text} at (3,20) size 20x17
                text run at (3,20) width 11: "] "
                text run at (14,20) width 9 RTL: "\x{5D1}"
            RenderTableCell {TD} at (92,334) size 33x39 [border: (1px solid #008000)] [r=9 c=2 rs=1 cs=1]
              RenderText {#text} at (3,3) size 21x34
                text run at (3,3) width 21: "a ("
                text run at (3,20) width 11: "] "
                text run at (14,20) width 9 RTL: "\x{5D1}"
            RenderTableCell {TD} at (125,334) size 45x39 [border: (1px solid #008000)] [r=9 c=3 rs=1 cs=1]
              RenderBlock {P} at (3,3) size 40x17
                RenderText {#text} at (0,0) size 21x17
                  text run at (0,0) width 21 LTR override: "a ("
              RenderBlock {P} at (3,20) size 40x17
                RenderText {#text} at (0,0) size 20x17
                  text run at (0,0) width 20 LTR override: "] \x{5D1}"
          RenderTableRow {TR} at (0,373) size 170x39
            RenderTableCell {TD} at (0,381) size 47x22 [border: (1px solid #008000)] [r=10 c=0 rs=1 cs=1]
              RenderText {#text} at (3,3) size 20x17
                text run at (3,3) width 20: "10"
            RenderTableCell {TD} at (47,373) size 45x39 [border: (1px solid #008000)] [r=10 c=1 rs=1 cs=1]
              RenderText {#text} at (3,3) size 20x17
                text run at (3,3) width 9 RTL: "\x{5D0}"
                text run at (12,3) width 11: " ("
              RenderBR {BR} at (23,16) size 0x0
              RenderText {#text} at (3,20) size 20x17
                text run at (3,20) width 11: "] "
                text run at (14,20) width 9 RTL: "\x{5D1}"
            RenderTableCell {TD} at (92,373) size 33x39 [border: (1px solid #008000)] [r=10 c=2 rs=1 cs=1]
              RenderText {#text} at (3,3) size 20x34
                text run at (3,3) width 20 RTL: "\x{5D0} ("
                text run at (3,20) width 20 RTL: "] \x{5D1}"
            RenderTableCell {TD} at (125,373) size 45x39 [border: (1px solid #008000)] [r=10 c=3 rs=1 cs=1]
              RenderBlock {P} at (3,3) size 40x17
                RenderText {#text} at (0,0) size 20x17
                  text run at (0,0) width 20 LTR override: ") \x{5D0}"
              RenderBlock {P} at (3,20) size 40x17
                RenderText {#text} at (0,0) size 20x17
                  text run at (0,0) width 20 LTR override: "\x{5D1} ["
