layer at (0,0) size 800x600
  RenderView at (0,0) size 800x600
layer at (0,0) size 800x113
  RenderBlock {HTML} at (0,0) size 800x113
    RenderBody {BODY} at (8,8) size 784x88
      RenderBlock (anonymous) at (0,0) size 784x18
        RenderText {#text} at (0,0) size 373x18
          text run at (0,0) width 373: "The following two lines should be the same:"
      RenderBlock {P} at (0,35) size 784x18
        RenderText {#text} at (0,0) size 71x18
          text run at (0,0) width 71 LTR override: "abc\x{5D2}\x{5D1}\x{5D0}\x{661}\x{662}\x{663}"
      RenderBlock {P} at (0,70) size 784x18
        RenderText {#text} at (0,0) size 71x18
          text run at (0,0) width 30: "abc"
          text run at (30,0) width 26 RTL: "\x{5D0}\x{5D1}\x{5D2}"
          text run at (56,0) width 15: "\x{661}\x{662}\x{663}"
