layer at (0,0) size 800x600
  RenderView at (0,0) size 800x600
layer at (0,0) size 800x508
  RenderBlock {HTML} at (0,0) size 800x508
    RenderBody {BODY} at (8,17) size 784x474
      RenderBlock {P} at (0,0) size 784x54
        RenderText {#text} at (0,0) size 761x54
          text run at (0,0) width 753: "In each line, reading from left to right, the bracket should appear before the parenthesis."
          text run at (0,18) width 761: "The bracket should be a left bracket and the parenthesis should be a right parenthesis. In"
          text run at (0,36) width 732: "each line, Roman characters and digits should be in increasing order from left to right."
      RenderBlock {P} at (0,71) size 784x18
        RenderText {#text} at (0,0) size 63x18
          text run at (0,0) width 26 RTL: "\x{5D0}\x{5D1}\x{5D2}"
          text run at (26,0) width 37: " def "
        RenderInline {SPAN} at (0,0) size 41x18
          RenderText {#text} at (63,0) size 41x18
            text run at (63,0) width 41 RTL: "(\x{5D6}\x{5D7}\x{5D8}]"
        RenderText {#text} at (104,0) size 25x18
          text run at (104,0) width 25: " jkl"
      RenderBlock {P} at (0,106) size 784x18
        RenderText {#text} at (0,0) size 63x18
          text run at (0,0) width 26 RTL: "\x{5D0}\x{5D1}\x{5D2}"
          text run at (26,0) width 37: " def "
        RenderInline {SPAN} at (0,0) size 41x18
          RenderText {#text} at (63,0) size 41x18
            text run at (63,0) width 7 RTL: "]"
            text run at (70,0) width 27: "ghi"
            text run at (97,0) width 7 RTL: "("
        RenderText {#text} at (104,0) size 25x18
          text run at (104,0) width 25: " jkl"
      RenderBlock {P} at (0,141) size 784x18
        RenderText {#text} at (0,0) size 35x18
          text run at (0,0) width 35: "abc "
        RenderInline {SPAN} at (0,0) size 63x18
          RenderText {#text} at (35,0) size 63x18
            text run at (35,0) width 7 RTL: "]"
            text run at (42,0) width 22: "23"
            text run at (64,0) width 5 RTL: " "
            text run at (69,0) width 22: "45"
            text run at (91,0) width 7 RTL: "("
        RenderText {#text} at (98,0) size 33x18
          text run at (98,0) width 33: " fgh"
      RenderBlock {P} at (0,176) size 784x18
        RenderText {#text} at (0,0) size 131x18
          text run at (0,0) width 35: "abc "
          text run at (35,0) width 7 RTL: "]"
          text run at (42,0) width 22: "23"
          text run at (64,0) width 5 RTL: " "
          text run at (69,0) width 22: "45"
          text run at (91,0) width 7 RTL: "("
          text run at (98,0) width 33: " fgh"
      RenderBlock {P} at (0,211) size 784x18
        RenderText {#text} at (0,0) size 118x18
          text run at (0,0) width 35: "abc "
          text run at (35,0) width 7 RTL: "]"
          text run at (42,0) width 43: "de fg"
          text run at (85,0) width 7 RTL: "("
          text run at (92,0) width 26: " hij"
      RenderBlock {P} at (0,246) size 784x18
        RenderText {#text} at (0,0) size 11x18
          text run at (0,0) width 11: "1"
        RenderInline {SPAN} at (0,0) size 60x18
          RenderText {#text} at (11,0) size 60x18
            text run at (11,0) width 7 RTL: "]"
            text run at (18,0) width 46: "ab cd"
            text run at (64,0) width 7 RTL: "("
        RenderText {#text} at (0,0) size 0x0
      RenderBlock {P} at (0,281) size 784x18
        RenderText {#text} at (0,0) size 11x18
          text run at (0,0) width 11: "1"
        RenderInline {SPAN} at (0,0) size 56x18
          RenderText {#text} at (11,0) size 56x18
            text run at (11,0) width 28 RTL: " \x{5D2}\x{5D3}]"
            text run at (39,0) width 21: "ab"
            text run at (60,0) width 7 RTL: "("
        RenderText {#text} at (0,0) size 0x0
      RenderBlock {P} at (0,316) size 784x18
        RenderText {#text} at (0,0) size 11x18
          text run at (0,0) width 11: "1"
        RenderInline {SPAN} at (0,0) size 25x18
          RenderText {#text} at (11,0) size 25x18
            text run at (11,0) width 7 RTL: "]"
            text run at (18,0) width 11: "2"
            text run at (29,0) width 7 RTL: "("
        RenderText {#text} at (0,0) size 0x0
      RenderBlock {P} at (0,351) size 784x18
        RenderText {#text} at (0,0) size 11x18
          text run at (0,0) width 11: "1"
        RenderInline {SPAN} at (0,0) size 24x18
          RenderText {#text} at (11,0) size 24x18
            text run at (11,0) width 7 RTL: "]"
            text run at (18,0) width 10: "a"
            text run at (28,0) width 7 RTL: "("
        RenderText {#text} at (0,0) size 0x0
      RenderBlock {P} at (0,386) size 784x18
        RenderText {#text} at (0,0) size 67x18
          text run at (0,0) width 11: "1"
          text run at (11,0) width 28 RTL: " \x{5D2}\x{5D3}]"
          text run at (39,0) width 21: "ab"
          text run at (60,0) width 7 RTL: "("
      RenderBlock {P} at (0,421) size 784x18
        RenderInline {SPAN} at (0,0) size 107x18
          RenderText {#text} at (0,0) size 107x18
            text run at (0,0) width 7 RTL: "]"
            text run at (7,0) width 30: "abc"
            text run at (37,0) width 36 RTL: " \x{5D0}\x{5D1}\x{5D2} "
            text run at (73,0) width 27: "def"
            text run at (100,0) width 7 RTL: "("
        RenderText {#text} at (0,0) size 0x0
      RenderBlock {P} at (0,456) size 784x18
        RenderText {#text} at (0,0) size 107x18
          text run at (0,0) width 7 RTL: "]"
          text run at (7,0) width 30: "abc"
          text run at (37,0) width 36 RTL: " \x{5D0}\x{5D1}\x{5D2} "
          text run at (73,0) width 27: "def"
          text run at (100,0) width 7 RTL: "("
