layer at (0,0) size 800x600
  RenderView at (0,0) size 800x600
layer at (0,0) size 800x600
  RenderBlock {HTML} at (0,0) size 800x600
    RenderBody {BODY} at (8,8) size 784x575
      RenderBlock {P} at (0,0) size 784x54
        RenderText {#text} at (0,0) size 783x54
          text run at (0,0) width 461: "This test verifies we can render bold Bengali properly. "
          text run at (461,0) width 322: "(This is complicated on Linux because"
          text run at (0,18) width 738: "it's typically covered by fake-bolded FreeSans even though there's also a FreeSansBold"
          text run at (0,36) width 88: "available.)"
      RenderBlock {P} at (0,71) size 784x36
        RenderText {#text} at (0,0) size 781x36
          text run at (0,0) width 644: "The test passes if the two words below look similar, but the top one is bold. "
          text run at (644,0) width 137: "There should be"
          text run at (0,18) width 207: "no missing-glyph boxes."
      RenderBlock {P} at (0,124) size 784x18
        RenderInline {B} at (0,0) size 40x18
          RenderText {#text} at (0,0) size 40x18
            text run at (0,0) width 40: "\x{9AC}\x{9BE}\x{982}\x{9B2}\x{9BE}"
      RenderBlock {P} at (0,159) size 784x0
      RenderBlock {P} at (0,159) size 784x18
        RenderText {#text} at (0,0) size 40x18
          text run at (0,0) width 40: "\x{9AC}\x{9BE}\x{982}\x{9B2}\x{9BE}"
