layer at (0,0) size 800x600
  RenderView at (0,0) size 800x600
layer at (0,0) size 800x600
  RenderBlock {HTML} at (0,0) size 800x600
    RenderBody {BODY} at (8,8) size 784x584
      RenderBlock {P} at (0,0) size 784x36
        RenderText {#text} at (0,0) size 235x18
          text run at (0,0) width 235: "This is a regression test for "
        RenderInline {I} at (0,0) size 699x36
          RenderInline {A} at (0,0) size 464x18 [color=#0000EE]
            RenderText {#text} at (235,0) size 464x18
              text run at (235,0) width 464: "http://bugzilla.opendarwin.org/show_bug.cgi?id=8866"
          RenderText {#text} at (0,18) size 415x18
            text run at (0,18) width 415: "REGRESSION: Incorrect caret position in RTL text"
        RenderText {#text} at (415,18) size 5x18
          text run at (415,18) width 5: "."
      RenderBlock {P} at (0,53) size 784x18
        RenderText {#text} at (0,0) size 462x18
          text run at (0,0) width 462: "The caret should be in the middle of the Hebrew word."
      RenderBlock {HR} at (0,88) size 784x2 [border: (1px inset #000000)]
      RenderBlock {DIV} at (0,98) size 784x18
        RenderText {#text} at (0,0) size 57x18
          text run at (0,0) width 57 RTL: "\x{5D0}\x{5D5}\x{5DB}\x{5DE}\x{5E0}\x{5D9}\x{5D5}\x{5EA}"
caret: position 5 of child 0 {#text} of child 7 {DIV} of child 1 {BODY} of child 0 {HTML} of document
