layer at (0,0) size 800x600
  RenderView at (0,0) size 800x600
layer at (0,0) size 800x600
  RenderBlock {HTML} at (0,0) size 800x600
    RenderBody {BODY} at (8,8) size 784x584
      RenderBlock {P} at (0,0) size 784x20
        RenderText {#text} at (0,0) size 53x19
          text run at (0,0) width 53: "Test for "
        RenderInline {I} at (0,0) size 647x19
          RenderInline {A} at (0,0) size 337x19 [color=#0000EE]
            RenderText {#text} at (53,0) size 337x19
              text run at (53,0) width 337: "http://bugzilla.opendarwin.org/show_bug.cgi?id=7761"
          RenderText {#text} at (390,0) size 310x19
            text run at (390,0) width 310: " Tabs in class attribute not treated as whitespace"
        RenderText {#text} at (700,0) size 4x19
          text run at (700,0) width 4: "."
      RenderBlock {P} at (0,34) size 784x19
        RenderText {#text} at (0,0) size 225x19
          text run at (0,0) width 225: "All of the following should be green:"
      RenderBlock {DIV} at (0,67) size 784x19 [color=#008000]
        RenderText {#text} at (0,0) size 58x19
          text run at (0,0) width 58: "Tab after"
      RenderBlock {DIV} at (0,86) size 784x19 [color=#008000]
        RenderText {#text} at (0,0) size 70x19
          text run at (0,0) width 70: "Tab before"
      RenderBlock {DIV} at (0,105) size 784x19 [color=#008000]
        RenderText {#text} at (0,0) size 83x19
          text run at (0,0) width 83: "Newline after"
      RenderBlock {DIV} at (0,124) size 784x19 [color=#008000]
        RenderText {#text} at (0,0) size 95x19
          text run at (0,0) width 95: "Newline before"
      RenderBlock {DIV} at (0,143) size 784x19 [color=#008000]
        RenderText {#text} at (0,0) size 80x19
          text run at (0,0) width 80: "Spaces after"
      RenderBlock {DIV} at (0,162) size 784x19 [color=#008000]
        RenderText {#text} at (0,0) size 92x19
          text run at (0,0) width 92: "Spaces before"
      RenderBlock {DIV} at (0,181) size 784x19 [color=#008000]
        RenderText {#text} at (0,0) size 53x19
          text run at (0,0) width 53: "CR after"
      RenderBlock {DIV} at (0,200) size 784x19 [color=#008000]
        RenderText {#text} at (0,0) size 65x19
          text run at (0,0) width 65: "CR before"
