layer at (0,0) size 800x600
  RenderView at (0,0) size 800x600
layer at (0,0) size 800x92
  RenderBlock {HTML} at (0,0) size 800x92
    RenderBody {BODY} at (8,18) size 784x56
      RenderBlock {P} at (0,0) size 784x19
        RenderText {#text} at (0,0) size 278x18
          text run at (0,0) width 278: "This text should be rendered with a first font."
      RenderBlock {P} at (0,37) size 784x19
        RenderText {#text} at (0,0) size 287x18
          text run at (0,0) width 287: "This text should be rendered with a second font."
