layer at (0,0) size 800x600
  RenderView at (0,0) size 800x600
layer at (0,0) size 800x113
  RenderBlock {HTML} at (0,0) size 800x113
    RenderBody {BODY} at (8,14) size 784x85
      RenderBlock {P} at (0,0) size 784x19
        RenderText {#text} at (0,0) size 287x19
          text run at (0,0) width 287: "The following paragraphs should be identical:"
      RenderBlock {P} at (0,33) size 784x19
        RenderText {#text} at (0,0) size 245x19
          text run at (0,0) width 245: "This should be in a normal weight font."
      RenderBlock {P} at (0,66) size 784x19
        RenderText {#text} at (0,0) size 245x19
          text run at (0,0) width 245: "This should be in a normal weight font."
