layer at (0,0) size 800x600
  RenderView at (0,0) size 800x600
layer at (0,0) size 800x212
  RenderBlock {HTML} at (0,0) size 800x212
    RenderBody {BODY} at (8,14) size 784x184 [color=#FF0000]
      RenderBlock {P} at (0,0) size 784x19 [color=#008000]
        RenderText {#text} at (0,0) size 200x19
          text run at (0,0) width 200: "This sentence should be green."
      RenderBlock {DIV} at (0,33) size 784x19 [color=#008000]
        RenderBlock {P} at (0,0) size 784x19
          RenderText {#text} at (0,0) size 200x19
            text run at (0,0) width 200: "This sentence should be green."
      RenderBlock {P} at (0,66) size 784x19 [color=#008000]
        RenderText {#text} at (0,0) size 200x19
          text run at (0,0) width 200: "This sentence should be green."
      RenderBlock {P} at (0,99) size 784x19 [color=#008000]
        RenderText {#text} at (0,0) size 200x19
          text run at (0,0) width 200: "This sentence should be green."
      RenderBlock {DIV} at (0,132) size 784x19 [color=#008000]
        RenderBlock {PRE} at (0,0) size 784x19
          RenderText {#text} at (0,0) size 200x19
            text run at (0,0) width 200: "This sentence should be green."
      RenderBlock {DIV} at (0,165) size 784x19 [color=#008000]
        RenderBlock {UL} at (0,0) size 784x19
          RenderListItem {LI} at (40,0) size 744x19
            RenderListMarker at (-17,0) size 7x19: bullet
            RenderText {#text} at (0,0) size 200x19
              text run at (0,0) width 200: "This sentence should be green."
