layer at (0,0) size 800x600
  RenderView at (0,0) size 800x600
layer at (0,0) size 800x47
  RenderBlock {HTML} at (0,0) size 800x47
    RenderBody {BODY} at (8,14) size 784x19
      RenderBlock {P} at (0,0) size 784x19
        RenderInline {A} at (0,0) size 328x19 [color=#0000FF]
          RenderText {#text} at (0,0) size 328x19
            text run at (0,0) width 328: "While you are activating this link, it should go green."
        RenderText {#text} at (328,0) size 423x19
          text run at (328,0) width 423: " Check that once you have stopped activating it, it goes blue again."
