layer at (0,0) size 800x600
  RenderView at (0,0) size 800x600
layer at (0,0) size 800x73
  RenderBlock {HTML} at (0,0) size 800x73
    RenderBody {BODY} at (8,8) size 784x57
      RenderBlock {DIV} at (0,0) size 784x38
        RenderBlock (anonymous) at (0,0) size 784x19
          RenderText {#text} at (0,0) size 164x19
            text run at (0,0) width 164: "Dummy text. Dummy text."
        RenderBlock {DIV} at (0,19) size 784x19
          RenderInline {SPAN} at (0,0) size 494x19
            RenderText {#text} at (0,0) size 494x19
              text run at (0,0) width 99: "Hover this text, "
              text run at (99,0) width 167: "then wait till it disappears. "
              text run at (266,0) width 228: "At that point there should be no red."
          RenderText {#text} at (0,0) size 0x0
      RenderBlock {DIV} at (0,38) size 784x19 [color=#008000]
        RenderText {#text} at (0,0) size 164x19
          text run at (0,0) width 164: "Dummy text. Dummy text."
