layer at (0,0) size 800x600
  RenderView at (0,0) size 800x600
layer at (0,0) size 800x47
  RenderBlock {HTML} at (0,0) size 800x47
    RenderBody {BODY} at (8,14) size 784x19
      RenderBlock {P} at (0,0) size 784x19
        RenderInline {A} at (0,0) size 163x19 [color=#008000]
          RenderText {#text} at (0,0) size 163x19
            text run at (0,0) width 163: "This link should be green."
        RenderText {#text} at (163,0) size 218x19
          text run at (163,0) width 218: " (do not hover over it or activate it)"
