layer at (0,0) size 800x600
  RenderView at (0,0) size 800x600
layer at (0,0) size 800x454
  RenderBlock {HTML} at (0,0) size 800x454
    RenderBody {BODY} at (8,14) size 784x432 [color=#0000FF]
      RenderBlock {P} at (0,0) size 784x236
        RenderInline (generated) at (0,0) size 77x158 [color=#00FFFF]
          RenderText {#text} at (0,0) size 77x158
            text run at (0,0) width 77: "T"
        RenderText {#text} at (77,80) size 58x54
          text run at (77,80) width 58: "he "
        RenderInline {STRONG} at (0,0) size 193x56
          RenderText {#text} at (135,79) size 193x56
            text run at (135,79) width 193: "first letter"
        RenderText {#text} at (328,80) size 746x97
          text run at (328,80) width 418: " of this paragraph, and"
          text run at (0,158) width 58: "only that "
          text run at (58,158) width 98: "one, should be "
        RenderInline {STRONG} at (0,0) size 84x20
          RenderText {#text} at (156,158) size 84x20
            text run at (156,158) width 84: "600% bigger"
        RenderText {#text} at (240,158) size 518x19
          text run at (240,158) width 135: " than the normal text "
          text run at (375,158) width 383: "(300% bigger than the rest of first line of this paragraph) and"
        RenderInline {STRONG} at (0,0) size 34x20
          RenderText {#text} at (0,178) size 34x20
            text run at (0,178) width 34: "aqua"
        RenderText {#text} at (34,178) size 108x19
          text run at (34,178) width 108: ", while the entire "
        RenderInline {STRONG} at (0,0) size 56x20
          RenderText {#text} at (142,178) size 56x20
            text run at (142,178) width 56: "first line"
        RenderText {#text} at (198,178) size 70x19
          text run at (198,178) width 4: " "
          text run at (202,178) width 66: "should be "
        RenderInline {STRONG} at (0,0) size 84x20
          RenderText {#text} at (268,178) size 84x20
            text run at (268,178) width 84: "300% bigger"
        RenderText {#text} at (352,178) size 112x19
          text run at (352,178) width 112: " than normal and "
        RenderInline {STRONG} at (0,0) size 25x20
          RenderText {#text} at (464,178) size 25x20
            text run at (464,178) width 25: "teal"
        RenderText {#text} at (489,178) size 784x58
          text run at (489,178) width 275: ". If this precise combination does not occur,"
          text run at (0,198) width 422: "then the user agent has failed this test. Remember that in order to "
          text run at (422,198) width 362: "ensure a complete test, the paragraph must be displayed"
          text run at (0,217) width 57: "on more "
          text run at (57,217) width 144: "than one line. (TEST1)"
      RenderBlock {P} at (0,250) size 784x76
        RenderInline (generated) at (0,0) size 27x36 [color=#00FFFF]
          RenderText {#text} at (0,0) size 27x36
            text run at (0,0) width 27: "\"T"
        RenderText {#text} at (27,13) size 93x19
          text run at (27,13) width 93: "est\": The first "
        RenderInline {STRONG} at (0,0) size 96x20
          RenderText {#text} at (120,13) size 96x20
            text run at (120,13) width 96: "two characters"
        RenderText {#text} at (216,13) size 420x19
          text run at (216,13) width 113: " in this paragraph "
          text run at (329,13) width 307: "(a double-quote mark and a capital 'T') should be "
        RenderInline {STRONG} at (0,0) size 80x20
          RenderText {#text} at (636,13) size 80x20
            text run at (636,13) width 40: "200% "
            text run at (676,13) width 40: "bigger"
        RenderText {#text} at (716,13) size 771x43
          text run at (716,13) width 55: " than the"
          text run at (0,37) width 170: "rest of the paragraph, and "
        RenderInline {STRONG} at (0,0) size 34x20
          RenderText {#text} at (170,37) size 34x20
            text run at (170,37) width 34: "aqua"
        RenderText {#text} at (204,37) size 146x19
          text run at (204,37) width 146: ". In addition, the entire "
        RenderInline {STRONG} at (0,0) size 56x20
          RenderText {#text} at (350,37) size 56x20
            text run at (350,37) width 31: "first "
            text run at (381,37) width 25: "line"
        RenderText {#text} at (406,37) size 97x19
          text run at (406,37) width 97: " should be in a "
        RenderInline {STRONG} at (0,0) size 165x20
          RenderText {#text} at (503,37) size 165x20
            text run at (503,37) width 140: "small-caps font and "
            text run at (643,37) width 25: "teal"
        RenderText {#text} at (668,37) size 775x39
          text run at (668,37) width 107: ". Remember that"
          text run at (0,57) width 222: "in order to ensure a complete test, "
          text run at (222,57) width 414: "the paragraph must be displayed on more than one line. (TEST2)"
      RenderBlock {P} at (0,340) size 784x58
        RenderInline (generated) at (0,0) size 9x19 [color=#00FFFF]
          RenderText {#text} at (0,0) size 9x19
            text run at (0,0) width 9: "T"
        RenderText {#text} at (9,0) size 20x19
          text run at (9,0) width 20: "he "
        RenderInline {STRONG} at (0,0) size 66x20
          RenderText {#text} at (29,0) size 66x20
            text run at (29,0) width 66: "first letter"
        RenderText {#text} at (95,0) size 304x19
          text run at (95,0) width 206: " of this paragraph, and only that "
          text run at (301,0) width 98: "one, should be "
        RenderInline {STRONG} at (0,0) size 34x20
          RenderText {#text} at (399,0) size 34x20
            text run at (399,0) width 34: "aqua"
        RenderText {#text} at (433,0) size 108x19
          text run at (433,0) width 108: ", while the entire "
        RenderInline {STRONG} at (0,0) size 56x20
          RenderText {#text} at (541,0) size 56x20
            text run at (541,0) width 56: "first line"
        RenderText {#text} at (597,0) size 70x19
          text run at (597,0) width 70: " should be "
        RenderInline {STRONG} at (0,0) size 25x20
          RenderText {#text} at (667,0) size 25x20
            text run at (667,0) width 25: "teal"
        RenderText {#text} at (692,0) size 784x58
          text run at (692,0) width 20: ". If "
          text run at (712,0) width 72: "this precise"
          text run at (0,20) width 338: "combination does not occur, then the user agent has "
          text run at (338,20) width 420: "failed this test. Remember that in order to ensure a complete test, "
          text run at (758,20) width 20: "the"
          text run at (0,39) width 390: "paragraph must be displayed on more than one line. (TEST3)"
      RenderBlock {DIV} at (0,412) size 784x20
        RenderText {#text} at (0,0) size 168x19
          text run at (0,0) width 168: "You should see the words "
        RenderInline {STRONG} at (0,0) size 58x20
          RenderText {#text} at (168,0) size 58x20
            text run at (168,0) width 58: "\"TEST1\""
        RenderText {#text} at (226,0) size 8x19
          text run at (226,0) width 8: ", "
        RenderInline {STRONG} at (0,0) size 58x20
          RenderText {#text} at (234,0) size 58x20
            text run at (234,0) width 58: "\"TEST2\""
        RenderText {#text} at (292,0) size 36x19
          text run at (292,0) width 36: ", and "
        RenderInline {STRONG} at (0,0) size 58x20
          RenderText {#text} at (328,0) size 58x20
            text run at (328,0) width 58: "\"TEST3\""
        RenderText {#text} at (386,0) size 245x19
          text run at (386,0) width 88: " at the end of "
          text run at (474,0) width 157: "three paragraphs above."
