layer at (0,0) size 800x600
  RenderView at (0,0) size 800x600
layer at (0,0) size 800x47
  RenderBlock {HTML} at (0,0) size 800x47
    RenderBody {BODY} at (8,14) size 784x19
      RenderBlock {P} at (0,0) size 784x19
        RenderInline {A} at (0,0) size 250x19 [color=#0000FF]
          RenderText {#text} at (0,0) size 250x19
            text run at (0,0) width 250: "If you focus this link, it should go green."
