layer at (0,0) size 800x600
  RenderView at (0,0) size 800x600
layer at (0,0) size 800x80
  RenderBlock {HTML} at (0,0) size 800x80
    RenderBody {BODY} at (8,14) size 784x52
      RenderBlock {P} at (0,0) size 784x19
        RenderText {#text} at (0,0) size 244x19
          text run at (0,0) width 244: "This sentence should have no border. "
        RenderInline {SPAN} at (0,0) size 283x29 [border: (5px solid #00FF00)]
          RenderText {#text} at (249,0) size 273x19
            text run at (249,0) width 273: "This sentence should have a green border."
        RenderText {#text} at (0,0) size 0x0
      RenderBlock {P} at (0,33) size 784x19
        RenderInline {SPAN} at (0,0) size 382x35 [bgcolor=#FF0000]
          RenderInline {SPAN} at (0,0) size 382x35 [bgcolor=#00FF00]
            RenderText {#text} at (0,0) size 382x19
              text run at (0,0) width 382: "This sentence should be in a green bar, with no red present."
        RenderText {#text} at (0,0) size 0x0
