layer at (0,0) size 800x600
  RenderView at (0,0) size 800x600
layer at (0,0) size 800x146
  RenderBlock {HTML} at (0,0) size 800x146
    RenderBody {BODY} at (8,14) size 784x118
      RenderBlock {P} at (0,0) size 784x19
        RenderText {#text} at (0,0) size 164x19
          text run at (0,0) width 164: "This line should be green."
      RenderBlock {P} at (0,33) size 784x19
        RenderText {#text} at (0,0) size 164x19
          text run at (0,0) width 164: "This line should be green."
      RenderBlock {P} at (0,66) size 784x19 [color=#008000]
        RenderText {#text} at (0,0) size 164x19
          text run at (0,0) width 164: "This line should be green."
      RenderBlock {P} at (0,99) size 784x19 [color=#008000]
        RenderText {#text} at (0,0) size 164x19
          text run at (0,0) width 164: "This line should be green."
