layer at (0,0) size 800x600
  RenderView at (0,0) size 800x600
layer at (0,0) size 800x47
  RenderBlock {HTML} at (0,0) size 800x47
    RenderBody {BODY} at (8,14) size 784x19
      RenderBlock {P} at (0,0) size 784x19
        RenderInline {A} at (0,0) size 311x19 [color=#008000]
          RenderText {#text} at (0,0) size 311x19
            text run at (0,0) width 311: "Whatever you do to this link, it should stay green."
        RenderText {#text} at (311,0) size 193x19
          text run at (311,0) width 193: " (hover, focus, activate, follow)"
