layer at (0,0) size 800x600
  RenderView at (0,0) size 800x600
layer at (0,0) size 800x123
  RenderBlock {HTML} at (0,0) size 800x123
    RenderBody {BODY} at (8,14) size 784x94
      RenderBlock {P} at (0,0) size 784x19
        RenderText {#text} at (0,0) size 317x19
          text run at (0,0) width 317: "There should be a small light green square below:"
      RenderBlock {DIV} at (15,34) size 754x60
        RenderBlock {P} at (0,0) size 75x60 [color=#FFFFFF]
          RenderText {#text} at (0,0) size 30x31
            text run at (0,0) width 30: "xx"
            text run at (0,15) width 30: "xx"
          RenderInline {SPAN} at (0,0) size 75x16 [color=#00FF00]
            RenderText {#text} at (60,30) size 15x16
              text run at (60,30) width 15: "x"
          RenderText {#text} at (0,45) size 75x16
            text run at (0,45) width 75: "xx xx"
