layer at (0,0) size 800x871
  RenderView at (0,0) size 800x600
layer at (0,0) size 800x871
  RenderBlock {HTML} at (0,0) size 800x871
    RenderBody {BODY} at (8,14) size 784x849
      RenderBlock {P} at (0,0) size 784x19
        RenderText {#text} at (0,0) size 275x19
          text run at (0,0) width 275: "The two columns below should be identical."
      RenderTable {TABLE} at (0,33) size 158x816
        RenderTableSection {TBODY} at (0,0) size 158x816
          RenderTableRow {TR} at (0,2) size 158x812
            RenderTableCell {TD} at (2,2) size 76x812 [bgcolor=#008080] [border: (3px solid #000000)] [r=0 c=0 rs=1 cs=1]
              RenderBlock {P} at (3,3) size 70x19 [bgcolor=#FFFF00]
                RenderText {#text} at (0,0) size 5x19
                  text run at (0,0) width 5: "-"
              RenderBlock {P} at (3,97) size 70x19 [bgcolor=#FF00FF]
                RenderText {#text} at (0,0) size 5x19
                  text run at (0,0) width 5: "-"
              RenderBlock {P} at (3,116) size 70x19 [bgcolor=#FFFF00]
                RenderText {#text} at (0,0) size 5x19
                  text run at (0,0) width 5: "-"
              RenderBlock {P} at (3,210) size 70x19 [bgcolor=#00FF00]
                RenderText {#text} at (0,0) size 5x19
                  text run at (0,0) width 5: "-"
              RenderBlock {P} at (3,229) size 70x19 [bgcolor=#FFFF00]
                RenderText {#text} at (0,0) size 5x19
                  text run at (0,0) width 5: "-"
              RenderBlock {P} at (3,286) size 70x19 [bgcolor=#FFFFFF]
                RenderText {#text} at (0,0) size 5x19
                  text run at (0,0) width 5: "-"
              RenderBlock {DIV} at (3,342) size 70x93 [bgcolor=#00FFFF]
                RenderBlock {P} at (0,74) size 70x19 [bgcolor=#FFA500]
                  RenderText {#text} at (0,0) size 5x19
                    text run at (0,0) width 5: "-"
              RenderBlock {P} at (3,472) size 70x19 [bgcolor=#FFFF00]
                RenderText {#text} at (0,0) size 5x19
                  text run at (0,0) width 5: "-"
              RenderBlock {P} at (3,491) size 70x94 [bgcolor=#FF00FF]
                RenderText {#text} at (0,0) size 5x19
                  text run at (0,0) width 5: "-"
              RenderBlock {P} at (3,548) size 70x56 [bgcolor=#00FF00]
                RenderText {#text} at (0,37) size 5x19
                  text run at (0,37) width 5: "-"
              RenderBlock (floating) {P} at (3,678) size 35x19 [bgcolor=#FFFFFF]
                RenderText {#text} at (0,0) size 5x19
                  text run at (0,0) width 5: "-"
              RenderBlock {P} at (3,641) size 70x19 [bgcolor=#00FFFF]
                RenderText {#text} at (35,0) size 5x19
                  text run at (35,0) width 5: "-"
              RenderBlock {P} at (3,697) size 70x56 [bgcolor=#FFA500]
                RenderText {#text} at (0,0) size 5x19
                  text run at (0,0) width 5: "-"
              RenderBlock {P} at (3,753) size 70x56 [bgcolor=#FFFF00]
                RenderText {#text} at (0,37) size 5x19
                  text run at (0,37) width 5: "-"
            RenderTableCell {TD} at (80,2) size 76x811 [border: (3px solid #000000)] [r=0 c=1 rs=1 cs=1]
              RenderBlock {DIV} at (3,3) size 70x19 [bgcolor=#FFFF00]
                RenderText {#text} at (0,0) size 5x19
                  text run at (0,0) width 5: "-"
              RenderBlock {DIV} at (3,22) size 70x75 [bgcolor=#008080]
              RenderBlock {DIV} at (3,97) size 70x19 [bgcolor=#FF00FF]
                RenderText {#text} at (0,0) size 5x19
                  text run at (0,0) width 5: "-"
              RenderBlock {DIV} at (3,116) size 70x19 [bgcolor=#FFFF00]
                RenderText {#text} at (0,0) size 5x19
                  text run at (0,0) width 5: "-"
              RenderBlock {DIV} at (3,135) size 70x75 [bgcolor=#008080]
              RenderBlock {DIV} at (3,210) size 70x19 [bgcolor=#00FF00]
                RenderText {#text} at (0,0) size 5x19
                  text run at (0,0) width 5: "-"
              RenderBlock {DIV} at (3,229) size 70x19 [bgcolor=#FFFF00]
                RenderText {#text} at (0,0) size 5x19
                  text run at (0,0) width 5: "-"
              RenderBlock {DIV} at (3,248) size 70x37 [bgcolor=#008080]
              RenderBlock {DIV} at (3,285) size 70x19 [bgcolor=#FFFFFF]
                RenderText {#text} at (0,0) size 5x19
                  text run at (0,0) width 5: "-"
              RenderBlock {DIV} at (3,304) size 70x37 [bgcolor=#008080]
              RenderBlock {DIV} at (3,341) size 70x75 [bgcolor=#00FFFF]
              RenderBlock {DIV} at (3,416) size 70x19 [bgcolor=#FFA500]
                RenderText {#text} at (0,0) size 5x19
                  text run at (0,0) width 5: "-"
              RenderBlock {DIV} at (3,435) size 70x37 [bgcolor=#008080]
              RenderBlock {DIV} at (3,472) size 70x19 [bgcolor=#FFFF00]
                RenderText {#text} at (0,0) size 5x19
                  text run at (0,0) width 5: "-"
              RenderBlock {DIV} at (3,491) size 70x19 [bgcolor=#FF00FF]
                RenderText {#text} at (0,0) size 5x19
                  text run at (0,0) width 5: "-"
              RenderBlock {DIV} at (3,510) size 70x37 [bgcolor=#FF00FF]
              RenderBlock {DIV} at (3,547) size 70x37 [bgcolor=#00FF00]
              RenderBlock {DIV} at (3,584) size 70x19 [bgcolor=#00FF00]
                RenderText {#text} at (0,0) size 5x19
                  text run at (0,0) width 5: "-"
              RenderBlock {DIV} at (3,603) size 70x37 [bgcolor=#008080]
              RenderBlock {DIV} at (3,640) size 70x19 [bgcolor=#00FFFF]
                RenderBlock {DIV} at (35,0) size 35x19
                  RenderText {#text} at (0,0) size 5x19
                    text run at (0,0) width 5: "-"
              RenderBlock {DIV} at (3,696) size 70x19 [bgcolor=#FFA500]
                RenderText {#text} at (0,0) size 5x19
                  text run at (0,0) width 5: "-"
              RenderBlock {DIV} at (3,715) size 70x37 [bgcolor=#FFA500]
              RenderBlock {DIV} at (3,752) size 70x37 [bgcolor=#FFFF00]
              RenderBlock {DIV} at (3,789) size 70x19 [bgcolor=#FFFF00]
                RenderText {#text} at (0,0) size 5x19
                  text run at (0,0) width 5: "-"
layer at (91,708) size 70x37
  RenderBlock (relative positioned) {DIV} at (3,659) size 70x37 [bgcolor=#008080]
layer at (91,726) size 35x19
  RenderBlock (positioned) {DIV} at (0,18) size 35x19 [bgcolor=#FFFFFF]
    RenderText {#text} at (0,0) size 5x19
      text run at (0,0) width 5: "-"
