layer at (0,0) size 800x600
  RenderView at (0,0) size 800x600
layer at (0,0) size 800x160
  RenderBlock {HTML} at (0,0) size 800x160
    RenderBody {BODY} at (8,14) size 784x132
      RenderBlock {P} at (0,0) size 784x19
        RenderText {#text} at (0,0) size 281x19
          text run at (0,0) width 281: "The two diagrams below should be identical."
      RenderBlock {DIV} at (0,33) size 784x99
        RenderBlock {P} at (40,0) size 520x40 [color=#0000FF] [bgcolor=#00FFFF] [border: none (40px solid #FF00FF) none (40px solid #FF00FF)]
          RenderText {#text} at (80,0) size 360x41
            text run at (80,0) width 360: "X X X X X"
        RenderBlock {P} at (0,54) size 784x45
          RenderImage {OBJECT} at (0,0) size 600x40
          RenderText {#text} at (0,0) size 0x0
