layer at (0,0) size 800x600
  RenderView at (0,0) size 800x600
layer at (0,0) size 800x146
  RenderBlock {HTML} at (0,0) size 800x146
    RenderBody {BODY} at (8,14) size 784x118
      RenderBlock {P} at (0,0) size 784x19
        RenderText {#text} at (0,0) size 274x19
          text run at (0,0) width 274: "The borders below should be as described:"
      RenderBlock {P} at (0,33) size 784x19
        RenderInline {SPAN} at (0,0) size 127x29 [border: (5px dashed #000000)]
          RenderText {#text} at (5,0) size 117x19
            text run at (5,0) width 117: "Black and dashed."
        RenderText {#text} at (0,0) size 0x0
      RenderBlock {P} at (0,66) size 784x19
        RenderInline {SPAN} at (0,0) size 146x29 [border: (5px groove #FFA500)]
          RenderText {#text} at (5,0) size 136x19
            text run at (5,0) width 136: "Orange and grooved."
        RenderText {#text} at (0,0) size 0x0
      RenderBlock {P} at (0,99) size 784x19
        RenderInline {SPAN} at (0,0) size 68x19
          RenderText {#text} at (0,0) size 68x19
            text run at (0,0) width 68: "No border."
        RenderText {#text} at (0,0) size 0x0
