layer at (0,0) size 800x600
  RenderView at (0,0) size 800x600
layer at (0,0) size 800x123
  RenderBlock {HTML} at (0,0) size 800x123
    RenderBody {BODY} at (8,14) size 784x94
      RenderBlock {P} at (0,0) size 784x19
        RenderText {#text} at (0,0) size 250x19
          text run at (0,0) width 250: "There should be a green square below:"
      RenderBlock {DIV} at (15,34) size 75x60 [bgcolor=#FF0000]
        RenderBlock {P} at (0,0) size 75x60 [color=#FFFFFF] [bgcolor=#FFFFFF]
          RenderText {#text} at (0,0) size 75x16
            text run at (0,0) width 75: "xx xx"
          RenderInline {SPAN} at (0,0) size 30x31 [color=#008000] [bgcolor=#FF0000]
            RenderText {#text} at (0,15) size 30x31
              text run at (0,15) width 30: "xx"
              text run at (0,30) width 30: "xx"
          RenderText {#text} at (0,45) size 75x16
            text run at (0,45) width 75: "xx xx"
