layer at (0,0) size 800x600
  RenderView at (0,0) size 800x600
layer at (0,0) size 800x138
  RenderBlock {HTML} at (0,0) size 800x138
    RenderBody {BODY} at (8,14) size 784x109
      RenderBlock {P} at (0,0) size 784x19
        RenderText {#text} at (0,0) size 153x19
          text run at (0,0) width 153: "It should say \"HI\" below:"
      RenderBlock {DIV} at (15,34) size 165x75 [color=#FFFFFF] [bgcolor=#000080]
        RenderText {#text} at (0,0) size 165x46
          text run at (0,0) width 165: "xx xx xx xx"
          text run at (0,15) width 165: "xx xx xx xx"
          text run at (0,30) width 45: "xx "
        RenderInline {SPAN} at (0,0) size 165x31
          RenderText {#text} at (90,30) size 165x31
            text run at (90,30) width 75: "xx xx"
            text run at (0,45) width 165: "xx xx xx xx"
        RenderText {#text} at (0,60) size 165x16
          text run at (0,60) width 165: "xx xx xx xx"
