layer at (0,0) size 800x600
  RenderView at (0,0) size 800x600
layer at (0,0) size 800x236
  RenderBlock {HTML} at (0,0) size 800x236
    RenderBody {BODY} at (8,14) size 784x214 [color=#000080]
      RenderBlock {P} at (0,0) size 784x20
        RenderText {#text} at (0,0) size 286x19
          text run at (0,0) width 286: "The five \"matches\" below should be identical "
        RenderInline {STRONG} at (0,0) size 134x20
          RenderText {#text} at (286,0) size 134x20
            text run at (286,0) width 134: "and equally spaced"
        RenderText {#text} at (420,0) size 4x19
          text run at (420,0) width 4: "."
      RenderBlock {DIV} at (0,34) size 200x180 [color=#FFA500]
        RenderBlock {P} at (0,0) size 200x10 [bgcolor=#A52A2A]
          RenderImage {IMG} at (0,0) size 24x10
          RenderText {#text} at (24,0) size 10x11
            text run at (24,0) width 10: "x"
          RenderImage {IMG} at (34,0) size 142x10
          RenderImage {IMG} at (176,0) size 24x10
          RenderText {#text} at (0,0) size 0x0
        RenderBlock {P} at (24,34) size 152x10 [bgcolor=#A52A2A]
          RenderText {#text} at (0,0) size 10x11
            text run at (0,0) width 10: "x"
        RenderBlock {P} at (24,68) size 152x10 [bgcolor=#A52A2A]
          RenderText {#text} at (0,0) size 10x11
            text run at (0,0) width 10: "x"
        RenderBlock {P} at (24,102) size 152x10 [bgcolor=#A52A2A]
          RenderText {#text} at (0,0) size 10x11
            text run at (0,0) width 10: "x"
        RenderBlock {P} at (24,136) size 152x10 [bgcolor=#A52A2A]
          RenderText {#text} at (0,0) size 10x11
            text run at (0,0) width 10: "x"
        RenderBlock {P} at (0,170) size 200x10 [bgcolor=#A52A2A]
          RenderImage {IMG} at (0,0) size 24x10
          RenderText {#text} at (24,0) size 10x11
            text run at (24,0) width 10: "x"
          RenderImage {IMG} at (34,0) size 142x10
          RenderImage {IMG} at (176,0) size 24x10
          RenderText {#text} at (0,0) size 0x0
