layer at (0,0) size 800x600
  RenderView at (0,0) size 800x600
layer at (0,0) size 800x91
  RenderBlock {HTML} at (0,0) size 800x91
    RenderBody {BODY} at (8,14) size 784x63
      RenderBlock {P} at (0,0) size 784x29 [color=#0000FF] [border: (10px double #0000FF) none]
        RenderText {#text} at (0,10) size 375x19
          text run at (0,10) width 375: "This paragraph should have two blue lines directly above it."
      RenderBlock {P} at (0,43) size 784x20 [color=#0000FF] [border: (1px solid #0000FF) none]
        RenderText {#text} at (0,1) size 422x19
          text run at (0,1) width 422: "This paragraph should have a single thin blue line directly above it."
