layer at (0,0) size 800x600
  RenderView at (0,0) size 800x600
layer at (0,0) size 800x107
  RenderBlock {HTML} at (0,0) size 800x107
    RenderBody {BODY} at (8,14) size 784x85
      RenderBlock {P} at (0,0) size 784x19
        RenderText {#text} at (0,0) size 240x19
          text run at (0,0) width 240: "The next two bars should be identical:"
      RenderBlock {DIV} at (0,33) size 140x19
        RenderBlock {P} at (0,0) size 210x19 [color=#FFFF00] [bgcolor=#000080]
          RenderText {#text} at (0,0) size 36x19
            text run at (0,0) width 36: "TEST"
      RenderBlock {DIV} at (0,66) size 210x19 [color=#FFFF00] [bgcolor=#000080]
        RenderText {#text} at (0,0) size 36x19
          text run at (0,0) width 36: "TEST"
