layer at (0,0) size 800x600
  RenderView at (0,0) size 800x600
layer at (0,0) size 800x277
  RenderBlock {HTML} at (0,0) size 800x277
    RenderBody {BODY} at (8,8) size 784x255
      RenderBlock {P} at (0,0) size 784x19 [color=#000080]
        RenderText {#text} at (0,0) size 309x19
          text run at (0,0) width 309: "The following two diagrams should look identical."
      RenderBlock {DIV} at (14,33) size 146x104 [color=#008080] [bgcolor=#FFA500] [border: (3px solid #000000)]
        RenderBlock {UL} at (17,17) size 112x70 [bgcolor=#FFFF00]
          RenderListItem {LI} at (0,0) size 112x14
            RenderText {#text} at (0,-1) size 14x16
              text run at (0,-1) width 14: "-"
          RenderListItem {LI} at (14,28) size 84x14 [bgcolor=#00FFFF]
            RenderText {#text} at (0,-1) size 14x16
              text run at (0,-1) width 14: "-"
          RenderListItem {LI} at (0,56) size 112x14
            RenderText {#text} at (0,-1) size 14x16
              text run at (0,-1) width 14: "-"
      RenderBlock {DIV} at (14,151) size 146x104 [bgcolor=#FF0000] [border: (3px solid #000000)]
        RenderBlock {DIV} at (3,3) size 140x98 [bgcolor=#FFFF00] [border: (14px solid #FFA500)]
          RenderBlock {DIV} at (14,14) size 14x14 [bgcolor=#008080]
          RenderBlock {DIV} at (14,28) size 112x42 [bgcolor=#00FFFF] [border: (14px solid #FFFF00)]
            RenderBlock {DIV} at (14,14) size 14x14 [bgcolor=#008080]
          RenderBlock {DIV} at (14,70) size 14x14 [bgcolor=#008080]
