layer at (0,0) size 800x600
  RenderView at (0,0) size 800x600
layer at (0,0) size 800x239
  RenderBlock {HTML} at (0,0) size 800x239
    RenderBody {BODY} at (8,14) size 784x211 [color=#0000FF]
      RenderBlock {P} at (0,0) size 784x37
        RenderText {#text} at (0,13) size 487x19
          text run at (0,13) width 487: "There should be a solid blue line to the right of every occurance of the word \""
        RenderInline {SPAN} at (0,0) size 113x36 [border: (2px solid #0000FF) none]
          RenderText {#text} at (487,0) size 111x36
            text run at (487,0) width 111: "THERE \x{2799}"
        RenderText {#text} at (600,13) size 9x19
          text run at (600,13) width 9: "\"."
      RenderTable {TABLE} at (0,51) size 244x127
        RenderTableSection {TBODY} at (0,0) size 244x127
          RenderTableRow {TR} at (0,2) size 244x39
            RenderTableCell {TD} at (2,2) size 240x39 [border: none (2px solid #0000FF) none] [r=0 c=0 rs=1 cs=2]
              RenderText {#text} at (126,1) size 111x36
                text run at (126,1) width 111: "THERE \x{2799}"
          RenderTableRow {TR} at (0,43) size 244x82
            RenderTableCell {TD} at (2,64) size 115x39 [border: none (2px solid #0000FF) none] [r=1 c=0 rs=1 cs=1]
              RenderText {#text} at (1,1) size 111x36
                text run at (1,1) width 111: "THERE \x{2799}"
            RenderTableCell {TD} at (119,43) size 123x82 [border: none (2px solid #0000FF) none] [r=1 c=1 rs=1 cs=1]
              RenderBlock (anonymous) at (1,1) size 119x37
                RenderText {#text} at (8,0) size 111x36
                  text run at (8,0) width 111: "THERE \x{2798}"
              RenderTable {TABLE} at (1,38) size 119x43
                RenderTableSection {TBODY} at (0,0) size 119x43
                  RenderTableRow {TR} at (0,2) size 119x39
                    RenderTableCell {TD} at (2,2) size 115x39 [border: none (2px solid #0000FF) none] [r=0 c=0 rs=1 cs=1]
                      RenderText {#text} at (1,1) size 111x36
                        text run at (1,1) width 111: "THERE \x{2799}"
      RenderBlock {P} at (0,192) size 784x19
        RenderText {#text} at (0,0) size 339x19
          text run at (0,0) width 339: "There should be 3 short lines and 2 long lines in total."
