layer at (0,0) size 800x600
  RenderView at (0,0) size 800x600
layer at (0,0) size 800x181
  RenderBlock {HTML} at (0,0) size 800x181
    RenderBody {BODY} at (8,14) size 784x153
      RenderBlock {P} at (0,0) size 784x25 [border: (3px solid #008000)]
        RenderText {#text} at (3,3) size 238x19
          text run at (3,3) width 238: "This box should have a green border."
      RenderBlock {P} at (0,39) size 784x25 [border: (3px solid #008000)]
        RenderText {#text} at (3,3) size 302x19
          text run at (3,3) width 302: "This box should have an identical green border."
      RenderBlock {P} at (0,78) size 784x75 [border: (28px solid #800080) (28px solid #008000) (28px solid #0000FF) (28px solid #FFFF00)]
        RenderText {#text} at (28,28) size 501x19
          text run at (28,28) width 501: "Clockwise from top, the borders should be: PURPLE, GREEN, BLUE, YELLOW."
