layer at (0,0) size 800x600
  RenderView at (0,0) size 800x600
layer at (0,0) size 800x232
  RenderBlock {HTML} at (0,0) size 800x232
    RenderBody {BODY} at (8,14) size 784x204
      RenderBlock {P} at (20,0) size 764x95 [color=#0000FF] [border: (10px double #0000FF)]
        RenderText {#text} at (10,0) size 345x19
          text run at (10,0) width 345: "\x{21E6} This paragraph should have two blue lines on its left. "
        RenderInline {SPAN} at (0,0) size 749x95 [color=#C0C0C0]
          RenderText {#text} at (355,0) size 749x95
            text run at (355,0) width 386: "dummy text dummy text dummy text dummy text dummy text"
            text run at (10,19) width 51: "dummy "
            text run at (61,19) width 468: "text dummy text dummy text dummy text dummy text dummy text dummy "
            text run at (529,19) width 230: "text dummy text dummy text dummy"
            text run at (10,38) width 234: "text dummy text dummy text dummy "
            text run at (244,38) width 468: "text dummy text dummy text dummy text dummy text dummy text dummy "
            text run at (712,38) width 23: "text"
            text run at (10,57) width 441: "dummy text dummy text dummy text dummy text dummy text dummy "
            text run at (451,57) width 308: "text dummy text dummy text dummy text dummy"
            text run at (10,76) width 23: "text"
        RenderText {#text} at (0,0) size 0x0
      RenderBlock {P} at (20,109) size 764x95 [color=#0000FF] [border: (1px solid #0000FF)]
        RenderText {#text} at (1,0) size 351x19
          text run at (1,0) width 351: "\x{21E6} This paragraph should have a thin blue line on its left. "
        RenderInline {SPAN} at (0,0) size 749x95 [color=#C0C0C0]
          RenderText {#text} at (352,0) size 749x95
            text run at (352,0) width 386: "dummy text dummy text dummy text dummy text dummy text"
            text run at (1,19) width 51: "dummy "
            text run at (52,19) width 468: "text dummy text dummy text dummy text dummy text dummy text dummy "
            text run at (520,19) width 230: "text dummy text dummy text dummy"
            text run at (1,38) width 234: "text dummy text dummy text dummy "
            text run at (235,38) width 468: "text dummy text dummy text dummy text dummy text dummy text dummy "
            text run at (703,38) width 23: "text"
            text run at (1,57) width 441: "dummy text dummy text dummy text dummy text dummy text dummy "
            text run at (442,57) width 308: "text dummy text dummy text dummy text dummy"
            text run at (1,76) width 23: "text"
        RenderText {#text} at (0,0) size 0x0
