layer at (0,0) size 800x600
  RenderView at (0,0) size 800x600
layer at (0,0) size 800x80
  RenderBlock {HTML} at (0,0) size 800x80
    RenderBody {BODY} at (8,14) size 784x52
      RenderBlock {P} at (0,0) size 784x19
        RenderText {#text} at (0,0) size 235x19
          text run at (0,0) width 235: "There should be no red on this page:"
      RenderBlock {P} at (0,33) size 784x19 [color=#FF0000]
        RenderText {#text} at (0,0) size 4x19
          text run at (0,0) width 4: " "
