layer at (0,0) size 800x600
  RenderView at (0,0) size 800x600
layer at (0,0) size 800x310
  RenderBlock {HTML} at (0,0) size 800x310
    RenderBody {BODY} at (8,8) size 784x294
      RenderBlock {DIV} at (0,0) size 784x19
        RenderText {#text} at (0,0) size 348x19
          text run at (0,0) width 348: "The blue bits of text should be decorated as described."
      RenderBlock {P} at (0,33) size 784x228 [color=#C0C0C0]
        RenderText {#text} at (0,0) size 776x57
          text run at (0,0) width 468: "dummy text dummy text dummy text dummy text dummy text dummy text "
          text run at (468,0) width 308: "dummy text dummy text dummy text dummy text"
          text run at (0,19) width 156: "dummy text dummy text "
          text run at (156,19) width 468: "dummy text dummy text dummy text dummy text dummy text dummy text "
          text run at (624,19) width 152: "dummy text dummy text"
          text run at (0,38) width 312: "dummy text dummy text dummy text dummy text "
        RenderInline {SPAN} at (0,0) size 776x38 [color=#0000FF] [border: (10px double #0000FF) none]
          RenderInline {SPAN} at (0,0) size 776x38 [color=#C0C0C0]
            RenderText {#text} at (312,38) size 776x38
              text run at (312,38) width 312: "dummy text dummy text dummy text dummy text "
              text run at (624,38) width 152: "dummy text dummy text"
              text run at (0,57) width 312: "dummy text dummy text dummy text dummy text "
              text run at (312,57) width 152: "dummy text dummy text"
          RenderText {#text} at (464,57) size 131x19
            text run at (464,57) width 131: " two blue lines here: "
        RenderText {#text} at (605,57) size 776x95
          text run at (605,57) width 51: "dummy "
          text run at (656,57) width 101: "text dummy text"
          text run at (0,76) width 363: "dummy text dummy text dummy text dummy text dummy "
          text run at (363,76) width 413: "text dummy text dummy text dummy text dummy text dummy text"
          text run at (0,95) width 51: "dummy "
          text run at (51,95) width 468: "text dummy text dummy text dummy text dummy text dummy text dummy "
          text run at (519,95) width 257: "text dummy text dummy text dummy text"
          text run at (0,114) width 207: "dummy text dummy text dummy "
          text run at (207,114) width 468: "text dummy text dummy text dummy text dummy text dummy text dummy "
          text run at (675,114) width 101: "text dummy text"
          text run at (0,133) width 363: "dummy text dummy text dummy text dummy text dummy "
          text run at (363,133) width 261: "text dummy text dummy text dummy text "
        RenderInline {SPAN} at (0,0) size 146x19 [color=#0000FF] [border: (1px solid #0000FF) none]
          RenderText {#text} at (624,133) size 145x19
            text run at (624,133) width 55: "one thin "
            text run at (679,133) width 90: "blue line here:"
        RenderText {#text} at (0,152) size 776x76
          text run at (0,152) width 312: "dummy text dummy text dummy text dummy text "
          text run at (312,152) width 464: "dummy text dummy text dummy text dummy text dummy text dummy text"
          text run at (0,171) width 468: "dummy text dummy text dummy text dummy text dummy text dummy text "
          text run at (468,171) width 308: "dummy text dummy text dummy text dummy text"
          text run at (0,190) width 156: "dummy text dummy text "
          text run at (156,190) width 468: "dummy text dummy text dummy text dummy text dummy text dummy text "
          text run at (624,190) width 152: "dummy text dummy text"
          text run at (0,209) width 312: "dummy text dummy text dummy text dummy text "
          text run at (312,209) width 386: "dummy text dummy text dummy text dummy text dummy text"
      RenderBlock {DIV} at (0,275) size 784x19
        RenderText {#text} at (0,0) size 413x19
          text run at (0,0) width 413: "(All the lines of text in the block above should be equally spaced.)"
