layer at (0,0) size 802x600
  RenderView at (0,0) size 800x600
layer at (0,0) size 802x36
  RenderBlock {HTML} at (0,0) size 800x34
    RenderBody {BODY} at (8,-2) size 784x38
      RenderBlock {P} at (-10,0) size 804x38 [color=#000080]
        RenderBR {BR} at (0,0) size 0x19
        RenderText {#text} at (0,19) size 296x19
          text run at (0,19) width 296: "  This page should have a horizontal scroll bar."
