layer at (0,0) size 800x600
  RenderView at (0,0) size 800x600
layer at (0,0) size 800x293
  RenderBlock {HTML} at (0,0) size 800x293
    RenderBody {BODY} at (8,14) size 784x265 [color=#0000FF]
      RenderBlock {P} at (0,0) size 784x38
        RenderText {#text} at (0,0) size 480x19
          text run at (0,0) width 480: "There should be a solid blue line directly over every occurance of the word \""
        RenderInline {SPAN} at (0,0) size 46x21 [border: (2px solid #0000FF) none]
          RenderText {#text} at (480,0) size 46x19
            text run at (480,0) width 46: "HERE \x{21E7}"
        RenderText {#text} at (526,0) size 760x38
          text run at (526,0) width 234: "\". (So there should be 8 blue lines on"
          text run at (0,19) width 67: "this page.)"
      RenderTable {TABLE} at (0,52) size 108x79
        RenderTableSection {TBODY} at (0,0) size 108x79
          RenderTableRow {TR} at (0,2) size 108x23
            RenderTableCell {TD} at (2,2) size 104x23 [border: (2px solid #0000FF) none] [r=0 c=0 rs=1 cs=2]
              RenderText {#text} at (29,3) size 46x19
                text run at (29,3) width 46: "HERE \x{21E7}"
          RenderTableRow {TR} at (0,27) size 108x50
            RenderTableCell {TD} at (2,40) size 48x23 [border: (2px solid #0000FF) none] [r=1 c=0 rs=1 cs=1]
              RenderText {#text} at (1,3) size 46x19
                text run at (1,3) width 46: "HERE \x{21E7}"
            RenderTableCell {TD} at (52,27) size 54x50 [border: (2px solid #0000FF) none] [r=1 c=1 rs=1 cs=1]
              RenderBlock (anonymous) at (1,3) size 52x19
                RenderText {#text} at (3,0) size 46x19
                  text run at (3,0) width 46: "HERE \x{21E7}"
              RenderTable {TABLE} at (1,22) size 52x27
                RenderTableSection {TBODY} at (0,0) size 52x27
                  RenderTableRow {TR} at (0,2) size 52x23
                    RenderTableCell {TD} at (2,2) size 48x23 [border: (2px solid #0000FF) none] [r=0 c=0 rs=1 cs=1]
                      RenderText {#text} at (1,3) size 46x19
                        text run at (1,3) width 46: "HERE \x{21E7}"
      RenderBlock {UL} at (0,145) size 784x120
        RenderListItem {LI} at (40,0) size 744x78 [border: (2px solid #0000FF) none]
          RenderBlock (anonymous) at (0,2) size 744x19
            RenderListMarker at (-17,0) size 7x19: bullet
            RenderText {#text} at (0,0) size 46x19
              text run at (0,0) width 46: "HERE \x{21E7}"
          RenderBlock {UL} at (0,21) size 744x57
            RenderListItem {LI} at (40,0) size 704x19
              RenderListMarker at (-17,0) size 7x19: white bullet
              RenderText {#text} at (0,0) size 74x19
                text run at (0,0) width 74: "dummy text"
            RenderListItem {LI} at (40,19) size 704x19
              RenderListMarker at (-17,0) size 7x19: white bullet
              RenderText {#text} at (0,0) size 74x19
                text run at (0,0) width 74: "dummy text"
            RenderListItem {LI} at (40,38) size 704x19
              RenderListMarker at (-17,0) size 7x19: white bullet
              RenderText {#text} at (0,0) size 74x19
                text run at (0,0) width 74: "dummy text"
        RenderListItem {LI} at (40,78) size 744x21 [border: (2px solid #0000FF) none]
          RenderListMarker at (-17,2) size 7x19: bullet
          RenderText {#text} at (0,2) size 46x19
            text run at (0,2) width 46: "HERE \x{21E7}"
        RenderListItem {LI} at (40,99) size 744x21 [border: (2px solid #0000FF) none]
          RenderListMarker at (-17,2) size 7x19: bullet
          RenderText {#text} at (0,2) size 46x19
            text run at (0,2) width 46: "HERE \x{21E7}"
