layer at (0,0) size 800x600
  RenderView at (0,0) size 800x600
layer at (0,0) size 800x310
  RenderBlock {HTML} at (0,0) size 800x310
    RenderBody {BODY} at (8,8) size 784x294
      RenderBlock {DIV} at (0,0) size 784x19
        RenderText {#text} at (0,0) size 348x19
          text run at (0,0) width 348: "The blue bits of text should be decorated as described."
      RenderBlock {P} at (0,33) size 784x228 [color=#C0C0C0]
        RenderText {#text} at (0,0) size 776x76
          text run at (0,0) width 468: "dummy text dummy text dummy text dummy text dummy text dummy text "
          text run at (468,0) width 308: "dummy text dummy text dummy text dummy text"
          text run at (0,19) width 156: "dummy text dummy text "
          text run at (156,19) width 468: "dummy text dummy text dummy text dummy text dummy text dummy text "
          text run at (624,19) width 152: "dummy text dummy text"
          text run at (0,38) width 312: "dummy text dummy text dummy text dummy text "
          text run at (312,38) width 464: "dummy text dummy text dummy text dummy text dummy text dummy text"
          text run at (0,57) width 468: "dummy text dummy text dummy text dummy text dummy text dummy text "
        RenderInline {SPAN} at (0,0) size 127x29 [color=#0000FF] [border: (10px double #0000FF) none]
          RenderText {#text} at (468,57) size 127x19
            text run at (468,57) width 127: "two blue lines below"
        RenderText {#text} at (595,57) size 776x95
          text run at (595,57) width 156: " dummy text dummy text"
          text run at (0,76) width 468: "dummy text dummy text dummy text dummy text dummy text dummy text "
          text run at (468,76) width 308: "dummy text dummy text dummy text dummy text"
          text run at (0,95) width 156: "dummy text dummy text "
          text run at (156,95) width 468: "dummy text dummy text dummy text dummy text dummy text dummy text "
          text run at (624,95) width 152: "dummy text dummy text"
          text run at (0,114) width 312: "dummy text dummy text dummy text dummy text "
          text run at (312,114) width 464: "dummy text dummy text dummy text dummy text dummy text dummy text"
          text run at (0,133) width 468: "dummy text dummy text dummy text dummy text dummy text dummy text "
          text run at (468,133) width 156: "dummy text dummy text "
        RenderInline {SPAN} at (0,0) size 149x20 [color=#0000FF] [border: (1px solid #0000FF) none]
          RenderText {#text} at (624,133) size 149x19
            text run at (624,133) width 112: "one thin blue line "
            text run at (736,133) width 37: "below"
        RenderText {#text} at (0,152) size 776x76
          text run at (0,152) width 390: "dummy text dummy text dummy text dummy text dummy text "
          text run at (390,152) width 386: "dummy text dummy text dummy text dummy text dummy text"
          text run at (0,171) width 78: "dummy text "
          text run at (78,171) width 468: "dummy text dummy text dummy text dummy text dummy text dummy text "
          text run at (546,171) width 230: "dummy text dummy text dummy text"
          text run at (0,190) width 234: "dummy text dummy text dummy text "
          text run at (234,190) width 468: "dummy text dummy text dummy text dummy text dummy text dummy text "
          text run at (702,190) width 74: "dummy text"
          text run at (0,209) width 390: "dummy text dummy text dummy text dummy text dummy text "
          text run at (390,209) width 308: "dummy text dummy text dummy text dummy text"
      RenderBlock {DIV} at (0,275) size 784x19
        RenderText {#text} at (0,0) size 413x19
          text run at (0,0) width 413: "(All the lines of text in the block above should be equally spaced.)"
