layer at (0,0) size 800x600
  RenderView at (0,0) size 800x600
layer at (0,0) size 800x225
  RenderBlock {HTML} at (0,0) size 800x225
    RenderBody {BODY} at (8,42) size 784x141
      RenderBlock {P} at (42,0) size 700x19
        RenderInline {SPAN} at (0,0) size 244x25 [border: (3px solid #008000)]
          RenderText {#text} at (3,0) size 238x19
            text run at (3,0) width 238: "This box should have a green border."
        RenderText {#text} at (0,0) size 0x0
      RenderBlock {P} at (42,61) size 700x19
        RenderInline {SPAN} at (0,0) size 244x25 [border: (3px solid #008000)]
          RenderText {#text} at (3,0) size 238x19
            text run at (3,0) width 238: "This box should have a green border."
        RenderText {#text} at (0,0) size 0x0
      RenderBlock {P} at (42,122) size 700x19
        RenderInline {SPAN} at (0,0) size 557x75 [border: (28px solid #800080) (28px solid #008000) (28px solid #0000FF) (28px solid #FFFF00)]
          RenderText {#text} at (28,0) size 501x19
            text run at (28,0) width 501: "Clockwise from top, the borders should be: PURPLE, GREEN, BLUE, YELLOW."
        RenderText {#text} at (0,0) size 0x0
