layer at (0,0) size 800x600
  RenderView at (0,0) size 800x600
layer at (0,0) size 800x164
  RenderBlock {HTML} at (0,0) size 800x164
    RenderBody {BODY} at (8,14) size 784x136
      RenderBlock {P} at (0,0) size 784x19
        RenderText {#text} at (0,0) size 451x19
          text run at (0,0) width 451: "The three boxes below should have progressively thinner right borders."
      RenderBlock {P} at (0,33) size 784x25 [border: (3px solid #000000) (5px solid #000000) (3px solid #000000)]
        RenderText {#text} at (3,3) size 9x19
          text run at (3,3) width 9: "A"
      RenderBlock {P} at (0,72) size 784x25 [border: (3px solid #000000)]
        RenderText {#text} at (3,3) size 9x19
          text run at (3,3) width 9: "B"
      RenderBlock {P} at (0,111) size 784x25 [border: (3px solid #000000) (1px solid #000000) (3px solid #000000)]
        RenderText {#text} at (3,3) size 10x19
          text run at (3,3) width 10: "C"
