layer at (0,0) size 800x600
  RenderView at (0,0) size 800x600
layer at (0,0) size 800x58
  RenderBlock {HTML} at (0,0) size 800x58
    RenderBody {BODY} at (8,8) size 784x42
      RenderBlock {DIV} at (0,0) size 784x42
        RenderBlock (floating) {P} at (0,0) size 784x27
          RenderText {#text} at (0,0) size 418x27
            text run at (0,0) width 418: "There should be a green block on the next line:"
        RenderImage {IMG} at (0,27) size 15x15 [color=#FF0000]
        RenderText {#text} at (0,0) size 0x0
