layer at (0,0) size 800x600
  RenderView at (0,0) size 800x600
layer at (0,0) size 800x145
  RenderBlock {HTML} at (0,0) size 800x117
    RenderBody {BODY} at (8,14) size 784x89
      RenderBlock {P} at (0,0) size 784x19 [color=#000080]
        RenderText {#text} at (0,0) size 404x19
          text run at (0,0) width 404: "The two patterns below should be identical, with no red present."
      RenderBlock {DIV} at (0,33) size 784x56
        RenderImage {IMG} at (14,14) size 140x14 [color=#FFFF00] [bgcolor=#FF0000]
        RenderImage {IMG} at (84,28) size 140x14 [color=#FFFF00] [bgcolor=#FF0000]
      RenderBlock {DIV} at (14,103) size 210x0
        RenderBlock {DIV} at (0,0) size 210x0 [bgcolor=#FF0000]
          RenderImage {IMG} at (0,0) size 140x14 [color=#FFFF00]
          RenderImage {IMG} at (70,14) size 140x14 [color=#FFFF00]
