layer at (0,0) size 800x600
  RenderView at (0,0) size 800x600
layer at (0,0) size 800x322
  RenderBlock {HTML} at (0,0) size 800x66
    RenderBody {BODY} at (8,14) size 784x38
      RenderBlock {P} at (0,0) size 784x38 [color=#000080]
        RenderText {#text} at (0,0) size 765x38
          text run at (0,0) width 417: "The blue boxes below should be in numeric order and form a \"B\". "
          text run at (417,0) width 348: "(Boxes labelled \"A\" should be in the first column; boxes"
          text run at (0,19) width 53: "labelled "
          text run at (53,19) width 354: "\"B\" should be in the second; arrows indicate the correct "
          text run at (407,19) width 71: "alignment.)"
      RenderBlock {DIV} at (14,52) size 280x0
        RenderBlock (floating) {P} at (3,3) size 110x31 [color=#FFFFFF] [bgcolor=#000080] [border: (3px solid #0000FF)]
          RenderText {#text} at (6,6) size 29x19
            text run at (6,6) width 29: "\x{21E6} A 1"
        RenderBlock (floating) {P} at (119,3) size 110x31 [color=#FFFFFF] [bgcolor=#000080] [border: (3px solid #0000FF)]
          RenderText {#text} at (6,6) size 29x19
            text run at (6,6) width 29: "\x{21E6} B 2"
        RenderBlock (floating) {P} at (3,40) size 110x31 [color=#FFFFFF] [bgcolor=#000080] [border: (3px solid #0000FF)]
          RenderText {#text} at (6,6) size 29x19
            text run at (6,6) width 29: "\x{21E6} A 3"
        RenderBlock (floating) {P} at (167,40) size 110x31 [color=#FFFFFF] [bgcolor=#000080] [border: (3px solid #0000FF)]
          RenderText {#text} at (75,6) size 29x19
            text run at (75,6) width 29: "B 4 \x{21E8}"
        RenderBlock (floating) {P} at (3,77) size 110x31 [color=#FFFFFF] [bgcolor=#000080] [border: (3px solid #0000FF)]
          RenderText {#text} at (6,6) size 29x19
            text run at (6,6) width 29: "\x{21E6} A 5"
        RenderBlock (floating) {P} at (167,77) size 110x31 [color=#FFFFFF] [bgcolor=#000080] [border: (3px solid #0000FF)]
          RenderText {#text} at (75,6) size 29x19
            text run at (75,6) width 29: "B 6 \x{21E8}"
        RenderBlock (floating) {P} at (3,114) size 110x31 [color=#FFFFFF] [bgcolor=#000080] [border: (3px solid #0000FF)]
          RenderText {#text} at (6,6) size 29x19
            text run at (6,6) width 29: "\x{21E6} A 7"
        RenderBlock (floating) {P} at (119,114) size 110x31 [color=#FFFFFF] [bgcolor=#000080] [border: (3px solid #0000FF)]
          RenderText {#text} at (6,6) size 29x19
            text run at (6,6) width 29: "\x{21E6} B 8"
        RenderBlock (floating) {P} at (3,151) size 110x31 [color=#FFFFFF] [bgcolor=#000080] [border: (3px solid #0000FF)]
          RenderText {#text} at (6,6) size 29x19
            text run at (6,6) width 29: "\x{21E6} A 9"
        RenderBlock (floating) {P} at (167,151) size 110x31 [color=#FFFFFF] [bgcolor=#000080] [border: (3px solid #0000FF)]
          RenderText {#text} at (67,6) size 37x19
            text run at (67,6) width 37: "B 10 \x{21E8}"
        RenderBlock (floating) {P} at (3,188) size 110x31 [color=#FFFFFF] [bgcolor=#000080] [border: (3px solid #0000FF)]
          RenderText {#text} at (6,6) size 37x19
            text run at (6,6) width 37: "\x{21E6} A 11"
        RenderBlock (floating) {P} at (167,188) size 110x31 [color=#FFFFFF] [bgcolor=#000080] [border: (3px solid #0000FF)]
          RenderText {#text} at (67,6) size 37x19
            text run at (67,6) width 37: "B 12 \x{21E8}"
        RenderBlock (floating) {P} at (3,225) size 110x31 [color=#FFFFFF] [bgcolor=#000080] [border: (3px solid #0000FF)]
          RenderText {#text} at (6,6) size 37x19
            text run at (6,6) width 37: "\x{21E6} A 13"
        RenderBlock (floating) {P} at (119,225) size 110x31 [color=#FFFFFF] [bgcolor=#000080] [border: (3px solid #0000FF)]
          RenderText {#text} at (6,6) size 37x19
            text run at (6,6) width 37: "\x{21E6} B 14"
