layer at (0,0) size 800x600
  RenderView at (0,0) size 800x600
layer at (0,0) size 800x425
  RenderBlock {HTML} at (0,0) size 800x425
    RenderBody {BODY} at (8,14) size 784x397
      RenderBlock {P} at (0,0) size 784x57 [color=#000080]
        RenderText {#text} at (0,0) size 762x57
          text run at (0,0) width 406: "The big coloured boxes should be level with the top of the small "
          text run at (406,0) width 336: "coloured boxes of the same color (unless there is not"
          text run at (0,19) width 89: "enough room "
          text run at (89,19) width 387: "for the big box to fit on the small box's line, in which case the "
          text run at (476,19) width 286: "big box should be level with the bottom of the"
          text run at (0,38) width 106: "respective small "
          text run at (106,38) width 32: "box)."
      RenderBlock {DIV} at (14,71) size 756x326 [color=#C0C0C0] [border: (5px solid #800080)]
        RenderText {#text} at (117,19) size 468x19
          text run at (117,19) width 468: "dummy text dummy text dummy text dummy text dummy text dummy text "
        RenderInline {SPAN} at (0,0) size 10x25 [color=#FFFFFF] [bgcolor=#008080] [border: (3px solid #00FFFF)]
          RenderText {#text} at (588,19) size 4x19
            text run at (588,19) width 4: "\x{21E6}"
        RenderText {#text} at (595,19) size 4x19
          text run at (595,19) width 4: " "
        RenderImage {IMG} at (19,19) size 98x98 [color=#FF0000]
        RenderText {#text} at (599,19) size 607x37
          text run at (599,19) width 125: "dummy text dummy"
          text run at (117,37) width 339: "text dummy text dummy text dummy text dummy text "
        RenderInline {SPAN} at (0,0) size 10x25 [color=#FFFFFF] [bgcolor=#800080] [border: (3px solid #FF00FF)]
          RenderText {#text} at (459,37) size 4x19
            text run at (459,37) width 4: "\x{21E8}"
        RenderText {#text} at (466,37) size 4x19
          text run at (466,37) width 4: " "
        RenderImage {IMG} at (639,37) size 98x98 [color=#FF0000]
        RenderText {#text} at (470,37) size 698x271
          text run at (470,37) width 152: "dummy text dummy text"
          text run at (117,55) width 312: "dummy text dummy text dummy text dummy text "
          text run at (429,55) width 203: "dummy text dummy text dummy"
          text run at (117,73) width 261: "text dummy text dummy text dummy text "
          text run at (378,73) width 230: "dummy text dummy text dummy text"
          text run at (117,91) width 234: "dummy text dummy text dummy text "
          text run at (351,91) width 281: "dummy text dummy text dummy text dummy"
          text run at (117,109) width 183: "text dummy text dummy text "
          text run at (300,109) width 308: "dummy text dummy text dummy text dummy text"
          text run at (19,127) width 156: "dummy text dummy text "
          text run at (175,127) width 464: "dummy text dummy text dummy text dummy text dummy text dummy text"
          text run at (19,145) width 468: "dummy text dummy text dummy text dummy text dummy text dummy text "
          text run at (487,145) width 230: "dummy text dummy text dummy text"
          text run at (19,163) width 234: "dummy text dummy text dummy text "
          text run at (253,163) width 464: "dummy text dummy text dummy text dummy text dummy text dummy text"
          text run at (19,181) width 468: "dummy text dummy text dummy text dummy text dummy text dummy text "
          text run at (487,181) width 230: "dummy text dummy text dummy text"
          text run at (19,199) width 234: "dummy text dummy text dummy text "
          text run at (253,199) width 464: "dummy text dummy text dummy text dummy text dummy text dummy text"
          text run at (19,217) width 468: "dummy text dummy text dummy text dummy text dummy text dummy text "
          text run at (487,217) width 230: "dummy text dummy text dummy text"
          text run at (19,235) width 234: "dummy text dummy text dummy text "
          text run at (253,235) width 464: "dummy text dummy text dummy text dummy text dummy text dummy text"
          text run at (19,253) width 468: "dummy text dummy text dummy text dummy text dummy text dummy text "
          text run at (487,253) width 230: "dummy text dummy text dummy text"
          text run at (19,271) width 234: "dummy text dummy text dummy text "
          text run at (253,271) width 464: "dummy text dummy text dummy text dummy text dummy text dummy text"
          text run at (19,289) width 464: "dummy text dummy text dummy text dummy text dummy text dummy text"
