layer at (0,0) size 800x600
  RenderView at (0,0) size 800x600
layer at (0,0) size 800x407
  RenderBlock {HTML} at (0,0) size 800x407
    RenderBody {BODY} at (8,14) size 784x379
      RenderBlock {P} at (0,0) size 784x57 [color=#000080]
        RenderText {#text} at (0,0) size 778x57
          text run at (0,0) width 406: "The big coloured boxes should be level with the top of the small "
          text run at (406,0) width 336: "coloured boxes of the same color (unless there is not"
          text run at (0,19) width 89: "enough room "
          text run at (89,19) width 395: "for the big box to fit on the small box's line after the small box, "
          text run at (484,19) width 294: "in which case the big box should be as high as"
          text run at (0,38) width 121: "possible below the "
          text run at (121,38) width 69: "small box)."
      RenderBlock {DIV} at (14,71) size 756x308 [color=#C0C0C0] [border: (5px solid #800080)]
        RenderText {#text} at (151,19) size 312x19
          text run at (151,19) width 312: "dummy text dummy text dummy text dummy text "
        RenderInline {SPAN} at (0,0) size 15x25 [color=#FFFFFF] [bgcolor=#008080] [border: (3px solid #00FFFF)]
          RenderText {#text} at (466,19) size 9x19
            text run at (466,19) width 9: "A"
        RenderText {#text} at (478,19) size 4x19
          text run at (478,19) width 4: " "
        RenderBlock (floating) {P} at (19,19) size 132x52 [color=#FFFFFF] [bgcolor=#008080] [border: (3px solid #00FFFF)]
          RenderText {#text} at (17,17) size 36x19
            text run at (17,17) width 36: "AAAA"
        RenderText {#text} at (0,0) size 0x0
        RenderInline {SPAN} at (0,0) size 15x25 [color=#FFFFFF] [bgcolor=#800080] [border: (3px solid #FF00FF)]
          RenderText {#text} at (485,19) size 9x19
            text run at (485,19) width 9: "B"
        RenderText {#text} at (497,19) size 4x19
          text run at (497,19) width 4: " "
        RenderBlock (floating) {P} at (605,19) size 132x52 [color=#FFFFFF] [bgcolor=#800080] [border: (3px solid #FF00FF)]
          RenderText {#text} at (17,17) size 36x19
            text run at (17,17) width 36: "BBBB"
        RenderText {#text} at (501,19) size 698x271
          text run at (501,19) width 74: "dummy text"
          text run at (151,37) width 390: "dummy text dummy text dummy text dummy text dummy text "
          text run at (541,37) width 47: "dummy"
          text run at (151,55) width 413: "text dummy text dummy text dummy text dummy text dummy text"
          text run at (19,73) width 468: "dummy text dummy text dummy text dummy text dummy text dummy text "
          text run at (487,73) width 230: "dummy text dummy text dummy text"
          text run at (19,91) width 234: "dummy text dummy text dummy text "
          text run at (253,91) width 464: "dummy text dummy text dummy text dummy text dummy text dummy text"
          text run at (19,109) width 468: "dummy text dummy text dummy text dummy text dummy text dummy text "
          text run at (487,109) width 230: "dummy text dummy text dummy text"
          text run at (19,127) width 234: "dummy text dummy text dummy text "
          text run at (253,127) width 464: "dummy text dummy text dummy text dummy text dummy text dummy text"
          text run at (19,145) width 468: "dummy text dummy text dummy text dummy text dummy text dummy text "
          text run at (487,145) width 230: "dummy text dummy text dummy text"
          text run at (19,163) width 234: "dummy text dummy text dummy text "
          text run at (253,163) width 464: "dummy text dummy text dummy text dummy text dummy text dummy text"
          text run at (19,181) width 468: "dummy text dummy text dummy text dummy text dummy text dummy text "
          text run at (487,181) width 230: "dummy text dummy text dummy text"
          text run at (19,199) width 234: "dummy text dummy text dummy text "
          text run at (253,199) width 464: "dummy text dummy text dummy text dummy text dummy text dummy text"
          text run at (19,217) width 468: "dummy text dummy text dummy text dummy text dummy text dummy text "
          text run at (487,217) width 230: "dummy text dummy text dummy text"
          text run at (19,235) width 234: "dummy text dummy text dummy text "
          text run at (253,235) width 464: "dummy text dummy text dummy text dummy text dummy text dummy text"
          text run at (19,253) width 468: "dummy text dummy text dummy text dummy text dummy text dummy text "
          text run at (487,253) width 230: "dummy text dummy text dummy text"
          text run at (19,271) width 234: "dummy text dummy text dummy text "
          text run at (253,271) width 464: "dummy text dummy text dummy text dummy text dummy text dummy text"
