layer at (0,0) size 800x600
  RenderView at (0,0) size 800x600
layer at (0,0) size 800x194
  RenderBlock {HTML} at (0,0) size 800x151
    RenderBody {BODY} at (8,14) size 784x123
      RenderBlock {P} at (0,0) size 784x19 [color=#000080]
        RenderText {#text} at (0,0) size 605x19
          text run at (0,0) width 382: "In the following test, the teal squares must be just inside the "
          text run at (382,0) width 223: "top and sides of the blue rectangle."
      RenderBlock {DIV} at (0,33) size 784x90
        RenderBlock {DIV} at (14,0) size 756x90 [color=#0000FF] [bgcolor=#000080] [border: (7px solid #0000FF) none (7px solid #0000FF)]
          RenderImage {IMG} at (7,7) size 140x140 [color=#FFFF00] [bgcolor=#FF0000]
          RenderImage {IMG} at (609,7) size 140x140 [color=#FFFF00] [bgcolor=#FF0000]
          RenderText {#text} at (147,7) size 459x76
            text run at (147,7) width 424: "Blue rectangle. Blue rectangle. Blue rectangle. Blue rectangle. Blue"
            text run at (147,26) width 364: "rectangle. Blue rectangle. Blue rectangle. Blue rectangle. "
            text run at (511,26) width 95: "Blue rectangle."
            text run at (147,45) width 424: "Blue rectangle. Blue rectangle. Blue rectangle. Blue rectangle. Blue"
            text run at (147,64) width 261: "rectangle. Blue rectangle. Blue rectangle."
