layer at (0,0) size 800x600
  RenderView at (0,0) size 800x600
layer at (0,0) size 800x497
  RenderBlock {HTML} at (0,0) size 800x497
    RenderBody {BODY} at (8,14) size 784x469
      RenderBlock {P} at (0,0) size 784x57 [color=#000080]
        RenderText {#text} at (0,0) size 778x57
          text run at (0,0) width 406: "The big coloured boxes should be level with the top of the small "
          text run at (406,0) width 336: "coloured boxes of the same color (unless there is not"
          text run at (0,19) width 89: "enough room "
          text run at (89,19) width 395: "for the big box to fit on the small box's line after the small box, "
          text run at (484,19) width 294: "in which case the big box should be as high as"
          text run at (0,38) width 121: "possible below the "
          text run at (121,38) width 69: "small box)."
      RenderBlock {DIV} at (14,71) size 756x398 [color=#C0C0C0] [border: (5px solid #800080)]
        RenderText {#text} at (151,19) size 546x19
          text run at (151,19) width 468: "dummy text dummy text dummy text dummy text dummy text dummy text "
          text run at (619,19) width 78: "dummy text "
        RenderInline {SPAN} at (0,0) size 12x25 [color=#FFFFFF] [bgcolor=#008080] [border: (3px solid #00FFFF)]
          RenderText {#text} at (700,19) size 9x19
            text run at (700,19) width 9: "A"
        RenderText {#text} at (0,0) size 0x0
        RenderBlock (floating) {P} at (19,19) size 132x52 [color=#FFFFFF] [bgcolor=#008080] [border: (3px solid #00FFFF)]
          RenderText {#text} at (17,17) size 36x19
            text run at (17,17) width 36: "AAAA"
        RenderText {#text} at (151,37) size 468x19
          text run at (151,37) width 468: "dummy text dummy text dummy text dummy text dummy text dummy text "
        RenderInline {SPAN} at (0,0) size 15x25 [color=#FFFFFF] [bgcolor=#800080] [border: (3px solid #FF00FF)]
          RenderText {#text} at (622,37) size 9x19
            text run at (622,37) width 9: "B"
        RenderText {#text} at (634,37) size 4x19
          text run at (634,37) width 4: " "
        RenderBlock (floating) {P} at (605,55) size 132x52 [color=#FFFFFF] [bgcolor=#800080] [border: (3px solid #FF00FF)]
          RenderText {#text} at (17,17) size 36x19
            text run at (17,17) width 36: "BBBB"
        RenderText {#text} at (638,37) size 429x37
          text run at (638,37) width 74: "dummy text"
          text run at (283,55) width 156: "dummy text dummy text "
        RenderInline {SPAN} at (0,0) size 16x25 [color=#FFFFFF] [bgcolor=#FFA500] [border: (3px solid #FFFF00)]
          RenderText {#text} at (442,55) size 10x19
            text run at (442,55) width 10: "C"
        RenderText {#text} at (455,55) size 4x19
          text run at (455,55) width 4: " "
        RenderBlock (floating) {P} at (151,55) size 132x52 [color=#FFFFFF] [bgcolor=#FFA500] [border: (3px solid #FFFF00)]
          RenderText {#text} at (17,17) size 40x19
            text run at (17,17) width 40: "CCCC"
        RenderText {#text} at (459,55) size 308x55
          text run at (459,55) width 125: "dummy text dummy"
          text run at (283,73) width 308: "text dummy text dummy text dummy text dummy"
          text run at (415,91) width 27: "text "
        RenderInline {SPAN} at (0,0) size 16x25 [color=#FFFFFF] [bgcolor=#008000] [border: (3px solid #00FF00)]
          RenderText {#text} at (445,91) size 10x19
            text run at (445,91) width 10: "D"
        RenderText {#text} at (458,91) size 4x19
          text run at (458,91) width 4: " "
        RenderBlock (floating) {P} at (283,91) size 132x52 [color=#FFFFFF] [bgcolor=#008000] [border: (3px solid #00FF00)]
          RenderText {#text} at (17,17) size 40x19
            text run at (17,17) width 40: "DDDD"
        RenderText {#text} at (462,91) size 704x289
          text run at (462,91) width 125: "dummy text dummy"
          text run at (415,109) width 308: "text dummy text dummy text dummy text dummy"
          text run at (415,127) width 27: "text "
          text run at (442,127) width 281: "dummy text dummy text dummy text dummy"
          text run at (19,145) width 183: "text dummy text dummy text "
          text run at (202,145) width 468: "dummy text dummy text dummy text dummy text dummy text dummy text "
          text run at (670,145) width 47: "dummy"
          text run at (19,163) width 417: "text dummy text dummy text dummy text dummy text dummy text "
          text run at (436,163) width 281: "dummy text dummy text dummy text dummy"
          text run at (19,181) width 183: "text dummy text dummy text "
          text run at (202,181) width 468: "dummy text dummy text dummy text dummy text dummy text dummy text "
          text run at (670,181) width 47: "dummy"
          text run at (19,199) width 417: "text dummy text dummy text dummy text dummy text dummy text "
          text run at (436,199) width 281: "dummy text dummy text dummy text dummy"
          text run at (19,217) width 183: "text dummy text dummy text "
          text run at (202,217) width 468: "dummy text dummy text dummy text dummy text dummy text dummy text "
          text run at (670,217) width 47: "dummy"
          text run at (19,235) width 417: "text dummy text dummy text dummy text dummy text dummy text "
          text run at (436,235) width 281: "dummy text dummy text dummy text dummy"
          text run at (19,253) width 183: "text dummy text dummy text "
          text run at (202,253) width 468: "dummy text dummy text dummy text dummy text dummy text dummy text "
          text run at (670,253) width 47: "dummy"
          text run at (19,271) width 417: "text dummy text dummy text dummy text dummy text dummy text "
          text run at (436,271) width 281: "dummy text dummy text dummy text dummy"
          text run at (19,289) width 183: "text dummy text dummy text "
          text run at (202,289) width 468: "dummy text dummy text dummy text dummy text dummy text dummy text "
          text run at (670,289) width 47: "dummy"
          text run at (19,307) width 417: "text dummy text dummy text dummy text dummy text dummy text "
          text run at (436,307) width 281: "dummy text dummy text dummy text dummy"
          text run at (19,325) width 183: "text dummy text dummy text "
          text run at (202,325) width 468: "dummy text dummy text dummy text dummy text dummy text dummy text "
          text run at (670,325) width 47: "dummy"
          text run at (19,343) width 417: "text dummy text dummy text dummy text dummy text dummy text "
          text run at (436,343) width 281: "dummy text dummy text dummy text dummy"
          text run at (19,361) width 179: "text dummy text dummy text"
