layer at (0,0) size 800x600
  RenderView at (0,0) size 800x600
layer at (0,0) size 800x183
  RenderBlock {HTML} at (0,0) size 800x183
    RenderBody {BODY} at (8,14) size 784x161
      RenderBlock {P} at (0,0) size 784x19 [color=#000080]
        RenderText {#text} at (0,0) size 480x19
          text run at (0,0) width 480: "The two diagrams below should be identical to the pixel with no red present."
      RenderTable {TABLE} at (0,33) size 434x128
        RenderTableSection {TBODY} at (0,0) size 434x128
          RenderTableRow {TR} at (0,2) size 434x124
            RenderTableCell {TD} at (2,2) size 214x124 [border: (2px solid #000000)] [r=0 c=0 rs=1 cs=1]
              RenderBlock {DIV} at (12,2) size 200x120
                RenderText {#text} at (0,6) size 190x35
                  text run at (0,6) width 190: "1 2 3 4 5 6 7 8 9 0"
                  text run at (0,30) width 60: "1 2 3 "
                RenderInline {SPAN} at (0,0) size 190x83 [border: (10px solid #0000FF)]
                  RenderText {#text} at (120,30) size 190x59
                    text run at (120,30) width 70: "7 8 9 0"
                    text run at (0,54) width 190: "1 2 3 4 5 6 7 8 9 0"
                    text run at (0,78) width 80: "1 2 3 4 "
                RenderText {#text} at (140,78) size 190x35
                  text run at (140,78) width 50: "8 9 0"
                  text run at (0,102) width 190: "1 2 3 4 5 6 7 8 9 0"
            RenderTableCell {TD} at (218,2) size 214x124 [color=#FFFF00] [bgcolor=#FF0000] [border: (2px solid #000000)] [r=0 c=1 rs=1 cs=1]
              RenderImage {IMG} at (2,2) size 210x120
