layer at (0,0) size 800x679
  RenderView at (0,0) size 800x600
layer at (0,0) size 800x679
  RenderBlock {HTML} at (0,0) size 800x679
    RenderBody {BODY} at (8,28) size 784x623
      RenderBlock {P} at (28,0) size 728x74 [color=#000080]
        RenderText {#text} at (0,0) size 703x73
          text run at (0,0) width 703: "\x{21E9} The following blue box should be exactly half the width"
          text run at (0,37) width 614: "of the viewport, on the left of the 50% ruler mark."
      RenderBlock (floating) {DIV} at (0,102) size 392x323 [color=#FFFFFF] [bgcolor=#0000FF]
        RenderText {#text} at (0,0) size 392x323
          text run at (0,0) width 392: "ignore this float text ignore this float text ignore this float"
          text run at (0,19) width 392: "text ignore this float text ignore this float text ignore this"
          text run at (0,38) width 392: "float text ignore this float text ignore this float text ignore"
          text run at (0,57) width 392: "this float text ignore this float text ignore this float text"
          text run at (0,76) width 392: "ignore this float text ignore this float text ignore this float"
          text run at (0,95) width 392: "text ignore this float text ignore this float text ignore this"
          text run at (0,114) width 392: "float text ignore this float text ignore this float text ignore"
          text run at (0,133) width 392: "this float text ignore this float text ignore this float text"
          text run at (0,152) width 392: "ignore this float text ignore this float text ignore this float"
          text run at (0,171) width 392: "text ignore this float text ignore this float text ignore this"
          text run at (0,190) width 392: "float text ignore this float text ignore this float text ignore"
          text run at (0,209) width 392: "this float text ignore this float text ignore this float text"
          text run at (0,228) width 392: "ignore this float text ignore this float text ignore this float"
          text run at (0,247) width 392: "text ignore this float text ignore this float text ignore this"
          text run at (0,266) width 392: "float text ignore this float text ignore this float text ignore"
          text run at (0,285) width 392: "this float text ignore this float text ignore this float text"
          text run at (0,304) width 380: "ignore this float text ignore this float text ignore this float"
      RenderBlock {DIV} at (0,102) size 784x456 [color=#C0C0C0]
        RenderText {#text} at (392,0) size 784x456
          text run at (392,0) width 392: "this is some dummy text this is some dummy text this is some"
          text run at (392,19) width 51: "dummy "
          text run at (443,19) width 341: "text this is some dummy text this is some dummy text"
          text run at (392,38) width 79: "this is some "
          text run at (471,38) width 313: "dummy text this is some dummy text this is some"
          text run at (392,57) width 119: "dummy text this is "
          text run at (511,57) width 273: "some dummy text this is some dummy text"
          text run at (392,76) width 158: "this is some dummy text "
          text run at (550,76) width 234: "this is some dummy text this is some"
          text run at (392,95) width 210: "dummy text this is some dummy "
          text run at (602,95) width 182: "text this is some dummy text"
          text run at (392,114) width 238: "this is some dummy text this is some "
          text run at (630,114) width 154: "dummy text this is some"
          text run at (392,133) width 278: "dummy text this is some dummy text this is "
          text run at (670,133) width 114: "some dummy text"
          text run at (392,152) width 316: "this is some dummy text this is some dummy text "
          text run at (708,152) width 76: "this is some"
          text run at (392,171) width 369: "dummy text this is some dummy text this is some dummy "
          text run at (761,171) width 23: "text"
          text run at (392,190) width 392: "this is some dummy text this is some dummy text this is some"
          text run at (392,209) width 392: "dummy text this is some dummy text this is some dummy text"
          text run at (392,228) width 40: "this is "
          text run at (432,228) width 352: "some dummy text this is some dummy text this is some"
          text run at (392,247) width 78: "dummy text "
          text run at (470,247) width 314: "this is some dummy text this is some dummy text"
          text run at (392,266) width 131: "this is some dummy "
          text run at (523,266) width 261: "text this is some dummy text this is some"
          text run at (392,285) width 158: "dummy text this is some "
          text run at (550,285) width 234: "dummy text this is some dummy text"
          text run at (392,304) width 198: "this is some dummy text this is "
          text run at (590,304) width 194: "some dummy text this is some"
          text run at (0,323) width 235: "dummy text this is some dummy text "
          text run at (235,323) width 446: "this is some dummy text this is some dummy text this is some dummy "
          text run at (681,323) width 103: "text this is some"
          text run at (0,342) width 315: "dummy text this is some dummy text this is some "
          text run at (315,342) width 434: "dummy text this is some dummy text this is some dummy text this is "
          text run at (749,342) width 35: "some"
          text run at (0,361) width 393: "dummy text this is some dummy text this is some dummy text "
          text run at (393,361) width 391: "this is some dummy text this is some dummy text this is some"
          text run at (0,380) width 51: "dummy "
          text run at (51,380) width 421: "text this is some dummy text this is some dummy text this is some "
          text run at (472,380) width 312: "dummy text this is some dummy text this is some"
          text run at (0,399) width 118: "dummy text this is "
          text run at (118,399) width 432: "some dummy text this is some dummy text this is some dummy text "
          text run at (550,399) width 234: "this is some dummy text this is some"
          text run at (0,418) width 208: "dummy text this is some dummy "
          text run at (208,418) width 422: "text this is some dummy text this is some dummy text this is some "
          text run at (630,418) width 154: "dummy text this is some"
          text run at (0,437) width 275: "dummy text this is some dummy text this is "
          text run at (275,437) width 270: "some dummy text this is some dummy text"
      RenderBlock {P} at (28,586) size 728x37 [color=#000080]
        RenderText {#text} at (41,0) size 687x36
          text run at (41,0) width 679: "The above gray text should flow around the blue box. "
          text run at (720,0) width 8: "\x{21E7}"
