layer at (0,0) size 800x600
  RenderView at (0,0) size 800x600
layer at (0,0) size 800x122
  RenderBlock {HTML} at (0,0) size 800x122
    RenderBody {BODY} at (8,8) size 784x106
      RenderBlock {DIV} at (0,0) size 784x106 [color=#FFFFFF] [bgcolor=#000080] [border: (3px solid #0000FF) (84px solid #0000FF) (3px solid #0000FF)]
        RenderBlock (floating) {DIV} at (466,10) size 308x85 [bgcolor=#008080]
          RenderBlock {P} at (14,14) size 280x57
            RenderText {#text} at (0,0) size 256x57
              text run at (0,0) width 256: "This teal box should start inside the dark"
              text run at (0,19) width 138: "blue box and spill out "
              text run at (138,19) width 116: "onto the blue area"
              text run at (0,38) width 52: "below it."
        RenderBlock {P} at (3,3) size 778x19
          RenderText {#text} at (0,0) size 248x19
            text run at (0,0) width 248: "You should see a teal box to the right. \x{21E8}"
