layer at (0,0) size 800x600
  RenderView at (0,0) size 800x600
layer at (0,0) size 800x129
  RenderBlock {HTML} at (0,0) size 800x129
    RenderBody {BODY} at (8,14) size 784x105
      RenderBlock {P} at (0,0) size 784x19 [color=#000080]
        RenderText {#text} at (0,0) size 685x19
          text run at (0,0) width 685: "There should be five numbers, in numerical order, below: on the first line 1, 2 and 3, on the second, 4 and 5."
      RenderBlock {DIV} at (10,33) size 230x72 [color=#000080] [border: (3px solid #0000FF)]
        RenderBlock (floating) {P} at (17,17) size 70x19
          RenderText {#text} at (0,0) size 8x19
            text run at (0,0) width 8: "1"
        RenderBlock (floating) {P} at (87,17) size 70x19
          RenderText {#text} at (0,0) size 8x19
            text run at (0,0) width 8: "2"
        RenderBlock (floating) {P} at (17,36) size 70x19
          RenderText {#text} at (0,0) size 8x19
            text run at (0,0) width 8: "4"
        RenderText {#text} at (157,17) size 88x38
          text run at (157,17) width 8: "3"
          text run at (87,36) width 88: "5                    "
