layer at (0,0) size 800x600
  RenderView at (0,0) size 800x600
layer at (0,0) size 800x294
  RenderBlock {HTML} at (0,0) size 800x294
    RenderBody {BODY} at (8,14) size 784x272
      RenderBlock {P} at (0,0) size 784x19
        RenderText {#text} at (0,0) size 441x19
          text run at (0,0) width 441: "There should be no red below, just the outline of an empty green box."
      RenderBlock {DIV} at (0,33) size 430x239 [color=#FFFFFF] [bgcolor=#FF0000] [border: (10px solid #008000)]
        RenderText {#text} at (20,19) size 390x106
          text run at (20,19) width 390: "xxxx xxxx xxxx xxxx xxxx xxxx xxxx xxxx"
          text run at (20,114) width 50: "xxxx "
        RenderImage {IMG} at (85,50) size 60x60 [border: (10px solid #FFFFFF)]
        RenderText {#text} at (160,114) size 110x11
          text run at (160,114) width 10: " "
          text run at (170,114) width 100: "xxxx xxxx "
        RenderImage {IMG} at (285,129) size 60x60 [border: (10px solid #FFFFFF)]
        RenderText {#text} at (360,114) size 390x105
          text run at (360,114) width 10: " "
          text run at (370,114) width 40: "xxxx"
          text run at (20,208) width 390: "xxxx xxxx xxxx xxxx xxxx xxxx xxxx xxxx"
