layer at (0,0) size 800x600
  RenderView at (0,0) size 800x600
layer at (0,0) size 800x393
  RenderBlock {HTML} at (0,0) size 800x393
    RenderBody {BODY} at (8,8) size 784x365
      RenderBlock {P} at (0,0) size 784x19
        RenderText {#text} at (0,0) size 194x19
          text run at (0,0) width 194: "There should be no red below:"
      RenderBlock {DIV} at (20,39) size 86x326 [color=#008000] [bgcolor=#FF0000] [border: (3px solid #000000)]
        RenderBlock (anonymous) at (3,3) size 80x80
          RenderText {#text} at (0,9) size 60x61
            text run at (0,9) width 60: "x x"
            text run at (0,49) width 60: "x x"
        RenderBlock {P} at (3,83) size 80x160
          RenderText {#text} at (0,19) size 40x121
            text run at (0,19) width 40: "x"
            text run at (0,99) width 40: "x"
        RenderBlock (anonymous) at (3,243) size 80x80
          RenderText {#text} at (0,9) size 60x61
            text run at (0,9) width 60: "x x"
            text run at (0,49) width 60: "x x"
