layer at (0,0) size 800x600
  RenderView at (0,0) size 800x600
layer at (0,0) size 800x316
  RenderBlock {HTML} at (0,0) size 800x316
    RenderBody {BODY} at (8,14) size 784x294
      RenderBlock {P} at (0,0) size 784x19
        RenderText {#text} at (0,0) size 441x19
          text run at (0,0) width 441: "There should be no red below, just the outline of an empty green box."
      RenderBlock {DIV} at (0,33) size 360x261 [color=#FFFFFF] [bgcolor=#FF0000] [border: (20px solid #008000)]
        RenderText {#text} at (40,39) size 280x102
          text run at (40,39) width 280: "xxxx xxxx xxxx"
          text run at (40,79) width 280: "xxxx xxxx xxxx"
          text run at (40,120) width 100: "xxxx "
        RenderImage {IMG} at (130,80) size 100x100 [border: (20px solid #FFFFFF)]
        RenderText {#text} at (220,120) size 280x101
          text run at (220,120) width 20: " "
          text run at (240,120) width 80: "xxxx"
          text run at (40,160) width 280: "xxxx xxxx xxxx"
          text run at (40,200) width 280: "xxxx xxxx xxxx"
