layer at (0,0) size 800x600
  RenderView at (0,0) size 800x600
layer at (0,0) size 800x453
  RenderBlock {HTML} at (0,0) size 800x453
    RenderBody {BODY} at (8,14) size 784x425
      RenderBlock {P} at (0,0) size 784x19 [color=#000080]
        RenderText {#text} at (0,0) size 618x19
          text run at (0,0) width 402: "Below this paragraph there should be a big teal square half the "
          text run at (402,0) width 216: "width of the window and centered."
      RenderBlock {P} at (0,33) size 784x392 [color=#000080]
        RenderImage {IMG} at (196,0) size 392x392
