layer at (0,0) size 800x600
  RenderView at (0,0) size 800x600
layer at (0,0) size 800x214
  RenderBlock {HTML} at (0,0) size 800x214
    RenderBody {BODY} at (8,14) size 784x192
      RenderBlock {P} at (0,0) size 784x19
        RenderText {#text} at (0,0) size 441x19
          text run at (0,0) width 441: "There should be no red below, just the outline of an empty green box."
      RenderBlock {DIV} at (0,33) size 230x159 [color=#FFFFFF] [bgcolor=#FF0000] [border: (10px solid #008000)]
        RenderText {#text} at (20,19) size 190x31
          text run at (20,19) width 190: "xxxx xxxx xxxx xxxx"
          text run at (20,39) width 190: "xxxx xxxx xxxx xxxx"
        RenderImage {IMG} at (20,55) size 40x40
        RenderText {#text} at (60,84) size 60x11
          text run at (60,84) width 10: " "
          text run at (70,84) width 50: "xxxx "
        RenderImage {IMG} at (120,84) size 40x40
        RenderText {#text} at (160,84) size 190x55
          text run at (160,84) width 10: " "
          text run at (170,84) width 40: "xxxx"
          text run at (20,128) width 190: "xxxx xxxx xxxx xxxx"
