layer at (0,0) size 800x600
  RenderView at (0,0) size 800x600
layer at (0,0) size 800x93
  RenderBlock {HTML} at (0,0) size 800x93
    RenderBody {BODY} at (8,14) size 784x71
      RenderBlock {P} at (0,0) size 784x19
        RenderText {#text} at (0,0) size 276x19
          text run at (0,0) width 276: "The following two lines should be the same:"
      RenderBlock {DIV} at (0,33) size 784x19
        RenderInline {SPAN} at (0,0) size 456x19
          RenderInline (generated) at (0,0) size 22x19
            RenderText at (0,0) size 9x19
              text run at (0,0) width 9: "B"
            RenderCounter at (9,0) size 8x19
              text run at (9,0) width 8: "1"
            RenderText at (17,0) size 5x19
              text run at (17,0) width 5: "-"
          RenderInline {SPAN} at (0,0) size 412x19
            RenderInline (generated) at (0,0) size 22x19
              RenderText at (22,0) size 9x19
                text run at (22,0) width 9: "B"
              RenderCounter at (31,0) size 8x19
                text run at (31,0) width 8: "2"
              RenderText at (39,0) size 5x19
                text run at (39,0) width 5: "-"
            RenderInline {SPAN} at (0,0) size 204x19
              RenderInline (generated) at (0,0) size 34x19
                RenderText at (44,0) size 9x19
                  text run at (44,0) width 9: "B"
                RenderCounter at (53,0) size 20x19
                  text run at (53,0) width 20: "2.1"
                RenderText at (73,0) size 5x19
                  text run at (73,0) width 5: "-"
              RenderInline {SPAN} at (0,0) size 68x19
                RenderInline (generated) at (0,0) size 34x19
                  RenderText at (78,0) size 9x19
                    text run at (78,0) width 9: "B"
                  RenderCounter at (87,0) size 20x19
                    text run at (87,0) width 20: "2.2"
                  RenderText at (107,0) size 5x19
                    text run at (107,0) width 5: "-"
                RenderInline (generated) at (0,0) size 34x19
                  RenderText at (112,0) size 9x19
                    text run at (112,0) width 9: "A"
                  RenderCounter at (121,0) size 20x19
                    text run at (121,0) width 20: "2.3"
                  RenderText at (141,0) size 5x19
                    text run at (141,0) width 5: "-"
              RenderInline {SPAN} at (0,0) size 68x19
                RenderInline (generated) at (0,0) size 34x19
                  RenderText at (146,0) size 9x19
                    text run at (146,0) width 9: "B"
                  RenderCounter at (155,0) size 20x19
                    text run at (155,0) width 20: "2.4"
                  RenderText at (175,0) size 5x19
                    text run at (175,0) width 5: "-"
                RenderInline (generated) at (0,0) size 34x19
                  RenderText at (180,0) size 9x19
                    text run at (180,0) width 9: "A"
                  RenderCounter at (189,0) size 20x19
                    text run at (189,0) width 20: "2.5"
                  RenderText at (209,0) size 5x19
                    text run at (209,0) width 5: "-"
              RenderInline (generated) at (0,0) size 34x19
                RenderText at (214,0) size 9x19
                  text run at (214,0) width 9: "A"
                RenderCounter at (223,0) size 20x19
                  text run at (223,0) width 20: "2.6"
                RenderText at (243,0) size 5x19
                  text run at (243,0) width 5: "-"
            RenderInline {SPAN} at (0,0) size 144x19
              RenderInline (generated) at (0,0) size 34x19
                RenderText at (248,0) size 9x19
                  text run at (248,0) width 9: "B"
                RenderCounter at (257,0) size 20x19
                  text run at (257,0) width 20: "2.7"
                RenderText at (277,0) size 5x19
                  text run at (277,0) width 5: "-"
              RenderInline {SPAN} at (0,0) size 68x19
                RenderInline (generated) at (0,0) size 34x19
                  RenderText at (282,0) size 9x19
                    text run at (282,0) width 9: "B"
                  RenderCounter at (291,0) size 20x19
                    text run at (291,0) width 20: "2.8"
                  RenderText at (311,0) size 5x19
                    text run at (311,0) width 5: "-"
                RenderInline (generated) at (0,0) size 34x19
                  RenderText at (316,0) size 9x19
                    text run at (316,0) width 9: "A"
                  RenderCounter at (325,0) size 20x19
                    text run at (325,0) width 20: "2.9"
                  RenderText at (345,0) size 5x19
                    text run at (345,0) width 5: "-"
              RenderInline (generated) at (0,0) size 42x19
                RenderText at (350,0) size 9x19
                  text run at (350,0) width 9: "A"
                RenderCounter at (359,0) size 28x19
                  text run at (359,0) width 28: "2.10"
                RenderText at (387,0) size 5x19
                  text run at (387,0) width 5: "-"
            RenderInline (generated) at (0,0) size 42x19
              RenderText at (392,0) size 9x19
                text run at (392,0) width 9: "A"
              RenderCounter at (401,0) size 28x19
                text run at (401,0) width 28: "2.11"
              RenderText at (429,0) size 5x19
                text run at (429,0) width 5: "-"
          RenderInline (generated) at (0,0) size 22x19
            RenderText at (434,0) size 9x19
              text run at (434,0) width 9: "A"
            RenderCounter at (443,0) size 8x19
              text run at (443,0) width 8: "3"
            RenderText at (451,0) size 5x19
              text run at (451,0) width 5: "-"
      RenderBlock {DIV} at (0,52) size 784x19
        RenderText {#text} at (0,0) size 456x19
          text run at (0,0) width 456: "B1-B2-B2.1-B2.2-A2.3-B2.4-A2.5-A2.6-B2.7-B2.8-A2.9-A2.10-A2.11-A3-"
