layer at (0,0) size 800x600
  RenderView at (0,0) size 800x600
layer at (0,0) size 800x93
  RenderBlock {HTML} at (0,0) size 800x93
    RenderBody {BODY} at (8,14) size 784x71
      RenderBlock {P} at (0,0) size 784x19
        RenderText {#text} at (0,0) size 276x19
          text run at (0,0) width 276: "The following two lines should be the same:"
      RenderBlock {DIV} at (0,33) size 784x19
        RenderInline {SPAN} at (0,0) size 180x19
          RenderInline (generated) at (0,0) size 22x19
            RenderText at (0,0) size 9x19
              text run at (0,0) width 9: "B"
            RenderCounter at (9,0) size 8x19
              text run at (9,0) width 8: "1"
            RenderText at (17,0) size 5x19
              text run at (17,0) width 5: "-"
          RenderInline {SPAN} at (0,0) size 136x19
            RenderInline (generated) at (0,0) size 34x19
              RenderText at (22,0) size 9x19
                text run at (22,0) width 9: "B"
              RenderCounter at (31,0) size 20x19
                text run at (31,0) width 20: "1.1"
              RenderText at (51,0) size 5x19
                text run at (51,0) width 5: "-"
            RenderInline {SPAN} at (0,0) size 68x19
              RenderInline (generated) at (0,0) size 34x19
                RenderText at (56,0) size 9x19
                  text run at (56,0) width 9: "B"
                RenderCounter at (65,0) size 20x19
                  text run at (65,0) width 20: "1.2"
                RenderText at (85,0) size 5x19
                  text run at (85,0) width 5: "-"
              RenderInline (generated) at (0,0) size 34x19
                RenderText at (90,0) size 9x19
                  text run at (90,0) width 9: "A"
                RenderCounter at (99,0) size 20x19
                  text run at (99,0) width 20: "1.3"
                RenderText at (119,0) size 5x19
                  text run at (119,0) width 5: "-"
            RenderInline (generated) at (0,0) size 34x19
              RenderText at (124,0) size 9x19
                text run at (124,0) width 9: "A"
              RenderCounter at (133,0) size 20x19
                text run at (133,0) width 20: "1.4"
              RenderText at (153,0) size 5x19
                text run at (153,0) width 5: "-"
          RenderInline (generated) at (0,0) size 22x19
            RenderText at (158,0) size 9x19
              text run at (158,0) width 9: "A"
            RenderCounter at (167,0) size 8x19
              text run at (167,0) width 8: "2"
            RenderText at (175,0) size 5x19
              text run at (175,0) width 5: "-"
      RenderBlock {DIV} at (0,52) size 784x19
        RenderText {#text} at (0,0) size 180x19
          text run at (0,0) width 180: "B1-B1.1-B1.2-A1.3-A1.4-A2-"
