layer at (0,0) size 800x600
  RenderView at (0,0) size 800x600
layer at (0,0) size 800x93
  RenderBlock {HTML} at (0,0) size 800x93
    RenderBody {BODY} at (8,14) size 784x71
      RenderBlock {P} at (0,0) size 784x19
        RenderText {#text} at (0,0) size 210x19
          text run at (0,0) width 210: "The following should be identical:"
      RenderBlock {DIV} at (0,33) size 784x19
        RenderInline {SPAN} at (0,0) size 0x0
        RenderInline {SPAN} at (0,0) size 8x19
          RenderInline (generated) at (0,0) size 8x19
            RenderCounter at (0,0) size 8x19
              text run at (0,0) width 8: "1"
      RenderBlock {DIV} at (0,52) size 784x19
        RenderText {#text} at (0,0) size 8x19
          text run at (0,0) width 8: "1"
