layer at (0,0) size 800x600
  RenderView at (0,0) size 800x600
layer at (0,0) size 800x93
  RenderBlock {HTML} at (0,0) size 800x93
    RenderBody {BODY} at (8,14) size 784x71
      RenderBlock {P} at (0,0) size 784x19
        RenderText {#text} at (0,0) size 269x19
          text run at (0,0) width 269: "The following two lines should be identical:"
      RenderBlock {DIV} at (0,33) size 784x19
        RenderInline {SPAN} at (0,0) size 33x19
          RenderInline (generated) at (0,0) size 9x19
            RenderText at (0,0) size 9x19
              text run at (0,0) width 9: "B"
          RenderInline {SPAN} at (0,0) size 12x19
            RenderInline (generated) at (0,0) size 12x19
              RenderCounter at (9,0) size 8x19
                text run at (9,0) width 8: "1"
              RenderText at (17,0) size 4x19
                text run at (17,0) width 4: " "
          RenderInline {SPAN} at (0,0) size 12x19
            RenderInline {SPAN} at (0,0) size 12x19
              RenderInline (generated) at (0,0) size 12x19
                RenderCounter at (21,0) size 8x19
                  text run at (21,0) width 8: "0"
                RenderText at (29,0) size 4x19
                  text run at (29,0) width 4: " "
        RenderInline {SPAN} at (0,0) size 32x19
          RenderInline {SPAN} at (0,0) size 12x19
            RenderInline (generated) at (0,0) size 12x19
              RenderCounter at (33,0) size 8x19
                text run at (33,0) width 8: "1"
              RenderText at (41,0) size 4x19
                text run at (41,0) width 4: " "
          RenderInline {SPAN} at (0,0) size 20x19
            RenderInline {SPAN} at (0,0) size 20x19
              RenderInline (generated) at (0,0) size 20x19
                RenderCounter at (45,0) size 20x19
                  text run at (45,0) width 20: "1.0"
                RenderText at (0,0) size 0x0
      RenderBlock {DIV} at (0,52) size 784x19
        RenderText {#text} at (0,0) size 65x19
          text run at (0,0) width 65: "B1 0 1 1.0"
