layer at (0,0) size 800x600
  RenderView at (0,0) size 800x600
layer at (0,0) size 800x393
  RenderBlock {HTML} at (0,0) size 800x393
    RenderBody {BODY} at (8,14) size 784x365
      RenderBlock {P} at (0,0) size 784x19 [color=#000080]
        RenderText {#text} at (0,0) size 235x19
          text run at (0,0) width 235: "This sentence should be left-justified."
      RenderBlock {P} at (0,33) size 784x19 [color=#000080]
        RenderText {#text} at (540,0) size 244x19
          text run at (540,0) width 244: "This sentence should be right-justified."
      RenderBlock {P} at (0,66) size 784x19 [color=#000080]
        RenderText {#text} at (282,0) size 219x19
          text run at (282,0) width 219: "This sentence should be centered."
      RenderBlock {P} at (0,99) size 784x266 [color=#000080]
        RenderText {#text} at (0,0) size 502x19
          text run at (0,0) width 398: "This paragraph should be justified (the right and left margins "
          text run at (398,0) width 104: "should line up). "
        RenderInline {SPAN} at (0,0) size 784x266 [color=#C0C0C0]
          RenderText {#text} at (502,0) size 784x266
            text run at (502,0) width 282: "This is just lovely dummy text. Dummy text."
            text run at (0,19) width 53: "Dummy "
            text run at (53,19) width 508: "text. This is just lovely dummy text. This is just lovely dummy text. Dummy text. "
            text run at (561,19) width 223: "This is just lovely dummy text. This"
            text run at (0,38) width 306: "is just lovely dummy text. Dummy text. Dummy "
            text run at (306,38) width 478: "text. This is just lovely dummy text. This is just lovely dummy text. Dummy"
            text run at (0,57) width 31: "text. "
            text run at (31,57) width 530: "This is just lovely dummy text. This is just lovely dummy text. Dummy text. Dummy "
            text run at (561,57) width 223: "text. This is just lovely dummy text."
            text run at (0,76) width 292: "This is just lovely dummy text. Dummy text. "
            text run at (292,76) width 492: "This is just lovely dummy text. This is just lovely dummy text. Dummy text."
            text run at (0,95) width 53: "Dummy "
            text run at (53,95) width 508: "text. This is just lovely dummy text. This is just lovely dummy text. Dummy text. "
            text run at (561,95) width 223: "This is just lovely dummy text. This"
            text run at (0,114) width 306: "is just lovely dummy text. Dummy text. Dummy "
            text run at (306,114) width 478: "text. This is just lovely dummy text. This is just lovely dummy text. Dummy"
            text run at (0,133) width 31: "text. "
            text run at (31,133) width 530: "This is just lovely dummy text. This is just lovely dummy text. Dummy text. Dummy "
            text run at (561,133) width 223: "text. This is just lovely dummy text."
            text run at (0,152) width 292: "This is just lovely dummy text. Dummy text. "
            text run at (292,152) width 492: "This is just lovely dummy text. This is just lovely dummy text. Dummy text."
            text run at (0,171) width 53: "Dummy "
            text run at (53,171) width 508: "text. This is just lovely dummy text. This is just lovely dummy text. Dummy text. "
            text run at (561,171) width 223: "This is just lovely dummy text. This"
            text run at (0,190) width 306: "is just lovely dummy text. Dummy text. Dummy "
            text run at (306,190) width 478: "text. This is just lovely dummy text. This is just lovely dummy text. Dummy"
            text run at (0,209) width 31: "text. "
            text run at (31,209) width 530: "This is just lovely dummy text. This is just lovely dummy text. Dummy text. Dummy "
            text run at (561,209) width 223: "text. This is just lovely dummy text."
            text run at (0,228) width 292: "This is just lovely dummy text. Dummy text. "
            text run at (292,228) width 492: "This is just lovely dummy text. This is just lovely dummy text. Dummy text."
            text run at (0,247) width 53: "Dummy "
            text run at (53,247) width 115: "text. Dummy text. "
        RenderText {#text} at (168,247) size 384x19
          text run at (168,247) width 267: "This sentence should be at the end of the "
          text run at (435,247) width 117: "block, not justified."
