layer at (0,0) size 800x600
  RenderView at (0,0) size 800x600
layer at (0,0) size 800x187
  RenderBlock {HTML} at (0,0) size 800x187
    RenderBody {BODY} at (8,14) size 784x165
      RenderBlock {P} at (0,0) size 784x19
        RenderText {#text} at (0,0) size 322x19
          text run at (0,0) width 322: "There should be no red borders on the table below"
      RenderTable {TABLE} at (0,33) size 135x132
        RenderTableSection {TBODY} at (0,0) size 135x132
          RenderTableRow {TR} at (0,0) size 135x44
            RenderTableCell {TD} at (0,11) size 45x21 [r=0 c=0 rs=1 cs=1]
              RenderText {#text} at (1,1) size 43x19
                text run at (1,1) width 43: "hidden"
            RenderTableCell {TD} at (45,11) size 45x21 [r=0 c=1 rs=1 cs=1]
              RenderText {#text} at (1,1) size 43x19
                text run at (1,1) width 43: "hidden"
            RenderTableCell {TD} at (90,11) size 45x21 [r=0 c=2 rs=1 cs=1]
              RenderText {#text} at (1,1) size 43x19
                text run at (1,1) width 43: "hidden"
          RenderTableRow {TR} at (0,44) size 135x44
            RenderTableCell {TD} at (0,55) size 45x21 [r=1 c=0 rs=1 cs=1]
              RenderText {#text} at (1,1) size 43x19
                text run at (1,1) width 43: "hidden"
            RenderTableCell {TD} at (45,55) size 45x21 [r=1 c=1 rs=1 cs=1]
              RenderText {#text} at (1,1) size 32x19
                text run at (1,1) width 32: "none"
            RenderTableCell {TD} at (90,55) size 45x21 [r=1 c=2 rs=1 cs=1]
              RenderText {#text} at (1,1) size 43x19
                text run at (1,1) width 43: "hidden"
          RenderTableRow {TR} at (0,88) size 135x44
            RenderTableCell {TD} at (0,99) size 45x21 [r=2 c=0 rs=1 cs=1]
              RenderText {#text} at (1,1) size 43x19
                text run at (1,1) width 43: "hidden"
            RenderTableCell {TD} at (45,99) size 45x21 [r=2 c=1 rs=1 cs=1]
              RenderText {#text} at (1,1) size 43x19
                text run at (1,1) width 43: "hidden"
            RenderTableCell {TD} at (90,99) size 45x21 [r=2 c=2 rs=1 cs=1]
              RenderText {#text} at (1,1) size 43x19
                text run at (1,1) width 43: "hidden"
