layer at (0,0) size 800x600
  RenderView at (0,0) size 800x600
layer at (0,0) size 800x217
  RenderBlock {HTML} at (0,0) size 800x217
    RenderBody {BODY} at (8,14) size 784x195
      RenderBlock {P} at (0,0) size 784x19
        RenderText {#text} at (0,0) size 322x19
          text run at (0,0) width 322: "There should be no red borders on the table below"
      RenderTable {TABLE} at (0,33) size 126x162 [border: (2px none #808080)]
        RenderTableSection {TBODY} at (2,2) size 121x157
          RenderTableRow {TR} at (0,0) size 121x52
            RenderTableCell {TD} at (0,13) size 39x26 [border: (3px solid #00FF00)] [r=0 c=0 rs=1 cs=1]
              RenderText {#text} at (4,4) size 29x19
                text run at (4,4) width 29: "solid"
            RenderTableCell {TD} at (39,11) size 44x29 [border: (3px solid #00FF00) (5px solid #FF0000) (3px solid #00FF00)] [r=0 c=1 rs=1 cs=1]
              RenderText {#text} at (4,4) size 29x19
                text run at (4,4) width 29: "solid"
            RenderTableCell {TD} at (83,13) size 38x26 [border: (3px solid #00FF00)] [r=0 c=2 rs=1 cs=1]
              RenderText {#text} at (4,4) size 29x19
                text run at (4,4) width 29: "solid"
          RenderTableRow {TR} at (0,52) size 121x54
            RenderTableCell {TD} at (0,66) size 39x26 [border: (3px solid #00FF00) (5px solid #FF0000) (2px solid #00FF00)] [r=1 c=0 rs=1 cs=1]
              RenderText {#text} at (4,4) size 29x19
                text run at (4,4) width 29: "solid"
            RenderTableCell {TD} at (39,63) size 44x31 [border: (5px ridge #00FF00)] [r=1 c=1 rs=1 cs=1]
              RenderText {#text} at (6,6) size 32x19
                text run at (6,6) width 32: "ridge"
            RenderTableCell {TD} at (83,66) size 38x26 [border: (3px solid #00FF00) (5px solid #FF0000)] [r=1 c=2 rs=1 cs=1]
              RenderText {#text} at (6,4) size 29x19
                text run at (6,4) width 29: "solid"
          RenderTableRow {TR} at (0,106) size 121x51
            RenderTableCell {TD} at (0,118) size 39x26 [border: (3px solid #00FF00)] [r=2 c=0 rs=1 cs=1]
              RenderText {#text} at (4,4) size 29x19
                text run at (4,4) width 29: "solid"
            RenderTableCell {TD} at (39,117) size 44x28 [border: (5px solid #FF0000) (2px solid #00FF00)] [r=2 c=1 rs=1 cs=1]
              RenderText {#text} at (4,6) size 29x19
                text run at (4,6) width 29: "solid"
            RenderTableCell {TD} at (83,118) size 38x26 [border: (3px solid #00FF00)] [r=2 c=2 rs=1 cs=1]
              RenderText {#text} at (4,4) size 29x19
                text run at (4,4) width 29: "solid"
