layer at (0,0) size 800x600
  RenderView at (0,0) size 800x600
layer at (0,0) size 800x207
  RenderBlock {HTML} at (0,0) size 800x207
    RenderBody {BODY} at (8,14) size 784x185
      RenderBlock {P} at (0,0) size 784x19
        RenderText {#text} at (0,0) size 322x19
          text run at (0,0) width 322: "There should be no red borders on the table below"
      RenderTable {TABLE} at (0,33) size 129x152
        RenderTableSection {TBODY} at (0,0) size 129x152
          RenderTableRow {TR} at (0,0) size 129x49
            RenderTableCell {TD} at (0,14) size 39x21 [r=0 c=0 rs=1 cs=1]
              RenderText {#text} at (1,1) size 32x19
                text run at (1,1) width 32: "none"
            RenderTableCell {TD} at (39,11) size 51x26 [border: none] [r=0 c=1 rs=1 cs=1]
              RenderText {#text} at (1,1) size 32x19
                text run at (1,1) width 32: "none"
            RenderTableCell {TD} at (90,14) size 39x21 [r=0 c=2 rs=1 cs=1]
              RenderText {#text} at (1,1) size 32x19
                text run at (1,1) width 32: "none"
          RenderTableRow {TR} at (0,49) size 129x54
            RenderTableCell {TD} at (0,65) size 39x21 [border: none] [r=1 c=0 rs=1 cs=1]
              RenderText {#text} at (1,1) size 32x19
                text run at (1,1) width 32: "none"
            RenderTableCell {TD} at (39,60) size 51x31 [border: (5px outset #00FF00)] [r=1 c=1 rs=1 cs=1]
              RenderText {#text} at (6,6) size 39x19
                text run at (6,6) width 39: "outset"
            RenderTableCell {TD} at (90,65) size 39x21 [border: none] [r=1 c=2 rs=1 cs=1]
              RenderText {#text} at (6,1) size 32x19
                text run at (6,1) width 32: "none"
          RenderTableRow {TR} at (0,103) size 129x49
            RenderTableCell {TD} at (0,117) size 39x21 [r=2 c=0 rs=1 cs=1]
              RenderText {#text} at (1,1) size 32x19
                text run at (1,1) width 32: "none"
            RenderTableCell {TD} at (39,114) size 51x26 [border: (5px none #FF0000)] [r=2 c=1 rs=1 cs=1]
              RenderText {#text} at (1,6) size 32x19
                text run at (1,6) width 32: "none"
            RenderTableCell {TD} at (90,117) size 39x21 [r=2 c=2 rs=1 cs=1]
              RenderText {#text} at (1,1) size 32x19
                text run at (1,1) width 32: "none"
