layer at (0,0) size 800x600
  RenderView at (0,0) size 800x600
layer at (0,0) size 800x217
  RenderBlock {HTML} at (0,0) size 800x217
    RenderBody {BODY} at (8,14) size 784x195
      RenderBlock {P} at (0,0) size 784x19
        RenderText {#text} at (0,0) size 322x19
          text run at (0,0) width 322: "There should be no red borders on the table below"
      RenderTable {TABLE} at (0,33) size 148x162 [border: (2px none #808080)]
        RenderTableSection {TBODY} at (2,2) size 143x157
          RenderTableRow {TR} at (0,0) size 143x52
            RenderTableCell {TD} at (0,13) size 49x26 [border: (3px outset #00FF00)] [r=0 c=0 rs=1 cs=1]
              RenderText {#text} at (4,4) size 39x19
                text run at (4,4) width 39: "outset"
            RenderTableCell {TD} at (49,11) size 46x29 [border: (3px outset #00FF00) (5px outset #FF0000) (3px outset #00FF00)] [r=0 c=1 rs=1 cs=1]
              RenderText {#text} at (4,4) size 39x19
                text run at (4,4) width 39: "outset"
            RenderTableCell {TD} at (95,13) size 48x26 [border: (3px outset #00FF00)] [r=0 c=2 rs=1 cs=1]
              RenderText {#text} at (4,4) size 39x19
                text run at (4,4) width 39: "outset"
          RenderTableRow {TR} at (0,52) size 143x54
            RenderTableCell {TD} at (0,66) size 49x26 [border: (3px outset #00FF00) (5px outset #FF0000) (2px outset #00FF00)] [r=1 c=0 rs=1 cs=1]
              RenderText {#text} at (4,4) size 39x19
                text run at (4,4) width 39: "outset"
            RenderTableCell {TD} at (49,63) size 46x31 [border: (5px inset #00FF00)] [r=1 c=1 rs=1 cs=1]
              RenderText {#text} at (6,6) size 30x19
                text run at (6,6) width 30: "inset"
            RenderTableCell {TD} at (95,66) size 48x26 [border: (3px outset #00FF00) (5px outset #FF0000)] [r=1 c=2 rs=1 cs=1]
              RenderText {#text} at (6,4) size 39x19
                text run at (6,4) width 39: "outset"
          RenderTableRow {TR} at (0,106) size 143x51
            RenderTableCell {TD} at (0,118) size 49x26 [border: (3px outset #00FF00)] [r=2 c=0 rs=1 cs=1]
              RenderText {#text} at (4,4) size 39x19
                text run at (4,4) width 39: "outset"
            RenderTableCell {TD} at (49,117) size 46x28 [border: (5px outset #FF0000) (2px outset #00FF00)] [r=2 c=1 rs=1 cs=1]
              RenderText {#text} at (4,6) size 39x19
                text run at (4,6) width 39: "outset"
            RenderTableCell {TD} at (95,118) size 48x26 [border: (3px outset #00FF00)] [r=2 c=2 rs=1 cs=1]
              RenderText {#text} at (4,4) size 39x19
                text run at (4,4) width 39: "outset"
