layer at (0,0) size 800x600
  RenderView at (0,0) size 800x600
layer at (0,0) size 800x217
  RenderBlock {HTML} at (0,0) size 800x217
    RenderBody {BODY} at (8,14) size 784x195
      RenderBlock {P} at (0,0) size 784x19
        RenderText {#text} at (0,0) size 322x19
          text run at (0,0) width 322: "There should be no red borders on the table below"
      RenderTable {TABLE} at (0,33) size 166x162 [border: (2px none #808080)]
        RenderTableSection {TBODY} at (2,2) size 161x157
          RenderTableRow {TR} at (0,0) size 161x52
            RenderTableCell {TD} at (0,13) size 53x26 [border: (3px double #00FF00)] [r=0 c=0 rs=1 cs=1]
              RenderText {#text} at (4,4) size 43x19
                text run at (4,4) width 43: "double"
            RenderTableCell {TD} at (53,11) size 56x29 [border: (3px double #00FF00) (5px double #FF0000) (3px double #00FF00)] [r=0 c=1 rs=1 cs=1]
              RenderText {#text} at (4,4) size 43x19
                text run at (4,4) width 43: "double"
            RenderTableCell {TD} at (109,13) size 52x26 [border: (3px double #00FF00)] [r=0 c=2 rs=1 cs=1]
              RenderText {#text} at (4,4) size 43x19
                text run at (4,4) width 43: "double"
          RenderTableRow {TR} at (0,52) size 161x54
            RenderTableCell {TD} at (0,66) size 53x26 [border: (3px double #00FF00) (5px double #FF0000) (2px double #00FF00)] [r=1 c=0 rs=1 cs=1]
              RenderText {#text} at (4,4) size 43x19
                text run at (4,4) width 43: "double"
            RenderTableCell {TD} at (53,63) size 56x31 [border: (5px groove #00FF00)] [r=1 c=1 rs=1 cs=1]
              RenderText {#text} at (6,6) size 44x19
                text run at (6,6) width 44: "groove"
            RenderTableCell {TD} at (109,66) size 52x26 [border: (3px double #00FF00) (5px double #FF0000)] [r=1 c=2 rs=1 cs=1]
              RenderText {#text} at (6,4) size 43x19
                text run at (6,4) width 43: "double"
          RenderTableRow {TR} at (0,106) size 161x51
            RenderTableCell {TD} at (0,118) size 53x26 [border: (3px double #00FF00)] [r=2 c=0 rs=1 cs=1]
              RenderText {#text} at (4,4) size 43x19
                text run at (4,4) width 43: "double"
            RenderTableCell {TD} at (53,117) size 56x28 [border: (5px double #FF0000) (2px double #00FF00)] [r=2 c=1 rs=1 cs=1]
              RenderText {#text} at (4,6) size 43x19
                text run at (4,6) width 43: "double"
            RenderTableCell {TD} at (109,118) size 52x26 [border: (3px double #00FF00)] [r=2 c=2 rs=1 cs=1]
              RenderText {#text} at (4,4) size 43x19
                text run at (4,4) width 43: "double"
