layer at (0,0) size 800x600
  RenderView at (0,0) size 800x600
layer at (0,0) size 800x207
  RenderBlock {HTML} at (0,0) size 800x207
    RenderBody {BODY} at (8,14) size 784x185
      RenderBlock {P} at (0,0) size 784x19
        RenderText {#text} at (0,0) size 322x19
          text run at (0,0) width 322: "There should be no red borders on the table below"
      RenderTable {TABLE} at (0,33) size 146x152 [border: (2px none #808080)]
        RenderTableSection {TBODY} at (2,2) size 141x147
          RenderTableRow {TR} at (0,0) size 141x49
            RenderTableCell {TD} at (0,11) size 47x26 [border: (3px dotted #00FF00)] [r=0 c=0 rs=1 cs=1]
              RenderText {#text} at (4,4) size 40x19
                text run at (4,4) width 40: "dotted"
            RenderTableCell {TD} at (47,11) size 47x26 [border: (3px dotted #00FF00)] [r=0 c=1 rs=1 cs=1]
              RenderText {#text} at (4,4) size 40x19
                text run at (4,4) width 40: "dotted"
            RenderTableCell {TD} at (94,11) size 47x26 [border: (3px dotted #00FF00)] [r=0 c=2 rs=1 cs=1]
              RenderText {#text} at (4,4) size 40x19
                text run at (4,4) width 40: "dotted"
          RenderTableRow {TR} at (0,49) size 141x49
            RenderTableCell {TD} at (0,60) size 47x26 [border: (3px dotted #00FF00)] [r=1 c=0 rs=1 cs=1]
              RenderText {#text} at (4,4) size 40x19
                text run at (4,4) width 40: "dotted"
            RenderTableCell {TD} at (47,60) size 47x26 [border: (3px none #FF0000)] [r=1 c=1 rs=1 cs=1]
              RenderText {#text} at (4,4) size 32x19
                text run at (4,4) width 32: "none"
            RenderTableCell {TD} at (94,60) size 47x26 [border: (3px dotted #00FF00)] [r=1 c=2 rs=1 cs=1]
              RenderText {#text} at (4,4) size 40x19
                text run at (4,4) width 40: "dotted"
          RenderTableRow {TR} at (0,98) size 141x49
            RenderTableCell {TD} at (0,109) size 47x26 [border: (3px dotted #00FF00)] [r=2 c=0 rs=1 cs=1]
              RenderText {#text} at (4,4) size 40x19
                text run at (4,4) width 40: "dotted"
            RenderTableCell {TD} at (47,109) size 47x26 [border: (3px dotted #00FF00)] [r=2 c=1 rs=1 cs=1]
              RenderText {#text} at (4,4) size 40x19
                text run at (4,4) width 40: "dotted"
            RenderTableCell {TD} at (94,109) size 47x26 [border: (3px dotted #00FF00)] [r=2 c=2 rs=1 cs=1]
              RenderText {#text} at (4,4) size 40x19
                text run at (4,4) width 40: "dotted"
