layer at (0,0) size 1287x676
  RenderView at (0,0) size 785x585
layer at (0,0) size 1287x676
  RenderBlock {HTML} at (0,0) size 785x676
    RenderBody {BODY} at (8,8) size 769x660
      RenderBlock (anonymous) at (0,0) size 769x20
        RenderText {#text} at (0,0) size 82x19
          text run at (0,0) width 82: "LTR Version:"
      RenderBlock (anonymous) at (0,330) size 769x20
        RenderText {#text} at (0,0) size 82x19
          text run at (0,0) width 82: "RTL Version:"
layer at (8,28) size 1279x310
  RenderBlock {DIV} at (0,20) size 769x310 [border: (5px solid #800000)]
    RenderBlock (anonymous) at (5,5) size 242x260
      RenderText {#text} at (0,0) size 100x19
        text run at (0,0) width 100: "This is some text"
      RenderBR {BR} at (100,15) size 0x0
      RenderText {#text} at (0,20) size 100x19
        text run at (0,20) width 100: "This is some text"
      RenderBR {BR} at (100,35) size 0x0
      RenderText {#text} at (0,40) size 100x19
        text run at (0,40) width 100: "This is some text"
      RenderBR {BR} at (100,55) size 0x0
      RenderText {#text} at (0,60) size 100x19
        text run at (0,60) width 100: "This is some text"
      RenderBR {BR} at (100,75) size 0x0
      RenderText {#text} at (0,80) size 100x19
        text run at (0,80) width 100: "This is some text"
      RenderBR {BR} at (100,95) size 0x0
      RenderText {#text} at (0,100) size 100x19
        text run at (0,100) width 100: "This is some text"
      RenderBR {BR} at (100,115) size 0x0
      RenderText {#text} at (0,120) size 100x19
        text run at (0,120) width 100: "This is some text"
      RenderBR {BR} at (100,135) size 0x0
      RenderText {#text} at (0,140) size 100x19
        text run at (0,140) width 100: "This is some text"
      RenderBR {BR} at (100,155) size 0x0
      RenderText {#text} at (0,160) size 100x19
        text run at (0,160) width 100: "This is some text"
      RenderBR {BR} at (100,175) size 0x0
      RenderText {#text} at (0,180) size 100x19
        text run at (0,180) width 100: "This is some text"
      RenderBR {BR} at (100,195) size 0x0
      RenderText {#text} at (0,200) size 100x19
        text run at (0,200) width 100: "This is some text"
      RenderBR {BR} at (100,215) size 0x0
      RenderText {#text} at (0,220) size 100x19
        text run at (0,220) width 100: "This is some text"
      RenderBR {BR} at (100,235) size 0x0
      RenderText {#text} at (0,240) size 100x19
        text run at (0,240) width 100: "This is some text"
      RenderBR {BR} at (100,255) size 0x0
    RenderBlock {DIV} at (5,265) size 242x270
      RenderText {#text} at (0,0) size 0x0
    RenderBlock (anonymous) at (5,535) size 242x560
      RenderText {#text} at (0,0) size 100x19
        text run at (0,0) width 100: "This is some text"
      RenderBR {BR} at (100,15) size 0x0
      RenderText {#text} at (0,20) size 100x19
        text run at (0,20) width 100: "This is some text"
      RenderBR {BR} at (100,35) size 0x0
      RenderText {#text} at (0,40) size 100x19
        text run at (0,40) width 100: "This is some text"
      RenderBR {BR} at (100,55) size 0x0
      RenderText {#text} at (0,60) size 100x19
        text run at (0,60) width 100: "This is some text"
      RenderBR {BR} at (100,75) size 0x0
      RenderText {#text} at (0,80) size 100x19
        text run at (0,80) width 100: "This is some text"
      RenderBR {BR} at (100,95) size 0x0
      RenderText {#text} at (0,100) size 100x19
        text run at (0,100) width 100: "This is some text"
      RenderBR {BR} at (100,115) size 0x0
      RenderText {#text} at (0,120) size 100x19
        text run at (0,120) width 100: "This is some text"
      RenderBR {BR} at (100,135) size 0x0
      RenderText {#text} at (0,140) size 100x19
        text run at (0,140) width 100: "This is some text"
      RenderBR {BR} at (100,155) size 0x0
      RenderText {#text} at (0,160) size 100x19
        text run at (0,160) width 100: "This is some text"
      RenderBR {BR} at (100,175) size 0x0
      RenderText {#text} at (0,180) size 100x19
        text run at (0,180) width 100: "This is some text"
      RenderBR {BR} at (100,195) size 0x0
      RenderText {#text} at (0,200) size 100x19
        text run at (0,200) width 100: "This is some text"
      RenderBR {BR} at (100,215) size 0x0
      RenderText {#text} at (0,220) size 100x19
        text run at (0,220) width 100: "This is some text"
      RenderBR {BR} at (100,235) size 0x0
      RenderText {#text} at (0,240) size 100x19
        text run at (0,240) width 100: "This is some text"
      RenderBR {BR} at (100,255) size 0x0
      RenderText {#text} at (0,260) size 100x19
        text run at (0,260) width 100: "This is some text"
      RenderBR {BR} at (100,275) size 0x0
      RenderText {#text} at (0,280) size 100x19
        text run at (0,280) width 100: "This is some text"
      RenderBR {BR} at (100,295) size 0x0
      RenderText {#text} at (0,300) size 100x19
        text run at (0,300) width 100: "This is some text"
      RenderBR {BR} at (100,315) size 0x0
      RenderText {#text} at (0,320) size 100x19
        text run at (0,320) width 100: "This is some text"
      RenderBR {BR} at (100,335) size 0x0
      RenderText {#text} at (0,340) size 100x19
        text run at (0,340) width 100: "This is some text"
      RenderBR {BR} at (100,355) size 0x0
      RenderText {#text} at (0,360) size 100x19
        text run at (0,360) width 100: "This is some text"
      RenderBR {BR} at (100,375) size 0x0
      RenderText {#text} at (0,380) size 100x19
        text run at (0,380) width 100: "This is some text"
      RenderBR {BR} at (100,395) size 0x0
      RenderText {#text} at (0,400) size 100x19
        text run at (0,400) width 100: "This is some text"
      RenderBR {BR} at (100,415) size 0x0
      RenderText {#text} at (0,420) size 100x19
        text run at (0,420) width 100: "This is some text"
      RenderBR {BR} at (100,435) size 0x0
      RenderText {#text} at (0,440) size 100x19
        text run at (0,440) width 100: "This is some text"
      RenderBR {BR} at (100,455) size 0x0
      RenderText {#text} at (0,460) size 100x19
        text run at (0,460) width 100: "This is some text"
      RenderBR {BR} at (100,475) size 0x0
      RenderText {#text} at (0,480) size 100x19
        text run at (0,480) width 100: "This is some text"
      RenderBR {BR} at (100,495) size 0x0
      RenderText {#text} at (0,500) size 100x19
        text run at (0,500) width 100: "This is some text"
      RenderBR {BR} at (100,515) size 0x0
      RenderText {#text} at (0,520) size 100x19
        text run at (0,520) width 100: "This is some text"
      RenderBR {BR} at (100,535) size 0x0
      RenderText {#text} at (0,0) size 0x0
    RenderBlock (anonymous) at (5,1115) size 242x280
      RenderText {#text} at (0,0) size 100x19
        text run at (0,0) width 100: "This is some text"
      RenderBR {BR} at (100,15) size 0x0
      RenderText {#text} at (0,20) size 100x19
        text run at (0,20) width 100: "This is some text"
      RenderBR {BR} at (100,35) size 0x0
      RenderText {#text} at (0,40) size 100x19
        text run at (0,40) width 100: "This is some text"
      RenderBR {BR} at (100,55) size 0x0
      RenderText {#text} at (0,60) size 100x19
        text run at (0,60) width 100: "This is some text"
      RenderBR {BR} at (100,75) size 0x0
      RenderText {#text} at (0,80) size 100x19
        text run at (0,80) width 100: "This is some text"
      RenderBR {BR} at (100,95) size 0x0
      RenderText {#text} at (0,100) size 100x19
        text run at (0,100) width 100: "This is some text"
      RenderBR {BR} at (100,115) size 0x0
      RenderText {#text} at (0,120) size 100x19
        text run at (0,120) width 100: "This is some text"
      RenderBR {BR} at (100,135) size 0x0
      RenderText {#text} at (0,140) size 100x19
        text run at (0,140) width 100: "This is some text"
      RenderBR {BR} at (100,155) size 0x0
      RenderText {#text} at (0,160) size 100x19
        text run at (0,160) width 100: "This is some text"
      RenderBR {BR} at (100,175) size 0x0
      RenderText {#text} at (0,180) size 100x19
        text run at (0,180) width 100: "This is some text"
      RenderBR {BR} at (100,195) size 0x0
      RenderText {#text} at (0,200) size 100x19
        text run at (0,200) width 100: "This is some text"
      RenderBR {BR} at (100,215) size 0x0
      RenderText {#text} at (0,220) size 100x19
        text run at (0,220) width 100: "This is some text"
      RenderBR {BR} at (100,235) size 0x0
      RenderText {#text} at (0,240) size 100x19
        text run at (0,240) width 100: "This is some text"
      RenderBR {BR} at (100,255) size 0x0
      RenderText {#text} at (0,260) size 100x19
        text run at (0,260) width 100: "This is some text"
      RenderBR {BR} at (100,275) size 0x0
layer at (8,358) size 769x310
  RenderBlock {DIV} at (0,350) size 769x310 [border: (5px solid #800000)]
    RenderBlock (anonymous) at (5,5) size 242x260
      RenderText {#text} at (142,0) size 100x19
        text run at (142,0) width 100: "This is some text"
      RenderBR {BR} at (142,15) size 0x0
      RenderText {#text} at (142,20) size 100x19
        text run at (142,20) width 100: "This is some text"
      RenderBR {BR} at (142,35) size 0x0
      RenderText {#text} at (142,40) size 100x19
        text run at (142,40) width 100: "This is some text"
      RenderBR {BR} at (142,55) size 0x0
      RenderText {#text} at (142,60) size 100x19
        text run at (142,60) width 100: "This is some text"
      RenderBR {BR} at (142,75) size 0x0
      RenderText {#text} at (142,80) size 100x19
        text run at (142,80) width 100: "This is some text"
      RenderBR {BR} at (142,95) size 0x0
      RenderText {#text} at (142,100) size 100x19
        text run at (142,100) width 100: "This is some text"
      RenderBR {BR} at (142,115) size 0x0
      RenderText {#text} at (142,120) size 100x19
        text run at (142,120) width 100: "This is some text"
      RenderBR {BR} at (142,135) size 0x0
      RenderText {#text} at (142,140) size 100x19
        text run at (142,140) width 100: "This is some text"
      RenderBR {BR} at (142,155) size 0x0
      RenderText {#text} at (142,160) size 100x19
        text run at (142,160) width 100: "This is some text"
      RenderBR {BR} at (142,175) size 0x0
      RenderText {#text} at (142,180) size 100x19
        text run at (142,180) width 100: "This is some text"
      RenderBR {BR} at (142,195) size 0x0
      RenderText {#text} at (142,200) size 100x19
        text run at (142,200) width 100: "This is some text"
      RenderBR {BR} at (142,215) size 0x0
      RenderText {#text} at (142,220) size 100x19
        text run at (142,220) width 100: "This is some text"
      RenderBR {BR} at (142,235) size 0x0
      RenderText {#text} at (142,240) size 100x19
        text run at (142,240) width 100: "This is some text"
      RenderBR {BR} at (142,255) size 0x0
    RenderBlock {DIV} at (5,265) size 242x270
      RenderText {#text} at (0,0) size 0x0
    RenderBlock (anonymous) at (5,535) size 242x560
      RenderText {#text} at (142,0) size 100x19
        text run at (142,0) width 100: "This is some text"
      RenderBR {BR} at (142,15) size 0x0
      RenderText {#text} at (142,20) size 100x19
        text run at (142,20) width 100: "This is some text"
      RenderBR {BR} at (142,35) size 0x0
      RenderText {#text} at (142,40) size 100x19
        text run at (142,40) width 100: "This is some text"
      RenderBR {BR} at (142,55) size 0x0
      RenderText {#text} at (142,60) size 100x19
        text run at (142,60) width 100: "This is some text"
      RenderBR {BR} at (142,75) size 0x0
      RenderText {#text} at (142,80) size 100x19
        text run at (142,80) width 100: "This is some text"
      RenderBR {BR} at (142,95) size 0x0
      RenderText {#text} at (142,100) size 100x19
        text run at (142,100) width 100: "This is some text"
      RenderBR {BR} at (142,115) size 0x0
      RenderText {#text} at (142,120) size 100x19
        text run at (142,120) width 100: "This is some text"
      RenderBR {BR} at (142,135) size 0x0
      RenderText {#text} at (142,140) size 100x19
        text run at (142,140) width 100: "This is some text"
      RenderBR {BR} at (142,155) size 0x0
      RenderText {#text} at (142,160) size 100x19
        text run at (142,160) width 100: "This is some text"
      RenderBR {BR} at (142,175) size 0x0
      RenderText {#text} at (142,180) size 100x19
        text run at (142,180) width 100: "This is some text"
      RenderBR {BR} at (142,195) size 0x0
      RenderText {#text} at (142,200) size 100x19
        text run at (142,200) width 100: "This is some text"
      RenderBR {BR} at (142,215) size 0x0
      RenderText {#text} at (142,220) size 100x19
        text run at (142,220) width 100: "This is some text"
      RenderBR {BR} at (142,235) size 0x0
      RenderText {#text} at (142,240) size 100x19
        text run at (142,240) width 100: "This is some text"
      RenderBR {BR} at (142,255) size 0x0
      RenderText {#text} at (142,260) size 100x19
        text run at (142,260) width 100: "This is some text"
      RenderBR {BR} at (142,275) size 0x0
      RenderText {#text} at (142,280) size 100x19
        text run at (142,280) width 100: "This is some text"
      RenderBR {BR} at (142,295) size 0x0
      RenderText {#text} at (142,300) size 100x19
        text run at (142,300) width 100: "This is some text"
      RenderBR {BR} at (142,315) size 0x0
      RenderText {#text} at (142,320) size 100x19
        text run at (142,320) width 100: "This is some text"
      RenderBR {BR} at (142,335) size 0x0
      RenderText {#text} at (142,340) size 100x19
        text run at (142,340) width 100: "This is some text"
      RenderBR {BR} at (142,355) size 0x0
      RenderText {#text} at (142,360) size 100x19
        text run at (142,360) width 100: "This is some text"
      RenderBR {BR} at (142,375) size 0x0
      RenderText {#text} at (142,380) size 100x19
        text run at (142,380) width 100: "This is some text"
      RenderBR {BR} at (142,395) size 0x0
      RenderText {#text} at (142,400) size 100x19
        text run at (142,400) width 100: "This is some text"
      RenderBR {BR} at (142,415) size 0x0
      RenderText {#text} at (142,420) size 100x19
        text run at (142,420) width 100: "This is some text"
      RenderBR {BR} at (142,435) size 0x0
      RenderText {#text} at (142,440) size 100x19
        text run at (142,440) width 100: "This is some text"
      RenderBR {BR} at (142,455) size 0x0
      RenderText {#text} at (142,460) size 100x19
        text run at (142,460) width 100: "This is some text"
      RenderBR {BR} at (142,475) size 0x0
      RenderText {#text} at (142,480) size 100x19
        text run at (142,480) width 100: "This is some text"
      RenderBR {BR} at (142,495) size 0x0
      RenderText {#text} at (142,500) size 100x19
        text run at (142,500) width 100: "This is some text"
      RenderBR {BR} at (142,515) size 0x0
      RenderText {#text} at (142,520) size 100x19
        text run at (142,520) width 100: "This is some text"
      RenderBR {BR} at (142,535) size 0x0
      RenderText {#text} at (0,0) size 0x0
    RenderBlock (anonymous) at (5,1115) size 242x280
      RenderText {#text} at (142,0) size 100x19
        text run at (142,0) width 100: "This is some text"
      RenderBR {BR} at (142,15) size 0x0
      RenderText {#text} at (142,20) size 100x19
        text run at (142,20) width 100: "This is some text"
      RenderBR {BR} at (142,35) size 0x0
      RenderText {#text} at (142,40) size 100x19
        text run at (142,40) width 100: "This is some text"
      RenderBR {BR} at (142,55) size 0x0
      RenderText {#text} at (142,60) size 100x19
        text run at (142,60) width 100: "This is some text"
      RenderBR {BR} at (142,75) size 0x0
      RenderText {#text} at (142,80) size 100x19
        text run at (142,80) width 100: "This is some text"
      RenderBR {BR} at (142,95) size 0x0
      RenderText {#text} at (142,100) size 100x19
        text run at (142,100) width 100: "This is some text"
      RenderBR {BR} at (142,115) size 0x0
      RenderText {#text} at (142,120) size 100x19
        text run at (142,120) width 100: "This is some text"
      RenderBR {BR} at (142,135) size 0x0
      RenderText {#text} at (142,140) size 100x19
        text run at (142,140) width 100: "This is some text"
      RenderBR {BR} at (142,155) size 0x0
      RenderText {#text} at (142,160) size 100x19
        text run at (142,160) width 100: "This is some text"
      RenderBR {BR} at (142,175) size 0x0
      RenderText {#text} at (142,180) size 100x19
        text run at (142,180) width 100: "This is some text"
      RenderBR {BR} at (142,195) size 0x0
      RenderText {#text} at (142,200) size 100x19
        text run at (142,200) width 100: "This is some text"
      RenderBR {BR} at (142,215) size 0x0
      RenderText {#text} at (142,220) size 100x19
        text run at (142,220) width 100: "This is some text"
      RenderBR {BR} at (142,235) size 0x0
      RenderText {#text} at (142,240) size 100x19
        text run at (142,240) width 100: "This is some text"
      RenderBR {BR} at (142,255) size 0x0
      RenderText {#text} at (142,260) size 100x19
        text run at (142,260) width 100: "This is some text"
      RenderBR {BR} at (142,275) size 0x0
layer at (13,293) size 100x270
  RenderBlock (relative positioned) {DIV} at (0,0) size 100x270 [bgcolor=#008000]
layer at (155,623) size 100x270 backgroundClip at (0,0) size 1287x676 clip at (0,0) size 1287x676 outlineClip at (0,0) size 1287x676
  RenderBlock (relative positioned) {DIV} at (142,0) size 100x270 [bgcolor=#008000]
