layer at (0,0) size 800x600
  RenderView at (0,0) size 800x600
layer at (0,0) size 800x234
  RenderBlock {HTML} at (0,0) size 800x234
    RenderBody {BODY} at (8,16) size 784x202
      RenderBlock {P} at (20,0) size 764x93 [color=#0000FF] [border: (10px double #0000FF)]
        RenderText {#text} at (10,3) size 357x18
          text run at (10,3) width 357: "\x{21E6} This paragraph should have two blue lines on its left. "
        RenderInline {SPAN} at (0,0) size 748x90 [color=#C0C0C0]
          RenderText {#text} at (367,3) size 748x90
            text run at (367,3) width 391: "dummy text dummy text dummy text dummy text dummy text"
            text run at (10,21) width 52: "dummy "
            text run at (62,21) width 474: "text dummy text dummy text dummy text dummy text dummy text dummy "
            text run at (536,21) width 181: "text dummy text dummy text"
            text run at (10,39) width 289: "dummy text dummy text dummy text dummy "
            text run at (299,39) width 418: "text dummy text dummy text dummy text dummy text dummy text"
            text run at (10,57) width 52: "dummy "
            text run at (62,57) width 474: "text dummy text dummy text dummy text dummy text dummy text dummy "
            text run at (536,57) width 181: "text dummy text dummy text"
            text run at (10,75) width 154: "dummy text dummy text"
        RenderText {#text} at (0,0) size 0x0
      RenderBlock {P} at (20,109) size 764x93 [color=#0000FF] [border: (1px solid #0000FF)]
        RenderText {#text} at (1,3) size 362x18
          text run at (1,3) width 362: "\x{21E6} This paragraph should have a thin blue line on its left. "
        RenderInline {SPAN} at (0,0) size 759x90 [color=#C0C0C0]
          RenderText {#text} at (363,3) size 759x90
            text run at (363,3) width 391: "dummy text dummy text dummy text dummy text dummy text"
            text run at (1,21) width 52: "dummy "
            text run at (53,21) width 474: "text dummy text dummy text dummy text dummy text dummy text dummy "
            text run at (527,21) width 233: "text dummy text dummy text dummy"
            text run at (1,39) width 237: "text dummy text dummy text dummy "
            text run at (238,39) width 474: "text dummy text dummy text dummy text dummy text dummy text dummy "
            text run at (712,39) width 23: "text"
            text run at (1,57) width 447: "dummy text dummy text dummy text dummy text dummy text dummy "
            text run at (448,57) width 312: "text dummy text dummy text dummy text dummy"
            text run at (1,75) width 23: "text"
        RenderText {#text} at (0,0) size 0x0
