layer at (0,0) size 800x600
  RenderView at (0,0) size 800x600
layer at (0,0) size 800x234
  RenderBlock {HTML} at (0,0) size 800x234
    RenderBody {BODY} at (8,16) size 784x202
      RenderBlock {P} at (0,0) size 764x93 [color=#0000FF] [border: (10px double #0000FF) none]
        RenderText {#text} at (0,3) size 366x18
          text run at (0,3) width 366: "This paragraph should have two blue lines on its right. \x{21E8} "
        RenderInline {SPAN} at (0,0) size 734x90 [color=#C0C0C0]
          RenderText {#text} at (366,3) size 734x90
            text run at (366,3) width 364: "dummy text dummy text dummy text dummy text dummy"
            text run at (0,21) width 79: "text dummy "
            text run at (79,21) width 474: "text dummy text dummy text dummy text dummy text dummy text dummy "
            text run at (553,21) width 181: "text dummy text dummy text"
            text run at (0,39) width 289: "dummy text dummy text dummy text dummy "
            text run at (289,39) width 418: "text dummy text dummy text dummy text dummy text dummy text"
            text run at (0,57) width 52: "dummy "
            text run at (52,57) width 474: "text dummy text dummy text dummy text dummy text dummy text dummy "
            text run at (526,57) width 181: "text dummy text dummy text"
            text run at (0,75) width 154: "dummy text dummy text"
        RenderText {#text} at (0,0) size 0x0
      RenderBlock {P} at (0,109) size 764x93 [color=#0000FF] [border: (1px solid #0000FF) none]
        RenderText {#text} at (0,3) size 371x18
          text run at (0,3) width 371: "This paragraph should have a thin blue line on its right. \x{21E8} "
        RenderInline {SPAN} at (0,0) size 762x90 [color=#C0C0C0]
          RenderText {#text} at (371,3) size 762x90
            text run at (371,3) width 391: "dummy text dummy text dummy text dummy text dummy text"
            text run at (0,21) width 52: "dummy "
            text run at (52,21) width 474: "text dummy text dummy text dummy text dummy text dummy text dummy "
            text run at (526,21) width 233: "text dummy text dummy text dummy"
            text run at (0,39) width 237: "text dummy text dummy text dummy "
            text run at (237,39) width 474: "text dummy text dummy text dummy text dummy text dummy text dummy "
            text run at (711,39) width 23: "text"
            text run at (0,57) width 447: "dummy text dummy text dummy text dummy text dummy text dummy "
            text run at (447,57) width 312: "text dummy text dummy text dummy text dummy"
            text run at (0,75) width 23: "text"
        RenderText {#text} at (0,0) size 0x0
