layer at (0,0) size 800x600
  RenderView at (0,0) size 800x600
layer at (0,0) size 800x263
  RenderBlock {HTML} at (0,0) size 800x8
    RenderBody {BODY} at (8,8) size 784x0
      RenderBlock (floating) {DIV} at (0,0) size 588x255 [color=#FFFFFF] [bgcolor=#000080]
        RenderBlock (floating) {DIV} at (277,0) size 294x75 [color=#00FFFF] [bgcolor=#008080]
          RenderBlock {P} at (0,0) size 294x75
            RenderText {#text} at (0,0) size 294x75
              text run at (0,0) width 294: "To the right of this teal box there should be a"
              text run at (0,18) width 94: "purple square, "
              text run at (94,18) width 200: "tightly squeezed in between the"
              text run at (0,36) width 193: "edge of the teal box and the "
              text run at (193,36) width 101: "outside edge of"
              text run at (0,57) width 113: "the blue block. \x{21E8}"
        RenderBlock {P} at (0,0) size 588x255
          RenderText {#text} at (0,0) size 277x39
            text run at (0,0) width 277: "Inside this blue block on the right there"
            text run at (0,21) width 159: "should be a teal box. \x{21E8} "
          RenderInline {SPAN} at (0,0) size 588x234 [color=#000080]
            RenderText {#text} at (159,21) size 588x234
              text run at (159,21) width 118: "FAIL FAIL FAIL"
              text run at (0,39) width 277: "FAIL FAIL FAIL FAIL FAIL FAIL FAIL"
              text run at (0,57) width 80: "FAIL FAIL "
              text run at (80,57) width 197: "FAIL FAIL FAIL FAIL FAIL"
              text run at (0,75) width 297: "FAIL FAIL FAIL FAIL FAIL FAIL FAIL "
              text run at (297,75) width 291: "FAIL FAIL FAIL FAIL FAIL FAIL FAIL"
              text run at (0,93) width 212: "FAIL FAIL FAIL FAIL FAIL "
              text run at (212,93) width 376: "FAIL FAIL FAIL FAIL FAIL FAIL FAIL FAIL FAIL"
              text run at (0,111) width 127: "FAIL FAIL FAIL "
              text run at (127,111) width 461: "FAIL FAIL FAIL FAIL FAIL FAIL FAIL FAIL FAIL FAIL FAIL"
              text run at (0,129) width 42: "FAIL "
              text run at (42,129) width 510: "FAIL FAIL FAIL FAIL FAIL FAIL FAIL FAIL FAIL FAIL FAIL FAIL "
              text run at (552,129) width 36: "FAIL"
              text run at (0,147) width 467: "FAIL FAIL FAIL FAIL FAIL FAIL FAIL FAIL FAIL FAIL FAIL "
              text run at (467,147) width 121: "FAIL FAIL FAIL"
              text run at (0,165) width 382: "FAIL FAIL FAIL FAIL FAIL FAIL FAIL FAIL FAIL "
              text run at (382,165) width 206: "FAIL FAIL FAIL FAIL FAIL"
              text run at (0,183) width 297: "FAIL FAIL FAIL FAIL FAIL FAIL FAIL "
              text run at (297,183) width 291: "FAIL FAIL FAIL FAIL FAIL FAIL FAIL"
              text run at (0,201) width 212: "FAIL FAIL FAIL FAIL FAIL "
              text run at (212,201) width 376: "FAIL FAIL FAIL FAIL FAIL FAIL FAIL FAIL FAIL"
              text run at (0,219) width 127: "FAIL FAIL FAIL "
              text run at (127,219) width 461: "FAIL FAIL FAIL FAIL FAIL FAIL FAIL FAIL FAIL FAIL FAIL"
              text run at (0,237) width 40: "FAIL "
              text run at (40,237) width 476: "FAIL FAIL FAIL FAIL FAIL FAIL FAIL FAIL FAIL FAIL FAIL FAIL"
          RenderText {#text} at (0,0) size 0x0
