layer at (0,0) size 800x600
  RenderView at (0,0) size 800x600
layer at (0,0) size 800x313
  RenderBlock {HTML} at (0,0) size 800x313
    RenderBody {BODY} at (8,8) size 784x297
      RenderBlock (floating) {DIV} at (0,0) size 196x286 [color=#FFFFFF] [bgcolor=#000080]
        RenderBlock {P} at (0,0) size 196x286
          RenderText {#text} at (0,11) size 185x275
            text run at (0,11) width 145: "\x{21E6} This"
            text run at (0,66) width 166: "blue box"
            text run at (0,121) width 185: "should be"
            text run at (0,176) width 118: "on the"
            text run at (0,231) width 75: "left."
      RenderBlock (floating) {DIV} at (588,0) size 196x286 [color=#FFFFFF] [bgcolor=#008080]
        RenderBlock {P} at (0,0) size 196x286
          RenderText {#text} at (0,0) size 185x286
            text run at (0,0) width 165: "This teal"
            text run at (0,55) width 72: "box"
            text run at (0,110) width 185: "should be"
            text run at (0,165) width 118: "on the"
            text run at (0,231) width 162: "right. \x{21E8}"
      RenderBlock {P} at (0,0) size 784x297
        RenderText {#text} at (196,0) size 365x297
          text run at (196,0) width 365: "This text should be"
          text run at (196,55) width 335: "in between a blue"
          text run at (196,121) width 325: "box on the \x{21E6}left"
          text run at (196,176) width 326: "and a teal box on"
          text run at (196,242) width 220: "the right\x{21E8}."
