layer at (0,0) size 800x600
  RenderView at (0,0) size 800x600
layer at (0,0) size 800x287
  RenderBlock {HTML} at (0,0) size 800x287
    RenderBody {BODY} at (8,16) size 784x255
      RenderBlock {P} at (0,0) size 784x255 [color=#000080]
        RenderImage {IMG} at (0,0) size 50x50
        RenderText {#text} at (50,3) size 328x18
          text run at (50,3) width 328: "\x{21E6} This text should flow around the box on the left. "
        RenderInline {SPAN} at (0,0) size 769x252 [color=#C0C0C0]
          RenderText {#text} at (378,3) size 769x252
            text run at (378,3) width 391: "dummy text dummy text dummy text dummy text dummy text"
            text run at (50,21) width 52: "dummy "
            text run at (102,21) width 474: "text dummy text dummy text dummy text dummy text dummy text dummy "
            text run at (576,21) width 181: "text dummy text dummy text"
            text run at (50,39) width 289: "dummy text dummy text dummy text dummy "
            text run at (339,39) width 418: "text dummy text dummy text dummy text dummy text dummy text"
            text run at (0,57) width 52: "dummy "
            text run at (52,57) width 474: "text dummy text dummy text dummy text dummy text dummy text dummy "
            text run at (526,57) width 233: "text dummy text dummy text dummy"
            text run at (0,75) width 237: "text dummy text dummy text dummy "
            text run at (237,75) width 474: "text dummy text dummy text dummy text dummy text dummy text dummy "
            text run at (711,75) width 23: "text"
            text run at (0,93) width 447: "dummy text dummy text dummy text dummy text dummy text dummy "
            text run at (447,93) width 312: "text dummy text dummy text dummy text dummy"
            text run at (0,111) width 158: "text dummy text dummy "
            text run at (158,111) width 474: "text dummy text dummy text dummy text dummy text dummy text dummy "
            text run at (632,111) width 102: "text dummy text"
            text run at (0,129) width 368: "dummy text dummy text dummy text dummy text dummy "
            text run at (368,129) width 391: "text dummy text dummy text dummy text dummy text dummy"
            text run at (0,147) width 79: "text dummy "
            text run at (79,147) width 474: "text dummy text dummy text dummy text dummy text dummy text dummy "
            text run at (553,147) width 181: "text dummy text dummy text"
            text run at (0,165) width 289: "dummy text dummy text dummy text dummy "
            text run at (289,165) width 470: "text dummy text dummy text dummy text dummy text dummy text dummy"
            text run at (0,183) width 474: "text dummy text dummy text dummy text dummy text dummy text dummy "
            text run at (474,183) width 260: "text dummy text dummy text dummy text"
            text run at (0,201) width 210: "dummy text dummy text dummy "
            text run at (210,201) width 474: "text dummy text dummy text dummy text dummy text dummy text dummy "
            text run at (684,201) width 75: "text dummy"
            text run at (0,219) width 395: "text dummy text dummy text dummy text dummy text dummy "
            text run at (395,219) width 339: "text dummy text dummy text dummy text dummy text"
            text run at (0,237) width 131: "dummy text dummy "
            text run at (131,237) width 418: "text dummy text dummy text dummy text dummy text dummy text"
        RenderText {#text} at (0,0) size 0x0
