layer at (0,0) size 800x1495
  RenderView at (0,0) size 800x600
layer at (0,0) size 800x1495
  RenderBlock {HTML} at (0,0) size 800x1495
    RenderBody {BODY} at (8,18) size 784x1469 [color=#00FF00] [bgcolor=#333333]
      RenderBlock {H1} at (0,0) size 784x39
        RenderText {#text} at (0,0) size 561x38
          text run at (0,0) width 561: "CSS2 Table Backgrounds Test Suite"
      RenderBlock {H2} at (0,57) size 784x29
        RenderText {#text} at (0,0) size 351x29
          text run at (0,0) width 351: "Part B: Background Position"
      RenderBlock {H3} at (0,103) size 784x23
        RenderText {#text} at (0,0) size 250x23
          text run at (0,0) width 250: "Background on 'table-row'"
      RenderBlock {P} at (0,142) size 784x19
        RenderText {#text} at (0,1) size 176x17
          text run at (0,1) width 176: "Three rows are styled."
      RenderBlock {P} at (0,175) size 784x57
        RenderText {#text} at (0,1) size 776x55
          text run at (0,1) width 488: "The first row should have three aqua stripes just inside the "
          text run at (488,1) width 288: "bottom and right border edges of its"
          text run at (0,20) width 224: "last cell. The bottom three "
          text run at (224,20) width 528: "stripes should continue across the row, appearing along the border"
          text run at (0,39) width 144: "edge of each cell."
      RenderBlock {P} at (0,246) size 784x57
        RenderText {#text} at (0,1) size 784x55
          text run at (0,1) width 480: "The second row should have three vertical aqua stripes just "
          text run at (480,1) width 304: "inside the left border edge of the top"
          text run at (0,20) width 232: "half of the first cell (Cell "
          text run at (232,20) width 520: "E.) Three horizontal aqua stripes should cut across that cell and"
          text run at (0,39) width 472: "align along the bottom border edge of the last three cells."
      RenderBlock {P} at (0,317) size 784x38
        RenderText {#text} at (0,1) size 744x36
          text run at (0,1) width 528: "The third row should have three horizontal aqua stripes along the "
          text run at (528,1) width 216: "top border edge of the last"
          text run at (0,20) width 184: "three cells in the row."
      RenderBlock {DL} at (0,369) size 784x114
        RenderBlock {DT} at (0,0) size 784x19
          RenderText {#text} at (0,1) size 32x17
            text run at (0,1) width 32: "next"
        RenderBlock {DD} at (40,19) size 744x19
          RenderInline {A} at (0,0) size 392x17 [color=#FFFF00]
            RenderText {#text} at (0,1) size 392x17
              text run at (0,1) width 392: "Background Position: Background on 'table-column'"
          RenderText {#text} at (0,0) size 0x0
        RenderBlock {DT} at (0,38) size 784x19
          RenderText {#text} at (0,1) size 64x17
            text run at (0,1) width 64: "previous"
        RenderBlock {DD} at (40,57) size 744x19
          RenderInline {A} at (0,0) size 440x17 [color=#FFFF00]
            RenderText {#text} at (0,1) size 440x17
              text run at (0,1) width 440: "Background Position: Background on 'table-column-group'"
          RenderText {#text} at (0,0) size 0x0
        RenderBlock {DT} at (0,76) size 784x19
          RenderText {#text} at (0,1) size 64x17
            text run at (0,1) width 64: "contents"
        RenderBlock {DD} at (40,95) size 744x19
          RenderInline {A} at (0,0) size 136x17 [color=#FFFF00]
            RenderText {#text} at (0,1) size 136x17
              text run at (0,1) width 136: "Table of Contents"
          RenderText {#text} at (0,0) size 0x0
      RenderTable {TABLE} at (0,497) size 618x482 [color=#FFFFFF] [border: (1px dotted #FFFFFF)]
        RenderBlock {CAPTION} at (0,0) size 616x24
          RenderText {#text} at (181,0) size 254x24
            text run at (181,0) width 254: "With 'border-collapse: separate'"
        RenderTableCol {COLGROUP} at (0,0) size 0x0
          RenderTableCol {COL} at (0,0) size 0x0
          RenderTableCol {COL} at (0,0) size 0x0
          RenderTableCol {COL} at (0,0) size 0x0
        RenderTableCol {COLGROUP} at (0,0) size 0x0
          RenderTableCol {COL} at (0,0) size 0x0
        RenderTableSection {THEAD} at (1,25) size 616x114
          RenderTableRow {TR} at (0,7) size 616x100 [bgcolor=#000000]
            RenderTableCell {TH} at (7,43) size 130x28 [border: (1px dotted #FFFFFF)] [r=0 c=0 rs=1 cs=1]
              RenderText {#text} at (45,2) size 39x24
                text run at (45,2) width 39: "TH A"
            RenderTableCell {TH} at (144,31) size 220x52 [border: (13px dotted #FFFFFF)] [r=0 c=1 rs=1 cs=1]
              RenderText {#text} at (90,14) size 39x24
                text run at (90,14) width 39: "TH B"
            RenderTableCell {TH} at (371,43) size 118x28 [border: (1px dotted #FFFFFF)] [r=0 c=2 rs=1 cs=1]
              RenderText {#text} at (39,2) size 39x24
                text run at (39,2) width 39: "TH C"
            RenderTableCell {TH} at (496,43) size 113x28 [border: (1px dotted #FFFFFF)] [r=0 c=3 rs=1 cs=1]
              RenderText {#text} at (37,2) size 39x24
                text run at (37,2) width 39: "TH D"
        RenderTableSection {TFOOT} at (1,352) size 616x129
          RenderTableRow {TR} at (0,7) size 616x115
            RenderTableCell {TD} at (7,50) size 357x28 [border: (1px dotted #FFFFFF)] [r=0 c=0 rs=1 cs=2]
              RenderText {#text} at (2,2) size 41x24
                text run at (2,2) width 41: "TD M"
            RenderTableCell {TD} at (371,50) size 118x28 [border: (1px dotted #FFFFFF)] [r=0 c=2 rs=1 cs=1]
              RenderText {#text} at (2,2) size 40x24
                text run at (2,2) width 40: "TD O"
            RenderTableCell {TD} at (496,50) size 113x28 [border: (1px dotted #FFFFFF)] [r=0 c=3 rs=1 cs=1]
              RenderText {#text} at (2,2) size 38x24
                text run at (2,2) width 38: "TD P"
        RenderTableSection {TBODY} at (1,139) size 616x213
          RenderTableRow {TR} at (0,7) size 616x108 [bgcolor=#000000]
            RenderTableCell {TD} at (7,80) size 130x52 [border: (13px dotted #FFFFFF)] [r=0 c=0 rs=2 cs=1]
              RenderText {#text} at (14,14) size 38x24
                text run at (14,14) width 38: "TD E"
            RenderTableCell {TD} at (144,47) size 220x28 [border: (1px dotted #FFFFFF)] [r=0 c=1 rs=1 cs=1]
              RenderText {#text} at (2,2) size 37x24
                text run at (2,2) width 37: "TD F"
            RenderTableCell {TD} at (371,47) size 118x28 [border: (1px dotted #FFFFFF)] [r=0 c=2 rs=1 cs=1]
              RenderText {#text} at (2,2) size 40x24
                text run at (2,2) width 40: "TD G"
            RenderTableCell {TD} at (496,47) size 113x28 [border: (1px dotted #FFFFFF)] [r=0 c=3 rs=1 cs=1]
              RenderText {#text} at (2,2) size 39x24
                text run at (2,2) width 39: "TD H"
          RenderTableRow {TR} at (0,122) size 616x84 [bgcolor=#000000]
            RenderTableCell {TD} at (144,150) size 220x28 [border: (1px dotted #FFFFFF)] [r=1 c=1 rs=1 cs=1]
              RenderText {#text} at (2,2) size 36x24
                text run at (2,2) width 36: "TD J"
            RenderTableCell {TD} at (371,150) size 118x28 [border: (1px dotted #FFFFFF)] [r=1 c=2 rs=1 cs=1]
              RenderText {#text} at (2,2) size 39x24
                text run at (2,2) width 39: "TD K"
            RenderTableCell {TD} at (496,150) size 113x28 [border: (1px dotted #FFFFFF)] [r=1 c=3 rs=1 cs=1]
              RenderText {#text} at (2,2) size 37x24
                text run at (2,2) width 37: "TD L"
      RenderTable {TABLE} at (0,979) size 578x434 [color=#FFFFFF] [border: (6px dotted #FFFFFF)]
        RenderBlock {CAPTION} at (0,0) size 577x24
          RenderText {#text} at (162,0) size 252x24
            text run at (162,0) width 252: "With 'border-collapse: collapse'"
        RenderTableCol {COLGROUP} at (0,0) size 0x0
          RenderTableCol {COL} at (0,0) size 0x0
          RenderTableCol {COL} at (0,0) size 0x0
          RenderTableCol {COL} at (0,0) size 0x0
        RenderTableCol {COLGROUP} at (0,0) size 0x0
          RenderTableCol {COL} at (0,0) size 0x0
        RenderTableSection {THEAD} at (0,30) size 577x99
          RenderTableRow {TR} at (0,0) size 577x99 [bgcolor=#000000]
            RenderTableCell {TH} at (0,33) size 135x33 [border: (1px dotted #FFFFFF)] [r=0 c=0 rs=1 cs=1]
              RenderText {#text} at (45,2) size 39x24
                text run at (45,2) width 39: "TH A"
            RenderTableCell {TH} at (135,30) size 207x39 [border: (7px dotted #FFFFFF)] [r=0 c=1 rs=1 cs=1]
              RenderText {#text} at (84,8) size 39x24
                text run at (84,8) width 39: "TH B"
            RenderTableCell {TH} at (342,36) size 123x27 [border: (1px dotted #FFFFFF)] [r=0 c=2 rs=1 cs=1]
              RenderText {#text} at (45,2) size 39x24
                text run at (45,2) width 39: "TH C"
            RenderTableCell {TH} at (465,36) size 112x27 [border: (1px dotted #FFFFFF)] [r=0 c=3 rs=1 cs=1]
              RenderText {#text} at (37,2) size 39x24
                text run at (37,2) width 39: "TH D"
        RenderTableSection {TFOOT} at (0,319) size 577x114
          RenderTableRow {TR} at (0,0) size 577x114
            RenderTableCell {TD} at (0,40) size 342x33 [border: (7px dotted #FFFFFF)] [r=0 c=0 rs=1 cs=2]
              RenderText {#text} at (2,8) size 41x24
                text run at (2,8) width 41: "TD M"
            RenderTableCell {TD} at (342,43) size 123x27 [border: (1px dotted #FFFFFF)] [r=0 c=2 rs=1 cs=1]
              RenderText {#text} at (2,2) size 40x24
                text run at (2,2) width 40: "TD O"
            RenderTableCell {TD} at (465,43) size 112x27 [border: (1px dotted #FFFFFF)] [r=0 c=3 rs=1 cs=1]
              RenderText {#text} at (2,2) size 38x24
                text run at (2,2) width 38: "TD P"
        RenderTableSection {TBODY} at (0,129) size 577x190
          RenderTableRow {TR} at (0,0) size 577x107 [bgcolor=#000000]
            RenderTableCell {TD} at (0,75) size 135x39 [border: (7px dotted #FFFFFF)] [r=0 c=0 rs=2 cs=1]
              RenderText {#text} at (8,8) size 38x24
                text run at (8,8) width 38: "TD E"
            RenderTableCell {TD} at (135,37) size 207x33 [border: (7px dotted #FFFFFF)] [r=0 c=1 rs=1 cs=1]
              RenderText {#text} at (8,8) size 37x24
                text run at (8,8) width 37: "TD F"
            RenderTableCell {TD} at (342,40) size 123x27 [border: (1px dotted #FFFFFF)] [r=0 c=2 rs=1 cs=1]
              RenderText {#text} at (2,2) size 40x24
                text run at (2,2) width 40: "TD G"
            RenderTableCell {TD} at (465,40) size 112x27 [border: (1px dotted #FFFFFF)] [r=0 c=3 rs=1 cs=1]
              RenderText {#text} at (2,2) size 39x24
                text run at (2,2) width 39: "TD H"
          RenderTableRow {TR} at (0,107) size 577x83 [bgcolor=#000000]
            RenderTableCell {TD} at (135,135) size 207x27 [border: (1px dotted #FFFFFF)] [r=1 c=1 rs=1 cs=1]
              RenderText {#text} at (8,2) size 36x24
                text run at (8,2) width 36: "TD J"
            RenderTableCell {TD} at (342,135) size 123x27 [border: (1px dotted #FFFFFF)] [r=1 c=2 rs=1 cs=1]
              RenderText {#text} at (2,2) size 39x24
                text run at (2,2) width 39: "TD K"
            RenderTableCell {TD} at (465,135) size 112x27 [border: (1px dotted #FFFFFF)] [r=1 c=3 rs=1 cs=1]
              RenderText {#text} at (2,2) size 37x24
                text run at (2,2) width 37: "TD L"
      RenderBlock {DIV} at (0,1413) size 784x37
        RenderInline {A} at (0,0) size 88x17 [color=#FFFF00]
          RenderImage {IMG} at (0,0) size 88x31
        RenderText {#text} at (0,0) size 0x0
      RenderBlock {ADDRESS} at (0,1450) size 784x19
        RenderText {#text} at (0,0) size 704x19
          text run at (0,0) width 704: "CSS2 Table Backgrounds Test Suite designed and written by fantasai <fantasai@escape.com>"
