layer at (0,0) size 800x1399
  RenderView at (0,0) size 800x600
layer at (0,0) size 800x1399
  RenderBlock {HTML} at (0,0) size 800x1399
    RenderBody {BODY} at (8,18) size 784x1373 [color=#00FF00] [bgcolor=#333333]
      RenderBlock {H1} at (0,0) size 784x39
        RenderText {#text} at (0,0) size 561x38
          text run at (0,0) width 561: "CSS2 Table Backgrounds Test Suite"
      RenderBlock {H2} at (0,57) size 784x29
        RenderText {#text} at (0,0) size 403x29
          text run at (0,0) width 403: "Part D: Background with Borders"
      RenderBlock {H3} at (0,103) size 784x23
        RenderText {#text} at (0,0) size 340x23
          text run at (0,0) width 340: "Background on 'table-column-group'"
      RenderBlock {P} at (0,142) size 784x57
        RenderText {#text} at (0,1) size 776x55
          text run at (0,1) width 776: "Three aqua stripes should run along the bottom of the last cell in the first three columns and up"
          text run at (0,20) width 776: "along the right edge of the cells in the third column. The stripes should align to be just inside"
          text run at (0,39) width 272: "the padding edge in cells M and G."
      RenderBlock {P} at (0,213) size 784x38
        RenderText {#text} at (0,1) size 776x36
          text run at (0,1) width 776: "Three aqua stripes should also run just inside the top padding edge of the first cell in the last"
          text run at (0,20) width 520: "column and down the left border edge of each cell in that column."
      RenderBlock {DL} at (0,265) size 784x114
        RenderBlock {DT} at (0,0) size 784x19
          RenderText {#text} at (0,1) size 32x17
            text run at (0,1) width 32: "next"
        RenderBlock {DD} at (40,19) size 744x19
          RenderInline {A} at (0,0) size 400x17 [color=#FFFF00]
            RenderText {#text} at (0,1) size 400x17
              text run at (0,1) width 400: "Background with Borders: Background on 'table-row'"
          RenderText {#text} at (0,0) size 0x0
        RenderBlock {DT} at (0,38) size 784x19
          RenderText {#text} at (0,1) size 64x17
            text run at (0,1) width 64: "previous"
        RenderBlock {DD} at (40,57) size 744x19
          RenderInline {A} at (0,0) size 448x17 [color=#FFFF00]
            RenderText {#text} at (0,1) size 448x17
              text run at (0,1) width 448: "Background with Borders: Background on 'table-row-group'"
          RenderText {#text} at (0,0) size 0x0
        RenderBlock {DT} at (0,76) size 784x19
          RenderText {#text} at (0,1) size 64x17
            text run at (0,1) width 64: "contents"
        RenderBlock {DD} at (40,95) size 744x19
          RenderInline {A} at (0,0) size 136x17 [color=#FFFF00]
            RenderText {#text} at (0,1) size 136x17
              text run at (0,1) width 136: "Table of Contents"
          RenderText {#text} at (0,0) size 0x0
      RenderTable {TABLE} at (0,393) size 622x486 [color=#FFFFFF] [border: (3px dotted #FFFFFF)]
        RenderBlock {CAPTION} at (0,0) size 616x24
          RenderText {#text} at (181,0) size 254x24
            text run at (181,0) width 254: "With 'border-collapse: separate'"
        RenderTableCol {COLGROUP} at (0,0) size 0x0 [bgcolor=#000000] [border: (5px dashed #FFFFFF)]
          RenderTableCol {COL} at (0,0) size 0x0
          RenderTableCol {COL} at (0,0) size 0x0
          RenderTableCol {COL} at (0,0) size 0x0 [border: (9px dashed #FFFFFF)]
        RenderTableCol {COLGROUP} at (0,0) size 0x0 [bgcolor=#000000]
          RenderTableCol {COL} at (0,0) size 0x0
        RenderTableSection {THEAD} at (3,27) size 616x114
          RenderTableRow {TR} at (0,7) size 616x100
            RenderTableCell {TH} at (7,43) size 130x28 [border: (1px dotted #FFFFFF)] [r=0 c=0 rs=1 cs=1]
              RenderText {#text} at (45,2) size 39x24
                text run at (45,2) width 39: "TH A"
            RenderTableCell {TH} at (144,31) size 220x52 [border: (13px dotted #FFFFFF)] [r=0 c=1 rs=1 cs=1]
              RenderText {#text} at (90,14) size 39x24
                text run at (90,14) width 39: "TH B"
            RenderTableCell {TH} at (371,43) size 118x28 [border: (1px dotted #FFFFFF)] [r=0 c=2 rs=1 cs=1]
              RenderText {#text} at (39,2) size 39x24
                text run at (39,2) width 39: "TH C"
            RenderTableCell {TH} at (496,43) size 113x28 [border: (1px dotted #FFFFFF)] [r=0 c=3 rs=1 cs=1]
              RenderText {#text} at (37,2) size 39x24
                text run at (37,2) width 39: "TH D"
        RenderTableSection {TFOOT} at (3,354) size 616x129
          RenderTableRow {TR} at (0,7) size 616x115
            RenderTableCell {TD} at (7,46) size 357x36 [border: (5px dashed #FFFFFF)] [r=0 c=0 rs=1 cs=2]
              RenderText {#text} at (6,6) size 41x24
                text run at (6,6) width 41: "TD M"
            RenderTableCell {TD} at (371,50) size 118x28 [border: (1px dotted #FFFFFF)] [r=0 c=2 rs=1 cs=1]
              RenderText {#text} at (2,2) size 40x24
                text run at (2,2) width 40: "TD O"
            RenderTableCell {TD} at (496,50) size 113x28 [border: (1px dotted #FFFFFF)] [r=0 c=3 rs=1 cs=1]
              RenderText {#text} at (2,2) size 38x24
                text run at (2,2) width 38: "TD P"
        RenderTableSection {TBODY} at (3,141) size 616x213
          RenderTableRow {TR} at (0,7) size 616x108
            RenderTableCell {TD} at (7,80) size 130x52 [border: (13px dotted #FFFFFF)] [r=0 c=0 rs=2 cs=1]
              RenderText {#text} at (14,14) size 38x24
                text run at (14,14) width 38: "TD E"
            RenderTableCell {TD} at (144,47) size 220x28 [border: (1px dotted #FFFFFF)] [r=0 c=1 rs=1 cs=1]
              RenderText {#text} at (2,2) size 37x24
                text run at (2,2) width 37: "TD F"
            RenderTableCell {TD} at (371,43) size 118x36 [border: (5px dashed #FFFFFF)] [r=0 c=2 rs=1 cs=1]
              RenderText {#text} at (6,6) size 40x24
                text run at (6,6) width 40: "TD G"
            RenderTableCell {TD} at (496,47) size 113x28 [border: (1px dotted #FFFFFF)] [r=0 c=3 rs=1 cs=1]
              RenderText {#text} at (2,2) size 39x24
                text run at (2,2) width 39: "TD H"
          RenderTableRow {TR} at (0,122) size 616x84
            RenderTableCell {TD} at (144,150) size 220x28 [border: (1px dotted #FFFFFF)] [r=1 c=1 rs=1 cs=1]
              RenderText {#text} at (2,2) size 36x24
                text run at (2,2) width 36: "TD J"
            RenderTableCell {TD} at (371,150) size 118x28 [border: (1px dotted #FFFFFF)] [r=1 c=2 rs=1 cs=1]
              RenderText {#text} at (2,2) size 39x24
                text run at (2,2) width 39: "TD K"
            RenderTableCell {TD} at (496,150) size 113x28 [border: (1px dotted #FFFFFF)] [r=1 c=3 rs=1 cs=1]
              RenderText {#text} at (2,2) size 37x24
                text run at (2,2) width 37: "TD L"
      RenderTable {TABLE} at (0,879) size 591x438 [color=#FFFFFF] [border: (6px dotted #FFFFFF)]
        RenderBlock {CAPTION} at (0,0) size 588x24
          RenderText {#text} at (168,0) size 252x24
            text run at (168,0) width 252: "With 'border-collapse: collapse'"
        RenderTableCol {COLGROUP} at (0,0) size 0x0 [bgcolor=#000000] [border: (5px dashed #FFFFFF)]
          RenderTableCol {COL} at (0,0) size 0x0
          RenderTableCol {COL} at (0,0) size 0x0
          RenderTableCol {COL} at (0,0) size 0x0 [border: (9px dashed #FFFFFF)]
        RenderTableCol {COLGROUP} at (0,0) size 0x0 [bgcolor=#000000]
          RenderTableCol {COL} at (0,0) size 0x0
        RenderTableSection {THEAD} at (1,30) size 588x100
          RenderTableRow {TR} at (0,0) size 588x100
            RenderTableCell {TH} at (0,32) size 137x35 [border: (3px dotted #FFFFFF)] [r=0 c=0 rs=1 cs=1]
              RenderText {#text} at (47,4) size 39x24
                text run at (47,4) width 39: "TH A"
            RenderTableCell {TH} at (137,30) size 207x39 [border: (7px dotted #FFFFFF)] [r=0 c=1 rs=1 cs=1]
              RenderText {#text} at (84,8) size 39x24
                text run at (84,8) width 39: "TH B"
            RenderTableCell {TH} at (344,33) size 127x33 [border: (5px dotted #FFFFFF)] [r=0 c=2 rs=1 cs=1]
              RenderText {#text} at (45,6) size 39x24
                text run at (45,6) width 39: "TH C"
            RenderTableCell {TH} at (471,36) size 117x28 [border: (2px dotted #FFFFFF)] [r=0 c=3 rs=1 cs=1]
              RenderText {#text} at (41,3) size 39x24
                text run at (41,3) width 39: "TH D"
        RenderTableSection {TFOOT} at (1,320) size 588x115
          RenderTableRow {TR} at (0,0) size 588x115
            RenderTableCell {TD} at (0,40) size 471x35 [border: (7px dashed #FFFFFF)] [r=0 c=0 rs=1 cs=3]
              RenderText {#text} at (4,8) size 41x24
                text run at (4,8) width 41: "TD M"
            RenderTableCell {TD} at (471,43) size 117x28 [border: (1px dotted #FFFFFF)] [r=0 c=3 rs=1 cs=1]
              RenderText {#text} at (6,2) size 38x24
                text run at (6,2) width 38: "TD P"
        RenderTableSection {TBODY} at (1,130) size 588x190
          RenderTableRow {TR} at (0,0) size 588x107
            RenderTableCell {TD} at (0,75) size 137x39 [border: (7px dotted #FFFFFF)] [r=0 c=0 rs=2 cs=1]
              RenderText {#text} at (8,8) size 38x24
                text run at (8,8) width 38: "TD E"
            RenderTableCell {TD} at (137,37) size 207x33 [border: (7px dotted #FFFFFF)] [r=0 c=1 rs=1 cs=1]
              RenderText {#text} at (8,8) size 37x24
                text run at (8,8) width 37: "TD F"
            RenderTableCell {TD} at (344,38) size 127x31 [border: (3px dashed #FFFFFF)] [r=0 c=2 rs=1 cs=1]
              RenderText {#text} at (6,4) size 40x24
                text run at (6,4) width 40: "TD G"
            RenderTableCell {TD} at (471,40) size 117x27 [border: (1px dotted #FFFFFF)] [r=0 c=3 rs=1 cs=1]
              RenderText {#text} at (6,2) size 39x24
                text run at (6,2) width 39: "TD H"
          RenderTableRow {TR} at (0,107) size 588x83
            RenderTableCell {TD} at (137,134) size 207x29 [border: (1px dotted #FFFFFF)] [r=1 c=1 rs=1 cs=1]
              RenderText {#text} at (8,2) size 36x24
                text run at (8,2) width 36: "TD J"
            RenderTableCell {TD} at (344,133) size 127x31 [border: (3px dotted #FFFFFF)] [r=1 c=2 rs=1 cs=1]
              RenderText {#text} at (6,4) size 39x24
                text run at (6,4) width 39: "TD K"
            RenderTableCell {TD} at (471,135) size 117x27 [border: (1px dotted #FFFFFF)] [r=1 c=3 rs=1 cs=1]
              RenderText {#text} at (6,2) size 37x24
                text run at (6,2) width 37: "TD L"
      RenderBlock {DIV} at (0,1317) size 784x37
        RenderInline {A} at (0,0) size 88x17 [color=#FFFF00]
          RenderImage {IMG} at (0,0) size 88x31
        RenderText {#text} at (0,0) size 0x0
      RenderBlock {ADDRESS} at (0,1354) size 784x19
        RenderText {#text} at (0,0) size 704x19
          text run at (0,0) width 704: "CSS2 Table Backgrounds Test Suite designed and written by fantasai <fantasai@escape.com>"
