layer at (0,0) size 800x1550
  RenderView at (0,0) size 800x600
layer at (0,0) size 800x1550
  RenderBlock {HTML} at (0,0) size 800x1550
    RenderBody {BODY} at (8,18) size 784x1524 [color=#00FF00] [bgcolor=#333333]
      RenderBlock {H1} at (0,0) size 784x39
        RenderText {#text} at (0,0) size 561x38
          text run at (0,0) width 561: "CSS2 Table Backgrounds Test Suite"
      RenderBlock {H2} at (0,57) size 784x29
        RenderText {#text} at (0,0) size 403x29
          text run at (0,0) width 403: "Part D: Background with Borders"
      RenderBlock {H3} at (0,103) size 784x23
        RenderText {#text} at (0,0) size 250x23
          text run at (0,0) width 250: "Background on 'table-row'"
      RenderBlock {P} at (0,142) size 784x19
        RenderText {#text} at (0,1) size 176x17
          text run at (0,1) width 176: "Three rows are styled."
      RenderBlock {P} at (0,175) size 784x76
        RenderText {#text} at (0,1) size 784x74
          text run at (0,1) width 784: "The first row should have three aqua stripes just inside the bottom and right padding edges of its"
          text run at (0,20) width 776: "last cell. The bottom three stripes should continue across the row, appearing along the bottom of"
          text run at (0,39) width 768: "cells A, B, and C. (The bottom aqua stripe will be obscured by the thicker bottom border in cell"
          text run at (0,58) width 24: "B.)"
      RenderBlock {P} at (0,265) size 784x57
        RenderText {#text} at (0,1) size 768x55
          text run at (0,1) width 736: "The second row should have three vertical aqua stripes a few pixels to the right of the left"
          text run at (0,20) width 768: "padding edge. Three horizontal aqua stripes should cut across the first cell and align along the"
          text run at (0,39) width 232: "bottom border edge of cell G."
      RenderBlock {P} at (0,336) size 784x38
        RenderText {#text} at (0,1) size 752x36
          text run at (0,1) width 752: "The third row should have three horizontal aqua stripes along the top of the last three cells,"
          text run at (0,20) width 672: "aligning along cell K's top padding edge. The stripes will not continue into cell E."
      RenderBlock {DL} at (0,388) size 784x114
        RenderBlock {DT} at (0,0) size 784x19
          RenderText {#text} at (0,1) size 32x17
            text run at (0,1) width 32: "next"
        RenderBlock {DD} at (40,19) size 744x19
          RenderInline {A} at (0,0) size 424x17 [color=#FFFF00]
            RenderText {#text} at (0,1) size 424x17
              text run at (0,1) width 424: "Background with Borders: Background on 'table-column'"
          RenderText {#text} at (0,0) size 0x0
        RenderBlock {DT} at (0,38) size 784x19
          RenderText {#text} at (0,1) size 64x17
            text run at (0,1) width 64: "previous"
        RenderBlock {DD} at (40,57) size 744x19
          RenderInline {A} at (0,0) size 472x17 [color=#FFFF00]
            RenderText {#text} at (0,1) size 472x17
              text run at (0,1) width 472: "Background with Borders: Background on 'table-column-group'"
          RenderText {#text} at (0,0) size 0x0
        RenderBlock {DT} at (0,76) size 784x19
          RenderText {#text} at (0,1) size 64x17
            text run at (0,1) width 64: "contents"
        RenderBlock {DD} at (40,95) size 744x19
          RenderInline {A} at (0,0) size 136x17 [color=#FFFF00]
            RenderText {#text} at (0,1) size 136x17
              text run at (0,1) width 136: "Table of Contents"
          RenderText {#text} at (0,0) size 0x0
      RenderTable {TABLE} at (0,516) size 630x494 [color=#FFFFFF] [border: (3px dotted #FFFFFF)]
        RenderBlock {CAPTION} at (0,0) size 624x24
          RenderText {#text} at (185,0) size 254x24
            text run at (185,0) width 254: "With 'border-collapse: separate'"
        RenderTableCol {COLGROUP} at (0,0) size 0x0
          RenderTableCol {COL} at (0,0) size 0x0
          RenderTableCol {COL} at (0,0) size 0x0
          RenderTableCol {COL} at (0,0) size 0x0
        RenderTableCol {COLGROUP} at (0,0) size 0x0
          RenderTableCol {COL} at (0,0) size 0x0
        RenderTableSection {THEAD} at (3,27) size 624x122
          RenderTableRow {TR} at (0,7) size 624x108 [bgcolor=#000000] [border: (5px dashed #FFFFFF)]
            RenderTableCell {TH} at (7,47) size 130x28 [border: (1px dotted #FFFFFF)] [r=0 c=0 rs=1 cs=1]
              RenderText {#text} at (45,2) size 39x24
                text run at (45,2) width 39: "TH A"
            RenderTableCell {TH} at (144,35) size 220x52 [border: (13px dotted #FFFFFF)] [r=0 c=1 rs=1 cs=1]
              RenderText {#text} at (90,14) size 39x24
                text run at (90,14) width 39: "TH B"
            RenderTableCell {TH} at (371,47) size 118x28 [border: (1px dotted #FFFFFF)] [r=0 c=2 rs=1 cs=1]
              RenderText {#text} at (39,2) size 39x24
                text run at (39,2) width 39: "TH C"
            RenderTableCell {TH} at (496,43) size 121x36 [border: (5px dashed #FFFFFF)] [r=0 c=3 rs=1 cs=1]
              RenderText {#text} at (41,6) size 39x24
                text run at (41,6) width 39: "TH D"
        RenderTableSection {TFOOT} at (3,362) size 624x129
          RenderTableRow {TR} at (0,7) size 624x115
            RenderTableCell {TD} at (7,50) size 357x28 [border: (1px dotted #FFFFFF)] [r=0 c=0 rs=1 cs=2]
              RenderText {#text} at (2,2) size 41x24
                text run at (2,2) width 41: "TD M"
            RenderTableCell {TD} at (371,50) size 118x28 [border: (1px dotted #FFFFFF)] [r=0 c=2 rs=1 cs=1]
              RenderText {#text} at (2,2) size 40x24
                text run at (2,2) width 40: "TD O"
            RenderTableCell {TD} at (496,50) size 121x28 [border: (1px dotted #FFFFFF)] [r=0 c=3 rs=1 cs=1]
              RenderText {#text} at (2,2) size 38x24
                text run at (2,2) width 38: "TD P"
        RenderTableSection {TBODY} at (3,149) size 624x213
          RenderTableRow {TR} at (0,7) size 624x108 [bgcolor=#000000] [border: (9px dashed #FFFFFF)]
            RenderTableCell {TD} at (7,80) size 130x52 [border: (13px dotted #FFFFFF)] [r=0 c=0 rs=2 cs=1]
              RenderText {#text} at (14,14) size 38x24
                text run at (14,14) width 38: "TD E"
            RenderTableCell {TD} at (144,47) size 220x28 [border: (1px dotted #FFFFFF)] [r=0 c=1 rs=1 cs=1]
              RenderText {#text} at (2,2) size 37x24
                text run at (2,2) width 37: "TD F"
            RenderTableCell {TD} at (371,39) size 118x44 [border: (9px dashed #FFFFFF)] [r=0 c=2 rs=1 cs=1]
              RenderText {#text} at (10,10) size 40x24
                text run at (10,10) width 40: "TD G"
            RenderTableCell {TD} at (496,47) size 121x28 [border: (1px dotted #FFFFFF)] [r=0 c=3 rs=1 cs=1]
              RenderText {#text} at (2,2) size 39x24
                text run at (2,2) width 39: "TD H"
          RenderTableRow {TR} at (0,122) size 624x84 [bgcolor=#000000] [border: (5px dashed #FFFFFF)]
            RenderTableCell {TD} at (144,150) size 220x28 [border: (1px dotted #FFFFFF)] [r=1 c=1 rs=1 cs=1]
              RenderText {#text} at (2,2) size 36x24
                text run at (2,2) width 36: "TD J"
            RenderTableCell {TD} at (371,146) size 118x36 [border: (5px dashed #FFFFFF)] [r=1 c=2 rs=1 cs=1]
              RenderText {#text} at (6,6) size 39x24
                text run at (6,6) width 39: "TD K"
            RenderTableCell {TD} at (496,150) size 121x28 [border: (1px dotted #FFFFFF)] [r=1 c=3 rs=1 cs=1]
              RenderText {#text} at (2,2) size 37x24
                text run at (2,2) width 37: "TD L"
      RenderTable {TABLE} at (0,1010) size 590x458 [color=#FFFFFF] [border: (6px dotted #FFFFFF)]
        RenderBlock {CAPTION} at (0,0) size 585x24
          RenderText {#text} at (166,0) size 252x24
            text run at (166,0) width 252: "With 'border-collapse: collapse'"
        RenderTableCol {COLGROUP} at (0,0) size 0x0
          RenderTableCol {COL} at (0,0) size 0x0
          RenderTableCol {COL} at (0,0) size 0x0
          RenderTableCol {COL} at (0,0) size 0x0
        RenderTableCol {COLGROUP} at (0,0) size 0x0
          RenderTableCol {COL} at (0,0) size 0x0
        RenderTableSection {THEAD} at (2,30) size 585x105
          RenderTableRow {TR} at (0,0) size 585x105 [bgcolor=#000000] [border: (5px dashed #FFFFFF)]
            RenderTableCell {TH} at (0,35) size 137x35 [border: (3px dotted #FFFFFF)] [r=0 c=0 rs=1 cs=1]
              RenderText {#text} at (47,4) size 39x24
                text run at (47,4) width 39: "TH A"
            RenderTableCell {TH} at (137,33) size 207x39 [border: (7px dotted #FFFFFF)] [r=0 c=1 rs=1 cs=1]
              RenderText {#text} at (84,8) size 39x24
                text run at (84,8) width 39: "TH B"
            RenderTableCell {TH} at (344,36) size 125x33 [border: (3px dotted #FFFFFF)] [r=0 c=2 rs=1 cs=1]
              RenderText {#text} at (45,4) size 39x24
                text run at (45,4) width 39: "TH C"
            RenderTableCell {TH} at (469,36) size 116x33 [border: (3px dashed #FFFFFF)] [r=0 c=3 rs=1 cs=1]
              RenderText {#text} at (39,4) size 39x24
                text run at (39,4) width 39: "TH D"
        RenderTableSection {TFOOT} at (2,339) size 585x117
          RenderTableRow {TR} at (0,0) size 585x117
            RenderTableCell {TD} at (0,41) size 344x34 [border: (7px dotted #FFFFFF)] [r=0 c=0 rs=1 cs=2]
              RenderText {#text} at (3,8) size 41x24
                text run at (3,8) width 41: "TD M"
            RenderTableCell {TD} at (344,43) size 125x30 [border: (3px dotted #FFFFFF)] [r=0 c=2 rs=1 cs=1]
              RenderText {#text} at (2,4) size 40x24
                text run at (2,4) width 40: "TD O"
            RenderTableCell {TD} at (469,43) size 116x30 [border: (3px dotted #FFFFFF)] [r=0 c=3 rs=1 cs=1]
              RenderText {#text} at (2,4) size 38x24
                text run at (2,4) width 38: "TD P"
        RenderTableSection {TBODY} at (2,135) size 585x204
          RenderTableRow {TR} at (0,0) size 585x115 [bgcolor=#000000] [border: (9px dashed #FFFFFF)]
            RenderTableCell {TD} at (0,82) size 137x39 [border: (7px dotted #FFFFFF)] [r=0 c=0 rs=2 cs=1]
              RenderText {#text} at (8,8) size 38x24
                text run at (8,8) width 38: "TD E"
            RenderTableCell {TD} at (137,39) size 207x37 [border: (7px dotted #FFFFFF)] [r=0 c=1 rs=1 cs=1]
              RenderText {#text} at (8,8) size 37x24
                text run at (8,8) width 37: "TD F"
            RenderTableCell {TD} at (344,40) size 125x35 [border: (5px dashed #FFFFFF)] [r=0 c=2 rs=1 cs=1]
              RenderText {#text} at (6,6) size 40x24
                text run at (6,6) width 40: "TD G"
            RenderTableCell {TD} at (469,40) size 116x35 [border: (5px dotted #FFFFFF)] [r=0 c=3 rs=1 cs=1]
              RenderText {#text} at (6,6) size 39x24
                text run at (6,6) width 39: "TD H"
          RenderTableRow {TR} at (0,115) size 585x89 [bgcolor=#000000] [border: (5px dashed #FFFFFF)]
            RenderTableCell {TD} at (137,143) size 207x33 [border: (5px dotted #FFFFFF)] [r=1 c=1 rs=1 cs=1]
              RenderText {#text} at (8,6) size 36x24
                text run at (8,6) width 36: "TD J"
            RenderTableCell {TD} at (344,143) size 125x33 [border: (5px dashed #FFFFFF)] [r=1 c=2 rs=1 cs=1]
              RenderText {#text} at (4,6) size 39x24
                text run at (4,6) width 39: "TD K"
            RenderTableCell {TD} at (469,143) size 116x33 [border: (5px dotted #FFFFFF)] [r=1 c=3 rs=1 cs=1]
              RenderText {#text} at (4,6) size 37x24
                text run at (4,6) width 37: "TD L"
      RenderBlock {DIV} at (0,1468) size 784x37
        RenderInline {A} at (0,0) size 88x17 [color=#FFFF00]
          RenderImage {IMG} at (0,0) size 88x31
        RenderText {#text} at (0,0) size 0x0
      RenderBlock {ADDRESS} at (0,1505) size 784x19
        RenderText {#text} at (0,0) size 704x19
          text run at (0,0) width 704: "CSS2 Table Backgrounds Test Suite designed and written by fantasai <fantasai@escape.com>"
