layer at (0,0) size 800x709
  RenderView at (0,0) size 800x600
layer at (0,0) size 800x709
  RenderBlock {HTML} at (0,0) size 800x498
    RenderBody {BODY} at (8,8) size 784x482
      RenderTable {TABLE} at (0,0) size 200x482 [border: (1px outset #808080)]
        RenderBlock {CAPTION} at (0,0) size 198x206 [border: (3px solid #FFA500)]
          RenderText {#text} at (73,3) size 52x42
            text run at (73,3) width 52: "cap"
        RenderTableSection {TBODY} at (1,207) size 198x274
          RenderTableRow {TR} at (0,30) size 198x56
            RenderTableCell {TD} at (30,48) size 54x20 [border: (1px inset #808080)] [r=0 c=0 rs=1 cs=1]
              RenderText {#text} at (1,1) size 18x18
                text run at (1,1) width 18: "foo"
            RenderTableCell {TD} at (114,30) size 54x56 [border: (1px inset #808080)] [r=0 c=1 rs=1 cs=1]
              RenderText {#text} at (1,1) size 18x18
                text run at (1,1) width 18: "bar"
              RenderBR {BR} at (19,1) size 0x18
              RenderText {#text} at (1,19) size 21x18
                text run at (1,19) width 21: "baz"
              RenderBR {BR} at (22,19) size 0x18
              RenderText {#text} at (1,37) size 21x18
                text run at (1,37) width 21: "zap"
          RenderTableRow {TR} at (0,116) size 198x128
            RenderTableCell {TD} at (30,116) size 54x128 [border: (1px inset #808080)] [r=1 c=0 rs=1 cs=1]
              RenderText {#text} at (1,1) size 52x126
                text run at (1,1) width 45: "foo"
                text run at (1,43) width 47: "bar"
                text run at (1,85) width 52: "baz"
            RenderTableCell {TD} at (114,190) size 54x54 [border: (1px inset #808080)] [r=1 c=1 rs=1 cs=1]
              RenderBlock {DIV} at (1,1) size 52x52 [border: (1px solid #008000)]
                RenderBlock {DIV} at (1,1) size 402x302 [border: (1px solid #FF0000)]
                  RenderText {#text} at (1,1) size 18x42
                    text run at (1,1) width 18: "d"
