layer at (0,0) size 800x600
  RenderView at (0,0) size 800x600
layer at (0,0) size 800x600
  RenderBlock {HTML} at (0,0) size 800x600
    RenderBody {BODY} at (8,8) size 784x584
      RenderBlock {P} at (0,0) size 784x19
        RenderText {#text} at (0,0) size 427x19
          text run at (0,0) width 427: "The caption should be aligned at the left side of the top of the table."
      RenderTable {TABLE} at (0,33) size 173x73 [border: (1px outset #808080)]
        RenderBlock {CAPTION} at (0,0) size 171x19
          RenderText {#text} at (55,0) size 60x19
            text run at (55,0) width 60: "Wild Cats"
        RenderTableSection {TBODY} at (1,20) size 171x52
          RenderTableRow {TR} at (0,2) size 171x23
            RenderTableCell {TD} at (2,2) size 48x23 [border: (1px inset #808080)] [r=0 c=0 rs=1 cs=1]
              RenderText {#text} at (2,2) size 27x19
                text run at (2,2) width 27: "Lion"
            RenderTableCell {TD} at (52,2) size 57x23 [border: (1px inset #808080)] [r=0 c=1 rs=1 cs=1]
              RenderText {#text} at (2,2) size 53x19
                text run at (2,2) width 53: "Leopard"
            RenderTableCell {TD} at (111,2) size 58x23 [border: (1px inset #808080)] [r=0 c=2 rs=1 cs=1]
              RenderText {#text} at (2,2) size 54x19
                text run at (2,2) width 54: "Cheetah"
          RenderTableRow {TR} at (0,27) size 171x23
            RenderTableCell {TD} at (2,27) size 48x23 [border: (1px inset #808080)] [r=1 c=0 rs=1 cs=1]
              RenderText {#text} at (2,2) size 44x19
                text run at (2,2) width 44: "Jaguar"
            RenderTableCell {TD} at (52,27) size 57x23 [border: (1px inset #808080)] [r=1 c=1 rs=1 cs=1]
              RenderText {#text} at (2,2) size 44x19
                text run at (2,2) width 44: "Bobcat"
            RenderTableCell {TD} at (111,27) size 58x23 [border: (1px inset #808080)] [r=1 c=2 rs=1 cs=1]
              RenderText {#text} at (2,2) size 41x19
                text run at (2,2) width 41: "Ocelot"
