layer at (0,0) size 800x600
  RenderView at (0,0) size 800x600
layer at (0,0) size 800x84
  RenderBlock {html} at (0,0) size 800x84
    RenderBody {body} at (8,14) size 784x62
      RenderBlock {p} at (0,0) size 784x19
        RenderText {#text} at (0,0) size 153x19
          text run at (0,0) width 153: "COLGROUP WIDTH=px"
      RenderTable {table} at (0,33) size 598x29 [border: (1px outset #808080)]
        RenderTableCol {colgroup} at (0,0) size 0x0
          RenderTableCol {col} at (0,0) size 0x0
          RenderTableCol {col} at (0,0) size 0x0
        RenderTableSection (anonymous) at (1,1) size 596x27
          RenderTableRow {tr} at (0,2) size 596x23
            RenderTableCell {td} at (2,2) size 295x23 [border: (1px inset #808080)] [r=0 c=0 rs=1 cs=1]
              RenderText {#text} at (2,2) size 291x19
                text run at (2,2) width 291: "This column should have a width of 200 pixels"
            RenderTableCell {td} at (299,2) size 295x23 [border: (1px inset #808080)] [r=0 c=1 rs=1 cs=1]
              RenderText {#text} at (2,2) size 291x19
                text run at (2,2) width 291: "This column should have a width of 200 pixels"
