layer at (0,0) size 800x600
  RenderView at (0,0) size 800x600
layer at (0,0) size 800x600
  RenderBlock {HTML} at (0,0) size 800x600
    RenderBody {BODY} at (8,8) size 784x584
      RenderBlock (anonymous) at (0,0) size 784x29
        RenderInline {LABEL} at (0,0) size 215x19
          RenderText {#text} at (0,5) size 43x19
            text run at (0,5) width 43: "Label: "
          RenderTextControl {INPUT} at (45,2) size 168x25 [border: (2px inset #000000)]
        RenderText {#text} at (0,0) size 0x0
      RenderBlock {DIV} at (0,29) size 784x19
        RenderText {#text} at (0,0) size 163x19
          text run at (0,0) width 163: "THIS TEST HAS PASSED"
layer at (56,13) size 162x19
  RenderBlock {DIV} at (3,3) size 162x19
caret: position 0 of child 0 {DIV} of child 1 {INPUT} of child 1 {LABEL} of child 1 {BODY} of child 0 {HTML} of document
