layer at (0,0) size 800x600
  RenderView at (0,0) size 800x600
layer at (0,0) size 800x600
  RenderBlock {HTML} at (0,0) size 800x600
    RenderBody {BODY} at (8,8) size 784x584
      RenderBlock {P} at (0,0) size 784x18
        RenderText {#text} at (0,0) size 413x18
          text run at (0,0) width 413: "Movie with no audio track. The volume button should not render."
      RenderBlock (anonymous) at (0,34) size 784x288
        RenderText {#text} at (0,0) size 0x0
        RenderText {#text} at (0,0) size 0x0
        RenderText {#text} at (0,0) size 0x0
layer at (8,42) size 352x288
  RenderVideo {VIDEO} at (0,0) size 352x288
layer at (8,42) size 352x288
  RenderBlock (relative positioned) {DIV} at (0,0) size 352x288
layer at (8,298) size 352x32
  RenderFlexibleBox (positioned) {DIV} at (0,256) size 352x32 [bgcolor=#00000099]
layer at (15,304) size 18x19
  RenderButton {INPUT} at (7,6) size 18x19
layer at (38,298) size 288x32
  RenderFlexibleBox (positioned) {DIV} at (30,0) size 288x32 [border: (1px solid #FFFFFF33) none (1px solid #FFFFFF33)]
layer at (267,304) size 58x20
  RenderBlock (positioned) {DIV} at (229,6) size 58x20 [color=#FFFFFF]
    RenderText {#text} at (8,2) size 41x17
      text run at (8,2) width 41: "00:00"
layer at (45,305) size 215x24
  RenderSlider {INPUT} at (7,7) size 215x18 [color=#328CDF] [bgcolor=#FFFFFF14] [border: (1px solid #FFFFFF33)]
    RenderBlock {DIV} at (3,-5) size 9x29
layer at (326,298) size 34x32
  RenderButton {INPUT} at (318,0) size 34x32
