layer at (0,0) size 800x600
  RenderView at (0,0) size 800x600
layer at (0,0) size 800x600
  RenderBlock {HTML} at (0,0) size 800x600
    RenderBody {BODY} at (8,8) size 784x584
      RenderTable {TABLE} at (0,0) size 72x31 [border: (2px solid #FF0000)]
        RenderTableSection {TBODY} at (2,2) size 68x27
          RenderTableRow {TR} at (0,2) size 68x23
            RenderTableCell {TD} at (2,2) size 31x23 [border: (1px inset #FF0000)] [r=0 c=0 rs=1 cs=1]
              RenderText {#text} at (2,2) size 27x19
                text run at (2,2) width 27: "One"
            RenderTableCell {TD} at (35,2) size 31x23 [border: (1px inset #FF0000)] [r=0 c=1 rs=1 cs=1]
              RenderText {#text} at (2,2) size 27x19
                text run at (2,2) width 27: "Two"
      RenderBlock (anonymous) at (0,31) size 784x19
        RenderBR {BR} at (0,0) size 0x19
      RenderTable {TABLE} at (0,50) size 74x33 [border: (3px solid #FF0000)]
        RenderTableSection {TBODY} at (3,3) size 68x27
          RenderTableRow {TR} at (0,2) size 68x23
            RenderTableCell {TD} at (2,2) size 31x23 [border: (1px inset #FF0000)] [r=0 c=0 rs=1 cs=1]
              RenderText {#text} at (2,2) size 27x19
                text run at (2,2) width 27: "One"
            RenderTableCell {TD} at (35,2) size 31x23 [border: (1px inset #FF0000)] [r=0 c=1 rs=1 cs=1]
              RenderText {#text} at (2,2) size 27x19
                text run at (2,2) width 27: "Two"
      RenderTable {TABLE} at (0,83) size 62x29 [border: (1px outset #808080)]
        RenderTableSection {TBODY} at (1,1) size 60x27
          RenderTableRow {TR} at (0,2) size 60x23
            RenderTableCell {TD} at (2,2) size 28x23 [border: (1px inset #808080)] [r=0 c=0 rs=1 cs=1]
              RenderText {#text} at (2,2) size 24x19
                text run at (2,2) width 24: "one"
            RenderTableCell {TD} at (32,2) size 26x23 [border: (1px inset #808080)] [r=0 c=1 rs=1 cs=1]
              RenderText {#text} at (2,2) size 22x19
                text run at (2,2) width 22: "two"
      RenderBlock (anonymous) at (0,112) size 784x19
        RenderBR {BR} at (0,0) size 0x19
      RenderTable {TABLE} at (0,131) size 68x25
        RenderTableSection {TBODY} at (0,0) size 68x25
          RenderTableRow {TR} at (0,2) size 68x21
            RenderTableCell {TD} at (2,2) size 18x21 [r=0 c=0 rs=1 cs=1]
              RenderText {#text} at (1,1) size 16x19
                text run at (1,1) width 16: "no"
            RenderTableCell {TD} at (22,2) size 44x21 [r=0 c=1 rs=1 cs=1]
              RenderText {#text} at (1,1) size 42x19
                text run at (1,1) width 42: "border"
      RenderBlock (anonymous) at (0,156) size 784x19
        RenderText {#text} at (0,0) size 66x19
          text run at (0,0) width 66: "This table:"
      RenderTable {TABLE} at (0,175) size 70x29 [border: (1px solid #FF0000)]
        RenderTableSection {TBODY} at (1,1) size 68x27
          RenderTableRow {TR} at (0,2) size 68x23
            RenderTableCell {TD} at (2,2) size 31x23 [border: (1px inset #FF0000)] [r=0 c=0 rs=1 cs=1]
              RenderText {#text} at (2,2) size 27x19
                text run at (2,2) width 27: "One"
            RenderTableCell {TD} at (35,2) size 31x23 [border: (1px inset #FF0000)] [r=0 c=1 rs=1 cs=1]
              RenderText {#text} at (2,2) size 27x19
                text run at (2,2) width 27: "Two"
      RenderBlock (anonymous) at (0,204) size 784x38
        RenderBR {BR} at (0,0) size 0x19
        RenderText {#text} at (0,19) size 183x19
          text run at (0,19) width 183: "Should look just like this one:"
      RenderTable {TABLE} at (0,242) size 72x31 [border: (2px outset #808080)]
        RenderTableSection {TBODY} at (2,2) size 68x27
          RenderTableRow {TR} at (0,2) size 68x23
            RenderTableCell {TD} at (2,2) size 31x23 [border: (1px inset #808080)] [r=0 c=0 rs=1 cs=1]
              RenderText {#text} at (2,2) size 27x19
                text run at (2,2) width 27: "One"
            RenderTableCell {TD} at (35,2) size 31x23 [border: (1px inset #808080)] [r=0 c=1 rs=1 cs=1]
              RenderText {#text} at (2,2) size 27x19
                text run at (2,2) width 27: "Two"
      RenderBlock (anonymous) at (0,273) size 784x19
        RenderBR {BR} at (0,0) size 0x19
      RenderTable {TABLE} at (0,292) size 62x29 [border: (1px solid #FF0000)]
        RenderTableSection {TBODY} at (1,1) size 60x27
          RenderTableRow {TR} at (0,2) size 60x23
            RenderTableCell {TD} at (2,2) size 28x23 [border: (1px solid #008000)] [r=0 c=0 rs=1 cs=1]
              RenderText {#text} at (2,2) size 24x19
                text run at (2,2) width 24: "one"
            RenderTableCell {TD} at (32,2) size 26x23 [border: (1px solid #FF0000)] [r=0 c=1 rs=1 cs=1]
              RenderText {#text} at (2,2) size 22x19
                text run at (2,2) width 22: "two"
      RenderBlock (anonymous) at (0,321) size 784x19
        RenderBR {BR} at (0,0) size 0x19
      RenderTable {TABLE} at (0,340) size 102x54 [border: (1px solid #FF0000)]
        RenderTableSection {TBODY} at (1,1) size 100x52
          RenderTableRow {TR} at (0,2) size 100x23
            RenderTableCell {TD} at (2,2) size 29x23 [border: (1px solid #008000)] [r=0 c=0 rs=1 cs=1]
              RenderText {#text} at (2,2) size 24x19
                text run at (2,2) width 24: "one"
            RenderTableCell {TD} at (33,2) size 26x23 [border: (1px solid #FF0000)] [r=0 c=1 rs=1 cs=1]
              RenderText {#text} at (2,2) size 22x19
                text run at (2,2) width 22: "two"
            RenderTableCell {TD} at (61,2) size 37x23 [border: (1px solid #0000FF)] [r=0 c=2 rs=1 cs=1]
              RenderText {#text} at (2,2) size 33x19
                text run at (2,2) width 33: "three"
          RenderTableRow {TR} at (0,27) size 100x23
            RenderTableCell {TD} at (2,27) size 29x23 [border: (1px solid #008000)] [r=1 c=0 rs=1 cs=1]
              RenderText {#text} at (2,2) size 25x19
                text run at (2,2) width 25: "four"
            RenderTableCell {TD} at (33,27) size 26x23 [border: (1px solid #FFFF00)] [r=1 c=1 rs=1 cs=1]
              RenderText {#text} at (2,2) size 22x19
                text run at (2,2) width 22: "five"
            RenderTableCell {TD} at (61,27) size 37x23 [border: (1px solid #FFA500)] [r=1 c=2 rs=1 cs=1]
              RenderText {#text} at (2,2) size 17x19
                text run at (2,2) width 17: "six"
      RenderBlock (anonymous) at (0,394) size 784x19
        RenderBR {BR} at (0,0) size 0x19
      RenderTable {TABLE} at (0,413) size 102x54 [border: (1px solid #FF0000)]
        RenderTableSection {TBODY} at (1,1) size 100x52
          RenderTableRow {TR} at (0,2) size 100x23
            RenderTableCell {TD} at (2,2) size 29x23 [border: (1px solid #008000)] [r=0 c=0 rs=1 cs=1]
              RenderText {#text} at (2,2) size 24x19
                text run at (2,2) width 24: "one"
            RenderTableCell {TD} at (33,2) size 26x23 [border: (1px solid #FF0000)] [r=0 c=1 rs=1 cs=1]
              RenderText {#text} at (2,2) size 22x19
                text run at (2,2) width 22: "two"
            RenderTableCell {TD} at (61,2) size 37x23 [border: (1px solid #0000FF)] [r=0 c=2 rs=1 cs=1]
              RenderText {#text} at (2,2) size 33x19
                text run at (2,2) width 33: "three"
          RenderTableRow {TR} at (0,27) size 100x23
            RenderTableCell {TD} at (2,27) size 29x23 [border: (1px solid #008000)] [r=1 c=0 rs=1 cs=1]
              RenderText {#text} at (2,2) size 25x19
                text run at (2,2) width 25: "four"
            RenderTableCell {TD} at (33,27) size 26x23 [border: (1px solid #FFFF00)] [r=1 c=1 rs=1 cs=1]
              RenderText {#text} at (2,2) size 22x19
                text run at (2,2) width 22: "five"
            RenderTableCell {TD} at (61,27) size 37x23 [border: (1px solid #FFA500)] [r=1 c=2 rs=1 cs=1]
              RenderText {#text} at (2,2) size 17x19
                text run at (2,2) width 17: "six"
      RenderBlock (anonymous) at (0,467) size 784x19
        RenderBR {BR} at (0,0) size 0x19
      RenderTable {TABLE} at (0,486) size 65x37 [border: (5px outset #808080)]
        RenderTableSection {TBODY} at (5,5) size 55x27
          RenderTableRow {TR} at (0,2) size 55x23
            RenderTableCell {TD} at (2,2) size 24x23 [border: (1px inset #808080)] [r=0 c=0 rs=1 cs=1]
              RenderText {#text} at (2,2) size 20x19
                text run at (2,2) width 20: "foo"
            RenderTableCell {TD} at (28,2) size 25x23 [border: (1px inset #808080)] [r=0 c=1 rs=1 cs=1]
              RenderText {#text} at (2,2) size 21x19
                text run at (2,2) width 21: "bar"
      RenderBlock (anonymous) at (0,523) size 784x19
        RenderBR {BR} at (0,0) size 0x19
      RenderTable {TABLE} at (0,542) size 69x39 [border: (5px outset #808080)]
        RenderTableSection {TBODY} at (5,5) size 59x29
          RenderTableRow {TR} at (0,2) size 59x25
            RenderTableCell {TD} at (2,2) size 26x25 [border: (2px solid #FF0000)] [r=0 c=0 rs=1 cs=1]
              RenderText {#text} at (3,3) size 20x19
                text run at (3,3) width 20: "foo"
            RenderTableCell {TD} at (30,2) size 27x25 [border: (2px solid #FF0000)] [r=0 c=1 rs=1 cs=1]
              RenderText {#text} at (3,3) size 21x19
                text run at (3,3) width 21: "bar"
