layer at (0,0) size 800x1107
  RenderView at (0,0) size 800x600
layer at (0,0) size 800x1107
  RenderBlock {HTML} at (0,0) size 800x1107
    RenderBody {BODY} at (8,8) size 784x1091
      RenderTable {TABLE} at (0,0) size 784x603 [border: (1px outset #808080)]
        RenderBlock {CAPTION} at (0,0) size 782x19
          RenderInline {NOBR} at (0,0) size 609x19
            RenderText {#text} at (86,0) size 609x19
              text run at (86,0) width 351: "caption is considered part of % width, not so in Nav4.6, "
              text run at (437,0) width 258: "caption is not considered part of %height"
          RenderText {#text} at (0,0) size 0x0
        RenderTableSection {TBODY} at (1,20) size 782x582
          RenderTableRow {TR} at (0,2) size 782x578
            RenderTableCell {TD} at (2,270) size 778x41 [border: (1px inset #808080)] [r=0 c=0 rs=1 cs=1]
              RenderText {#text} at (11,11) size 31x19
                text run at (11,11) width 31: "FOO"
      RenderBlock (anonymous) at (0,603) size 784x19
        RenderBR {BR} at (0,0) size 0x19
      RenderTable {TABLE} at (0,622) size 496x48 [border: (1px outset #808080)]
        RenderBlock {CAPTION} at (0,0) size 494x19
          RenderText {#text} at (215,0) size 64x19
            text run at (215,0) width 64: "top center"
        RenderTableSection {TBODY} at (1,20) size 494x27
          RenderTableRow {TR} at (0,2) size 494x23
            RenderTableCell {TD} at (2,2) size 490x23 [border: (1px inset #808080)] [r=0 c=0 rs=1 cs=1]
              RenderText {#text} at (2,2) size 486x19
                text run at (2,2) width 486: "FOO FOO FOO FOO FOO FOO FOO FOO FOO FOO FOO FOO FOO FOO"
      RenderBlock (anonymous) at (0,670) size 784x19
        RenderBR {BR} at (0,0) size 0x19
      RenderTable {TABLE} at (0,689) size 496x48 [border: (1px outset #808080)]
        RenderBlock {CAPTION} at (0,0) size 494x19
          RenderText {#text} at (442,0) size 52x19
            text run at (442,0) width 52: "top right"
        RenderTableSection {TBODY} at (1,20) size 494x27
          RenderTableRow {TR} at (0,2) size 494x23
            RenderTableCell {TD} at (2,2) size 490x23 [border: (1px inset #808080)] [r=0 c=0 rs=1 cs=1]
              RenderText {#text} at (2,2) size 486x19
                text run at (2,2) width 486: "FOO FOO FOO FOO FOO FOO FOO FOO FOO FOO FOO FOO FOO FOO"
      RenderBlock (anonymous) at (0,737) size 784x19
        RenderBR {BR} at (0,0) size 0x19
      RenderTable {TABLE} at (0,756) size 496x48 [border: (1px outset #808080)]
        RenderBlock {CAPTION} at (0,29) size 494x19
          RenderText {#text} at (203,0) size 88x19
            text run at (203,0) width 88: "bottom center"
        RenderTableSection {TBODY} at (1,1) size 494x27
          RenderTableRow {TR} at (0,2) size 494x23
            RenderTableCell {TD} at (2,2) size 490x23 [border: (1px inset #808080)] [r=0 c=0 rs=1 cs=1]
              RenderText {#text} at (2,2) size 486x19
                text run at (2,2) width 486: "FOO FOO FOO FOO FOO FOO FOO FOO FOO FOO FOO FOO FOO FOO"
      RenderBlock (anonymous) at (0,804) size 784x19
        RenderBR {BR} at (0,0) size 0x19
      RenderTable {TABLE} at (0,823) size 496x48 [border: (1px outset #808080)]
        RenderBlock {CAPTION} at (0,29) size 494x19
          RenderText {#text} at (0,0) size 67x19
            text run at (0,0) width 67: "bottom left"
        RenderTableSection {TBODY} at (1,1) size 494x27
          RenderTableRow {TR} at (0,2) size 494x23
            RenderTableCell {TD} at (2,2) size 490x23 [border: (1px inset #808080)] [r=0 c=0 rs=1 cs=1]
              RenderText {#text} at (2,2) size 486x19
                text run at (2,2) width 486: "FOO FOO FOO FOO FOO FOO FOO FOO FOO FOO FOO FOO FOO FOO"
      RenderBlock (anonymous) at (0,871) size 784x19
        RenderBR {BR} at (0,0) size 0x19
      RenderTable {TABLE} at (0,890) size 496x48 [border: (1px outset #808080)]
        RenderBlock {CAPTION} at (0,0) size 494x19
          RenderText {#text} at (215,0) size 64x19
            text run at (215,0) width 64: "top center"
        RenderTableSection {TBODY} at (1,20) size 494x27
          RenderTableRow {TR} at (0,2) size 494x23
            RenderTableCell {TD} at (2,2) size 490x23 [border: (1px inset #808080)] [r=0 c=0 rs=1 cs=1]
              RenderText {#text} at (2,2) size 486x19
                text run at (2,2) width 486: "FOO FOO FOO FOO FOO FOO FOO FOO FOO FOO FOO FOO FOO FOO"
      RenderBlock (anonymous) at (0,938) size 784x19
        RenderBR {BR} at (0,0) size 0x19
      RenderTable {TABLE} at (0,957) size 496x48 [border: (1px outset #808080)]
        RenderBlock {CAPTION} at (0,29) size 494x19
          RenderText {#text} at (203,0) size 88x19
            text run at (203,0) width 88: "bottom center"
        RenderTableSection {TBODY} at (1,1) size 494x27
          RenderTableRow {TR} at (0,2) size 494x23
            RenderTableCell {TD} at (2,2) size 490x23 [border: (1px inset #808080)] [r=0 c=0 rs=1 cs=1]
              RenderText {#text} at (2,2) size 486x19
                text run at (2,2) width 486: "FOO FOO FOO FOO FOO FOO FOO FOO FOO FOO FOO FOO FOO FOO"
      RenderBlock (anonymous) at (0,1005) size 784x19
        RenderBR {BR} at (0,0) size 0x19
      RenderTable {TABLE} at (0,1024) size 496x48 [border: (1px outset #808080)]
        RenderBlock {CAPTION} at (0,0) size 494x19
          RenderText {#text} at (215,0) size 64x19
            text run at (215,0) width 64: "top center"
        RenderTableSection {TBODY} at (1,20) size 494x27
          RenderTableRow {TR} at (0,2) size 494x23
            RenderTableCell {TD} at (2,2) size 490x23 [border: (1px inset #808080)] [r=0 c=0 rs=1 cs=1]
              RenderText {#text} at (2,2) size 486x19
                text run at (2,2) width 486: "FOO FOO FOO FOO FOO FOO FOO FOO FOO FOO FOO FOO FOO FOO"
      RenderBlock (anonymous) at (0,1072) size 784x19
        RenderBR {BR} at (0,0) size 0x19
