layer at (0,0) size 800x15745
  RenderView at (0,0) size 800x600
layer at (0,0) size 800x15745
  RenderBlock {HTML} at (0,0) size 800x15745
    RenderBody {BODY} at (8,8) size 784x15729
      RenderTable {TABLE} at (0,0) size 38x584 [bgcolor=#0000FF] [border: (1px outset #808080)]
        RenderTableSection {TBODY} at (1,1) size 36x582
          RenderTableRow {TR} at (0,2) size 36x114
            RenderTableCell {TD} at (2,47) size 32x23 [border: (1px inset #808080)] [r=0 c=0 rs=1 cs=1]
              RenderText {#text} at (2,2) size 28x19
                text run at (2,2) width 28: "20%"
          RenderTableRow {TR} at (0,118) size 36x462
            RenderTableCell {TD} at (2,337) size 32x23 [border: (1px inset #808080)] [r=1 c=0 rs=1 cs=1]
              RenderText {#text} at (2,2) size 28x19
                text run at (2,2) width 28: "80%"
      RenderBlock (anonymous) at (0,584) size 784x19
        RenderBR {BR} at (0,0) size 0x19
      RenderTable {TABLE} at (0,603) size 53x108 [bgcolor=#0000FF] [border: (1px outset #808080)]
        RenderTableSection {TBODY} at (1,1) size 51x106
          RenderTableRow {TR} at (0,2) size 51x50
            RenderTableCell {TD} at (2,15) size 47x23 [border: (1px inset #808080)] [r=0 c=0 rs=1 cs=1]
              RenderText {#text} at (2,2) size 43x19
                text run at (2,2) width 43: "row 50"
          RenderTableRow {TR} at (0,54) size 51x50
            RenderTableCell {TD} at (2,67) size 47x23 [border: (1px inset #808080)] [r=1 c=0 rs=1 cs=1]
              RenderText {#text} at (2,2) size 16x19
                text run at (2,2) width 16: "50"
      RenderBlock (anonymous) at (0,711) size 784x19
        RenderBR {BR} at (0,0) size 0x19
      RenderTable {TABLE} at (0,730) size 26x119 [bgcolor=#0000FF] [border: (1px outset #808080)]
        RenderTableSection {TBODY} at (1,1) size 24x117
          RenderTableRow {TR} at (0,2) size 24x61
            RenderTableCell {TD} at (2,2) size 20x61 [border: (1px inset #808080)] [r=0 c=0 rs=1 cs=1]
              RenderText {#text} at (2,2) size 8x57
                text run at (2,2) width 8: "5"
                text run at (2,21) width 8: "5"
                text run at (2,40) width 8: "5"
          RenderTableRow {TR} at (0,65) size 24x50
            RenderTableCell {TD} at (2,78) size 20x23 [border: (1px inset #808080)] [r=1 c=0 rs=1 cs=1]
              RenderText {#text} at (2,2) size 16x19
                text run at (2,2) width 16: "50"
      RenderTable {TABLE} at (0,849) size 34x258 [bgcolor=#0000FF] [border: (1px outset #808080)]
        RenderTableSection {TBODY} at (1,1) size 32x256
          RenderTableRow {TR} at (0,2) size 32x200
            RenderTableCell {TD} at (2,90) size 28x23 [border: (1px inset #808080)] [r=0 c=0 rs=1 cs=1]
              RenderText {#text} at (2,2) size 24x19
                text run at (2,2) width 24: "200"
          RenderTableRow {TR} at (0,204) size 32x50
            RenderTableCell {TD} at (2,217) size 28x23 [border: (1px inset #808080)] [r=1 c=0 rs=1 cs=1]
              RenderText {#text} at (2,2) size 16x19
                text run at (2,2) width 16: "50"
      RenderBlock (anonymous) at (0,1107) size 784x19
        RenderBR {BR} at (0,0) size 0x19
      RenderTable {TABLE} at (0,1126) size 34x258 [bgcolor=#0000FF] [border: (1px outset #808080)]
        RenderTableSection {TBODY} at (1,1) size 32x256
          RenderTableRow {TR} at (0,2) size 32x200
            RenderTableCell {TD} at (2,90) size 28x23 [border: (1px inset #808080)] [r=0 c=0 rs=1 cs=1]
              RenderText {#text} at (2,2) size 24x19
                text run at (2,2) width 24: "200"
          RenderTableRow {TR} at (0,204) size 32x50
            RenderTableCell {TD} at (2,217) size 28x23 [border: (1px inset #808080)] [r=1 c=0 rs=1 cs=1]
              RenderText {#text} at (2,2) size 16x19
                text run at (2,2) width 16: "50"
      RenderBlock (anonymous) at (0,1384) size 784x19
        RenderBR {BR} at (0,0) size 0x19
      RenderTable {TABLE} at (0,1403) size 64x208 [bgcolor=#FFA500] [border: (1px outset #808080)]
        RenderTableSection {TBODY} at (1,1) size 62x206
          RenderTableRow {TR} at (0,2) size 62x100
            RenderTableCell {TD} at (2,91) size 28x23 [border: (1px inset #808080)] [r=0 c=0 rs=2 cs=1]
              RenderText {#text} at (2,2) size 24x19
                text run at (2,2) width 24: "100"
            RenderTableCell {TD} at (32,40) size 28x23 [border: (1px inset #808080)] [r=0 c=1 rs=1 cs=1]
              RenderText {#text} at (2,2) size 24x19
                text run at (2,2) width 24: "100"
          RenderTableRow {TR} at (0,104) size 62x100
            RenderTableCell {TD} at (32,123) size 28x61 [border: (1px inset #808080)] [r=1 c=1 rs=1 cs=1]
              RenderText {#text} at (2,2) size 24x57
                text run at (2,2) width 24: "100"
                text run at (2,21) width 24: "100"
                text run at (2,40) width 24: "100"
      RenderBlock (anonymous) at (0,1611) size 784x19
        RenderBR {BR} at (0,0) size 0x19
      RenderTable {TABLE} at (0,1630) size 46x29 [bgcolor=#FFFF00] [border: (1px outset #808080)]
        RenderTableSection {TBODY} at (1,1) size 44x27
          RenderTableRow {TR} at (0,2) size 44x23
            RenderTableCell {TD} at (2,2) size 40x23 [border: (1px inset #808080)] [r=0 c=0 rs=1 cs=1]
              RenderText {#text} at (2,2) size 36x19
                text run at (2,2) width 36: "100%"
      RenderBlock (anonymous) at (0,1659) size 784x19
        RenderBR {BR} at (0,0) size 0x19
      RenderTable {TABLE} at (0,1678) size 38x1678 [bgcolor=#FFA500] [border: (1px outset #808080)]
        RenderTableSection {TBODY} at (1,1) size 36x1676
          RenderTableRow {TR} at (0,2) size 36x333
            RenderTableCell {TD} at (2,157) size 32x23 [border: (1px inset #808080)] [r=0 c=0 rs=1 cs=1]
              RenderText {#text} at (2,2) size 28x19
                text run at (2,2) width 28: "20%"
          RenderTableRow {TR} at (0,337) size 36x1337
            RenderTableCell {TD} at (2,994) size 32x23 [border: (1px inset #808080)] [r=1 c=0 rs=1 cs=1]
              RenderText {#text} at (2,2) size 28x19
                text run at (2,2) width 28: "80%"
      RenderBlock (anonymous) at (0,3356) size 784x19
        RenderBR {BR} at (0,0) size 0x19
      RenderTable {TABLE} at (0,3375) size 60x206 [bgcolor=#808080] [border: (1px outset #808080)]
        RenderTableSection {TBODY} at (1,1) size 58x204
          RenderTableRow {TR} at (0,2) size 58x200
            RenderTableCell {TD} at (2,90) size 24x23 [border: (1px inset #808080)] [r=0 c=0 rs=1 cs=1]
              RenderText {#text} at (2,2) size 20x19
                text run at (2,2) width 20: "5%"
            RenderTableCell {TD} at (28,90) size 28x23 [border: (1px inset #808080)] [r=0 c=1 rs=1 cs=1]
              RenderText {#text} at (2,2) size 24x19
                text run at (2,2) width 24: "200"
      RenderBlock (anonymous) at (0,3581) size 784x19
        RenderBR {BR} at (0,0) size 0x19
      RenderTable {TABLE} at (0,3600) size 60x198 [bgcolor=#FFA500] [border: (1px outset #808080)]
        RenderTableSection {TBODY} at (1,1) size 58x196
          RenderTableRow {TR} at (0,2) size 58x192
            RenderTableCell {TD} at (2,86) size 32x23 [border: (1px inset #808080)] [r=0 c=0 rs=1 cs=1]
              RenderText {#text} at (2,2) size 28x19
                text run at (2,2) width 28: "50%"
            RenderTableCell {TD} at (36,86) size 20x23 [border: (1px inset #808080)] [r=0 c=1 rs=1 cs=1]
              RenderText {#text} at (2,2) size 16x19
                text run at (2,2) width 16: "20"
      RenderBlock (anonymous) at (0,3798) size 784x19
        RenderBR {BR} at (0,0) size 0x19
      RenderTable {TABLE} at (0,3817) size 38x3816 [border: (1px outset #808080)]
        RenderTableSection {TBODY} at (1,1) size 36x3814
          RenderTableRow {TR} at (0,2) size 36x536
            RenderTableCell {TD} at (2,258) size 32x23 [border: (1px inset #808080)] [r=0 c=0 rs=1 cs=1]
              RenderText {#text} at (2,2) size 24x19
                text run at (2,2) width 24: "500"
          RenderTableRow {TR} at (0,540) size 36x3272
            RenderTableCell {TD} at (2,2164) size 32x23 [border: (1px inset #808080)] [r=1 c=0 rs=1 cs=1]
              RenderText {#text} at (2,2) size 28x19
                text run at (2,2) width 28: "80%"
      RenderBlock (anonymous) at (0,7633) size 784x19
        RenderBR {BR} at (0,0) size 0x19
      RenderTable {TABLE} at (0,7652) size 106x7652 [bgcolor=#FF0000] [border: (1px outset #808080)]
        RenderTableSection {TBODY} at (1,1) size 104x7650
          RenderTableRow {TR} at (0,2) size 104x2396
            RenderTableCell {TD} at (2,2614) size 32x23 [border: (1px inset #808080)] [r=0 c=0 rs=2 cs=1]
              RenderText {#text} at (2,2) size 24x19
                text run at (2,2) width 24: "500"
            RenderTableCell {TD} at (36,1188) size 32x23 [border: (1px inset #808080)] [r=0 c=1 rs=1 cs=1]
              RenderText {#text} at (2,2) size 28x19
                text run at (2,2) width 28: "auto"
          RenderTableRow {TR} at (0,2400) size 104x2849
            RenderTableCell {TD} at (36,3813) size 32x23 [border: (1px inset #808080)] [r=1 c=1 rs=1 cs=1]
              RenderText {#text} at (2,2) size 28x19
                text run at (2,2) width 28: "auto"
            RenderTableCell {TD} at (70,3813) size 32x23 [border: (1px inset #808080)] [r=1 c=2 rs=1 cs=1]
              RenderText {#text} at (2,2) size 28x19
                text run at (2,2) width 28: "auto"
          RenderTableRow {TR} at (0,5251) size 104x2397
            RenderTableCell {TD} at (2,6438) size 32x23 [border: (1px inset #808080)] [r=2 c=0 rs=1 cs=1]
              RenderText {#text} at (2,2) size 28x19
                text run at (2,2) width 28: "auto"
            RenderTableCell {TD} at (36,6438) size 32x23 [border: (1px inset #808080)] [r=2 c=1 rs=1 cs=1]
              RenderText {#text} at (2,2) size 28x19
                text run at (2,2) width 28: "auto"
      RenderBlock (anonymous) at (0,15304) size 784x19
        RenderBR {BR} at (0,0) size 0x19
      RenderTable {TABLE} at (0,15323) size 52x406 [bgcolor=#FFA500] [border: (1px outset #808080)]
        RenderTableSection {TBODY} at (1,1) size 50x404
          RenderTableRow {TR} at (0,2) size 50x400
            RenderTableCell {TD} at (2,2) size 46x400 [border: (1px inset #808080)] [r=0 c=0 rs=1 cs=1]
              RenderTable {TABLE} at (2,2) size 42x396 [bgcolor=#0000FF]
                RenderTableSection {TBODY} at (0,0) size 42x396
                  RenderTableRow {TR} at (0,2) size 42x392
                    RenderTableCell {TD} at (2,187) size 38x21 [r=0 c=0 rs=1 cs=1]
                      RenderText {#text} at (1,1) size 36x19
                        text run at (1,1) width 36: "100%"
