layer at (0,0) size 800x600
  RenderView at (0,0) size 800x600
layer at (0,0) size 800x600
  RenderBlock {HTML} at (0,0) size 800x600
    RenderBody {BODY} at (8,8) size 784x584
      RenderTable {TABLE} at (0,0) size 238x29 [border: (1px outset #808080)]
        RenderTableSection {TBODY} at (1,1) size 236x27
          RenderTableRow {TR} at (0,2) size 236x23
            RenderTableCell {TD} at (2,2) size 161x23 [border: (1px inset #808080)] [r=0 c=0 rs=1 cs=1]
              RenderText {#text} at (2,2) size 24x19
                text run at (2,2) width 24: "100"
            RenderTableCell {TD} at (165,2) size 69x23 [border: (1px inset #808080)] [r=0 c=1 rs=1 cs=1]
              RenderText {#text} at (2,2) size 65x19
                text run at (2,2) width 65: "30% width"
      RenderBlock (anonymous) at (0,29) size 784x19
        RenderBR {BR} at (0,0) size 0x19
      RenderTable {TABLE} at (0,48) size 216x48 [border: (1px outset #808080)]
        RenderTableSection {TBODY} at (1,1) size 214x46
          RenderTableRow {TR} at (0,2) size 214x42
            RenderTableCell {TD} at (2,2) size 104x42 [border: (1px inset #808080)] [r=0 c=0 rs=1 cs=1]
              RenderText {#text} at (2,2) size 80x38
                text run at (2,2) width 80: "100 100 100"
                text run at (2,21) width 80: "100 100 100"
            RenderTableCell {TD} at (108,11) size 104x23 [border: (1px inset #808080)] [r=0 c=1 rs=1 cs=1]
              RenderText {#text} at (2,2) size 65x19
                text run at (2,2) width 65: "50% width"
      RenderBlock (anonymous) at (0,96) size 784x19
        RenderBR {BR} at (0,0) size 0x19
      RenderTable {TABLE} at (0,115) size 540x54 [border: (1px outset #808080)]
        RenderTableSection {TBODY} at (1,1) size 538x52
          RenderTableRow {TR} at (0,2) size 538x23
            RenderTableCell {TD} at (2,2) size 104x23 [border: (1px inset #808080)] [r=0 c=0 rs=1 cs=1]
              RenderText {#text} at (2,2) size 24x19
                text run at (2,2) width 24: "100"
            RenderTableCell {TD} at (108,2) size 267x23 [border: (1px inset #808080)] [r=0 c=1 rs=1 cs=1]
              RenderText {#text} at (2,2) size 91x19
                text run at (2,2) width 91: "no width given"
            RenderTableCell {TD} at (377,2) size 159x23 [border: (1px inset #808080)] [r=0 c=2 rs=1 cs=1]
              RenderText {#text} at (2,2) size 65x19
                text run at (2,2) width 65: "30% width"
          RenderTableRow {TR} at (0,27) size 538x23
            RenderTableCell {TD} at (2,27) size 534x23 [border: (1px inset #808080)] [r=1 c=0 rs=1 cs=3]
              RenderText {#text} at (2,2) size 93x19
                text run at (2,2) width 93: "500 colspan=3"
      RenderBlock (anonymous) at (0,169) size 784x19
        RenderBR {BR} at (0,0) size 0x19
      RenderTable {TABLE} at (0,188) size 436x79 [border: (1px outset #808080)]
        RenderTableSection {TBODY} at (1,1) size 434x77
          RenderTableRow {TR} at (0,2) size 434x23
            RenderTableCell {TD} at (2,2) size 104x23 [border: (1px inset #808080)] [r=0 c=0 rs=1 cs=1]
              RenderText {#text} at (2,2) size 20x19
                text run at (2,2) width 20: "foo"
            RenderTableCell {TD} at (108,2) size 195x23 [border: (1px inset #808080)] [r=0 c=1 rs=1 cs=1]
              RenderText {#text} at (2,2) size 91x19
                text run at (2,2) width 91: "no width given"
            RenderTableCell {TD} at (305,2) size 127x23 [border: (1px inset #808080)] [r=0 c=2 rs=1 cs=1]
              RenderText {#text} at (2,2) size 65x19
                text run at (2,2) width 65: "30% width"
          RenderTableRow {TR} at (0,27) size 434x23
            RenderTableCell {TD} at (2,27) size 301x23 [border: (1px inset #808080)] [r=1 c=0 rs=1 cs=2]
              RenderText {#text} at (2,2) size 113x19
                text run at (2,2) width 113: "200 spans col 1-2"
            RenderTableCell {TD} at (305,27) size 127x23 [border: (1px inset #808080)] [r=1 c=2 rs=1 cs=1]
              RenderText {#text} at (2,2) size 47x19
                text run at (2,2) width 47: "last cell"
          RenderTableRow {TR} at (0,52) size 434x23
            RenderTableCell {TD} at (2,52) size 104x23 [border: (1px inset #808080)] [r=2 c=0 rs=1 cs=1]
              RenderText {#text} at (2,2) size 48x19
                text run at (2,2) width 48: "first cell"
            RenderTableCell {TD} at (108,52) size 324x23 [border: (1px inset #808080)] [r=2 c=1 rs=1 cs=2]
              RenderText {#text} at (2,2) size 113x19
                text run at (2,2) width 113: "300 spans col 2-3"
      RenderBlock (anonymous) at (0,267) size 784x19
        RenderBR {BR} at (0,0) size 0x19
      RenderTable {TABLE} at (0,286) size 700x67 [border: (1px outset #808080)]
        RenderTableSection {TBODY} at (1,1) size 698x65
          RenderTableRow {TR} at (0,2) size 698x61
            RenderTableCell {TD} at (2,2) size 104x61 [border: (1px inset #808080)] [r=0 c=0 rs=1 cs=1]
              RenderText {#text} at (2,2) size 100x57
                text run at (2,2) width 96: "fooooo oooooo"
                text run at (2,21) width 100: "oooooo oooooo"
                text run at (2,40) width 48: "oooooo"
            RenderTableCell {TD} at (108,21) size 588x23 [border: (1px inset #808080)] [r=0 c=1 rs=1 cs=1]
              RenderText {#text} at (2,2) size 21x19
                text run at (2,2) width 21: "bar"
      RenderBlock (anonymous) at (0,353) size 784x19
        RenderBR {BR} at (0,0) size 0x19
      RenderTable {TABLE} at (0,372) size 400x97 [border: (1px outset #808080)]
        RenderTableSection {TBODY} at (1,1) size 398x95
          RenderTableRow {TR} at (0,0) size 398x48
            RenderTableCell {TD} at (0,0) size 121x48 [border: (1px inset #808080)] [r=0 c=0 rs=1 cs=2]
              RenderBlock {P} at (4,4) size 113x40
                RenderInline {B} at (0,0) size 71x40
                  RenderText {#text} at (0,0) size 71x40
                    text run at (0,0) width 46: "This is"
                    text run at (0,20) width 71: "colspan=2"
            RenderTableCell {TD} at (121,1) size 277x46 [border: (1px inset #808080)] [r=0 c=2 rs=1 cs=1]
              RenderText {#text} at (4,4) size 252x38
                text run at (4,4) width 252: "Blah Blah Blah Blah Blah Blah Blah Blah"
                text run at (4,23) width 28: "Blah"
          RenderTableRow {TR} at (0,48) size 398x47
            RenderTableCell {TD} at (0,48) size 398x47 [border: (1px inset #808080)] [r=1 c=0 rs=1 cs=3]
              RenderBlock {P} at (4,4) size 390x39
                RenderInline {B} at (0,0) size 121x20
                  RenderText {#text} at (0,0) size 121x20
                    text run at (0,0) width 121: "This is colspan=3"
                RenderText {#text} at (121,0) size 369x39
                  text run at (121,0) width 159: " blah blah blah blah blah "
                  text run at (280,0) width 89: "blah blah blah"
                  text run at (0,20) width 213: "blah blah blah blah blah blah blah"
      RenderBlock (anonymous) at (0,469) size 784x38
        RenderBR {BR} at (0,0) size 0x19
        RenderBR {BR} at (0,19) size 0x19
      RenderTable {TABLE} at (0,507) size 400x77 [border: (1px outset #808080)]
        RenderTableSection {TBODY} at (1,1) size 398x75
          RenderTableRow {TR} at (0,0) size 398x28
            RenderTableCell {TD} at (0,0) size 170x28 [border: (1px inset #808080)] [r=0 c=0 rs=1 cs=1]
              RenderBlock {P} at (4,4) size 162x20
                RenderInline {B} at (0,0) size 140x20
                  RenderText {#text} at (0,0) size 140x20
                    text run at (0,0) width 140: "no colspan declared"
            RenderTableCell {TD} at (170,0) size 228x27 [border: (1px inset #808080)] [r=0 c=1 rs=1 cs=1]
              RenderText {#text} at (4,4) size 188x19
                text run at (4,4) width 188: "Blah Blah Blah Blah Blah Blah"
          RenderTableRow {TR} at (0,28) size 398x47
            RenderTableCell {TD} at (0,28) size 398x47 [border: (1px inset #808080)] [r=1 c=0 rs=1 cs=2]
              RenderBlock {P} at (4,4) size 390x39
                RenderInline {B} at (0,0) size 121x20
                  RenderText {#text} at (0,0) size 121x20
                    text run at (0,0) width 121: "This is colspan=2"
                RenderText {#text} at (121,0) size 369x39
                  text run at (121,0) width 159: " blah blah blah blah blah "
                  text run at (280,0) width 89: "blah blah blah"
                  text run at (0,20) width 213: "blah blah blah blah blah blah blah"
