layer at (0,0) size 800x600
  RenderView at (0,0) size 800x600
layer at (0,0) size 800x600
  RenderBlock {HTML} at (0,0) size 800x600
    RenderBody {BODY} at (8,8) size 784x584
      RenderBlock (anonymous) at (0,0) size 784x19
        RenderText {#text} at (0,0) size 370x19
          text run at (0,0) width 370: "auto table - % width single cell has no effect (not so in IE5)"
      RenderTable {TABLE} at (0,19) size 662x45 [border: (1px outset #808080)]
        RenderTableSection {TBODY} at (1,1) size 660x43
          RenderTableRow {TR} at (0,10) size 660x23
            RenderTableCell {TD} at (10,10) size 640x23 [border: (1px inset #808080)] [r=0 c=0 rs=1 cs=1]
              RenderText {#text} at (2,2) size 60x19
                text run at (2,2) width 60: "10% 10%"
      RenderBlock (anonymous) at (0,64) size 784x57
        RenderBR {BR} at (0,0) size 0x19
        RenderText {#text} at (0,19) size 763x38
          text run at (0,19) width 763: "auto table - % width cell increases table width based on % cell which makes it largest. Nav4.x does not increase the table"
          text run at (0,38) width 197: "too much if the only cells are %"
      RenderTable {TABLE} at (0,121) size 784x45 [border: (1px outset #808080)]
        RenderTableSection {TBODY} at (1,1) size 782x43
          RenderTableRow {TR} at (0,10) size 782x23
            RenderTableCell {TD} at (10,10) size 83x23 [border: (1px inset #808080)] [r=0 c=0 rs=1 cs=1]
              RenderText {#text} at (2,2) size 20x19
                text run at (2,2) width 20: "1%"
            RenderTableCell {TD} at (103,10) size 669x23 [border: (1px inset #808080)] [r=0 c=1 rs=1 cs=1]
              RenderText {#text} at (2,2) size 28x19
                text run at (2,2) width 28: "10%"
      RenderBlock (anonymous) at (0,166) size 784x19
        RenderBR {BR} at (0,0) size 0x19
