layer at (0,0) size 800x600
  RenderView at (0,0) size 800x600
layer at (0,0) size 800x600
  RenderBlock {HTML} at (0,0) size 800x600
    RenderBody {BODY} at (8,8) size 784x584
      RenderBlock (anonymous) at (0,0) size 784x19
        RenderText {#text} at (0,0) size 63x19
          text run at (0,0) width 63: "auto table"
      RenderTable {TABLE} at (0,19) size 88x29 [border: (1px outset #808080)]
        RenderTableSection {TBODY} at (1,1) size 86x27
          RenderTableRow {TR} at (0,2) size 86x23
            RenderTableCell {TD} at (2,2) size 48x23 [border: (1px inset #808080)] [r=0 c=0 rs=1 cs=1]
              RenderText {#text} at (2,2) size 44x19
                text run at (2,2) width 44: "0 0 0 0"
            RenderTableCell {TD} at (52,2) size 32x23 [border: (1px inset #808080)] [r=0 c=1 rs=1 cs=1]
              RenderText {#text} at (2,2) size 28x19
                text run at (2,2) width 28: "auto"
      RenderBlock (anonymous) at (0,48) size 784x38
        RenderBR {BR} at (0,0) size 0x19
        RenderText {#text} at (0,19) size 195x19
          text run at (0,19) width 195: "auto table - fixed cells honored"
      RenderTable {TABLE} at (0,86) size 144x29 [border: (1px outset #808080)]
        RenderTableSection {TBODY} at (1,1) size 142x27
          RenderTableRow {TR} at (0,2) size 142x23
            RenderTableCell {TD} at (2,2) size 104x23 [border: (1px inset #808080)] [r=0 c=0 rs=1 cs=1]
              RenderText {#text} at (2,2) size 82x19
                text run at (2,2) width 82: "100px 100px"
            RenderTableCell {TD} at (108,2) size 32x23 [border: (1px inset #808080)] [r=0 c=1 rs=1 cs=1]
              RenderText {#text} at (2,2) size 28x19
                text run at (2,2) width 28: "auto"
      RenderBlock (anonymous) at (0,115) size 784x38
        RenderBR {BR} at (0,0) size 0x19
        RenderText {#text} at (0,19) size 79x19
          text run at (0,19) width 79: "COLSPANS "
        RenderBR {BR} at (79,33) size 0x0
      RenderTable {TABLE} at (0,153) size 637x135 [border: (1px outset #808080)]
        RenderTableSection {TBODY} at (1,1) size 635x133
          RenderTableRow {TR} at (0,2) size 635x104
            RenderTableCell {TD} at (2,2) size 604x104 [border: (1px inset #808080)] [r=0 c=0 rs=1 cs=3]
              RenderImage {IMG} at (2,2) size 600x100
            RenderTableCell {TD} at (608,42) size 25x23 [border: (1px inset #808080)] [r=0 c=3 rs=1 cs=1]
              RenderText {#text} at (2,2) size 20x19
                text run at (2,2) width 20: "foo"
          RenderTableRow {TR} at (0,108) size 635x23
            RenderTableCell {TD} at (2,108) size 24x23 [border: (1px inset #808080)] [r=1 c=0 rs=1 cs=1]
              RenderText {#text} at (2,2) size 20x19
                text run at (2,2) width 20: "foo"
            RenderTableCell {TD} at (28,108) size 25x23 [border: (1px inset #808080)] [r=1 c=1 rs=1 cs=1]
              RenderText {#text} at (2,2) size 21x19
                text run at (2,2) width 21: "bar"
            RenderTableCell {TD} at (55,108) size 551x23 [border: (1px inset #808080)] [r=1 c=2 rs=1 cs=1]
              RenderText {#text} at (2,2) size 20x19
                text run at (2,2) width 20: "foo"
            RenderTableCell {TD} at (608,108) size 25x23 [border: (1px inset #808080)] [r=1 c=3 rs=1 cs=1]
              RenderText {#text} at (2,2) size 21x19
                text run at (2,2) width 21: "bar"
      RenderBlock (anonymous) at (0,288) size 784x19
        RenderBR {BR} at (0,0) size 0x19
      RenderTable {TABLE} at (0,307) size 534x63 [border: (1px outset #808080)]
        RenderTableSection {TBODY} at (1,1) size 532x61
          RenderTableRow {TR} at (0,5) size 532x23
            RenderTableCell {TD} at (5,5) size 413x23 [border: (1px inset #808080)] [r=0 c=0 rs=1 cs=2]
              RenderText {#text} at (2,2) size 28x19
                text run at (2,2) width 28: "auto"
            RenderTableCell {TD} at (423,5) size 104x23 [border: (1px inset #808080)] [r=0 c=2 rs=1 cs=1]
              RenderText {#text} at (2,2) size 24x19
                text run at (2,2) width 24: "100"
          RenderTableRow {TR} at (0,33) size 532x23
            RenderTableCell {TD} at (5,33) size 104x23 [border: (1px inset #808080)] [r=1 c=0 rs=1 cs=1]
              RenderText {#text} at (2,2) size 24x19
                text run at (2,2) width 24: "100"
            RenderTableCell {TD} at (114,33) size 304x23 [border: (1px inset #808080)] [r=1 c=1 rs=1 cs=1]
              RenderText {#text} at (2,2) size 24x19
                text run at (2,2) width 24: "300"
            RenderTableCell {TD} at (423,33) size 104x23 [border: (1px inset #808080)] [r=1 c=2 rs=1 cs=1]
              RenderText {#text} at (2,2) size 28x19
                text run at (2,2) width 28: "auto"
