layer at (0,0) size 800x600
  RenderView at (0,0) size 800x600
layer at (0,0) size 800x600
  RenderBlock {HTML} at (0,0) size 800x600
    RenderBody {BODY} at (8,8) size 784x584
      RenderBlock (anonymous) at (0,0) size 784x19
        RenderText {#text} at (0,0) size 63x19
          text run at (0,0) width 63: "auto table"
      RenderTable {TABLE} at (0,19) size 136x29 [border: (1px outset #808080)]
        RenderTableSection {TBODY} at (1,1) size 134x27
          RenderTableRow {TR} at (0,2) size 134x23
            RenderTableCell {TD} at (2,2) size 96x23 [border: (1px inset #808080)] [r=0 c=0 rs=1 cs=1]
              RenderText {#text} at (2,2) size 92x19
                text run at (2,2) width 92: "0% 0% 0% 0%"
            RenderTableCell {TD} at (100,2) size 32x23 [border: (1px inset #808080)] [r=0 c=1 rs=1 cs=1]
              RenderText {#text} at (2,2) size 28x19
                text run at (2,2) width 28: "auto"
      RenderBlock (anonymous) at (0,48) size 784x38
        RenderBR {BR} at (0,0) size 0x19
        RenderText {#text} at (0,19) size 391x19
          text run at (0,19) width 391: "auto table - % width cell increases table width based on % cell"
      RenderTable {TABLE} at (0,86) size 784x82 [border: (1px outset #808080)]
        RenderTableSection {TBODY} at (1,1) size 782x80
          RenderTableRow {TR} at (0,10) size 782x60
            RenderTableCell {TD} at (10,10) size 75x60 [border: (1px inset #808080)] [r=0 c=0 rs=1 cs=1]
              RenderText {#text} at (11,11) size 28x38
                text run at (11,11) width 28: "10%"
                text run at (11,30) width 28: "10%"
            RenderTableCell {TD} at (95,19) size 677x41 [border: (1px inset #808080)] [r=0 c=1 rs=1 cs=1]
              RenderText {#text} at (11,11) size 28x19
                text run at (11,11) width 28: "auto"
      RenderBlock (anonymous) at (0,168) size 784x19
        RenderText {#text} at (0,0) size 391x19
          text run at (0,0) width 391: "auto table - % width cell increases table width based on % cell"
      RenderTable {TABLE} at (0,187) size 352x45 [border: (1px outset #808080)]
        RenderTableSection {TBODY} at (1,1) size 350x43
          RenderTableRow {TR} at (0,10) size 350x23
            RenderTableCell {TD} at (10,10) size 32x23 [border: (1px inset #808080)] [r=0 c=0 rs=1 cs=1]
              RenderText {#text} at (2,2) size 28x19
                text run at (2,2) width 28: "10%"
            RenderTableCell {TD} at (52,10) size 288x23 [border: (1px inset #808080)] [r=0 c=1 rs=1 cs=1]
              RenderText {#text} at (2,2) size 28x19
                text run at (2,2) width 28: "auto"
      RenderBlock (anonymous) at (0,232) size 784x38
        RenderBR {BR} at (0,0) size 0x19
        RenderText {#text} at (0,19) size 535x19
          text run at (0,19) width 535: "auto table - % width cell increases table width based on % cell which makes it largest"
      RenderTable {TABLE} at (0,270) size 784x45 [border: (1px outset #808080)]
        RenderTableSection {TBODY} at (1,1) size 782x43
          RenderTableRow {TR} at (0,10) size 782x23
            RenderTableCell {TD} at (10,10) size 74x23 [border: (1px inset #808080)] [r=0 c=0 rs=1 cs=1]
              RenderText {#text} at (2,2) size 28x19
                text run at (2,2) width 28: "10%"
            RenderTableCell {TD} at (94,10) size 24x23 [border: (1px inset #808080)] [r=0 c=1 rs=1 cs=1]
              RenderText {#text} at (2,2) size 20x19
                text run at (2,2) width 20: "1%"
            RenderTableCell {TD} at (128,10) size 644x23 [border: (1px inset #808080)] [r=0 c=2 rs=1 cs=1]
              RenderText {#text} at (2,2) size 28x19
                text run at (2,2) width 28: "auto"
      RenderBlock (anonymous) at (0,315) size 784x19
        RenderBR {BR} at (0,0) size 0x19
