layer at (0,0) size 800x600
  RenderView at (0,0) size 800x600
layer at (0,0) size 800x600
  RenderBlock {HTML} at (0,0) size 800x600
    RenderBody {BODY} at (8,8) size 784x584
      RenderBlock (anonymous) at (0,0) size 784x19
        RenderText {#text} at (0,0) size 170x19
          text run at (0,0) width 170: "table width includes border"
      RenderBlock {HR} at (0,26) size 202x2 [border: (1px inset #000000)]
      RenderTable {TABLE} at (0,35) size 200x47 [border: (10px outset #808080)]
        RenderTableSection {TBODY} at (10,10) size 180x27
          RenderTableRow {TR} at (0,2) size 180x23
            RenderTableCell {TD} at (2,2) size 176x23 [border: (1px inset #808080)] [r=0 c=0 rs=1 cs=1]
              RenderText {#text} at (2,2) size 59x19
                text run at (2,2) width 59: "200 table"
      RenderBlock (anonymous) at (0,82) size 784x38
        RenderBR {BR} at (0,0) size 0x19
        RenderText {#text} at (0,19) size 217x19
          text run at (0,19) width 217: "nested table width includes border"
      RenderTable {TABLE} at (0,120) size 204x51 [border: (1px outset #808080)]
        RenderTableSection {TBODY} at (1,1) size 202x49
          RenderTableRow {TR} at (0,0) size 202x49
            RenderTableCell {TD} at (0,0) size 202x49 [border: (1px inset #808080)] [r=0 c=0 rs=1 cs=1]
              RenderTable {TABLE} at (1,1) size 200x47 [border: (10px outset #808080)]
                RenderTableSection {TBODY} at (10,10) size 180x27
                  RenderTableRow {TR} at (0,2) size 180x23
                    RenderTableCell {TD} at (2,2) size 176x23 [border: (1px inset #808080)] [r=0 c=0 rs=1 cs=1]
                      RenderText {#text} at (2,2) size 106x19
                        text run at (2,2) width 106: "200 nested table"
      RenderBlock (anonymous) at (0,171) size 784x19
        RenderText {#text} at (0,0) size 217x19
          text run at (0,0) width 217: "nested table width includes border"
      RenderTable {TABLE} at (0,190) size 150x51 [border: (1px outset #808080)]
        RenderTableSection {TBODY} at (1,1) size 148x49
          RenderTableRow {TR} at (0,0) size 148x49
            RenderTableCell {TD} at (0,0) size 148x49 [border: (1px inset #808080)] [r=0 c=0 rs=1 cs=1]
              RenderTable {TABLE} at (1,1) size 146x47 [border: (10px outset #808080)]
                RenderTableSection {TBODY} at (10,10) size 126x27
                  RenderTableRow {TR} at (0,2) size 126x23
                    RenderTableCell {TD} at (2,2) size 122x23 [border: (1px inset #808080)] [r=0 c=0 rs=1 cs=1]
                      RenderText {#text} at (2,2) size 118x19
                        text run at (2,2) width 118: "100% nested table"
