layer at (0,0) size 800x600
  RenderView at (0,0) size 800x600
layer at (0,0) size 800x600
  RenderBlock {HTML} at (0,0) size 800x600
    RenderBody {BODY} at (8,8) size 784x584
      RenderBlock (anonymous) at (0,0) size 784x0
        RenderInline {B} at (0,0) size 0x0
      RenderBlock (anonymous) at (0,0) size 784x0
      RenderBlock (anonymous) at (0,0) size 784x0
        RenderInline {B} at (0,0) size 0x0
      RenderBlock {P} at (0,0) size 784x20
        RenderInline {B} at (0,0) size 36x20
          RenderText {#text} at (0,0) size 36x20
            text run at (0,0) width 36: "Bold "
        RenderText {#text} at (36,0) size 53x19
          text run at (36,0) width 53: "Not bold"
      RenderBlock (anonymous) at (0,34) size 784x19
        RenderText {#text} at (0,0) size 86x19
          text run at (0,0) width 86: "Also not bold."
