layer at (0,0) size 800x600
  RenderView at (0,0) size 800x600
layer at (0,0) size 800x600
  RenderBlock {HTML} at (0,0) size 800x600
    RenderBody {BODY} at (8,8) size 784x578
      RenderBlock {P} at (0,0) size 784x54
        RenderInline {FONT} at (0,0) size 295x54
          RenderText {#text} at (0,0) size 295x54
            text run at (0,0) width 295: "First paragraph."
      RenderBlock (anonymous) at (0,68) size 784x0
        RenderInline {FONT} at (0,0) size 0x0
          RenderText {#text} at (0,0) size 0x0
      RenderBlock (anonymous) at (0,96) size 784x54
        RenderBlock {P} at (0,0) size 784x54
          RenderText {#text} at (0,0) size 354x54
            text run at (0,0) width 354: "Second paragraph."
      RenderBlock (anonymous) at (0,192) size 784x0
        RenderInline {FONT} at (0,0) size 0x0
        RenderText {#text} at (0,0) size 0x0
        RenderInline {B} at (0,0) size 0x0
      RenderBlock (anonymous) at (0,192) size 784x0
      RenderBlock (anonymous) at (0,192) size 784x0
        RenderInline {B} at (0,0) size 0x0
      RenderBlock {P} at (0,192) size 784x20
        RenderInline {B} at (0,0) size 99x20
          RenderInline {I} at (0,0) size 99x20
            RenderText {#text} at (0,0) size 99x20
              text run at (0,0) width 99: "Bold and Italic"
        RenderInline {I} at (0,0) size 33x19
          RenderText {#text} at (99,0) size 33x19
            text run at (99,0) width 33: " Italic"
      RenderBlock (anonymous) at (0,226) size 784x0
        RenderInline {I} at (0,0) size 0x0
