layer at (0,0) size 800x600
  RenderView at (0,0) size 800x600
layer at (0,0) size 800x600
  RenderBlock {HTML} at (0,0) size 800x600
    RenderBody {BODY} at (8,8) size 784x578
      RenderBlock {DL} at (0,0) size 784x40
        RenderBlock {DT} at (0,0) size 784x20
          RenderInline {B} at (0,0) size 28x20
            RenderText {#text} at (0,0) size 28x20
              text run at (0,0) width 28: "Boo"
        RenderBlock (anonymous) at (0,20) size 784x0
          RenderInline {B} at (0,0) size 0x0
        RenderBlock (anonymous) at (0,20) size 784x20
          RenderBlock {DD} at (40,0) size 744x20
            RenderText {#text} at (0,0) size 38x20
              text run at (0,0) width 38: "Goo?"
        RenderBlock (anonymous) at (0,40) size 784x0
          RenderInline {B} at (0,0) size 0x0
      RenderBlock (anonymous) at (0,54) size 784x0
        RenderInline {B} at (0,0) size 0x0
          RenderText {#text} at (0,0) size 0x0
          RenderText {#text} at (0,0) size 0x0
