layer at (0,0) size 800x600
  RenderView at (0,0) size 800x600
layer at (0,0) size 800x600
  RenderBlock {HTML} at (0,0) size 800x600
    RenderBody {BODY} at (8,8) size 784x578
      RenderBlock (anonymous) at (0,0) size 784x0
        RenderInline {B} at (0,0) size 0x0
          RenderInline {NOBR} at (0,0) size 0x0
      RenderBlock (anonymous) at (0,0) size 784x20
        RenderBlock {DIV} at (0,0) size 784x20
          RenderText {#text} at (0,0) size 224x20
            text run at (0,0) width 224: "This text is in a div inside a nobr"
      RenderBlock (anonymous) at (0,20) size 784x20
        RenderInline {B} at (0,0) size 687x20
          RenderInline {NOBR} at (0,0) size 0x0
          RenderText {#text} at (0,0) size 687x20
            text run at (0,0) width 687: "More text that should not be in the nobr, i.e., the nobr should have closed the div inside it implicitly."
      RenderBlock {PRE} at (0,54) size 784x19
        RenderText {#text} at (0,0) size 212x19
          text run at (0,0) width 212: "A pre tag outside everything else."
