layer at (0,0) size 800x600
  RenderView at (0,0) size 800x600
layer at (0,0) size 800x600
  RenderBlock {HTML} at (0,0) size 800x600
    RenderBody {BODY} at (8,8) size 784x584
      RenderBlock {DIV} at (0,0) size 784x19
        RenderText {#text} at (0,0) size 53x19
          text run at (0,0) width 53: "Test for "
        RenderInline {A} at (0,0) size 114x19 [color=#0000EE]
          RenderText {#text} at (53,0) size 114x19
            text run at (53,0) width 114: "Bugzilla Bug 7724"
        RenderText {#text} at (167,0) size 470x19
          text run at (167,0) width 470: " Minor refactoring to HTMLParser::handleError() to remove duplicate code"
      RenderBlock (anonymous) at (0,19) size 784x19
        RenderInline {FONT} at (0,0) size 24x19
          RenderText {#text} at (0,0) size 24x19
            text run at (0,0) width 24: "font"
        RenderText {#text} at (24,0) size 9x19
          text run at (24,0) width 9: "tr"
