layer at (0,0) size 800x600
  RenderView at (0,0) size 800x600
layer at (0,0) size 800x600
  RenderBlock {HTML} at (0,0) size 800x600
    RenderBody {BODY} at (8,8) size 784x578
      RenderBlock {P} at (0,0) size 784x19
        RenderText {#text} at (0,0) size 195x19
          text run at (0,0) width 195: "Should say \"SUCCESS\" below:"
      RenderBlock {DIV} at (0,33) size 784x87 [border: (2px solid #FF0000)]
        RenderBlock {DIV} at (2,2) size 780x50 [border: (10px solid #008000)]
          RenderBlock {DIV} at (10,10) size 760x14 [border: (2px solid #0000FF)]
        RenderTable {TABLE} at (2,52) size 4x2
          RenderTableSection {TBODY} at (0,0) size 4x2
        RenderTable {TABLE} at (2,54) size 48x31 [border: (2px outset #808080)]
          RenderTableSection {TBODY} at (2,2) size 44x27
            RenderTableRow {TR} at (0,2) size 44x23
              RenderTableCell {TD} at (2,2) size 40x23 [border: (1px inset #808080)] [r=0 c=0 rs=1 cs=1]
                RenderText {#text} at (2,2) size 36x19
                  text run at (2,2) width 36: "Table"
      RenderBlock {P} at (0,134) size 784x19
        RenderText {#text} at (0,0) size 66x19
          text run at (0,0) width 66: "SUCCESS"
