layer at (0,0) size 800x4537
  RenderView at (0,0) size 800x600
layer at (0,0) size 800x4537
  RenderBlock {HTML} at (0,0) size 800x4537
    RenderBody {BODY} at (8,8) size 784x4521 [bgcolor=#CCCCCC]
      RenderBlock {P} at (0,0) size 784x20
        RenderText {#text} at (0,0) size 355x20
          text run at (0,0) width 355: "The style declarations which apply to the text below are:"
      RenderBlock {PRE} at (0,36) size 784x288
        RenderText {#text} at (0,0) size 512x287
          text run at (0,0) width 160: "P {font-size: 12pt;}"
          text run at (160,0) width 0: " "
          text run at (0,16) width 216: ".one {vertical-align: sub;}"
          text run at (216,16) width 0: " "
          text run at (0,32) width 232: ".two {vertical-align: super;}"
          text run at (232,32) width 0: " "
          text run at (0,48) width 368: ".three {vertical-align: top; font-size: 12pt;}"
          text run at (368,48) width 0: " "
          text run at (0,64) width 400: ".four {vertical-align: text-top; font-size: 12pt;}"
          text run at (400,64) width 0: " "
          text run at (0,80) width 384: ".five {vertical-align: middle; font-size: 12pt;}"
          text run at (384,80) width 0: " "
          text run at (0,96) width 376: ".six {vertical-align: bottom; font-size: 12pt;}"
          text run at (376,96) width 0: " "
          text run at (0,112) width 432: ".seven {vertical-align: text-bottom; font-size: 12pt;}"
          text run at (432,112) width 0: " "
          text run at (0,128) width 408: ".eight {vertical-align: baseline; font-size: 12pt;}"
          text run at (408,128) width 0: " "
          text run at (0,144) width 512: ".nine {vertical-align: 50%; font-size: 12px; line-height: 16px;}"
          text run at (512,144) width 0: " "
          text run at (0,160) width 0: " "
          text run at (0,176) width 224: "P.example {font-size: 14pt;}"
          text run at (224,176) width 0: " "
          text run at (0,192) width 176: "BIG {font-size: 16pt;}"
          text run at (176,192) width 0: " "
          text run at (0,208) width 192: "SMALL {font-size: 12pt;}"
          text run at (192,208) width 0: " "
          text run at (0,224) width 304: ".ttopalign {vertical-align: text-top;}"
          text run at (304,224) width 0: " "
          text run at (0,240) width 256: ".topalign {vertical-align: top;}"
          text run at (256,240) width 0: " "
          text run at (0,256) width 280: ".midalign {vertical-align: middle;}"
          text run at (280,256) width 0: " "
          text run at (0,272) width 0: " "
      RenderBlock {HR} at (0,337) size 784x2 [border: (1px inset #000000)]
      RenderBlock {P} at (0,355) size 784x79
        RenderImage {IMG} at (0,0) size 15x50
        RenderInline {SPAN} at (0,0) size 126x20
          RenderText {#text} at (15,39) size 126x20
            text run at (15,39) width 126: "The first four words"
        RenderText {#text} at (141,35) size 750x44
          text run at (141,35) width 284: " in this sentence should be subscript-aligned. "
          text run at (425,35) width 325: "The font size of the superscripted text should not be"
          text run at (0,59) width 254: "different from that of the parent element."
      RenderBlock {P} at (0,450) size 784x75
        RenderImage {IMG} at (0,0) size 15x50
        RenderInline {SPAN} at (0,0) size 126x20
          RenderText {#text} at (15,29) size 126x20
            text run at (15,29) width 126: "The first four words"
        RenderText {#text} at (141,35) size 750x40
          text run at (141,35) width 296: " in this sentence should be superscript-aligned. "
          text run at (437,35) width 313: "The font size of the subscripted text should not be"
          text run at (0,55) width 254: "different from that of the parent element."
      RenderBlock {P} at (0,541) size 784x75
        RenderImage {IMG} at (0,0) size 15x50
        RenderInline {SPAN} at (0,0) size 126x20
          RenderText {#text} at (15,0) size 126x20
            text run at (15,0) width 126: "The first four words"
        RenderText {#text} at (141,35) size 781x40
          text run at (141,35) width 640: " in this sentence should be top-aligned, which will align their tops with the top of the tallest element in"
          text run at (0,55) width 251: "the line (probably the orange rectangle)."
      RenderBlock {P} at (0,632) size 784x137
        RenderImage {IMG} at (0,0) size 15x50
        RenderText {#text} at (15,35) size 4x20
          text run at (15,35) width 4: " "
        RenderInline {SPAN} at (0,0) size 754x117
          RenderText {#text} at (0,0) size 0x0
          RenderInline {SPAN} at (0,0) size 126x20
            RenderText {#text} at (19,20) size 126x20
              text run at (19,20) width 126: "The first four words"
          RenderText {#text} at (145,20) size 754x117
            text run at (145,20) width 556: " in this sentence should be text-top-aligned,"
            text run at (0,59) width 754: "which should align their tops with the top of the tallest text"
            text run at (0,98) width 136: "in the line."
        RenderText {#text} at (0,0) size 0x0
      RenderBlock {P} at (0,785) size 784x70
        RenderImage {IMG} at (0,0) size 15x50
        RenderText {#text} at (15,13) size 739x57
          text run at (15,13) width 724: " The image at the beginning of this sentence should be middle-aligned, which should align its middle with the point"
          text run at (0,50) width 310: "defined as the text baseline plus half the x-height."
      RenderBlock {P} at (0,871) size 784x128
        RenderImage {IMG} at (0,0) size 15x50
        RenderText {#text} at (15,15) size 4x20
          text run at (15,15) width 4: " "
        RenderInline {SPAN} at (0,0) size 733x128
          RenderText {#text} at (0,0) size 0x0
          RenderInline {SPAN} at (0,0) size 126x20
            RenderText {#text} at (19,30) size 126x20
              text run at (19,30) width 126: "The first four words"
          RenderText {#text} at (145,0) size 733x128
            text run at (145,0) width 544: " in this sentence should be 12pt in size and"
            text run at (0,50) width 733: "bottom-aligned, which should align their bottom with the"
            text run at (0,89) width 517: "bottom of the lowest element in the line."
        RenderText {#text} at (0,0) size 0x0
      RenderBlock {P} at (0,1015) size 784x167
        RenderImage {IMG} at (0,0) size 15x50
        RenderText {#text} at (15,15) size 4x20
          text run at (15,15) width 4: " "
        RenderInline {SPAN} at (0,0) size 745x167
          RenderText {#text} at (0,0) size 0x0
          RenderInline {SPAN} at (0,0) size 293x20
            RenderText {#text} at (19,19) size 293x20
              text run at (19,19) width 293: "The first eight words (\"eight\" has a descender)"
          RenderText {#text} at (312,0) size 745x167
            text run at (312,0) width 433: " in this sentence should be 12pt in"
            text run at (0,50) width 692: "size and text-bottom-aligned, which should align their"
            text run at (0,89) width 671: "bottom with the bottom of the lowest text (including"
            text run at (0,128) width 294: "descenders) in the line."
        RenderText {#text} at (0,0) size 0x0
      RenderBlock {P} at (0,1198) size 784x137
        RenderImage {IMG} at (0,0) size 15x50
        RenderText {#text} at (15,35) size 4x20
          text run at (15,35) width 4: " "
        RenderInline {SPAN} at (0,0) size 759x117
          RenderText {#text} at (0,0) size 0x0
          RenderInline {SPAN} at (0,0) size 126x20
            RenderText {#text} at (19,35) size 126x20
              text run at (19,35) width 126: "The first four words"
          RenderText {#text} at (145,20) size 759x117
            text run at (145,20) width 544: " in this sentence should be 12pt in size and"
            text run at (0,59) width 759: "baseline-aligned, which should align their baseline with the"
            text run at (0,98) width 522: "baseline of the rest of the text in the line."
        RenderText {#text} at (0,0) size 0x0
      RenderBlock {P} at (0,1351) size 784x75
        RenderImage {IMG} at (0,0) size 15x50
        RenderInline {SPAN} at (0,0) size 96x16
          RenderText {#text} at (15,30) size 96x16
            text run at (15,30) width 96: "The first four words"
        RenderText {#text} at (111,35) size 750x40
          text run at (111,35) width 639: " in this sentence should have a font-size of 12px and a line-height of 16px; they are also 50%-aligned,"
          text run at (0,55) width 376: "which should raise them 8px relative to the natural baseline."
      RenderBlock {P} at (0,1442) size 784x40
        RenderText {#text} at (0,0) size 742x40
          text run at (0,0) width 742: "In the following paragraph, all images should be aligned with the top of the 14-point text, which is identical to the first"
          text run at (0,20) width 661: "section of text, whereas any size text should be aligned with the text baseline (which is the default value)."
      RenderBlock {P} at (0,1500) size 784x325
        RenderText {#text} at (0,26) size 120x24
          text run at (0,26) width 120: "This paragraph "
        RenderImage {IMG} at (120,26) size 9x30
        RenderText {#text} at (129,26) size 5x24
          text run at (129,26) width 5: " "
        RenderInline {SPAN} at (0,0) size 422x58
          RenderText {#text} at (134,0) size 422x58
            text run at (134,0) width 422: "contains many images"
        RenderText {#text} at (556,26) size 5x24
          text run at (556,26) width 5: " "
        RenderImage {IMG} at (561,26) size 15x50
        RenderText {#text} at (576,26) size 5x24
          text run at (576,26) width 5: " "
        RenderInline {BIG} at (0,0) size 156x26
          RenderText {#text} at (581,24) size 156x26
            text run at (581,24) width 156: "of varying heights"
        RenderText {#text} at (737,26) size 5x24
          text run at (737,26) width 5: " "
        RenderImage {IMG} at (742,26) size 3x10
        RenderText {#text} at (745,26) size 5x24
          text run at (745,26) width 5: " "
        RenderInline {SMALL} at (0,0) size 773x117
          RenderText {#text} at (750,29) size 773x117
            text run at (750,29) width 23: "and"
            text run at (0,126) width 42: "widths"
        RenderText {#text} at (42,123) size 5x24
          text run at (42,123) width 5: " "
        RenderImage {IMG} at (47,123) size 6x20
        RenderText {#text} at (53,123) size 101x24
          text run at (53,123) width 101: " all of which "
        RenderImage {IMG} at (154,123) size 19x65
        RenderText {#text} at (173,123) size 5x24
          text run at (173,123) width 5: " "
        RenderInline {SPAN} at (0,0) size 262x46
          RenderText {#text} at (178,106) size 262x46
            text run at (178,106) width 262: "should be aligned"
        RenderText {#text} at (440,123) size 5x24
          text run at (440,123) width 5: " "
        RenderImage {IMG} at (445,123) size 10x35
        RenderText {#text} at (455,123) size 123x24
          text run at (455,123) width 123: " with the top of "
        RenderImage {IMG} at (578,123) size 9x30
        RenderText {#text} at (587,123) size 5x24
          text run at (587,123) width 5: " "
        RenderInline {SPAN} at (0,0) size 704x146
          RenderText {#text} at (592,115) size 19x34
            text run at (592,115) width 19: "a "
          RenderInline {SPAN} at (0,0) size 704x197
            RenderText {#text} at (611,76) size 704x197
              text run at (611,76) width 93: "14-"
              text run at (0,188) width 143: "point"
          RenderText {#text} at (143,227) size 144x34
            text run at (143,227) width 144: " text element"
        RenderText {#text} at (287,235) size 5x24
          text run at (287,235) width 5: " "
        RenderImage {IMG} at (292,235) size 15x50
        RenderText {#text} at (307,235) size 5x24
          text run at (307,235) width 5: " "
        RenderInline {SMALL} at (0,0) size 189x20
          RenderText {#text} at (312,238) size 189x20
            text run at (312,238) width 189: "regardless of the line in which"
        RenderText {#text} at (501,235) size 5x24
          text run at (501,235) width 5: " "
        RenderImage {IMG} at (506,235) size 4x15
        RenderText {#text} at (510,235) size 5x24
          text run at (510,235) width 5: " "
        RenderInline {BIG} at (0,0) size 156x26
          RenderText {#text} at (515,233) size 156x26
            text run at (515,233) width 156: "the images appear."
        RenderText {#text} at (671,235) size 5x24
          text run at (671,235) width 5: " "
        RenderImage {IMG} at (676,235) size 27x90
        RenderText {#text} at (0,0) size 0x0
      RenderBlock {P} at (0,1843) size 784x40
        RenderText {#text} at (0,0) size 749x40
          text run at (0,0) width 749: "In the following paragraph, all images should be aligned with the middle of the default text, whereas any text should be"
          text run at (0,20) width 362: "aligned with the text baseline (which is the default value)."
      RenderBlock {P} at (0,1899) size 784x235
        RenderText {#text} at (0,22) size 99x20
          text run at (0,22) width 99: "This paragraph "
        RenderImage {IMG} at (99,19) size 9x30
        RenderText {#text} at (108,22) size 4x20
          text run at (108,22) width 4: " "
        RenderInline {SPAN} at (0,0) size 357x49
          RenderText {#text} at (112,0) size 357x49
            text run at (112,0) width 357: "contains many images"
        RenderText {#text} at (469,22) size 4x20
          text run at (469,22) width 4: " "
        RenderImage {IMG} at (473,9) size 15x50
        RenderText {#text} at (488,22) size 122x20
          text run at (488,22) width 122: " of varying heights "
        RenderImage {IMG} at (610,29) size 3x10
        RenderText {#text} at (613,22) size 4x20
          text run at (613,22) width 4: " "
        RenderInline {SMALL} at (0,0) size 69x20
          RenderText {#text} at (617,22) size 69x20
            text run at (617,22) width 69: "and widths"
        RenderText {#text} at (686,22) size 4x20
          text run at (686,22) width 4: " "
        RenderImage {IMG} at (690,24) size 6x20
        RenderText {#text} at (696,22) size 83x20
          text run at (696,22) width 83: " all of which "
        RenderImage {IMG} at (0,80) size 19x65
        RenderText {#text} at (19,100) size 119x20
          text run at (19,100) width 119: " should be aligned "
        RenderImage {IMG} at (138,95) size 10x35
        RenderText {#text} at (148,100) size 4x20
          text run at (148,100) width 4: " "
        RenderInline {SPAN} at (0,0) size 236x39
          RenderText {#text} at (152,85) size 236x39
            text run at (152,85) width 236: "with the middle of"
        RenderText {#text} at (388,100) size 4x20
          text run at (388,100) width 4: " "
        RenderImage {IMG} at (392,87) size 15x50
        RenderText {#text} at (407,100) size 4x20
          text run at (407,100) width 4: " "
        RenderInline {SPAN} at (0,0) size 348x30
          RenderText {#text} at (411,92) size 17x30
            text run at (411,92) width 17: "a "
          RenderInline {SPAN} at (0,0) size 204x73
            RenderText {#text} at (428,59) size 204x73
              text run at (428,59) width 204: "14-point"
          RenderText {#text} at (632,92) size 127x30
            text run at (632,92) width 127: " text element"
        RenderText {#text} at (759,100) size 4x20
          text run at (759,100) width 4: " "
        RenderImage {IMG} at (763,87) size 15x50
        RenderText {#text} at (0,0) size 0x0
        RenderInline {SMALL} at (0,0) size 189x20
          RenderText {#text} at (0,178) size 189x20
            text run at (0,178) width 189: "regardless of the line in which"
        RenderText {#text} at (189,178) size 4x20
          text run at (189,178) width 4: " "
        RenderImage {IMG} at (193,183) size 4x15
        RenderText {#text} at (197,178) size 4x20
          text run at (197,178) width 4: " "
        RenderInline {BIG} at (0,0) size 156x26
          RenderText {#text} at (201,173) size 156x26
            text run at (201,173) width 156: "the images appear."
        RenderText {#text} at (357,178) size 4x20
          text run at (357,178) width 4: " "
        RenderImage {IMG} at (361,145) size 27x90
        RenderText {#text} at (0,0) size 0x0
      RenderBlock {P} at (0,2150) size 784x40
        RenderText {#text} at (0,0) size 733x40
          text run at (0,0) width 733: "In the following paragraph, all elements should be aligned with the top of the tallest element on the line, whether that"
          text run at (0,20) width 173: "element is an image or not. "
          text run at (173,20) width 555: "Each fragment of text has been SPANned appropriately in order to cause this to happen."
      RenderBlock {P} at (0,2206) size 784x204
        RenderInline {SPAN} at (0,0) size 95x20
          RenderText {#text} at (0,0) size 95x20
            text run at (0,0) width 95: "This paragraph"
        RenderText {#text} at (95,0) size 4x20
          text run at (95,0) width 4: " "
        RenderImage {IMG} at (99,0) size 3x10
        RenderText {#text} at (102,0) size 4x20
          text run at (102,0) width 4: " "
        RenderInline {SPAN} at (0,0) size 357x49
          RenderText {#text} at (106,0) size 357x49
            text run at (106,0) width 357: "contains many images"
        RenderText {#text} at (463,0) size 4x20
          text run at (463,0) width 4: " "
        RenderImage {IMG} at (467,0) size 3x10
        RenderText {#text} at (470,0) size 4x20
          text run at (470,0) width 4: " "
        RenderInline {SPAN} at (0,0) size 87x20
          RenderText {#text} at (474,0) size 87x20
            text run at (474,0) width 87: "and some text"
        RenderText {#text} at (561,0) size 4x20
          text run at (561,0) width 4: " "
        RenderImage {IMG} at (565,0) size 3x10
        RenderText {#text} at (568,0) size 4x20
          text run at (568,0) width 4: " "
        RenderInline {SPAN} at (0,0) size 114x20
          RenderText {#text} at (572,0) size 114x20
            text run at (572,0) width 114: "of varying heights"
        RenderText {#text} at (686,0) size 4x20
          text run at (686,0) width 4: " "
        RenderImage {IMG} at (690,0) size 3x10
        RenderText {#text} at (693,0) size 4x20
          text run at (693,0) width 4: " "
        RenderInline {BIG} at (0,0) size 728x75
          RenderText {#text} at (697,0) size 728x75
            text run at (697,0) width 31: "and"
            text run at (0,49) width 57: "widths"
        RenderText {#text} at (57,49) size 4x20
          text run at (57,49) width 4: " "
        RenderImage {IMG} at (61,49) size 6x20
        RenderText {#text} at (67,49) size 4x20
          text run at (67,49) width 4: " "
        RenderInline {SPAN} at (0,0) size 75x20
          RenderText {#text} at (71,49) size 75x20
            text run at (71,49) width 75: "all of which"
        RenderText {#text} at (146,49) size 4x20
          text run at (146,49) width 4: " "
        RenderImage {IMG} at (150,49) size 19x65
        RenderText {#text} at (169,49) size 4x20
          text run at (169,49) width 4: " "
        RenderInline {SPAN} at (0,0) size 111x20
          RenderText {#text} at (173,49) size 111x20
            text run at (173,49) width 111: "should be aligned"
        RenderText {#text} at (284,49) size 4x20
          text run at (284,49) width 4: " "
        RenderImage {IMG} at (288,49) size 10x35
        RenderText {#text} at (298,49) size 4x20
          text run at (298,49) width 4: " "
        RenderInline {SPAN} at (0,0) size 188x39
          RenderText {#text} at (302,49) size 188x39
            text run at (302,49) width 188: "with the top of"
        RenderText {#text} at (490,49) size 4x20
          text run at (490,49) width 4: " "
        RenderImage {IMG} at (494,49) size 15x50
        RenderText {#text} at (509,49) size 4x20
          text run at (509,49) width 4: " "
        RenderInline {SPAN} at (0,0) size 128x20
          RenderText {#text} at (513,49) size 128x20
            text run at (513,49) width 128: "the tallest element in"
        RenderText {#text} at (641,49) size 4x20
          text run at (641,49) width 4: " "
        RenderImage {IMG} at (645,49) size 4x15
        RenderText {#text} at (649,49) size 4x20
          text run at (649,49) width 4: " "
        RenderInline {BIG} at (0,0) size 778x91
          RenderText {#text} at (653,49) size 778x91
            text run at (653,49) width 125: "whichever line"
            text run at (0,114) width 171: "the elements appear."
        RenderText {#text} at (171,114) size 4x20
          text run at (171,114) width 4: " "
        RenderImage {IMG} at (175,114) size 27x90
        RenderText {#text} at (0,0) size 0x0
      RenderTable {TABLE} at (0,2426) size 784x2095 [border: (1px outset #808080)]
        RenderTableSection {TBODY} at (1,1) size 782x2093
          RenderTableRow {TR} at (0,0) size 782x30
            RenderTableCell {TD} at (0,0) size 782x30 [bgcolor=#C0C0C0] [border: (1px inset #808080)] [r=0 c=0 rs=1 cs=2]
              RenderInline {STRONG} at (0,0) size 163x22
                RenderText {#text} at (4,4) size 163x22
                  text run at (4,4) width 163: "TABLE Testing Section"
          RenderTableRow {TR} at (0,30) size 782x2063
            RenderTableCell {TD} at (0,1047) size 12x28 [bgcolor=#C0C0C0] [border: (1px inset #808080)] [r=1 c=0 rs=1 cs=1]
              RenderText {#text} at (4,4) size 4x20
                text run at (4,4) width 4: " "
            RenderTableCell {TD} at (12,30) size 770x2063 [border: (1px inset #808080)] [r=1 c=1 rs=1 cs=1]
              RenderBlock {P} at (4,4) size 762x79
                RenderImage {IMG} at (0,0) size 15x50
                RenderInline {SPAN} at (0,0) size 126x20
                  RenderText {#text} at (15,39) size 126x20
                    text run at (15,39) width 126: "The first four words"
                RenderText {#text} at (141,35) size 750x44
                  text run at (141,35) width 284: " in this sentence should be subscript-aligned. "
                  text run at (425,35) width 325: "The font size of the superscripted text should not be"
                  text run at (0,59) width 254: "different from that of the parent element."
              RenderBlock {P} at (4,99) size 762x75
                RenderImage {IMG} at (0,0) size 15x50
                RenderInline {SPAN} at (0,0) size 126x20
                  RenderText {#text} at (15,29) size 126x20
                    text run at (15,29) width 126: "The first four words"
                RenderText {#text} at (141,35) size 750x40
                  text run at (141,35) width 296: " in this sentence should be superscript-aligned. "
                  text run at (437,35) width 313: "The font size of the subscripted text should not be"
                  text run at (0,55) width 254: "different from that of the parent element."
              RenderBlock {P} at (4,190) size 762x75
                RenderImage {IMG} at (0,0) size 15x50
                RenderInline {SPAN} at (0,0) size 126x20
                  RenderText {#text} at (15,0) size 126x20
                    text run at (15,0) width 126: "The first four words"
                RenderText {#text} at (141,35) size 712x40
                  text run at (141,35) width 571: " in this sentence should be top-aligned, which will align their tops with the top of the tallest"
                  text run at (0,55) width 320: "element in the line (probably the orange rectangle)."
              RenderBlock {P} at (4,281) size 762x137
                RenderImage {IMG} at (0,0) size 15x50
                RenderText {#text} at (15,35) size 4x20
                  text run at (15,35) width 4: " "
                RenderInline {SPAN} at (0,0) size 754x117
                  RenderText {#text} at (0,0) size 0x0
                  RenderInline {SPAN} at (0,0) size 126x20
                    RenderText {#text} at (19,20) size 126x20
                      text run at (19,20) width 126: "The first four words"
                  RenderText {#text} at (145,20) size 754x117
                    text run at (145,20) width 556: " in this sentence should be text-top-aligned,"
                    text run at (0,59) width 754: "which should align their tops with the top of the tallest text"
                    text run at (0,98) width 136: "in the line."
                RenderText {#text} at (0,0) size 0x0
              RenderBlock {P} at (4,434) size 762x70
                RenderImage {IMG} at (0,0) size 15x50
                RenderText {#text} at (15,13) size 739x57
                  text run at (15,13) width 724: " The image at the beginning of this sentence should be middle-aligned, which should align its middle with the point"
                  text run at (0,50) width 310: "defined as the text baseline plus half the x-height."
              RenderBlock {P} at (4,520) size 762x128
                RenderImage {IMG} at (0,0) size 15x50
                RenderText {#text} at (15,15) size 4x20
                  text run at (15,15) width 4: " "
                RenderInline {SPAN} at (0,0) size 733x128
                  RenderText {#text} at (0,0) size 0x0
                  RenderInline {SPAN} at (0,0) size 126x20
                    RenderText {#text} at (19,30) size 126x20
                      text run at (19,30) width 126: "The first four words"
                  RenderText {#text} at (145,0) size 733x128
                    text run at (145,0) width 544: " in this sentence should be 12pt in size and"
                    text run at (0,50) width 733: "bottom-aligned, which should align their bottom with the"
                    text run at (0,89) width 517: "bottom of the lowest element in the line."
                RenderText {#text} at (0,0) size 0x0
              RenderBlock {P} at (4,664) size 762x167
                RenderImage {IMG} at (0,0) size 15x50
                RenderText {#text} at (15,15) size 4x20
                  text run at (15,15) width 4: " "
                RenderInline {SPAN} at (0,0) size 745x167
                  RenderText {#text} at (0,0) size 0x0
                  RenderInline {SPAN} at (0,0) size 293x20
                    RenderText {#text} at (19,19) size 293x20
                      text run at (19,19) width 293: "The first eight words (\"eight\" has a descender)"
                  RenderText {#text} at (312,0) size 745x167
                    text run at (312,0) width 433: " in this sentence should be 12pt in"
                    text run at (0,50) width 692: "size and text-bottom-aligned, which should align their"
                    text run at (0,89) width 671: "bottom with the bottom of the lowest text (including"
                    text run at (0,128) width 294: "descenders) in the line."
                RenderText {#text} at (0,0) size 0x0
              RenderBlock {P} at (4,847) size 762x137
                RenderImage {IMG} at (0,0) size 15x50
                RenderText {#text} at (15,35) size 4x20
                  text run at (15,35) width 4: " "
                RenderInline {SPAN} at (0,0) size 759x117
                  RenderText {#text} at (0,0) size 0x0
                  RenderInline {SPAN} at (0,0) size 126x20
                    RenderText {#text} at (19,35) size 126x20
                      text run at (19,35) width 126: "The first four words"
                  RenderText {#text} at (145,20) size 759x117
                    text run at (145,20) width 544: " in this sentence should be 12pt in size and"
                    text run at (0,59) width 759: "baseline-aligned, which should align their baseline with the"
                    text run at (0,98) width 522: "baseline of the rest of the text in the line."
                RenderText {#text} at (0,0) size 0x0
              RenderBlock {P} at (4,1000) size 762x75
                RenderImage {IMG} at (0,0) size 15x50
                RenderInline {SPAN} at (0,0) size 96x16
                  RenderText {#text} at (15,30) size 96x16
                    text run at (15,30) width 96: "The first four words"
                RenderText {#text} at (111,35) size 750x40
                  text run at (111,35) width 639: " in this sentence should have a font-size of 12px and a line-height of 16px; they are also 50%-aligned,"
                  text run at (0,55) width 376: "which should raise them 8px relative to the natural baseline."
              RenderBlock {P} at (4,1091) size 762x40
                RenderText {#text} at (0,0) size 742x40
                  text run at (0,0) width 742: "In the following paragraph, all images should be aligned with the top of the 14-point text, which is identical to the first"
                  text run at (0,20) width 661: "section of text, whereas any size text should be aligned with the text baseline (which is the default value)."
              RenderBlock {P} at (4,1149) size 762x325
                RenderText {#text} at (0,26) size 120x24
                  text run at (0,26) width 120: "This paragraph "
                RenderImage {IMG} at (120,26) size 9x30
                RenderText {#text} at (129,26) size 5x24
                  text run at (129,26) width 5: " "
                RenderInline {SPAN} at (0,0) size 422x58
                  RenderText {#text} at (134,0) size 422x58
                    text run at (134,0) width 422: "contains many images"
                RenderText {#text} at (556,26) size 5x24
                  text run at (556,26) width 5: " "
                RenderImage {IMG} at (561,26) size 15x50
                RenderText {#text} at (576,26) size 5x24
                  text run at (576,26) width 5: " "
                RenderInline {BIG} at (0,0) size 156x26
                  RenderText {#text} at (581,24) size 156x26
                    text run at (581,24) width 156: "of varying heights"
                RenderText {#text} at (737,26) size 5x24
                  text run at (737,26) width 5: " "
                RenderImage {IMG} at (742,26) size 3x10
                RenderText {#text} at (0,0) size 0x0
                RenderInline {SMALL} at (0,0) size 69x20
                  RenderText {#text} at (0,126) size 69x20
                    text run at (0,126) width 69: "and widths"
                RenderText {#text} at (69,123) size 5x24
                  text run at (69,123) width 5: " "
                RenderImage {IMG} at (74,123) size 6x20
                RenderText {#text} at (80,123) size 101x24
                  text run at (80,123) width 101: " all of which "
                RenderImage {IMG} at (181,123) size 19x65
                RenderText {#text} at (200,123) size 5x24
                  text run at (200,123) width 5: " "
                RenderInline {SPAN} at (0,0) size 262x46
                  RenderText {#text} at (205,106) size 262x46
                    text run at (205,106) width 262: "should be aligned"
                RenderText {#text} at (467,123) size 5x24
                  text run at (467,123) width 5: " "
                RenderImage {IMG} at (472,123) size 10x35
                RenderText {#text} at (482,123) size 123x24
                  text run at (482,123) width 123: " with the top of "
                RenderImage {IMG} at (605,123) size 9x30
                RenderText {#text} at (614,123) size 5x24
                  text run at (614,123) width 5: " "
                RenderInline {SPAN} at (0,0) size 731x146
                  RenderText {#text} at (619,115) size 19x34
                    text run at (619,115) width 19: "a "
                  RenderInline {SPAN} at (0,0) size 731x197
                    RenderText {#text} at (638,76) size 731x197
                      text run at (638,76) width 93: "14-"
                      text run at (0,188) width 143: "point"
                  RenderText {#text} at (143,227) size 144x34
                    text run at (143,227) width 144: " text element"
                RenderText {#text} at (287,235) size 5x24
                  text run at (287,235) width 5: " "
                RenderImage {IMG} at (292,235) size 15x50
                RenderText {#text} at (307,235) size 5x24
                  text run at (307,235) width 5: " "
                RenderInline {SMALL} at (0,0) size 189x20
                  RenderText {#text} at (312,238) size 189x20
                    text run at (312,238) width 189: "regardless of the line in which"
                RenderText {#text} at (501,235) size 5x24
                  text run at (501,235) width 5: " "
                RenderImage {IMG} at (506,235) size 4x15
                RenderText {#text} at (510,235) size 5x24
                  text run at (510,235) width 5: " "
                RenderInline {BIG} at (0,0) size 156x26
                  RenderText {#text} at (515,233) size 156x26
                    text run at (515,233) width 156: "the images appear."
                RenderText {#text} at (671,235) size 5x24
                  text run at (671,235) width 5: " "
                RenderImage {IMG} at (676,235) size 27x90
                RenderText {#text} at (0,0) size 0x0
              RenderBlock {P} at (4,1492) size 762x40
                RenderText {#text} at (0,0) size 749x40
                  text run at (0,0) width 749: "In the following paragraph, all images should be aligned with the middle of the default text, whereas any text should be"
                  text run at (0,20) width 362: "aligned with the text baseline (which is the default value)."
              RenderBlock {P} at (4,1548) size 762x235
                RenderText {#text} at (0,22) size 99x20
                  text run at (0,22) width 99: "This paragraph "
                RenderImage {IMG} at (99,19) size 9x30
                RenderText {#text} at (108,22) size 4x20
                  text run at (108,22) width 4: " "
                RenderInline {SPAN} at (0,0) size 357x49
                  RenderText {#text} at (112,0) size 357x49
                    text run at (112,0) width 357: "contains many images"
                RenderText {#text} at (469,22) size 4x20
                  text run at (469,22) width 4: " "
                RenderImage {IMG} at (473,9) size 15x50
                RenderText {#text} at (488,22) size 122x20
                  text run at (488,22) width 122: " of varying heights "
                RenderImage {IMG} at (610,29) size 3x10
                RenderText {#text} at (613,22) size 4x20
                  text run at (613,22) width 4: " "
                RenderInline {SMALL} at (0,0) size 69x20
                  RenderText {#text} at (617,22) size 69x20
                    text run at (617,22) width 69: "and widths"
                RenderText {#text} at (686,22) size 4x20
                  text run at (686,22) width 4: " "
                RenderImage {IMG} at (690,24) size 6x20
                RenderText {#text} at (696,22) size 732x98
                  text run at (696,22) width 36: " all of"
                  text run at (0,100) width 43: "which "
                RenderImage {IMG} at (43,80) size 19x65
                RenderText {#text} at (62,100) size 119x20
                  text run at (62,100) width 119: " should be aligned "
                RenderImage {IMG} at (181,95) size 10x35
                RenderText {#text} at (191,100) size 4x20
                  text run at (191,100) width 4: " "
                RenderInline {SPAN} at (0,0) size 236x39
                  RenderText {#text} at (195,85) size 236x39
                    text run at (195,85) width 236: "with the middle of"
                RenderText {#text} at (431,100) size 4x20
                  text run at (431,100) width 4: " "
                RenderImage {IMG} at (435,87) size 15x50
                RenderText {#text} at (450,100) size 4x20
                  text run at (450,100) width 4: " "
                RenderInline {SPAN} at (0,0) size 718x108
                  RenderText {#text} at (454,92) size 17x30
                    text run at (454,92) width 17: "a "
                  RenderInline {SPAN} at (0,0) size 204x73
                    RenderText {#text} at (471,59) size 204x73
                      text run at (471,59) width 204: "14-point"
                  RenderText {#text} at (675,92) size 718x108
                    text run at (675,92) width 43: " text"
                    text run at (0,170) width 78: "element"
                RenderText {#text} at (78,178) size 4x20
                  text run at (78,178) width 4: " "
                RenderImage {IMG} at (82,165) size 15x50
                RenderText {#text} at (97,178) size 4x20
                  text run at (97,178) width 4: " "
                RenderInline {SMALL} at (0,0) size 189x20
                  RenderText {#text} at (101,178) size 189x20
                    text run at (101,178) width 189: "regardless of the line in which"
                RenderText {#text} at (290,178) size 4x20
                  text run at (290,178) width 4: " "
                RenderImage {IMG} at (294,183) size 4x15
                RenderText {#text} at (298,178) size 4x20
                  text run at (298,178) width 4: " "
                RenderInline {BIG} at (0,0) size 156x26
                  RenderText {#text} at (302,173) size 156x26
                    text run at (302,173) width 156: "the images appear."
                RenderText {#text} at (458,178) size 4x20
                  text run at (458,178) width 4: " "
                RenderImage {IMG} at (462,145) size 27x90
                RenderText {#text} at (0,0) size 0x0
              RenderBlock {P} at (4,1799) size 762x40
                RenderText {#text} at (0,0) size 733x40
                  text run at (0,0) width 733: "In the following paragraph, all elements should be aligned with the top of the tallest element on the line, whether that"
                  text run at (0,20) width 173: "element is an image or not. "
                  text run at (173,20) width 555: "Each fragment of text has been SPANned appropriately in order to cause this to happen."
              RenderBlock {P} at (4,1855) size 762x204
                RenderInline {SPAN} at (0,0) size 95x20
                  RenderText {#text} at (0,0) size 95x20
                    text run at (0,0) width 95: "This paragraph"
                RenderText {#text} at (95,0) size 4x20
                  text run at (95,0) width 4: " "
                RenderImage {IMG} at (99,0) size 3x10
                RenderText {#text} at (102,0) size 4x20
                  text run at (102,0) width 4: " "
                RenderInline {SPAN} at (0,0) size 357x49
                  RenderText {#text} at (106,0) size 357x49
                    text run at (106,0) width 357: "contains many images"
                RenderText {#text} at (463,0) size 4x20
                  text run at (463,0) width 4: " "
                RenderImage {IMG} at (467,0) size 3x10
                RenderText {#text} at (470,0) size 4x20
                  text run at (470,0) width 4: " "
                RenderInline {SPAN} at (0,0) size 87x20
                  RenderText {#text} at (474,0) size 87x20
                    text run at (474,0) width 87: "and some text"
                RenderText {#text} at (561,0) size 4x20
                  text run at (561,0) width 4: " "
                RenderImage {IMG} at (565,0) size 3x10
                RenderText {#text} at (568,0) size 4x20
                  text run at (568,0) width 4: " "
                RenderInline {SPAN} at (0,0) size 114x20
                  RenderText {#text} at (572,0) size 114x20
                    text run at (572,0) width 114: "of varying heights"
                RenderText {#text} at (686,0) size 4x20
                  text run at (686,0) width 4: " "
                RenderImage {IMG} at (690,0) size 3x10
                RenderText {#text} at (693,0) size 4x20
                  text run at (693,0) width 4: " "
                RenderInline {BIG} at (0,0) size 728x75
                  RenderText {#text} at (697,0) size 728x75
                    text run at (697,0) width 31: "and"
                    text run at (0,49) width 57: "widths"
                RenderText {#text} at (57,49) size 4x20
                  text run at (57,49) width 4: " "
                RenderImage {IMG} at (61,49) size 6x20
                RenderText {#text} at (67,49) size 4x20
                  text run at (67,49) width 4: " "
                RenderInline {SPAN} at (0,0) size 75x20
                  RenderText {#text} at (71,49) size 75x20
                    text run at (71,49) width 75: "all of which"
                RenderText {#text} at (146,49) size 4x20
                  text run at (146,49) width 4: " "
                RenderImage {IMG} at (150,49) size 19x65
                RenderText {#text} at (169,49) size 4x20
                  text run at (169,49) width 4: " "
                RenderInline {SPAN} at (0,0) size 111x20
                  RenderText {#text} at (173,49) size 111x20
                    text run at (173,49) width 111: "should be aligned"
                RenderText {#text} at (284,49) size 4x20
                  text run at (284,49) width 4: " "
                RenderImage {IMG} at (288,49) size 10x35
                RenderText {#text} at (298,49) size 4x20
                  text run at (298,49) width 4: " "
                RenderInline {SPAN} at (0,0) size 188x39
                  RenderText {#text} at (302,49) size 188x39
                    text run at (302,49) width 188: "with the top of"
                RenderText {#text} at (490,49) size 4x20
                  text run at (490,49) width 4: " "
                RenderImage {IMG} at (494,49) size 15x50
                RenderText {#text} at (509,49) size 4x20
                  text run at (509,49) width 4: " "
                RenderInline {SPAN} at (0,0) size 128x20
                  RenderText {#text} at (513,49) size 128x20
                    text run at (513,49) width 128: "the tallest element in"
                RenderText {#text} at (641,49) size 4x20
                  text run at (641,49) width 4: " "
                RenderImage {IMG} at (645,49) size 4x15
                RenderText {#text} at (649,49) size 4x20
                  text run at (649,49) width 4: " "
                RenderInline {BIG} at (0,0) size 741x91
                  RenderText {#text} at (653,49) size 741x91
                    text run at (653,49) width 88: "whichever"
                    text run at (0,114) width 208: "line the elements appear."
                RenderText {#text} at (208,114) size 4x20
                  text run at (208,114) width 4: " "
                RenderImage {IMG} at (212,114) size 27x90
                RenderText {#text} at (0,0) size 0x0
