layer at (0,0) size 800x600
  RenderView at (0,0) size 800x600
layer at (0,0) size 800x600
  RenderBlock {HTML} at (0,0) size 800x600
    RenderBody {BODY} at (8,8) size 784x584
      RenderBlock {DIV} at (0,0) size 784x36
        RenderText {#text} at (0,0) size 773x36
          text run at (0,0) width 326: "This document is missing its </title> tag in its head. "
          text run at (326,0) width 447: "The tokenizer should retokenize this document after consuming all of it"
          text run at (0,18) width 504: "looking for the missing end tag, then let the parser clean up the missing tag. See "
        RenderInline {A} at (0,0) size 120x18 [color=#0000EE]
          RenderText {#text} at (504,18) size 120x18
            text run at (504,18) width 120: "Bugzilla Bug 3905"
        RenderText {#text} at (624,18) size 4x18
          text run at (624,18) width 4: "."
