layer at (0,0) size 800x600
  RenderView at (0,0) size 800x600
layer at (0,0) size 800x35
  RenderBlock {html} at (0,0) size 800x35
    RenderBody {body} at (8,8) size 784x19 [color=#008000]
      RenderInline {tests} at (0,0) size 544x19
        RenderText {#text} at (0,0) size 0x0
        RenderInline {first-child} at (0,0) size 80x19
          RenderText {#text} at (0,0) size 80x19
            text run at (0,0) width 80: "None of this "
        RenderText {#text} at (0,0) size 0x0
        RenderInline {element} at (0,0) size 93x19
          RenderText {#text} at (80,0) size 93x19
            text run at (80,0) width 93: "text should be "
        RenderText {#text} at (0,0) size 0x0
        RenderInline {attribute} at (0,0) size 119x19
          RenderText {#text} at (173,0) size 119x19
            text run at (173,0) width 119: "matching the style "
        RenderText {#text} at (0,0) size 0x0
        RenderInline {span} at (0,0) size 98x19
          RenderText {#text} at (292,0) size 98x19
            text run at (292,0) width 98: "rules, and thus "
        RenderText {#text} at (0,0) size 0x0
        RenderInline {universal} at (0,0) size 63x19
          RenderText {#text} at (390,0) size 63x19
            text run at (390,0) width 63: "none of it "
        RenderText {#text} at (0,0) size 0x0
        RenderInline {span} at (0,0) size 91x19
          RenderText {#text} at (453,0) size 91x19
            text run at (453,0) width 91: "should be red."
        RenderText {#text} at (0,0) size 0x0
      RenderText {#text} at (0,0) size 0x0
