layer at (0,0) size 800x600
  RenderView at (0,0) size 800x600
layer at (0,0) size 800x117
  RenderBlock {HTML} at (0,0) size 800x55
    RenderBody {BODY} at (8,14) size 784x103
      RenderBlock {P} at (0,0) size 784x19
        RenderText {#text} at (0,0) size 375x19
          text run at (0,0) width 375: "This page should have one square green block and no red."
      RenderBlock {DIV} at (0,33) size 70x70 [bgcolor=#FF0000]
      RenderBlock (floating) {DIV} at (0,33) size 70x70 [bgcolor=#008000]
        RenderBlock {DIV} at (35,70) size 0x0 [bgcolor=#FF0000]
