layer at (0,0) size 800x600
  RenderView at (0,0) size 800x600
layer at (0,0) size 800x200
  RenderBlock {HTML} at (0,0) size 800x200
    RenderBody {BODY} at (8,14) size 784x172
      RenderBlock {P} at (0,0) size 784x19
        RenderText {#text} at (0,0) size 235x19
          text run at (0,0) width 235: "There should be no red on this page."
      RenderTable {TABLE} at (0,33) size 156x106 [bgcolor=#FF0000] [border: (3px solid #000000)]
        RenderTableSection {TBODY} at (3,3) size 150x100
          RenderTableRow {TR} at (0,0) size 150x100
            RenderTableCell {TD} at (0,0) size 50x100 [r=0 c=0 rs=1 cs=1]
              RenderBlock {DIV} at (0,0) size 50x55 [bgcolor=#00FF00]
                RenderBlock {DIV} at (0,0) size 50x50
              RenderBlock {DIV} at (0,55) size 50x45 [bgcolor=#00FF00]
            RenderTableCell {TD} at (50,0) size 50x100 [r=0 c=1 rs=1 cs=1]
              RenderBlock {DIV} at (0,0) size 50x50 [bgcolor=#00FF00]
                RenderBlock {DIV} at (0,0) size 50x50
              RenderBlock {DIV} at (0,50) size 50x50 [bgcolor=#00FF00]
            RenderTableCell {TD} at (100,0) size 50x100 [r=0 c=2 rs=1 cs=1]
              RenderBlock {DIV} at (0,0) size 50x45 [bgcolor=#00FF00]
                RenderBlock {DIV} at (0,0) size 50x50
              RenderBlock {DIV} at (0,45) size 50x55 [bgcolor=#00FF00]
      RenderBlock {P} at (0,153) size 784x19
        RenderText {#text} at (0,0) size 63x19
          text run at (0,0) width 63: "See also: "
        RenderInline {A} at (0,0) size 75x19 [color=#0000EE]
          RenderText {#text} at (63,0) size 75x19
            text run at (63,0) width 75: "prerequisite"
        RenderText {#text} at (138,0) size 4x19
          text run at (138,0) width 4: "."
