layer at (0,0) size 800x600
  RenderView at (0,0) size 800x600
layer at (0,0) size 800x201
  RenderBlock {HTML} at (0,0) size 800x201
    RenderBody {BODY} at (8,14) size 784x179
      RenderBlock {P} at (0,0) size 784x19
        RenderText {#text} at (0,0) size 291x19
          text run at (0,0) width 291: "The following two squares should be identical."
      RenderTable {TABLE} at (0,33) size 278x146
        RenderTableSection {TBODY} at (0,0) size 278x146
          RenderTableRow {TR} at (0,14) size 278x118
            RenderTableCell {TD} at (14,14) size 118x118 [bgcolor=#FF0000] [border: (3px solid #000000)] [r=0 c=0 rs=1 cs=1]
              RenderBlock {DIV} at (3,3) size 112x112 [bgcolor=#00FF00]
                RenderBlock (floating) {DIV} at (0,0) size 56x56 [bgcolor=#00FFFF]
                RenderBlock {DIV} at (0,56) size 112x56 [border: (28px solid #FFFF00)]
            RenderTableCell {TD} at (146,14) size 118x118 [bgcolor=#FF0000] [border: (3px solid #000000)] [r=0 c=1 rs=1 cs=1]
              RenderTable {TABLE} at (3,3) size 112x112
                RenderTableSection {TBODY} at (0,0) size 112x112
                  RenderTableRow {TR} at (0,0) size 112x56
                    RenderTableCell {TD} at (0,28) size 56x0 [bgcolor=#00FFFF] [r=0 c=0 rs=1 cs=1]
                    RenderTableCell {TD} at (56,28) size 56x0 [bgcolor=#00FF00] [r=0 c=1 rs=1 cs=1]
                  RenderTableRow {TR} at (0,56) size 112x56
                    RenderTableCell {TD} at (0,84) size 112x0 [bgcolor=#FFFF00] [r=1 c=0 rs=1 cs=2]
