layer at (0,0) size 800x600
  RenderView at (0,0) size 800x600
layer at (0,0) size 800x97
  RenderBlock {HTML} at (0,0) size 800x97
    RenderBody {BODY} at (8,14) size 784x75
      RenderBlock {P} at (0,0) size 784x19
        RenderText {#text} at (0,0) size 194x19
          text run at (0,0) width 194: "There should be no red below."
      RenderBlock {DIV} at (0,33) size 784x42 [bgcolor=#FF0000] [border: (14px solid #00FF00) none (14px solid #00FF00) none]
        RenderBlock {DIV} at (0,14) size 784x14 [border: (14px solid #FF0000) none]
        RenderBlock {DIV} at (0,14) size 784x14 [border: (14px solid #00FF00) none]
