layer at (0,0) size 800x600
  RenderView at (0,0) size 800x600
layer at (0,0) size 800x260
  RenderBlock {HTML} at (0,0) size 800x260
    RenderBody {BODY} at (8,8) size 784x212
      RenderBlock (anonymous) at (0,0) size 784x19
        RenderInline {DIV} at (0,0) size 462x16 [color=#FFFFFF] [bgcolor=#FF0000]
          RenderText {#text} at (0,2) size 462x16
            text run at (0,2) width 462: "Ahem_font_required_for_this_test."
        RenderText {#text} at (0,0) size 0x0
      RenderBlock {P} at (0,33) size 784x19
        RenderText {#text} at (0,0) size 287x19
          text run at (0,0) width 287: "There should be a big square green H below:"
      RenderBlock {DIV} at (40,92) size 120x120 [bgcolor=#008000]
        RenderBlock {DIV} at (40,0) size 40x40 [color=#FFFFFF]
          RenderText {#text} at (0,0) size 40x41
            text run at (0,0) width 40: "X"
        RenderBlock {DIV} at (40,80) size 40x40 [color=#FFFFFF]
          RenderText {#text} at (0,0) size 40x41
            text run at (0,0) width 40: "X"
