layer at (0,0) size 800x600
  RenderView at (0,0) size 800x600
layer at (0,0) size 800x131
  RenderBlock {HTML} at (0,0) size 800x131
    RenderBody {BODY} at (8,14) size 784x109
      RenderBlock {P} at (0,0) size 784x19
        RenderText {#text} at (0,0) size 291x19
          text run at (0,0) width 291: "The following two squares should be identical."
      RenderTable {TABLE} at (0,33) size 278x76
        RenderTableSection {TBODY} at (0,0) size 278x76
          RenderTableRow {TR} at (0,14) size 278x48
            RenderTableCell {TD} at (14,14) size 118x48 [bgcolor=#00FF00] [border: (3px solid #000000)] [r=0 c=0 rs=1 cs=1]
              RenderBlock {DIV} at (3,31) size 112x14 [bgcolor=#FF0000]
                RenderBlock (floating) {DIV} at (0,0) size 112x14 [bgcolor=#FFFF00]
                RenderBlock {DIV} at (0,0) size 112x14
            RenderTableCell {TD} at (146,14) size 118x48 [bgcolor=#00FF00] [border: (3px solid #000000)] [r=0 c=1 rs=1 cs=1]
              RenderBlock {DIV} at (3,3) size 112x28 [border: (28px solid #00FF00) none]
              RenderBlock {DIV} at (3,31) size 112x14 [border: (14px solid #FFFF00) none]
