layer at (0,0) size 800x600
  RenderView at (0,0) size 800x600
layer at (0,0) size 800x193
  RenderBlock {HTML} at (0,0) size 800x193
    RenderBody {BODY} at (8,14) size 784x171
      RenderBlock {P} at (0,0) size 784x19
        RenderText {#text} at (0,0) size 447x19
          text run at (0,0) width 447: "The following three rectangles should be identical, with no red present."
      RenderTable {TABLE} at (0,33) size 278x138
        RenderTableSection {TBODY} at (0,0) size 278x138
          RenderTableRow {TR} at (0,14) size 278x48
            RenderTableCell {TD} at (14,14) size 118x48 [bgcolor=#FF0000] [border: (3px solid #000000)] [r=0 c=0 rs=1 cs=1]
              RenderBlock {DIV} at (3,3) size 112x42 [bgcolor=#FFFF00]
                RenderBlock {DIV} at (0,0) size 112x14 [border: (14px solid #00FF00) none]
                RenderBlock {DIV} at (0,28) size 112x14 [border: (14px solid #008000) none]
            RenderTableCell {TD} at (146,14) size 118x48 [bgcolor=#FF0000] [border: (3px solid #000000)] [r=0 c=1 rs=1 cs=1]
              RenderBlock {DIV} at (3,3) size 112x14 [bgcolor=#00FF00]
              RenderBlock {DIV} at (3,17) size 112x14 [bgcolor=#FFFF00]
              RenderBlock {DIV} at (3,31) size 112x14 [bgcolor=#008000]
          RenderTableRow {TR} at (0,76) size 278x48
            RenderTableCell {TD} at (14,76) size 118x48 [bgcolor=#FF0000] [border: (3px solid #000000)] [r=1 c=0 rs=1 cs=1]
              RenderBlock {DIV} at (3,3) size 112x14 [bgcolor=#00FF00]
              RenderBlock {DIV} at (3,17) size 112x14 [bgcolor=#FFFF00]
              RenderBlock {DIV} at (3,31) size 112x14 [bgcolor=#008000]
            RenderTableCell {TD} at (146,100) size 118x0 [r=1 c=1 rs=1 cs=1]
