layer at (0,0) size 800x600
  RenderView at (0,0) size 800x600
layer at (0,0) size 800x158
  RenderBlock {HTML} at (0,0) size 800x158
    RenderBody {BODY} at (8,70) size 784x80
      RenderBlock {DIV} at (0,0) size 784x14 [color=#FF0000]
        RenderText {#text} at (0,-1) size 70x16
          text run at (0,-1) width 70: "XXXXX"
      RenderBlock {P} at (0,28) size 784x19
        RenderText {#text} at (0,0) size 196x19
          text run at (0,0) width 196: "There should be no red above."
      RenderBlock (anonymous) at (0,61) size 784x19
        RenderInline {DIV} at (0,0) size 462x16 [color=#FFFFFF] [bgcolor=#FF0000]
          RenderText {#text} at (0,2) size 462x16
            text run at (0,2) width 462: "Ahem_font_required_for_this_test."
        RenderText {#text} at (0,0) size 0x0
        RenderText {#text} at (0,0) size 0x0
        RenderText {#text} at (0,0) size 0x0
layer at (8,70) size 70x15
  RenderBlock (positioned) {DIV} at (0,0) size 70x14 [color=#008000]
    RenderText {#text} at (0,-1) size 70x16
      text run at (0,-1) width 70: "XXXXX"
