layer at (0,0) size 800x600
  RenderView at (0,0) size 800x600
layer at (0,0) size 800x88
  RenderBlock {HTML} at (0,0) size 800x88
    RenderBody {BODY} at (8,14) size 784x66
      RenderBlock {P} at (0,0) size 784x19
        RenderText {#text} at (0,0) size 194x19
          text run at (0,0) width 194: "There should be no red below."
      RenderBlock {DIV} at (0,47) size 784x19 [bgcolor=#FF0000]
        RenderBlock {DIV} at (0,0) size 784x19
          RenderBlock {DIV} at (0,0) size 784x19
            RenderBlock {DIV} at (0,0) size 784x19 [color=#FFFFFF] [bgcolor=#008000]
              RenderText {#text} at (0,0) size 164x19
                text run at (0,0) width 164: "This line should be green."
