layer at (0,0) size 800x600
  RenderView at (0,0) size 800x600
layer at (0,0) size 800x82
  RenderBlock {HTML} at (0,0) size 800x82 [border: (1px solid #C0C0C0)]
    RenderBody {BODY} at (1,1) size 798x66
      RenderBlock (floating) {DIV} at (14,0) size 294x33 [bgcolor=#00FFFF]
        RenderText {#text} at (7,7) size 46x19
          text run at (7,7) width 46: "FLOAT"
      RenderBlock {DIV} at (14,33) size 770x33 [bgcolor=#FFFF00]
        RenderText {#text} at (7,7) size 47x19
          text run at (7,7) width 47: "BLOCK"
