layer at (0,0) size 800x600
  RenderView at (0,0) size 800x600
layer at (0,0) size 800x191
  RenderBlock {HTML} at (0,0) size 800x191
    RenderBody {BODY} at (8,14) size 784x169
      RenderBlock {P} at (0,0) size 784x19
        RenderText {#text} at (0,0) size 449x19
          text run at (0,0) width 393: "All the following should look the same (and all should look like "
          text run at (393,0) width 56: "the first)."
      RenderTable {TABLE} at (0,33) size 402x136
        RenderTableSection {TBODY} at (0,0) size 402x136
          RenderTableRow {TR} at (0,2) size 402x132
            RenderTableCell {TD} at (2,2) size 48x132 [bgcolor=#FF0000] [border: (3px solid #000000)] [r=0 c=0 rs=1 cs=1]
              RenderBlock {DIV} at (3,3) size 42x126 [color=#FFFF00] [bgcolor=#FFA500]
                RenderBlock {DIV} at (0,0) size 42x42 [bgcolor=#00FF00]
                  RenderText {#text} at (0,-1) size 42x44
                    text run at (0,-1) width 42: "A"
                RenderBlock {DIV} at (0,84) size 42x42 [bgcolor=#00FFFF]
                  RenderText {#text} at (0,-1) size 42x44
                    text run at (0,-1) width 42: "C"
            RenderTableCell {TD} at (52,2) size 48x132 [bgcolor=#FF0000] [border: (3px solid #000000)] [r=0 c=1 rs=1 cs=1]
              RenderBlock {DIV} at (3,3) size 42x126 [color=#FFFF00] [bgcolor=#FFA500]
                RenderBlock {DIV} at (0,0) size 42x42 [bgcolor=#00FF00]
                  RenderText {#text} at (0,-1) size 42x44
                    text run at (0,-1) width 42: "A"
                RenderBlock {DIV} at (0,84) size 42x0
                RenderBlock {DIV} at (0,84) size 42x42 [bgcolor=#00FFFF]
                  RenderText {#text} at (0,-1) size 42x44
                    text run at (0,-1) width 42: "C"
            RenderTableCell {TD} at (102,2) size 48x132 [bgcolor=#FF0000] [border: (3px solid #000000)] [r=0 c=2 rs=1 cs=1]
              RenderBlock {DIV} at (3,3) size 42x126 [color=#FFFF00] [bgcolor=#FFA500]
                RenderBlock {DIV} at (0,0) size 42x42 [bgcolor=#00FF00]
                  RenderText {#text} at (0,-1) size 42x44
                    text run at (0,-1) width 42: "A"
                RenderBlock {DIV} at (0,84) size 42x0
                RenderBlock {DIV} at (0,84) size 42x42 [bgcolor=#00FFFF]
                  RenderText {#text} at (0,-1) size 42x44
                    text run at (0,-1) width 42: "C"
            RenderTableCell {TD} at (152,2) size 48x132 [bgcolor=#FF0000] [border: (3px solid #000000)] [r=0 c=3 rs=1 cs=1]
              RenderBlock {DIV} at (3,3) size 42x126 [color=#FFFF00] [bgcolor=#FFA500]
                RenderBlock {DIV} at (0,0) size 42x42 [bgcolor=#00FF00]
                  RenderText {#text} at (0,-1) size 42x44
                    text run at (0,-1) width 42: "A"
                RenderBlock {DIV} at (0,84) size 42x0
                RenderBlock {DIV} at (0,84) size 42x42 [bgcolor=#00FFFF]
                  RenderText {#text} at (0,-1) size 42x44
                    text run at (0,-1) width 42: "C"
            RenderTableCell {TD} at (202,2) size 48x132 [bgcolor=#FF0000] [border: (3px solid #000000)] [r=0 c=4 rs=1 cs=1]
              RenderBlock {DIV} at (3,3) size 42x126 [color=#FFFF00] [bgcolor=#FFA500]
                RenderBlock {DIV} at (0,0) size 42x42 [bgcolor=#00FF00]
                  RenderText {#text} at (0,-1) size 42x44
                    text run at (0,-1) width 42: "A"
                RenderBlock {DIV} at (0,84) size 42x0
                RenderBlock {DIV} at (0,84) size 42x42 [bgcolor=#00FFFF]
                  RenderText {#text} at (0,-1) size 42x44
                    text run at (0,-1) width 42: "C"
            RenderTableCell {TD} at (252,2) size 48x132 [bgcolor=#FF0000] [border: (3px solid #000000)] [r=0 c=5 rs=1 cs=1]
              RenderBlock {DIV} at (3,3) size 42x126 [color=#FFFF00] [bgcolor=#FFA500]
                RenderBlock {DIV} at (0,0) size 42x42 [bgcolor=#00FF00]
                  RenderText {#text} at (0,-1) size 42x44
                    text run at (0,-1) width 42: "A"
                RenderBlock {DIV} at (0,84) size 42x0
                RenderBlock {DIV} at (0,84) size 42x42 [bgcolor=#00FFFF]
                  RenderText {#text} at (0,-1) size 42x44
                    text run at (0,-1) width 42: "C"
            RenderTableCell {TD} at (302,2) size 48x132 [bgcolor=#FF0000] [border: (3px solid #000000)] [r=0 c=6 rs=1 cs=1]
              RenderBlock {DIV} at (3,3) size 42x126 [color=#FFFF00] [bgcolor=#FFA500]
                RenderBlock {DIV} at (0,0) size 42x42 [bgcolor=#00FF00]
                  RenderText {#text} at (0,-1) size 42x44
                    text run at (0,-1) width 42: "A"
                RenderBlock {DIV} at (0,84) size 42x0
                RenderBlock {DIV} at (0,84) size 42x42 [bgcolor=#00FFFF]
                  RenderText {#text} at (0,-1) size 42x44
                    text run at (0,-1) width 42: "C"
            RenderTableCell {TD} at (352,2) size 48x132 [bgcolor=#FF0000] [border: (3px solid #000000)] [r=0 c=7 rs=1 cs=1]
              RenderBlock {DIV} at (3,3) size 42x126 [color=#FFFF00] [bgcolor=#FFA500]
                RenderBlock {DIV} at (0,0) size 42x42 [bgcolor=#00FF00]
                  RenderText {#text} at (0,-1) size 42x44
                    text run at (0,-1) width 42: "A"
                RenderBlock {DIV} at (0,84) size 42x0
                RenderBlock {DIV} at (0,84) size 42x42 [bgcolor=#00FFFF]
                  RenderText {#text} at (0,-1) size 42x44
                    text run at (0,-1) width 42: "C"
