layer at (0,0) size 800x600
  RenderView at (0,0) size 800x600
layer at (0,0) size 800x250
  RenderBlock {HTML} at (0,0) size 800x250
    RenderBody {BODY} at (8,14) size 784x222
      RenderBlock {P} at (0,0) size 784x19
        RenderText {#text} at (0,0) size 235x19
          text run at (0,0) width 235: "There should be no red on this page."
      RenderTable {TABLE} at (0,33) size 106x156 [bgcolor=#FF0000] [border: (3px solid #000000)]
        RenderTableSection {TBODY} at (3,3) size 100x150
          RenderTableRow {TR} at (0,0) size 100x150
            RenderTableCell {TD} at (0,0) size 50x150 [bgcolor=#FF0000] [r=0 c=0 rs=1 cs=1]
              RenderBlock {DIV} at (0,0) size 50x50
                RenderBlock {DIV} at (0,0) size 50x150 [bgcolor=#00FFFF]
              RenderBlock {DIV} at (0,50) size 50x50 [bgcolor=#FFFF00]
            RenderTableCell {TD} at (50,0) size 50x150 [bgcolor=#FF0000] [r=0 c=1 rs=1 cs=1]
              RenderBlock {DIV} at (0,0) size 50x50 [border: (50px solid #00FFFF) none]
              RenderBlock {DIV} at (0,50) size 50x50 [border: (50px solid #FFFF00) none]
              RenderBlock {DIV} at (0,100) size 50x50 [border: (50px solid #00FFFF) none]
      RenderBlock {P} at (0,203) size 784x19
        RenderText {#text} at (0,0) size 59x19
          text run at (0,0) width 59: "See also "
        RenderInline {A} at (0,0) size 51x19 [color=#0000EE]
          RenderText {#text} at (59,0) size 51x19
            text run at (59,0) width 51: "test 019"
        RenderText {#text} at (110,0) size 8x19
          text run at (110,0) width 8: ", "
        RenderInline {A} at (0,0) size 51x19 [color=#0000EE]
          RenderText {#text} at (118,0) size 51x19
            text run at (118,0) width 51: "test 020"
        RenderText {#text} at (169,0) size 4x19
          text run at (169,0) width 4: "."
