layer at (0,0) size 800x600
  RenderView at (0,0) size 800x600
layer at (0,0) size 800x301
  RenderBlock {HTML} at (0,0) size 800x301
    RenderBody {BODY} at (8,14) size 784x279
      RenderBlock {P} at (0,0) size 784x19
        RenderText {#text} at (0,0) size 411x19
          text run at (0,0) width 411: "There six boxes below should look the same with no red present."
      RenderTable {TABLE} at (0,33) size 368x246
        RenderTableSection {TBODY} at (0,0) size 368x246
          RenderTableRow {TR} at (0,2) size 368x120
            RenderTableCell {TD} at (2,2) size 120x120 [r=0 c=0 rs=1 cs=1]
              RenderBlock {DIV} at (1,1) size 118x118 [bgcolor=#FF0000] [border: (3px solid #000000)]
                RenderBlock {DIV} at (3,3) size 112x112 [bgcolor=#00FF00]
                  RenderBlock (floating) {DIV} at (0,0) size 56x56 [bgcolor=#00FFFF]
                  RenderBlock {DIV} at (0,56) size 112x56 [bgcolor=#FF0000] [border: (56px solid #FFFF00) none]
            RenderTableCell {TD} at (124,2) size 120x120 [r=0 c=1 rs=1 cs=1]
              RenderBlock {DIV} at (1,1) size 118x118 [bgcolor=#FF0000] [border: (3px solid #000000)]
                RenderBlock {DIV} at (3,3) size 112x112 [bgcolor=#00FF00]
                  RenderBlock (floating) {DIV} at (0,0) size 56x56 [bgcolor=#00FFFF]
                  RenderBlock {DIV} at (0,56) size 112x56 [bgcolor=#FF0000] [border: (56px solid #FFFF00) none]
            RenderTableCell {TD} at (246,2) size 120x120 [r=0 c=2 rs=1 cs=1]
              RenderBlock {DIV} at (1,1) size 118x118 [bgcolor=#FF0000] [border: (3px solid #000000)]
                RenderBlock {DIV} at (3,3) size 112x112 [bgcolor=#00FF00]
                  RenderBlock (floating) {DIV} at (0,0) size 56x56 [bgcolor=#00FFFF]
                  RenderBlock {DIV} at (0,56) size 112x56 [bgcolor=#FF0000] [border: (56px solid #FFFF00) none]
          RenderTableRow {TR} at (0,124) size 368x120
            RenderTableCell {TD} at (2,124) size 120x120 [r=1 c=0 rs=1 cs=1]
              RenderBlock {DIV} at (1,1) size 118x118 [bgcolor=#FF0000] [border: (3px solid #000000)]
                RenderBlock {DIV} at (3,3) size 112x112 [bgcolor=#00FF00]
                  RenderBlock (floating) {DIV} at (0,0) size 56x56 [bgcolor=#00FFFF]
                  RenderBlock {DIV} at (0,56) size 112x56 [bgcolor=#FF0000] [border: (56px solid #FFFF00) none]
                    RenderBlock {DIV} at (14,0) size 84x0
            RenderTableCell {TD} at (124,124) size 120x120 [r=1 c=1 rs=1 cs=1]
              RenderBlock {DIV} at (1,1) size 118x118 [bgcolor=#FF0000] [border: (3px solid #000000)]
                RenderBlock {DIV} at (3,3) size 112x112 [bgcolor=#00FF00]
                  RenderBlock (floating) {DIV} at (0,0) size 56x56 [bgcolor=#00FFFF]
                  RenderBlock {DIV} at (0,56) size 112x56 [bgcolor=#FF0000] [border: (56px solid #FFFF00) none]
                    RenderBlock {DIV} at (14,0) size 84x0
            RenderTableCell {TD} at (246,124) size 120x120 [r=1 c=2 rs=1 cs=1]
              RenderBlock {DIV} at (1,1) size 118x118 [bgcolor=#FF0000] [border: (3px solid #000000)]
                RenderBlock {DIV} at (3,3) size 112x112 [bgcolor=#00FF00]
                  RenderBlock (floating) {DIV} at (0,0) size 56x56 [bgcolor=#00FFFF]
                  RenderBlock {DIV} at (0,56) size 112x56 [bgcolor=#FF0000] [border: (56px solid #FFFF00) none]
                    RenderBlock {DIV} at (14,0) size 84x0
