layer at (0,0) size 800x600
  RenderView at (0,0) size 800x600
layer at (0,0) size 800x173
  RenderBlock {HTML} at (0,0) size 800x173
    RenderBody {BODY} at (8,14) size 784x151
      RenderBlock {P} at (0,0) size 784x19
        RenderText {#text} at (0,0) size 291x19
          text run at (0,0) width 291: "The following two squares should be identical."
      RenderTable {TABLE} at (0,33) size 222x118
        RenderTableSection {TBODY} at (0,0) size 222x118
          RenderTableRow {TR} at (0,14) size 222x90
            RenderTableCell {TD} at (14,14) size 90x90 [bgcolor=#FF0000] [r=0 c=0 rs=1 cs=1]
              RenderBlock {DIV} at (0,0) size 90x90 [bgcolor=#FFFF00] [border: (3px solid #000000)]
                RenderBlock {DIV} at (3,31) size 84x0 [bgcolor=#FF0000]
                RenderBlock (floating) {DIV} at (3,31) size 42x28 [bgcolor=#FFA500]
                RenderBlock {DIV} at (3,31) size 84x0 [bgcolor=#FF0000]
                RenderBlock {DIV} at (3,59) size 84x28 [border: (28px solid #FFA500) none]
            RenderTableCell {TD} at (118,14) size 90x90 [bgcolor=#FF0000] [r=0 c=1 rs=1 cs=1]
              RenderTable {TABLE} at (0,0) size 90x90 [border: (3px solid #000000)]
                RenderTableSection {TBODY} at (3,3) size 84x84
                  RenderTableRow {TR} at (0,0) size 84x28
                    RenderTableCell {TD} at (0,14) size 84x0 [bgcolor=#FFFF00] [r=0 c=0 rs=1 cs=2]
                  RenderTableRow {TR} at (0,28) size 84x28
                    RenderTableCell {TD} at (0,42) size 42x0 [bgcolor=#FFA500] [r=1 c=0 rs=1 cs=1]
                    RenderTableCell {TD} at (42,42) size 42x0 [bgcolor=#FFFF00] [r=1 c=1 rs=1 cs=1]
                  RenderTableRow {TR} at (0,56) size 84x28
                    RenderTableCell {TD} at (0,70) size 84x0 [bgcolor=#FFA500] [r=2 c=0 rs=1 cs=2]
