layer at (0,0) size 800x600
  RenderView at (0,0) size 800x600
layer at (0,0) size 800x600
  RenderBlock {HTML} at (0,0) size 800x600
    RenderBody {BODY} at (8,8) size 784x584
      RenderBlock {DIV} at (0,0) size 385x504
        RenderImage {IMG} at (0,0) size 395x275
        RenderBlock {H2} at (0,315) size 385x29
          RenderText {#text} at (0,0) size 320x29
            text run at (0,0) width 320: "This text should be on line one."
        RenderBlock (anonymous) at (0,361) size 385x38
          RenderText {#text} at (0,0) size 383x38
            text run at (0,0) width 264: "This text should be on the following lines. "
            text run at (264,0) width 119: "These lines should"
            text run at (0,19) width 75: "not overlap."
        RenderBlock {H2} at (0,439) size 385x29
          RenderText {#text} at (0,0) size 202x29
            text run at (0,0) width 202: "Here's what's weird."
        RenderBlock (anonymous) at (0,485) size 385x19
          RenderText {#text} at (0,0) size 138x19
            text run at (0,0) width 138: "The problem persists!"
