layer at (0,0) size 952x600
  RenderView at (0,0) size 800x600
layer at (0,0) size 952x600
  RenderBlock {HTML} at (0,0) size 800x600
    RenderBody {BODY} at (8,8) size 784x584
      RenderBlock {DIV} at (0,0) size 784x113 [border: (2px solid #0000FF)]
        RenderBlock (anonymous) at (2,2) size 780x57
          RenderText {#text} at (0,0) size 735x38
            text run at (0,0) width 572: "Resize the window. Red boxes below must not overflow the blue box (or window) from the "
            text run at (572,0) width 163: "left side, though they may"
            text run at (0,19) width 122: "overflow from right."
          RenderBR {BR} at (122,33) size 0x0
          RenderBR {BR} at (0,38) size 0x19
        RenderTable {TABLE} at (2,59) size 942x29 [border: (2px solid #FF0000)]
          RenderTableSection {TBODY} at (2,2) size 938x25
            RenderTableRow {TR} at (0,2) size 938x21
              RenderTableCell {TD} at (2,2) size 934x21 [r=0 c=0 rs=1 cs=1]
                RenderText {#text} at (1,1) size 932x19
                  text run at (1,1) width 468: "Blabla blah. Blabla blah. Blabla blah. Blabla blah. Blabla blah. Blabla blah. "
                  text run at (469,1) width 464: "Blabla blah. Blabla blah. Blabla blah. Blabla blah. Blabla blah. Blabla blah."
        RenderBlock {DIV} at (2,88) size 904x23 [border: (2px solid #FF0000)]
          RenderText {#text} at (2,2) size 464x19
            text run at (2,2) width 464: "Blabla blah. Blabla blah. Blabla blah. Blabla blah. Blabla blah. Blabla blah."
