layer at (0,0) size 800x600
  RenderView at (0,0) size 800x600
layer at (0,0) size 800x83
  RenderBlock {HTML} at (0,0) size 800x83
    RenderBody {BODY} at (8,14) size 784x61
      RenderBlock {P} at (0,0) size 784x19
        RenderText {#text} at (0,0) size 194x19
          text run at (0,0) width 194: "There should be no red below."
      RenderBlock {DIV} at (0,33) size 70x28 [bgcolor=#FF0000]
        RenderBlock {DIV} at (0,0) size 70x14 [bgcolor=#0000FF]
        RenderImage {IMG} at (0,14) size 70x14 [bgcolor=#FFFF00]
