layer at (0,0) size 800x600
  RenderView at (0,0) size 800x600
layer at (0,0) size 800x485
  RenderBlock {HTML} at (0,0) size 800x485 [color=#FFFFFF] [bgcolor=#0000FF]
    RenderBody {BODY} at (15,15) size 490x455 [bgcolor=#FFFFFF] [border: (5px solid #000000)]
      RenderBlock {DL} at (5,5) size 480x10
        RenderBlock (floating) {DT} at (5,5) size 79x310 [bgcolor=#CC0000] [border: (5px solid #000000)]
          RenderText {#text} at (15,15) size 60x10
            text run at (15,15) width 60: "toggle"
        RenderBlock (floating) {DD} at (95,5) size 380x310 [border: (10px solid #000000)]
          RenderBlock {UL} at (20,20) size 340x0
            RenderBlock (floating) {LI} at (0,0) size 80x120 [color=#000000] [bgcolor=#FFCC00] [border: (5px solid #000000)]
              RenderText {#text} at (15,15) size 30x20
                text run at (15,15) width 30: "the"
                text run at (15,25) width 30: "way"
            RenderBlock (floating) {LI} at (90,0) size 159x110 [bgcolor=#000000]
              RenderBlock {P} at (10,10) size 139x20
                RenderText {#text} at (0,0) size 90x20
                  text run at (0,0) width 90: "the world"
                  text run at (0,10) width 40: "ends"
              RenderBlock (anonymous) at (10,30) size 139x0
                RenderInline {FORM} at (0,0) size 0x0
                  RenderText {#text} at (0,0) size 0x0
              RenderBlock (anonymous) at (10,30) size 139x46
                RenderBlock {P} at (0,0) size 139x23
                  RenderText {#text} at (0,8) size 50x10
                    text run at (0,8) width 50: "bang "
                  RenderBlock {INPUT} at (55,3) size 15x15 [color=#000000]
                  RenderText {#text} at (0,0) size 0x0
                RenderBlock {P} at (0,23) size 139x23
                  RenderText {#text} at (0,8) size 80x10
                    text run at (0,8) width 80: "whimper "
                  RenderBlock {INPUT} at (85,3) size 15x15 [color=#000000]
                  RenderText {#text} at (0,0) size 0x0
              RenderBlock (anonymous) at (10,76) size 139x0
                RenderInline {FORM} at (0,0) size 0x0
                RenderText {#text} at (0,0) size 0x0
            RenderBlock (floating) {LI} at (259,0) size 80x120 [color=#000000] [bgcolor=#FFCC00] [border: (5px solid #000000)]
              RenderText {#text} at (15,15) size 40x30
                text run at (15,15) width 10: "i"
                text run at (15,25) width 40: "grow"
                text run at (15,35) width 30: "old"
            RenderBlock (floating) {LI} at (0,130) size 120x120 [bgcolor=#000000]
              RenderText {#text} at (10,10) size 60x10
                text run at (10,10) width 60: "pluot?"
          RenderBlock (floating) {BLOCKQUOTE} at (160,150) size 70x140 [color=#000000] [bgcolor=#FFCC00] [border: (10px solid #000000) (15px solid #000000) (20px solid #000000) (5px solid #000000)]
            RenderBlock {ADDRESS} at (5,20) size 50x20
              RenderText {#text} at (0,0) size 60x20
                text run at (0,0) width 30: "bar"
                text run at (0,10) width 60: "maids,"
          RenderBlock (floating) {H1} at (240,150) size 120x120 [bgcolor=#000000]
            RenderText {#text} at (10,10) size 70x40
              text run at (10,10) width 70: "sing to"
              text run at (10,20) width 30: "me,"
              text run at (10,30) width 70: "erbarme"
              text run at (10,40) width 40: "dich"
      RenderBlock {P} at (5,320) size 480x130 [color=#000000]
        RenderText {#text} at (0,1) size 470x62
          text run at (0,1) width 350: "This is a nonsensical document, but"
          text run at (0,14) width 390: "syntactically valid HTML 4.0. All 100%-"
          text run at (0,27) width 470: "conformant CSS1 agents should be able to render"
          text run at (0,40) width 420: "the document elements above this paragraph"
          text run at (0,53) width 420: "indistinguishably (to the pixel) from this"
        RenderInline {A} at (0,0) size 200x10 [color=#0000EE]
          RenderText {#text} at (0,66) size 200x10
            text run at (0,66) width 200: "reference rendering,"
        RenderText {#text} at (200,66) size 480x62
          text run at (200,66) width 10: " "
          text run at (210,66) width 260: "(except font rasterization"
          text run at (0,79) width 460: "and form widgets). All discrepancies should be"
          text run at (0,92) width 460: "traceable to CSS1 implementation shortcomings."
          text run at (0,105) width 480: "Once you have finished evaluating this test, you"
          text run at (0,118) width 180: "can return to the "
        RenderInline {A} at (0,0) size 110x10 [color=#0000EE]
          RenderText {#text} at (180,118) size 110x10
            text run at (180,118) width 110: "parent page"
        RenderText {#text} at (290,118) size 10x10
          text run at (290,118) width 10: "."
