layer at (0,0) size 800x600
  RenderView at (0,0) size 800x600
layer at (0,0) size 800x600
  RenderBlock {HTML} at (0,0) size 800x600
    RenderBody {BODY} at (8,8) size 784x584 [bgcolor=#CCCCCC]
      RenderBlock {P} at (0,0) size 784x20
        RenderText {#text} at (0,0) size 355x20
          text run at (0,0) width 355: "The style declarations which apply to the text below are:"
      RenderBlock {PRE} at (0,36) size 784x48
        RenderText {#text} at (0,0) size 408x47
          text run at (0,0) width 408: ".one {border-top-width: 25px; border-style: solid;}"
          text run at (408,0) width 0: " "
          text run at (0,16) width 408: ".two {border-top-width: thin; border-style: solid;}"
          text run at (408,16) width 0: " "
          text run at (0,32) width 256: ".three {border-top-width: 25px;}"
          text run at (256,32) width 0: " "
      RenderBlock {HR} at (0,97) size 784x2 [border: (1px inset #000000)]
      RenderBlock {P} at (0,115) size 784x88 [border: (25px solid #000000) (3px solid #000000)]
        RenderText {#text} at (3,25) size 172x20
          text run at (3,25) width 172: "This element has a class of "
        RenderInline {TT} at (0,0) size 24x15
          RenderText {#text} at (175,29) size 24x15
            text run at (175,29) width 24: "one"
        RenderText {#text} at (199,25) size 162x20
          text run at (199,25) width 8: ". "
          text run at (207,25) width 154: "However, it contains an "
        RenderInline {SPAN} at (0,0) size 173x24 [border: (1px solid #000000) (3px solid #000000)]
          RenderText {#text} at (364,25) size 143x20
            text run at (364,25) width 143: "inline element of class "
          RenderInline {TT} at (0,0) size 24x15
            RenderText {#text} at (507,29) size 24x15
              text run at (507,29) width 24: "two"
        RenderText {#text} at (534,25) size 772x60
          text run at (534,25) width 220: ", which should result in a thin solid"
          text run at (3,45) width 692: "border on the top side of each box in the inline element (and the UA's default border on the other three sides). "
          text run at (695,45) width 80: "There is also"
          text run at (3,65) width 19: "an "
        RenderInline {SPAN} at (0,0) size 183x20
          RenderText {#text} at (22,65) size 143x20
            text run at (22,65) width 143: "inline element of class "
          RenderInline {TT} at (0,0) size 40x15
            RenderText {#text} at (165,69) size 40x15
              text run at (165,69) width 40: "three"
        RenderText {#text} at (205,65) size 569x20
          text run at (205,65) width 569: ", which should have no top border width or visible border because no border style was set."
      RenderTable {TABLE} at (0,219) size 784x148 [border: (1px outset #808080)]
        RenderTableSection {TBODY} at (1,1) size 782x146
          RenderTableRow {TR} at (0,0) size 782x30
            RenderTableCell {TD} at (0,0) size 782x30 [bgcolor=#C0C0C0] [border: (1px inset #808080)] [r=0 c=0 rs=1 cs=2]
              RenderInline {STRONG} at (0,0) size 163x22
                RenderText {#text} at (4,4) size 163x22
                  text run at (4,4) width 163: "TABLE Testing Section"
          RenderTableRow {TR} at (0,30) size 782x116
            RenderTableCell {TD} at (0,74) size 12x28 [bgcolor=#C0C0C0] [border: (1px inset #808080)] [r=1 c=0 rs=1 cs=1]
              RenderText {#text} at (4,4) size 4x20
                text run at (4,4) width 4: " "
            RenderTableCell {TD} at (12,30) size 770x116 [border: (1px inset #808080)] [r=1 c=1 rs=1 cs=1]
              RenderBlock {P} at (4,4) size 762x108 [border: (25px solid #000000) (3px solid #000000)]
                RenderText {#text} at (3,25) size 172x20
                  text run at (3,25) width 172: "This element has a class of "
                RenderInline {TT} at (0,0) size 24x15
                  RenderText {#text} at (175,29) size 24x15
                    text run at (175,29) width 24: "one"
                RenderText {#text} at (199,25) size 162x20
                  text run at (199,25) width 8: ". "
                  text run at (207,25) width 154: "However, it contains an "
                RenderInline {SPAN} at (0,0) size 173x24 [border: (1px solid #000000) (3px solid #000000)]
                  RenderText {#text} at (364,25) size 143x20
                    text run at (364,25) width 143: "inline element of class "
                  RenderInline {TT} at (0,0) size 24x15
                    RenderText {#text} at (507,29) size 24x15
                      text run at (507,29) width 24: "two"
                RenderText {#text} at (534,25) size 751x60
                  text run at (534,25) width 220: ", which should result in a thin solid"
                  text run at (3,45) width 692: "border on the top side of each box in the inline element (and the UA's default border on the other three sides). "
                  text run at (695,45) width 51: "There is"
                  text run at (3,65) width 48: "also an "
                RenderInline {SPAN} at (0,0) size 183x20
                  RenderText {#text} at (51,65) size 143x20
                    text run at (51,65) width 143: "inline element of class "
                  RenderInline {TT} at (0,0) size 40x15
                    RenderText {#text} at (194,69) size 40x15
                      text run at (194,69) width 40: "three"
                RenderText {#text} at (234,65) size 746x40
                  text run at (234,65) width 515: ", which should have no top border width or visible border because no border style"
                  text run at (3,85) width 50: "was set."
