layer at (0,0) size 800x2041
  RenderView at (0,0) size 800x600
layer at (0,0) size 800x2041
  RenderBlock {HTML} at (0,0) size 800x2041
    RenderBody {BODY} at (8,8) size 784x2025 [bgcolor=#CCCCCC]
      RenderBlock {P} at (0,0) size 784x20
        RenderText {#text} at (0,0) size 355x20
          text run at (0,0) width 355: "The style declarations which apply to the text below are:"
      RenderBlock {PRE} at (0,36) size 784x144
        RenderText {#text} at (0,0) size 560x143
          text run at (0,0) width 344: "P.test {background: white; font-size: 20px;"
          text run at (344,0) width 0: " "
          text run at (0,16) width 560: "        margin-left: 30px; margin-right: 10px; padding: 0; border: 0;}"
          text run at (560,16) width 0: " "
          text run at (0,32) width 312: "IMG {padding: 0; border: 0; margin: 0;}"
          text run at (312,32) width 0: " "
          text run at (0,48) width 200: "P.test IMG {float: left;}"
          text run at (200,48) width 0: " "
          text run at (0,64) width 352: "#img2 {margin-top: 30px; margin-left: 30px;}"
          text run at (352,64) width 0: " "
          text run at (0,80) width 368: "#img3 {margin-top: -30px; margin-left: -30px;}"
          text run at (368,80) width 0: " "
          text run at (0,96) width 384: "#img4 {margin-right: 30px; margin-bottom: 30px;}"
          text run at (384,96) width 0: " "
          text run at (0,112) width 400: "#img5 {margin-right: -30px; margin-bottom: -30px;}"
          text run at (400,112) width 0: " "
          text run at (0,128) width 0: " "
      RenderBlock {HR} at (0,193) size 784x2 [border: (1px inset #000000)]
      RenderBlock {P} at (30,215) size 744x100 [bgcolor=#FFFFFF]
        RenderText {#text} at (0,0) size 738x100
          text run at (0,0) width 663: "This paragraph should have a white background which extends to the edges of the"
          text run at (0,25) width 122: "element's box. "
          text run at (122,25) width 442: "There is no padding set on this paragraph whatsoever. "
          text run at (564,25) width 166: "If the background of"
          text run at (0,50) width 738: "the entire box is not white, this may cause problems with the following tests; at any rate, it"
          text run at (0,75) width 223: "must be taken into account."
      RenderBlock {P} at (30,335) size 744x125 [bgcolor=#FFFFFF]
        RenderImage {IMG} at (0,0) size 60x60
        RenderText {#text} at (60,0) size 741x125
          text run at (60,0) width 638: "The image in the upper left corner of this paragraph should be floated left, and"
          text run at (60,25) width 119: "nothing more. "
          text run at (179,25) width 540: "The edges of the white background should line up with the top and"
          text run at (60,50) width 196: "left edges of the image. "
          text run at (256,50) width 485: "This paragraph should have a white background, first of all,"
          text run at (0,75) width 397: "which extends to the edges of the element's box. "
          text run at (397,75) width 335: "There is no padding set on this paragraph"
          text run at (0,100) width 97: "whatsoever."
      RenderBlock {P} at (30,480) size 744x125 [bgcolor=#FFFFFF]
        RenderImage {IMG} at (30,30) size 60x60
        RenderText {#text} at (90,0) size 741x125
          text run at (90,0) width 649: "The image in the upper left corner of this paragraph should be pushed down and"
          text run at (90,25) width 651: "to the right 30 pixels each from the upper left corner of the paragraph's box, and"
          text run at (90,50) width 330: "displace the paragraph text accordingly. "
          text run at (420,50) width 288: "This paragraph should have a white"
          text run at (90,75) width 594: "background, first of all, which extends to the edges of the element's box. "
          text run at (684,75) width 47: "There"
          text run at (0,100) width 385: "is no padding set on this paragraph whatsoever."
      RenderBlock {P} at (30,625) size 744x125 [bgcolor=#FFFFFF]
        RenderImage {IMG} at (-30,-30) size 60x60
        RenderText {#text} at (30,0) size 739x125
          text run at (30,0) width 709: "The image in the upper left corner of this paragraph should be pushed up and to the left"
          text run at (30,25) width 709: "30 pixels each from the upper left corner of the paragraph's box, thus causing the edges"
          text run at (0,50) width 582: "of the white background to align with the thick gray lines in the image. "
          text run at (582,50) width 122: "This paragraph"
          text run at (0,75) width 715: "should have a white background, first of all, which extends to the edges of the element's"
          text run at (0,100) width 40: "box. "
          text run at (40,100) width 437: "There is no padding set on this paragraph whatsoever."
      RenderBlock {P} at (30,770) size 744x150 [bgcolor=#FFFFFF]
        RenderImage {IMG} at (0,0) size 60x60
        RenderText {#text} at (90,0) size 730x150
          text run at (90,0) width 638: "The image in the upper left corner of this paragraph should be floated left, and"
          text run at (90,25) width 640: "the edges of the white background should line up with the top and left edges of"
          text run at (90,50) width 90: "the image. "
          text run at (180,50) width 538: "However, there should be 30 pixels of space between the right and"
          text run at (90,75) width 490: "bottom edges of the image and the paragraph text around it. "
          text run at (580,75) width 122: "This paragraph"
          text run at (0,100) width 715: "should have a white background, first of all, which extends to the edges of the element's"
          text run at (0,125) width 40: "box. "
          text run at (40,125) width 437: "There is no padding set on this paragraph whatsoever."
      RenderBlock {P} at (30,940) size 744x150 [bgcolor=#FFFFFF]
        RenderImage {IMG} at (0,0) size 60x60
        RenderText {#text} at (30,0) size 732x150
          text run at (30,0) width 668: "The image in the upper left corner of this paragraph should be floated left, and the"
          text run at (30,25) width 700: "edges of the white background should line up with the top and left edges of the image."
          text run at (0,50) width 707: "However, the text should overlap the image's right and bottom sides, lining up with the"
          text run at (0,75) width 242: "thick gray lines in the image. "
          text run at (242,75) width 485: "This paragraph should have a white background, first of all,"
          text run at (0,100) width 397: "which extends to the edges of the element's box. "
          text run at (397,100) width 335: "There is no padding set on this paragraph"
          text run at (0,125) width 97: "whatsoever."
      RenderTable {TABLE} at (0,1110) size 784x915 [border: (1px outset #808080)]
        RenderTableSection {TBODY} at (1,1) size 782x913
          RenderTableRow {TR} at (0,0) size 782x30
            RenderTableCell {TD} at (0,0) size 782x30 [bgcolor=#C0C0C0] [border: (1px inset #808080)] [r=0 c=0 rs=1 cs=2]
              RenderInline {STRONG} at (0,0) size 163x22
                RenderText {#text} at (4,4) size 163x22
                  text run at (4,4) width 163: "TABLE Testing Section"
          RenderTableRow {TR} at (0,30) size 782x883
            RenderTableCell {TD} at (0,457) size 12x28 [bgcolor=#C0C0C0] [border: (1px inset #808080)] [r=1 c=0 rs=1 cs=1]
              RenderText {#text} at (4,4) size 4x20
                text run at (4,4) width 4: " "
            RenderTableCell {TD} at (12,30) size 770x883 [border: (1px inset #808080)] [r=1 c=1 rs=1 cs=1]
              RenderBlock {P} at (34,4) size 722x100 [bgcolor=#FFFFFF]
                RenderText {#text} at (0,0) size 708x100
                  text run at (0,0) width 663: "This paragraph should have a white background which extends to the edges of the"
                  text run at (0,25) width 122: "element's box. "
                  text run at (122,25) width 442: "There is no padding set on this paragraph whatsoever. "
                  text run at (564,25) width 144: "If the background"
                  text run at (0,50) width 702: "of the entire box is not white, this may cause problems with the following tests; at any"
                  text run at (0,75) width 281: "rate, it must be taken into account."
              RenderBlock {P} at (34,124) size 722x125 [bgcolor=#FFFFFF]
                RenderImage {IMG} at (0,0) size 60x60
                RenderText {#text} at (60,0) size 719x125
                  text run at (60,0) width 638: "The image in the upper left corner of this paragraph should be floated left, and"
                  text run at (60,25) width 119: "nothing more. "
                  text run at (179,25) width 540: "The edges of the white background should line up with the top and"
                  text run at (60,50) width 196: "left edges of the image. "
                  text run at (256,50) width 454: "This paragraph should have a white background, first of"
                  text run at (0,75) width 428: "all, which extends to the edges of the element's box. "
                  text run at (428,75) width 249: "There is no padding set on this"
                  text run at (0,100) width 183: "paragraph whatsoever."
              RenderBlock {P} at (34,269) size 722x125 [bgcolor=#FFFFFF]
                RenderImage {IMG} at (30,30) size 60x60
                RenderText {#text} at (90,0) size 718x125
                  text run at (90,0) width 615: "The image in the upper left corner of this paragraph should be pushed down"
                  text run at (90,25) width 611: "and to the right 30 pixels each from the upper left corner of the paragraph's"
                  text run at (90,50) width 404: "box, and displace the paragraph text accordingly. "
                  text run at (494,50) width 224: "This paragraph should have"
                  text run at (90,75) width 613: "a white background, first of all, which extends to the edges of the element's"
                  text run at (0,100) width 40: "box. "
                  text run at (40,100) width 437: "There is no padding set on this paragraph whatsoever."
              RenderBlock {P} at (34,414) size 722x125 [bgcolor=#FFFFFF]
                RenderImage {IMG} at (-30,-30) size 60x60
                RenderText {#text} at (30,0) size 721x125
                  text run at (30,0) width 676: "The image in the upper left corner of this paragraph should be pushed up and to the"
                  text run at (30,25) width 691: "left 30 pixels each from the upper left corner of the paragraph's box, thus causing the"
                  text run at (0,50) width 633: "edges of the white background to align with the thick gray lines in the image. "
                  text run at (633,50) width 36: "This"
                  text run at (0,75) width 719: "paragraph should have a white background, first of all, which extends to the edges of the"
                  text run at (0,100) width 122: "element's box. "
                  text run at (122,100) width 437: "There is no padding set on this paragraph whatsoever."
              RenderBlock {P} at (34,559) size 722x150 [bgcolor=#FFFFFF]
                RenderImage {IMG} at (0,0) size 60x60
                RenderText {#text} at (90,0) size 719x150
                  text run at (90,0) width 604: "The image in the upper left corner of this paragraph should be floated left,"
                  text run at (90,25) width 601: "and the edges of the white background should line up with the top and left"
                  text run at (90,50) width 163: "edges of the image. "
                  text run at (253,50) width 460: "However, there should be 30 pixels of space between the"
                  text run at (90,75) width 568: "right and bottom edges of the image and the paragraph text around it. "
                  text run at (658,75) width 36: "This"
                  text run at (0,100) width 719: "paragraph should have a white background, first of all, which extends to the edges of the"
                  text run at (0,125) width 122: "element's box. "
                  text run at (122,125) width 437: "There is no padding set on this paragraph whatsoever."
              RenderBlock {P} at (34,729) size 722x150 [bgcolor=#FFFFFF]
                RenderImage {IMG} at (0,0) size 60x60
                RenderText {#text} at (30,0) size 706x150
                  text run at (30,0) width 668: "The image in the upper left corner of this paragraph should be floated left, and the"
                  text run at (30,25) width 640: "edges of the white background should line up with the top and left edges of the"
                  text run at (0,50) width 60: "image. "
                  text run at (60,50) width 636: "However, the text should overlap the image's right and bottom sides, lining up"
                  text run at (0,75) width 313: "with the thick gray lines in the image. "
                  text run at (313,75) width 393: "This paragraph should have a white background,"
                  text run at (0,100) width 489: "first of all, which extends to the edges of the element's box. "
                  text run at (489,100) width 214: "There is no padding set on"
                  text run at (0,125) width 218: "this paragraph whatsoever."
