layer at (0,0) size 1312x676
  RenderView at (0,0) size 800x600
layer at (0,0) size 1312x676
  RenderBlock {HTML} at (0,0) size 800x676
    RenderBody {BODY} at (8,8) size 784x660
      RenderBlock (anonymous) at (0,0) size 784x20
        RenderText {#text} at (0,0) size 89x20
          text run at (0,0) width 89: "LTR Version:"
      RenderBlock (anonymous) at (0,330) size 784x20
        RenderText {#text} at (0,0) size 89x20
          text run at (0,0) width 89: "RTL Version:"
layer at (8,28) size 1304x310
  RenderBlock {DIV} at (0,20) size 784x310 [border: (5px solid #800000)]
    RenderBlock (anonymous) at (5,5) size 247x260
      RenderText {#text} at (0,0) size 106x20
        text run at (0,0) width 106: "This is some text"
      RenderBR {BR} at (106,15) size 0x0
      RenderText {#text} at (0,20) size 106x20
        text run at (0,20) width 106: "This is some text"
      RenderBR {BR} at (106,35) size 0x0
      RenderText {#text} at (0,40) size 106x20
        text run at (0,40) width 106: "This is some text"
      RenderBR {BR} at (106,55) size 0x0
      RenderText {#text} at (0,60) size 106x20
        text run at (0,60) width 106: "This is some text"
      RenderBR {BR} at (106,75) size 0x0
      RenderText {#text} at (0,80) size 106x20
        text run at (0,80) width 106: "This is some text"
      RenderBR {BR} at (106,95) size 0x0
      RenderText {#text} at (0,100) size 106x20
        text run at (0,100) width 106: "This is some text"
      RenderBR {BR} at (106,115) size 0x0
      RenderText {#text} at (0,120) size 106x20
        text run at (0,120) width 106: "This is some text"
      RenderBR {BR} at (106,135) size 0x0
      RenderText {#text} at (0,140) size 106x20
        text run at (0,140) width 106: "This is some text"
      RenderBR {BR} at (106,155) size 0x0
      RenderText {#text} at (0,160) size 106x20
        text run at (0,160) width 106: "This is some text"
      RenderBR {BR} at (106,175) size 0x0
      RenderText {#text} at (0,180) size 106x20
        text run at (0,180) width 106: "This is some text"
      RenderBR {BR} at (106,195) size 0x0
      RenderText {#text} at (0,200) size 106x20
        text run at (0,200) width 106: "This is some text"
      RenderBR {BR} at (106,215) size 0x0
      RenderText {#text} at (0,220) size 106x20
        text run at (0,220) width 106: "This is some text"
      RenderBR {BR} at (106,235) size 0x0
      RenderText {#text} at (0,240) size 106x20
        text run at (0,240) width 106: "This is some text"
      RenderBR {BR} at (106,255) size 0x0
    RenderBlock {DIV} at (5,265) size 247x270
      RenderText {#text} at (0,0) size 0x0
    RenderBlock (anonymous) at (5,535) size 247x560
      RenderText {#text} at (0,0) size 106x20
        text run at (0,0) width 106: "This is some text"
      RenderBR {BR} at (106,15) size 0x0
      RenderText {#text} at (0,20) size 106x20
        text run at (0,20) width 106: "This is some text"
      RenderBR {BR} at (106,35) size 0x0
      RenderText {#text} at (0,40) size 106x20
        text run at (0,40) width 106: "This is some text"
      RenderBR {BR} at (106,55) size 0x0
      RenderText {#text} at (0,60) size 106x20
        text run at (0,60) width 106: "This is some text"
      RenderBR {BR} at (106,75) size 0x0
      RenderText {#text} at (0,80) size 106x20
        text run at (0,80) width 106: "This is some text"
      RenderBR {BR} at (106,95) size 0x0
      RenderText {#text} at (0,100) size 106x20
        text run at (0,100) width 106: "This is some text"
      RenderBR {BR} at (106,115) size 0x0
      RenderText {#text} at (0,120) size 106x20
        text run at (0,120) width 106: "This is some text"
      RenderBR {BR} at (106,135) size 0x0
      RenderText {#text} at (0,140) size 106x20
        text run at (0,140) width 106: "This is some text"
      RenderBR {BR} at (106,155) size 0x0
      RenderText {#text} at (0,160) size 106x20
        text run at (0,160) width 106: "This is some text"
      RenderBR {BR} at (106,175) size 0x0
      RenderText {#text} at (0,180) size 106x20
        text run at (0,180) width 106: "This is some text"
      RenderBR {BR} at (106,195) size 0x0
      RenderText {#text} at (0,200) size 106x20
        text run at (0,200) width 106: "This is some text"
      RenderBR {BR} at (106,215) size 0x0
      RenderText {#text} at (0,220) size 106x20
        text run at (0,220) width 106: "This is some text"
      RenderBR {BR} at (106,235) size 0x0
      RenderText {#text} at (0,240) size 106x20
        text run at (0,240) width 106: "This is some text"
      RenderBR {BR} at (106,255) size 0x0
      RenderText {#text} at (0,260) size 106x20
        text run at (0,260) width 106: "This is some text"
      RenderBR {BR} at (106,275) size 0x0
      RenderText {#text} at (0,280) size 106x20
        text run at (0,280) width 106: "This is some text"
      RenderBR {BR} at (106,295) size 0x0
      RenderText {#text} at (0,300) size 106x20
        text run at (0,300) width 106: "This is some text"
      RenderBR {BR} at (106,315) size 0x0
      RenderText {#text} at (0,320) size 106x20
        text run at (0,320) width 106: "This is some text"
      RenderBR {BR} at (106,335) size 0x0
      RenderText {#text} at (0,340) size 106x20
        text run at (0,340) width 106: "This is some text"
      RenderBR {BR} at (106,355) size 0x0
      RenderText {#text} at (0,360) size 106x20
        text run at (0,360) width 106: "This is some text"
      RenderBR {BR} at (106,375) size 0x0
      RenderText {#text} at (0,380) size 106x20
        text run at (0,380) width 106: "This is some text"
      RenderBR {BR} at (106,395) size 0x0
      RenderText {#text} at (0,400) size 106x20
        text run at (0,400) width 106: "This is some text"
      RenderBR {BR} at (106,415) size 0x0
      RenderText {#text} at (0,420) size 106x20
        text run at (0,420) width 106: "This is some text"
      RenderBR {BR} at (106,435) size 0x0
      RenderText {#text} at (0,440) size 106x20
        text run at (0,440) width 106: "This is some text"
      RenderBR {BR} at (106,455) size 0x0
      RenderText {#text} at (0,460) size 106x20
        text run at (0,460) width 106: "This is some text"
      RenderBR {BR} at (106,475) size 0x0
      RenderText {#text} at (0,480) size 106x20
        text run at (0,480) width 106: "This is some text"
      RenderBR {BR} at (106,495) size 0x0
      RenderText {#text} at (0,500) size 106x20
        text run at (0,500) width 106: "This is some text"
      RenderBR {BR} at (106,515) size 0x0
      RenderText {#text} at (0,520) size 106x20
        text run at (0,520) width 106: "This is some text"
      RenderBR {BR} at (106,535) size 0x0
      RenderText {#text} at (0,0) size 0x0
    RenderBlock (anonymous) at (5,1115) size 247x280
      RenderText {#text} at (0,0) size 106x20
        text run at (0,0) width 106: "This is some text"
      RenderBR {BR} at (106,15) size 0x0
      RenderText {#text} at (0,20) size 106x20
        text run at (0,20) width 106: "This is some text"
      RenderBR {BR} at (106,35) size 0x0
      RenderText {#text} at (0,40) size 106x20
        text run at (0,40) width 106: "This is some text"
      RenderBR {BR} at (106,55) size 0x0
      RenderText {#text} at (0,60) size 106x20
        text run at (0,60) width 106: "This is some text"
      RenderBR {BR} at (106,75) size 0x0
      RenderText {#text} at (0,80) size 106x20
        text run at (0,80) width 106: "This is some text"
      RenderBR {BR} at (106,95) size 0x0
      RenderText {#text} at (0,100) size 106x20
        text run at (0,100) width 106: "This is some text"
      RenderBR {BR} at (106,115) size 0x0
      RenderText {#text} at (0,120) size 106x20
        text run at (0,120) width 106: "This is some text"
      RenderBR {BR} at (106,135) size 0x0
      RenderText {#text} at (0,140) size 106x20
        text run at (0,140) width 106: "This is some text"
      RenderBR {BR} at (106,155) size 0x0
      RenderText {#text} at (0,160) size 106x20
        text run at (0,160) width 106: "This is some text"
      RenderBR {BR} at (106,175) size 0x0
      RenderText {#text} at (0,180) size 106x20
        text run at (0,180) width 106: "This is some text"
      RenderBR {BR} at (106,195) size 0x0
      RenderText {#text} at (0,200) size 106x20
        text run at (0,200) width 106: "This is some text"
      RenderBR {BR} at (106,215) size 0x0
      RenderText {#text} at (0,220) size 106x20
        text run at (0,220) width 106: "This is some text"
      RenderBR {BR} at (106,235) size 0x0
      RenderText {#text} at (0,240) size 106x20
        text run at (0,240) width 106: "This is some text"
      RenderBR {BR} at (106,255) size 0x0
      RenderText {#text} at (0,260) size 106x20
        text run at (0,260) width 106: "This is some text"
      RenderBR {BR} at (106,275) size 0x0
layer at (8,358) size 784x310
  RenderBlock {DIV} at (0,350) size 784x310 [border: (5px solid #800000)]
    RenderBlock (anonymous) at (5,5) size 247x260
      RenderText {#text} at (141,0) size 106x20
        text run at (141,0) width 106: "This is some text"
      RenderBR {BR} at (141,15) size 0x0
      RenderText {#text} at (141,20) size 106x20
        text run at (141,20) width 106: "This is some text"
      RenderBR {BR} at (141,35) size 0x0
      RenderText {#text} at (141,40) size 106x20
        text run at (141,40) width 106: "This is some text"
      RenderBR {BR} at (141,55) size 0x0
      RenderText {#text} at (141,60) size 106x20
        text run at (141,60) width 106: "This is some text"
      RenderBR {BR} at (141,75) size 0x0
      RenderText {#text} at (141,80) size 106x20
        text run at (141,80) width 106: "This is some text"
      RenderBR {BR} at (141,95) size 0x0
      RenderText {#text} at (141,100) size 106x20
        text run at (141,100) width 106: "This is some text"
      RenderBR {BR} at (141,115) size 0x0
      RenderText {#text} at (141,120) size 106x20
        text run at (141,120) width 106: "This is some text"
      RenderBR {BR} at (141,135) size 0x0
      RenderText {#text} at (141,140) size 106x20
        text run at (141,140) width 106: "This is some text"
      RenderBR {BR} at (141,155) size 0x0
      RenderText {#text} at (141,160) size 106x20
        text run at (141,160) width 106: "This is some text"
      RenderBR {BR} at (141,175) size 0x0
      RenderText {#text} at (141,180) size 106x20
        text run at (141,180) width 106: "This is some text"
      RenderBR {BR} at (141,195) size 0x0
      RenderText {#text} at (141,200) size 106x20
        text run at (141,200) width 106: "This is some text"
      RenderBR {BR} at (141,215) size 0x0
      RenderText {#text} at (141,220) size 106x20
        text run at (141,220) width 106: "This is some text"
      RenderBR {BR} at (141,235) size 0x0
      RenderText {#text} at (141,240) size 106x20
        text run at (141,240) width 106: "This is some text"
      RenderBR {BR} at (141,255) size 0x0
    RenderBlock {DIV} at (5,265) size 247x270
      RenderText {#text} at (0,0) size 0x0
    RenderBlock (anonymous) at (5,535) size 247x560
      RenderText {#text} at (141,0) size 106x20
        text run at (141,0) width 106: "This is some text"
      RenderBR {BR} at (141,15) size 0x0
      RenderText {#text} at (141,20) size 106x20
        text run at (141,20) width 106: "This is some text"
      RenderBR {BR} at (141,35) size 0x0
      RenderText {#text} at (141,40) size 106x20
        text run at (141,40) width 106: "This is some text"
      RenderBR {BR} at (141,55) size 0x0
      RenderText {#text} at (141,60) size 106x20
        text run at (141,60) width 106: "This is some text"
      RenderBR {BR} at (141,75) size 0x0
      RenderText {#text} at (141,80) size 106x20
        text run at (141,80) width 106: "This is some text"
      RenderBR {BR} at (141,95) size 0x0
      RenderText {#text} at (141,100) size 106x20
        text run at (141,100) width 106: "This is some text"
      RenderBR {BR} at (141,115) size 0x0
      RenderText {#text} at (141,120) size 106x20
        text run at (141,120) width 106: "This is some text"
      RenderBR {BR} at (141,135) size 0x0
      RenderText {#text} at (141,140) size 106x20
        text run at (141,140) width 106: "This is some text"
      RenderBR {BR} at (141,155) size 0x0
      RenderText {#text} at (141,160) size 106x20
        text run at (141,160) width 106: "This is some text"
      RenderBR {BR} at (141,175) size 0x0
      RenderText {#text} at (141,180) size 106x20
        text run at (141,180) width 106: "This is some text"
      RenderBR {BR} at (141,195) size 0x0
      RenderText {#text} at (141,200) size 106x20
        text run at (141,200) width 106: "This is some text"
      RenderBR {BR} at (141,215) size 0x0
      RenderText {#text} at (141,220) size 106x20
        text run at (141,220) width 106: "This is some text"
      RenderBR {BR} at (141,235) size 0x0
      RenderText {#text} at (141,240) size 106x20
        text run at (141,240) width 106: "This is some text"
      RenderBR {BR} at (141,255) size 0x0
      RenderText {#text} at (141,260) size 106x20
        text run at (141,260) width 106: "This is some text"
      RenderBR {BR} at (141,275) size 0x0
      RenderText {#text} at (141,280) size 106x20
        text run at (141,280) width 106: "This is some text"
      RenderBR {BR} at (141,295) size 0x0
      RenderText {#text} at (141,300) size 106x20
        text run at (141,300) width 106: "This is some text"
      RenderBR {BR} at (141,315) size 0x0
      RenderText {#text} at (141,320) size 106x20
        text run at (141,320) width 106: "This is some text"
      RenderBR {BR} at (141,335) size 0x0
      RenderText {#text} at (141,340) size 106x20
        text run at (141,340) width 106: "This is some text"
      RenderBR {BR} at (141,355) size 0x0
      RenderText {#text} at (141,360) size 106x20
        text run at (141,360) width 106: "This is some text"
      RenderBR {BR} at (141,375) size 0x0
      RenderText {#text} at (141,380) size 106x20
        text run at (141,380) width 106: "This is some text"
      RenderBR {BR} at (141,395) size 0x0
      RenderText {#text} at (141,400) size 106x20
        text run at (141,400) width 106: "This is some text"
      RenderBR {BR} at (141,415) size 0x0
      RenderText {#text} at (141,420) size 106x20
        text run at (141,420) width 106: "This is some text"
      RenderBR {BR} at (141,435) size 0x0
      RenderText {#text} at (141,440) size 106x20
        text run at (141,440) width 106: "This is some text"
      RenderBR {BR} at (141,455) size 0x0
      RenderText {#text} at (141,460) size 106x20
        text run at (141,460) width 106: "This is some text"
      RenderBR {BR} at (141,475) size 0x0
      RenderText {#text} at (141,480) size 106x20
        text run at (141,480) width 106: "This is some text"
      RenderBR {BR} at (141,495) size 0x0
      RenderText {#text} at (141,500) size 106x20
        text run at (141,500) width 106: "This is some text"
      RenderBR {BR} at (141,515) size 0x0
      RenderText {#text} at (141,520) size 106x20
        text run at (141,520) width 106: "This is some text"
      RenderBR {BR} at (141,535) size 0x0
      RenderText {#text} at (0,0) size 0x0
    RenderBlock (anonymous) at (5,1115) size 247x280
      RenderText {#text} at (141,0) size 106x20
        text run at (141,0) width 106: "This is some text"
      RenderBR {BR} at (141,15) size 0x0
      RenderText {#text} at (141,20) size 106x20
        text run at (141,20) width 106: "This is some text"
      RenderBR {BR} at (141,35) size 0x0
      RenderText {#text} at (141,40) size 106x20
        text run at (141,40) width 106: "This is some text"
      RenderBR {BR} at (141,55) size 0x0
      RenderText {#text} at (141,60) size 106x20
        text run at (141,60) width 106: "This is some text"
      RenderBR {BR} at (141,75) size 0x0
      RenderText {#text} at (141,80) size 106x20
        text run at (141,80) width 106: "This is some text"
      RenderBR {BR} at (141,95) size 0x0
      RenderText {#text} at (141,100) size 106x20
        text run at (141,100) width 106: "This is some text"
      RenderBR {BR} at (141,115) size 0x0
      RenderText {#text} at (141,120) size 106x20
        text run at (141,120) width 106: "This is some text"
      RenderBR {BR} at (141,135) size 0x0
      RenderText {#text} at (141,140) size 106x20
        text run at (141,140) width 106: "This is some text"
      RenderBR {BR} at (141,155) size 0x0
      RenderText {#text} at (141,160) size 106x20
        text run at (141,160) width 106: "This is some text"
      RenderBR {BR} at (141,175) size 0x0
      RenderText {#text} at (141,180) size 106x20
        text run at (141,180) width 106: "This is some text"
      RenderBR {BR} at (141,195) size 0x0
      RenderText {#text} at (141,200) size 106x20
        text run at (141,200) width 106: "This is some text"
      RenderBR {BR} at (141,215) size 0x0
      RenderText {#text} at (141,220) size 106x20
        text run at (141,220) width 106: "This is some text"
      RenderBR {BR} at (141,235) size 0x0
      RenderText {#text} at (141,240) size 106x20
        text run at (141,240) width 106: "This is some text"
      RenderBR {BR} at (141,255) size 0x0
      RenderText {#text} at (141,260) size 106x20
        text run at (141,260) width 106: "This is some text"
      RenderBR {BR} at (141,275) size 0x0
layer at (13,293) size 100x270
  RenderBlock (relative positioned) {DIV} at (0,0) size 100x270 [bgcolor=#008000]
layer at (160,623) size 100x270 backgroundClip at (0,0) size 1312x676 clip at (0,0) size 1312x676 outlineClip at (0,0) size 1312x676
  RenderBlock (relative positioned) {DIV} at (147,0) size 100x270 [bgcolor=#008000]
