layer at (0,0) size 800x600
  RenderView at (0,0) size 800x600
layer at (0,0) size 800x165
  RenderBlock {HTML} at (0,0) size 800x165
    RenderBody {BODY} at (8,14) size 784x143
      RenderBlock {PRE} at (0,0) size 784x57
        RenderText {#text} at (0,0) size 132x57
          text run at (0,0) width 104: "table width=50%"
          text run at (104,0) width 0: " "
          text run at (0,19) width 75: "  td nowrap "
          text run at (75,19) width 0: " "
          text run at (0,38) width 132: "    input width=100% "
          text run at (132,38) width 0: " "
      RenderTable {TABLE} at (0,71) size 392x53 [bgcolor=#C0C0C0] [border: (1px outset #808080)]
        RenderTableSection {TBODY} at (1,1) size 390x51
          RenderTableRow {TR} at (0,2) size 390x47
            RenderTableCell {TD} at (2,2) size 386x47 [bgcolor=#AABBFF] [border: (1px inset #808080)] [r=0 c=0 rs=1 cs=1]
              RenderTextControl {INPUT} at (9,11) size 374x25 [border: (2px inset #000000)]
              RenderText {#text} at (0,0) size 0x0
      RenderBlock (anonymous) at (0,124) size 784x19
        RenderBR {BR} at (0,0) size 0x19
layer at (23,102) size 368x19
  RenderBlock {DIV} at (3,3) size 368x19
