layer at (0,0) size 800x600
  RenderView at (0,0) size 800x600
layer at (0,0) size 800x600
  RenderBlock {HTML} at (0,0) size 800x600
    RenderBody {BODY} at (8,8) size 784x584
      RenderBlock (anonymous) at (0,0) size 784x38
        RenderText {#text} at (0,0) size 260x19
          text run at (0,0) width 260: "Tables: both lines should be 1 pixel thick."
        RenderBR {BR} at (260,14) size 0x0
        RenderBR {BR} at (0,19) size 0x19
      RenderTable {TABLE} at (0,38) size 37x5
        RenderTableSection {TBODY} at (0,0) size 37x5
          RenderTableRow {TR} at (0,2) size 37x1
            RenderTableCell {TD} at (2,2) size 31x1 [bgcolor=#FF0000] [r=0 c=0 rs=1 cs=1]
              RenderImage {IMG} at (0,0) size 30x1
            RenderTableCell {TD} at (35,2) size 0x0 [r=0 c=1 rs=1 cs=1]
      RenderBlock (anonymous) at (0,43) size 784x19
        RenderBR {BR} at (0,0) size 0x19
      RenderTable {TABLE} at (0,62) size 34x5
        RenderTableSection {TBODY} at (0,0) size 34x5
          RenderTableRow {TR} at (0,2) size 34x1
            RenderTableCell {TD} at (2,2) size 30x1 [bgcolor=#FF0000] [r=0 c=0 rs=1 cs=1]
              RenderImage {IMG} at (0,0) size 30x1
      RenderBlock (anonymous) at (0,67) size 784x197
        RenderBR {BR} at (0,0) size 0x19
        RenderBR {BR} at (0,19) size 0x19
        RenderBR {BR} at (0,38) size 0x19
        RenderText {#text} at (0,57) size 385x19
          text run at (0,57) width 207: "2 texts, FACE=\"Arial, Helvetica\", "
          text run at (207,57) width 178: "1st at size=0, 2nd at size=-4"
        RenderBR {BR} at (385,71) size 0x0
        RenderBR {BR} at (0,76) size 0x19
        RenderInline {FONT} at (0,0) size 144x38
          RenderText {#text} at (0,95) size 144x19
            text run at (0,95) width 144: "Detonator 3.53 Drivers"
          RenderBR {BR} at (144,109) size 0x0
          RenderText {#text} at (0,114) size 103x19
            text run at (0,114) width 103: "Available NOW! "
        RenderBR {BR} at (103,128) size 0x0
        RenderBR {BR} at (0,133) size 0x19
        RenderInline {FONT} at (0,0) size 95x26
          RenderText {#text} at (0,152) size 95x13
            text run at (0,152) width 95: "Detonator 3.53 Drivers"
          RenderBR {BR} at (95,161) size 0x0
          RenderText {#text} at (0,165) size 69x13
            text run at (0,165) width 69: "Available NOW! "
        RenderBR {BR} at (69,174) size 0x0
        RenderBR {BR} at (0,178) size 0x19
