layer at (0,0) size 800x6916
  RenderView at (0,0) size 800x600
layer at (0,0) size 800x6916
  RenderBlock {HTML} at (0,0) size 800x6916
    RenderBody {BODY} at (8,18) size 784x6884
      RenderBlock {H1} at (0,0) size 784x38
        RenderText {#text} at (0,0) size 241x38
          text run at (0,0) width 241: "table-layout: fixed"
      RenderBlock {P} at (0,56) size 784x19
        RenderText {#text} at (0,0) size 563x19
          text run at (0,0) width 563: "The following tables should be laid out in the traditional manner because their widths are "
        RenderInline {CODE} at (0,0) size 28x19
          RenderText {#text} at (563,0) size 28x19
            text run at (563,0) width 28: "auto"
        RenderText {#text} at (591,0) size 4x19
          text run at (591,0) width 4: ":"
      RenderTable {TABLE} at (0,89) size 110x52
        RenderTableSection {TBODY} at (0,0) size 110x52
          RenderTableRow {TR} at (0,2) size 110x23
            RenderTableCell {TD} at (2,2) size 34x23 [border: (1px solid #000000)] [r=0 c=0 rs=1 cs=1]
              RenderText {#text} at (2,2) size 30x19
                text run at (2,2) width 30: "Data"
            RenderTableCell {TD} at (38,2) size 34x23 [border: (1px solid #000000)] [r=0 c=1 rs=1 cs=1]
              RenderText {#text} at (2,2) size 30x19
                text run at (2,2) width 30: "Data"
            RenderTableCell {TD} at (74,2) size 34x23 [border: (1px solid #000000)] [r=0 c=2 rs=1 cs=1]
              RenderText {#text} at (2,2) size 30x19
                text run at (2,2) width 30: "Data"
          RenderTableRow {TR} at (0,27) size 110x23
            RenderTableCell {TD} at (2,27) size 34x23 [border: (1px solid #000000)] [r=1 c=0 rs=1 cs=1]
              RenderText {#text} at (2,2) size 30x19
                text run at (2,2) width 30: "Data"
            RenderTableCell {TD} at (38,27) size 34x23 [border: (1px solid #000000)] [r=1 c=1 rs=1 cs=1]
              RenderText {#text} at (2,2) size 30x19
                text run at (2,2) width 30: "Data"
            RenderTableCell {TD} at (74,27) size 34x23 [border: (1px solid #000000)] [r=1 c=2 rs=1 cs=1]
              RenderText {#text} at (2,2) size 30x19
                text run at (2,2) width 30: "Data"
      RenderTable {TABLE} at (0,141) size 784x356
        RenderTableSection {TBODY} at (0,0) size 784x356
          RenderTableRow {TR} at (0,2) size 784x23
            RenderTableCell {TD} at (2,2) size 34x23 [border: (1px solid #000000)] [r=0 c=0 rs=1 cs=1]
              RenderText {#text} at (2,2) size 30x19
                text run at (2,2) width 30: "Data"
            RenderTableCell {TD} at (38,2) size 34x23 [border: (1px solid #000000)] [r=0 c=1 rs=1 cs=1]
              RenderText {#text} at (2,2) size 30x19
                text run at (2,2) width 30: "Data"
            RenderTableCell {TD} at (74,2) size 708x23 [border: (1px solid #000000)] [r=0 c=2 rs=1 cs=1]
              RenderText {#text} at (2,2) size 30x19
                text run at (2,2) width 30: "Data"
          RenderTableRow {TR} at (0,27) size 784x327
            RenderTableCell {TD} at (2,179) size 34x23 [border: (1px solid #000000)] [r=1 c=0 rs=1 cs=1]
              RenderText {#text} at (2,2) size 30x19
                text run at (2,2) width 30: "Data"
            RenderTableCell {TD} at (38,179) size 34x23 [border: (1px solid #000000)] [r=1 c=1 rs=1 cs=1]
              RenderText {#text} at (2,2) size 30x19
                text run at (2,2) width 30: "Data"
            RenderTableCell {TD} at (74,27) size 708x327 [border: (1px solid #000000)] [r=1 c=2 rs=1 cs=1]
              RenderText {#text} at (2,2) size 693x323
                text run at (2,2) width 191: "Lots and lots and lots of data. "
                text run at (193,2) width 191: "Lots and lots and lots of data. "
                text run at (384,2) width 191: "Lots and lots and lots of data. "
                text run at (575,2) width 109: "Lots and lots and"
                text run at (2,21) width 78: "lots of data. "
                text run at (80,21) width 191: "Lots and lots and lots of data. "
                text run at (271,21) width 191: "Lots and lots and lots of data. "
                text run at (462,21) width 191: "Lots and lots and lots of data. "
                text run at (653,21) width 27: "Lots"
                text run at (2,40) width 160: "and lots and lots of data. "
                text run at (162,40) width 191: "Lots and lots and lots of data. "
                text run at (353,40) width 191: "Lots and lots and lots of data. "
                text run at (544,40) width 151: "Lots and lots and lots of"
                text run at (2,59) width 36: "data. "
                text run at (38,59) width 191: "Lots and lots and lots of data. "
                text run at (229,59) width 191: "Lots and lots and lots of data. "
                text run at (420,59) width 191: "Lots and lots and lots of data. "
                text run at (611,59) width 81: "Lots and lots"
                text run at (2,78) width 106: "and lots of data. "
                text run at (108,78) width 191: "Lots and lots and lots of data. "
                text run at (299,78) width 191: "Lots and lots and lots of data. "
                text run at (490,78) width 187: "Lots and lots and lots of data."
                text run at (2,97) width 191: "Lots and lots and lots of data. "
                text run at (193,97) width 191: "Lots and lots and lots of data. "
                text run at (384,97) width 191: "Lots and lots and lots of data. "
                text run at (575,97) width 109: "Lots and lots and"
                text run at (2,116) width 78: "lots of data. "
                text run at (80,116) width 191: "Lots and lots and lots of data. "
                text run at (271,116) width 191: "Lots and lots and lots of data. "
                text run at (462,116) width 191: "Lots and lots and lots of data. "
                text run at (653,116) width 27: "Lots"
                text run at (2,135) width 160: "and lots and lots of data. "
                text run at (162,135) width 191: "Lots and lots and lots of data. "
                text run at (353,135) width 191: "Lots and lots and lots of data. "
                text run at (544,135) width 151: "Lots and lots and lots of"
                text run at (2,154) width 36: "data. "
                text run at (38,154) width 191: "Lots and lots and lots of data. "
                text run at (229,154) width 191: "Lots and lots and lots of data. "
                text run at (420,154) width 191: "Lots and lots and lots of data. "
                text run at (611,154) width 81: "Lots and lots"
                text run at (2,173) width 106: "and lots of data. "
                text run at (108,173) width 191: "Lots and lots and lots of data. "
                text run at (299,173) width 191: "Lots and lots and lots of data. "
                text run at (490,173) width 187: "Lots and lots and lots of data."
                text run at (2,192) width 191: "Lots and lots and lots of data. "
                text run at (193,192) width 191: "Lots and lots and lots of data. "
                text run at (384,192) width 191: "Lots and lots and lots of data. "
                text run at (575,192) width 109: "Lots and lots and"
                text run at (2,211) width 78: "lots of data. "
                text run at (80,211) width 191: "Lots and lots and lots of data. "
                text run at (271,211) width 191: "Lots and lots and lots of data. "
                text run at (462,211) width 191: "Lots and lots and lots of data. "
                text run at (653,211) width 27: "Lots"
                text run at (2,230) width 160: "and lots and lots of data. "
                text run at (162,230) width 191: "Lots and lots and lots of data. "
                text run at (353,230) width 191: "Lots and lots and lots of data. "
                text run at (544,230) width 151: "Lots and lots and lots of"
                text run at (2,249) width 36: "data. "
                text run at (38,249) width 191: "Lots and lots and lots of data. "
                text run at (229,249) width 191: "Lots and lots and lots of data. "
                text run at (420,249) width 191: "Lots and lots and lots of data. "
                text run at (611,249) width 81: "Lots and lots"
                text run at (2,268) width 106: "and lots of data. "
                text run at (108,268) width 191: "Lots and lots and lots of data. "
                text run at (299,268) width 191: "Lots and lots and lots of data. "
                text run at (490,268) width 187: "Lots and lots and lots of data."
                text run at (2,287) width 191: "Lots and lots and lots of data. "
                text run at (193,287) width 191: "Lots and lots and lots of data. "
                text run at (384,287) width 191: "Lots and lots and lots of data. "
                text run at (575,287) width 109: "Lots and lots and"
                text run at (2,306) width 78: "lots of data. "
                text run at (80,306) width 191: "Lots and lots and lots of data. "
                text run at (271,306) width 187: "Lots and lots and lots of data."
      RenderTable {TABLE} at (0,497) size 784x356
        RenderTableSection {TBODY} at (0,0) size 784x356
          RenderTableRow {TR} at (0,2) size 784x327
            RenderTableCell {TD} at (2,154) size 34x23 [border: (1px solid #000000)] [r=0 c=0 rs=1 cs=1]
              RenderText {#text} at (2,2) size 30x19
                text run at (2,2) width 30: "Data"
            RenderTableCell {TD} at (38,154) size 34x23 [border: (1px solid #000000)] [r=0 c=1 rs=1 cs=1]
              RenderText {#text} at (2,2) size 30x19
                text run at (2,2) width 30: "Data"
            RenderTableCell {TD} at (74,2) size 708x327 [border: (1px solid #000000)] [r=0 c=2 rs=1 cs=1]
              RenderText {#text} at (2,2) size 693x323
                text run at (2,2) width 191: "Lots and lots and lots of data. "
                text run at (193,2) width 191: "Lots and lots and lots of data. "
                text run at (384,2) width 191: "Lots and lots and lots of data. "
                text run at (575,2) width 109: "Lots and lots and"
                text run at (2,21) width 78: "lots of data. "
                text run at (80,21) width 191: "Lots and lots and lots of data. "
                text run at (271,21) width 191: "Lots and lots and lots of data. "
                text run at (462,21) width 191: "Lots and lots and lots of data. "
                text run at (653,21) width 27: "Lots"
                text run at (2,40) width 160: "and lots and lots of data. "
                text run at (162,40) width 191: "Lots and lots and lots of data. "
                text run at (353,40) width 191: "Lots and lots and lots of data. "
                text run at (544,40) width 151: "Lots and lots and lots of"
                text run at (2,59) width 36: "data. "
                text run at (38,59) width 191: "Lots and lots and lots of data. "
                text run at (229,59) width 191: "Lots and lots and lots of data. "
                text run at (420,59) width 191: "Lots and lots and lots of data. "
                text run at (611,59) width 81: "Lots and lots"
                text run at (2,78) width 106: "and lots of data. "
                text run at (108,78) width 191: "Lots and lots and lots of data. "
                text run at (299,78) width 191: "Lots and lots and lots of data. "
                text run at (490,78) width 187: "Lots and lots and lots of data."
                text run at (2,97) width 191: "Lots and lots and lots of data. "
                text run at (193,97) width 191: "Lots and lots and lots of data. "
                text run at (384,97) width 191: "Lots and lots and lots of data. "
                text run at (575,97) width 109: "Lots and lots and"
                text run at (2,116) width 78: "lots of data. "
                text run at (80,116) width 191: "Lots and lots and lots of data. "
                text run at (271,116) width 191: "Lots and lots and lots of data. "
                text run at (462,116) width 191: "Lots and lots and lots of data. "
                text run at (653,116) width 27: "Lots"
                text run at (2,135) width 160: "and lots and lots of data. "
                text run at (162,135) width 191: "Lots and lots and lots of data. "
                text run at (353,135) width 191: "Lots and lots and lots of data. "
                text run at (544,135) width 151: "Lots and lots and lots of"
                text run at (2,154) width 36: "data. "
                text run at (38,154) width 191: "Lots and lots and lots of data. "
                text run at (229,154) width 191: "Lots and lots and lots of data. "
                text run at (420,154) width 191: "Lots and lots and lots of data. "
                text run at (611,154) width 81: "Lots and lots"
                text run at (2,173) width 106: "and lots of data. "
                text run at (108,173) width 191: "Lots and lots and lots of data. "
                text run at (299,173) width 191: "Lots and lots and lots of data. "
                text run at (490,173) width 187: "Lots and lots and lots of data."
                text run at (2,192) width 191: "Lots and lots and lots of data. "
                text run at (193,192) width 191: "Lots and lots and lots of data. "
                text run at (384,192) width 191: "Lots and lots and lots of data. "
                text run at (575,192) width 109: "Lots and lots and"
                text run at (2,211) width 78: "lots of data. "
                text run at (80,211) width 191: "Lots and lots and lots of data. "
                text run at (271,211) width 191: "Lots and lots and lots of data. "
                text run at (462,211) width 191: "Lots and lots and lots of data. "
                text run at (653,211) width 27: "Lots"
                text run at (2,230) width 160: "and lots and lots of data. "
                text run at (162,230) width 191: "Lots and lots and lots of data. "
                text run at (353,230) width 191: "Lots and lots and lots of data. "
                text run at (544,230) width 151: "Lots and lots and lots of"
                text run at (2,249) width 36: "data. "
                text run at (38,249) width 191: "Lots and lots and lots of data. "
                text run at (229,249) width 191: "Lots and lots and lots of data. "
                text run at (420,249) width 191: "Lots and lots and lots of data. "
                text run at (611,249) width 81: "Lots and lots"
                text run at (2,268) width 106: "and lots of data. "
                text run at (108,268) width 191: "Lots and lots and lots of data. "
                text run at (299,268) width 191: "Lots and lots and lots of data. "
                text run at (490,268) width 187: "Lots and lots and lots of data."
                text run at (2,287) width 191: "Lots and lots and lots of data. "
                text run at (193,287) width 191: "Lots and lots and lots of data. "
                text run at (384,287) width 191: "Lots and lots and lots of data. "
                text run at (575,287) width 109: "Lots and lots and"
                text run at (2,306) width 78: "lots of data. "
                text run at (80,306) width 191: "Lots and lots and lots of data. "
                text run at (271,306) width 187: "Lots and lots and lots of data."
          RenderTableRow {TR} at (0,331) size 784x23
            RenderTableCell {TD} at (2,331) size 34x23 [border: (1px solid #000000)] [r=1 c=0 rs=1 cs=1]
              RenderText {#text} at (2,2) size 30x19
                text run at (2,2) width 30: "Data"
            RenderTableCell {TD} at (38,331) size 34x23 [border: (1px solid #000000)] [r=1 c=1 rs=1 cs=1]
              RenderText {#text} at (2,2) size 30x19
                text run at (2,2) width 30: "Data"
            RenderTableCell {TD} at (74,331) size 708x23 [border: (1px solid #000000)] [r=1 c=2 rs=1 cs=1]
              RenderText {#text} at (2,2) size 30x19
                text run at (2,2) width 30: "Data"
      RenderBlock {P} at (0,867) size 784x19
        RenderText {#text} at (0,0) size 742x19
          text run at (0,0) width 742: "All the columns in the following three tables should divide equally the available space (100% of the width of the page):"
      RenderTable {TABLE} at (0,900) size 784x52
        RenderTableSection {TBODY} at (0,0) size 784x52
          RenderTableRow {TR} at (0,2) size 784x23
            RenderTableCell {TD} at (2,2) size 258x23 [border: (1px solid #000000)] [r=0 c=0 rs=1 cs=1]
              RenderText {#text} at (2,2) size 30x19
                text run at (2,2) width 30: "Data"
            RenderTableCell {TD} at (262,2) size 259x23 [border: (1px solid #000000)] [r=0 c=1 rs=1 cs=1]
              RenderText {#text} at (2,2) size 30x19
                text run at (2,2) width 30: "Data"
            RenderTableCell {TD} at (523,2) size 259x23 [border: (1px solid #000000)] [r=0 c=2 rs=1 cs=1]
              RenderText {#text} at (2,2) size 30x19
                text run at (2,2) width 30: "Data"
          RenderTableRow {TR} at (0,27) size 784x23
            RenderTableCell {TD} at (2,27) size 258x23 [border: (1px solid #000000)] [r=1 c=0 rs=1 cs=1]
              RenderText {#text} at (2,2) size 30x19
                text run at (2,2) width 30: "Data"
            RenderTableCell {TD} at (262,27) size 259x23 [border: (1px solid #000000)] [r=1 c=1 rs=1 cs=1]
              RenderText {#text} at (2,2) size 30x19
                text run at (2,2) width 30: "Data"
            RenderTableCell {TD} at (523,27) size 259x23 [border: (1px solid #000000)] [r=1 c=2 rs=1 cs=1]
              RenderText {#text} at (2,2) size 30x19
                text run at (2,2) width 30: "Data"
      RenderTable {TABLE} at (0,952) size 784x926
        RenderTableSection {TBODY} at (0,0) size 784x926
          RenderTableRow {TR} at (0,2) size 784x23
            RenderTableCell {TD} at (2,2) size 258x23 [border: (1px solid #000000)] [r=0 c=0 rs=1 cs=1]
              RenderText {#text} at (2,2) size 30x19
                text run at (2,2) width 30: "Data"
            RenderTableCell {TD} at (262,2) size 259x23 [border: (1px solid #000000)] [r=0 c=1 rs=1 cs=1]
              RenderText {#text} at (2,2) size 30x19
                text run at (2,2) width 30: "Data"
            RenderTableCell {TD} at (523,2) size 259x23 [border: (1px solid #000000)] [r=0 c=2 rs=1 cs=1]
              RenderText {#text} at (2,2) size 30x19
                text run at (2,2) width 30: "Data"
          RenderTableRow {TR} at (0,27) size 784x897
            RenderTableCell {TD} at (2,464) size 258x23 [border: (1px solid #000000)] [r=1 c=0 rs=1 cs=1]
              RenderText {#text} at (2,2) size 30x19
                text run at (2,2) width 30: "Data"
            RenderTableCell {TD} at (262,464) size 259x23 [border: (1px solid #000000)] [r=1 c=1 rs=1 cs=1]
              RenderText {#text} at (2,2) size 30x19
                text run at (2,2) width 30: "Data"
            RenderTableCell {TD} at (523,27) size 259x897 [border: (1px solid #000000)] [r=1 c=2 rs=1 cs=1]
              RenderText {#text} at (2,2) size 254x893
                text run at (2,2) width 191: "Lots and lots and lots of data. "
                text run at (193,2) width 55: "Lots and"
                text run at (2,21) width 132: "lots and lots of data. "
                text run at (134,21) width 109: "Lots and lots and"
                text run at (2,40) width 78: "lots of data. "
                text run at (80,40) width 151: "Lots and lots and lots of"
                text run at (2,59) width 36: "data. "
                text run at (38,59) width 191: "Lots and lots and lots of data. "
                text run at (229,59) width 27: "Lots"
                text run at (2,78) width 160: "and lots and lots of data. "
                text run at (162,78) width 81: "Lots and lots"
                text run at (2,97) width 106: "and lots of data. "
                text run at (108,97) width 135: "Lots and lots and lots"
                text run at (2,116) width 52: "of data. "
                text run at (54,116) width 187: "Lots and lots and lots of data."
                text run at (2,135) width 191: "Lots and lots and lots of data. "
                text run at (193,135) width 55: "Lots and"
                text run at (2,154) width 132: "lots and lots of data. "
                text run at (134,154) width 109: "Lots and lots and"
                text run at (2,173) width 78: "lots of data. "
                text run at (80,173) width 151: "Lots and lots and lots of"
                text run at (2,192) width 36: "data. "
                text run at (38,192) width 191: "Lots and lots and lots of data. "
                text run at (229,192) width 27: "Lots"
                text run at (2,211) width 160: "and lots and lots of data. "
                text run at (162,211) width 81: "Lots and lots"
                text run at (2,230) width 106: "and lots of data. "
                text run at (108,230) width 135: "Lots and lots and lots"
                text run at (2,249) width 52: "of data. "
                text run at (54,249) width 187: "Lots and lots and lots of data."
                text run at (2,268) width 191: "Lots and lots and lots of data. "
                text run at (193,268) width 55: "Lots and"
                text run at (2,287) width 132: "lots and lots of data. "
                text run at (134,287) width 109: "Lots and lots and"
                text run at (2,306) width 78: "lots of data. "
                text run at (80,306) width 151: "Lots and lots and lots of"
                text run at (2,325) width 36: "data. "
                text run at (38,325) width 191: "Lots and lots and lots of data. "
                text run at (229,325) width 27: "Lots"
                text run at (2,344) width 160: "and lots and lots of data. "
                text run at (162,344) width 81: "Lots and lots"
                text run at (2,363) width 106: "and lots of data. "
                text run at (108,363) width 135: "Lots and lots and lots"
                text run at (2,382) width 52: "of data. "
                text run at (54,382) width 187: "Lots and lots and lots of data."
                text run at (2,401) width 191: "Lots and lots and lots of data. "
                text run at (193,401) width 55: "Lots and"
                text run at (2,420) width 132: "lots and lots of data. "
                text run at (134,420) width 109: "Lots and lots and"
                text run at (2,439) width 78: "lots of data. "
                text run at (80,439) width 151: "Lots and lots and lots of"
                text run at (2,458) width 36: "data. "
                text run at (38,458) width 191: "Lots and lots and lots of data. "
                text run at (229,458) width 27: "Lots"
                text run at (2,477) width 160: "and lots and lots of data. "
                text run at (162,477) width 81: "Lots and lots"
                text run at (2,496) width 106: "and lots of data. "
                text run at (108,496) width 135: "Lots and lots and lots"
                text run at (2,515) width 52: "of data. "
                text run at (54,515) width 187: "Lots and lots and lots of data."
                text run at (2,534) width 191: "Lots and lots and lots of data. "
                text run at (193,534) width 55: "Lots and"
                text run at (2,553) width 132: "lots and lots of data. "
                text run at (134,553) width 109: "Lots and lots and"
                text run at (2,572) width 78: "lots of data. "
                text run at (80,572) width 151: "Lots and lots and lots of"
                text run at (2,591) width 36: "data. "
                text run at (38,591) width 191: "Lots and lots and lots of data. "
                text run at (229,591) width 27: "Lots"
                text run at (2,610) width 160: "and lots and lots of data. "
                text run at (162,610) width 81: "Lots and lots"
                text run at (2,629) width 106: "and lots of data. "
                text run at (108,629) width 135: "Lots and lots and lots"
                text run at (2,648) width 52: "of data. "
                text run at (54,648) width 187: "Lots and lots and lots of data."
                text run at (2,667) width 191: "Lots and lots and lots of data. "
                text run at (193,667) width 55: "Lots and"
                text run at (2,686) width 132: "lots and lots of data. "
                text run at (134,686) width 109: "Lots and lots and"
                text run at (2,705) width 78: "lots of data. "
                text run at (80,705) width 151: "Lots and lots and lots of"
                text run at (2,724) width 36: "data. "
                text run at (38,724) width 191: "Lots and lots and lots of data. "
                text run at (229,724) width 27: "Lots"
                text run at (2,743) width 160: "and lots and lots of data. "
                text run at (162,743) width 81: "Lots and lots"
                text run at (2,762) width 106: "and lots of data. "
                text run at (108,762) width 135: "Lots and lots and lots"
                text run at (2,781) width 52: "of data. "
                text run at (54,781) width 187: "Lots and lots and lots of data."
                text run at (2,800) width 191: "Lots and lots and lots of data. "
                text run at (193,800) width 55: "Lots and"
                text run at (2,819) width 132: "lots and lots of data. "
                text run at (134,819) width 109: "Lots and lots and"
                text run at (2,838) width 78: "lots of data. "
                text run at (80,838) width 151: "Lots and lots and lots of"
                text run at (2,857) width 36: "data. "
                text run at (38,857) width 191: "Lots and lots and lots of data. "
                text run at (229,857) width 27: "Lots"
                text run at (2,876) width 156: "and lots and lots of data."
      RenderTable {TABLE} at (0,1878) size 784x926
        RenderTableSection {TBODY} at (0,0) size 784x926
          RenderTableRow {TR} at (0,2) size 784x897
            RenderTableCell {TD} at (2,439) size 258x23 [border: (1px solid #000000)] [r=0 c=0 rs=1 cs=1]
              RenderText {#text} at (2,2) size 30x19
                text run at (2,2) width 30: "Data"
            RenderTableCell {TD} at (262,439) size 259x23 [border: (1px solid #000000)] [r=0 c=1 rs=1 cs=1]
              RenderText {#text} at (2,2) size 30x19
                text run at (2,2) width 30: "Data"
            RenderTableCell {TD} at (523,2) size 259x897 [border: (1px solid #000000)] [r=0 c=2 rs=1 cs=1]
              RenderText {#text} at (2,2) size 254x893
                text run at (2,2) width 191: "Lots and lots and lots of data. "
                text run at (193,2) width 55: "Lots and"
                text run at (2,21) width 132: "lots and lots of data. "
                text run at (134,21) width 109: "Lots and lots and"
                text run at (2,40) width 78: "lots of data. "
                text run at (80,40) width 151: "Lots and lots and lots of"
                text run at (2,59) width 36: "data. "
                text run at (38,59) width 191: "Lots and lots and lots of data. "
                text run at (229,59) width 27: "Lots"
                text run at (2,78) width 160: "and lots and lots of data. "
                text run at (162,78) width 81: "Lots and lots"
                text run at (2,97) width 106: "and lots of data. "
                text run at (108,97) width 135: "Lots and lots and lots"
                text run at (2,116) width 52: "of data. "
                text run at (54,116) width 187: "Lots and lots and lots of data."
                text run at (2,135) width 191: "Lots and lots and lots of data. "
                text run at (193,135) width 55: "Lots and"
                text run at (2,154) width 132: "lots and lots of data. "
                text run at (134,154) width 109: "Lots and lots and"
                text run at (2,173) width 78: "lots of data. "
                text run at (80,173) width 151: "Lots and lots and lots of"
                text run at (2,192) width 36: "data. "
                text run at (38,192) width 191: "Lots and lots and lots of data. "
                text run at (229,192) width 27: "Lots"
                text run at (2,211) width 160: "and lots and lots of data. "
                text run at (162,211) width 81: "Lots and lots"
                text run at (2,230) width 106: "and lots of data. "
                text run at (108,230) width 135: "Lots and lots and lots"
                text run at (2,249) width 52: "of data. "
                text run at (54,249) width 187: "Lots and lots and lots of data."
                text run at (2,268) width 191: "Lots and lots and lots of data. "
                text run at (193,268) width 55: "Lots and"
                text run at (2,287) width 132: "lots and lots of data. "
                text run at (134,287) width 109: "Lots and lots and"
                text run at (2,306) width 78: "lots of data. "
                text run at (80,306) width 151: "Lots and lots and lots of"
                text run at (2,325) width 36: "data. "
                text run at (38,325) width 191: "Lots and lots and lots of data. "
                text run at (229,325) width 27: "Lots"
                text run at (2,344) width 160: "and lots and lots of data. "
                text run at (162,344) width 81: "Lots and lots"
                text run at (2,363) width 106: "and lots of data. "
                text run at (108,363) width 135: "Lots and lots and lots"
                text run at (2,382) width 52: "of data. "
                text run at (54,382) width 187: "Lots and lots and lots of data."
                text run at (2,401) width 191: "Lots and lots and lots of data. "
                text run at (193,401) width 55: "Lots and"
                text run at (2,420) width 132: "lots and lots of data. "
                text run at (134,420) width 109: "Lots and lots and"
                text run at (2,439) width 78: "lots of data. "
                text run at (80,439) width 151: "Lots and lots and lots of"
                text run at (2,458) width 36: "data. "
                text run at (38,458) width 191: "Lots and lots and lots of data. "
                text run at (229,458) width 27: "Lots"
                text run at (2,477) width 160: "and lots and lots of data. "
                text run at (162,477) width 81: "Lots and lots"
                text run at (2,496) width 106: "and lots of data. "
                text run at (108,496) width 135: "Lots and lots and lots"
                text run at (2,515) width 52: "of data. "
                text run at (54,515) width 187: "Lots and lots and lots of data."
                text run at (2,534) width 191: "Lots and lots and lots of data. "
                text run at (193,534) width 55: "Lots and"
                text run at (2,553) width 132: "lots and lots of data. "
                text run at (134,553) width 109: "Lots and lots and"
                text run at (2,572) width 78: "lots of data. "
                text run at (80,572) width 151: "Lots and lots and lots of"
                text run at (2,591) width 36: "data. "
                text run at (38,591) width 191: "Lots and lots and lots of data. "
                text run at (229,591) width 27: "Lots"
                text run at (2,610) width 160: "and lots and lots of data. "
                text run at (162,610) width 81: "Lots and lots"
                text run at (2,629) width 106: "and lots of data. "
                text run at (108,629) width 135: "Lots and lots and lots"
                text run at (2,648) width 52: "of data. "
                text run at (54,648) width 187: "Lots and lots and lots of data."
                text run at (2,667) width 191: "Lots and lots and lots of data. "
                text run at (193,667) width 55: "Lots and"
                text run at (2,686) width 132: "lots and lots of data. "
                text run at (134,686) width 109: "Lots and lots and"
                text run at (2,705) width 78: "lots of data. "
                text run at (80,705) width 151: "Lots and lots and lots of"
                text run at (2,724) width 36: "data. "
                text run at (38,724) width 191: "Lots and lots and lots of data. "
                text run at (229,724) width 27: "Lots"
                text run at (2,743) width 160: "and lots and lots of data. "
                text run at (162,743) width 81: "Lots and lots"
                text run at (2,762) width 106: "and lots of data. "
                text run at (108,762) width 135: "Lots and lots and lots"
                text run at (2,781) width 52: "of data. "
                text run at (54,781) width 187: "Lots and lots and lots of data."
                text run at (2,800) width 191: "Lots and lots and lots of data. "
                text run at (193,800) width 55: "Lots and"
                text run at (2,819) width 132: "lots and lots of data. "
                text run at (134,819) width 109: "Lots and lots and"
                text run at (2,838) width 78: "lots of data. "
                text run at (80,838) width 151: "Lots and lots and lots of"
                text run at (2,857) width 36: "data. "
                text run at (38,857) width 191: "Lots and lots and lots of data. "
                text run at (229,857) width 27: "Lots"
                text run at (2,876) width 156: "and lots and lots of data."
          RenderTableRow {TR} at (0,901) size 784x23
            RenderTableCell {TD} at (2,901) size 258x23 [border: (1px solid #000000)] [r=1 c=0 rs=1 cs=1]
              RenderText {#text} at (2,2) size 30x19
                text run at (2,2) width 30: "Data"
            RenderTableCell {TD} at (262,901) size 259x23 [border: (1px solid #000000)] [r=1 c=1 rs=1 cs=1]
              RenderText {#text} at (2,2) size 30x19
                text run at (2,2) width 30: "Data"
            RenderTableCell {TD} at (523,901) size 259x23 [border: (1px solid #000000)] [r=1 c=2 rs=1 cs=1]
              RenderText {#text} at (2,2) size 30x19
                text run at (2,2) width 30: "Data"
      RenderBlock {P} at (0,2818) size 784x19
        RenderText {#text} at (0,0) size 734x19
          text run at (0,0) width 734: "All the columns in the following three tables should divide equally the available space (50% of the width of the page):"
      RenderTable {TABLE} at (0,2851) size 392x52
        RenderTableSection {TBODY} at (0,0) size 392x52
          RenderTableRow {TR} at (0,2) size 392x23
            RenderTableCell {TD} at (2,2) size 128x23 [border: (1px solid #000000)] [r=0 c=0 rs=1 cs=1]
              RenderText {#text} at (2,2) size 30x19
                text run at (2,2) width 30: "Data"
            RenderTableCell {TD} at (132,2) size 128x23 [border: (1px solid #000000)] [r=0 c=1 rs=1 cs=1]
              RenderText {#text} at (2,2) size 30x19
                text run at (2,2) width 30: "Data"
            RenderTableCell {TD} at (262,2) size 128x23 [border: (1px solid #000000)] [r=0 c=2 rs=1 cs=1]
              RenderText {#text} at (2,2) size 30x19
                text run at (2,2) width 30: "Data"
          RenderTableRow {TR} at (0,27) size 392x23
            RenderTableCell {TD} at (2,27) size 128x23 [border: (1px solid #000000)] [r=1 c=0 rs=1 cs=1]
              RenderText {#text} at (2,2) size 30x19
                text run at (2,2) width 30: "Data"
            RenderTableCell {TD} at (132,27) size 128x23 [border: (1px solid #000000)] [r=1 c=1 rs=1 cs=1]
              RenderText {#text} at (2,2) size 30x19
                text run at (2,2) width 30: "Data"
            RenderTableCell {TD} at (262,27) size 128x23 [border: (1px solid #000000)] [r=1 c=2 rs=1 cs=1]
              RenderText {#text} at (2,2) size 30x19
                text run at (2,2) width 30: "Data"
      RenderTable {TABLE} at (0,2903) size 392x1933
        RenderTableSection {TBODY} at (0,0) size 392x1933
          RenderTableRow {TR} at (0,2) size 392x23
            RenderTableCell {TD} at (2,2) size 128x23 [border: (1px solid #000000)] [r=0 c=0 rs=1 cs=1]
              RenderText {#text} at (2,2) size 30x19
                text run at (2,2) width 30: "Data"
            RenderTableCell {TD} at (132,2) size 128x23 [border: (1px solid #000000)] [r=0 c=1 rs=1 cs=1]
              RenderText {#text} at (2,2) size 30x19
                text run at (2,2) width 30: "Data"
            RenderTableCell {TD} at (262,2) size 128x23 [border: (1px solid #000000)] [r=0 c=2 rs=1 cs=1]
              RenderText {#text} at (2,2) size 30x19
                text run at (2,2) width 30: "Data"
          RenderTableRow {TR} at (0,27) size 392x1904
            RenderTableCell {TD} at (2,967) size 128x23 [border: (1px solid #000000)] [r=1 c=0 rs=1 cs=1]
              RenderText {#text} at (2,2) size 30x19
                text run at (2,2) width 30: "Data"
            RenderTableCell {TD} at (132,967) size 128x23 [border: (1px solid #000000)] [r=1 c=1 rs=1 cs=1]
              RenderText {#text} at (2,2) size 30x19
                text run at (2,2) width 30: "Data"
            RenderTableCell {TD} at (262,27) size 128x1904 [border: (1px solid #000000)] [r=1 c=2 rs=1 cs=1]
              RenderText {#text} at (2,2) size 120x1900
                text run at (2,2) width 109: "Lots and lots and"
                text run at (2,21) width 78: "lots of data. "
                text run at (80,21) width 27: "Lots"
                text run at (2,40) width 120: "and lots and lots of"
                text run at (2,59) width 36: "data. "
                text run at (38,59) width 81: "Lots and lots"
                text run at (2,78) width 102: "and lots of data."
                text run at (2,97) width 109: "Lots and lots and"
                text run at (2,116) width 78: "lots of data. "
                text run at (80,116) width 27: "Lots"
                text run at (2,135) width 120: "and lots and lots of"
                text run at (2,154) width 36: "data. "
                text run at (38,154) width 81: "Lots and lots"
                text run at (2,173) width 102: "and lots of data."
                text run at (2,192) width 109: "Lots and lots and"
                text run at (2,211) width 78: "lots of data. "
                text run at (80,211) width 27: "Lots"
                text run at (2,230) width 120: "and lots and lots of"
                text run at (2,249) width 36: "data. "
                text run at (38,249) width 81: "Lots and lots"
                text run at (2,268) width 102: "and lots of data."
                text run at (2,287) width 109: "Lots and lots and"
                text run at (2,306) width 78: "lots of data. "
                text run at (80,306) width 27: "Lots"
                text run at (2,325) width 120: "and lots and lots of"
                text run at (2,344) width 36: "data. "
                text run at (38,344) width 81: "Lots and lots"
                text run at (2,363) width 102: "and lots of data."
                text run at (2,382) width 109: "Lots and lots and"
                text run at (2,401) width 78: "lots of data. "
                text run at (80,401) width 27: "Lots"
                text run at (2,420) width 120: "and lots and lots of"
                text run at (2,439) width 36: "data. "
                text run at (38,439) width 81: "Lots and lots"
                text run at (2,458) width 102: "and lots of data."
                text run at (2,477) width 109: "Lots and lots and"
                text run at (2,496) width 78: "lots of data. "
                text run at (80,496) width 27: "Lots"
                text run at (2,515) width 120: "and lots and lots of"
                text run at (2,534) width 36: "data. "
                text run at (38,534) width 81: "Lots and lots"
                text run at (2,553) width 102: "and lots of data."
                text run at (2,572) width 109: "Lots and lots and"
                text run at (2,591) width 78: "lots of data. "
                text run at (80,591) width 27: "Lots"
                text run at (2,610) width 120: "and lots and lots of"
                text run at (2,629) width 36: "data. "
                text run at (38,629) width 81: "Lots and lots"
                text run at (2,648) width 102: "and lots of data."
                text run at (2,667) width 109: "Lots and lots and"
                text run at (2,686) width 78: "lots of data. "
                text run at (80,686) width 27: "Lots"
                text run at (2,705) width 120: "and lots and lots of"
                text run at (2,724) width 36: "data. "
                text run at (38,724) width 81: "Lots and lots"
                text run at (2,743) width 102: "and lots of data."
                text run at (2,762) width 109: "Lots and lots and"
                text run at (2,781) width 78: "lots of data. "
                text run at (80,781) width 27: "Lots"
                text run at (2,800) width 120: "and lots and lots of"
                text run at (2,819) width 36: "data. "
                text run at (38,819) width 81: "Lots and lots"
                text run at (2,838) width 102: "and lots of data."
                text run at (2,857) width 109: "Lots and lots and"
                text run at (2,876) width 78: "lots of data. "
                text run at (80,876) width 27: "Lots"
                text run at (2,895) width 120: "and lots and lots of"
                text run at (2,914) width 36: "data. "
                text run at (38,914) width 81: "Lots and lots"
                text run at (2,933) width 102: "and lots of data."
                text run at (2,952) width 109: "Lots and lots and"
                text run at (2,971) width 78: "lots of data. "
                text run at (80,971) width 27: "Lots"
                text run at (2,990) width 120: "and lots and lots of"
                text run at (2,1009) width 36: "data. "
                text run at (38,1009) width 81: "Lots and lots"
                text run at (2,1028) width 102: "and lots of data."
                text run at (2,1047) width 109: "Lots and lots and"
                text run at (2,1066) width 78: "lots of data. "
                text run at (80,1066) width 27: "Lots"
                text run at (2,1085) width 120: "and lots and lots of"
                text run at (2,1104) width 36: "data. "
                text run at (38,1104) width 81: "Lots and lots"
                text run at (2,1123) width 102: "and lots of data."
                text run at (2,1142) width 109: "Lots and lots and"
                text run at (2,1161) width 78: "lots of data. "
                text run at (80,1161) width 27: "Lots"
                text run at (2,1180) width 120: "and lots and lots of"
                text run at (2,1199) width 36: "data. "
                text run at (38,1199) width 81: "Lots and lots"
                text run at (2,1218) width 102: "and lots of data."
                text run at (2,1237) width 109: "Lots and lots and"
                text run at (2,1256) width 78: "lots of data. "
                text run at (80,1256) width 27: "Lots"
                text run at (2,1275) width 120: "and lots and lots of"
                text run at (2,1294) width 36: "data. "
                text run at (38,1294) width 81: "Lots and lots"
                text run at (2,1313) width 102: "and lots of data."
                text run at (2,1332) width 109: "Lots and lots and"
                text run at (2,1351) width 78: "lots of data. "
                text run at (80,1351) width 27: "Lots"
                text run at (2,1370) width 120: "and lots and lots of"
                text run at (2,1389) width 36: "data. "
                text run at (38,1389) width 81: "Lots and lots"
                text run at (2,1408) width 102: "and lots of data."
                text run at (2,1427) width 109: "Lots and lots and"
                text run at (2,1446) width 78: "lots of data. "
                text run at (80,1446) width 27: "Lots"
                text run at (2,1465) width 120: "and lots and lots of"
                text run at (2,1484) width 36: "data. "
                text run at (38,1484) width 81: "Lots and lots"
                text run at (2,1503) width 102: "and lots of data."
                text run at (2,1522) width 109: "Lots and lots and"
                text run at (2,1541) width 78: "lots of data. "
                text run at (80,1541) width 27: "Lots"
                text run at (2,1560) width 120: "and lots and lots of"
                text run at (2,1579) width 36: "data. "
                text run at (38,1579) width 81: "Lots and lots"
                text run at (2,1598) width 102: "and lots of data."
                text run at (2,1617) width 109: "Lots and lots and"
                text run at (2,1636) width 78: "lots of data. "
                text run at (80,1636) width 27: "Lots"
                text run at (2,1655) width 120: "and lots and lots of"
                text run at (2,1674) width 36: "data. "
                text run at (38,1674) width 81: "Lots and lots"
                text run at (2,1693) width 102: "and lots of data."
                text run at (2,1712) width 109: "Lots and lots and"
                text run at (2,1731) width 78: "lots of data. "
                text run at (80,1731) width 27: "Lots"
                text run at (2,1750) width 120: "and lots and lots of"
                text run at (2,1769) width 36: "data. "
                text run at (38,1769) width 81: "Lots and lots"
                text run at (2,1788) width 102: "and lots of data."
                text run at (2,1807) width 109: "Lots and lots and"
                text run at (2,1826) width 78: "lots of data. "
                text run at (80,1826) width 27: "Lots"
                text run at (2,1845) width 120: "and lots and lots of"
                text run at (2,1864) width 36: "data. "
                text run at (38,1864) width 81: "Lots and lots"
                text run at (2,1883) width 102: "and lots of data."
      RenderTable {TABLE} at (0,4836) size 392x1933
        RenderTableSection {TBODY} at (0,0) size 392x1933
          RenderTableRow {TR} at (0,2) size 392x1904
            RenderTableCell {TD} at (2,942) size 128x23 [border: (1px solid #000000)] [r=0 c=0 rs=1 cs=1]
              RenderText {#text} at (2,2) size 30x19
                text run at (2,2) width 30: "Data"
            RenderTableCell {TD} at (132,942) size 128x23 [border: (1px solid #000000)] [r=0 c=1 rs=1 cs=1]
              RenderText {#text} at (2,2) size 30x19
                text run at (2,2) width 30: "Data"
            RenderTableCell {TD} at (262,2) size 128x1904 [border: (1px solid #000000)] [r=0 c=2 rs=1 cs=1]
              RenderText {#text} at (2,2) size 120x1900
                text run at (2,2) width 109: "Lots and lots and"
                text run at (2,21) width 78: "lots of data. "
                text run at (80,21) width 27: "Lots"
                text run at (2,40) width 120: "and lots and lots of"
                text run at (2,59) width 36: "data. "
                text run at (38,59) width 81: "Lots and lots"
                text run at (2,78) width 102: "and lots of data."
                text run at (2,97) width 109: "Lots and lots and"
                text run at (2,116) width 78: "lots of data. "
                text run at (80,116) width 27: "Lots"
                text run at (2,135) width 120: "and lots and lots of"
                text run at (2,154) width 36: "data. "
                text run at (38,154) width 81: "Lots and lots"
                text run at (2,173) width 102: "and lots of data."
                text run at (2,192) width 109: "Lots and lots and"
                text run at (2,211) width 78: "lots of data. "
                text run at (80,211) width 27: "Lots"
                text run at (2,230) width 120: "and lots and lots of"
                text run at (2,249) width 36: "data. "
                text run at (38,249) width 81: "Lots and lots"
                text run at (2,268) width 102: "and lots of data."
                text run at (2,287) width 109: "Lots and lots and"
                text run at (2,306) width 78: "lots of data. "
                text run at (80,306) width 27: "Lots"
                text run at (2,325) width 120: "and lots and lots of"
                text run at (2,344) width 36: "data. "
                text run at (38,344) width 81: "Lots and lots"
                text run at (2,363) width 102: "and lots of data."
                text run at (2,382) width 109: "Lots and lots and"
                text run at (2,401) width 78: "lots of data. "
                text run at (80,401) width 27: "Lots"
                text run at (2,420) width 120: "and lots and lots of"
                text run at (2,439) width 36: "data. "
                text run at (38,439) width 81: "Lots and lots"
                text run at (2,458) width 102: "and lots of data."
                text run at (2,477) width 109: "Lots and lots and"
                text run at (2,496) width 78: "lots of data. "
                text run at (80,496) width 27: "Lots"
                text run at (2,515) width 120: "and lots and lots of"
                text run at (2,534) width 36: "data. "
                text run at (38,534) width 81: "Lots and lots"
                text run at (2,553) width 102: "and lots of data."
                text run at (2,572) width 109: "Lots and lots and"
                text run at (2,591) width 78: "lots of data. "
                text run at (80,591) width 27: "Lots"
                text run at (2,610) width 120: "and lots and lots of"
                text run at (2,629) width 36: "data. "
                text run at (38,629) width 81: "Lots and lots"
                text run at (2,648) width 102: "and lots of data."
                text run at (2,667) width 109: "Lots and lots and"
                text run at (2,686) width 78: "lots of data. "
                text run at (80,686) width 27: "Lots"
                text run at (2,705) width 120: "and lots and lots of"
                text run at (2,724) width 36: "data. "
                text run at (38,724) width 81: "Lots and lots"
                text run at (2,743) width 102: "and lots of data."
                text run at (2,762) width 109: "Lots and lots and"
                text run at (2,781) width 78: "lots of data. "
                text run at (80,781) width 27: "Lots"
                text run at (2,800) width 120: "and lots and lots of"
                text run at (2,819) width 36: "data. "
                text run at (38,819) width 81: "Lots and lots"
                text run at (2,838) width 102: "and lots of data."
                text run at (2,857) width 109: "Lots and lots and"
                text run at (2,876) width 78: "lots of data. "
                text run at (80,876) width 27: "Lots"
                text run at (2,895) width 120: "and lots and lots of"
                text run at (2,914) width 36: "data. "
                text run at (38,914) width 81: "Lots and lots"
                text run at (2,933) width 102: "and lots of data."
                text run at (2,952) width 109: "Lots and lots and"
                text run at (2,971) width 78: "lots of data. "
                text run at (80,971) width 27: "Lots"
                text run at (2,990) width 120: "and lots and lots of"
                text run at (2,1009) width 36: "data. "
                text run at (38,1009) width 81: "Lots and lots"
                text run at (2,1028) width 102: "and lots of data."
                text run at (2,1047) width 109: "Lots and lots and"
                text run at (2,1066) width 78: "lots of data. "
                text run at (80,1066) width 27: "Lots"
                text run at (2,1085) width 120: "and lots and lots of"
                text run at (2,1104) width 36: "data. "
                text run at (38,1104) width 81: "Lots and lots"
                text run at (2,1123) width 102: "and lots of data."
                text run at (2,1142) width 109: "Lots and lots and"
                text run at (2,1161) width 78: "lots of data. "
                text run at (80,1161) width 27: "Lots"
                text run at (2,1180) width 120: "and lots and lots of"
                text run at (2,1199) width 36: "data. "
                text run at (38,1199) width 81: "Lots and lots"
                text run at (2,1218) width 102: "and lots of data."
                text run at (2,1237) width 109: "Lots and lots and"
                text run at (2,1256) width 78: "lots of data. "
                text run at (80,1256) width 27: "Lots"
                text run at (2,1275) width 120: "and lots and lots of"
                text run at (2,1294) width 36: "data. "
                text run at (38,1294) width 81: "Lots and lots"
                text run at (2,1313) width 102: "and lots of data."
                text run at (2,1332) width 109: "Lots and lots and"
                text run at (2,1351) width 78: "lots of data. "
                text run at (80,1351) width 27: "Lots"
                text run at (2,1370) width 120: "and lots and lots of"
                text run at (2,1389) width 36: "data. "
                text run at (38,1389) width 81: "Lots and lots"
                text run at (2,1408) width 102: "and lots of data."
                text run at (2,1427) width 109: "Lots and lots and"
                text run at (2,1446) width 78: "lots of data. "
                text run at (80,1446) width 27: "Lots"
                text run at (2,1465) width 120: "and lots and lots of"
                text run at (2,1484) width 36: "data. "
                text run at (38,1484) width 81: "Lots and lots"
                text run at (2,1503) width 102: "and lots of data."
                text run at (2,1522) width 109: "Lots and lots and"
                text run at (2,1541) width 78: "lots of data. "
                text run at (80,1541) width 27: "Lots"
                text run at (2,1560) width 120: "and lots and lots of"
                text run at (2,1579) width 36: "data. "
                text run at (38,1579) width 81: "Lots and lots"
                text run at (2,1598) width 102: "and lots of data."
                text run at (2,1617) width 109: "Lots and lots and"
                text run at (2,1636) width 78: "lots of data. "
                text run at (80,1636) width 27: "Lots"
                text run at (2,1655) width 120: "and lots and lots of"
                text run at (2,1674) width 36: "data. "
                text run at (38,1674) width 81: "Lots and lots"
                text run at (2,1693) width 102: "and lots of data."
                text run at (2,1712) width 109: "Lots and lots and"
                text run at (2,1731) width 78: "lots of data. "
                text run at (80,1731) width 27: "Lots"
                text run at (2,1750) width 120: "and lots and lots of"
                text run at (2,1769) width 36: "data. "
                text run at (38,1769) width 81: "Lots and lots"
                text run at (2,1788) width 102: "and lots of data."
                text run at (2,1807) width 109: "Lots and lots and"
                text run at (2,1826) width 78: "lots of data. "
                text run at (80,1826) width 27: "Lots"
                text run at (2,1845) width 120: "and lots and lots of"
                text run at (2,1864) width 36: "data. "
                text run at (38,1864) width 81: "Lots and lots"
                text run at (2,1883) width 102: "and lots of data."
          RenderTableRow {TR} at (0,1908) size 392x23
            RenderTableCell {TD} at (2,1908) size 128x23 [border: (1px solid #000000)] [r=1 c=0 rs=1 cs=1]
              RenderText {#text} at (2,2) size 30x19
                text run at (2,2) width 30: "Data"
            RenderTableCell {TD} at (132,1908) size 128x23 [border: (1px solid #000000)] [r=1 c=1 rs=1 cs=1]
              RenderText {#text} at (2,2) size 30x19
                text run at (2,2) width 30: "Data"
            RenderTableCell {TD} at (262,1908) size 128x23 [border: (1px solid #000000)] [r=1 c=2 rs=1 cs=1]
              RenderText {#text} at (2,2) size 30x19
                text run at (2,2) width 30: "Data"
      RenderBlock {P} at (0,6783) size 784x19
        RenderText {#text} at (0,0) size 189x19
          text run at (0,0) width 189: "This test is still being written..."
      RenderBlock {HR} at (0,6816) size 784x2 [border: (1px inset #000000)]
      RenderBlock {P} at (0,6832) size 784x19
        RenderText {#text} at (0,0) size 56x19
          text run at (0,0) width 56: "(Back to "
        RenderInline {A} at (0,0) size 155x19 [color=#0000EE]
          RenderText {#text} at (56,0) size 155x19
            text run at (56,0) width 155: "CSS Testing Information"
        RenderText {#text} at (211,0) size 8x19
          text run at (211,0) width 8: ", "
        RenderInline {A} at (0,0) size 78x19 [color=#0000EE]
          RenderText {#text} at (219,0) size 78x19
            text run at (219,0) width 78: "David Baron"
        RenderText {#text} at (297,0) size 5x19
          text run at (297,0) width 5: ")"
      RenderBlock {P} at (0,6865) size 784x19
        RenderInline {A} at (0,0) size 27x19 [color=#0000EE]
          RenderText {#text} at (0,0) size 27x19
            text run at (0,0) width 27: "LDB"
        RenderText {#text} at (27,0) size 8x19
          text run at (27,0) width 8: ", "
        RenderInline {A} at (0,0) size 159x19 [color=#0000EE]
          RenderText {#text} at (35,0) size 159x19
            text run at (35,0) width 159: "dbaron@fas.harvard.edu"
