layer at (0,0) size 800x2034
  RenderView at (0,0) size 800x600
layer at (0,0) size 800x2034
  RenderBlock {HTML} at (0,0) size 800x2034
    RenderBody {BODY} at (8,8) size 784x2018
      RenderBlock (anonymous) at (0,0) size 784x19
        RenderBR {BR} at (0,0) size 0x19
      RenderBlock {HR} at (0,26) size 784x2 [border: (1px inset #000000)]
      RenderBlock {H3} at (0,44) size 784x23
        RenderText {#text} at (0,0) size 81x22
          text run at (0,0) width 81: "border-top"
      RenderBlock {P} at (0,83) size 784x20
        RenderInline {CODE} at (0,0) size 50x20
          RenderText {#text} at (0,0) size 50x20
            text run at (0,0) width 50: "<table>"
        RenderText {#text} at (50,0) size 33x20
          text run at (50,0) width 33: " has "
        RenderInline {CODE} at (0,0) size 45x20
          RenderText {#text} at (83,0) size 45x20
            text run at (83,0) width 45: "border"
        RenderText {#text} at (128,0) size 71x20
          text run at (128,0) width 71: " attribute; "
        RenderInline {CODE} at (0,0) size 30x20
          RenderText {#text} at (199,0) size 30x20
            text run at (199,0) width 30: "<td>"
        RenderText {#text} at (229,0) size 41x20
          text run at (229,0) width 41: " have "
        RenderInline {CODE} at (0,0) size 256x20
          RenderText {#text} at (270,0) size 256x20
            text run at (270,0) width 256: "style=\"border-top: green 10px solid;\""
        RenderText {#text} at (526,0) size 4x20
          text run at (526,0) width 4: "."
      RenderTable {TABLE} at (0,117) size 448x119 [border: (1px outset #808080)]
        RenderTableSection {TBODY} at (1,1) size 446x117
          RenderTableRow {TR} at (0,5) size 446x32
            RenderTableCell {TD} at (5,5) size 436x32 [border: (10px solid #008000) (1px inset #808080)] [r=0 c=0 rs=1 cs=2]
              RenderText {#text} at (2,11) size 432x19
                text run at (2,11) width 432: "Every cell in this table should have a 10-pixel solid green top border."
          RenderTableRow {TR} at (0,42) size 446x70
            RenderTableCell {TD} at (5,61) size 109x32 [border: (10px solid #008000) (1px inset #808080)] [r=1 c=0 rs=1 cs=1]
              RenderText {#text} at (2,11) size 52x19
                text run at (2,11) width 52: "Cell one"
            RenderTableCell {TD} at (119,42) size 322x70 [border: (10px solid #008000) (1px inset #808080)] [r=1 c=1 rs=1 cs=1]
              RenderBlock (anonymous) at (2,11) size 318x19
                RenderText {#text} at (0,0) size 50x19
                  text run at (0,0) width 50: "Cell two"
              RenderTable {TABLE} at (2,30) size 161x38 [border: (1px outset #808080)]
                RenderTableSection {TBODY} at (1,1) size 159x36
                  RenderTableRow {TR} at (0,2) size 159x32
                    RenderTableCell {TD} at (2,2) size 155x32 [border: (10px solid #008000) (1px inset #808080)] [r=0 c=0 rs=1 cs=1]
                      RenderText {#text} at (2,11) size 151x19
                        text run at (2,11) width 151: "Nested single-cell table!"
      RenderBlock (anonymous) at (0,236) size 784x19
        RenderBR {BR} at (0,0) size 0x19
      RenderBlock {P} at (0,269) size 784x20
        RenderInline {CODE} at (0,0) size 50x20
          RenderText {#text} at (0,0) size 50x20
            text run at (0,0) width 50: "<table>"
        RenderText {#text} at (50,0) size 65x20
          text run at (50,0) width 65: " has *no* "
        RenderInline {CODE} at (0,0) size 45x20
          RenderText {#text} at (115,0) size 45x20
            text run at (115,0) width 45: "border"
        RenderText {#text} at (160,0) size 71x20
          text run at (160,0) width 71: " attribute; "
        RenderInline {CODE} at (0,0) size 30x20
          RenderText {#text} at (231,0) size 30x20
            text run at (231,0) width 30: "<td>"
        RenderText {#text} at (261,0) size 41x20
          text run at (261,0) width 41: " have "
        RenderInline {CODE} at (0,0) size 256x20
          RenderText {#text} at (302,0) size 256x20
            text run at (302,0) width 256: "style=\"border-top: green 10px solid;\""
        RenderText {#text} at (558,0) size 4x20
          text run at (558,0) width 4: "."
      RenderTable {TABLE} at (0,303) size 444x112
        RenderTableSection {TBODY} at (0,0) size 444x112
          RenderTableRow {TR} at (0,5) size 444x31
            RenderTableCell {TD} at (5,5) size 434x31 [border: (10px solid #008000) none] [r=0 c=0 rs=1 cs=2]
              RenderText {#text} at (1,11) size 432x19
                text run at (1,11) width 432: "Every cell in this table should have a 10-pixel solid green top border."
          RenderTableRow {TR} at (0,41) size 444x66
            RenderTableCell {TD} at (5,58) size 108x31 [border: (10px solid #008000) none] [r=1 c=0 rs=1 cs=1]
              RenderText {#text} at (1,11) size 52x19
                text run at (1,11) width 52: "Cell one"
            RenderTableCell {TD} at (118,41) size 321x66 [border: (10px solid #008000) none] [r=1 c=1 rs=1 cs=1]
              RenderBlock (anonymous) at (1,11) size 319x19
                RenderText {#text} at (0,0) size 50x19
                  text run at (0,0) width 50: "Cell two"
              RenderTable {TABLE} at (1,30) size 157x35
                RenderTableSection {TBODY} at (0,0) size 157x35
                  RenderTableRow {TR} at (0,2) size 157x31
                    RenderTableCell {TD} at (2,2) size 153x31 [border: (10px solid #008000) none] [r=0 c=0 rs=1 cs=1]
                      RenderText {#text} at (1,11) size 151x19
                        text run at (1,11) width 151: "Nested single-cell table!"
      RenderBlock (anonymous) at (0,415) size 784x19
        RenderBR {BR} at (0,0) size 0x19
      RenderBlock {HR} at (0,441) size 784x2 [border: (1px inset #000000)]
      RenderBlock {H3} at (0,459) size 784x23
        RenderText {#text} at (0,0) size 91x22
          text run at (0,0) width 91: "border-right"
      RenderBlock {P} at (0,498) size 784x20
        RenderInline {CODE} at (0,0) size 50x20
          RenderText {#text} at (0,0) size 50x20
            text run at (0,0) width 50: "<table>"
        RenderText {#text} at (50,0) size 33x20
          text run at (50,0) width 33: " has "
        RenderInline {CODE} at (0,0) size 45x20
          RenderText {#text} at (83,0) size 45x20
            text run at (83,0) width 45: "border"
        RenderText {#text} at (128,0) size 71x20
          text run at (128,0) width 71: " attribute; "
        RenderInline {CODE} at (0,0) size 30x20
          RenderText {#text} at (199,0) size 30x20
            text run at (199,0) width 30: "<td>"
        RenderText {#text} at (229,0) size 41x20
          text run at (229,0) width 41: " have "
        RenderInline {CODE} at (0,0) size 265x20
          RenderText {#text} at (270,0) size 265x20
            text run at (270,0) width 265: "style=\"border-right: green 10px solid;\""
        RenderText {#text} at (535,0) size 4x20
          text run at (535,0) width 4: "."
      RenderTable {TABLE} at (0,532) size 465x92 [border: (1px outset #808080)]
        RenderTableSection {TBODY} at (1,1) size 463x90
          RenderTableRow {TR} at (0,5) size 463x23
            RenderTableCell {TD} at (5,5) size 453x23 [border: (1px inset #808080) (10px solid #008000) (1px inset #808080)] [r=0 c=0 rs=1 cs=2]
              RenderText {#text} at (2,2) size 440x19
                text run at (2,2) width 440: "Every cell in this table should have a 10-pixel solid green right border."
          RenderTableRow {TR} at (0,33) size 463x52
            RenderTableCell {TD} at (5,47) size 117x23 [border: (1px inset #808080) (10px solid #008000) (1px inset #808080)] [r=1 c=0 rs=1 cs=1]
              RenderText {#text} at (2,2) size 52x19
                text run at (2,2) width 52: "Cell one"
            RenderTableCell {TD} at (127,33) size 331x52 [border: (1px inset #808080) (10px solid #008000) (1px inset #808080)] [r=1 c=1 rs=1 cs=1]
              RenderBlock (anonymous) at (2,2) size 318x19
                RenderText {#text} at (0,0) size 50x19
                  text run at (0,0) width 50: "Cell two"
              RenderTable {TABLE} at (2,21) size 170x29 [border: (1px outset #808080)]
                RenderTableSection {TBODY} at (1,1) size 168x27
                  RenderTableRow {TR} at (0,2) size 168x23
                    RenderTableCell {TD} at (2,2) size 164x23 [border: (1px inset #808080) (10px solid #008000) (1px inset #808080)] [r=0 c=0 rs=1 cs=1]
                      RenderText {#text} at (2,2) size 151x19
                        text run at (2,2) width 151: "Nested single-cell table!"
      RenderBlock (anonymous) at (0,624) size 784x19
        RenderBR {BR} at (0,0) size 0x19
      RenderBlock {P} at (0,657) size 784x20
        RenderInline {CODE} at (0,0) size 50x20
          RenderText {#text} at (0,0) size 50x20
            text run at (0,0) width 50: "<table>"
        RenderText {#text} at (50,0) size 33x20
          text run at (50,0) width 33: " has "
        RenderInline {CODE} at (0,0) size 45x20
          RenderText {#text} at (83,0) size 45x20
            text run at (83,0) width 45: "border"
        RenderText {#text} at (128,0) size 71x20
          text run at (128,0) width 71: " attribute; "
        RenderInline {CODE} at (0,0) size 30x20
          RenderText {#text} at (199,0) size 30x20
            text run at (199,0) width 30: "<td>"
        RenderText {#text} at (229,0) size 41x20
          text run at (229,0) width 41: " have "
        RenderInline {CODE} at (0,0) size 265x20
          RenderText {#text} at (270,0) size 265x20
            text run at (270,0) width 265: "style=\"border-right: green 10px solid;\""
        RenderText {#text} at (535,0) size 4x20
          text run at (535,0) width 4: "."
      RenderTable {TABLE} at (0,691) size 462x82
        RenderTableSection {TBODY} at (0,0) size 462x82
          RenderTableRow {TR} at (0,5) size 462x21
            RenderTableCell {TD} at (5,5) size 452x21 [border: none (10px solid #008000) none] [r=0 c=0 rs=1 cs=2]
              RenderText {#text} at (1,1) size 440x19
                text run at (1,1) width 440: "Every cell in this table should have a 10-pixel solid green right border."
          RenderTableRow {TR} at (0,31) size 462x46
            RenderTableCell {TD} at (5,43) size 117x21 [border: none (10px solid #008000) none] [r=1 c=0 rs=1 cs=1]
              RenderText {#text} at (1,1) size 52x19
                text run at (1,1) width 52: "Cell one"
            RenderTableCell {TD} at (127,31) size 330x46 [border: none (10px solid #008000) none] [r=1 c=1 rs=1 cs=1]
              RenderBlock (anonymous) at (1,1) size 318x19
                RenderText {#text} at (0,0) size 50x19
                  text run at (0,0) width 50: "Cell two"
              RenderTable {TABLE} at (1,20) size 167x25
                RenderTableSection {TBODY} at (0,0) size 167x25
                  RenderTableRow {TR} at (0,2) size 167x21
                    RenderTableCell {TD} at (2,2) size 163x21 [border: none (10px solid #008000) none] [r=0 c=0 rs=1 cs=1]
                      RenderText {#text} at (1,1) size 151x19
                        text run at (1,1) width 151: "Nested single-cell table!"
      RenderBlock (anonymous) at (0,773) size 784x19
        RenderBR {BR} at (0,0) size 0x19
      RenderBlock {HR} at (0,799) size 784x2 [border: (1px inset #000000)]
      RenderBlock {H3} at (0,817) size 784x23
        RenderText {#text} at (0,0) size 110x22
          text run at (0,0) width 110: "border-bottom"
      RenderBlock {P} at (0,856) size 784x20
        RenderInline {CODE} at (0,0) size 50x20
          RenderText {#text} at (0,0) size 50x20
            text run at (0,0) width 50: "<table>"
        RenderText {#text} at (50,0) size 33x20
          text run at (50,0) width 33: " has "
        RenderInline {CODE} at (0,0) size 45x20
          RenderText {#text} at (83,0) size 45x20
            text run at (83,0) width 45: "border"
        RenderText {#text} at (128,0) size 71x20
          text run at (128,0) width 71: " attribute; "
        RenderInline {CODE} at (0,0) size 30x20
          RenderText {#text} at (199,0) size 30x20
            text run at (199,0) width 30: "<td>"
        RenderText {#text} at (229,0) size 41x20
          text run at (229,0) width 41: " have "
        RenderInline {CODE} at (0,0) size 282x20
          RenderText {#text} at (270,0) size 282x20
            text run at (270,0) width 282: "style=\"border-bottom: green 10px solid;\""
        RenderText {#text} at (552,0) size 4x20
          text run at (552,0) width 4: "."
      RenderTable {TABLE} at (0,890) size 472x119 [border: (1px outset #808080)]
        RenderTableSection {TBODY} at (1,1) size 470x117
          RenderTableRow {TR} at (0,5) size 470x32
            RenderTableCell {TD} at (5,5) size 460x32 [border: (1px inset #808080) (10px solid #008000) (1px inset #808080)] [r=0 c=0 rs=1 cs=2]
              RenderText {#text} at (2,2) size 456x19
                text run at (2,2) width 456: "Every cell in this table should have a 10-pixel solid green bottom border."
          RenderTableRow {TR} at (0,42) size 470x70
            RenderTableCell {TD} at (5,61) size 115x32 [border: (1px inset #808080) (10px solid #008000) (1px inset #808080)] [r=1 c=0 rs=1 cs=1]
              RenderText {#text} at (2,2) size 52x19
                text run at (2,2) width 52: "Cell one"
            RenderTableCell {TD} at (125,42) size 340x70 [border: (1px inset #808080) (10px solid #008000) (1px inset #808080)] [r=1 c=1 rs=1 cs=1]
              RenderBlock (anonymous) at (2,2) size 336x19
                RenderText {#text} at (0,0) size 50x19
                  text run at (0,0) width 50: "Cell two"
              RenderTable {TABLE} at (2,21) size 161x38 [border: (1px outset #808080)]
                RenderTableSection {TBODY} at (1,1) size 159x36
                  RenderTableRow {TR} at (0,2) size 159x32
                    RenderTableCell {TD} at (2,2) size 155x32 [border: (1px inset #808080) (10px solid #008000) (1px inset #808080)] [r=0 c=0 rs=1 cs=1]
                      RenderText {#text} at (2,2) size 151x19
                        text run at (2,2) width 151: "Nested single-cell table!"
      RenderBlock (anonymous) at (0,1009) size 784x19
        RenderBR {BR} at (0,0) size 0x19
      RenderBlock {P} at (0,1042) size 784x20
        RenderInline {CODE} at (0,0) size 50x20
          RenderText {#text} at (0,0) size 50x20
            text run at (0,0) width 50: "<table>"
        RenderText {#text} at (50,0) size 65x20
          text run at (50,0) width 65: " has *no* "
        RenderInline {CODE} at (0,0) size 45x20
          RenderText {#text} at (115,0) size 45x20
            text run at (115,0) width 45: "border"
        RenderText {#text} at (160,0) size 71x20
          text run at (160,0) width 71: " attribute; "
        RenderInline {CODE} at (0,0) size 30x20
          RenderText {#text} at (231,0) size 30x20
            text run at (231,0) width 30: "<td>"
        RenderText {#text} at (261,0) size 41x20
          text run at (261,0) width 41: " have "
        RenderInline {CODE} at (0,0) size 282x20
          RenderText {#text} at (302,0) size 282x20
            text run at (302,0) width 282: "style=\"border-bottom: green 10px solid;\""
        RenderText {#text} at (584,0) size 4x20
          text run at (584,0) width 4: "."
      RenderTable {TABLE} at (0,1076) size 468x112
        RenderTableSection {TBODY} at (0,0) size 468x112
          RenderTableRow {TR} at (0,5) size 468x31
            RenderTableCell {TD} at (5,5) size 458x31 [border: none (10px solid #008000) none] [r=0 c=0 rs=1 cs=2]
              RenderText {#text} at (1,1) size 456x19
                text run at (1,1) width 456: "Every cell in this table should have a 10-pixel solid green bottom border."
          RenderTableRow {TR} at (0,41) size 468x66
            RenderTableCell {TD} at (5,58) size 114x31 [border: none (10px solid #008000) none] [r=1 c=0 rs=1 cs=1]
              RenderText {#text} at (1,1) size 52x19
                text run at (1,1) width 52: "Cell one"
            RenderTableCell {TD} at (124,41) size 339x66 [border: none (10px solid #008000) none] [r=1 c=1 rs=1 cs=1]
              RenderBlock (anonymous) at (1,1) size 337x19
                RenderText {#text} at (0,0) size 50x19
                  text run at (0,0) width 50: "Cell two"
              RenderTable {TABLE} at (1,20) size 157x35
                RenderTableSection {TBODY} at (0,0) size 157x35
                  RenderTableRow {TR} at (0,2) size 157x31
                    RenderTableCell {TD} at (2,2) size 153x31 [border: none (10px solid #008000) none] [r=0 c=0 rs=1 cs=1]
                      RenderText {#text} at (1,1) size 151x19
                        text run at (1,1) width 151: "Nested single-cell table!"
      RenderBlock (anonymous) at (0,1188) size 784x19
        RenderBR {BR} at (0,0) size 0x19
      RenderBlock {HR} at (0,1214) size 784x2 [border: (1px inset #000000)]
      RenderBlock {H3} at (0,1232) size 784x23
        RenderText {#text} at (0,0) size 79x22
          text run at (0,0) width 79: "border-left"
      RenderBlock {P} at (0,1271) size 784x20
        RenderInline {CODE} at (0,0) size 50x20
          RenderText {#text} at (0,0) size 50x20
            text run at (0,0) width 50: "<table>"
        RenderText {#text} at (50,0) size 33x20
          text run at (50,0) width 33: " has "
        RenderInline {CODE} at (0,0) size 45x20
          RenderText {#text} at (83,0) size 45x20
            text run at (83,0) width 45: "border"
        RenderText {#text} at (128,0) size 71x20
          text run at (128,0) width 71: " attribute; "
        RenderInline {CODE} at (0,0) size 30x20
          RenderText {#text} at (199,0) size 30x20
            text run at (199,0) width 30: "<td>"
        RenderText {#text} at (229,0) size 41x20
          text run at (229,0) width 41: " have "
        RenderInline {CODE} at (0,0) size 255x20
          RenderText {#text} at (270,0) size 255x20
            text run at (270,0) width 255: "style=\"border-left: green 10px solid;\""
        RenderText {#text} at (525,0) size 4x20
          text run at (525,0) width 4: "."
      RenderTable {TABLE} at (0,1305) size 456x92 [border: (1px outset #808080)]
        RenderTableSection {TBODY} at (1,1) size 454x90
          RenderTableRow {TR} at (0,5) size 454x23
            RenderTableCell {TD} at (5,5) size 444x23 [border: (1px inset #808080) (10px solid #008000)] [r=0 c=0 rs=1 cs=2]
              RenderText {#text} at (11,2) size 431x19
                text run at (11,2) width 431: "Every cell in this table should have a 10-pixel solid green left border."
          RenderTableRow {TR} at (0,33) size 454x52
            RenderTableCell {TD} at (5,47) size 115x23 [border: (1px inset #808080) (10px solid #008000)] [r=1 c=0 rs=1 cs=1]
              RenderText {#text} at (11,2) size 52x19
                text run at (11,2) width 52: "Cell one"
            RenderTableCell {TD} at (125,33) size 324x52 [border: (1px inset #808080) (10px solid #008000)] [r=1 c=1 rs=1 cs=1]
              RenderBlock (anonymous) at (11,2) size 311x19
                RenderText {#text} at (0,0) size 50x19
                  text run at (0,0) width 50: "Cell two"
              RenderTable {TABLE} at (11,21) size 170x29 [border: (1px outset #808080)]
                RenderTableSection {TBODY} at (1,1) size 168x27
                  RenderTableRow {TR} at (0,2) size 168x23
                    RenderTableCell {TD} at (2,2) size 164x23 [border: (1px inset #808080) (10px solid #008000)] [r=0 c=0 rs=1 cs=1]
                      RenderText {#text} at (11,2) size 151x19
                        text run at (11,2) width 151: "Nested single-cell table!"
      RenderBlock (anonymous) at (0,1397) size 784x19
        RenderBR {BR} at (0,0) size 0x19
      RenderBlock {P} at (0,1430) size 784x20
        RenderInline {CODE} at (0,0) size 50x20
          RenderText {#text} at (0,0) size 50x20
            text run at (0,0) width 50: "<table>"
        RenderText {#text} at (50,0) size 65x20
          text run at (50,0) width 65: " has *no* "
        RenderInline {CODE} at (0,0) size 45x20
          RenderText {#text} at (115,0) size 45x20
            text run at (115,0) width 45: "border"
        RenderText {#text} at (160,0) size 71x20
          text run at (160,0) width 71: " attribute; "
        RenderInline {CODE} at (0,0) size 30x20
          RenderText {#text} at (231,0) size 30x20
            text run at (231,0) width 30: "<td>"
        RenderText {#text} at (261,0) size 41x20
          text run at (261,0) width 41: " have "
        RenderInline {CODE} at (0,0) size 255x20
          RenderText {#text} at (302,0) size 255x20
            text run at (302,0) width 255: "style=\"border-left: green 10px solid;\""
        RenderText {#text} at (557,0) size 4x20
          text run at (557,0) width 4: "."
      RenderTable {TABLE} at (0,1464) size 453x82
        RenderTableSection {TBODY} at (0,0) size 453x82
          RenderTableRow {TR} at (0,5) size 453x21
            RenderTableCell {TD} at (5,5) size 443x21 [border: none (10px solid #008000)] [r=0 c=0 rs=1 cs=2]
              RenderText {#text} at (11,1) size 431x19
                text run at (11,1) width 431: "Every cell in this table should have a 10-pixel solid green left border."
          RenderTableRow {TR} at (0,31) size 453x46
            RenderTableCell {TD} at (5,43) size 115x21 [border: none (10px solid #008000)] [r=1 c=0 rs=1 cs=1]
              RenderText {#text} at (11,1) size 52x19
                text run at (11,1) width 52: "Cell one"
            RenderTableCell {TD} at (125,31) size 323x46 [border: none (10px solid #008000)] [r=1 c=1 rs=1 cs=1]
              RenderBlock (anonymous) at (11,1) size 311x19
                RenderText {#text} at (0,0) size 50x19
                  text run at (0,0) width 50: "Cell two"
              RenderTable {TABLE} at (11,20) size 167x25
                RenderTableSection {TBODY} at (0,0) size 167x25
                  RenderTableRow {TR} at (0,2) size 167x21
                    RenderTableCell {TD} at (2,2) size 163x21 [border: none (10px solid #008000)] [r=0 c=0 rs=1 cs=1]
                      RenderText {#text} at (11,1) size 151x19
                        text run at (11,1) width 151: "Nested single-cell table!"
      RenderBlock (anonymous) at (0,1546) size 784x19
        RenderBR {BR} at (0,0) size 0x19
      RenderBlock {HR} at (0,1572) size 784x2 [border: (1px inset #000000)]
      RenderBlock {H3} at (0,1590) size 784x23
        RenderText {#text} at (0,0) size 51x22
          text run at (0,0) width 51: "border"
      RenderBlock {P} at (0,1629) size 784x20
        RenderInline {CODE} at (0,0) size 50x20
          RenderText {#text} at (0,0) size 50x20
            text run at (0,0) width 50: "<table>"
        RenderText {#text} at (50,0) size 33x20
          text run at (50,0) width 33: " has "
        RenderInline {CODE} at (0,0) size 45x20
          RenderText {#text} at (83,0) size 45x20
            text run at (83,0) width 45: "border"
        RenderText {#text} at (128,0) size 71x20
          text run at (128,0) width 71: " attribute; "
        RenderInline {CODE} at (0,0) size 30x20
          RenderText {#text} at (199,0) size 30x20
            text run at (199,0) width 30: "<td>"
        RenderText {#text} at (229,0) size 41x20
          text run at (229,0) width 41: " have "
        RenderInline {CODE} at (0,0) size 228x20
          RenderText {#text} at (270,0) size 228x20
            text run at (270,0) width 228: "style=\"border: green 10px solid;\""
        RenderText {#text} at (498,0) size 4x20
          text run at (498,0) width 4: "."
      RenderTable {TABLE} at (0,1663) size 442x146 [border: (1px outset #808080)]
        RenderTableSection {TBODY} at (1,1) size 440x144
          RenderTableRow {TR} at (0,5) size 440x41
            RenderTableCell {TD} at (5,5) size 430x41 [border: (10px solid #008000)] [r=0 c=0 rs=1 cs=2]
              RenderText {#text} at (11,11) size 408x19
                text run at (11,11) width 408: "Every cell in this table should have a 10-pixel solid green border."
          RenderTableRow {TR} at (0,51) size 440x88
            RenderTableCell {TD} at (5,74) size 114x41 [border: (10px solid #008000)] [r=1 c=0 rs=1 cs=1]
              RenderText {#text} at (11,11) size 52x19
                text run at (11,11) width 52: "Cell one"
            RenderTableCell {TD} at (124,51) size 311x88 [border: (10px solid #008000)] [r=1 c=1 rs=1 cs=1]
              RenderBlock (anonymous) at (11,11) size 289x19
                RenderText {#text} at (0,0) size 50x19
                  text run at (0,0) width 50: "Cell two"
              RenderTable {TABLE} at (11,30) size 179x47 [border: (1px outset #808080)]
                RenderTableSection {TBODY} at (1,1) size 177x45
                  RenderTableRow {TR} at (0,2) size 177x41
                    RenderTableCell {TD} at (2,2) size 173x41 [border: (10px solid #008000)] [r=0 c=0 rs=1 cs=1]
                      RenderText {#text} at (11,11) size 151x19
                        text run at (11,11) width 151: "Nested single-cell table!"
      RenderBlock (anonymous) at (0,1809) size 784x19
        RenderBR {BR} at (0,0) size 0x19
      RenderBlock {P} at (0,1842) size 784x20
        RenderInline {CODE} at (0,0) size 50x20
          RenderText {#text} at (0,0) size 50x20
            text run at (0,0) width 50: "<table>"
        RenderText {#text} at (50,0) size 65x20
          text run at (50,0) width 65: " has *no* "
        RenderInline {CODE} at (0,0) size 45x20
          RenderText {#text} at (115,0) size 45x20
            text run at (115,0) width 45: "border"
        RenderText {#text} at (160,0) size 71x20
          text run at (160,0) width 71: " attribute; "
        RenderInline {CODE} at (0,0) size 30x20
          RenderText {#text} at (231,0) size 30x20
            text run at (231,0) width 30: "<td>"
        RenderText {#text} at (261,0) size 41x20
          text run at (261,0) width 41: " have "
        RenderInline {CODE} at (0,0) size 228x20
          RenderText {#text} at (302,0) size 228x20
            text run at (302,0) width 228: "style=\"border: green 10px solid;\""
        RenderText {#text} at (530,0) size 4x20
          text run at (530,0) width 4: "."
      RenderTable {TABLE} at (0,1876) size 440x142
        RenderTableSection {TBODY} at (0,0) size 440x142
          RenderTableRow {TR} at (0,5) size 440x41
            RenderTableCell {TD} at (5,5) size 430x41 [border: (10px solid #008000)] [r=0 c=0 rs=1 cs=2]
              RenderText {#text} at (11,11) size 408x19
                text run at (11,11) width 408: "Every cell in this table should have a 10-pixel solid green border."
          RenderTableRow {TR} at (0,51) size 440x86
            RenderTableCell {TD} at (5,73) size 115x41 [border: (10px solid #008000)] [r=1 c=0 rs=1 cs=1]
              RenderText {#text} at (11,11) size 52x19
                text run at (11,11) width 52: "Cell one"
            RenderTableCell {TD} at (125,51) size 310x86 [border: (10px solid #008000)] [r=1 c=1 rs=1 cs=1]
              RenderBlock (anonymous) at (11,11) size 288x19
                RenderText {#text} at (0,0) size 50x19
                  text run at (0,0) width 50: "Cell two"
              RenderTable {TABLE} at (11,30) size 177x45
                RenderTableSection {TBODY} at (0,0) size 177x45
                  RenderTableRow {TR} at (0,2) size 177x41
                    RenderTableCell {TD} at (2,2) size 173x41 [border: (10px solid #008000)] [r=0 c=0 rs=1 cs=1]
                      RenderText {#text} at (11,11) size 151x19
                        text run at (11,11) width 151: "Nested single-cell table!"
