layer at (0,0) size 800x600
  RenderView at (0,0) size 800x600
layer at (0,0) size 800x600
  RenderBlock {HTML} at (0,0) size 800x600
    RenderBody {BODY} at (8,8) size 784x584
      RenderBlock {H1} at (0,0) size 784x38
        RenderText {#text} at (164,0) size 455x38
          text run at (164,0) width 455: "<BODY style=\"text-align: center\">"
      RenderTable {TABLE} at (0,56) size 627x29 [border: (1px outset #808080)]
        RenderTableSection {TBODY} at (1,1) size 625x27
          RenderTableRow {TR} at (0,2) size 625x23
            RenderTableCell {TD} at (2,2) size 621x23 [border: (1px inset #808080)] [r=0 c=0 rs=1 cs=1]
              RenderText {#text} at (2,2) size 296x19
                text run at (2,2) width 296: "The table should be center-aligned not the text"
