layer at (0,0) size 800x600
  RenderView at (0,0) size 800x600
layer at (0,0) size 800x600
  RenderBlock {HTML} at (0,0) size 800x600
    RenderBody {BODY} at (8,8) size 784x584 [bgcolor=#FFFFFF]
      RenderBlock {H4} at (0,0) size 784x20
        RenderText {#text} at (0,0) size 160x20
          text run at (0,0) width 160: "Testcase distilled from "
        RenderInline {A} at (0,0) size 507x20 [color=#0000EE]
          RenderText {#text} at (160,0) size 507x20
            text run at (160,0) width 507: "http://www.download.com/pc/list/0,339,0-b-0-0-a-1,00.html?st.dl.fd.ag.new"
      RenderBlock {H4} at (0,38) size 784x20
        RenderText {#text} at (0,0) size 521x20
          text run at (0,0) width 521: "Resize the width of the window and watch the Buy and Pick columns below."
      RenderTable {TABLE} at (0,76) size 784x67
        RenderTableSection {TBODY} at (0,0) size 784x67
          RenderTableRow {TR} at (0,2) size 784x21 [bgcolor=#CCCCCC]
            RenderTableCell {TD} at (2,2) size 710x21 [r=0 c=0 rs=1 cs=1]
              RenderText {#text} at (1,1) size 97x19
                text run at (1,1) width 97: "Re-sort by Title"
            RenderTableCell {TD} at (714,2) size 30x21 [r=0 c=1 rs=1 cs=1]
              RenderInline {SPAN} at (0,0) size 24x19
                RenderText {#text} at (1,1) size 24x19
                  text run at (1,1) width 24: "Buy"
              RenderText {#text} at (25,1) size 4x19
                text run at (25,1) width 4: " "
            RenderTableCell {TD} at (746,2) size 36x21 [r=0 c=2 rs=1 cs=1]
              RenderText {#text} at (1,1) size 4x19
                text run at (1,1) width 4: " "
              RenderInline {SPAN} at (0,0) size 26x19
                RenderText {#text} at (5,1) size 26x19
                  text run at (5,1) width 26: "Pick"
              RenderText {#text} at (31,1) size 4x19
                text run at (31,1) width 4: " "
          RenderTableRow {TR} at (0,25) size 784x40
            RenderTableCell {TD} at (2,25) size 710x40 [r=1 c=0 rs=1 cs=1]
              RenderText {#text} at (1,1) size 647x38
                text run at (1,1) width 422: "Norton AntiVirus Definitions Update 10/21/99 Update your NAV for "
                text run at (423,1) width 225: "Windows 95/98/NT, Lotus Notes, or"
                text run at (1,20) width 260: "Exchange with the latest virus definitions."
            RenderTableCell {TD} at (714,34) size 30x21 [r=1 c=1 rs=1 cs=1]
              RenderText {#text} at (1,1) size 4x19
                text run at (1,1) width 4: " "
            RenderTableCell {TD} at (746,34) size 36x21 [r=1 c=2 rs=1 cs=1]
              RenderText {#text} at (1,1) size 4x19
                text run at (1,1) width 4: " "
      RenderBlock (anonymous) at (0,143) size 784x19
        RenderBR {BR} at (0,0) size 0x19
      RenderBlock {H4} at (0,180) size 784x20
        RenderText {#text} at (0,0) size 487x20
          text run at (0,0) width 487: "This is the same table as above but with all <SPAN> elements removed."
      RenderTable {TABLE} at (0,218) size 784x67
        RenderTableSection {TBODY} at (0,0) size 784x67
          RenderTableRow {TR} at (0,2) size 784x21 [bgcolor=#CCCCCC]
            RenderTableCell {TD} at (2,2) size 710x21 [r=0 c=0 rs=1 cs=1]
              RenderText {#text} at (1,1) size 97x19
                text run at (1,1) width 97: "Re-sort by Title"
            RenderTableCell {TD} at (714,2) size 30x21 [r=0 c=1 rs=1 cs=1]
              RenderText {#text} at (1,1) size 28x19
                text run at (1,1) width 28: "Buy "
            RenderTableCell {TD} at (746,2) size 36x21 [r=0 c=2 rs=1 cs=1]
              RenderText {#text} at (1,1) size 34x19
                text run at (1,1) width 34: " Pick "
          RenderTableRow {TR} at (0,25) size 784x40
            RenderTableCell {TD} at (2,25) size 710x40 [r=1 c=0 rs=1 cs=1]
              RenderText {#text} at (1,1) size 647x38
                text run at (1,1) width 422: "Norton AntiVirus Definitions Update 10/21/99 Update your NAV for "
                text run at (423,1) width 225: "Windows 95/98/NT, Lotus Notes, or"
                text run at (1,20) width 260: "Exchange with the latest virus definitions."
            RenderTableCell {TD} at (714,34) size 30x21 [r=1 c=1 rs=1 cs=1]
              RenderText {#text} at (1,1) size 4x19
                text run at (1,1) width 4: " "
            RenderTableCell {TD} at (746,34) size 36x21 [r=1 c=2 rs=1 cs=1]
              RenderText {#text} at (1,1) size 4x19
                text run at (1,1) width 4: " "
