layer at (0,0) size 800x600
  RenderView at (0,0) size 800x600
layer at (0,0) size 800x600
  RenderBlock {HTML} at (0,0) size 800x600
    RenderBody {BODY} at (8,8) size 784x584
      RenderBlock (anonymous) at (0,0) size 784x19
        RenderText {#text} at (0,0) size 4x19
          text run at (0,0) width 4: " "
      RenderTable {TABLE} at (0,19) size 212x96 [border: (3px solid #0000BB)]
        RenderBlock {CAPTION} at (0,0) size 206x38
          RenderText {#text} at (11,0) size 184x38
            text run at (11,0) width 184: "Testing BORDERCOLOR tag"
            text run at (21,19) width 164: "the border shood be blue."
        RenderTableSection {TBODY} at (3,41) size 206x52
          RenderTableRow {TR} at (0,2) size 206x23
            RenderTableCell {TD} at (2,2) size 34x23 [border: (1px solid #0000BB)] [r=0 c=0 rs=1 cs=1]
              RenderText {#text} at (2,2) size 30x19
                text run at (2,2) width 30: "mike"
            RenderTableCell {TD} at (38,2) size 29x23 [border: (1px solid #0000BB)] [r=0 c=1 rs=1 cs=1]
              RenderText {#text} at (2,2) size 25x19
                text run at (2,2) width 25: "was"
            RenderTableCell {TD} at (69,2) size 33x23 [border: (1px solid #0000BB)] [r=0 c=2 rs=1 cs=1]
              RenderText {#text} at (2,2) size 29x19
                text run at (2,2) width 29: "here"
            RenderTableCell {TD} at (104,2) size 34x23 [border: (1px solid #0000BB)] [r=0 c=3 rs=1 cs=1]
              RenderText {#text} at (2,2) size 30x19
                text run at (2,2) width 30: "mike"
            RenderTableCell {TD} at (140,2) size 29x23 [border: (1px solid #0000BB)] [r=0 c=4 rs=1 cs=1]
              RenderText {#text} at (2,2) size 25x19
                text run at (2,2) width 25: "was"
            RenderTableCell {TD} at (171,2) size 33x23 [border: (1px solid #0000BB)] [r=0 c=5 rs=1 cs=1]
              RenderText {#text} at (2,2) size 29x19
                text run at (2,2) width 29: "here"
          RenderTableRow {TR} at (0,27) size 206x23
            RenderTableCell {TD} at (2,27) size 34x23 [border: (1px solid #0000BB)] [r=1 c=0 rs=1 cs=1]
              RenderText {#text} at (2,2) size 30x19
                text run at (2,2) width 30: "mike"
            RenderTableCell {TD} at (38,27) size 29x23 [border: (1px solid #0000BB)] [r=1 c=1 rs=1 cs=1]
              RenderText {#text} at (2,2) size 25x19
                text run at (2,2) width 25: "was"
            RenderTableCell {TD} at (69,27) size 33x23 [border: (1px solid #0000BB)] [r=1 c=2 rs=1 cs=1]
              RenderText {#text} at (2,2) size 29x19
                text run at (2,2) width 29: "here"
            RenderTableCell {TD} at (104,27) size 34x23 [border: (1px solid #0000BB)] [r=1 c=3 rs=1 cs=1]
              RenderText {#text} at (2,2) size 30x19
                text run at (2,2) width 30: "mike"
            RenderTableCell {TD} at (140,27) size 29x23 [border: (1px solid #0000BB)] [r=1 c=4 rs=1 cs=1]
              RenderText {#text} at (2,2) size 25x19
                text run at (2,2) width 25: "was"
            RenderTableCell {TD} at (171,27) size 33x23 [border: (1px solid #0000BB)] [r=1 c=5 rs=1 cs=1]
              RenderText {#text} at (2,2) size 29x19
                text run at (2,2) width 29: "here"
