layer at (0,0) size 800x600
  RenderView at (0,0) size 800x600
layer at (0,0) size 800x600
  RenderBlock {HTML} at (0,0) size 800x600
    RenderBody {BODY} at (8,8) size 784x578 [bgcolor=#999999]
      RenderBlock {P} at (0,0) size 784x39
        RenderText {#text} at (0,0) size 451x19
          text run at (0,0) width 412: "Problem: Tables inside a DIV get border=1 after moving the DIV. "
          text run at (412,0) width 39: "If you "
        RenderInline {A} at (0,0) size 125x19 [color=#0000EE]
          RenderInline {B} at (0,0) size 125x20
            RenderText {#text} at (451,0) size 125x20
              text run at (451,0) width 125: "remove the border"
        RenderText {#text} at (576,0) size 759x39
          text run at (576,0) width 183: " attribute from the tables, the"
          text run at (0,20) width 153: "border doesn't show up."
layer at (70,70) size 173x58
  RenderBlock (positioned) {DIV} at (70,70) size 173x58
    RenderTable {TABLE} at (0,0) size 173x20 [bgcolor=#CC6600]
      RenderTableSection {TBODY} at (0,0) size 173x20
        RenderTableRow {TR} at (0,0) size 173x20
          RenderTableCell {TD} at (0,0) size 173x20 [r=0 c=0 rs=1 cs=1]
            RenderBlock {P} at (0,0) size 173x20
              RenderInline {B} at (0,0) size 52x20
                RenderText {#text} at (60,0) size 52x20
                  text run at (60,0) width 52: "Testing"
    RenderTable {TABLE} at (0,20) size 173x19
      RenderTableSection {TBODY} at (0,0) size 173x19
        RenderTableRow {TR} at (0,0) size 173x19
          RenderTableCell {TD} at (0,0) size 11x19 [bgcolor=#666666] [r=0 c=0 rs=1 cs=1]
            RenderText {#text} at (0,0) size 4x19
              text run at (0,0) width 4: " "
          RenderTableCell {TD} at (11,0) size 150x19 [bgcolor=#FF9900] [r=0 c=1 rs=1 cs=1]
            RenderText {#text} at (0,0) size 126x19
              text run at (0,0) width 126: "Test, test and test..."
          RenderTableCell {TD} at (161,0) size 12x19 [bgcolor=#666666] [r=0 c=2 rs=1 cs=1]
            RenderText {#text} at (0,0) size 4x19
              text run at (0,0) width 4: " "
    RenderTable {TABLE} at (0,39) size 173x19 [bgcolor=#CC6600]
      RenderTableSection {TBODY} at (0,0) size 173x19
        RenderTableRow {TR} at (0,0) size 173x19
          RenderTableCell {TD} at (0,0) size 57x19 [r=0 c=0 rs=1 cs=1]
            RenderText {#text} at (0,0) size 4x19
              text run at (0,0) width 4: " "
          RenderTableCell {TD} at (57,0) size 58x19 [r=0 c=1 rs=1 cs=1]
            RenderText {#text} at (0,0) size 4x19
              text run at (0,0) width 4: " "
          RenderTableCell {TD} at (115,0) size 58x19 [r=0 c=2 rs=1 cs=1]
            RenderText {#text} at (0,0) size 4x19
              text run at (0,0) width 4: " "
