layer at (0,0) size 800x606
  RenderView at (0,0) size 800x600
layer at (0,0) size 800x606
  RenderBlock {HTML} at (0,0) size 800x606
    RenderBody {BODY} at (8,8) size 784x584
      RenderTable {TABLE} at (0,0) size 25x0
        RenderTableSection {TBODY} at (0,0) size 25x0
          RenderTableRow {TR} at (0,0) size 25x0
            RenderTableCell {TD} at (0,0) size 2x0 [r=0 c=0 rs=1 cs=1]
            RenderTableCell {TD} at (2,0) size 1x0 [r=0 c=1 rs=1 cs=1]
            RenderTableCell {TD} at (3,0) size 1x0 [r=0 c=2 rs=1 cs=1]
            RenderTableCell {TD} at (4,0) size 1x0 [r=0 c=3 rs=1 cs=1]
            RenderTableCell {TD} at (5,0) size 1x0 [r=0 c=4 rs=1 cs=1]
            RenderTableCell {TD} at (6,0) size 1x0 [r=0 c=5 rs=1 cs=1]
            RenderTableCell {TD} at (7,0) size 1x0 [r=0 c=6 rs=1 cs=1]
            RenderTableCell {TD} at (8,0) size 1x0 [r=0 c=7 rs=1 cs=1]
            RenderTableCell {TD} at (9,0) size 1x0 [r=0 c=8 rs=1 cs=1]
            RenderTableCell {TD} at (10,0) size 1x0 [r=0 c=9 rs=1 cs=1]
            RenderTableCell {TD} at (11,0) size 1x0 [r=0 c=10 rs=1 cs=1]
            RenderTableCell {TD} at (12,0) size 1x0 [r=0 c=11 rs=1 cs=1]
            RenderTableCell {TD} at (13,0) size 1x0 [r=0 c=12 rs=1 cs=1]
            RenderTableCell {TD} at (14,0) size 1x0 [r=0 c=13 rs=1 cs=1]
            RenderTableCell {TD} at (15,0) size 1x0 [r=0 c=14 rs=1 cs=1]
            RenderTableCell {TD} at (16,0) size 1x0 [r=0 c=15 rs=1 cs=1]
            RenderTableCell {TD} at (17,0) size 8x0 [r=0 c=16 rs=1 cs=1]
      RenderTable {TABLE} at (0,0) size 12x0
        RenderTableSection {TBODY} at (0,0) size 12x0
          RenderTableRow {TR} at (0,0) size 12x0
            RenderTableCell {TD} at (0,0) size 1x0 [r=0 c=0 rs=1 cs=1]
            RenderTableCell {TD} at (1,0) size 1x0 [r=0 c=1 rs=1 cs=1]
            RenderTableCell {TD} at (2,0) size 1x0 [r=0 c=2 rs=1 cs=1]
            RenderTableCell {TD} at (3,0) size 1x0 [r=0 c=3 rs=1 cs=1]
            RenderTableCell {TD} at (4,0) size 8x0 [r=0 c=4 rs=1 cs=1]
      RenderTable {TABLE} at (0,0) size 13x0
        RenderTableSection {TBODY} at (0,0) size 13x0
          RenderTableRow {TR} at (0,0) size 13x0
            RenderTableCell {TD} at (0,0) size 2x0 [r=0 c=0 rs=1 cs=1]
            RenderTableCell {TD} at (2,0) size 1x0 [r=0 c=1 rs=1 cs=1]
            RenderTableCell {TD} at (3,0) size 1x0 [r=0 c=2 rs=1 cs=1]
            RenderTableCell {TD} at (4,0) size 1x0 [r=0 c=3 rs=1 cs=1]
            RenderTableCell {TD} at (5,0) size 8x0 [r=0 c=4 rs=1 cs=1]
      RenderTable {TABLE} at (0,0) size 24x0
        RenderTableSection {TBODY} at (0,0) size 24x0
          RenderTableRow {TR} at (0,0) size 24x0
            RenderTableCell {TD} at (0,0) size 2x0 [r=0 c=0 rs=1 cs=1]
            RenderTableCell {TD} at (2,0) size 2x0 [r=0 c=1 rs=1 cs=1]
            RenderTableCell {TD} at (4,0) size 2x0 [r=0 c=2 rs=1 cs=1]
            RenderTableCell {TD} at (6,0) size 2x0 [r=0 c=3 rs=1 cs=1]
            RenderTableCell {TD} at (8,0) size 16x0 [r=0 c=4 rs=1 cs=1]
      RenderTable {TABLE} at (0,0) size 25x0
        RenderTableSection {TBODY} at (0,0) size 25x0
          RenderTableRow {TR} at (0,0) size 25x0
            RenderTableCell {TD} at (0,0) size 3x0 [r=0 c=0 rs=1 cs=1]
            RenderTableCell {TD} at (3,0) size 2x0 [r=0 c=1 rs=1 cs=1]
            RenderTableCell {TD} at (5,0) size 2x0 [r=0 c=2 rs=1 cs=1]
            RenderTableCell {TD} at (7,0) size 2x0 [r=0 c=3 rs=1 cs=1]
            RenderTableCell {TD} at (9,0) size 16x0 [r=0 c=4 rs=1 cs=1]
      RenderTable {TABLE} at (0,0) size 17x0
        RenderTableSection {TBODY} at (0,0) size 17x0
          RenderTableRow {TR} at (0,0) size 17x0
            RenderTableCell {TD} at (0,0) size 2x0 [r=0 c=0 rs=1 cs=1]
            RenderTableCell {TD} at (2,0) size 2x0 [r=0 c=1 rs=1 cs=1]
            RenderTableCell {TD} at (4,0) size 2x0 [r=0 c=2 rs=1 cs=1]
            RenderTableCell {TD} at (6,0) size 2x0 [r=0 c=3 rs=1 cs=1]
            RenderTableCell {TD} at (8,0) size 2x0 [r=0 c=4 rs=1 cs=1]
            RenderTableCell {TD} at (10,0) size 2x0 [r=0 c=5 rs=1 cs=1]
            RenderTableCell {TD} at (12,0) size 2x0 [r=0 c=6 rs=1 cs=1]
            RenderTableCell {TD} at (14,0) size 1x0 [r=0 c=7 rs=1 cs=1]
            RenderTableCell {TD} at (15,0) size 1x0 [r=0 c=8 rs=1 cs=1]
            RenderTableCell {TD} at (16,0) size 1x0 [r=0 c=9 rs=1 cs=1]
      RenderBlock {PRE} at (0,14) size 784x570
        RenderText {#text} at (0,0) size 169x19
          text run at (0,0) width 169: "Specified table width: 25px"
          text run at (169,0) width 0: " "
        RenderText {#text} at (0,19) size 162x19
          text run at (0,19) width 162: "Actual table width:    25px"
          text run at (162,19) width 0: " "
        RenderText {#text} at (0,38) size 133x19
          text run at (0,38) width 133: "Specified TD widths: "
        RenderText {#text} at (133,38) size 27x19
          text run at (133,38) width 27: "1px "
        RenderText {#text} at (160,38) size 27x19
          text run at (160,38) width 27: "1px "
        RenderText {#text} at (187,38) size 27x19
          text run at (187,38) width 27: "1px "
        RenderText {#text} at (214,38) size 27x19
          text run at (214,38) width 27: "1px "
        RenderText {#text} at (241,38) size 27x19
          text run at (241,38) width 27: "1px "
        RenderText {#text} at (268,38) size 27x19
          text run at (268,38) width 27: "1px "
        RenderText {#text} at (295,38) size 27x19
          text run at (295,38) width 27: "1px "
        RenderText {#text} at (322,38) size 27x19
          text run at (322,38) width 27: "1px "
        RenderText {#text} at (349,38) size 27x19
          text run at (349,38) width 27: "1px "
        RenderText {#text} at (376,38) size 27x19
          text run at (376,38) width 27: "1px "
        RenderText {#text} at (403,38) size 27x19
          text run at (403,38) width 27: "1px "
        RenderText {#text} at (430,38) size 27x19
          text run at (430,38) width 27: "1px "
        RenderText {#text} at (457,38) size 27x19
          text run at (457,38) width 27: "1px "
        RenderText {#text} at (484,38) size 27x19
          text run at (484,38) width 27: "1px "
        RenderText {#text} at (511,38) size 27x19
          text run at (511,38) width 27: "1px "
        RenderText {#text} at (538,38) size 27x19
          text run at (538,38) width 27: "1px "
        RenderText {#text} at (565,38) size 27x19
          text run at (565,38) width 27: "8px "
        RenderText {#text} at (592,38) size 0x19
          text run at (592,38) width 0: " "
        RenderText {#text} at (0,57) size 126x19
          text run at (0,57) width 126: "Actual TD widths:    "
        RenderText {#text} at (126,57) size 27x19
          text run at (126,57) width 27: "2px "
        RenderText {#text} at (153,57) size 27x19
          text run at (153,57) width 27: "1px "
        RenderText {#text} at (180,57) size 27x19
          text run at (180,57) width 27: "1px "
        RenderText {#text} at (207,57) size 27x19
          text run at (207,57) width 27: "1px "
        RenderText {#text} at (234,57) size 27x19
          text run at (234,57) width 27: "1px "
        RenderText {#text} at (261,57) size 27x19
          text run at (261,57) width 27: "1px "
        RenderText {#text} at (288,57) size 27x19
          text run at (288,57) width 27: "1px "
        RenderText {#text} at (315,57) size 27x19
          text run at (315,57) width 27: "1px "
        RenderText {#text} at (342,57) size 27x19
          text run at (342,57) width 27: "1px "
        RenderText {#text} at (369,57) size 27x19
          text run at (369,57) width 27: "1px "
        RenderText {#text} at (396,57) size 27x19
          text run at (396,57) width 27: "1px "
        RenderText {#text} at (423,57) size 27x19
          text run at (423,57) width 27: "1px "
        RenderText {#text} at (450,57) size 27x19
          text run at (450,57) width 27: "1px "
        RenderText {#text} at (477,57) size 27x19
          text run at (477,57) width 27: "1px "
        RenderText {#text} at (504,57) size 27x19
          text run at (504,57) width 27: "1px "
        RenderText {#text} at (531,57) size 27x19
          text run at (531,57) width 27: "1px "
        RenderText {#text} at (558,57) size 27x19
          text run at (558,57) width 27: "8px "
        RenderText {#text} at (585,57) size 585x38
          text run at (585,57) width 0: " "
          text run at (0,76) width 0: " "
        RenderText {#text} at (0,95) size 169x19
          text run at (0,95) width 169: "Specified table width: 12px"
          text run at (169,95) width 0: " "
        RenderText {#text} at (0,114) size 162x19
          text run at (0,114) width 162: "Actual table width:    12px"
          text run at (162,114) width 0: " "
        RenderText {#text} at (0,133) size 133x19
          text run at (0,133) width 133: "Specified TD widths: "
        RenderText {#text} at (133,133) size 27x19
          text run at (133,133) width 27: "1px "
        RenderText {#text} at (160,133) size 27x19
          text run at (160,133) width 27: "1px "
        RenderText {#text} at (187,133) size 27x19
          text run at (187,133) width 27: "1px "
        RenderText {#text} at (214,133) size 27x19
          text run at (214,133) width 27: "1px "
        RenderText {#text} at (241,133) size 27x19
          text run at (241,133) width 27: "8px "
        RenderText {#text} at (268,133) size 0x19
          text run at (268,133) width 0: " "
        RenderText {#text} at (0,152) size 126x19
          text run at (0,152) width 126: "Actual TD widths:    "
        RenderText {#text} at (126,152) size 27x19
          text run at (126,152) width 27: "1px "
        RenderText {#text} at (153,152) size 27x19
          text run at (153,152) width 27: "1px "
        RenderText {#text} at (180,152) size 27x19
          text run at (180,152) width 27: "1px "
        RenderText {#text} at (207,152) size 27x19
          text run at (207,152) width 27: "1px "
        RenderText {#text} at (234,152) size 27x19
          text run at (234,152) width 27: "8px "
        RenderText {#text} at (261,152) size 261x38
          text run at (261,152) width 0: " "
          text run at (0,171) width 0: " "
        RenderText {#text} at (0,190) size 169x19
          text run at (0,190) width 169: "Specified table width: 13px"
          text run at (169,190) width 0: " "
        RenderText {#text} at (0,209) size 162x19
          text run at (0,209) width 162: "Actual table width:    13px"
          text run at (162,209) width 0: " "
        RenderText {#text} at (0,228) size 133x19
          text run at (0,228) width 133: "Specified TD widths: "
        RenderText {#text} at (133,228) size 27x19
          text run at (133,228) width 27: "1px "
        RenderText {#text} at (160,228) size 27x19
          text run at (160,228) width 27: "1px "
        RenderText {#text} at (187,228) size 27x19
          text run at (187,228) width 27: "1px "
        RenderText {#text} at (214,228) size 27x19
          text run at (214,228) width 27: "1px "
        RenderText {#text} at (241,228) size 27x19
          text run at (241,228) width 27: "8px "
        RenderText {#text} at (268,228) size 0x19
          text run at (268,228) width 0: " "
        RenderText {#text} at (0,247) size 126x19
          text run at (0,247) width 126: "Actual TD widths:    "
        RenderText {#text} at (126,247) size 27x19
          text run at (126,247) width 27: "2px "
        RenderText {#text} at (153,247) size 27x19
          text run at (153,247) width 27: "1px "
        RenderText {#text} at (180,247) size 27x19
          text run at (180,247) width 27: "1px "
        RenderText {#text} at (207,247) size 27x19
          text run at (207,247) width 27: "1px "
        RenderText {#text} at (234,247) size 27x19
          text run at (234,247) width 27: "8px "
        RenderText {#text} at (261,247) size 261x38
          text run at (261,247) width 0: " "
          text run at (0,266) width 0: " "
        RenderText {#text} at (0,285) size 169x19
          text run at (0,285) width 169: "Specified table width: 24px"
          text run at (169,285) width 0: " "
        RenderText {#text} at (0,304) size 162x19
          text run at (0,304) width 162: "Actual table width:    24px"
          text run at (162,304) width 0: " "
        RenderText {#text} at (0,323) size 133x19
          text run at (0,323) width 133: "Specified TD widths: "
        RenderText {#text} at (133,323) size 27x19
          text run at (133,323) width 27: "1px "
        RenderText {#text} at (160,323) size 27x19
          text run at (160,323) width 27: "1px "
        RenderText {#text} at (187,323) size 27x19
          text run at (187,323) width 27: "1px "
        RenderText {#text} at (214,323) size 27x19
          text run at (214,323) width 27: "1px "
        RenderText {#text} at (241,323) size 27x19
          text run at (241,323) width 27: "8px "
        RenderText {#text} at (268,323) size 0x19
          text run at (268,323) width 0: " "
        RenderText {#text} at (0,342) size 126x19
          text run at (0,342) width 126: "Actual TD widths:    "
        RenderText {#text} at (126,342) size 27x19
          text run at (126,342) width 27: "2px "
        RenderText {#text} at (153,342) size 27x19
          text run at (153,342) width 27: "2px "
        RenderText {#text} at (180,342) size 27x19
          text run at (180,342) width 27: "2px "
        RenderText {#text} at (207,342) size 27x19
          text run at (207,342) width 27: "2px "
        RenderText {#text} at (234,342) size 35x19
          text run at (234,342) width 35: "16px "
        RenderText {#text} at (269,342) size 269x38
          text run at (269,342) width 0: " "
          text run at (0,361) width 0: " "
        RenderText {#text} at (0,380) size 169x19
          text run at (0,380) width 169: "Specified table width: 25px"
          text run at (169,380) width 0: " "
        RenderText {#text} at (0,399) size 162x19
          text run at (0,399) width 162: "Actual table width:    25px"
          text run at (162,399) width 0: " "
        RenderText {#text} at (0,418) size 133x19
          text run at (0,418) width 133: "Specified TD widths: "
        RenderText {#text} at (133,418) size 27x19
          text run at (133,418) width 27: "1px "
        RenderText {#text} at (160,418) size 27x19
          text run at (160,418) width 27: "1px "
        RenderText {#text} at (187,418) size 27x19
          text run at (187,418) width 27: "1px "
        RenderText {#text} at (214,418) size 27x19
          text run at (214,418) width 27: "1px "
        RenderText {#text} at (241,418) size 27x19
          text run at (241,418) width 27: "8px "
        RenderText {#text} at (268,418) size 0x19
          text run at (268,418) width 0: " "
        RenderText {#text} at (0,437) size 126x19
          text run at (0,437) width 126: "Actual TD widths:    "
        RenderText {#text} at (126,437) size 27x19
          text run at (126,437) width 27: "3px "
        RenderText {#text} at (153,437) size 27x19
          text run at (153,437) width 27: "2px "
        RenderText {#text} at (180,437) size 27x19
          text run at (180,437) width 27: "2px "
        RenderText {#text} at (207,437) size 27x19
          text run at (207,437) width 27: "2px "
        RenderText {#text} at (234,437) size 35x19
          text run at (234,437) width 35: "16px "
        RenderText {#text} at (269,437) size 269x38
          text run at (269,437) width 0: " "
          text run at (0,456) width 0: " "
        RenderText {#text} at (0,475) size 169x19
          text run at (0,475) width 169: "Specified table width: 17px"
          text run at (169,475) width 0: " "
        RenderText {#text} at (0,494) size 162x19
          text run at (0,494) width 162: "Actual table width:    17px"
          text run at (162,494) width 0: " "
        RenderText {#text} at (0,513) size 133x19
          text run at (0,513) width 133: "Specified TD widths: "
        RenderText {#text} at (133,513) size 32x19
          text run at (133,513) width 32: "10% "
        RenderText {#text} at (165,513) size 32x19
          text run at (165,513) width 32: "10% "
        RenderText {#text} at (197,513) size 32x19
          text run at (197,513) width 32: "10% "
        RenderText {#text} at (229,513) size 32x19
          text run at (229,513) width 32: "10% "
        RenderText {#text} at (261,513) size 32x19
          text run at (261,513) width 32: "10% "
        RenderText {#text} at (293,513) size 32x19
          text run at (293,513) width 32: "10% "
        RenderText {#text} at (325,513) size 32x19
          text run at (325,513) width 32: "10% "
        RenderText {#text} at (357,513) size 32x19
          text run at (357,513) width 32: "10% "
        RenderText {#text} at (389,513) size 32x19
          text run at (389,513) width 32: "10% "
        RenderText {#text} at (421,513) size 32x19
          text run at (421,513) width 32: "10% "
        RenderText {#text} at (453,513) size 0x19
          text run at (453,513) width 0: " "
        RenderText {#text} at (0,532) size 126x19
          text run at (0,532) width 126: "Actual TD widths:    "
        RenderText {#text} at (126,532) size 27x19
          text run at (126,532) width 27: "2px "
        RenderText {#text} at (153,532) size 27x19
          text run at (153,532) width 27: "2px "
        RenderText {#text} at (180,532) size 27x19
          text run at (180,532) width 27: "2px "
        RenderText {#text} at (207,532) size 27x19
          text run at (207,532) width 27: "2px "
        RenderText {#text} at (234,532) size 27x19
          text run at (234,532) width 27: "2px "
        RenderText {#text} at (261,532) size 27x19
          text run at (261,532) width 27: "2px "
        RenderText {#text} at (288,532) size 27x19
          text run at (288,532) width 27: "2px "
        RenderText {#text} at (315,532) size 27x19
          text run at (315,532) width 27: "1px "
        RenderText {#text} at (342,532) size 27x19
          text run at (342,532) width 27: "1px "
        RenderText {#text} at (369,532) size 27x19
          text run at (369,532) width 27: "1px "
        RenderText {#text} at (396,532) size 396x38
          text run at (396,532) width 0: " "
          text run at (0,551) width 0: " "
