layer at (0,0) size 800x600
  RenderView at (0,0) size 800x600
layer at (0,0) size 800x600
  RenderBlock {HTML} at (0,0) size 800x600
    RenderBody {BODY} at (8,8) size 784x584
      RenderBlock {P} at (0,0) size 784x40
        RenderInline {B} at (0,0) size 778x40
          RenderText {#text} at (0,0) size 778x40
            text run at (0,0) width 778: "original page, stripped down to the problem table (pattern: auto width table with first row has specified width and"
            text run at (0,20) width 394: "colspan=2, second row has two specified width columns)"
      RenderTable {TABLE} at (0,54) size 506x206 [border: (1px outset #808080)]
        RenderTableSection {TBODY} at (1,1) size 504x204
          RenderTableRow {TR} at (0,2) size 504x99
            RenderTableCell {TD} at (2,2) size 500x99 [border: (1px inset #808080)] [r=0 c=0 rs=1 cs=2]
              RenderText {#text} at (2,2) size 492x95
                text run at (2,2) width 436: "Cons For Pokemon \"They're Pokemon card sharks out there. This is "
                text run at (438,2) width 38: "worse"
                text run at (2,21) width 413: "than the Cabbage Patch Kid craze because now it's the kids who "
                text run at (415,21) width 73: "are actually"
                text run at (2,40) width 299: "fighting each other instead of just the parents.\" "
                text run at (301,40) width 193: "-- Children are doing anything,"
                text run at (2,59) width 212: "including breaking the law, to get "
                text run at (214,59) width 269: "their grubby hands on some trading cards,"
                text run at (2,78) width 96: "observe police."
          RenderTableRow {TR} at (0,103) size 504x99
            RenderTableCell {TD} at (2,103) size 272x23 [border: (1px inset #808080)] [r=1 c=0 rs=1 cs=1]
              RenderText {#text} at (2,2) size 37x19
                text run at (2,2) width 37: "ASDF"
            RenderTableCell {TD} at (276,103) size 226x99 [border: (1px inset #808080)] [r=1 c=1 rs=1 cs=1]
              RenderText {#text} at (2,2) size 190x95
                text run at (2,2) width 33: "Sat., "
                text run at (35,2) width 89: "Dec 11, 1999 "
                text run at (124,2) width 67: "Gay Union"
                text run at (2,21) width 190: "Kibosh Hawaii Supreme Court"
                text run at (2,40) width 65: "slams the "
                text run at (67,40) width 115: "door on same-sex"
                text run at (2,59) width 167: "marriages. All eyes look to"
                text run at (2,78) width 58: "Vermont."
      RenderBlock (anonymous) at (0,260) size 784x19
        RenderBR {BR} at (0,0) size 0x19
      RenderBlock {P} at (0,293) size 784x20
        RenderInline {B} at (0,0) size 352x20
          RenderText {#text} at (0,0) size 352x20
            text run at (0,0) width 352: "same table, but less content (text) in the first cell ..."
      RenderTable {TABLE} at (0,327) size 506x130 [border: (1px outset #808080)]
        RenderTableSection {TBODY} at (1,1) size 504x128
          RenderTableRow {TR} at (0,2) size 504x23
            RenderTableCell {TD} at (2,2) size 500x23 [border: (1px inset #808080)] [r=0 c=0 rs=1 cs=2]
              RenderText {#text} at (2,2) size 432x19
                text run at (2,2) width 432: "Cons For Pokemon \"They're Pokemon card sharks out there. This is"
          RenderTableRow {TR} at (0,27) size 504x99
            RenderTableCell {TD} at (2,27) size 272x23 [border: (1px inset #808080)] [r=1 c=0 rs=1 cs=1]
              RenderText {#text} at (2,2) size 37x19
                text run at (2,2) width 37: "ASDF"
            RenderTableCell {TD} at (276,27) size 226x99 [border: (1px inset #808080)] [r=1 c=1 rs=1 cs=1]
              RenderText {#text} at (2,2) size 190x95
                text run at (2,2) width 33: "Sat., "
                text run at (35,2) width 89: "Dec 11, 1999 "
                text run at (124,2) width 67: "Gay Union"
                text run at (2,21) width 190: "Kibosh Hawaii Supreme Court"
                text run at (2,40) width 65: "slams the "
                text run at (67,40) width 115: "door on same-sex"
                text run at (2,59) width 167: "marriages. All eyes look to"
                text run at (2,78) width 58: "Vermont."
