layer at (0,0) size 800x600
  RenderView at (0,0) size 800x600
layer at (0,0) size 800x600
  RenderBlock {HTML} at (0,0) size 800x600
    RenderBody {BODY} at (8,8) size 784x584
      RenderTable {TABLE} at (0,0) size 600x122
        RenderTableSection {TBODY} at (0,0) size 600x122
          RenderTableRow {TR} at (0,0) size 600x122
            RenderTableCell {TD} at (0,0) size 600x122 [r=0 c=0 rs=1 cs=1]
              RenderBlock (anonymous) at (0,0) size 600x57
                RenderBR {BR} at (300,0) size 0x19
                RenderBR {BR} at (300,19) size 0x19
                RenderBR {BR} at (300,38) size 0x19
              RenderTable {TABLE} at (0,57) size 600x65 [border: (1px outset #808080)]
                RenderTableSection {TBODY} at (1,1) size 598x63
                  RenderTableRow {TR} at (0,0) size 598x63
                    RenderTableCell {TD} at (0,0) size 299x63 [border: (1px inset #808080)] [r=0 c=0 rs=1 cs=1]
                      RenderTable {TABLE} at (1,1) size 297x61
                        RenderTableSection {TBODY} at (0,0) size 297x61
                          RenderTableRow {TR} at (0,1) size 297x19 [bgcolor=#CD9944]
                            RenderTableCell {TD} at (1,1) size 104x19 [r=0 c=0 rs=1 cs=1]
                              RenderInline {FONT} at (0,0) size 36x13 [color=#FFFFFF]
                                RenderText {#text} at (3,3) size 36x13
                                  text run at (3,3) width 36: "Funktion"
                          RenderTableRow {TR} at (0,21) size 297x19 [bgcolor=#E7E7AD]
                            RenderTableCell {TD} at (1,21) size 104x19 [r=1 c=0 rs=1 cs=1]
                              RenderInline {FONT} at (0,0) size 58x13
                                RenderText {#text} at (3,3) size 58x13
                                  text run at (3,3) width 58: "Umlaufrendite"
                          RenderTableRow {TR} at (0,41) size 297x19 [bgcolor=#E7DEA5]
                            RenderTableCell {TD} at (1,41) size 104x19 [r=2 c=0 rs=1 cs=1]
                              RenderInline {FONT} at (0,0) size 63x13
                                RenderText {#text} at (3,3) size 63x13
                                  text run at (3,3) width 63: "10 Jahre US %"
                            RenderTableCell {TD} at (106,41) size 36x19 [r=2 c=1 rs=1 cs=1]
                              RenderInline {FONT} at (0,0) size 18x13
                                RenderText {#text} at (3,3) size 18x13
                                  text run at (3,3) width 18: "4,75"
                            RenderTableCell {TD} at (143,42) size 26x17 [r=2 c=2 rs=1 cs=1]
                              RenderImage {IMG} at (7,3) size 11x11
                            RenderTableCell {TD} at (170,41) size 41x19 [r=2 c=3 rs=1 cs=1]
                              RenderInline {FONT} at (0,0) size 21x13
                                RenderText {#text} at (3,3) size 21x13
                                  text run at (3,3) width 21: "-0.02"
                            RenderTableCell {TD} at (212,41) size 49x19 [r=2 c=4 rs=1 cs=1]
                              RenderInline {FONT} at (0,0) size 26x13
                                RenderText {#text} at (3,3) size 26x13
                                  text run at (3,3) width 26: "03.12."
                            RenderTableCell {TD} at (262,42) size 34x16 [r=2 c=5 rs=1 cs=1]
                              RenderInline {FONT} at (0,0) size 16x9
                                RenderInline {A} at (0,0) size 16x9 [color=#0000EE]
                                  RenderImage {IMG} at (9,3) size 16x10
                    RenderTableCell {TD} at (299,0) size 299x63 [border: (1px inset #808080)] [r=0 c=1 rs=1 cs=1]
                      RenderTable {TABLE} at (1,1) size 297x61
                        RenderTableSection {TBODY} at (0,0) size 297x61
                          RenderTableRow {TR} at (0,1) size 297x20 [bgcolor=#CD9944]
                            RenderTableCell {TD} at (1,1) size 200x19 [r=0 c=0 rs=1 cs=1]
                              RenderInline {FONT} at (0,0) size 41x13 [color=#FFFFFF]
                                RenderText {#text} at (3,3) size 41x13
                                  text run at (3,3) width 41: "Rohstoffe"
                          RenderTableRow {TR} at (0,22) size 297x18 [bgcolor=#E7E7AD]
                            RenderTableCell {TD} at (1,22) size 200x17 [r=1 c=0 rs=1 cs=1]
                              RenderImage {IMG} at (94,3) size 11x11
                            RenderTableCell {TD} at (202,23) size 94x16 [r=1 c=1 rs=1 cs=1]
                              RenderInline {FONT} at (0,0) size 16x9
                                RenderInline {A} at (0,0) size 16x9 [color=#0000EE]
                                  RenderImage {IMG} at (39,3) size 16x10
                          RenderTableRow {TR} at (0,41) size 297x19 [bgcolor=#E7DEA5]
                            RenderTableCell {TD} at (1,42) size 200x17 [r=2 c=0 rs=1 cs=1]
                              RenderImage {IMG} at (94,3) size 11x11
                            RenderTableCell {TD} at (202,42) size 94x16 [r=2 c=1 rs=1 cs=1]
                              RenderInline {FONT} at (0,0) size 16x9
                                RenderInline {A} at (0,0) size 16x9 [color=#0000EE]
                                  RenderImage {IMG} at (39,3) size 16x10
