layer at (0,0) size 800x623
  RenderView at (0,0) size 800x600
layer at (0,0) size 800x623
  RenderBlock {HTML} at (0,0) size 800x623
    RenderBody {BODY} at (8,8) size 784x607
      RenderBlock (anonymous) at (0,0) size 784x19
        RenderText {#text} at (0,0) size 270x19
          text run at (0,0) width 270: "border=\"0\" cellspacing=\"0\" cellpadding=\"0\""
      RenderTable {TABLE} at (0,19) size 784x44 [bgcolor=#DDDD33]
        RenderTableSection {TBODY} at (0,0) size 784x44
          RenderTableRow {TR} at (0,0) size 784x44
            RenderTableCell {TD} at (0,22) size 12x0 [r=0 c=0 rs=1 cs=1]
            RenderTableCell {TD} at (12,0) size 760x44 [r=0 c=1 rs=1 cs=1]
              RenderTextControl {TEXTAREA} at (0,2) size 760x40 [border: (1px solid #000000)]
            RenderTableCell {TD} at (772,22) size 12x0 [r=0 c=2 rs=1 cs=1]
      RenderBlock (anonymous) at (0,63) size 784x19
        RenderText {#text} at (0,0) size 198x19
          text run at (0,0) width 198: "cellspacing=\"0\" cellpadding=\"0\""
      RenderTable {TABLE} at (0,82) size 784x44 [bgcolor=#CCCCFF]
        RenderTableSection {TBODY} at (0,0) size 784x44
          RenderTableRow {TR} at (0,0) size 784x44
            RenderTableCell {TD} at (0,22) size 12x0 [r=0 c=0 rs=1 cs=1]
            RenderTableCell {TD} at (12,0) size 760x44 [r=0 c=1 rs=1 cs=1]
              RenderTextControl {TEXTAREA} at (0,2) size 760x40 [border: (1px solid #000000)]
            RenderTableCell {TD} at (772,22) size 12x0 [r=0 c=2 rs=1 cs=1]
      RenderBlock (anonymous) at (0,126) size 784x19
        RenderText {#text} at (0,0) size 98x19
          text run at (0,0) width 98: "cellpadding=\"0\""
      RenderTable {TABLE} at (0,145) size 784x48 [bgcolor=#FF9999]
        RenderTableSection {TBODY} at (0,0) size 784x48
          RenderTableRow {TR} at (0,2) size 784x44
            RenderTableCell {TD} at (2,24) size 12x0 [r=0 c=0 rs=1 cs=1]
            RenderTableCell {TD} at (16,2) size 752x44 [r=0 c=1 rs=1 cs=1]
              RenderTextControl {TEXTAREA} at (0,2) size 752x40 [border: (1px solid #000000)]
            RenderTableCell {TD} at (770,24) size 12x0 [r=0 c=2 rs=1 cs=1]
      RenderBlock (anonymous) at (0,193) size 784x19
        RenderText {#text} at (0,0) size 170x19
          text run at (0,0) width 170: "border=\"0\" cellpadding=\"0\""
      RenderTable {TABLE} at (0,212) size 784x48 [bgcolor=#AAEEBB]
        RenderTableSection {TBODY} at (0,0) size 784x48
          RenderTableRow {TR} at (0,2) size 784x44
            RenderTableCell {TD} at (2,24) size 12x0 [r=0 c=0 rs=1 cs=1]
            RenderTableCell {TD} at (16,2) size 752x44 [r=0 c=1 rs=1 cs=1]
              RenderTextControl {TEXTAREA} at (0,2) size 752x40 [border: (1px solid #000000)]
            RenderTableCell {TD} at (770,24) size 12x0 [r=0 c=2 rs=1 cs=1]
      RenderBlock (anonymous) at (0,260) size 784x19
        RenderInline {FONT} at (0,0) size 28x19 [color=#0000FF]
          RenderText {#text} at (0,0) size 28x19
            text run at (0,0) width 28: "right"
        RenderText {#text} at (28,0) size 72x19
          text run at (28,0) width 72: " border=\"0\""
      RenderTable {TABLE} at (0,279) size 784x50 [bgcolor=#FFCCEE]
        RenderTableSection {TBODY} at (0,0) size 784x50
          RenderTableRow {TR} at (0,2) size 784x46
            RenderTableCell {TD} at (2,24) size 14x2 [r=0 c=0 rs=1 cs=1]
            RenderTableCell {TD} at (18,2) size 748x46 [r=0 c=1 rs=1 cs=1]
              RenderTextControl {TEXTAREA} at (1,3) size 746x40 [border: (1px solid #000000)]
            RenderTableCell {TD} at (768,24) size 14x2 [r=0 c=2 rs=1 cs=1]
      RenderBlock (anonymous) at (0,329) size 784x19
        RenderInline {FONT} at (0,0) size 28x19 [color=#0000FF]
          RenderText {#text} at (0,0) size 28x19
            text run at (0,0) width 28: "right"
        RenderText {#text} at (28,0) size 102x19
          text run at (28,0) width 102: " cellpadding=\"1\""
      RenderTable {TABLE} at (0,348) size 784x50 [bgcolor=#66DDFF]
        RenderTableSection {TBODY} at (0,0) size 784x50
          RenderTableRow {TR} at (0,2) size 784x46
            RenderTableCell {TD} at (2,24) size 14x2 [r=0 c=0 rs=1 cs=1]
            RenderTableCell {TD} at (18,2) size 748x46 [r=0 c=1 rs=1 cs=1]
              RenderTextControl {TEXTAREA} at (1,3) size 746x40 [border: (1px solid #000000)]
            RenderTableCell {TD} at (768,24) size 14x2 [r=0 c=2 rs=1 cs=1]
      RenderBlock (anonymous) at (0,398) size 784x19
        RenderInline {FONT} at (0,0) size 28x19 [color=#0000FF]
          RenderText {#text} at (0,0) size 28x19
            text run at (0,0) width 28: "right"
        RenderText {#text} at (28,0) size 274x19
          text run at (28,0) width 274: " border=\"1\" cellspacing=\"0\" cellpadding=\"0\""
      RenderTable {TABLE} at (0,417) size 784x48 [bgcolor=#EEEEEE] [border: (1px outset #808080)]
        RenderTableSection {TBODY} at (1,1) size 782x46
          RenderTableRow {TR} at (0,0) size 782x46
            RenderTableCell {TD} at (0,22) size 14x2 [border: (1px inset #808080)] [r=0 c=0 rs=1 cs=1]
            RenderTableCell {TD} at (14,0) size 754x46 [border: (1px inset #808080)] [r=0 c=1 rs=1 cs=1]
              RenderTextControl {TEXTAREA} at (1,3) size 752x40 [border: (1px solid #000000)]
            RenderTableCell {TD} at (768,22) size 14x2 [border: (1px inset #808080)] [r=0 c=2 rs=1 cs=1]
      RenderBlock (anonymous) at (0,465) size 784x19
        RenderInline {FONT} at (0,0) size 28x19 [color=#0000FF]
          RenderText {#text} at (0,0) size 28x19
            text run at (0,0) width 28: "right"
        RenderText {#text} at (28,0) size 172x19
          text run at (28,0) width 172: " border=\"1\" cellspacing=\"0\""
      RenderTable {TABLE} at (0,484) size 784x50 [bgcolor=#FFCC66] [border: (1px outset #808080)]
        RenderTableSection {TBODY} at (1,1) size 782x48
          RenderTableRow {TR} at (0,0) size 782x48
            RenderTableCell {TD} at (0,22) size 16x4 [border: (1px inset #808080)] [r=0 c=0 rs=1 cs=1]
            RenderTableCell {TD} at (16,0) size 750x48 [border: (1px inset #808080)] [r=0 c=1 rs=1 cs=1]
              RenderTextControl {TEXTAREA} at (2,4) size 746x40 [border: (1px solid #000000)]
            RenderTableCell {TD} at (766,22) size 16x4 [border: (1px inset #808080)] [r=0 c=2 rs=1 cs=1]
      RenderBlock (anonymous) at (0,534) size 784x19
        RenderInline {FONT} at (0,0) size 28x19 [color=#0000FF]
          RenderText {#text} at (0,0) size 28x19
            text run at (0,0) width 28: "right"
        RenderText {#text} at (28,0) size 72x19
          text run at (28,0) width 72: " border=\"1\""
      RenderTable {TABLE} at (0,553) size 784x54 [bgcolor=#CCFF33] [border: (1px outset #808080)]
        RenderTableSection {TBODY} at (1,1) size 782x52
          RenderTableRow {TR} at (0,2) size 782x48
            RenderTableCell {TD} at (2,24) size 16x4 [border: (1px inset #808080)] [r=0 c=0 rs=1 cs=1]
            RenderTableCell {TD} at (20,2) size 742x48 [border: (1px inset #808080)] [r=0 c=1 rs=1 cs=1]
              RenderTextControl {TEXTAREA} at (2,4) size 738x40 [border: (1px solid #000000)]
            RenderTableCell {TD} at (764,24) size 16x4 [border: (1px inset #808080)] [r=0 c=2 rs=1 cs=1]
layer at (21,30) size 758x38
  RenderBlock {DIV} at (1,1) size 758x38
    RenderText {#text} at (3,0) size 23x19
      text run at (3,0) width 23: "test"
layer at (21,93) size 758x38
  RenderBlock {DIV} at (1,1) size 758x38
    RenderText {#text} at (3,0) size 23x19
      text run at (3,0) width 23: "test"
layer at (25,158) size 750x38
  RenderBlock {DIV} at (1,1) size 750x38
    RenderText {#text} at (3,0) size 23x19
      text run at (3,0) width 23: "test"
layer at (25,225) size 750x38
  RenderBlock {DIV} at (1,1) size 750x38
    RenderText {#text} at (3,0) size 23x19
      text run at (3,0) width 23: "test"
layer at (28,293) size 744x38
  RenderBlock {DIV} at (1,1) size 744x38
    RenderText {#text} at (3,0) size 23x19
      text run at (3,0) width 23: "test"
layer at (28,362) size 744x38
  RenderBlock {DIV} at (1,1) size 744x38
    RenderText {#text} at (3,0) size 23x19
      text run at (3,0) width 23: "test"
layer at (25,430) size 750x38
  RenderBlock {DIV} at (1,1) size 750x38
    RenderText {#text} at (3,0) size 23x19
      text run at (3,0) width 23: "test"
layer at (28,498) size 744x38
  RenderBlock {DIV} at (1,1) size 744x38
    RenderText {#text} at (3,0) size 23x19
      text run at (3,0) width 23: "test"
layer at (32,569) size 736x38
  RenderBlock {DIV} at (1,1) size 736x38
    RenderText {#text} at (3,0) size 23x19
      text run at (3,0) width 23: "test"
