layer at (0,0) size 800x600
  RenderView at (0,0) size 800x600
layer at (0,0) size 800x600
  RenderBlock {HTML} at (0,0) size 800x600
    RenderBody {BODY} at (8,8) size 784x584
      RenderTable {TABLE} at (0,0) size 730x43
        RenderTableSection {TBODY} at (0,0) size 730x43
          RenderTableRow {TR} at (0,2) size 730x2
            RenderTableCell {TD} at (2,2) size 726x2 [r=0 c=0 rs=1 cs=1]
          RenderTableRow {TR} at (0,6) size 730x35
            RenderTableCell {TD} at (2,6) size 726x35 [r=1 c=0 rs=1 cs=1]
              RenderBlock (anonymous) at (1,1) size 724x19
                RenderText {#text} at (0,0) size 724x19
                  text run at (0,0) width 724: "BlaBlaBla Bla BlaBla BlaBlaBlaBla Bla Bla Bla BlaBlaBla BlaBla Bla BlaBla BlaBlaBlaBla BlaBla Bla BlaBla BlaBla Bla"
              RenderBlock {P} at (1,34) size 724x0
      RenderBlock (anonymous) at (0,43) size 784x19
        RenderBR {BR} at (0,0) size 0x19
      RenderTable {TABLE} at (0,62) size 730x43
        RenderTableSection {TBODY} at (0,0) size 730x43
          RenderTableRow {TR} at (0,2) size 730x35
            RenderTableCell {TD} at (2,2) size 726x35 [r=0 c=0 rs=1 cs=1]
              RenderBlock (anonymous) at (1,1) size 724x19
                RenderText {#text} at (0,0) size 724x19
                  text run at (0,0) width 724: "BlaBlaBla Bla BlaBla BlaBlaBlaBla Bla Bla Bla BlaBlaBla BlaBla Bla BlaBla BlaBlaBlaBla BlaBla Bla BlaBla BlaBla Bla"
              RenderBlock {P} at (1,34) size 724x0
          RenderTableRow {TR} at (0,39) size 730x2
            RenderTableCell {TD} at (2,39) size 726x2 [r=1 c=0 rs=1 cs=1]
