layer at (0,0) size 800x600
  RenderView at (0,0) size 800x600
layer at (0,0) size 800x600
  RenderBlock {HTML} at (0,0) size 800x600
    RenderBody {BODY} at (8,8) size 784x578
      RenderBlock {FORM} at (0,0) size 784x194
        RenderBlock {HR} at (0,0) size 602x2 [border: (1px inset #000000)]
        RenderTable {TABLE} at (0,9) size 600x185
          RenderTableSection {TBODY} at (0,0) size 600x185
            RenderTableRow {TR} at (0,2) size 600x44
              RenderTableCell {TD} at (2,2) size 594x44 [r=0 c=0 rs=1 cs=3]
                RenderImage {IMG} at (7,1) size 579x42
                RenderText {#text} at (0,0) size 0x0
            RenderTableRow {TR} at (0,48) size 600x55
              RenderTableCell {TD} at (2,50) size 594x51 [bgcolor=#99CCCC] [r=1 c=0 rs=1 cs=3]
                RenderInline {FONT} at (0,0) size 108x16
                  RenderInline {B} at (0,0) size 108x16
                    RenderText {#text} at (37,10) size 108x16
                      text run at (37,10) width 108: "Search the Web with"
                RenderText {#text} at (145,7) size 4x19
                  text run at (145,7) width 4: " "
                RenderMenuList {SELECT} at (151,3) size 92x25 [bgcolor=#FFFFFF]
                  RenderBlock (anonymous) at (8,4) size 60x19
                    RenderText at (0,0) size 60x19
                      text run at (0,0) width 60: "Netscape"
                RenderTextControl {INPUT} at (247,4) size 248x25 [border: (2px inset #000000)]
                RenderText {#text} at (497,7) size 4x19
                  text run at (497,7) width 4: " "
                RenderButton {INPUT} at (503,3) size 51x28 [bgcolor=#C0C0C0]
                  RenderBlock (anonymous) at (6,6) size 39x17
                    RenderText at (0,0) size 39x17
                      text run at (0,0) width 39: "Search"
                RenderBR {BR} at (556,21) size 0x0
                RenderInline {SMALL} at (0,0) size 566x17
                  RenderInline {A} at (0,0) size 97x17 [color=#0000EE]
                    RenderText {#text} at (14,33) size 97x17
                      text run at (14,33) width 97: "Classifieds< /A>   "
                  RenderInline {A} at (0,0) size 61x17 [color=#0000EE]
                    RenderText {#text} at (111,33) size 61x17
                      text run at (111,33) width 22: "Net "
                      text run at (133,33) width 39: "Search"
                  RenderText {#text} at (172,33) size 9x17
                    text run at (172,33) width 9: "   "
                  RenderInline {A} at (0,0) size 82x17 [color=#0000EE]
                    RenderText {#text} at (181,33) size 82x17
                      text run at (181,33) width 55: "Find Web "
                      text run at (236,33) width 27: "Sites"
                  RenderText {#text} at (263,33) size 9x17
                    text run at (263,33) width 3: " "
                    text run at (266,33) width 6: "  "
                  RenderInline {A} at (0,0) size 65x17 [color=#0000EE]
                    RenderText {#text} at (272,33) size 65x17
                      text run at (272,33) width 39: "What's "
                      text run at (311,33) width 26: "Cool"
                  RenderText {#text} at (337,33) size 9x17
                    text run at (337,33) width 9: "   "
                  RenderInline {A} at (0,0) size 64x17 [color=#0000EE]
                    RenderText {#text} at (346,33) size 64x17
                      text run at (346,33) width 64: "What's New"
                  RenderText {#text} at (410,33) size 9x17
                    text run at (410,33) width 9: "   "
                  RenderInline {A} at (0,0) size 77x17 [color=#0000EE]
                    RenderText {#text} at (419,33) size 77x17
                      text run at (419,33) width 77: "People Finder"
                  RenderText {#text} at (496,33) size 9x17
                    text run at (496,33) width 9: "   "
                  RenderInline {A} at (0,0) size 75x17 [color=#0000EE]
                    RenderText {#text} at (505,33) size 75x17
                      text run at (505,33) width 75: "Yellow Pages"
                  RenderText {#text} at (0,0) size 0x0
                RenderText {#text} at (0,0) size 0x0
            RenderTableRow {TR} at (0,105) size 600x50
              RenderTableCell {TD} at (2,113) size 159x34 [r=2 c=0 rs=1 cs=1]
                RenderInline {A} at (0,0) size 98x32 [color=#0000EE]
                  RenderInline {FONT} at (0,0) size 98x32 [color=#CC0033]
                    RenderText {#text} at (30,1) size 98x32
                      text run at (30,1) width 98: "Download Netscape"
                      text run at (35,17) width 89: "Communicator 4.5"
              RenderTableCell {TD} at (163,105) size 270x50 [r=2 c=1 rs=1 cs=1]
                RenderInline {A} at (0,0) size 232x27 [color=#0000EE]
                  RenderImage {IMG} at (19,1) size 232x35 [border: (1px solid #0000EE)]
                  RenderBR {BR} at (251,36) size 0x0
                  RenderInline {FONT} at (0,0) size 47x13
                    RenderText {#text} at (111,36) size 47x13
                      text run at (111,36) width 47: "Click Here!"
                RenderBR {BR} at (158,45) size 0x0
              RenderTableCell {TD} at (435,121) size 161x18 [r=2 c=2 rs=1 cs=1]
                RenderInline {A} at (0,0) size 112x16 [color=#0000EE]
                  RenderInline {FONT} at (0,0) size 112x16 [color=#0066FF]
                    RenderText {#text} at (24,1) size 112x16
                      text run at (24,1) width 112: "Hassle-Free Upgrades"
                RenderText {#text} at (0,0) size 0x0
            RenderTableRow {TR} at (0,157) size 600x21
              RenderTableCell {TD} at (2,157) size 594x21 [r=3 c=0 rs=1 cs=3]
                RenderInline {A} at (0,0) size 42x19 [color=#0000EE]
                  RenderInline {FONT} at (0,0) size 42x16 [color=#0066FF]
                    RenderInline {B} at (0,0) size 42x16
                      RenderText {#text} at (21,4) size 42x16
                        text run at (21,4) width 42: "Contact"
                RenderInline {FONT} at (0,0) size 0x16 [color=#0066FF]
                RenderText {#text} at (63,1) size 12x19
                  text run at (63,1) width 12: " : "
                RenderInline {SMALL} at (0,0) size 498x17
                  RenderInline {A} at (0,0) size 76x17 [color=#0000EE]
                    RenderText {#text} at (75,3) size 76x17
                      text run at (75,3) width 76: "Address Book"
                  RenderText {#text} at (151,3) size 10x17
                    text run at (151,3) width 10: " - "
                  RenderInline {A} at (0,0) size 66x17 [color=#0000EE]
                    RenderText {#text} at (161,3) size 66x17
                      text run at (161,3) width 66: "Discussions"
                  RenderText {#text} at (227,3) size 10x17
                    text run at (227,3) width 10: " - "
                  RenderInline {A} at (0,0) size 100x17 [color=#0000EE]
                    RenderText {#text} at (237,3) size 100x17
                      text run at (237,3) width 100: "Instant Messenger"
                  RenderText {#text} at (337,3) size 10x17
                    text run at (337,3) width 10: " - "
                  RenderInline {A} at (0,0) size 79x17 [color=#0000EE]
                    RenderText {#text} at (347,3) size 79x17
                      text run at (347,3) width 79: "Long Distance"
                  RenderText {#text} at (426,3) size 10x17
                    text run at (426,3) width 10: " - "
                  RenderInline {A} at (0,0) size 51x17 [color=#0000EE]
                    RenderText {#text} at (436,3) size 51x17
                      text run at (436,3) width 51: "Members"
                  RenderText {#text} at (487,3) size 10x17
                    text run at (487,3) width 10: " - "
                  RenderInline {A} at (0,0) size 76x17 [color=#0000EE]
                    RenderText {#text} at (497,3) size 76x17
                      text run at (497,3) width 76: "WebMail< /A>"
                RenderInline {A} at (0,0) size 0x0 [color=#0000EE]
                  RenderText {#text} at (0,0) size 0x0
            RenderTableRow {TR} at (0,180) size 600x3
              RenderTableCell {TD} at (2,180) size 596x3 [bgcolor=#99CCCC] [r=4 c=0 rs=1 cs=4]
                RenderTable {TABLE} at (1,1) size 1x1
                  RenderTableSection {TBODY} at (0,0) size 1x1
                    RenderTableRow {TR} at (0,0) size 1x1
                      RenderTableCell {TD} at (0,0) size 0x0 [r=0 c=0 rs=1 cs=1]
layer at (260,74) size 242x19
  RenderBlock {DIV} at (3,3) size 242x19
