layer at (0,0) size 800x600
  RenderView at (0,0) size 800x600
layer at (0,0) size 800x215
  RenderBlock {HTML} at (0,0) size 800x215
    RenderBody {BODY} at (8,8) size 784x199
      RenderTable {TABLE} at (0,0) size 200x79 [border: (1px outset #808080)]
        RenderTableSection {TBODY} at (1,1) size 198x77
          RenderTableRow {TR} at (0,2) size 198x23
            RenderTableCell {TD} at (2,2) size 96x23 [border: (1px inset #808080)] [r=0 c=0 rs=1 cs=1]
              RenderText {#text} at (2,2) size 27x19
                text run at (2,2) width 27: "AAA"
            RenderTableCell {TD} at (100,2) size 96x23 [border: (1px inset #808080)] [r=0 c=1 rs=1 cs=1]
              RenderText {#text} at (2,2) size 27x19
                text run at (2,2) width 27: "BBB"
          RenderTableRow {TR} at (0,27) size 198x23
            RenderTableCell {TD} at (2,27) size 96x23 [border: (1px inset #808080)] [r=1 c=0 rs=1 cs=1]
              RenderText {#text} at (43,2) size 9x19
                text run at (43,2) width 9: "A"
            RenderTableCell {TD} at (100,27) size 96x23 [border: (1px inset #808080)] [r=1 c=1 rs=1 cs=1]
              RenderText {#text} at (43,2) size 9x19
                text run at (43,2) width 9: "B"
          RenderTableRow {TR} at (0,52) size 198x23
            RenderTableCell {TD} at (2,52) size 96x23 [border: (1px inset #808080)] [r=2 c=0 rs=1 cs=1]
              RenderText {#text} at (85,2) size 9x19
                text run at (85,2) width 9: "A"
            RenderTableCell {TD} at (100,52) size 96x23 [border: (1px inset #808080)] [r=2 c=1 rs=1 cs=1]
              RenderText {#text} at (85,2) size 9x19
                text run at (85,2) width 9: "B"
      RenderBlock (anonymous) at (0,79) size 784x19
        RenderBR {BR} at (0,0) size 0x19
      RenderTable {TABLE} at (0,98) size 784x82 [border: (1px outset #808080)]
        RenderTableSection {TBODY} at (1,1) size 782x80
          RenderTableRow {TR} at (0,2) size 782x24
            RenderTableCell {TD} at (2,2) size 360x23 [border: (1px inset #808080)] [r=0 c=0 rs=1 cs=1]
              RenderText {#text} at (2,2) size 25x19
                text run at (2,2) width 25: "<tr>"
            RenderTableCell {TH} at (364,2) size 214x24 [border: (1px inset #808080)] [r=0 c=1 rs=1 cs=1]
              RenderText {#text} at (73,2) size 68x20
                text run at (73,2) width 68: "th: Center"
            RenderTableCell {TD} at (580,2) size 200x23 [border: (1px inset #808080)] [r=0 c=2 rs=1 cs=1]
              RenderText {#text} at (2,2) size 44x19
                text run at (2,2) width 44: "td: Left"
          RenderTableRow {TR} at (0,28) size 782x24
            RenderTableCell {TD} at (2,28) size 360x23 [border: (1px inset #808080)] [r=1 c=0 rs=1 cs=1]
              RenderText {#text} at (2,2) size 96x19
                text run at (2,2) width 96: "<tr align=\"left\">"
            RenderTableCell {TH} at (364,28) size 214x24 [border: (1px inset #808080)] [r=1 c=1 rs=1 cs=1]
              RenderText {#text} at (2,2) size 50x20
                text run at (2,2) width 50: "th: Left"
            RenderTableCell {TD} at (580,28) size 200x23 [border: (1px inset #808080)] [r=1 c=2 rs=1 cs=1]
              RenderText {#text} at (2,2) size 44x19
                text run at (2,2) width 44: "td: Left"
          RenderTableRow {TR} at (0,54) size 782x24
            RenderTableCell {TD} at (2,54) size 360x23 [border: (1px inset #808080)] [r=2 c=0 rs=1 cs=1]
              RenderText {#text} at (2,2) size 117x19
                text run at (2,2) width 117: "<tr align=\"center\">"
            RenderTableCell {TH} at (364,54) size 214x24 [border: (1px inset #808080)] [r=2 c=1 rs=1 cs=1]
              RenderText {#text} at (73,2) size 68x20
                text run at (73,2) width 68: "th: Center"
            RenderTableCell {TD} at (580,54) size 200x23 [border: (1px inset #808080)] [r=2 c=2 rs=1 cs=1]
              RenderText {#text} at (68,2) size 63x19
                text run at (68,2) width 63: "td: Center"
      RenderBlock (anonymous) at (0,180) size 784x19
        RenderBR {BR} at (0,0) size 0x19
