layer at (0,0) size 800x600
  RenderView at (0,0) size 800x600
layer at (0,0) size 800x600
  RenderBlock {HTML} at (0,0) size 800x600
    RenderBody {BODY} at (8,8) size 784x584
      RenderTable {TABLE} at (309,2) size 473x47 [bgcolor=#000000] [border: (5px outset #808080)]
        RenderTableSection {TBODY} at (5,5) size 463x37
          RenderTableRow {TR} at (0,0) size 463x37
            RenderTableCell {TD} at (0,0) size 463x37 [border: (1px inset #808080)] [r=0 c=0 rs=1 cs=1]
              RenderTable {TABLE} at (2,2) size 459x33 [border: (5px outset #808080)]
                RenderTableSection {TBODY} at (5,5) size 449x23
                  RenderTableRow {TR} at (0,0) size 449x23
                    RenderTableCell {TD} at (0,0) size 449x23 [bgcolor=#FFFFCC] [border: (1px inset #808080)] [r=0 c=0 rs=1 cs=1]
                      RenderText {#text} at (2,2) size 445x19
                        text run at (2,2) width 445: "xxxxxxxxxxxxxxxxxxxxxxxxxxxxxxxxxxxxxxxxxxxxxxxxxxxxxxxxxxxxxxQ"
