layer at (0,0) size 800x606
  RenderView at (0,0) size 800x600
layer at (0,0) size 800x606
  RenderBlock {HTML} at (0,0) size 800x606
    RenderBody {BODY} at (8,8) size 784x590
      RenderTable {TABLE} at (0,0) size 64x113 [border: (1px outset #808080)]
        RenderBlock {CAPTION} at (0,0) size 62x57 [color=#008000] [bgcolor=#FFFFE0]
          RenderText {#text} at (3,0) size 56x57
            text run at (3,0) width 56: "Where is"
            text run at (21,19) width 20: "the"
            text run at (11,38) width 39: "table?"
        RenderTableSection {THEAD} at (1,58) size 62x27
          RenderTableRow {TR} at (0,2) size 62x23
            RenderTableCell {TD} at (2,2) size 58x23 [border: (1px inset #808080)] [r=0 c=0 rs=1 cs=1]
              RenderText {#text} at (2,2) size 47x19
                text run at (2,2) width 47: "Header"
        RenderTableSection {TBODY} at (1,85) size 62x27
          RenderTableRow {TR} at (0,2) size 62x23
            RenderTableCell {TD} at (2,2) size 58x23 [border: (1px inset #808080)] [r=0 c=0 rs=1 cs=1]
              RenderText {#text} at (2,2) size 54x19
                text run at (2,2) width 54: "Kibology"
      RenderBlock {HR} at (0,120) size 784x2 [border: (1px inset #000000)]
      RenderTable {TABLE} at (0,129) size 64x56 [border: (1px outset #808080)]
        RenderTableSection {THEAD} at (1,1) size 62x27
          RenderTableRow {TR} at (0,2) size 62x23
            RenderTableCell {TD} at (2,2) size 58x23 [border: (1px inset #808080)] [r=0 c=0 rs=1 cs=1]
              RenderText {#text} at (2,2) size 47x19
                text run at (2,2) width 47: "Header"
        RenderTableSection {TBODY} at (1,28) size 62x27
          RenderTableRow {TR} at (0,2) size 62x23
            RenderTableCell {TD} at (2,2) size 58x23 [border: (1px inset #808080)] [r=0 c=0 rs=1 cs=1]
              RenderText {#text} at (2,2) size 54x19
                text run at (2,2) width 54: "Kibology"
      RenderBlock {HR} at (0,192) size 784x2 [border: (1px inset #000000)]
      RenderTable {TABLE} at (0,201) size 64x94 [border: (1px outset #808080)]
        RenderBlock {CAPTION} at (0,0) size 62x38 [color=#008000] [bgcolor=#FFFFE0]
          RenderText {#text} at (8,0) size 55x38
            text run at (8,0) width 45: "Here is"
            text run at (3,19) width 55: "the table"
        RenderTableSection {THEAD} at (1,39) size 62x27
          RenderTableRow {TR} at (0,2) size 62x23
            RenderTableCell {TD} at (2,2) size 58x23 [border: (1px inset #808080)] [r=0 c=0 rs=1 cs=1]
              RenderText {#text} at (2,2) size 47x19
                text run at (2,2) width 47: "Header"
        RenderTableSection {TBODY} at (1,66) size 62x27
          RenderTableRow {TR} at (0,2) size 62x23
            RenderTableCell {TD} at (2,2) size 58x23 [border: (1px inset #808080)] [r=0 c=0 rs=1 cs=1]
              RenderText {#text} at (2,2) size 54x19
                text run at (2,2) width 54: "Kibology"
      RenderTable {TABLE} at (0,295) size 64x113 [border: (1px outset #808080)]
        RenderTableSection {THEAD} at (1,58) size 62x27
          RenderTableRow {TR} at (0,2) size 62x23
            RenderTableCell {TD} at (2,2) size 58x23 [border: (1px inset #808080)] [r=0 c=0 rs=1 cs=1]
              RenderText {#text} at (2,2) size 47x19
                text run at (2,2) width 47: "Header"
        RenderBlock {CAPTION} at (0,0) size 62x57 [color=#008000] [bgcolor=#FFFFE0]
          RenderText {#text} at (3,0) size 56x57
            text run at (3,0) width 56: "Where is"
            text run at (21,19) width 20: "the"
            text run at (11,38) width 39: "table?"
        RenderTableSection {TBODY} at (1,85) size 62x27
          RenderTableRow {TR} at (0,2) size 62x23
            RenderTableCell {TD} at (2,2) size 58x23 [border: (1px inset #808080)] [r=0 c=0 rs=1 cs=1]
              RenderText {#text} at (2,2) size 54x19
                text run at (2,2) width 54: "Kibology"
      RenderBlock {HR} at (0,415) size 784x2 [border: (1px inset #000000)]
      RenderTable {TABLE} at (0,424) size 64x56 [border: (1px outset #808080)]
        RenderTableSection {THEAD} at (1,1) size 62x27
          RenderTableRow {TR} at (0,2) size 62x23
            RenderTableCell {TD} at (2,2) size 58x23 [border: (1px inset #808080)] [r=0 c=0 rs=1 cs=1]
              RenderText {#text} at (2,2) size 47x19
                text run at (2,2) width 47: "Header"
        RenderTableSection {TBODY} at (1,28) size 62x27
          RenderTableRow {TR} at (0,2) size 62x23
            RenderTableCell {TD} at (2,2) size 58x23 [border: (1px inset #808080)] [r=0 c=0 rs=1 cs=1]
              RenderText {#text} at (2,2) size 54x19
                text run at (2,2) width 54: "Kibology"
      RenderBlock {HR} at (0,487) size 784x2 [border: (1px inset #000000)]
      RenderTable {TABLE} at (0,496) size 64x94 [border: (1px outset #808080)]
        RenderTableSection {THEAD} at (1,39) size 62x27
          RenderTableRow {TR} at (0,2) size 62x23
            RenderTableCell {TD} at (2,2) size 58x23 [border: (1px inset #808080)] [r=0 c=0 rs=1 cs=1]
              RenderText {#text} at (2,2) size 47x19
                text run at (2,2) width 47: "Header"
        RenderBlock {CAPTION} at (0,0) size 62x38 [color=#008000] [bgcolor=#FFFFE0]
          RenderText {#text} at (8,0) size 55x38
            text run at (8,0) width 45: "Here is"
            text run at (3,19) width 55: "the table"
        RenderTableSection {TBODY} at (1,66) size 62x27
          RenderTableRow {TR} at (0,2) size 62x23
            RenderTableCell {TD} at (2,2) size 58x23 [border: (1px inset #808080)] [r=0 c=0 rs=1 cs=1]
              RenderText {#text} at (2,2) size 54x19
                text run at (2,2) width 54: "Kibology"
