layer at (0,0) size 800x600
  RenderView at (0,0) size 800x600
layer at (0,0) size 800x600
  RenderBlock {HTML} at (0,0) size 800x600
    RenderBody {BODY} at (8,8) size 784x584
      RenderTable {TABLE} at (0,0) size 450x50
        RenderTableSection {TBODY} at (0,0) size 450x50
          RenderTableRow {TR} at (0,2) size 450x46
            RenderTableCell {TD} at (2,2) size 446x46 [r=0 c=0 rs=1 cs=1]
              RenderBlock (anonymous) at (1,1) size 444x19
                RenderTable {TABLE} at (0,0) size 444x20 [bgcolor=#FFFF00]
                  RenderTableSection {TBODY} at (0,0) size 444x20
                    RenderTableRow {TR} at (0,0) size 444x20
                      RenderTableCell {TD} at (0,0) size 444x20 [r=0 c=0 rs=1 cs=1]
                        RenderInline {FONT} at (0,0) size 9x16
                          RenderText {#text} at (2,2) size 9x16
                            text run at (2,2) width 9: "In"
                        RenderText {#text} at (0,0) size 0x0
                RenderBR {BR} at (0,0) size 0x19
              RenderTable {TABLE} at (1,20) size 439x25 [bgcolor=#FF00FF]
                RenderTableSection {TBODY} at (0,0) size 439x25
                  RenderTableRow {TR} at (0,2) size 439x21
                    RenderTableCell {TD} at (2,2) size 435x21 [r=0 c=0 rs=1 cs=1]
                      RenderText {#text} at (1,1) size 119x19
                        text run at (1,1) width 119: "Shop Till You Drop"
