layer at (0,0) size 800x1938
  RenderView at (0,0) size 800x600
layer at (0,0) size 800x1938
  RenderBlock {HTML} at (0,0) size 800x1938
    RenderBody {BODY} at (0,0) size 800x1938 [bgcolor=#53799F]
      RenderBlock {CENTER} at (0,0) size 800x1938
        RenderBlock (anonymous) at (0,0) size 800x19
          RenderBR {BR} at (400,0) size 0x19
        RenderTable {TABLE} at (20,19) size 760x1900 [border: (1px solid #000000)]
          RenderTableSection {TBODY} at (1,1) size 758x1898
            RenderTableRow {TR} at (0,0) size 758x21
              RenderTableCell {TD} at (0,0) size 758x21 [bgcolor=#3F5694] [border: (1px solid #000000)] [r=0 c=0 rs=1 cs=1]
                RenderText {#text} at (361,1) size 35x19
                  text run at (361,1) width 35: "News"
            RenderTableRow {TR} at (0,21) size 758x41
              RenderTableCell {TD} at (0,21) size 758x41 [border: (1px solid #000000)] [r=1 c=0 rs=1 cs=1]
                RenderInline {B} at (0,0) size 92x20
                  RenderText {#text} at (333,1) size 92x20
                    text run at (333,1) width 92: "11. M\x{E4}rz 2002"
                RenderBR {BR} at (425,15) size 0x0
                RenderText {#text} at (66,21) size 625x19
                  text run at (66,21) width 489: "nun gibt es auch eine kommerzielle Version vom PopUp-Manager, mehr Info "
                  text run at (555,21) width 136: "unter komerz. Scripte"
            RenderTableRow {TR} at (0,62) size 758x41
              RenderTableCell {TD} at (0,62) size 758x41 [border: (1px solid #000000)] [r=2 c=0 rs=1 cs=1]
                RenderInline {B} at (0,0) size 88x20
                  RenderText {#text} at (335,1) size 88x20
                    text run at (335,1) width 88: "09.M\x{E4}rz 2002"
                  RenderBR {BR} at (423,15) size 0x0
                RenderText {#text} at (176,21) size 406x19
                  text run at (176,21) width 406: "neues Script ist online, PopUp-Manager, mehr Info unter Scripte"
            RenderTableRow {TR} at (0,103) size 758x40
              RenderTableCell {TD} at (0,103) size 758x40 [border: (1px solid #000000)] [r=3 c=0 rs=1 cs=1]
                RenderText {#text} at (316,1) size 126x19
                  text run at (316,1) width 126: "17. November 2001"
                RenderBR {BR} at (442,15) size 0x0
                RenderText {#text} at (299,20) size 159x19
                  text run at (299,20) width 159: "Endlich wieder Online! :-)"
            RenderTableRow {TR} at (0,143) size 758x173
              RenderTableCell {TD} at (0,143) size 758x173 [border: (1px solid #000000)] [r=4 c=0 rs=1 cs=1]
                RenderText {#text} at (285,1) size 188x19
                  text run at (285,1) width 188: "23. Oktober 2001 (21:00 Uhr)"
                RenderBR {BR} at (473,15) size 0x0
                RenderText {#text} at (325,20) size 107x19
                  text run at (325,20) width 107: "Es ist vollbracht! "
                RenderBR {BR} at (432,34) size 0x0
                RenderText {#text} at (218,39) size 321x19
                  text run at (218,39) width 321: "Ich habe nun den .htaccess-BUG bei den Scripten:"
                RenderBR {BR} at (539,53) size 0x0
                RenderText {#text} at (116,58) size 525x19
                  text run at (116,58) width 525: "The Real Topsites, Sponsor Manager, Download Manager und Password Manager"
                RenderBR {BR} at (641,72) size 0x0
                RenderText {#text} at (131,77) size 495x19
                  text run at (131,77) width 436: "abgeschafft, brauchte 2 Tage daf\x{FC}r, dabei lag der Fehler vor meiner "
                  text run at (567,77) width 59: "Nase ! :-)"
                RenderBR {BR} at (626,91) size 0x0
                RenderText {#text} at (14,96) size 755x76
                  text run at (14,96) width 381: "F\x{FC}r Euch hei\x{DF}t es, wenn Ihr eines der Scripte benutzt, ladet "
                  text run at (395,96) width 348: "Euch die admin.cgi runter und vereinbart unbedingt ein"
                  text run at (1,115) width 113: "neues Password! "
                  text run at (114,115) width 444: "Au\x{DF}erdem wurde bei der Toplist die Sache mit dem Button Load/Klick "
                  text run at (558,115) width 198: "um programmiert, f\x{FC}r die Leute"
                  text run at (5,134) width 260: "die den Button Load/Klick Modus haben, "
                  text run at (265,134) width 444: "Ihr m\x{FC}st Euch auch die topsites.cgi laden und im Admin Bereich unter "
                  text run at (709,134) width 43: "Modus"
                  text run at (246,153) width 265: "unten die URL zu Eurem Button angeben!"
            RenderTableRow {TR} at (0,316) size 758x40
              RenderTableCell {TD} at (0,316) size 758x40 [border: (1px solid #000000)] [r=5 c=0 rs=1 cs=1]
                RenderText {#text} at (323,1) size 111x19
                  text run at (323,1) width 111: "22. Oktober 2001"
                RenderBR {BR} at (434,15) size 0x0
                RenderText {#text} at (140,20) size 477x19
                  text run at (140,20) width 431: "Download-Bereich ist vorrerst geschlo\x{DF}en, kommen Sie bitte sp\x{E4}ter "
                  text run at (571,20) width 46: "wieder."
            RenderTableRow {TR} at (0,356) size 758x59
              RenderTableCell {TD} at (0,356) size 758x59 [border: (1px solid #000000)] [r=6 c=0 rs=1 cs=1]
                RenderText {#text} at (285,1) size 188x19
                  text run at (285,1) width 188: "21. Oktober 2001 (22:45 Uhr)"
                RenderBR {BR} at (473,15) size 0x0
                RenderText {#text} at (13,20) size 731x38
                  text run at (13,20) width 405: "OK, sorry f\x{FC}r die Unannehmlichkeiten, aber Ihr m\x{FC}sst Euch nun "
                  text run at (418,20) width 326: "noch mal die Scripte runter laden und die admin.cgi"
                  text run at (85,39) width 141: "erneuern, hier kommt "
                  text run at (226,39) width 446: "noch das Password-Manager-Script dazu, sollte jetzt alles sicher sein! "
                RenderBR {BR} at (0,0) size 0x0
            RenderTableRow {TR} at (0,415) size 758x116
              RenderTableCell {TD} at (0,415) size 758x116 [border: (1px solid #000000)] [r=7 c=0 rs=1 cs=1]
                RenderText {#text} at (285,1) size 188x19
                  text run at (285,1) width 188: "21. Oktober 2001 (20:50 Uhr)"
                RenderBR {BR} at (473,15) size 0x0
                RenderText {#text} at (188,20) size 381x19
                  text run at (188,20) width 381: "An alle Leute die follgende Scripte von G5-Scripts benutzen:"
                RenderBR {BR} at (569,34) size 0x0
                RenderText {#text} at (197,39) size 364x19
                  text run at (197,39) width 364: "The Real Topsites, Download Counter, Sponsor Manager"
                RenderBR {BR} at (561,53) size 0x0
                RenderText {#text} at (40,58) size 678x19
                  text run at (40,58) width 471: "bitte noch ein mal runter laden und die admin.cgi erneuern, beim Sponsor "
                  text run at (511,58) width 207: "Manager kommt noch eine Datei"
                RenderBR {BR} at (718,72) size 0x0
                RenderText {#text} at (322,77) size 114x19
                  text run at (322,77) width 114: "'variable.pl' dazu!!"
                RenderBR {BR} at (436,91) size 0x0
                RenderText {#text} at (86,96) size 586x19
                  text run at (86,96) width 480: "Der Grund : man hat festgestellt das .htaccess Password Schutz doch nicht "
                  text run at (566,96) width 106: "das sicherste ist!"
            RenderTableRow {TR} at (0,531) size 758x187
              RenderTableCell {TD} at (0,531) size 758x187 [border: (1px solid #000000)] [r=8 c=0 rs=1 cs=1]
                RenderBlock {P} at (1,1) size 756x133
                  RenderText {#text} at (322,0) size 111x19
                    text run at (322,0) width 111: "13. Oktober 2001"
                  RenderBR {BR} at (433,14) size 0x0
                  RenderText {#text} at (94,19) size 568x19
                    text run at (94,19) width 486: "Ich habe es nun endlich geschafft das Gateway bei der Toplist mit IP-Sperre "
                    text run at (580,19) width 82: "zu versehen,"
                  RenderBR {BR} at (662,33) size 0x0
                  RenderText {#text} at (14,38) size 728x19
                    text run at (14,38) width 448: "dabei war der Fehler den ich vorher nicht verstand eine simple Sache, "
                    text run at (462,38) width 280: "h\x{E4}tte ich doch ein wenig mehr nachgedacht!"
                  RenderBR {BR} at (742,52) size 0x0
                  RenderText {#text} at (18,57) size 720x76
                    text run at (18,57) width 434: "Des weiteren habe ich noch die Datensicherung umgeschrieben, f\x{FC}r "
                    text run at (452,57) width 286: "alle die Listen deren Hits ab und zu mal auf 0"
                    text run at (29,76) width 142: "gesetzt werden, sollte "
                    text run at (171,76) width 462: "jetzt nicht mehr passieren und ich habe noch den Mail Versand aus dem "
                    text run at (633,76) width 93: "Admin-Bereich"
                    text run at (29,95) width 350: "umgeschrieben und zwar wurde fr\x{FC}her der Text immer "
                    text run at (379,95) width 348: "zusammen gequetscht, die Enters wurden so zu sagen"
                    text run at (297,114) width 90: "ignoriert, jetzt "
                    text run at (387,114) width 71: "nicht mehr!"
                RenderBlock {P} at (1,148) size 756x38
                  RenderText {#text} at (13,0) size 730x38
                    text run at (13,0) width 375: ">> F\x{FC}r alle die das Script vor dem 11.10.01 runter geladen "
                    text run at (388,0) width 355: "haben, Ihr solltet es Euch noch mal runter laden und die"
                    text run at (147,19) width 120: "folgenden Dateien "
                    text run at (267,19) width 342: "durch die neuen ersetzen: topsites.cgi und admin.cgi ."
            RenderTableRow {TR} at (0,718) size 758x40
              RenderTableCell {TD} at (0,718) size 758x40 [border: (1px solid #000000)] [r=9 c=0 rs=1 cs=1]
                RenderText {#text} at (323,1) size 111x19
                  text run at (323,1) width 111: "11. Oktober 2001"
                RenderBR {BR} at (434,15) size 0x0
                RenderText {#text} at (134,20) size 490x19
                  text run at (134,20) width 490: "neues Script ist online, .htaccess-Password-Manager, mehr Info unter Scripte"
            RenderTableRow {TR} at (0,758) size 758x40
              RenderTableCell {TD} at (0,758) size 758x40 [border: (1px solid #000000)] [r=10 c=0 rs=1 cs=1]
                RenderText {#text} at (314,1) size 130x19
                  text run at (314,1) width 130: "08. September 2001"
                RenderBR {BR} at (444,15) size 0x0
                RenderText {#text} at (215,20) size 328x19
                  text run at (215,20) width 328: "Eine neu Version des Download Counters ist online!"
            RenderTableRow {TR} at (0,798) size 758x59
              RenderTableCell {TD} at (0,798) size 758x59 [border: (1px solid #000000)] [r=11 c=0 rs=1 cs=1]
                RenderText {#text} at (327,1) size 104x19
                  text run at (327,1) width 104: "11. August 2001"
                RenderBR {BR} at (431,15) size 0x0
                RenderText {#text} at (42,20) size 674x19
                  text run at (42,20) width 453: "Ich habe so eben eine random.cgi f\x{FC}r den Topsites Script geschrieben. "
                  text run at (495,20) width 221: "Die random.cgi f\x{FC}hrt den Besucher"
                RenderBR {BR} at (716,34) size 0x0
                RenderText {#text} at (267,39) size 223x19
                  text run at (267,39) width 223: "auf eine zuf\x{E4}llig ausgew\x{E4}hlte Seite."
            RenderTableRow {TR} at (0,857) size 758x59
              RenderTableCell {TD} at (0,857) size 758x59 [border: (1px solid #000000)] [r=12 c=0 rs=1 cs=1]
                RenderText {#text} at (327,1) size 104x19
                  text run at (327,1) width 104: "08. August 2001"
                RenderBR {BR} at (431,15) size 0x0
                RenderText {#text} at (109,20) size 539x19
                  text run at (109,20) width 465: "Ich schreibe gerade eine neue Version von dem Download Counter, bitte "
                  text run at (574,20) width 74: "schreibt mir"
                RenderBR {BR} at (648,34) size 0x0
                RenderText {#text} at (201,39) size 356x19
                  text run at (201,39) width 356: "ins Forum was Ihr da alles haben wollt, wer das benutzt!"
            RenderTableRow {TR} at (0,916) size 758x59
              RenderTableCell {TD} at (0,916) size 758x59 [border: (1px solid #000000)] [r=13 c=0 rs=1 cs=1]
                RenderText {#text} at (338,1) size 81x19
                  text run at (338,1) width 81: "09. Juli 2001"
                RenderBR {BR} at (419,15) size 0x0
                RenderText {#text} at (30,20) size 698x38
                  text run at (30,20) width 449: "eine kleiner Bug in der Topsites.cgi wurde behoben! Wer m\x{F6}chte kann "
                  text run at (479,20) width 249: "sich die jetzige Zip runter laden und die"
                  text run at (195,39) width 171: "topsites.cgi auktualisieren, "
                  text run at (366,39) width 197: "mu\x{DF} aber nicht unbedingt sein!"
            RenderTableRow {TR} at (0,975) size 758x59
              RenderTableCell {TD} at (0,975) size 758x59 [border: (1px solid #000000)] [r=14 c=0 rs=1 cs=1]
                RenderText {#text} at (338,1) size 81x19
                  text run at (338,1) width 81: "01. Juli 2001"
                RenderBR {BR} at (419,15) size 0x0
                RenderText {#text} at (92,20) size 573x19
                  text run at (92,20) width 508: "Jetzt haben wir einen Support Forum, postet Eure Fragen da rein und versuche "
                  text run at (600,20) width 65: "Sie alle zu"
                RenderBR {BR} at (665,34) size 0x0
                RenderText {#text} at (69,39) size 619x19
                  text run at (69,39) width 391: "beantworten! Au\x{DF}erdem k\x{F6}nnt Ihr dort auch Eure Vorschl\x{E4}ge "
                  text run at (460,39) width 228: "zu den einzelnen Scripten abgeben!"
            RenderTableRow {TR} at (0,1034) size 758x59
              RenderTableCell {TD} at (0,1034) size 758x59 [border: (1px solid #000000)] [r=15 c=0 rs=1 cs=1]
                RenderText {#text} at (338,1) size 81x19
                  text run at (338,1) width 81: "01. Juli 2001"
                RenderBR {BR} at (419,15) size 0x0
                RenderText {#text} at (126,20) size 505x19
                  text run at (126,20) width 481: "Und wieder eine neue Version von The Real Topsites ist online, die Version "
                  text run at (607,20) width 24: "3.4!"
                RenderBR {BR} at (631,34) size 0x0
                RenderText {#text} at (156,39) size 445x19
                  text run at (156,39) width 445: "Es gibt einige neue Funktionen und es wurde auch einiges verbessert!"
            RenderTableRow {TR} at (0,1093) size 758x59
              RenderTableCell {TD} at (0,1093) size 758x59 [border: (1px solid #000000)] [r=16 c=0 rs=1 cs=1]
                RenderText {#text} at (336,1) size 86x19
                  text run at (336,1) width 86: "20. Juni 2001"
                RenderBR {BR} at (422,15) size 0x0
                RenderText {#text} at (134,20) size 489x19
                  text run at (134,20) width 457: "unser Hoster hat ein paar kleine Probleme also sollte irgend was an der "
                  text run at (591,20) width 32: "Seite"
                RenderBR {BR} at (623,34) size 0x0
                RenderText {#text} at (255,39) size 248x19
                  text run at (255,39) width 248: "nicht gehen, einfach wieder versuchen!"
            RenderTableRow {TR} at (0,1152) size 758x97
              RenderTableCell {TD} at (0,1152) size 758x97 [border: (1px solid #000000)] [r=17 c=0 rs=1 cs=1]
                RenderText {#text} at (336,1) size 86x19
                  text run at (336,1) width 86: "09. Juni 2001"
                RenderBR {BR} at (422,15) size 0x0
                RenderText {#text} at (100,20) size 557x19
                  text run at (100,20) width 446: "Die neue Version (3.3) von The Real Topsites ist online, es gibt einige "
                  text run at (546,20) width 111: "neue Funktionen "
                RenderBR {BR} at (657,34) size 0x0
                RenderText {#text} at (259,39) size 239x19
                  text run at (259,39) width 239: "und es wurde auch einiges ver\x{E4}ndert!"
                RenderBR {BR} at (498,53) size 0x0
                RenderText {#text} at (253,58) size 252x19
                  text run at (253,58) width 252: "Mehr Info unter \"Perl Scripte\" im Men\x{FC}. "
                RenderBR {BR} at (505,72) size 0x0
                RenderText {#text} at (168,77) size 422x19
                  text run at (168,77) width 422: "P.S. den Umstieg auf die Version3.3 kann ich Euch nur empfehlen!"
            RenderTableRow {TR} at (0,1249) size 758x78
              RenderTableCell {TD} at (0,1249) size 758x78 [border: (1px solid #000000)] [r=18 c=0 rs=1 cs=1]
                RenderText {#text} at (336,1) size 86x19
                  text run at (336,1) width 86: "04. Juni 2001"
                RenderBR {BR} at (422,15) size 0x0
                RenderText {#text} at (151,20) size 455x19
                  text run at (151,20) width 455: "Ein kleiner Bug bei Topsites Script wurde gefunden und sofort behoben!"
                RenderBR {BR} at (606,34) size 0x0
                RenderText {#text} at (157,39) size 444x19
                  text run at (157,39) width 444: "Bug: es wurde immer wieder die selbe Site Of The Moment angezeigt!"
                RenderBR {BR} at (601,53) size 0x0
                RenderText {#text} at (159,58) size 440x19
                  text run at (159,58) width 436: "Ladet Euch die jetzige Version runter und ersetzt nur die topsites.cgi "
                  text run at (595,58) width 4: "!"
            RenderTableRow {TR} at (0,1327) size 758x59
              RenderTableCell {TD} at (0,1327) size 758x59 [border: (1px solid #000000)] [r=19 c=0 rs=1 cs=1]
                RenderText {#text} at (336,1) size 86x19
                  text run at (336,1) width 86: "01. Juni 2001"
                RenderBR {BR} at (422,15) size 0x0
                RenderText {#text} at (229,20) size 299x19
                  text run at (229,20) width 299: "Ein neues Script ist online! G5-ICQ Newsletter. "
                RenderBR {BR} at (528,34) size 0x0
                RenderText {#text} at (255,39) size 248x19
                  text run at (255,39) width 248: "Mehr Info unter \"Perl Scripte\" im Men\x{FC}."
            RenderTableRow {TR} at (0,1386) size 758x59
              RenderTableCell {TD} at (0,1386) size 758x59 [border: (1px solid #000000)] [r=20 c=0 rs=1 cs=1]
                RenderText {#text} at (337,1) size 83x19
                  text run at (337,1) width 83: "31. Mai 2001"
                RenderBR {BR} at (420,15) size 0x0
                RenderText {#text} at (173,20) size 412x19
                  text run at (173,20) width 412: "Ich habe einen ICQ-Newsletter Script installiert, unter dem Men\x{FC}."
                RenderBR {BR} at (585,34) size 0x0
                RenderText {#text} at (189,39) size 380x19
                  text run at (189,39) width 380: "Tragt Euch ein, dann seit Ihr immer auf dem neusten Stand!"
            RenderTableRow {TR} at (0,1445) size 758x40
              RenderTableCell {TD} at (0,1445) size 758x40 [border: (1px solid #000000)] [r=21 c=0 rs=1 cs=1]
                RenderText {#text} at (337,1) size 83x19
                  text run at (337,1) width 83: "26. Mai 2001"
                RenderBR {BR} at (420,15) size 0x0
                RenderText {#text} at (273,20) size 211x19
                  text run at (273,20) width 211: "The Real Topsites v3.0 ist online!"
            RenderTableRow {TR} at (0,1485) size 758x59
              RenderTableCell {TD} at (0,1485) size 758x59 [border: (1px solid #000000)] [r=22 c=0 rs=1 cs=1]
                RenderText {#text} at (337,1) size 83x19
                  text run at (337,1) width 83: "25. Mai 2001"
                RenderBR {BR} at (420,15) size 0x0
                RenderText {#text} at (220,20) size 317x19
                  text run at (220,20) width 317: "Ein neues Script ist online! G5-Download Counter."
                RenderBR {BR} at (537,34) size 0x0
                RenderText {#text} at (255,39) size 248x19
                  text run at (255,39) width 248: "Mehr Info unter \"Perl Scripte\" im Men\x{FC}."
            RenderTableRow {TR} at (0,1544) size 758x97
              RenderTableCell {TD} at (0,1544) size 758x97 [border: (1px solid #000000)] [r=23 c=0 rs=1 cs=1]
                RenderText {#text} at (337,1) size 83x19
                  text run at (337,1) width 83: "24. Mai 2001"
                RenderBR {BR} at (420,15) size 0x0
                RenderText {#text} at (132,20) size 494x19
                  text run at (132,20) width 423: "Ich habe es mir sehr lange \x{FC}berlegt, die Entscheidung war wirklich "
                  text run at (555,20) width 71: "nicht leicht!"
                RenderBR {BR} at (626,34) size 0x0
                RenderText {#text} at (104,39) size 549x19
                  text run at (104,39) width 403: "Ich habe mich entschieden den Script \"The Real Topsites\" zum "
                  text run at (507,39) width 146: "Download freizugeben."
                RenderBR {BR} at (653,53) size 0x0
                RenderText {#text} at (234,58) size 290x19
                  text run at (234,58) width 290: "Ihr k\x{F6}nnt es Euch jetzt kostenlos runter laden!"
                RenderBR {BR} at (524,72) size 0x0
                RenderText {#text} at (327,77) size 104x19
                  text run at (327,77) width 104: "Viel Spa\x{DF} damit!"
            RenderTableRow {TR} at (0,1641) size 758x59
              RenderTableCell {TD} at (0,1641) size 758x59 [border: (1px solid #000000)] [r=24 c=0 rs=1 cs=1]
                RenderText {#text} at (337,1) size 83x19
                  text run at (337,1) width 83: "13. Mai 2001"
                RenderBR {BR} at (420,15) size 0x0
                RenderText {#text} at (12,20) size 734x38
                  text run at (12,20) width 469: "Es gab nur eine kleine Ver\x{E4}nderung bei G5-Sponsor-Manager, man kann "
                  text run at (481,20) width 265: "den Script jetzt auch via Java aufrufen, so"
                  text run at (74,39) width 171: "das Euer Server jetzt nicht "
                  text run at (245,39) width 369: "unbedingt SSI unterst\x{FC}tzen mu\x{DF} um den Script ausf\x{FC}hren "
                  text run at (614,39) width 70: "zu k\x{F6}nnen!"
            RenderTableRow {TR} at (0,1700) size 758x59
              RenderTableCell {TD} at (0,1700) size 758x59 [border: (1px solid #000000)] [r=25 c=0 rs=1 cs=1]
                RenderText {#text} at (335,1) size 88x19
                  text run at (335,1) width 88: "22. April 2001"
                RenderBR {BR} at (423,15) size 0x0
                RenderText {#text} at (222,20) size 314x19
                  text run at (222,20) width 314: "Ein neues Script ist online! G5-Sponsor-Manager."
                RenderBR {BR} at (536,34) size 0x0
                RenderText {#text} at (255,39) size 248x19
                  text run at (255,39) width 248: "Mehr Info unter \"Perl Scripte\" im Men\x{FC}."
            RenderTableRow {TR} at (0,1759) size 758x78
              RenderTableCell {TD} at (0,1759) size 758x78 [border: (1px solid #000000)] [r=26 c=0 rs=1 cs=1]
                RenderText {#text} at (335,1) size 88x19
                  text run at (335,1) width 88: "20. April 2001"
                RenderBR {BR} at (423,15) size 0x0
                RenderText {#text} at (208,20) size 342x19
                  text run at (208,20) width 342: "Auf einige Anfragen habe ich eine Demonstration von "
                RenderBR {BR} at (550,34) size 0x0
                RenderText {#text} at (223,39) size 311x19
                  text run at (223,39) width 311: "\"The Real Topsites\" (Toplist Script) ver\x{F6}ffentlicht!"
                RenderBR {BR} at (534,53) size 0x0
                RenderText {#text} at (255,58) size 248x19
                  text run at (255,58) width 248: "Mehr Info unter \"Perl Scripte\" im Men\x{FC}."
            RenderTableRow {TR} at (0,1837) size 758x40
              RenderTableCell {TD} at (0,1837) size 758x40 [border: (1px solid #000000)] [r=27 c=0 rs=1 cs=1]
                RenderText {#text} at (333,1) size 92x19
                  text run at (333,1) width 92: "13. M\x{E4}rz 2001"
                RenderBR {BR} at (425,15) size 0x0
                RenderText {#text} at (239,20) size 280x19
                  text run at (239,20) width 280: "An diesem Tag ging die G5-Script.de online!"
            RenderTableRow {TR} at (0,1877) size 758x21
              RenderTableCell {TD} at (0,1877) size 758x21 [border: (1px solid #000000)] [r=28 c=0 rs=1 cs=1]
                RenderText {#text} at (377,1) size 4x19
                  text run at (377,1) width 4: " "
        RenderBlock (anonymous) at (0,1919) size 800x19
          RenderBR {BR} at (400,0) size 0x19
