layer at (0,0) size 800x12070
  RenderView at (0,0) size 800x600
layer at (0,0) size 800x12070
  RenderBlock {HTML} at (0,0) size 800x12070
    RenderBody {BODY} at (8,8) size 784x12054
      RenderTable {TABLE} at (0,0) size 614x12054 [border: (1px outset #808080)]
        RenderTableSection {TBODY} at (1,1) size 612x12052
          RenderTableRow {TR} at (0,2) size 612x12048
            RenderTableCell {TD} at (2,2) size 11x23 [border: (1px inset #808080)] [r=0 c=0 rs=1 cs=1]
              RenderText {#text} at (2,2) size 7x19
                text run at (2,2) width 7: "x"
            RenderTableCell {TD} at (15,2) size 595x12048 [border: (1px inset #808080)] [r=0 c=1 rs=1 cs=1]
              RenderBlock (anonymous) at (2,2) size 591x0
                RenderInline {FONT} at (0,0) size 0x0
                  RenderText {#text} at (0,0) size 0x0
              RenderBlock (anonymous) at (2,2) size 591x12044
                RenderTable {TABLE} at (0,0) size 555x54 [border: (1px outset #808080)]
                  RenderTableSection {TBODY} at (1,1) size 553x52
                    RenderTableRow {TR} at (0,2) size 553x23
                      RenderTableCell {TD} at (2,2) size 100x23 [border: (1px inset #808080)] [r=0 c=0 rs=1 cs=1]
                        RenderText {#text} at (2,2) size 4x19
                          text run at (2,2) width 4: " "
                      RenderTableCell {TD} at (104,2) size 447x4 [border: (1px inset #808080)] [r=0 c=1 rs=1 cs=1]
                    RenderTableRow {TR} at (0,27) size 553x23
                      RenderTableCell {TD} at (2,27) size 100x23 [border: (1px inset #808080)] [r=1 c=0 rs=1 cs=1]
                        RenderText {#text} at (2,2) size 96x19
                          text run at (2,2) width 96: "Search again..."
                RenderBlock (anonymous) at (0,54) size 591x16
                  RenderText {#text} at (0,0) size 591x16
                    text run at (0,0) width 274: "This text node only exists once in the original document! "
                    text run at (274,0) width 252: "If it were a large collection of inlines, the page would "
                    text run at (526,0) width 65: "hang forever."
                  RenderInline {A} at (0,0) size 0x0
                RenderBlock {H2} at (0,83) size 591x24
                  RenderInline {A} at (0,0) size 141x24
                    RenderText {#text} at (0,0) size 141x24
                      text run at (0,0) width 141: "Table of Contents"
                RenderBlock {P} at (0,120) size 591x160
                  RenderInline {B} at (0,0) size 66x16
                    RenderInline {A} at (0,0) size 66x16 [color=#0000EE]
                      RenderText {#text} at (0,0) size 66x16
                        text run at (0,0) width 66: "Introduction"
                  RenderBR {BR} at (66,11) size 0x0
                  RenderBR {BR} at (0,16) size 0x16
                  RenderInline {A} at (0,0) size 133x16 [color=#0000EE]
                    RenderText {#text} at (0,32) size 133x16
                      text run at (0,32) width 133: "Who Should Use This Book"
                  RenderText {#text} at (133,32) size 3x16
                    text run at (133,32) width 3: " "
                  RenderBR {BR} at (136,43) size 0x0
                  RenderInline {A} at (0,0) size 113x16 [color=#0000EE]
                    RenderText {#text} at (0,48) size 113x16
                      text run at (0,48) width 113: "How To Use This Book"
                  RenderText {#text} at (113,48) size 3x16
                    text run at (113,48) width 3: " "
                  RenderBR {BR} at (116,59) size 0x0
                  RenderInline {A} at (0,0) size 139x16 [color=#0000EE]
                    RenderText {#text} at (0,64) size 139x16
                      text run at (0,64) width 139: "How This Book is Structured"
                  RenderText {#text} at (139,64) size 3x16
                    text run at (139,64) width 3: " "
                  RenderBR {BR} at (142,75) size 0x0
                  RenderInline {A} at (0,0) size 168x16 [color=#0000EE]
                    RenderText {#text} at (0,80) size 168x16
                      text run at (0,80) width 168: "How to Read the Syntax Diagrams"
                  RenderText {#text} at (168,80) size 3x16
                    text run at (168,80) width 3: " "
                  RenderBR {BR} at (171,91) size 0x0
                  RenderInline {A} at (0,0) size 163x16 [color=#0000EE]
                    RenderText {#text} at (0,96) size 163x16
                      text run at (0,96) width 163: "Conventions Used in This Manual"
                  RenderText {#text} at (163,96) size 3x16
                    text run at (163,96) width 3: " "
                  RenderBR {BR} at (166,107) size 0x0
                  RenderInline {A} at (0,0) size 79x16 [color=#0000EE]
                    RenderText {#text} at (0,112) size 79x16
                      text run at (0,112) width 79: "Error Conditions"
                  RenderText {#text} at (79,112) size 3x16
                    text run at (79,112) width 3: " "
                  RenderBR {BR} at (82,123) size 0x0
                  RenderInline {A} at (0,0) size 119x16 [color=#0000EE]
                    RenderText {#text} at (0,128) size 119x16
                      text run at (0,128) width 119: "Highlighting Conventions"
                  RenderText {#text} at (119,128) size 3x16
                    text run at (119,128) width 3: " "
                  RenderBR {BR} at (122,139) size 0x0
                  RenderInline {A} at (0,0) size 181x16 [color=#0000EE]
                    RenderText {#text} at (0,144) size 181x16
                      text run at (0,144) width 181: "Related Documentation for This Book"
                  RenderText {#text} at (0,0) size 0x0
                RenderBlock {P} at (0,291) size 591x1056
                  RenderInline {B} at (0,0) size 51x16
                    RenderInline {A} at (0,0) size 51x16 [color=#0000EE]
                      RenderText {#text} at (0,0) size 51x16
                        text run at (0,0) width 51: "Concepts"
                  RenderBR {BR} at (51,11) size 0x0
                  RenderBR {BR} at (0,16) size 0x16
                  RenderInline {A} at (0,0) size 97x16 [color=#0000EE]
                    RenderText {#text} at (0,32) size 97x16
                      text run at (0,32) width 97: "Relational Database"
                  RenderText {#text} at (97,32) size 3x16
                    text run at (97,32) width 3: " "
                  RenderBR {BR} at (100,43) size 0x0
                  RenderInline {A} at (0,0) size 169x16 [color=#0000EE]
                    RenderText {#text} at (0,48) size 169x16
                      text run at (0,48) width 169: "Structured Query Language (SQL)"
                  RenderText {#text} at (169,48) size 3x16
                    text run at (169,48) width 3: " "
                  RenderBR {BR} at (172,59) size 0x0
                  RenderInline {A} at (0,0) size 77x16 [color=#0000EE]
                    RenderText {#text} at (0,64) size 77x16
                      text run at (0,64) width 77: "Embedded SQL"
                  RenderText {#text} at (77,64) size 3x16
                    text run at (77,64) width 3: " "
                  RenderBR {BR} at (80,75) size 0x0
                  RenderInline {A} at (0,0) size 52x16 [color=#0000EE]
                    RenderText {#text} at (0,80) size 52x16
                      text run at (0,80) width 52: "Static SQL"
                  RenderText {#text} at (52,80) size 3x16
                    text run at (52,80) width 3: " "
                  RenderBR {BR} at (55,91) size 0x0
                  RenderInline {A} at (0,0) size 68x16 [color=#0000EE]
                    RenderText {#text} at (0,96) size 68x16
                      text run at (0,96) width 68: "Dynamic SQL"
                  RenderText {#text} at (68,96) size 3x16
                    text run at (68,96) width 3: " "
                  RenderBR {BR} at (71,107) size 0x0
                  RenderInline {A} at (0,0) size 341x16 [color=#0000EE]
                    RenderText {#text} at (0,112) size 341x16
                      text run at (0,112) width 341: "DB2 Call Level Interface (CLI) & Open Database Connectivity (ODBC)"
                  RenderText {#text} at (341,112) size 3x16
                    text run at (341,112) width 3: " "
                  RenderBR {BR} at (344,123) size 0x0
                  RenderInline {A} at (0,0) size 411x16 [color=#0000EE]
                    RenderText {#text} at (0,128) size 411x16
                      text run at (0,128) width 411: "Java Database Connectivity (JDBC) and Embedded SQL for Java (SQLJ) Programs"
                  RenderText {#text} at (411,128) size 3x16
                    text run at (411,128) width 3: " "
                  RenderBR {BR} at (414,139) size 0x0
                  RenderInline {A} at (0,0) size 76x16 [color=#0000EE]
                    RenderText {#text} at (0,144) size 76x16
                      text run at (0,144) width 76: "Interactive SQL"
                  RenderText {#text} at (76,144) size 3x16
                    text run at (76,144) width 3: " "
                  RenderBR {BR} at (79,155) size 0x0
                  RenderInline {A} at (0,0) size 46x16 [color=#0000EE]
                    RenderText {#text} at (0,160) size 46x16
                      text run at (0,160) width 46: "Schemas"
                  RenderText {#text} at (46,160) size 3x16
                    text run at (46,160) width 3: " "
                  RenderBR {BR} at (49,171) size 0x0
                  RenderInline {A} at (0,0) size 135x16 [color=#0000EE]
                    RenderText {#text} at (0,176) size 135x16
                      text run at (0,176) width 135: "Controlling Use of Schemas"
                  RenderText {#text} at (135,176) size 3x16
                    text run at (135,176) width 3: " "
                  RenderBR {BR} at (138,187) size 0x0
                  RenderInline {A} at (0,0) size 33x16 [color=#0000EE]
                    RenderText {#text} at (0,192) size 33x16
                      text run at (0,192) width 33: "Tables"
                  RenderText {#text} at (33,192) size 3x16
                    text run at (33,192) width 3: " "
                  RenderBR {BR} at (36,203) size 0x0
                  RenderInline {A} at (0,0) size 29x16 [color=#0000EE]
                    RenderText {#text} at (0,208) size 29x16
                      text run at (0,208) width 29: "Views"
                  RenderText {#text} at (29,208) size 3x16
                    text run at (29,208) width 3: " "
                  RenderBR {BR} at (32,219) size 0x0
                  RenderInline {A} at (0,0) size 35x16 [color=#0000EE]
                    RenderText {#text} at (0,224) size 35x16
                      text run at (0,224) width 35: "Aliases"
                  RenderText {#text} at (35,224) size 3x16
                    text run at (35,224) width 3: " "
                  RenderBR {BR} at (38,235) size 0x0
                  RenderInline {A} at (0,0) size 39x16 [color=#0000EE]
                    RenderText {#text} at (0,240) size 39x16
                      text run at (0,240) width 39: "Indexes"
                  RenderText {#text} at (39,240) size 3x16
                    text run at (39,240) width 3: " "
                  RenderBR {BR} at (42,251) size 0x0
                  RenderInline {A} at (0,0) size 25x16 [color=#0000EE]
                    RenderText {#text} at (0,256) size 25x16
                      text run at (0,256) width 25: "Keys"
                  RenderText {#text} at (25,256) size 3x16
                    text run at (25,256) width 3: " "
                  RenderBR {BR} at (28,267) size 0x0
                  RenderInline {A} at (0,0) size 62x16 [color=#0000EE]
                    RenderText {#text} at (0,272) size 62x16
                      text run at (0,272) width 62: "Unique Keys"
                  RenderText {#text} at (62,272) size 3x16
                    text run at (62,272) width 3: " "
                  RenderBR {BR} at (65,283) size 0x0
                  RenderInline {A} at (0,0) size 66x16 [color=#0000EE]
                    RenderText {#text} at (0,288) size 66x16
                      text run at (0,288) width 66: "Primary Keys"
                  RenderText {#text} at (66,288) size 3x16
                    text run at (66,288) width 3: " "
                  RenderBR {BR} at (69,299) size 0x0
                  RenderInline {A} at (0,0) size 65x16 [color=#0000EE]
                    RenderText {#text} at (0,304) size 65x16
                      text run at (0,304) width 65: "Foreign Keys"
                  RenderText {#text} at (65,304) size 3x16
                    text run at (65,304) width 3: " "
                  RenderBR {BR} at (68,315) size 0x0
                  RenderInline {A} at (0,0) size 81x16 [color=#0000EE]
                    RenderText {#text} at (0,320) size 81x16
                      text run at (0,320) width 81: "Partitioning Keys"
                  RenderText {#text} at (81,320) size 3x16
                    text run at (81,320) width 3: " "
                  RenderBR {BR} at (84,331) size 0x0
                  RenderInline {A} at (0,0) size 56x16 [color=#0000EE]
                    RenderText {#text} at (0,336) size 56x16
                      text run at (0,336) width 56: "Constraints"
                  RenderText {#text} at (56,336) size 3x16
                    text run at (56,336) width 3: " "
                  RenderBR {BR} at (59,347) size 0x0
                  RenderInline {A} at (0,0) size 93x16 [color=#0000EE]
                    RenderText {#text} at (0,352) size 93x16
                      text run at (0,352) width 93: "Unique Constraints"
                  RenderText {#text} at (93,352) size 3x16
                    text run at (93,352) width 3: " "
                  RenderBR {BR} at (96,363) size 0x0
                  RenderInline {A} at (0,0) size 111x16 [color=#0000EE]
                    RenderText {#text} at (0,368) size 111x16
                      text run at (0,368) width 111: "Referential Constraints"
                  RenderText {#text} at (111,368) size 3x16
                    text run at (111,368) width 3: " "
                  RenderBR {BR} at (114,379) size 0x0
                  RenderInline {A} at (0,0) size 121x16 [color=#0000EE]
                    RenderText {#text} at (0,384) size 121x16
                      text run at (0,384) width 121: "Table Check Constraints"
                  RenderText {#text} at (121,384) size 3x16
                    text run at (121,384) width 3: " "
                  RenderBR {BR} at (124,395) size 0x0
                  RenderInline {A} at (0,0) size 41x16 [color=#0000EE]
                    RenderText {#text} at (0,400) size 41x16
                      text run at (0,400) width 41: "Triggers"
                  RenderText {#text} at (41,400) size 3x16
                    text run at (41,400) width 3: " "
                  RenderBR {BR} at (44,411) size 0x0
                  RenderInline {A} at (0,0) size 73x16 [color=#0000EE]
                    RenderText {#text} at (0,416) size 73x16
                      text run at (0,416) width 73: "Event Monitors"
                  RenderText {#text} at (73,416) size 3x16
                    text run at (73,416) width 3: " "
                  RenderBR {BR} at (76,427) size 0x0
                  RenderInline {A} at (0,0) size 39x16 [color=#0000EE]
                    RenderText {#text} at (0,432) size 39x16
                      text run at (0,432) width 39: "Queries"
                  RenderText {#text} at (39,432) size 3x16
                    text run at (39,432) width 3: " "
                  RenderBR {BR} at (42,443) size 0x0
                  RenderInline {A} at (0,0) size 91x16 [color=#0000EE]
                    RenderText {#text} at (0,448) size 91x16
                      text run at (0,448) width 91: "Table Expressions"
                  RenderText {#text} at (91,448) size 3x16
                    text run at (91,448) width 3: " "
                  RenderBR {BR} at (94,459) size 0x0
                  RenderInline {A} at (0,0) size 138x16 [color=#0000EE]
                    RenderText {#text} at (0,464) size 138x16
                      text run at (0,464) width 138: "Common Table Expressions"
                  RenderText {#text} at (138,464) size 3x16
                    text run at (138,464) width 3: " "
                  RenderBR {BR} at (141,475) size 0x0
                  RenderInline {A} at (0,0) size 49x16 [color=#0000EE]
                    RenderText {#text} at (0,480) size 49x16
                      text run at (0,480) width 49: "Packages"
                  RenderText {#text} at (49,480) size 3x16
                    text run at (49,480) width 3: " "
                  RenderBR {BR} at (52,491) size 0x0
                  RenderInline {A} at (0,0) size 69x16 [color=#0000EE]
                    RenderText {#text} at (0,496) size 69x16
                      text run at (0,496) width 69: "Catalog Views"
                  RenderText {#text} at (69,496) size 3x16
                    text run at (69,496) width 3: " "
                  RenderBR {BR} at (72,507) size 0x0
                  RenderInline {A} at (0,0) size 253x16 [color=#0000EE]
                    RenderText {#text} at (0,512) size 253x16
                      text run at (0,512) width 253: "Application Processes, Concurrency, and Recovery"
                  RenderText {#text} at (253,512) size 3x16
                    text run at (253,512) width 3: " "
                  RenderBR {BR} at (256,523) size 0x0
                  RenderInline {A} at (0,0) size 69x16 [color=#0000EE]
                    RenderText {#text} at (0,528) size 69x16
                      text run at (0,528) width 69: "Isolation Level"
                  RenderText {#text} at (69,528) size 3x16
                    text run at (69,528) width 3: " "
                  RenderBR {BR} at (72,539) size 0x0
                  RenderInline {A} at (0,0) size 111x16 [color=#0000EE]
                    RenderText {#text} at (0,544) size 111x16
                      text run at (0,544) width 111: "Repeatable Read (RR)"
                  RenderText {#text} at (111,544) size 3x16
                    text run at (111,544) width 3: " "
                  RenderBR {BR} at (114,555) size 0x0
                  RenderInline {A} at (0,0) size 92x16 [color=#0000EE]
                    RenderText {#text} at (0,560) size 92x16
                      text run at (0,560) width 92: "Read Stability (RS)"
                  RenderText {#text} at (92,560) size 3x16
                    text run at (92,560) width 3: " "
                  RenderBR {BR} at (95,571) size 0x0
                  RenderInline {A} at (0,0) size 100x16 [color=#0000EE]
                    RenderText {#text} at (0,576) size 100x16
                      text run at (0,576) width 100: "Cursor Stability (CS)"
                  RenderText {#text} at (100,576) size 3x16
                    text run at (100,576) width 3: " "
                  RenderBR {BR} at (103,587) size 0x0
                  RenderInline {A} at (0,0) size 120x16 [color=#0000EE]
                    RenderText {#text} at (0,592) size 120x16
                      text run at (0,592) width 120: "Uncommitted Read (UR)"
                  RenderText {#text} at (120,592) size 3x16
                    text run at (120,592) width 3: " "
                  RenderBR {BR} at (123,603) size 0x0
                  RenderInline {A} at (0,0) size 149x16 [color=#0000EE]
                    RenderText {#text} at (0,608) size 149x16
                      text run at (0,608) width 149: "Comparison of Isolation Levels"
                  RenderText {#text} at (149,608) size 3x16
                    text run at (149,608) width 3: " "
                  RenderBR {BR} at (152,619) size 0x0
                  RenderInline {A} at (0,0) size 152x16 [color=#0000EE]
                    RenderText {#text} at (0,624) size 152x16
                      text run at (0,624) width 152: "Distributed Relational Database"
                  RenderText {#text} at (152,624) size 3x16
                    text run at (152,624) width 3: " "
                  RenderBR {BR} at (155,635) size 0x0
                  RenderInline {A} at (0,0) size 94x16 [color=#0000EE]
                    RenderText {#text} at (0,640) size 94x16
                      text run at (0,640) width 94: "Application Servers"
                  RenderText {#text} at (94,640) size 3x16
                    text run at (94,640) width 3: " "
                  RenderBR {BR} at (97,651) size 0x0
                  RenderInline {A} at (0,0) size 224x16 [color=#0000EE]
                    RenderText {#text} at (0,656) size 224x16
                      text run at (0,656) width 224: "CONNECT (Type 1) and CONNECT (Type 2)"
                  RenderText {#text} at (224,656) size 3x16
                    text run at (224,656) width 3: " "
                  RenderBR {BR} at (227,667) size 0x0
                  RenderInline {A} at (0,0) size 101x16 [color=#0000EE]
                    RenderText {#text} at (0,672) size 101x16
                      text run at (0,672) width 101: "Remote Unit of Work"
                  RenderText {#text} at (101,672) size 3x16
                    text run at (101,672) width 3: " "
                  RenderBR {BR} at (104,683) size 0x0
                  RenderInline {A} at (0,0) size 215x16 [color=#0000EE]
                    RenderText {#text} at (0,688) size 215x16
                      text run at (0,688) width 215: "Application-Directed Distributed Unit of Work"
                  RenderText {#text} at (215,688) size 3x16
                    text run at (215,688) width 3: " "
                  RenderBR {BR} at (218,699) size 0x0
                  RenderInline {A} at (0,0) size 176x16 [color=#0000EE]
                    RenderText {#text} at (0,704) size 176x16
                      text run at (0,704) width 176: "Data Representation Considerations"
                  RenderText {#text} at (176,704) size 3x16
                    text run at (176,704) width 3: " "
                  RenderBR {BR} at (179,715) size 0x0
                  RenderInline {A} at (0,0) size 120x16 [color=#0000EE]
                    RenderText {#text} at (0,720) size 120x16
                      text run at (0,720) width 120: "DB2 Federated Systems"
                  RenderText {#text} at (120,720) size 3x16
                    text run at (120,720) width 3: " "
                  RenderBR {BR} at (123,731) size 0x0
                  RenderInline {A} at (0,0) size 308x16 [color=#0000EE]
                    RenderText {#text} at (0,736) size 308x16
                      text run at (0,736) width 308: "The Federated Server, Federated Database, and Data Sources"
                  RenderText {#text} at (308,736) size 3x16
                    text run at (308,736) width 3: " "
                  RenderBR {BR} at (311,747) size 0x0
                  RenderInline {A} at (0,0) size 222x16 [color=#0000EE]
                    RenderText {#text} at (0,752) size 222x16
                      text run at (0,752) width 222: "Tasks to Perform in a DB2 Federated System"
                  RenderText {#text} at (222,752) size 3x16
                    text run at (222,752) width 3: " "
                  RenderBR {BR} at (225,763) size 0x0
                  RenderInline {A} at (0,0) size 158x16 [color=#0000EE]
                    RenderText {#text} at (0,768) size 158x16
                      text run at (0,768) width 158: "Wrappers and Wrapper Modules"
                  RenderText {#text} at (158,768) size 3x16
                    text run at (158,768) width 3: " "
                  RenderBR {BR} at (161,779) size 0x0
                  RenderInline {A} at (0,0) size 184x16 [color=#0000EE]
                    RenderText {#text} at (0,784) size 184x16
                      text run at (0,784) width 184: "Server Definitions and Server Options"
                  RenderText {#text} at (184,784) size 3x16
                    text run at (184,784) width 3: " "
                  RenderBR {BR} at (187,795) size 0x0
                  RenderInline {A} at (0,0) size 163x16 [color=#0000EE]
                    RenderText {#text} at (0,800) size 163x16
                      text run at (0,800) width 163: "User Mappings and User Options"
                  RenderText {#text} at (163,800) size 3x16
                    text run at (163,800) width 3: " "
                  RenderBR {BR} at (166,811) size 0x0
                  RenderInline {A} at (0,0) size 101x16 [color=#0000EE]
                    RenderText {#text} at (0,816) size 101x16
                      text run at (0,816) width 101: "Data Type Mappings"
                  RenderText {#text} at (101,816) size 3x16
                    text run at (101,816) width 3: " "
                  RenderBR {BR} at (104,827) size 0x0
                  RenderInline {A} at (0,0) size 348x16 [color=#0000EE]
                    RenderText {#text} at (0,832) size 348x16
                      text run at (0,832) width 348: "Function Mappings, Function Templates, and Function Mapping Options"
                  RenderText {#text} at (348,832) size 3x16
                    text run at (348,832) width 3: " "
                  RenderBR {BR} at (351,843) size 0x0
                  RenderInline {A} at (0,0) size 157x16 [color=#0000EE]
                    RenderText {#text} at (0,848) size 157x16
                      text run at (0,848) width 157: "Nicknames and Column Options"
                  RenderText {#text} at (157,848) size 3x16
                    text run at (157,848) width 3: " "
                  RenderBR {BR} at (160,859) size 0x0
                  RenderInline {A} at (0,0) size 97x16 [color=#0000EE]
                    RenderText {#text} at (0,864) size 97x16
                      text run at (0,864) width 97: "Index Specifications"
                  RenderText {#text} at (97,864) size 3x16
                    text run at (97,864) width 3: " "
                  RenderBR {BR} at (100,875) size 0x0
                  RenderInline {A} at (0,0) size 102x16 [color=#0000EE]
                    RenderText {#text} at (0,880) size 102x16
                      text run at (0,880) width 102: "Distributed Requests"
                  RenderText {#text} at (102,880) size 3x16
                    text run at (102,880) width 3: " "
                  RenderBR {BR} at (105,891) size 0x0
                  RenderInline {A} at (0,0) size 70x16 [color=#0000EE]
                    RenderText {#text} at (0,896) size 70x16
                      text run at (0,896) width 70: "Compensation"
                  RenderText {#text} at (70,896) size 3x16
                    text run at (70,896) width 3: " "
                  RenderBR {BR} at (73,907) size 0x0
                  RenderInline {A} at (0,0) size 70x16 [color=#0000EE]
                    RenderText {#text} at (0,912) size 70x16
                      text run at (0,912) width 70: "Pass-Through"
                  RenderText {#text} at (70,912) size 3x16
                    text run at (70,912) width 3: " "
                  RenderBR {BR} at (73,923) size 0x0
                  RenderInline {A} at (0,0) size 108x16 [color=#0000EE]
                    RenderText {#text} at (0,928) size 108x16
                      text run at (0,928) width 108: "Character Conversion"
                  RenderText {#text} at (108,928) size 3x16
                    text run at (108,928) width 3: " "
                  RenderBR {BR} at (111,939) size 0x0
                  RenderInline {A} at (0,0) size 158x16 [color=#0000EE]
                    RenderText {#text} at (0,944) size 158x16
                      text run at (0,944) width 158: "Character Sets and Code Pages"
                  RenderText {#text} at (158,944) size 3x16
                    text run at (158,944) width 3: " "
                  RenderBR {BR} at (161,955) size 0x0
                  RenderInline {A} at (0,0) size 103x16 [color=#0000EE]
                    RenderText {#text} at (0,960) size 103x16
                      text run at (0,960) width 103: "Code Page Attributes"
                  RenderText {#text} at (103,960) size 3x16
                    text run at (103,960) width 3: " "
                  RenderBR {BR} at (106,971) size 0x0
                  RenderInline {A} at (0,0) size 134x16 [color=#0000EE]
                    RenderText {#text} at (0,976) size 134x16
                      text run at (0,976) width 134: "Authorization and Privileges"
                  RenderText {#text} at (134,976) size 3x16
                    text run at (134,976) width 3: " "
                  RenderBR {BR} at (137,987) size 0x0
                  RenderInline {A} at (0,0) size 214x16 [color=#0000EE]
                    RenderText {#text} at (0,992) size 214x16
                      text run at (0,992) width 214: "Table Spaces and Other Storage Structures"
                  RenderText {#text} at (214,992) size 3x16
                    text run at (214,992) width 3: " "
                  RenderBR {BR} at (217,1003) size 0x0
                  RenderInline {A} at (0,0) size 204x16 [color=#0000EE]
                    RenderText {#text} at (0,1008) size 204x16
                      text run at (0,1008) width 204: "Data Partitioning Across Multiple Partitions"
                  RenderText {#text} at (204,1008) size 3x16
                    text run at (204,1008) width 3: " "
                  RenderBR {BR} at (207,1019) size 0x0
                  RenderInline {A} at (0,0) size 83x16 [color=#0000EE]
                    RenderText {#text} at (0,1024) size 83x16
                      text run at (0,1024) width 83: "Partitioning Maps"
                  RenderText {#text} at (83,1024) size 3x16
                    text run at (83,1024) width 3: " "
                  RenderBR {BR} at (86,1035) size 0x0
                  RenderInline {A} at (0,0) size 83x16 [color=#0000EE]
                    RenderText {#text} at (0,1040) size 83x16
                      text run at (0,1040) width 83: "Table Collocation"
                  RenderText {#text} at (0,0) size 0x0
                RenderBlock {P} at (0,1358) size 591x2128
                  RenderInline {B} at (0,0) size 105x16
                    RenderInline {A} at (0,0) size 105x16 [color=#0000EE]
                      RenderText {#text} at (0,0) size 105x16
                        text run at (0,0) width 105: "Language Elements"
                  RenderBR {BR} at (105,11) size 0x0
                  RenderBR {BR} at (0,16) size 0x16
                  RenderInline {A} at (0,0) size 55x16 [color=#0000EE]
                    RenderText {#text} at (0,32) size 55x16
                      text run at (0,32) width 55: "Characters"
                  RenderText {#text} at (55,32) size 3x16
                    text run at (55,32) width 3: " "
                  RenderBR {BR} at (58,43) size 0x0
                  RenderInline {A} at (0,0) size 107x16 [color=#0000EE]
                    RenderText {#text} at (0,48) size 107x16
                      text run at (0,48) width 107: "MBCS Considerations"
                  RenderText {#text} at (107,48) size 3x16
                    text run at (107,48) width 3: " "
                  RenderBR {BR} at (110,59) size 0x0
                  RenderInline {A} at (0,0) size 37x16 [color=#0000EE]
                    RenderText {#text} at (0,64) size 37x16
                      text run at (0,64) width 37: "Tokens"
                  RenderText {#text} at (37,64) size 3x16
                    text run at (37,64) width 3: " "
                  RenderBR {BR} at (40,75) size 0x0
                  RenderInline {A} at (0,0) size 107x16 [color=#0000EE]
                    RenderText {#text} at (0,80) size 107x16
                      text run at (0,80) width 107: "MBCS Considerations"
                  RenderText {#text} at (107,80) size 3x16
                    text run at (107,80) width 3: " "
                  RenderBR {BR} at (110,91) size 0x0
                  RenderInline {A} at (0,0) size 47x16 [color=#0000EE]
                    RenderText {#text} at (0,96) size 47x16
                      text run at (0,96) width 47: "Identifiers"
                  RenderText {#text} at (47,96) size 3x16
                    text run at (47,96) width 3: " "
                  RenderBR {BR} at (50,107) size 0x0
                  RenderInline {A} at (0,0) size 72x16 [color=#0000EE]
                    RenderText {#text} at (0,112) size 72x16
                      text run at (0,112) width 72: "SQL Identifiers"
                  RenderText {#text} at (72,112) size 3x16
                    text run at (72,112) width 3: " "
                  RenderBR {BR} at (75,123) size 0x0
                  RenderInline {A} at (0,0) size 73x16 [color=#0000EE]
                    RenderText {#text} at (0,128) size 73x16
                      text run at (0,128) width 73: "Host Identifiers"
                  RenderText {#text} at (73,128) size 3x16
                    text run at (73,128) width 3: " "
                  RenderBR {BR} at (76,139) size 0x0
                  RenderInline {A} at (0,0) size 293x16 [color=#0000EE]
                    RenderText {#text} at (0,144) size 293x16
                      text run at (0,144) width 293: "Naming Conventions and Implicit Object Name Qualifications"
                  RenderText {#text} at (293,144) size 3x16
                    text run at (293,144) width 3: " "
                  RenderBR {BR} at (296,155) size 0x0
                  RenderInline {A} at (0,0) size 35x16 [color=#0000EE]
                    RenderText {#text} at (0,160) size 35x16
                      text run at (0,160) width 35: "Aliases"
                  RenderText {#text} at (35,160) size 3x16
                    text run at (35,160) width 3: " "
                  RenderBR {BR} at (38,171) size 0x0
                  RenderInline {A} at (0,0) size 206x16 [color=#0000EE]
                    RenderText {#text} at (0,176) size 206x16
                      text run at (0,176) width 206: "Authorization IDs and authorization-names"
                  RenderText {#text} at (206,176) size 3x16
                    text run at (206,176) width 3: " "
                  RenderBR {BR} at (209,187) size 0x0
                  RenderInline {A} at (0,0) size 200x16 [color=#0000EE]
                    RenderText {#text} at (0,192) size 200x16
                      text run at (0,192) width 200: "Dynamic SQL Characteristics at run-time"
                  RenderText {#text} at (200,192) size 3x16
                    text run at (200,192) width 3: " "
                  RenderBR {BR} at (203,203) size 0x0
                  RenderInline {A} at (0,0) size 215x16 [color=#0000EE]
                    RenderText {#text} at (0,208) size 215x16
                      text run at (0,208) width 215: "Authorization IDs and Statement Preparation"
                  RenderText {#text} at (215,208) size 3x16
                    text run at (215,208) width 3: " "
                  RenderBR {BR} at (218,219) size 0x0
                  RenderInline {A} at (0,0) size 57x16 [color=#0000EE]
                    RenderText {#text} at (0,224) size 57x16
                      text run at (0,224) width 57: "Data Types"
                  RenderText {#text} at (57,224) size 3x16
                    text run at (57,224) width 3: " "
                  RenderBR {BR} at (60,235) size 0x0
                  RenderInline {A} at (0,0) size 24x16 [color=#0000EE]
                    RenderText {#text} at (0,240) size 24x16
                      text run at (0,240) width 24: "Nulls"
                  RenderText {#text} at (24,240) size 3x16
                    text run at (24,240) width 3: " "
                  RenderBR {BR} at (27,251) size 0x0
                  RenderInline {A} at (0,0) size 108x16 [color=#0000EE]
                    RenderText {#text} at (0,256) size 108x16
                      text run at (0,256) width 108: "Large Objects (LOBs)"
                  RenderText {#text} at (108,256) size 3x16
                    text run at (108,256) width 3: " "
                  RenderBR {BR} at (111,267) size 0x0
                  RenderInline {A} at (0,0) size 86x16 [color=#0000EE]
                    RenderText {#text} at (0,272) size 86x16
                      text run at (0,272) width 86: "Character Strings"
                  RenderText {#text} at (86,272) size 3x16
                    text run at (86,272) width 3: " "
                  RenderBR {BR} at (89,283) size 0x0
                  RenderInline {A} at (0,0) size 76x16 [color=#0000EE]
                    RenderText {#text} at (0,288) size 76x16
                      text run at (0,288) width 76: "Graphic Strings"
                  RenderText {#text} at (76,288) size 3x16
                    text run at (76,288) width 3: " "
                  RenderBR {BR} at (79,299) size 0x0
                  RenderInline {A} at (0,0) size 62x16 [color=#0000EE]
                    RenderText {#text} at (0,304) size 62x16
                      text run at (0,304) width 62: "Binary String"
                  RenderText {#text} at (62,304) size 3x16
                    text run at (62,304) width 3: " "
                  RenderBR {BR} at (65,315) size 0x0
                  RenderInline {A} at (0,0) size 45x16 [color=#0000EE]
                    RenderText {#text} at (0,320) size 45x16
                      text run at (0,320) width 45: "Numbers"
                  RenderText {#text} at (45,320) size 3x16
                    text run at (45,320) width 3: " "
                  RenderBR {BR} at (48,331) size 0x0
                  RenderInline {A} at (0,0) size 79x16 [color=#0000EE]
                    RenderText {#text} at (0,336) size 79x16
                      text run at (0,336) width 79: "Datetime Values"
                  RenderText {#text} at (79,336) size 3x16
                    text run at (79,336) width 3: " "
                  RenderBR {BR} at (82,347) size 0x0
                  RenderInline {A} at (0,0) size 89x16 [color=#0000EE]
                    RenderText {#text} at (0,352) size 89x16
                      text run at (0,352) width 89: "DATALINK Values"
                  RenderText {#text} at (89,352) size 3x16
                    text run at (89,352) width 3: " "
                  RenderBR {BR} at (92,363) size 0x0
                  RenderInline {A} at (0,0) size 98x16 [color=#0000EE]
                    RenderText {#text} at (0,368) size 98x16
                      text run at (0,368) width 98: "User Defined Types"
                  RenderText {#text} at (98,368) size 3x16
                    text run at (98,368) width 3: " "
                  RenderBR {BR} at (101,379) size 0x0
                  RenderInline {A} at (0,0) size 121x16 [color=#0000EE]
                    RenderText {#text} at (0,384) size 121x16
                      text run at (0,384) width 121: "Promotion of Data Types"
                  RenderText {#text} at (121,384) size 3x16
                    text run at (121,384) width 3: " "
                  RenderBR {BR} at (124,395) size 0x0
                  RenderInline {A} at (0,0) size 142x16 [color=#0000EE]
                    RenderText {#text} at (0,400) size 142x16
                      text run at (0,400) width 142: "Casting Between Data Types"
                  RenderText {#text} at (142,400) size 3x16
                    text run at (142,400) width 3: " "
                  RenderBR {BR} at (145,411) size 0x0
                  RenderInline {A} at (0,0) size 152x16 [color=#0000EE]
                    RenderText {#text} at (0,416) size 152x16
                      text run at (0,416) width 152: "Assignments and Comparisons"
                  RenderText {#text} at (152,416) size 3x16
                    text run at (152,416) width 3: " "
                  RenderBR {BR} at (155,427) size 0x0
                  RenderInline {A} at (0,0) size 107x16 [color=#0000EE]
                    RenderText {#text} at (0,432) size 107x16
                      text run at (0,432) width 107: "Numeric Assignments"
                  RenderText {#text} at (107,432) size 3x16
                    text run at (107,432) width 3: " "
                  RenderBR {BR} at (110,443) size 0x0
                  RenderInline {A} at (0,0) size 94x16 [color=#0000EE]
                    RenderText {#text} at (0,448) size 94x16
                      text run at (0,448) width 94: "String Assignments"
                  RenderText {#text} at (94,448) size 3x16
                    text run at (94,448) width 3: " "
                  RenderBR {BR} at (97,459) size 0x0
                  RenderInline {A} at (0,0) size 109x16 [color=#0000EE]
                    RenderText {#text} at (0,464) size 109x16
                      text run at (0,464) width 109: "Datetime Assignments"
                  RenderText {#text} at (109,464) size 3x16
                    text run at (109,464) width 3: " "
                  RenderBR {BR} at (112,475) size 0x0
                  RenderInline {A} at (0,0) size 119x16 [color=#0000EE]
                    RenderText {#text} at (0,480) size 119x16
                      text run at (0,480) width 119: "DATALINK Assignments"
                  RenderText {#text} at (119,480) size 3x16
                    text run at (119,480) width 3: " "
                  RenderBR {BR} at (122,491) size 0x0
                  RenderInline {A} at (0,0) size 157x16 [color=#0000EE]
                    RenderText {#text} at (0,496) size 157x16
                      text run at (0,496) width 157: "User-defined Type Assignments"
                  RenderText {#text} at (157,496) size 3x16
                    text run at (157,496) width 3: " "
                  RenderBR {BR} at (160,507) size 0x0
                  RenderInline {A} at (0,0) size 145x16 [color=#0000EE]
                    RenderText {#text} at (0,512) size 145x16
                      text run at (0,512) width 145: "Reference Type Assignments"
                  RenderText {#text} at (145,512) size 3x16
                    text run at (145,512) width 3: " "
                  RenderBR {BR} at (148,523) size 0x0
                  RenderInline {A} at (0,0) size 109x16 [color=#0000EE]
                    RenderText {#text} at (0,528) size 109x16
                      text run at (0,528) width 109: "Numeric Comparisons"
                  RenderText {#text} at (109,528) size 3x16
                    text run at (109,528) width 3: " "
                  RenderBR {BR} at (112,539) size 0x0
                  RenderInline {A} at (0,0) size 96x16 [color=#0000EE]
                    RenderText {#text} at (0,544) size 96x16
                      text run at (0,544) width 96: "String Comparisons"
                  RenderText {#text} at (96,544) size 3x16
                    text run at (96,544) width 3: " "
                  RenderBR {BR} at (99,555) size 0x0
                  RenderInline {A} at (0,0) size 111x16 [color=#0000EE]
                    RenderText {#text} at (0,560) size 111x16
                      text run at (0,560) width 111: "Datetime Comparisons"
                  RenderText {#text} at (111,560) size 3x16
                    text run at (111,560) width 3: " "
                  RenderBR {BR} at (114,571) size 0x0
                  RenderInline {A} at (0,0) size 159x16 [color=#0000EE]
                    RenderText {#text} at (0,576) size 159x16
                      text run at (0,576) width 159: "User-defined Type Comparisons"
                  RenderText {#text} at (159,576) size 3x16
                    text run at (159,576) width 3: " "
                  RenderBR {BR} at (162,587) size 0x0
                  RenderInline {A} at (0,0) size 147x16 [color=#0000EE]
                    RenderText {#text} at (0,592) size 147x16
                      text run at (0,592) width 147: "Reference Type Comparisons"
                  RenderText {#text} at (147,592) size 3x16
                    text run at (147,592) width 3: " "
                  RenderBR {BR} at (150,603) size 0x0
                  RenderInline {A} at (0,0) size 138x16 [color=#0000EE]
                    RenderText {#text} at (0,608) size 138x16
                      text run at (0,608) width 138: "Rules for Result Data Types"
                  RenderText {#text} at (138,608) size 3x16
                    text run at (138,608) width 3: " "
                  RenderBR {BR} at (141,619) size 0x0
                  RenderInline {A} at (0,0) size 86x16 [color=#0000EE]
                    RenderText {#text} at (0,624) size 86x16
                      text run at (0,624) width 86: "Character Strings"
                  RenderText {#text} at (86,624) size 3x16
                    text run at (86,624) width 3: " "
                  RenderBR {BR} at (89,635) size 0x0
                  RenderInline {A} at (0,0) size 76x16 [color=#0000EE]
                    RenderText {#text} at (0,640) size 76x16
                      text run at (0,640) width 76: "Graphic Strings"
                  RenderText {#text} at (76,640) size 3x16
                    text run at (76,640) width 3: " "
                  RenderBR {BR} at (79,651) size 0x0
                  RenderInline {A} at (0,0) size 137x16 [color=#0000EE]
                    RenderText {#text} at (0,656) size 137x16
                      text run at (0,656) width 137: "Binary Large Object (BLOB)"
                  RenderText {#text} at (137,656) size 3x16
                    text run at (137,656) width 3: " "
                  RenderBR {BR} at (140,667) size 0x0
                  RenderInline {A} at (0,0) size 41x16 [color=#0000EE]
                    RenderText {#text} at (0,672) size 41x16
                      text run at (0,672) width 41: "Numeric"
                  RenderText {#text} at (41,672) size 3x16
                    text run at (41,672) width 3: " "
                  RenderBR {BR} at (44,683) size 0x0
                  RenderInline {A} at (0,0) size 29x16 [color=#0000EE]
                    RenderText {#text} at (0,688) size 29x16
                      text run at (0,688) width 29: "DATE"
                  RenderText {#text} at (29,688) size 3x16
                    text run at (29,688) width 3: " "
                  RenderBR {BR} at (32,699) size 0x0
                  RenderInline {A} at (0,0) size 26x16 [color=#0000EE]
                    RenderText {#text} at (0,704) size 26x16
                      text run at (0,704) width 26: "TIME"
                  RenderText {#text} at (26,704) size 3x16
                    text run at (26,704) width 3: " "
                  RenderBR {BR} at (29,715) size 0x0
                  RenderInline {A} at (0,0) size 63x16 [color=#0000EE]
                    RenderText {#text} at (0,720) size 63x16
                      text run at (0,720) width 63: "TIMESTAMP"
                  RenderText {#text} at (63,720) size 3x16
                    text run at (63,720) width 3: " "
                  RenderBR {BR} at (66,731) size 0x0
                  RenderInline {A} at (0,0) size 53x16 [color=#0000EE]
                    RenderText {#text} at (0,736) size 53x16
                      text run at (0,736) width 53: "DATALINK"
                  RenderText {#text} at (53,736) size 3x16
                    text run at (53,736) width 3: " "
                  RenderBR {BR} at (56,747) size 0x0
                  RenderInline {A} at (0,0) size 97x16 [color=#0000EE]
                    RenderText {#text} at (0,752) size 97x16
                      text run at (0,752) width 97: "User-defined Types"
                  RenderText {#text} at (97,752) size 3x16
                    text run at (97,752) width 3: " "
                  RenderBR {BR} at (100,763) size 0x0
                  RenderInline {A} at (0,0) size 127x16 [color=#0000EE]
                    RenderText {#text} at (0,768) size 127x16
                      text run at (0,768) width 127: "Nullable Attribute of Result"
                  RenderText {#text} at (127,768) size 3x16
                    text run at (127,768) width 3: " "
                  RenderBR {BR} at (130,779) size 0x0
                  RenderInline {A} at (0,0) size 140x16 [color=#0000EE]
                    RenderText {#text} at (0,784) size 140x16
                      text run at (0,784) width 140: "Rules for String Conversions"
                  RenderText {#text} at (140,784) size 3x16
                    text run at (140,784) width 3: " "
                  RenderBR {BR} at (143,795) size 0x0
                  RenderInline {A} at (0,0) size 103x16 [color=#0000EE]
                    RenderText {#text} at (0,800) size 103x16
                      text run at (0,800) width 103: "Partition Compatibility"
                  RenderText {#text} at (103,800) size 3x16
                    text run at (103,800) width 3: " "
                  RenderBR {BR} at (106,811) size 0x0
                  RenderInline {A} at (0,0) size 50x16 [color=#0000EE]
                    RenderText {#text} at (0,816) size 50x16
                      text run at (0,816) width 50: "Constants"
                  RenderText {#text} at (50,816) size 3x16
                    text run at (50,816) width 3: " "
                  RenderBR {BR} at (53,827) size 0x0
                  RenderInline {A} at (0,0) size 87x16 [color=#0000EE]
                    RenderText {#text} at (0,832) size 87x16
                      text run at (0,832) width 87: "Integer Constants"
                  RenderText {#text} at (87,832) size 3x16
                    text run at (87,832) width 3: " "
                  RenderBR {BR} at (90,843) size 0x0
                  RenderInline {A} at (0,0) size 119x16 [color=#0000EE]
                    RenderText {#text} at (0,848) size 119x16
                      text run at (0,848) width 119: "Floating-Point Constants"
                  RenderText {#text} at (119,848) size 3x16
                    text run at (119,848) width 3: " "
                  RenderBR {BR} at (122,859) size 0x0
                  RenderInline {A} at (0,0) size 92x16 [color=#0000EE]
                    RenderText {#text} at (0,864) size 92x16
                      text run at (0,864) width 92: "Decimal Constants"
                  RenderText {#text} at (92,864) size 3x16
                    text run at (92,864) width 3: " "
                  RenderBR {BR} at (95,875) size 0x0
                  RenderInline {A} at (0,0) size 133x16 [color=#0000EE]
                    RenderText {#text} at (0,880) size 133x16
                      text run at (0,880) width 133: "Character String Constants"
                  RenderText {#text} at (133,880) size 3x16
                    text run at (133,880) width 3: " "
                  RenderBR {BR} at (136,891) size 0x0
                  RenderInline {A} at (0,0) size 116x16 [color=#0000EE]
                    RenderText {#text} at (0,896) size 116x16
                      text run at (0,896) width 116: "Hexadecimal Constants"
                  RenderText {#text} at (116,896) size 3x16
                    text run at (116,896) width 3: " "
                  RenderBR {BR} at (119,907) size 0x0
                  RenderInline {A} at (0,0) size 123x16 [color=#0000EE]
                    RenderText {#text} at (0,912) size 123x16
                      text run at (0,912) width 123: "Graphic String Constants"
                  RenderText {#text} at (123,912) size 3x16
                    text run at (123,912) width 3: " "
                  RenderBR {BR} at (126,923) size 0x0
                  RenderInline {A} at (0,0) size 203x16 [color=#0000EE]
                    RenderText {#text} at (0,928) size 203x16
                      text run at (0,928) width 203: "Using Constants with User-defined Types"
                  RenderText {#text} at (203,928) size 3x16
                    text run at (203,928) width 3: " "
                  RenderBR {BR} at (206,939) size 0x0
                  RenderInline {A} at (0,0) size 85x16 [color=#0000EE]
                    RenderText {#text} at (0,944) size 85x16
                      text run at (0,944) width 85: "Special Registers"
                  RenderText {#text} at (85,944) size 3x16
                    text run at (85,944) width 3: " "
                  RenderBR {BR} at (88,955) size 0x0
                  RenderInline {A} at (0,0) size 86x16 [color=#0000EE]
                    RenderText {#text} at (0,960) size 86x16
                      text run at (0,960) width 86: "CURRENT DATE"
                  RenderText {#text} at (86,960) size 3x16
                    text run at (86,960) width 3: " "
                  RenderBR {BR} at (89,971) size 0x0
                  RenderInline {A} at (0,0) size 224x16 [color=#0000EE]
                    RenderText {#text} at (0,976) size 224x16
                      text run at (0,976) width 224: "CURRENT DEFAULT TRANSFORM GROUP"
                  RenderText {#text} at (224,976) size 3x16
                    text run at (224,976) width 3: " "
                  RenderBR {BR} at (227,987) size 0x0
                  RenderInline {A} at (0,0) size 103x16 [color=#0000EE]
                    RenderText {#text} at (0,992) size 103x16
                      text run at (0,992) width 103: "CURRENT DEGREE"
                  RenderText {#text} at (103,992) size 3x16
                    text run at (103,992) width 3: " "
                  RenderBR {BR} at (106,1003) size 0x0
                  RenderInline {A} at (0,0) size 138x16 [color=#0000EE]
                    RenderText {#text} at (0,1008) size 138x16
                      text run at (0,1008) width 138: "CURRENT EXPLAIN MODE"
                  RenderText {#text} at (138,1008) size 3x16
                    text run at (138,1008) width 3: " "
                  RenderBR {BR} at (141,1019) size 0x0
                  RenderInline {A} at (0,0) size 165x16 [color=#0000EE]
                    RenderText {#text} at (0,1024) size 165x16
                      text run at (0,1024) width 165: "CURRENT EXPLAIN SNAPSHOT"
                  RenderText {#text} at (165,1024) size 3x16
                    text run at (165,1024) width 3: " "
                  RenderBR {BR} at (168,1035) size 0x0
                  RenderInline {A} at (0,0) size 89x16 [color=#0000EE]
                    RenderText {#text} at (0,1040) size 89x16
                      text run at (0,1040) width 89: "CURRENT NODE"
                  RenderText {#text} at (89,1040) size 3x16
                    text run at (89,1040) width 3: " "
                  RenderBR {BR} at (92,1051) size 0x0
                  RenderInline {A} at (0,0) size 86x16 [color=#0000EE]
                    RenderText {#text} at (0,1056) size 86x16
                      text run at (0,1056) width 86: "CURRENT PATH"
                  RenderText {#text} at (86,1056) size 3x16
                    text run at (86,1056) width 3: " "
                  RenderBR {BR} at (89,1067) size 0x0
                  RenderInline {A} at (0,0) size 178x16 [color=#0000EE]
                    RenderText {#text} at (0,1072) size 178x16
                      text run at (0,1072) width 178: "CURRENT QUERY OPTIMIZATION"
                  RenderText {#text} at (178,1072) size 3x16
                    text run at (178,1072) width 3: " "
                  RenderBR {BR} at (181,1083) size 0x0
                  RenderInline {A} at (0,0) size 135x16 [color=#0000EE]
                    RenderText {#text} at (0,1088) size 135x16
                      text run at (0,1088) width 135: "CURRENT REFRESH AGE"
                  RenderText {#text} at (135,1088) size 3x16
                    text run at (135,1088) width 3: " "
                  RenderBR {BR} at (138,1099) size 0x0
                  RenderInline {A} at (0,0) size 103x16 [color=#0000EE]
                    RenderText {#text} at (0,1104) size 103x16
                      text run at (0,1104) width 103: "CURRENT SCHEMA"
                  RenderText {#text} at (103,1104) size 3x16
                    text run at (103,1104) width 3: " "
                  RenderBR {BR} at (106,1115) size 0x0
                  RenderInline {A} at (0,0) size 101x16 [color=#0000EE]
                    RenderText {#text} at (0,1120) size 101x16
                      text run at (0,1120) width 101: "CURRENT SERVER"
                  RenderText {#text} at (101,1120) size 3x16
                    text run at (101,1120) width 3: " "
                  RenderBR {BR} at (104,1131) size 0x0
                  RenderInline {A} at (0,0) size 83x16 [color=#0000EE]
                    RenderText {#text} at (0,1136) size 83x16
                      text run at (0,1136) width 83: "CURRENT TIME"
                  RenderText {#text} at (83,1136) size 3x16
                    text run at (83,1136) width 3: " "
                  RenderBR {BR} at (86,1147) size 0x0
                  RenderInline {A} at (0,0) size 120x16 [color=#0000EE]
                    RenderText {#text} at (0,1152) size 120x16
                      text run at (0,1152) width 120: "CURRENT TIMESTAMP"
                  RenderText {#text} at (120,1152) size 3x16
                    text run at (120,1152) width 3: " "
                  RenderBR {BR} at (123,1163) size 0x0
                  RenderInline {A} at (0,0) size 114x16 [color=#0000EE]
                    RenderText {#text} at (0,1168) size 114x16
                      text run at (0,1168) width 114: "CURRENT TIMEZONE"
                  RenderText {#text} at (114,1168) size 3x16
                    text run at (114,1168) width 3: " "
                  RenderBR {BR} at (117,1179) size 0x0
                  RenderInline {A} at (0,0) size 30x16 [color=#0000EE]
                    RenderText {#text} at (0,1184) size 30x16
                      text run at (0,1184) width 30: "USER"
                  RenderText {#text} at (30,1184) size 3x16
                    text run at (30,1184) width 3: " "
                  RenderBR {BR} at (33,1195) size 0x0
                  RenderInline {A} at (0,0) size 75x16 [color=#0000EE]
                    RenderText {#text} at (0,1200) size 75x16
                      text run at (0,1200) width 75: "Column Names"
                  RenderText {#text} at (75,1200) size 3x16
                    text run at (75,1200) width 3: " "
                  RenderBR {BR} at (78,1211) size 0x0
                  RenderInline {A} at (0,0) size 120x16 [color=#0000EE]
                    RenderText {#text} at (0,1216) size 120x16
                      text run at (0,1216) width 120: "Qualified Column Names"
                  RenderText {#text} at (120,1216) size 3x16
                    text run at (120,1216) width 3: " "
                  RenderBR {BR} at (123,1227) size 0x0
                  RenderInline {A} at (0,0) size 91x16 [color=#0000EE]
                    RenderText {#text} at (0,1232) size 91x16
                      text run at (0,1232) width 91: "Correlation Names"
                  RenderText {#text} at (91,1232) size 3x16
                    text run at (91,1232) width 3: " "
                  RenderBR {BR} at (94,1243) size 0x0
                  RenderInline {A} at (0,0) size 210x16 [color=#0000EE]
                    RenderText {#text} at (0,1248) size 210x16
                      text run at (0,1248) width 210: "Column Name Qualifiers to Avoid Ambiguity"
                  RenderText {#text} at (210,1248) size 3x16
                    text run at (210,1248) width 3: " "
                  RenderBR {BR} at (213,1259) size 0x0
                  RenderInline {A} at (0,0) size 243x16 [color=#0000EE]
                    RenderText {#text} at (0,1264) size 243x16
                      text run at (0,1264) width 243: "Column Name Qualifiers in Correlated References"
                  RenderText {#text} at (243,1264) size 3x16
                    text run at (243,1264) width 3: " "
                  RenderBR {BR} at (246,1275) size 0x0
                  RenderInline {A} at (0,0) size 143x16 [color=#0000EE]
                    RenderText {#text} at (0,1280) size 143x16
                      text run at (0,1280) width 143: "References to Host Variables"
                  RenderText {#text} at (143,1280) size 3x16
                    text run at (143,1280) width 3: " "
                  RenderBR {BR} at (146,1291) size 0x0
                  RenderInline {A} at (0,0) size 153x16 [color=#0000EE]
                    RenderText {#text} at (0,1296) size 153x16
                      text run at (0,1296) width 153: "Host Variables in Dynamic SQL"
                  RenderText {#text} at (153,1296) size 3x16
                    text run at (153,1296) width 3: " "
                  RenderBR {BR} at (156,1307) size 0x0
                  RenderInline {A} at (0,0) size 283x16 [color=#0000EE]
                    RenderText {#text} at (0,1312) size 283x16
                      text run at (0,1312) width 283: "References to BLOB, CLOB, and DBCLOB Host Variables"
                  RenderText {#text} at (283,1312) size 3x16
                    text run at (283,1312) width 3: " "
                  RenderBR {BR} at (286,1323) size 0x0
                  RenderInline {A} at (0,0) size 157x16 [color=#0000EE]
                    RenderText {#text} at (0,1328) size 157x16
                      text run at (0,1328) width 157: "References to Locator Variables"
                  RenderText {#text} at (157,1328) size 3x16
                    text run at (157,1328) width 3: " "
                  RenderBR {BR} at (160,1339) size 0x0
                  RenderInline {A} at (0,0) size 331x16 [color=#0000EE]
                    RenderText {#text} at (0,1344) size 331x16
                      text run at (0,1344) width 331: "References to BLOB, CLOB, and DBCLOB File Reference Variables"
                  RenderText {#text} at (331,1344) size 3x16
                    text run at (331,1344) width 3: " "
                  RenderBR {BR} at (334,1355) size 0x0
                  RenderInline {A} at (0,0) size 225x16 [color=#0000EE]
                    RenderText {#text} at (0,1360) size 225x16
                      text run at (0,1360) width 225: "References to Structured Type Host Variables"
                  RenderText {#text} at (225,1360) size 3x16
                    text run at (225,1360) width 3: " "
                  RenderBR {BR} at (228,1371) size 0x0
                  RenderInline {A} at (0,0) size 48x16 [color=#0000EE]
                    RenderText {#text} at (0,1376) size 48x16
                      text run at (0,1376) width 48: "Functions"
                  RenderText {#text} at (48,1376) size 3x16
                    text run at (48,1376) width 3: " "
                  RenderBR {BR} at (51,1387) size 0x0
                  RenderInline {A} at (0,0) size 252x16 [color=#0000EE]
                    RenderText {#text} at (0,1392) size 252x16
                      text run at (0,1392) width 252: "External, SQL and Sourced User-Defined Functions"
                  RenderText {#text} at (252,1392) size 3x16
                    text run at (252,1392) width 3: " "
                  RenderBR {BR} at (255,1403) size 0x0
                  RenderInline {A} at (0,0) size 272x16 [color=#0000EE]
                    RenderText {#text} at (0,1408) size 272x16
                      text run at (0,1408) width 272: "Scalar, Column, Row and Table User-Defined Functions"
                  RenderText {#text} at (272,1408) size 3x16
                    text run at (272,1408) width 3: " "
                  RenderBR {BR} at (275,1419) size 0x0
                  RenderInline {A} at (0,0) size 96x16 [color=#0000EE]
                    RenderText {#text} at (0,1424) size 96x16
                      text run at (0,1424) width 96: "Function signatures"
                  RenderText {#text} at (96,1424) size 3x16
                    text run at (96,1424) width 3: " "
                  RenderBR {BR} at (99,1435) size 0x0
                  RenderInline {A} at (0,0) size 47x16 [color=#0000EE]
                    RenderText {#text} at (0,1440) size 47x16
                      text run at (0,1440) width 47: "SQL Path"
                  RenderText {#text} at (47,1440) size 3x16
                    text run at (47,1440) width 3: " "
                  RenderBR {BR} at (50,1451) size 0x0
                  RenderInline {A} at (0,0) size 96x16 [color=#0000EE]
                    RenderText {#text} at (0,1456) size 96x16
                      text run at (0,1456) width 96: "Function Resolution"
                  RenderText {#text} at (96,1456) size 3x16
                    text run at (96,1456) width 3: " "
                  RenderBR {BR} at (99,1467) size 0x0
                  RenderInline {A} at (0,0) size 95x16 [color=#0000EE]
                    RenderText {#text} at (0,1472) size 95x16
                      text run at (0,1472) width 95: "Function Invocation"
                  RenderText {#text} at (95,1472) size 3x16
                    text run at (95,1472) width 3: " "
                  RenderBR {BR} at (98,1483) size 0x0
                  RenderInline {A} at (0,0) size 42x16 [color=#0000EE]
                    RenderText {#text} at (0,1488) size 42x16
                      text run at (0,1488) width 42: "Methods"
                  RenderText {#text} at (42,1488) size 3x16
                    text run at (42,1488) width 3: " "
                  RenderBR {BR} at (45,1499) size 0x0
                  RenderInline {A} at (0,0) size 199x16 [color=#0000EE]
                    RenderText {#text} at (0,1504) size 199x16
                      text run at (0,1504) width 199: "External and SQL User-Defined Methods"
                  RenderText {#text} at (199,1504) size 3x16
                    text run at (199,1504) width 3: " "
                  RenderBR {BR} at (202,1515) size 0x0
                  RenderInline {A} at (0,0) size 91x16 [color=#0000EE]
                    RenderText {#text} at (0,1520) size 91x16
                      text run at (0,1520) width 91: "Method Signatures"
                  RenderText {#text} at (91,1520) size 3x16
                    text run at (91,1520) width 3: " "
                  RenderBR {BR} at (94,1531) size 0x0
                  RenderInline {A} at (0,0) size 89x16 [color=#0000EE]
                    RenderText {#text} at (0,1536) size 89x16
                      text run at (0,1536) width 89: "Method Invocation"
                  RenderText {#text} at (89,1536) size 3x16
                    text run at (89,1536) width 3: " "
                  RenderBR {BR} at (92,1547) size 0x0
                  RenderInline {A} at (0,0) size 90x16 [color=#0000EE]
                    RenderText {#text} at (0,1552) size 90x16
                      text run at (0,1552) width 90: "Method Resolution"
                  RenderText {#text} at (90,1552) size 3x16
                    text run at (90,1552) width 3: " "
                  RenderBR {BR} at (93,1563) size 0x0
                  RenderInline {A} at (0,0) size 155x16 [color=#0000EE]
                    RenderText {#text} at (0,1568) size 155x16
                      text run at (0,1568) width 155: "Method of Choosing the Best Fit"
                  RenderText {#text} at (155,1568) size 3x16
                    text run at (155,1568) width 3: " "
                  RenderBR {BR} at (158,1579) size 0x0
                  RenderInline {A} at (0,0) size 147x16 [color=#0000EE]
                    RenderText {#text} at (0,1584) size 147x16
                      text run at (0,1584) width 147: "Example of Method Resolution"
                  RenderText {#text} at (147,1584) size 3x16
                    text run at (147,1584) width 3: " "
                  RenderBR {BR} at (150,1595) size 0x0
                  RenderInline {A} at (0,0) size 89x16 [color=#0000EE]
                    RenderText {#text} at (0,1600) size 89x16
                      text run at (0,1600) width 89: "Method Invocation"
                  RenderText {#text} at (89,1600) size 3x16
                    text run at (89,1600) width 3: " "
                  RenderBR {BR} at (92,1611) size 0x0
                  RenderInline {A} at (0,0) size 157x16 [color=#0000EE]
                    RenderText {#text} at (0,1616) size 157x16
                      text run at (0,1616) width 157: "Conservative Binding Semantics"
                  RenderText {#text} at (157,1616) size 3x16
                    text run at (157,1616) width 3: " "
                  RenderBR {BR} at (160,1627) size 0x0
                  RenderInline {A} at (0,0) size 61x16 [color=#0000EE]
                    RenderText {#text} at (0,1632) size 61x16
                      text run at (0,1632) width 61: "Expressions"
                  RenderText {#text} at (61,1632) size 3x16
                    text run at (61,1632) width 3: " "
                  RenderBR {BR} at (64,1643) size 0x0
                  RenderInline {A} at (0,0) size 89x16 [color=#0000EE]
                    RenderText {#text} at (0,1648) size 89x16
                      text run at (0,1648) width 89: "Without Operators"
                  RenderText {#text} at (89,1648) size 3x16
                    text run at (89,1648) width 3: " "
                  RenderBR {BR} at (92,1659) size 0x0
                  RenderInline {A} at (0,0) size 159x16 [color=#0000EE]
                    RenderText {#text} at (0,1664) size 159x16
                      text run at (0,1664) width 159: "With the Concatenation Operator"
                  RenderText {#text} at (159,1664) size 3x16
                    text run at (159,1664) width 3: " "
                  RenderBR {BR} at (162,1675) size 0x0
                  RenderInline {A} at (0,0) size 125x16 [color=#0000EE]
                    RenderText {#text} at (0,1680) size 125x16
                      text run at (0,1680) width 125: "With Arithmetic Operators"
                  RenderText {#text} at (125,1680) size 3x16
                    text run at (125,1680) width 3: " "
                  RenderBR {BR} at (128,1691) size 0x0
                  RenderInline {A} at (0,0) size 110x16 [color=#0000EE]
                    RenderText {#text} at (0,1696) size 110x16
                      text run at (0,1696) width 110: "Two Integer Operands"
                  RenderText {#text} at (110,1696) size 3x16
                    text run at (110,1696) width 3: " "
                  RenderBR {BR} at (113,1707) size 0x0
                  RenderInline {A} at (0,0) size 149x16 [color=#0000EE]
                    RenderText {#text} at (0,1712) size 149x16
                      text run at (0,1712) width 149: "Integer and Decimal Operands"
                  RenderText {#text} at (149,1712) size 3x16
                    text run at (149,1712) width 3: " "
                  RenderBR {BR} at (152,1723) size 0x0
                  RenderInline {A} at (0,0) size 115x16 [color=#0000EE]
                    RenderText {#text} at (0,1728) size 115x16
                      text run at (0,1728) width 115: "Two Decimal Operands"
                  RenderText {#text} at (115,1728) size 3x16
                    text run at (115,1728) width 3: " "
                  RenderBR {BR} at (118,1739) size 0x0
                  RenderInline {A} at (0,0) size 126x16 [color=#0000EE]
                    RenderText {#text} at (0,1744) size 126x16
                      text run at (0,1744) width 126: "Decimal Arithmetic in SQL"
                  RenderText {#text} at (126,1744) size 3x16
                    text run at (126,1744) width 3: " "
                  RenderBR {BR} at (129,1755) size 0x0
                  RenderInline {A} at (0,0) size 118x16 [color=#0000EE]
                    RenderText {#text} at (0,1760) size 118x16
                      text run at (0,1760) width 118: "Floating-Point Operands"
                  RenderText {#text} at (118,1760) size 3x16
                    text run at (118,1760) width 3: " "
                  RenderBR {BR} at (121,1771) size 0x0
                  RenderInline {A} at (0,0) size 164x16 [color=#0000EE]
                    RenderText {#text} at (0,1776) size 164x16
                      text run at (0,1776) width 164: "User-defined Types as Operands"
                  RenderText {#text} at (164,1776) size 3x16
                    text run at (164,1776) width 3: " "
                  RenderBR {BR} at (167,1787) size 0x0
                  RenderInline {A} at (0,0) size 80x16 [color=#0000EE]
                    RenderText {#text} at (0,1792) size 80x16
                      text run at (0,1792) width 80: "Scalar Fullselect"
                  RenderText {#text} at (80,1792) size 3x16
                    text run at (80,1792) width 3: " "
                  RenderBR {BR} at (83,1803) size 0x0
                  RenderInline {A} at (0,0) size 171x16 [color=#0000EE]
                    RenderText {#text} at (0,1808) size 171x16
                      text run at (0,1808) width 171: "Datetime Operations and Durations"
                  RenderText {#text} at (171,1808) size 3x16
                    text run at (171,1808) width 3: " "
                  RenderBR {BR} at (174,1819) size 0x0
                  RenderInline {A} at (0,0) size 130x16 [color=#0000EE]
                    RenderText {#text} at (0,1824) size 130x16
                      text run at (0,1824) width 130: "Datetime Arithmetic in SQL"
                  RenderText {#text} at (130,1824) size 3x16
                    text run at (130,1824) width 3: " "
                  RenderBR {BR} at (133,1835) size 0x0
                  RenderInline {A} at (0,0) size 128x16 [color=#0000EE]
                    RenderText {#text} at (0,1840) size 128x16
                      text run at (0,1840) width 128: "Precedence of Operations"
                  RenderText {#text} at (128,1840) size 3x16
                    text run at (128,1840) width 3: " "
                  RenderBR {BR} at (131,1851) size 0x0
                  RenderInline {A} at (0,0) size 93x16 [color=#0000EE]
                    RenderText {#text} at (0,1856) size 93x16
                      text run at (0,1856) width 93: "CASE Expressions"
                  RenderText {#text} at (93,1856) size 3x16
                    text run at (93,1856) width 3: " "
                  RenderBR {BR} at (96,1867) size 0x0
                  RenderInline {A} at (0,0) size 99x16 [color=#0000EE]
                    RenderText {#text} at (0,1872) size 99x16
                      text run at (0,1872) width 99: "CAST Specifications"
                  RenderText {#text} at (99,1872) size 3x16
                    text run at (99,1872) width 3: " "
                  RenderBR {BR} at (102,1883) size 0x0
                  RenderInline {A} at (0,0) size 118x16 [color=#0000EE]
                    RenderText {#text} at (0,1888) size 118x16
                      text run at (0,1888) width 118: "Dereference Operations"
                  RenderText {#text} at (118,1888) size 3x16
                    text run at (118,1888) width 3: " "
                  RenderBR {BR} at (121,1899) size 0x0
                  RenderInline {A} at (0,0) size 80x16 [color=#0000EE]
                    RenderText {#text} at (0,1904) size 80x16
                      text run at (0,1904) width 80: "OLAP Functions"
                  RenderText {#text} at (80,1904) size 3x16
                    text run at (80,1904) width 3: " "
                  RenderBR {BR} at (83,1915) size 0x0
                  RenderInline {A} at (0,0) size 89x16 [color=#0000EE]
                    RenderText {#text} at (0,1920) size 89x16
                      text run at (0,1920) width 89: "Method Invocation"
                  RenderText {#text} at (89,1920) size 3x16
                    text run at (89,1920) width 3: " "
                  RenderBR {BR} at (92,1931) size 0x0
                  RenderInline {A} at (0,0) size 93x16 [color=#0000EE]
                    RenderText {#text} at (0,1936) size 93x16
                      text run at (0,1936) width 93: "Subtype Treatment"
                  RenderText {#text} at (93,1936) size 3x16
                    text run at (93,1936) width 3: " "
                  RenderBR {BR} at (96,1947) size 0x0
                  RenderInline {A} at (0,0) size 52x16 [color=#0000EE]
                    RenderText {#text} at (0,1952) size 52x16
                      text run at (0,1952) width 52: "Predicates"
                  RenderText {#text} at (52,1952) size 3x16
                    text run at (52,1952) width 3: " "
                  RenderBR {BR} at (55,1963) size 0x0
                  RenderInline {A} at (0,0) size 76x16 [color=#0000EE]
                    RenderText {#text} at (0,1968) size 76x16
                      text run at (0,1968) width 76: "Basic Predicate"
                  RenderText {#text} at (76,1968) size 3x16
                    text run at (76,1968) width 3: " "
                  RenderBR {BR} at (79,1979) size 0x0
                  RenderInline {A} at (0,0) size 98x16 [color=#0000EE]
                    RenderText {#text} at (0,1984) size 98x16
                      text run at (0,1984) width 98: "Quantified Predicate"
                  RenderText {#text} at (98,1984) size 3x16
                    text run at (98,1984) width 3: " "
                  RenderBR {BR} at (101,1995) size 0x0
                  RenderInline {A} at (0,0) size 102x16 [color=#0000EE]
                    RenderText {#text} at (0,2000) size 102x16
                      text run at (0,2000) width 102: "BETWEEN Predicate"
                  RenderText {#text} at (102,2000) size 3x16
                    text run at (102,2000) width 3: " "
                  RenderBR {BR} at (105,2011) size 0x0
                  RenderInline {A} at (0,0) size 87x16 [color=#0000EE]
                    RenderText {#text} at (0,2016) size 87x16
                      text run at (0,2016) width 87: "EXISTS Predicate"
                  RenderText {#text} at (87,2016) size 3x16
                    text run at (87,2016) width 3: " "
                  RenderBR {BR} at (90,2027) size 0x0
                  RenderInline {A} at (0,0) size 60x16 [color=#0000EE]
                    RenderText {#text} at (0,2032) size 60x16
                      text run at (0,2032) width 60: "IN Predicate"
                  RenderText {#text} at (60,2032) size 3x16
                    text run at (60,2032) width 3: " "
                  RenderBR {BR} at (63,2043) size 0x0
                  RenderInline {A} at (0,0) size 72x16 [color=#0000EE]
                    RenderText {#text} at (0,2048) size 72x16
                      text run at (0,2048) width 72: "LIKE Predicate"
                  RenderText {#text} at (72,2048) size 3x16
                    text run at (72,2048) width 3: " "
                  RenderBR {BR} at (75,2059) size 0x0
                  RenderInline {A} at (0,0) size 77x16 [color=#0000EE]
                    RenderText {#text} at (0,2064) size 77x16
                      text run at (0,2064) width 77: "NULL Predicate"
                  RenderText {#text} at (77,2064) size 3x16
                    text run at (77,2064) width 3: " "
                  RenderBR {BR} at (80,2075) size 0x0
                  RenderInline {A} at (0,0) size 77x16 [color=#0000EE]
                    RenderText {#text} at (0,2080) size 77x16
                      text run at (0,2080) width 77: "TYPE Predicate"
                  RenderText {#text} at (77,2080) size 3x16
                    text run at (77,2080) width 3: " "
                  RenderBR {BR} at (80,2091) size 0x0
                  RenderInline {A} at (0,0) size 89x16 [color=#0000EE]
                    RenderText {#text} at (0,2096) size 89x16
                      text run at (0,2096) width 89: "Search Conditions"
                  RenderText {#text} at (89,2096) size 3x16
                    text run at (89,2096) width 3: " "
                  RenderBR {BR} at (92,2107) size 0x0
                  RenderInline {A} at (0,0) size 48x16 [color=#0000EE]
                    RenderText {#text} at (0,2112) size 48x16
                      text run at (0,2112) width 48: "Examples"
                  RenderText {#text} at (0,0) size 0x0
                RenderBlock {P} at (0,3497) size 591x2064
                  RenderInline {B} at (0,0) size 54x16
                    RenderInline {A} at (0,0) size 54x16 [color=#0000EE]
                      RenderText {#text} at (0,0) size 54x16
                        text run at (0,0) width 54: "Functions"
                  RenderBR {BR} at (54,11) size 0x0
                  RenderBR {BR} at (0,16) size 0x16
                  RenderInline {A} at (0,0) size 88x16 [color=#0000EE]
                    RenderText {#text} at (0,32) size 88x16
                      text run at (0,32) width 88: "Column Functions"
                  RenderText {#text} at (88,32) size 3x16
                    text run at (88,32) width 3: " "
                  RenderBR {BR} at (91,43) size 0x0
                  RenderInline {A} at (0,0) size 23x16 [color=#0000EE]
                    RenderText {#text} at (0,48) size 23x16
                      text run at (0,48) width 23: "AVG"
                  RenderText {#text} at (23,48) size 3x16
                    text run at (23,48) width 3: " "
                  RenderBR {BR} at (26,59) size 0x0
                  RenderInline {A} at (0,0) size 80x16 [color=#0000EE]
                    RenderText {#text} at (0,64) size 80x16
                      text run at (0,64) width 80: "CORRELATION"
                  RenderText {#text} at (80,64) size 3x16
                    text run at (80,64) width 3: " "
                  RenderBR {BR} at (83,75) size 0x0
                  RenderInline {A} at (0,0) size 40x16 [color=#0000EE]
                    RenderText {#text} at (0,80) size 40x16
                      text run at (0,80) width 40: "COUNT"
                  RenderText {#text} at (40,80) size 3x16
                    text run at (40,80) width 3: " "
                  RenderBR {BR} at (43,91) size 0x0
                  RenderInline {A} at (0,0) size 65x16 [color=#0000EE]
                    RenderText {#text} at (0,96) size 65x16
                      text run at (0,96) width 65: "COUNT_BIG"
                  RenderText {#text} at (65,96) size 3x16
                    text run at (65,96) width 3: " "
                  RenderBR {BR} at (68,107) size 0x0
                  RenderInline {A} at (0,0) size 72x16 [color=#0000EE]
                    RenderText {#text} at (0,112) size 72x16
                      text run at (0,112) width 72: "COVARIANCE"
                  RenderText {#text} at (72,112) size 3x16
                    text run at (72,112) width 3: " "
                  RenderBR {BR} at (75,123) size 0x0
                  RenderInline {A} at (0,0) size 61x16 [color=#0000EE]
                    RenderText {#text} at (0,128) size 61x16
                      text run at (0,128) width 61: "GROUPING"
                  RenderText {#text} at (61,128) size 3x16
                    text run at (61,128) width 3: " "
                  RenderBR {BR} at (64,139) size 0x0
                  RenderInline {A} at (0,0) size 23x16 [color=#0000EE]
                    RenderText {#text} at (0,144) size 23x16
                      text run at (0,144) width 23: "MAX"
                  RenderText {#text} at (23,144) size 3x16
                    text run at (23,144) width 3: " "
                  RenderBR {BR} at (26,155) size 0x0
                  RenderInline {A} at (0,0) size 20x16 [color=#0000EE]
                    RenderText {#text} at (0,160) size 20x16
                      text run at (0,160) width 20: "MIN"
                  RenderText {#text} at (20,160) size 3x16
                    text run at (20,160) width 3: " "
                  RenderBR {BR} at (23,171) size 0x0
                  RenderInline {A} at (0,0) size 124x16 [color=#0000EE]
                    RenderText {#text} at (0,176) size 124x16
                      text run at (0,176) width 124: "REGRESSION Functions"
                  RenderText {#text} at (124,176) size 3x16
                    text run at (124,176) width 3: " "
                  RenderBR {BR} at (127,187) size 0x0
                  RenderInline {A} at (0,0) size 44x16 [color=#0000EE]
                    RenderText {#text} at (0,192) size 44x16
                      text run at (0,192) width 44: "STDDEV"
                  RenderText {#text} at (44,192) size 3x16
                    text run at (44,192) width 3: " "
                  RenderBR {BR} at (47,203) size 0x0
                  RenderInline {A} at (0,0) size 24x16 [color=#0000EE]
                    RenderText {#text} at (0,208) size 24x16
                      text run at (0,208) width 24: "SUM"
                  RenderText {#text} at (24,208) size 3x16
                    text run at (24,208) width 3: " "
                  RenderBR {BR} at (27,219) size 0x0
                  RenderInline {A} at (0,0) size 55x16 [color=#0000EE]
                    RenderText {#text} at (0,224) size 55x16
                      text run at (0,224) width 55: "VARIANCE"
                  RenderText {#text} at (55,224) size 3x16
                    text run at (55,224) width 3: " "
                  RenderBR {BR} at (58,235) size 0x0
                  RenderInline {A} at (0,0) size 82x16 [color=#0000EE]
                    RenderText {#text} at (0,240) size 82x16
                      text run at (0,240) width 82: "Scalar Functions"
                  RenderText {#text} at (82,240) size 3x16
                    text run at (82,240) width 3: " "
                  RenderBR {BR} at (85,251) size 0x0
                  RenderInline {A} at (0,0) size 78x16 [color=#0000EE]
                    RenderText {#text} at (0,256) size 78x16
                      text run at (0,256) width 78: "ABS or ABSVAL"
                  RenderText {#text} at (78,256) size 3x16
                    text run at (78,256) width 3: " "
                  RenderBR {BR} at (81,267) size 0x0
                  RenderInline {A} at (0,0) size 31x16 [color=#0000EE]
                    RenderText {#text} at (0,272) size 31x16
                      text run at (0,272) width 31: "ACOS"
                  RenderText {#text} at (31,272) size 3x16
                    text run at (31,272) width 3: " "
                  RenderBR {BR} at (34,283) size 0x0
                  RenderInline {A} at (0,0) size 28x16 [color=#0000EE]
                    RenderText {#text} at (0,288) size 28x16
                      text run at (0,288) width 28: "ASCII"
                  RenderText {#text} at (28,288) size 3x16
                    text run at (28,288) width 3: " "
                  RenderBR {BR} at (31,299) size 0x0
                  RenderInline {A} at (0,0) size 25x16 [color=#0000EE]
                    RenderText {#text} at (0,304) size 25x16
                      text run at (0,304) width 25: "ASIN"
                  RenderText {#text} at (25,304) size 3x16
                    text run at (25,304) width 3: " "
                  RenderBR {BR} at (28,315) size 0x0
                  RenderInline {A} at (0,0) size 29x16 [color=#0000EE]
                    RenderText {#text} at (0,320) size 29x16
                      text run at (0,320) width 29: "ATAN"
                  RenderText {#text} at (29,320) size 3x16
                    text run at (29,320) width 3: " "
                  RenderBR {BR} at (32,331) size 0x0
                  RenderInline {A} at (0,0) size 35x16 [color=#0000EE]
                    RenderText {#text} at (0,336) size 35x16
                      text run at (0,336) width 35: "ATAN2"
                  RenderText {#text} at (35,336) size 3x16
                    text run at (35,336) width 3: " "
                  RenderBR {BR} at (38,347) size 0x0
                  RenderInline {A} at (0,0) size 37x16 [color=#0000EE]
                    RenderText {#text} at (0,352) size 37x16
                      text run at (0,352) width 37: "BIGINT"
                  RenderText {#text} at (37,352) size 3x16
                    text run at (37,352) width 3: " "
                  RenderBR {BR} at (40,363) size 0x0
                  RenderInline {A} at (0,0) size 29x16 [color=#0000EE]
                    RenderText {#text} at (0,368) size 29x16
                      text run at (0,368) width 29: "BLOB"
                  RenderText {#text} at (29,368) size 3x16
                    text run at (29,368) width 3: " "
                  RenderBR {BR} at (32,379) size 0x0
                  RenderInline {A} at (0,0) size 84x16 [color=#0000EE]
                    RenderText {#text} at (0,384) size 84x16
                      text run at (0,384) width 84: "CEILING or CEIL"
                  RenderText {#text} at (84,384) size 3x16
                    text run at (84,384) width 3: " "
                  RenderBR {BR} at (87,395) size 0x0
                  RenderInline {A} at (0,0) size 31x16 [color=#0000EE]
                    RenderText {#text} at (0,400) size 31x16
                      text run at (0,400) width 31: "CHAR"
                  RenderText {#text} at (31,400) size 3x16
                    text run at (31,400) width 3: " "
                  RenderBR {BR} at (34,411) size 0x0
                  RenderInline {A} at (0,0) size 24x16 [color=#0000EE]
                    RenderText {#text} at (0,416) size 24x16
                      text run at (0,416) width 24: "CHR"
                  RenderText {#text} at (24,416) size 3x16
                    text run at (24,416) width 3: " "
                  RenderBR {BR} at (27,427) size 0x0
                  RenderInline {A} at (0,0) size 30x16 [color=#0000EE]
                    RenderText {#text} at (0,432) size 30x16
                      text run at (0,432) width 30: "CLOB"
                  RenderText {#text} at (30,432) size 3x16
                    text run at (30,432) width 3: " "
                  RenderBR {BR} at (33,443) size 0x0
                  RenderInline {A} at (0,0) size 59x16 [color=#0000EE]
                    RenderText {#text} at (0,448) size 59x16
                      text run at (0,448) width 59: "COALESCE"
                  RenderText {#text} at (59,448) size 3x16
                    text run at (59,448) width 3: " "
                  RenderBR {BR} at (62,459) size 0x0
                  RenderInline {A} at (0,0) size 47x16 [color=#0000EE]
                    RenderText {#text} at (0,464) size 47x16
                      text run at (0,464) width 47: "CONCAT"
                  RenderText {#text} at (47,464) size 3x16
                    text run at (47,464) width 3: " "
                  RenderBR {BR} at (50,475) size 0x0
                  RenderInline {A} at (0,0) size 24x16 [color=#0000EE]
                    RenderText {#text} at (0,480) size 24x16
                      text run at (0,480) width 24: "COS"
                  RenderText {#text} at (24,480) size 3x16
                    text run at (24,480) width 3: " "
                  RenderBR {BR} at (27,491) size 0x0
                  RenderInline {A} at (0,0) size 24x16 [color=#0000EE]
                    RenderText {#text} at (0,496) size 24x16
                      text run at (0,496) width 24: "COT"
                  RenderText {#text} at (24,496) size 3x16
                    text run at (24,496) width 3: " "
                  RenderBR {BR} at (27,507) size 0x0
                  RenderInline {A} at (0,0) size 29x16 [color=#0000EE]
                    RenderText {#text} at (0,512) size 29x16
                      text run at (0,512) width 29: "DATE"
                  RenderText {#text} at (29,512) size 3x16
                    text run at (29,512) width 3: " "
                  RenderBR {BR} at (32,523) size 0x0
                  RenderInline {A} at (0,0) size 22x16 [color=#0000EE]
                    RenderText {#text} at (0,528) size 22x16
                      text run at (0,528) width 22: "DAY"
                  RenderText {#text} at (22,528) size 3x16
                    text run at (22,528) width 3: " "
                  RenderBR {BR} at (25,539) size 0x0
                  RenderInline {A} at (0,0) size 53x16 [color=#0000EE]
                    RenderText {#text} at (0,544) size 53x16
                      text run at (0,544) width 53: "DAYNAME"
                  RenderText {#text} at (53,544) size 3x16
                    text run at (53,544) width 3: " "
                  RenderBR {BR} at (56,555) size 0x0
                  RenderInline {A} at (0,0) size 69x16 [color=#0000EE]
                    RenderText {#text} at (0,560) size 69x16
                      text run at (0,560) width 69: "DAYOFWEEK"
                  RenderText {#text} at (69,560) size 3x16
                    text run at (69,560) width 3: " "
                  RenderBR {BR} at (72,571) size 0x0
                  RenderInline {A} at (0,0) size 94x16 [color=#0000EE]
                    RenderText {#text} at (0,576) size 94x16
                      text run at (0,576) width 94: "DAYOFWEEK_ISO"
                  RenderText {#text} at (94,576) size 3x16
                    text run at (94,576) width 3: " "
                  RenderBR {BR} at (97,587) size 0x0
                  RenderInline {A} at (0,0) size 67x16 [color=#0000EE]
                    RenderText {#text} at (0,592) size 67x16
                      text run at (0,592) width 67: "DAYOFYEAR"
                  RenderText {#text} at (67,592) size 3x16
                    text run at (67,592) width 3: " "
                  RenderBR {BR} at (70,603) size 0x0
                  RenderInline {A} at (0,0) size 29x16 [color=#0000EE]
                    RenderText {#text} at (0,608) size 29x16
                      text run at (0,608) width 29: "DAYS"
                  RenderText {#text} at (29,608) size 3x16
                    text run at (29,608) width 3: " "
                  RenderBR {BR} at (32,619) size 0x0
                  RenderInline {A} at (0,0) size 45x16 [color=#0000EE]
                    RenderText {#text} at (0,624) size 45x16
                      text run at (0,624) width 45: "DBCLOB"
                  RenderText {#text} at (45,624) size 3x16
                    text run at (45,624) width 3: " "
                  RenderBR {BR} at (48,635) size 0x0
                  RenderInline {A} at (0,0) size 48x16 [color=#0000EE]
                    RenderText {#text} at (0,640) size 48x16
                      text run at (0,640) width 48: "DECIMAL"
                  RenderText {#text} at (48,640) size 3x16
                    text run at (48,640) width 3: " "
                  RenderBR {BR} at (51,651) size 0x0
                  RenderInline {A} at (0,0) size 53x16 [color=#0000EE]
                    RenderText {#text} at (0,656) size 53x16
                      text run at (0,656) width 53: "DEGREES"
                  RenderText {#text} at (53,656) size 3x16
                    text run at (53,656) width 3: " "
                  RenderBR {BR} at (56,667) size 0x0
                  RenderInline {A} at (0,0) size 37x16 [color=#0000EE]
                    RenderText {#text} at (0,672) size 37x16
                      text run at (0,672) width 37: "DEREF"
                  RenderText {#text} at (37,672) size 3x16
                    text run at (37,672) width 3: " "
                  RenderBR {BR} at (40,683) size 0x0
                  RenderInline {A} at (0,0) size 70x16 [color=#0000EE]
                    RenderText {#text} at (0,688) size 70x16
                      text run at (0,688) width 70: "DIFFERENCE"
                  RenderText {#text} at (70,688) size 3x16
                    text run at (70,688) width 3: " "
                  RenderBR {BR} at (73,699) size 0x0
                  RenderInline {A} at (0,0) size 37x16 [color=#0000EE]
                    RenderText {#text} at (0,704) size 37x16
                      text run at (0,704) width 37: "DIGITS"
                  RenderText {#text} at (37,704) size 3x16
                    text run at (37,704) width 3: " "
                  RenderBR {BR} at (40,715) size 0x0
                  RenderInline {A} at (0,0) size 71x16 [color=#0000EE]
                    RenderText {#text} at (0,720) size 71x16
                      text run at (0,720) width 71: "DLCOMMENT"
                  RenderText {#text} at (71,720) size 3x16
                    text run at (71,720) width 3: " "
                  RenderBR {BR} at (74,731) size 0x0
                  RenderInline {A} at (0,0) size 66x16 [color=#0000EE]
                    RenderText {#text} at (0,736) size 66x16
                      text run at (0,736) width 66: "DLLINKTYPE"
                  RenderText {#text} at (66,736) size 3x16
                    text run at (66,736) width 3: " "
                  RenderBR {BR} at (69,747) size 0x0
                  RenderInline {A} at (0,0) size 96x16 [color=#0000EE]
                    RenderText {#text} at (0,752) size 96x16
                      text run at (0,752) width 96: "DLURLCOMPLETE"
                  RenderText {#text} at (96,752) size 3x16
                    text run at (96,752) width 3: " "
                  RenderBR {BR} at (99,763) size 0x0
                  RenderInline {A} at (0,0) size 65x16 [color=#0000EE]
                    RenderText {#text} at (0,768) size 65x16
                      text run at (0,768) width 65: "DLURLPATH"
                  RenderText {#text} at (65,768) size 3x16
                    text run at (65,768) width 3: " "
                  RenderBR {BR} at (68,779) size 0x0
                  RenderInline {A} at (0,0) size 95x16 [color=#0000EE]
                    RenderText {#text} at (0,784) size 95x16
                      text run at (0,784) width 95: "DLURLPATHONLY"
                  RenderText {#text} at (95,784) size 3x16
                    text run at (95,784) width 3: " "
                  RenderBR {BR} at (98,795) size 0x0
                  RenderInline {A} at (0,0) size 82x16 [color=#0000EE]
                    RenderText {#text} at (0,800) size 82x16
                      text run at (0,800) width 82: "DLURLSCHEME"
                  RenderText {#text} at (82,800) size 3x16
                    text run at (82,800) width 3: " "
                  RenderBR {BR} at (85,811) size 0x0
                  RenderInline {A} at (0,0) size 80x16 [color=#0000EE]
                    RenderText {#text} at (0,816) size 80x16
                      text run at (0,816) width 80: "DLURLSERVER"
                  RenderText {#text} at (80,816) size 3x16
                    text run at (80,816) width 3: " "
                  RenderBR {BR} at (83,827) size 0x0
                  RenderInline {A} at (0,0) size 49x16 [color=#0000EE]
                    RenderText {#text} at (0,832) size 49x16
                      text run at (0,832) width 49: "DLVALUE"
                  RenderText {#text} at (49,832) size 3x16
                    text run at (49,832) width 3: " "
                  RenderBR {BR} at (52,843) size 0x0
                  RenderInline {A} at (0,0) size 45x16 [color=#0000EE]
                    RenderText {#text} at (0,848) size 45x16
                      text run at (0,848) width 45: "DOUBLE"
                  RenderText {#text} at (45,848) size 3x16
                    text run at (45,848) width 3: " "
                  RenderBR {BR} at (48,859) size 0x0
                  RenderInline {A} at (0,0) size 109x16 [color=#0000EE]
                    RenderText {#text} at (0,864) size 109x16
                      text run at (0,864) width 109: "EVENT_MON_STATE"
                  RenderText {#text} at (109,864) size 3x16
                    text run at (109,864) width 3: " "
                  RenderBR {BR} at (112,875) size 0x0
                  RenderInline {A} at (0,0) size 21x16 [color=#0000EE]
                    RenderText {#text} at (0,880) size 21x16
                      text run at (0,880) width 21: "EXP"
                  RenderText {#text} at (21,880) size 3x16
                    text run at (21,880) width 3: " "
                  RenderBR {BR} at (24,891) size 0x0
                  RenderInline {A} at (0,0) size 36x16 [color=#0000EE]
                    RenderText {#text} at (0,896) size 36x16
                      text run at (0,896) width 36: "FLOAT"
                  RenderText {#text} at (36,896) size 3x16
                    text run at (36,896) width 3: " "
                  RenderBR {BR} at (39,907) size 0x0
                  RenderInline {A} at (0,0) size 39x16 [color=#0000EE]
                    RenderText {#text} at (0,912) size 39x16
                      text run at (0,912) width 39: "FLOOR"
                  RenderText {#text} at (39,912) size 3x16
                    text run at (39,912) width 3: " "
                  RenderBR {BR} at (42,923) size 0x0
                  RenderInline {A} at (0,0) size 109x16 [color=#0000EE]
                    RenderText {#text} at (0,928) size 109x16
                      text run at (0,928) width 109: "GENERATE_UNIQUE"
                  RenderText {#text} at (109,928) size 3x16
                    text run at (109,928) width 3: " "
                  RenderBR {BR} at (112,939) size 0x0
                  RenderInline {A} at (0,0) size 50x16 [color=#0000EE]
                    RenderText {#text} at (0,944) size 50x16
                      text run at (0,944) width 50: "GRAPHIC"
                  RenderText {#text} at (50,944) size 3x16
                    text run at (50,944) width 3: " "
                  RenderBR {BR} at (53,955) size 0x0
                  RenderInline {A} at (0,0) size 22x16 [color=#0000EE]
                    RenderText {#text} at (0,960) size 22x16
                      text run at (0,960) width 22: "HEX"
                  RenderText {#text} at (22,960) size 3x16
                    text run at (22,960) width 3: " "
                  RenderBR {BR} at (25,971) size 0x0
                  RenderInline {A} at (0,0) size 33x16 [color=#0000EE]
                    RenderText {#text} at (0,976) size 33x16
                      text run at (0,976) width 33: "HOUR"
                  RenderText {#text} at (33,976) size 3x16
                    text run at (33,976) width 3: " "
                  RenderBR {BR} at (36,987) size 0x0
                  RenderInline {A} at (0,0) size 40x16 [color=#0000EE]
                    RenderText {#text} at (0,992) size 40x16
                      text run at (0,992) width 40: "INSERT"
                  RenderText {#text} at (40,992) size 3x16
                    text run at (40,992) width 3: " "
                  RenderBR {BR} at (43,1003) size 0x0
                  RenderInline {A} at (0,0) size 49x16 [color=#0000EE]
                    RenderText {#text} at (0,1008) size 49x16
                      text run at (0,1008) width 49: "INTEGER"
                  RenderText {#text} at (49,1008) size 3x16
                    text run at (49,1008) width 3: " "
                  RenderBR {BR} at (52,1019) size 0x0
                  RenderInline {A} at (0,0) size 66x16 [color=#0000EE]
                    RenderText {#text} at (0,1024) size 66x16
                      text run at (0,1024) width 66: "JULIAN_DAY"
                  RenderText {#text} at (66,1024) size 3x16
                    text run at (66,1024) width 3: " "
                  RenderBR {BR} at (69,1035) size 0x0
                  RenderInline {A} at (0,0) size 91x16 [color=#0000EE]
                    RenderText {#text} at (0,1040) size 91x16
                      text run at (0,1040) width 91: "LCASE or LOWER"
                  RenderText {#text} at (91,1040) size 3x16
                    text run at (91,1040) width 3: " "
                  RenderBR {BR} at (94,1051) size 0x0
                  RenderInline {A} at (0,0) size 132x16 [color=#0000EE]
                    RenderText {#text} at (0,1056) size 132x16
                      text run at (0,1056) width 132: "LCASE (SYSFUN schema)"
                  RenderText {#text} at (132,1056) size 3x16
                    text run at (132,1056) width 3: " "
                  RenderBR {BR} at (135,1067) size 0x0
                  RenderInline {A} at (0,0) size 27x16 [color=#0000EE]
                    RenderText {#text} at (0,1072) size 27x16
                      text run at (0,1072) width 27: "LEFT"
                  RenderText {#text} at (27,1072) size 3x16
                    text run at (27,1072) width 3: " "
                  RenderBR {BR} at (30,1083) size 0x0
                  RenderInline {A} at (0,0) size 45x16 [color=#0000EE]
                    RenderText {#text} at (0,1088) size 45x16
                      text run at (0,1088) width 45: "LENGTH"
                  RenderText {#text} at (45,1088) size 3x16
                    text run at (45,1088) width 3: " "
                  RenderBR {BR} at (48,1099) size 0x0
                  RenderInline {A} at (0,0) size 14x16 [color=#0000EE]
                    RenderText {#text} at (0,1104) size 14x16
                      text run at (0,1104) width 14: "LN"
                  RenderText {#text} at (14,1104) size 3x16
                    text run at (14,1104) width 3: " "
                  RenderBR {BR} at (17,1115) size 0x0
                  RenderInline {A} at (0,0) size 44x16 [color=#0000EE]
                    RenderText {#text} at (0,1120) size 44x16
                      text run at (0,1120) width 44: "LOCATE"
                  RenderText {#text} at (44,1120) size 3x16
                    text run at (44,1120) width 3: " "
                  RenderBR {BR} at (47,1131) size 0x0
                  RenderInline {A} at (0,0) size 24x16 [color=#0000EE]
                    RenderText {#text} at (0,1136) size 24x16
                      text run at (0,1136) width 24: "LOG"
                  RenderText {#text} at (24,1136) size 3x16
                    text run at (24,1136) width 3: " "
                  RenderBR {BR} at (27,1147) size 0x0
                  RenderInline {A} at (0,0) size 36x16 [color=#0000EE]
                    RenderText {#text} at (0,1152) size 36x16
                      text run at (0,1152) width 36: "LOG10"
                  RenderText {#text} at (36,1152) size 3x16
                    text run at (36,1152) width 3: " "
                  RenderBR {BR} at (39,1163) size 0x0
                  RenderInline {A} at (0,0) size 91x16 [color=#0000EE]
                    RenderText {#text} at (0,1168) size 91x16
                      text run at (0,1168) width 91: "LONG_VARCHAR"
                  RenderText {#text} at (91,1168) size 3x16
                    text run at (91,1168) width 3: " "
                  RenderBR {BR} at (94,1179) size 0x0
                  RenderInline {A} at (0,0) size 110x16 [color=#0000EE]
                    RenderText {#text} at (0,1184) size 110x16
                      text run at (0,1184) width 110: "LONG_VARGRAPHIC"
                  RenderText {#text} at (110,1184) size 3x16
                    text run at (110,1184) width 3: " "
                  RenderBR {BR} at (113,1195) size 0x0
                  RenderInline {A} at (0,0) size 33x16 [color=#0000EE]
                    RenderText {#text} at (0,1200) size 33x16
                      text run at (0,1200) width 33: "LTRIM"
                  RenderText {#text} at (33,1200) size 3x16
                    text run at (33,1200) width 3: " "
                  RenderBR {BR} at (36,1211) size 0x0
                  RenderInline {A} at (0,0) size 130x16 [color=#0000EE]
                    RenderText {#text} at (0,1216) size 130x16
                      text run at (0,1216) width 130: "LTRIM (SYSFUN schema)"
                  RenderText {#text} at (130,1216) size 3x16
                    text run at (130,1216) width 3: " "
                  RenderBR {BR} at (133,1227) size 0x0
                  RenderInline {A} at (0,0) size 84x16 [color=#0000EE]
                    RenderText {#text} at (0,1232) size 84x16
                      text run at (0,1232) width 84: "MICROSECOND"
                  RenderText {#text} at (84,1232) size 3x16
                    text run at (84,1232) width 3: " "
                  RenderBR {BR} at (87,1243) size 0x0
                  RenderInline {A} at (0,0) size 115x16 [color=#0000EE]
                    RenderText {#text} at (0,1248) size 115x16
                      text run at (0,1248) width 115: "MIDNIGHT_SECONDS"
                  RenderText {#text} at (115,1248) size 3x16
                    text run at (115,1248) width 3: " "
                  RenderBR {BR} at (118,1259) size 0x0
                  RenderInline {A} at (0,0) size 42x16 [color=#0000EE]
                    RenderText {#text} at (0,1264) size 42x16
                      text run at (0,1264) width 42: "MINUTE"
                  RenderText {#text} at (42,1264) size 3x16
                    text run at (42,1264) width 3: " "
                  RenderBR {BR} at (45,1275) size 0x0
                  RenderInline {A} at (0,0) size 26x16 [color=#0000EE]
                    RenderText {#text} at (0,1280) size 26x16
                      text run at (0,1280) width 26: "MOD"
                  RenderText {#text} at (26,1280) size 3x16
                    text run at (26,1280) width 3: " "
                  RenderBR {BR} at (29,1291) size 0x0
                  RenderInline {A} at (0,0) size 41x16 [color=#0000EE]
                    RenderText {#text} at (0,1296) size 41x16
                      text run at (0,1296) width 41: "MONTH"
                  RenderText {#text} at (41,1296) size 3x16
                    text run at (41,1296) width 3: " "
                  RenderBR {BR} at (44,1307) size 0x0
                  RenderInline {A} at (0,0) size 72x16 [color=#0000EE]
                    RenderText {#text} at (0,1312) size 72x16
                      text run at (0,1312) width 72: "MONTHNAME"
                  RenderText {#text} at (72,1312) size 3x16
                    text run at (72,1312) width 3: " "
                  RenderBR {BR} at (75,1323) size 0x0
                  RenderInline {A} at (0,0) size 79x16 [color=#0000EE]
                    RenderText {#text} at (0,1328) size 79x16
                      text run at (0,1328) width 79: "NODENUMBER"
                  RenderText {#text} at (79,1328) size 3x16
                    text run at (79,1328) width 3: " "
                  RenderBR {BR} at (82,1339) size 0x0
                  RenderInline {A} at (0,0) size 38x16 [color=#0000EE]
                    RenderText {#text} at (0,1344) size 38x16
                      text run at (0,1344) width 38: "NULLIF"
                  RenderText {#text} at (38,1344) size 3x16
                    text run at (38,1344) width 3: " "
                  RenderBR {BR} at (41,1355) size 0x0
                  RenderInline {A} at (0,0) size 59x16 [color=#0000EE]
                    RenderText {#text} at (0,1360) size 59x16
                      text run at (0,1360) width 59: "PARTITION"
                  RenderText {#text} at (59,1360) size 3x16
                    text run at (59,1360) width 3: " "
                  RenderBR {BR} at (62,1371) size 0x0
                  RenderInline {A} at (0,0) size 45x16 [color=#0000EE]
                    RenderText {#text} at (0,1376) size 45x16
                      text run at (0,1376) width 45: "POSSTR"
                  RenderText {#text} at (45,1376) size 3x16
                    text run at (45,1376) width 3: " "
                  RenderBR {BR} at (48,1387) size 0x0
                  RenderInline {A} at (0,0) size 41x16 [color=#0000EE]
                    RenderText {#text} at (0,1392) size 41x16
                      text run at (0,1392) width 41: "POWER"
                  RenderText {#text} at (41,1392) size 3x16
                    text run at (41,1392) width 3: " "
                  RenderBR {BR} at (44,1403) size 0x0
                  RenderInline {A} at (0,0) size 54x16 [color=#0000EE]
                    RenderText {#text} at (0,1408) size 54x16
                      text run at (0,1408) width 54: "QUARTER"
                  RenderText {#text} at (54,1408) size 3x16
                    text run at (54,1408) width 3: " "
                  RenderBR {BR} at (57,1419) size 0x0
                  RenderInline {A} at (0,0) size 48x16 [color=#0000EE]
                    RenderText {#text} at (0,1424) size 48x16
                      text run at (0,1424) width 48: "RADIANS"
                  RenderText {#text} at (48,1424) size 3x16
                    text run at (48,1424) width 3: " "
                  RenderBR {BR} at (51,1435) size 0x0
                  RenderInline {A} at (0,0) size 78x16 [color=#0000EE]
                    RenderText {#text} at (0,1440) size 78x16
                      text run at (0,1440) width 78: "RAISE_ERROR"
                  RenderText {#text} at (78,1440) size 3x16
                    text run at (78,1440) width 3: " "
                  RenderBR {BR} at (81,1451) size 0x0
                  RenderInline {A} at (0,0) size 31x16 [color=#0000EE]
                    RenderText {#text} at (0,1456) size 31x16
                      text run at (0,1456) width 31: "RAND"
                  RenderText {#text} at (31,1456) size 3x16
                    text run at (31,1456) width 3: " "
                  RenderBR {BR} at (34,1467) size 0x0
                  RenderInline {A} at (0,0) size 28x16 [color=#0000EE]
                    RenderText {#text} at (0,1472) size 28x16
                      text run at (0,1472) width 28: "REAL"
                  RenderText {#text} at (28,1472) size 3x16
                    text run at (28,1472) width 3: " "
                  RenderBR {BR} at (31,1483) size 0x0
                  RenderInline {A} at (0,0) size 43x16 [color=#0000EE]
                    RenderText {#text} at (0,1488) size 43x16
                      text run at (0,1488) width 43: "REPEAT"
                  RenderText {#text} at (43,1488) size 3x16
                    text run at (43,1488) width 3: " "
                  RenderBR {BR} at (46,1499) size 0x0
                  RenderInline {A} at (0,0) size 50x16 [color=#0000EE]
                    RenderText {#text} at (0,1504) size 50x16
                      text run at (0,1504) width 50: "REPLACE"
                  RenderText {#text} at (50,1504) size 3x16
                    text run at (50,1504) width 3: " "
                  RenderBR {BR} at (53,1515) size 0x0
                  RenderInline {A} at (0,0) size 35x16 [color=#0000EE]
                    RenderText {#text} at (0,1520) size 35x16
                      text run at (0,1520) width 35: "RIGHT"
                  RenderText {#text} at (35,1520) size 3x16
                    text run at (35,1520) width 3: " "
                  RenderBR {BR} at (38,1531) size 0x0
                  RenderInline {A} at (0,0) size 41x16 [color=#0000EE]
                    RenderText {#text} at (0,1536) size 41x16
                      text run at (0,1536) width 41: "ROUND"
                  RenderText {#text} at (41,1536) size 3x16
                    text run at (41,1536) width 3: " "
                  RenderBR {BR} at (44,1547) size 0x0
                  RenderInline {A} at (0,0) size 35x16 [color=#0000EE]
                    RenderText {#text} at (0,1552) size 35x16
                      text run at (0,1552) width 35: "RTRIM"
                  RenderText {#text} at (35,1552) size 3x16
                    text run at (35,1552) width 3: " "
                  RenderBR {BR} at (38,1563) size 0x0
                  RenderInline {A} at (0,0) size 132x16 [color=#0000EE]
                    RenderText {#text} at (0,1568) size 132x16
                      text run at (0,1568) width 132: "RTRIM (SYSFUN schema)"
                  RenderText {#text} at (132,1568) size 3x16
                    text run at (132,1568) width 3: " "
                  RenderBR {BR} at (135,1579) size 0x0
                  RenderInline {A} at (0,0) size 47x16 [color=#0000EE]
                    RenderText {#text} at (0,1584) size 47x16
                      text run at (0,1584) width 47: "SECOND"
                  RenderText {#text} at (47,1584) size 3x16
                    text run at (47,1584) width 3: " "
                  RenderBR {BR} at (50,1595) size 0x0
                  RenderInline {A} at (0,0) size 27x16 [color=#0000EE]
                    RenderText {#text} at (0,1600) size 27x16
                      text run at (0,1600) width 27: "SIGN"
                  RenderText {#text} at (27,1600) size 3x16
                    text run at (27,1600) width 3: " "
                  RenderBR {BR} at (30,1611) size 0x0
                  RenderInline {A} at (0,0) size 18x16 [color=#0000EE]
                    RenderText {#text} at (0,1616) size 18x16
                      text run at (0,1616) width 18: "SIN"
                  RenderText {#text} at (18,1616) size 3x16
                    text run at (18,1616) width 3: " "
                  RenderBR {BR} at (21,1627) size 0x0
                  RenderInline {A} at (0,0) size 53x16 [color=#0000EE]
                    RenderText {#text} at (0,1632) size 53x16
                      text run at (0,1632) width 53: "SMALLINT"
                  RenderText {#text} at (53,1632) size 3x16
                    text run at (53,1632) width 3: " "
                  RenderBR {BR} at (56,1643) size 0x0
                  RenderInline {A} at (0,0) size 54x16 [color=#0000EE]
                    RenderText {#text} at (0,1648) size 54x16
                      text run at (0,1648) width 54: "SOUNDEX"
                  RenderText {#text} at (54,1648) size 3x16
                    text run at (54,1648) width 3: " "
                  RenderBR {BR} at (57,1659) size 0x0
                  RenderInline {A} at (0,0) size 36x16 [color=#0000EE]
                    RenderText {#text} at (0,1664) size 36x16
                      text run at (0,1664) width 36: "SPACE"
                  RenderText {#text} at (36,1664) size 3x16
                    text run at (36,1664) width 3: " "
                  RenderBR {BR} at (39,1675) size 0x0
                  RenderInline {A} at (0,0) size 31x16 [color=#0000EE]
                    RenderText {#text} at (0,1680) size 31x16
                      text run at (0,1680) width 31: "SQRT"
                  RenderText {#text} at (31,1680) size 3x16
                    text run at (31,1680) width 3: " "
                  RenderBR {BR} at (34,1691) size 0x0
                  RenderInline {A} at (0,0) size 44x16 [color=#0000EE]
                    RenderText {#text} at (0,1696) size 44x16
                      text run at (0,1696) width 44: "SUBSTR"
                  RenderText {#text} at (44,1696) size 3x16
                    text run at (44,1696) width 3: " "
                  RenderBR {BR} at (47,1707) size 0x0
                  RenderInline {A} at (0,0) size 71x16 [color=#0000EE]
                    RenderText {#text} at (0,1712) size 71x16
                      text run at (0,1712) width 71: "TABLE_NAME"
                  RenderText {#text} at (71,1712) size 3x16
                    text run at (71,1712) width 3: " "
                  RenderBR {BR} at (74,1723) size 0x0
                  RenderInline {A} at (0,0) size 86x16 [color=#0000EE]
                    RenderText {#text} at (0,1728) size 86x16
                      text run at (0,1728) width 86: "TABLE_SCHEMA"
                  RenderText {#text} at (86,1728) size 3x16
                    text run at (86,1728) width 3: " "
                  RenderBR {BR} at (89,1739) size 0x0
                  RenderInline {A} at (0,0) size 22x16 [color=#0000EE]
                    RenderText {#text} at (0,1744) size 22x16
                      text run at (0,1744) width 22: "TAN"
                  RenderText {#text} at (22,1744) size 3x16
                    text run at (22,1744) width 3: " "
                  RenderBR {BR} at (25,1755) size 0x0
                  RenderInline {A} at (0,0) size 26x16 [color=#0000EE]
                    RenderText {#text} at (0,1760) size 26x16
                      text run at (0,1760) width 26: "TIME"
                  RenderText {#text} at (26,1760) size 3x16
                    text run at (26,1760) width 3: " "
                  RenderBR {BR} at (29,1771) size 0x0
                  RenderInline {A} at (0,0) size 63x16 [color=#0000EE]
                    RenderText {#text} at (0,1776) size 63x16
                      text run at (0,1776) width 63: "TIMESTAMP"
                  RenderText {#text} at (63,1776) size 3x16
                    text run at (63,1776) width 3: " "
                  RenderBR {BR} at (66,1787) size 0x0
                  RenderInline {A} at (0,0) size 88x16 [color=#0000EE]
                    RenderText {#text} at (0,1792) size 88x16
                      text run at (0,1792) width 88: "TIMESTAMP_ISO"
                  RenderText {#text} at (88,1792) size 3x16
                    text run at (88,1792) width 3: " "
                  RenderBR {BR} at (91,1803) size 0x0
                  RenderInline {A} at (0,0) size 88x16 [color=#0000EE]
                    RenderText {#text} at (0,1808) size 88x16
                      text run at (0,1808) width 88: "TIMESTAMPDIFF"
                  RenderText {#text} at (88,1808) size 3x16
                    text run at (88,1808) width 3: " "
                  RenderBR {BR} at (91,1819) size 0x0
                  RenderInline {A} at (0,0) size 64x16 [color=#0000EE]
                    RenderText {#text} at (0,1824) size 64x16
                      text run at (0,1824) width 64: "TRANSLATE"
                  RenderText {#text} at (64,1824) size 3x16
                    text run at (64,1824) width 3: " "
                  RenderBR {BR} at (67,1835) size 0x0
                  RenderInline {A} at (0,0) size 115x16 [color=#0000EE]
                    RenderText {#text} at (0,1840) size 115x16
                      text run at (0,1840) width 115: "TRUNCATE or TRUNC"
                  RenderText {#text} at (115,1840) size 3x16
                    text run at (115,1840) width 3: " "
                  RenderBR {BR} at (118,1851) size 0x0
                  RenderInline {A} at (0,0) size 45x16 [color=#0000EE]
                    RenderText {#text} at (0,1856) size 45x16
                      text run at (0,1856) width 45: "TYPE_ID"
                  RenderText {#text} at (45,1856) size 3x16
                    text run at (45,1856) width 3: " "
                  RenderBR {BR} at (48,1867) size 0x0
                  RenderInline {A} at (0,0) size 65x16 [color=#0000EE]
                    RenderText {#text} at (0,1872) size 65x16
                      text run at (0,1872) width 65: "TYPE_NAME"
                  RenderText {#text} at (65,1872) size 3x16
                    text run at (65,1872) width 3: " "
                  RenderBR {BR} at (68,1883) size 0x0
                  RenderInline {A} at (0,0) size 80x16 [color=#0000EE]
                    RenderText {#text} at (0,1888) size 80x16
                      text run at (0,1888) width 80: "TYPE_SCHEMA"
                  RenderText {#text} at (80,1888) size 3x16
                    text run at (80,1888) width 3: " "
                  RenderBR {BR} at (83,1899) size 0x0
                  RenderInline {A} at (0,0) size 90x16 [color=#0000EE]
                    RenderText {#text} at (0,1904) size 90x16
                      text run at (0,1904) width 90: "UCASE or UPPER"
                  RenderText {#text} at (90,1904) size 3x16
                    text run at (90,1904) width 3: " "
                  RenderBR {BR} at (93,1915) size 0x0
                  RenderInline {A} at (0,0) size 35x16 [color=#0000EE]
                    RenderText {#text} at (0,1920) size 35x16
                      text run at (0,1920) width 35: "VALUE"
                  RenderText {#text} at (35,1920) size 3x16
                    text run at (35,1920) width 3: " "
                  RenderBR {BR} at (38,1931) size 0x0
                  RenderInline {A} at (0,0) size 53x16 [color=#0000EE]
                    RenderText {#text} at (0,1936) size 53x16
                      text run at (0,1936) width 53: "VARCHAR"
                  RenderText {#text} at (53,1936) size 3x16
                    text run at (53,1936) width 3: " "
                  RenderBR {BR} at (56,1947) size 0x0
                  RenderInline {A} at (0,0) size 72x16 [color=#0000EE]
                    RenderText {#text} at (0,1952) size 72x16
                      text run at (0,1952) width 72: "VARGRAPHIC"
                  RenderText {#text} at (72,1952) size 3x16
                    text run at (72,1952) width 3: " "
                  RenderBR {BR} at (75,1963) size 0x0
                  RenderInline {A} at (0,0) size 31x16 [color=#0000EE]
                    RenderText {#text} at (0,1968) size 31x16
                      text run at (0,1968) width 31: "WEEK"
                  RenderText {#text} at (31,1968) size 3x16
                    text run at (31,1968) width 3: " "
                  RenderBR {BR} at (34,1979) size 0x0
                  RenderInline {A} at (0,0) size 56x16 [color=#0000EE]
                    RenderText {#text} at (0,1984) size 56x16
                      text run at (0,1984) width 56: "WEEK_ISO"
                  RenderText {#text} at (56,1984) size 3x16
                    text run at (56,1984) width 3: " "
                  RenderBR {BR} at (59,1995) size 0x0
                  RenderInline {A} at (0,0) size 29x16 [color=#0000EE]
                    RenderText {#text} at (0,2000) size 29x16
                      text run at (0,2000) width 29: "YEAR"
                  RenderText {#text} at (29,2000) size 3x16
                    text run at (29,2000) width 3: " "
                  RenderBR {BR} at (32,2011) size 0x0
                  RenderInline {A} at (0,0) size 78x16 [color=#0000EE]
                    RenderText {#text} at (0,2016) size 78x16
                      text run at (0,2016) width 78: "Table Functions"
                  RenderText {#text} at (78,2016) size 3x16
                    text run at (78,2016) width 3: " "
                  RenderBR {BR} at (81,2027) size 0x0
                  RenderInline {A} at (0,0) size 126x16 [color=#0000EE]
                    RenderText {#text} at (0,2032) size 126x16
                      text run at (0,2032) width 126: "SQLCACHE_SNAPSHOT"
                  RenderText {#text} at (126,2032) size 3x16
                    text run at (126,2032) width 3: " "
                  RenderBR {BR} at (129,2043) size 0x0
                  RenderInline {A} at (0,0) size 116x16 [color=#0000EE]
                    RenderText {#text} at (0,2048) size 116x16
                      text run at (0,2048) width 116: "User-Defined Functions"
                  RenderText {#text} at (0,0) size 0x0
                RenderBlock {P} at (0,5572) size 591x368
                  RenderInline {B} at (0,0) size 41x16
                    RenderInline {A} at (0,0) size 41x16 [color=#0000EE]
                      RenderText {#text} at (0,0) size 41x16
                        text run at (0,0) width 41: "Queries"
                  RenderBR {BR} at (41,11) size 0x0
                  RenderBR {BR} at (0,16) size 0x16
                  RenderInline {A} at (0,0) size 47x16 [color=#0000EE]
                    RenderText {#text} at (0,32) size 47x16
                      text run at (0,32) width 47: "subselect"
                  RenderText {#text} at (47,32) size 3x16
                    text run at (47,32) width 3: " "
                  RenderBR {BR} at (50,43) size 0x0
                  RenderInline {A} at (0,0) size 65x16 [color=#0000EE]
                    RenderText {#text} at (0,48) size 65x16
                      text run at (0,48) width 65: "select-clause"
                  RenderText {#text} at (65,48) size 3x16
                    text run at (65,48) width 3: " "
                  RenderBR {BR} at (68,59) size 0x0
                  RenderInline {A} at (0,0) size 58x16 [color=#0000EE]
                    RenderText {#text} at (0,64) size 58x16
                      text run at (0,64) width 58: "from-clause"
                  RenderText {#text} at (58,64) size 3x16
                    text run at (58,64) width 3: " "
                  RenderBR {BR} at (61,75) size 0x0
                  RenderInline {A} at (0,0) size 74x16 [color=#0000EE]
                    RenderText {#text} at (0,80) size 74x16
                      text run at (0,80) width 74: "table-reference"
                  RenderText {#text} at (74,80) size 3x16
                    text run at (74,80) width 3: " "
                  RenderBR {BR} at (77,91) size 0x0
                  RenderInline {A} at (0,0) size 55x16 [color=#0000EE]
                    RenderText {#text} at (0,96) size 55x16
                      text run at (0,96) width 55: "joined-table"
                  RenderText {#text} at (55,96) size 3x16
                    text run at (55,96) width 3: " "
                  RenderBR {BR} at (58,107) size 0x0
                  RenderInline {A} at (0,0) size 66x16 [color=#0000EE]
                    RenderText {#text} at (0,112) size 66x16
                      text run at (0,112) width 66: "where-clause"
                  RenderText {#text} at (66,112) size 3x16
                    text run at (66,112) width 3: " "
                  RenderBR {BR} at (69,123) size 0x0
                  RenderInline {A} at (0,0) size 80x16 [color=#0000EE]
                    RenderText {#text} at (0,128) size 80x16
                      text run at (0,128) width 80: "group-by-clause"
                  RenderText {#text} at (80,128) size 3x16
                    text run at (80,128) width 3: " "
                  RenderBR {BR} at (83,139) size 0x0
                  RenderInline {A} at (0,0) size 68x16 [color=#0000EE]
                    RenderText {#text} at (0,144) size 68x16
                      text run at (0,144) width 68: "having-clause"
                  RenderText {#text} at (68,144) size 3x16
                    text run at (68,144) width 3: " "
                  RenderBR {BR} at (71,155) size 0x0
                  RenderInline {A} at (0,0) size 116x16 [color=#0000EE]
                    RenderText {#text} at (0,160) size 116x16
                      text run at (0,160) width 116: "Examples of subselects"
                  RenderText {#text} at (116,160) size 3x16
                    text run at (116,160) width 3: " "
                  RenderBR {BR} at (119,171) size 0x0
                  RenderInline {A} at (0,0) size 89x16 [color=#0000EE]
                    RenderText {#text} at (0,176) size 89x16
                      text run at (0,176) width 89: "Examples of Joins"
                  RenderText {#text} at (89,176) size 3x16
                    text run at (89,176) width 3: " "
                  RenderBR {BR} at (92,187) size 0x0
                  RenderInline {A} at (0,0) size 222x16 [color=#0000EE]
                    RenderText {#text} at (0,192) size 222x16
                      text run at (0,192) width 222: "Examples of Grouping Sets, Cube, and Rollup"
                  RenderText {#text} at (222,192) size 3x16
                    text run at (222,192) width 3: " "
                  RenderBR {BR} at (225,203) size 0x0
                  RenderInline {A} at (0,0) size 42x16 [color=#0000EE]
                    RenderText {#text} at (0,208) size 42x16
                      text run at (0,208) width 42: "fullselect"
                  RenderText {#text} at (42,208) size 3x16
                    text run at (42,208) width 3: " "
                  RenderBR {BR} at (45,219) size 0x0
                  RenderInline {A} at (0,0) size 114x16 [color=#0000EE]
                    RenderText {#text} at (0,224) size 114x16
                      text run at (0,224) width 114: "Examples of a fullselect"
                  RenderText {#text} at (114,224) size 3x16
                    text run at (114,224) width 3: " "
                  RenderBR {BR} at (117,235) size 0x0
                  RenderInline {A} at (0,0) size 81x16 [color=#0000EE]
                    RenderText {#text} at (0,240) size 81x16
                      text run at (0,240) width 81: "select-statement"
                  RenderText {#text} at (81,240) size 3x16
                    text run at (81,240) width 3: " "
                  RenderBR {BR} at (84,251) size 0x0
                  RenderInline {A} at (0,0) size 127x16 [color=#0000EE]
                    RenderText {#text} at (0,256) size 127x16
                      text run at (0,256) width 127: "common-table-expression"
                  RenderText {#text} at (127,256) size 3x16
                    text run at (127,256) width 3: " "
                  RenderBR {BR} at (130,267) size 0x0
                  RenderInline {A} at (0,0) size 78x16 [color=#0000EE]
                    RenderText {#text} at (0,272) size 78x16
                      text run at (0,272) width 78: "order-by-clause"
                  RenderText {#text} at (78,272) size 3x16
                    text run at (78,272) width 3: " "
                  RenderBR {BR} at (81,283) size 0x0
                  RenderInline {A} at (0,0) size 69x16 [color=#0000EE]
                    RenderText {#text} at (0,288) size 69x16
                      text run at (0,288) width 69: "update-clause"
                  RenderText {#text} at (69,288) size 3x16
                    text run at (69,288) width 3: " "
                  RenderBR {BR} at (72,299) size 0x0
                  RenderInline {A} at (0,0) size 82x16 [color=#0000EE]
                    RenderText {#text} at (0,304) size 82x16
                      text run at (0,304) width 82: "read-only-clause"
                  RenderText {#text} at (82,304) size 3x16
                    text run at (82,304) width 3: " "
                  RenderBR {BR} at (85,315) size 0x0
                  RenderInline {A} at (0,0) size 82x16 [color=#0000EE]
                    RenderText {#text} at (0,320) size 82x16
                      text run at (0,320) width 82: "fetch-first-clause"
                  RenderText {#text} at (82,320) size 3x16
                    text run at (82,320) width 3: " "
                  RenderBR {BR} at (85,331) size 0x0
                  RenderInline {A} at (0,0) size 93x16 [color=#0000EE]
                    RenderText {#text} at (0,336) size 93x16
                      text run at (0,336) width 93: "optimize-for-clause"
                  RenderText {#text} at (93,336) size 3x16
                    text run at (93,336) width 3: " "
                  RenderBR {BR} at (96,347) size 0x0
                  RenderInline {A} at (0,0) size 153x16 [color=#0000EE]
                    RenderText {#text} at (0,352) size 153x16
                      text run at (0,352) width 153: "Examples of a select-statement"
                  RenderText {#text} at (0,0) size 0x0
                RenderBlock {P} at (0,5951) size 591x1888
                  RenderInline {B} at (0,0) size 86x16
                    RenderInline {A} at (0,0) size 86x16 [color=#0000EE]
                      RenderText {#text} at (0,0) size 86x16
                        text run at (0,0) width 86: "SQL Statements"
                  RenderBR {BR} at (86,11) size 0x0
                  RenderBR {BR} at (0,16) size 0x16
                  RenderInline {A} at (0,0) size 167x16 [color=#0000EE]
                    RenderText {#text} at (0,32) size 167x16
                      text run at (0,32) width 167: "How SQL Statements Are Invoked"
                  RenderText {#text} at (167,32) size 3x16
                    text run at (167,32) width 3: " "
                  RenderBR {BR} at (170,43) size 0x0
                  RenderInline {A} at (0,0) size 241x16 [color=#0000EE]
                    RenderText {#text} at (0,48) size 241x16
                      text run at (0,48) width 241: "Embedding a Statement in an Application Program"
                  RenderText {#text} at (241,48) size 3x16
                    text run at (241,48) width 3: " "
                  RenderBR {BR} at (244,59) size 0x0
                  RenderInline {A} at (0,0) size 174x16 [color=#0000EE]
                    RenderText {#text} at (0,64) size 174x16
                      text run at (0,64) width 174: "Dynamic Preparation and Execution"
                  RenderText {#text} at (174,64) size 3x16
                    text run at (174,64) width 3: " "
                  RenderBR {BR} at (177,75) size 0x0
                  RenderInline {A} at (0,0) size 185x16 [color=#0000EE]
                    RenderText {#text} at (0,80) size 185x16
                      text run at (0,80) width 185: "Static Invocation of a select-statement"
                  RenderText {#text} at (185,80) size 3x16
                    text run at (185,80) width 3: " "
                  RenderBR {BR} at (188,91) size 0x0
                  RenderInline {A} at (0,0) size 201x16 [color=#0000EE]
                    RenderText {#text} at (0,96) size 201x16
                      text run at (0,96) width 201: "Dynamic Invocation of a select-statement"
                  RenderText {#text} at (201,96) size 3x16
                    text run at (201,96) width 3: " "
                  RenderBR {BR} at (204,107) size 0x0
                  RenderInline {A} at (0,0) size 104x16 [color=#0000EE]
                    RenderText {#text} at (0,112) size 104x16
                      text run at (0,112) width 104: "Interactive Invocation"
                  RenderText {#text} at (104,112) size 3x16
                    text run at (104,112) width 3: " "
                  RenderBR {BR} at (107,123) size 0x0
                  RenderInline {A} at (0,0) size 93x16 [color=#0000EE]
                    RenderText {#text} at (0,128) size 93x16
                      text run at (0,128) width 93: "SQL Return Codes"
                  RenderText {#text} at (93,128) size 3x16
                    text run at (93,128) width 3: " "
                  RenderBR {BR} at (96,139) size 0x0
                  RenderInline {A} at (0,0) size 54x16 [color=#0000EE]
                    RenderText {#text} at (0,144) size 54x16
                      text run at (0,144) width 54: "SQLCODE"
                  RenderText {#text} at (54,144) size 3x16
                    text run at (54,144) width 3: " "
                  RenderBR {BR} at (57,155) size 0x0
                  RenderInline {A} at (0,0) size 57x16 [color=#0000EE]
                    RenderText {#text} at (0,160) size 57x16
                      text run at (0,160) width 57: "SQLSTATE"
                  RenderText {#text} at (57,160) size 3x16
                    text run at (57,160) width 3: " "
                  RenderBR {BR} at (60,171) size 0x0
                  RenderInline {A} at (0,0) size 78x16 [color=#0000EE]
                    RenderText {#text} at (0,176) size 78x16
                      text run at (0,176) width 78: "SQL Comments"
                  RenderText {#text} at (78,176) size 3x16
                    text run at (78,176) width 3: " "
                  RenderBR {BR} at (81,187) size 0x0
                  RenderInline {A} at (0,0) size 113x16 [color=#0000EE]
                    RenderText {#text} at (0,192) size 113x16
                      text run at (0,192) width 113: "ALTER BUFFERPOOL"
                  RenderText {#text} at (113,192) size 3x16
                    text run at (113,192) width 3: " "
                  RenderBR {BR} at (116,203) size 0x0
                  RenderInline {A} at (0,0) size 95x16 [color=#0000EE]
                    RenderText {#text} at (0,208) size 95x16
                      text run at (0,208) width 95: "ALTER NICKNAME"
                  RenderText {#text} at (95,208) size 3x16
                    text run at (95,208) width 3: " "
                  RenderBR {BR} at (98,219) size 0x0
                  RenderInline {A} at (0,0) size 111x16 [color=#0000EE]
                    RenderText {#text} at (0,224) size 111x16
                      text run at (0,224) width 111: "ALTER NODEGROUP"
                  RenderText {#text} at (111,224) size 3x16
                    text run at (111,224) width 3: " "
                  RenderBR {BR} at (114,235) size 0x0
                  RenderInline {A} at (0,0) size 82x16 [color=#0000EE]
                    RenderText {#text} at (0,240) size 82x16
                      text run at (0,240) width 82: "ALTER SERVER"
                  RenderText {#text} at (82,240) size 3x16
                    text run at (82,240) width 3: " "
                  RenderBR {BR} at (85,251) size 0x0
                  RenderInline {A} at (0,0) size 72x16 [color=#0000EE]
                    RenderText {#text} at (0,256) size 72x16
                      text run at (0,256) width 72: "ALTER TABLE"
                  RenderText {#text} at (72,256) size 3x16
                    text run at (72,256) width 3: " "
                  RenderBR {BR} at (75,267) size 0x0
                  RenderInline {A} at (0,0) size 108x16 [color=#0000EE]
                    RenderText {#text} at (0,272) size 108x16
                      text run at (0,272) width 108: "ALTER TABLESPACE"
                  RenderText {#text} at (108,272) size 3x16
                    text run at (108,272) width 3: " "
                  RenderBR {BR} at (111,283) size 0x0
                  RenderInline {A} at (0,0) size 128x16 [color=#0000EE]
                    RenderText {#text} at (0,288) size 128x16
                      text run at (0,288) width 128: "ALTER TYPE (Structured)"
                  RenderText {#text} at (128,288) size 3x16
                    text run at (128,288) width 3: " "
                  RenderBR {BR} at (131,299) size 0x0
                  RenderInline {A} at (0,0) size 121x16 [color=#0000EE]
                    RenderText {#text} at (0,304) size 121x16
                      text run at (0,304) width 121: "ALTER USER MAPPING"
                  RenderText {#text} at (121,304) size 3x16
                    text run at (121,304) width 3: " "
                  RenderBR {BR} at (124,315) size 0x0
                  RenderInline {A} at (0,0) size 65x16 [color=#0000EE]
                    RenderText {#text} at (0,320) size 65x16
                      text run at (0,320) width 65: "ALTER VIEW"
                  RenderText {#text} at (65,320) size 3x16
                    text run at (65,320) width 3: " "
                  RenderBR {BR} at (68,331) size 0x0
                  RenderInline {A} at (0,0) size 140x16 [color=#0000EE]
                    RenderText {#text} at (0,336) size 140x16
                      text run at (0,336) width 140: "BEGIN DECLARE SECTION"
                  RenderText {#text} at (140,336) size 3x16
                    text run at (140,336) width 3: " "
                  RenderBR {BR} at (143,347) size 0x0
                  RenderInline {A} at (0,0) size 27x16 [color=#0000EE]
                    RenderText {#text} at (0,352) size 27x16
                      text run at (0,352) width 27: "CALL"
                  RenderText {#text} at (27,352) size 3x16
                    text run at (27,352) width 3: " "
                  RenderBR {BR} at (30,363) size 0x0
                  RenderInline {A} at (0,0) size 37x16 [color=#0000EE]
                    RenderText {#text} at (0,368) size 37x16
                      text run at (0,368) width 37: "CLOSE"
                  RenderText {#text} at (37,368) size 3x16
                    text run at (37,368) width 3: " "
                  RenderBR {BR} at (40,379) size 0x0
                  RenderInline {A} at (0,0) size 77x16 [color=#0000EE]
                    RenderText {#text} at (0,384) size 77x16
                      text run at (0,384) width 77: "COMMENT ON"
                  RenderText {#text} at (77,384) size 3x16
                    text run at (77,384) width 3: " "
                  RenderBR {BR} at (80,395) size 0x0
                  RenderInline {A} at (0,0) size 45x16 [color=#0000EE]
                    RenderText {#text} at (0,400) size 45x16
                      text run at (0,400) width 45: "COMMIT"
                  RenderText {#text} at (45,400) size 3x16
                    text run at (45,400) width 3: " "
                  RenderBR {BR} at (48,411) size 0x0
                  RenderInline {A} at (0,0) size 141x16 [color=#0000EE]
                    RenderText {#text} at (0,416) size 141x16
                      text run at (0,416) width 141: "Compound SQL (Embedded)"
                  RenderText {#text} at (141,416) size 3x16
                    text run at (141,416) width 3: " "
                  RenderBR {BR} at (144,427) size 0x0
                  RenderInline {A} at (0,0) size 100x16 [color=#0000EE]
                    RenderText {#text} at (0,432) size 100x16
                      text run at (0,432) width 100: "CONNECT (Type 1)"
                  RenderText {#text} at (100,432) size 3x16
                    text run at (100,432) width 3: " "
                  RenderBR {BR} at (103,443) size 0x0
                  RenderInline {A} at (0,0) size 100x16 [color=#0000EE]
                    RenderText {#text} at (0,448) size 100x16
                      text run at (0,448) width 100: "CONNECT (Type 2)"
                  RenderText {#text} at (100,448) size 3x16
                    text run at (100,448) width 3: " "
                  RenderBR {BR} at (103,459) size 0x0
                  RenderInline {A} at (0,0) size 77x16 [color=#0000EE]
                    RenderText {#text} at (0,464) size 77x16
                      text run at (0,464) width 77: "CREATE ALIAS"
                  RenderText {#text} at (77,464) size 3x16
                    text run at (77,464) width 3: " "
                  RenderBR {BR} at (80,475) size 0x0
                  RenderInline {A} at (0,0) size 122x16 [color=#0000EE]
                    RenderText {#text} at (0,480) size 122x16
                      text run at (0,480) width 122: "CREATE BUFFERPOOL"
                  RenderText {#text} at (122,480) size 3x16
                    text run at (122,480) width 3: " "
                  RenderBR {BR} at (125,491) size 0x0
                  RenderInline {A} at (0,0) size 129x16 [color=#0000EE]
                    RenderText {#text} at (0,496) size 129x16
                      text run at (0,496) width 129: "CREATE DISTINCT TYPE"
                  RenderText {#text} at (129,496) size 3x16
                    text run at (129,496) width 3: " "
                  RenderBR {BR} at (132,507) size 0x0
                  RenderInline {A} at (0,0) size 139x16 [color=#0000EE]
                    RenderText {#text} at (0,512) size 139x16
                      text run at (0,512) width 139: "CREATE EVENT MONITOR"
                  RenderText {#text} at (139,512) size 3x16
                    text run at (139,512) width 3: " "
                  RenderBR {BR} at (142,523) size 0x0
                  RenderInline {A} at (0,0) size 105x16 [color=#0000EE]
                    RenderText {#text} at (0,528) size 105x16
                      text run at (0,528) width 105: "CREATE FUNCTION"
                  RenderText {#text} at (105,528) size 3x16
                    text run at (105,528) width 3: " "
                  RenderBR {BR} at (108,539) size 0x0
                  RenderInline {A} at (0,0) size 190x16 [color=#0000EE]
                    RenderText {#text} at (0,544) size 190x16
                      text run at (0,544) width 190: "CREATE FUNCTION (External Scalar)"
                  RenderText {#text} at (190,544) size 3x16
                    text run at (190,544) width 3: " "
                  RenderBR {BR} at (193,555) size 0x0
                  RenderInline {A} at (0,0) size 186x16 [color=#0000EE]
                    RenderText {#text} at (0,560) size 186x16
                      text run at (0,560) width 186: "CREATE FUNCTION (External Table)"
                  RenderText {#text} at (186,560) size 3x16
                    text run at (186,560) width 3: " "
                  RenderBR {BR} at (189,571) size 0x0
                  RenderInline {A} at (0,0) size 229x16 [color=#0000EE]
                    RenderText {#text} at (0,576) size 229x16
                      text run at (0,576) width 229: "CREATE FUNCTION (OLE DB External Table)"
                  RenderText {#text} at (229,576) size 3x16
                    text run at (229,576) width 3: " "
                  RenderBR {BR} at (232,587) size 0x0
                  RenderInline {A} at (0,0) size 212x16 [color=#0000EE]
                    RenderText {#text} at (0,592) size 212x16
                      text run at (0,592) width 212: "CREATE FUNCTION (Source or Template)"
                  RenderText {#text} at (212,592) size 3x16
                    text run at (212,592) width 3: " "
                  RenderBR {BR} at (215,603) size 0x0
                  RenderInline {A} at (0,0) size 243x16 [color=#0000EE]
                    RenderText {#text} at (0,608) size 243x16
                      text run at (0,608) width 243: "CREATE FUNCTION (SQL Scalar, Table or Row)"
                  RenderText {#text} at (243,608) size 3x16
                    text run at (243,608) width 3: " "
                  RenderBR {BR} at (246,619) size 0x0
                  RenderInline {A} at (0,0) size 158x16 [color=#0000EE]
                    RenderText {#text} at (0,624) size 158x16
                      text run at (0,624) width 158: "CREATE FUNCTION MAPPING"
                  RenderText {#text} at (158,624) size 3x16
                    text run at (158,624) width 3: " "
                  RenderBR {BR} at (161,635) size 0x0
                  RenderInline {A} at (0,0) size 80x16 [color=#0000EE]
                    RenderText {#text} at (0,640) size 80x16
                      text run at (0,640) width 80: "CREATE INDEX"
                  RenderText {#text} at (80,640) size 3x16
                    text run at (80,640) width 3: " "
                  RenderBR {BR} at (83,651) size 0x0
                  RenderInline {A} at (0,0) size 146x16 [color=#0000EE]
                    RenderText {#text} at (0,656) size 146x16
                      text run at (0,656) width 146: "CREATE INDEX EXTENSION"
                  RenderText {#text} at (146,656) size 3x16
                    text run at (146,656) width 3: " "
                  RenderBR {BR} at (149,667) size 0x0
                  RenderInline {A} at (0,0) size 95x16 [color=#0000EE]
                    RenderText {#text} at (0,672) size 95x16
                      text run at (0,672) width 95: "CREATE METHOD"
                  RenderText {#text} at (95,672) size 3x16
                    text run at (95,672) width 3: " "
                  RenderBR {BR} at (98,683) size 0x0
                  RenderInline {A} at (0,0) size 104x16 [color=#0000EE]
                    RenderText {#text} at (0,688) size 104x16
                      text run at (0,688) width 104: "CREATE NICKNAME"
                  RenderText {#text} at (104,688) size 3x16
                    text run at (104,688) width 3: " "
                  RenderBR {BR} at (107,699) size 0x0
                  RenderInline {A} at (0,0) size 120x16 [color=#0000EE]
                    RenderText {#text} at (0,704) size 120x16
                      text run at (0,704) width 120: "CREATE NODEGROUP"
                  RenderText {#text} at (120,704) size 3x16
                    text run at (120,704) width 3: " "
                  RenderBR {BR} at (123,715) size 0x0
                  RenderInline {A} at (0,0) size 117x16 [color=#0000EE]
                    RenderText {#text} at (0,720) size 117x16
                      text run at (0,720) width 117: "CREATE PROCEDURE"
                  RenderText {#text} at (117,720) size 3x16
                    text run at (117,720) width 3: " "
                  RenderBR {BR} at (120,731) size 0x0
                  RenderInline {A} at (0,0) size 93x16 [color=#0000EE]
                    RenderText {#text} at (0,736) size 93x16
                      text run at (0,736) width 93: "CREATE SCHEMA"
                  RenderText {#text} at (93,736) size 3x16
                    text run at (93,736) width 3: " "
                  RenderBR {BR} at (96,747) size 0x0
                  RenderInline {A} at (0,0) size 91x16 [color=#0000EE]
                    RenderText {#text} at (0,752) size 91x16
                      text run at (0,752) width 91: "CREATE SERVER"
                  RenderText {#text} at (91,752) size 3x16
                    text run at (91,752) width 3: " "
                  RenderBR {BR} at (94,763) size 0x0
                  RenderInline {A} at (0,0) size 81x16 [color=#0000EE]
                    RenderText {#text} at (0,768) size 81x16
                      text run at (0,768) width 81: "CREATE TABLE"
                  RenderText {#text} at (81,768) size 3x16
                    text run at (81,768) width 3: " "
                  RenderBR {BR} at (84,779) size 0x0
                  RenderInline {A} at (0,0) size 117x16 [color=#0000EE]
                    RenderText {#text} at (0,784) size 117x16
                      text run at (0,784) width 117: "CREATE TABLESPACE"
                  RenderText {#text} at (117,784) size 3x16
                    text run at (117,784) width 3: " "
                  RenderBR {BR} at (120,795) size 0x0
                  RenderInline {A} at (0,0) size 117x16 [color=#0000EE]
                    RenderText {#text} at (0,800) size 117x16
                      text run at (0,800) width 117: "CREATE TRANSFORM"
                  RenderText {#text} at (117,800) size 3x16
                    text run at (117,800) width 3: " "
                  RenderBR {BR} at (120,811) size 0x0
                  RenderInline {A} at (0,0) size 98x16 [color=#0000EE]
                    RenderText {#text} at (0,816) size 98x16
                      text run at (0,816) width 98: "CREATE TRIGGER"
                  RenderText {#text} at (98,816) size 3x16
                    text run at (98,816) width 3: " "
                  RenderBR {BR} at (101,827) size 0x0
                  RenderInline {A} at (0,0) size 137x16 [color=#0000EE]
                    RenderText {#text} at (0,832) size 137x16
                      text run at (0,832) width 137: "CREATE TYPE (Structured)"
                  RenderText {#text} at (137,832) size 3x16
                    text run at (137,832) width 3: " "
                  RenderBR {BR} at (140,843) size 0x0
                  RenderInline {A} at (0,0) size 128x16 [color=#0000EE]
                    RenderText {#text} at (0,848) size 128x16
                      text run at (0,848) width 128: "CREATE TYPE MAPPING"
                  RenderText {#text} at (128,848) size 3x16
                    text run at (128,848) width 3: " "
                  RenderBR {BR} at (131,859) size 0x0
                  RenderInline {A} at (0,0) size 130x16 [color=#0000EE]
                    RenderText {#text} at (0,864) size 130x16
                      text run at (0,864) width 130: "CREATE USER MAPPING"
                  RenderText {#text} at (130,864) size 3x16
                    text run at (130,864) width 3: " "
                  RenderBR {BR} at (133,875) size 0x0
                  RenderInline {A} at (0,0) size 74x16 [color=#0000EE]
                    RenderText {#text} at (0,880) size 74x16
                      text run at (0,880) width 74: "CREATE VIEW"
                  RenderText {#text} at (74,880) size 3x16
                    text run at (74,880) width 3: " "
                  RenderBR {BR} at (77,891) size 0x0
                  RenderInline {A} at (0,0) size 101x16 [color=#0000EE]
                    RenderText {#text} at (0,896) size 101x16
                      text run at (0,896) width 101: "CREATE WRAPPER"
                  RenderText {#text} at (101,896) size 3x16
                    text run at (101,896) width 3: " "
                  RenderBR {BR} at (104,907) size 0x0
                  RenderInline {A} at (0,0) size 102x16 [color=#0000EE]
                    RenderText {#text} at (0,912) size 102x16
                      text run at (0,912) width 102: "DECLARE CURSOR"
                  RenderText {#text} at (102,912) size 3x16
                    text run at (102,912) width 3: " "
                  RenderBR {BR} at (105,923) size 0x0
                  RenderInline {A} at (0,0) size 207x16 [color=#0000EE]
                    RenderText {#text} at (0,928) size 207x16
                      text run at (0,928) width 207: "DECLARE GLOBAL TEMPORARY TABLE"
                  RenderText {#text} at (207,928) size 3x16
                    text run at (207,928) width 3: " "
                  RenderBR {BR} at (210,939) size 0x0
                  RenderInline {A} at (0,0) size 42x16 [color=#0000EE]
                    RenderText {#text} at (0,944) size 42x16
                      text run at (0,944) width 42: "DELETE"
                  RenderText {#text} at (42,944) size 3x16
                    text run at (42,944) width 3: " "
                  RenderBR {BR} at (45,955) size 0x0
                  RenderInline {A} at (0,0) size 55x16 [color=#0000EE]
                    RenderText {#text} at (0,960) size 55x16
                      text run at (0,960) width 55: "DESCRIBE"
                  RenderText {#text} at (55,960) size 3x16
                    text run at (55,960) width 3: " "
                  RenderBR {BR} at (58,971) size 0x0
                  RenderInline {A} at (0,0) size 73x16 [color=#0000EE]
                    RenderText {#text} at (0,976) size 73x16
                      text run at (0,976) width 73: "DISCONNECT"
                  RenderText {#text} at (73,976) size 3x16
                    text run at (73,976) width 3: " "
                  RenderBR {BR} at (76,987) size 0x0
                  RenderInline {A} at (0,0) size 32x16 [color=#0000EE]
                    RenderText {#text} at (0,992) size 32x16
                      text run at (0,992) width 32: "DROP"
                  RenderText {#text} at (32,992) size 3x16
                    text run at (32,992) width 3: " "
                  RenderBR {BR} at (35,1003) size 0x0
                  RenderInline {A} at (0,0) size 129x16 [color=#0000EE]
                    RenderText {#text} at (0,1008) size 129x16
                      text run at (0,1008) width 129: "END DECLARE SECTION"
                  RenderText {#text} at (129,1008) size 3x16
                    text run at (129,1008) width 3: " "
                  RenderBR {BR} at (132,1019) size 0x0
                  RenderInline {A} at (0,0) size 51x16 [color=#0000EE]
                    RenderText {#text} at (0,1024) size 51x16
                      text run at (0,1024) width 51: "EXECUTE"
                  RenderText {#text} at (51,1024) size 3x16
                    text run at (51,1024) width 3: " "
                  RenderBR {BR} at (54,1035) size 0x0
                  RenderInline {A} at (0,0) size 114x16 [color=#0000EE]
                    RenderText {#text} at (0,1040) size 114x16
                      text run at (0,1040) width 114: "EXECUTE IMMEDIATE"
                  RenderText {#text} at (114,1040) size 3x16
                    text run at (114,1040) width 3: " "
                  RenderBR {BR} at (117,1051) size 0x0
                  RenderInline {A} at (0,0) size 45x16 [color=#0000EE]
                    RenderText {#text} at (0,1056) size 45x16
                      text run at (0,1056) width 45: "EXPLAIN"
                  RenderText {#text} at (45,1056) size 3x16
                    text run at (45,1056) width 3: " "
                  RenderBR {BR} at (48,1067) size 0x0
                  RenderInline {A} at (0,0) size 37x16 [color=#0000EE]
                    RenderText {#text} at (0,1072) size 37x16
                      text run at (0,1072) width 37: "FETCH"
                  RenderText {#text} at (37,1072) size 3x16
                    text run at (37,1072) width 3: " "
                  RenderBR {BR} at (40,1083) size 0x0
                  RenderInline {A} at (0,0) size 131x16 [color=#0000EE]
                    RenderText {#text} at (0,1088) size 131x16
                      text run at (0,1088) width 131: "FLUSH EVENT MONITOR"
                  RenderText {#text} at (131,1088) size 3x16
                    text run at (131,1088) width 3: " "
                  RenderBR {BR} at (134,1099) size 0x0
                  RenderInline {A} at (0,0) size 86x16 [color=#0000EE]
                    RenderText {#text} at (0,1104) size 86x16
                      text run at (0,1104) width 86: "FREE LOCATOR"
                  RenderText {#text} at (86,1104) size 3x16
                    text run at (86,1104) width 3: " "
                  RenderBR {BR} at (89,1115) size 0x0
                  RenderInline {A} at (0,0) size 151x16 [color=#0000EE]
                    RenderText {#text} at (0,1120) size 151x16
                      text run at (0,1120) width 151: "GRANT (Database Authorities)"
                  RenderText {#text} at (151,1120) size 3x16
                    text run at (151,1120) width 3: " "
                  RenderBR {BR} at (154,1131) size 0x0
                  RenderInline {A} at (0,0) size 127x16 [color=#0000EE]
                    RenderText {#text} at (0,1136) size 127x16
                      text run at (0,1136) width 127: "GRANT (Index Privileges)"
                  RenderText {#text} at (127,1136) size 3x16
                    text run at (127,1136) width 3: " "
                  RenderBR {BR} at (130,1147) size 0x0
                  RenderInline {A} at (0,0) size 143x16 [color=#0000EE]
                    RenderText {#text} at (0,1152) size 143x16
                      text run at (0,1152) width 143: "GRANT (Package Privileges)"
                  RenderText {#text} at (143,1152) size 3x16
                    text run at (143,1152) width 3: " "
                  RenderBR {BR} at (146,1163) size 0x0
                  RenderInline {A} at (0,0) size 140x16 [color=#0000EE]
                    RenderText {#text} at (0,1168) size 140x16
                      text run at (0,1168) width 140: "GRANT (Schema Privileges)"
                  RenderText {#text} at (140,1168) size 3x16
                    text run at (140,1168) width 3: " "
                  RenderBR {BR} at (143,1179) size 0x0
                  RenderInline {A} at (0,0) size 133x16 [color=#0000EE]
                    RenderText {#text} at (0,1184) size 133x16
                      text run at (0,1184) width 133: "GRANT (Server Privileges)"
                  RenderText {#text} at (133,1184) size 3x16
                    text run at (133,1184) width 3: " "
                  RenderBR {BR} at (136,1195) size 0x0
                  RenderInline {A} at (0,0) size 224x16 [color=#0000EE]
                    RenderText {#text} at (0,1200) size 224x16
                      text run at (0,1200) width 224: "GRANT (Table, View, or Nickname Privileges)"
                  RenderText {#text} at (224,1200) size 3x16
                    text run at (224,1200) width 3: " "
                  RenderBR {BR} at (227,1211) size 0x0
                  RenderInline {A} at (0,0) size 161x16 [color=#0000EE]
                    RenderText {#text} at (0,1216) size 161x16
                      text run at (0,1216) width 161: "GRANT (Table Space Privileges)"
                  RenderText {#text} at (161,1216) size 3x16
                    text run at (161,1216) width 3: " "
                  RenderBR {BR} at (164,1227) size 0x0
                  RenderInline {A} at (0,0) size 48x16 [color=#0000EE]
                    RenderText {#text} at (0,1232) size 48x16
                      text run at (0,1232) width 48: "INCLUDE"
                  RenderText {#text} at (48,1232) size 3x16
                    text run at (48,1232) width 3: " "
                  RenderBR {BR} at (51,1243) size 0x0
                  RenderInline {A} at (0,0) size 40x16 [color=#0000EE]
                    RenderText {#text} at (0,1248) size 40x16
                      text run at (0,1248) width 40: "INSERT"
                  RenderText {#text} at (40,1248) size 3x16
                    text run at (40,1248) width 3: " "
                  RenderBR {BR} at (43,1259) size 0x0
                  RenderInline {A} at (0,0) size 67x16 [color=#0000EE]
                    RenderText {#text} at (0,1264) size 67x16
                      text run at (0,1264) width 67: "LOCK TABLE"
                  RenderText {#text} at (67,1264) size 3x16
                    text run at (67,1264) width 3: " "
                  RenderBR {BR} at (70,1275) size 0x0
                  RenderInline {A} at (0,0) size 31x16 [color=#0000EE]
                    RenderText {#text} at (0,1280) size 31x16
                      text run at (0,1280) width 31: "OPEN"
                  RenderText {#text} at (31,1280) size 3x16
                    text run at (31,1280) width 3: " "
                  RenderBR {BR} at (34,1291) size 0x0
                  RenderInline {A} at (0,0) size 51x16 [color=#0000EE]
                    RenderText {#text} at (0,1296) size 51x16
                      text run at (0,1296) width 51: "PREPARE"
                  RenderText {#text} at (51,1296) size 3x16
                    text run at (51,1296) width 3: " "
                  RenderBR {BR} at (54,1307) size 0x0
                  RenderInline {A} at (0,0) size 89x16 [color=#0000EE]
                    RenderText {#text} at (0,1312) size 89x16
                      text run at (0,1312) width 89: "REFRESH TABLE"
                  RenderText {#text} at (89,1312) size 3x16
                    text run at (89,1312) width 3: " "
                  RenderBR {BR} at (92,1323) size 0x0
                  RenderInline {A} at (0,0) size 115x16 [color=#0000EE]
                    RenderText {#text} at (0,1328) size 115x16
                      text run at (0,1328) width 115: "RELEASE (Connection)"
                  RenderText {#text} at (115,1328) size 3x16
                    text run at (115,1328) width 3: " "
                  RenderBR {BR} at (118,1339) size 0x0
                  RenderInline {A} at (0,0) size 114x16 [color=#0000EE]
                    RenderText {#text} at (0,1344) size 114x16
                      text run at (0,1344) width 114: "RELEASE SAVEPOINT"
                  RenderText {#text} at (114,1344) size 3x16
                    text run at (114,1344) width 3: " "
                  RenderBR {BR} at (117,1355) size 0x0
                  RenderInline {A} at (0,0) size 83x16 [color=#0000EE]
                    RenderText {#text} at (0,1360) size 83x16
                      text run at (0,1360) width 83: "RENAME TABLE"
                  RenderText {#text} at (83,1360) size 3x16
                    text run at (83,1360) width 3: " "
                  RenderBR {BR} at (86,1371) size 0x0
                  RenderInline {A} at (0,0) size 119x16 [color=#0000EE]
                    RenderText {#text} at (0,1376) size 119x16
                      text run at (0,1376) width 119: "RENAME TABLESPACE"
                  RenderText {#text} at (119,1376) size 3x16
                    text run at (119,1376) width 3: " "
                  RenderBR {BR} at (122,1387) size 0x0
                  RenderInline {A} at (0,0) size 157x16 [color=#0000EE]
                    RenderText {#text} at (0,1392) size 157x16
                      text run at (0,1392) width 157: "REVOKE (Database Authorities)"
                  RenderText {#text} at (157,1392) size 3x16
                    text run at (157,1392) width 3: " "
                  RenderBR {BR} at (160,1403) size 0x0
                  RenderInline {A} at (0,0) size 133x16 [color=#0000EE]
                    RenderText {#text} at (0,1408) size 133x16
                      text run at (0,1408) width 133: "REVOKE (Index Privileges)"
                  RenderText {#text} at (133,1408) size 3x16
                    text run at (133,1408) width 3: " "
                  RenderBR {BR} at (136,1419) size 0x0
                  RenderInline {A} at (0,0) size 149x16 [color=#0000EE]
                    RenderText {#text} at (0,1424) size 149x16
                      text run at (0,1424) width 149: "REVOKE (Package Privileges)"
                  RenderText {#text} at (149,1424) size 3x16
                    text run at (149,1424) width 3: " "
                  RenderBR {BR} at (152,1435) size 0x0
                  RenderInline {A} at (0,0) size 146x16 [color=#0000EE]
                    RenderText {#text} at (0,1440) size 146x16
                      text run at (0,1440) width 146: "REVOKE (Schema Privileges)"
                  RenderText {#text} at (146,1440) size 3x16
                    text run at (146,1440) width 3: " "
                  RenderBR {BR} at (149,1451) size 0x0
                  RenderInline {A} at (0,0) size 139x16 [color=#0000EE]
                    RenderText {#text} at (0,1456) size 139x16
                      text run at (0,1456) width 139: "REVOKE (Server Privileges)"
                  RenderText {#text} at (139,1456) size 3x16
                    text run at (139,1456) width 3: " "
                  RenderBR {BR} at (142,1467) size 0x0
                  RenderInline {A} at (0,0) size 230x16 [color=#0000EE]
                    RenderText {#text} at (0,1472) size 230x16
                      text run at (0,1472) width 230: "REVOKE (Table, View, or Nickname Privileges)"
                  RenderText {#text} at (230,1472) size 3x16
                    text run at (230,1472) width 3: " "
                  RenderBR {BR} at (233,1483) size 0x0
                  RenderInline {A} at (0,0) size 167x16 [color=#0000EE]
                    RenderText {#text} at (0,1488) size 167x16
                      text run at (0,1488) width 167: "REVOKE (Table Space Privileges)"
                  RenderText {#text} at (167,1488) size 3x16
                    text run at (167,1488) width 3: " "
                  RenderBR {BR} at (170,1499) size 0x0
                  RenderInline {A} at (0,0) size 58x16 [color=#0000EE]
                    RenderText {#text} at (0,1504) size 58x16
                      text run at (0,1504) width 58: "ROLLBACK"
                  RenderText {#text} at (58,1504) size 3x16
                    text run at (58,1504) width 3: " "
                  RenderBR {BR} at (61,1515) size 0x0
                  RenderInline {A} at (0,0) size 62x16 [color=#0000EE]
                    RenderText {#text} at (0,1520) size 62x16
                      text run at (0,1520) width 62: "SAVEPOINT"
                  RenderText {#text} at (62,1520) size 3x16
                    text run at (62,1520) width 3: " "
                  RenderBR {BR} at (65,1531) size 0x0
                  RenderInline {A} at (0,0) size 42x16 [color=#0000EE]
                    RenderText {#text} at (0,1536) size 42x16
                      text run at (0,1536) width 42: "SELECT"
                  RenderText {#text} at (42,1536) size 3x16
                    text run at (42,1536) width 3: " "
                  RenderBR {BR} at (45,1547) size 0x0
                  RenderInline {A} at (0,0) size 72x16 [color=#0000EE]
                    RenderText {#text} at (0,1552) size 72x16
                      text run at (0,1552) width 72: "SELECT INTO"
                  RenderText {#text} at (72,1552) size 3x16
                    text run at (72,1552) width 3: " "
                  RenderBR {BR} at (75,1563) size 0x0
                  RenderInline {A} at (0,0) size 99x16 [color=#0000EE]
                    RenderText {#text} at (0,1568) size 99x16
                      text run at (0,1568) width 99: "SET CONNECTION"
                  RenderText {#text} at (99,1568) size 3x16
                    text run at (99,1568) width 3: " "
                  RenderBR {BR} at (102,1579) size 0x0
                  RenderInline {A} at (0,0) size 248x16 [color=#0000EE]
                    RenderText {#text} at (0,1584) size 248x16
                      text run at (0,1584) width 248: "SET CURRENT DEFAULT TRANSFORM GROUP"
                  RenderText {#text} at (248,1584) size 3x16
                    text run at (248,1584) width 3: " "
                  RenderBR {BR} at (251,1595) size 0x0
                  RenderInline {A} at (0,0) size 127x16 [color=#0000EE]
                    RenderText {#text} at (0,1600) size 127x16
                      text run at (0,1600) width 127: "SET CURRENT DEGREE"
                  RenderText {#text} at (127,1600) size 3x16
                    text run at (127,1600) width 3: " "
                  RenderBR {BR} at (130,1611) size 0x0
                  RenderInline {A} at (0,0) size 162x16 [color=#0000EE]
                    RenderText {#text} at (0,1616) size 162x16
                      text run at (0,1616) width 162: "SET CURRENT EXPLAIN MODE"
                  RenderText {#text} at (162,1616) size 3x16
                    text run at (162,1616) width 3: " "
                  RenderBR {BR} at (165,1627) size 0x0
                  RenderInline {A} at (0,0) size 189x16 [color=#0000EE]
                    RenderText {#text} at (0,1632) size 189x16
                      text run at (0,1632) width 189: "SET CURRENT EXPLAIN SNAPSHOT"
                  RenderText {#text} at (189,1632) size 3x16
                    text run at (189,1632) width 3: " "
                  RenderBR {BR} at (192,1643) size 0x0
                  RenderInline {A} at (0,0) size 154x16 [color=#0000EE]
                    RenderText {#text} at (0,1648) size 154x16
                      text run at (0,1648) width 154: "SET CURRENT PACKAGESET"
                  RenderText {#text} at (154,1648) size 3x16
                    text run at (154,1648) width 3: " "
                  RenderBR {BR} at (157,1659) size 0x0
                  RenderInline {A} at (0,0) size 202x16 [color=#0000EE]
                    RenderText {#text} at (0,1664) size 202x16
                      text run at (0,1664) width 202: "SET CURRENT QUERY OPTIMIZATION"
                  RenderText {#text} at (202,1664) size 3x16
                    text run at (202,1664) width 3: " "
                  RenderBR {BR} at (205,1675) size 0x0
                  RenderInline {A} at (0,0) size 159x16 [color=#0000EE]
                    RenderText {#text} at (0,1680) size 159x16
                      text run at (0,1680) width 159: "SET CURRENT REFRESH AGE"
                  RenderText {#text} at (159,1680) size 3x16
                    text run at (159,1680) width 3: " "
                  RenderBR {BR} at (162,1691) size 0x0
                  RenderInline {A} at (0,0) size 154x16 [color=#0000EE]
                    RenderText {#text} at (0,1696) size 154x16
                      text run at (0,1696) width 154: "SET EVENT MONITOR STATE"
                  RenderText {#text} at (154,1696) size 3x16
                    text run at (154,1696) width 3: " "
                  RenderBR {BR} at (157,1707) size 0x0
                  RenderInline {A} at (0,0) size 83x16 [color=#0000EE]
                    RenderText {#text} at (0,1712) size 83x16
                      text run at (0,1712) width 83: "SET INTEGRITY"
                  RenderText {#text} at (83,1712) size 3x16
                    text run at (83,1712) width 3: " "
                  RenderBR {BR} at (86,1723) size 0x0
                  RenderInline {A} at (0,0) size 83x16 [color=#0000EE]
                    RenderText {#text} at (0,1728) size 83x16
                      text run at (0,1728) width 83: "SET PASSTHRU"
                  RenderText {#text} at (83,1728) size 3x16
                    text run at (83,1728) width 3: " "
                  RenderBR {BR} at (86,1739) size 0x0
                  RenderInline {A} at (0,0) size 53x16 [color=#0000EE]
                    RenderText {#text} at (0,1744) size 53x16
                      text run at (0,1744) width 53: "SET PATH"
                  RenderText {#text} at (53,1744) size 3x16
                    text run at (53,1744) width 3: " "
                  RenderBR {BR} at (56,1755) size 0x0
                  RenderInline {A} at (0,0) size 70x16 [color=#0000EE]
                    RenderText {#text} at (0,1760) size 70x16
                      text run at (0,1760) width 70: "SET SCHEMA"
                  RenderText {#text} at (70,1760) size 3x16
                    text run at (70,1760) width 3: " "
                  RenderBR {BR} at (73,1771) size 0x0
                  RenderInline {A} at (0,0) size 114x16 [color=#0000EE]
                    RenderText {#text} at (0,1776) size 114x16
                      text run at (0,1776) width 114: "SET SERVER OPTION"
                  RenderText {#text} at (114,1776) size 3x16
                    text run at (114,1776) width 3: " "
                  RenderBR {BR} at (117,1787) size 0x0
                  RenderInline {A} at (0,0) size 110x16 [color=#0000EE]
                    RenderText {#text} at (0,1792) size 110x16
                      text run at (0,1792) width 110: "SET transition-variable"
                  RenderText {#text} at (110,1792) size 3x16
                    text run at (110,1792) width 3: " "
                  RenderBR {BR} at (113,1803) size 0x0
                  RenderInline {A} at (0,0) size 100x16 [color=#0000EE]
                    RenderText {#text} at (0,1808) size 100x16
                      text run at (0,1808) width 100: "SIGNAL SQLSTATE"
                  RenderText {#text} at (100,1808) size 3x16
                    text run at (100,1808) width 3: " "
                  RenderBR {BR} at (103,1819) size 0x0
                  RenderInline {A} at (0,0) size 44x16 [color=#0000EE]
                    RenderText {#text} at (0,1824) size 44x16
                      text run at (0,1824) width 44: "UPDATE"
                  RenderText {#text} at (44,1824) size 3x16
                    text run at (44,1824) width 3: " "
                  RenderBR {BR} at (47,1835) size 0x0
                  RenderInline {A} at (0,0) size 42x16 [color=#0000EE]
                    RenderText {#text} at (0,1840) size 42x16
                      text run at (0,1840) width 42: "VALUES"
                  RenderText {#text} at (42,1840) size 3x16
                    text run at (42,1840) width 3: " "
                  RenderBR {BR} at (45,1851) size 0x0
                  RenderInline {A} at (0,0) size 72x16 [color=#0000EE]
                    RenderText {#text} at (0,1856) size 72x16
                      text run at (0,1856) width 72: "VALUES INTO"
                  RenderText {#text} at (72,1856) size 3x16
                    text run at (72,1856) width 3: " "
                  RenderBR {BR} at (75,1867) size 0x0
                  RenderInline {A} at (0,0) size 62x16 [color=#0000EE]
                    RenderText {#text} at (0,1872) size 62x16
                      text run at (0,1872) width 62: "WHENEVER"
                  RenderText {#text} at (0,0) size 0x0
                RenderBlock {P} at (0,7850) size 591x320
                  RenderInline {B} at (0,0) size 86x16
                    RenderInline {A} at (0,0) size 86x16 [color=#0000EE]
                      RenderText {#text} at (0,0) size 86x16
                        text run at (0,0) width 86: "SQL Procedures"
                  RenderBR {BR} at (86,11) size 0x0
                  RenderBR {BR} at (0,16) size 0x16
                  RenderInline {A} at (0,0) size 128x16 [color=#0000EE]
                    RenderText {#text} at (0,32) size 128x16
                      text run at (0,32) width 128: "SQL Procedure Statement"
                  RenderText {#text} at (128,32) size 3x16
                    text run at (128,32) width 3: " "
                  RenderBR {BR} at (131,43) size 0x0
                  RenderInline {A} at (0,0) size 160x16 [color=#0000EE]
                    RenderText {#text} at (0,48) size 160x16
                      text run at (0,48) width 160: "ALLOCATE CURSOR Statement"
                  RenderText {#text} at (160,48) size 3x16
                    text run at (160,48) width 3: " "
                  RenderBR {BR} at (163,59) size 0x0
                  RenderInline {A} at (0,0) size 109x16 [color=#0000EE]
                    RenderText {#text} at (0,64) size 109x16
                      text run at (0,64) width 109: "Assignment Statement"
                  RenderText {#text} at (109,64) size 3x16
                    text run at (109,64) width 3: " "
                  RenderBR {BR} at (112,75) size 0x0
                  RenderInline {A} at (0,0) size 178x16 [color=#0000EE]
                    RenderText {#text} at (0,80) size 178x16
                      text run at (0,80) width 178: "ASSOCIATE LOCATORS Statement"
                  RenderText {#text} at (178,80) size 3x16
                    text run at (178,80) width 3: " "
                  RenderBR {BR} at (181,91) size 0x0
                  RenderInline {A} at (0,0) size 81x16 [color=#0000EE]
                    RenderText {#text} at (0,96) size 81x16
                      text run at (0,96) width 81: "CASE Statement"
                  RenderText {#text} at (81,96) size 3x16
                    text run at (81,96) width 3: " "
                  RenderBR {BR} at (84,107) size 0x0
                  RenderInline {A} at (0,0) size 105x16 [color=#0000EE]
                    RenderText {#text} at (0,112) size 105x16
                      text run at (0,112) width 105: "Compound Statement"
                  RenderText {#text} at (105,112) size 3x16
                    text run at (105,112) width 3: " "
                  RenderBR {BR} at (108,123) size 0x0
                  RenderInline {A} at (0,0) size 76x16 [color=#0000EE]
                    RenderText {#text} at (0,128) size 76x16
                      text run at (0,128) width 76: "FOR Statement"
                  RenderText {#text} at (76,128) size 3x16
                    text run at (76,128) width 3: " "
                  RenderBR {BR} at (79,139) size 0x0
                  RenderInline {A} at (0,0) size 154x16 [color=#0000EE]
                    RenderText {#text} at (0,144) size 154x16
                      text run at (0,144) width 154: "GET DIAGNOSTICS Statement"
                  RenderText {#text} at (154,144) size 3x16
                    text run at (154,144) width 3: " "
                  RenderBR {BR} at (157,155) size 0x0
                  RenderInline {A} at (0,0) size 86x16 [color=#0000EE]
                    RenderText {#text} at (0,160) size 86x16
                      text run at (0,160) width 86: "GOTO Statement"
                  RenderText {#text} at (86,160) size 3x16
                    text run at (86,160) width 3: " "
                  RenderBR {BR} at (89,171) size 0x0
                  RenderInline {A} at (0,0) size 62x16 [color=#0000EE]
                    RenderText {#text} at (0,176) size 62x16
                      text run at (0,176) width 62: "IF Statement"
                  RenderText {#text} at (62,176) size 3x16
                    text run at (62,176) width 3: " "
                  RenderBR {BR} at (65,187) size 0x0
                  RenderInline {A} at (0,0) size 98x16 [color=#0000EE]
                    RenderText {#text} at (0,192) size 98x16
                      text run at (0,192) width 98: "ITERATE Statement"
                  RenderText {#text} at (98,192) size 3x16
                    text run at (98,192) width 3: " "
                  RenderBR {BR} at (101,203) size 0x0
                  RenderInline {A} at (0,0) size 86x16 [color=#0000EE]
                    RenderText {#text} at (0,208) size 86x16
                      text run at (0,208) width 86: "LEAVE Statement"
                  RenderText {#text} at (86,208) size 3x16
                    text run at (86,208) width 3: " "
                  RenderBR {BR} at (89,219) size 0x0
                  RenderInline {A} at (0,0) size 83x16 [color=#0000EE]
                    RenderText {#text} at (0,224) size 83x16
                      text run at (0,224) width 83: "LOOP Statement"
                  RenderText {#text} at (83,224) size 3x16
                    text run at (83,224) width 3: " "
                  RenderBR {BR} at (86,235) size 0x0
                  RenderInline {A} at (0,0) size 95x16 [color=#0000EE]
                    RenderText {#text} at (0,240) size 95x16
                      text run at (0,240) width 95: "REPEAT Statement"
                  RenderText {#text} at (95,240) size 3x16
                    text run at (95,240) width 3: " "
                  RenderBR {BR} at (98,251) size 0x0
                  RenderInline {A} at (0,0) size 107x16 [color=#0000EE]
                    RenderText {#text} at (0,256) size 107x16
                      text run at (0,256) width 107: "RESIGNAL Statement"
                  RenderText {#text} at (107,256) size 3x16
                    text run at (107,256) width 3: " "
                  RenderBR {BR} at (110,267) size 0x0
                  RenderInline {A} at (0,0) size 98x16 [color=#0000EE]
                    RenderText {#text} at (0,272) size 98x16
                      text run at (0,272) width 98: "RETURN Statement"
                  RenderText {#text} at (98,272) size 3x16
                    text run at (98,272) width 3: " "
                  RenderBR {BR} at (101,283) size 0x0
                  RenderInline {A} at (0,0) size 92x16 [color=#0000EE]
                    RenderText {#text} at (0,288) size 92x16
                      text run at (0,288) width 92: "SIGNAL Statement"
                  RenderText {#text} at (92,288) size 3x16
                    text run at (92,288) width 3: " "
                  RenderBR {BR} at (95,299) size 0x0
                  RenderInline {A} at (0,0) size 86x16 [color=#0000EE]
                    RenderText {#text} at (0,304) size 86x16
                      text run at (0,304) width 86: "WHILE Statement"
                  RenderText {#text} at (0,0) size 0x0
                RenderBlock {P} at (0,8181) size 591x16
                  RenderInline {B} at (0,0) size 127x16
                    RenderInline {A} at (0,0) size 127x16 [color=#0000EE]
                      RenderText {#text} at (0,0) size 127x16
                        text run at (0,0) width 127: "Appendix A. SQL Limits"
                  RenderBR {BR} at (127,11) size 0x0
                RenderBlock {P} at (0,8208) size 591x96
                  RenderInline {B} at (0,0) size 235x16
                    RenderInline {A} at (0,0) size 235x16 [color=#0000EE]
                      RenderText {#text} at (0,0) size 235x16
                        text run at (0,0) width 235: "Appendix B. SQL Communications (SQLCA)"
                  RenderBR {BR} at (235,11) size 0x0
                  RenderBR {BR} at (0,16) size 0x16
                  RenderInline {A} at (0,0) size 157x16 [color=#0000EE]
                    RenderText {#text} at (0,32) size 157x16
                      text run at (0,32) width 157: "Viewing the SQLCA Interactively"
                  RenderText {#text} at (157,32) size 3x16
                    text run at (157,32) width 3: " "
                  RenderBR {BR} at (160,43) size 0x0
                  RenderInline {A} at (0,0) size 127x16 [color=#0000EE]
                    RenderText {#text} at (0,48) size 127x16
                      text run at (0,48) width 127: "SQLCA Field Descriptions"
                  RenderText {#text} at (127,48) size 3x16
                    text run at (127,48) width 3: " "
                  RenderBR {BR} at (130,59) size 0x0
                  RenderInline {A} at (0,0) size 119x16 [color=#0000EE]
                    RenderText {#text} at (0,64) size 119x16
                      text run at (0,64) width 119: "Order of Error Reporting"
                  RenderText {#text} at (119,64) size 3x16
                    text run at (119,64) width 3: " "
                  RenderBR {BR} at (122,75) size 0x0
                  RenderInline {A} at (0,0) size 270x16 [color=#0000EE]
                    RenderText {#text} at (0,80) size 270x16
                      text run at (0,80) width 270: "DB2 Enterprise - Extended Edition Usage of the SQLCA"
                  RenderText {#text} at (0,0) size 0x0
                RenderBlock {P} at (0,8315) size 591x176
                  RenderInline {B} at (0,0) size 226x16
                    RenderInline {A} at (0,0) size 226x16 [color=#0000EE]
                      RenderText {#text} at (0,0) size 226x16
                        text run at (0,0) width 226: "Appendix C. SQL Descriptor Area (SQLDA)"
                  RenderBR {BR} at (226,11) size 0x0
                  RenderBR {BR} at (0,16) size 0x16
                  RenderInline {A} at (0,0) size 87x16 [color=#0000EE]
                    RenderText {#text} at (0,32) size 87x16
                      text run at (0,32) width 87: "Field Descriptions"
                  RenderText {#text} at (87,32) size 3x16
                    text run at (87,32) width 3: " "
                  RenderBR {BR} at (90,43) size 0x0
                  RenderInline {A} at (0,0) size 137x16 [color=#0000EE]
                    RenderText {#text} at (0,48) size 137x16
                      text run at (0,48) width 137: "Fields in the SQLDA Header"
                  RenderText {#text} at (137,48) size 3x16
                    text run at (137,48) width 3: " "
                  RenderBR {BR} at (140,59) size 0x0
                  RenderInline {A} at (0,0) size 213x16 [color=#0000EE]
                    RenderText {#text} at (0,64) size 213x16
                      text run at (0,64) width 213: "Fields in an Occurrence of a Base SQLVAR"
                  RenderText {#text} at (213,64) size 3x16
                    text run at (213,64) width 3: " "
                  RenderBR {BR} at (216,75) size 0x0
                  RenderInline {A} at (0,0) size 241x16 [color=#0000EE]
                    RenderText {#text} at (0,80) size 241x16
                      text run at (0,80) width 241: "Fields in an Occurrence of a Secondary SQLVAR"
                  RenderText {#text} at (241,80) size 3x16
                    text run at (241,80) width 3: " "
                  RenderBR {BR} at (244,91) size 0x0
                  RenderInline {A} at (0,0) size 171x16 [color=#0000EE]
                    RenderText {#text} at (0,96) size 171x16
                      text run at (0,96) width 171: "Effect of DESCRIBE on the SQLDA"
                  RenderText {#text} at (171,96) size 3x16
                    text run at (171,96) width 3: " "
                  RenderBR {BR} at (174,107) size 0x0
                  RenderInline {A} at (0,0) size 117x16 [color=#0000EE]
                    RenderText {#text} at (0,112) size 117x16
                      text run at (0,112) width 117: "SQLTYPE and SQLLEN"
                  RenderText {#text} at (117,112) size 3x16
                    text run at (117,112) width 3: " "
                  RenderBR {BR} at (120,123) size 0x0
                  RenderInline {A} at (0,0) size 215x16 [color=#0000EE]
                    RenderText {#text} at (0,128) size 215x16
                      text run at (0,128) width 215: "Unrecognized and Unsupported SQLTYPES"
                  RenderText {#text} at (215,128) size 3x16
                    text run at (215,128) width 3: " "
                  RenderBR {BR} at (218,139) size 0x0
                  RenderInline {A} at (0,0) size 127x16 [color=#0000EE]
                    RenderText {#text} at (0,144) size 127x16
                      text run at (0,144) width 127: "Packed Decimal Numbers"
                  RenderText {#text} at (127,144) size 3x16
                    text run at (127,144) width 3: " "
                  RenderBR {BR} at (130,155) size 0x0
                  RenderInline {A} at (0,0) size 127x16 [color=#0000EE]
                    RenderText {#text} at (0,160) size 127x16
                      text run at (0,160) width 127: "SQLLEN Field for Decimal"
                  RenderText {#text} at (0,0) size 0x0
                RenderBlock {P} at (0,8502) size 591x1168
                  RenderInline {B} at (0,0) size 143x16
                    RenderInline {A} at (0,0) size 143x16 [color=#0000EE]
                      RenderText {#text} at (0,0) size 143x16
                        text run at (0,0) width 143: "Appendix D. Catalog Views"
                  RenderBR {BR} at (143,11) size 0x0
                  RenderBR {BR} at (0,16) size 0x16
                  RenderInline {A} at (0,0) size 121x16 [color=#0000EE]
                    RenderText {#text} at (0,32) size 121x16
                      text run at (0,32) width 121: "Updatable Catalog Views"
                  RenderText {#text} at (121,32) size 3x16
                    text run at (121,32) width 3: " "
                  RenderBR {BR} at (124,43) size 0x0
                  RenderInline {A} at (0,0) size 135x16 [color=#0000EE]
                    RenderText {#text} at (0,48) size 135x16
                      text run at (0,48) width 135: "'Roadmap' to Catalog Views"
                  RenderText {#text} at (135,48) size 3x16
                    text run at (135,48) width 3: " "
                  RenderBR {BR} at (138,59) size 0x0
                  RenderInline {A} at (0,0) size 187x16 [color=#0000EE]
                    RenderText {#text} at (0,64) size 187x16
                      text run at (0,64) width 187: "'Roadmap' to Updatable Catalog Views"
                  RenderText {#text} at (187,64) size 3x16
                    text run at (187,64) width 3: " "
                  RenderBR {BR} at (190,75) size 0x0
                  RenderInline {A} at (0,0) size 111x16 [color=#0000EE]
                    RenderText {#text} at (0,80) size 111x16
                      text run at (0,80) width 111: "SYSIBM.SYSDUMMY1"
                  RenderText {#text} at (111,80) size 3x16
                    text run at (111,80) width 3: " "
                  RenderBR {BR} at (114,91) size 0x0
                  RenderInline {A} at (0,0) size 114x16 [color=#0000EE]
                    RenderText {#text} at (0,96) size 114x16
                      text run at (0,96) width 114: "SYSCAT.ATTRIBUTES"
                  RenderText {#text} at (114,96) size 3x16
                    text run at (114,96) width 3: " "
                  RenderBR {BR} at (117,107) size 0x0
                  RenderInline {A} at (0,0) size 160x16 [color=#0000EE]
                    RenderText {#text} at (0,112) size 160x16
                      text run at (0,112) width 160: "SYSCAT.BUFFERPOOLNODES"
                  RenderText {#text} at (160,112) size 3x16
                    text run at (160,112) width 3: " "
                  RenderBR {BR} at (163,123) size 0x0
                  RenderInline {A} at (0,0) size 128x16 [color=#0000EE]
                    RenderText {#text} at (0,128) size 128x16
                      text run at (0,128) width 128: "SYSCAT.BUFFERPOOLS"
                  RenderText {#text} at (128,128) size 3x16
                    text run at (128,128) width 3: " "
                  RenderBR {BR} at (131,139) size 0x0
                  RenderInline {A} at (0,0) size 140x16 [color=#0000EE]
                    RenderText {#text} at (0,144) size 140x16
                      text run at (0,144) width 140: "SYSCAT.CASTFUNCTIONS"
                  RenderText {#text} at (140,144) size 3x16
                    text run at (140,144) width 3: " "
                  RenderBR {BR} at (143,155) size 0x0
                  RenderInline {A} at (0,0) size 91x16 [color=#0000EE]
                    RenderText {#text} at (0,160) size 91x16
                      text run at (0,160) width 91: "SYSCAT.CHECKS"
                  RenderText {#text} at (91,160) size 3x16
                    text run at (91,160) width 3: " "
                  RenderBR {BR} at (94,171) size 0x0
                  RenderInline {A} at (0,0) size 99x16 [color=#0000EE]
                    RenderText {#text} at (0,176) size 99x16
                      text run at (0,176) width 99: "SYSCAT.COLAUTH"
                  RenderText {#text} at (99,176) size 3x16
                    text run at (99,176) width 3: " "
                  RenderBR {BR} at (102,187) size 0x0
                  RenderInline {A} at (0,0) size 114x16 [color=#0000EE]
                    RenderText {#text} at (0,192) size 114x16
                      text run at (0,192) width 114: "SYSCAT.COLCHECKS"
                  RenderText {#text} at (114,192) size 3x16
                    text run at (114,192) width 3: " "
                  RenderBR {BR} at (117,203) size 0x0
                  RenderInline {A} at (0,0) size 94x16 [color=#0000EE]
                    RenderText {#text} at (0,208) size 94x16
                      text run at (0,208) width 94: "SYSCAT.COLDIST"
                  RenderText {#text} at (94,208) size 3x16
                    text run at (94,208) width 3: " "
                  RenderBR {BR} at (97,219) size 0x0
                  RenderInline {A} at (0,0) size 119x16 [color=#0000EE]
                    RenderText {#text} at (0,224) size 119x16
                      text run at (0,224) width 119: "SYSCAT.COLOPTIONS"
                  RenderText {#text} at (119,224) size 3x16
                    text run at (119,224) width 3: " "
                  RenderBR {BR} at (122,235) size 0x0
                  RenderInline {A} at (0,0) size 101x16 [color=#0000EE]
                    RenderText {#text} at (0,240) size 101x16
                      text run at (0,240) width 101: "SYSCAT.COLUMNS"
                  RenderText {#text} at (101,240) size 3x16
                    text run at (101,240) width 3: " "
                  RenderBR {BR} at (104,251) size 0x0
                  RenderInline {A} at (0,0) size 107x16 [color=#0000EE]
                    RenderText {#text} at (0,256) size 107x16
                      text run at (0,256) width 107: "SYSCAT.CONSTDEP"
                  RenderText {#text} at (107,256) size 3x16
                    text run at (107,256) width 3: " "
                  RenderBR {BR} at (110,267) size 0x0
                  RenderInline {A} at (0,0) size 110x16 [color=#0000EE]
                    RenderText {#text} at (0,272) size 110x16
                      text run at (0,272) width 110: "SYSCAT.DATATYPES"
                  RenderText {#text} at (110,272) size 3x16
                    text run at (110,272) width 3: " "
                  RenderBR {BR} at (113,283) size 0x0
                  RenderInline {A} at (0,0) size 91x16 [color=#0000EE]
                    RenderText {#text} at (0,288) size 91x16
                      text run at (0,288) width 91: "SYSCAT.DBAUTH"
                  RenderText {#text} at (91,288) size 3x16
                    text run at (91,288) width 3: " "
                  RenderBR {BR} at (94,299) size 0x0
                  RenderInline {A} at (0,0) size 142x16 [color=#0000EE]
                    RenderText {#text} at (0,304) size 142x16
                      text run at (0,304) width 142: "SYSCAT.EVENTMONITORS"
                  RenderText {#text} at (142,304) size 3x16
                    text run at (142,304) width 3: " "
                  RenderBR {BR} at (145,315) size 0x0
                  RenderInline {A} at (0,0) size 89x16 [color=#0000EE]
                    RenderText {#text} at (0,320) size 89x16
                      text run at (0,320) width 89: "SYSCAT.EVENTS"
                  RenderText {#text} at (89,320) size 3x16
                    text run at (89,320) width 3: " "
                  RenderBR {BR} at (92,331) size 0x0
                  RenderInline {A} at (0,0) size 147x16 [color=#0000EE]
                    RenderText {#text} at (0,336) size 147x16
                      text run at (0,336) width 147: "SYSCAT.FULLHIERARCHIES"
                  RenderText {#text} at (147,336) size 3x16
                    text run at (147,336) width 3: " "
                  RenderBR {BR} at (150,347) size 0x0
                  RenderInline {A} at (0,0) size 99x16 [color=#0000EE]
                    RenderText {#text} at (0,352) size 99x16
                      text run at (0,352) width 99: "SYSCAT.FUNCDEP"
                  RenderText {#text} at (99,352) size 3x16
                    text run at (99,352) width 3: " "
                  RenderBR {BR} at (102,363) size 0x0
                  RenderInline {A} at (0,0) size 150x16 [color=#0000EE]
                    RenderText {#text} at (0,368) size 150x16
                      text run at (0,368) width 150: "SYSCAT.FUNCMAPOPTIONS"
                  RenderText {#text} at (150,368) size 3x16
                    text run at (150,368) width 3: " "
                  RenderBR {BR} at (153,379) size 0x0
                  RenderInline {A} at (0,0) size 181x16 [color=#0000EE]
                    RenderText {#text} at (0,384) size 181x16
                      text run at (0,384) width 181: "SYSCAT.FUNCMAPPARMOPTIONS"
                  RenderText {#text} at (181,384) size 3x16
                    text run at (181,384) width 3: " "
                  RenderBR {BR} at (184,395) size 0x0
                  RenderInline {A} at (0,0) size 134x16 [color=#0000EE]
                    RenderText {#text} at (0,400) size 134x16
                      text run at (0,400) width 134: "SYSCAT.FUNCMAPPINGS"
                  RenderText {#text} at (134,400) size 3x16
                    text run at (134,400) width 3: " "
                  RenderBR {BR} at (137,411) size 0x0
                  RenderInline {A} at (0,0) size 115x16 [color=#0000EE]
                    RenderText {#text} at (0,416) size 115x16
                      text run at (0,416) width 115: "SYSCAT.FUNCPARMS"
                  RenderText {#text} at (115,416) size 3x16
                    text run at (115,416) width 3: " "
                  RenderBR {BR} at (118,427) size 0x0
                  RenderInline {A} at (0,0) size 111x16 [color=#0000EE]
                    RenderText {#text} at (0,432) size 111x16
                      text run at (0,432) width 111: "SYSCAT.FUNCTIONS"
                  RenderText {#text} at (111,432) size 3x16
                    text run at (111,432) width 3: " "
                  RenderBR {BR} at (114,443) size 0x0
                  RenderInline {A} at (0,0) size 120x16 [color=#0000EE]
                    RenderText {#text} at (0,448) size 120x16
                      text run at (0,448) width 120: "SYSCAT.HIERARCHIES"
                  RenderText {#text} at (120,448) size 3x16
                    text run at (120,448) width 3: " "
                  RenderBR {BR} at (123,459) size 0x0
                  RenderInline {A} at (0,0) size 109x16 [color=#0000EE]
                    RenderText {#text} at (0,464) size 109x16
                      text run at (0,464) width 109: "SYSCAT.INDEXAUTH"
                  RenderText {#text} at (109,464) size 3x16
                    text run at (109,464) width 3: " "
                  RenderBR {BR} at (112,475) size 0x0
                  RenderInline {A} at (0,0) size 124x16 [color=#0000EE]
                    RenderText {#text} at (0,480) size 124x16
                      text run at (0,480) width 124: "SYSCAT.INDEXCOLUSE"
                  RenderText {#text} at (124,480) size 3x16
                    text run at (124,480) width 3: " "
                  RenderBR {BR} at (127,491) size 0x0
                  RenderInline {A} at (0,0) size 101x16 [color=#0000EE]
                    RenderText {#text} at (0,496) size 101x16
                      text run at (0,496) width 101: "SYSCAT.INDEXDEP"
                  RenderText {#text} at (101,496) size 3x16
                    text run at (101,496) width 3: " "
                  RenderBR {BR} at (104,507) size 0x0
                  RenderInline {A} at (0,0) size 93x16 [color=#0000EE]
                    RenderText {#text} at (0,512) size 93x16
                      text run at (0,512) width 93: "SYSCAT.INDEXES"
                  RenderText {#text} at (93,512) size 3x16
                    text run at (93,512) width 3: " "
                  RenderBR {BR} at (96,523) size 0x0
                  RenderInline {A} at (0,0) size 129x16 [color=#0000EE]
                    RenderText {#text} at (0,528) size 129x16
                      text run at (0,528) width 129: "SYSCAT.INDEXOPTIONS"
                  RenderText {#text} at (129,528) size 3x16
                    text run at (129,528) width 3: " "
                  RenderBR {BR} at (132,539) size 0x0
                  RenderInline {A} at (0,0) size 112x16 [color=#0000EE]
                    RenderText {#text} at (0,544) size 112x16
                      text run at (0,544) width 112: "SYSCAT.KEYCOLUSE"
                  RenderText {#text} at (112,544) size 3x16
                    text run at (112,544) width 3: " "
                  RenderBR {BR} at (115,555) size 0x0
                  RenderInline {A} at (0,0) size 134x16 [color=#0000EE]
                    RenderText {#text} at (0,560) size 134x16
                      text run at (0,560) width 134: "SYSCAT.NAMEMAPPINGS"
                  RenderText {#text} at (134,560) size 3x16
                    text run at (134,560) width 3: " "
                  RenderBR {BR} at (137,571) size 0x0
                  RenderInline {A} at (0,0) size 141x16 [color=#0000EE]
                    RenderText {#text} at (0,576) size 141x16
                      text run at (0,576) width 141: "SYSCAT.NODEGROUPDEF"
                  RenderText {#text} at (141,576) size 3x16
                    text run at (141,576) width 3: " "
                  RenderBR {BR} at (144,587) size 0x0
                  RenderInline {A} at (0,0) size 126x16 [color=#0000EE]
                    RenderText {#text} at (0,592) size 126x16
                      text run at (0,592) width 126: "SYSCAT.NODEGROUPS"
                  RenderText {#text} at (126,592) size 3x16
                    text run at (126,592) width 3: " "
                  RenderBR {BR} at (129,603) size 0x0
                  RenderInline {A} at (0,0) size 128x16 [color=#0000EE]
                    RenderText {#text} at (0,608) size 128x16
                      text run at (0,608) width 128: "SYSCAT.PACKAGEAUTH"
                  RenderText {#text} at (128,608) size 3x16
                    text run at (128,608) width 3: " "
                  RenderBR {BR} at (131,619) size 0x0
                  RenderInline {A} at (0,0) size 120x16 [color=#0000EE]
                    RenderText {#text} at (0,624) size 120x16
                      text run at (0,624) width 120: "SYSCAT.PACKAGEDEP"
                  RenderText {#text} at (120,624) size 3x16
                    text run at (120,624) width 3: " "
                  RenderBR {BR} at (123,635) size 0x0
                  RenderInline {A} at (0,0) size 105x16 [color=#0000EE]
                    RenderText {#text} at (0,640) size 105x16
                      text run at (0,640) width 105: "SYSCAT.PACKAGES"
                  RenderText {#text} at (105,640) size 3x16
                    text run at (105,640) width 3: " "
                  RenderBR {BR} at (108,651) size 0x0
                  RenderInline {A} at (0,0) size 135x16 [color=#0000EE]
                    RenderText {#text} at (0,656) size 135x16
                      text run at (0,656) width 135: "SYSCAT.PARTITIONMAPS"
                  RenderText {#text} at (135,656) size 3x16
                    text run at (135,656) width 3: " "
                  RenderBR {BR} at (138,667) size 0x0
                  RenderInline {A} at (0,0) size 135x16 [color=#0000EE]
                    RenderText {#text} at (0,672) size 135x16
                      text run at (0,672) width 135: "SYSCAT.PASSTHRUAUTH"
                  RenderText {#text} at (135,672) size 3x16
                    text run at (135,672) width 3: " "
                  RenderBR {BR} at (138,683) size 0x0
                  RenderInline {A} at (0,0) size 123x16 [color=#0000EE]
                    RenderText {#text} at (0,688) size 123x16
                      text run at (0,688) width 123: "SYSCAT.PROCEDURES"
                  RenderText {#text} at (123,688) size 3x16
                    text run at (123,688) width 3: " "
                  RenderBR {BR} at (126,699) size 0x0
                  RenderInline {A} at (0,0) size 128x16 [color=#0000EE]
                    RenderText {#text} at (0,704) size 128x16
                      text run at (0,704) width 128: "SYSCAT.PROCOPTIONS"
                  RenderText {#text} at (128,704) size 3x16
                    text run at (128,704) width 3: " "
                  RenderBR {BR} at (131,715) size 0x0
                  RenderInline {A} at (0,0) size 159x16 [color=#0000EE]
                    RenderText {#text} at (0,720) size 159x16
                      text run at (0,720) width 159: "SYSCAT.PROCPARMOPTIONS"
                  RenderText {#text} at (159,720) size 3x16
                    text run at (159,720) width 3: " "
                  RenderBR {BR} at (162,731) size 0x0
                  RenderInline {A} at (0,0) size 116x16 [color=#0000EE]
                    RenderText {#text} at (0,736) size 116x16
                      text run at (0,736) width 116: "SYSCAT.PROCPARMS"
                  RenderText {#text} at (116,736) size 3x16
                    text run at (116,736) width 3: " "
                  RenderBR {BR} at (119,747) size 0x0
                  RenderInline {A} at (0,0) size 120x16 [color=#0000EE]
                    RenderText {#text} at (0,752) size 120x16
                      text run at (0,752) width 120: "SYSCAT.REFERENCES"
                  RenderText {#text} at (120,752) size 3x16
                    text run at (120,752) width 3: " "
                  RenderBR {BR} at (123,763) size 0x0
                  RenderInline {A} at (0,0) size 153x16 [color=#0000EE]
                    RenderText {#text} at (0,768) size 153x16
                      text run at (0,768) width 153: "SYSCAT.REVTYPEMAPPINGS"
                  RenderText {#text} at (153,768) size 3x16
                    text run at (153,768) width 3: " "
                  RenderBR {BR} at (156,779) size 0x0
                  RenderInline {A} at (0,0) size 122x16 [color=#0000EE]
                    RenderText {#text} at (0,784) size 122x16
                      text run at (0,784) width 122: "SYSCAT.SCHEMAAUTH"
                  RenderText {#text} at (122,784) size 3x16
                    text run at (122,784) width 3: " "
                  RenderBR {BR} at (125,795) size 0x0
                  RenderInline {A} at (0,0) size 106x16 [color=#0000EE]
                    RenderText {#text} at (0,800) size 106x16
                      text run at (0,800) width 106: "SYSCAT.SCHEMATA"
                  RenderText {#text} at (106,800) size 3x16
                    text run at (106,800) width 3: " "
                  RenderBR {BR} at (109,811) size 0x0
                  RenderInline {A} at (0,0) size 140x16 [color=#0000EE]
                    RenderText {#text} at (0,816) size 140x16
                      text run at (0,816) width 140: "SYSCAT.SERVEROPTIONS"
                  RenderText {#text} at (140,816) size 3x16
                    text run at (140,816) width 3: " "
                  RenderBR {BR} at (143,827) size 0x0
                  RenderInline {A} at (0,0) size 97x16 [color=#0000EE]
                    RenderText {#text} at (0,832) size 97x16
                      text run at (0,832) width 97: "SYSCAT.SERVERS"
                  RenderText {#text} at (97,832) size 3x16
                    text run at (97,832) width 3: " "
                  RenderBR {BR} at (100,843) size 0x0
                  RenderInline {A} at (0,0) size 119x16 [color=#0000EE]
                    RenderText {#text} at (0,848) size 119x16
                      text run at (0,848) width 119: "SYSCAT.STATEMENTS"
                  RenderText {#text} at (119,848) size 3x16
                    text run at (119,848) width 3: " "
                  RenderBR {BR} at (122,859) size 0x0
                  RenderInline {A} at (0,0) size 97x16 [color=#0000EE]
                    RenderText {#text} at (0,864) size 97x16
                      text run at (0,864) width 97: "SYSCAT.TABAUTH"
                  RenderText {#text} at (97,864) size 3x16
                    text run at (97,864) width 3: " "
                  RenderBR {BR} at (100,875) size 0x0
                  RenderInline {A} at (0,0) size 106x16 [color=#0000EE]
                    RenderText {#text} at (0,880) size 106x16
                      text run at (0,880) width 106: "SYSCAT.TABCONST"
                  RenderText {#text} at (106,880) size 3x16
                    text run at (106,880) width 3: " "
                  RenderBR {BR} at (109,891) size 0x0
                  RenderInline {A} at (0,0) size 87x16 [color=#0000EE]
                    RenderText {#text} at (0,896) size 87x16
                      text run at (0,896) width 87: "SYSCAT.TABLES"
                  RenderText {#text} at (87,896) size 3x16
                    text run at (87,896) width 3: " "
                  RenderBR {BR} at (90,907) size 0x0
                  RenderInline {A} at (0,0) size 123x16 [color=#0000EE]
                    RenderText {#text} at (0,912) size 123x16
                      text run at (0,912) width 123: "SYSCAT.TABLESPACES"
                  RenderText {#text} at (123,912) size 3x16
                    text run at (123,912) width 3: " "
                  RenderBR {BR} at (126,923) size 0x0
                  RenderInline {A} at (0,0) size 117x16 [color=#0000EE]
                    RenderText {#text} at (0,928) size 117x16
                      text run at (0,928) width 117: "SYSCAT.TABOPTIONS"
                  RenderText {#text} at (117,928) size 3x16
                    text run at (117,928) width 3: " "
                  RenderBR {BR} at (120,939) size 0x0
                  RenderInline {A} at (0,0) size 126x16 [color=#0000EE]
                    RenderText {#text} at (0,944) size 126x16
                      text run at (0,944) width 126: "SYSCAT.TBSPACEAUTH"
                  RenderText {#text} at (126,944) size 3x16
                    text run at (126,944) width 3: " "
                  RenderBR {BR} at (129,955) size 0x0
                  RenderInline {A} at (0,0) size 95x16 [color=#0000EE]
                    RenderText {#text} at (0,960) size 95x16
                      text run at (0,960) width 95: "SYSCAT.TRIGDEP"
                  RenderText {#text} at (95,960) size 3x16
                    text run at (95,960) width 3: " "
                  RenderBR {BR} at (98,971) size 0x0
                  RenderInline {A} at (0,0) size 104x16 [color=#0000EE]
                    RenderText {#text} at (0,976) size 104x16
                      text run at (0,976) width 104: "SYSCAT.TRIGGERS"
                  RenderText {#text} at (104,976) size 3x16
                    text run at (104,976) width 3: " "
                  RenderBR {BR} at (107,987) size 0x0
                  RenderInline {A} at (0,0) size 131x16 [color=#0000EE]
                    RenderText {#text} at (0,992) size 131x16
                      text run at (0,992) width 131: "SYSCAT.TYPEMAPPINGS"
                  RenderText {#text} at (131,992) size 3x16
                    text run at (131,992) width 3: " "
                  RenderBR {BR} at (134,1003) size 0x0
                  RenderInline {A} at (0,0) size 126x16 [color=#0000EE]
                    RenderText {#text} at (0,1008) size 126x16
                      text run at (0,1008) width 126: "SYSCAT.USEROPTIONS"
                  RenderText {#text} at (126,1008) size 3x16
                    text run at (126,1008) width 3: " "
                  RenderBR {BR} at (129,1019) size 0x0
                  RenderInline {A} at (0,0) size 95x16 [color=#0000EE]
                    RenderText {#text} at (0,1024) size 95x16
                      text run at (0,1024) width 95: "SYSCAT.VIEWDEP"
                  RenderText {#text} at (95,1024) size 3x16
                    text run at (95,1024) width 3: " "
                  RenderBR {BR} at (98,1035) size 0x0
                  RenderInline {A} at (0,0) size 80x16 [color=#0000EE]
                    RenderText {#text} at (0,1040) size 80x16
                      text run at (0,1040) width 80: "SYSCAT.VIEWS"
                  RenderText {#text} at (80,1040) size 3x16
                    text run at (80,1040) width 3: " "
                  RenderBR {BR} at (83,1051) size 0x0
                  RenderInline {A} at (0,0) size 128x16 [color=#0000EE]
                    RenderText {#text} at (0,1056) size 128x16
                      text run at (0,1056) width 128: "SYSCAT.WRAPOPTIONS"
                  RenderText {#text} at (128,1056) size 3x16
                    text run at (128,1056) width 3: " "
                  RenderBR {BR} at (131,1067) size 0x0
                  RenderInline {A} at (0,0) size 107x16 [color=#0000EE]
                    RenderText {#text} at (0,1072) size 107x16
                      text run at (0,1072) width 107: "SYSCAT.WRAPPERS"
                  RenderText {#text} at (107,1072) size 3x16
                    text run at (107,1072) width 3: " "
                  RenderBR {BR} at (110,1083) size 0x0
                  RenderInline {A} at (0,0) size 100x16 [color=#0000EE]
                    RenderText {#text} at (0,1088) size 100x16
                      text run at (0,1088) width 100: "SYSSTAT.COLDIST"
                  RenderText {#text} at (100,1088) size 3x16
                    text run at (100,1088) width 3: " "
                  RenderBR {BR} at (103,1099) size 0x0
                  RenderInline {A} at (0,0) size 107x16 [color=#0000EE]
                    RenderText {#text} at (0,1104) size 107x16
                      text run at (0,1104) width 107: "SYSSTAT.COLUMNS"
                  RenderText {#text} at (107,1104) size 3x16
                    text run at (107,1104) width 3: " "
                  RenderBR {BR} at (110,1115) size 0x0
                  RenderInline {A} at (0,0) size 117x16 [color=#0000EE]
                    RenderText {#text} at (0,1120) size 117x16
                      text run at (0,1120) width 117: "SYSSTAT.FUNCTIONS"
                  RenderText {#text} at (117,1120) size 3x16
                    text run at (117,1120) width 3: " "
                  RenderBR {BR} at (120,1131) size 0x0
                  RenderInline {A} at (0,0) size 99x16 [color=#0000EE]
                    RenderText {#text} at (0,1136) size 99x16
                      text run at (0,1136) width 99: "SYSSTAT.INDEXES"
                  RenderText {#text} at (99,1136) size 3x16
                    text run at (99,1136) width 3: " "
                  RenderBR {BR} at (102,1147) size 0x0
                  RenderInline {A} at (0,0) size 93x16 [color=#0000EE]
                    RenderText {#text} at (0,1152) size 93x16
                      text run at (0,1152) width 93: "SYSSTAT.TABLES"
                  RenderText {#text} at (0,0) size 0x0
                RenderBlock {P} at (0,9681) size 591x176
                  RenderInline {B} at (0,0) size 307x16
                    RenderInline {A} at (0,0) size 307x16 [color=#0000EE]
                      RenderText {#text} at (0,0) size 307x16
                        text run at (0,0) width 307: "Appendix E. Catalog Views For Use With Structured Types"
                  RenderBR {BR} at (307,11) size 0x0
                  RenderBR {BR} at (0,16) size 0x16
                  RenderInline {A} at (0,0) size 135x16 [color=#0000EE]
                    RenderText {#text} at (0,32) size 135x16
                      text run at (0,32) width 135: "'Roadmap' to Catalog Views"
                  RenderText {#text} at (135,32) size 3x16
                    text run at (135,32) width 3: " "
                  RenderBR {BR} at (138,43) size 0x0
                  RenderInline {A} at (0,0) size 94x16 [color=#0000EE]
                    RenderText {#text} at (0,48) size 94x16
                      text run at (0,48) width 94: "OBJCAT.INDEXES"
                  RenderText {#text} at (94,48) size 3x16
                    text run at (94,48) width 3: " "
                  RenderBR {BR} at (97,59) size 0x0
                  RenderInline {A} at (0,0) size 162x16 [color=#0000EE]
                    RenderText {#text} at (0,64) size 162x16
                      text run at (0,64) width 162: "OBJCAT.INDEXEXPLOITRULES"
                  RenderText {#text} at (162,64) size 3x16
                    text run at (162,64) width 3: " "
                  RenderBR {BR} at (165,75) size 0x0
                  RenderInline {A} at (0,0) size 165x16 [color=#0000EE]
                    RenderText {#text} at (0,80) size 165x16
                      text run at (0,80) width 165: "OBJCAT.INDEXEXTENSIONDEP"
                  RenderText {#text} at (165,80) size 3x16
                    text run at (165,80) width 3: " "
                  RenderBR {BR} at (168,91) size 0x0
                  RenderInline {A} at (0,0) size 198x16 [color=#0000EE]
                    RenderText {#text} at (0,96) size 198x16
                      text run at (0,96) width 198: "OBJCAT.INDEXEXTENSIONMETHODS"
                  RenderText {#text} at (198,96) size 3x16
                    text run at (198,96) width 3: " "
                  RenderBR {BR} at (201,107) size 0x0
                  RenderInline {A} at (0,0) size 181x16 [color=#0000EE]
                    RenderText {#text} at (0,112) size 181x16
                      text run at (0,112) width 181: "OBJCAT.INDEXEXTENSIONPARMS"
                  RenderText {#text} at (181,112) size 3x16
                    text run at (181,112) width 3: " "
                  RenderBR {BR} at (184,123) size 0x0
                  RenderInline {A} at (0,0) size 150x16 [color=#0000EE]
                    RenderText {#text} at (0,128) size 150x16
                      text run at (0,128) width 150: "OBJCAT.INDEXEXTENSIONS"
                  RenderText {#text} at (150,128) size 3x16
                    text run at (150,128) width 3: " "
                  RenderBR {BR} at (153,139) size 0x0
                  RenderInline {A} at (0,0) size 145x16 [color=#0000EE]
                    RenderText {#text} at (0,144) size 145x16
                      text run at (0,144) width 145: "OBJCAT.PREDICATESPECS"
                  RenderText {#text} at (145,144) size 3x16
                    text run at (145,144) width 3: " "
                  RenderBR {BR} at (148,155) size 0x0
                  RenderInline {A} at (0,0) size 124x16 [color=#0000EE]
                    RenderText {#text} at (0,160) size 124x16
                      text run at (0,160) width 124: "OBJCAT.TRANSFORMS"
                  RenderText {#text} at (0,0) size 0x0
                RenderBlock {P} at (0,9868) size 591x256
                  RenderInline {B} at (0,0) size 168x16
                    RenderInline {A} at (0,0) size 168x16 [color=#0000EE]
                      RenderText {#text} at (0,0) size 168x16
                        text run at (0,0) width 168: "Appendix F. Federated Systems"
                  RenderBR {BR} at (168,11) size 0x0
                  RenderBR {BR} at (0,16) size 0x16
                  RenderInline {A} at (0,0) size 67x16 [color=#0000EE]
                    RenderText {#text} at (0,32) size 67x16
                      text run at (0,32) width 67: "Server Types"
                  RenderText {#text} at (67,32) size 3x16
                    text run at (67,32) width 3: " "
                  RenderBR {BR} at (70,43) size 0x0
                  RenderInline {A} at (0,0) size 178x16 [color=#0000EE]
                    RenderText {#text} at (0,48) size 178x16
                      text run at (0,48) width 178: "SQL Options for Federated Systems"
                  RenderText {#text} at (178,48) size 3x16
                    text run at (178,48) width 3: " "
                  RenderBR {BR} at (181,59) size 0x0
                  RenderInline {A} at (0,0) size 78x16 [color=#0000EE]
                    RenderText {#text} at (0,64) size 78x16
                      text run at (0,64) width 78: "Column Options"
                  RenderText {#text} at (78,64) size 3x16
                    text run at (78,64) width 3: " "
                  RenderBR {BR} at (81,75) size 0x0
                  RenderInline {A} at (0,0) size 127x16 [color=#0000EE]
                    RenderText {#text} at (0,80) size 127x16
                      text run at (0,80) width 127: "Function Mapping Options"
                  RenderText {#text} at (127,80) size 3x16
                    text run at (127,80) width 3: " "
                  RenderBR {BR} at (130,91) size 0x0
                  RenderInline {A} at (0,0) size 74x16 [color=#0000EE]
                    RenderText {#text} at (0,96) size 74x16
                      text run at (0,96) width 74: "Server Options"
                  RenderText {#text} at (74,96) size 3x16
                    text run at (74,96) width 3: " "
                  RenderBR {BR} at (77,107) size 0x0
                  RenderInline {A} at (0,0) size 65x16 [color=#0000EE]
                    RenderText {#text} at (0,112) size 65x16
                      text run at (0,112) width 65: "User Options"
                  RenderText {#text} at (65,112) size 3x16
                    text run at (65,112) width 3: " "
                  RenderBR {BR} at (68,123) size 0x0
                  RenderInline {A} at (0,0) size 138x16 [color=#0000EE]
                    RenderText {#text} at (0,128) size 138x16
                      text run at (0,128) width 138: "Default Data Type Mappings"
                  RenderText {#text} at (138,128) size 3x16
                    text run at (138,128) width 3: " "
                  RenderBR {BR} at (141,139) size 0x0
                  RenderInline {A} at (0,0) size 569x16 [color=#0000EE]
                    RenderText {#text} at (0,144) size 569x16
                      text run at (0,144) width 569: "Default Type Mappings between DB2 and DB2 Universal Database for OS/390 (and DB2 for MVS/ESA) Data Sources"
                  RenderText {#text} at (569,144) size 3x16
                    text run at (569,144) width 3: " "
                  RenderBR {BR} at (572,155) size 0x0
                  RenderInline {A} at (0,0) size 542x16 [color=#0000EE]
                    RenderText {#text} at (0,160) size 542x16
                      text run at (0,160) width 542: "Default Type Mappings between DB2 and 2 Universal Database for AS/400 (and DB2 for OS/400) Data Sources"
                  RenderText {#text} at (542,160) size 3x16
                    text run at (542,160) width 3: " "
                  RenderBR {BR} at (545,171) size 0x0
                  RenderInline {A} at (0,0) size 307x16 [color=#0000EE]
                    RenderText {#text} at (0,176) size 307x16
                      text run at (0,176) width 307: "Default Type Mappings between DB2 and Oracle Data Sources"
                  RenderText {#text} at (307,176) size 3x16
                    text run at (307,176) width 3: " "
                  RenderBR {BR} at (310,187) size 0x0
                  RenderInline {A} at (0,0) size 447x16 [color=#0000EE]
                    RenderText {#text} at (0,192) size 447x16
                      text run at (0,192) width 447: "Default Type Mappings between DB2 and DB2 for VM and VSE (and SQL/DS) Data Sources"
                  RenderText {#text} at (447,192) size 3x16
                    text run at (447,192) width 3: " "
                  RenderBR {BR} at (450,203) size 0x0
                  RenderInline {A} at (0,0) size 165x16 [color=#0000EE]
                    RenderText {#text} at (0,208) size 165x16
                      text run at (0,208) width 165: "Pass-Through Facility Processing"
                  RenderText {#text} at (165,208) size 3x16
                    text run at (165,208) width 3: " "
                  RenderBR {BR} at (168,219) size 0x0
                  RenderInline {A} at (0,0) size 212x16 [color=#0000EE]
                    RenderText {#text} at (0,224) size 212x16
                      text run at (0,224) width 212: "SQL Processing in Pass-Through Sessions"
                  RenderText {#text} at (212,224) size 3x16
                    text run at (212,224) width 3: " "
                  RenderBR {BR} at (215,235) size 0x0
                  RenderInline {A} at (0,0) size 155x16 [color=#0000EE]
                    RenderText {#text} at (0,240) size 155x16
                      text run at (0,240) width 155: "Considerations and Restrictions"
                  RenderText {#text} at (0,0) size 0x0
                RenderBlock {P} at (0,10135) size 591x416
                  RenderInline {B} at (0,0) size 198x16
                    RenderInline {A} at (0,0) size 198x16 [color=#0000EE]
                      RenderText {#text} at (0,0) size 198x16
                        text run at (0,0) width 198: "Appendix G. Sample Database Tables"
                  RenderBR {BR} at (198,11) size 0x0
                  RenderBR {BR} at (0,16) size 0x16
                  RenderInline {A} at (0,0) size 108x16 [color=#0000EE]
                    RenderText {#text} at (0,32) size 108x16
                      text run at (0,32) width 108: "The Sample Database"
                  RenderText {#text} at (108,32) size 3x16
                    text run at (108,32) width 3: " "
                  RenderBR {BR} at (111,43) size 0x0
                  RenderInline {A} at (0,0) size 156x16 [color=#0000EE]
                    RenderText {#text} at (0,48) size 156x16
                      text run at (0,48) width 156: "To Create the Sample Database"
                  RenderText {#text} at (156,48) size 3x16
                    text run at (156,48) width 3: " "
                  RenderBR {BR} at (159,59) size 0x0
                  RenderInline {A} at (0,0) size 152x16 [color=#0000EE]
                    RenderText {#text} at (0,64) size 152x16
                      text run at (0,64) width 152: "To Erase the Sample Database"
                  RenderText {#text} at (152,64) size 3x16
                    text run at (152,64) width 3: " "
                  RenderBR {BR} at (155,75) size 0x0
                  RenderInline {A} at (0,0) size 88x16 [color=#0000EE]
                    RenderText {#text} at (0,80) size 88x16
                      text run at (0,80) width 88: "CL_SCHED Table"
                  RenderText {#text} at (88,80) size 3x16
                    text run at (88,80) width 3: " "
                  RenderBR {BR} at (91,91) size 0x0
                  RenderInline {A} at (0,0) size 105x16 [color=#0000EE]
                    RenderText {#text} at (0,96) size 105x16
                      text run at (0,96) width 105: "DEPARTMENT Table"
                  RenderText {#text} at (105,96) size 3x16
                    text run at (105,96) width 3: " "
                  RenderBR {BR} at (108,107) size 0x0
                  RenderInline {A} at (0,0) size 89x16 [color=#0000EE]
                    RenderText {#text} at (0,112) size 89x16
                      text run at (0,112) width 89: "EMPLOYEE Table"
                  RenderText {#text} at (89,112) size 3x16
                    text run at (89,112) width 3: " "
                  RenderBR {BR} at (92,123) size 0x0
                  RenderInline {A} at (0,0) size 81x16 [color=#0000EE]
                    RenderText {#text} at (0,128) size 81x16
                      text run at (0,128) width 81: "EMP_ACT Table"
                  RenderText {#text} at (81,128) size 3x16
                    text run at (81,128) width 3: " "
                  RenderBR {BR} at (84,139) size 0x0
                  RenderInline {A} at (0,0) size 99x16 [color=#0000EE]
                    RenderText {#text} at (0,144) size 99x16
                      text run at (0,144) width 99: "EMP_PHOTO Table"
                  RenderText {#text} at (99,144) size 3x16
                    text run at (99,144) width 3: " "
                  RenderBR {BR} at (102,155) size 0x0
                  RenderInline {A} at (0,0) size 105x16 [color=#0000EE]
                    RenderText {#text} at (0,160) size 105x16
                      text run at (0,160) width 105: "EMP_RESUME Table"
                  RenderText {#text} at (105,160) size 3x16
                    text run at (105,160) width 3: " "
                  RenderBR {BR} at (108,171) size 0x0
                  RenderInline {A} at (0,0) size 76x16 [color=#0000EE]
                    RenderText {#text} at (0,176) size 76x16
                      text run at (0,176) width 76: "IN_TRAY Table"
                  RenderText {#text} at (76,176) size 3x16
                    text run at (76,176) width 3: " "
                  RenderBR {BR} at (79,187) size 0x0
                  RenderInline {A} at (0,0) size 56x16 [color=#0000EE]
                    RenderText {#text} at (0,192) size 56x16
                      text run at (0,192) width 56: "ORG Table"
                  RenderText {#text} at (56,192) size 3x16
                    text run at (56,192) width 3: " "
                  RenderBR {BR} at (59,203) size 0x0
                  RenderInline {A} at (0,0) size 82x16 [color=#0000EE]
                    RenderText {#text} at (0,208) size 82x16
                      text run at (0,208) width 82: "PROJECT Table"
                  RenderText {#text} at (82,208) size 3x16
                    text run at (82,208) width 3: " "
                  RenderBR {BR} at (85,219) size 0x0
                  RenderInline {A} at (0,0) size 64x16 [color=#0000EE]
                    RenderText {#text} at (0,224) size 64x16
                      text run at (0,224) width 64: "SALES Table"
                  RenderText {#text} at (64,224) size 3x16
                    text run at (64,224) width 3: " "
                  RenderBR {BR} at (67,235) size 0x0
                  RenderInline {A} at (0,0) size 65x16 [color=#0000EE]
                    RenderText {#text} at (0,240) size 65x16
                      text run at (0,240) width 65: "STAFF Table"
                  RenderText {#text} at (65,240) size 3x16
                    text run at (65,240) width 3: " "
                  RenderBR {BR} at (68,251) size 0x0
                  RenderInline {A} at (0,0) size 74x16 [color=#0000EE]
                    RenderText {#text} at (0,256) size 74x16
                      text run at (0,256) width 74: "STAFFG Table"
                  RenderText {#text} at (74,256) size 3x16
                    text run at (74,256) width 3: " "
                  RenderBR {BR} at (77,267) size 0x0
                  RenderInline {A} at (0,0) size 224x16 [color=#0000EE]
                    RenderText {#text} at (0,272) size 224x16
                      text run at (0,272) width 224: "Sample Files with BLOB and CLOB Data Type"
                  RenderText {#text} at (224,272) size 3x16
                    text run at (224,272) width 3: " "
                  RenderBR {BR} at (227,283) size 0x0
                  RenderInline {A} at (0,0) size 75x16 [color=#0000EE]
                    RenderText {#text} at (0,288) size 75x16
                      text run at (0,288) width 75: "Quintana Photo"
                  RenderText {#text} at (75,288) size 3x16
                    text run at (75,288) width 3: " "
                  RenderBR {BR} at (78,299) size 0x0
                  RenderInline {A} at (0,0) size 88x16 [color=#0000EE]
                    RenderText {#text} at (0,304) size 88x16
                      text run at (0,304) width 88: "Quintana Resume"
                  RenderText {#text} at (88,304) size 3x16
                    text run at (88,304) width 3: " "
                  RenderBR {BR} at (91,315) size 0x0
                  RenderInline {A} at (0,0) size 69x16 [color=#0000EE]
                    RenderText {#text} at (0,320) size 69x16
                      text run at (0,320) width 69: "Nicholls Photo"
                  RenderText {#text} at (69,320) size 3x16
                    text run at (69,320) width 3: " "
                  RenderBR {BR} at (72,331) size 0x0
                  RenderInline {A} at (0,0) size 82x16 [color=#0000EE]
                    RenderText {#text} at (0,336) size 82x16
                      text run at (0,336) width 82: "Nicholls Resume"
                  RenderText {#text} at (82,336) size 3x16
                    text run at (82,336) width 3: " "
                  RenderBR {BR} at (85,347) size 0x0
                  RenderInline {A} at (0,0) size 77x16 [color=#0000EE]
                    RenderText {#text} at (0,352) size 77x16
                      text run at (0,352) width 77: "Adamson Photo"
                  RenderText {#text} at (77,352) size 3x16
                    text run at (77,352) width 3: " "
                  RenderBR {BR} at (80,363) size 0x0
                  RenderInline {A} at (0,0) size 90x16 [color=#0000EE]
                    RenderText {#text} at (0,368) size 90x16
                      text run at (0,368) width 90: "Adamson Resume"
                  RenderText {#text} at (90,368) size 3x16
                    text run at (90,368) width 3: " "
                  RenderBR {BR} at (93,379) size 0x0
                  RenderInline {A} at (0,0) size 65x16 [color=#0000EE]
                    RenderText {#text} at (0,384) size 65x16
                      text run at (0,384) width 65: "Walker Photo"
                  RenderText {#text} at (65,384) size 3x16
                    text run at (65,384) width 3: " "
                  RenderBR {BR} at (68,395) size 0x0
                  RenderInline {A} at (0,0) size 78x16 [color=#0000EE]
                    RenderText {#text} at (0,400) size 78x16
                      text run at (0,400) width 78: "Walker Resume"
                  RenderText {#text} at (0,0) size 0x0
                RenderBlock {P} at (0,10562) size 591x96
                  RenderInline {B} at (0,0) size 313x16
                    RenderInline {A} at (0,0) size 313x16 [color=#0000EE]
                      RenderText {#text} at (0,0) size 313x16
                        text run at (0,0) width 313: "Appendix H. Reserved Schema Names and Reserved Words"
                  RenderBR {BR} at (313,11) size 0x0
                  RenderBR {BR} at (0,16) size 0x16
                  RenderInline {A} at (0,0) size 97x16 [color=#0000EE]
                    RenderText {#text} at (0,32) size 97x16
                      text run at (0,32) width 97: "Reserved Schemas"
                  RenderText {#text} at (97,32) size 3x16
                    text run at (97,32) width 3: " "
                  RenderBR {BR} at (100,43) size 0x0
                  RenderInline {A} at (0,0) size 83x16 [color=#0000EE]
                    RenderText {#text} at (0,48) size 83x16
                      text run at (0,48) width 83: "Reserved Words"
                  RenderText {#text} at (83,48) size 3x16
                    text run at (83,48) width 3: " "
                  RenderBR {BR} at (86,59) size 0x0
                  RenderInline {A} at (0,0) size 130x16 [color=#0000EE]
                    RenderText {#text} at (0,64) size 130x16
                      text run at (0,64) width 130: "IBM SQL Reserved Words"
                  RenderText {#text} at (130,64) size 3x16
                    text run at (130,64) width 3: " "
                  RenderBR {BR} at (133,75) size 0x0
                  RenderInline {A} at (0,0) size 167x16 [color=#0000EE]
                    RenderText {#text} at (0,80) size 167x16
                      text run at (0,80) width 167: "ISO/ANS SQL92 Reserved Words"
                  RenderText {#text} at (0,0) size 0x0
                RenderBlock {P} at (0,10669) size 591x16
                  RenderInline {B} at (0,0) size 228x16
                    RenderInline {A} at (0,0) size 228x16 [color=#0000EE]
                      RenderText {#text} at (0,0) size 228x16
                        text run at (0,0) width 228: "Appendix I. Comparison of Isolation Levels"
                  RenderBR {BR} at (228,11) size 0x0
                RenderBlock {P} at (0,10696) size 591x16
                  RenderInline {B} at (0,0) size 272x16
                    RenderInline {A} at (0,0) size 272x16 [color=#0000EE]
                      RenderText {#text} at (0,0) size 272x16
                        text run at (0,0) width 272: "Appendix J. Interaction of Triggers and Constraints"
                  RenderBR {BR} at (272,11) size 0x0
                RenderBlock {P} at (0,10723) size 591x336
                  RenderInline {B} at (0,0) size 229x16
                    RenderInline {A} at (0,0) size 229x16 [color=#0000EE]
                      RenderText {#text} at (0,0) size 229x16
                        text run at (0,0) width 229: "Appendix K. Explain Tables and Definitions"
                  RenderBR {BR} at (229,11) size 0x0
                  RenderBR {BR} at (0,16) size 0x16
                  RenderInline {A} at (0,0) size 144x16 [color=#0000EE]
                    RenderText {#text} at (0,32) size 144x16
                      text run at (0,32) width 144: "EXPLAIN_ARGUMENT Table"
                  RenderText {#text} at (144,32) size 3x16
                    text run at (144,32) width 3: " "
                  RenderBR {BR} at (147,43) size 0x0
                  RenderInline {A} at (0,0) size 136x16 [color=#0000EE]
                    RenderText {#text} at (0,48) size 136x16
                      text run at (0,48) width 136: "EXPLAIN_INSTANCE Table"
                  RenderText {#text} at (136,48) size 3x16
                    text run at (136,48) width 3: " "
                  RenderBR {BR} at (139,59) size 0x0
                  RenderInline {A} at (0,0) size 125x16 [color=#0000EE]
                    RenderText {#text} at (0,64) size 125x16
                      text run at (0,64) width 125: "EXPLAIN_OBJECT Table"
                  RenderText {#text} at (125,64) size 3x16
                    text run at (125,64) width 3: " "
                  RenderBR {BR} at (128,75) size 0x0
                  RenderInline {A} at (0,0) size 143x16 [color=#0000EE]
                    RenderText {#text} at (0,80) size 143x16
                      text run at (0,80) width 143: "EXPLAIN_OPERATOR Table"
                  RenderText {#text} at (143,80) size 3x16
                    text run at (143,80) width 3: " "
                  RenderBR {BR} at (146,91) size 0x0
                  RenderInline {A} at (0,0) size 143x16 [color=#0000EE]
                    RenderText {#text} at (0,96) size 143x16
                      text run at (0,96) width 143: "EXPLAIN_PREDICATE Table"
                  RenderText {#text} at (143,96) size 3x16
                    text run at (143,96) width 3: " "
                  RenderBR {BR} at (146,107) size 0x0
                  RenderInline {A} at (0,0) size 147x16 [color=#0000EE]
                    RenderText {#text} at (0,112) size 147x16
                      text run at (0,112) width 147: "EXPLAIN_STATEMENT Table"
                  RenderText {#text} at (147,112) size 3x16
                    text run at (147,112) width 3: " "
                  RenderBR {BR} at (150,123) size 0x0
                  RenderInline {A} at (0,0) size 126x16 [color=#0000EE]
                    RenderText {#text} at (0,128) size 126x16
                      text run at (0,128) width 126: "EXPLAIN_STREAM Table"
                  RenderText {#text} at (126,128) size 3x16
                    text run at (126,128) width 3: " "
                  RenderBR {BR} at (129,139) size 0x0
                  RenderInline {A} at (0,0) size 108x16 [color=#0000EE]
                    RenderText {#text} at (0,144) size 108x16
                      text run at (0,144) width 108: "ADVISE_INDEX Table"
                  RenderText {#text} at (108,144) size 3x16
                    text run at (108,144) width 3: " "
                  RenderBR {BR} at (111,155) size 0x0
                  RenderInline {A} at (0,0) size 139x16 [color=#0000EE]
                    RenderText {#text} at (0,160) size 139x16
                      text run at (0,160) width 139: "ADVISE_WORKLOAD Table"
                  RenderText {#text} at (139,160) size 3x16
                    text run at (139,160) width 3: " "
                  RenderBR {BR} at (142,171) size 0x0
                  RenderInline {A} at (0,0) size 170x16 [color=#0000EE]
                    RenderText {#text} at (0,176) size 170x16
                      text run at (0,176) width 170: "Table Definitions for Explain Tables"
                  RenderText {#text} at (170,176) size 3x16
                    text run at (170,176) width 3: " "
                  RenderBR {BR} at (173,187) size 0x0
                  RenderInline {A} at (0,0) size 191x16 [color=#0000EE]
                    RenderText {#text} at (0,192) size 191x16
                      text run at (0,192) width 191: "EXPLAIN_ARGUMENT Table Definition"
                  RenderText {#text} at (191,192) size 3x16
                    text run at (191,192) width 3: " "
                  RenderBR {BR} at (194,203) size 0x0
                  RenderInline {A} at (0,0) size 183x16 [color=#0000EE]
                    RenderText {#text} at (0,208) size 183x16
                      text run at (0,208) width 183: "EXPLAIN_INSTANCE Table Definition"
                  RenderText {#text} at (183,208) size 3x16
                    text run at (183,208) width 3: " "
                  RenderBR {BR} at (186,219) size 0x0
                  RenderInline {A} at (0,0) size 172x16 [color=#0000EE]
                    RenderText {#text} at (0,224) size 172x16
                      text run at (0,224) width 172: "EXPLAIN_OBJECT Table Definition"
                  RenderText {#text} at (172,224) size 3x16
                    text run at (172,224) width 3: " "
                  RenderBR {BR} at (175,235) size 0x0
                  RenderInline {A} at (0,0) size 190x16 [color=#0000EE]
                    RenderText {#text} at (0,240) size 190x16
                      text run at (0,240) width 190: "EXPLAIN_OPERATOR Table Definition"
                  RenderText {#text} at (190,240) size 3x16
                    text run at (190,240) width 3: " "
                  RenderBR {BR} at (193,251) size 0x0
                  RenderInline {A} at (0,0) size 190x16 [color=#0000EE]
                    RenderText {#text} at (0,256) size 190x16
                      text run at (0,256) width 190: "EXPLAIN_PREDICATE Table Definition"
                  RenderText {#text} at (190,256) size 3x16
                    text run at (190,256) width 3: " "
                  RenderBR {BR} at (193,267) size 0x0
                  RenderInline {A} at (0,0) size 194x16 [color=#0000EE]
                    RenderText {#text} at (0,272) size 194x16
                      text run at (0,272) width 194: "EXPLAIN_STATEMENT Table Definition"
                  RenderText {#text} at (194,272) size 3x16
                    text run at (194,272) width 3: " "
                  RenderBR {BR} at (197,283) size 0x0
                  RenderInline {A} at (0,0) size 173x16 [color=#0000EE]
                    RenderText {#text} at (0,288) size 173x16
                      text run at (0,288) width 173: "EXPLAIN_STREAM Table Definition"
                  RenderText {#text} at (173,288) size 3x16
                    text run at (173,288) width 3: " "
                  RenderBR {BR} at (176,299) size 0x0
                  RenderInline {A} at (0,0) size 155x16 [color=#0000EE]
                    RenderText {#text} at (0,304) size 155x16
                      text run at (0,304) width 155: "ADVISE_INDEX Table Definition"
                  RenderText {#text} at (155,304) size 3x16
                    text run at (155,304) width 3: " "
                  RenderBR {BR} at (158,315) size 0x0
                  RenderInline {A} at (0,0) size 186x16 [color=#0000EE]
                    RenderText {#text} at (0,320) size 186x16
                      text run at (0,320) width 186: "ADVISE_WORKLOAD Table Definition"
                  RenderText {#text} at (0,0) size 0x0
                RenderBlock {P} at (0,11070) size 591x16
                  RenderInline {B} at (0,0) size 191x16
                    RenderInline {A} at (0,0) size 191x16 [color=#0000EE]
                      RenderText {#text} at (0,0) size 191x16
                        text run at (0,0) width 191: "Appendix L. Explain Register Values"
                  RenderBR {BR} at (191,11) size 0x0
                RenderBlock {P} at (0,11097) size 591x80
                  RenderInline {B} at (0,0) size 259x16
                    RenderInline {A} at (0,0) size 259x16 [color=#0000EE]
                      RenderText {#text} at (0,0) size 259x16
                        text run at (0,0) width 259: "Appendix M. Recursion Example: Bill of Materials"
                  RenderBR {BR} at (259,11) size 0x0
                  RenderBR {BR} at (0,16) size 0x16
                  RenderInline {A} at (0,0) size 165x16 [color=#0000EE]
                    RenderText {#text} at (0,32) size 165x16
                      text run at (0,32) width 165: "Example 1: Single Level Explosion"
                  RenderText {#text} at (165,32) size 3x16
                    text run at (165,32) width 3: " "
                  RenderBR {BR} at (168,43) size 0x0
                  RenderInline {A} at (0,0) size 168x16 [color=#0000EE]
                    RenderText {#text} at (0,48) size 168x16
                      text run at (0,48) width 168: "Example 2: Summarized Explosion"
                  RenderText {#text} at (168,48) size 3x16
                    text run at (168,48) width 3: " "
                  RenderBR {BR} at (171,59) size 0x0
                  RenderInline {A} at (0,0) size 140x16 [color=#0000EE]
                    RenderText {#text} at (0,64) size 140x16
                      text run at (0,64) width 140: "Example 3: Controlling Depth"
                  RenderText {#text} at (0,0) size 0x0
                RenderBlock {P} at (0,11188) size 591x80
                  RenderInline {B} at (0,0) size 159x16
                    RenderInline {A} at (0,0) size 159x16 [color=#0000EE]
                      RenderText {#text} at (0,0) size 159x16
                        text run at (0,0) width 159: "Appendix N. Exception Tables"
                  RenderBR {BR} at (159,11) size 0x0
                  RenderBR {BR} at (0,16) size 0x16
                  RenderInline {A} at (0,0) size 184x16 [color=#0000EE]
                    RenderText {#text} at (0,32) size 184x16
                      text run at (0,32) width 184: "Rules for Creating an Exception Table"
                  RenderText {#text} at (184,32) size 3x16
                    text run at (184,32) width 3: " "
                  RenderBR {BR} at (187,43) size 0x0
                  RenderInline {A} at (0,0) size 189x16 [color=#0000EE]
                    RenderText {#text} at (0,48) size 189x16
                      text run at (0,48) width 189: "Handling Rows in the Exception Tables"
                  RenderText {#text} at (189,48) size 3x16
                    text run at (189,48) width 3: " "
                  RenderBR {BR} at (192,59) size 0x0
                  RenderInline {A} at (0,0) size 150x16 [color=#0000EE]
                    RenderText {#text} at (0,64) size 150x16
                      text run at (0,64) width 150: "Querying the Exception Tables"
                  RenderText {#text} at (0,0) size 0x0
                RenderBlock {P} at (0,11279) size 591x352
                  RenderInline {B} at (0,0) size 359x16
                    RenderInline {A} at (0,0) size 359x16 [color=#0000EE]
                      RenderText {#text} at (0,0) size 359x16
                        text run at (0,0) width 359: "Appendix O. Japanese and Traditional-Chinese EUC Considerations"
                  RenderBR {BR} at (359,11) size 0x0
                  RenderBR {BR} at (0,16) size 0x16
                  RenderInline {A} at (0,0) size 96x16 [color=#0000EE]
                    RenderText {#text} at (0,32) size 96x16
                      text run at (0,32) width 96: "Language Elements"
                  RenderText {#text} at (96,32) size 3x16
                    text run at (96,32) width 3: " "
                  RenderBR {BR} at (99,43) size 0x0
                  RenderInline {A} at (0,0) size 55x16 [color=#0000EE]
                    RenderText {#text} at (0,48) size 55x16
                      text run at (0,48) width 55: "Characters"
                  RenderText {#text} at (55,48) size 3x16
                    text run at (55,48) width 3: " "
                  RenderBR {BR} at (58,59) size 0x0
                  RenderInline {A} at (0,0) size 37x16 [color=#0000EE]
                    RenderText {#text} at (0,64) size 37x16
                      text run at (0,64) width 37: "Tokens"
                  RenderText {#text} at (37,64) size 3x16
                    text run at (37,64) width 3: " "
                  RenderBR {BR} at (40,75) size 0x0
                  RenderInline {A} at (0,0) size 47x16 [color=#0000EE]
                    RenderText {#text} at (0,80) size 47x16
                      text run at (0,80) width 47: "Identifiers"
                  RenderText {#text} at (47,80) size 3x16
                    text run at (47,80) width 3: " "
                  RenderBR {BR} at (50,91) size 0x0
                  RenderInline {A} at (0,0) size 57x16 [color=#0000EE]
                    RenderText {#text} at (0,96) size 57x16
                      text run at (0,96) width 57: "Data Types"
                  RenderText {#text} at (57,96) size 3x16
                    text run at (57,96) width 3: " "
                  RenderBR {BR} at (60,107) size 0x0
                  RenderInline {A} at (0,0) size 152x16 [color=#0000EE]
                    RenderText {#text} at (0,112) size 152x16
                      text run at (0,112) width 152: "Assignments and Comparisons"
                  RenderText {#text} at (152,112) size 3x16
                    text run at (152,112) width 3: " "
                  RenderBR {BR} at (155,123) size 0x0
                  RenderInline {A} at (0,0) size 138x16 [color=#0000EE]
                    RenderText {#text} at (0,128) size 138x16
                      text run at (0,128) width 138: "Rules for Result Data Types"
                  RenderText {#text} at (138,128) size 3x16
                    text run at (138,128) width 3: " "
                  RenderBR {BR} at (141,139) size 0x0
                  RenderInline {A} at (0,0) size 140x16 [color=#0000EE]
                    RenderText {#text} at (0,144) size 140x16
                      text run at (0,144) width 140: "Rules for String Conversions"
                  RenderText {#text} at (140,144) size 3x16
                    text run at (140,144) width 3: " "
                  RenderBR {BR} at (143,155) size 0x0
                  RenderInline {A} at (0,0) size 50x16 [color=#0000EE]
                    RenderText {#text} at (0,160) size 50x16
                      text run at (0,160) width 50: "Constants"
                  RenderText {#text} at (50,160) size 3x16
                    text run at (50,160) width 3: " "
                  RenderBR {BR} at (53,171) size 0x0
                  RenderInline {A} at (0,0) size 48x16 [color=#0000EE]
                    RenderText {#text} at (0,176) size 48x16
                      text run at (0,176) width 48: "Functions"
                  RenderText {#text} at (48,176) size 3x16
                    text run at (48,176) width 3: " "
                  RenderBR {BR} at (51,187) size 0x0
                  RenderInline {A} at (0,0) size 61x16 [color=#0000EE]
                    RenderText {#text} at (0,192) size 61x16
                      text run at (0,192) width 61: "Expressions"
                  RenderText {#text} at (61,192) size 3x16
                    text run at (61,192) width 3: " "
                  RenderBR {BR} at (64,203) size 0x0
                  RenderInline {A} at (0,0) size 52x16 [color=#0000EE]
                    RenderText {#text} at (0,208) size 52x16
                      text run at (0,208) width 52: "Predicates"
                  RenderText {#text} at (52,208) size 3x16
                    text run at (52,208) width 3: " "
                  RenderBR {BR} at (55,219) size 0x0
                  RenderInline {A} at (0,0) size 48x16 [color=#0000EE]
                    RenderText {#text} at (0,224) size 48x16
                      text run at (0,224) width 48: "Functions"
                  RenderText {#text} at (48,224) size 3x16
                    text run at (48,224) width 3: " "
                  RenderBR {BR} at (51,235) size 0x0
                  RenderInline {A} at (0,0) size 45x16 [color=#0000EE]
                    RenderText {#text} at (0,240) size 45x16
                      text run at (0,240) width 45: "LENGTH"
                  RenderText {#text} at (45,240) size 3x16
                    text run at (45,240) width 3: " "
                  RenderBR {BR} at (48,251) size 0x0
                  RenderInline {A} at (0,0) size 44x16 [color=#0000EE]
                    RenderText {#text} at (0,256) size 44x16
                      text run at (0,256) width 44: "SUBSTR"
                  RenderText {#text} at (44,256) size 3x16
                    text run at (44,256) width 3: " "
                  RenderBR {BR} at (47,267) size 0x0
                  RenderInline {A} at (0,0) size 64x16 [color=#0000EE]
                    RenderText {#text} at (0,272) size 64x16
                      text run at (0,272) width 64: "TRANSLATE"
                  RenderText {#text} at (64,272) size 3x16
                    text run at (64,272) width 3: " "
                  RenderBR {BR} at (67,283) size 0x0
                  RenderInline {A} at (0,0) size 72x16 [color=#0000EE]
                    RenderText {#text} at (0,288) size 72x16
                      text run at (0,288) width 72: "VARGRAPHIC"
                  RenderText {#text} at (72,288) size 3x16
                    text run at (72,288) width 3: " "
                  RenderBR {BR} at (75,299) size 0x0
                  RenderInline {A} at (0,0) size 55x16 [color=#0000EE]
                    RenderText {#text} at (0,304) size 55x16
                      text run at (0,304) width 55: "Statements"
                  RenderText {#text} at (55,304) size 3x16
                    text run at (55,304) width 3: " "
                  RenderBR {BR} at (58,315) size 0x0
                  RenderInline {A} at (0,0) size 55x16 [color=#0000EE]
                    RenderText {#text} at (0,320) size 55x16
                      text run at (0,320) width 55: "CONNECT"
                  RenderText {#text} at (55,320) size 3x16
                    text run at (55,320) width 3: " "
                  RenderBR {BR} at (58,331) size 0x0
                  RenderInline {A} at (0,0) size 51x16 [color=#0000EE]
                    RenderText {#text} at (0,336) size 51x16
                      text run at (0,336) width 51: "PREPARE"
                  RenderText {#text} at (0,0) size 0x0
                RenderBlock {P} at (0,11642) size 591x16
                  RenderInline {B} at (0,0) size 252x16
                    RenderInline {A} at (0,0) size 252x16 [color=#0000EE]
                      RenderText {#text} at (0,0) size 252x16
                        text run at (0,0) width 252: "Appendix P. BNF Specifications for DATALINKs"
                  RenderBR {BR} at (252,11) size 0x0
                RenderBlock {P} at (0,11669) size 591x192
                  RenderInline {B} at (0,0) size 185x16
                    RenderInline {A} at (0,0) size 185x16 [color=#0000EE]
                      RenderText {#text} at (0,0) size 185x16
                        text run at (0,0) width 185: "Appendix Q. Using the DB2 Library"
                  RenderBR {BR} at (185,11) size 0x0
                  RenderBR {BR} at (0,16) size 0x16
                  RenderInline {A} at (0,0) size 164x16 [color=#0000EE]
                    RenderText {#text} at (0,32) size 164x16
                      text run at (0,32) width 164: "DB2 PDF Files and Printed Books"
                  RenderText {#text} at (164,32) size 3x16
                    text run at (164,32) width 3: " "
                  RenderBR {BR} at (167,43) size 0x0
                  RenderInline {A} at (0,0) size 78x16 [color=#0000EE]
                    RenderText {#text} at (0,48) size 78x16
                      text run at (0,48) width 78: "DB2 Information"
                  RenderText {#text} at (78,48) size 3x16
                    text run at (78,48) width 3: " "
                  RenderBR {BR} at (81,59) size 0x0
                  RenderInline {A} at (0,0) size 113x16 [color=#0000EE]
                    RenderText {#text} at (0,64) size 113x16
                      text run at (0,64) width 113: "Printing the PDF Books"
                  RenderText {#text} at (113,64) size 3x16
                    text run at (113,64) width 3: " "
                  RenderBR {BR} at (116,75) size 0x0
                  RenderInline {A} at (0,0) size 132x16 [color=#0000EE]
                    RenderText {#text} at (0,80) size 132x16
                      text run at (0,80) width 132: "Ordering the Printed Books"
                  RenderText {#text} at (132,80) size 3x16
                    text run at (132,80) width 3: " "
                  RenderBR {BR} at (135,91) size 0x0
                  RenderInline {A} at (0,0) size 131x16 [color=#0000EE]
                    RenderText {#text} at (0,96) size 131x16
                      text run at (0,96) width 131: "DB2 Online Documentation"
                  RenderText {#text} at (131,96) size 3x16
                    text run at (131,96) width 3: " "
                  RenderBR {BR} at (134,107) size 0x0
                  RenderInline {A} at (0,0) size 110x16 [color=#0000EE]
                    RenderText {#text} at (0,112) size 110x16
                      text run at (0,112) width 110: "Accessing Online Help"
                  RenderText {#text} at (110,112) size 3x16
                    text run at (110,112) width 3: " "
                  RenderBR {BR} at (113,123) size 0x0
                  RenderInline {A} at (0,0) size 128x16 [color=#0000EE]
                    RenderText {#text} at (0,128) size 128x16
                      text run at (0,128) width 128: "Viewing Information Online"
                  RenderText {#text} at (128,128) size 3x16
                    text run at (128,128) width 3: " "
                  RenderBR {BR} at (131,139) size 0x0
                  RenderInline {A} at (0,0) size 95x16 [color=#0000EE]
                    RenderText {#text} at (0,144) size 95x16
                      text run at (0,144) width 95: "Using DB2 Wizards"
                  RenderText {#text} at (95,144) size 3x16
                    text run at (95,144) width 3: " "
                  RenderBR {BR} at (98,155) size 0x0
                  RenderInline {A} at (0,0) size 148x16 [color=#0000EE]
                    RenderText {#text} at (0,160) size 148x16
                      text run at (0,160) width 148: "Setting Up a Document Server"
                  RenderText {#text} at (148,160) size 3x16
                    text run at (148,160) width 3: " "
                  RenderBR {BR} at (151,171) size 0x0
                  RenderInline {A} at (0,0) size 140x16 [color=#0000EE]
                    RenderText {#text} at (0,176) size 140x16
                      text run at (0,176) width 140: "Searching Information Online"
                  RenderText {#text} at (0,0) size 0x0
                RenderBlock {P} at (0,11872) size 591x48
                  RenderInline {B} at (0,0) size 108x16
                    RenderInline {A} at (0,0) size 108x16 [color=#0000EE]
                      RenderText {#text} at (0,0) size 108x16
                        text run at (0,0) width 108: "Appendix R. Notices"
                  RenderBR {BR} at (108,11) size 0x0
                  RenderBR {BR} at (0,16) size 0x16
                  RenderInline {A} at (0,0) size 60x16 [color=#0000EE]
                    RenderText {#text} at (0,32) size 60x16
                      text run at (0,32) width 60: "Trademarks"
                  RenderText {#text} at (0,0) size 0x0
                RenderBlock {P} at (0,11931) size 591x16
                  RenderInline {B} at (0,0) size 29x16
                    RenderInline {A} at (0,0) size 29x16 [color=#0000EE]
                      RenderText {#text} at (0,0) size 29x16
                        text run at (0,0) width 29: "Index"
                  RenderBR {BR} at (29,11) size 0x0
                RenderBlock {P} at (0,11958) size 591x48
                  RenderInline {B} at (0,0) size 82x16
                    RenderInline {A} at (0,0) size 82x16 [color=#0000EE]
                      RenderText {#text} at (0,0) size 82x16
                        text run at (0,0) width 82: "Contacting IBM"
                  RenderBR {BR} at (82,11) size 0x0
                  RenderBR {BR} at (0,16) size 0x16
                  RenderInline {A} at (0,0) size 95x16 [color=#0000EE]
                    RenderText {#text} at (0,32) size 95x16
                      text run at (0,32) width 95: "Product Information"
                  RenderText {#text} at (0,0) size 0x0
                  RenderInline {A} at (0,0) size 0x0
                  RenderText {#text} at (0,0) size 0x0
                RenderTable {TABLE} at (0,12017) size 24x27
                  RenderTableSection {TBODY} at (0,0) size 24x27
                    RenderTableRow {TR} at (0,2) size 24x0
                    RenderTableRow {TR} at (0,4) size 24x21
                      RenderTableCell {TD} at (2,4) size 9x21 [r=1 c=0 rs=1 cs=1]
                        RenderText {#text} at (1,1) size 7x19
                          text run at (1,1) width 7: "x"
                      RenderTableCell {TD} at (13,4) size 9x21 [r=1 c=1 rs=1 cs=1]
                        RenderText {#text} at (1,1) size 7x19
                          text run at (1,1) width 7: "x"
              RenderBlock (anonymous) at (2,12046) size 591x0
                RenderInline {FONT} at (0,0) size 0x0
