layer at (0,0) size 800x600
  RenderView at (0,0) size 800x600
layer at (0,0) size 800x239
  RenderBlock {HTML} at (0,0) size 800x239
    RenderBody {BODY} at (8,14) size 784x211
      RenderTable {TABLE} at (0,0) size 200x31 [border: (2px solid #000000)]
        RenderTableSection {TBODY} at (2,2) size 196x27
          RenderTableRow {TR} at (0,2) size 196x23
            RenderTableCell {TD} at (2,2) size 192x23 [bgcolor=#EEFFEE] [border: (1px solid #808080)] [r=0 c=0 rs=1 cs=1]
              RenderText {#text} at (2,2) size 122x19
                text run at (2,2) width 122: "no cols or colspans"
      RenderTable {TABLE} at (0,45) size 200x31 [border: (2px solid #000000)]
        RenderTableSection {TBODY} at (2,2) size 196x27
          RenderTableRow {TR} at (0,2) size 196x23
            RenderTableCell {TD} at (2,2) size 192x23 [bgcolor=#EEFFEE] [border: (1px solid #808080)] [r=0 c=0 rs=1 cs=1]
              RenderText {#text} at (2,2) size 41x19
                text run at (2,2) width 41: "cols=4"
      RenderTable {TABLE} at (0,90) size 200x31 [border: (2px solid #000000)]
        RenderTableSection {TBODY} at (2,2) size 196x27
          RenderTableRow {TR} at (0,2) size 196x23
            RenderTableCell {TD} at (2,2) size 192x23 [bgcolor=#EEFFEE] [border: (1px solid #808080)] [r=0 c=0 rs=1 cs=4]
              RenderText {#text} at (2,2) size 65x19
                text run at (2,2) width 65: "colspan=4"
      RenderTable {TABLE} at (0,135) size 200x31 [border: (2px solid #000000)]
        RenderTableSection {TBODY} at (2,2) size 196x27
          RenderTableRow {TR} at (0,2) size 196x23
            RenderTableCell {TD} at (2,2) size 192x23 [bgcolor=#EEFFEE] [border: (1px solid #808080)] [r=0 c=0 rs=1 cs=4]
              RenderText {#text} at (2,2) size 114x19
                text run at (2,2) width 114: "cols=4, colspan=4"
      RenderTable {TABLE} at (0,180) size 200x31 [border: (2px solid #000000)]
        RenderTableSection {TBODY} at (2,2) size 196x27
          RenderTableRow {TR} at (0,2) size 196x23
            RenderTableCell {TD} at (2,2) size 192x23 [bgcolor=#EEFFEE] [border: (1px solid #808080)] [r=0 c=0 rs=1 cs=4]
              RenderText {#text} at (2,2) size 81x19
                text run at (2,2) width 81: "see previous"
