layer at (0,0) size 800x600
  RenderView at (0,0) size 800x600
layer at (0,0) size 800x600
  RenderBlock {HTML} at (0,0) size 800x600
    RenderBody {BODY} at (8,8) size 784x584
      RenderTable {TABLE} at (0,0) size 784x84 [bgcolor=#FFFF00] [border: (1px outset #808080)]
        RenderTableSection {TBODY} at (1,1) size 782x82
          RenderTableRow {TR} at (0,0) size 782x82
            RenderTableCell {TD} at (0,29) size 74x23 [bgcolor=#FF0000] [border: (1px inset #808080)] [r=0 c=0 rs=1 cs=1]
              RenderText {#text} at (26,2) size 21x19
                text run at (26,2) width 21: "xxx"
            RenderTableCell {TD} at (74,0) size 634x82 [border: (1px inset #808080)] [r=0 c=1 rs=1 cs=1]
              RenderTable {TABLE} at (2,2) size 630x26 [bgcolor=#00FF00] [border: (1px outset #808080)]
                RenderTableSection {TBODY} at (1,1) size 628x24
                  RenderTableRow {TR} at (0,0) size 628x24
                    RenderTableCell {TH} at (0,0) size 628x24 [border: (1px inset #808080)] [r=0 c=0 rs=1 cs=1]
                      RenderText {#text} at (172,2) size 283x20
                        text run at (172,2) width 283: "IceWM, The Window Manager Cool As Ice"
              RenderBlock {P} at (2,42) size 630x38
                RenderText {#text} at (0,0) size 354x19
                  text run at (0,0) width 354: "IceWM is a small, but powerful window manager for the "
                RenderInline {A} at (0,0) size 130x19 [color=#0000EE]
                  RenderText {#text} at (354,0) size 130x19
                    text run at (354,0) width 130: "X11 Window System"
                RenderText {#text} at (484,0) size 627x38
                  text run at (484,0) width 143: " whose main goals are"
                  text run at (0,19) width 83: "the following:"
            RenderTableCell {TD} at (708,29) size 74x23 [bgcolor=#0000FF] [border: (1px inset #808080)] [r=0 c=2 rs=1 cs=1]
              RenderText {#text} at (26,2) size 21x19
                text run at (26,2) width 21: "yyy"
