layer at (0,0) size 800x600
  RenderView at (0,0) size 800x600
layer at (0,0) size 800x600
  RenderBlock {HTML} at (0,0) size 800x600
    RenderBody {BODY} at (8,8) size 784x584
      RenderTable {TABLE} at (0,0) size 600x508
        RenderTableSection {TBODY} at (0,0) size 600x508
          RenderTableRow {TR} at (0,0) size 600x508
            RenderTableCell {TD} at (0,0) size 600x508 [r=0 c=0 rs=1 cs=1]
              RenderBlock (anonymous) at (0,0) size 600x1
                RenderImage {IMG} at (0,0) size 600x1
                RenderText {#text} at (0,0) size 0x0
              RenderBlock {BLOCKQUOTE} at (40,15) size 520x479
                RenderBlock {BLOCKQUOTE} at (40,0) size 440x479
                  RenderBlock (anonymous) at (0,0) size 440x228
                    RenderTable {TABLE} at (180,0) size 260x314
                      RenderTableSection {TBODY} at (0,0) size 260x314
                        RenderTableRow {TR} at (0,0) size 260x23
                          RenderTableCell {TD} at (0,0) size 6x23 [bgcolor=#FFFFFF] [r=0 c=0 rs=1 cs=1]
                            RenderBR {BR} at (2,2) size 0x19
                          RenderTableCell {TD} at (6,1) size 254x20 [bgcolor=#CCCCDD] [r=0 c=1 rs=1 cs=1]
                            RenderInline {FONT} at (0,0) size 208x16
                              RenderInline {B} at (0,0) size 208x16
                                RenderText {#text} at (2,2) size 208x16
                                  text run at (2,2) width 208: "CHAMBERLAIN'S CAREER STATISTICS"
                        RenderTableRow {TR} at (0,23) size 260x291
                          RenderTableCell {TD} at (0,157) size 6x23 [bgcolor=#FFFFFF] [r=1 c=0 rs=1 cs=1]
                            RenderBR {BR} at (2,2) size 0x19
                          RenderTableCell {TD} at (6,23) size 254x291 [r=1 c=1 rs=1 cs=1]
                            RenderTable {TABLE} at (2,2) size 250x272
                              RenderTableSection {TBODY} at (0,0) size 250x272
                                RenderTableRow {TR} at (0,0) size 250x17 [bgcolor=#EEEEEE]
                                  RenderTableCell {TD} at (0,0) size 30x17 [r=0 c=0 rs=1 cs=1]
                                    RenderInline {FONT} at (0,0) size 19x13
                                      RenderText {#text} at (2,2) size 19x13
                                        text run at (2,2) width 19: "Year"
                                  RenderTableCell {TD} at (30,0) size 72x17 [r=0 c=1 rs=1 cs=1]
                                    RenderInline {FONT} at (0,0) size 24x13
                                      RenderText {#text} at (2,2) size 24x13
                                        text run at (2,2) width 24: "Team"
                                  RenderTableCell {TD} at (102,0) size 27x17 [r=0 c=2 rs=1 cs=1]
                                    RenderInline {FONT} at (0,0) size 13x13
                                      RenderText {#text} at (12,2) size 13x13
                                        text run at (12,2) width 13: "GP"
                                  RenderTableCell {TD} at (129,0) size 33x17 [r=0 c=3 rs=1 cs=1]
                                    RenderInline {FONT} at (0,0) size 17x13
                                      RenderText {#text} at (14,2) size 17x13
                                        text run at (14,2) width 17: "Reb"
                                  RenderTableCell {TD} at (162,0) size 27x17 [r=0 c=4 rs=1 cs=1]
                                    RenderInline {FONT} at (0,0) size 20x13
                                      RenderText {#text} at (5,2) size 20x13
                                        text run at (5,2) width 20: "RPG"
                                  RenderTableCell {TD} at (189,0) size 34x17 [r=0 c=5 rs=1 cs=1]
                                    RenderInline {FONT} at (0,0) size 14x13
                                      RenderText {#text} at (18,2) size 14x13
                                        text run at (18,2) width 14: "Pts"
                                  RenderTableCell {TD} at (223,0) size 27x17 [r=0 c=6 rs=1 cs=1]
                                    RenderInline {FONT} at (0,0) size 19x13
                                      RenderText {#text} at (6,2) size 19x13
                                        text run at (6,2) width 19: "PPG"
                                RenderTableRow {TR} at (0,17) size 250x17 [bgcolor=#FFFFFF]
                                  RenderTableCell {TD} at (0,17) size 30x17 [r=1 c=0 rs=1 cs=1]
                                    RenderInline {FONT} at (0,0) size 23x13
                                      RenderText {#text} at (2,2) size 23x13
                                        text run at (2,2) width 23: "59-60"
                                  RenderTableCell {TD} at (30,17) size 72x17 [r=1 c=1 rs=1 cs=1]
                                    RenderInline {FONT} at (0,0) size 49x13
                                      RenderText {#text} at (2,2) size 49x13
                                        text run at (2,2) width 49: "Philadelphia"
                                  RenderTableCell {TD} at (102,17) size 27x17 [r=1 c=2 rs=1 cs=1]
                                    RenderInline {FONT} at (0,0) size 10x13
                                      RenderText {#text} at (15,2) size 10x13
                                        text run at (15,2) width 10: "72"
                                  RenderTableCell {TD} at (129,17) size 33x17 [r=1 c=3 rs=1 cs=1]
                                    RenderInline {FONT} at (0,0) size 20x13
                                      RenderText {#text} at (11,2) size 20x13
                                        text run at (11,2) width 20: "1941"
                                  RenderTableCell {TD} at (162,17) size 27x17 [r=1 c=4 rs=1 cs=1]
                                    RenderInline {FONT} at (0,0) size 18x13
                                      RenderText {#text} at (7,2) size 18x13
                                        text run at (7,2) width 18: "27.0"
                                  RenderTableCell {TD} at (189,17) size 34x17 [r=1 c=5 rs=1 cs=1]
                                    RenderInline {FONT} at (0,0) size 20x13
                                      RenderText {#text} at (12,2) size 20x13
                                        text run at (12,2) width 20: "2707"
                                  RenderTableCell {TD} at (223,17) size 27x17 [r=1 c=6 rs=1 cs=1]
                                    RenderInline {FONT} at (0,0) size 18x13
                                      RenderText {#text} at (7,2) size 18x13
                                        text run at (7,2) width 18: "37.6"
                                RenderTableRow {TR} at (0,34) size 250x17 [bgcolor=#FFFFFF]
                                  RenderTableCell {TD} at (0,34) size 30x17 [r=2 c=0 rs=1 cs=1]
                                    RenderInline {FONT} at (0,0) size 23x13
                                      RenderText {#text} at (2,2) size 23x13
                                        text run at (2,2) width 23: "60-61"
                                  RenderTableCell {TD} at (30,34) size 72x17 [r=2 c=1 rs=1 cs=1]
                                    RenderInline {FONT} at (0,0) size 49x13
                                      RenderText {#text} at (2,2) size 49x13
                                        text run at (2,2) width 49: "Philadelphia"
                                  RenderTableCell {TD} at (102,34) size 27x17 [r=2 c=2 rs=1 cs=1]
                                    RenderInline {FONT} at (0,0) size 10x13
                                      RenderText {#text} at (15,2) size 10x13
                                        text run at (15,2) width 10: "79"
                                  RenderTableCell {TD} at (129,34) size 33x17 [r=2 c=3 rs=1 cs=1]
                                    RenderInline {FONT} at (0,0) size 20x13
                                      RenderText {#text} at (11,2) size 20x13
                                        text run at (11,2) width 20: "2149"
                                  RenderTableCell {TD} at (162,34) size 27x17 [r=2 c=4 rs=1 cs=1]
                                    RenderInline {FONT} at (0,0) size 18x13
                                      RenderText {#text} at (7,2) size 18x13
                                        text run at (7,2) width 18: "27.2"
                                  RenderTableCell {TD} at (189,34) size 34x17 [r=2 c=5 rs=1 cs=1]
                                    RenderInline {FONT} at (0,0) size 20x13
                                      RenderText {#text} at (12,2) size 20x13
                                        text run at (12,2) width 20: "3033"
                                  RenderTableCell {TD} at (223,34) size 27x17 [r=2 c=6 rs=1 cs=1]
                                    RenderInline {FONT} at (0,0) size 18x13
                                      RenderText {#text} at (7,2) size 18x13
                                        text run at (7,2) width 18: "38.4"
                                RenderTableRow {TR} at (0,51) size 250x17 [bgcolor=#FFFFFF]
                                  RenderTableCell {TD} at (0,51) size 30x17 [r=3 c=0 rs=1 cs=1]
                                    RenderInline {FONT} at (0,0) size 23x13
                                      RenderText {#text} at (2,2) size 23x13
                                        text run at (2,2) width 23: "61-62"
                                  RenderTableCell {TD} at (30,51) size 72x17 [r=3 c=1 rs=1 cs=1]
                                    RenderInline {FONT} at (0,0) size 49x13
                                      RenderText {#text} at (2,2) size 49x13
                                        text run at (2,2) width 49: "Philadelphia"
                                  RenderTableCell {TD} at (102,51) size 27x17 [r=3 c=2 rs=1 cs=1]
                                    RenderInline {FONT} at (0,0) size 10x13
                                      RenderText {#text} at (15,2) size 10x13
                                        text run at (15,2) width 10: "80"
                                  RenderTableCell {TD} at (129,51) size 33x17 [r=3 c=3 rs=1 cs=1]
                                    RenderInline {FONT} at (0,0) size 20x13
                                      RenderText {#text} at (11,2) size 20x13
                                        text run at (11,2) width 20: "2052"
                                  RenderTableCell {TD} at (162,51) size 27x17 [r=3 c=4 rs=1 cs=1]
                                    RenderInline {FONT} at (0,0) size 18x13
                                      RenderText {#text} at (7,2) size 18x13
                                        text run at (7,2) width 18: "25.7"
                                  RenderTableCell {TD} at (189,51) size 34x17 [r=3 c=5 rs=1 cs=1]
                                    RenderInline {FONT} at (0,0) size 20x13
                                      RenderText {#text} at (12,2) size 20x13
                                        text run at (12,2) width 20: "4029"
                                  RenderTableCell {TD} at (223,51) size 27x17 [r=3 c=6 rs=1 cs=1]
                                    RenderInline {FONT} at (0,0) size 18x13
                                      RenderText {#text} at (7,2) size 18x13
                                        text run at (7,2) width 18: "50.4"
                                RenderTableRow {TR} at (0,68) size 250x17 [bgcolor=#FFFFFF]
                                  RenderTableCell {TD} at (0,68) size 30x17 [r=4 c=0 rs=1 cs=1]
                                    RenderInline {FONT} at (0,0) size 23x13
                                      RenderText {#text} at (2,2) size 23x13
                                        text run at (2,2) width 23: "62-63"
                                  RenderTableCell {TD} at (30,68) size 72x17 [r=4 c=1 rs=1 cs=1]
                                    RenderInline {FONT} at (0,0) size 60x13
                                      RenderText {#text} at (2,2) size 60x13
                                        text run at (2,2) width 60: "San Francisco"
                                  RenderTableCell {TD} at (102,68) size 27x17 [r=4 c=2 rs=1 cs=1]
                                    RenderInline {FONT} at (0,0) size 10x13
                                      RenderText {#text} at (15,2) size 10x13
                                        text run at (15,2) width 10: "80"
                                  RenderTableCell {TD} at (129,68) size 33x17 [r=4 c=3 rs=1 cs=1]
                                    RenderInline {FONT} at (0,0) size 20x13
                                      RenderText {#text} at (11,2) size 20x13
                                        text run at (11,2) width 20: "1946"
                                  RenderTableCell {TD} at (162,68) size 27x17 [r=4 c=4 rs=1 cs=1]
                                    RenderInline {FONT} at (0,0) size 18x13
                                      RenderText {#text} at (7,2) size 18x13
                                        text run at (7,2) width 18: "24.3"
                                  RenderTableCell {TD} at (189,68) size 34x17 [r=4 c=5 rs=1 cs=1]
                                    RenderInline {FONT} at (0,0) size 20x13
                                      RenderText {#text} at (12,2) size 20x13
                                        text run at (12,2) width 20: "3806"
                                  RenderTableCell {TD} at (223,68) size 27x17 [r=4 c=6 rs=1 cs=1]
                                    RenderInline {FONT} at (0,0) size 18x13
                                      RenderText {#text} at (7,2) size 18x13
                                        text run at (7,2) width 18: "44.8"
                                RenderTableRow {TR} at (0,85) size 250x17 [bgcolor=#FFFFFF]
                                  RenderTableCell {TD} at (0,85) size 30x17 [r=5 c=0 rs=1 cs=1]
                                    RenderInline {FONT} at (0,0) size 23x13
                                      RenderText {#text} at (2,2) size 23x13
                                        text run at (2,2) width 23: "63-64"
                                  RenderTableCell {TD} at (30,85) size 72x17 [r=5 c=1 rs=1 cs=1]
                                    RenderInline {FONT} at (0,0) size 60x13
                                      RenderText {#text} at (2,2) size 60x13
                                        text run at (2,2) width 60: "San Francisco"
                                  RenderTableCell {TD} at (102,85) size 27x17 [r=5 c=2 rs=1 cs=1]
                                    RenderInline {FONT} at (0,0) size 10x13
                                      RenderText {#text} at (15,2) size 10x13
                                        text run at (15,2) width 10: "80"
                                  RenderTableCell {TD} at (129,85) size 33x17 [r=5 c=3 rs=1 cs=1]
                                    RenderInline {FONT} at (0,0) size 20x13
                                      RenderText {#text} at (11,2) size 20x13
                                        text run at (11,2) width 20: "1787"
                                  RenderTableCell {TD} at (162,85) size 27x17 [r=5 c=4 rs=1 cs=1]
                                    RenderInline {FONT} at (0,0) size 18x13
                                      RenderText {#text} at (7,2) size 18x13
                                        text run at (7,2) width 18: "22.3"
                                  RenderTableCell {TD} at (189,85) size 34x17 [r=5 c=5 rs=1 cs=1]
                                    RenderInline {FONT} at (0,0) size 20x13
                                      RenderText {#text} at (12,2) size 20x13
                                        text run at (12,2) width 20: "2948"
                                  RenderTableCell {TD} at (223,85) size 27x17 [r=5 c=6 rs=1 cs=1]
                                    RenderInline {FONT} at (0,0) size 18x13
                                      RenderText {#text} at (7,2) size 18x13
                                        text run at (7,2) width 18: "36.9"
                                RenderTableRow {TR} at (0,102) size 250x17 [bgcolor=#FFFFFF]
                                  RenderTableCell {TD} at (0,102) size 30x17 [r=6 c=0 rs=1 cs=1]
                                    RenderInline {FONT} at (0,0) size 23x13
                                      RenderText {#text} at (2,2) size 23x13
                                        text run at (2,2) width 23: "64-65"
                                  RenderTableCell {TD} at (30,102) size 72x17 [r=6 c=1 rs=1 cs=1]
                                    RenderInline {FONT} at (0,0) size 41x13
                                      RenderText {#text} at (2,2) size 41x13
                                        text run at (2,2) width 41: "S.F.-Phila"
                                  RenderTableCell {TD} at (102,102) size 27x17 [r=6 c=2 rs=1 cs=1]
                                    RenderInline {FONT} at (0,0) size 10x13
                                      RenderText {#text} at (15,2) size 10x13
                                        text run at (15,2) width 10: "73"
                                  RenderTableCell {TD} at (129,102) size 33x17 [r=6 c=3 rs=1 cs=1]
                                    RenderInline {FONT} at (0,0) size 20x13
                                      RenderText {#text} at (11,2) size 20x13
                                        text run at (11,2) width 20: "1673"
                                  RenderTableCell {TD} at (162,102) size 27x17 [r=6 c=4 rs=1 cs=1]
                                    RenderInline {FONT} at (0,0) size 18x13
                                      RenderText {#text} at (7,2) size 18x13
                                        text run at (7,2) width 18: "22.9"
                                  RenderTableCell {TD} at (189,102) size 34x17 [r=6 c=5 rs=1 cs=1]
                                    RenderInline {FONT} at (0,0) size 20x13
                                      RenderText {#text} at (12,2) size 20x13
                                        text run at (12,2) width 20: "2534"
                                  RenderTableCell {TD} at (223,102) size 27x17 [r=6 c=6 rs=1 cs=1]
                                    RenderInline {FONT} at (0,0) size 18x13
                                      RenderText {#text} at (7,2) size 18x13
                                        text run at (7,2) width 18: "34.7"
                                RenderTableRow {TR} at (0,119) size 250x17 [bgcolor=#FFFFFF]
                                  RenderTableCell {TD} at (0,119) size 30x17 [r=7 c=0 rs=1 cs=1]
                                    RenderInline {FONT} at (0,0) size 23x13
                                      RenderText {#text} at (2,2) size 23x13
                                        text run at (2,2) width 23: "65-66"
                                  RenderTableCell {TD} at (30,119) size 72x17 [r=7 c=1 rs=1 cs=1]
                                    RenderInline {FONT} at (0,0) size 49x13
                                      RenderText {#text} at (2,2) size 49x13
                                        text run at (2,2) width 49: "Philadelphia"
                                  RenderTableCell {TD} at (102,119) size 27x17 [r=7 c=2 rs=1 cs=1]
                                    RenderInline {FONT} at (0,0) size 10x13
                                      RenderText {#text} at (15,2) size 10x13
                                        text run at (15,2) width 10: "79"
                                  RenderTableCell {TD} at (129,119) size 33x17 [r=7 c=3 rs=1 cs=1]
                                    RenderInline {FONT} at (0,0) size 20x13
                                      RenderText {#text} at (11,2) size 20x13
                                        text run at (11,2) width 20: "1943"
                                  RenderTableCell {TD} at (162,119) size 27x17 [r=7 c=4 rs=1 cs=1]
                                    RenderInline {FONT} at (0,0) size 18x13
                                      RenderText {#text} at (7,2) size 18x13
                                        text run at (7,2) width 18: "24.6"
                                  RenderTableCell {TD} at (189,119) size 34x17 [r=7 c=5 rs=1 cs=1]
                                    RenderInline {FONT} at (0,0) size 20x13
                                      RenderText {#text} at (12,2) size 20x13
                                        text run at (12,2) width 20: "2649"
                                  RenderTableCell {TD} at (223,119) size 27x17 [r=7 c=6 rs=1 cs=1]
                                    RenderInline {FONT} at (0,0) size 18x13
                                      RenderText {#text} at (7,2) size 18x13
                                        text run at (7,2) width 18: "33.5"
                                RenderTableRow {TR} at (0,136) size 250x17 [bgcolor=#FFFFFF]
                                  RenderTableCell {TD} at (0,136) size 30x17 [r=8 c=0 rs=1 cs=1]
                                    RenderInline {FONT} at (0,0) size 23x13
                                      RenderText {#text} at (2,2) size 23x13
                                        text run at (2,2) width 23: "66-67"
                                  RenderTableCell {TD} at (30,136) size 72x17 [r=8 c=1 rs=1 cs=1]
                                    RenderInline {FONT} at (0,0) size 49x13
                                      RenderText {#text} at (2,2) size 49x13
                                        text run at (2,2) width 49: "Philadelphia"
                                  RenderTableCell {TD} at (102,136) size 27x17 [r=8 c=2 rs=1 cs=1]
                                    RenderInline {FONT} at (0,0) size 10x13
                                      RenderText {#text} at (15,2) size 10x13
                                        text run at (15,2) width 10: "81"
                                  RenderTableCell {TD} at (129,136) size 33x17 [r=8 c=3 rs=1 cs=1]
                                    RenderInline {FONT} at (0,0) size 20x13
                                      RenderText {#text} at (11,2) size 20x13
                                        text run at (11,2) width 20: "1957"
                                  RenderTableCell {TD} at (162,136) size 27x17 [r=8 c=4 rs=1 cs=1]
                                    RenderInline {FONT} at (0,0) size 18x13
                                      RenderText {#text} at (7,2) size 18x13
                                        text run at (7,2) width 18: "24.2"
                                  RenderTableCell {TD} at (189,136) size 34x17 [r=8 c=5 rs=1 cs=1]
                                    RenderInline {FONT} at (0,0) size 20x13
                                      RenderText {#text} at (12,2) size 20x13
                                        text run at (12,2) width 20: "1956"
                                  RenderTableCell {TD} at (223,136) size 27x17 [r=8 c=6 rs=1 cs=1]
                                    RenderInline {FONT} at (0,0) size 18x13
                                      RenderText {#text} at (7,2) size 18x13
                                        text run at (7,2) width 18: "24.1"
                                RenderTableRow {TR} at (0,153) size 250x17 [bgcolor=#FFFFFF]
                                  RenderTableCell {TD} at (0,153) size 30x17 [r=9 c=0 rs=1 cs=1]
                                    RenderInline {FONT} at (0,0) size 23x13
                                      RenderText {#text} at (2,2) size 23x13
                                        text run at (2,2) width 23: "67-68"
                                  RenderTableCell {TD} at (30,153) size 72x17 [r=9 c=1 rs=1 cs=1]
                                    RenderInline {FONT} at (0,0) size 49x13
                                      RenderText {#text} at (2,2) size 49x13
                                        text run at (2,2) width 49: "Philadelphia"
                                  RenderTableCell {TD} at (102,153) size 27x17 [r=9 c=2 rs=1 cs=1]
                                    RenderInline {FONT} at (0,0) size 10x13
                                      RenderText {#text} at (15,2) size 10x13
                                        text run at (15,2) width 10: "82"
                                  RenderTableCell {TD} at (129,153) size 33x17 [r=9 c=3 rs=1 cs=1]
                                    RenderInline {FONT} at (0,0) size 20x13
                                      RenderText {#text} at (11,2) size 20x13
                                        text run at (11,2) width 20: "1952"
                                  RenderTableCell {TD} at (162,153) size 27x17 [r=9 c=4 rs=1 cs=1]
                                    RenderInline {FONT} at (0,0) size 18x13
                                      RenderText {#text} at (7,2) size 18x13
                                        text run at (7,2) width 18: "23.8"
                                  RenderTableCell {TD} at (189,153) size 34x17 [r=9 c=5 rs=1 cs=1]
                                    RenderInline {FONT} at (0,0) size 20x13
                                      RenderText {#text} at (12,2) size 20x13
                                        text run at (12,2) width 20: "1992"
                                  RenderTableCell {TD} at (223,153) size 27x17 [r=9 c=6 rs=1 cs=1]
                                    RenderInline {FONT} at (0,0) size 18x13
                                      RenderText {#text} at (7,2) size 18x13
                                        text run at (7,2) width 18: "24.3"
                                RenderTableRow {TR} at (0,170) size 250x17 [bgcolor=#FFFFFF]
                                  RenderTableCell {TD} at (0,170) size 30x17 [r=10 c=0 rs=1 cs=1]
                                    RenderInline {FONT} at (0,0) size 23x13
                                      RenderText {#text} at (2,2) size 23x13
                                        text run at (2,2) width 23: "68-69"
                                  RenderTableCell {TD} at (30,170) size 72x17 [r=10 c=1 rs=1 cs=1]
                                    RenderInline {FONT} at (0,0) size 48x13
                                      RenderText {#text} at (2,2) size 48x13
                                        text run at (2,2) width 48: "L.A. Lakers"
                                  RenderTableCell {TD} at (102,170) size 27x17 [r=10 c=2 rs=1 cs=1]
                                    RenderInline {FONT} at (0,0) size 10x13
                                      RenderText {#text} at (15,2) size 10x13
                                        text run at (15,2) width 10: "81"
                                  RenderTableCell {TD} at (129,170) size 33x17 [r=10 c=3 rs=1 cs=1]
                                    RenderInline {FONT} at (0,0) size 20x13
                                      RenderText {#text} at (11,2) size 20x13
                                        text run at (11,2) width 20: "1712"
                                  RenderTableCell {TD} at (162,170) size 27x17 [r=10 c=4 rs=1 cs=1]
                                    RenderInline {FONT} at (0,0) size 18x13
                                      RenderText {#text} at (7,2) size 18x13
                                        text run at (7,2) width 18: "21.1"
                                  RenderTableCell {TD} at (189,170) size 34x17 [r=10 c=5 rs=1 cs=1]
                                    RenderInline {FONT} at (0,0) size 20x13
                                      RenderText {#text} at (12,2) size 20x13
                                        text run at (12,2) width 20: "1664"
                                  RenderTableCell {TD} at (223,170) size 27x17 [r=10 c=6 rs=1 cs=1]
                                    RenderInline {FONT} at (0,0) size 18x13
                                      RenderText {#text} at (7,2) size 18x13
                                        text run at (7,2) width 18: "20.5"
                                RenderTableRow {TR} at (0,187) size 250x17 [bgcolor=#FFFFFF]
                                  RenderTableCell {TD} at (0,187) size 30x17 [r=11 c=0 rs=1 cs=1]
                                    RenderInline {FONT} at (0,0) size 23x13
                                      RenderText {#text} at (2,2) size 23x13
                                        text run at (2,2) width 23: "69-70"
                                  RenderTableCell {TD} at (30,187) size 72x17 [r=11 c=1 rs=1 cs=1]
                                    RenderInline {FONT} at (0,0) size 48x13
                                      RenderText {#text} at (2,2) size 48x13
                                        text run at (2,2) width 48: "L.A. Lakers"
                                  RenderTableCell {TD} at (102,187) size 27x17 [r=11 c=2 rs=1 cs=1]
                                    RenderInline {FONT} at (0,0) size 10x13
                                      RenderText {#text} at (15,2) size 10x13
                                        text run at (15,2) width 10: "12"
                                  RenderTableCell {TD} at (129,187) size 33x17 [r=11 c=3 rs=1 cs=1]
                                    RenderInline {FONT} at (0,0) size 15x13
                                      RenderText {#text} at (16,2) size 15x13
                                        text run at (16,2) width 15: "221"
                                  RenderTableCell {TD} at (162,187) size 27x17 [r=11 c=4 rs=1 cs=1]
                                    RenderInline {FONT} at (0,0) size 18x13
                                      RenderText {#text} at (7,2) size 18x13
                                        text run at (7,2) width 18: "18.4"
                                  RenderTableCell {TD} at (189,187) size 34x17 [r=11 c=5 rs=1 cs=1]
                                    RenderInline {FONT} at (0,0) size 15x13
                                      RenderText {#text} at (17,2) size 15x13
                                        text run at (17,2) width 15: "328"
                                  RenderTableCell {TD} at (223,187) size 27x17 [r=11 c=6 rs=1 cs=1]
                                    RenderInline {FONT} at (0,0) size 18x13
                                      RenderText {#text} at (7,2) size 18x13
                                        text run at (7,2) width 18: "27.3"
                                RenderTableRow {TR} at (0,204) size 250x17 [bgcolor=#FFFFFF]
                                  RenderTableCell {TD} at (0,204) size 30x17 [r=12 c=0 rs=1 cs=1]
                                    RenderInline {FONT} at (0,0) size 23x13
                                      RenderText {#text} at (2,2) size 23x13
                                        text run at (2,2) width 23: "70-71"
                                  RenderTableCell {TD} at (30,204) size 72x17 [r=12 c=1 rs=1 cs=1]
                                    RenderInline {FONT} at (0,0) size 48x13
                                      RenderText {#text} at (2,2) size 48x13
                                        text run at (2,2) width 48: "L.A. Lakers"
                                  RenderTableCell {TD} at (102,204) size 27x17 [r=12 c=2 rs=1 cs=1]
                                    RenderInline {FONT} at (0,0) size 10x13
                                      RenderText {#text} at (15,2) size 10x13
                                        text run at (15,2) width 10: "82"
                                  RenderTableCell {TD} at (129,204) size 33x17 [r=12 c=3 rs=1 cs=1]
                                    RenderInline {FONT} at (0,0) size 20x13
                                      RenderText {#text} at (11,2) size 20x13
                                        text run at (11,2) width 20: "1493"
                                  RenderTableCell {TD} at (162,204) size 27x17 [r=12 c=4 rs=1 cs=1]
                                    RenderInline {FONT} at (0,0) size 18x13
                                      RenderText {#text} at (7,2) size 18x13
                                        text run at (7,2) width 18: "18.2"
                                  RenderTableCell {TD} at (189,204) size 34x17 [r=12 c=5 rs=1 cs=1]
                                    RenderInline {FONT} at (0,0) size 20x13
                                      RenderText {#text} at (12,2) size 20x13
                                        text run at (12,2) width 20: "1696"
                                  RenderTableCell {TD} at (223,204) size 27x17 [r=12 c=6 rs=1 cs=1]
                                    RenderInline {FONT} at (0,0) size 18x13
                                      RenderText {#text} at (7,2) size 18x13
                                        text run at (7,2) width 18: "20.7"
                                RenderTableRow {TR} at (0,221) size 250x17 [bgcolor=#FFFFFF]
                                  RenderTableCell {TD} at (0,221) size 30x17 [r=13 c=0 rs=1 cs=1]
                                    RenderInline {FONT} at (0,0) size 23x13
                                      RenderText {#text} at (2,2) size 23x13
                                        text run at (2,2) width 23: "71-72"
                                  RenderTableCell {TD} at (30,221) size 72x17 [r=13 c=1 rs=1 cs=1]
                                    RenderInline {FONT} at (0,0) size 48x13
                                      RenderText {#text} at (2,2) size 48x13
                                        text run at (2,2) width 48: "L.A. Lakers"
                                  RenderTableCell {TD} at (102,221) size 27x17 [r=13 c=2 rs=1 cs=1]
                                    RenderInline {FONT} at (0,0) size 10x13
                                      RenderText {#text} at (15,2) size 10x13
                                        text run at (15,2) width 10: "82"
                                  RenderTableCell {TD} at (129,221) size 33x17 [r=13 c=3 rs=1 cs=1]
                                    RenderInline {FONT} at (0,0) size 20x13
                                      RenderText {#text} at (11,2) size 20x13
                                        text run at (11,2) width 20: "1572"
                                  RenderTableCell {TD} at (162,221) size 27x17 [r=13 c=4 rs=1 cs=1]
                                    RenderInline {FONT} at (0,0) size 18x13
                                      RenderText {#text} at (7,2) size 18x13
                                        text run at (7,2) width 18: "19.2"
                                  RenderTableCell {TD} at (189,221) size 34x17 [r=13 c=5 rs=1 cs=1]
                                    RenderInline {FONT} at (0,0) size 20x13
                                      RenderText {#text} at (12,2) size 20x13
                                        text run at (12,2) width 20: "1213"
                                  RenderTableCell {TD} at (223,221) size 27x17 [r=13 c=6 rs=1 cs=1]
                                    RenderInline {FONT} at (0,0) size 18x13
                                      RenderText {#text} at (7,2) size 18x13
                                        text run at (7,2) width 18: "14.8"
                                RenderTableRow {TR} at (0,238) size 250x17 [bgcolor=#FFFFFF]
                                  RenderTableCell {TD} at (0,238) size 30x17 [r=14 c=0 rs=1 cs=1]
                                    RenderInline {FONT} at (0,0) size 23x13
                                      RenderText {#text} at (2,2) size 23x13
                                        text run at (2,2) width 23: "72-73"
                                  RenderTableCell {TD} at (30,238) size 72x17 [r=14 c=1 rs=1 cs=1]
                                    RenderInline {FONT} at (0,0) size 48x13
                                      RenderText {#text} at (2,2) size 48x13
                                        text run at (2,2) width 48: "L.A. Lakers"
                                  RenderTableCell {TD} at (102,238) size 27x17 [r=14 c=2 rs=1 cs=1]
                                    RenderInline {FONT} at (0,0) size 10x13
                                      RenderText {#text} at (15,2) size 10x13
                                        text run at (15,2) width 10: "82"
                                  RenderTableCell {TD} at (129,238) size 33x17 [r=14 c=3 rs=1 cs=1]
                                    RenderInline {FONT} at (0,0) size 20x13
                                      RenderText {#text} at (11,2) size 20x13
                                        text run at (11,2) width 20: "1526"
                                  RenderTableCell {TD} at (162,238) size 27x17 [r=14 c=4 rs=1 cs=1]
                                    RenderInline {FONT} at (0,0) size 18x13
                                      RenderText {#text} at (7,2) size 18x13
                                        text run at (7,2) width 18: "18.6"
                                  RenderTableCell {TD} at (189,238) size 34x17 [r=14 c=5 rs=1 cs=1]
                                    RenderInline {FONT} at (0,0) size 20x13
                                      RenderText {#text} at (12,2) size 20x13
                                        text run at (12,2) width 20: "1084"
                                  RenderTableCell {TD} at (223,238) size 27x17 [r=14 c=6 rs=1 cs=1]
                                    RenderInline {FONT} at (0,0) size 18x13
                                      RenderText {#text} at (7,2) size 18x13
                                        text run at (7,2) width 18: "13.2"
                                RenderTableRow {TR} at (0,255) size 250x17 [bgcolor=#FFFFFF]
                                  RenderTableCell {TD} at (0,255) size 102x17 [r=15 c=0 rs=1 cs=2]
                                    RenderInline {FONT} at (0,0) size 26x13
                                      RenderText {#text} at (2,2) size 26x13
                                        text run at (2,2) width 26: "Totals"
                                  RenderTableCell {TD} at (102,255) size 27x17 [r=15 c=2 rs=1 cs=1]
                                    RenderInline {FONT} at (0,0) size 20x13
                                      RenderText {#text} at (5,2) size 20x13
                                        text run at (5,2) width 20: "1045"
                                  RenderTableCell {TD} at (129,255) size 33x17 [r=15 c=3 rs=1 cs=1]
                                    RenderInline {FONT} at (0,0) size 25x13
                                      RenderText {#text} at (6,2) size 25x13
                                        text run at (6,2) width 25: "23924"
                                  RenderTableCell {TD} at (162,255) size 27x17 [r=15 c=4 rs=1 cs=1]
                                    RenderInline {FONT} at (0,0) size 18x13
                                      RenderText {#text} at (7,2) size 18x13
                                        text run at (7,2) width 18: "22.9"
                                  RenderTableCell {TD} at (189,255) size 34x17 [r=15 c=5 rs=1 cs=1]
                                    RenderInline {FONT} at (0,0) size 25x13
                                      RenderText {#text} at (7,2) size 25x13
                                        text run at (7,2) width 25: "31419"
                                  RenderTableCell {TD} at (223,255) size 27x17 [r=15 c=6 rs=1 cs=1]
                                    RenderInline {FONT} at (0,0) size 18x13
                                      RenderText {#text} at (7,2) size 18x13
                                        text run at (7,2) width 18: "30.1"
                            RenderBlock {HR} at (2,281) size 250x1 [border: (1px inset #000000) none (1px inset #000000)]
                    RenderText {#text} at (0,0) size 177x228
                      text run at (0,0) width 156: "Known as ``Wilt the Stilt''"
                      text run at (0,19) width 167: "and ``The Big Dipper,'' the"
                      text run at (0,38) width 135: "7-foot-1 Chamberlain"
                      text run at (0,57) width 156: "dominated the NBA from"
                      text run at (0,76) width 163: "1959 through 1973, when"
                      text run at (0,95) width 107: "he played for the"
                      text run at (0,114) width 167: "Philadelphia (later the San"
                      text run at (0,133) width 153: "Francisco) Warriors, the"
                      text run at (0,152) width 161: "76ers and the Lakers. He"
                      text run at (0,171) width 177: "scored 31,419 points during"
                      text run at (0,190) width 166: "his career, averaging 30.1"
                      text run at (0,209) width 130: "points for his career."
                  RenderBlock {P} at (0,242) size 440x57
                    RenderText {#text} at (0,0) size 157x57
                      text run at (0,0) width 157: "He also led the league in"
                      text run at (0,19) width 146: "career rebounding with"
                      text run at (0,38) width 48: "23,924."
                  RenderBlock {P} at (0,313) size 440x95
                    RenderText {#text} at (0,0) size 440x95
                      text run at (0,0) width 179: "One of only two men named"
                      text run at (0,19) width 430: "MVP and rookie of the year in the same season (1959), he was also"
                      text run at (0,38) width 433: "MVP in 1966 through 1968. He led the NBA in scoring seven straight"
                      text run at (0,57) width 440: "seasons, 1960 to 1966, and led the league in rebounding 11 of his 14"
                      text run at (0,76) width 57: "seasons."
                  RenderBlock {P} at (0,422) size 440x57
                    RenderText {#text} at (0,0) size 431x57
                      text run at (0,0) width 405: "One of his most famous records is the 100 points he scored in a"
                      text run at (0,19) width 431: "single game in the Philadelphia Warriors' 169-147 defeat of the New"
                      text run at (0,38) width 295: "York Knicks on March 2, 1962, in Hershey, Pa."
