layer at (0,0) size 800x5928
  RenderView at (0,0) size 800x600
layer at (0,0) size 800x5928
  RenderBlock {HTML} at (0,0) size 800x5928
    RenderBody {BODY} at (8,18) size 784x5896
      RenderBlock {H1} at (0,0) size 784x38
        RenderText {#text} at (0,0) size 468x38
          text run at (0,0) width 468: "Vertical alignment and table height"
      RenderBlock {P} at (0,56) size 784x57
        RenderText {#text} at (0,0) size 268x19
          text run at (0,0) width 268: "The following three tables have heights of "
        RenderInline {CODE} at (0,0) size 28x19
          RenderText {#text} at (268,0) size 28x19
            text run at (268,0) width 28: "auto"
        RenderText {#text} at (296,0) size 8x19
          text run at (296,0) width 8: ", "
        RenderInline {CODE} at (0,0) size 31x19
          RenderText {#text} at (304,0) size 31x19
            text run at (304,0) width 31: "30px"
        RenderText {#text} at (335,0) size 36x19
          text run at (335,0) width 36: ", and "
        RenderInline {CODE} at (0,0) size 39x19
          RenderText {#text} at (371,0) size 39x19
            text run at (371,0) width 39: "500px"
        RenderText {#text} at (410,0) size 780x57
          text run at (410,0) width 8: ". "
          text run at (418,0) width 333: "The first one should have the height of the sum of its"
          text run at (0,19) width 38: "rows. "
          text run at (38,19) width 742: "The second and third can be handled however the browser wants, but there just here to make sure it does something"
          text run at (0,38) width 75: "reasonable."
      RenderTable {TABLE} at (0,127) size 110x152
        RenderTableSection {TBODY} at (0,0) size 110x152
          RenderTableRow {TR} at (0,2) size 110x23
            RenderTableCell {TD} at (2,2) size 34x23 [border: (1px solid #000000)] [r=0 c=0 rs=1 cs=1]
              RenderText {#text} at (2,2) size 30x19
                text run at (2,2) width 30: "Data"
            RenderTableCell {TD} at (38,2) size 34x23 [border: (1px solid #000000)] [r=0 c=1 rs=1 cs=1]
              RenderText {#text} at (2,2) size 30x19
                text run at (2,2) width 30: "Data"
            RenderTableCell {TD} at (74,2) size 34x23 [border: (1px solid #000000)] [r=0 c=2 rs=1 cs=1]
              RenderText {#text} at (2,2) size 30x19
                text run at (2,2) width 30: "Data"
          RenderTableRow {TR} at (0,27) size 110x23
            RenderTableCell {TD} at (2,27) size 34x23 [border: (1px solid #000000)] [r=1 c=0 rs=1 cs=1]
              RenderText {#text} at (2,2) size 30x19
                text run at (2,2) width 30: "Data"
            RenderTableCell {TD} at (38,27) size 34x23 [border: (1px solid #000000)] [r=1 c=1 rs=1 cs=1]
              RenderText {#text} at (2,2) size 30x19
                text run at (2,2) width 30: "Data"
            RenderTableCell {TD} at (74,27) size 34x23 [border: (1px solid #000000)] [r=1 c=2 rs=1 cs=1]
              RenderText {#text} at (2,2) size 30x19
                text run at (2,2) width 30: "Data"
          RenderTableRow {TR} at (0,52) size 110x23
            RenderTableCell {TD} at (2,52) size 34x23 [border: (1px solid #000000)] [r=2 c=0 rs=1 cs=1]
              RenderText {#text} at (2,2) size 30x19
                text run at (2,2) width 30: "Data"
            RenderTableCell {TD} at (38,52) size 34x23 [border: (1px solid #000000)] [r=2 c=1 rs=1 cs=1]
              RenderText {#text} at (2,2) size 30x19
                text run at (2,2) width 30: "Data"
            RenderTableCell {TD} at (74,52) size 34x23 [border: (1px solid #000000)] [r=2 c=2 rs=1 cs=1]
              RenderText {#text} at (2,2) size 30x19
                text run at (2,2) width 30: "Data"
          RenderTableRow {TR} at (0,77) size 110x23
            RenderTableCell {TD} at (2,77) size 34x23 [border: (1px solid #000000)] [r=3 c=0 rs=1 cs=1]
              RenderText {#text} at (2,2) size 30x19
                text run at (2,2) width 30: "Data"
            RenderTableCell {TD} at (38,77) size 34x23 [border: (1px solid #000000)] [r=3 c=1 rs=1 cs=1]
              RenderText {#text} at (2,2) size 30x19
                text run at (2,2) width 30: "Data"
            RenderTableCell {TD} at (74,77) size 34x23 [border: (1px solid #000000)] [r=3 c=2 rs=1 cs=1]
              RenderText {#text} at (2,2) size 30x19
                text run at (2,2) width 30: "Data"
          RenderTableRow {TR} at (0,102) size 110x23
            RenderTableCell {TD} at (2,102) size 34x23 [border: (1px solid #000000)] [r=4 c=0 rs=1 cs=1]
              RenderText {#text} at (2,2) size 30x19
                text run at (2,2) width 30: "Data"
            RenderTableCell {TD} at (38,102) size 34x23 [border: (1px solid #000000)] [r=4 c=1 rs=1 cs=1]
              RenderText {#text} at (2,2) size 30x19
                text run at (2,2) width 30: "Data"
            RenderTableCell {TD} at (74,102) size 34x23 [border: (1px solid #000000)] [r=4 c=2 rs=1 cs=1]
              RenderText {#text} at (2,2) size 30x19
                text run at (2,2) width 30: "Data"
          RenderTableRow {TR} at (0,127) size 110x23
            RenderTableCell {TD} at (2,127) size 34x23 [border: (1px solid #000000)] [r=5 c=0 rs=1 cs=1]
              RenderText {#text} at (2,2) size 30x19
                text run at (2,2) width 30: "Data"
            RenderTableCell {TD} at (38,127) size 34x23 [border: (1px solid #000000)] [r=5 c=1 rs=1 cs=1]
              RenderText {#text} at (2,2) size 30x19
                text run at (2,2) width 30: "Data"
            RenderTableCell {TD} at (74,127) size 34x23 [border: (1px solid #000000)] [r=5 c=2 rs=1 cs=1]
              RenderText {#text} at (2,2) size 30x19
                text run at (2,2) width 30: "Data"
      RenderTable {TABLE} at (0,279) size 110x152
        RenderTableSection {TBODY} at (0,0) size 110x152
          RenderTableRow {TR} at (0,2) size 110x23
            RenderTableCell {TD} at (2,2) size 34x23 [border: (1px solid #000000)] [r=0 c=0 rs=1 cs=1]
              RenderText {#text} at (2,2) size 30x19
                text run at (2,2) width 30: "Data"
            RenderTableCell {TD} at (38,2) size 34x23 [border: (1px solid #000000)] [r=0 c=1 rs=1 cs=1]
              RenderText {#text} at (2,2) size 30x19
                text run at (2,2) width 30: "Data"
            RenderTableCell {TD} at (74,2) size 34x23 [border: (1px solid #000000)] [r=0 c=2 rs=1 cs=1]
              RenderText {#text} at (2,2) size 30x19
                text run at (2,2) width 30: "Data"
          RenderTableRow {TR} at (0,27) size 110x23
            RenderTableCell {TD} at (2,27) size 34x23 [border: (1px solid #000000)] [r=1 c=0 rs=1 cs=1]
              RenderText {#text} at (2,2) size 30x19
                text run at (2,2) width 30: "Data"
            RenderTableCell {TD} at (38,27) size 34x23 [border: (1px solid #000000)] [r=1 c=1 rs=1 cs=1]
              RenderText {#text} at (2,2) size 30x19
                text run at (2,2) width 30: "Data"
            RenderTableCell {TD} at (74,27) size 34x23 [border: (1px solid #000000)] [r=1 c=2 rs=1 cs=1]
              RenderText {#text} at (2,2) size 30x19
                text run at (2,2) width 30: "Data"
          RenderTableRow {TR} at (0,52) size 110x23
            RenderTableCell {TD} at (2,52) size 34x23 [border: (1px solid #000000)] [r=2 c=0 rs=1 cs=1]
              RenderText {#text} at (2,2) size 30x19
                text run at (2,2) width 30: "Data"
            RenderTableCell {TD} at (38,52) size 34x23 [border: (1px solid #000000)] [r=2 c=1 rs=1 cs=1]
              RenderText {#text} at (2,2) size 30x19
                text run at (2,2) width 30: "Data"
            RenderTableCell {TD} at (74,52) size 34x23 [border: (1px solid #000000)] [r=2 c=2 rs=1 cs=1]
              RenderText {#text} at (2,2) size 30x19
                text run at (2,2) width 30: "Data"
          RenderTableRow {TR} at (0,77) size 110x23
            RenderTableCell {TD} at (2,77) size 34x23 [border: (1px solid #000000)] [r=3 c=0 rs=1 cs=1]
              RenderText {#text} at (2,2) size 30x19
                text run at (2,2) width 30: "Data"
            RenderTableCell {TD} at (38,77) size 34x23 [border: (1px solid #000000)] [r=3 c=1 rs=1 cs=1]
              RenderText {#text} at (2,2) size 30x19
                text run at (2,2) width 30: "Data"
            RenderTableCell {TD} at (74,77) size 34x23 [border: (1px solid #000000)] [r=3 c=2 rs=1 cs=1]
              RenderText {#text} at (2,2) size 30x19
                text run at (2,2) width 30: "Data"
          RenderTableRow {TR} at (0,102) size 110x23
            RenderTableCell {TD} at (2,102) size 34x23 [border: (1px solid #000000)] [r=4 c=0 rs=1 cs=1]
              RenderText {#text} at (2,2) size 30x19
                text run at (2,2) width 30: "Data"
            RenderTableCell {TD} at (38,102) size 34x23 [border: (1px solid #000000)] [r=4 c=1 rs=1 cs=1]
              RenderText {#text} at (2,2) size 30x19
                text run at (2,2) width 30: "Data"
            RenderTableCell {TD} at (74,102) size 34x23 [border: (1px solid #000000)] [r=4 c=2 rs=1 cs=1]
              RenderText {#text} at (2,2) size 30x19
                text run at (2,2) width 30: "Data"
          RenderTableRow {TR} at (0,127) size 110x23
            RenderTableCell {TD} at (2,127) size 34x23 [border: (1px solid #000000)] [r=5 c=0 rs=1 cs=1]
              RenderText {#text} at (2,2) size 30x19
                text run at (2,2) width 30: "Data"
            RenderTableCell {TD} at (38,127) size 34x23 [border: (1px solid #000000)] [r=5 c=1 rs=1 cs=1]
              RenderText {#text} at (2,2) size 30x19
                text run at (2,2) width 30: "Data"
            RenderTableCell {TD} at (74,127) size 34x23 [border: (1px solid #000000)] [r=5 c=2 rs=1 cs=1]
              RenderText {#text} at (2,2) size 30x19
                text run at (2,2) width 30: "Data"
      RenderTable {TABLE} at (0,431) size 110x500
        RenderTableSection {TBODY} at (0,0) size 110x500
          RenderTableRow {TR} at (0,2) size 110x81
            RenderTableCell {TD} at (2,31) size 34x23 [border: (1px solid #000000)] [r=0 c=0 rs=1 cs=1]
              RenderText {#text} at (2,2) size 30x19
                text run at (2,2) width 30: "Data"
            RenderTableCell {TD} at (38,31) size 34x23 [border: (1px solid #000000)] [r=0 c=1 rs=1 cs=1]
              RenderText {#text} at (2,2) size 30x19
                text run at (2,2) width 30: "Data"
            RenderTableCell {TD} at (74,31) size 34x23 [border: (1px solid #000000)] [r=0 c=2 rs=1 cs=1]
              RenderText {#text} at (2,2) size 30x19
                text run at (2,2) width 30: "Data"
          RenderTableRow {TR} at (0,85) size 110x81
            RenderTableCell {TD} at (2,114) size 34x23 [border: (1px solid #000000)] [r=1 c=0 rs=1 cs=1]
              RenderText {#text} at (2,2) size 30x19
                text run at (2,2) width 30: "Data"
            RenderTableCell {TD} at (38,114) size 34x23 [border: (1px solid #000000)] [r=1 c=1 rs=1 cs=1]
              RenderText {#text} at (2,2) size 30x19
                text run at (2,2) width 30: "Data"
            RenderTableCell {TD} at (74,114) size 34x23 [border: (1px solid #000000)] [r=1 c=2 rs=1 cs=1]
              RenderText {#text} at (2,2) size 30x19
                text run at (2,2) width 30: "Data"
          RenderTableRow {TR} at (0,168) size 110x81
            RenderTableCell {TD} at (2,197) size 34x23 [border: (1px solid #000000)] [r=2 c=0 rs=1 cs=1]
              RenderText {#text} at (2,2) size 30x19
                text run at (2,2) width 30: "Data"
            RenderTableCell {TD} at (38,197) size 34x23 [border: (1px solid #000000)] [r=2 c=1 rs=1 cs=1]
              RenderText {#text} at (2,2) size 30x19
                text run at (2,2) width 30: "Data"
            RenderTableCell {TD} at (74,197) size 34x23 [border: (1px solid #000000)] [r=2 c=2 rs=1 cs=1]
              RenderText {#text} at (2,2) size 30x19
                text run at (2,2) width 30: "Data"
          RenderTableRow {TR} at (0,251) size 110x81
            RenderTableCell {TD} at (2,280) size 34x23 [border: (1px solid #000000)] [r=3 c=0 rs=1 cs=1]
              RenderText {#text} at (2,2) size 30x19
                text run at (2,2) width 30: "Data"
            RenderTableCell {TD} at (38,280) size 34x23 [border: (1px solid #000000)] [r=3 c=1 rs=1 cs=1]
              RenderText {#text} at (2,2) size 30x19
                text run at (2,2) width 30: "Data"
            RenderTableCell {TD} at (74,280) size 34x23 [border: (1px solid #000000)] [r=3 c=2 rs=1 cs=1]
              RenderText {#text} at (2,2) size 30x19
                text run at (2,2) width 30: "Data"
          RenderTableRow {TR} at (0,334) size 110x81
            RenderTableCell {TD} at (2,363) size 34x23 [border: (1px solid #000000)] [r=4 c=0 rs=1 cs=1]
              RenderText {#text} at (2,2) size 30x19
                text run at (2,2) width 30: "Data"
            RenderTableCell {TD} at (38,363) size 34x23 [border: (1px solid #000000)] [r=4 c=1 rs=1 cs=1]
              RenderText {#text} at (2,2) size 30x19
                text run at (2,2) width 30: "Data"
            RenderTableCell {TD} at (74,363) size 34x23 [border: (1px solid #000000)] [r=4 c=2 rs=1 cs=1]
              RenderText {#text} at (2,2) size 30x19
                text run at (2,2) width 30: "Data"
          RenderTableRow {TR} at (0,417) size 110x81
            RenderTableCell {TD} at (2,446) size 34x23 [border: (1px solid #000000)] [r=5 c=0 rs=1 cs=1]
              RenderText {#text} at (2,2) size 30x19
                text run at (2,2) width 30: "Data"
            RenderTableCell {TD} at (38,446) size 34x23 [border: (1px solid #000000)] [r=5 c=1 rs=1 cs=1]
              RenderText {#text} at (2,2) size 30x19
                text run at (2,2) width 30: "Data"
            RenderTableCell {TD} at (74,446) size 34x23 [border: (1px solid #000000)] [r=5 c=2 rs=1 cs=1]
              RenderText {#text} at (2,2) size 30x19
                text run at (2,2) width 30: "Data"
      RenderBlock {P} at (0,945) size 784x38
        RenderText {#text} at (0,0) size 769x38
          text run at (0,0) width 243: "These tables test percentage heights. "
          text run at (243,0) width 526: "The first should be its natural height; the second should be 50% of the height of the"
          text run at (0,19) width 176: "div (600px), which is 300px."
      RenderTable {TABLE} at (0,997) size 110x152
        RenderTableSection {TBODY} at (0,0) size 110x152
          RenderTableRow {TR} at (0,2) size 110x23
            RenderTableCell {TD} at (2,2) size 34x23 [border: (1px solid #000000)] [r=0 c=0 rs=1 cs=1]
              RenderText {#text} at (2,2) size 30x19
                text run at (2,2) width 30: "Data"
            RenderTableCell {TD} at (38,2) size 34x23 [border: (1px solid #000000)] [r=0 c=1 rs=1 cs=1]
              RenderText {#text} at (2,2) size 30x19
                text run at (2,2) width 30: "Data"
            RenderTableCell {TD} at (74,2) size 34x23 [border: (1px solid #000000)] [r=0 c=2 rs=1 cs=1]
              RenderText {#text} at (2,2) size 30x19
                text run at (2,2) width 30: "Data"
          RenderTableRow {TR} at (0,27) size 110x23
            RenderTableCell {TD} at (2,27) size 34x23 [border: (1px solid #000000)] [r=1 c=0 rs=1 cs=1]
              RenderText {#text} at (2,2) size 30x19
                text run at (2,2) width 30: "Data"
            RenderTableCell {TD} at (38,27) size 34x23 [border: (1px solid #000000)] [r=1 c=1 rs=1 cs=1]
              RenderText {#text} at (2,2) size 30x19
                text run at (2,2) width 30: "Data"
            RenderTableCell {TD} at (74,27) size 34x23 [border: (1px solid #000000)] [r=1 c=2 rs=1 cs=1]
              RenderText {#text} at (2,2) size 30x19
                text run at (2,2) width 30: "Data"
          RenderTableRow {TR} at (0,52) size 110x23
            RenderTableCell {TD} at (2,52) size 34x23 [border: (1px solid #000000)] [r=2 c=0 rs=1 cs=1]
              RenderText {#text} at (2,2) size 30x19
                text run at (2,2) width 30: "Data"
            RenderTableCell {TD} at (38,52) size 34x23 [border: (1px solid #000000)] [r=2 c=1 rs=1 cs=1]
              RenderText {#text} at (2,2) size 30x19
                text run at (2,2) width 30: "Data"
            RenderTableCell {TD} at (74,52) size 34x23 [border: (1px solid #000000)] [r=2 c=2 rs=1 cs=1]
              RenderText {#text} at (2,2) size 30x19
                text run at (2,2) width 30: "Data"
          RenderTableRow {TR} at (0,77) size 110x23
            RenderTableCell {TD} at (2,77) size 34x23 [border: (1px solid #000000)] [r=3 c=0 rs=1 cs=1]
              RenderText {#text} at (2,2) size 30x19
                text run at (2,2) width 30: "Data"
            RenderTableCell {TD} at (38,77) size 34x23 [border: (1px solid #000000)] [r=3 c=1 rs=1 cs=1]
              RenderText {#text} at (2,2) size 30x19
                text run at (2,2) width 30: "Data"
            RenderTableCell {TD} at (74,77) size 34x23 [border: (1px solid #000000)] [r=3 c=2 rs=1 cs=1]
              RenderText {#text} at (2,2) size 30x19
                text run at (2,2) width 30: "Data"
          RenderTableRow {TR} at (0,102) size 110x23
            RenderTableCell {TD} at (2,102) size 34x23 [border: (1px solid #000000)] [r=4 c=0 rs=1 cs=1]
              RenderText {#text} at (2,2) size 30x19
                text run at (2,2) width 30: "Data"
            RenderTableCell {TD} at (38,102) size 34x23 [border: (1px solid #000000)] [r=4 c=1 rs=1 cs=1]
              RenderText {#text} at (2,2) size 30x19
                text run at (2,2) width 30: "Data"
            RenderTableCell {TD} at (74,102) size 34x23 [border: (1px solid #000000)] [r=4 c=2 rs=1 cs=1]
              RenderText {#text} at (2,2) size 30x19
                text run at (2,2) width 30: "Data"
          RenderTableRow {TR} at (0,127) size 110x23
            RenderTableCell {TD} at (2,127) size 34x23 [border: (1px solid #000000)] [r=5 c=0 rs=1 cs=1]
              RenderText {#text} at (2,2) size 30x19
                text run at (2,2) width 30: "Data"
            RenderTableCell {TD} at (38,127) size 34x23 [border: (1px solid #000000)] [r=5 c=1 rs=1 cs=1]
              RenderText {#text} at (2,2) size 30x19
                text run at (2,2) width 30: "Data"
            RenderTableCell {TD} at (74,127) size 34x23 [border: (1px solid #000000)] [r=5 c=2 rs=1 cs=1]
              RenderText {#text} at (2,2) size 30x19
                text run at (2,2) width 30: "Data"
      RenderBlock {DIV} at (0,1149) size 784x606 [border: (3px solid #800080)]
        RenderTable {TABLE} at (3,3) size 110x300
          RenderTableSection {TBODY} at (0,0) size 110x300
            RenderTableRow {TR} at (0,2) size 110x47
              RenderTableCell {TD} at (2,14) size 34x23 [border: (1px solid #000000)] [r=0 c=0 rs=1 cs=1]
                RenderText {#text} at (2,2) size 30x19
                  text run at (2,2) width 30: "Data"
              RenderTableCell {TD} at (38,14) size 34x23 [border: (1px solid #000000)] [r=0 c=1 rs=1 cs=1]
                RenderText {#text} at (2,2) size 30x19
                  text run at (2,2) width 30: "Data"
              RenderTableCell {TD} at (74,14) size 34x23 [border: (1px solid #000000)] [r=0 c=2 rs=1 cs=1]
                RenderText {#text} at (2,2) size 30x19
                  text run at (2,2) width 30: "Data"
            RenderTableRow {TR} at (0,51) size 110x47
              RenderTableCell {TD} at (2,63) size 34x23 [border: (1px solid #000000)] [r=1 c=0 rs=1 cs=1]
                RenderText {#text} at (2,2) size 30x19
                  text run at (2,2) width 30: "Data"
              RenderTableCell {TD} at (38,63) size 34x23 [border: (1px solid #000000)] [r=1 c=1 rs=1 cs=1]
                RenderText {#text} at (2,2) size 30x19
                  text run at (2,2) width 30: "Data"
              RenderTableCell {TD} at (74,63) size 34x23 [border: (1px solid #000000)] [r=1 c=2 rs=1 cs=1]
                RenderText {#text} at (2,2) size 30x19
                  text run at (2,2) width 30: "Data"
            RenderTableRow {TR} at (0,100) size 110x48
              RenderTableCell {TD} at (2,112) size 34x23 [border: (1px solid #000000)] [r=2 c=0 rs=1 cs=1]
                RenderText {#text} at (2,2) size 30x19
                  text run at (2,2) width 30: "Data"
              RenderTableCell {TD} at (38,112) size 34x23 [border: (1px solid #000000)] [r=2 c=1 rs=1 cs=1]
                RenderText {#text} at (2,2) size 30x19
                  text run at (2,2) width 30: "Data"
              RenderTableCell {TD} at (74,112) size 34x23 [border: (1px solid #000000)] [r=2 c=2 rs=1 cs=1]
                RenderText {#text} at (2,2) size 30x19
                  text run at (2,2) width 30: "Data"
            RenderTableRow {TR} at (0,150) size 110x48
              RenderTableCell {TD} at (2,162) size 34x23 [border: (1px solid #000000)] [r=3 c=0 rs=1 cs=1]
                RenderText {#text} at (2,2) size 30x19
                  text run at (2,2) width 30: "Data"
              RenderTableCell {TD} at (38,162) size 34x23 [border: (1px solid #000000)] [r=3 c=1 rs=1 cs=1]
                RenderText {#text} at (2,2) size 30x19
                  text run at (2,2) width 30: "Data"
              RenderTableCell {TD} at (74,162) size 34x23 [border: (1px solid #000000)] [r=3 c=2 rs=1 cs=1]
                RenderText {#text} at (2,2) size 30x19
                  text run at (2,2) width 30: "Data"
            RenderTableRow {TR} at (0,200) size 110x48
              RenderTableCell {TD} at (2,212) size 34x23 [border: (1px solid #000000)] [r=4 c=0 rs=1 cs=1]
                RenderText {#text} at (2,2) size 30x19
                  text run at (2,2) width 30: "Data"
              RenderTableCell {TD} at (38,212) size 34x23 [border: (1px solid #000000)] [r=4 c=1 rs=1 cs=1]
                RenderText {#text} at (2,2) size 30x19
                  text run at (2,2) width 30: "Data"
              RenderTableCell {TD} at (74,212) size 34x23 [border: (1px solid #000000)] [r=4 c=2 rs=1 cs=1]
                RenderText {#text} at (2,2) size 30x19
                  text run at (2,2) width 30: "Data"
            RenderTableRow {TR} at (0,250) size 110x48
              RenderTableCell {TD} at (2,262) size 34x23 [border: (1px solid #000000)] [r=5 c=0 rs=1 cs=1]
                RenderText {#text} at (2,2) size 30x19
                  text run at (2,2) width 30: "Data"
              RenderTableCell {TD} at (38,262) size 34x23 [border: (1px solid #000000)] [r=5 c=1 rs=1 cs=1]
                RenderText {#text} at (2,2) size 30x19
                  text run at (2,2) width 30: "Data"
              RenderTableCell {TD} at (74,262) size 34x23 [border: (1px solid #000000)] [r=5 c=2 rs=1 cs=1]
                RenderText {#text} at (2,2) size 30x19
                  text run at (2,2) width 30: "Data"
      RenderBlock {P} at (0,1769) size 784x57
        RenderText {#text} at (0,0) size 149x19
          text run at (0,0) width 149: "The following tests test "
        RenderInline {CODE} at (0,0) size 39x19
          RenderText {#text} at (149,0) size 39x19
            text run at (149,0) width 39: "height"
        RenderText {#text} at (188,0) size 164x19
          text run at (188,0) width 164: " on table rows. A value of "
        RenderInline {CODE} at (0,0) size 28x19
          RenderText {#text} at (352,0) size 28x19
            text run at (352,0) width 28: "auto"
        RenderText {#text} at (380,0) size 769x57
          text run at (380,0) width 320: " requires the minimum height needed by the cells. "
          text run at (700,0) width 69: "In a simple"
          text run at (0,19) width 759: "case, this is just the height of the tallest cell (excluding the increased padding, of course, since with the padding the cells"
          text run at (0,38) width 146: "have the same height):"
      RenderTable {TABLE} at (0,1840) size 110x46
        RenderTableSection {TBODY} at (0,0) size 110x46
          RenderTableRow {TR} at (0,2) size 110x42
            RenderTableCell {TD} at (2,11) size 34x23 [border: (1px solid #000000)] [r=0 c=0 rs=1 cs=1]
              RenderText {#text} at (2,2) size 30x19
                text run at (2,2) width 30: "Data"
            RenderTableCell {TD} at (38,2) size 34x42 [border: (1px solid #000000)] [r=0 c=1 rs=1 cs=1]
              RenderText {#text} at (2,2) size 30x19
                text run at (2,2) width 30: "Data"
              RenderBR {BR} at (32,2) size 0x19
              RenderText {#text} at (2,21) size 30x19
                text run at (2,21) width 30: "Data"
            RenderTableCell {TD} at (74,11) size 34x23 [border: (1px solid #000000)] [r=0 c=2 rs=1 cs=1]
              RenderText {#text} at (2,2) size 30x19
                text run at (2,2) width 30: "Data"
      RenderBlock {P} at (0,1900) size 784x38
        RenderText {#text} at (0,0) size 209x19
          text run at (0,0) width 209: "However, vertical-align values of "
        RenderInline {CODE} at (0,0) size 53x19
          RenderText {#text} at (209,0) size 53x19
            text run at (209,0) width 53: "baseline"
        RenderText {#text} at (262,0) size 763x38
          text run at (262,0) width 501: " (the default, but could be overridden in a UA stylesheet) can make it taller than"
          text run at (0,19) width 28: "that:"
      RenderTable {TABLE} at (0,1952) size 286x138
        RenderTableSection {TBODY} at (0,0) size 286x138
          RenderTableRow {TR} at (0,2) size 286x134
            RenderTableCell {TD} at (2,42) size 34x23 [border: (1px solid #000000)] [r=0 c=0 rs=1 cs=1]
              RenderText {#text} at (2,2) size 30x19
                text run at (2,2) width 30: "Data"
            RenderTableCell {TD} at (38,2) size 122x94 [border: (1px solid #000000)] [r=0 c=1 rs=1 cs=1]
              RenderInline {SPAN} at (0,0) size 118x71
                RenderText {#text} at (2,2) size 118x71
                  text run at (2,2) width 118: "Data"
              RenderBR {BR} at (120,42) size 0x19
              RenderText {#text} at (2,73) size 30x19
                text run at (2,73) width 30: "Data"
            RenderTableCell {TD} at (162,42) size 122x94 [border: (1px solid #000000)] [r=0 c=2 rs=1 cs=1]
              RenderText {#text} at (2,2) size 30x19
                text run at (2,2) width 30: "Data"
              RenderBR {BR} at (32,2) size 0x19
              RenderInline {SPAN} at (0,0) size 118x71
                RenderText {#text} at (2,21) size 118x71
                  text run at (2,21) width 118: "Data"
      RenderBlock {P} at (0,2104) size 784x19
        RenderText {#text} at (0,0) size 529x19
          text run at (0,0) width 529: "The exact same thing should happen when the given height for the row is too small:"
      RenderTable {TABLE} at (0,2137) size 286x138
        RenderTableSection {TBODY} at (0,0) size 286x138
          RenderTableRow {TR} at (0,2) size 286x134
            RenderTableCell {TD} at (2,42) size 34x23 [border: (1px solid #000000)] [r=0 c=0 rs=1 cs=1]
              RenderText {#text} at (2,2) size 30x19
                text run at (2,2) width 30: "Data"
            RenderTableCell {TD} at (38,2) size 122x94 [border: (1px solid #000000)] [r=0 c=1 rs=1 cs=1]
              RenderInline {SPAN} at (0,0) size 118x71
                RenderText {#text} at (2,2) size 118x71
                  text run at (2,2) width 118: "Data"
              RenderBR {BR} at (120,42) size 0x19
              RenderText {#text} at (2,73) size 30x19
                text run at (2,73) width 30: "Data"
            RenderTableCell {TD} at (162,42) size 122x94 [border: (1px solid #000000)] [r=0 c=2 rs=1 cs=1]
              RenderText {#text} at (2,2) size 30x19
                text run at (2,2) width 30: "Data"
              RenderBR {BR} at (32,2) size 0x19
              RenderInline {SPAN} at (0,0) size 118x71
                RenderText {#text} at (2,21) size 118x71
                  text run at (2,21) width 118: "Data"
      RenderBlock {P} at (0,2289) size 784x38
        RenderText {#text} at (0,0) size 756x38
          text run at (0,0) width 756: "Padding should also be able to increase the height (here the first cell has 20px padding-top and the second has 20px of"
          text run at (0,19) width 109: "padding-bottom):"
      RenderTable {TABLE} at (0,2341) size 110x46
        RenderTableSection {TBODY} at (0,0) size 110x46
          RenderTableRow {TR} at (0,2) size 110x42
            RenderTableCell {TD} at (2,2) size 34x42 [border: (1px solid #000000)] [r=0 c=0 rs=1 cs=1]
              RenderText {#text} at (2,21) size 30x19
                text run at (2,21) width 30: "Data"
            RenderTableCell {TD} at (38,2) size 34x42 [border: (1px solid #000000)] [r=0 c=1 rs=1 cs=1]
              RenderText {#text} at (2,2) size 30x19
                text run at (2,2) width 30: "Data"
            RenderTableCell {TD} at (74,11) size 34x23 [border: (1px solid #000000)] [r=0 c=2 rs=1 cs=1]
              RenderText {#text} at (2,2) size 30x19
                text run at (2,2) width 30: "Data"
      RenderTable {TABLE} at (0,2387) size 110x46
        RenderTableSection {TBODY} at (0,0) size 110x46
          RenderTableRow {TR} at (0,2) size 110x42
            RenderTableCell {TD} at (2,2) size 34x42 [border: (1px solid #000000)] [r=0 c=0 rs=1 cs=1]
              RenderText {#text} at (2,21) size 30x19
                text run at (2,21) width 30: "Data"
            RenderTableCell {TD} at (38,2) size 34x42 [border: (1px solid #000000)] [r=0 c=1 rs=1 cs=1]
              RenderText {#text} at (2,2) size 30x19
                text run at (2,2) width 30: "Data"
            RenderTableCell {TD} at (74,11) size 34x23 [border: (1px solid #000000)] [r=0 c=2 rs=1 cs=1]
              RenderText {#text} at (2,2) size 30x19
                text run at (2,2) width 30: "Data"
      RenderBlock {P} at (0,2447) size 784x38
        RenderText {#text} at (0,0) size 766x38
          text run at (0,0) width 486: "These two tables should be 200px tall, because of a height on the table row. "
          text run at (486,0) width 280: "The second one should have its second and"
          text run at (0,19) width 439: "third cell's contents offset from the middle by 10px (bottom, then top):"
      RenderTable {TABLE} at (0,2499) size 286x204
        RenderTableSection {TBODY} at (0,0) size 286x204
          RenderTableRow {TR} at (0,2) size 286x200
            RenderTableCell {TD} at (2,42) size 34x23 [border: (1px solid #000000)] [r=0 c=0 rs=1 cs=1]
              RenderText {#text} at (2,2) size 30x19
                text run at (2,2) width 30: "Data"
            RenderTableCell {TD} at (38,2) size 122x94 [border: (1px solid #000000)] [r=0 c=1 rs=1 cs=1]
              RenderInline {SPAN} at (0,0) size 118x71
                RenderText {#text} at (2,2) size 118x71
                  text run at (2,2) width 118: "Data"
              RenderBR {BR} at (120,42) size 0x19
              RenderText {#text} at (2,73) size 30x19
                text run at (2,73) width 30: "Data"
            RenderTableCell {TD} at (162,42) size 122x94 [border: (1px solid #000000)] [r=0 c=2 rs=1 cs=1]
              RenderText {#text} at (2,2) size 30x19
                text run at (2,2) width 30: "Data"
              RenderBR {BR} at (32,2) size 0x19
              RenderInline {SPAN} at (0,0) size 118x71
                RenderText {#text} at (2,21) size 118x71
                  text run at (2,21) width 118: "Data"
      RenderTable {TABLE} at (0,2703) size 110x204
        RenderTableSection {TBODY} at (0,0) size 110x204
          RenderTableRow {TR} at (0,2) size 110x200
            RenderTableCell {TD} at (2,81) size 34x42 [border: (1px solid #000000)] [r=0 c=0 rs=1 cs=1]
              RenderText {#text} at (2,21) size 30x19
                text run at (2,21) width 30: "Data"
            RenderTableCell {TD} at (38,81) size 34x42 [border: (1px solid #000000)] [r=0 c=1 rs=1 cs=1]
              RenderText {#text} at (2,2) size 30x19
                text run at (2,2) width 30: "Data"
            RenderTableCell {TD} at (74,90) size 34x23 [border: (1px solid #000000)] [r=0 c=2 rs=1 cs=1]
              RenderText {#text} at (2,2) size 30x19
                text run at (2,2) width 30: "Data"
      RenderBlock {P} at (0,2921) size 784x38
        RenderText {#text} at (0,0) size 775x38
          text run at (0,0) width 520: "The behavior of percentage heights on table-row or table-row-group is undefined. "
          text run at (520,0) width 255: "However, I think they should be ignored,"
          text run at (0,19) width 224: "so these tables should look normal:"
      RenderTable {TABLE} at (0,2973) size 110x77
        RenderTableSection {TBODY} at (0,0) size 110x77
          RenderTableRow {TR} at (0,2) size 110x23
            RenderTableCell {TD} at (2,2) size 34x23 [border: (1px solid #000000)] [r=0 c=0 rs=1 cs=1]
              RenderText {#text} at (2,2) size 30x19
                text run at (2,2) width 30: "Data"
            RenderTableCell {TD} at (38,2) size 34x23 [border: (1px solid #000000)] [r=0 c=1 rs=1 cs=1]
              RenderText {#text} at (2,2) size 30x19
                text run at (2,2) width 30: "Data"
            RenderTableCell {TD} at (74,2) size 34x23 [border: (1px solid #000000)] [r=0 c=2 rs=1 cs=1]
              RenderText {#text} at (2,2) size 30x19
                text run at (2,2) width 30: "Data"
          RenderTableRow {TR} at (0,27) size 110x23
            RenderTableCell {TD} at (2,27) size 34x23 [border: (1px solid #000000)] [r=1 c=0 rs=1 cs=1]
              RenderText {#text} at (2,2) size 30x19
                text run at (2,2) width 30: "Data"
            RenderTableCell {TD} at (38,27) size 34x23 [border: (1px solid #000000)] [r=1 c=1 rs=1 cs=1]
              RenderText {#text} at (2,2) size 30x19
                text run at (2,2) width 30: "Data"
            RenderTableCell {TD} at (74,27) size 34x23 [border: (1px solid #000000)] [r=1 c=2 rs=1 cs=1]
              RenderText {#text} at (2,2) size 30x19
                text run at (2,2) width 30: "Data"
          RenderTableRow {TR} at (0,52) size 110x23
            RenderTableCell {TD} at (2,52) size 34x23 [border: (1px solid #000000)] [r=2 c=0 rs=1 cs=1]
              RenderText {#text} at (2,2) size 30x19
                text run at (2,2) width 30: "Data"
            RenderTableCell {TD} at (38,52) size 34x23 [border: (1px solid #000000)] [r=2 c=1 rs=1 cs=1]
              RenderText {#text} at (2,2) size 30x19
                text run at (2,2) width 30: "Data"
            RenderTableCell {TD} at (74,52) size 34x23 [border: (1px solid #000000)] [r=2 c=2 rs=1 cs=1]
              RenderText {#text} at (2,2) size 30x19
                text run at (2,2) width 30: "Data"
      RenderTable {TABLE} at (0,3050) size 110x77
        RenderTableSection {TBODY} at (0,0) size 110x77
          RenderTableRow {TR} at (0,2) size 110x23
            RenderTableCell {TD} at (2,2) size 34x23 [border: (1px solid #000000)] [r=0 c=0 rs=1 cs=1]
              RenderText {#text} at (2,2) size 30x19
                text run at (2,2) width 30: "Data"
            RenderTableCell {TD} at (38,2) size 34x23 [border: (1px solid #000000)] [r=0 c=1 rs=1 cs=1]
              RenderText {#text} at (2,2) size 30x19
                text run at (2,2) width 30: "Data"
            RenderTableCell {TD} at (74,2) size 34x23 [border: (1px solid #000000)] [r=0 c=2 rs=1 cs=1]
              RenderText {#text} at (2,2) size 30x19
                text run at (2,2) width 30: "Data"
          RenderTableRow {TR} at (0,27) size 110x23
            RenderTableCell {TD} at (2,27) size 34x23 [border: (1px solid #000000)] [r=1 c=0 rs=1 cs=1]
              RenderText {#text} at (2,2) size 30x19
                text run at (2,2) width 30: "Data"
            RenderTableCell {TD} at (38,27) size 34x23 [border: (1px solid #000000)] [r=1 c=1 rs=1 cs=1]
              RenderText {#text} at (2,2) size 30x19
                text run at (2,2) width 30: "Data"
            RenderTableCell {TD} at (74,27) size 34x23 [border: (1px solid #000000)] [r=1 c=2 rs=1 cs=1]
              RenderText {#text} at (2,2) size 30x19
                text run at (2,2) width 30: "Data"
          RenderTableRow {TR} at (0,52) size 110x23
            RenderTableCell {TD} at (2,52) size 34x23 [border: (1px solid #000000)] [r=2 c=0 rs=1 cs=1]
              RenderText {#text} at (2,2) size 30x19
                text run at (2,2) width 30: "Data"
            RenderTableCell {TD} at (38,52) size 34x23 [border: (1px solid #000000)] [r=2 c=1 rs=1 cs=1]
              RenderText {#text} at (2,2) size 30x19
                text run at (2,2) width 30: "Data"
            RenderTableCell {TD} at (74,52) size 34x23 [border: (1px solid #000000)] [r=2 c=2 rs=1 cs=1]
              RenderText {#text} at (2,2) size 30x19
                text run at (2,2) width 30: "Data"
      RenderTable {TABLE} at (0,3127) size 110x181
        RenderTableSection {THEAD} at (0,0) size 110x52
          RenderTableRow {TR} at (0,2) size 110x23
            RenderTableCell {TD} at (2,2) size 34x23 [border: (1px solid #000000)] [r=0 c=0 rs=1 cs=1]
              RenderText {#text} at (2,2) size 30x19
                text run at (2,2) width 30: "Data"
            RenderTableCell {TD} at (38,2) size 34x23 [border: (1px solid #000000)] [r=0 c=1 rs=1 cs=1]
              RenderText {#text} at (2,2) size 30x19
                text run at (2,2) width 30: "Data"
            RenderTableCell {TD} at (74,2) size 34x23 [border: (1px solid #000000)] [r=0 c=2 rs=1 cs=1]
              RenderText {#text} at (2,2) size 30x19
                text run at (2,2) width 30: "Data"
          RenderTableRow {TR} at (0,27) size 110x23
            RenderTableCell {TD} at (2,27) size 34x23 [border: (1px solid #000000)] [r=1 c=0 rs=1 cs=1]
              RenderText {#text} at (2,2) size 30x19
                text run at (2,2) width 30: "Data"
            RenderTableCell {TD} at (38,27) size 34x23 [border: (1px solid #000000)] [r=1 c=1 rs=1 cs=1]
              RenderText {#text} at (2,2) size 30x19
                text run at (2,2) width 30: "Data"
            RenderTableCell {TD} at (74,27) size 34x23 [border: (1px solid #000000)] [r=1 c=2 rs=1 cs=1]
              RenderText {#text} at (2,2) size 30x19
                text run at (2,2) width 30: "Data"
        RenderTableSection {TFOOT} at (0,129) size 110x52
          RenderTableRow {TR} at (0,2) size 110x23
            RenderTableCell {TD} at (2,2) size 34x23 [border: (1px solid #000000)] [r=0 c=0 rs=1 cs=1]
              RenderText {#text} at (2,2) size 30x19
                text run at (2,2) width 30: "Data"
            RenderTableCell {TD} at (38,2) size 34x23 [border: (1px solid #000000)] [r=0 c=1 rs=1 cs=1]
              RenderText {#text} at (2,2) size 30x19
                text run at (2,2) width 30: "Data"
            RenderTableCell {TD} at (74,2) size 34x23 [border: (1px solid #000000)] [r=0 c=2 rs=1 cs=1]
              RenderText {#text} at (2,2) size 30x19
                text run at (2,2) width 30: "Data"
          RenderTableRow {TR} at (0,27) size 110x23
            RenderTableCell {TD} at (2,27) size 34x23 [border: (1px solid #000000)] [r=1 c=0 rs=1 cs=1]
              RenderText {#text} at (2,2) size 30x19
                text run at (2,2) width 30: "Data"
            RenderTableCell {TD} at (38,27) size 34x23 [border: (1px solid #000000)] [r=1 c=1 rs=1 cs=1]
              RenderText {#text} at (2,2) size 30x19
                text run at (2,2) width 30: "Data"
            RenderTableCell {TD} at (74,27) size 34x23 [border: (1px solid #000000)] [r=1 c=2 rs=1 cs=1]
              RenderText {#text} at (2,2) size 30x19
                text run at (2,2) width 30: "Data"
        RenderTableSection {TBODY} at (0,52) size 110x77
          RenderTableRow {TR} at (0,2) size 110x23
            RenderTableCell {TD} at (2,2) size 34x23 [border: (1px solid #000000)] [r=0 c=0 rs=1 cs=1]
              RenderText {#text} at (2,2) size 30x19
                text run at (2,2) width 30: "Data"
            RenderTableCell {TD} at (38,2) size 34x23 [border: (1px solid #000000)] [r=0 c=1 rs=1 cs=1]
              RenderText {#text} at (2,2) size 30x19
                text run at (2,2) width 30: "Data"
            RenderTableCell {TD} at (74,2) size 34x23 [border: (1px solid #000000)] [r=0 c=2 rs=1 cs=1]
              RenderText {#text} at (2,2) size 30x19
                text run at (2,2) width 30: "Data"
          RenderTableRow {TR} at (0,27) size 110x23
            RenderTableCell {TD} at (2,27) size 34x23 [border: (1px solid #000000)] [r=1 c=0 rs=1 cs=1]
              RenderText {#text} at (2,2) size 30x19
                text run at (2,2) width 30: "Data"
            RenderTableCell {TD} at (38,27) size 34x23 [border: (1px solid #000000)] [r=1 c=1 rs=1 cs=1]
              RenderText {#text} at (2,2) size 30x19
                text run at (2,2) width 30: "Data"
            RenderTableCell {TD} at (74,27) size 34x23 [border: (1px solid #000000)] [r=1 c=2 rs=1 cs=1]
              RenderText {#text} at (2,2) size 30x19
                text run at (2,2) width 30: "Data"
          RenderTableRow {TR} at (0,52) size 110x23
            RenderTableCell {TD} at (2,52) size 34x23 [border: (1px solid #000000)] [r=2 c=0 rs=1 cs=1]
              RenderText {#text} at (2,2) size 30x19
                text run at (2,2) width 30: "Data"
            RenderTableCell {TD} at (38,52) size 34x23 [border: (1px solid #000000)] [r=2 c=1 rs=1 cs=1]
              RenderText {#text} at (2,2) size 30x19
                text run at (2,2) width 30: "Data"
            RenderTableCell {TD} at (74,52) size 34x23 [border: (1px solid #000000)] [r=2 c=2 rs=1 cs=1]
              RenderText {#text} at (2,2) size 30x19
                text run at (2,2) width 30: "Data"
      RenderTable {TABLE} at (0,3308) size 110x181
        RenderTableSection {THEAD} at (0,0) size 110x52
          RenderTableRow {TR} at (0,2) size 110x23
            RenderTableCell {TD} at (2,2) size 34x23 [border: (1px solid #000000)] [r=0 c=0 rs=1 cs=1]
              RenderText {#text} at (2,2) size 30x19
                text run at (2,2) width 30: "Data"
            RenderTableCell {TD} at (38,2) size 34x23 [border: (1px solid #000000)] [r=0 c=1 rs=1 cs=1]
              RenderText {#text} at (2,2) size 30x19
                text run at (2,2) width 30: "Data"
            RenderTableCell {TD} at (74,2) size 34x23 [border: (1px solid #000000)] [r=0 c=2 rs=1 cs=1]
              RenderText {#text} at (2,2) size 30x19
                text run at (2,2) width 30: "Data"
          RenderTableRow {TR} at (0,27) size 110x23
            RenderTableCell {TD} at (2,27) size 34x23 [border: (1px solid #000000)] [r=1 c=0 rs=1 cs=1]
              RenderText {#text} at (2,2) size 30x19
                text run at (2,2) width 30: "Data"
            RenderTableCell {TD} at (38,27) size 34x23 [border: (1px solid #000000)] [r=1 c=1 rs=1 cs=1]
              RenderText {#text} at (2,2) size 30x19
                text run at (2,2) width 30: "Data"
            RenderTableCell {TD} at (74,27) size 34x23 [border: (1px solid #000000)] [r=1 c=2 rs=1 cs=1]
              RenderText {#text} at (2,2) size 30x19
                text run at (2,2) width 30: "Data"
        RenderTableSection {TFOOT} at (0,129) size 110x52
          RenderTableRow {TR} at (0,2) size 110x23
            RenderTableCell {TD} at (2,2) size 34x23 [border: (1px solid #000000)] [r=0 c=0 rs=1 cs=1]
              RenderText {#text} at (2,2) size 30x19
                text run at (2,2) width 30: "Data"
            RenderTableCell {TD} at (38,2) size 34x23 [border: (1px solid #000000)] [r=0 c=1 rs=1 cs=1]
              RenderText {#text} at (2,2) size 30x19
                text run at (2,2) width 30: "Data"
            RenderTableCell {TD} at (74,2) size 34x23 [border: (1px solid #000000)] [r=0 c=2 rs=1 cs=1]
              RenderText {#text} at (2,2) size 30x19
                text run at (2,2) width 30: "Data"
          RenderTableRow {TR} at (0,27) size 110x23
            RenderTableCell {TD} at (2,27) size 34x23 [border: (1px solid #000000)] [r=1 c=0 rs=1 cs=1]
              RenderText {#text} at (2,2) size 30x19
                text run at (2,2) width 30: "Data"
            RenderTableCell {TD} at (38,27) size 34x23 [border: (1px solid #000000)] [r=1 c=1 rs=1 cs=1]
              RenderText {#text} at (2,2) size 30x19
                text run at (2,2) width 30: "Data"
            RenderTableCell {TD} at (74,27) size 34x23 [border: (1px solid #000000)] [r=1 c=2 rs=1 cs=1]
              RenderText {#text} at (2,2) size 30x19
                text run at (2,2) width 30: "Data"
        RenderTableSection {TBODY} at (0,52) size 110x77
          RenderTableRow {TR} at (0,2) size 110x23
            RenderTableCell {TD} at (2,2) size 34x23 [border: (1px solid #000000)] [r=0 c=0 rs=1 cs=1]
              RenderText {#text} at (2,2) size 30x19
                text run at (2,2) width 30: "Data"
            RenderTableCell {TD} at (38,2) size 34x23 [border: (1px solid #000000)] [r=0 c=1 rs=1 cs=1]
              RenderText {#text} at (2,2) size 30x19
                text run at (2,2) width 30: "Data"
            RenderTableCell {TD} at (74,2) size 34x23 [border: (1px solid #000000)] [r=0 c=2 rs=1 cs=1]
              RenderText {#text} at (2,2) size 30x19
                text run at (2,2) width 30: "Data"
          RenderTableRow {TR} at (0,27) size 110x23
            RenderTableCell {TD} at (2,27) size 34x23 [border: (1px solid #000000)] [r=1 c=0 rs=1 cs=1]
              RenderText {#text} at (2,2) size 30x19
                text run at (2,2) width 30: "Data"
            RenderTableCell {TD} at (38,27) size 34x23 [border: (1px solid #000000)] [r=1 c=1 rs=1 cs=1]
              RenderText {#text} at (2,2) size 30x19
                text run at (2,2) width 30: "Data"
            RenderTableCell {TD} at (74,27) size 34x23 [border: (1px solid #000000)] [r=1 c=2 rs=1 cs=1]
              RenderText {#text} at (2,2) size 30x19
                text run at (2,2) width 30: "Data"
          RenderTableRow {TR} at (0,52) size 110x23
            RenderTableCell {TD} at (2,52) size 34x23 [border: (1px solid #000000)] [r=2 c=0 rs=1 cs=1]
              RenderText {#text} at (2,2) size 30x19
                text run at (2,2) width 30: "Data"
            RenderTableCell {TD} at (38,52) size 34x23 [border: (1px solid #000000)] [r=2 c=1 rs=1 cs=1]
              RenderText {#text} at (2,2) size 30x19
                text run at (2,2) width 30: "Data"
            RenderTableCell {TD} at (74,52) size 34x23 [border: (1px solid #000000)] [r=2 c=2 rs=1 cs=1]
              RenderText {#text} at (2,2) size 30x19
                text run at (2,2) width 30: "Data"
      RenderBlock {P} at (0,3503) size 784x19
        RenderText {#text} at (0,0) size 482x19
          text run at (0,0) width 482: "The following table should look normal, since very small heights get ignored:"
      RenderTable {TABLE} at (0,3536) size 110x27
        RenderTableSection {TBODY} at (0,0) size 110x27
          RenderTableRow {TR} at (0,2) size 110x23
            RenderTableCell {TD} at (2,2) size 34x23 [border: (1px solid #000000)] [r=0 c=0 rs=1 cs=1]
              RenderText {#text} at (2,2) size 30x19
                text run at (2,2) width 30: "Data"
            RenderTableCell {TD} at (38,2) size 34x23 [border: (1px solid #000000)] [r=0 c=1 rs=1 cs=1]
              RenderText {#text} at (2,2) size 30x19
                text run at (2,2) width 30: "Data"
            RenderTableCell {TD} at (74,2) size 34x23 [border: (1px solid #000000)] [r=0 c=2 rs=1 cs=1]
              RenderText {#text} at (2,2) size 30x19
                text run at (2,2) width 30: "Data"
      RenderBlock {P} at (0,3577) size 784x19
        RenderText {#text} at (0,0) size 253x19
          text run at (0,0) width 253: "So should this one, for auto cell heights:"
      RenderTable {TABLE} at (0,3610) size 110x27
        RenderTableSection {TBODY} at (0,0) size 110x27
          RenderTableRow {TR} at (0,2) size 110x23
            RenderTableCell {TD} at (2,2) size 34x23 [border: (1px solid #000000)] [r=0 c=0 rs=1 cs=1]
              RenderText {#text} at (2,2) size 30x19
                text run at (2,2) width 30: "Data"
            RenderTableCell {TD} at (38,2) size 34x23 [border: (1px solid #000000)] [r=0 c=1 rs=1 cs=1]
              RenderText {#text} at (2,2) size 30x19
                text run at (2,2) width 30: "Data"
            RenderTableCell {TD} at (74,2) size 34x23 [border: (1px solid #000000)] [r=0 c=2 rs=1 cs=1]
              RenderText {#text} at (2,2) size 30x19
                text run at (2,2) width 30: "Data"
      RenderBlock {P} at (0,3651) size 784x19
        RenderText {#text} at (0,0) size 631x19
          text run at (0,0) width 631: "These tables should look the same - all cells should be 100px tall with the text at the top of the cells:"
      RenderTable {TABLE} at (0,3684) size 110x108
        RenderTableSection {TBODY} at (0,0) size 110x108
          RenderTableRow {TR} at (0,2) size 110x104
            RenderTableCell {TD} at (2,2) size 34x23 [border: (1px solid #000000)] [r=0 c=0 rs=1 cs=1]
              RenderText {#text} at (2,2) size 30x19
                text run at (2,2) width 30: "Data"
            RenderTableCell {TD} at (38,2) size 34x23 [border: (1px solid #000000)] [r=0 c=1 rs=1 cs=1]
              RenderText {#text} at (2,2) size 30x19
                text run at (2,2) width 30: "Data"
            RenderTableCell {TD} at (74,2) size 34x23 [border: (1px solid #000000)] [r=0 c=2 rs=1 cs=1]
              RenderText {#text} at (2,2) size 30x19
                text run at (2,2) width 30: "Data"
      RenderTable {TABLE} at (0,3792) size 110x108
        RenderTableSection {TBODY} at (0,0) size 110x108
          RenderTableRow {TR} at (0,2) size 110x104
            RenderTableCell {TD} at (2,42) size 34x23 [border: (1px solid #000000)] [r=0 c=0 rs=1 cs=1]
              RenderText {#text} at (2,2) size 30x19
                text run at (2,2) width 30: "Data"
            RenderTableCell {TD} at (38,42) size 34x23 [border: (1px solid #000000)] [r=0 c=1 rs=1 cs=1]
              RenderText {#text} at (2,2) size 30x19
                text run at (2,2) width 30: "Data"
            RenderTableCell {TD} at (74,42) size 34x23 [border: (1px solid #000000)] [r=0 c=2 rs=1 cs=1]
              RenderText {#text} at (2,2) size 30x19
                text run at (2,2) width 30: "Data"
      RenderTable {TABLE} at (0,3900) size 110x108
        RenderTableSection {TBODY} at (0,0) size 110x108
          RenderTableRow {TR} at (0,2) size 110x104
            RenderTableCell {TD} at (2,2) size 34x23 [border: (1px solid #000000)] [r=0 c=0 rs=1 cs=1]
              RenderText {#text} at (2,2) size 30x19
                text run at (2,2) width 30: "Data"
            RenderTableCell {TD} at (38,2) size 34x23 [border: (1px solid #000000)] [r=0 c=1 rs=1 cs=1]
              RenderText {#text} at (2,2) size 30x19
                text run at (2,2) width 30: "Data"
            RenderTableCell {TD} at (74,2) size 34x23 [border: (1px solid #000000)] [r=0 c=2 rs=1 cs=1]
              RenderText {#text} at (2,2) size 30x19
                text run at (2,2) width 30: "Data"
      RenderTable {TABLE} at (0,4008) size 110x108
        RenderTableSection {TBODY} at (0,0) size 110x108
          RenderTableRow {TR} at (0,2) size 110x104
            RenderTableCell {TD} at (2,2) size 34x23 [border: (1px solid #000000)] [r=0 c=0 rs=1 cs=1]
              RenderText {#text} at (2,2) size 30x19
                text run at (2,2) width 30: "Data"
            RenderTableCell {TD} at (38,2) size 34x23 [border: (1px solid #000000)] [r=0 c=1 rs=1 cs=1]
              RenderText {#text} at (2,2) size 30x19
                text run at (2,2) width 30: "Data"
            RenderTableCell {TD} at (74,2) size 34x23 [border: (1px solid #000000)] [r=0 c=2 rs=1 cs=1]
              RenderText {#text} at (2,2) size 30x19
                text run at (2,2) width 30: "Data"
      RenderBlock {P} at (0,4130) size 784x19
        RenderText {#text} at (0,0) size 720x19
          text run at (0,0) width 720: "In these four tables, the text should be 20px lower each cell, but should otherwise look like the above three tables:"
      RenderTable {TABLE} at (0,4163) size 106x108
        RenderTableSection {TBODY} at (0,0) size 106x108
          RenderTableRow {TR} at (0,2) size 106x104
            RenderTableCell {TD} at (2,2) size 34x23 [border: (1px solid #000000)] [r=0 c=0 rs=1 cs=1]
              RenderText {#text} at (2,2) size 30x19
                text run at (2,2) width 30: "Data"
            RenderTableCell {TD} at (38,2) size 32x61 [border: (1px solid #000000)] [r=0 c=1 rs=1 cs=1]
              RenderText {#text} at (1,21) size 30x19
                text run at (1,21) width 30: "Data"
            RenderTableCell {TD} at (72,2) size 32x101 [border: (1px solid #000000)] [r=0 c=2 rs=1 cs=1]
              RenderText {#text} at (1,41) size 30x19
                text run at (1,41) width 30: "Data"
      RenderTable {TABLE} at (0,4271) size 106x108
        RenderTableSection {TBODY} at (0,0) size 106x108
          RenderTableRow {TR} at (0,2) size 106x104
            RenderTableCell {TD} at (2,2) size 34x23 [border: (1px solid #000000)] [r=0 c=0 rs=1 cs=1]
              RenderText {#text} at (2,2) size 30x19
                text run at (2,2) width 30: "Data"
            RenderTableCell {TD} at (38,2) size 32x41 [border: (1px solid #000000)] [r=0 c=1 rs=1 cs=1]
              RenderText {#text} at (1,21) size 30x19
                text run at (1,21) width 30: "Data"
            RenderTableCell {TD} at (72,2) size 32x61 [border: (1px solid #000000)] [r=0 c=2 rs=1 cs=1]
              RenderText {#text} at (1,41) size 30x19
                text run at (1,41) width 30: "Data"
      RenderTable {TABLE} at (0,4379) size 106x108
        RenderTableSection {TBODY} at (0,0) size 106x108
          RenderTableRow {TR} at (0,2) size 106x104
            RenderTableCell {TD} at (2,42) size 34x23 [border: (1px solid #000000)] [r=0 c=0 rs=1 cs=1]
              RenderText {#text} at (2,2) size 30x19
                text run at (2,2) width 30: "Data"
            RenderTableCell {TD} at (38,23) size 32x61 [border: (1px solid #000000)] [r=0 c=1 rs=1 cs=1]
              RenderText {#text} at (1,21) size 30x19
                text run at (1,21) width 30: "Data"
            RenderTableCell {TD} at (72,3) size 32x101 [border: (1px solid #000000)] [r=0 c=2 rs=1 cs=1]
              RenderText {#text} at (1,41) size 30x19
                text run at (1,41) width 30: "Data"
      RenderTable {TABLE} at (0,4487) size 110x108
        RenderTableSection {TBODY} at (0,0) size 110x108
          RenderTableRow {TR} at (0,2) size 110x104
            RenderTableCell {TD} at (2,42) size 34x23 [border: (1px solid #000000)] [r=0 c=0 rs=1 cs=1]
              RenderText {#text} at (2,2) size 30x19
                text run at (2,2) width 30: "Data"
            RenderTableCell {TD} at (38,42) size 34x23 [border: (1px solid #000000)] [r=0 c=1 rs=1 cs=1]
              RenderText {#text} at (2,2) size 30x19
                text run at (2,2) width 30: "Data"
            RenderTableCell {TD} at (74,42) size 34x23 [border: (1px solid #000000)] [r=0 c=2 rs=1 cs=1]
              RenderText {#text} at (2,2) size 30x19
                text run at (2,2) width 30: "Data"
      RenderBlock {P} at (0,4609) size 784x19
        RenderText {#text} at (0,0) size 371x19
          text run at (0,0) width 371: "These should have the text 40px from the top in every cell:"
      RenderTable {TABLE} at (0,4642) size 106x107
        RenderTableSection {TBODY} at (0,0) size 106x107
          RenderTableRow {TR} at (0,2) size 106x103
            RenderTableCell {TD} at (2,41) size 34x23 [border: (1px solid #000000)] [r=0 c=0 rs=1 cs=1]
              RenderText {#text} at (2,2) size 30x19
                text run at (2,2) width 30: "Data"
            RenderTableCell {TD} at (38,22) size 32x61 [border: (1px solid #000000)] [r=0 c=1 rs=1 cs=1]
              RenderText {#text} at (1,21) size 30x19
                text run at (1,21) width 30: "Data"
            RenderTableCell {TD} at (72,2) size 32x101 [border: (1px solid #000000)] [r=0 c=2 rs=1 cs=1]
              RenderText {#text} at (1,41) size 30x19
                text run at (1,41) width 30: "Data"
      RenderTable {TABLE} at (0,4749) size 106x106
        RenderTableSection {TBODY} at (0,0) size 106x106
          RenderTableRow {TR} at (0,2) size 106x102
            RenderTableCell {TD} at (2,41) size 34x23 [border: (1px solid #000000)] [r=0 c=0 rs=1 cs=1]
              RenderText {#text} at (2,2) size 30x19
                text run at (2,2) width 30: "Data"
            RenderTableCell {TD} at (38,22) size 32x41 [border: (1px solid #000000)] [r=0 c=1 rs=1 cs=1]
              RenderText {#text} at (1,21) size 30x19
                text run at (1,21) width 30: "Data"
            RenderTableCell {TD} at (72,2) size 32x61 [border: (1px solid #000000)] [r=0 c=2 rs=1 cs=1]
              RenderText {#text} at (1,41) size 30x19
                text run at (1,41) width 30: "Data"
      RenderTable {TABLE} at (0,4855) size 106x106
        RenderTableSection {TBODY} at (0,0) size 106x106
          RenderTableRow {TR} at (0,2) size 106x102
            RenderTableCell {TD} at (2,41) size 34x23 [border: (1px solid #000000)] [r=0 c=0 rs=1 cs=1]
              RenderText {#text} at (2,2) size 30x19
                text run at (2,2) width 30: "Data"
            RenderTableCell {TD} at (38,22) size 32x61 [border: (1px solid #000000)] [r=0 c=1 rs=1 cs=1]
              RenderText {#text} at (1,21) size 30x19
                text run at (1,21) width 30: "Data"
            RenderTableCell {TD} at (72,2) size 32x101 [border: (1px solid #000000)] [r=0 c=2 rs=1 cs=1]
              RenderText {#text} at (1,41) size 30x19
                text run at (1,41) width 30: "Data"
      RenderTable {TABLE} at (0,4961) size 106x106
        RenderTableSection {TBODY} at (0,0) size 106x106
          RenderTableRow {TR} at (0,2) size 106x102
            RenderTableCell {TD} at (2,81) size 34x23 [border: (1px solid #000000)] [r=0 c=0 rs=1 cs=1]
              RenderText {#text} at (2,2) size 30x19
                text run at (2,2) width 30: "Data"
            RenderTableCell {TD} at (38,43) size 32x61 [border: (1px solid #000000)] [r=0 c=1 rs=1 cs=1]
              RenderText {#text} at (1,21) size 30x19
                text run at (1,21) width 30: "Data"
            RenderTableCell {TD} at (72,3) size 32x101 [border: (1px solid #000000)] [r=0 c=2 rs=1 cs=1]
              RenderText {#text} at (1,41) size 30x19
                text run at (1,41) width 30: "Data"
      RenderTable {TABLE} at (0,5067) size 106x68
        RenderTableSection {TBODY} at (0,0) size 106x68
          RenderTableRow {TR} at (0,2) size 106x64
            RenderTableCell {TD} at (2,43) size 34x23 [border: (1px solid #000000)] [r=0 c=0 rs=1 cs=1]
              RenderText {#text} at (2,2) size 30x19
                text run at (2,2) width 30: "Data"
            RenderTableCell {TD} at (38,25) size 32x41 [border: (1px solid #000000)] [r=0 c=1 rs=1 cs=1]
              RenderText {#text} at (1,1) size 30x19
                text run at (1,1) width 30: "Data"
            RenderTableCell {TD} at (72,5) size 32x61 [border: (1px solid #000000)] [r=0 c=2 rs=1 cs=1]
              RenderText {#text} at (1,1) size 30x19
                text run at (1,1) width 30: "Data"
      RenderBlock {P} at (0,5149) size 784x38
        RenderText {#text} at (0,0) size 759x38
          text run at (0,0) width 759: "In each of the following tables, three of the cells should have the same baseline of the first line, and the three so marked"
          text run at (0,19) width 270: "should be aligned top, middle, and bottom:"
      RenderTable {TABLE} at (0,5201) size 446x114
        RenderTableSection {TBODY} at (0,0) size 446x114
          RenderTableRow {TR} at (0,2) size 446x110
            RenderTableCell {TD} at (2,69) size 34x23 [border: (1px solid #000000)] [r=0 c=0 rs=1 cs=1]
              RenderText {#text} at (2,2) size 30x19
                text run at (2,2) width 30: "Data"
            RenderTableCell {TD} at (38,42) size 92x58 [border: (1px solid #000000)] [r=0 c=1 rs=1 cs=1]
              RenderText {#text} at (2,2) size 88x54
                text run at (2,2) width 88: "Data"
            RenderTableCell {TD} at (132,2) size 182x110 [border: (1px solid #000000)] [r=0 c=2 rs=1 cs=1]
              RenderText {#text} at (2,2) size 178x106
                text run at (2,2) width 178: "Data"
            RenderTableCell {TD} at (316,2) size 29x23 [border: (1px solid #000000)] [r=0 c=3 rs=1 cs=1]
              RenderText {#text} at (2,2) size 25x19
                text run at (2,2) width 25: "Top"
            RenderTableCell {TD} at (347,45) size 46x23 [border: (1px solid #000000)] [r=0 c=4 rs=1 cs=1]
              RenderText {#text} at (2,2) size 42x19
                text run at (2,2) width 42: "Middle"
            RenderTableCell {TD} at (395,89) size 49x23 [border: (1px solid #000000)] [r=0 c=5 rs=1 cs=1]
              RenderText {#text} at (2,2) size 45x19
                text run at (2,2) width 45: "Bottom"
      RenderTable {TABLE} at (0,5315) size 446x114
        RenderTableSection {TBODY} at (0,0) size 446x114
          RenderTableRow {TR} at (0,2) size 446x110
            RenderTableCell {TD} at (2,2) size 29x23 [border: (1px solid #000000)] [r=0 c=0 rs=1 cs=1]
              RenderText {#text} at (2,2) size 25x19
                text run at (2,2) width 25: "Top"
            RenderTableCell {TD} at (33,45) size 46x23 [border: (1px solid #000000)] [r=0 c=1 rs=1 cs=1]
              RenderText {#text} at (2,2) size 42x19
                text run at (2,2) width 42: "Middle"
            RenderTableCell {TD} at (81,89) size 49x23 [border: (1px solid #000000)] [r=0 c=2 rs=1 cs=1]
              RenderText {#text} at (2,2) size 45x19
                text run at (2,2) width 45: "Bottom"
            RenderTableCell {TD} at (132,2) size 182x110 [border: (1px solid #000000)] [r=0 c=3 rs=1 cs=1]
              RenderText {#text} at (2,2) size 178x106
                text run at (2,2) width 178: "Data"
            RenderTableCell {TD} at (316,69) size 34x23 [border: (1px solid #000000)] [r=0 c=4 rs=1 cs=1]
              RenderText {#text} at (2,2) size 30x19
                text run at (2,2) width 30: "Data"
            RenderTableCell {TD} at (352,2) size 92x58 [border: (1px solid #000000)] [r=0 c=5 rs=1 cs=1]
              RenderText {#text} at (2,2) size 88x54
                text run at (2,2) width 88: "Data"
      RenderTable {TABLE} at (0,5429) size 446x114
        RenderTableSection {TBODY} at (0,0) size 446x114
          RenderTableRow {TR} at (0,2) size 446x110
            RenderTableCell {TD} at (2,2) size 182x110 [border: (1px solid #000000)] [r=0 c=0 rs=1 cs=1]
              RenderText {#text} at (2,2) size 178x106
                text run at (2,2) width 178: "Data"
            RenderTableCell {TD} at (186,2) size 29x23 [border: (1px solid #000000)] [r=0 c=1 rs=1 cs=1]
              RenderText {#text} at (2,2) size 25x19
                text run at (2,2) width 25: "Top"
            RenderTableCell {TD} at (217,45) size 46x23 [border: (1px solid #000000)] [r=0 c=2 rs=1 cs=1]
              RenderText {#text} at (2,2) size 42x19
                text run at (2,2) width 42: "Middle"
            RenderTableCell {TD} at (265,29) size 34x23 [border: (1px solid #000000)] [r=0 c=3 rs=1 cs=1]
              RenderText {#text} at (2,2) size 30x19
                text run at (2,2) width 30: "Data"
            RenderTableCell {TD} at (301,89) size 49x23 [border: (1px solid #000000)] [r=0 c=4 rs=1 cs=1]
              RenderText {#text} at (2,2) size 45x19
                text run at (2,2) width 45: "Bottom"
            RenderTableCell {TD} at (352,2) size 92x58 [border: (1px solid #000000)] [r=0 c=5 rs=1 cs=1]
              RenderText {#text} at (2,2) size 88x54
                text run at (2,2) width 88: "Data"
      RenderTable {TABLE} at (0,5543) size 446x114
        RenderTableSection {TBODY} at (0,0) size 446x114
          RenderTableRow {TR} at (0,2) size 446x110
            RenderTableCell {TD} at (2,2) size 29x23 [border: (1px solid #000000)] [r=0 c=0 rs=1 cs=1]
              RenderText {#text} at (2,2) size 25x19
                text run at (2,2) width 25: "Top"
            RenderTableCell {TD} at (33,69) size 34x23 [border: (1px solid #000000)] [r=0 c=1 rs=1 cs=1]
              RenderText {#text} at (2,2) size 30x19
                text run at (2,2) width 30: "Data"
            RenderTableCell {TD} at (69,42) size 92x58 [border: (1px solid #000000)] [r=0 c=2 rs=1 cs=1]
              RenderText {#text} at (2,2) size 88x54
                text run at (2,2) width 88: "Data"
            RenderTableCell {TD} at (163,45) size 46x23 [border: (1px solid #000000)] [r=0 c=3 rs=1 cs=1]
              RenderText {#text} at (2,2) size 42x19
                text run at (2,2) width 42: "Middle"
            RenderTableCell {TD} at (211,89) size 49x23 [border: (1px solid #000000)] [r=0 c=4 rs=1 cs=1]
              RenderText {#text} at (2,2) size 45x19
                text run at (2,2) width 45: "Bottom"
            RenderTableCell {TD} at (262,2) size 182x110 [border: (1px solid #000000)] [r=0 c=5 rs=1 cs=1]
              RenderText {#text} at (2,2) size 178x106
                text run at (2,2) width 178: "Data"
      RenderTable {TABLE} at (0,5657) size 446x114
        RenderTableSection {TBODY} at (0,0) size 446x114
          RenderTableRow {TR} at (0,2) size 446x110
            RenderTableCell {TD} at (2,2) size 29x23 [border: (1px solid #000000)] [r=0 c=0 rs=1 cs=1]
              RenderText {#text} at (2,2) size 25x19
                text run at (2,2) width 25: "Top"
            RenderTableCell {TD} at (33,2) size 92x58 [border: (1px solid #000000)] [r=0 c=1 rs=1 cs=1]
              RenderText {#text} at (2,2) size 88x54
                text run at (2,2) width 88: "Data"
            RenderTableCell {TD} at (127,89) size 49x23 [border: (1px solid #000000)] [r=0 c=2 rs=1 cs=1]
              RenderText {#text} at (2,2) size 45x19
                text run at (2,2) width 45: "Bottom"
            RenderTableCell {TD} at (178,2) size 34x23 [border: (1px solid #000000)] [r=0 c=3 rs=1 cs=1]
              RenderText {#text} at (2,2) size 30x19
                text run at (2,2) width 30: "Data"
            RenderTableCell {TD} at (214,2) size 182x110 [border: (1px solid #000000)] [r=0 c=4 rs=1 cs=1]
              RenderText {#text} at (2,2) size 178x106
                text run at (2,2) width 178: "Data"
            RenderTableCell {TD} at (398,45) size 46x23 [border: (1px solid #000000)] [r=0 c=5 rs=1 cs=1]
              RenderText {#text} at (2,2) size 42x19
                text run at (2,2) width 42: "Middle"
      RenderBlock {HR} at (0,5778) size 784x2 [border: (1px inset #000000)]
      RenderBlock {P} at (0,5794) size 784x36
        RenderInline {A} at (0,0) size 88x19 [color=#0000EE]
          RenderImage {IMG} at (0,0) size 88x31
      RenderBlock {P} at (0,5844) size 784x19
        RenderText {#text} at (0,0) size 56x19
          text run at (0,0) width 56: "(Back to "
        RenderInline {A} at (0,0) size 155x19 [color=#0000EE]
          RenderText {#text} at (56,0) size 155x19
            text run at (56,0) width 155: "CSS Testing Information"
        RenderText {#text} at (211,0) size 8x19
          text run at (211,0) width 8: ", "
        RenderInline {A} at (0,0) size 78x19 [color=#0000EE]
          RenderText {#text} at (219,0) size 78x19
            text run at (219,0) width 78: "David Baron"
        RenderText {#text} at (297,0) size 5x19
          text run at (297,0) width 5: ")"
      RenderBlock {P} at (0,5877) size 784x19
        RenderInline {A} at (0,0) size 27x19 [color=#0000EE]
          RenderText {#text} at (0,0) size 27x19
            text run at (0,0) width 27: "LDB"
        RenderText {#text} at (27,0) size 8x19
          text run at (27,0) width 8: ", "
        RenderInline {A} at (0,0) size 159x19 [color=#0000EE]
          RenderText {#text} at (35,0) size 159x19
            text run at (35,0) width 159: "dbaron@fas.harvard.edu"
