layer at (0,0) size 800x600
  RenderView at (0,0) size 800x600
layer at (0,0) size 800x600
  RenderBlock {HTML} at (0,0) size 800x600
    RenderBody {BODY} at (8,8) size 784x584 [bgcolor=#FFFFFF]
      RenderTable {TABLE} at (0,0) size 705x79 [border: (1px outset #808080)]
        RenderTableSection {TBODY} at (1,1) size 703x77
          RenderTableRow {TR} at (0,2) size 703x23
            RenderTableCell {TH} at (2,11) size 270x4 [border: (1px inset #808080)] [r=0 c=0 rs=1 cs=1]
            RenderTableCell {TD} at (274,2) size 152x23 [border: (1px inset #808080)] [r=0 c=1 rs=1 cs=1]
              RenderText {#text} at (2,2) size 69x19
                text run at (2,2) width 69: "Host name"
            RenderTableCell {TD} at (428,2) size 168x23 [border: (1px inset #808080)] [r=0 c=2 rs=1 cs=1]
              RenderText {#text} at (2,2) size 76x19
                text run at (2,2) width 76: "Architecture"
            RenderTableCell {TD} at (598,2) size 103x23 [border: (1px inset #808080)] [r=0 c=3 rs=1 cs=1]
              RenderText {#text} at (2,2) size 45x19
                text run at (2,2) width 45: "Access"
          RenderTableRow {TR} at (0,27) size 703x23
            RenderTableCell {TD} at (2,27) size 270x23 [border: (1px inset #808080)] [r=1 c=0 rs=1 cs=1]
              RenderText {#text} at (2,2) size 125x19
                text run at (2,2) width 125: "debussy.debian.org"
            RenderTableCell {TD} at (274,27) size 152x23 [border: (1px inset #808080)] [r=1 c=1 rs=1 cs=1]
              RenderText {#text} at (2,2) size 31x19
                text run at (2,2) width 31: "ARM"
            RenderTableCell {TD} at (428,27) size 168x23 [border: (1px inset #808080)] [r=1 c=2 rs=1 cs=1]
              RenderText {#text} at (2,2) size 14x19
                text run at (2,2) width 14: "all"
          RenderTableRow {TR} at (0,52) size 703x23
            RenderTableCell {TD} at (2,52) size 270x23 [border: (1px inset #808080)] [r=2 c=0 rs=1 cs=1]
              RenderText {#text} at (2,2) size 105x19
                text run at (2,2) width 105: "faure.debian.org"
            RenderTableCell {TD} at (274,52) size 152x23 [border: (1px inset #808080)] [r=2 c=1 rs=1 cs=1]
              RenderText {#text} at (2,2) size 35x19
                text run at (2,2) width 35: "alpha"
            RenderTableCell {TD} at (428,52) size 168x23 [border: (1px inset #808080)] [r=2 c=2 rs=1 cs=1]
              RenderText {#text} at (2,2) size 14x19
                text run at (2,2) width 14: "all"
      RenderBlock {P} at (0,93) size 784x19
        RenderText {#text} at (0,0) size 133x19
          text run at (0,0) width 133: "Table nested in table"
      RenderTable {TABLE} at (0,126) size 349x104
        RenderTableSection {TBODY} at (0,0) size 349x104
          RenderTableRow {TR} at (0,2) size 349x100
            RenderTableCell {TD} at (2,2) size 345x100 [r=0 c=0 rs=1 cs=1]
              RenderTable {TABLE} at (1,1) size 310x98 [border: (1px outset #808080)]
                RenderTableSection {TBODY} at (1,1) size 308x96
                  RenderTableRow {TR} at (0,2) size 308x42
                    RenderTableCell {TH} at (2,21) size 129x4 [border: (1px inset #808080)] [r=0 c=0 rs=1 cs=1]
                    RenderTableCell {TD} at (133,2) size 40x42 [border: (1px inset #808080)] [r=0 c=1 rs=1 cs=1]
                      RenderText {#text} at (2,2) size 36x38
                        text run at (2,2) width 29: "Host"
                        text run at (2,21) width 36: "name"
                    RenderTableCell {TD} at (175,11) size 80x23 [border: (1px inset #808080)] [r=0 c=2 rs=1 cs=1]
                      RenderText {#text} at (2,2) size 76x19
                        text run at (2,2) width 76: "Architecture"
                    RenderTableCell {TD} at (257,11) size 49x23 [border: (1px inset #808080)] [r=0 c=3 rs=1 cs=1]
                      RenderText {#text} at (2,2) size 45x19
                        text run at (2,2) width 45: "Access"
                  RenderTableRow {TR} at (0,46) size 308x23
                    RenderTableCell {TD} at (2,46) size 129x23 [border: (1px inset #808080)] [r=1 c=0 rs=1 cs=1]
                      RenderText {#text} at (2,2) size 125x19
                        text run at (2,2) width 125: "debussy.debian.org"
                    RenderTableCell {TD} at (133,46) size 40x23 [border: (1px inset #808080)] [r=1 c=1 rs=1 cs=1]
                      RenderText {#text} at (2,2) size 31x19
                        text run at (2,2) width 31: "ARM"
                    RenderTableCell {TD} at (175,46) size 80x23 [border: (1px inset #808080)] [r=1 c=2 rs=1 cs=1]
                      RenderText {#text} at (2,2) size 14x19
                        text run at (2,2) width 14: "all"
                  RenderTableRow {TR} at (0,71) size 308x23
                    RenderTableCell {TD} at (2,71) size 129x23 [border: (1px inset #808080)] [r=2 c=0 rs=1 cs=1]
                      RenderText {#text} at (2,2) size 105x19
                        text run at (2,2) width 105: "faure.debian.org"
                    RenderTableCell {TD} at (133,71) size 40x23 [border: (1px inset #808080)] [r=2 c=1 rs=1 cs=1]
                      RenderText {#text} at (2,2) size 35x19
                        text run at (2,2) width 35: "alpha"
                    RenderTableCell {TD} at (175,71) size 80x23 [border: (1px inset #808080)] [r=2 c=2 rs=1 cs=1]
                      RenderText {#text} at (2,2) size 14x19
                        text run at (2,2) width 14: "all"
      RenderBlock (anonymous) at (0,230) size 784x19
        RenderBR {BR} at (0,0) size 0x19
      RenderBlock {P} at (0,263) size 784x19
        RenderText {#text} at (0,0) size 115x19
          text run at (0,0) width 115: "Table - no nesting"
      RenderTable {TABLE} at (0,296) size 705x79 [border: (1px outset #808080)]
        RenderTableSection {TBODY} at (1,1) size 703x77
          RenderTableRow {TR} at (0,2) size 703x23
            RenderTableCell {TH} at (2,11) size 270x4 [border: (1px inset #808080)] [r=0 c=0 rs=1 cs=1]
            RenderTableCell {TD} at (274,2) size 152x23 [border: (1px inset #808080)] [r=0 c=1 rs=1 cs=1]
              RenderText {#text} at (2,2) size 69x19
                text run at (2,2) width 69: "Host name"
            RenderTableCell {TD} at (428,2) size 168x23 [border: (1px inset #808080)] [r=0 c=2 rs=1 cs=1]
              RenderText {#text} at (2,2) size 76x19
                text run at (2,2) width 76: "Architecture"
            RenderTableCell {TD} at (598,2) size 103x23 [border: (1px inset #808080)] [r=0 c=3 rs=1 cs=1]
              RenderText {#text} at (2,2) size 45x19
                text run at (2,2) width 45: "Access"
          RenderTableRow {TR} at (0,27) size 703x23
            RenderTableCell {TD} at (2,27) size 270x23 [border: (1px inset #808080)] [r=1 c=0 rs=1 cs=1]
              RenderText {#text} at (2,2) size 125x19
                text run at (2,2) width 125: "debussy.debian.org"
            RenderTableCell {TD} at (274,27) size 152x23 [border: (1px inset #808080)] [r=1 c=1 rs=1 cs=1]
              RenderText {#text} at (2,2) size 31x19
                text run at (2,2) width 31: "ARM"
            RenderTableCell {TD} at (428,27) size 168x23 [border: (1px inset #808080)] [r=1 c=2 rs=1 cs=1]
              RenderText {#text} at (2,2) size 14x19
                text run at (2,2) width 14: "all"
          RenderTableRow {TR} at (0,52) size 703x23
            RenderTableCell {TD} at (2,52) size 270x23 [border: (1px inset #808080)] [r=2 c=0 rs=1 cs=1]
              RenderText {#text} at (2,2) size 105x19
                text run at (2,2) width 105: "faure.debian.org"
            RenderTableCell {TD} at (274,52) size 152x23 [border: (1px inset #808080)] [r=2 c=1 rs=1 cs=1]
              RenderText {#text} at (2,2) size 35x19
                text run at (2,2) width 35: "alpha"
            RenderTableCell {TD} at (428,52) size 168x23 [border: (1px inset #808080)] [r=2 c=2 rs=1 cs=1]
              RenderText {#text} at (2,2) size 14x19
                text run at (2,2) width 14: "all"
