layer at (0,0) size 800x600
  RenderView at (0,0) size 800x600
layer at (0,0) size 800x600
  RenderBlock {HTML} at (0,0) size 800x600
    RenderBody {BODY} at (8,8) size 784x584
      RenderBlock {P} at (0,0) size 784x19
        RenderText {#text} at (0,0) size 192x19
          text run at (0,0) width 192: "Tests of padding in table cells."
      RenderTable {TABLE} at (0,33) size 394x127
        RenderTableSection {TBODY} at (0,0) size 394x127
          RenderTableRow {TR} at (0,2) size 394x123
            RenderTableCell {TD} at (2,2) size 136x123 [r=0 c=0 rs=1 cs=1]
              RenderBlock {P} at (10,10) size 116x20
                RenderInline {B} at (0,0) size 116x20
                  RenderText {#text} at (0,0) size 116x20
                    text run at (0,0) width 116: "1) padding: 20px"
              RenderTable {TABLE} at (10,44) size 81x69 [border: (1px outset #808080)]
                RenderTableSection {TBODY} at (1,1) size 79x67
                  RenderTableRow {TR} at (0,2) size 79x63
                    RenderTableCell {TD} at (2,2) size 75x63 [border: (1px inset #808080)] [r=0 c=0 rs=1 cs=1]
                      RenderBlock {DIV} at (21,21) size 33x21 [border: (1px dashed #FF0000)]
                        RenderText {#text} at (1,1) size 31x19
                          text run at (1,1) width 31: "FOO"
            RenderTableCell {TD} at (140,2) size 252x123 [r=0 c=1 rs=1 cs=1]
              RenderBlock {P} at (10,10) size 232x20
                RenderInline {B} at (0,0) size 232x20
                  RenderText {#text} at (0,0) size 232x20
                    text run at (0,0) width 232: "2) padding: 10px 25px 30px 45px;"
              RenderTable {TABLE} at (10,44) size 111x69 [border: (1px outset #808080)]
                RenderTableSection {TBODY} at (1,1) size 109x67
                  RenderTableRow {TR} at (0,2) size 109x63
                    RenderTableCell {TD} at (2,2) size 105x63 [border: (1px inset #808080)] [r=0 c=0 rs=1 cs=1]
                      RenderBlock {DIV} at (46,11) size 33x21 [border: (1px dashed #FF0000)]
                        RenderText {#text} at (1,1) size 31x19
                          text run at (1,1) width 31: "FOO"
      RenderBlock (anonymous) at (0,160) size 784x19
        RenderBR {BR} at (0,0) size 0x19
      RenderTable {TABLE} at (0,179) size 700x108
        RenderTableSection {TBODY} at (0,0) size 700x108
          RenderTableRow {TR} at (0,2) size 700x104
            RenderTableCell {TD} at (2,2) size 163x85 [r=0 c=0 rs=1 cs=1]
              RenderBlock {P} at (10,10) size 143x20
                RenderInline {B} at (0,0) size 143x20
                  RenderText {#text} at (0,0) size 143x20
                    text run at (0,0) width 143: "3) padding-left: 20px"
              RenderTable {TABLE} at (10,44) size 62x31 [border: (1px outset #808080)]
                RenderTableSection {TBODY} at (1,1) size 60x29
                  RenderTableRow {TR} at (0,2) size 60x25
                    RenderTableCell {TD} at (2,2) size 56x25 [border: (1px inset #808080)] [r=0 c=0 rs=1 cs=1]
                      RenderBlock {DIV} at (21,2) size 33x21 [border: (1px dashed #FF0000)]
                        RenderText {#text} at (1,1) size 31x19
                          text run at (1,1) width 31: "FOO"
            RenderTableCell {TD} at (167,2) size 173x85 [r=0 c=1 rs=1 cs=1]
              RenderBlock {P} at (10,10) size 153x20
                RenderInline {B} at (0,0) size 153x20
                  RenderText {#text} at (0,0) size 153x20
                    text run at (0,0) width 153: "4) padding-right: 20px"
              RenderTable {TABLE} at (10,44) size 62x31 [border: (1px outset #808080)]
                RenderTableSection {TBODY} at (1,1) size 60x29
                  RenderTableRow {TR} at (0,2) size 60x25
                    RenderTableCell {TD} at (2,2) size 56x25 [border: (1px inset #808080)] [r=0 c=0 rs=1 cs=1]
                      RenderBlock {DIV} at (2,2) size 33x21 [border: (1px dashed #FF0000)]
                        RenderText {#text} at (1,1) size 31x19
                          text run at (1,1) width 31: "FOO"
            RenderTableCell {TD} at (342,2) size 164x104 [r=0 c=2 rs=1 cs=1]
              RenderBlock {P} at (10,10) size 144x20
                RenderInline {B} at (0,0) size 144x20
                  RenderText {#text} at (0,0) size 144x20
                    text run at (0,0) width 144: "5) padding-top: 20px"
              RenderTable {TABLE} at (10,44) size 43x50 [border: (1px outset #808080)]
                RenderTableSection {TBODY} at (1,1) size 41x48
                  RenderTableRow {TR} at (0,2) size 41x44
                    RenderTableCell {TD} at (2,2) size 37x44 [border: (1px inset #808080)] [r=0 c=0 rs=1 cs=1]
                      RenderBlock {DIV} at (2,21) size 33x21 [border: (1px dashed #FF0000)]
                        RenderText {#text} at (1,1) size 31x19
                          text run at (1,1) width 31: "FOO"
            RenderTableCell {TD} at (508,2) size 190x104 [r=0 c=3 rs=1 cs=1]
              RenderBlock {P} at (10,10) size 170x20
                RenderInline {B} at (0,0) size 170x20
                  RenderText {#text} at (0,0) size 170x20
                    text run at (0,0) width 170: "6) padding-bottom: 20px"
              RenderTable {TABLE} at (10,44) size 43x50 [border: (1px outset #808080)]
                RenderTableSection {TBODY} at (1,1) size 41x48
                  RenderTableRow {TR} at (0,2) size 41x44
                    RenderTableCell {TD} at (2,2) size 37x44 [border: (1px inset #808080)] [r=0 c=0 rs=1 cs=1]
                      RenderBlock {DIV} at (2,2) size 33x21 [border: (1px dashed #FF0000)]
                        RenderText {#text} at (1,1) size 31x19
                          text run at (1,1) width 31: "FOO"
      RenderBlock (anonymous) at (0,287) size 784x19
        RenderBR {BR} at (0,0) size 0x19
      RenderBlock {P} at (0,320) size 784x20
        RenderInline {B} at (0,0) size 243x20
          RenderText {#text} at (0,0) size 243x20
            text run at (0,0) width 243: "misc) padding: 20px 10px 40px 0px"
      RenderTable {TABLE} at (0,354) size 51x89 [border: (1px outset #808080)]
        RenderTableSection {TBODY} at (1,1) size 49x87
          RenderTableRow {TR} at (0,2) size 49x83
            RenderTableCell {TD} at (2,2) size 45x83 [border: (1px inset #808080)] [r=0 c=0 rs=1 cs=1]
              RenderBlock {DIV} at (1,21) size 33x21 [border: (1px dashed #FF0000)]
                RenderText {#text} at (1,1) size 31x19
                  text run at (1,1) width 31: "FOO"
      RenderBlock {P} at (0,457) size 784x20
        RenderInline {B} at (0,0) size 335x20
          RenderText {#text} at (0,0) size 335x20
            text run at (0,0) width 335: "misc) padding-top: 10px; padding-bottom: 20px;"
      RenderTable {TABLE} at (0,491) size 43x59 [border: (1px outset #808080)]
        RenderTableSection {TBODY} at (1,1) size 41x57
          RenderTableRow {TR} at (0,2) size 41x53
            RenderTableCell {TD} at (2,2) size 37x53 [border: (1px inset #808080)] [r=0 c=0 rs=1 cs=1]
              RenderBlock {DIV} at (2,11) size 33x21 [border: (1px dashed #FF0000)]
                RenderText {#text} at (1,1) size 31x19
                  text run at (1,1) width 31: "FOO"
