layer at (0,0) size 800x600
  RenderView at (0,0) size 800x600
layer at (0,0) size 800x600
  RenderBlock {HTML} at (0,0) size 800x600
    RenderBody {BODY} at (8,8) size 784x584
      RenderTable {TABLE} at (0,0) size 784x32 [bgcolor=#FFFFFF]
        RenderTableSection {TBODY} at (0,0) size 784x32
          RenderTableRow {TR} at (0,0) size 784x32
            RenderTableCell {TD} at (0,0) size 390x32 [r=0 c=0 rs=1 cs=1]
              RenderBlock {PRE} at (0,0) size 390x32
                RenderInline {FONT} at (0,0) size 353x32
                  RenderText {#text} at (0,0) size 353x32
                    text run at (0,0) width 353: "/* -*- Mode: C++; tab-width: 2; indent-tabs-mode: nil; c-basic-offset: 2 -*-  "
                    text run at (353,0) width 0: " "
                    text run at (0,16) width 6: "  "
            RenderTableCell {TD} at (390,8) size 394x16 [r=0 c=1 rs=1 cs=1]
              RenderBlock {PRE} at (0,0) size 394x16
                RenderInline {FONT} at (0,0) size 356x16
                  RenderText {#text} at (0,0) size 356x16
                    text run at (0,0) width 356: "/* -*- Mode: C++; tab-width: 2; indent-tabs-mode: nil; c-basic-offset: 2 -*-   "
                    text run at (356,0) width 0: " "
