layer at (0,0) size 800x600
  RenderView at (0,0) size 800x600
layer at (0,0) size 800x600
  RenderBlock {HTML} at (0,0) size 800x600
    RenderBody {BODY} at (8,8) size 784x584
      RenderTable {TABLE} at (0,0) size 784x94
        RenderTableSection {TBODY} at (0,0) size 784x94
          RenderTableRow {TR} at (0,2) size 784x90
            RenderTableCell {TD} at (2,2) size 639x90 [r=0 c=0 rs=1 cs=1]
              RenderTable {TABLE} at (1,1) size 637x88
                RenderTableSection {TBODY} at (0,0) size 637x88
                  RenderTableRow {TR} at (0,2) size 637x84
                    RenderTableCell {TD} at (2,2) size 633x84 [r=0 c=0 rs=1 cs=1]
                      RenderText {#text} at (1,1) size 53x82
                        text run at (1,1) width 53: "inside of"
                        text run at (1,64) width 31: "table"
                      RenderImage {IMG} at (32,20) size 600x58
            RenderTableCell {TD} at (643,27) size 139x40 [r=0 c=1 rs=1 cs=1]
              RenderText {#text} at (1,1) size 117x38
                text run at (1,1) width 117: "2nd row of outside"
                text run at (1,20) width 31: "table"
