layer at (0,0) size 800x600
  RenderView at (0,0) size 800x600
layer at (0,0) size 800x600
  RenderBlock {HTML} at (0,0) size 800x600
    RenderBody {BODY} at (8,8) size 784x584
      RenderTable {TABLE} at (0,0) size 132x35 [border: (1px outset #808080)]
        RenderTableSection {TBODY} at (1,1) size 130x33
          RenderTableRow {TR} at (0,2) size 130x29
            RenderTableCell {TD} at (2,2) size 126x29 [border: (1px inset #808080)] [r=0 c=0 rs=1 cs=1]
              RenderTable {TABLE} at (2,2) size 122x25 [bgcolor=#FFCC99]
                RenderBlock {FORM} at (0,0) size 0x0
                RenderTableSection {TBODY} at (0,0) size 122x25
                  RenderTableRow {TR} at (0,2) size 122x21
                    RenderTableCell {TD} at (2,2) size 30x21 [bgcolor=#FF6600] [r=0 c=0 rs=1 cs=1]
                      RenderText {#text} at (1,1) size 28x19
                        text run at (1,1) width 28: "Find"
                    RenderTableCell {TD} at (34,2) size 86x21 [r=0 c=1 rs=1 cs=1]
                      RenderText {#text} at (1,1) size 84x19
                        text run at (1,1) width 84: "rick was here"
