layer at (0,0) size 800x600
  RenderView at (0,0) size 800x600
layer at (0,0) size 800x600
  RenderBlock {HTML} at (0,0) size 800x600
    RenderBody {BODY} at (8,8) size 784x584
      RenderBlock (anonymous) at (0,0) size 784x19
        RenderText {#text} at (0,0) size 311x19
          text run at (0,0) width 311: "If the text is too low, then it is probably Bug 6920."
        RenderText {#text} at (0,0) size 0x0
      RenderTable {TABLE} at (0,19) size 262x62 [bgcolor=#FFCC00] [border: (1px outset #808080)]
        RenderTableSection {TBODY} at (1,1) size 260x60
          RenderTableRow {TR} at (0,2) size 260x56
            RenderTableCell {TD} at (2,2) size 256x56 [border: (1px inset #808080)] [r=0 c=0 rs=1 cs=1]
              RenderBlock {DL} at (2,2) size 252x38
                RenderBlock (anonymous) at (0,0) size 252x0
                  RenderInline {FONT} at (0,0) size 0x0
                    RenderText {#text} at (0,0) size 0x0
                RenderBlock (anonymous) at (0,0) size 252x19
                  RenderBlock {DT} at (0,0) size 252x19
                    RenderText {#text} at (0,0) size 24x19
                      text run at (0,0) width 24: "Baz"
                RenderBlock (anonymous) at (0,19) size 252x0
                  RenderInline {FONT} at (0,0) size 0x0
                  RenderText {#text} at (0,0) size 0x0
                RenderBlock {DD} at (40,19) size 212x19
                  RenderText {#text} at (0,0) size 212x19
                    text run at (0,0) width 212: "foo foo foo foo foo foo foo foo foo"
