layer at (0,0) size 800x770
  RenderView at (0,0) size 800x600
layer at (0,0) size 800x770
  RenderBlock {HTML} at (0,0) size 800x770
    RenderBody {BODY} at (8,8) size 784x754
      RenderBlock {P} at (0,0) size 784x19
        RenderText {#text} at (0,0) size 264x19
          text run at (0,0) width 264: "TABLE 1 - without 'height' style on TABLE"
      RenderTable {TABLE} at (0,33) size 61x81 [border: (3px solid #000000)]
        RenderTableSection {THEAD} at (3,3) size 55x25
          RenderTableRow {TR} at (0,2) size 55x21
            RenderTableCell {TD} at (2,2) size 51x21 [r=0 c=0 rs=1 cs=1]
              RenderText {#text} at (1,1) size 47x19
                text run at (1,1) width 47: "THEAD"
        RenderTableSection {TFOOT} at (3,53) size 55x25
          RenderTableRow {TR} at (0,2) size 55x21
            RenderTableCell {TD} at (2,2) size 51x21 [r=0 c=0 rs=1 cs=1]
              RenderText {#text} at (1,1) size 49x19
                text run at (1,1) width 49: "TFOOT"
        RenderTableSection {TBODY} at (3,28) size 55x25
          RenderTableRow {TR} at (0,2) size 55x21
            RenderTableCell {TD} at (2,2) size 51x21 [r=0 c=0 rs=1 cs=1]
              RenderText {#text} at (1,1) size 48x19
                text run at (1,1) width 48: "TBODY"
      RenderBlock {HR} at (0,121) size 784x2 [border: (1px inset #000000)]
      RenderBlock {P} at (0,137) size 784x19
        RenderText {#text} at (0,0) size 244x19
          text run at (0,0) width 244: "TABLE 2 - with 'height' style on TABLE"
      RenderTable {TABLE} at (0,170) size 61x584 [border: (3px solid #000000)]
        RenderTableSection {THEAD} at (3,3) size 55x25
          RenderTableRow {TR} at (0,2) size 55x21
            RenderTableCell {TD} at (2,2) size 51x21 [r=0 c=0 rs=1 cs=1]
              RenderText {#text} at (1,1) size 47x19
                text run at (1,1) width 47: "THEAD"
        RenderTableSection {TFOOT} at (3,556) size 55x25
          RenderTableRow {TR} at (0,2) size 55x21
            RenderTableCell {TD} at (2,2) size 51x21 [r=0 c=0 rs=1 cs=1]
              RenderText {#text} at (1,1) size 49x19
                text run at (1,1) width 49: "TFOOT"
        RenderTableSection {TBODY} at (3,28) size 55x528
          RenderTableRow {TR} at (0,2) size 55x524
            RenderTableCell {TD} at (2,253) size 51x21 [r=0 c=0 rs=1 cs=1]
              RenderText {#text} at (1,1) size 48x19
                text run at (1,1) width 48: "TBODY"
