layer at (0,0) size 800x600
  RenderView at (0,0) size 800x600
layer at (0,0) size 800x600
  RenderBlock {HTML} at (0,0) size 800x600
    RenderBody {BODY} at (8,8) size 784x584
      RenderBlock (anonymous) at (0,0) size 784x0
        RenderInline {B} at (0,0) size 0x0
          RenderText {#text} at (0,0) size 0x0
          RenderText {#text} at (0,0) size 0x0
      RenderTable {TABLE} at (0,0) size 213x79 [border: (1px outset #808080)]
        RenderTableSection {TBODY} at (1,1) size 211x77
          RenderTableRow {TR} at (0,2) size 211x23
            RenderTableCell {TD} at (2,2) size 117x23 [border: (1px inset #808080)] [r=0 c=0 rs=1 cs=1]
              RenderText {#text} at (2,2) size 113x19
                text run at (2,2) width 113: "Click name to see"
            RenderTableCell {TD} at (121,14) size 88x23 [bgcolor=#00FF00] [border: (1px inset #808080)] [r=0 c=1 rs=2 cs=1]
              RenderText {#text} at (2,2) size 84x19
                text run at (2,2) width 84: "Mac Clbr Opt"
          RenderTableRow {TR} at (0,27) size 211x23
            RenderTableCell {TD} at (2,27) size 117x23 [border: (1px inset #808080)] [r=1 c=0 rs=1 cs=1]
              RenderText {#text} at (2,2) size 36x19
                text run at (2,2) width 36: "Guilty"
              RenderText {#text} at (0,0) size 0x0
          RenderTableRow {TR} at (0,52) size 211x23
            RenderTableCell {TD} at (2,52) size 117x23 [border: (1px inset #808080)] [r=2 c=0 rs=1 cs=1]
              RenderText {#text} at (2,2) size 4x19
                text run at (2,2) width 4: " "
            RenderTableCell {TD} at (121,52) size 88x23 [bgcolor=#FFFF00] [border: (1px inset #808080)] [r=2 c=1 rs=1 cs=1]
              RenderText {#text} at (2,2) size 22x19
                text run at (2,2) width 22: "L C"
