layer at (0,0) size 800x600
  RenderView at (0,0) size 800x600
layer at (0,0) size 800x84
  RenderBlock {HTML} at (0,0) size 800x84
    RenderBody {BODY} at (8,14) size 784x62
      RenderBlock {P} at (0,0) size 784x19
        RenderText {#text} at (0,0) size 295x19
          text run at (0,0) width 295: "The background color should span all columns"
      RenderTable {TABLE} at (0,33) size 444x29 [border: (1px outset #808080)]
        RenderTableCol {COLGROUP} at (0,0) size 0x0
          RenderTableCol {COL} at (0,0) size 0x0 [bgcolor=#00FF00]
        RenderTableSection {TBODY} at (1,1) size 442x27
          RenderTableRow {TR} at (0,2) size 442x23
            RenderTableCell {TD} at (2,2) size 108x23 [border: (1px inset #808080)] [r=0 c=0 rs=1 cs=1]
              RenderText {#text} at (2,2) size 104x19
                text run at (2,2) width 104: "Column 1, row 1"
            RenderTableCell {TD} at (112,2) size 108x23 [border: (1px inset #808080)] [r=0 c=1 rs=1 cs=1]
              RenderText {#text} at (2,2) size 104x19
                text run at (2,2) width 104: "Column 2, row 1"
            RenderTableCell {TD} at (222,2) size 108x23 [border: (1px inset #808080)] [r=0 c=2 rs=1 cs=1]
              RenderText {#text} at (2,2) size 104x19
                text run at (2,2) width 104: "Column 3, row 1"
            RenderTableCell {TD} at (332,2) size 108x23 [border: (1px inset #808080)] [r=0 c=3 rs=1 cs=1]
              RenderText {#text} at (2,2) size 104x19
                text run at (2,2) width 104: "Column 4, row 1"
