layer at (0,0) size 800x600
  RenderView at (0,0) size 800x600
layer at (0,0) size 800x125
  RenderBlock {html} at (0,0) size 800x125
    RenderBody {body} at (8,14) size 784x103
      RenderBlock {p} at (0,0) size 784x19
        RenderText {#text} at (0,0) size 335x19
          text run at (0,0) width 335: "There should be a green block under this paragraph."
      RenderTable {table} at (0,33) size 70x70 [bgcolor=#008000]
