layer at (0,0) size 800x600
  RenderView at (0,0) size 800x600
layer at (0,0) size 800x600
  RenderBlock {HTML} at (0,0) size 800x600
    RenderBody {BODY} at (8,8) size 784x584
      RenderBlock {P} at (0,0) size 784x19
        RenderText {#text} at (0,0) size 206x19
          text run at (0,0) width 206: "Image URLs intentionally broken"
      RenderTable {TABLE} at (0,33) size 732x57
        RenderTableSection {TBODY} at (0,0) size 732x57
          RenderTableRow {TR} at (0,2) size 732x53
            RenderTableCell {TD} at (2,2) size 728x53 [r=0 c=0 rs=1 cs=1]
              RenderImage {IMG} at (1,1) size 167x51
              RenderImage {IMG} at (168,1) size 181x51
              RenderImage {IMG} at (349,1) size 205x51
              RenderImage {IMG} at (554,1) size 173x51
      RenderBlock {P} at (0,104) size 784x19
        RenderText {#text} at (0,0) size 446x19
          text run at (0,0) width 446: "Identical to the above except that width=\"100%\" was removed from TD"
      RenderTable {TABLE} at (0,137) size 732x57
        RenderTableSection {TBODY} at (0,0) size 732x57
          RenderTableRow {TR} at (0,2) size 732x53
            RenderTableCell {TD} at (2,2) size 728x53 [r=0 c=0 rs=1 cs=1]
              RenderImage {IMG} at (1,1) size 167x51
              RenderImage {IMG} at (168,1) size 181x51
              RenderImage {IMG} at (349,1) size 205x51
              RenderImage {IMG} at (554,1) size 173x51
