layer at (0,0) size 800x681
  RenderView at (0,0) size 800x600
layer at (0,0) size 800x681
  RenderBlock {HTML} at (0,0) size 800x681
    RenderBody {BODY} at (8,18) size 784x649
      RenderBlock {H1} at (0,0) size 784x38
        RenderText {#text} at (0,0) size 311x38
          text run at (0,0) width 311: "Generic Table Tests - 1"
      RenderBlock {P} at (0,56) size 784x19
        RenderText {#text} at (0,0) size 391x19
          text run at (0,0) width 391: "If you have any comments to make regarding this test, e-mail "
        RenderInline {A} at (0,0) size 181x19 [color=#0000EE]
          RenderText {#text} at (391,0) size 181x19
            text run at (391,0) width 181: "py8ieh=eviltests@bath.ac.uk"
        RenderText {#text} at (572,0) size 4x19
          text run at (572,0) width 4: "."
      RenderBlock {DL} at (0,89) size 784x38
        RenderBlock {DT} at (0,0) size 784x19
          RenderText {#text} at (0,0) size 83x19
            text run at (0,0) width 83: "Prerequisites"
        RenderBlock {DD} at (40,19) size 744x19
          RenderText {#text} at (0,0) size 694x19
            text run at (0,0) width 694: "Browsers that are subjected to this test should support CSS1 and the CSS2 table model, and multiple classes."
      RenderBlock {P} at (0,141) size 784x102 [border: (5px double #FF0000)]
        RenderBlock (anonymous) at (12,12) size 760x19
          RenderText {#text} at (0,0) size 238x19
            text run at (0,0) width 238: "If this paragraph breaks the line here:"
        RenderTable {SPAN} at (12,31) size 61x19
          RenderTableSection (anonymous) at (0,0) size 61x19
            RenderTableRow (anonymous) at (0,0) size 61x19
              RenderTableCell (anonymous) at (0,0) size 61x19 [r=0 c=0 rs=1 cs=1]
                RenderText {#text} at (0,0) size 61x19
                  text run at (0,0) width 61: "and here:"
        RenderBlock (anonymous) at (12,50) size 760x40
          RenderText {#text} at (0,0) size 119x19
            text run at (0,0) width 119: "then your browser "
          RenderInline {EM} at (0,0) size 83x19
            RenderText {#text} at (119,0) size 83x19
              text run at (119,0) width 83: "does support"
          RenderText {#text} at (202,0) size 162x19
            text run at (202,0) width 162: " table values on 'display'. "
          RenderInline {STRONG} at (0,0) size 748x40
            RenderText {#text} at (364,0) size 748x40
              text run at (364,0) width 384: "If this paragraphs flows without any undue breaks, then"
              text run at (0,20) width 428: "you should mark your browser as not supporting table values!"
      RenderBlock {H2} at (0,260) size 784x29
        RenderText {#text} at (0,0) size 212x29
          text run at (0,0) width 212: "1. Table -> Table Cell"
      RenderBlock {P} at (0,306) size 784x38
        RenderText {#text} at (0,0) size 779x38
          text run at (0,0) width 779: "Below there should be a gray bar, spanning the width of the BODY, with the text \"Left\" to the left and the text \"Right\", on the"
          text run at (0,19) width 175: "same line, flush to the right."
      RenderTable {DIV} at (0,358) size 784x19 [bgcolor=#C0C0C0]
        RenderTableSection (anonymous) at (0,0) size 784x19
          RenderTableRow (anonymous) at (0,0) size 784x19
            RenderTableCell {DIV} at (0,0) size 330x19 [r=0 c=0 rs=1 cs=1]
              RenderText {#text} at (0,0) size 24x19
                text run at (0,0) width 24: "Left"
            RenderTableCell {DIV} at (330,0) size 454x19 [r=0 c=1 rs=1 cs=1]
              RenderText {#text} at (421,0) size 33x19
                text run at (421,0) width 33: "Right"
      RenderBlock {H2} at (0,394) size 784x29
        RenderText {#text} at (0,0) size 155x29
          text run at (0,0) width 155: "Submit Results"
      RenderBlock {FORM} at (0,440) size 784x61
        RenderBlock {P} at (0,0) size 784x61
          RenderText {#text} at (0,6) size 264x19
            text run at (0,6) width 264: "How does your browser fare on this test? "
          RenderMenuList {SELECT} at (266,2) size 284x25 [bgcolor=#FFFFFF]
            RenderBlock (anonymous) at (8,4) size 252x19
              RenderText at (0,0) size 167x19
                text run at (0,0) width 167: "The test renders correctly."
          RenderText {#text} at (552,6) size 4x19
            text run at (552,6) width 4: " "
          RenderInline {LABEL} at (0,0) size 626x48
            RenderText {#text} at (556,6) size 70x19
              text run at (556,6) width 70: "Comment: "
            RenderTextControl {INPUT} at (2,32) size 168x25 [border: (2px inset #000000)]
          RenderText {#text} at (172,35) size 4x19
            text run at (172,35) width 4: " "
          RenderButton {INPUT} at (178,31) size 50x28 [bgcolor=#C0C0C0]
            RenderBlock (anonymous) at (6,6) size 38x17
              RenderText at (0,0) size 38x17
                text run at (0,0) width 38: "Submit"
          RenderText {#text} at (0,0) size 0x0
      RenderBlock {HR} at (0,515) size 784x2 [border: (1px inset #000000)]
      RenderBlock {P} at (0,531) size 784x19
        RenderText {#text} at (0,0) size 62x19
          text run at (0,0) width 62: "Up to the "
        RenderInline {A} at (0,0) size 75x19 [color=#0000EE]
          RenderText {#text} at (62,0) size 75x19
            text run at (62,0) width 75: "Table Tests"
        RenderText {#text} at (137,0) size 4x19
          text run at (137,0) width 4: "."
      RenderBlock {P} at (0,564) size 784x19
        RenderText {#text} at (0,0) size 62x19
          text run at (0,0) width 62: "Up to the "
        RenderInline {A} at (0,0) size 98x19 [color=#0000EE]
          RenderText {#text} at (62,0) size 98x19
            text run at (62,0) width 98: "Evil Tests Page"
        RenderText {#text} at (160,0) size 4x19
          text run at (160,0) width 4: "."
      RenderBlock {P} at (0,597) size 784x19
        RenderText {#text} at (0,0) size 174x19
          text run at (0,0) width 174: "This page is maintained by "
        RenderInline {A} at (0,0) size 74x19 [color=#0000EE]
          RenderText {#text} at (174,0) size 74x19
            text run at (174,0) width 74: "Ian Hickson"
        RenderText {#text} at (248,0) size 9x19
          text run at (248,0) width 9: " ("
        RenderInline {A} at (0,0) size 122x19 [color=#0000EE]
          RenderText {#text} at (257,0) size 122x19
            text run at (257,0) width 122: "py8ieh@bath.ac.uk"
        RenderText {#text} at (379,0) size 9x19
          text run at (379,0) width 9: ")."
      RenderBlock {P} at (0,630) size 784x19
        RenderText {#text} at (0,0) size 182x19
          text run at (0,0) width 182: "Last updated in March 1999."
layer at (13,493) size 162x19
  RenderBlock {DIV} at (3,3) size 162x19
