layer at (0,0) size 800x600
  RenderView at (0,0) size 800x600
layer at (0,0) size 800x600
  RenderBlock {HTML} at (0,0) size 800x600
    RenderBody {BODY} at (8,8) size 784x584
      RenderTable {TABLE} at (0,0) size 58x200 [border: (1px outset #808080)]
        RenderTableSection {TBODY} at (1,1) size 56x198
          RenderTableRow {TR} at (0,2) size 56x194
            RenderTableCell {TD} at (2,2) size 52x194 [border: (1px inset #808080)] [r=0 c=0 rs=1 cs=1]
              RenderTable {TABLE} at (2,2) size 48x190 [border: (1px outset #808080)]
                RenderTableSection {TBODY} at (1,1) size 46x188
                  RenderTableRow {TR} at (0,2) size 46x58
                    RenderTableCell {TD} at (2,2) size 42x58 [border: (1px inset #808080)] [r=0 c=0 rs=1 cs=1]
                      RenderTable {TABLE} at (2,2) size 38x54 [border: (1px outset #808080)]
                        RenderTableSection {TBODY} at (1,1) size 36x52
                          RenderTableRow {TR} at (0,2) size 36x23
                            RenderTableCell {TD} at (2,2) size 32x23 [border: (1px inset #808080)] [r=0 c=0 rs=1 cs=1]
                              RenderText {#text} at (2,2) size 28x19
                                text run at (2,2) width 28: "30%"
                          RenderTableRow {TR} at (0,27) size 36x23
                            RenderTableCell {TD} at (2,27) size 32x23 [border: (1px inset #808080)] [r=1 c=0 rs=1 cs=1]
                              RenderText {#text} at (2,2) size 28x19
                                text run at (2,2) width 28: "70%"
                  RenderTableRow {TR} at (0,62) size 46x124
                    RenderTableCell {TD} at (2,112) size 42x23 [border: (1px inset #808080)] [r=1 c=0 rs=1 cs=1]
                      RenderText {#text} at (2,2) size 28x19
                        text run at (2,2) width 28: "70%"
