layer at (0,0) size 800x600
  RenderView at (0,0) size 800x600
layer at (0,0) size 800x600
  RenderBlock {HTML} at (0,0) size 800x600
    RenderBody {BODY} at (8,8) size 784x584
      RenderTable {TABLE} at (0,0) size 221x79 [border: (1px outset #808080)]
        RenderTableSection {TBODY} at (1,1) size 219x77
          RenderTableRow {TR} at (0,2) size 219x23
            RenderTableCell {TD} at (2,2) size 181x23 [border: (1px inset #808080)] [r=0 c=0 rs=1 cs=1]
              RenderText {#text} at (2,2) size 28x19
                text run at (2,2) width 28: "Test"
            RenderTableCell {TD} at (185,27) size 32x23 [border: (1px inset #808080)] [r=0 c=1 rs=3 cs=1]
              RenderText {#text} at (2,2) size 28x19
                text run at (2,2) width 28: "Test"
          RenderTableRow {TR} at (0,27) size 219x48
            RenderTableCell {TD} at (2,27) size 181x48 [border: (1px inset #808080)] [r=1 c=0 rs=1 cs=1]
              RenderBlock (anonymous) at (2,2) size 177x19
                RenderInline {SPAN} at (0,0) size 161x19
                  RenderText {#text} at (0,0) size 161x19
                    text run at (0,0) width 161: "This cell should be visible"
              RenderBlock (anonymous) at (2,21) size 177x25
                RenderTable {TABLE} at (0,0) size 177x25
                  RenderTableSection {TBODY} at (0,0) size 177x25
                    RenderTableRow {TR} at (0,2) size 177x21
                      RenderTableCell {TD} at (2,2) size 173x21 [r=0 c=0 rs=1 cs=1]
                        RenderText {#text} at (1,1) size 171x19
                          text run at (1,1) width 171: "This table should be visible"
              RenderBlock (anonymous) at (2,46) size 177x0
                RenderInline {SPAN} at (0,0) size 0x0
                RenderText {#text} at (0,0) size 0x0
