layer at (0,0) size 800x600
  RenderView at (0,0) size 800x600
layer at (0,0) size 800x600
  RenderBlock {HTML} at (0,0) size 800x600
    RenderBody {BODY} at (8,8) size 784x584 [bgcolor=#FFFFFF]
      RenderBlock (anonymous) at (0,0) size 784x19
        RenderText {#text} at (0,0) size 731x19
          text run at (0,0) width 731: "The bug causes the nested table containing the textarea to be positioned away from the left edge of the outer table "
        RenderBR {BR} at (731,14) size 0x0
      RenderTable {TABLE} at (242,19) size 300x64 [border: (1px outset #808080)]
        RenderTableSection {TBODY} at (1,1) size 298x62
          RenderTableRow {TR} at (0,2) size 298x58
            RenderTableCell {TD} at (2,2) size 294x58 [border: (1px inset #808080)] [r=0 c=0 rs=1 cs=1]
              RenderTable {TABLE} at (2,2) size 78x54 [border: (1px outset #808080)]
                RenderBlock {FORM} at (0,0) size 0x0
                RenderTableSection {TBODY} at (1,1) size 76x52
                  RenderTableRow {TR} at (0,2) size 76x48
                    RenderTableCell {TD} at (2,2) size 72x48 [border: (1px inset #808080)] [r=0 c=0 rs=1 cs=1]
                      RenderTextControl {TEXTAREA} at (4,4) size 64x40 [border: (1px solid #000000)]
                      RenderText {#text} at (0,0) size 0x0
layer at (263,40) size 62x38
  RenderBlock {DIV} at (1,1) size 62x38
    RenderText {#text} at (3,0) size 21x19
      text run at (3,0) width 21: "bar"
