layer at (0,0) size 800x1445
  RenderView at (0,0) size 800x600
layer at (0,0) size 800x1445
  RenderBlock {HTML} at (0,0) size 800x1445
    RenderBody {BODY} at (8,8) size 784x1429
      RenderBlock {P} at (0,0) size 784x19
        RenderText {#text} at (0,0) size 147x19
          text run at (0,0) width 147: "IFRAME inside TFOOT"
      RenderTable {TABLE} at (0,33) size 784x434 [border: (1px outset #808080)]
        RenderTableSection {THEAD} at (1,1) size 782x112
          RenderTableRow {TR} at (0,2) size 782x108
            RenderTableCell {TD} at (2,35) size 35x42 [border: (1px inset #808080)] [r=0 c=0 rs=1 cs=1]
              RenderText {#text} at (2,2) size 24x38
                text run at (2,2) width 9: "A"
                text run at (2,21) width 24: "Cell"
            RenderTableCell {TD} at (39,2) size 703x108 [border: (1px inset #808080)] [r=0 c=1 rs=1 cs=1]
              RenderInline {SPAN} at (0,0) size 652x104
                RenderText {#text} at (2,2) size 652x104
                  text run at (2,2) width 652: "THEAD blah blah blah blah blah blah"
                  text run at (2,54) width 136: "THEAD"
              RenderText {#text} at (0,0) size 0x0
            RenderTableCell {TD} at (744,35) size 36x42 [border: (1px inset #808080)] [r=0 c=2 rs=1 cs=1]
              RenderText {#text} at (2,2) size 24x38
                text run at (2,2) width 9: "A"
                text run at (2,21) width 24: "Cell"
        RenderTableSection {TFOOT} at (1,225) size 782x208
          RenderTableRow {TR} at (0,2) size 782x204
            RenderTableCell {TD} at (2,83) size 35x42 [border: (1px inset #808080)] [r=0 c=0 rs=1 cs=1]
              RenderText {#text} at (2,2) size 24x38
                text run at (2,2) width 9: "A"
                text run at (2,21) width 24: "Cell"
            RenderTableCell {TD} at (39,2) size 703x204 [border: (1px inset #808080)] [r=0 c=1 rs=1 cs=1]
              RenderPartObject {IFRAME} at (12,12) size 155x180 [border: (5px solid #FF0000)]
                layer at (0,0) size 125x150
                  RenderView at (0,0) size 125x150
                layer at (0,0) size 125x150
                  RenderBlock {HTML} at (0,0) size 125x150
                    RenderBody {BODY} at (8,8) size 109x134
              RenderText {#text} at (0,0) size 0x0
            RenderTableCell {TD} at (744,83) size 36x42 [border: (1px inset #808080)] [r=0 c=2 rs=1 cs=1]
              RenderText {#text} at (2,2) size 24x38
                text run at (2,2) width 9: "A"
                text run at (2,21) width 24: "Cell"
        RenderTableSection {TBODY} at (1,113) size 782x112
          RenderTableRow {TR} at (0,2) size 782x108
            RenderTableCell {TD} at (2,35) size 35x42 [border: (1px inset #808080)] [r=0 c=0 rs=1 cs=1]
              RenderText {#text} at (2,2) size 24x38
                text run at (2,2) width 9: "A"
                text run at (2,21) width 24: "Cell"
            RenderTableCell {TD} at (39,2) size 703x108 [border: (1px inset #808080)] [r=0 c=1 rs=1 cs=1]
              RenderInline {SPAN} at (0,0) size 654x104
                RenderText {#text} at (2,2) size 654x104
                  text run at (2,2) width 654: "TBODY blah blah blah blah blah blah"
                  text run at (2,54) width 138: "TBODY"
              RenderText {#text} at (0,0) size 0x0
            RenderTableCell {TD} at (744,35) size 36x42 [border: (1px inset #808080)] [r=0 c=2 rs=1 cs=1]
              RenderText {#text} at (2,2) size 24x38
                text run at (2,2) width 9: "A"
                text run at (2,21) width 24: "Cell"
      RenderBlock {P} at (0,481) size 784x19
        RenderText {#text} at (0,0) size 146x19
          text run at (0,0) width 146: "IFRAME inside TBODY"
      RenderTable {TABLE} at (0,514) size 784x434 [border: (1px outset #808080)]
        RenderTableSection {THEAD} at (1,1) size 782x112
          RenderTableRow {TR} at (0,2) size 782x108
            RenderTableCell {TD} at (2,35) size 35x42 [border: (1px inset #808080)] [r=0 c=0 rs=1 cs=1]
              RenderText {#text} at (2,2) size 24x38
                text run at (2,2) width 9: "A"
                text run at (2,21) width 24: "Cell"
            RenderTableCell {TD} at (39,2) size 703x108 [border: (1px inset #808080)] [r=0 c=1 rs=1 cs=1]
              RenderInline {SPAN} at (0,0) size 652x104
                RenderText {#text} at (2,2) size 652x104
                  text run at (2,2) width 652: "THEAD blah blah blah blah blah blah"
                  text run at (2,54) width 136: "THEAD"
              RenderText {#text} at (0,0) size 0x0
            RenderTableCell {TD} at (744,35) size 36x42 [border: (1px inset #808080)] [r=0 c=2 rs=1 cs=1]
              RenderText {#text} at (2,2) size 24x38
                text run at (2,2) width 9: "A"
                text run at (2,21) width 24: "Cell"
        RenderTableSection {TFOOT} at (1,321) size 782x112
          RenderTableRow {TR} at (0,2) size 782x108
            RenderTableCell {TD} at (2,35) size 35x42 [border: (1px inset #808080)] [r=0 c=0 rs=1 cs=1]
              RenderText {#text} at (2,2) size 24x38
                text run at (2,2) width 9: "A"
                text run at (2,21) width 24: "Cell"
            RenderTableCell {TD} at (39,2) size 703x108 [border: (1px inset #808080)] [r=0 c=1 rs=1 cs=1]
              RenderInline {SPAN} at (0,0) size 650x104
                RenderText {#text} at (2,2) size 650x104
                  text run at (2,2) width 650: "TFOOT blah blah blah blah blah blah"
                  text run at (2,54) width 134: "TFOOT"
              RenderText {#text} at (0,0) size 0x0
            RenderTableCell {TD} at (744,35) size 36x42 [border: (1px inset #808080)] [r=0 c=2 rs=1 cs=1]
              RenderText {#text} at (2,2) size 24x38
                text run at (2,2) width 9: "A"
                text run at (2,21) width 24: "Cell"
        RenderTableSection {TBODY} at (1,113) size 782x208
          RenderTableRow {TR} at (0,2) size 782x204
            RenderTableCell {TD} at (2,83) size 35x42 [border: (1px inset #808080)] [r=0 c=0 rs=1 cs=1]
              RenderText {#text} at (2,2) size 24x38
                text run at (2,2) width 9: "A"
                text run at (2,21) width 24: "Cell"
            RenderTableCell {TD} at (39,2) size 703x204 [border: (1px inset #808080)] [r=0 c=1 rs=1 cs=1]
              RenderPartObject {IFRAME} at (12,12) size 155x180 [border: (5px solid #FF0000)]
                layer at (0,0) size 125x150
                  RenderView at (0,0) size 125x150
                layer at (0,0) size 125x150
                  RenderBlock {HTML} at (0,0) size 125x150
                    RenderBody {BODY} at (8,8) size 109x134
              RenderText {#text} at (0,0) size 0x0
            RenderTableCell {TD} at (744,83) size 36x42 [border: (1px inset #808080)] [r=0 c=2 rs=1 cs=1]
              RenderText {#text} at (2,2) size 24x38
                text run at (2,2) width 9: "A"
                text run at (2,21) width 24: "Cell"
      RenderBlock {P} at (0,962) size 784x19
        RenderText {#text} at (0,0) size 145x19
          text run at (0,0) width 145: "IFRAME inside THEAD"
      RenderTable {TABLE} at (0,995) size 784x434 [border: (1px outset #808080)]
        RenderTableSection {THEAD} at (1,1) size 782x208
          RenderTableRow {TR} at (0,2) size 782x204
            RenderTableCell {TD} at (2,83) size 35x42 [border: (1px inset #808080)] [r=0 c=0 rs=1 cs=1]
              RenderText {#text} at (2,2) size 24x38
                text run at (2,2) width 9: "A"
                text run at (2,21) width 24: "Cell"
            RenderTableCell {TD} at (39,2) size 703x204 [border: (1px inset #808080)] [r=0 c=1 rs=1 cs=1]
              RenderPartObject {IFRAME} at (12,12) size 155x180 [border: (5px solid #FF0000)]
                layer at (0,0) size 125x150
                  RenderView at (0,0) size 125x150
                layer at (0,0) size 125x150
                  RenderBlock {HTML} at (0,0) size 125x150
                    RenderBody {BODY} at (8,8) size 109x134
              RenderText {#text} at (0,0) size 0x0
            RenderTableCell {TD} at (744,83) size 36x42 [border: (1px inset #808080)] [r=0 c=2 rs=1 cs=1]
              RenderText {#text} at (2,2) size 24x38
                text run at (2,2) width 9: "A"
                text run at (2,21) width 24: "Cell"
        RenderTableSection {TFOOT} at (1,321) size 782x112
          RenderTableRow {TR} at (0,2) size 782x108
            RenderTableCell {TD} at (2,35) size 35x42 [border: (1px inset #808080)] [r=0 c=0 rs=1 cs=1]
              RenderText {#text} at (2,2) size 24x38
                text run at (2,2) width 9: "A"
                text run at (2,21) width 24: "Cell"
            RenderTableCell {TD} at (39,2) size 703x108 [border: (1px inset #808080)] [r=0 c=1 rs=1 cs=1]
              RenderInline {SPAN} at (0,0) size 650x104
                RenderText {#text} at (2,2) size 650x104
                  text run at (2,2) width 650: "TFOOT blah blah blah blah blah blah"
                  text run at (2,54) width 134: "TFOOT"
              RenderText {#text} at (0,0) size 0x0
            RenderTableCell {TD} at (744,35) size 36x42 [border: (1px inset #808080)] [r=0 c=2 rs=1 cs=1]
              RenderText {#text} at (2,2) size 24x38
                text run at (2,2) width 9: "A"
                text run at (2,21) width 24: "Cell"
        RenderTableSection {TBODY} at (1,209) size 782x112
          RenderTableRow {TR} at (0,2) size 782x108
            RenderTableCell {TD} at (2,35) size 35x42 [border: (1px inset #808080)] [r=0 c=0 rs=1 cs=1]
              RenderText {#text} at (2,2) size 24x38
                text run at (2,2) width 9: "A"
                text run at (2,21) width 24: "Cell"
            RenderTableCell {TD} at (39,2) size 703x108 [border: (1px inset #808080)] [r=0 c=1 rs=1 cs=1]
              RenderInline {SPAN} at (0,0) size 654x104
                RenderText {#text} at (2,2) size 654x104
                  text run at (2,2) width 654: "TBODY blah blah blah blah blah blah"
                  text run at (2,54) width 138: "TBODY"
              RenderText {#text} at (0,0) size 0x0
            RenderTableCell {TD} at (744,35) size 36x42 [border: (1px inset #808080)] [r=0 c=2 rs=1 cs=1]
              RenderText {#text} at (2,2) size 24x38
                text run at (2,2) width 9: "A"
                text run at (2,21) width 24: "Cell"
