layer at (0,0) size 800x639
  RenderView at (0,0) size 800x600
layer at (0,0) size 800x639
  RenderBlock {HTML} at (0,0) size 800x639
    RenderBody {BODY} at (8,8) size 784x623 [bgcolor=#FFFFFF]
      RenderBlock {H2} at (0,0) size 784x29
        RenderText {#text} at (0,0) size 65x29
          text run at (0,0) width 65: "Test A"
      RenderBlock {DIV} at (0,46) size 784x65 [color=#008000]
        RenderTable {TABLE} at (0,0) size 278x65 [color=#000000] [border: (10px solid #000000)]
          RenderTableSection {TBODY} at (10,10) size 258x45
            RenderTableRow {TR} at (0,2) size 258x41 [color=#0000FF]
              RenderTableCell {TD} at (2,2) size 53x41 [border: (10px solid #0000FF)] [r=0 c=0 rs=1 cs=1]
                RenderText {#text} at (11,11) size 31x19
                  text run at (11,11) width 31: "Field"
              RenderTableCell {TD} at (57,2) size 199x41 [border: (10px solid #0000FF)] [r=0 c=1 rs=1 cs=1]
                RenderText {#text} at (11,11) size 177x19
                  text run at (11,11) width 177: "Records for Cropping Years"
      RenderBlock {H2} at (0,128) size 784x29
        RenderText {#text} at (0,0) size 65x29
          text run at (0,0) width 65: "Test B"
      RenderTable {TABLE} at (0,174) size 278x65 [border: (10px solid #000000)]
        RenderTableSection {TBODY} at (10,10) size 258x45
          RenderTableRow {TR} at (0,2) size 258x41 [color=#0000FF]
            RenderTableCell {TD} at (2,2) size 53x41 [border: (10px solid #0000FF)] [r=0 c=0 rs=1 cs=1]
              RenderText {#text} at (11,11) size 31x19
                text run at (11,11) width 31: "Field"
            RenderTableCell {TD} at (57,2) size 199x41 [border: (10px solid #0000FF)] [r=0 c=1 rs=1 cs=1]
              RenderText {#text} at (11,11) size 177x19
                text run at (11,11) width 177: "Records for Cropping Years"
      RenderBlock {H2} at (0,256) size 784x29
        RenderText {#text} at (0,0) size 65x29
          text run at (0,0) width 65: "Test C"
      RenderTable {TABLE} at (0,302) size 278x65 [color=#0000FF] [border: (10px solid #0000FF)]
        RenderTableSection {TBODY} at (10,10) size 258x45
          RenderTableRow {TR} at (0,2) size 258x41
            RenderTableCell {TD} at (2,2) size 53x41 [border: (10px solid #0000FF)] [r=0 c=0 rs=1 cs=1]
              RenderText {#text} at (11,11) size 31x19
                text run at (11,11) width 31: "Field"
            RenderTableCell {TD} at (57,2) size 199x41 [border: (10px solid #0000FF)] [r=0 c=1 rs=1 cs=1]
              RenderText {#text} at (11,11) size 177x19
                text run at (11,11) width 177: "Records for Cropping Years"
      RenderBlock {H2} at (0,384) size 784x29
        RenderText {#text} at (0,0) size 65x29
          text run at (0,0) width 65: "Test D"
      RenderTable {TABLE} at (0,430) size 278x65 [color=#0000FF] [border: (10px solid #0000FF)]
        RenderTableSection {TBODY} at (10,10) size 258x45
          RenderTableRow {TR} at (0,2) size 258x41
            RenderTableCell {TD} at (2,2) size 53x41 [border: (10px solid #0000FF)] [r=0 c=0 rs=1 cs=1]
              RenderText {#text} at (11,11) size 31x19
                text run at (11,11) width 31: "Field"
            RenderTableCell {TD} at (57,2) size 199x41 [border: (10px solid #0000FF)] [r=0 c=1 rs=1 cs=1]
              RenderText {#text} at (11,11) size 177x19
                text run at (11,11) width 177: "Records for Cropping Years"
      RenderBlock {H2} at (0,512) size 784x29
        RenderText {#text} at (0,0) size 64x29
          text run at (0,0) width 64: "Test E"
      RenderTable {TABLE} at (0,558) size 278x65 [color=#0000FF] [border: (10px solid #0000FF)]
        RenderTableSection {TBODY} at (10,10) size 258x45
          RenderTableRow {TR} at (0,2) size 258x41
            RenderTableCell {TD} at (2,2) size 53x41 [border: (10px solid #0000FF)] [r=0 c=0 rs=1 cs=1]
              RenderText {#text} at (11,11) size 31x19
                text run at (11,11) width 31: "Field"
            RenderTableCell {TD} at (57,2) size 199x41 [border: (10px solid #0000FF)] [r=0 c=1 rs=1 cs=1]
              RenderText {#text} at (11,11) size 177x19
                text run at (11,11) width 177: "Records for Cropping Years"
