layer at (0,0) size 800x600
  RenderView at (0,0) size 800x600
layer at (0,0) size 800x600
  RenderBlock {HTML} at (0,0) size 800x600
    RenderBody {BODY} at (8,8) size 784x584
      RenderBlock (anonymous) at (0,0) size 784x0
        RenderInline {FONT} at (0,0) size 0x0
      RenderTable {TABLE} at (0,0) size 292x41 [bgcolor=#FFFFFF] [border: (1px outset #808080)]
        RenderTableSection {TBODY} at (1,20) size 290x0
        RenderBlock {CAPTION} at (0,0) size 290x19
          RenderText {#text} at (83,0) size 123x19
            text run at (83,0) width 123: "Complete Price List"
        RenderTableSection {TBODY} at (1,20) size 290x20
          RenderTableRow {TR} at (0,0) size 290x20
            RenderTableCell {TD} at (0,0) size 60x20 [border: (1px inset #808080)] [r=0 c=0 rs=1 cs=1]
              RenderInline {FONT} at (0,0) size 56x16
                RenderText {#text} at (2,2) size 56x16
                  text run at (2,2) width 56: "Apple Store"
            RenderTableCell {TD} at (60,0) size 34x20 [border: (1px inset #808080)] [r=0 c=1 rs=1 cs=1]
              RenderInline {FONT} at (0,0) size 30x16
                RenderText {#text} at (2,2) size 30x16
                  text run at (2,2) width 30: "14415"
            RenderTableCell {TD} at (94,0) size 153x20 [border: (1px inset #808080)] [r=0 c=2 rs=1 cs=1]
              RenderInline {FONT} at (0,0) size 149x16
                RenderText {#text} at (2,2) size 149x16
                  text run at (2,2) width 149: "PB G3 \"FireWire\"-[256MB] 222"
            RenderTableCell {TD} at (247,0) size 43x20 [border: (1px inset #808080)] [r=0 c=3 rs=1 cs=1]
              RenderInline {FONT} at (0,0) size 39x16
                RenderText {#text} at (2,2) size 39x16
                  text run at (2,2) width 39: "$264.00"
