layer at (0,0) size 800x600
  RenderView at (0,0) size 800x600
layer at (0,0) size 800x600
  RenderBlock {HTML} at (0,0) size 800x600
    RenderBody {BODY} at (8,8) size 784x584 [bgcolor=#FFFFFF]
      RenderTable {TABLE} at (0,0) size 360x97 [border: (1px outset #808080)]
        RenderTableSection {TBODY} at (1,1) size 358x95
          RenderTableRow {TR} at (0,2) size 358x91
            RenderTableCell {TD} at (2,2) size 354x91 [border: (1px inset #808080)] [r=0 c=0 rs=1 cs=1]
              RenderTable {TABLE} at (2,2) size 350x87 [bgcolor=#FFCC99] [border: (1px outset #808080)]
                RenderTableSection {TBODY} at (1,1) size 348x85
                  RenderTableRow {TR} at (0,2) size 348x81
                    RenderTableCell {TD} at (2,14) size 243x56 [border: (1px inset #808080)] [r=0 c=0 rs=1 cs=2]
                      RenderInline {B} at (0,0) size 95x20
                        RenderText {#text} at (2,2) size 95x20
                          text run at (2,2) width 95: "Contact MPG:"
                      RenderText {#text} at (97,2) size 4x19
                        text run at (97,2) width 4: " "
                      RenderBR {BR} at (0,0) size 0x0
                      RenderInline {FONT} at (0,0) size 227x32
                        RenderInline {B} at (0,0) size 136x16
                          RenderInline {A} at (0,0) size 136x16 [color=#0000EE]
                            RenderText {#text} at (2,22) size 136x16
                              text run at (2,22) width 29: "Click "
                              text run at (31,22) width 107: "here to email full list"
                        RenderText {#text} at (138,22) size 66x16
                          text run at (138,22) width 66: ", or copy this "
                        RenderInline {A} at (0,0) size 227x32 [color=#0000EE]
                          RenderText {#text} at (204,22) size 227x32
                            text run at (204,22) width 16: "list "
                            text run at (220,22) width 9: "of"
                            text run at (2,38) width 52: "addresses"
                        RenderText {#text} at (54,38) size 35x16
                          text run at (54,38) width 35: ".  View "
                        RenderInline {A} at (0,0) size 72x16 [color=#0000EE]
                          RenderText {#text} at (89,38) size 72x16
                            text run at (89,38) width 72: "Who is in MPG"
                        RenderText {#text} at (161,38) size 3x16
                          text run at (161,38) width 3: "."
                      RenderText {#text} at (0,0) size 0x0
                    RenderTableCell {TD} at (247,2) size 99x81 [border: (1px inset #808080)] [r=0 c=2 rs=1 cs=1]
                      RenderInline {B} at (0,0) size 80x20
                        RenderText {#text} at (2,2) size 80x20
                          text run at (2,2) width 80: "MPG Rules:"
                      RenderText {#text} at (82,2) size 4x19
                        text run at (82,2) width 4: " "
                      RenderBR {BR} at (0,0) size 0x0
                      RenderText {#text} at (2,22) size 56x57
                        text run at (2,22) width 56: "Not at all"
                        text run at (2,41) width 46: "serious"
                        text run at (2,60) width 47: "bylaws."
