layer at (0,0) size 942x600
  RenderView at (0,0) size 800x600
layer at (0,0) size 942x600
  RenderBlock {HTML} at (0,0) size 800x600
    RenderBody {BODY} at (0,0) size 800x600 [color=#FFFF00] [bgcolor=#000000]
      RenderBlock {P} at (40,40) size 720x20
        RenderInline {B} at (0,0) size 259x20
          RenderText {#text} at (0,0) size 259x20
            text run at (0,0) width 259: "All cell borders should look the same."
      RenderTable {TABLE} at (40,74) size 902x196 [border: (1px outset #808080)]
        RenderTableCol {COL} at (0,0) size 0x0
        RenderTableSection {TBODY} at (1,1) size 900x194
          RenderTableRow {TR} at (0,0) size 900x21
            RenderTableCell {TD} at (0,0) size 900x21 [color=#00FF00] [bgcolor=#000000] [border: (1px inset #808080)] [r=0 c=0 rs=1 cs=3]
              RenderBlock {P} at (1,1) size 898x19
                RenderText {#text} at (383,0) size 132x19
                  text run at (383,0) width 132: "look at cell borders..."
          RenderTableRow {TR} at (0,21) size 900x173
            RenderTableCell {TD} at (0,154) size 300x40 [color=#00FF00] [bgcolor=#000000] [border: (1px inset #808080)] [r=1 c=0 rs=1 cs=1]
              RenderBlock {P} at (1,1) size 298x38
                RenderText {#text} at (128,0) size 42x19
                  text run at (128,0) width 42: "border"
                RenderBR {BR} at (170,14) size 0x0
                RenderText {#text} at (123,19) size 52x19
                  text run at (123,19) width 52: "bottom?"
            RenderTableCell {TD} at (300,21) size 300x173 [color=#00FF00] [bgcolor=#000000] [border: (1px inset #808080)] [r=1 c=1 rs=1 cs=1]
              RenderBlock {P} at (1,1) size 298x171
                RenderText {#text} at (125,0) size 47x19
                  text run at (125,0) width 47: "this cell"
                RenderBR {BR} at (172,14) size 0x0
                RenderText {#text} at (128,19) size 42x19
                  text run at (128,19) width 42: "border"
                RenderBR {BR} at (170,33) size 0x0
                RenderText {#text} at (137,38) size 23x19
                  text run at (137,38) width 23: "fine"
                RenderBR {BR} at (160,52) size 0x0
                RenderText {#text} at (125,57) size 47x19
                  text run at (125,57) width 47: "this cell"
                RenderBR {BR} at (172,71) size 0x0
                RenderText {#text} at (128,76) size 42x19
                  text run at (128,76) width 42: "border"
                RenderBR {BR} at (170,90) size 0x0
                RenderText {#text} at (137,95) size 23x19
                  text run at (137,95) width 23: "fine"
                RenderBR {BR} at (160,109) size 0x0
                RenderText {#text} at (125,114) size 47x19
                  text run at (125,114) width 47: "this cell"
                RenderBR {BR} at (172,128) size 0x0
                RenderText {#text} at (128,133) size 42x19
                  text run at (128,133) width 42: "border"
                RenderBR {BR} at (170,147) size 0x0
                RenderText {#text} at (137,152) size 23x19
                  text run at (137,152) width 23: "fine"
            RenderTableCell {TD} at (600,21) size 300x173 [color=#00FF00] [bgcolor=#000000] [border: (1px inset #808080)] [r=1 c=2 rs=1 cs=1]
              RenderBlock {P} at (1,1) size 298x171
                RenderText {#text} at (125,0) size 47x19
                  text run at (125,0) width 47: "this cell"
                RenderBR {BR} at (172,14) size 0x0
                RenderText {#text} at (128,19) size 42x19
                  text run at (128,19) width 42: "border"
                RenderBR {BR} at (170,33) size 0x0
                RenderText {#text} at (137,38) size 23x19
                  text run at (137,38) width 23: "fine"
                RenderBR {BR} at (160,52) size 0x0
                RenderText {#text} at (125,57) size 47x19
                  text run at (125,57) width 47: "this cell"
                RenderBR {BR} at (172,71) size 0x0
                RenderText {#text} at (128,76) size 42x19
                  text run at (128,76) width 42: "border"
                RenderBR {BR} at (170,90) size 0x0
                RenderText {#text} at (137,95) size 23x19
                  text run at (137,95) width 23: "fine"
                RenderBR {BR} at (160,109) size 0x0
                RenderText {#text} at (125,114) size 47x19
                  text run at (125,114) width 47: "this cell"
                RenderBR {BR} at (172,128) size 0x0
                RenderText {#text} at (128,133) size 42x19
                  text run at (128,133) width 42: "border"
                RenderBR {BR} at (170,147) size 0x0
                RenderText {#text} at (137,152) size 23x19
                  text run at (137,152) width 23: "fine"
