layer at (0,0) size 16468x600
  RenderView at (0,0) size 800x600
layer at (0,0) size 16468x600
  RenderBlock {HTML} at (0,0) size 800x600
    RenderBody {BODY} at (8,8) size 784x584
      RenderTable {TABLE} at (0,0) size 16460x114
        RenderTableCol {COL} at (0,0) size 0x0
        RenderTableCol {COL} at (0,0) size 0x0
        RenderTableCol {COL} at (0,0) size 0x0
        RenderTableCol {COL} at (0,0) size 0x0
        RenderTableCol {COL} at (0,0) size 0x0
        RenderTableCol {COL} at (0,0) size 0x0
        RenderTableCol {COL} at (0,0) size 0x0
        RenderTableCol {COL} at (0,0) size 0x0
        RenderTableSection {TBODY} at (0,0) size 16460x114
          RenderTableRow {TR} at (0,0) size 16460x19
            RenderTableCell {TD} at (0,0) size 588x19 [r=0 c=0 rs=1 cs=8]
              RenderText {#text} at (0,0) size 312x19
                text run at (0,0) width 312: "PRODUCT SPECIFICATIONS DAY CONTRACTS"
            RenderTableCell {TD} at (588,9) size 64x0 [r=0 c=8 rs=1 cs=1]
            RenderTableCell {TD} at (652,9) size 64x0 [r=0 c=9 rs=1 cs=1]
            RenderTableCell {TD} at (716,9) size 64x0 [r=0 c=10 rs=1 cs=1]
            RenderTableCell {TD} at (780,9) size 64x0 [r=0 c=11 rs=1 cs=1]
            RenderTableCell {TD} at (844,9) size 64x0 [r=0 c=12 rs=1 cs=1]
            RenderTableCell {TD} at (908,9) size 64x0 [r=0 c=13 rs=1 cs=1]
            RenderTableCell {TD} at (972,9) size 64x0 [r=0 c=14 rs=1 cs=1]
            RenderTableCell {TD} at (1036,9) size 64x0 [r=0 c=15 rs=1 cs=1]
            RenderTableCell {TD} at (1100,9) size 64x0 [r=0 c=16 rs=1 cs=1]
            RenderTableCell {TD} at (1164,9) size 64x0 [r=0 c=17 rs=1 cs=1]
            RenderTableCell {TD} at (1228,9) size 64x0 [r=0 c=18 rs=1 cs=1]
            RenderTableCell {TD} at (1292,9) size 64x0 [r=0 c=19 rs=1 cs=1]
            RenderTableCell {TD} at (1356,9) size 64x0 [r=0 c=20 rs=1 cs=1]
            RenderTableCell {TD} at (1420,9) size 64x0 [r=0 c=21 rs=1 cs=1]
            RenderTableCell {TD} at (1484,9) size 64x0 [r=0 c=22 rs=1 cs=1]
            RenderTableCell {TD} at (1548,9) size 64x0 [r=0 c=23 rs=1 cs=1]
            RenderTableCell {TD} at (1612,9) size 64x0 [r=0 c=24 rs=1 cs=1]
            RenderTableCell {TD} at (1676,9) size 64x0 [r=0 c=25 rs=1 cs=1]
          RenderTableRow {TR} at (0,19) size 16460x38
            RenderTableCell {TD} at (0,28) size 54x19 [r=1 c=0 rs=1 cs=1]
              RenderText {#text} at (0,0) size 49x19
                text run at (0,0) width 49: "Product"
            RenderTableCell {TD} at (54,28) size 54x19 [r=1 c=1 rs=1 cs=1]
              RenderText {#text} at (0,0) size 54x19
                text run at (0,0) width 54: "Contract"
            RenderTableCell {TD} at (108,28) size 70x19 [r=1 c=2 rs=1 cs=1]
              RenderText {#text} at (0,0) size 51x19
                text run at (0,0) width 51: "Belongs"
            RenderTableCell {TD} at (178,19) size 68x38 [r=1 c=3 rs=1 cs=1]
              RenderText {#text} at (0,0) size 55x38
                text run at (0,0) width 55: "First day"
                text run at (0,19) width 12: "of"
            RenderTableCell {TD} at (246,28) size 70x19 [r=1 c=4 rs=1 cs=1]
              RenderText {#text} at (0,0) size 70x19
                text run at (0,0) width 70: "Last day of"
            RenderTableCell {TD} at (316,28) size 92x19 [r=1 c=5 rs=1 cs=1]
              RenderText {#text} at (0,0) size 46x19
                text run at (0,0) width 46: "Date of"
            RenderTableCell {TD} at (408,28) size 122x19 [r=1 c=6 rs=1 cs=1]
              RenderText {#text} at (0,0) size 118x19
                text run at (0,0) width 118: "Settlement against"
            RenderTableCell {TD} at (530,28) size 58x19 [r=1 c=7 rs=1 cs=1]
              RenderText {#text} at (0,0) size 47x19
                text run at (0,0) width 47: "Quoted"
            RenderTableCell {TD} at (588,38) size 1152x0 [r=1 c=8 rs=1 cs=18]
          RenderTableRow {TR} at (0,57) size 16460x19
            RenderTableCell {TD} at (0,57) size 54x19 [r=2 c=0 rs=1 cs=1]
              RenderText {#text} at (0,0) size 38x19
                text run at (0,0) width 38: "series"
            RenderTableCell {TD} at (54,57) size 54x19 [r=2 c=1 rs=1 cs=1]
              RenderText {#text} at (0,0) size 36x19
                text run at (0,0) width 36: "hours"
            RenderTableCell {TD} at (108,57) size 70x19 [r=2 c=2 rs=1 cs=1]
              RenderText {#text} at (0,0) size 12x19
                text run at (0,0) width 12: "to"
            RenderTableCell {TD} at (178,57) size 68x19 [r=2 c=3 rs=1 cs=1]
              RenderText {#text} at (0,0) size 44x19
                text run at (0,0) width 44: "trading"
            RenderTableCell {TD} at (246,57) size 70x19 [r=2 c=4 rs=1 cs=1]
              RenderText {#text} at (0,0) size 44x19
                text run at (0,0) width 44: "trading"
            RenderTableCell {TD} at (316,57) size 92x19 [r=2 c=5 rs=1 cs=1]
              RenderText {#text} at (0,0) size 66x19
                text run at (0,0) width 66: "settlement"
            RenderTableCell {TD} at (408,57) size 122x19 [r=2 c=6 rs=1 cs=1]
              RenderText {#text} at (0,0) size 4x19
                text run at (0,0) width 4: " "
            RenderTableCell {TD} at (530,57) size 58x19 [r=2 c=7 rs=1 cs=1]
              RenderText {#text} at (0,0) size 55x19
                text run at (0,0) width 55: "currency"
            RenderTableCell {TD} at (588,66) size 1152x0 [r=2 c=8 rs=1 cs=18]
          RenderTableRow {TR} at (0,76) size 16460x38
            RenderTableCell {TD} at (0,76) size 54x38 [r=3 c=0 rs=1 cs=1]
              RenderText {#text} at (0,0) size 47x38
                text run at (0,0) width 47: "D0101-"
                text run at (0,19) width 16: "00"
            RenderTableCell {TD} at (54,85) size 54x19 [r=3 c=1 rs=1 cs=1]
              RenderText {#text} at (0,0) size 16x19
                text run at (0,0) width 16: "24"
            RenderTableCell {TD} at (108,76) size 70x38 [r=3 c=2 rs=1 cs=1]
              RenderText {#text} at (0,0) size 61x38
                text run at (0,0) width 61: "Week 52-"
                text run at (0,19) width 16: "99"
            RenderTableCell {TD} at (178,85) size 68x19 [r=3 c=3 rs=1 cs=1]
              RenderText {#text} at (0,0) size 56x19
                text run at (0,0) width 56: "12/23/99"
            RenderTableCell {TD} at (246,85) size 70x19 [r=3 c=4 rs=1 cs=1]
              RenderText {#text} at (0,0) size 56x19
                text run at (0,0) width 56: "12/30/99"
            RenderTableCell {TD} at (316,85) size 92x19 [r=3 c=5 rs=1 cs=1]
              RenderText {#text} at (0,0) size 40x19
                text run at (0,0) width 40: "1/1/00"
            RenderTableCell {TD} at (408,76) size 122x38 [r=3 c=6 rs=1 cs=1]
              RenderText {#text} at (0,0) size 83x38
                text run at (0,0) width 83: "System Price"
                text run at (0,19) width 39: "Elspot"
            RenderTableCell {TD} at (530,85) size 58x19 [r=3 c=7 rs=1 cs=1]
              RenderText {#text} at (0,0) size 30x19
                text run at (0,0) width 30: "NOK"
            RenderTableCell {TD} at (588,95) size 1152x0 [r=3 c=8 rs=1 cs=18]
