layer at (0,0) size 800x600
  RenderView at (0,0) size 800x600
layer at (0,0) size 800x600
  RenderBlock {HTML} at (0,0) size 800x600
    RenderBody {BODY} at (8,8) size 784x584
      RenderTable {TABLE} at (0,0) size 102x51 [border: (5px outset #808080)]
        RenderTableSection {TBODY} at (5,5) size 92x41
          RenderTableRow {TR} at (0,2) size 92x37
            RenderTableCell {TD} at (2,2) size 88x37 [border: (1px inset #808080)] [r=0 c=0 rs=1 cs=1]
              RenderTable {TABLE} at (2,2) size 84x33 [border: (3px outset #808080)]
                RenderTableSection {TBODY} at (3,3) size 78x27
                  RenderTableRow {TR} at (0,2) size 78x23
                    RenderTableCell {TD} at (2,2) size 74x23 [border: (1px inset #808080)] [r=0 c=0 rs=1 cs=1]
                      RenderText {#text} at (2,2) size 70x19
                        text run at (2,2) width 70: "Inner Right"
      RenderTable {TABLE} at (0,51) size 93x51 [border: (5px outset #808080)]
        RenderTableSection {TBODY} at (5,5) size 83x41
          RenderTableRow {TR} at (0,2) size 83x37
            RenderTableCell {TD} at (2,2) size 79x37 [border: (1px inset #808080)] [r=0 c=0 rs=1 cs=1]
              RenderTable {TABLE} at (2,2) size 75x33 [border: (3px outset #808080)]
                RenderTableSection {TBODY} at (3,3) size 69x27
                  RenderTableRow {TR} at (0,2) size 69x23
                    RenderTableCell {TD} at (2,2) size 65x23 [border: (1px inset #808080)] [r=0 c=0 rs=1 cs=1]
                      RenderText {#text} at (2,2) size 61x19
                        text run at (2,2) width 61: "Inner Left"
