layer at (0,0) size 800x600
  RenderView at (0,0) size 800x600
layer at (0,0) size 800x600
  RenderBlock {HTML} at (0,0) size 800x600
    RenderBody {BODY} at (8,8) size 784x584
      RenderTable {TABLE} at (0,0) size 784x230 [border: (2px outset #808080)]
        RenderTableSection {TBODY} at (2,2) size 780x226
          RenderTableRow {TR} at (0,2) size 780x222
            RenderTableCell {TD} at (2,2) size 776x222 [border: (1px inset #808080)] [r=0 c=0 rs=1 cs=1]
              RenderBlock (anonymous) at (2,2) size 772x19
                RenderText {#text} at (0,0) size 9x19
                  text run at (0,0) width 9: "Y"
                RenderTable {TABLE} at (548,0) size 224x218
                  RenderTableSection {TBODY} at (0,0) size 224x218
                    RenderTableRow {TR} at (0,0) size 224x163
                      RenderTableCell {TD} at (0,108) size 10x1 [r=0 c=0 rs=4 cs=1]
                        RenderImage {IMG} at (0,0) size 10x1
                      RenderTableCell {TD} at (10,0) size 214x163 [r=0 c=1 rs=1 cs=1]
                        RenderImage {IMG} at (0,0) size 214x163
                    RenderTableRow {TR} at (0,163) size 224x8
                      RenderTableCell {TD} at (10,163) size 214x8 [r=1 c=1 rs=1 cs=1]
                        RenderImage {IMG} at (0,0) size 1x8
                    RenderTableRow {TR} at (0,171) size 224x39
                      RenderTableCell {TD} at (10,171) size 214x39 [r=2 c=1 rs=1 cs=1]
                        RenderInline {FONT} at (0,0) size 209x39 [color=#666600]
                          RenderText {#text} at (0,0) size 209x39
                            text run at (0,0) width 209: "CleanSweep Deluxe tracks the files you use most"
                            text run at (0,13) width 206: "often, then recommends rarely used ones for you"
                            text run at (0,26) width 39: "to delete."
                          RenderBR {BR} at (39,35) size 0x0
                    RenderTableRow {TR} at (0,210) size 224x8
                      RenderTableCell {TD} at (10,210) size 214x8 [r=3 c=1 rs=1 cs=1]
                        RenderImage {IMG} at (0,0) size 1x8
                RenderText {#text} at (0,0) size 0x0
              RenderBlock {P} at (2,35) size 772x19
                RenderText {#text} at (0,0) size 9x19
                  text run at (0,0) width 9: "X"
