layer at (0,0) size 800x600
  RenderView at (0,0) size 800x600
layer at (0,0) size 800x600
  RenderBlock {HTML} at (0,0) size 800x600
    RenderBody {BODY} at (8,8) size 784x584
      RenderTable {TABLE} at (0,0) size 784x66 [bgcolor=#00FFFF] [border: (1px outset #808080)]
        RenderTableSection {TBODY} at (1,1) size 782x64
          RenderTableRow {TR} at (0,2) size 782x60
            RenderTableCell {TD} at (2,2) size 304x60 [border: (1px inset #808080)] [r=0 c=0 rs=1 cs=1]
              RenderInline {FONT} at (0,0) size 87x36 [color=#0000FF]
                RenderText {#text} at (2,2) size 87x36
                  text run at (2,2) width 87: "Mozilla"
              RenderText {#text} at (89,15) size 266x43
                text run at (89,15) width 152: " code available under a "
                text run at (241,15) width 27: "dual"
                text run at (2,39) width 117: "MPL/GPL license. "
                text run at (119,39) width 138: "See the for more info."
              RenderBR {BR} at (257,53) size 0x0
            RenderTableCell {TD} at (308,20) size 472x23 [border: (1px inset #808080)] [r=0 c=1 rs=1 cs=1]
              RenderText {#text} at (2,2) size 241x19
                text run at (2,2) width 241: "foo bar foo bar foo bar foo bar foo bar"
      RenderBlock (anonymous) at (0,66) size 784x51
        RenderBR {BR} at (0,0) size 0x19
        RenderButton {INPUT} at (2,21) size 52x28 [bgcolor=#C0C0C0]
          RenderBlock (anonymous) at (6,6) size 40x17
            RenderText at (0,0) size 40x17
              text run at (0,0) width 40: "Reload"
        RenderText {#text} at (56,25) size 8x19
          text run at (56,25) width 8: "  "
        RenderButton {INPUT} at (66,21) size 83x28 [bgcolor=#C0C0C0]
          RenderBlock (anonymous) at (6,6) size 71x17
            RenderText at (0,0) size 71x17
              text run at (0,0) width 71: "Change Font"
        RenderText {#text} at (151,25) size 8x19
          text run at (151,25) width 8: "  "
        RenderTextControl {INPUT} at (161,22) size 168x25 [border: (2px inset #000000)]
        RenderText {#text} at (0,0) size 0x0
        RenderText {#text} at (0,0) size 0x0
        RenderText {#text} at (0,0) size 0x0
layer at (172,99) size 162x19
  RenderBlock {DIV} at (3,3) size 162x19
    RenderText {#text} at (1,0) size 8x19
      text run at (1,0) width 8: "6"
