layer at (0,0) size 800x600
  RenderView at (0,0) size 800x600
layer at (0,0) size 800x137
  RenderBlock {HTML} at (0,0) size 800x8
    RenderBody {BODY} at (8,8) size 784x0 [bgcolor=#FFFFFF]
      RenderTable {TABLE} at (0,0) size 81x124
        RenderBlock {CAPTION} at (0,0) size 81x19
          RenderText {#text} at (0,0) size 81x19
            text run at (0,0) width 81: "height=\"105\""
        RenderTableSection {TBODY} at (0,19) size 81x105
          RenderTableRow {TR} at (0,0) size 81x21
            RenderTableCell {TD} at (0,0) size 81x21 [r=0 c=0 rs=1 cs=1]
              RenderText {#text} at (1,1) size 61x19
                text run at (1,1) width 61: "Entry #01"
          RenderTableRow {TR} at (0,21) size 81x21
            RenderTableCell {TD} at (0,21) size 81x21 [r=1 c=0 rs=1 cs=1]
              RenderText {#text} at (1,1) size 61x19
                text run at (1,1) width 61: "Entry #02"
          RenderTableRow {TR} at (0,42) size 81x21
            RenderTableCell {TD} at (0,42) size 81x21 [r=2 c=0 rs=1 cs=1]
              RenderText {#text} at (1,1) size 61x19
                text run at (1,1) width 61: "Entry #03"
          RenderTableRow {TR} at (0,63) size 81x21
            RenderTableCell {TD} at (0,63) size 81x21 [r=3 c=0 rs=1 cs=1]
              RenderText {#text} at (1,1) size 61x19
                text run at (1,1) width 61: "Entry #04"
          RenderTableRow {TR} at (0,84) size 81x21
            RenderTableCell {TD} at (0,84) size 81x21 [r=4 c=0 rs=1 cs=1]
              RenderText {#text} at (1,1) size 61x19
                text run at (1,1) width 61: "Entry #05"
      RenderTable {TABLE} at (81,0) size 81x125
        RenderBlock {CAPTION} at (0,0) size 81x19
          RenderText {#text} at (0,0) size 81x19
            text run at (0,0) width 81: "height=\"106\""
        RenderTableSection {TBODY} at (0,19) size 81x106
          RenderTableRow {TR} at (0,0) size 81x21
            RenderTableCell {TD} at (0,0) size 81x21 [r=0 c=0 rs=1 cs=1]
              RenderText {#text} at (1,1) size 61x19
                text run at (1,1) width 61: "Entry #01"
          RenderTableRow {TR} at (0,21) size 81x21
            RenderTableCell {TD} at (0,21) size 81x21 [r=1 c=0 rs=1 cs=1]
              RenderText {#text} at (1,1) size 61x19
                text run at (1,1) width 61: "Entry #02"
          RenderTableRow {TR} at (0,42) size 81x21
            RenderTableCell {TD} at (0,42) size 81x21 [r=2 c=0 rs=1 cs=1]
              RenderText {#text} at (1,1) size 61x19
                text run at (1,1) width 61: "Entry #03"
          RenderTableRow {TR} at (0,63) size 81x21
            RenderTableCell {TD} at (0,63) size 81x21 [r=3 c=0 rs=1 cs=1]
              RenderText {#text} at (1,1) size 61x19
                text run at (1,1) width 61: "Entry #04"
          RenderTableRow {TR} at (0,84) size 81x22
            RenderTableCell {TD} at (0,84) size 81x21 [r=4 c=0 rs=1 cs=1]
              RenderText {#text} at (1,1) size 61x19
                text run at (1,1) width 61: "Entry #05"
      RenderTable {TABLE} at (162,0) size 81x126
        RenderBlock {CAPTION} at (0,0) size 81x19
          RenderText {#text} at (0,0) size 81x19
            text run at (0,0) width 81: "height=\"107\""
        RenderTableSection {TBODY} at (0,19) size 81x107
          RenderTableRow {TR} at (0,0) size 81x21
            RenderTableCell {TD} at (0,0) size 81x21 [r=0 c=0 rs=1 cs=1]
              RenderText {#text} at (1,1) size 61x19
                text run at (1,1) width 61: "Entry #01"
          RenderTableRow {TR} at (0,21) size 81x21
            RenderTableCell {TD} at (0,21) size 81x21 [r=1 c=0 rs=1 cs=1]
              RenderText {#text} at (1,1) size 61x19
                text run at (1,1) width 61: "Entry #02"
          RenderTableRow {TR} at (0,42) size 81x21
            RenderTableCell {TD} at (0,42) size 81x21 [r=2 c=0 rs=1 cs=1]
              RenderText {#text} at (1,1) size 61x19
                text run at (1,1) width 61: "Entry #03"
          RenderTableRow {TR} at (0,63) size 81x22
            RenderTableCell {TD} at (0,63) size 81x21 [r=3 c=0 rs=1 cs=1]
              RenderText {#text} at (1,1) size 61x19
                text run at (1,1) width 61: "Entry #04"
          RenderTableRow {TR} at (0,85) size 81x22
            RenderTableCell {TD} at (0,85) size 81x21 [r=4 c=0 rs=1 cs=1]
              RenderText {#text} at (1,1) size 61x19
                text run at (1,1) width 61: "Entry #05"
      RenderTable {TABLE} at (243,0) size 81x127
        RenderBlock {CAPTION} at (0,0) size 81x19
          RenderText {#text} at (0,0) size 81x19
            text run at (0,0) width 81: "height=\"108\""
        RenderTableSection {TBODY} at (0,19) size 81x108
          RenderTableRow {TR} at (0,0) size 81x21
            RenderTableCell {TD} at (0,0) size 81x21 [r=0 c=0 rs=1 cs=1]
              RenderText {#text} at (1,1) size 61x19
                text run at (1,1) width 61: "Entry #01"
          RenderTableRow {TR} at (0,21) size 81x21
            RenderTableCell {TD} at (0,21) size 81x21 [r=1 c=0 rs=1 cs=1]
              RenderText {#text} at (1,1) size 61x19
                text run at (1,1) width 61: "Entry #02"
          RenderTableRow {TR} at (0,42) size 81x22
            RenderTableCell {TD} at (0,42) size 81x21 [r=2 c=0 rs=1 cs=1]
              RenderText {#text} at (1,1) size 61x19
                text run at (1,1) width 61: "Entry #03"
          RenderTableRow {TR} at (0,64) size 81x22
            RenderTableCell {TD} at (0,64) size 81x21 [r=3 c=0 rs=1 cs=1]
              RenderText {#text} at (1,1) size 61x19
                text run at (1,1) width 61: "Entry #04"
          RenderTableRow {TR} at (0,86) size 81x22
            RenderTableCell {TD} at (0,86) size 81x21 [r=4 c=0 rs=1 cs=1]
              RenderText {#text} at (1,1) size 61x19
                text run at (1,1) width 61: "Entry #05"
      RenderTable {TABLE} at (324,0) size 81x128
        RenderBlock {CAPTION} at (0,0) size 81x19
          RenderText {#text} at (0,0) size 81x19
            text run at (0,0) width 81: "height=\"109\""
        RenderTableSection {TBODY} at (0,19) size 81x109
          RenderTableRow {TR} at (0,0) size 81x21
            RenderTableCell {TD} at (0,0) size 81x21 [r=0 c=0 rs=1 cs=1]
              RenderText {#text} at (1,1) size 61x19
                text run at (1,1) width 61: "Entry #01"
          RenderTableRow {TR} at (0,21) size 81x22
            RenderTableCell {TD} at (0,21) size 81x21 [r=1 c=0 rs=1 cs=1]
              RenderText {#text} at (1,1) size 61x19
                text run at (1,1) width 61: "Entry #02"
          RenderTableRow {TR} at (0,43) size 81x22
            RenderTableCell {TD} at (0,43) size 81x21 [r=2 c=0 rs=1 cs=1]
              RenderText {#text} at (1,1) size 61x19
                text run at (1,1) width 61: "Entry #03"
          RenderTableRow {TR} at (0,65) size 81x22
            RenderTableCell {TD} at (0,65) size 81x21 [r=3 c=0 rs=1 cs=1]
              RenderText {#text} at (1,1) size 61x19
                text run at (1,1) width 61: "Entry #04"
          RenderTableRow {TR} at (0,87) size 81x22
            RenderTableCell {TD} at (0,87) size 81x21 [r=4 c=0 rs=1 cs=1]
              RenderText {#text} at (1,1) size 61x19
                text run at (1,1) width 61: "Entry #05"
      RenderTable {TABLE} at (405,0) size 81x129
        RenderBlock {CAPTION} at (0,0) size 81x19
          RenderText {#text} at (0,0) size 81x19
            text run at (0,0) width 81: "height=\"110\""
        RenderTableSection {TBODY} at (0,19) size 81x110
          RenderTableRow {TR} at (0,0) size 81x22
            RenderTableCell {TD} at (0,0) size 81x21 [r=0 c=0 rs=1 cs=1]
              RenderText {#text} at (1,1) size 61x19
                text run at (1,1) width 61: "Entry #01"
          RenderTableRow {TR} at (0,22) size 81x22
            RenderTableCell {TD} at (0,22) size 81x21 [r=1 c=0 rs=1 cs=1]
              RenderText {#text} at (1,1) size 61x19
                text run at (1,1) width 61: "Entry #02"
          RenderTableRow {TR} at (0,44) size 81x22
            RenderTableCell {TD} at (0,44) size 81x21 [r=2 c=0 rs=1 cs=1]
              RenderText {#text} at (1,1) size 61x19
                text run at (1,1) width 61: "Entry #03"
          RenderTableRow {TR} at (0,66) size 81x22
            RenderTableCell {TD} at (0,66) size 81x21 [r=3 c=0 rs=1 cs=1]
              RenderText {#text} at (1,1) size 61x19
                text run at (1,1) width 61: "Entry #04"
          RenderTableRow {TR} at (0,88) size 81x22
            RenderTableCell {TD} at (0,88) size 81x21 [r=4 c=0 rs=1 cs=1]
              RenderText {#text} at (1,1) size 61x19
                text run at (1,1) width 61: "Entry #05"
