layer at (0,0) size 800x600
  RenderView at (0,0) size 800x600
layer at (0,0) size 800x600
  RenderBlock {HTML} at (0,0) size 800x600
    RenderBody {BODY} at (8,8) size 784x584 [bgcolor=#FFFCCC]
      RenderBlock {CENTER} at (0,0) size 784x128
        RenderTable {TABLE} at (92,0) size 600x128
          RenderTableSection {TBODY} at (0,0) size 600x128
            RenderTableRow {TR} at (0,0) size 600x94
              RenderTableCell {TD} at (0,0) size 150x38 [r=0 c=0 rs=1 cs=1]
                RenderBlock {CENTER} at (0,0) size 150x38
                  RenderInline {IFRAMEX} at (0,0) size 0x38
                    RenderText {#text} at (0,0) size 0x0
                    RenderBR {BR} at (75,0) size 0x19
                    RenderBR {BR} at (75,19) size 0x19
              RenderTableCell {TD} at (150,0) size 1x1 [bgcolor=#FFFFFF] [r=0 c=1 rs=1 cs=1]
                RenderImage {IMG} at (0,0) size 1x1
                RenderText {#text} at (0,0) size 0x0
              RenderTableCell {TD} at (151,0) size 449x94 [r=0 c=2 rs=1 cs=1]
                RenderTable {TABLE} at (0,0) size 449x65
                  RenderTableSection {TBODY} at (0,0) size 449x65
                    RenderTableRow {TR} at (0,2) size 449x61
                      RenderTableCell {TD} at (2,2) size 445x61 [r=0 c=0 rs=1 cs=1]
                        RenderBlock {P} at (2,2) size 441x57
                          RenderText {#text} at (0,0) size 147x19
                            text run at (0,0) width 147: "IMPROVE YOUR SITE "
                          RenderBR {BR} at (147,14) size 0x0
                          RenderText {#text} at (0,19) size 431x38
                            text run at (0,19) width 431: "In this week's Home Improvements you can find an article on how to"
                            text run at (0,38) width 260: "spice up your page by using imagemaps."
                        RenderBlock {P} at (2,73) size 441x0
                RenderTable {TABLE} at (0,65) size 449x29
                  RenderTableSection {TBODY} at (0,0) size 449x29
                    RenderTableRow {TR} at (0,2) size 449x25
                      RenderTableCell {TD} at (2,2) size 445x25 [r=0 c=0 rs=1 cs=1]
                        RenderInline {A} at (0,0) size 92x19 [color=#0000EE]
                          RenderText {#text} at (352,5) size 42x19
                            text run at (352,5) width 42: "MORE"
                          RenderImage {IMG} at (394,1) size 50x18
                        RenderText {#text} at (0,0) size 0x0
            RenderTableRow {TR} at (0,94) size 600x34
              RenderTableCell {TD} at (0,94) size 600x34 [r=1 c=0 rs=1 cs=3]
                RenderBlock (anonymous) at (0,0) size 600x1
                  RenderImage {IMG} at (0,0) size 600x1
                RenderBlock {P} at (0,15) size 600x19
                  RenderBR {BR} at (300,0) size 0x19
