layer at (0,0) size 800x600
  RenderView at (0,0) size 800x600
layer at (0,0) size 800x600
  RenderBlock {HTML} at (0,0) size 800x600
    RenderBody {BODY} at (8,8) size 784x584
      RenderTable {TABLE} at (0,0) size 784x365 [border: none]
        RenderTableSection {TBODY} at (0,0) size 783x364
          RenderTableRow {TR} at (0,0) size 783x23
            RenderTableCell {TH} at (0,0) size 111x23 [border: (1px solid #005A8C)] [r=0 c=0 rs=1 cs=1]
              RenderText {#text} at (42,2) size 27x20
                text run at (42,2) width 27: "Sun"
            RenderTableCell {TH} at (111,0) size 112x23 [border: (1px solid #005A8C)] [r=0 c=1 rs=1 cs=1]
              RenderText {#text} at (41,2) size 30x20
                text run at (41,2) width 30: "Mon"
            RenderTableCell {TH} at (223,0) size 112x23 [border: (1px solid #005A8C)] [r=0 c=2 rs=1 cs=1]
              RenderText {#text} at (43,2) size 26x20
                text run at (43,2) width 26: "Tue"
            RenderTableCell {TH} at (335,0) size 112x23 [border: (1px solid #005A8C)] [r=0 c=3 rs=1 cs=1]
              RenderText {#text} at (41,2) size 30x20
                text run at (41,2) width 30: "Wed"
            RenderTableCell {TH} at (447,0) size 112x23 [border: (1px solid #005A8C)] [r=0 c=4 rs=1 cs=1]
              RenderText {#text} at (43,2) size 27x20
                text run at (43,2) width 27: "Thu"
            RenderTableCell {TH} at (559,0) size 112x23 [border: (1px solid #005A8C)] [r=0 c=5 rs=1 cs=1]
              RenderText {#text} at (47,2) size 18x20
                text run at (47,2) width 18: "Fri"
            RenderTableCell {TH} at (671,0) size 112x23 [border: (1px solid #005A8C)] [r=0 c=6 rs=1 cs=1]
              RenderText {#text} at (45,2) size 22x20
                text run at (45,2) width 22: "Sat"
          RenderTableRow {TR} at (0,23) size 783x41
            RenderTableCell {TD} at (0,23) size 559x3 [border: (1px solid #005A8C)] [r=1 c=0 rs=1 cs=5]
            RenderTableCell {TD} at (559,23) size 112x41 [border: (1px solid #005A8C)] [r=1 c=5 rs=1 cs=1]
              RenderBlock {DIV} at (2,2) size 109x19
                RenderText {#text} at (0,0) size 8x19
                  text run at (0,0) width 8: "1"
              RenderBlock {DIV} at (2,21) size 109x19
                RenderText {#text} at (0,0) size 28x19
                  text run at (0,0) width 28: "7:50"
            RenderTableCell {TD} at (671,23) size 112x41 [border: (1px solid #005A8C)] [r=1 c=6 rs=1 cs=1]
              RenderBlock {DIV} at (2,2) size 109x19
                RenderText {#text} at (0,0) size 8x19
                  text run at (0,0) width 8: "2"
              RenderBlock (anonymous) at (2,21) size 109x19
                RenderText {#text} at (0,0) size 94x19
                  text run at (0,0) width 94: "Althea Halliday"
                RenderBR {BR} at (94,14) size 0x0
          RenderTableRow {TR} at (0,64) size 783x79
            RenderTableCell {TD} at (0,64) size 111x79 [border: (1px solid #005A8C)] [r=2 c=0 rs=1 cs=1]
              RenderBlock {DIV} at (2,2) size 108x19
                RenderText {#text} at (0,0) size 8x19
                  text run at (0,0) width 8: "3"
              RenderBlock (anonymous) at (2,21) size 108x57
                RenderText {#text} at (0,0) size 61x19
                  text run at (0,0) width 61: "CHORTle"
                RenderBR {BR} at (61,14) size 0x0
                RenderText {#text} at (0,19) size 68x38
                  text run at (0,19) width 59: "Avondale"
                  text run at (0,38) width 68: "graduation"
            RenderTableCell {TD} at (111,64) size 112x41 [border: (1px solid #005A8C)] [r=2 c=1 rs=1 cs=1]
              RenderBlock {DIV} at (2,2) size 109x19
                RenderText {#text} at (0,0) size 8x19
                  text run at (0,0) width 8: "4"
              RenderBlock (anonymous) at (2,21) size 109x19
                RenderBR {BR} at (0,0) size 0x19
            RenderTableCell {TD} at (223,64) size 112x60 [border: (1px solid #005A8C)] [r=2 c=2 rs=1 cs=1]
              RenderBlock {DIV} at (2,2) size 109x19
                RenderText {#text} at (0,0) size 8x19
                  text run at (0,0) width 8: "5"
              RenderBlock (anonymous) at (2,21) size 109x38
                RenderText {#text} at (0,0) size 80x38
                  text run at (0,0) width 80: "SAC Speech"
                  text run at (0,19) width 31: "night"
            RenderTableCell {TD} at (335,64) size 112x60 [border: (1px solid #005A8C)] [r=2 c=3 rs=1 cs=1]
              RenderBlock {DIV} at (2,2) size 109x19
                RenderText {#text} at (0,0) size 8x19
                  text run at (0,0) width 8: "6"
              RenderBlock (anonymous) at (2,21) size 109x38
                RenderText {#text} at (0,0) size 84x38
                  text run at (0,0) width 84: "Management"
                  text run at (0,19) width 66: "committee"
            RenderTableCell {TD} at (447,64) size 112x79 [border: (1px solid #005A8C)] [r=2 c=4 rs=1 cs=1]
              RenderBlock {DIV} at (2,2) size 109x19
                RenderText {#text} at (0,0) size 8x19
                  text run at (0,0) width 8: "7"
              RenderBlock (anonymous) at (2,21) size 109x57
                RenderText {#text} at (0,0) size 93x57
                  text run at (0,0) width 91: "Castle Hill and"
                  text run at (0,19) width 93: "Mountain View"
                  text run at (0,38) width 90: "Speech nights"
            RenderTableCell {TD} at (559,64) size 112x41 [border: (1px solid #005A8C)] [r=2 c=5 rs=1 cs=1]
              RenderBlock {DIV} at (2,2) size 109x19
                RenderText {#text} at (0,0) size 8x19
                  text run at (0,0) width 8: "8"
              RenderBlock {DIV} at (2,21) size 109x19
                RenderText {#text} at (0,0) size 28x19
                  text run at (0,0) width 28: "7:56"
            RenderTableCell {TD} at (671,64) size 112x41 [border: (1px solid #005A8C)] [r=2 c=6 rs=1 cs=1]
              RenderBlock {DIV} at (2,2) size 109x19
                RenderText {#text} at (0,0) size 8x19
                  text run at (0,0) width 8: "9"
              RenderBlock (anonymous) at (2,21) size 109x19
                RenderText {#text} at (0,0) size 88x19
                  text run at (0,0) width 88: "Reconciliation"
          RenderTableRow {TR} at (0,143) size 783x79
            RenderTableCell {TD} at (0,143) size 111x41 [border: (1px solid #005A8C)] [r=3 c=0 rs=1 cs=1]
              RenderBlock {DIV} at (2,2) size 108x19
                RenderText {#text} at (0,0) size 16x19
                  text run at (0,0) width 16: "10"
              RenderBlock (anonymous) at (2,21) size 108x19
                RenderText {#text} at (0,0) size 100x19
                  text run at (0,0) width 100: "Christmas party"
                RenderBR {BR} at (100,14) size 0x0
            RenderTableCell {TD} at (111,143) size 112x41 [border: (1px solid #005A8C)] [r=3 c=1 rs=1 cs=1]
              RenderBlock {DIV} at (2,2) size 109x19
                RenderText {#text} at (0,0) size 16x19
                  text run at (0,0) width 16: "11"
              RenderBlock (anonymous) at (2,21) size 109x19
                RenderBR {BR} at (0,0) size 0x19
            RenderTableCell {TD} at (223,143) size 112x41 [border: (1px solid #005A8C)] [r=3 c=2 rs=1 cs=1]
              RenderBlock {DIV} at (2,2) size 109x19
                RenderText {#text} at (0,0) size 16x19
                  text run at (0,0) width 16: "12"
              RenderBlock (anonymous) at (2,21) size 109x19
                RenderBR {BR} at (0,0) size 0x19
            RenderTableCell {TD} at (335,143) size 112x79 [border: (1px solid #005A8C)] [r=3 c=3 rs=1 cs=1]
              RenderBlock {DIV} at (2,2) size 109x19
                RenderText {#text} at (0,0) size 16x19
                  text run at (0,0) width 16: "13"
              RenderBlock (anonymous) at (2,21) size 109x57
                RenderText {#text} at (0,0) size 72x57
                  text run at (0,0) width 72: "Community"
                  text run at (0,19) width 60: "Ministries"
                  text run at (0,38) width 66: "committee"
            RenderTableCell {TD} at (447,143) size 112x41 [border: (1px solid #005A8C)] [r=3 c=4 rs=1 cs=1]
              RenderBlock {DIV} at (2,2) size 109x19
                RenderText {#text} at (0,0) size 16x19
                  text run at (0,0) width 16: "14"
              RenderBlock (anonymous) at (2,21) size 109x19
                RenderBR {BR} at (0,0) size 0x19
            RenderTableCell {TD} at (559,143) size 112x41 [border: (1px solid #005A8C)] [r=3 c=5 rs=1 cs=1]
              RenderBlock {DIV} at (2,2) size 109x19
                RenderText {#text} at (0,0) size 16x19
                  text run at (0,0) width 16: "15"
              RenderBlock {DIV} at (2,21) size 109x19
                RenderText {#text} at (0,0) size 28x19
                  text run at (0,0) width 28: "8:02"
            RenderTableCell {TD} at (671,143) size 112x41 [border: (1px solid #005A8C)] [r=3 c=6 rs=1 cs=1]
              RenderBlock {DIV} at (2,2) size 109x19
                RenderText {#text} at (0,0) size 16x19
                  text run at (0,0) width 16: "16"
              RenderBlock (anonymous) at (2,21) size 109x19
                RenderText {#text} at (0,0) size 65x19
                  text run at (0,0) width 65: "Paul Goltz"
                RenderBR {BR} at (65,14) size 0x0
          RenderTableRow {TR} at (0,222) size 783x60
            RenderTableCell {TD} at (0,222) size 111x41 [border: (1px solid #005A8C)] [r=4 c=0 rs=1 cs=1]
              RenderBlock {DIV} at (2,2) size 108x19
                RenderText {#text} at (0,0) size 16x19
                  text run at (0,0) width 16: "17"
              RenderBlock (anonymous) at (2,21) size 108x19
                RenderBR {BR} at (0,0) size 0x19
            RenderTableCell {TD} at (111,222) size 112x41 [border: (1px solid #005A8C)] [r=4 c=1 rs=1 cs=1]
              RenderBlock {DIV} at (2,2) size 109x19
                RenderText {#text} at (0,0) size 16x19
                  text run at (0,0) width 16: "18"
              RenderBlock (anonymous) at (2,21) size 109x19
                RenderBR {BR} at (0,0) size 0x19
            RenderTableCell {TD} at (223,222) size 112x60 [border: (1px solid #005A8C)] [r=4 c=2 rs=1 cs=1]
              RenderBlock {DIV} at (2,2) size 109x19
                RenderText {#text} at (0,0) size 16x19
                  text run at (0,0) width 16: "19"
              RenderBlock (anonymous) at (2,21) size 109x38
                RenderText {#text} at (0,0) size 103x38
                  text run at (0,0) width 103: "End school term"
                  text run at (0,19) width 8: "4"
            RenderTableCell {TD} at (335,222) size 112x41 [border: (1px solid #005A8C)] [r=4 c=3 rs=1 cs=1]
              RenderBlock {DIV} at (2,2) size 109x19
                RenderText {#text} at (0,0) size 16x19
                  text run at (0,0) width 16: "20"
              RenderBlock (anonymous) at (2,21) size 109x19
                RenderBR {BR} at (0,0) size 0x19
            RenderTableCell {TD} at (447,222) size 112x41 [border: (1px solid #005A8C)] [r=4 c=4 rs=1 cs=1]
              RenderBlock {DIV} at (2,2) size 109x19
                RenderText {#text} at (0,0) size 16x19
                  text run at (0,0) width 16: "21"
              RenderBlock (anonymous) at (2,21) size 109x19
                RenderBR {BR} at (0,0) size 0x19
            RenderTableCell {TD} at (559,222) size 112x41 [border: (1px solid #005A8C)] [r=4 c=5 rs=1 cs=1]
              RenderBlock {DIV} at (2,2) size 109x19
                RenderText {#text} at (0,0) size 16x19
                  text run at (0,0) width 16: "22"
              RenderBlock {DIV} at (2,21) size 109x19
                RenderText {#text} at (0,0) size 28x19
                  text run at (0,0) width 28: "8:06"
            RenderTableCell {TD} at (671,222) size 112x60 [border: (1px solid #005A8C)] [r=4 c=6 rs=1 cs=1]
              RenderBlock {DIV} at (2,2) size 109x19
                RenderText {#text} at (0,0) size 16x19
                  text run at (0,0) width 16: "23"
              RenderBlock (anonymous) at (2,21) size 109x38
                RenderText {#text} at (0,0) size 74x38
                  text run at (0,0) width 64: "Christmas"
                  text run at (0,19) width 74: "programme"
                RenderBR {BR} at (74,33) size 0x0
          RenderTableRow {TR} at (0,282) size 783x41
            RenderTableCell {TD} at (0,282) size 111x41 [border: (1px solid #005A8C)] [r=5 c=0 rs=1 cs=1]
              RenderBlock {DIV} at (2,2) size 108x19
                RenderText {#text} at (0,0) size 16x19
                  text run at (0,0) width 16: "24"
              RenderBlock (anonymous) at (2,21) size 108x19
                RenderBR {BR} at (0,0) size 0x19
            RenderTableCell {TD} at (111,282) size 112x41 [border: (1px solid #005A8C)] [r=5 c=1 rs=1 cs=1]
              RenderBlock {DIV} at (2,2) size 109x19
                RenderText {#text} at (0,0) size 16x19
                  text run at (0,0) width 16: "25"
              RenderBlock (anonymous) at (2,21) size 109x19
                RenderText {#text} at (0,0) size 91x19
                  text run at (0,0) width 91: "Christmas day"
                RenderBR {BR} at (91,14) size 0x0
            RenderTableCell {TD} at (223,282) size 112x41 [border: (1px solid #005A8C)] [r=5 c=2 rs=1 cs=1]
              RenderBlock {DIV} at (2,2) size 109x19
                RenderText {#text} at (0,0) size 16x19
                  text run at (0,0) width 16: "26"
              RenderBlock (anonymous) at (2,21) size 109x19
                RenderText {#text} at (0,0) size 70x19
                  text run at (0,0) width 70: "Boxing day"
                RenderBR {BR} at (70,14) size 0x0
            RenderTableCell {TD} at (335,282) size 112x41 [border: (1px solid #005A8C)] [r=5 c=3 rs=1 cs=1]
              RenderBlock {DIV} at (2,2) size 109x19
                RenderText {#text} at (0,0) size 16x19
                  text run at (0,0) width 16: "27"
              RenderBlock (anonymous) at (2,21) size 109x19
                RenderBR {BR} at (0,0) size 0x19
            RenderTableCell {TD} at (447,282) size 112x41 [border: (1px solid #005A8C)] [r=5 c=4 rs=1 cs=1]
              RenderBlock {DIV} at (2,2) size 109x19
                RenderText {#text} at (0,0) size 16x19
                  text run at (0,0) width 16: "28"
              RenderBlock (anonymous) at (2,21) size 109x19
                RenderBR {BR} at (0,0) size 0x19
            RenderTableCell {TD} at (559,282) size 112x41 [border: (1px solid #005A8C)] [r=5 c=5 rs=1 cs=1]
              RenderBlock {DIV} at (2,2) size 109x19
                RenderText {#text} at (0,0) size 16x19
                  text run at (0,0) width 16: "29"
              RenderBlock {DIV} at (2,21) size 109x19
                RenderText {#text} at (0,0) size 28x19
                  text run at (0,0) width 28: "8:09"
            RenderTableCell {TD} at (671,282) size 112x41 [border: (1px solid #005A8C)] [r=5 c=6 rs=1 cs=1]
              RenderBlock {DIV} at (2,2) size 109x19
                RenderText {#text} at (0,0) size 16x19
                  text run at (0,0) width 16: "30"
              RenderBlock (anonymous) at (2,21) size 109x19
                RenderText {#text} at (0,0) size 89x19
                  text run at (0,0) width 89: "David Holman"
                RenderBR {BR} at (89,14) size 0x0
          RenderTableRow {TR} at (0,323) size 783x41
            RenderTableCell {TD} at (0,323) size 111x41 [border: (1px solid #005A8C)] [r=6 c=0 rs=1 cs=1]
              RenderBlock {DIV} at (2,2) size 108x19
                RenderText {#text} at (0,0) size 16x19
                  text run at (0,0) width 16: "31"
              RenderBlock (anonymous) at (2,21) size 108x19
                RenderBR {BR} at (0,0) size 0x19
            RenderTableCell {TD} at (111,323) size 672x3 [border: (1px solid #005A8C)] [r=6 c=1 rs=1 cs=6]
