layer at (0,0) size 800x600
  RenderView at (0,0) size 800x600
layer at (0,0) size 800x600
  RenderBlock {HTML} at (0,0) size 800x600
    RenderBody {BODY} at (8,8) size 784x584
      RenderBlock (anonymous) at (0,0) size 784x19
        RenderInline {A} at (0,0) size 28x19 [color=#0000EE]
          RenderText {#text} at (0,0) size 28x19
            text run at (0,0) width 28: "note"
        RenderText {#text} at (28,0) size 4x19
          text run at (28,0) width 4: " "
        RenderInline {A} at (0,0) size 73x19 [color=#0000EE]
          RenderText {#text} at (32,0) size 73x19
            text run at (32,0) width 73: "closepopup"
        RenderText {#text} at (0,0) size 0x0
      RenderTable {TABLE} at (0,19) size 41x29 [border: (1px outset #808080)]
        RenderTableSection {TBODY} at (1,1) size 39x27
          RenderTableRow {TR} at (0,2) size 39x23
            RenderTableCell {TD} at (2,2) size 35x23 [border: (1px inset #808080)] [r=0 c=0 rs=1 cs=1]
              RenderText {#text} at (2,2) size 31x19
                text run at (2,2) width 31: "table"
layer at (8,27) size 18x19
  RenderBlock (positioned) {DIV} at (8,27) size 18x19
    RenderText {#text} at (0,0) size 18x19
      text run at (0,0) width 18: "div"
