layer at (0,0) size 800x600
  RenderView at (0,0) size 800x600
layer at (0,0) size 800x296
  RenderBlock {HTML} at (0,0) size 800x296
    RenderBody {BODY} at (8,8) size 784x280 [bgcolor=#FFFFFF]
      RenderTable {TABLE} at (0,0) size 172x280
        RenderTableSection {TBODY} at (0,0) size 172x280
          RenderTableRow {TR} at (0,0) size 172x35
            RenderTableCell {TD} at (0,0) size 43x35 [border: (1px solid #000000)] [r=0 c=0 rs=1 cs=1]
              RenderText {#text} at (8,8) size 27x19
                text run at (8,8) width 27: "blah"
            RenderTableCell {TD} at (43,0) size 43x35 [border: (1px solid #000000)] [r=0 c=1 rs=1 cs=1]
              RenderText {#text} at (8,8) size 27x19
                text run at (8,8) width 27: "blah"
            RenderTableCell {TD} at (86,0) size 43x35 [border: (1px solid #000000)] [r=0 c=2 rs=1 cs=1]
              RenderText {#text} at (8,8) size 27x19
                text run at (8,8) width 27: "blah"
            RenderTableCell {TD} at (129,0) size 43x35 [border: (1px solid #000000)] [r=0 c=3 rs=1 cs=1]
              RenderText {#text} at (8,8) size 27x19
                text run at (8,8) width 27: "blah"
          RenderTableRow {TR} at (0,35) size 172x35
            RenderTableCell {TD} at (0,35) size 43x35 [border: (1px solid #000000)] [r=1 c=0 rs=1 cs=1]
              RenderText {#text} at (8,8) size 27x19
                text run at (8,8) width 27: "blah"
            RenderTableCell {TD} at (43,35) size 43x35 [border: (1px solid #000000)] [r=1 c=1 rs=1 cs=1]
              RenderText {#text} at (8,8) size 27x19
                text run at (8,8) width 27: "blah"
            RenderTableCell {TD} at (86,35) size 43x35 [border: (1px solid #000000)] [r=1 c=2 rs=1 cs=1]
              RenderText {#text} at (8,8) size 27x19
                text run at (8,8) width 27: "blah"
            RenderTableCell {TD} at (129,35) size 43x35 [border: (1px solid #000000)] [r=1 c=3 rs=1 cs=1]
              RenderText {#text} at (8,8) size 27x19
                text run at (8,8) width 27: "blah"
          RenderTableRow {TR} at (0,70) size 172x35
            RenderTableCell {TD} at (0,70) size 43x35 [border: (1px solid #000000)] [r=2 c=0 rs=1 cs=1]
              RenderText {#text} at (8,8) size 27x19
                text run at (8,8) width 27: "blah"
            RenderTableCell {TD} at (43,70) size 43x35 [border: (1px solid #000000)] [r=2 c=1 rs=1 cs=1]
              RenderText {#text} at (8,8) size 27x19
                text run at (8,8) width 27: "blah"
            RenderTableCell {TD} at (86,70) size 43x35 [border: (1px solid #000000)] [r=2 c=2 rs=1 cs=1]
              RenderText {#text} at (8,8) size 27x19
                text run at (8,8) width 27: "blah"
            RenderTableCell {TD} at (129,70) size 43x35 [border: (1px solid #000000)] [r=2 c=3 rs=1 cs=1]
              RenderText {#text} at (8,8) size 27x19
                text run at (8,8) width 27: "blah"
          RenderTableRow {TR} at (0,105) size 172x35
            RenderTableCell {TD} at (0,105) size 43x35 [border: (1px solid #000000)] [r=3 c=0 rs=1 cs=1]
              RenderText {#text} at (8,8) size 27x19
                text run at (8,8) width 27: "blah"
            RenderTableCell {TD} at (43,105) size 43x35 [border: (1px solid #000000)] [r=3 c=1 rs=1 cs=1]
              RenderText {#text} at (8,8) size 27x19
                text run at (8,8) width 27: "blah"
            RenderTableCell {TD} at (86,105) size 43x35 [border: (1px solid #000000)] [r=3 c=2 rs=1 cs=1]
              RenderText {#text} at (8,8) size 27x19
                text run at (8,8) width 27: "blah"
            RenderTableCell {TD} at (129,105) size 43x35 [border: (1px solid #000000)] [r=3 c=3 rs=1 cs=1]
              RenderText {#text} at (8,8) size 27x19
                text run at (8,8) width 27: "blah"
          RenderTableRow {TR} at (0,140) size 172x35
            RenderTableCell {TD} at (0,140) size 43x35 [border: (1px solid #000000)] [r=4 c=0 rs=1 cs=1]
              RenderText {#text} at (8,8) size 27x19
                text run at (8,8) width 27: "blah"
            RenderTableCell {TD} at (43,140) size 43x35 [border: (1px solid #000000)] [r=4 c=1 rs=1 cs=1]
              RenderText {#text} at (8,8) size 27x19
                text run at (8,8) width 27: "blah"
            RenderTableCell {TD} at (86,140) size 43x35 [border: (1px solid #000000)] [r=4 c=2 rs=1 cs=1]
              RenderText {#text} at (8,8) size 27x19
                text run at (8,8) width 27: "blah"
            RenderTableCell {TD} at (129,140) size 43x35 [border: (1px solid #000000)] [r=4 c=3 rs=1 cs=1]
              RenderText {#text} at (8,8) size 27x19
                text run at (8,8) width 27: "blah"
          RenderTableRow {TR} at (0,175) size 172x35
            RenderTableCell {TD} at (0,175) size 43x35 [border: (1px solid #000000)] [r=5 c=0 rs=1 cs=1]
              RenderText {#text} at (8,8) size 27x19
                text run at (8,8) width 27: "blah"
            RenderTableCell {TD} at (43,175) size 43x35 [border: (1px solid #000000)] [r=5 c=1 rs=1 cs=1]
              RenderText {#text} at (8,8) size 27x19
                text run at (8,8) width 27: "blah"
            RenderTableCell {TD} at (86,175) size 43x35 [border: (1px solid #000000)] [r=5 c=2 rs=1 cs=1]
              RenderText {#text} at (8,8) size 27x19
                text run at (8,8) width 27: "blah"
            RenderTableCell {TD} at (129,175) size 43x35 [border: (1px solid #000000)] [r=5 c=3 rs=1 cs=1]
              RenderText {#text} at (8,8) size 27x19
                text run at (8,8) width 27: "blah"
          RenderTableRow {TR} at (0,210) size 172x35
            RenderTableCell {TD} at (0,210) size 43x35 [border: (1px solid #000000)] [r=6 c=0 rs=1 cs=1]
              RenderText {#text} at (8,8) size 27x19
                text run at (8,8) width 27: "blah"
            RenderTableCell {TD} at (43,210) size 43x35 [border: (1px solid #000000)] [r=6 c=1 rs=1 cs=1]
              RenderText {#text} at (8,8) size 27x19
                text run at (8,8) width 27: "blah"
            RenderTableCell {TD} at (86,210) size 43x35 [border: (1px solid #000000)] [r=6 c=2 rs=1 cs=1]
              RenderText {#text} at (8,8) size 27x19
                text run at (8,8) width 27: "blah"
            RenderTableCell {TD} at (129,210) size 43x35 [border: (1px solid #000000)] [r=6 c=3 rs=1 cs=1]
              RenderText {#text} at (8,8) size 27x19
                text run at (8,8) width 27: "blah"
          RenderTableRow {TR} at (0,245) size 172x35
            RenderTableCell {TD} at (0,245) size 43x35 [border: (1px solid #000000)] [r=7 c=0 rs=1 cs=1]
              RenderText {#text} at (8,8) size 27x19
                text run at (8,8) width 27: "blah"
            RenderTableCell {TD} at (43,245) size 43x35 [border: (1px solid #000000)] [r=7 c=1 rs=1 cs=1]
              RenderText {#text} at (8,8) size 27x19
                text run at (8,8) width 27: "blah"
            RenderTableCell {TD} at (86,245) size 43x35 [border: (1px solid #000000)] [r=7 c=2 rs=1 cs=1]
              RenderText {#text} at (8,8) size 27x19
                text run at (8,8) width 27: "blah"
            RenderTableCell {TD} at (129,245) size 43x35 [border: (1px solid #000000)] [r=7 c=3 rs=1 cs=1]
              RenderText {#text} at (8,8) size 27x19
                text run at (8,8) width 27: "blah"
