layer at (0,0) size 800x600
  RenderView at (0,0) size 800x600
layer at (0,0) size 800x600
  RenderBlock {HTML} at (0,0) size 800x600
    RenderBody {BODY} at (8,8) size 784x584
      RenderTable {TABLE} at (0,0) size 402x41
        RenderTableSection {TBODY} at (0,0) size 402x41
          RenderTableRow {TR} at (0,2) size 402x37
            RenderTableCell {TD} at (2,2) size 398x37 [r=0 c=0 rs=1 cs=1]
              RenderTable {TABLE} at (1,1) size 396x35
                RenderTableSection {TBODY} at (0,0) size 396x35
                  RenderTableRow {TR} at (0,2) size 396x31
                    RenderTableCell {TH} at (2,6) size 56x22 [r=0 c=0 rs=1 cs=1]
                      RenderText {#text} at (1,1) size 54x20
                        text run at (1,1) width 54: "User ID:"
                    RenderTableCell {TD} at (60,2) size 334x31 [r=0 c=1 rs=1 cs=1]
                      RenderTextControl {INPUT} at (3,3) size 328x25 [border: (2px inset #000000)]
                      RenderText {#text} at (0,0) size 0x0
layer at (77,19) size 322x19
  RenderBlock {DIV} at (3,3) size 322x19
