layer at (0,0) size 800x600
  RenderView at (0,0) size 800x600
layer at (0,0) size 800x600
  RenderBlock {HTML} at (0,0) size 800x600
    RenderBody {BODY} at (8,8) size 784x578
      RenderBlock (anonymous) at (0,0) size 784x19
        RenderText {#text} at (0,0) size 241x19
          text run at (0,0) width 241: "The tables left position should be 250."
      RenderBlock {P} at (0,33) size 784x29
        RenderText {#text} at (0,5) size 32x19
          text run at (0,5) width 32: "Left: "
        RenderTextControl {INPUT} at (34,2) size 168x25 [border: (2px inset #000000)]
      RenderBlock {P} at (0,76) size 784x29
        RenderText {#text} at (0,5) size 33x19
          text run at (0,5) width 33: "Top: "
        RenderTextControl {INPUT} at (35,2) size 168x25 [border: (2px inset #000000)]
      RenderBlock {P} at (0,119) size 784x32
        RenderButton {INPUT} at (2,2) size 42x28 [bgcolor=#C0C0C0]
          RenderBlock (anonymous) at (6,6) size 30x17
            RenderText at (0,0) size 30x17
              text run at (0,0) width 30: "Move"
layer at (45,46) size 162x19
  RenderBlock {DIV} at (3,3) size 162x19
    RenderText {#text} at (1,0) size 39x19
      text run at (1,0) width 39: "120px"
layer at (46,89) size 162x19
  RenderBlock {DIV} at (3,3) size 162x19
    RenderText {#text} at (1,0) size 39x19
      text run at (1,0) width 39: "120px"
layer at (250,120) size 29x50
  RenderTable {TABLE} at (250,120) size 29x50 [border: (1px outset #808080)]
    RenderTableSection {TBODY} at (1,1) size 27x48
      RenderTableRow {TR} at (0,2) size 27x21
        RenderTableCell {TD} at (2,2) size 23x21 [border: (1px inset #808080)] [r=0 c=0 rs=1 cs=1]
          RenderText {#text} at (1,1) size 20x19
            text run at (1,1) width 20: "foo"
      RenderTableRow {TR} at (0,25) size 27x21
        RenderTableCell {TD} at (2,25) size 23x21 [border: (1px inset #808080)] [r=1 c=0 rs=1 cs=1]
          RenderText {#text} at (1,1) size 21x19
            text run at (1,1) width 21: "bar"
