layer at (0,0) size 800x600
  RenderView at (0,0) size 800x600
layer at (0,0) size 800x600
  RenderBlock {HTML} at (0,0) size 800x600
    RenderBody {BODY} at (8,8) size 784x584 [bgcolor=#FFFFFF]
      RenderBlock {P} at (0,0) size 784x39
        RenderText {#text} at (0,0) size 247x19
          text run at (0,0) width 247: "The table below is inside a div tag with "
        RenderInline {B} at (0,0) size 60x20
          RenderText {#text} at (247,0) size 60x20
            text run at (247,0) width 60: "absolute"
        RenderText {#text} at (307,0) size 781x39
          text run at (307,0) width 149: " positioning for top and "
          text run at (456,0) width 133: "left but not for width. "
          text run at (589,0) width 192: "The table should push it out to"
          text run at (0,20) width 298: "100% but it doesn't. Instead the layer collapses"
      RenderBlock {P} at (0,53) size 784x76
        RenderBR {BR} at (0,0) size 0x19
        RenderBR {BR} at (0,19) size 0x19
        RenderBR {BR} at (0,38) size 0x19
        RenderBR {BR} at (0,57) size 0x19
      RenderBlock {P} at (0,143) size 784x39
        RenderText {#text} at (0,0) size 260x19
          text run at (0,0) width 260: "The next table is inside a div tag set with "
        RenderInline {B} at (0,0) size 50x20
          RenderText {#text} at (260,0) size 50x20
            text run at (260,0) width 50: "relative"
        RenderText {#text} at (310,0) size 80x19
          text run at (310,0) width 80: " positioning. "
        RenderBR {BR} at (390,14) size 0x0
        RenderText {#text} at (0,20) size 141x19
          text run at (0,20) width 141: "No width has been set"
layer at (8,70) size 792x29
  RenderBlock (positioned) {DIV} at (8,70) size 792x29 [bgcolor=#CCFFCC]
    RenderTable {TABLE} at (0,0) size 792x29 [border: (1px outset #808080)]
      RenderTableSection {TBODY} at (1,1) size 790x27
        RenderTableRow {TR} at (0,2) size 790x23
          RenderTableCell {TD} at (2,2) size 786x23 [border: (1px inset #808080)] [r=0 c=0 rs=1 cs=1]
            RenderText {#text} at (2,2) size 125x19
              text run at (2,2) width 125: "Table width = 100%"
layer at (8,204) size 784x29
  RenderBlock (relative positioned) {DIV} at (0,196) size 784x29 [bgcolor=#CC0066]
    RenderTable {TABLE} at (0,0) size 784x29 [border: (1px outset #808080)]
      RenderTableSection {TBODY} at (1,1) size 782x27
        RenderTableRow {TR} at (0,2) size 782x23
          RenderTableCell {TD} at (2,2) size 778x23 [border: (1px inset #808080)] [r=0 c=0 rs=1 cs=1]
            RenderText {#text} at (2,2) size 125x19
              text run at (2,2) width 125: "Table width = 100%"
