layer at (0,0) size 800x600
  RenderView at (0,0) size 800x600
layer at (0,0) size 800x600
  RenderBlock {HTML} at (0,0) size 800x600
    RenderBody {BODY} at (8,8) size 784x584
      RenderBlock (anonymous) at (0,0) size 784x105
        RenderImage {IMG} at (0,0) size 220x100
        RenderText {#text} at (220,86) size 4x19
          text run at (220,86) width 4: " "
        RenderBR {BR} at (224,100) size 0x0
      RenderTable {TABLE} at (0,105) size 784x181
        RenderTableSection {TBODY} at (0,0) size 784x181
          RenderTableRow {TR} at (0,2) size 784x21
            RenderTableCell {TD} at (2,2) size 148x21 [bgcolor=#FF0000] [r=0 c=0 rs=1 cs=1]
              RenderText {#text} at (1,1) size 9x19
                text run at (1,1) width 9: "X"
            RenderTableCell {TD} at (152,2) size 149x21 [bgcolor=#DDDDDD] [r=0 c=1 rs=1 cs=1]
              RenderText {#text} at (1,1) size 9x19
                text run at (1,1) width 9: "X"
            RenderTableCell {TD} at (303,2) size 479x21 [bgcolor=#00FF00] [r=0 c=2 rs=1 cs=1]
              RenderText {#text} at (1,1) size 9x19
                text run at (1,1) width 9: "X"
          RenderTableRow {TR} at (0,25) size 784x154
            RenderTableCell {TD} at (2,25) size 299x97 [bgcolor=#DDDD00] [r=1 c=0 rs=1 cs=2]
              RenderText {#text} at (1,1) size 293x95
                text run at (1,1) width 244: "this_word_has_no_breakable_spaces "
                text run at (245,1) width 49: "... if this"
                text run at (1,20) width 271: "bug is still active and the window is >250px"
                text run at (1,39) width 177: "wide, you can't see that the "
                text run at (178,39) width 108: "word above is 33"
                text run at (1,58) width 270: "characters long. (I could have used a table"
                text run at (1,77) width 50: "instead "
                text run at (51,77) width 119: "but this is simpler)."
            RenderTableCell {TD} at (303,25) size 479x154 [bgcolor=#9999FF] [r=1 c=2 rs=1 cs=1]
              RenderText {#text} at (1,1) size 449x38
                text run at (1,1) width 449: "Try shrinking this table to ~250px wide. The left hand (gold) column will"
                text run at (1,20) width 164: "suddenly expand in width."
              RenderBR {BR} at (165,34) size 0x0
              RenderBR {BR} at (1,39) size 0x19
              RenderText {#text} at (1,58) size 472x95
                text run at (1,58) width 262: "mozilla qa smoke tests smoke qa mozilla "
                text run at (263,58) width 210: "mozilla qa smoke tests smoke qa"
                text run at (1,77) width 48: "mozilla "
                text run at (49,77) width 262: "mozilla qa smoke tests smoke qa mozilla "
                text run at (311,77) width 144: "mozilla qa smoke tests"
                text run at (1,96) width 114: "smoke qa mozilla "
                text run at (115,96) width 262: "mozilla qa smoke tests smoke qa mozilla "
                text run at (377,96) width 64: "mozilla qa"
                text run at (1,115) width 194: "smoke tests smoke qa mozilla "
                text run at (195,115) width 258: "mozilla qa smoke tests smoke qa mozilla"
                text run at (1,134) width 258: "mozilla qa smoke tests smoke qa mozilla"
