layer at (0,0) size 800x3364
  RenderView at (0,0) size 800x600
layer at (0,0) size 800x3364
  RenderBlock {HTML} at (0,0) size 800x3364
    RenderBody {BODY} at (8,8) size 784x3348
      RenderTable {TABLE} at (0,0) size 784x3348 [border: (1px outset #808080)]
        RenderTableSection {TBODY} at (1,1) size 782x3346
          RenderTableRow {TR} at (0,2) size 782x174
            RenderTableCell {TD} at (2,68) size 34x41 [border: (1px inset #808080)] [r=0 c=0 rs=1 cs=1]
              RenderText {#text} at (12,11) size 9x19
                text run at (12,11) width 9: "A"
            RenderTableCell {TD} at (38,65) size 427x47 [border: (1px inset #808080)] [r=0 c=1 rs=1 cs=1]
              RenderImage {IMG} at (175,11) size 76x25
            RenderTableCell {TD} at (467,2) size 313x174 [border: (1px inset #808080)] [r=0 c=2 rs=1 cs=1]
              RenderText {#text} at (23,11) size 266x152
                text run at (23,11) width 266: "test test test test test test test test test test"
                text run at (23,30) width 135: "test test test test test "
                text run at (158,30) width 131: "test test test test test"
                text run at (23,49) width 266: "test test test test test test test test test test"
                text run at (23,68) width 266: "test test test test test test test test test test"
                text run at (23,87) width 135: "test test test test test "
                text run at (158,87) width 131: "test test test test test"
                text run at (23,106) width 266: "test test test test test test test test test test"
                text run at (23,125) width 266: "test test test test test test test test test test"
                text run at (91,144) width 131: "test test test test test"
          RenderTableRow {TR} at (0,178) size 782x174
            RenderTableCell {TD} at (2,244) size 34x41 [border: (1px inset #808080)] [r=1 c=0 rs=1 cs=1]
              RenderText {#text} at (12,11) size 9x19
                text run at (12,11) width 9: "B"
            RenderTableCell {TD} at (38,233) size 427x64 [border: (1px inset #808080)] [r=1 c=1 rs=1 cs=1]
              RenderImage {IMG} at (198,11) size 30x42
            RenderTableCell {TD} at (467,178) size 313x174 [border: (1px inset #808080)] [r=1 c=2 rs=1 cs=1]
              RenderText {#text} at (23,11) size 266x152
                text run at (23,11) width 266: "test test test test test test test test test test"
                text run at (23,30) width 135: "test test test test test "
                text run at (158,30) width 131: "test test test test test"
                text run at (23,49) width 266: "test test test test test test test test test test"
                text run at (23,68) width 266: "test test test test test test test test test test"
                text run at (23,87) width 135: "test test test test test "
                text run at (158,87) width 131: "test test test test test"
                text run at (23,106) width 266: "test test test test test test test test test test"
                text run at (23,125) width 266: "test test test test test test test test test test"
                text run at (91,144) width 131: "test test test test test"
          RenderTableRow {TR} at (0,354) size 782x174
            RenderTableCell {TD} at (2,420) size 34x41 [border: (1px inset #808080)] [r=2 c=0 rs=1 cs=1]
              RenderText {#text} at (12,11) size 10x19
                text run at (12,11) width 10: "C"
            RenderTableCell {TD} at (38,361) size 427x160 [border: (1px inset #808080)] [r=2 c=1 rs=1 cs=1]
              RenderImage {IMG} at (103,11) size 220x138
            RenderTableCell {TD} at (467,354) size 313x174 [border: (1px inset #808080)] [r=2 c=2 rs=1 cs=1]
              RenderText {#text} at (23,11) size 266x152
                text run at (23,11) width 266: "test test test test test test test test test test"
                text run at (23,30) width 135: "test test test test test "
                text run at (158,30) width 131: "test test test test test"
                text run at (23,49) width 266: "test test test test test test test test test test"
                text run at (23,68) width 266: "test test test test test test test test test test"
                text run at (23,87) width 135: "test test test test test "
                text run at (158,87) width 131: "test test test test test"
                text run at (23,106) width 266: "test test test test test test test test test test"
                text run at (23,125) width 266: "test test test test test test test test test test"
                text run at (91,144) width 131: "test test test test test"
          RenderTableRow {TR} at (0,530) size 782x174
            RenderTableCell {TD} at (2,596) size 34x41 [border: (1px inset #808080)] [r=3 c=0 rs=1 cs=1]
              RenderText {#text} at (12,11) size 10x19
                text run at (12,11) width 10: "D"
            RenderTableCell {TD} at (38,563) size 427x107 [border: (1px inset #808080)] [r=3 c=1 rs=1 cs=1]
              RenderImage {IMG} at (113,11) size 200x85
            RenderTableCell {TD} at (467,530) size 313x174 [border: (1px inset #808080)] [r=3 c=2 rs=1 cs=1]
              RenderText {#text} at (23,11) size 266x152
                text run at (23,11) width 266: "test test test test test test test test test test"
                text run at (23,30) width 135: "test test test test test "
                text run at (158,30) width 131: "test test test test test"
                text run at (23,49) width 266: "test test test test test test test test test test"
                text run at (23,68) width 266: "test test test test test test test test test test"
                text run at (23,87) width 135: "test test test test test "
                text run at (158,87) width 131: "test test test test test"
                text run at (23,106) width 266: "test test test test test test test test test test"
                text run at (23,125) width 266: "test test test test test test test test test test"
                text run at (91,144) width 131: "test test test test test"
          RenderTableRow {TR} at (0,706) size 782x174
            RenderTableCell {TD} at (2,772) size 34x41 [border: (1px inset #808080)] [r=4 c=0 rs=1 cs=1]
              RenderText {#text} at (12,11) size 9x19
                text run at (12,11) width 9: "E"
            RenderTableCell {TD} at (38,757) size 427x72 [border: (1px inset #808080)] [r=4 c=1 rs=1 cs=1]
              RenderImage {IMG} at (186,11) size 54x50
            RenderTableCell {TD} at (467,706) size 313x174 [border: (1px inset #808080)] [r=4 c=2 rs=1 cs=1]
              RenderText {#text} at (23,11) size 266x152
                text run at (23,11) width 266: "test test test test test test test test test test"
                text run at (23,30) width 135: "test test test test test "
                text run at (158,30) width 131: "test test test test test"
                text run at (23,49) width 266: "test test test test test test test test test test"
                text run at (23,68) width 266: "test test test test test test test test test test"
                text run at (23,87) width 135: "test test test test test "
                text run at (158,87) width 131: "test test test test test"
                text run at (23,106) width 266: "test test test test test test test test test test"
                text run at (23,125) width 266: "test test test test test test test test test test"
                text run at (91,144) width 131: "test test test test test"
          RenderTableRow {TR} at (0,882) size 782x174
            RenderTableCell {TD} at (2,948) size 34x41 [border: (1px inset #808080)] [r=5 c=0 rs=1 cs=1]
              RenderText {#text} at (12,11) size 9x19
                text run at (12,11) width 9: "F"
            RenderTableCell {TD} at (38,933) size 427x72 [border: (1px inset #808080)] [r=5 c=1 rs=1 cs=1]
              RenderImage {IMG} at (95,11) size 237x50
            RenderTableCell {TD} at (467,882) size 313x174 [border: (1px inset #808080)] [r=5 c=2 rs=1 cs=1]
              RenderText {#text} at (23,11) size 266x152
                text run at (23,11) width 266: "test test test test test test test test test test"
                text run at (23,30) width 135: "test test test test test "
                text run at (158,30) width 131: "test test test test test"
                text run at (23,49) width 266: "test test test test test test test test test test"
                text run at (23,68) width 266: "test test test test test test test test test test"
                text run at (23,87) width 135: "test test test test test "
                text run at (158,87) width 131: "test test test test test"
                text run at (23,106) width 266: "test test test test test test test test test test"
                text run at (23,125) width 266: "test test test test test test test test test test"
                text run at (91,144) width 131: "test test test test test"
          RenderTableRow {TR} at (0,1058) size 782x174
            RenderTableCell {TD} at (2,1124) size 34x41 [border: (1px inset #808080)] [r=6 c=0 rs=1 cs=1]
              RenderText {#text} at (11,11) size 11x19
                text run at (11,11) width 11: "G"
            RenderTableCell {TD} at (38,1102) size 427x85 [border: (1px inset #808080)] [r=6 c=1 rs=1 cs=1]
              RenderImage {IMG} at (155,11) size 116x63
            RenderTableCell {TD} at (467,1058) size 313x174 [border: (1px inset #808080)] [r=6 c=2 rs=1 cs=1]
              RenderText {#text} at (23,11) size 266x152
                text run at (23,11) width 266: "test test test test test test test test test test"
                text run at (23,30) width 135: "test test test test test "
                text run at (158,30) width 131: "test test test test test"
                text run at (23,49) width 266: "test test test test test test test test test test"
                text run at (23,68) width 266: "test test test test test test test test test test"
                text run at (23,87) width 135: "test test test test test "
                text run at (158,87) width 131: "test test test test test"
                text run at (23,106) width 266: "test test test test test test test test test test"
                text run at (23,125) width 266: "test test test test test test test test test test"
                text run at (91,144) width 131: "test test test test test"
          RenderTableRow {TR} at (0,1234) size 782x174
            RenderTableCell {TD} at (2,1300) size 34x41 [border: (1px inset #808080)] [r=7 c=0 rs=1 cs=1]
              RenderText {#text} at (12,11) size 10x19
                text run at (12,11) width 10: "H"
            RenderTableCell {TD} at (38,1301) size 427x40 [border: (1px inset #808080)] [r=7 c=1 rs=1 cs=1]
              RenderImage {IMG} at (200,11) size 27x18
            RenderTableCell {TD} at (467,1234) size 313x174 [border: (1px inset #808080)] [r=7 c=2 rs=1 cs=1]
              RenderText {#text} at (23,11) size 266x152
                text run at (23,11) width 266: "test test test test test test test test test test"
                text run at (23,30) width 135: "test test test test test "
                text run at (158,30) width 131: "test test test test test"
                text run at (23,49) width 266: "test test test test test test test test test test"
                text run at (23,68) width 266: "test test test test test test test test test test"
                text run at (23,87) width 135: "test test test test test "
                text run at (158,87) width 131: "test test test test test"
                text run at (23,106) width 266: "test test test test test test test test test test"
                text run at (23,125) width 266: "test test test test test test test test test test"
                text run at (91,144) width 131: "test test test test test"
          RenderTableRow {TR} at (0,1410) size 782x174
            RenderTableCell {TD} at (2,1476) size 34x41 [border: (1px inset #808080)] [r=8 c=0 rs=1 cs=1]
              RenderText {#text} at (15,11) size 4x19
                text run at (15,11) width 4: "I"
            RenderTableCell {TD} at (38,1455) size 427x83 [border: (1px inset #808080)] [r=8 c=1 rs=1 cs=1]
              RenderImage {IMG} at (126,11) size 175x61
            RenderTableCell {TD} at (467,1410) size 313x174 [border: (1px inset #808080)] [r=8 c=2 rs=1 cs=1]
              RenderText {#text} at (23,11) size 266x152
                text run at (23,11) width 266: "test test test test test test test test test test"
                text run at (23,30) width 135: "test test test test test "
                text run at (158,30) width 131: "test test test test test"
                text run at (23,49) width 266: "test test test test test test test test test test"
                text run at (23,68) width 266: "test test test test test test test test test test"
                text run at (23,87) width 135: "test test test test test "
                text run at (158,87) width 131: "test test test test test"
                text run at (23,106) width 266: "test test test test test test test test test test"
                text run at (23,125) width 266: "test test test test test test test test test test"
                text run at (91,144) width 131: "test test test test test"
          RenderTableRow {TR} at (0,1586) size 782x174
            RenderTableCell {TD} at (2,1652) size 34x41 [border: (1px inset #808080)] [r=9 c=0 rs=1 cs=1]
              RenderText {#text} at (13,11) size 7x19
                text run at (13,11) width 7: "J"
            RenderTableCell {TD} at (38,1612) size 427x122 [border: (1px inset #808080)] [r=9 c=1 rs=1 cs=1]
              RenderImage {IMG} at (11,11) size 405x100
            RenderTableCell {TD} at (467,1586) size 313x174 [border: (1px inset #808080)] [r=9 c=2 rs=1 cs=1]
              RenderText {#text} at (23,11) size 266x152
                text run at (23,11) width 266: "test test test test test test test test test test"
                text run at (23,30) width 135: "test test test test test "
                text run at (158,30) width 131: "test test test test test"
                text run at (23,49) width 266: "test test test test test test test test test test"
                text run at (23,68) width 266: "test test test test test test test test test test"
                text run at (23,87) width 135: "test test test test test "
                text run at (158,87) width 131: "test test test test test"
                text run at (23,106) width 266: "test test test test test test test test test test"
                text run at (23,125) width 266: "test test test test test test test test test test"
                text run at (91,144) width 131: "test test test test test"
          RenderTableRow {TR} at (0,1762) size 782x174
            RenderTableCell {TD} at (2,1828) size 34x41 [border: (1px inset #808080)] [r=10 c=0 rs=1 cs=1]
              RenderText {#text} at (12,11) size 9x19
                text run at (12,11) width 9: "K"
            RenderTableCell {TD} at (38,1813) size 427x72 [border: (1px inset #808080)] [r=10 c=1 rs=1 cs=1]
              RenderImage {IMG} at (77,11) size 272x50
            RenderTableCell {TD} at (467,1762) size 313x174 [border: (1px inset #808080)] [r=10 c=2 rs=1 cs=1]
              RenderText {#text} at (23,11) size 266x152
                text run at (23,11) width 266: "test test test test test test test test test test"
                text run at (23,30) width 135: "test test test test test "
                text run at (158,30) width 131: "test test test test test"
                text run at (23,49) width 266: "test test test test test test test test test test"
                text run at (23,68) width 266: "test test test test test test test test test test"
                text run at (23,87) width 135: "test test test test test "
                text run at (158,87) width 131: "test test test test test"
                text run at (23,106) width 266: "test test test test test test test test test test"
                text run at (23,125) width 266: "test test test test test test test test test test"
                text run at (91,144) width 131: "test test test test test"
          RenderTableRow {TR} at (0,1938) size 782x174
            RenderTableCell {TD} at (2,2004) size 34x41 [border: (1px inset #808080)] [r=11 c=0 rs=1 cs=1]
              RenderText {#text} at (12,11) size 9x19
                text run at (12,11) width 9: "K"
            RenderTableCell {TD} at (38,1990) size 427x69 [border: (1px inset #808080)] [r=11 c=1 rs=1 cs=1]
              RenderImage {IMG} at (168,11) size 91x47
            RenderTableCell {TD} at (467,1938) size 313x174 [border: (1px inset #808080)] [r=11 c=2 rs=1 cs=1]
              RenderText {#text} at (23,11) size 266x152
                text run at (23,11) width 266: "test test test test test test test test test test"
                text run at (23,30) width 135: "test test test test test "
                text run at (158,30) width 131: "test test test test test"
                text run at (23,49) width 266: "test test test test test test test test test test"
                text run at (23,68) width 266: "test test test test test test test test test test"
                text run at (23,87) width 135: "test test test test test "
                text run at (158,87) width 131: "test test test test test"
                text run at (23,106) width 266: "test test test test test test test test test test"
                text run at (23,125) width 266: "test test test test test test test test test test"
                text run at (91,144) width 131: "test test test test test"
          RenderTableRow {TR} at (0,2114) size 782x174
            RenderTableCell {TD} at (2,2180) size 34x41 [border: (1px inset #808080)] [r=12 c=0 rs=1 cs=1]
              RenderText {#text} at (13,11) size 8x19
                text run at (13,11) width 8: "L"
            RenderTableCell {TD} at (38,2157) size 427x88 [border: (1px inset #808080)] [r=12 c=1 rs=1 cs=1]
              RenderImage {IMG} at (88,11) size 250x66
            RenderTableCell {TD} at (467,2114) size 313x174 [border: (1px inset #808080)] [r=12 c=2 rs=1 cs=1]
              RenderText {#text} at (23,11) size 266x152
                text run at (23,11) width 266: "test test test test test test test test test test"
                text run at (23,30) width 135: "test test test test test "
                text run at (158,30) width 131: "test test test test test"
                text run at (23,49) width 266: "test test test test test test test test test test"
                text run at (23,68) width 266: "test test test test test test test test test test"
                text run at (23,87) width 135: "test test test test test "
                text run at (158,87) width 131: "test test test test test"
                text run at (23,106) width 266: "test test test test test test test test test test"
                text run at (23,125) width 266: "test test test test test test test test test test"
                text run at (91,144) width 131: "test test test test test"
          RenderTableRow {TR} at (0,2290) size 782x174
            RenderTableCell {TD} at (2,2356) size 34x41 [border: (1px inset #808080)] [r=13 c=0 rs=1 cs=1]
              RenderText {#text} at (11,11) size 12x19
                text run at (11,11) width 12: "M"
            RenderTableCell {TD} at (38,2344) size 427x66 [border: (1px inset #808080)] [r=13 c=1 rs=1 cs=1]
              RenderImage {IMG} at (163,11) size 101x44
            RenderTableCell {TD} at (467,2290) size 313x174 [border: (1px inset #808080)] [r=13 c=2 rs=1 cs=1]
              RenderText {#text} at (23,11) size 266x152
                text run at (23,11) width 266: "test test test test test test test test test test"
                text run at (23,30) width 135: "test test test test test "
                text run at (158,30) width 131: "test test test test test"
                text run at (23,49) width 266: "test test test test test test test test test test"
                text run at (23,68) width 266: "test test test test test test test test test test"
                text run at (23,87) width 135: "test test test test test "
                text run at (158,87) width 131: "test test test test test"
                text run at (23,106) width 266: "test test test test test test test test test test"
                text run at (23,125) width 266: "test test test test test test test test test test"
                text run at (91,144) width 131: "test test test test test"
          RenderTableRow {TR} at (0,2466) size 782x174
            RenderTableCell {TD} at (2,2532) size 34x41 [border: (1px inset #808080)] [r=14 c=0 rs=1 cs=1]
              RenderText {#text} at (12,11) size 10x19
                text run at (12,11) width 10: "N"
            RenderTableCell {TD} at (38,2535) size 427x35 [border: (1px inset #808080)] [r=14 c=1 rs=1 cs=1]
              RenderImage {IMG} at (201,11) size 25x13
            RenderTableCell {TD} at (467,2466) size 313x174 [border: (1px inset #808080)] [r=14 c=2 rs=1 cs=1]
              RenderText {#text} at (23,11) size 266x152
                text run at (23,11) width 266: "test test test test test test test test test test"
                text run at (23,30) width 135: "test test test test test "
                text run at (158,30) width 131: "test test test test test"
                text run at (23,49) width 266: "test test test test test test test test test test"
                text run at (23,68) width 266: "test test test test test test test test test test"
                text run at (23,87) width 135: "test test test test test "
                text run at (158,87) width 131: "test test test test test"
                text run at (23,106) width 266: "test test test test test test test test test test"
                text run at (23,125) width 266: "test test test test test test test test test test"
                text run at (91,144) width 131: "test test test test test"
          RenderTableRow {TR} at (0,2642) size 782x174
            RenderTableCell {TD} at (2,2708) size 34x41 [border: (1px inset #808080)] [r=15 c=0 rs=1 cs=1]
              RenderText {#text} at (11,11) size 11x19
                text run at (11,11) width 11: "O"
            RenderTableCell {TD} at (38,2690) size 427x78 [border: (1px inset #808080)] [r=15 c=1 rs=1 cs=1]
              RenderImage {IMG} at (87,11) size 253x56
            RenderTableCell {TD} at (467,2642) size 313x174 [border: (1px inset #808080)] [r=15 c=2 rs=1 cs=1]
              RenderText {#text} at (23,11) size 266x152
                text run at (23,11) width 266: "test test test test test test test test test test"
                text run at (23,30) width 135: "test test test test test "
                text run at (158,30) width 131: "test test test test test"
                text run at (23,49) width 266: "test test test test test test test test test test"
                text run at (23,68) width 266: "test test test test test test test test test test"
                text run at (23,87) width 135: "test test test test test "
                text run at (158,87) width 131: "test test test test test"
                text run at (23,106) width 266: "test test test test test test test test test test"
                text run at (23,125) width 266: "test test test test test test test test test test"
                text run at (91,144) width 131: "test test test test test"
          RenderTableRow {TR} at (0,2818) size 782x174
            RenderTableCell {TD} at (2,2884) size 34x41 [border: (1px inset #808080)] [r=16 c=0 rs=1 cs=1]
              RenderText {#text} at (12,11) size 9x19
                text run at (12,11) width 9: "P"
            RenderTableCell {TD} at (38,2853) size 427x103 [border: (1px inset #808080)] [r=16 c=1 rs=1 cs=1]
              RenderImage {IMG} at (134,11) size 159x81
            RenderTableCell {TD} at (467,2818) size 313x174 [border: (1px inset #808080)] [r=16 c=2 rs=1 cs=1]
              RenderText {#text} at (23,11) size 266x152
                text run at (23,11) width 266: "test test test test test test test test test test"
                text run at (23,30) width 135: "test test test test test "
                text run at (158,30) width 131: "test test test test test"
                text run at (23,49) width 266: "test test test test test test test test test test"
                text run at (23,68) width 266: "test test test test test test test test test test"
                text run at (23,87) width 135: "test test test test test "
                text run at (158,87) width 131: "test test test test test"
                text run at (23,106) width 266: "test test test test test test test test test test"
                text run at (23,125) width 266: "test test test test test test test test test test"
                text run at (91,144) width 131: "test test test test test"
          RenderTableRow {TR} at (0,2994) size 782x174
            RenderTableCell {TD} at (2,3060) size 34x41 [border: (1px inset #808080)] [r=17 c=0 rs=1 cs=1]
              RenderText {#text} at (11,11) size 11x19
                text run at (11,11) width 11: "Q"
            RenderTableCell {TD} at (38,3016) size 427x130 [border: (1px inset #808080)] [r=17 c=1 rs=1 cs=1]
              RenderImage {IMG} at (107,11) size 213x108
            RenderTableCell {TD} at (467,2994) size 313x174 [border: (1px inset #808080)] [r=17 c=2 rs=1 cs=1]
              RenderText {#text} at (23,11) size 266x152
                text run at (23,11) width 266: "test test test test test test test test test test"
                text run at (23,30) width 135: "test test test test test "
                text run at (158,30) width 131: "test test test test test"
                text run at (23,49) width 266: "test test test test test test test test test test"
                text run at (23,68) width 266: "test test test test test test test test test test"
                text run at (23,87) width 135: "test test test test test "
                text run at (158,87) width 131: "test test test test test"
                text run at (23,106) width 266: "test test test test test test test test test test"
                text run at (23,125) width 266: "test test test test test test test test test test"
                text run at (91,144) width 131: "test test test test test"
          RenderTableRow {TR} at (0,3170) size 782x174
            RenderTableCell {TD} at (2,3236) size 34x41 [border: (1px inset #808080)] [r=18 c=0 rs=1 cs=1]
              RenderText {#text} at (12,11) size 10x19
                text run at (12,11) width 10: "R"
            RenderTableCell {TD} at (38,3181) size 427x152 [border: (1px inset #808080)] [r=18 c=1 rs=1 cs=1]
              RenderImage {IMG} at (41,11) size 344x130
            RenderTableCell {TD} at (467,3170) size 313x174 [border: (1px inset #808080)] [r=18 c=2 rs=1 cs=1]
              RenderText {#text} at (23,11) size 266x152
                text run at (23,11) width 266: "test test test test test test test test test test"
                text run at (23,30) width 135: "test test test test test "
                text run at (158,30) width 131: "test test test test test"
                text run at (23,49) width 266: "test test test test test test test test test test"
                text run at (23,68) width 266: "test test test test test test test test test test"
                text run at (23,87) width 135: "test test test test test "
                text run at (158,87) width 131: "test test test test test"
                text run at (23,106) width 266: "test test test test test test test test test test"
                text run at (23,125) width 266: "test test test test test test test test test test"
                text run at (91,144) width 131: "test test test test test"
