layer at (0,0) size 800x600
  RenderView at (0,0) size 800x600
layer at (0,0) size 800x600
  RenderBlock {HTML} at (0,0) size 800x600
    RenderBody {BODY} at (8,8) size 784x584
      RenderTable {TABLE} at (0,0) size 784x67 [border: (1px outset #808080)]
        RenderTableSection {TBODY} at (1,1) size 782x65
          RenderTableRow {TR} at (0,0) size 782x42
            RenderTableCell {TD} at (0,0) size 782x42 [border: (1px inset #808080)] [r=0 c=0 rs=1 cs=2]
              RenderText {#text} at (2,2) size 775x38
                text run at (2,2) width 163: "The Supreme Court says "
                text run at (165,2) width 494: "Wisconsin can continue using tuition vouchers to help poor parents send their "
                text run at (659,2) width 118: "children to church-"
                text run at (2,21) width 81: "run schools. "
                text run at (83,21) width 122: "What's your stand?"
          RenderTableRow {TR} at (0,42) size 782x23
            RenderTableCell {TD} at (0,42) size 391x23 [border: (1px inset #808080)] [r=1 c=0 rs=1 cs=1]
              RenderText {#text} at (2,2) size 30x19
                text run at (2,2) width 30: "hello"
            RenderTableCell {TD} at (391,42) size 391x23 [border: (1px inset #808080)] [r=1 c=1 rs=1 cs=1]
              RenderText {#text} at (2,2) size 30x19
                text run at (2,2) width 30: "hello"
      RenderBlock (anonymous) at (0,67) size 784x19
        RenderBR {BR} at (0,0) size 0x19
      RenderTable {TABLE} at (0,86) size 600x44 [border: (1px outset #808080)]
        RenderTableSection {TBODY} at (1,1) size 598x42
          RenderTableRow {TR} at (0,0) size 598x42
            RenderTableCell {TD} at (0,9) size 34x23 [border: (1px inset #808080)] [r=0 c=0 rs=1 cs=1]
              RenderText {#text} at (2,2) size 30x19
                text run at (2,2) width 30: "hello"
            RenderTableCell {TD} at (34,0) size 564x42 [border: (1px inset #808080)] [r=0 c=1 rs=1 cs=1]
              RenderText {#text} at (2,2) size 534x38
                text run at (2,2) width 163: "The Supreme Court says "
                text run at (165,2) width 371: "Wisconsin can continue using tuition vouchers to help poor"
                text run at (2,21) width 119: "parents send their "
                text run at (121,21) width 199: "children to church-run schools. "
                text run at (320,21) width 122: "What's your stand?"
          RenderTableRow {TR} at (0,42) size 598x0
      RenderBlock (anonymous) at (0,130) size 784x19
        RenderBR {BR} at (0,0) size 0x19
