layer at (0,0) size 800x600
  RenderView at (0,0) size 800x600
layer at (0,0) size 800x600
  RenderBlock {HTML} at (0,0) size 800x600
    RenderBody {BODY} at (8,8) size 784x584 [bgcolor=#FFCC00]
      RenderTable {TABLE} at (0,0) size 600x24 [border: (1px outset #808080)]
        RenderTableSection {TBODY} at (1,1) size 598x22
          RenderTableRow {TR} at (0,0) size 598x22
            RenderTableCell {TD} at (0,0) size 132x22 [border: (1px inset #808080)] [r=0 c=0 rs=1 cs=1]
              RenderInline {B} at (0,0) size 80x20
                RenderText {#text} at (1,1) size 80x20
                  text run at (1,1) width 80: "MERCHANT"
            RenderTableCell {TD} at (132,9) size 5x3 [border: (1px inset #808080)] [r=0 c=1 rs=1 cs=1]
              RenderImage {IMG} at (1,1) size 1x1
            RenderTableCell {TD} at (137,0) size 304x22 [border: (1px inset #808080)] [r=0 c=2 rs=1 cs=1]
              RenderInline {B} at (0,0) size 95x20
                RenderText {#text} at (104,1) size 95x20
                  text run at (104,1) width 95: "DESCRIPTION"
            RenderTableCell {TD} at (441,9) size 5x3 [border: (1px inset #808080)] [r=0 c=3 rs=1 cs=1]
              RenderImage {IMG} at (1,1) size 1x1
            RenderTableCell {TD} at (446,0) size 78x22 [border: (1px inset #808080)] [r=0 c=4 rs=1 cs=1]
              RenderInline {B} at (0,0) size 42x20
                RenderText {#text} at (35,1) size 42x20
                  text run at (35,1) width 42: "PRICE"
            RenderTableCell {TD} at (524,9) size 5x3 [border: (1px inset #808080)] [r=0 c=5 rs=1 cs=1]
              RenderImage {IMG} at (1,1) size 1x1
            RenderTableCell {TD} at (529,0) size 69x22 [border: (1px inset #808080)] [r=0 c=6 rs=1 cs=1]
              RenderInline {B} at (0,0) size 34x20
                RenderText {#text} at (17,1) size 34x20
                  text run at (17,1) width 34: "INFO"
      RenderTable {TABLE} at (0,24) size 600x26 [border: (1px outset #808080)]
        RenderTableSection {TBODY} at (1,1) size 598x24
          RenderTableRow {TR} at (0,0) size 598x21
            RenderTableCell {TD} at (0,1) size 132x18 [border: (1px inset #808080)] [r=0 c=0 rs=1 cs=1]
              RenderInline {FONT} at (0,0) size 83x16
                RenderText {#text} at (1,1) size 83x16
                  text run at (1,1) width 83: "American Starlex"
            RenderTableCell {TD} at (132,9) size 5x3 [border: (1px inset #808080)] [r=0 c=1 rs=1 cs=1]
              RenderImage {IMG} at (1,1) size 1x1
            RenderTableCell {TD} at (137,1) size 304x18 [border: (1px inset #808080)] [r=0 c=2 rs=1 cs=1]
              RenderInline {FONT} at (0,0) size 221x16
                RenderText {#text} at (1,1) size 221x16
                  text run at (1,1) width 221: "Digital_Cameras DC200 New|In stock; Kodak"
            RenderTableCell {TD} at (441,9) size 5x3 [border: (1px inset #808080)] [r=0 c=3 rs=1 cs=1]
              RenderImage {IMG} at (1,1) size 1x1
            RenderTableCell {TD} at (446,1) size 78x18 [border: (1px inset #808080)] [r=0 c=4 rs=1 cs=1]
              RenderInline {FONT} at (0,0) size 39x16
                RenderText {#text} at (38,1) size 39x16
                  text run at (38,1) width 39: "$270.00"
            RenderTableCell {TD} at (524,9) size 5x3 [border: (1px inset #808080)] [r=0 c=5 rs=1 cs=1]
              RenderImage {IMG} at (1,1) size 1x1
            RenderTableCell {TD} at (529,0) size 69x21 [border: (1px inset #808080)] [r=0 c=6 rs=1 cs=1]
              RenderText {#text} at (18,1) size 33x19
                text run at (18,1) width 33: "More"
          RenderTableRow {TR} at (0,21) size 598x3
            RenderTableCell {TD} at (0,21) size 598x3 [bgcolor=#000000] [border: (1px inset #808080)] [r=1 c=0 rs=1 cs=8]
              RenderImage {IMG} at (1,1) size 1x1
