layer at (0,0) size 800x600
  RenderView at (0,0) size 800x600
layer at (0,0) size 800x161
  RenderBlock {HTML} at (0,0) size 800x161
    RenderBody {BODY} at (8,8) size 784x145
      RenderTable {TABLE} at (0,0) size 96x54 [border: (1px outset #808080)]
        RenderTableSection {TBODY} at (1,1) size 94x52
          RenderTableRow {TR} at (0,2) size 94x48
            RenderTableCell {TD} at (2,2) size 90x48 [border: (1px inset #808080)] [r=0 c=0 rs=1 cs=1]
              RenderBlock {DIV} at (2,2) size 86x44 [border: (3px dotted #00FF00)]
                RenderText {#text} at (3,3) size 106x38
                  text run at (3,3) width 73: "Truncated?"
                  text run at (3,22) width 106: " It should not be!"
      RenderBlock {P} at (0,68) size 784x19
        RenderText {#text} at (0,0) size 741x19
          text run at (0,0) width 458: "According to the rules of CSS, the text above should spill right out of the "
          text run at (458,0) width 283: "table, as it does in the table-less case below:"
      RenderBlock {DIV} at (0,101) size 86x44 [border: (3px dotted #00FF00)]
        RenderText {#text} at (3,3) size 106x38
          text run at (3,3) width 73: "Truncated?"
          text run at (3,22) width 106: " It should not be!"
