layer at (0,0) size 800x600
  RenderView at (0,0) size 800x600
layer at (0,0) size 800x600
  RenderBlock {HTML} at (0,0) size 800x600
    RenderBody {BODY} at (8,8) size 784x584
      RenderTable {TABLE} at (0,0) size 234x287
        RenderTableSection {TBODY} at (0,0) size 234x287
          RenderTableRow {TR} at (0,2) size 234x129
            RenderTableCell {TD} at (2,2) size 230x129 [r=0 c=0 rs=1 cs=1]
              RenderBlock (anonymous) at (1,1) size 228x57
                RenderText {#text} at (0,0) size 228x19
                  text run at (0,0) width 228: "This cell has the nowrap parameter "
                RenderBR {BR} at (228,14) size 0x0
                RenderBR {BR} at (0,19) size 0x19
                RenderText {#text} at (0,38) size 29x19
                  text run at (0,38) width 29: "<hr>"
              RenderBlock {HR} at (1,65) size 228x2 [border: (1px inset #000000)]
              RenderBlock (anonymous) at (1,74) size 228x38
                RenderBR {BR} at (0,0) size 0x19
                RenderText {#text} at (0,19) size 90x19
                  text run at (0,19) width 90: "<hr width=30>"
              RenderBlock {HR} at (99,119) size 32x2 [border: (1px inset #000000)]
          RenderTableRow {TR} at (0,133) size 234x21
            RenderTableCell {TD} at (2,133) size 230x21 [bgcolor=#CCCCCC] [r=1 c=0 rs=1 cs=1]
              RenderText {#text} at (1,1) size 4x19
                text run at (1,1) width 4: " "
          RenderTableRow {TR} at (0,156) size 234x129
            RenderTableCell {TD} at (2,156) size 230x129 [r=2 c=0 rs=1 cs=1]
              RenderBlock (anonymous) at (1,1) size 228x57
                RenderText {#text} at (0,0) size 106x19
                  text run at (0,0) width 106: "This cell doesn't "
                RenderBR {BR} at (106,14) size 0x0
                RenderBR {BR} at (0,19) size 0x19
                RenderText {#text} at (0,38) size 29x19
                  text run at (0,38) width 29: "<hr>"
              RenderBlock {HR} at (1,65) size 228x2 [border: (1px inset #000000)]
              RenderBlock (anonymous) at (1,74) size 228x38
                RenderBR {BR} at (0,0) size 0x19
                RenderText {#text} at (0,19) size 90x19
                  text run at (0,19) width 90: "<hr width=30>"
              RenderBlock {HR} at (99,119) size 32x2 [border: (1px inset #000000)]
