layer at (0,0) size 800x915
  RenderView at (0,0) size 800x600
layer at (0,0) size 800x915
  RenderBlock {HTML} at (0,0) size 800x915
    RenderBody {BODY} at (8,8) size 784x899
      RenderBlock {P} at (0,0) size 784x19
        RenderText {#text} at (0,0) size 133x19
          text run at (0,0) width 133: "This is a table with a "
        RenderInline {CODE} at (0,0) size 94x19
          RenderText {#text} at (133,0) size 94x19
            text run at (133,0) width 94: "td align=center"
        RenderText {#text} at (227,0) size 190x19
          text run at (227,0) width 190: " that has a p, a table, and a p."
      RenderTable {TABLE} at (0,33) size 235x105 [border: (1px outset #808080)]
        RenderTableSection {TBODY} at (1,1) size 233x103
          RenderTableRow {TR} at (0,2) size 233x99
            RenderTableCell {TD} at (2,2) size 229x99 [border: (1px inset #808080)] [r=0 c=0 rs=1 cs=1]
              RenderBlock {P} at (2,2) size 225x19
                RenderText {#text} at (101,0) size 23x19
                  text run at (101,0) width 23: "text"
              RenderTable {TABLE} at (24,35) size 180x29 [border: (1px outset #808080)]
                RenderTableSection {TBODY} at (1,1) size 178x27
                  RenderTableRow {TR} at (0,2) size 178x23
                    RenderTableCell {TD} at (2,2) size 174x23 [border: (1px inset #808080)] [r=0 c=0 rs=1 cs=1]
                      RenderText {#text} at (2,2) size 35x19
                        text run at (2,2) width 35: "text 3"
              RenderBlock {P} at (2,78) size 225x19
                RenderText {#text} at (101,0) size 23x19
                  text run at (101,0) width 23: "text"
      RenderBlock {P} at (0,152) size 784x76
        RenderText {#text} at (0,0) size 184x19
          text run at (0,0) width 184: "This time the inner table has "
        RenderInline {CODE} at (0,0) size 87x19
          RenderText {#text} at (184,0) size 87x19
            text run at (184,0) width 87: "width=\"100%\""
        RenderText {#text} at (271,0) size 784x76
          text run at (271,0) width 389: ", so you can see that the CSS spec isn't quite being followed. "
          text run at (660,0) width 124: "The CSS spec says"
          text run at (0,19) width 757: "that the align=center carries down as text-align and never acts to move blocks. You're not moving the block for the table"
          text run at (0,38) width 369: "(above), but you're not doing the text-align inside it either. "
          text run at (369,38) width 404: "In quirks mode you should do the former, in standard mode, the"
          text run at (0,57) width 36: "latter."
      RenderTable {TABLE} at (0,242) size 235x105 [border: (1px outset #808080)]
        RenderTableSection {TBODY} at (1,1) size 233x103
          RenderTableRow {TR} at (0,2) size 233x99
            RenderTableCell {TD} at (2,2) size 229x99 [border: (1px inset #808080)] [r=0 c=0 rs=1 cs=1]
              RenderBlock {P} at (2,2) size 225x19
                RenderText {#text} at (101,0) size 23x19
                  text run at (101,0) width 23: "text"
              RenderTable {TABLE} at (2,35) size 225x29 [border: (1px outset #808080)]
                RenderTableSection {TBODY} at (1,1) size 223x27
                  RenderTableRow {TR} at (0,2) size 223x23
                    RenderTableCell {TD} at (2,2) size 219x23 [border: (1px inset #808080)] [r=0 c=0 rs=1 cs=1]
                      RenderText {#text} at (2,2) size 35x19
                        text run at (2,2) width 35: "text 3"
              RenderBlock {P} at (2,78) size 225x19
                RenderText {#text} at (101,0) size 23x19
                  text run at (101,0) width 23: "text"
      RenderBlock (anonymous) at (0,347) size 784x19
        RenderBR {BR} at (0,0) size 0x19
      RenderTable {TABLE} at (242,366) size 300x29 [border: (1px outset #808080)]
        RenderTableSection {TBODY} at (1,1) size 298x27
          RenderTableRow {TR} at (0,2) size 298x23
            RenderTableCell {TD} at (2,2) size 294x23 [border: (1px inset #808080)] [r=0 c=0 rs=1 cs=1]
              RenderText {#text} at (2,2) size 102x19
                text run at (2,2) width 102: "Data of Table 1!"
      RenderBlock (anonymous) at (0,395) size 784x19
        RenderBR {BR} at (0,0) size 0x19
      RenderTable {TABLE} at (0,414) size 300x29 [border: (1px outset #808080)]
        RenderTableSection {TBODY} at (1,1) size 298x27
          RenderTableRow {TR} at (0,2) size 298x23
            RenderTableCell {TD} at (2,2) size 294x23 [border: (1px inset #808080)] [r=0 c=0 rs=1 cs=1]
              RenderText {#text} at (96,2) size 102x19
                text run at (96,2) width 102: "Data of Table 2!"
      RenderBlock (anonymous) at (0,443) size 784x19
        RenderBR {BR} at (0,0) size 0x19
      RenderBlock {DIV} at (0,462) size 784x27 [border: (1px solid #000000)]
        RenderTable {TABLE} at (338,1) size 108x25
          RenderTableSection {TBODY} at (0,0) size 108x25
            RenderTableRow {TR} at (0,2) size 108x21
              RenderTableCell {TD} at (2,2) size 104x21 [r=0 c=0 rs=1 cs=1]
                RenderText {#text} at (1,1) size 102x19
                  text run at (1,1) width 102: "Data of Table 3!"
      RenderBlock (anonymous) at (0,489) size 784x19
        RenderBR {BR} at (0,0) size 0x19
      RenderBlock {DIV} at (0,508) size 784x27 [border: (1px solid #000000)]
        RenderTable {TABLE} at (1,1) size 108x25
          RenderTableSection {TBODY} at (0,0) size 108x25
            RenderTableRow {TR} at (0,2) size 108x21
              RenderTableCell {TD} at (2,2) size 104x21 [r=0 c=0 rs=1 cs=1]
                RenderText {#text} at (1,1) size 102x19
                  text run at (1,1) width 102: "Data of Table 4!"
      RenderBlock (anonymous) at (0,535) size 784x19
        RenderBR {BR} at (0,0) size 0x19
      RenderTable {TABLE} at (0,554) size 784x50
        RenderTableSection {TBODY} at (0,0) size 784x50
          RenderTableRow {TR} at (0,2) size 784x46
            RenderTableCell {TD} at (2,2) size 780x46 [r=0 c=0 rs=1 cs=1]
              RenderBlock (anonymous) at (1,1) size 778x19
                RenderText {#text} at (335,0) size 107x19
                  text run at (335,0) width 107: "Text, followed by"
              RenderTable {TABLE} at (363,20) size 54x25
                RenderTableSection {TBODY} at (0,0) size 54x25
                  RenderTableRow {TR} at (0,2) size 54x21
                    RenderTableCell {TD} at (2,2) size 50x21 [r=0 c=0 rs=1 cs=1]
                      RenderText {#text} at (1,1) size 48x19
                        text run at (1,1) width 48: "A table."
      RenderBlock {P} at (0,618) size 784x19
        RenderText {#text} at (0,0) size 280x19
          text run at (0,0) width 280: "...should look identical to the first one below:"
      RenderTable {TABLE} at (0,651) size 784x50
        RenderTableSection {TBODY} at (0,0) size 784x50
          RenderTableRow {TR} at (0,2) size 784x46
            RenderTableCell {TD} at (2,2) size 780x46 [r=0 c=0 rs=1 cs=1]
              RenderBlock {DIV} at (1,1) size 778x19
                RenderText {#text} at (335,0) size 107x19
                  text run at (335,0) width 107: "Text, followed by"
              RenderTable {TABLE} at (1,20) size 778x25
                RenderTableSection {TBODY} at (0,0) size 778x25
                  RenderTableRow {TR} at (0,2) size 778x21
                    RenderTableCell {TD} at (2,2) size 774x21 [r=0 c=0 rs=1 cs=1]
                      RenderBlock {DIV} at (1,1) size 772x19
                        RenderText {#text} at (362,0) size 48x19
                          text run at (362,0) width 48: "A table."
      RenderBlock {P} at (0,715) size 784x69
        RenderBlock (anonymous) at (0,0) size 784x19
          RenderText {#text} at (0,0) size 396x19
            text run at (0,0) width 396: "However, in standard mode, the first table should look like this:"
        RenderTable {TABLE} at (0,19) size 784x50
          RenderTableSection {TBODY} at (0,0) size 784x50
            RenderTableRow {TR} at (0,2) size 784x46
              RenderTableCell {TD} at (2,2) size 780x46 [r=0 c=0 rs=1 cs=1]
                RenderBlock {DIV} at (1,1) size 778x19
                  RenderText {#text} at (335,0) size 107x19
                    text run at (335,0) width 107: "Text, followed by"
                RenderTable {TABLE} at (1,20) size 778x25
                  RenderTableSection {TBODY} at (0,0) size 778x25
                    RenderTableRow {TR} at (0,2) size 778x21
                      RenderTableCell {TD} at (2,2) size 774x21 [r=0 c=0 rs=1 cs=1]
                        RenderText {#text} at (1,1) size 48x19
                          text run at (1,1) width 48: "A table."
      RenderBlock {P} at (0,798) size 784x19
        RenderText {#text} at (0,0) size 661x19
          text run at (0,0) width 661: "For reference, the second table has its text all centered, the third table has the \"A table.\" line aligned left."
      RenderBlock {HR} at (0,831) size 784x2 [border: (1px inset #000000)]
      RenderBlock {P} at (0,847) size 784x19
        RenderText {#text} at (0,0) size 63x19
          text run at (0,0) width 63: "See also: "
        RenderInline {A} at (0,0) size 124x19 [color=#0000EE]
          RenderText {#text} at (63,0) size 124x19
            text run at (63,0) width 124: "Strict Mode Version"
        RenderText {#text} at (0,0) size 0x0
      RenderBlock (anonymous) at (0,880) size 784x19
        RenderText {#text} at (0,0) size 18x19
          text run at (0,0) width 18: "-->"
