layer at (0,0) size 800x1356
  RenderView at (0,0) size 800x600
layer at (0,0) size 800x1356
  RenderBlock {HTML} at (0,0) size 800x1356
    RenderBody {BODY} at (8,8) size 784x1340 [bgcolor=#555555]
      RenderBlock {H1} at (14,32) size 756x94 [bgcolor=#CCCCCC]
        RenderText {#text} at (130,28) size 143x38
          text run at (130,28) width 143: "Simplified "
        RenderInline {A} at (0,0) size 141x38 [color=#0000EE]
          RenderText {#text} at (273,28) size 141x38
            text run at (273,28) width 141: "Linux.com"
        RenderText {#text} at (414,28) size 212x38
          text run at (414,28) width 212: " Table Testcase"
      RenderTable {TABLE} at (14,144) size 756x1182
        RenderTableSection {TBODY} at (0,0) size 756x1182
          RenderTableRow {TR} at (0,2) size 756x408
            RenderTableCell {TD} at (2,2) size 135x733 [bgcolor=#FFFFFF] [r=0 c=0 rs=2 cs=1]
              RenderBlock {H2} at (5,16) size 125x20
                RenderText {#text} at (0,0) size 105x20
                  text run at (0,0) width 105: "Weekly Feature"
              RenderBlock {P} at (5,48) size 125x119
                RenderText {#text} at (0,0) size 105x119
                  text run at (0,0) width 105: "blah blah blah blah"
                  text run at (0,17) width 105: "blah blah blah blah"
                  text run at (0,34) width 105: "blah blah blah blah"
                  text run at (0,51) width 105: "blah blah blah blah"
                  text run at (0,68) width 105: "blah blah blah blah"
                  text run at (0,85) width 105: "blah blah blah blah"
                  text run at (0,102) width 105: "blah blah blah blah"
              RenderBlock {H2} at (5,179) size 125x20
                RenderText {#text} at (0,0) size 73x20
                  text run at (0,0) width 73: "Contribute"
              RenderBlock {P} at (5,211) size 125x119
                RenderText {#text} at (0,0) size 105x119
                  text run at (0,0) width 105: "blah blah blah blah"
                  text run at (0,17) width 105: "blah blah blah blah"
                  text run at (0,34) width 105: "blah blah blah blah"
                  text run at (0,51) width 105: "blah blah blah blah"
                  text run at (0,68) width 105: "blah blah blah blah"
                  text run at (0,85) width 105: "blah blah blah blah"
                  text run at (0,102) width 105: "blah blah blah blah"
              RenderBlock {H2} at (5,342) size 125x20
                RenderText {#text} at (0,0) size 73x20
                  text run at (0,0) width 73: "Newsforge"
              RenderBlock {P} at (5,374) size 125x34
                RenderText {#text} at (0,0) size 105x34
                  text run at (0,0) width 105: "blah blah blah blah"
                  text run at (0,17) width 105: "blah blah blah blah"
              RenderBlock {P} at (5,420) size 125x34
                RenderText {#text} at (0,0) size 105x34
                  text run at (0,0) width 105: "blah blah blah blah"
                  text run at (0,17) width 105: "blah blah blah blah"
              RenderBlock {P} at (5,466) size 125x34
                RenderText {#text} at (0,0) size 105x34
                  text run at (0,0) width 105: "blah blah blah blah"
                  text run at (0,17) width 105: "blah blah blah blah"
              RenderBlock {P} at (5,512) size 125x34
                RenderText {#text} at (0,0) size 105x34
                  text run at (0,0) width 105: "blah blah blah blah"
                  text run at (0,17) width 105: "blah blah blah blah"
              RenderBlock {P} at (5,558) size 125x34
                RenderText {#text} at (0,0) size 105x34
                  text run at (0,0) width 105: "blah blah blah blah"
                  text run at (0,17) width 105: "blah blah blah blah"
              RenderBlock {P} at (5,604) size 125x34
                RenderText {#text} at (0,0) size 105x34
                  text run at (0,0) width 105: "blah blah blah blah"
                  text run at (0,17) width 105: "blah blah blah blah"
              RenderBlock {H2} at (5,650) size 125x20
                RenderText {#text} at (0,0) size 73x20
                  text run at (0,0) width 73: "Resources"
              RenderBlock {P} at (5,682) size 125x34
                RenderText {#text} at (0,0) size 105x34
                  text run at (0,0) width 105: "blah blah blah blah"
                  text run at (0,17) width 105: "blah blah blah blah"
            RenderTableCell {TD} at (139,2) size 478x1178 [bgcolor=#FFFFFF] [r=0 c=1 rs=2 cs=1]
              RenderBlock {H2} at (5,16) size 468x20
                RenderText {#text} at (0,0) size 172x20
                  text run at (0,0) width 172: "The Latest of Linux.com!"
              RenderBlock {P} at (5,48) size 468x238
                RenderText {#text} at (0,0) size 456x238
                  text run at (0,0) width 456: "blah blah blah blah blah blah blah blah blah blah blah blah blah blah blah blah blah"
                  text run at (0,17) width 456: "blah blah blah blah blah blah blah blah blah blah blah blah blah blah blah blah blah"
                  text run at (0,34) width 456: "blah blah blah blah blah blah blah blah blah blah blah blah blah blah blah blah blah"
                  text run at (0,51) width 456: "blah blah blah blah blah blah blah blah blah blah blah blah blah blah blah blah blah"
                  text run at (0,68) width 456: "blah blah blah blah blah blah blah blah blah blah blah blah blah blah blah blah blah"
                  text run at (0,85) width 456: "blah blah blah blah blah blah blah blah blah blah blah blah blah blah blah blah blah"
                  text run at (0,102) width 456: "blah blah blah blah blah blah blah blah blah blah blah blah blah blah blah blah blah"
                  text run at (0,119) width 456: "blah blah blah blah blah blah blah blah blah blah blah blah blah blah blah blah blah"
                  text run at (0,136) width 456: "blah blah blah blah blah blah blah blah blah blah blah blah blah blah blah blah blah"
                  text run at (0,153) width 456: "blah blah blah blah blah blah blah blah blah blah blah blah blah blah blah blah blah"
                  text run at (0,170) width 456: "blah blah blah blah blah blah blah blah blah blah blah blah blah blah blah blah blah"
                  text run at (0,187) width 456: "blah blah blah blah blah blah blah blah blah blah blah blah blah blah blah blah blah"
                  text run at (0,204) width 456: "blah blah blah blah blah blah blah blah blah blah blah blah blah blah blah blah blah"
                  text run at (0,221) width 186: "blah blah blah blah blah blah blah"
              RenderBlock {P} at (5,298) size 468x238
                RenderText {#text} at (0,0) size 456x238
                  text run at (0,0) width 456: "blah blah blah blah blah blah blah blah blah blah blah blah blah blah blah blah blah"
                  text run at (0,17) width 456: "blah blah blah blah blah blah blah blah blah blah blah blah blah blah blah blah blah"
                  text run at (0,34) width 456: "blah blah blah blah blah blah blah blah blah blah blah blah blah blah blah blah blah"
                  text run at (0,51) width 456: "blah blah blah blah blah blah blah blah blah blah blah blah blah blah blah blah blah"
                  text run at (0,68) width 456: "blah blah blah blah blah blah blah blah blah blah blah blah blah blah blah blah blah"
                  text run at (0,85) width 456: "blah blah blah blah blah blah blah blah blah blah blah blah blah blah blah blah blah"
                  text run at (0,102) width 456: "blah blah blah blah blah blah blah blah blah blah blah blah blah blah blah blah blah"
                  text run at (0,119) width 456: "blah blah blah blah blah blah blah blah blah blah blah blah blah blah blah blah blah"
                  text run at (0,136) width 456: "blah blah blah blah blah blah blah blah blah blah blah blah blah blah blah blah blah"
                  text run at (0,153) width 456: "blah blah blah blah blah blah blah blah blah blah blah blah blah blah blah blah blah"
                  text run at (0,170) width 456: "blah blah blah blah blah blah blah blah blah blah blah blah blah blah blah blah blah"
                  text run at (0,187) width 456: "blah blah blah blah blah blah blah blah blah blah blah blah blah blah blah blah blah"
                  text run at (0,204) width 456: "blah blah blah blah blah blah blah blah blah blah blah blah blah blah blah blah blah"
                  text run at (0,221) width 186: "blah blah blah blah blah blah blah"
              RenderBlock {H2} at (5,548) size 468x20
                RenderText {#text} at (0,0) size 110x20
                  text run at (0,0) width 110: "Linux.com Live!"
              RenderBlock {P} at (5,580) size 468x238
                RenderText {#text} at (0,0) size 456x238
                  text run at (0,0) width 456: "blah blah blah blah blah blah blah blah blah blah blah blah blah blah blah blah blah"
                  text run at (0,17) width 456: "blah blah blah blah blah blah blah blah blah blah blah blah blah blah blah blah blah"
                  text run at (0,34) width 456: "blah blah blah blah blah blah blah blah blah blah blah blah blah blah blah blah blah"
                  text run at (0,51) width 456: "blah blah blah blah blah blah blah blah blah blah blah blah blah blah blah blah blah"
                  text run at (0,68) width 456: "blah blah blah blah blah blah blah blah blah blah blah blah blah blah blah blah blah"
                  text run at (0,85) width 456: "blah blah blah blah blah blah blah blah blah blah blah blah blah blah blah blah blah"
                  text run at (0,102) width 456: "blah blah blah blah blah blah blah blah blah blah blah blah blah blah blah blah blah"
                  text run at (0,119) width 456: "blah blah blah blah blah blah blah blah blah blah blah blah blah blah blah blah blah"
                  text run at (0,136) width 456: "blah blah blah blah blah blah blah blah blah blah blah blah blah blah blah blah blah"
                  text run at (0,153) width 456: "blah blah blah blah blah blah blah blah blah blah blah blah blah blah blah blah blah"
                  text run at (0,170) width 456: "blah blah blah blah blah blah blah blah blah blah blah blah blah blah blah blah blah"
                  text run at (0,187) width 456: "blah blah blah blah blah blah blah blah blah blah blah blah blah blah blah blah blah"
                  text run at (0,204) width 456: "blah blah blah blah blah blah blah blah blah blah blah blah blah blah blah blah blah"
                  text run at (0,221) width 186: "blah blah blah blah blah blah blah"
              RenderBlock {H2} at (5,830) size 468x20
                RenderText {#text} at (0,0) size 53x20
                  text run at (0,0) width 53: "Tuneup"
              RenderBlock {P} at (5,862) size 468x238
                RenderText {#text} at (0,0) size 456x238
                  text run at (0,0) width 456: "blah blah blah blah blah blah blah blah blah blah blah blah blah blah blah blah blah"
                  text run at (0,17) width 456: "blah blah blah blah blah blah blah blah blah blah blah blah blah blah blah blah blah"
                  text run at (0,34) width 456: "blah blah blah blah blah blah blah blah blah blah blah blah blah blah blah blah blah"
                  text run at (0,51) width 456: "blah blah blah blah blah blah blah blah blah blah blah blah blah blah blah blah blah"
                  text run at (0,68) width 456: "blah blah blah blah blah blah blah blah blah blah blah blah blah blah blah blah blah"
                  text run at (0,85) width 456: "blah blah blah blah blah blah blah blah blah blah blah blah blah blah blah blah blah"
                  text run at (0,102) width 456: "blah blah blah blah blah blah blah blah blah blah blah blah blah blah blah blah blah"
                  text run at (0,119) width 456: "blah blah blah blah blah blah blah blah blah blah blah blah blah blah blah blah blah"
                  text run at (0,136) width 456: "blah blah blah blah blah blah blah blah blah blah blah blah blah blah blah blah blah"
                  text run at (0,153) width 456: "blah blah blah blah blah blah blah blah blah blah blah blah blah blah blah blah blah"
                  text run at (0,170) width 456: "blah blah blah blah blah blah blah blah blah blah blah blah blah blah blah blah blah"
                  text run at (0,187) width 456: "blah blah blah blah blah blah blah blah blah blah blah blah blah blah blah blah blah"
                  text run at (0,204) width 456: "blah blah blah blah blah blah blah blah blah blah blah blah blah blah blah blah blah"
                  text run at (0,221) width 186: "blah blah blah blah blah blah blah"
              RenderBlock {H2} at (5,1112) size 468x20
                RenderText {#text} at (0,0) size 26x20
                  text run at (0,0) width 26: "Poll"
              RenderBlock {P} at (5,1144) size 468x17
                RenderText {#text} at (0,0) size 290x17
                  text run at (0,0) width 290: "This stuff is cropped off in Mozilla for whatever reason"
            RenderTableCell {TD} at (619,2) size 135x408 [bgcolor=#FFFFFF] [r=0 c=2 rs=1 cs=1]
              RenderBlock {H2} at (5,16) size 125x20
                RenderText {#text} at (0,0) size 40x20
                  text run at (0,0) width 40: "OSDN"
              RenderBlock {P} at (5,48) size 125x85
                RenderText {#text} at (0,0) size 105x85
                  text run at (0,0) width 105: "blah blah blah blah"
                  text run at (0,17) width 105: "blah blah blah blah"
                  text run at (0,34) width 105: "blah blah blah blah"
                  text run at (0,51) width 105: "blah blah blah blah"
                  text run at (0,68) width 51: "blah blah"
              RenderBlock {H2} at (5,145) size 125x20
                RenderText {#text} at (0,0) size 39x20
                  text run at (0,0) width 39: "POTD"
              RenderBlock {P} at (5,177) size 125x85
                RenderText {#text} at (0,0) size 105x85
                  text run at (0,0) width 105: "blah blah blah blah"
                  text run at (0,17) width 105: "blah blah blah blah"
                  text run at (0,34) width 105: "blah blah blah blah"
                  text run at (0,51) width 105: "blah blah blah blah"
                  text run at (0,68) width 51: "blah blah"
              RenderBlock {H2} at (5,274) size 125x20
                RenderText {#text} at (0,0) size 44x20
                  text run at (0,0) width 44: "Log In"
              RenderBlock {P} at (5,306) size 125x85
                RenderText {#text} at (0,0) size 105x85
                  text run at (0,0) width 105: "blah blah blah blah"
                  text run at (0,17) width 105: "blah blah blah blah"
                  text run at (0,34) width 105: "blah blah blah blah"
                  text run at (0,51) width 105: "blah blah blah blah"
                  text run at (0,68) width 51: "blah blah"
          RenderTableRow {TR} at (0,412) size 756x768
            RenderTableCell {TD} at (619,1010) size 135x170 [bgcolor=#FFFFFF] [r=1 c=2 rs=1 cs=1]
              RenderBlock {H2} at (5,16) size 125x40
                RenderText {#text} at (0,0) size 78x40
                  text run at (0,0) width 78: "Community"
                  text run at (0,20) width 49: "Banner"
              RenderBlock {P} at (5,68) size 125x85
                RenderText {#text} at (0,0) size 105x85
                  text run at (0,0) width 105: "blah blah blah blah"
                  text run at (0,17) width 105: "blah blah blah blah"
                  text run at (0,34) width 105: "blah blah blah blah"
                  text run at (0,51) width 105: "blah blah blah blah"
                  text run at (0,68) width 51: "blah blah"
