layer at (0,0) size 800x600
  RenderView at (0,0) size 800x600
layer at (0,0) size 800x600
  RenderBlock {HTML} at (0,0) size 800x600
    RenderBody {BODY} at (8,8) size 784x584
      RenderTable {TABLE} at (0,0) size 731x25
        RenderTableSection {TBODY} at (0,0) size 731x25
          RenderTableRow {TR} at (0,2) size 731x21
            RenderTableCell {TD} at (2,2) size 298x21 [r=0 c=0 rs=1 cs=1]
              RenderText {#text} at (1,1) size 296x19
                text run at (1,1) width 296: "The quick brown fox jumped over the lazy dog."
            RenderTableCell {TD} at (302,2) size 427x21 [r=0 c=1 rs=1 cs=1]
              RenderText {#text} at (1,1) size 425x19
                text run at (1,1) width 425: "Now is the time for all good men to come to the aid of their country."
