layer at (0,0) size 800x600
  RenderView at (0,0) size 800x600
layer at (0,0) size 800x90
  RenderBlock {HTML} at (0,0) size 800x90
    RenderBody {BODY} at (8,17) size 784x65
      RenderBlock {H2} at (0,0) size 784x29
        RenderText {#text} at (0,0) size 200x29
          text run at (0,0) width 200: "table-column-group"
      RenderTable {DIV} at (0,46) size 66x19
        RenderTableCol {DIV} at (0,0) size 0x0
          RenderTableCol {DIV} at (0,0) size 0x0
          RenderTableCol {DIV} at (0,0) size 0x0
        RenderTableSection (anonymous) at (0,0) size 66x19
          RenderTableRow {DIV} at (0,0) size 66x19
            RenderTableCell {DIV} at (0,0) size 33x19 [r=0 c=0 rs=1 cs=1]
              RenderText {#text} at (0,0) size 33x19
                text run at (0,0) width 33: "white"
            RenderTableCell {DIV} at (33,0) size 33x19 [r=0 c=1 rs=1 cs=1]
              RenderText {#text} at (0,0) size 33x19
                text run at (0,0) width 33: "white"
