layer at (0,0) size 800x600
  RenderView at (0,0) size 800x600
layer at (0,0) size 800x600
  RenderBlock {HTML} at (0,0) size 800x600
    RenderBody {BODY} at (8,8) size 784x584
      RenderTable {TABLE} at (0,0) size 653x236 [border: (1px outset #808080)]
        RenderTableSection {TBODY} at (1,1) size 651x234
          RenderTableRow {TR} at (0,2) size 651x230
            RenderTableCell {TD} at (2,2) size 647x230 [border: (1px inset #808080)] [r=0 c=0 rs=1 cs=6]
              RenderTable {TABLE} at (2,2) size 638x226 [border: (1px outset #808080)]
                RenderTableSection {TBODY} at (1,1) size 636x224
                  RenderTableRow {TR} at (0,2) size 636x23
                    RenderTableCell {TD} at (2,2) size 632x23 [border: (1px inset #808080)] [r=0 c=0 rs=1 cs=1]
                      RenderText {#text} at (2,2) size 20x19
                        text run at (2,2) width 20: "foo"
                  RenderTableRow {TR} at (0,27) size 636x195
                    RenderTableCell {TD} at (2,27) size 632x195 [border: (1px inset #808080)] [r=1 c=0 rs=1 cs=1]
                      RenderTable {TABLE} at (2,2) size 628x191 [border: (1px outset #808080)]
                        RenderTableSection {TBODY} at (1,1) size 626x189
                          RenderTableRow {TR} at (0,2) size 626x47
                            RenderTableCell {TD} at (2,2) size 25x23 [border: (1px inset #808080)] [r=0 c=0 rs=1 cs=1]
                              RenderText {#text} at (2,2) size 21x19
                                text run at (2,2) width 21: "bar"
                            RenderTableCell {TD} at (29,14) size 595x23 [border: (1px inset #808080)] [r=0 c=1 rs=1 cs=1]
                              RenderText {#text} at (286,2) size 23x19
                                text run at (286,2) width 23: "baz"
                          RenderTableRow {TR} at (0,51) size 626x136
                            RenderTableCell {TD} at (2,51) size 25x23 [border: (1px inset #808080)] [r=1 c=0 rs=1 cs=1]
                              RenderText {#text} at (2,2) size 19x19
                                text run at (2,2) width 19: "faz"
                            RenderTableCell {TD} at (29,51) size 595x136 [border: (1px inset #808080)] [r=1 c=1 rs=1 cs=1]
                              RenderTable {TABLE} at (2,2) size 591x132 [border: (1px outset #808080)]
                                RenderTableSection {TBODY} at (1,1) size 589x130
                                  RenderTableRow {TR} at (0,2) size 589x126
                                    RenderTableCell {TD} at (2,2) size 585x126 [border: (1px inset #808080)] [r=0 c=0 rs=1 cs=2]
                                      RenderTable {TABLE} at (2,2) size 581x122 [border: (1px outset #808080)]
                                        RenderTableSection {TBODY} at (1,1) size 579x120
                                          RenderTableRow {TR} at (0,2) size 579x116
                                            RenderTableCell {TD} at (2,2) size 112x23 [border: (1px inset #808080)] [r=0 c=0 rs=1 cs=1]
                                              RenderText {#text} at (2,2) size 20x19
                                                text run at (2,2) width 20: "frip"
                                            RenderTableCell {TD} at (116,2) size 461x116 [border: (1px inset #808080)] [r=0 c=1 rs=1 cs=1]
                                              RenderBlock (anonymous) at (2,2) size 457x19
                                                RenderText {#text} at (159,0) size 139x19
                                                  text run at (159,0) width 139: "Feel free to browse ..."
                                              RenderBlock {P} at (2,35) size 457x0
                                              RenderBlock {CENTER} at (2,35) size 457x79
                                                RenderTable {TABLE} at (92,0) size 273x79 [border: (1px outset #808080)]
                                                  RenderTableSection {TBODY} at (1,1) size 271x77
                                                    RenderTableRow {TR} at (0,2) size 271x23
                                                      RenderTableCell {TD} at (2,2) size 144x23 [border: (1px inset #808080)] [r=0 c=0 rs=1 cs=1]
                                                        RenderInline {A} at (0,0) size 47x19 [color=#0000EE]
                                                          RenderText {#text} at (2,2) size 47x19
                                                            text run at (2,2) width 47: "Holiday"
                                                      RenderTableCell {TD} at (148,2) size 121x23 [border: (1px inset #808080)] [r=0 c=1 rs=1 cs=1]
                                                        RenderInline {A} at (0,0) size 30x19 [color=#0000EE]
                                                          RenderText {#text} at (2,2) size 30x19
                                                            text run at (2,2) width 30: "Cars"
                                                    RenderTableRow {TR} at (0,27) size 271x23
                                                      RenderTableCell {TD} at (2,27) size 144x23 [border: (1px inset #808080)] [r=1 c=0 rs=1 cs=1]
                                                        RenderInline {A} at (0,0) size 41x19 [color=#0000EE]
                                                          RenderText {#text} at (2,2) size 41x19
                                                            text run at (2,2) width 41: "Sports"
                                                      RenderTableCell {TD} at (148,27) size 121x23 [border: (1px inset #808080)] [r=1 c=1 rs=1 cs=1]
                                                        RenderInline {A} at (0,0) size 50x19 [color=#0000EE]
                                                          RenderText {#text} at (2,2) size 50x19
                                                            text run at (2,2) width 50: "Animals"
                                                    RenderTableRow {TR} at (0,52) size 271x23
                                                      RenderTableCell {TD} at (2,52) size 144x23 [border: (1px inset #808080)] [r=2 c=0 rs=1 cs=1]
                                                        RenderInline {A} at (0,0) size 70x19 [color=#0000EE]
                                                          RenderText {#text} at (2,2) size 70x19
                                                            text run at (2,2) width 70: "Computers"
                                                      RenderTableCell {TD} at (148,52) size 121x23 [border: (1px inset #808080)] [r=2 c=1 rs=1 cs=1]
                                                        RenderInline {A} at (0,0) size 58x19 [color=#0000EE]
                                                          RenderText {#text} at (2,2) size 58x19
                                                            text run at (2,2) width 58: "Cartoons"
      RenderBlock (anonymous) at (0,236) size 784x19
        RenderBR {BR} at (0,0) size 0x19
      RenderBlock {P} at (0,269) size 784x57
        RenderText {#text} at (0,0) size 553x19
          text run at (0,0) width 553: "The second (nested) table below has fixed widths 300px, 500px, 200px (outer to inner)."
        RenderBR {BR} at (553,14) size 0x0
        RenderText {#text} at (0,19) size 65x19
          text run at (0,19) width 65: "When the "
        RenderInline {CODE} at (0,0) size 48x19
          RenderText {#text} at (65,19) size 48x19
            text run at (65,19) width 48: "a:hover"
        RenderText {#text} at (113,19) size 113x19
          text run at (113,19) width 113: " for 'Holiday' gets "
        RenderInline {CODE} at (0,0) size 96x19
          RenderText {#text} at (226,19) size 96x19
            text run at (226,19) width 96: "'onMouseOver'"
        RenderText {#text} at (322,19) size 212x19
          text run at (322,19) width 212: ", the outer table reflows to 300px,"
        RenderBR {BR} at (534,33) size 0x0
        RenderText {#text} at (0,38) size 303x19
          text run at (0,38) width 303: "clipping the middle (500px) table in the process."
      RenderTable {TABLE} at (0,340) size 300x29 [border: (1px outset #808080)]
        RenderTableSection {TBODY} at (1,1) size 298x27
          RenderTableRow {TR} at (0,2) size 298x23
            RenderTableCell {TD} at (2,2) size 294x23 [border: (1px inset #808080)] [r=0 c=0 rs=1 cs=1]
              RenderText {#text} at (2,2) size 171x19
                text run at (2,2) width 171: "300px wide for comparison"
      RenderBlock (anonymous) at (0,369) size 784x19
        RenderBR {BR} at (0,0) size 0x19
      RenderTable {TABLE} at (0,388) size 510x49 [border: (1px outset #808080)]
        RenderTableSection {TBODY} at (1,1) size 508x47
          RenderTableRow {TR} at (0,2) size 508x43
            RenderTableCell {TD} at (2,2) size 504x43 [border: (1px inset #808080)] [r=0 c=0 rs=1 cs=1]
              RenderTable {TABLE} at (2,2) size 500x39 [border: (1px outset #808080)]
                RenderTableSection {TBODY} at (1,1) size 498x37
                  RenderTableRow {TR} at (0,2) size 498x33
                    RenderTableCell {TD} at (2,2) size 494x33 [border: (1px inset #808080)] [r=0 c=0 rs=1 cs=1]
                      RenderTable {TABLE} at (2,2) size 200x29 [border: (1px outset #808080)]
                        RenderTableSection {TBODY} at (1,1) size 198x27
                          RenderTableRow {TR} at (0,2) size 198x23
                            RenderTableCell {TD} at (2,2) size 194x23 [border: (1px inset #808080)] [r=0 c=0 rs=1 cs=1]
                              RenderInline {A} at (0,0) size 47x19 [color=#0000EE]
                                RenderText {#text} at (2,2) size 47x19
                                  text run at (2,2) width 47: "Holiday"
