layer at (0,0) size 800x600
  RenderView at (0,0) size 800x600
layer at (0,0) size 800x146
  RenderBlock {HTML} at (0,0) size 800x146
    RenderBody {BODY} at (0,0) size 800x146
layer at (0,0) size 286x146 clip at (3,3) size 280x140 scrollHeight 157
  RenderBlock {DIV} at (0,0) size 286x146 [border: (3px solid #008000)]
    RenderTable {TABLE} at (17,3) size 64x155
      RenderTableSection {TBODY} at (0,0) size 64x155
        RenderTableRow {TR} at (0,0) size 64x155
          RenderTableCell {TD} at (0,0) size 64x155 [r=0 c=0 rs=1 cs=1]
            RenderText {#text} at (0,-2) size 64x145
              text run at (0,-2) width 59: "This____"
              text run at (0,12) width 55: "text____"
              text run at (0,26) width 58: "should__"
              text run at (0,40) width 64: "be______"
              text run at (0,54) width 59: "wrapped,"
              text run at (0,68) width 64: "one_____"
              text run at (0,82) width 63: "word____"
              text run at (0,96) width 60: "to______"
              text run at (0,110) width 64: "a_______"
              text run at (0,124) width 50: "line.___"
            RenderInline {SPAN} at (0,0) size 53x18 [color=#FFFF00] [bgcolor=#FF0000]
              RenderText {#text} at (0,139) size 53x18
                text run at (0,139) width 53: "_FAIL!__"
            RenderText {#text} at (0,0) size 0x0
