layer at (0,0) size 973x600
  RenderView at (0,0) size 800x600
layer at (0,0) size 973x600
  RenderBlock {HTML} at (0,0) size 800x600
    RenderBody {BODY} at (8,8) size 784x584
      RenderTable {TABLE} at (0,0) size 965x143 [border: (2px solid #0000FF)]
        RenderTableSection {TBODY} at (2,2) size 961x139
          RenderTableRow {TR} at (0,2) size 961x135
            RenderTableCell {TD} at (2,2) size 259x135 [border: (1px solid #C0C0C0)] [r=0 c=0 rs=1 cs=1]
              RenderTable {TABLE} at (2,2) size 255x131 [border: (2px solid #008000)]
                RenderBlock {FORM} at (0,0) size 0x0
                RenderTableSection {TBODY} at (2,2) size 251x127
                  RenderTableRow {TR} at (0,2) size 251x76
                    RenderTableCell {TD} at (2,2) size 247x76 [border: (1px solid #C0C0C0)] [r=0 c=0 rs=1 cs=1]
                      RenderTable {TABLE} at (2,2) size 184x41 [border: (2px solid #FF0000)]
                        RenderTableSection {TBODY} at (2,2) size 180x37
                          RenderTableRow {TR} at (0,2) size 180x33
                            RenderTableCell {TD} at (2,2) size 176x33 [border: (1px solid #C0C0C0)] [r=0 c=0 rs=1 cs=1]
                              RenderTextControl {INPUT} at (4,4) size 168x25 [border: (2px inset #000000)]
                              RenderText {#text} at (0,0) size 0x0
                      RenderTable {TABLE} at (2,43) size 243x31 [border: (2px solid #FF0000)]
                        RenderTableSection {TBODY} at (2,2) size 239x27
                          RenderTableRow {TR} at (0,2) size 239x23
                            RenderTableCell {TD} at (2,2) size 235x23 [border: (1px solid #C0C0C0)] [r=0 c=0 rs=1 cs=1]
                              RenderText {#text} at (2,2) size 219x19
                                text run at (2,2) width 219: "THIS TABLE NEEDS TO BE HERE"
                  RenderTableRow {TR} at (0,80) size 251x45
                    RenderTableCell {TD} at (2,80) size 247x45 [border: (1px solid #C0C0C0)] [r=1 c=0 rs=1 cs=1]
                      RenderTable {TABLE} at (2,2) size 243x41 [border: (2px solid #FF0000)]
                        RenderTableSection {TBODY} at (2,2) size 239x37
                          RenderTableRow {TR} at (0,2) size 239x33
                            RenderTableCell {TD} at (2,2) size 235x33 [border: (1px solid #C0C0C0)] [r=0 c=0 rs=1 cs=1]
                              RenderMenuList {SELECT} at (4,4) size 227x25 [bgcolor=#FFFFFF]
                                RenderBlock (anonymous) at (8,4) size 195x19
                                  RenderText at (0,0) size 195x19
                                    text run at (0,0) width 195: "USE THIS JAVASCRIPT HERE"
                              RenderText {#text} at (0,0) size 0x0
            RenderTableCell {TD} at (263,2) size 696x42 [border: (1px solid #C0C0C0)] [r=0 c=1 rs=1 cs=1]
              RenderText {#text} at (2,2) size 692x38
                text run at (2,2) width 692: "KEEPoTHEoTEXToHEREoASoLONGoASoPOSSIBLEooKEEPoTHEoTEXToHEREoASoLONGoASoPOSSIBLE"
                text run at (2,21) width 542: "THIS SIMULATES THE PROBLEM ON THE WWW.MAPBLAST.COM/ \"CREATE MAP\""
layer at (31,31) size 162x19 scrollWidth 170
  RenderBlock {DIV} at (3,3) size 162x19
    RenderText {#text} at (1,0) size 168x19
      text run at (1,0) width 168: "THIS NEEDS THIS VALUE"
