layer at (0,0) size 800x600
  RenderView at (0,0) size 800x600
layer at (0,0) size 800x600
  RenderBlock {HTML} at (0,0) size 800x600
    RenderBody {BODY} at (8,8) size 784x584
      RenderTable {TABLE} at (0,0) size 102x54 [border: (1px solid #FF0000)]
        RenderTableSection {TBODY} at (1,1) size 100x52
          RenderTableRow {TR} at (0,2) size 100x23
            RenderTableCell {TD} at (2,2) size 29x23 [border: (1px solid #008000)] [r=0 c=0 rs=1 cs=1]
              RenderText {#text} at (2,2) size 24x19
                text run at (2,2) width 24: "one"
            RenderTableCell {TD} at (33,2) size 26x23 [border: (1px solid #FF0000)] [r=0 c=1 rs=1 cs=1]
              RenderText {#text} at (2,2) size 22x19
                text run at (2,2) width 22: "two"
            RenderTableCell {TD} at (61,2) size 37x23 [border: (1px solid #0000FF)] [r=0 c=2 rs=1 cs=1]
              RenderText {#text} at (2,2) size 33x19
                text run at (2,2) width 33: "three"
          RenderTableRow {TR} at (0,27) size 100x23
            RenderTableCell {TD} at (2,27) size 29x23 [border: (1px solid #008000)] [r=1 c=0 rs=1 cs=1]
              RenderText {#text} at (2,2) size 25x19
                text run at (2,2) width 25: "four"
            RenderTableCell {TD} at (33,27) size 26x23 [border: (1px solid #FFFF00)] [r=1 c=1 rs=1 cs=1]
              RenderText {#text} at (2,2) size 22x19
                text run at (2,2) width 22: "five"
            RenderTableCell {TD} at (61,27) size 37x23 [border: (1px solid #FFA500)] [r=1 c=2 rs=1 cs=1]
              RenderText {#text} at (2,2) size 17x19
                text run at (2,2) width 17: "six"
      RenderBlock (anonymous) at (0,54) size 784x19
        RenderBR {BR} at (0,0) size 0x19
      RenderTable {TABLE} at (0,73) size 102x54 [border: (1px solid #FF0000)]
        RenderTableSection {TBODY} at (1,1) size 100x52
          RenderTableRow {TR} at (0,2) size 100x23
            RenderTableCell {TD} at (2,2) size 29x23 [border: (1px solid #008000)] [r=0 c=0 rs=1 cs=1]
              RenderText {#text} at (2,2) size 24x19
                text run at (2,2) width 24: "one"
            RenderTableCell {TD} at (33,2) size 26x23 [border: (1px solid #FF0000)] [r=0 c=1 rs=1 cs=1]
              RenderText {#text} at (2,2) size 22x19
                text run at (2,2) width 22: "two"
            RenderTableCell {TD} at (61,2) size 37x23 [border: (1px solid #0000FF)] [r=0 c=2 rs=1 cs=1]
              RenderText {#text} at (2,2) size 33x19
                text run at (2,2) width 33: "three"
          RenderTableRow {TR} at (0,27) size 100x23
            RenderTableCell {TD} at (2,27) size 29x23 [border: (1px solid #008000)] [r=1 c=0 rs=1 cs=1]
              RenderText {#text} at (2,2) size 25x19
                text run at (2,2) width 25: "four"
            RenderTableCell {TD} at (33,27) size 26x23 [border: (1px solid #FFFF00)] [r=1 c=1 rs=1 cs=1]
              RenderText {#text} at (2,2) size 22x19
                text run at (2,2) width 22: "five"
            RenderTableCell {TD} at (61,27) size 37x23 [border: (1px solid #FFA500)] [r=1 c=2 rs=1 cs=1]
              RenderText {#text} at (2,2) size 17x19
                text run at (2,2) width 17: "six"
      RenderBlock (anonymous) at (0,127) size 784x38
        RenderBR {BR} at (0,0) size 0x19
        RenderText {#text} at (0,19) size 231x19
          text run at (0,19) width 231: "should be 2px solid red around table"
      RenderTable {TABLE} at (0,165) size 72x31 [border: (2px solid #FF0000)]
        RenderTableSection {TBODY} at (2,2) size 68x27
          RenderTableRow {TR} at (0,2) size 68x23
            RenderTableCell {TD} at (2,2) size 31x23 [border: (1px inset #FF0000)] [r=0 c=0 rs=1 cs=1]
              RenderText {#text} at (2,2) size 27x19
                text run at (2,2) width 27: "One"
            RenderTableCell {TD} at (35,2) size 31x23 [border: (1px inset #FF0000)] [r=0 c=1 rs=1 cs=1]
              RenderText {#text} at (2,2) size 27x19
                text run at (2,2) width 27: "Two"
      RenderBlock (anonymous) at (0,196) size 784x38
        RenderBR {BR} at (0,0) size 0x19
        RenderText {#text} at (0,19) size 259x19
          text run at (0,19) width 259: "should be medium solid red around table"
      RenderTable {TABLE} at (0,234) size 74x33 [border: (3px solid #FF0000)]
        RenderTableSection {TBODY} at (3,3) size 68x27
          RenderTableRow {TR} at (0,2) size 68x23
            RenderTableCell {TD} at (2,2) size 31x23 [border: (1px inset #FF0000)] [r=0 c=0 rs=1 cs=1]
              RenderText {#text} at (2,2) size 27x19
                text run at (2,2) width 27: "One"
            RenderTableCell {TD} at (35,2) size 31x23 [border: (1px inset #FF0000)] [r=0 c=1 rs=1 cs=1]
              RenderText {#text} at (2,2) size 27x19
                text run at (2,2) width 27: "Two"
