layer at (0,0) size 800x600
  RenderView at (0,0) size 800x600
layer at (0,0) size 800x600
  RenderBlock {HTML} at (0,0) size 800x600
    RenderBody {BODY} at (8,8) size 784x578
      RenderBlock {UL} at (0,0) size 784x38
        RenderListItem {LI} at (40,0) size 744x38
          RenderListMarker at (-1,0) size 7x19: bullet
          RenderText {#text} at (14,0) size 263x19
            text run at (14,0) width 263: "This list item should have an inside bullet."
          RenderBR {BR} at (277,14) size 0x0
          RenderText {#text} at (0,19) size 245x19
            text run at (0,19) width 245: "This line should begin under the bullet."
