layer at (0,0) size 800x600
  RenderView at (0,0) size 800x600
layer at (0,0) size 800x600
  RenderBlock {HTML} at (0,0) size 800x600
    RenderBody {BODY} at (8,8) size 784x584
      RenderBlock {P} at (0,0) size 784x19
        RenderText {#text} at (0,0) size 53x19
          text run at (0,0) width 53: "Test for "
        RenderInline {A} at (0,0) size 68x19 [color=#0000EE]
          RenderText {#text} at (53,0) size 68x19
            text run at (53,0) width 68: "bug 11575"
        RenderText {#text} at (121,0) size 406x19
          text run at (121,0) width 406: ": REGRESSION: WebCore crash in CSSParser/HTMLTokenizer."
      RenderBlock {P} at (0,33) size 784x38
        RenderText {#text} at (0,0) size 753x38
          text run at (0,0) width 753: "All four sides of the square below should be present for this test to really pass, and WebKit shouldn't crash for it to pass"
          text run at (0,19) width 53: "partially."
      RenderBlock {DIV} at (0,85) size 106x106 [border: (3px solid #000000)]
