layer at (0,0) size 800x600
  RenderView at (0,0) size 800x600
layer at (0,0) size 800x600
  RenderBlock {HTML} at (0,0) size 800x600
    RenderBody {BODY} at (8,8) size 784x578
      RenderBlock {H1} at (0,0) size 784x38
        RenderText {#text} at (0,0) size 267x38
          text run at (0,0) width 267: "CSS2 System Fonts"
      RenderBlock {P} at (0,56) size 784x38
        RenderText {#text} at (0,0) size 384x19
          text run at (0,0) width 384: "The following should appear with the fonts specified, per the "
        RenderInline {A} at (0,0) size 77x19 [color=#0000EE]
          RenderText {#text} at (384,0) size 77x19
            text run at (384,0) width 77: "CSS2 specs"
        RenderText {#text} at (461,0) size 772x38
          text run at (461,0) width 311: ". If they appear in a monospace font, the test has"
          text run at (0,19) width 38: "failed."
      RenderBlock {UL} at (0,108) size 784x133
        RenderListItem {LI} at (40,0) size 744x19
          RenderListMarker at (-16,1) size 6x17: bullet
          RenderText {#text} at (0,1) size 408x17
            text run at (0,1) width 408: "Caption (on Mac will be Lucida Grande 13.0 Regular)"
        RenderListItem {LI} at (40,19) size 744x38
          RenderListMarker at (-16,1) size 6x17: bullet
          RenderText {#text} at (0,1) size 728x36
            text run at (0,1) width 728: "Icon (on Mac will be Lucida Grande 13.0 Regular for now, not sure how to get this info from"
            text run at (0,20) width 56: "Finder)"
        RenderListItem {LI} at (40,57) size 744x19
          RenderListMarker at (-16,1) size 6x17: bullet
          RenderText {#text} at (0,1) size 384x17
            text run at (0,1) width 384: "Menu (on Mac will be Lucida Grande 13.0 Regular)"
        RenderListItem {LI} at (40,76) size 744x19
          RenderListMarker at (-16,1) size 6x17: bullet
          RenderText {#text} at (0,1) size 440x17
            text run at (0,1) width 440: "Message-Box (on Mac will be Lucida Grande 13.0 Regular)"
        RenderListItem {LI} at (40,95) size 744x19
          RenderListMarker at (-16,1) size 6x17: bullet
          RenderText {#text} at (0,1) size 456x17
            text run at (0,1) width 456: "Small-Caption (on Mac will be Lucida Grande 11.0 Regular)"
        RenderListItem {LI} at (40,114) size 744x19
          RenderListMarker at (-16,1) size 6x17: bullet
          RenderText {#text} at (0,1) size 432x17
            text run at (0,1) width 432: "Status-Bar (on Mac will be Lucida Grande 10.0 Regular)"
      RenderBlock {P} at (0,255) size 784x19
        RenderInline {A} at (0,0) size 184x19 [color=#0000EE]
          RenderText {#text} at (0,0) size 184x19
            text run at (0,0) width 184: "\x{AB} Return to Safari Bugs page"
