layer at (0,0) size 800x600
  RenderView at (0,0) size 800x600
layer at (0,0) size 800x600
  RenderBlock {HTML} at (0,0) size 800x600
    RenderBody {BODY} at (8,8) size 784x578
      RenderBlock {P} at (0,0) size 784x19
        RenderText {#text} at (0,0) size 48x19
          text run at (0,0) width 48: "test for "
        RenderInline {A} at (0,0) size 60x19 [color=#0000EE]
          RenderText {#text} at (48,0) size 60x19
            text run at (48,0) width 60: "bug 7157"
        RenderText {#text} at (108,0) size 662x19
          text run at (108,0) width 662: ": An asterisk in a CSS property name breaks CSS handling (Many layout problems at letras.terra.com.br)"
      RenderBlock {P} at (0,33) size 784x19 [color=#008000]
        RenderText {#text} at (0,0) size 166x19
          text run at (0,0) width 166: "Should be green on white."
      RenderBlock {P} at (0,66) size 784x19 [color=#008000]
        RenderText {#text} at (0,0) size 166x19
          text run at (0,0) width 166: "Should be green on white."
      RenderBlock {P} at (0,99) size 784x19 [color=#008000]
        RenderText {#text} at (0,0) size 166x19
          text run at (0,0) width 166: "Should be green on white."
