layer at (0,0) size 800x600
  RenderView at (0,0) size 800x600
layer at (0,0) size 800x600
  RenderBlock {HTML} at (0,0) size 800x600
    RenderBody {BODY} at (8,8) size 784x584
      RenderFieldSet {FIELDSET} at (2,0) size 780x35 [border: (2px groove #C0C0C0)]
        RenderText {#text} at (12,6) size 371x19
          text run at (12,6) width 371: "If you can see this fieldset without crashing, then all is well."
