layer at (0,0) size 800x600
  RenderView at (0,0) size 800x600
layer at (0,0) size 800x82
  RenderBlock {HTML} at (0,0) size 800x82
    RenderBody {BODY} at (8,14) size 784x54
      RenderBlock {P} at (0,0) size 784x20
        RenderInline {A} at (0,0) size 28x19 [color=#0000FF]
          RenderInline (generated) at (0,0) size 9x20
            RenderText {#text} at (0,0) size 9x20
              text run at (0,0) width 9: "F"
          RenderText {#text} at (9,0) size 19x19
            text run at (9,0) width 19: "irst"
        RenderText {#text} at (28,0) size 192x19
          text run at (28,0) width 192: " letter should be bold and blue"
      RenderBlock {P} at (0,34) size 784x20
        RenderInline (generated) at (0,0) size 10x20
          RenderText {#text} at (0,0) size 10x20
            text run at (0,0) width 10: "H"
        RenderText {#text} at (10,0) size 615x19
          text run at (10,0) width 615: "ere the first letter should be bold and black, but with Safari build 416.13 it is blue. See bug #6170."
