layer at (0,0) size 800x600
  RenderView at (0,0) size 800x600
layer at (0,0) size 800x600
  RenderBlock {HTML} at (0,0) size 800x600
    RenderBody {BODY} at (8,8) size 784x578
      RenderBlock {P} at (0,0) size 784x40
        RenderText {#text} at (0,0) size 53x19
          text run at (0,0) width 53: "Test for "
        RenderInline {I} at (0,0) size 653x39
          RenderInline {A} at (0,0) size 294x19 [color=#0000EE]
            RenderText {#text} at (53,0) size 294x19
              text run at (53,0) width 294: "http://bugs.webkit.org/show_bug.cgi?id=14545"
          RenderText {#text} at (347,0) size 653x39
            text run at (347,0) width 4: " "
            text run at (351,0) width 302: "REGRESSION (r21854-r21869): Repro crash in"
            text run at (0,20) width 314: "RenderBlock::updateFirstLetter @ nola.com/rose/"
        RenderText {#text} at (314,20) size 4x19
          text run at (314,20) width 4: "."
      RenderBlock {P} at (0,54) size 784x19
        RenderText {#text} at (0,0) size 243x19
          text run at (0,0) width 243: "The following lines should be identical:"
      RenderBlock {DIV} at (0,87) size 784x19
        RenderInline (generated) at (0,0) size 8x19 [color=#008000]
          RenderText {#text} at (0,0) size 8x19
            text run at (0,0) width 8: "L"
        RenderText {#text} at (8,0) size 76x19
          text run at (8,0) width 76: "orem Ipsum"
      RenderBlock {P} at (0,120) size 784x19
        RenderInline {SPAN} at (0,0) size 8x19 [color=#008000]
          RenderText {#text} at (0,0) size 8x19
            text run at (0,0) width 8: "L"
        RenderText {#text} at (8,0) size 76x19
          text run at (8,0) width 76: "orem Ipsum"
