layer at (0,0) size 800x600
  RenderView at (0,0) size 800x600
layer at (0,0) size 800x600
  RenderBlock {HTML} at (0,0) size 800x600
    RenderBody {BODY} at (8,8) size 784x578
      RenderBlock {P} at (0,0) size 784x40
        RenderText {#text} at (0,0) size 53x19
          text run at (0,0) width 53: "Test for "
        RenderInline {I} at (0,0) size 713x39
          RenderInline {A} at (0,0) size 337x19 [color=#0000EE]
            RenderText {#text} at (53,0) size 337x19
              text run at (53,0) width 337: "http://bugzilla.opendarwin.org/show_bug.cgi?id=3560"
          RenderText {#text} at (390,0) size 713x39
            text run at (390,0) width 323: " page with use of first-letter crashes reproducibly in"
            text run at (0,20) width 186: "RenderObject::renderArena()"
        RenderText {#text} at (186,20) size 4x19
          text run at (186,20) width 4: "."
      RenderBlock {P} at (0,54) size 784x19
        RenderText {#text} at (0,0) size 232x19
          text run at (0,0) width 232: "The next three lines should all read \x{201C}"
        RenderInline {SPAN} at (0,0) size 9x19 [color=#0000FF]
          RenderText {#text} at (232,0) size 9x19
            text run at (232,0) width 9: "P"
        RenderText {#text} at (241,0) size 202x19
          text run at (241,0) width 202: "ASS\x{201D}, with nothing before the P."
      RenderBlock {HR} at (0,87) size 784x2 [border: (1px inset #000000)]
      RenderBlock {P} at (0,103) size 784x19
        RenderInline (generated) at (0,0) size 9x19 [color=#0000FF]
          RenderText {#text} at (0,0) size 9x19
            text run at (0,0) width 9: "P"
        RenderText {#text} at (9,0) size 27x19
          text run at (9,0) width 27: "ASS"
      RenderBlock {P} at (0,136) size 784x19
        RenderInline (generated) at (0,0) size 9x19 [color=#0000FF]
          RenderText {#text} at (0,0) size 9x19
            text run at (0,0) width 9: "P"
        RenderText {#text} at (9,0) size 27x19
          text run at (9,0) width 27: "ASS"
      RenderBlock {P} at (0,169) size 784x19
        RenderInline (generated) at (0,0) size 9x19 [color=#0000FF]
          RenderText {#text} at (0,0) size 9x19
            text run at (0,0) width 9: "P"
        RenderText {#text} at (9,0) size 27x19
          text run at (9,0) width 27: "ASS"
