layer at (0,0) size 800x600
  RenderView at (0,0) size 800x600
layer at (0,0) size 800x600
  RenderBlock {HTML} at (0,0) size 800x600
    RenderBody {BODY} at (8,8) size 784x584
      RenderBlock {P} at (0,0) size 784x40
        RenderText {#text} at (0,0) size 57x20
          text run at (0,0) width 57: "Test for "
        RenderInline {I} at (0,0) size 751x40
          RenderInline {A} at (0,0) size 337x20 [color=#0000EE]
            RenderText {#text} at (57,0) size 337x20
              text run at (57,0) width 337: "https://bugs.webkit.org/show_bug.cgi?id=34735"
          RenderText {#text} at (394,0) size 751x40
            text run at (394,0) width 357: " [Chromium] OpenType font with CFF glyphs is not"
            text run at (0,20) width 240: "handled correctly on Windows XP"
        RenderText {#text} at (240,20) size 4x20
          text run at (240,20) width 4: "."
      RenderBlock {P} at (0,56) size 784x40
        RenderText {#text} at (0,0) size 734x40
          text run at (0,0) width 734: "Check if glyphs in Ahem.otf can be rendered correctly. If the test passes, you should see dozens of black"
          text run at (0,20) width 178: "square characters below:"
      RenderBlock (anonymous) at (0,112) size 784x32
        RenderInline {SPAN} at (0,0) size 736x16
          RenderText {#text} at (0,0) size 736x16
            text run at (0,0) width 736: "!\"#$%&()*+,-./0123456789:;<=>?@ABCDEFGHIJKLMNO"
        RenderText {#text} at (0,0) size 0x0
        RenderInline {SPAN} at (0,0) size 736x16
          RenderText {#text} at (0,16) size 736x16
            text run at (0,16) width 736: "PQRSTUVWXYZ[\\]^_`abcdefghijklmnoqrstuvwxyz{|}~"
        RenderText {#text} at (0,0) size 0x0
        RenderText {#text} at (0,0) size 0x0
      RenderBlock {P} at (0,160) size 784x40
        RenderText {#text} at (0,0) size 739x40
          text run at (0,0) width 739: "Check if glyphs not in Ahem.otf can be rendered using a fallback font. If the test passes, you should see a"
          text run at (0,20) width 209: "single-quote character below:"
      RenderBlock (anonymous) at (0,216) size 784x16
        RenderInline {SPAN} at (0,0) size 4x16
          RenderText {#text} at (0,0) size 4x16
            text run at (0,0) width 4: "'"
        RenderText {#text} at (0,0) size 0x0
        RenderText {#text} at (0,0) size 0x0
        RenderText {#text} at (0,0) size 0x0
