layer at (0,0) size 800x600
  RenderView at (0,0) size 800x600
layer at (0,0) size 800x600
  RenderBlock {HTML} at (0,0) size 800x600
    RenderBody {BODY} at (8,8) size 784x574
      RenderBlock {P} at (0,0) size 784x38
        RenderText {#text} at (0,0) size 751x38
          text run at (0,0) width 751: "This tests handling of duplicated properties in inline style declarations. Using !important should have an effect. See bug"
          text run at (0,19) width 44: "#4128."
      RenderBlock {H1} at (0,56) size 784x38 [color=#FF0000]
        RenderText {#text} at (0,0) size 251x38
          text run at (0,0) width 251: "This should be red"
      RenderBlock {H1} at (0,112) size 784x38 [color=#00FF00]
        RenderText {#text} at (0,0) size 284x38
          text run at (0,0) width 284: "This should be green"
      RenderBlock {H1} at (0,168) size 784x38 [color=#FF0000]
        RenderText {#text} at (0,0) size 251x38
          text run at (0,0) width 251: "This should be red"
      RenderBlock {H1} at (0,224) size 784x38 [color=#FF0000]
        RenderText {#text} at (0,0) size 251x38
          text run at (0,0) width 251: "This should be red"
