layer at (0,0) size 800x600
  RenderView at (0,0) size 800x600
layer at (0,0) size 800x600
  RenderBlock {HTML} at (0,0) size 800x600
    RenderBody {BODY} at (8,8) size 784x578
      RenderBlock {P} at (0,0) size 784x19
        RenderInline {A} at (0,0) size 60x19 [color=#0000EE]
          RenderText {#text} at (0,0) size 60x19
            text run at (0,0) width 60: "bug 7118"
        RenderText {#text} at (60,0) size 354x19
          text run at (60,0) width 354: ": Wrong property values do not get invalidated correctly."
      RenderBlock (anonymous) at (0,33) size 784x0
        RenderInline {DIV} at (0,0) size 0x0
          RenderText {#text} at (0,0) size 0x0
        RenderText {#text} at (0,0) size 0x0
        RenderText {#text} at (0,0) size 0x0
layer at (8,41) size 200x200
  RenderBlock (floating) {DIV} at (0,0) size 200x200 [color=#FFFFFF] [bgcolor=#006400]
    RenderText {#text} at (0,0) size 194x160
      text run at (0,0) width 160: "this text should be left-"
      text run at (0,20) width 157: "aligned, all lower-case,"
      text run at (0,40) width 169: "normal font, white, 14px,"
      text run at (0,60) width 182: "bold, normally spaced and"
      text run at (0,80) width 165: "wrapped, in a darkgreen"
      text run at (0,100) width 102: "200x200px div "
      text run at (102,100) width 92: "in the top left"
      text run at (0,120) width 174: "corner with no borders or"
      text run at (0,140) width 60: "outlines."
