layer at (0,0) size 800x600
  RenderView at (0,0) size 800x600
layer at (0,0) size 800x600
  RenderBlock {HTML} at (0,0) size 800x600
    RenderBody {BODY} at (8,8) size 784x576
      RenderBlock {P} at (0,0) size 86x46 [border: (3px solid #0000FF)]
        RenderInline (generated) at (0,0) size 99x20
          RenderText at (3,3) size 99x20
            text run at (3,3) width 99: "AAAAAAAAA"
        RenderText {#text} at (102,3) size 121x40
          text run at (102,3) width 22: "AA"
          text run at (3,23) width 22: "BB"
      RenderBlock {P} at (0,62) size 86x26 [border: (3px solid #0000FF)]
        RenderInline (generated) at (0,0) size 99x20
          RenderText at (3,3) size 99x20
            text run at (3,3) width 99: "AAAAAAAAA"
        RenderText {#text} at (102,3) size 55x20
          text run at (102,3) width 55: "AAAAA"
      RenderBlock {P} at (0,104) size 86x46 [border: (3px solid #0000FF)]
        RenderInline (generated) at (0,0) size 44x40
          RenderText at (3,3) size 44x40
            text run at (3,3) width 44: "AAAA"
            text run at (3,23) width 44: "BBBB"
        RenderText {#text} at (47,23) size 55x20
          text run at (47,23) width 55: "BBBBB"
      RenderBlock {P} at (0,166) size 86x46 [border: (3px solid #0000FF)]
        RenderInline (generated) at (0,0) size 99x20
          RenderText at (3,3) size 99x20
            text run at (3,3) width 99: "AAAAAAAAA"
        RenderText {#text} at (102,3) size 121x40
          text run at (102,3) width 22: "AA"
          text run at (3,23) width 20: "ZZ"
        RenderInline (generated) at (0,0) size 90x20
          RenderText at (23,23) size 90x20
            text run at (23,23) width 90: "ZZZZZZZZZ"
      RenderBlock {P} at (0,228) size 86x26 [border: (3px solid #0000FF)]
        RenderInline (generated) at (0,0) size 99x20
          RenderText at (3,3) size 99x20
            text run at (3,3) width 99: "AAAAAAAAA"
        RenderText {#text} at (102,3) size 65x20
          text run at (102,3) width 65: "MMMMM"
        RenderInline (generated) at (0,0) size 90x20
          RenderText at (167,3) size 90x20
            text run at (167,3) width 90: "ZZZZZZZZZ"
      RenderBlock {P} at (0,270) size 86x46 [border: (3px solid #0000FF)]
        RenderText {#text} at (3,3) size 55x20
          text run at (3,3) width 55: "YYYYY"
        RenderInline (generated) at (0,0) size 99x40
          RenderText at (58,3) size 99x40
            text run at (58,3) width 44: "YYYY"
            text run at (3,23) width 40: "ZZZZ"
      RenderBlock {P} at (0,332) size 86x46 [border: (3px solid #0000FF)]
        RenderText {#text} at (3,3) size 22x40
          text run at (3,3) width 22: "YY"
          text run at (3,23) width 20: "ZZ"
        RenderInline (generated) at (0,0) size 90x20
          RenderText at (23,23) size 90x20
            text run at (23,23) width 90: "ZZZZZZZZZ"
      RenderBlock {P} at (0,394) size 86x26 [border: (3px solid #0000FF)]
        RenderText {#text} at (3,3) size 50x20
          text run at (3,3) width 50: "ZZZZZ"
        RenderInline (generated) at (0,0) size 90x20
          RenderText at (53,3) size 90x20
            text run at (53,3) width 90: "ZZZZZZZZZ"
