layer at (0,0) size 800x600
  RenderView at (0,0) size 800x600
layer at (0,0) size 800x600
  RenderBlock {HTML} at (0,0) size 800x600
    RenderBody {BODY} at (8,8) size 784x584
      RenderBlock {HR} at (0,0) size 784x2 [border: (1px inset #000000)]
      RenderBlock {P} at (0,16) size 784x20
        RenderText {#text} at (0,0) size 53x19
          text run at (0,0) width 53: "Test for "
        RenderInline {I} at (0,0) size 663x19
          RenderInline {A} at (0,0) size 337x19 [color=#0000EE]
            RenderText {#text} at (53,0) size 337x19
              text run at (53,0) width 337: "http://bugzilla.opendarwin.org/show_bug.cgi?id=9547"
          RenderText {#text} at (390,0) size 326x19
            text run at (390,0) width 4: " "
            text run at (394,0) width 322: "Resize corner does not track the mouse accurately"
        RenderText {#text} at (716,0) size 4x19
          text run at (716,0) width 4: "."
      RenderBlock {HR} at (0,50) size 784x2 [border: (1px inset #000000)]
      RenderBlock (anonymous) at (0,184) size 784x191
        RenderTextControl {TEXTAREA} at (0,0) size 169x121 [bgcolor=#FFFFFF] [border: (2px solid #0000FF)]
        RenderText {#text} at (169,107) size 4x19
          text run at (169,107) width 4: " "
        RenderBR {BR} at (0,0) size 0x0
        RenderTextControl {TEXTAREA} at (2,128) size 203x61 [border: (1px solid #000000)]
        RenderText {#text} at (0,0) size 0x0
        RenderText {#text} at (0,0) size 0x0
layer at (8,67) size 173x125 clip at (10,69) size 169x121
  RenderBlock {DIV} at (0,59) size 173x125 [border: (2px solid #0000FF)]
layer at (10,194) size 165x117
  RenderBlock {DIV} at (2,2) size 165x117
layer at (11,321) size 201x59
  RenderBlock {DIV} at (1,1) size 201x59
