layer at (0,0) size 800x600
  RenderView at (0,0) size 800x600
layer at (0,0) size 800x130
  RenderBlock {HTML} at (0,0) size 800x130
    RenderBody {BODY} at (8,18) size 784x94 [color=#008000]
      RenderBlock {H1} at (0,0) size 784x38
        RenderText {#text} at (0,0) size 395x38
          text run at (0,0) width 395: "This should be green, not red"
      RenderBlock {H1} at (0,56) size 784x38
        RenderText {#text} at (0,0) size 409x38
          text run at (0,0) width 409: "This should be green, not blue"
