layer at (0,0) size 800x600
  RenderView at (0,0) size 800x600
layer at (0,0) size 800x600
  RenderBlock {HTML} at (0,0) size 800x600
    RenderBody {BODY} at (8,8) size 784x578
      RenderBlock {H1} at (0,0) size 784x38
        RenderText {#text} at (0,0) size 241x38
          text run at (0,0) width 241: "setAttribute() Test"
      RenderBlock {P} at (0,56) size 784x19 [color=#008000]
        RenderText {#text} at (0,0) size 475x19
          text run at (0,0) width 475: "This element's Class attribute is set using setAttribute(). It should be green."
      RenderBlock {P} at (0,89) size 784x19 [color=#008000]
        RenderText {#text} at (0,0) size 454x19
          text run at (0,0) width 454: "This element's ID attribute is set using setAttribute(). It should be green."
      RenderBlock {P} at (0,122) size 784x19 [color=#008000]
        RenderText {#text} at (0,0) size 467x19
          text run at (0,0) width 467: "This element's Title attribute is set using setAttribute(). It should be green."
      RenderBlock {P} at (0,155) size 784x19 [color=#008000]
        RenderText {#text} at (0,0) size 397x19
          text run at (0,0) width 397: "This element's Title attribute is hard-coded. It should be green."
      RenderBlock {P} at (0,188) size 784x19 [color=#008000]
        RenderText {#text} at (0,0) size 472x19
          text run at (0,0) width 472: "This element's Lang attribute is set using setAttribute(). It should be green."
