layer at (0,0) size 800x600
  RenderView at (0,0) size 800x600
layer at (0,0) size 800x146
  RenderBlock {HTML} at (0,0) size 800x146
    RenderBody {BODY} at (8,14) size 784x118
      RenderBlock {P} at (0,0) size 784x19
        RenderText {#text} at (0,0) size 61x19
          text run at (0,0) width 61: "LTR Start"
      RenderBlock {P} at (0,33) size 784x19
        RenderText {#text} at (728,0) size 56x19
          text run at (728,0) width 56: "LTR End"
      RenderBlock {P} at (0,66) size 784x19
        RenderText {#text} at (723,0) size 61x19
          text run at (723,0) width 61: "RTL Start"
      RenderBlock {P} at (0,99) size 784x19
        RenderText {#text} at (0,0) size 56x19
          text run at (0,0) width 56: "RTL End"
        RenderText {#text} at (0,0) size 0x0
