layer at (0,0) size 800x600
  RenderView at (0,0) size 800x600
layer at (0,0) size 800x600
  RenderBlock {HTML} at (0,0) size 800x600
    RenderBody {BODY} at (8,8) size 784x578
      RenderBlock {DIV} at (0,0) size 784x19
        RenderInline {SPAN} at (0,0) size 249x19
          RenderText {#text} at (0,0) size 249x19
            text run at (0,0) width 249: "This should not turn red when hovered."
        RenderText {#text} at (0,0) size 0x0
      RenderBlock {HR} at (0,26) size 784x2 [border: (1px inset #000000)]
      RenderBlock {P} at (0,42) size 784x39
        RenderText {#text} at (0,0) size 53x19
          text run at (0,0) width 53: "Test for "
        RenderInline {I} at (0,0) size 539x19
          RenderInline {A} at (0,0) size 337x19 [color=#0000EE]
            RenderText {#text} at (53,0) size 337x19
              text run at (53,0) width 337: "http://bugzilla.opendarwin.org/show_bug.cgi?id=7218"
          RenderText {#text} at (390,0) size 202x19
            text run at (390,0) width 202: " Text underlined on mouse over"
        RenderText {#text} at (592,0) size 101x19
          text run at (592,0) width 101: ". This tests that "
        RenderInline {CODE} at (0,0) size 45x19
          RenderText {#text} at (693,0) size 45x19
            text run at (693,0) width 45: "*:hover"
        RenderText {#text} at (738,0) size 773x39
          text run at (738,0) width 35: " does"
          text run at (0,20) width 222: "not match anything in quirks mode."
caret: position 1 of child 0 {#text} of child 1 {SPAN} of child 1 {DIV} of child 1 {BODY} of child 0 {HTML} of document
