layer at (0,0) size 800x600
  RenderView at (0,0) size 800x600
layer at (0,0) size 800x311
  RenderBlock {html} at (0,0) size 800x311
    RenderBody {body} at (8,23) size 784x280
      RenderBlock {p} at (0,0) size 784x27 [color=#000080]
        RenderText {#text} at (0,0) size 715x26
          text run at (0,0) width 715: "Zoom in and out. The following two squares should always be the same size."
      RenderBlock {div} at (0,50) size 100x100 [bgcolor=#000080]
      RenderBlock (anonymous) at (0,173) size 784x107
        RenderSVGRoot {svg} at (8,196) size 100x100
          RenderPath {rect} at (8,196) size 100x100 [fill={[type=SOLID] [color=#000080]}] [data="M0.00,0.00 L100.00,0.00 L100.00,100.00 L0.00,100.00 Z"]
        RenderText {#text} at (0,0) size 0x0
        RenderText {#text} at (0,0) size 0x0
        RenderText {#text} at (0,0) size 0x0
