layer at (0,0) size 1072x585
  RenderView at (0,0) size 800x585
layer at (0,0) size 1072x585
  RenderBlock {HTML} at (0,0) size 800x585
    RenderBody {BODY} at (8,8) size 784x564
      RenderBlock {DIV} at (0,0) size 784x18
        RenderText {#text} at (0,0) size 31x18
          text run at (0,0) width 31: "hello"
      RenderBlock {PRE} at (0,31) size 784x15
        RenderText {#text} at (0,0) size 1048x15
          text run at (0,0) width 1048: "The null characters should be stripped out of the sting above and it should have a length of 5. And the DOM thinks the length is..."
        RenderText {#text} at (1048,0) size 16x15
          text run at (1048,0) width 16: "5!"
