layer at (0,0) size 800x5559
  RenderView at (0,0) size 800x600
layer at (0,0) size 800x5559
  RenderBlock {HTML} at (0,0) size 800x5559
    RenderBody {BODY} at (8,8) size 784x5543
      RenderBlock (anonymous) at (0,0) size 784x18
        RenderText {#text} at (0,0) size 700x18
          text run at (0,0) width 700: "this fixes a bug - 5.0 allocates colspans from right to left - Nav4.6 goes left to right"
      RenderTable {TABLE} at (0,18) size 336x76 [border: (1px outset #808080)]
        RenderTableSection {TBODY} at (1,1) size 334x74
          RenderTableRow {TR} at (0,2) size 334x22
            RenderTableCell {TD} at (2,2) size 224x22 [border: (1px inset #808080)] [r=0 c=0 rs=1 cs=3]
              RenderText {#text} at (2,2) size 120x18
                text run at (2,2) width 120: "xxxxxxxxxxxx"
            RenderTableCell {TD} at (228,2) size 104x22 [border: (1px inset #808080)] [r=0 c=3 rs=1 cs=1]
              RenderText {#text} at (2,2) size 10x18
                text run at (2,2) width 10: "y"
          RenderTableRow {TR} at (0,26) size 334x22
            RenderTableCell {TD} at (2,26) size 14x22 [border: (1px inset #808080)] [r=1 c=0 rs=1 cs=1]
              RenderText {#text} at (2,2) size 10x18
                text run at (2,2) width 10: "x"
            RenderTableCell {TD} at (18,26) size 103x22 [border: (1px inset #808080)] [r=1 c=1 rs=1 cs=1]
              RenderText {#text} at (2,2) size 10x18
                text run at (2,2) width 10: "x"
            RenderTableCell {TD} at (123,26) size 103x22 [border: (1px inset #808080)] [r=1 c=2 rs=1 cs=1]
              RenderText {#text} at (2,2) size 10x18
                text run at (2,2) width 10: "x"
            RenderTableCell {TD} at (228,26) size 104x22 [border: (1px inset #808080)] [r=1 c=3 rs=1 cs=1]
              RenderText {#text} at (2,2) size 10x18
                text run at (2,2) width 10: "y"
          RenderTableRow {TR} at (0,50) size 334x22
            RenderTableCell {TD} at (2,50) size 14x22 [border: (1px inset #808080)] [r=2 c=0 rs=1 cs=1]
              RenderText {#text} at (2,2) size 10x18
                text run at (2,2) width 10: "x"
            RenderTableCell {TD} at (18,50) size 314x22 [border: (1px inset #808080)] [r=2 c=1 rs=1 cs=3]
              RenderText {#text} at (2,2) size 310x18
                text run at (2,2) width 310: "yyyyyyyyyyyyyyyyyyyyyyyyyyyyyyy"
      RenderBlock (anonymous) at (0,94) size 784x36
        RenderBR {BR} at (0,0) size 0x18
        RenderText {#text} at (0,18) size 736x18
          text run at (0,18) width 736: "this is like the previous one except the relative sizes of the colspan content is reversed"
      RenderTable {TABLE} at (0,130) size 386x76 [bgcolor=#00FF00] [border: (1px outset #808080)]
        RenderTableSection {TBODY} at (1,1) size 384x74
          RenderTableRow {TR} at (0,2) size 384x22
            RenderTableCell {TD} at (2,2) size 334x22 [border: (1px inset #808080)] [r=0 c=0 rs=1 cs=3]
              RenderText {#text} at (2,2) size 330x18
                text run at (2,2) width 330: "xxxxxxxxxxxxxxxxxxxxxxxxxxxxxxxxx"
            RenderTableCell {TD} at (338,2) size 44x22 [border: (1px inset #808080)] [r=0 c=3 rs=1 cs=1]
              RenderText {#text} at (2,2) size 10x18
                text run at (2,2) width 10: "y"
          RenderTableRow {TR} at (0,26) size 384x22
            RenderTableCell {TD} at (2,26) size 46x22 [border: (1px inset #808080)] [r=1 c=0 rs=1 cs=1]
              RenderText {#text} at (2,2) size 10x18
                text run at (2,2) width 10: "x"
            RenderTableCell {TD} at (50,26) size 142x22 [border: (1px inset #808080)] [r=1 c=1 rs=1 cs=1]
              RenderText {#text} at (2,2) size 10x18
                text run at (2,2) width 10: "x"
            RenderTableCell {TD} at (194,26) size 142x22 [border: (1px inset #808080)] [r=1 c=2 rs=1 cs=1]
              RenderText {#text} at (2,2) size 10x18
                text run at (2,2) width 10: "x"
            RenderTableCell {TD} at (338,26) size 44x22 [border: (1px inset #808080)] [r=1 c=3 rs=1 cs=1]
              RenderText {#text} at (2,2) size 10x18
                text run at (2,2) width 10: "y"
          RenderTableRow {TR} at (0,50) size 384x22
            RenderTableCell {TD} at (2,50) size 46x22 [border: (1px inset #808080)] [r=2 c=0 rs=1 cs=1]
              RenderText {#text} at (2,2) size 10x18
                text run at (2,2) width 10: "x"
            RenderTableCell {TD} at (50,50) size 332x22 [border: (1px inset #808080)] [r=2 c=1 rs=1 cs=3]
              RenderText {#text} at (2,2) size 130x18
                text run at (2,2) width 130: "yyyyyyyyyyyyy"
      RenderBlock (anonymous) at (0,206) size 784x18
        RenderBR {BR} at (0,0) size 0x18
      RenderTable {TABLE} at (0,224) size 110x52 [border: (1px outset #808080)]
        RenderTableSection {TBODY} at (1,1) size 108x50
          RenderTableRow {TR} at (0,2) size 108x22
            RenderTableCell {TD} at (2,2) size 104x22 [border: (1px inset #808080)] [r=0 c=0 rs=1 cs=2]
              RenderText {#text} at (2,2) size 100x18
                text run at (2,2) width 100: "xxxxxxxxxx"
          RenderTableRow {TR} at (0,26) size 108x22
            RenderTableCell {TD} at (2,26) size 51x22 [border: (1px inset #808080)] [r=1 c=0 rs=1 cs=1]
              RenderText {#text} at (2,2) size 20x18
                text run at (2,2) width 20: "xx"
            RenderTableCell {TD} at (55,26) size 51x22 [border: (1px inset #808080)] [r=1 c=1 rs=1 cs=1]
              RenderText {#text} at (2,2) size 20x18
                text run at (2,2) width 20: "xx"
      RenderBlock (anonymous) at (0,276) size 784x18
        RenderBR {BR} at (0,0) size 0x18
      RenderTable {TABLE} at (0,294) size 352x76 [bgcolor=#FF0000] [border: (1px outset #808080)]
        RenderTableSection {TBODY} at (1,1) size 350x74
          RenderTableRow {TR} at (0,2) size 350x22
            RenderTableCell {TD} at (2,2) size 188x22 [border: (1px inset #808080)] [r=0 c=0 rs=1 cs=3]
              RenderText {#text} at (2,2) size 60x18
                text run at (2,2) width 60: "xxxxxx"
            RenderTableCell {TD} at (192,2) size 156x22 [border: (1px inset #808080)] [r=0 c=3 rs=1 cs=1]
              RenderText {#text} at (2,2) size 10x18
                text run at (2,2) width 10: "y"
          RenderTableRow {TR} at (0,26) size 350x22
            RenderTableCell {TD} at (2,26) size 14x22 [border: (1px inset #808080)] [r=1 c=0 rs=1 cs=1]
              RenderText {#text} at (2,2) size 10x18
                text run at (2,2) width 10: "x"
            RenderTableCell {TD} at (18,26) size 14x22 [border: (1px inset #808080)] [r=1 c=1 rs=1 cs=1]
              RenderText {#text} at (2,2) size 10x18
                text run at (2,2) width 10: "x"
            RenderTableCell {TD} at (34,26) size 156x22 [border: (1px inset #808080)] [r=1 c=2 rs=1 cs=1]
              RenderText {#text} at (2,2) size 10x18
                text run at (2,2) width 10: "x"
            RenderTableCell {TD} at (192,26) size 156x22 [border: (1px inset #808080)] [r=1 c=3 rs=1 cs=1]
              RenderText {#text} at (2,2) size 10x18
                text run at (2,2) width 10: "y"
          RenderTableRow {TR} at (0,50) size 350x22
            RenderTableCell {TD} at (2,50) size 14x22 [border: (1px inset #808080)] [r=2 c=0 rs=1 cs=1]
              RenderText {#text} at (2,2) size 10x18
                text run at (2,2) width 10: "x"
            RenderTableCell {TD} at (18,50) size 14x22 [border: (1px inset #808080)] [r=2 c=1 rs=1 cs=1]
              RenderText {#text} at (2,2) size 10x18
                text run at (2,2) width 10: "x"
            RenderTableCell {TD} at (34,50) size 314x22 [border: (1px inset #808080)] [r=2 c=2 rs=1 cs=2]
              RenderText {#text} at (2,2) size 310x18
                text run at (2,2) width 310: "yyyyyyyyyyyyyyyyyyyyyyyyyyyyyyy"
      RenderBlock (anonymous) at (0,370) size 784x18
        RenderBR {BR} at (0,0) size 0x18
      RenderTable {TABLE} at (0,388) size 336x76 [border: (1px outset #808080)]
        RenderTableSection {TBODY} at (1,1) size 334x74
          RenderTableRow {TR} at (0,2) size 334x22
            RenderTableCell {TD} at (2,2) size 224x22 [border: (1px inset #808080)] [r=0 c=0 rs=1 cs=3]
              RenderText {#text} at (2,2) size 60x18
                text run at (2,2) width 60: "xxxxxx"
            RenderTableCell {TD} at (228,2) size 104x22 [border: (1px inset #808080)] [r=0 c=3 rs=1 cs=1]
              RenderText {#text} at (2,2) size 10x18
                text run at (2,2) width 10: "y"
          RenderTableRow {TR} at (0,26) size 334x22
            RenderTableCell {TD} at (2,26) size 14x22 [border: (1px inset #808080)] [r=1 c=0 rs=1 cs=1]
              RenderText {#text} at (2,2) size 10x18
                text run at (2,2) width 10: "x"
            RenderTableCell {TD} at (18,26) size 103x22 [border: (1px inset #808080)] [r=1 c=1 rs=1 cs=1]
              RenderText {#text} at (2,2) size 10x18
                text run at (2,2) width 10: "x"
            RenderTableCell {TD} at (123,26) size 103x22 [border: (1px inset #808080)] [r=1 c=2 rs=1 cs=1]
              RenderText {#text} at (2,2) size 10x18
                text run at (2,2) width 10: "x"
            RenderTableCell {TD} at (228,26) size 104x22 [border: (1px inset #808080)] [r=1 c=3 rs=1 cs=1]
              RenderText {#text} at (2,2) size 10x18
                text run at (2,2) width 10: "y"
          RenderTableRow {TR} at (0,50) size 334x22
            RenderTableCell {TD} at (2,50) size 14x22 [border: (1px inset #808080)] [r=2 c=0 rs=1 cs=1]
              RenderText {#text} at (2,2) size 10x18
                text run at (2,2) width 10: "x"
            RenderTableCell {TD} at (18,50) size 314x22 [border: (1px inset #808080)] [r=2 c=1 rs=1 cs=3]
              RenderText {#text} at (2,2) size 310x18
                text run at (2,2) width 310: "yyyyyyyyyyyyyyyyyyyyyyyyyyyyyyy"
      RenderBlock (anonymous) at (0,464) size 784x18
        RenderBR {BR} at (0,0) size 0x18
      RenderTable {TABLE} at (0,482) size 336x76 [bgcolor=#FFA500] [border: (1px outset #808080)]
        RenderTableSection {TBODY} at (1,1) size 334x74
          RenderTableRow {TR} at (0,2) size 334x22
            RenderTableCell {TD} at (2,2) size 224x22 [border: (1px inset #808080)] [r=0 c=0 rs=1 cs=3]
              RenderText {#text} at (2,2) size 170x18
                text run at (2,2) width 170: "yyyyyyyyyyyyyyyyy"
            RenderTableCell {TD} at (228,2) size 104x22 [border: (1px inset #808080)] [r=0 c=3 rs=1 cs=1]
              RenderText {#text} at (2,2) size 10x18
                text run at (2,2) width 10: "y"
          RenderTableRow {TR} at (0,26) size 334x22
            RenderTableCell {TD} at (2,26) size 14x22 [border: (1px inset #808080)] [r=1 c=0 rs=1 cs=1]
              RenderText {#text} at (2,2) size 10x18
                text run at (2,2) width 10: "x"
            RenderTableCell {TD} at (18,26) size 103x22 [border: (1px inset #808080)] [r=1 c=1 rs=1 cs=1]
              RenderText {#text} at (2,2) size 10x18
                text run at (2,2) width 10: "x"
            RenderTableCell {TD} at (123,26) size 103x22 [border: (1px inset #808080)] [r=1 c=2 rs=1 cs=1]
              RenderText {#text} at (2,2) size 10x18
                text run at (2,2) width 10: "x"
            RenderTableCell {TD} at (228,26) size 104x22 [border: (1px inset #808080)] [r=1 c=3 rs=1 cs=1]
              RenderText {#text} at (2,2) size 10x18
                text run at (2,2) width 10: "y"
          RenderTableRow {TR} at (0,50) size 334x22
            RenderTableCell {TD} at (2,50) size 14x22 [border: (1px inset #808080)] [r=2 c=0 rs=1 cs=1]
              RenderText {#text} at (2,2) size 10x18
                text run at (2,2) width 10: "x"
            RenderTableCell {TD} at (18,50) size 314x22 [border: (1px inset #808080)] [r=2 c=1 rs=1 cs=3]
              RenderText {#text} at (2,2) size 310x18
                text run at (2,2) width 310: "yyyyyyyyyyyyyyyyyyyyyyyyyyyyyyy"
      RenderBlock (anonymous) at (0,558) size 784x18
        RenderBR {BR} at (0,0) size 0x18
      RenderTable {TABLE} at (0,576) size 180x52 [bgcolor=#FFFF00] [border: (1px outset #808080)]
        RenderTableSection {TBODY} at (1,1) size 178x50
          RenderTableRow {TR} at (0,2) size 178x22
            RenderTableCell {TD} at (2,2) size 174x22 [border: (1px inset #808080)] [r=0 c=0 rs=1 cs=3]
              RenderText {#text} at (2,2) size 170x18
                text run at (2,2) width 170: "xxxxxxxxxxxxxxxxx"
          RenderTableRow {TR} at (0,26) size 178x22
            RenderTableCell {TD} at (2,26) size 104x22 [border: (1px inset #808080)] [r=1 c=0 rs=1 cs=1]
              RenderText {#text} at (2,2) size 26x18
                text run at (2,2) width 26: "foo"
            RenderTableCell {TD} at (108,26) size 32x22 [border: (1px inset #808080)] [r=1 c=1 rs=1 cs=1]
              RenderText {#text} at (2,2) size 28x18
                text run at (2,2) width 28: "bar"
            RenderTableCell {TD} at (142,26) size 34x22 [border: (1px inset #808080)] [r=1 c=2 rs=1 cs=1]
              RenderText {#text} at (2,2) size 30x18
                text run at (2,2) width 30: "zap"
      RenderBlock (anonymous) at (0,628) size 784x18
        RenderBR {BR} at (0,0) size 0x18
      RenderTable {TABLE} at (0,646) size 400x52 [border: (1px outset #808080)]
        RenderTableSection {TBODY} at (1,1) size 398x50
          RenderTableRow {TR} at (0,2) size 398x22
            RenderTableCell {TD} at (2,2) size 394x22 [border: (1px inset #808080)] [r=0 c=0 rs=1 cs=3]
              RenderText {#text} at (2,2) size 170x18
                text run at (2,2) width 170: "xxxxxxxxxxxxxxxxx"
          RenderTableRow {TR} at (0,26) size 398x22
            RenderTableCell {TD} at (2,26) size 104x22 [border: (1px inset #808080)] [r=1 c=0 rs=1 cs=1]
              RenderText {#text} at (2,2) size 26x18
                text run at (2,2) width 26: "foo"
            RenderTableCell {TD} at (108,26) size 138x22 [border: (1px inset #808080)] [r=1 c=1 rs=1 cs=1]
              RenderText {#text} at (2,2) size 28x18
                text run at (2,2) width 28: "bar"
            RenderTableCell {TD} at (248,26) size 148x22 [border: (1px inset #808080)] [r=1 c=2 rs=1 cs=1]
              RenderText {#text} at (2,2) size 30x18
                text run at (2,2) width 30: "zap"
      RenderBlock (anonymous) at (0,698) size 784x18
        RenderBR {BR} at (0,0) size 0x18
      RenderTable {TABLE} at (0,716) size 180x52 [bgcolor=#0000FF] [border: (1px outset #808080)]
        RenderTableSection {TBODY} at (1,1) size 178x50
          RenderTableRow {TR} at (0,2) size 178x22
            RenderTableCell {TD} at (2,2) size 174x22 [border: (1px inset #808080)] [r=0 c=0 rs=1 cs=3]
              RenderText {#text} at (2,2) size 170x18
                text run at (2,2) width 170: "xxxxxxxxxxxxxxxxx"
          RenderTableRow {TR} at (0,26) size 178x22
            RenderTableCell {TD} at (2,26) size 53x22 [border: (1px inset #808080)] [r=1 c=0 rs=1 cs=1]
              RenderText {#text} at (2,2) size 26x18
                text run at (2,2) width 26: "foo"
            RenderTableCell {TD} at (57,26) size 56x22 [border: (1px inset #808080)] [r=1 c=1 rs=1 cs=1]
              RenderText {#text} at (2,2) size 28x18
                text run at (2,2) width 28: "bar"
            RenderTableCell {TD} at (115,26) size 61x22 [border: (1px inset #808080)] [r=1 c=2 rs=1 cs=1]
              RenderText {#text} at (2,2) size 30x18
                text run at (2,2) width 30: "zap"
      RenderBlock (anonymous) at (0,768) size 784x18
        RenderBR {BR} at (0,0) size 0x18
      RenderBlock {HR} at (0,794) size 202x2 [border: (1px inset #000000)]
      RenderTable {TABLE} at (0,804) size 210x52 [border: (1px outset #808080)]
        RenderTableSection {TBODY} at (1,1) size 208x50
          RenderTableRow {TR} at (0,2) size 208x22
            RenderTableCell {TD} at (2,2) size 54x22 [border: (1px inset #808080)] [r=0 c=0 rs=1 cs=1]
              RenderText {#text} at (2,2) size 22x18
                text run at (2,2) width 22: "50"
            RenderTableCell {TD} at (58,2) size 54x22 [border: (1px inset #808080)] [r=0 c=1 rs=1 cs=1]
              RenderText {#text} at (2,2) size 22x18
                text run at (2,2) width 22: "50"
            RenderTableCell {TD} at (114,2) size 92x22 [border: (1px inset #808080)] [r=0 c=2 rs=1 cs=1]
              RenderText {#text} at (2,2) size 38x18
                text run at (2,2) width 38: "auto"
          RenderTableRow {TR} at (0,26) size 208x22
            RenderTableCell {TD} at (2,26) size 204x22 [border: (1px inset #808080)] [r=1 c=0 rs=1 cs=3]
              RenderText {#text} at (2,2) size 67x18
                text run at (2,2) width 67: "200CS3"
      RenderBlock (anonymous) at (0,856) size 784x18
        RenderBR {BR} at (0,0) size 0x18
      RenderBlock {HR} at (0,882) size 202x2 [border: (1px inset #000000)]
      RenderTable {TABLE} at (0,892) size 210x52 [border: (1px outset #808080)]
        RenderTableSection {TBODY} at (1,1) size 208x50
          RenderTableRow {TR} at (0,2) size 208x22
            RenderTableCell {TD} at (2,2) size 54x22 [border: (1px inset #808080)] [r=0 c=0 rs=1 cs=1]
              RenderText {#text} at (2,2) size 22x18
                text run at (2,2) width 22: "50"
            RenderTableCell {TD} at (58,2) size 148x22 [border: (1px inset #808080)] [r=0 c=1 rs=1 cs=1]
              RenderText {#text} at (2,2) size 38x18
                text run at (2,2) width 38: "auto"
          RenderTableRow {TR} at (0,26) size 208x22
            RenderTableCell {TD} at (2,26) size 204x22 [border: (1px inset #808080)] [r=1 c=0 rs=1 cs=2]
              RenderText {#text} at (2,2) size 67x18
                text run at (2,2) width 67: "200CS2"
      RenderBlock (anonymous) at (0,944) size 784x18
        RenderBR {BR} at (0,0) size 0x18
      RenderTable {TABLE} at (0,962) size 210x52 [bgcolor=#00FF00] [border: (1px outset #808080)]
        RenderTableSection {TBODY} at (1,1) size 208x50
          RenderTableRow {TR} at (0,2) size 208x22
            RenderTableCell {TD} at (2,2) size 101x22 [border: (1px inset #808080)] [r=0 c=0 rs=1 cs=1]
              RenderText {#text} at (2,2) size 26x18
                text run at (2,2) width 26: "foo"
            RenderTableCell {TD} at (105,2) size 101x22 [border: (1px inset #808080)] [r=0 c=1 rs=1 cs=1]
              RenderText {#text} at (2,2) size 26x18
                text run at (2,2) width 26: "foo"
          RenderTableRow {TR} at (0,26) size 208x22
            RenderTableCell {TD} at (2,26) size 204x22 [border: (1px inset #808080)] [r=1 c=0 rs=1 cs=2]
              RenderText {#text} at (2,2) size 26x18
                text run at (2,2) width 26: "foo"
      RenderBlock (anonymous) at (0,1014) size 784x18
        RenderBR {BR} at (0,0) size 0x18
      RenderTable {TABLE} at (0,1032) size 622x134 [bgcolor=#EE82EE] [border: (1px outset #808080)]
        RenderTableSection {TBODY} at (1,1) size 620x132
          RenderTableRow {TR} at (0,2) size 620x104
            RenderTableCell {TD} at (2,2) size 616x104 [border: (1px inset #808080)] [r=0 c=0 rs=1 cs=3]
              RenderImage {IMG} at (2,2) size 600x100
          RenderTableRow {TR} at (0,108) size 620x22
            RenderTableCell {TD} at (2,108) size 104x22 [border: (1px inset #808080)] [r=1 c=0 rs=1 cs=1]
              RenderText {#text} at (2,2) size 33x18
                text run at (2,2) width 33: "100"
            RenderTableCell {TD} at (108,108) size 104x22 [border: (1px inset #808080)] [r=1 c=1 rs=1 cs=1]
              RenderText {#text} at (2,2) size 33x18
                text run at (2,2) width 33: "100"
            RenderTableCell {TD} at (214,108) size 404x22 [border: (1px inset #808080)] [r=1 c=2 rs=1 cs=1]
              RenderText {#text} at (2,2) size 33x18
                text run at (2,2) width 33: "400"
      RenderBlock (anonymous) at (0,1166) size 784x18
        RenderBR {BR} at (0,0) size 0x18
      RenderTable {TABLE} at (0,1184) size 654x52 [border: (1px outset #808080)]
        RenderTableSection {TBODY} at (1,1) size 652x50
          RenderTableRow {TR} at (0,2) size 652x22
            RenderTableCell {TD} at (2,2) size 604x22 [border: (1px inset #808080)] [r=0 c=0 rs=1 cs=3]
              RenderText {#text} at (2,2) size 33x18
                text run at (2,2) width 33: "600"
            RenderTableCell {TD} at (608,2) size 42x22 [border: (1px inset #808080)] [r=0 c=3 rs=1 cs=1]
              RenderText {#text} at (2,2) size 38x18
                text run at (2,2) width 38: "auto"
          RenderTableRow {TR} at (0,26) size 652x22
            RenderTableCell {TD} at (2,26) size 200x22 [border: (1px inset #808080)] [r=1 c=0 rs=1 cs=1]
              RenderText {#text} at (2,2) size 38x18
                text run at (2,2) width 38: "auto"
            RenderTableCell {TD} at (204,26) size 200x22 [border: (1px inset #808080)] [r=1 c=1 rs=1 cs=1]
              RenderText {#text} at (2,2) size 38x18
                text run at (2,2) width 38: "auto"
            RenderTableCell {TD} at (406,26) size 200x22 [border: (1px inset #808080)] [r=1 c=2 rs=1 cs=1]
              RenderText {#text} at (2,2) size 38x18
                text run at (2,2) width 38: "auto"
            RenderTableCell {TD} at (608,26) size 42x22 [border: (1px inset #808080)] [r=1 c=3 rs=1 cs=1]
              RenderText {#text} at (2,2) size 38x18
                text run at (2,2) width 38: "auto"
      RenderBlock (anonymous) at (0,1236) size 784x18
        RenderText {#text} at (0,0) size 392x18
          text run at (0,0) width 392: "fixed table - spanned cols based on fix widths "
        RenderBR {BR} at (392,13) size 0x0
      RenderBlock {HR} at (0,1262) size 402x2 [border: (1px inset #000000)]
      RenderTable {TABLE} at (0,1272) size 534x61 [bgcolor=#FFA500] [border: (1px outset #808080)]
        RenderTableSection {TBODY} at (1,1) size 532x59
          RenderTableRow {TR} at (0,5) size 532x22
            RenderTableCell {TD} at (5,5) size 413x22 [border: (1px inset #808080)] [r=0 c=0 rs=1 cs=2]
              RenderText {#text} at (2,2) size 67x18
                text run at (2,2) width 67: "400CS2"
            RenderTableCell {TD} at (423,5) size 104x22 [border: (1px inset #808080)] [r=0 c=2 rs=1 cs=1]
              RenderText {#text} at (2,2) size 33x18
                text run at (2,2) width 33: "100"
          RenderTableRow {TR} at (0,32) size 532x22
            RenderTableCell {TD} at (5,32) size 104x22 [border: (1px inset #808080)] [r=1 c=0 rs=1 cs=1]
              RenderText {#text} at (2,2) size 33x18
                text run at (2,2) width 33: "100"
            RenderTableCell {TD} at (114,32) size 304x22 [border: (1px inset #808080)] [r=1 c=1 rs=1 cs=1]
              RenderText {#text} at (2,2) size 33x18
                text run at (2,2) width 33: "300"
            RenderTableCell {TD} at (423,32) size 104x22 [border: (1px inset #808080)] [r=1 c=2 rs=1 cs=1]
              RenderText {#text} at (2,2) size 38x18
                text run at (2,2) width 38: "auto"
      RenderBlock (anonymous) at (0,1333) size 784x18
        RenderBR {BR} at (0,0) size 0x18
      RenderTable {TABLE} at (0,1351) size 421x61 [bgcolor=#808080] [border: (1px outset #808080)]
        RenderTableSection {TBODY} at (1,1) size 419x59
          RenderTableRow {TR} at (0,5) size 419x22
            RenderTableCell {TD} at (5,5) size 300x22 [border: (1px inset #808080)] [r=0 c=0 rs=1 cs=2]
              RenderText {#text} at (2,2) size 296x18
                text run at (2,2) width 296: "auto auto auto auto auto auto auto"
            RenderTableCell {TD} at (310,5) size 104x22 [border: (1px inset #808080)] [r=0 c=2 rs=1 cs=1]
              RenderText {#text} at (2,2) size 33x18
                text run at (2,2) width 33: "100"
          RenderTableRow {TR} at (0,32) size 419x22
            RenderTableCell {TD} at (5,32) size 97x22 [border: (1px inset #808080)] [r=1 c=0 rs=1 cs=1]
              RenderText {#text} at (2,2) size 38x18
                text run at (2,2) width 38: "auto"
            RenderTableCell {TD} at (107,32) size 198x22 [border: (1px inset #808080)] [r=1 c=1 rs=1 cs=1]
              RenderText {#text} at (2,2) size 81x18
                text run at (2,2) width 81: "auto auto"
            RenderTableCell {TD} at (310,32) size 104x22 [border: (1px inset #808080)] [r=1 c=2 rs=1 cs=1]
              RenderText {#text} at (2,2) size 38x18
                text run at (2,2) width 38: "auto"
      RenderBlock (anonymous) at (0,1412) size 784x18
        RenderBR {BR} at (0,0) size 0x18
      RenderTable {TABLE} at (0,1430) size 421x61 [bgcolor=#00FF00] [border: (1px outset #808080)]
        RenderTableSection {TBODY} at (1,1) size 419x59
          RenderTableRow {TR} at (0,5) size 419x22
            RenderTableCell {TD} at (5,5) size 300x22 [border: (1px inset #808080)] [r=0 c=0 rs=1 cs=2]
              RenderText {#text} at (2,2) size 296x18
                text run at (2,2) width 296: "auto auto auto auto auto auto auto"
            RenderTableCell {TD} at (310,5) size 104x22 [border: (1px inset #808080)] [r=0 c=2 rs=1 cs=1]
              RenderText {#text} at (2,2) size 33x18
                text run at (2,2) width 33: "100"
          RenderTableRow {TR} at (0,32) size 419x22
            RenderTableCell {TD} at (5,32) size 104x22 [border: (1px inset #808080)] [r=1 c=0 rs=1 cs=1]
              RenderText {#text} at (2,2) size 33x18
                text run at (2,2) width 33: "100"
            RenderTableCell {TD} at (114,32) size 191x22 [border: (1px inset #808080)] [r=1 c=1 rs=1 cs=1]
              RenderText {#text} at (2,2) size 81x18
                text run at (2,2) width 81: "auto auto"
            RenderTableCell {TD} at (310,32) size 104x22 [border: (1px inset #808080)] [r=1 c=2 rs=1 cs=1]
              RenderText {#text} at (2,2) size 38x18
                text run at (2,2) width 38: "auto"
      RenderBlock (anonymous) at (0,1491) size 784x18
        RenderBR {BR} at (0,0) size 0x18
      RenderTable {TABLE} at (0,1509) size 421x61 [border: (1px outset #808080)]
        RenderTableSection {TBODY} at (1,1) size 419x59
          RenderTableRow {TR} at (0,5) size 419x22
            RenderTableCell {TD} at (5,5) size 300x22 [border: (1px inset #808080)] [r=0 c=0 rs=1 cs=2]
              RenderText {#text} at (2,2) size 296x18
                text run at (2,2) width 296: "auto auto auto auto auto auto auto"
            RenderTableCell {TD} at (310,5) size 104x22 [border: (1px inset #808080)] [r=0 c=2 rs=1 cs=1]
              RenderText {#text} at (2,2) size 33x18
                text run at (2,2) width 33: "100"
          RenderTableRow {TR} at (0,32) size 419x22
            RenderTableCell {TD} at (5,32) size 104x22 [border: (1px inset #808080)] [r=1 c=0 rs=1 cs=1]
              RenderText {#text} at (2,2) size 33x18
                text run at (2,2) width 33: "100"
            RenderTableCell {TD} at (114,32) size 191x22 [border: (1px inset #808080)] [r=1 c=1 rs=1 cs=1]
              RenderText {#text} at (2,2) size 124x18
                text run at (2,2) width 124: "auto auto auto"
            RenderTableCell {TD} at (310,32) size 104x22 [border: (1px inset #808080)] [r=1 c=2 rs=1 cs=1]
              RenderText {#text} at (2,2) size 38x18
                text run at (2,2) width 38: "auto"
      RenderBlock (anonymous) at (0,1570) size 784x18
        RenderBR {BR} at (0,0) size 0x18
      RenderTable {TABLE} at (0,1588) size 444x61 [border: (1px outset #808080)]
        RenderTableSection {TBODY} at (1,1) size 442x59
          RenderTableRow {TR} at (0,5) size 442x22
            RenderTableCell {TD} at (5,5) size 323x22 [border: (1px inset #808080)] [r=0 c=0 rs=1 cs=2]
              RenderText {#text} at (2,2) size 296x18
                text run at (2,2) width 296: "auto auto auto auto auto auto auto"
            RenderTableCell {TD} at (333,5) size 104x22 [border: (1px inset #808080)] [r=0 c=2 rs=1 cs=1]
              RenderText {#text} at (2,2) size 33x18
                text run at (2,2) width 33: "100"
          RenderTableRow {TR} at (0,32) size 442x22
            RenderTableCell {TD} at (5,32) size 104x22 [border: (1px inset #808080)] [r=1 c=0 rs=1 cs=1]
              RenderText {#text} at (2,2) size 33x18
                text run at (2,2) width 33: "100"
            RenderTableCell {TD} at (114,32) size 214x22 [border: (1px inset #808080)] [r=1 c=1 rs=1 cs=1]
              RenderText {#text} at (2,2) size 210x18
                text run at (2,2) width 210: "auto auto auto auto auto"
            RenderTableCell {TD} at (333,32) size 104x22 [border: (1px inset #808080)] [r=1 c=2 rs=1 cs=1]
              RenderText {#text} at (2,2) size 38x18
                text run at (2,2) width 38: "auto"
      RenderBlock (anonymous) at (0,1649) size 784x18
        RenderBR {BR} at (0,0) size 0x18
      RenderTable {TABLE} at (0,1667) size 421x79 [border: (1px outset #808080)]
        RenderTableSection {TBODY} at (1,1) size 419x77
          RenderTableRow {TR} at (0,5) size 419x22
            RenderTableCell {TD} at (5,5) size 300x22 [border: (1px inset #808080)] [r=0 c=0 rs=1 cs=2]
              RenderText {#text} at (2,2) size 296x18
                text run at (2,2) width 296: "auto auto auto auto auto auto auto"
            RenderTableCell {TD} at (310,5) size 104x22 [border: (1px inset #808080)] [r=0 c=2 rs=1 cs=1]
              RenderText {#text} at (2,2) size 33x18
                text run at (2,2) width 33: "100"
          RenderTableRow {TR} at (0,32) size 419x40
            RenderTableCell {TD} at (5,32) size 104x40 [border: (1px inset #808080)] [r=1 c=0 rs=1 cs=1]
              RenderText {#text} at (2,2) size 71x36
                text run at (2,2) width 71: "100 100"
                text run at (2,20) width 71: "100 100"
            RenderTableCell {TD} at (114,41) size 191x22 [border: (1px inset #808080)] [r=1 c=1 rs=1 cs=1]
              RenderText {#text} at (2,2) size 167x18
                text run at (2,2) width 167: "auto auto auto auto"
            RenderTableCell {TD} at (310,41) size 104x22 [border: (1px inset #808080)] [r=1 c=2 rs=1 cs=1]
              RenderText {#text} at (2,2) size 38x18
                text run at (2,2) width 38: "auto"
      RenderBlock (anonymous) at (0,1746) size 784x18
        RenderBR {BR} at (0,0) size 0x18
      RenderTable {TABLE} at (0,1764) size 270x151 [border: (1px outset #808080)]
        RenderTableSection {TBODY} at (1,1) size 268x149
          RenderTableRow {TR} at (0,5) size 268x58
            RenderTableCell {TD} at (5,5) size 149x58 [border: (1px inset #808080)] [r=0 c=0 rs=1 cs=2]
              RenderText {#text} at (2,2) size 124x54
                text run at (2,2) width 124: "auto auto auto"
                text run at (2,20) width 124: "auto auto auto"
                text run at (2,38) width 38: "auto"
            RenderTableCell {TD} at (159,23) size 104x22 [border: (1px inset #808080)] [r=0 c=2 rs=1 cs=1]
              RenderText {#text} at (2,2) size 33x18
                text run at (2,2) width 33: "100"
          RenderTableRow {TR} at (0,68) size 268x76
            RenderTableCell {TD} at (5,86) size 102x40 [border: (1px inset #808080)] [r=1 c=0 rs=1 cs=1]
              RenderText {#text} at (2,2) size 71x36
                text run at (2,2) width 71: "100 100"
                text run at (2,20) width 71: "100 100"
            RenderTableCell {TD} at (112,68) size 42x76 [border: (1px inset #808080)] [r=1 c=1 rs=1 cs=1]
              RenderText {#text} at (2,2) size 38x72
                text run at (2,2) width 38: "auto"
                text run at (2,20) width 38: "auto"
                text run at (2,38) width 38: "auto"
                text run at (2,56) width 38: "auto"
            RenderTableCell {TD} at (159,95) size 104x22 [border: (1px inset #808080)] [r=1 c=2 rs=1 cs=1]
              RenderText {#text} at (2,2) size 38x18
                text run at (2,2) width 38: "auto"
      RenderBlock (anonymous) at (0,1915) size 784x18
        RenderBR {BR} at (0,0) size 0x18
      RenderTable {TABLE} at (0,1933) size 500x61 [bgcolor=#A52A2A] [border: (1px outset #808080)]
        RenderTableSection {TBODY} at (1,1) size 498x59
          RenderTableRow {TR} at (0,5) size 498x22
            RenderTableCell {TD} at (5,5) size 387x22 [border: (1px inset #808080)] [r=0 c=0 rs=1 cs=2]
              RenderText {#text} at (2,2) size 253x18
                text run at (2,2) width 253: "80% 80% 80% 80% 80% 80%"
            RenderTableCell {TD} at (397,5) size 96x22 [border: (1px inset #808080)] [r=0 c=2 rs=1 cs=1]
              RenderText {#text} at (2,2) size 38x18
                text run at (2,2) width 38: "auto"
          RenderTableRow {TR} at (0,32) size 498x22
            RenderTableCell {TD} at (5,32) size 272x22 [border: (1px inset #808080)] [r=1 c=0 rs=1 cs=1]
              RenderText {#text} at (2,2) size 33x18
                text run at (2,2) width 33: "100"
            RenderTableCell {TD} at (282,32) size 110x22 [border: (1px inset #808080)] [r=1 c=1 rs=1 cs=1]
              RenderText {#text} at (2,2) size 38x18
                text run at (2,2) width 38: "auto"
            RenderTableCell {TD} at (397,32) size 96x22 [border: (1px inset #808080)] [r=1 c=2 rs=1 cs=1]
              RenderText {#text} at (2,2) size 38x18
                text run at (2,2) width 38: "auto"
      RenderBlock (anonymous) at (0,1994) size 784x18
        RenderBR {BR} at (0,0) size 0x18
      RenderTable {TABLE} at (0,2012) size 500x61 [border: (1px outset #808080)]
        RenderTableSection {TBODY} at (1,1) size 498x59
          RenderTableRow {TR} at (0,5) size 498x22
            RenderTableCell {TD} at (5,5) size 386x22 [border: (1px inset #808080)] [r=0 c=0 rs=1 cs=2]
              RenderText {#text} at (2,2) size 253x18
                text run at (2,2) width 253: "80% 80% 80% 80% 80% 80%"
            RenderTableCell {TD} at (396,5) size 97x22 [border: (1px inset #808080)] [r=0 c=2 rs=1 cs=1]
              RenderText {#text} at (2,2) size 38x18
                text run at (2,2) width 38: "auto"
          RenderTableRow {TR} at (0,32) size 498x22
            RenderTableCell {TD} at (5,32) size 97x22 [border: (1px inset #808080)] [r=1 c=0 rs=1 cs=1]
              RenderText {#text} at (2,2) size 33x18
                text run at (2,2) width 33: "100"
            RenderTableCell {TD} at (107,32) size 284x22 [border: (1px inset #808080)] [r=1 c=1 rs=1 cs=1]
              RenderText {#text} at (2,2) size 33x18
                text run at (2,2) width 33: "300"
            RenderTableCell {TD} at (396,32) size 97x22 [border: (1px inset #808080)] [r=1 c=2 rs=1 cs=1]
              RenderText {#text} at (2,2) size 38x18
                text run at (2,2) width 38: "auto"
      RenderBlock (anonymous) at (0,2073) size 784x18
        RenderBR {BR} at (0,0) size 0x18
      RenderTable {TABLE} at (0,2091) size 500x61 [bgcolor=#808080] [border: (1px outset #808080)]
        RenderTableSection {TBODY} at (1,1) size 498x59
          RenderTableRow {TR} at (0,5) size 498x22
            RenderTableCell {TD} at (5,5) size 441x22 [border: (1px inset #808080)] [r=0 c=0 rs=1 cs=2]
              RenderText {#text} at (2,2) size 253x18
                text run at (2,2) width 253: "80% 80% 80% 80% 80% 80%"
            RenderTableCell {TD} at (451,5) size 42x22 [border: (1px inset #808080)] [r=0 c=2 rs=1 cs=1]
              RenderText {#text} at (2,2) size 38x18
                text run at (2,2) width 38: "auto"
          RenderTableRow {TR} at (0,32) size 498x22
            RenderTableCell {TD} at (5,32) size 146x22 [border: (1px inset #808080)] [r=1 c=0 rs=1 cs=1]
              RenderText {#text} at (2,2) size 38x18
                text run at (2,2) width 38: "33%"
            RenderTableCell {TD} at (156,32) size 290x22 [border: (1px inset #808080)] [r=1 c=1 rs=1 cs=1]
              RenderText {#text} at (2,2) size 38x18
                text run at (2,2) width 38: "66%"
            RenderTableCell {TD} at (451,32) size 42x22 [border: (1px inset #808080)] [r=1 c=2 rs=1 cs=1]
              RenderText {#text} at (2,2) size 38x18
                text run at (2,2) width 38: "auto"
      RenderTable {TABLE} at (0,2152) size 500x97 [bgcolor=#FFFF00] [border: (1px outset #808080)]
        RenderTableSection {TBODY} at (1,1) size 498x95
          RenderTableRow {TR} at (0,5) size 498x22
            RenderTableCell {TD} at (5,5) size 441x22 [border: (1px inset #808080)] [r=0 c=0 rs=1 cs=2]
              RenderText {#text} at (2,2) size 253x18
                text run at (2,2) width 253: "30% 30% 30% 30% 30% 30%"
            RenderTableCell {TD} at (451,5) size 42x22 [border: (1px inset #808080)] [r=0 c=2 rs=1 cs=1]
              RenderText {#text} at (2,2) size 38x18
                text run at (2,2) width 38: "auto"
          RenderTableRow {TR} at (0,32) size 498x58
            RenderTableCell {TD} at (5,32) size 146x58 [border: (1px inset #808080)] [r=1 c=0 rs=1 cs=1]
              RenderText {#text} at (2,2) size 124x54
                text run at (2,2) width 124: "33% 33% 33%"
                text run at (2,20) width 124: "33% 33% 33%"
                text run at (2,38) width 38: "33%"
            RenderTableCell {TD} at (156,50) size 290x22 [border: (1px inset #808080)] [r=1 c=1 rs=1 cs=1]
              RenderText {#text} at (2,2) size 38x18
                text run at (2,2) width 38: "66%"
            RenderTableCell {TD} at (451,50) size 42x22 [border: (1px inset #808080)] [r=1 c=2 rs=1 cs=1]
              RenderText {#text} at (2,2) size 38x18
                text run at (2,2) width 38: "auto"
      RenderBlock (anonymous) at (0,2249) size 784x36
        RenderBR {BR} at (0,0) size 0x18
        RenderText {#text} at (0,18) size 178x18
          text run at (0,18) width 178: "PERCENT COLSPANS "
        RenderBR {BR} at (178,31) size 0x0
      RenderTable {TABLE} at (0,2285) size 500x61 [border: (1px outset #808080)]
        RenderTableSection {TBODY} at (1,1) size 498x59
          RenderTableRow {TR} at (0,5) size 498x22
            RenderTableCell {TD} at (5,5) size 367x22 [border: (1px inset #808080)] [r=0 c=0 rs=1 cs=2]
              RenderText {#text} at (2,2) size 253x18
                text run at (2,2) width 253: "90% 80% 80% 80% 80% 80%"
            RenderTableCell {TD} at (377,5) size 116x22 [border: (1px inset #808080)] [r=0 c=2 rs=1 cs=1]
              RenderText {#text} at (2,2) size 38x18
                text run at (2,2) width 38: "auto"
          RenderTableRow {TR} at (0,32) size 498x22
            RenderTableCell {TD} at (5,32) size 47x22 [border: (1px inset #808080)] [r=1 c=0 rs=1 cs=1]
              RenderText {#text} at (2,2) size 38x18
                text run at (2,2) width 38: "10%"
            RenderTableCell {TD} at (57,32) size 315x22 [border: (1px inset #808080)] [r=1 c=1 rs=1 cs=1]
              RenderText {#text} at (2,2) size 38x18
                text run at (2,2) width 38: "66%"
            RenderTableCell {TD} at (377,32) size 116x22 [border: (1px inset #808080)] [r=1 c=2 rs=1 cs=1]
              RenderText {#text} at (2,2) size 38x18
                text run at (2,2) width 38: "auto"
      RenderBlock (anonymous) at (0,2346) size 784x18
        RenderBR {BR} at (0,0) size 0x18
      RenderTable {TABLE} at (0,2364) size 500x97 [border: (1px outset #808080)]
        RenderTableSection {TBODY} at (1,1) size 498x95
          RenderTableRow {TR} at (0,5) size 498x22
            RenderTableCell {TD} at (5,5) size 441x22 [border: (1px inset #808080)] [r=0 c=0 rs=1 cs=2]
              RenderText {#text} at (2,2) size 253x18
                text run at (2,2) width 253: "90% 80% 80% 80% 80% 80%"
            RenderTableCell {TD} at (451,5) size 42x22 [border: (1px inset #808080)] [r=0 c=2 rs=1 cs=1]
              RenderText {#text} at (2,2) size 38x18
                text run at (2,2) width 38: "auto"
          RenderTableRow {TR} at (0,32) size 498x58
            RenderTableCell {TD} at (5,32) size 146x58 [border: (1px inset #808080)] [r=1 c=0 rs=1 cs=1]
              RenderText {#text} at (2,2) size 124x54
                text run at (2,2) width 124: "33% 33% 33%"
                text run at (2,20) width 124: "33% 33% 33%"
                text run at (2,38) width 38: "33%"
            RenderTableCell {TD} at (156,50) size 290x22 [border: (1px inset #808080)] [r=1 c=1 rs=1 cs=1]
              RenderText {#text} at (2,2) size 38x18
                text run at (2,2) width 38: "66%"
            RenderTableCell {TD} at (451,50) size 42x22 [border: (1px inset #808080)] [r=1 c=2 rs=1 cs=1]
              RenderText {#text} at (2,2) size 38x18
                text run at (2,2) width 38: "auto"
      RenderBlock (anonymous) at (0,2461) size 784x18
        RenderBR {BR} at (0,0) size 0x18
      RenderTable {TABLE} at (0,2479) size 500x79 [border: (1px outset #808080)]
        RenderTableSection {TBODY} at (1,1) size 498x77
          RenderTableRow {TR} at (0,5) size 498x22
            RenderTableCell {TD} at (5,5) size 441x22 [border: (1px inset #808080)] [r=0 c=0 rs=1 cs=2]
              RenderText {#text} at (2,2) size 253x18
                text run at (2,2) width 253: "90% 80% 80% 80% 80% 80%"
            RenderTableCell {TD} at (451,5) size 42x22 [border: (1px inset #808080)] [r=0 c=2 rs=1 cs=1]
              RenderText {#text} at (2,2) size 38x18
                text run at (2,2) width 38: "auto"
          RenderTableRow {TR} at (0,32) size 498x40
            RenderTableCell {TD} at (5,41) size 285x22 [border: (1px inset #808080)] [r=1 c=0 rs=1 cs=1]
              RenderText {#text} at (2,2) size 38x18
                text run at (2,2) width 38: "66%"
            RenderTableCell {TD} at (295,32) size 151x40 [border: (1px inset #808080)] [r=1 c=1 rs=1 cs=1]
              RenderText {#text} at (2,2) size 124x36
                text run at (2,2) width 124: "66% 66% 66%"
                text run at (2,20) width 124: "66% 66% 66%"
            RenderTableCell {TD} at (451,41) size 42x22 [border: (1px inset #808080)] [r=1 c=2 rs=1 cs=1]
              RenderText {#text} at (2,2) size 38x18
                text run at (2,2) width 38: "auto"
      RenderBlock (anonymous) at (0,2558) size 784x18
        RenderBR {BR} at (0,0) size 0x18
      RenderTable {TABLE} at (0,2576) size 500x97 [border: (1px outset #808080)]
        RenderTableSection {TBODY} at (1,1) size 498x95
          RenderTableRow {TR} at (0,5) size 498x22
            RenderTableCell {TD} at (5,5) size 434x22 [border: (1px inset #808080)] [r=0 c=0 rs=1 cs=3]
              RenderText {#text} at (2,2) size 124x18
                text run at (2,2) width 124: "90% 90% 90%"
            RenderTableCell {TD} at (444,5) size 49x22 [border: (1px inset #808080)] [r=0 c=3 rs=1 cs=1]
              RenderText {#text} at (2,2) size 38x18
                text run at (2,2) width 38: "auto"
          RenderTableRow {TR} at (0,32) size 498x58
            RenderTableCell {TD} at (5,50) size 69x22 [border: (1px inset #808080)] [r=1 c=0 rs=1 cs=1]
              RenderText {#text} at (2,2) size 38x18
                text run at (2,2) width 38: "auto"
            RenderTableCell {TD} at (79,50) size 143x22 [border: (1px inset #808080)] [r=1 c=1 rs=1 cs=1]
              RenderText {#text} at (2,2) size 82x18
                text run at (2,2) width 82: "auto-auto"
            RenderTableCell {TD} at (227,50) size 212x22 [border: (1px inset #808080)] [r=1 c=2 rs=1 cs=1]
              RenderText {#text} at (2,2) size 124x18
                text run at (2,2) width 124: "auto auto auto"
            RenderTableCell {TD} at (444,32) size 49x58 [border: (1px inset #808080)] [r=1 c=3 rs=1 cs=1]
              RenderText {#text} at (2,2) size 38x54
                text run at (2,2) width 38: "auto"
                text run at (2,20) width 38: "auto"
                text run at (2,38) width 38: "auto"
      RenderBlock (anonymous) at (0,2673) size 784x18
        RenderBR {BR} at (0,0) size 0x18
      RenderTable {TABLE} at (0,2691) size 500x88 [border: (1px outset #808080)]
        RenderTableSection {TBODY} at (1,1) size 498x86
          RenderTableRow {TR} at (0,5) size 498x22
            RenderTableCell {TD} at (5,5) size 435x22 [border: (1px inset #808080)] [r=0 c=0 rs=1 cs=2]
              RenderText {#text} at (2,2) size 124x18
                text run at (2,2) width 124: "90% 90% 90%"
            RenderTableCell {TD} at (445,5) size 48x22 [border: (1px inset #808080)] [r=0 c=2 rs=1 cs=1]
              RenderText {#text} at (2,2) size 38x18
                text run at (2,2) width 38: "auto"
          RenderTableRow {TR} at (0,32) size 498x22
            RenderTableCell {TD} at (5,32) size 215x22 [border: (1px inset #808080)] [r=1 c=0 rs=1 cs=1]
              RenderText {#text} at (2,2) size 38x18
                text run at (2,2) width 38: "auto"
            RenderTableCell {TD} at (225,32) size 215x22 [border: (1px inset #808080)] [r=1 c=1 rs=1 cs=1]
              RenderText {#text} at (2,2) size 38x18
                text run at (2,2) width 38: "auto"
            RenderTableCell {TD} at (445,32) size 48x22 [border: (1px inset #808080)] [r=1 c=2 rs=1 cs=1]
              RenderText {#text} at (2,2) size 38x18
                text run at (2,2) width 38: "auto"
          RenderTableRow {TR} at (0,59) size 498x22
            RenderTableCell {TD} at (5,59) size 215x22 [border: (1px inset #808080)] [r=2 c=0 rs=1 cs=1]
              RenderText {#text} at (2,2) size 38x18
                text run at (2,2) width 38: "auto"
            RenderTableCell {TD} at (225,59) size 268x22 [border: (1px inset #808080)] [r=2 c=1 rs=1 cs=2]
              RenderText {#text} at (2,2) size 124x18
                text run at (2,2) width 124: "90% 90% 90%"
      RenderBlock (anonymous) at (0,2779) size 784x18
        RenderBR {BR} at (0,0) size 0x18
      RenderTable {TABLE} at (0,2797) size 500x88 [border: (1px outset #808080)]
        RenderTableSection {TBODY} at (1,1) size 498x86
          RenderTableRow {TR} at (0,5) size 498x22
            RenderTableCell {TD} at (5,5) size 436x22 [border: (1px inset #808080)] [r=0 c=0 rs=1 cs=2]
              RenderText {#text} at (2,2) size 124x18
                text run at (2,2) width 124: "90% 90% 90%"
            RenderTableCell {TD} at (446,5) size 47x22 [border: (1px inset #808080)] [r=0 c=2 rs=1 cs=1]
              RenderText {#text} at (2,2) size 38x18
                text run at (2,2) width 38: "auto"
          RenderTableRow {TR} at (0,32) size 498x22
            RenderTableCell {TD} at (5,32) size 287x22 [border: (1px inset #808080)] [r=1 c=0 rs=1 cs=1]
              RenderText {#text} at (2,2) size 38x18
                text run at (2,2) width 38: "auto"
            RenderTableCell {TD} at (297,32) size 144x22 [border: (1px inset #808080)] [r=1 c=1 rs=1 cs=1]
              RenderText {#text} at (2,2) size 38x18
                text run at (2,2) width 38: "auto"
            RenderTableCell {TD} at (446,32) size 47x22 [border: (1px inset #808080)] [r=1 c=2 rs=1 cs=1]
              RenderText {#text} at (2,2) size 38x18
                text run at (2,2) width 38: "60%"
          RenderTableRow {TR} at (0,59) size 498x22
            RenderTableCell {TD} at (5,59) size 287x22 [border: (1px inset #808080)] [r=2 c=0 rs=1 cs=1]
              RenderText {#text} at (2,2) size 38x18
                text run at (2,2) width 38: "auto"
            RenderTableCell {TD} at (297,59) size 196x22 [border: (1px inset #808080)] [r=2 c=1 rs=1 cs=2]
              RenderText {#text} at (2,2) size 124x18
                text run at (2,2) width 124: "90% 90% 90%"
      RenderBlock (anonymous) at (0,2885) size 784x18
        RenderBR {BR} at (0,0) size 0x18
      RenderTable {TABLE} at (0,2903) size 500x88 [border: (1px outset #808080)]
        RenderTableSection {TBODY} at (1,1) size 498x86
          RenderTableRow {TR} at (0,5) size 498x22
            RenderTableCell {TD} at (5,5) size 436x22 [border: (1px inset #808080)] [r=0 c=0 rs=1 cs=2]
              RenderText {#text} at (2,2) size 124x18
                text run at (2,2) width 124: "90% 90% 90%"
            RenderTableCell {TD} at (446,5) size 47x22 [border: (1px inset #808080)] [r=0 c=2 rs=1 cs=1]
              RenderText {#text} at (2,2) size 38x18
                text run at (2,2) width 38: "60%"
          RenderTableRow {TR} at (0,32) size 498x22
            RenderTableCell {TD} at (5,32) size 287x22 [border: (1px inset #808080)] [r=1 c=0 rs=1 cs=1]
              RenderText {#text} at (2,2) size 38x18
                text run at (2,2) width 38: "auto"
            RenderTableCell {TD} at (297,32) size 144x22 [border: (1px inset #808080)] [r=1 c=1 rs=1 cs=1]
              RenderText {#text} at (2,2) size 38x18
                text run at (2,2) width 38: "auto"
            RenderTableCell {TD} at (446,32) size 47x22 [border: (1px inset #808080)] [r=1 c=2 rs=1 cs=1]
              RenderText {#text} at (2,2) size 38x18
                text run at (2,2) width 38: "auto"
          RenderTableRow {TR} at (0,59) size 498x22
            RenderTableCell {TD} at (5,59) size 287x22 [border: (1px inset #808080)] [r=2 c=0 rs=1 cs=1]
              RenderText {#text} at (2,2) size 38x18
                text run at (2,2) width 38: "auto"
            RenderTableCell {TD} at (297,59) size 196x22 [border: (1px inset #808080)] [r=2 c=1 rs=1 cs=2]
              RenderText {#text} at (2,2) size 124x18
                text run at (2,2) width 124: "90% 90% 90%"
      RenderBlock (anonymous) at (0,2991) size 784x18
        RenderBR {BR} at (0,0) size 0x18
      RenderTable {TABLE} at (0,3009) size 500x79 [border: (1px outset #808080)]
        RenderTableSection {TBODY} at (1,1) size 498x77
          RenderTableRow {TR} at (0,5) size 498x22
            RenderTableCell {TD} at (5,5) size 441x22 [border: (1px inset #808080)] [r=0 c=0 rs=1 cs=2]
              RenderText {#text} at (2,2) size 253x18
                text run at (2,2) width 253: "90% 80% 80% 80% 80% 80%"
            RenderTableCell {TD} at (451,5) size 42x22 [border: (1px inset #808080)] [r=0 c=2 rs=1 cs=1]
              RenderText {#text} at (2,2) size 38x18
                text run at (2,2) width 38: "auto"
          RenderTableRow {TR} at (0,32) size 498x40
            RenderTableCell {TD} at (5,41) size 285x22 [border: (1px inset #808080)] [r=1 c=0 rs=1 cs=1]
              RenderText {#text} at (2,2) size 38x18
                text run at (2,2) width 38: "66%"
            RenderTableCell {TD} at (295,32) size 151x40 [border: (1px inset #808080)] [r=1 c=1 rs=1 cs=1]
              RenderText {#text} at (2,2) size 124x36
                text run at (2,2) width 124: "66% 66% 66%"
                text run at (2,20) width 124: "66% 66% 66%"
            RenderTableCell {TD} at (451,41) size 42x22 [border: (1px inset #808080)] [r=1 c=2 rs=1 cs=1]
              RenderText {#text} at (2,2) size 38x18
                text run at (2,2) width 38: "50%"
      RenderBlock (anonymous) at (0,3088) size 784x18
        RenderBR {BR} at (0,0) size 0x18
      RenderTable {TABLE} at (0,3106) size 500x61 [border: (1px outset #808080)]
        RenderTableSection {TBODY} at (1,1) size 498x59
          RenderTableRow {TR} at (0,5) size 498x22
            RenderTableCell {TD} at (5,5) size 435x22 [border: (1px inset #808080)] [r=0 c=0 rs=1 cs=2]
              RenderText {#text} at (2,2) size 253x18
                text run at (2,2) width 253: "90% 80% 80% 80% 80% 80%"
            RenderTableCell {TD} at (445,5) size 48x22 [border: (1px inset #808080)] [r=0 c=2 rs=1 cs=1]
              RenderText {#text} at (2,2) size 38x18
                text run at (2,2) width 38: "auto"
          RenderTableRow {TR} at (0,32) size 498x22
            RenderTableCell {TD} at (5,32) size 143x22 [border: (1px inset #808080)] [r=1 c=0 rs=1 cs=1]
              RenderText {#text} at (2,2) size 38x18
                text run at (2,2) width 38: "auto"
            RenderTableCell {TD} at (153,32) size 287x22 [border: (1px inset #808080)] [r=1 c=1 rs=1 cs=1]
              RenderText {#text} at (2,2) size 81x18
                text run at (2,2) width 81: "auto auto"
            RenderTableCell {TD} at (445,32) size 48x22 [border: (1px inset #808080)] [r=1 c=2 rs=1 cs=1]
              RenderText {#text} at (2,2) size 38x18
                text run at (2,2) width 38: "50%"
      RenderBlock (anonymous) at (0,3167) size 784x18
        RenderBR {BR} at (0,0) size 0x18
      RenderTable {TABLE} at (0,3185) size 500x61 [border: (1px outset #808080)]
        RenderTableSection {TBODY} at (1,1) size 498x59
          RenderTableRow {TR} at (0,5) size 498x22
            RenderTableCell {TD} at (5,5) size 435x22 [border: (1px inset #808080)] [r=0 c=0 rs=1 cs=2]
              RenderText {#text} at (2,2) size 253x18
                text run at (2,2) width 253: "90% 90% 90% 90% 90% 90%"
            RenderTableCell {TD} at (445,5) size 48x22 [border: (1px inset #808080)] [r=0 c=2 rs=1 cs=1]
              RenderText {#text} at (2,2) size 38x18
                text run at (2,2) width 38: "auto"
          RenderTableRow {TR} at (0,32) size 498x22
            RenderTableCell {TD} at (5,32) size 141x22 [border: (1px inset #808080)] [r=1 c=0 rs=1 cs=1]
              RenderText {#text} at (2,2) size 38x18
                text run at (2,2) width 38: "auto"
            RenderTableCell {TD} at (151,32) size 289x22 [border: (1px inset #808080)] [r=1 c=1 rs=1 cs=1]
              RenderText {#text} at (2,2) size 82x18
                text run at (2,2) width 82: "auto-auto"
            RenderTableCell {TD} at (445,32) size 48x22 [border: (1px inset #808080)] [r=1 c=2 rs=1 cs=1]
              RenderText {#text} at (2,2) size 38x18
                text run at (2,2) width 38: "50%"
      RenderBlock (anonymous) at (0,3246) size 784x18
        RenderBR {BR} at (0,0) size 0x18
      RenderTable {TABLE} at (0,3264) size 500x61 [border: (1px outset #808080)]
        RenderTableSection {TBODY} at (1,1) size 498x59
          RenderTableRow {TR} at (0,5) size 498x22
            RenderTableCell {TD} at (5,5) size 435x22 [border: (1px inset #808080)] [r=0 c=0 rs=1 cs=2]
              RenderText {#text} at (2,2) size 253x18
                text run at (2,2) width 253: "90% 90% 90% 90% 90% 90%"
            RenderTableCell {TD} at (445,5) size 48x22 [border: (1px inset #808080)] [r=0 c=2 rs=1 cs=1]
              RenderText {#text} at (2,2) size 38x18
                text run at (2,2) width 38: "auto"
          RenderTableRow {TR} at (0,32) size 498x22
            RenderTableCell {TD} at (5,32) size 287x22 [border: (1px inset #808080)] [r=1 c=0 rs=1 cs=1]
              RenderText {#text} at (2,2) size 38x18
                text run at (2,2) width 38: "60%"
            RenderTableCell {TD} at (297,32) size 143x22 [border: (1px inset #808080)] [r=1 c=1 rs=1 cs=1]
              RenderText {#text} at (2,2) size 82x18
                text run at (2,2) width 82: "auto-auto"
            RenderTableCell {TD} at (445,32) size 48x22 [border: (1px inset #808080)] [r=1 c=2 rs=1 cs=1]
              RenderText {#text} at (2,2) size 38x18
                text run at (2,2) width 38: "50%"
      RenderBlock (anonymous) at (0,3325) size 784x18
        RenderBR {BR} at (0,0) size 0x18
      RenderTable {TABLE} at (0,3343) size 500x97 [border: (1px outset #808080)]
        RenderTableSection {TBODY} at (1,1) size 498x95
          RenderTableRow {TR} at (0,5) size 498x22
            RenderTableCell {TD} at (5,5) size 435x22 [border: (1px inset #808080)] [r=0 c=0 rs=1 cs=2]
              RenderText {#text} at (2,2) size 253x18
                text run at (2,2) width 253: "90% 90% 90% 90% 90% 90%"
            RenderTableCell {TD} at (445,5) size 48x22 [border: (1px inset #808080)] [r=0 c=2 rs=1 cs=1]
              RenderText {#text} at (2,2) size 38x18
                text run at (2,2) width 38: "auto"
          RenderTableRow {TR} at (0,32) size 498x58
            RenderTableCell {TD} at (5,32) size 31x58 [border: (1px inset #808080)] [r=1 c=0 rs=1 cs=1]
              RenderText {#text} at (2,2) size 27x54
                text run at (2,2) width 27: "5%"
                text run at (2,20) width 27: "5%"
                text run at (2,38) width 27: "5%"
            RenderTableCell {TD} at (41,50) size 399x22 [border: (1px inset #808080)] [r=1 c=1 rs=1 cs=1]
              RenderText {#text} at (2,2) size 82x18
                text run at (2,2) width 82: "auto-auto"
            RenderTableCell {TD} at (445,50) size 48x22 [border: (1px inset #808080)] [r=1 c=2 rs=1 cs=1]
              RenderText {#text} at (2,2) size 38x18
                text run at (2,2) width 38: "50%"
      RenderBlock (anonymous) at (0,3440) size 784x18
        RenderBR {BR} at (0,0) size 0x18
      RenderTable {TABLE} at (0,3458) size 500x151 [border: (1px outset #808080)]
        RenderTableSection {TBODY} at (1,1) size 498x149
          RenderTableRow {TR} at (0,5) size 498x112
            RenderTableCell {TD} at (5,5) size 83x112 [border: (1px inset #808080)] [r=0 c=0 rs=1 cs=2]
              RenderText {#text} at (2,2) size 38x108
                text run at (2,2) width 38: "90%"
                text run at (2,20) width 38: "90%"
                text run at (2,38) width 38: "90%"
                text run at (2,56) width 38: "90%"
                text run at (2,74) width 38: "90%"
                text run at (2,92) width 38: "90%"
            RenderTableCell {TD} at (93,50) size 400x22 [border: (1px inset #808080)] [r=0 c=2 rs=1 cs=1]
              RenderText {#text} at (2,2) size 38x18
                text run at (2,2) width 38: "auto"
          RenderTableRow {TR} at (0,122) size 498x22
            RenderTableCell {TD} at (5,122) size 31x22 [border: (1px inset #808080)] [r=1 c=0 rs=1 cs=1]
              RenderText {#text} at (2,2) size 27x18
                text run at (2,2) width 27: "5%"
            RenderTableCell {TD} at (41,122) size 47x22 [border: (1px inset #808080)] [r=1 c=1 rs=1 cs=1]
              RenderText {#text} at (2,2) size 38x18
                text run at (2,2) width 38: "10%"
            RenderTableCell {TD} at (93,122) size 400x22 [border: (1px inset #808080)] [r=1 c=2 rs=1 cs=1]
              RenderText {#text} at (2,2) size 38x18
                text run at (2,2) width 38: "auto"
      RenderBlock (anonymous) at (0,3609) size 784x18
        RenderBR {BR} at (0,0) size 0x18
      RenderTable {TABLE} at (0,3627) size 500x61 [border: (1px outset #808080)]
        RenderTableSection {TBODY} at (1,1) size 498x59
          RenderTableRow {TR} at (0,5) size 498x22
            RenderTableCell {TD} at (5,5) size 435x22 [border: (1px inset #808080)] [r=0 c=0 rs=1 cs=2]
              RenderText {#text} at (2,2) size 253x18
                text run at (2,2) width 253: "90% 90% 90% 90% 90% 90%"
            RenderTableCell {TD} at (445,5) size 48x22 [border: (1px inset #808080)] [r=0 c=2 rs=1 cs=1]
              RenderText {#text} at (2,2) size 38x18
                text run at (2,2) width 38: "auto"
          RenderTableRow {TR} at (0,32) size 498x22
            RenderTableCell {TD} at (5,32) size 215x22 [border: (1px inset #808080)] [r=1 c=0 rs=1 cs=1]
              RenderText {#text} at (2,2) size 22x18
                text run at (2,2) width 22: "10"
            RenderTableCell {TD} at (225,32) size 215x22 [border: (1px inset #808080)] [r=1 c=1 rs=1 cs=1]
              RenderText {#text} at (2,2) size 22x18
                text run at (2,2) width 22: "20"
            RenderTableCell {TD} at (445,32) size 48x22 [border: (1px inset #808080)] [r=1 c=2 rs=1 cs=1]
              RenderText {#text} at (2,2) size 38x18
                text run at (2,2) width 38: "auto"
      RenderBlock (anonymous) at (0,3688) size 784x18
        RenderBR {BR} at (0,0) size 0x18
      RenderTable {TABLE} at (0,3706) size 500x79 [border: (1px outset #808080)]
        RenderTableSection {TBODY} at (1,1) size 498x77
          RenderTableRow {TR} at (0,5) size 498x22
            RenderTableCell {TD} at (5,5) size 392x22 [border: (1px inset #808080)] [r=0 c=0 rs=1 cs=2]
              RenderText {#text} at (2,2) size 210x18
                text run at (2,2) width 210: "50% 50% 50% 50% 50%"
            RenderTableCell {TD} at (402,5) size 91x22 [border: (1px inset #808080)] [r=0 c=2 rs=1 cs=1]
              RenderText {#text} at (2,2) size 38x18
                text run at (2,2) width 38: "auto"
          RenderTableRow {TR} at (0,32) size 498x40
            RenderTableCell {TD} at (5,41) size 345x22 [border: (1px inset #808080)] [r=1 c=0 rs=1 cs=1]
              RenderText {#text} at (2,2) size 38x18
                text run at (2,2) width 38: "80%"
            RenderTableCell {TD} at (355,32) size 42x40 [border: (1px inset #808080)] [r=1 c=1 rs=1 cs=1]
              RenderText {#text} at (2,2) size 38x36
                text run at (2,2) width 38: "auto"
                text run at (2,20) width 38: "auto"
            RenderTableCell {TD} at (402,41) size 91x22 [border: (1px inset #808080)] [r=1 c=2 rs=1 cs=1]
              RenderText {#text} at (2,2) size 38x18
                text run at (2,2) width 38: "50%"
      RenderBlock (anonymous) at (0,3785) size 784x18
        RenderBR {BR} at (0,0) size 0x18
      RenderTable {TABLE} at (0,3803) size 500x61 [border: (1px outset #808080)]
        RenderTableSection {TBODY} at (1,1) size 498x59
          RenderTableRow {TR} at (0,5) size 498x22
            RenderTableCell {TD} at (5,5) size 434x22 [border: (1px inset #808080)] [r=0 c=0 rs=1 cs=2]
              RenderText {#text} at (2,2) size 210x18
                text run at (2,2) width 210: "90% 50% 50% 50% 50%"
            RenderTableCell {TD} at (444,5) size 49x22 [border: (1px inset #808080)] [r=0 c=2 rs=1 cs=1]
              RenderText {#text} at (2,2) size 38x18
                text run at (2,2) width 38: "auto"
          RenderTableRow {TR} at (0,32) size 498x22
            RenderTableCell {TD} at (5,32) size 192x22 [border: (1px inset #808080)] [r=1 c=0 rs=1 cs=1]
              RenderText {#text} at (2,2) size 33x18
                text run at (2,2) width 33: "100"
            RenderTableCell {TD} at (202,32) size 237x22 [border: (1px inset #808080)] [r=1 c=1 rs=1 cs=1]
              RenderText {#text} at (2,2) size 124x18
                text run at (2,2) width 124: "auto auto auto"
            RenderTableCell {TD} at (444,32) size 49x22 [border: (1px inset #808080)] [r=1 c=2 rs=1 cs=1]
              RenderText {#text} at (2,2) size 38x18
                text run at (2,2) width 38: "auto"
      RenderBlock (anonymous) at (0,3864) size 784x36
        RenderBR {BR} at (0,0) size 0x18
        RenderBR {BR} at (0,18) size 0x18
      RenderBlock {HR} at (0,3908) size 602x2 [border: (1px inset #000000)]
      RenderTable {TABLE} at (0,3918) size 653x143 [border: (1px outset #808080)]
        RenderTableSection {TBODY} at (1,1) size 651x141
          RenderTableRow {TR} at (0,5) size 651x104
            RenderTableCell {TD} at (5,5) size 604x104 [border: (1px inset #808080)] [r=0 c=0 rs=1 cs=3]
              RenderImage {IMG} at (2,2) size 600x100
            RenderTableCell {TD} at (614,46) size 32x22 [border: (1px inset #808080)] [r=0 c=3 rs=1 cs=1]
              RenderText {#text} at (2,2) size 26x18
                text run at (2,2) width 26: "foo"
          RenderTableRow {TR} at (0,114) size 651x22
            RenderTableCell {TD} at (5,114) size 104x22 [border: (1px inset #808080)] [r=1 c=0 rs=1 cs=1]
              RenderText {#text} at (2,2) size 26x18
                text run at (2,2) width 26: "foo"
            RenderTableCell {TD} at (114,114) size 104x22 [border: (1px inset #808080)] [r=1 c=1 rs=1 cs=1]
              RenderText {#text} at (2,2) size 28x18
                text run at (2,2) width 28: "bar"
            RenderTableCell {TD} at (223,114) size 386x22 [border: (1px inset #808080)] [r=1 c=2 rs=1 cs=1]
              RenderText {#text} at (2,2) size 26x18
                text run at (2,2) width 26: "foo"
            RenderTableCell {TD} at (614,114) size 32x22 [border: (1px inset #808080)] [r=1 c=3 rs=1 cs=1]
              RenderText {#text} at (2,2) size 28x18
                text run at (2,2) width 28: "bar"
      RenderBlock (anonymous) at (0,4061) size 784x36
        RenderBR {BR} at (0,0) size 0x18
        RenderText {#text} at (0,18) size 679x18
          text run at (0,18) width 679: "1st cell with colspan=3 fixed at 600, 1st 2 cells in 2nd row fixed at 100, 2nd not"
      RenderTable {TABLE} at (0,4097) size 644x52 [border: (1px outset #808080)]
        RenderTableSection {TBODY} at (1,1) size 642x50
          RenderTableRow {TR} at (0,2) size 642x22
            RenderTableCell {TD} at (2,2) size 510x22 [border: (1px inset #808080)] [r=0 c=0 rs=1 cs=3]
              RenderText {#text} at (2,2) size 26x18
                text run at (2,2) width 26: "foo"
            RenderTableCell {TD} at (514,2) size 126x22 [border: (1px inset #808080)] [r=0 c=3 rs=1 cs=1]
              RenderText {#text} at (2,2) size 26x18
                text run at (2,2) width 26: "foo"
          RenderTableRow {TR} at (0,26) size 642x22
            RenderTableCell {TD} at (2,26) size 104x22 [border: (1px inset #808080)] [r=1 c=0 rs=1 cs=1]
              RenderText {#text} at (2,2) size 26x18
                text run at (2,2) width 26: "foo"
            RenderTableCell {TD} at (108,26) size 104x22 [border: (1px inset #808080)] [r=1 c=1 rs=1 cs=1]
              RenderText {#text} at (2,2) size 28x18
                text run at (2,2) width 28: "bar"
            RenderTableCell {TD} at (214,26) size 298x22 [border: (1px inset #808080)] [r=1 c=2 rs=1 cs=1]
              RenderText {#text} at (2,2) size 26x18
                text run at (2,2) width 26: "foo"
            RenderTableCell {TD} at (514,26) size 126x22 [border: (1px inset #808080)] [r=1 c=3 rs=1 cs=1]
              RenderText {#text} at (2,2) size 28x18
                text run at (2,2) width 28: "bar"
      RenderBlock (anonymous) at (0,4149) size 784x18
        RenderBR {BR} at (0,0) size 0x18
      RenderTable {TABLE} at (0,4167) size 30x22 [border: (1px outset #808080)]
        RenderTableCol {COL} at (0,0) size 0x0 [bgcolor=#FF0000]
        RenderTableCol {COL} at (0,0) size 0x0 [bgcolor=#0000FF]
        RenderTableSection {TBODY} at (1,1) size 28x20
          RenderTableRow {TR} at (0,0) size 28x20
            RenderTableCell {TD} at (0,0) size 28x20 [border: (1px inset #808080)] [r=0 c=0 rs=1 cs=2]
              RenderText {#text} at (1,1) size 26x18
                text run at (1,1) width 26: "foo"
      RenderBlock (anonymous) at (0,4189) size 784x18
        RenderBR {BR} at (0,0) size 0x18
      RenderTable {TABLE} at (0,4207) size 104x52 [border: (1px outset #808080)]
        RenderTableSection {TBODY} at (1,1) size 102x50
          RenderTableRow {TR} at (0,2) size 102x22
            RenderTableCell {TD} at (2,2) size 64x22 [border: (1px inset #808080)] [r=0 c=0 rs=1 cs=3]
              RenderText {#text} at (2,2) size 26x18
                text run at (2,2) width 26: "foo"
            RenderTableCell {TD} at (68,2) size 32x22 [border: (1px inset #808080)] [r=0 c=3 rs=1 cs=1]
              RenderText {#text} at (2,2) size 28x18
                text run at (2,2) width 28: "bar"
          RenderTableRow {TR} at (0,26) size 102x22
            RenderTableCell {TD} at (2,26) size 30x22 [border: (1px inset #808080)] [r=1 c=0 rs=1 cs=2]
              RenderText {#text} at (2,2) size 26x18
                text run at (2,2) width 26: "foo"
            RenderTableCell {TD} at (34,26) size 32x22 [border: (1px inset #808080)] [r=1 c=2 rs=1 cs=1]
              RenderText {#text} at (2,2) size 28x18
                text run at (2,2) width 28: "bar"
      RenderBlock (anonymous) at (0,4259) size 784x18
        RenderBR {BR} at (0,0) size 0x18
      RenderTable {TABLE} at (0,4277) size 784x58 [border: (1px outset #808080)]
        RenderTableSection {TBODY} at (1,1) size 782x56
          RenderTableRow {TR} at (0,0) size 782x28 [bgcolor=#CCCCFF]
            RenderTableCell {TD} at (0,0) size 782x28 [border: (1px inset #808080)] [r=0 c=0 rs=1 cs=3]
              RenderText {#text} at (744,5) size 33x18
                text run at (744,5) width 33: "edit"
          RenderTableRow {TR} at (0,28) size 782x28
            RenderTableCell {TD} at (0,28) size 464x28 [bgcolor=#DCDCDC] [border: (1px inset #808080)] [r=1 c=0 rs=1 cs=2]
              RenderText {#text} at (5,5) size 214x18
                text run at (5,5) width 214: "Top Stories from Reuters "
            RenderTableCell {TD} at (464,28) size 318x28 [bgcolor=#DCDCDC] [border: (1px inset #808080)] [r=1 c=2 rs=1 cs=1]
              RenderText {#text} at (170,5) size 143x18
                text run at (170,5) width 143: "Jun 11 12:30pm "
      RenderBlock (anonymous) at (0,4335) size 784x18
        RenderBR {BR} at (0,0) size 0x18
      RenderTable {TABLE} at (0,4353) size 200x34 [bgcolor=#FFFF00] [border: (1px outset #808080)]
        RenderTableSection {TBODY} at (1,1) size 198x32
          RenderTableRow {TR} at (0,2) size 198x28
            RenderTableCell {TD} at (2,5) size 84x22 [border: (1px inset #808080)] [r=0 c=0 rs=1 cs=1]
              RenderText {#text} at (2,2) size 26x18
                text run at (2,2) width 26: "foo"
            RenderTableCell {TD} at (88,2) size 108x28 [border: (1px inset #808080)] [r=0 c=1 rs=1 cs=1]
              RenderTable {TABLE} at (2,2) size 34x24 [bgcolor=#FFA500]
                RenderTableSection {TBODY} at (0,0) size 34x24
                  RenderTableRow {TR} at (0,2) size 34x20
                    RenderTableCell {TD} at (2,2) size 30x20 [r=0 c=0 rs=1 cs=1]
                      RenderText {#text} at (1,1) size 28x18
                        text run at (1,1) width 28: "bar"
      RenderBlock (anonymous) at (0,4387) size 784x18
        RenderBR {BR} at (0,0) size 0x18
      RenderTable {TABLE} at (0,4405) size 101x34 [border: (1px outset #808080)]
        RenderTableSection {TBODY} at (1,1) size 99x32
          RenderTableRow {TR} at (0,5) size 99x22
            RenderTableCell {TD} at (5,5) size 42x22 [border: (1px inset #808080)] [r=0 c=0 rs=1 cs=3]
              RenderText {#text} at (2,2) size 38x18
                text run at (2,2) width 38: "auto"
            RenderTableCell {TD} at (52,5) size 42x22 [border: (1px inset #808080)] [r=0 c=3 rs=1 cs=1]
              RenderText {#text} at (2,2) size 38x18
                text run at (2,2) width 38: "auto"
      RenderBlock (anonymous) at (0,4439) size 784x18
        RenderText {#text} at (0,0) size 613x18
          text run at (0,0) width 613: "min colspan is based on min with no fix involved - IE uses max(min,des)"
      RenderTable {TABLE} at (0,4457) size 200x52 [border: (1px outset #808080)]
        RenderTableSection {TBODY} at (1,1) size 198x50
          RenderTableRow {TR} at (0,2) size 198x22
            RenderTableCell {TD} at (2,2) size 194x22 [border: (1px inset #808080)] [r=0 c=0 rs=1 cs=2]
              RenderText {#text} at (2,2) size 190x18
                text run at (2,2) width 190: "xxxxxxxxxxxxxxxxxxx"
          RenderTableRow {TR} at (0,26) size 198x22
            RenderTableCell {TD} at (2,26) size 121x22 [border: (1px inset #808080)] [r=1 c=0 rs=1 cs=1]
              RenderText {#text} at (2,2) size 55x18
                text run at (2,2) width 55: "x x x x"
            RenderTableCell {TD} at (125,26) size 71x22 [border: (1px inset #808080)] [r=1 c=1 rs=1 cs=1]
              RenderText {#text} at (2,2) size 30x18
                text run at (2,2) width 30: "xxx"
      RenderBlock (anonymous) at (0,4509) size 784x36
        RenderBR {BR} at (0,0) size 0x18
        RenderText {#text} at (0,18) size 374x18
          text run at (0,18) width 374: "adj min is based on min with no fix involved"
      RenderTable {TABLE} at (0,4545) size 270x70 [border: (1px outset #808080)]
        RenderTableSection {TBODY} at (1,1) size 268x68
          RenderTableRow {TR} at (0,2) size 268x22
            RenderTableCell {TD} at (2,2) size 264x22 [border: (1px inset #808080)] [r=0 c=0 rs=1 cs=2]
              RenderText {#text} at (2,2) size 260x18
                text run at (2,2) width 260: "xxxxxxxxxxxxxxxxxxxyyyyyyy"
          RenderTableRow {TR} at (0,26) size 268x40
            RenderTableCell {TD} at (2,26) size 78x40 [border: (1px inset #808080)] [r=1 c=0 rs=1 cs=1]
              RenderText {#text} at (2,2) size 70x36
                text run at (2,2) width 70: "x x x x x"
                text run at (2,20) width 25: "x x"
            RenderTableCell {TD} at (82,35) size 184x22 [border: (1px inset #808080)] [r=1 c=1 rs=1 cs=1]
              RenderText {#text} at (2,2) size 180x18
                text run at (2,2) width 180: "xxxxxxxxxxxxxxxxxx"
      RenderBlock (anonymous) at (0,4615) size 784x36
        RenderBR {BR} at (0,0) size 0x18
        RenderText {#text} at (0,18) size 645x18
          text run at (0,18) width 645: "adj min is based on max(min, fix) differs from Nav4.6 which differs from IE5"
      RenderTable {TABLE} at (0,4651) size 246x52 [bgcolor=#00FF00] [border: (1px outset #808080)]
        RenderTableSection {TBODY} at (1,1) size 244x50
          RenderTableRow {TR} at (0,2) size 244x22
            RenderTableCell {TD} at (2,2) size 240x22 [border: (1px inset #808080)] [r=0 c=0 rs=1 cs=2]
              RenderText {#text} at (2,2) size 236x18
                text run at (2,2) width 236: "xxxxxxxcolspan2xxxxxxxxx"
          RenderTableRow {TR} at (0,26) size 244x22
            RenderTableCell {TD} at (2,26) size 134x22 [border: (1px inset #808080)] [r=1 c=0 rs=1 cs=1]
              RenderText {#text} at (2,2) size 40x18
                text run at (2,2) width 40: "x x x"
            RenderTableCell {TD} at (138,26) size 104x22 [border: (1px inset #808080)] [r=1 c=1 rs=1 cs=1]
              RenderText {#text} at (2,2) size 33x18
                text run at (2,2) width 33: "100"
      RenderBlock (anonymous) at (0,4703) size 784x18
        RenderBR {BR} at (0,0) size 0x18
      RenderTable {TABLE} at (0,4721) size 246x70 [bgcolor=#00FF00] [border: (1px outset #808080)]
        RenderTableSection {TBODY} at (1,1) size 244x68
          RenderTableRow {TR} at (0,2) size 244x22
            RenderTableCell {TD} at (2,2) size 240x22 [border: (1px inset #808080)] [r=0 c=0 rs=1 cs=2]
              RenderText {#text} at (2,2) size 236x18
                text run at (2,2) width 236: "xxxxxxxcolspan2xxxxxxxxx"
          RenderTableRow {TR} at (0,26) size 244x40
            RenderTableCell {TD} at (2,35) size 134x22 [border: (1px inset #808080)] [r=1 c=0 rs=1 cs=1]
              RenderText {#text} at (2,2) size 40x18
                text run at (2,2) width 40: "x x x"
            RenderTableCell {TD} at (138,26) size 104x40 [border: (1px inset #808080)] [r=1 c=1 rs=1 cs=1]
              RenderText {#text} at (2,2) size 71x36
                text run at (2,2) width 71: "100 100"
                text run at (2,20) width 33: "100"
      RenderBlock (anonymous) at (0,4791) size 784x18
        RenderBR {BR} at (0,0) size 0x18
      RenderTable {TABLE} at (0,4809) size 246x52 [bgcolor=#00FF00] [border: (1px outset #808080)]
        RenderTableSection {TBODY} at (1,1) size 244x50
          RenderTableRow {TR} at (0,2) size 244x22
            RenderTableCell {TD} at (2,2) size 240x22 [border: (1px inset #808080)] [r=0 c=0 rs=1 cs=2]
              RenderText {#text} at (2,2) size 236x18
                text run at (2,2) width 236: "xxxxxxxcolspan2xxxxxxxxx"
          RenderTableRow {TR} at (0,26) size 244x22
            RenderTableCell {TD} at (2,26) size 134x22 [border: (1px inset #808080)] [r=1 c=0 rs=1 cs=1]
              RenderText {#text} at (2,2) size 100x18
                text run at (2,2) width 100: "xxx xxx xxx"
            RenderTableCell {TD} at (138,26) size 104x22 [border: (1px inset #808080)] [r=1 c=1 rs=1 cs=1]
              RenderText {#text} at (2,2) size 33x18
                text run at (2,2) width 33: "100"
      RenderBlock (anonymous) at (0,4861) size 784x18
        RenderBR {BR} at (0,0) size 0x18
      RenderTable {TABLE} at (0,4879) size 310x52 [border: (1px outset #808080)]
        RenderTableSection {TBODY} at (1,1) size 308x50
          RenderTableRow {TR} at (0,2) size 308x22
            RenderTableCell {TD} at (2,2) size 304x22 [border: (1px inset #808080)] [r=0 c=0 rs=1 cs=2]
              RenderText {#text} at (2,2) size 20x18
                text run at (2,2) width 20: "xx"
          RenderTableRow {TR} at (0,26) size 308x22
            RenderTableCell {TD} at (2,26) size 104x22 [border: (1px inset #808080)] [r=1 c=0 rs=1 cs=1]
              RenderText {#text} at (2,2) size 40x18
                text run at (2,2) width 40: "x x x"
            RenderTableCell {TD} at (108,26) size 198x22 [border: (1px inset #808080)] [r=1 c=1 rs=1 cs=1]
              RenderText {#text} at (2,2) size 38x18
                text run at (2,2) width 38: "auto"
      RenderBlock (anonymous) at (0,4931) size 784x18
        RenderBR {BR} at (0,0) size 0x18
      RenderTable {TABLE} at (0,4949) size 354x52 [border: (1px outset #808080)]
        RenderTableSection {TBODY} at (1,1) size 352x50
          RenderTableRow {TR} at (0,2) size 352x22
            RenderTableCell {TD} at (2,2) size 348x22 [border: (1px inset #808080)] [r=0 c=0 rs=1 cs=2]
              RenderText {#text} at (2,2) size 33x18
                text run at (2,2) width 33: "300"
          RenderTableRow {TR} at (0,26) size 352x22
            RenderTableCell {TD} at (2,26) size 304x22 [border: (1px inset #808080)] [r=1 c=0 rs=1 cs=1]
              RenderText {#text} at (2,2) size 71x18
                text run at (2,2) width 71: "400 400"
            RenderTableCell {TD} at (308,26) size 42x22 [border: (1px inset #808080)] [r=1 c=1 rs=1 cs=1]
              RenderText {#text} at (2,2) size 38x18
                text run at (2,2) width 38: "auto"
      RenderBlock (anonymous) at (0,5001) size 784x18
        RenderBR {BR} at (0,0) size 0x18
      RenderTable {TABLE} at (0,5019) size 310x52 [border: (1px outset #808080)]
        RenderTableSection {TBODY} at (1,1) size 308x50
          RenderTableRow {TR} at (0,2) size 308x22
            RenderTableCell {TD} at (2,2) size 304x22 [border: (1px inset #808080)] [r=0 c=0 rs=1 cs=2]
              RenderText {#text} at (2,2) size 71x18
                text run at (2,2) width 71: "300 300"
          RenderTableRow {TR} at (0,26) size 308x22
            RenderTableCell {TD} at (2,26) size 104x22 [border: (1px inset #808080)] [r=1 c=0 rs=1 cs=1]
              RenderText {#text} at (2,2) size 33x18
                text run at (2,2) width 33: "100"
            RenderTableCell {TD} at (108,26) size 198x22 [border: (1px inset #808080)] [r=1 c=1 rs=1 cs=1]
              RenderText {#text} at (2,2) size 124x18
                text run at (2,2) width 124: "auto auto auto"
      RenderBlock (anonymous) at (0,5071) size 784x18
        RenderBR {BR} at (0,0) size 0x18
      RenderTable {TABLE} at (0,5089) size 627x70 [border: (1px outset #808080)]
        RenderTableSection {TBODY} at (1,1) size 625x68
          RenderTableRow {TR} at (0,2) size 625x40
            RenderTableCell {TD} at (2,2) size 621x40 [border: (1px inset #808080)] [r=0 c=0 rs=1 cs=2]
              RenderText {#text} at (2,2) size 598x36
                text run at (2,2) width 598: "300 300 300 300 300 300 300 300 300 300 300 300 300 300 300300"
                text run at (2,20) width 147: "300 300 300 300"
          RenderTableRow {TR} at (0,44) size 625x22
            RenderTableCell {TD} at (2,44) size 104x22 [border: (1px inset #808080)] [r=1 c=0 rs=1 cs=1]
              RenderText {#text} at (2,2) size 33x18
                text run at (2,2) width 33: "100"
            RenderTableCell {TD} at (108,44) size 515x22 [border: (1px inset #808080)] [r=1 c=1 rs=1 cs=1]
              RenderText {#text} at (2,2) size 511x18
                text run at (2,2) width 511: "auto auto auto auto auto auto auto auto auto auto auto auto"
      RenderBlock (anonymous) at (0,5159) size 784x18
        RenderBR {BR} at (0,0) size 0x18
      RenderTable {TABLE} at (0,5177) size 310x52 [border: (1px outset #808080)]
        RenderTableSection {TBODY} at (1,1) size 308x50
          RenderTableRow {TR} at (0,2) size 308x22
            RenderTableCell {TD} at (2,2) size 304x22 [border: (1px inset #808080)] [r=0 c=0 rs=1 cs=2]
              RenderText {#text} at (2,2) size 33x18
                text run at (2,2) width 33: "300"
          RenderTableRow {TR} at (0,26) size 308x22
            RenderTableCell {TD} at (2,26) size 104x22 [border: (1px inset #808080)] [r=1 c=0 rs=1 cs=1]
              RenderText {#text} at (2,2) size 33x18
                text run at (2,2) width 33: "100"
            RenderTableCell {TD} at (108,26) size 198x22 [border: (1px inset #808080)] [r=1 c=1 rs=1 cs=1]
              RenderText {#text} at (2,2) size 38x18
                text run at (2,2) width 38: "auto"
      RenderBlock (anonymous) at (0,5229) size 784x18
        RenderBR {BR} at (0,0) size 0x18
      RenderTable {TABLE} at (0,5247) size 306x52 [border: (1px outset #808080)]
        RenderTableSection {TBODY} at (1,1) size 304x50
          RenderTableRow {TR} at (0,2) size 304x22
            RenderTableCell {TD} at (2,2) size 300x22 [border: (1px inset #808080)] [r=0 c=0 rs=1 cs=2]
              RenderText {#text} at (2,2) size 296x18
                text run at (2,2) width 296: "auto auto auto auto auto auto auto"
          RenderTableRow {TR} at (0,26) size 304x22
            RenderTableCell {TD} at (2,26) size 104x22 [border: (1px inset #808080)] [r=1 c=0 rs=1 cs=1]
              RenderText {#text} at (2,2) size 33x18
                text run at (2,2) width 33: "100"
            RenderTableCell {TD} at (108,26) size 194x22 [border: (1px inset #808080)] [r=1 c=1 rs=1 cs=1]
              RenderText {#text} at (2,2) size 124x18
                text run at (2,2) width 124: "auto auto auto"
      RenderBlock (anonymous) at (0,5299) size 784x18
        RenderText {#text} at (0,0) size 331x18
          text run at (0,0) width 331: "fixed table looks more like IE than Nav "
        RenderBR {BR} at (331,13) size 0x0
      RenderTable {TABLE} at (0,5317) size 150x226 [border: (1px outset #808080)]
        RenderTableSection {TBODY} at (1,1) size 148x224
          RenderTableRow {TR} at (0,2) size 148x220
            RenderTableCell {TD} at (2,101) size 100x22 [border: (1px inset #808080)] [r=0 c=0 rs=1 cs=1]
              RenderText {#text} at (2,2) size 33x18
                text run at (2,2) width 33: "100"
            RenderTableCell {TD} at (104,2) size 42x220 [border: (1px inset #808080)] [r=0 c=1 rs=1 cs=1]
              RenderText {#text} at (2,2) size 38x216
                text run at (2,2) width 38: "auto"
                text run at (2,20) width 38: "auto"
                text run at (2,38) width 38: "auto"
                text run at (2,56) width 38: "auto"
                text run at (2,74) width 38: "auto"
                text run at (2,92) width 38: "auto"
                text run at (2,110) width 38: "auto"
                text run at (2,128) width 38: "auto"
                text run at (2,146) width 38: "auto"
                text run at (2,164) width 38: "auto"
                text run at (2,182) width 38: "auto"
                text run at (2,200) width 38: "auto"
