layer at (0,0) size 800x958
  RenderView at (0,0) size 800x600
layer at (0,0) size 800x958
  RenderBlock {HTML} at (0,0) size 800x958
    RenderBody {BODY} at (8,8) size 784x942
      RenderBlock (anonymous) at (0,0) size 784x18
        RenderText {#text} at (0,0) size 149x18
          text run at (0,0) width 149: "auto table cols=2"
      RenderTable {TABLE} at (0,18) size 696x28 [border: (1px outset #808080)]
        RenderTableSection {TBODY} at (1,1) size 694x26
          RenderTableRow {TR} at (0,2) size 694x22
            RenderTableCell {TD} at (2,2) size 343x22 [border: (1px inset #808080)] [r=0 c=0 rs=1 cs=1]
              RenderText {#text} at (2,2) size 339x18
                text run at (2,2) width 339: "auto auto auto auto auto auto auto auto"
            RenderTableCell {TD} at (347,2) size 215x22 [border: (1px inset #808080)] [r=0 c=1 rs=1 cs=1]
              RenderText {#text} at (2,2) size 211x18
                text run at (2,2) width 211: "auto-auto auto auto auto"
            RenderTableCell {TD} at (564,2) size 128x22 [border: (1px inset #808080)] [r=0 c=2 rs=1 cs=1]
              RenderText {#text} at (2,2) size 124x18
                text run at (2,2) width 124: "auto auto auto"
      RenderBlock (anonymous) at (0,46) size 784x36
        RenderBR {BR} at (0,0) size 0x18
        RenderText {#text} at (0,18) size 149x18
          text run at (0,18) width 149: "auto table cols=2"
      RenderTable {TABLE} at (0,82) size 266x28 [border: (1px outset #808080)]
        RenderTableSection {TBODY} at (1,1) size 264x26
          RenderTableRow {TR} at (0,2) size 264x22
            RenderTableCell {TD} at (2,2) size 42x22 [border: (1px inset #808080)] [r=0 c=0 rs=1 cs=1]
              RenderText {#text} at (2,2) size 38x18
                text run at (2,2) width 38: "auto"
            RenderTableCell {TD} at (46,2) size 86x22 [border: (1px inset #808080)] [r=0 c=1 rs=1 cs=1]
              RenderText {#text} at (2,2) size 82x18
                text run at (2,2) width 82: "auto-auto"
            RenderTableCell {TD} at (134,2) size 128x22 [border: (1px inset #808080)] [r=0 c=2 rs=1 cs=1]
              RenderText {#text} at (2,2) size 124x18
                text run at (2,2) width 124: "auto auto auto"
      RenderBlock (anonymous) at (0,110) size 784x36
        RenderBR {BR} at (0,0) size 0x18
        RenderText {#text} at (0,18) size 232x18
          text run at (0,18) width 232: "auto table 2 cols with 1*,1*"
      RenderTable {TABLE} at (0,146) size 266x28 [border: (1px outset #808080)]
        RenderTableCol {COL} at (0,0) size 0x0
        RenderTableCol {COL} at (0,0) size 0x0
        RenderTableSection {TBODY} at (1,1) size 264x26
          RenderTableRow {TR} at (0,2) size 264x22
            RenderTableCell {TD} at (2,2) size 42x22 [border: (1px inset #808080)] [r=0 c=0 rs=1 cs=1]
              RenderText {#text} at (2,2) size 38x18
                text run at (2,2) width 38: "auto"
            RenderTableCell {TD} at (46,2) size 86x22 [border: (1px inset #808080)] [r=0 c=1 rs=1 cs=1]
              RenderText {#text} at (2,2) size 82x18
                text run at (2,2) width 82: "auto-auto"
            RenderTableCell {TD} at (134,2) size 128x22 [border: (1px inset #808080)] [r=0 c=2 rs=1 cs=1]
              RenderText {#text} at (2,2) size 124x18
                text run at (2,2) width 124: "auto auto auto"
      RenderBlock (anonymous) at (0,174) size 784x36
        RenderBR {BR} at (0,0) size 0x18
        RenderText {#text} at (0,18) size 232x18
          text run at (0,18) width 232: "auto table 2 cols with 2*,1*"
      RenderTable {TABLE} at (0,210) size 266x28 [border: (1px outset #808080)]
        RenderTableCol {COL} at (0,0) size 0x0
        RenderTableCol {COL} at (0,0) size 0x0
        RenderTableSection {TBODY} at (1,1) size 264x26
          RenderTableRow {TR} at (0,2) size 264x22
            RenderTableCell {TD} at (2,2) size 42x22 [border: (1px inset #808080)] [r=0 c=0 rs=1 cs=1]
              RenderText {#text} at (2,2) size 38x18
                text run at (2,2) width 38: "auto"
            RenderTableCell {TD} at (46,2) size 86x22 [border: (1px inset #808080)] [r=0 c=1 rs=1 cs=1]
              RenderText {#text} at (2,2) size 82x18
                text run at (2,2) width 82: "auto-auto"
            RenderTableCell {TD} at (134,2) size 128x22 [border: (1px inset #808080)] [r=0 c=2 rs=1 cs=1]
              RenderText {#text} at (2,2) size 124x18
                text run at (2,2) width 124: "auto auto auto"
      RenderBlock (anonymous) at (0,238) size 784x36
        RenderBR {BR} at (0,0) size 0x18
        RenderText {#text} at (0,18) size 153x18
          text run at (0,18) width 153: "fixed table cols=2"
      RenderTable {TABLE} at (0,274) size 400x28 [border: (1px outset #808080)]
        RenderTableSection {TBODY} at (1,1) size 398x26
          RenderTableRow {TR} at (0,2) size 398x22
            RenderTableCell {TD} at (2,2) size 63x22 [border: (1px inset #808080)] [r=0 c=0 rs=1 cs=1]
              RenderText {#text} at (2,2) size 38x18
                text run at (2,2) width 38: "auto"
            RenderTableCell {TD} at (67,2) size 131x22 [border: (1px inset #808080)] [r=0 c=1 rs=1 cs=1]
              RenderText {#text} at (2,2) size 82x18
                text run at (2,2) width 82: "auto-auto"
            RenderTableCell {TD} at (200,2) size 196x22 [border: (1px inset #808080)] [r=0 c=2 rs=1 cs=1]
              RenderText {#text} at (2,2) size 124x18
                text run at (2,2) width 124: "auto auto auto"
      RenderBlock (anonymous) at (0,302) size 784x36
        RenderBR {BR} at (0,0) size 0x18
        RenderText {#text} at (0,18) size 149x18
          text run at (0,18) width 149: "auto table cols=3"
      RenderTable {TABLE} at (0,338) size 266x28 [border: (1px outset #808080)]
        RenderTableSection {TBODY} at (1,1) size 264x26
          RenderTableRow {TR} at (0,2) size 264x22
            RenderTableCell {TD} at (2,2) size 42x22 [border: (1px inset #808080)] [r=0 c=0 rs=1 cs=1]
              RenderText {#text} at (2,2) size 38x18
                text run at (2,2) width 38: "auto"
            RenderTableCell {TD} at (46,2) size 86x22 [border: (1px inset #808080)] [r=0 c=1 rs=1 cs=1]
              RenderText {#text} at (2,2) size 82x18
                text run at (2,2) width 82: "auto-auto"
            RenderTableCell {TD} at (134,2) size 128x22 [border: (1px inset #808080)] [r=0 c=2 rs=1 cs=1]
              RenderText {#text} at (2,2) size 124x18
                text run at (2,2) width 124: "auto auto auto"
      RenderBlock (anonymous) at (0,366) size 784x36
        RenderBR {BR} at (0,0) size 0x18
        RenderText {#text} at (0,18) size 153x18
          text run at (0,18) width 153: "fixed table cols=3"
      RenderTable {TABLE} at (0,402) size 400x28 [border: (1px outset #808080)]
        RenderTableSection {TBODY} at (1,1) size 398x26
          RenderTableRow {TR} at (0,2) size 398x22
            RenderTableCell {TD} at (2,2) size 63x22 [border: (1px inset #808080)] [r=0 c=0 rs=1 cs=1]
              RenderText {#text} at (2,2) size 38x18
                text run at (2,2) width 38: "auto"
            RenderTableCell {TD} at (67,2) size 131x22 [border: (1px inset #808080)] [r=0 c=1 rs=1 cs=1]
              RenderText {#text} at (2,2) size 82x18
                text run at (2,2) width 82: "auto-auto"
            RenderTableCell {TD} at (200,2) size 196x22 [border: (1px inset #808080)] [r=0 c=2 rs=1 cs=1]
              RenderText {#text} at (2,2) size 124x18
                text run at (2,2) width 124: "auto auto auto"
      RenderBlock (anonymous) at (0,430) size 784x36
        RenderBR {BR} at (0,0) size 0x18
        RenderText {#text} at (0,18) size 149x18
          text run at (0,18) width 149: "auto table cols=3"
      RenderTable {TABLE} at (0,466) size 428x28 [border: (1px outset #808080)]
        RenderTableSection {TBODY} at (1,1) size 426x26
          RenderTableRow {TR} at (0,2) size 426x22
            RenderTableCell {TD} at (2,2) size 204x22 [border: (1px inset #808080)] [r=0 c=0 rs=1 cs=1]
              RenderText {#text} at (2,2) size 33x18
                text run at (2,2) width 33: "200"
            RenderTableCell {TD} at (208,2) size 86x22 [border: (1px inset #808080)] [r=0 c=1 rs=1 cs=1]
              RenderText {#text} at (2,2) size 82x18
                text run at (2,2) width 82: "auto-auto"
            RenderTableCell {TD} at (296,2) size 128x22 [border: (1px inset #808080)] [r=0 c=2 rs=1 cs=1]
              RenderText {#text} at (2,2) size 124x18
                text run at (2,2) width 124: "auto auto auto"
      RenderBlock (anonymous) at (0,494) size 784x36
        RenderBR {BR} at (0,0) size 0x18
        RenderText {#text} at (0,18) size 153x18
          text run at (0,18) width 153: "fixed table cols=3"
      RenderTable {TABLE} at (0,530) size 400x46 [border: (1px outset #808080)]
        RenderTableSection {TBODY} at (1,1) size 398x44
          RenderTableRow {TR} at (0,2) size 398x40
            RenderTableCell {TD} at (2,11) size 204x22 [border: (1px inset #808080)] [r=0 c=0 rs=1 cs=1]
              RenderText {#text} at (2,2) size 33x18
                text run at (2,2) width 33: "200"
            RenderTableCell {TD} at (208,2) size 74x40 [border: (1px inset #808080)] [r=0 c=1 rs=1 cs=1]
              RenderText {#text} at (2,2) size 44x36
                text run at (2,2) width 44: "auto-"
                text run at (2,20) width 38: "auto"
            RenderTableCell {TD} at (284,2) size 112x40 [border: (1px inset #808080)] [r=0 c=2 rs=1 cs=1]
              RenderText {#text} at (2,2) size 81x36
                text run at (2,2) width 81: "auto auto"
                text run at (2,20) width 38: "auto"
      RenderBlock (anonymous) at (0,576) size 784x36
        RenderBR {BR} at (0,0) size 0x18
        RenderText {#text} at (0,18) size 149x18
          text run at (0,18) width 149: "auto table cols=2"
      RenderTable {TABLE} at (0,612) size 342x28 [border: (1px outset #808080)]
        RenderTableSection {TBODY} at (1,1) size 340x26
          RenderTableRow {TR} at (0,2) size 340x22
            RenderTableCell {TD} at (2,2) size 42x22 [border: (1px inset #808080)] [r=0 c=0 rs=1 cs=1]
              RenderText {#text} at (2,2) size 38x18
                text run at (2,2) width 38: "auto"
            RenderTableCell {TD} at (46,2) size 86x22 [border: (1px inset #808080)] [r=0 c=1 rs=1 cs=1]
              RenderText {#text} at (2,2) size 82x18
                text run at (2,2) width 82: "auto-auto"
            RenderTableCell {TD} at (134,2) size 204x22 [border: (1px inset #808080)] [r=0 c=2 rs=1 cs=1]
              RenderText {#text} at (2,2) size 33x18
                text run at (2,2) width 33: "200"
      RenderBlock (anonymous) at (0,640) size 784x36
        RenderBR {BR} at (0,0) size 0x18
        RenderText {#text} at (0,18) size 153x18
          text run at (0,18) width 153: "fixed table cols=2"
      RenderTable {TABLE} at (0,676) size 400x28 [border: (1px outset #808080)]
        RenderTableSection {TBODY} at (1,1) size 398x26
          RenderTableRow {TR} at (0,2) size 398x22
            RenderTableCell {TD} at (2,2) size 61x22 [border: (1px inset #808080)] [r=0 c=0 rs=1 cs=1]
              RenderText {#text} at (2,2) size 38x18
                text run at (2,2) width 38: "auto"
            RenderTableCell {TD} at (65,2) size 125x22 [border: (1px inset #808080)] [r=0 c=1 rs=1 cs=1]
              RenderText {#text} at (2,2) size 82x18
                text run at (2,2) width 82: "auto-auto"
            RenderTableCell {TD} at (192,2) size 204x22 [border: (1px inset #808080)] [r=0 c=2 rs=1 cs=1]
              RenderText {#text} at (2,2) size 33x18
                text run at (2,2) width 33: "200"
      RenderBlock (anonymous) at (0,704) size 784x18
        RenderText {#text} at (0,0) size 86x18
          text run at (0,0) width 86: "auto table"
      RenderTable {TABLE} at (0,722) size 113x28 [border: (1px outset #808080)]
        RenderTableSection {TBODY} at (1,1) size 111x26
          RenderTableRow {TR} at (0,2) size 111x22
            RenderTableCell {TD} at (2,2) size 63x22 [border: (1px inset #808080)] [r=0 c=0 rs=1 cs=1]
              RenderText {#text} at (2,2) size 59x18
                text run at (2,2) width 59: "0 0 0 0"
            RenderTableCell {TD} at (67,2) size 42x22 [border: (1px inset #808080)] [r=0 c=1 rs=1 cs=1]
              RenderText {#text} at (2,2) size 38x18
                text run at (2,2) width 38: "auto"
      RenderBlock (anonymous) at (0,750) size 784x36
        RenderBR {BR} at (0,0) size 0x18
        RenderText {#text} at (0,18) size 86x18
          text run at (0,18) width 86: "auto table"
      RenderTable {TABLE} at (0,786) size 177x28 [border: (1px outset #808080)]
        RenderTableSection {TBODY} at (1,1) size 175x26
          RenderTableRow {TR} at (0,2) size 175x22
            RenderTableCell {TD} at (2,2) size 127x22 [border: (1px inset #808080)] [r=0 c=0 rs=1 cs=1]
              RenderText {#text} at (2,2) size 123x18
                text run at (2,2) width 123: "0% 0% 0% 0%"
            RenderTableCell {TD} at (131,2) size 42x22 [border: (1px inset #808080)] [r=0 c=1 rs=1 cs=1]
              RenderText {#text} at (2,2) size 38x18
                text run at (2,2) width 38: "auto"
      RenderBlock (anonymous) at (0,814) size 784x36
        RenderBR {BR} at (0,0) size 0x18
        RenderText {#text} at (0,18) size 86x18
          text run at (0,18) width 86: "auto table"
      RenderTable {TABLE} at (0,850) size 103x28 [border: (1px outset #808080)]
        RenderTableCol {COL} at (0,0) size 0x0
        RenderTableSection {TBODY} at (1,1) size 101x26
          RenderTableRow {TR} at (0,2) size 101x22
            RenderTableCell {TD} at (2,2) size 53x22 [border: (1px inset #808080)] [r=0 c=0 rs=1 cs=1]
              RenderText {#text} at (2,2) size 49x18
                text run at (2,2) width 49: "0* col"
            RenderTableCell {TD} at (57,2) size 42x22 [border: (1px inset #808080)] [r=0 c=1 rs=1 cs=1]
              RenderText {#text} at (2,2) size 38x18
                text run at (2,2) width 38: "auto"
      RenderBlock (anonymous) at (0,878) size 784x36
        RenderBR {BR} at (0,0) size 0x18
        RenderText {#text} at (0,18) size 90x18
          text run at (0,18) width 90: "fixed table"
      RenderTable {TABLE} at (0,914) size 200x28 [border: (1px outset #808080)]
        RenderTableCol {COL} at (0,0) size 0x0
        RenderTableSection {TBODY} at (1,1) size 198x26
          RenderTableRow {TR} at (0,2) size 198x22
            RenderTableCell {TD} at (2,2) size 107x22 [border: (1px inset #808080)] [r=0 c=0 rs=1 cs=1]
              RenderText {#text} at (2,2) size 49x18
                text run at (2,2) width 49: "0* col"
            RenderTableCell {TD} at (111,2) size 85x22 [border: (1px inset #808080)] [r=0 c=1 rs=1 cs=1]
              RenderText {#text} at (2,2) size 38x18
                text run at (2,2) width 38: "auto"
