layer at (0,0) size 800x600
  RenderView at (0,0) size 800x600
layer at (0,0) size 800x34
  RenderBlock {wml} at (0,0) size 800x34
    RenderBlock {card} at (8,8) size 784x18
      RenderText {#text} at (0,0) size 100x18
        text run at (0,0) width 100: "This is card one"
