layer at (0,0) size 800x600
  RenderView at (0,0) size 800x600
layer at (0,0) size 800x226
  RenderBlock {wml} at (0,0) size 800x226
    RenderBlock {card} at (8,16) size 784x194
      RenderBlock {p} at (0,0) size 784x18
        RenderText {#text} at (0,0) size 193x18
          text run at (0,0) width 193: "Test for Entities in WML page"
      RenderBlock (anonymous) at (0,34) size 784x126
        RenderText {#text} at (0,0) size 22x18
          text run at (0,0) width 11: "\" "
          text run at (11,0) width 11: "\" "
        RenderBR {br} at (22,0) size 0x18
        RenderText {#text} at (0,18) size 32x18
          text run at (0,18) width 16: "& "
          text run at (16,18) width 16: "& "
        RenderBR {br} at (32,18) size 0x18
        RenderText {#text} at (0,36) size 14x18
          text run at (0,36) width 7: "' "
          text run at (7,36) width 7: "' "
        RenderBR {br} at (14,36) size 0x18
        RenderText {#text} at (0,54) size 26x18
          text run at (0,54) width 13: "< "
          text run at (13,54) width 13: "< "
        RenderBR {br} at (26,54) size 0x18
        RenderText {#text} at (0,72) size 26x18
          text run at (0,72) width 13: "> "
          text run at (13,72) width 13: "> "
        RenderBR {br} at (26,72) size 0x18
        RenderText {#text} at (0,90) size 39x18
          text run at (0,90) width 39: "= = = "
        RenderBR {br} at (39,90) size 0x18
        RenderText {#text} at (0,108) size 76x18
          text run at (0,108) width 24: "AA"
          text run at (24,108) width 24: "AA"
          text run at (48,108) width 28: "AA "
        RenderBR {br} at (76,108) size 0x18
      RenderBlock {p} at (0,176) size 784x18
        RenderText {#text} at (0,0) size 49x18
          text run at (0,0) width 49: "<hello>"
