layer at (0,0) size 800x600
  RenderView at (0,0) size 800x600
layer at (0,0) size 800x292
  RenderBlock {wml} at (0,0) size 800x292
    RenderBlock {card} at (8,16) size 784x260
      RenderBlock {p} at (0,0) size 784x18
        RenderText {#text} at (0,0) size 189x18
          text run at (0,0) width 189: "Test for img element in WML"
      RenderBlock {p} at (0,34) size 784x18
        RenderText {#text} at (0,0) size 369x18
          text run at (0,0) width 369: "This image is specified by localsrc attribute of img element"
      RenderBlock (anonymous) at (0,68) size 784x36
        RenderText {#text} at (0,0) size 59x18
          text run at (0,0) width 59: "test code:"
        RenderText {#cdata-section} at (59,0) size 592x36
          text run at (59,0) width 4: " "
          text run at (63,0) width 529: "<p>Local<img height=\"60\" width=\"40\" vspace=\"40\" hspace=\"60\" align=\"middle\""
          text run at (0,18) width 350: "localsrc=\"resources/pass.png\" alt=\"smile\"/>Image</p> "
        RenderText {#text} at (0,0) size 0x0
        RenderBR {br} at (0,0) size 0x0
      RenderBlock {p} at (0,120) size 784x140
        RenderText {#text} at (0,56) size 36x18
          text run at (0,56) width 36: "Local"
        RenderImage {img} at (96,40) size 40x60
        RenderText {#text} at (196,56) size 39x18
          text run at (196,56) width 39: "Image"
