layer at (0,0) size 800x600
  RenderView at (0,0) size 800x600
layer at (0,0) size 800x292
  RenderBlock {wml} at (0,0) size 800x292
    RenderBlock {card} at (8,16) size 784x260
      RenderBlock {p} at (0,0) size 784x18
        RenderText {#text} at (0,0) size 189x18
          text run at (0,0) width 189: "Test for img element in WML"
      RenderBlock {p} at (0,34) size 784x18
        RenderText {#text} at (0,0) size 339x18
          text run at (0,0) width 339: "This image is specified by src attribute of img element"
      RenderBlock (anonymous) at (0,68) size 784x36
        RenderText {#text} at (0,0) size 59x18
          text run at (0,0) width 59: "test code:"
        RenderText {#cdata-section} at (59,0) size 779x36
          text run at (59,0) width 4: " "
          text run at (63,0) width 716: "<p>Network <img height=\"60\" width=\"40\" vspace=\"40\" hspace=\"60\" align=\"middle\" src=\"resources/pass.png\""
          text run at (0,18) width 157: "alt=\"smile\"/>Image</p> "
        RenderText {#text} at (0,0) size 0x0
        RenderBR {br} at (0,0) size 0x0
      RenderBlock {p} at (0,120) size 784x140
        RenderText {#text} at (0,56) size 60x18
          text run at (0,56) width 60: "Network "
        RenderImage {img} at (120,40) size 40x60
        RenderText {#text} at (220,56) size 39x18
          text run at (220,56) width 39: "Image"
