layer at (0,0) size 800x600
  RenderView at (0,0) size 800x600
layer at (0,0) size 800x119
  RenderBlock {wml} at (0,0) size 800x119
    RenderBlock {card} at (8,16) size 784x95
      RenderBlock {p} at (0,0) size 784x18
        RenderText {#text} at (0,0) size 433x18
          text run at (0,0) width 433: "Very simple test, checking that select elements are rendered correctly"
      RenderBlock (anonymous) at (0,34) size 784x61
        RenderListBox {select} at (2,2) size 47x57 [bgcolor=#FFFFFF] [border: (1px inset #808080)]
        RenderText {#text} at (51,40) size 4x18
          text run at (51,40) width 4: " "
        RenderMenuList {select} at (57,41) size 61x18 [bgcolor=#FFFFFF]
          RenderBlock (anonymous) at (0,0) size 61x18
            RenderText at (8,2) size 30x13
              text run at (8,2) width 30: "Test1"
        RenderText {#text} at (0,0) size 0x0
