layer at (0,0) size 800x600
  RenderView at (0,0) size 800x600
layer at (0,0) size 800x76
  RenderBlock {wml} at (0,0) size 800x76
    RenderBlock {card} at (8,16) size 784x52
      RenderBlock {p} at (0,0) size 784x18
        RenderText {#text} at (0,0) size 674x18
          text run at (0,0) width 674: "Test for showing the first card of wml deck in default when you doesn't specify any correct URL fragment."
      RenderBlock (anonymous) at (0,34) size 784x18
        RenderText {#text} at (0,0) size 261x18
          text run at (0,0) width 261: "If the test passes, you should see this text."
