layer at (0,0) size 800x600
  RenderView at (0,0) size 800x600
layer at (0,0) size 800x208
  RenderBlock {html} at (0,0) size 800x208
    RenderBody {body} at (8,16) size 784x184
      RenderBlock {parsererror} at (16,0) size 752x134 [bgcolor=#FFDDDD] [border: (2px solid #CC7777)]
        RenderBlock {h3} at (18,20) size 716x22
          RenderText {#text} at (0,0) size 324x22
            text run at (0,0) width 324: "This page contains the following errors:"
        RenderBlock {div} at (18,60) size 716x14
          RenderText {#text} at (0,0) size 588x14
            text run at (0,0) width 588: "error on line 6 at column 38: A variable reference is placed in an invalid location."
        RenderBlock {h3} at (18,92) size 716x22
          RenderText {#text} at (0,0) size 429x22
            text run at (0,0) width 429: "Below is a rendering of the page up to the first error."
      RenderBlock (anonymous) at (0,150) size 784x0
        RenderInline {wml} at (0,0) size 0x0
          RenderText {#text} at (0,0) size 0x0
      RenderBlock (anonymous) at (0,150) size 784x34
        RenderBlock {card} at (8,0) size 768x34
          RenderBlock {p} at (0,0) size 768x18
            RenderText {#text} at (0,0) size 300x18
              text run at (0,0) width 300: "Test for table element and invalid align attribute"
          RenderTable {table} at (0,34) size 4x0
      RenderBlock (anonymous) at (0,192) size 784x0
        RenderInline {wml} at (0,0) size 0x0
