layer at (0,0) size 800x600
  RenderView at (0,0) size 800x600
layer at (0,0) size 800x110
  RenderBlock {wml} at (0,0) size 800x110
    RenderBlock {card} at (8,16) size 784x86
      RenderBlock {p} at (0,0) size 784x18
        RenderText {#text} at (0,0) size 375x18
          text run at (0,0) width 375: "This page is assistant page. Many test pages will jump here."
      RenderBlock {p} at (0,34) size 784x18
        RenderText {#text} at (0,0) size 286x18
          text run at (0,0) width 286: "Click \"Back\" to go back to the previous page"
      RenderBlock (anonymous) at (0,68) size 784x18
        RenderInline {anchor} at (0,0) size 33x18 [color=#0000EE]
          RenderText {#text} at (0,0) size 33x18
            text run at (0,0) width 33: "Back"
          RenderInline {prev} at (0,0) size 0x0
        RenderText {#text} at (0,0) size 0x0
