layer at (0,0) size 1000x585
  RenderView at (0,0) size 1000x585
layer at (0,0) size 1000x585
  RenderBlock {HTML} at (0,0) size 1000x585
    RenderBody {BODY} at (8,8) size 984x569
      RenderBlock {DIV} at (0,0) size 100x100 [bgcolor=#008000]
      RenderBlock (anonymous) at (0,100) size 984x18
        RenderInline {SPAN} at (0,0) size 533x18
          RenderText {#text} at (0,0) size 533x18
            text run at (0,0) width 533: "When printing, you should see a green square above and this text should be italic."
        RenderText {#text} at (0,0) size 0x0
        RenderText {#text} at (0,0) size 0x0
        RenderText {#text} at (0,0) size 0x0
