layer at (0,0) size 800x600
  RenderView at (0,0) size 800x600
layer at (0,0) size 800x128
  RenderBlock {HTML} at (0,0) size 800x128
    RenderBody {BODY} at (8,17) size 784x94
      RenderBlock {P} at (0,0) size 784x18
        RenderText {#text} at (0,0) size 388x18
          text run at (0,0) width 388: "The following paragraphs should be identical:"
      RenderBlock {P} at (0,35) size 784x21
        RenderText {#text} at (0,0) size 333x21
          text run at (0,0) width 333: "This should be in a normal weight font."
      RenderBlock {P} at (0,73) size 784x21
        RenderText {#text} at (0,0) size 333x21
          text run at (0,0) width 333: "This should be in a normal weight font."
