layer at (0,0) size 800x600
  RenderView at (0,0) size 800x600
layer at (0,0) size 800x157
  RenderBlock {HTML} at (0,0) size 800x157
    RenderBody {BODY} at (8,17) size 784x123
      RenderBlock {P} at (0,0) size 784x18
        RenderText {#text} at (0,0) size 345x18
          text run at (0,0) width 345: "There should be three green lines below."
      RenderBlock {P} at (0,35) size 784x18 [color=#FFFFFF] [bgcolor=#FF0000]
        RenderText {#text} at (0,0) size 219x18
          text run at (0,0) width 219: "This line should be green."
      RenderBlock {P} at (0,70) size 784x18 [color=#FFFFFF] [bgcolor=#FF0000]
        RenderText {#text} at (0,0) size 219x18
          text run at (0,0) width 219: "This line should be green."
      RenderBlock {P} at (0,105) size 784x18 [color=#FFFFFF] [bgcolor=#FF0000]
        RenderText {#text} at (0,0) size 219x18
          text run at (0,0) width 219: "This line should be green."
