layer at (0,0) size 800x600
  RenderView at (0,0) size 800x600
layer at (0,0) size 800x55
  RenderBlock {HTML} at (0,0) size 800x55
    RenderBody {BODY} at (8,17) size 784x21
      RenderBlock {P} at (0,0) size 784x21 [color=#FFFFFF] [bgcolor=#008000]
        RenderText {#text} at (0,0) size 327x21
          text run at (0,0) width 327: "This should have a green background."
