layer at (0,0) size 800x600
  RenderView at (0,0) size 800x600
layer at (0,0) size 800x52
  RenderBlock {HTML} at (0,0) size 800x52
    RenderBody {BODY} at (8,17) size 784x18
      RenderBlock {DIV} at (0,0) size 784x18 [color=#FF0000]
        RenderBlock {P} at (0,0) size 784x18 [color=#008000]
          RenderText {#text} at (0,0) size 217x18
            text run at (0,0) width 217: "This text should be green"
