layer at (0,0) size 800x600
  RenderView at (0,0) size 800x600
layer at (0,0) size 800x178
  RenderBlock {HTML} at (0,0) size 800x178
    RenderBody {BODY} at (8,17) size 784x144 [color=#000080]
      RenderBlock {P} at (0,0) size 784x18
        RenderText {#text} at (0,0) size 305x18
          text run at (0,0) width 305: "This should be blue and underlined."
      RenderBlock {P} at (0,35) size 784x21
        RenderText {#text} at (0,3) size 397x18
          text run at (0,3) width 397: "This sentence should be underlined, including "
        RenderInline {CODE} at (0,0) size 90x21
          RenderText {#text} at (397,0) size 90x21
            text run at (397,0) width 90: "this part"
        RenderText {#text} at (487,3) size 10x18
          text run at (487,3) width 10: ", "
        RenderInline {CITE} at (0,0) size 73x18
          RenderText {#text} at (497,3) size 73x18
            text run at (497,3) width 73: "this part"
        RenderText {#text} at (570,3) size 10x18
          text run at (570,3) width 10: ", "
        RenderInline {EM} at (0,0) size 73x18
          RenderText {#text} at (580,3) size 73x18
            text run at (580,3) width 73: "this part"
        RenderText {#text} at (653,3) size 47x18
          text run at (653,3) width 10: ", "
          text run at (663,3) width 37: "and "
        RenderInline {STRONG} at (0,0) size 81x18
          RenderText {#text} at (700,3) size 81x18
            text run at (700,3) width 81: "this part"
        RenderText {#text} at (781,3) size 5x18
          text run at (781,3) width 5: "."
      RenderBlock {P} at (0,73) size 784x18
        RenderText {#text} at (0,0) size 498x18
          text run at (0,0) width 375: "This sentence should also be underlined, as "
          text run at (375,0) width 123: "well as italics, "
        RenderInline {STRONG} at (0,0) size 176x18
          RenderText {#text} at (498,0) size 176x18
            text run at (498,0) width 176: "including this part"
        RenderText {#text} at (674,0) size 5x18
          text run at (674,0) width 5: "."
      RenderBlock {P} at (0,108) size 784x36
        RenderText {#text} at (0,0) size 457x18
          text run at (0,0) width 457: "This sentence should be blue but not underlined, like "
        RenderInline {STRONG} at (0,0) size 81x18
          RenderText {#text} at (457,0) size 81x18
            text run at (457,0) width 81: "this part"
        RenderText {#text} at (538,0) size 44x18
          text run at (538,0) width 44: ", but "
        RenderInline {EM} at (0,0) size 742x36
          RenderText {#text} at (582,0) size 742x36
            text run at (582,0) width 160: "this part should be"
            text run at (0,18) width 92: "underlined"
        RenderText {#text} at (92,18) size 5x18
          text run at (92,18) width 5: "."
