layer at (0,0) size 800x600
  RenderView at (0,0) size 800x600
layer at (0,0) size 800x114
  RenderBlock {HTML} at (0,0) size 800x114
    RenderBody {BODY} at (8,17) size 784x89
      RenderBlock {P} at (0,0) size 784x18
        RenderText {#text} at (0,0) size 299x18
          text run at (0,0) width 299: "There should be a green bar below:"
      RenderBlock {DIV} at (0,69) size 120x20 [color=#FFFFFF]
        RenderInline {SPAN} at (0,0) size 40x40 [bgcolor=#008000]
          RenderText {#text} at (0,0) size 40x20
            text run at (0,0) width 40: "xx"
        RenderText {#text} at (0,0) size 0x0
