layer at (0,0) size 800x600
  RenderView at (0,0) size 800x600
layer at (0,0) size 800x87
  RenderBlock {HTML} at (0,0) size 800x87
    RenderBody {BODY} at (8,17) size 784x53
      RenderBlock {P} at (0,0) size 784x18
        RenderInline {SPAN} at (0,0) size 338x22 [border: (1px solid #000000) (3px solid #000000)]
          RenderText {#text} at (3,0) size 332x18
            text run at (3,0) width 332: "This box should have a thin top border."
        RenderText {#text} at (0,0) size 0x0
      RenderBlock {P} at (0,35) size 784x18
        RenderText {#text} at (0,0) size 305x18
          text run at (0,0) width 305: "There should be no red on this line. "
        RenderInline {SPAN} at (0,0) size 15x18 [color=#FF0000]
          RenderText {#text} at (305,0) size 15x18
            text run at (305,0) width 15: "   "
        RenderText {#text} at (0,0) size 0x0
