layer at (0,0) size 800x600
  RenderView at (0,0) size 800x600
layer at (0,0) size 800x98
  RenderBlock {HTML} at (0,0) size 800x98
    RenderBody {BODY} at (8,17) size 784x64
      RenderBlock {P} at (0,0) size 784x28 [color=#0000FF] [border: (10px double #0000FF) none]
        RenderText {#text} at (0,0) size 506x18
          text run at (0,0) width 506: "This paragraph should have two blue lines directly under it."
      RenderBlock {P} at (0,45) size 784x19 [color=#0000FF] [border: (1px solid #0000FF) none]
        RenderText {#text} at (0,0) size 571x18
          text run at (0,0) width 571: "This paragraph should have a single thin blue line directly under it."
