layer at (0,0) size 800x600
  RenderView at (0,0) size 800x600
layer at (0,0) size 800x260
  RenderBlock {HTML} at (0,0) size 800x260
    RenderBody {BODY} at (8,17) size 784x226 [color=#0000FF]
      RenderBlock {P} at (0,0) size 784x53
        RenderText {#text} at (0,0) size 628x49
          text run at (0,0) width 628: "There should be a solid blue line to the left of every occurance of the word"
          text run at (0,31) width 8: "\""
        RenderInline {SPAN} at (0,0) size 132x35 [border: (2px solid #0000FF)]
          RenderText {#text} at (10,18) size 130x35
            text run at (10,18) width 130: "\x{21E6}THERE"
        RenderText {#text} at (140,31) size 13x18
          text run at (140,31) width 13: "\"."
      RenderTable {TABLE} at (0,70) size 282x121
        RenderTableSection {TBODY} at (0,0) size 282x121
          RenderTableRow {TR} at (0,2) size 282x37
            RenderTableCell {TD} at (2,2) size 278x37 [border: none (2px solid #0000FF)] [r=0 c=0 rs=1 cs=2]
              RenderText {#text} at (3,1) size 130x35
                text run at (3,1) width 130: "\x{21E6}THERE"
          RenderTableRow {TR} at (0,41) size 282x78
            RenderTableCell {TD} at (2,61) size 134x37 [border: none (2px solid #0000FF)] [r=1 c=0 rs=1 cs=1]
              RenderText {#text} at (3,1) size 130x35
                text run at (3,1) width 130: "\x{21E6}THERE"
            RenderTableCell {TD} at (138,41) size 142x78 [border: none (2px solid #0000FF)] [r=1 c=1 rs=1 cs=1]
              RenderBlock (anonymous) at (3,1) size 138x35
                RenderText {#text} at (0,0) size 130x35
                  text run at (0,0) width 130: "\x{21E6}THERE"
              RenderTable {TABLE} at (3,36) size 138x41
                RenderTableSection {TBODY} at (0,0) size 138x41
                  RenderTableRow {TR} at (0,2) size 138x37
                    RenderTableCell {TD} at (2,2) size 134x37 [border: none (2px solid #0000FF)] [r=0 c=0 rs=1 cs=1]
                      RenderText {#text} at (3,1) size 130x35
                        text run at (3,1) width 130: "\x{21E6}THERE"
      RenderBlock {P} at (0,208) size 784x18
        RenderText {#text} at (0,0) size 457x18
          text run at (0,0) width 457: "There should be 3 short lines and 2 long lines in total."
