layer at (0,0) size 800x600
  RenderView at (0,0) size 800x600
layer at (0,0) size 800x191
  RenderBlock {HTML} at (0,0) size 800x191
    RenderBody {BODY} at (8,8) size 784x166
      RenderBlock {P} at (0,0) size 784x18 [color=#000080]
        RenderText {#text} at (0,0) size 420x18
          text run at (0,0) width 420: "The following two diagrams should look identical."
      RenderBlock {DIV} at (17,35) size 176x57 [color=#008080] [bgcolor=#FFA500] [border: (3px solid #000000)]
        RenderBlock {UL} at (3,3) size 136x51 [bgcolor=#FFFF00]
          RenderListItem {LI} at (0,0) size 136x17
            RenderText {#text} at (119,0) size 17x18
              text run at (119,0) width 17: "-"
          RenderListItem {LI} at (0,17) size 102x17 [bgcolor=#00FFFF]
            RenderText {#text} at (85,0) size 17x18
              text run at (85,0) width 17: "-"
          RenderListItem {LI} at (0,34) size 136x17
            RenderText {#text} at (119,0) size 17x18
              text run at (119,0) width 17: "-"
      RenderBlock {DIV} at (17,109) size 176x57 [bgcolor=#FF0000] [border: (3px solid #000000)]
        RenderBlock {DIV} at (3,3) size 170x17 [border: none (34px solid #FFA500) none (119px solid #FFFF00)]
          RenderBlock {DIV} at (119,0) size 17x17 [border: none (17px solid #008080) none none]
        RenderBlock {DIV} at (3,20) size 170x17 [border: none (34px solid #FFA500) none (85px solid #00FFFF)]
          RenderBlock {DIV} at (85,0) size 51x17 [border: none (34px solid #FFFF00) none (17px solid #008080)]
        RenderBlock {DIV} at (3,37) size 170x17 [border: none (34px solid #FFA500) none (119px solid #FFFF00)]
          RenderBlock {DIV} at (119,0) size 17x17 [border: none (17px solid #008080) none none]
