layer at (0,0) size 800x600
  RenderView at (0,0) size 800x600
layer at (0,0) size 800x372
  RenderBlock {HTML} at (0,0) size 800x328
    RenderBody {BODY} at (8,8) size 784x312
      RenderBlock (floating) {DIV} at (0,0) size 196x364 [color=#FFFFFF] [bgcolor=#000080]
        RenderBlock {P} at (0,0) size 196x364
          RenderText {#text} at (0,0) size 168x364
            text run at (0,0) width 145: "\x{21E6} This"
            text run at (0,52) width 109: "blue"
            text run at (0,104) width 91: "box"
            text run at (0,156) width 168: "should"
            text run at (0,208) width 142: "be on"
            text run at (0,260) width 83: "the"
            text run at (0,312) width 98: "left."
      RenderBlock (floating) {DIV} at (588,0) size 196x364 [color=#FFFFFF] [bgcolor=#008080]
        RenderBlock {P} at (0,0) size 196x364
          RenderText {#text} at (0,0) size 176x364
            text run at (0,0) width 105: "This"
            text run at (0,52) width 96: "teal"
            text run at (0,104) width 91: "box"
            text run at (0,156) width 168: "should"
            text run at (0,208) width 142: "be on"
            text run at (0,260) width 83: "the"
            text run at (0,312) width 176: "right. \x{21E8}"
      RenderBlock {P} at (0,0) size 784x312
        RenderText {#text} at (196,0) size 392x312
          text run at (196,0) width 221: "This text"
          text run at (196,52) width 309: "should be in"
          text run at (196,104) width 391: "between a blue"
          text run at (196,156) width 392: "box on the \x{21E6}left"
          text run at (196,208) width 361: "and a teal box"
          text run at (196,260) width 338: "on the right\x{21E8}."
