layer at (0,0) size 800x600
  RenderView at (0,0) size 800x600
layer at (0,0) size 800x96
  RenderBlock {HTML} at (0,0) size 800x96
    RenderBody {BODY} at (8,17) size 784x71
      RenderBlock {P} at (0,0) size 784x18
        RenderText {#text} at (0,0) size 356x18
          text run at (0,0) width 356: "There should be no red below, only green."
      RenderBlock (floating) {DIV} at (0,35) size 784x18 [color=#008000] [bgcolor=#FF0000]
        RenderText {#text} at (0,0) size 17x18
          text run at (0,0) width 17: "X"
      RenderBlock {DIV} at (0,35) size 17x36 [color=#008000] [bgcolor=#FF0000]
        RenderText {#text} at (0,18) size 17x18
          text run at (0,18) width 17: "X"
