layer at (0,0) size 800x600
  RenderView at (0,0) size 800x600
layer at (0,0) size 800x265
  RenderBlock {HTML} at (0,0) size 800x265
    RenderBody {BODY} at (8,17) size 784x240
      RenderBlock {P} at (0,0) size 784x18
        RenderText {#text} at (0,0) size 548x18
          text run at (0,0) width 548: "The square below should be exactly 100 pixels high on the ruler."
      RenderBlock {DIV} at (0,35) size 784x205
        RenderImage {IMG} at (45,0) size 100x100
