layer at (0,0) size 800x600
  RenderView at (0,0) size 800x600
layer at (0,0) size 800x497
  RenderBlock {HTML} at (0,0) size 800x497
    RenderBody {BODY} at (8,17) size 784x472
      RenderBlock {P} at (0,0) size 784x18
        RenderText {#text} at (0,0) size 623x18
          text run at (0,0) width 623: "The square below should be exactly 50% wide on the ruler at the bottom."
      RenderBlock {DIV} at (0,35) size 784x397
        RenderImage {IMG} at (0,0) size 392x392
