layer at (0,0) size 800x600
  RenderView at (0,0) size 800x600
layer at (0,0) size 800x332
  RenderBlock {HTML} at (0,0) size 800x332
    RenderBody {BODY} at (8,17) size 784x298
      RenderBlock {P} at (0,0) size 784x18 [color=#000080]
        RenderText {#text} at (0,0) size 289x18
          text run at (0,0) width 289: "There should be no red anywhere."
      RenderBlock {P} at (0,35) size 784x18 [color=#000080]
        RenderText {#text} at (0,0) size 447x18
          text run at (0,0) width 447: "There should be two identical squares after this line:"
      RenderBlock {DIV} at (17,70) size 750x35
        RenderImage {IMG} at (0,0) size 15x15
        RenderBlock {SPAN} at (0,20) size 15x15 [color=#0000FF] [bgcolor=#FF0000]
          RenderText {#text} at (0,0) size 15x15
            text run at (0,0) width 15: "X"
      RenderBlock {P} at (0,122) size 784x18 [color=#000080]
        RenderText {#text} at (0,0) size 447x18
          text run at (0,0) width 447: "There should be two identical squares after this line:"
      RenderBlock {DIV} at (17,157) size 750x141
        RenderImage {IMG} at (0,0) size 68x68
        RenderBlock {SPAN} at (0,73) size 68x68 [color=#0000FF] [bgcolor=#FF0000]
          RenderText {#text} at (0,0) size 68x69
            text run at (0,0) width 68: "X"
