layer at (0,0) size 800x600
  RenderView at (0,0) size 800x600
layer at (0,0) size 800x155
  RenderBlock {HTML} at (0,0) size 800x155
    RenderBody {BODY} at (8,17) size 784x130
      RenderBlock {P} at (0,0) size 784x18
        RenderText {#text} at (0,0) size 539x18
          text run at (0,0) width 539: "The square below should be exactly 50 pixels wide on the ruler."
      RenderBlock {DIV} at (0,35) size 784x95
        RenderImage {IMG} at (0,0) size 50x50
