layer at (0,0) size 800x600
  RenderView at (0,0) size 800x600
layer at (0,0) size 800x96
  RenderBlock {HTML} at (0,0) size 800x96
    RenderBody {BODY} at (8,17) size 784x71
      RenderBlock {P} at (0,0) size 784x18
        RenderText {#text} at (0,0) size 387x18
          text run at (0,0) width 387: "The following two lines should look the same:"
      RenderBlock {DIV} at (0,35) size 784x18
        RenderInline {SPAN} at (0,0) size 12x18
          RenderInline (generated) at (0,0) size 12x18
            RenderCounter at (0,0) size 12x18
              text run at (0,0) width 12: "A"
        RenderText {#text} at (12,0) size 5x18
          text run at (12,0) width 5: " "
        RenderInline {SPAN} at (0,0) size 12x18
          RenderInline (generated) at (0,0) size 12x18
            RenderCounter at (17,0) size 12x18
              text run at (17,0) width 12: "B"
        RenderText {#text} at (29,0) size 5x18
          text run at (29,0) width 5: " "
        RenderInline {SPAN} at (0,0) size 12x18
          RenderInline (generated) at (0,0) size 12x18
            RenderCounter at (34,0) size 12x18
              text run at (34,0) width 12: "C"
        RenderText {#text} at (46,0) size 5x18
          text run at (46,0) width 5: " "
        RenderInline {SPAN} at (0,0) size 13x18
          RenderInline (generated) at (0,0) size 13x18
            RenderCounter at (51,0) size 13x18
              text run at (51,0) width 13: "D"
        RenderText {#text} at (64,0) size 5x18
          text run at (64,0) width 5: " "
        RenderInline {SPAN} at (0,0) size 11x18
          RenderInline (generated) at (0,0) size 11x18
            RenderCounter at (69,0) size 11x18
              text run at (69,0) width 11: "E"
        RenderText {#text} at (80,0) size 5x18
          text run at (80,0) width 5: " "
        RenderInline {SPAN} at (0,0) size 10x18
          RenderInline (generated) at (0,0) size 10x18
            RenderCounter at (85,0) size 10x18
              text run at (85,0) width 10: "F"
        RenderText {#text} at (95,0) size 5x18
          text run at (95,0) width 5: " "
        RenderInline {SPAN} at (0,0) size 13x18
          RenderInline (generated) at (0,0) size 13x18
            RenderCounter at (100,0) size 13x18
              text run at (100,0) width 13: "G"
        RenderText {#text} at (113,0) size 5x18
          text run at (113,0) width 5: " "
        RenderInline {SPAN} at (0,0) size 13x18
          RenderInline (generated) at (0,0) size 13x18
            RenderCounter at (118,0) size 13x18
              text run at (118,0) width 13: "H"
        RenderText {#text} at (131,0) size 5x18
          text run at (131,0) width 5: " "
        RenderInline {SPAN} at (0,0) size 5x18
          RenderInline (generated) at (0,0) size 5x18
            RenderCounter at (136,0) size 5x18
              text run at (136,0) width 5: "I"
        RenderText {#text} at (141,0) size 5x18
          text run at (141,0) width 5: " "
        RenderInline {SPAN} at (0,0) size 6x18
          RenderInline (generated) at (0,0) size 6x18
            RenderCounter at (146,0) size 6x18
              text run at (146,0) width 6: "J"
        RenderText {#text} at (152,0) size 5x18
          text run at (152,0) width 5: " "
        RenderInline {SPAN} at (0,0) size 11x18
          RenderInline (generated) at (0,0) size 11x18
            RenderCounter at (157,0) size 11x18
              text run at (157,0) width 11: "K"
        RenderText {#text} at (168,0) size 5x18
          text run at (168,0) width 5: " "
        RenderInline {SPAN} at (0,0) size 9x18
          RenderInline (generated) at (0,0) size 9x18
            RenderCounter at (173,0) size 9x18
              text run at (173,0) width 9: "L"
        RenderText {#text} at (0,0) size 0x0
      RenderBlock {DIV} at (0,53) size 784x18
        RenderText {#text} at (0,0) size 182x18
          text run at (0,0) width 17: "A "
          text run at (17,0) width 17: "B "
          text run at (34,0) width 17: "C "
          text run at (51,0) width 18: "D "
          text run at (69,0) width 16: "E "
          text run at (85,0) width 15: "F "
          text run at (100,0) width 18: "G "
          text run at (118,0) width 18: "H "
          text run at (136,0) width 10: "I "
          text run at (146,0) width 11: "J "
          text run at (157,0) width 16: "K "
          text run at (173,0) width 9: "L"
