layer at (0,0) size 800x600
  RenderView at (0,0) size 800x600
layer at (0,0) size 800x96
  RenderBlock {HTML} at (0,0) size 800x96
    RenderBody {BODY} at (8,17) size 784x71
      RenderBlock {P} at (0,0) size 784x18
        RenderText {#text} at (0,0) size 387x18
          text run at (0,0) width 387: "The following two lines should look the same:"
      RenderBlock {DIV} at (0,35) size 784x18
        RenderInline {SPAN} at (0,0) size 8x18
          RenderInline (generated) at (0,0) size 8x18
            RenderCounter at (0,0) size 8x18
              text run at (0,0) width 8: "\x{10D0}"
        RenderText {#text} at (8,0) size 5x18
          text run at (8,0) width 5: " "
        RenderInline {SPAN} at (0,0) size 8x18
          RenderInline (generated) at (0,0) size 8x18
            RenderCounter at (13,0) size 8x18
              text run at (13,0) width 8: "\x{10D1}"
        RenderText {#text} at (21,0) size 5x18
          text run at (21,0) width 5: " "
        RenderInline {SPAN} at (0,0) size 8x18
          RenderInline (generated) at (0,0) size 8x18
            RenderCounter at (26,0) size 8x18
              text run at (26,0) width 8: "\x{10D2}"
        RenderText {#text} at (34,0) size 5x18
          text run at (34,0) width 5: " "
        RenderInline {SPAN} at (0,0) size 8x18
          RenderInline (generated) at (0,0) size 8x18
            RenderCounter at (39,0) size 8x18
              text run at (39,0) width 8: "\x{10D3}"
        RenderText {#text} at (47,0) size 5x18
          text run at (47,0) width 5: " "
        RenderInline {SPAN} at (0,0) size 8x18
          RenderInline (generated) at (0,0) size 8x18
            RenderCounter at (52,0) size 8x18
              text run at (52,0) width 8: "\x{10D4}"
        RenderText {#text} at (60,0) size 5x18
          text run at (60,0) width 5: " "
        RenderInline {SPAN} at (0,0) size 8x18
          RenderInline (generated) at (0,0) size 8x18
            RenderCounter at (65,0) size 8x18
              text run at (65,0) width 8: "\x{10D5}"
        RenderText {#text} at (73,0) size 5x18
          text run at (73,0) width 5: " "
        RenderInline {SPAN} at (0,0) size 8x18
          RenderInline (generated) at (0,0) size 8x18
            RenderCounter at (78,0) size 8x18
              text run at (78,0) width 8: "\x{10D6}"
        RenderText {#text} at (86,0) size 5x18
          text run at (86,0) width 5: " "
        RenderInline {SPAN} at (0,0) size 8x18
          RenderInline (generated) at (0,0) size 8x18
            RenderCounter at (91,0) size 8x18
              text run at (91,0) width 8: "\x{10F1}"
        RenderText {#text} at (99,0) size 5x18
          text run at (99,0) width 5: " "
        RenderInline {SPAN} at (0,0) size 8x18
          RenderInline (generated) at (0,0) size 8x18
            RenderCounter at (104,0) size 8x18
              text run at (104,0) width 8: "\x{10D7}"
        RenderText {#text} at (112,0) size 5x18
          text run at (112,0) width 5: " "
        RenderInline {SPAN} at (0,0) size 8x18
          RenderInline (generated) at (0,0) size 8x18
            RenderCounter at (117,0) size 8x18
              text run at (117,0) width 8: "\x{10D8}"
        RenderText {#text} at (125,0) size 5x18
          text run at (125,0) width 5: " "
        RenderInline {SPAN} at (0,0) size 16x18
          RenderInline (generated) at (0,0) size 16x18
            RenderCounter at (130,0) size 16x18
              text run at (130,0) width 16: "\x{10D8}\x{10D0}"
        RenderText {#text} at (146,0) size 5x18
          text run at (146,0) width 5: " "
        RenderInline {SPAN} at (0,0) size 16x18
          RenderInline (generated) at (0,0) size 16x18
            RenderCounter at (151,0) size 16x18
              text run at (151,0) width 16: "\x{10D8}\x{10D1}"
        RenderText {#text} at (167,0) size 5x18
          text run at (167,0) width 5: " "
        RenderInline {SPAN} at (0,0) size 8x18
          RenderInline (generated) at (0,0) size 8x18
            RenderCounter at (172,0) size 8x18
              text run at (172,0) width 8: "\x{10D9}"
        RenderText {#text} at (180,0) size 5x18
          text run at (180,0) width 5: " "
        RenderInline {SPAN} at (0,0) size 8x18
          RenderInline (generated) at (0,0) size 8x18
            RenderCounter at (185,0) size 8x18
              text run at (185,0) width 8: "\x{10DA}"
        RenderText {#text} at (193,0) size 5x18
          text run at (193,0) width 5: " "
        RenderInline {SPAN} at (0,0) size 8x18
          RenderInline (generated) at (0,0) size 8x18
            RenderCounter at (198,0) size 8x18
              text run at (198,0) width 8: "\x{10DB}"
        RenderText {#text} at (206,0) size 5x18
          text run at (206,0) width 5: " "
        RenderInline {SPAN} at (0,0) size 8x18
          RenderInline (generated) at (0,0) size 8x18
            RenderCounter at (211,0) size 8x18
              text run at (211,0) width 8: "\x{10DC}"
        RenderText {#text} at (219,0) size 5x18
          text run at (219,0) width 5: " "
        RenderInline {SPAN} at (0,0) size 8x18
          RenderInline (generated) at (0,0) size 8x18
            RenderCounter at (224,0) size 8x18
              text run at (224,0) width 8: "\x{10F2}"
        RenderText {#text} at (232,0) size 5x18
          text run at (232,0) width 5: " "
        RenderInline {SPAN} at (0,0) size 8x18
          RenderInline (generated) at (0,0) size 8x18
            RenderCounter at (237,0) size 8x18
              text run at (237,0) width 8: "\x{10DD}"
        RenderText {#text} at (245,0) size 5x18
          text run at (245,0) width 5: " "
        RenderInline {SPAN} at (0,0) size 8x18
          RenderInline (generated) at (0,0) size 8x18
            RenderCounter at (250,0) size 8x18
              text run at (250,0) width 8: "\x{10DE}"
        RenderText {#text} at (258,0) size 5x18
          text run at (258,0) width 5: " "
        RenderInline {SPAN} at (0,0) size 8x18
          RenderInline (generated) at (0,0) size 8x18
            RenderCounter at (263,0) size 8x18
              text run at (263,0) width 8: "\x{10DF}"
        RenderText {#text} at (271,0) size 5x18
          text run at (271,0) width 5: " "
        RenderInline {SPAN} at (0,0) size 8x18
          RenderInline (generated) at (0,0) size 8x18
            RenderCounter at (276,0) size 8x18
              text run at (276,0) width 8: "\x{10E0}"
        RenderText {#text} at (284,0) size 5x18
          text run at (284,0) width 5: " "
        RenderInline {SPAN} at (0,0) size 8x18
          RenderInline (generated) at (0,0) size 8x18
            RenderCounter at (289,0) size 8x18
              text run at (289,0) width 8: "\x{10E1}"
        RenderText {#text} at (297,0) size 5x18
          text run at (297,0) width 5: " "
        RenderInline {SPAN} at (0,0) size 8x18
          RenderInline (generated) at (0,0) size 8x18
            RenderCounter at (302,0) size 8x18
              text run at (302,0) width 8: "\x{10E2}"
        RenderText {#text} at (310,0) size 5x18
          text run at (310,0) width 5: " "
        RenderInline {SPAN} at (0,0) size 8x18
          RenderInline (generated) at (0,0) size 8x18
            RenderCounter at (315,0) size 8x18
              text run at (315,0) width 8: "\x{10F3}"
        RenderText {#text} at (323,0) size 5x18
          text run at (323,0) width 5: " "
        RenderInline {SPAN} at (0,0) size 8x18
          RenderInline (generated) at (0,0) size 8x18
            RenderCounter at (328,0) size 8x18
              text run at (328,0) width 8: "\x{10E4}"
        RenderText {#text} at (336,0) size 5x18
          text run at (336,0) width 5: " "
        RenderInline {SPAN} at (0,0) size 8x18
          RenderInline (generated) at (0,0) size 8x18
            RenderCounter at (341,0) size 8x18
              text run at (341,0) width 8: "\x{10E5}"
        RenderText {#text} at (349,0) size 5x18
          text run at (349,0) width 5: " "
        RenderInline {SPAN} at (0,0) size 8x18
          RenderInline (generated) at (0,0) size 8x18
            RenderCounter at (354,0) size 8x18
              text run at (354,0) width 8: "\x{10E6}"
        RenderText {#text} at (362,0) size 5x18
          text run at (362,0) width 5: " "
        RenderInline {SPAN} at (0,0) size 8x18
          RenderInline (generated) at (0,0) size 8x18
            RenderCounter at (367,0) size 8x18
              text run at (367,0) width 8: "\x{10E7}"
        RenderText {#text} at (375,0) size 5x18
          text run at (375,0) width 5: " "
        RenderInline {SPAN} at (0,0) size 8x18
          RenderInline (generated) at (0,0) size 8x18
            RenderCounter at (380,0) size 8x18
              text run at (380,0) width 8: "\x{10E8}"
        RenderText {#text} at (388,0) size 5x18
          text run at (388,0) width 5: " "
        RenderInline {SPAN} at (0,0) size 8x18
          RenderInline (generated) at (0,0) size 8x18
            RenderCounter at (393,0) size 8x18
              text run at (393,0) width 8: "\x{10E9}"
        RenderText {#text} at (401,0) size 5x18
          text run at (401,0) width 5: " "
        RenderInline {SPAN} at (0,0) size 8x18
          RenderInline (generated) at (0,0) size 8x18
            RenderCounter at (406,0) size 8x18
              text run at (406,0) width 8: "\x{10EA}"
        RenderText {#text} at (414,0) size 5x18
          text run at (414,0) width 5: " "
        RenderInline {SPAN} at (0,0) size 8x18
          RenderInline (generated) at (0,0) size 8x18
            RenderCounter at (419,0) size 8x18
              text run at (419,0) width 8: "\x{10EB}"
        RenderText {#text} at (427,0) size 5x18
          text run at (427,0) width 5: " "
        RenderInline {SPAN} at (0,0) size 8x18
          RenderInline (generated) at (0,0) size 8x18
            RenderCounter at (432,0) size 8x18
              text run at (432,0) width 8: "\x{10EC}"
        RenderText {#text} at (440,0) size 5x18
          text run at (440,0) width 5: " "
        RenderInline {SPAN} at (0,0) size 8x18
          RenderInline (generated) at (0,0) size 8x18
            RenderCounter at (445,0) size 8x18
              text run at (445,0) width 8: "\x{10ED}"
        RenderText {#text} at (453,0) size 5x18
          text run at (453,0) width 5: " "
        RenderInline {SPAN} at (0,0) size 8x18
          RenderInline (generated) at (0,0) size 8x18
            RenderCounter at (458,0) size 8x18
              text run at (458,0) width 8: "\x{10EE}"
        RenderText {#text} at (466,0) size 5x18
          text run at (466,0) width 5: " "
        RenderInline {SPAN} at (0,0) size 8x18
          RenderInline (generated) at (0,0) size 8x18
            RenderCounter at (471,0) size 8x18
              text run at (471,0) width 8: "\x{10F4}"
        RenderText {#text} at (479,0) size 5x18
          text run at (479,0) width 5: " "
        RenderInline {SPAN} at (0,0) size 8x18
          RenderInline (generated) at (0,0) size 8x18
            RenderCounter at (484,0) size 8x18
              text run at (484,0) width 8: "\x{10EF}"
        RenderText {#text} at (492,0) size 5x18
          text run at (492,0) width 5: " "
        RenderInline {SPAN} at (0,0) size 8x18
          RenderInline (generated) at (0,0) size 8x18
            RenderCounter at (497,0) size 8x18
              text run at (497,0) width 8: "\x{10F0}"
        RenderText {#text} at (505,0) size 5x18
          text run at (505,0) width 5: " "
        RenderInline {SPAN} at (0,0) size 8x18
          RenderInline (generated) at (0,0) size 8x18
            RenderCounter at (510,0) size 8x18
              text run at (510,0) width 8: "\x{10F5}"
        RenderText {#text} at (518,0) size 5x18
          text run at (518,0) width 5: " "
        RenderInline {SPAN} at (0,0) size 40x18
          RenderInline (generated) at (0,0) size 40x18
            RenderCounter at (523,0) size 40x18
              text run at (523,0) width 40: "\x{10F5}\x{10F0}\x{10E8}\x{10DF}\x{10D7}"
        RenderText {#text} at (0,0) size 0x0
      RenderBlock {DIV} at (0,53) size 784x18
        RenderText {#text} at (0,0) size 563x18
          text run at (0,0) width 13: "\x{10D0} "
          text run at (13,0) width 13: "\x{10D1} "
          text run at (26,0) width 13: "\x{10D2} "
          text run at (39,0) width 13: "\x{10D3} "
          text run at (52,0) width 13: "\x{10D4} "
          text run at (65,0) width 13: "\x{10D5} "
          text run at (78,0) width 13: "\x{10D6} "
          text run at (91,0) width 13: "\x{10F1} "
          text run at (104,0) width 13: "\x{10D7} "
          text run at (117,0) width 13: "\x{10D8} "
          text run at (130,0) width 21: "\x{10D8}\x{10D0} "
          text run at (151,0) width 21: "\x{10D8}\x{10D1} "
          text run at (172,0) width 13: "\x{10D9} "
          text run at (185,0) width 13: "\x{10DA} "
          text run at (198,0) width 13: "\x{10DB} "
          text run at (211,0) width 13: "\x{10DC} "
          text run at (224,0) width 13: "\x{10F2} "
          text run at (237,0) width 13: "\x{10DD} "
          text run at (250,0) width 13: "\x{10DE} "
          text run at (263,0) width 13: "\x{10DF} "
          text run at (276,0) width 13: "\x{10E0} "
          text run at (289,0) width 13: "\x{10E1} "
          text run at (302,0) width 13: "\x{10E2} "
          text run at (315,0) width 13: "\x{10F3} "
          text run at (328,0) width 13: "\x{10E4} "
          text run at (341,0) width 13: "\x{10E5} "
          text run at (354,0) width 13: "\x{10E6} "
          text run at (367,0) width 13: "\x{10E7} "
          text run at (380,0) width 13: "\x{10E8} "
          text run at (393,0) width 13: "\x{10E9} "
          text run at (406,0) width 13: "\x{10EA} "
          text run at (419,0) width 13: "\x{10EB} "
          text run at (432,0) width 13: "\x{10EC} "
          text run at (445,0) width 13: "\x{10ED} "
          text run at (458,0) width 13: "\x{10EE} "
          text run at (471,0) width 13: "\x{10F4} "
          text run at (484,0) width 13: "\x{10EF} "
          text run at (497,0) width 13: "\x{10F0} "
          text run at (510,0) width 13: "\x{10F5} "
          text run at (523,0) width 40: "\x{10F5}\x{10F0}\x{10E8}\x{10DF}\x{10D7}"
