layer at (0,0) size 800x600
  RenderView at (0,0) size 800x600
layer at (0,0) size 800x96
  RenderBlock {HTML} at (0,0) size 800x96
    RenderBody {BODY} at (8,17) size 784x71
      RenderBlock {P} at (0,0) size 784x18
        RenderText {#text} at (0,0) size 373x18
          text run at (0,0) width 373: "The following two lines should be the same:"
      RenderBlock {DIV} at (0,35) size 784x18
        RenderInline {SPAN} at (0,0) size 238x18
          RenderInline (generated) at (0,0) size 29x18
            RenderText at (0,0) size 12x18
              text run at (0,0) width 12: "B"
            RenderCounter at (12,0) size 11x18
              text run at (12,0) width 11: "1"
            RenderText at (23,0) size 6x18
              text run at (23,0) width 6: "-"
          RenderInline {SPAN} at (0,0) size 180x18
            RenderInline (generated) at (0,0) size 45x18
              RenderText at (29,0) size 12x18
                text run at (29,0) width 12: "B"
              RenderCounter at (41,0) size 27x18
                text run at (41,0) width 27: "1.1"
              RenderText at (68,0) size 6x18
                text run at (68,0) width 6: "-"
            RenderInline {SPAN} at (0,0) size 90x18
              RenderInline (generated) at (0,0) size 45x18
                RenderText at (74,0) size 12x18
                  text run at (74,0) width 12: "B"
                RenderCounter at (86,0) size 27x18
                  text run at (86,0) width 27: "1.2"
                RenderText at (113,0) size 6x18
                  text run at (113,0) width 6: "-"
              RenderInline (generated) at (0,0) size 45x18
                RenderText at (119,0) size 12x18
                  text run at (119,0) width 12: "A"
                RenderCounter at (131,0) size 27x18
                  text run at (131,0) width 27: "1.3"
                RenderText at (158,0) size 6x18
                  text run at (158,0) width 6: "-"
            RenderInline (generated) at (0,0) size 45x18
              RenderText at (164,0) size 12x18
                text run at (164,0) width 12: "A"
              RenderCounter at (176,0) size 27x18
                text run at (176,0) width 27: "1.4"
              RenderText at (203,0) size 6x18
                text run at (203,0) width 6: "-"
          RenderInline (generated) at (0,0) size 29x18
            RenderText at (209,0) size 12x18
              text run at (209,0) width 12: "A"
            RenderCounter at (221,0) size 11x18
              text run at (221,0) width 11: "2"
            RenderText at (232,0) size 6x18
              text run at (232,0) width 6: "-"
      RenderBlock {DIV} at (0,53) size 784x18
        RenderText {#text} at (0,0) size 238x18
          text run at (0,0) width 238: "B1-B1.1-B1.2-A1.3-A1.4-A2-"
