layer at (0,0) size 927x600
  RenderView at (0,0) size 800x600
layer at (0,0) size 927x96
  RenderBlock {HTML} at (0,0) size 800x96
    RenderBody {BODY} at (8,17) size 784x71
      RenderBlock {P} at (0,0) size 784x18
        RenderText {#text} at (0,0) size 387x18
          text run at (0,0) width 387: "The following two lines should look the same:"
      RenderBlock {DIV} at (0,35) size 784x18
        RenderInline {SPAN} at (0,0) size 15x18
          RenderInline (generated) at (0,0) size 15x18
            RenderCounter at (0,0) size 15x18
              text run at (0,0) width 15: "i.i"
        RenderText {#text} at (15,0) size 5x18
          text run at (15,0) width 5: " "
        RenderInline {SPAN} at (0,0) size 20x18
          RenderInline (generated) at (0,0) size 20x18
            RenderCounter at (20,0) size 20x18
              text run at (20,0) width 20: "i.ii"
        RenderText {#text} at (40,0) size 5x18
          text run at (40,0) width 5: " "
        RenderInline {SPAN} at (0,0) size 25x18
          RenderInline (generated) at (0,0) size 25x18
            RenderCounter at (45,0) size 25x18
              text run at (45,0) width 25: "i.iii"
        RenderText {#text} at (70,0) size 5x18
          text run at (70,0) width 5: " "
        RenderInline {SPAN} at (0,0) size 25x18
          RenderInline (generated) at (0,0) size 25x18
            RenderCounter at (75,0) size 25x18
              text run at (75,0) width 25: "i.iv"
        RenderText {#text} at (100,0) size 5x18
          text run at (100,0) width 5: " "
        RenderInline {SPAN} at (0,0) size 20x18
          RenderInline (generated) at (0,0) size 20x18
            RenderCounter at (105,0) size 20x18
              text run at (105,0) width 20: "i.v"
        RenderText {#text} at (125,0) size 5x18
          text run at (125,0) width 5: " "
        RenderInline {SPAN} at (0,0) size 25x18
          RenderInline (generated) at (0,0) size 25x18
            RenderCounter at (130,0) size 25x18
              text run at (130,0) width 25: "i.vi"
        RenderText {#text} at (155,0) size 5x18
          text run at (155,0) width 5: " "
        RenderInline {SPAN} at (0,0) size 30x18
          RenderInline (generated) at (0,0) size 30x18
            RenderCounter at (160,0) size 30x18
              text run at (160,0) width 30: "i.vii"
        RenderText {#text} at (190,0) size 5x18
          text run at (190,0) width 5: " "
        RenderInline {SPAN} at (0,0) size 35x18
          RenderInline (generated) at (0,0) size 35x18
            RenderCounter at (195,0) size 35x18
              text run at (195,0) width 35: "i.viii"
        RenderText {#text} at (230,0) size 5x18
          text run at (230,0) width 5: " "
        RenderInline {SPAN} at (0,0) size 25x18
          RenderInline (generated) at (0,0) size 25x18
            RenderCounter at (235,0) size 25x18
              text run at (235,0) width 25: "i.ix"
        RenderText {#text} at (260,0) size 5x18
          text run at (260,0) width 5: " "
        RenderInline {SPAN} at (0,0) size 20x18
          RenderInline (generated) at (0,0) size 20x18
            RenderCounter at (265,0) size 20x18
              text run at (265,0) width 20: "i.x"
        RenderText {#text} at (285,0) size 5x18
          text run at (285,0) width 5: " "
        RenderInline {SPAN} at (0,0) size 25x18
          RenderInline (generated) at (0,0) size 25x18
            RenderCounter at (290,0) size 25x18
              text run at (290,0) width 25: "i.xi"
        RenderText {#text} at (315,0) size 5x18
          text run at (315,0) width 5: " "
        RenderInline {SPAN} at (0,0) size 30x18
          RenderInline (generated) at (0,0) size 30x18
            RenderCounter at (320,0) size 30x18
              text run at (320,0) width 30: "i.xii"
        RenderText {#text} at (350,0) size 5x18
          text run at (350,0) width 5: " "
        RenderInline {SPAN} at (0,0) size 40x18
          RenderInline (generated) at (0,0) size 40x18
            RenderCounter at (355,0) size 40x18
              text run at (355,0) width 40: "i.xlix"
        RenderText {#text} at (395,0) size 5x18
          text run at (395,0) width 5: " "
        RenderInline {SPAN} at (0,0) size 15x18
          RenderInline (generated) at (0,0) size 15x18
            RenderCounter at (400,0) size 15x18
              text run at (400,0) width 15: "i.l"
        RenderText {#text} at (415,0) size 5x18
          text run at (415,0) width 5: " "
        RenderInline {SPAN} at (0,0) size 87x18
          RenderInline (generated) at (0,0) size 87x18
            RenderCounter at (420,0) size 87x18
              text run at (420,0) width 87: "i.ccclxxxix"
        RenderText {#text} at (507,0) size 5x18
          text run at (507,0) width 5: " "
        RenderInline {SPAN} at (0,0) size 56x18
          RenderInline (generated) at (0,0) size 56x18
            RenderCounter at (512,0) size 56x18
              text run at (512,0) width 56: "i.cccxc"
        RenderText {#text} at (568,0) size 5x18
          text run at (568,0) width 5: " "
        RenderInline {SPAN} at (0,0) size 131x18
          RenderInline (generated) at (0,0) size 131x18
            RenderCounter at (573,0) size 131x18
              text run at (573,0) width 131: "i.mmmcdlxxxix"
        RenderText {#text} at (704,0) size 5x18
          text run at (704,0) width 5: " "
        RenderInline {SPAN} at (0,0) size 100x18
          RenderInline (generated) at (0,0) size 100x18
            RenderCounter at (709,0) size 100x18
              text run at (709,0) width 100: "i.mmmcdxc"
        RenderText {#text} at (809,0) size 5x18
          text run at (809,0) width 5: " "
        RenderInline {SPAN} at (0,0) size 105x18
          RenderInline (generated) at (0,0) size 105x18
            RenderCounter at (814,0) size 105x18
              text run at (814,0) width 105: "i.mmmcdxci"
        RenderText {#text} at (0,0) size 0x0
      RenderBlock {DIV} at (0,53) size 784x18
        RenderText {#text} at (0,0) size 919x18
          text run at (0,0) width 20: "i.i "
          text run at (20,0) width 25: "i.ii "
          text run at (45,0) width 30: "i.iii "
          text run at (75,0) width 30: "i.iv "
          text run at (105,0) width 25: "i.v "
          text run at (130,0) width 30: "i.vi "
          text run at (160,0) width 35: "i.vii "
          text run at (195,0) width 40: "i.viii "
          text run at (235,0) width 30: "i.ix "
          text run at (265,0) width 25: "i.x "
          text run at (290,0) width 30: "i.xi "
          text run at (320,0) width 35: "i.xii "
          text run at (355,0) width 45: "i.xlix "
          text run at (400,0) width 20: "i.l "
          text run at (420,0) width 92: "i.ccclxxxix "
          text run at (512,0) width 61: "i.cccxc "
          text run at (573,0) width 136: "i.mmmcdlxxxix "
          text run at (709,0) width 105: "i.mmmcdxc "
          text run at (814,0) width 105: "i.mmmcdxci"
