layer at (0,0) size 800x600
  RenderView at (0,0) size 800x600
layer at (0,0) size 800x96
  RenderBlock {HTML} at (0,0) size 800x96
    RenderBody {BODY} at (8,17) size 784x71
      RenderBlock {P} at (0,0) size 784x18
        RenderText {#text} at (0,0) size 373x18
          text run at (0,0) width 373: "The following two lines should be the same:"
      RenderBlock {DIV} at (0,35) size 784x18
        RenderInline {SPAN} at (0,0) size 190x18
          RenderInline (generated) at (0,0) size 29x18
            RenderText at (0,0) size 12x18
              text run at (0,0) width 12: "B"
            RenderCounter at (12,0) size 11x18
              text run at (12,0) width 11: "1"
            RenderText at (23,0) size 6x18
              text run at (23,0) width 6: "-"
          RenderInline {SPAN} at (0,0) size 132x18
            RenderInline (generated) at (0,0) size 29x18
              RenderText at (29,0) size 12x18
                text run at (29,0) width 12: "B"
              RenderCounter at (41,0) size 11x18
                text run at (41,0) width 11: "2"
              RenderText at (52,0) size 6x18
                text run at (52,0) width 6: "-"
            RenderInline {SPAN} at (0,0) size 58x18
              RenderInline (generated) at (0,0) size 29x18
                RenderText at (58,0) size 12x18
                  text run at (58,0) width 12: "B"
                RenderCounter at (70,0) size 11x18
                  text run at (70,0) width 11: "3"
                RenderText at (81,0) size 6x18
                  text run at (81,0) width 6: "-"
              RenderInline (generated) at (0,0) size 29x18
                RenderText at (87,0) size 12x18
                  text run at (87,0) width 12: "A"
                RenderCounter at (99,0) size 11x18
                  text run at (99,0) width 11: "4"
                RenderText at (110,0) size 6x18
                  text run at (110,0) width 6: "-"
            RenderInline (generated) at (0,0) size 45x18
              RenderText at (116,0) size 12x18
                text run at (116,0) width 12: "A"
              RenderCounter at (128,0) size 27x18
                text run at (128,0) width 27: "4.1"
              RenderText at (155,0) size 6x18
                text run at (155,0) width 6: "-"
          RenderInline (generated) at (0,0) size 29x18
            RenderText at (161,0) size 12x18
              text run at (161,0) width 12: "A"
            RenderCounter at (173,0) size 11x18
              text run at (173,0) width 11: "5"
            RenderText at (184,0) size 6x18
              text run at (184,0) width 6: "-"
      RenderBlock {DIV} at (0,53) size 784x18
        RenderText {#text} at (0,0) size 190x18
          text run at (0,0) width 190: "B1-B2-B3-A4-A4.1-A5-"
