layer at (0,0) size 800x600
  RenderView at (0,0) size 800x600
layer at (0,0) size 800x96
  RenderBlock {HTML} at (0,0) size 800x96
    RenderBody {BODY} at (8,17) size 784x71
      RenderBlock {P} at (0,0) size 784x18
        RenderText {#text} at (0,0) size 286x18
          text run at (0,0) width 286: "The following should be identical:"
      RenderBlock {DIV} at (0,35) size 784x18
        RenderInline {SPAN} at (0,0) size 11x18
          RenderInline {SPAN} at (0,0) size 11x18
            RenderInline (generated) at (0,0) size 11x18
              RenderCounter at (0,0) size 11x18
                text run at (0,0) width 11: "0"
        RenderText {#text} at (11,0) size 5x18
          text run at (11,0) width 5: " "
        RenderInline {SPAN} at (0,0) size 11x18
          RenderInline {SPAN} at (0,0) size 11x18
            RenderInline (generated) at (0,0) size 11x18
              RenderCounter at (16,0) size 11x18
                text run at (16,0) width 11: "1"
        RenderText {#text} at (27,0) size 5x18
          text run at (27,0) width 5: " "
        RenderInline {SPAN} at (0,0) size 11x18
          RenderInline {SPAN} at (0,0) size 11x18
            RenderInline (generated) at (0,0) size 11x18
              RenderCounter at (32,0) size 11x18
                text run at (32,0) width 11: "2"
        RenderText {#text} at (43,0) size 5x18
          text run at (43,0) width 5: " "
        RenderInline {SPAN} at (0,0) size 11x18
          RenderInline {SPAN} at (0,0) size 11x18
            RenderInline (generated) at (0,0) size 11x18
              RenderCounter at (48,0) size 11x18
                text run at (48,0) width 11: "3"
        RenderText {#text} at (59,0) size 5x18
          text run at (59,0) width 5: " "
        RenderInline {SPAN} at (0,0) size 11x18
          RenderInline {SPAN} at (0,0) size 11x18
            RenderInline (generated) at (0,0) size 11x18
              RenderCounter at (64,0) size 11x18
                text run at (64,0) width 11: "4"
        RenderText {#text} at (75,0) size 5x18
          text run at (75,0) width 5: " "
        RenderInline {SPAN} at (0,0) size 11x18
          RenderInline {SPAN} at (0,0) size 11x18
            RenderInline (generated) at (0,0) size 11x18
              RenderCounter at (80,0) size 11x18
                text run at (80,0) width 11: "4"
        RenderText {#text} at (91,0) size 5x18
          text run at (91,0) width 5: " "
        RenderInline {SPAN} at (0,0) size 11x18
          RenderInline {SPAN} at (0,0) size 11x18
            RenderInline (generated) at (0,0) size 11x18
              RenderCounter at (96,0) size 11x18
                text run at (96,0) width 11: "4"
        RenderText {#text} at (107,0) size 5x18
          text run at (107,0) width 5: " "
        RenderInline {SPAN} at (0,0) size 11x18
          RenderInline {SPAN} at (0,0) size 11x18
            RenderInline (generated) at (0,0) size 11x18
              RenderCounter at (112,0) size 11x18
                text run at (112,0) width 11: "4"
        RenderText {#text} at (123,0) size 5x18
          text run at (123,0) width 5: " "
        RenderInline {SPAN} at (0,0) size 11x18
          RenderInline {SPAN} at (0,0) size 11x18
            RenderInline (generated) at (0,0) size 11x18
              RenderCounter at (128,0) size 11x18
                text run at (128,0) width 11: "8"
        RenderText {#text} at (139,0) size 5x18
          text run at (139,0) width 5: " "
        RenderInline {SPAN} at (0,0) size 11x18
          RenderInline {SPAN} at (0,0) size 11x18
            RenderInline (generated) at (0,0) size 11x18
              RenderCounter at (144,0) size 11x18
                text run at (144,0) width 11: "9"
        RenderText {#text} at (155,0) size 5x18
          text run at (155,0) width 5: " "
        RenderInline {SPAN} at (0,0) size 22x18
          RenderInline {SPAN} at (0,0) size 22x18
            RenderInline (generated) at (0,0) size 22x18
              RenderCounter at (160,0) size 22x18
                text run at (160,0) width 22: "10"
        RenderText {#text} at (182,0) size 5x18
          text run at (182,0) width 5: " "
        RenderInline {SPAN} at (0,0) size 22x18
          RenderInline {SPAN} at (0,0) size 22x18
            RenderInline (generated) at (0,0) size 22x18
              RenderCounter at (187,0) size 22x18
                text run at (187,0) width 22: "11"
        RenderText {#text} at (209,0) size 5x18
          text run at (209,0) width 5: " "
        RenderInline {SPAN} at (0,0) size 22x18
          RenderInline {SPAN} at (0,0) size 22x18
            RenderInline (generated) at (0,0) size 22x18
              RenderCounter at (214,0) size 22x18
                text run at (214,0) width 22: "12"
        RenderText {#text} at (236,0) size 5x18
          text run at (236,0) width 5: " "
        RenderInline {SPAN} at (0,0) size 22x18
          RenderInline {SPAN} at (0,0) size 22x18
            RenderInline (generated) at (0,0) size 22x18
              RenderCounter at (241,0) size 22x18
                text run at (241,0) width 22: "12"
        RenderText {#text} at (263,0) size 5x18
          text run at (263,0) width 5: " "
        RenderInline {SPAN} at (0,0) size 22x18
          RenderInline {SPAN} at (0,0) size 22x18
            RenderInline (generated) at (0,0) size 22x18
              RenderCounter at (268,0) size 22x18
                text run at (268,0) width 22: "12"
        RenderText {#text} at (290,0) size 5x18
          text run at (290,0) width 5: " "
        RenderInline {SPAN} at (0,0) size 22x18
          RenderInline {SPAN} at (0,0) size 22x18
            RenderInline (generated) at (0,0) size 22x18
              RenderCounter at (295,0) size 22x18
                text run at (295,0) width 22: "12"
        RenderText {#text} at (0,0) size 0x0
      RenderBlock {DIV} at (0,53) size 784x18
        RenderText {#text} at (0,0) size 317x18
          text run at (0,0) width 16: "0 "
          text run at (16,0) width 16: "1 "
          text run at (32,0) width 16: "2 "
          text run at (48,0) width 16: "3 "
          text run at (64,0) width 16: "4 "
          text run at (80,0) width 16: "4 "
          text run at (96,0) width 16: "4 "
          text run at (112,0) width 16: "4 "
          text run at (128,0) width 16: "8 "
          text run at (144,0) width 16: "9 "
          text run at (160,0) width 27: "10 "
          text run at (187,0) width 27: "11 "
          text run at (214,0) width 27: "12 "
          text run at (241,0) width 27: "12 "
          text run at (268,0) width 27: "12 "
          text run at (295,0) width 22: "12"
