layer at (0,0) size 800x600
  RenderView at (0,0) size 800x600
layer at (0,0) size 800x96
  RenderBlock {HTML} at (0,0) size 800x96
    RenderBody {BODY} at (8,17) size 784x71
      RenderBlock {P} at (0,0) size 784x18
        RenderText {#text} at (0,0) size 387x18
          text run at (0,0) width 387: "The following two lines should look the same:"
      RenderBlock {DIV} at (0,35) size 784x18
        RenderInline {SPAN} at (0,0) size 22x18
          RenderInline (generated) at (0,0) size 22x18
            RenderCounter at (0,0) size 22x18
              text run at (0,0) width 22: "01"
        RenderText {#text} at (22,0) size 5x18
          text run at (22,0) width 5: " "
        RenderInline {SPAN} at (0,0) size 22x18
          RenderInline (generated) at (0,0) size 22x18
            RenderCounter at (27,0) size 22x18
              text run at (27,0) width 22: "02"
        RenderText {#text} at (49,0) size 5x18
          text run at (49,0) width 5: " "
        RenderInline {SPAN} at (0,0) size 22x18
          RenderInline (generated) at (0,0) size 22x18
            RenderCounter at (54,0) size 22x18
              text run at (54,0) width 22: "03"
        RenderText {#text} at (76,0) size 5x18
          text run at (76,0) width 5: " "
        RenderInline {SPAN} at (0,0) size 22x18
          RenderInline (generated) at (0,0) size 22x18
            RenderCounter at (81,0) size 22x18
              text run at (81,0) width 22: "04"
        RenderText {#text} at (103,0) size 5x18
          text run at (103,0) width 5: " "
        RenderInline {SPAN} at (0,0) size 22x18
          RenderInline (generated) at (0,0) size 22x18
            RenderCounter at (108,0) size 22x18
              text run at (108,0) width 22: "05"
        RenderText {#text} at (130,0) size 5x18
          text run at (130,0) width 5: " "
        RenderInline {SPAN} at (0,0) size 22x18
          RenderInline (generated) at (0,0) size 22x18
            RenderCounter at (135,0) size 22x18
              text run at (135,0) width 22: "06"
        RenderText {#text} at (157,0) size 5x18
          text run at (157,0) width 5: " "
        RenderInline {SPAN} at (0,0) size 22x18
          RenderInline (generated) at (0,0) size 22x18
            RenderCounter at (162,0) size 22x18
              text run at (162,0) width 22: "07"
        RenderText {#text} at (184,0) size 5x18
          text run at (184,0) width 5: " "
        RenderInline {SPAN} at (0,0) size 22x18
          RenderInline (generated) at (0,0) size 22x18
            RenderCounter at (189,0) size 22x18
              text run at (189,0) width 22: "08"
        RenderText {#text} at (211,0) size 5x18
          text run at (211,0) width 5: " "
        RenderInline {SPAN} at (0,0) size 22x18
          RenderInline (generated) at (0,0) size 22x18
            RenderCounter at (216,0) size 22x18
              text run at (216,0) width 22: "09"
        RenderText {#text} at (238,0) size 5x18
          text run at (238,0) width 5: " "
        RenderInline {SPAN} at (0,0) size 22x18
          RenderInline (generated) at (0,0) size 22x18
            RenderCounter at (243,0) size 22x18
              text run at (243,0) width 22: "10"
        RenderText {#text} at (265,0) size 5x18
          text run at (265,0) width 5: " "
        RenderInline {SPAN} at (0,0) size 22x18
          RenderInline (generated) at (0,0) size 22x18
            RenderCounter at (270,0) size 22x18
              text run at (270,0) width 22: "11"
        RenderText {#text} at (292,0) size 5x18
          text run at (292,0) width 5: " "
        RenderInline {SPAN} at (0,0) size 22x18
          RenderInline (generated) at (0,0) size 22x18
            RenderCounter at (297,0) size 22x18
              text run at (297,0) width 22: "12"
        RenderText {#text} at (319,0) size 5x18
          text run at (319,0) width 5: " "
        RenderInline {SPAN} at (0,0) size 22x18
          RenderInline (generated) at (0,0) size 22x18
            RenderCounter at (324,0) size 22x18
              text run at (324,0) width 22: "99"
        RenderText {#text} at (346,0) size 5x18
          text run at (346,0) width 5: " "
        RenderInline {SPAN} at (0,0) size 33x18
          RenderInline (generated) at (0,0) size 33x18
            RenderCounter at (351,0) size 33x18
              text run at (351,0) width 33: "100"
        RenderText {#text} at (384,0) size 5x18
          text run at (384,0) width 5: " "
        RenderInline {SPAN} at (0,0) size 33x18
          RenderInline (generated) at (0,0) size 33x18
            RenderCounter at (389,0) size 33x18
              text run at (389,0) width 33: "101"
        RenderText {#text} at (0,0) size 0x0
      RenderBlock {DIV} at (0,53) size 784x18
        RenderText {#text} at (0,0) size 422x18
          text run at (0,0) width 27: "01 "
          text run at (27,0) width 27: "02 "
          text run at (54,0) width 27: "03 "
          text run at (81,0) width 27: "04 "
          text run at (108,0) width 27: "05 "
          text run at (135,0) width 27: "06 "
          text run at (162,0) width 27: "07 "
          text run at (189,0) width 27: "08 "
          text run at (216,0) width 27: "09 "
          text run at (243,0) width 27: "10 "
          text run at (270,0) width 27: "11 "
          text run at (297,0) width 27: "12 "
          text run at (324,0) width 27: "99 "
          text run at (351,0) width 38: "100 "
          text run at (389,0) width 33: "101"
