layer at (0,0) size 800x600
  RenderView at (0,0) size 800x600
layer at (0,0) size 800x96
  RenderBlock {HTML} at (0,0) size 800x96
    RenderBody {BODY} at (8,17) size 784x71
      RenderBlock {P} at (0,0) size 784x18
        RenderText {#text} at (0,0) size 373x18
          text run at (0,0) width 373: "The following two lines should be the same:"
      RenderBlock {DIV} at (0,35) size 784x18
        RenderInline {SPAN} at (0,0) size 604x18
          RenderInline (generated) at (0,0) size 29x18
            RenderText at (0,0) size 12x18
              text run at (0,0) width 12: "B"
            RenderCounter at (12,0) size 11x18
              text run at (12,0) width 11: "1"
            RenderText at (23,0) size 6x18
              text run at (23,0) width 6: "-"
          RenderInline {SPAN} at (0,0) size 546x18
            RenderInline (generated) at (0,0) size 29x18
              RenderText at (29,0) size 12x18
                text run at (29,0) width 12: "B"
              RenderCounter at (41,0) size 11x18
                text run at (41,0) width 11: "2"
              RenderText at (52,0) size 6x18
                text run at (52,0) width 6: "-"
            RenderInline {SPAN} at (0,0) size 270x18
              RenderInline (generated) at (0,0) size 45x18
                RenderText at (58,0) size 12x18
                  text run at (58,0) width 12: "B"
                RenderCounter at (70,0) size 27x18
                  text run at (70,0) width 27: "2.1"
                RenderText at (97,0) size 6x18
                  text run at (97,0) width 6: "-"
              RenderInline {SPAN} at (0,0) size 90x18
                RenderInline (generated) at (0,0) size 45x18
                  RenderText at (103,0) size 12x18
                    text run at (103,0) width 12: "B"
                  RenderCounter at (115,0) size 27x18
                    text run at (115,0) width 27: "2.2"
                  RenderText at (142,0) size 6x18
                    text run at (142,0) width 6: "-"
                RenderInline (generated) at (0,0) size 45x18
                  RenderText at (148,0) size 12x18
                    text run at (148,0) width 12: "A"
                  RenderCounter at (160,0) size 27x18
                    text run at (160,0) width 27: "2.3"
                  RenderText at (187,0) size 6x18
                    text run at (187,0) width 6: "-"
              RenderInline {SPAN} at (0,0) size 90x18
                RenderInline (generated) at (0,0) size 45x18
                  RenderText at (193,0) size 12x18
                    text run at (193,0) width 12: "B"
                  RenderCounter at (205,0) size 27x18
                    text run at (205,0) width 27: "2.4"
                  RenderText at (232,0) size 6x18
                    text run at (232,0) width 6: "-"
                RenderInline (generated) at (0,0) size 45x18
                  RenderText at (238,0) size 12x18
                    text run at (238,0) width 12: "A"
                  RenderCounter at (250,0) size 27x18
                    text run at (250,0) width 27: "2.5"
                  RenderText at (277,0) size 6x18
                    text run at (277,0) width 6: "-"
              RenderInline (generated) at (0,0) size 45x18
                RenderText at (283,0) size 12x18
                  text run at (283,0) width 12: "A"
                RenderCounter at (295,0) size 27x18
                  text run at (295,0) width 27: "2.6"
                RenderText at (322,0) size 6x18
                  text run at (322,0) width 6: "-"
            RenderInline {SPAN} at (0,0) size 191x18
              RenderInline (generated) at (0,0) size 45x18
                RenderText at (328,0) size 12x18
                  text run at (328,0) width 12: "B"
                RenderCounter at (340,0) size 27x18
                  text run at (340,0) width 27: "2.7"
                RenderText at (367,0) size 6x18
                  text run at (367,0) width 6: "-"
              RenderInline {SPAN} at (0,0) size 90x18
                RenderInline (generated) at (0,0) size 45x18
                  RenderText at (373,0) size 12x18
                    text run at (373,0) width 12: "B"
                  RenderCounter at (385,0) size 27x18
                    text run at (385,0) width 27: "2.8"
                  RenderText at (412,0) size 6x18
                    text run at (412,0) width 6: "-"
                RenderInline (generated) at (0,0) size 45x18
                  RenderText at (418,0) size 12x18
                    text run at (418,0) width 12: "A"
                  RenderCounter at (430,0) size 27x18
                    text run at (430,0) width 27: "2.9"
                  RenderText at (457,0) size 6x18
                    text run at (457,0) width 6: "-"
              RenderInline (generated) at (0,0) size 56x18
                RenderText at (463,0) size 12x18
                  text run at (463,0) width 12: "A"
                RenderCounter at (475,0) size 38x18
                  text run at (475,0) width 38: "2.10"
                RenderText at (513,0) size 6x18
                  text run at (513,0) width 6: "-"
            RenderInline (generated) at (0,0) size 56x18
              RenderText at (519,0) size 12x18
                text run at (519,0) width 12: "A"
              RenderCounter at (531,0) size 38x18
                text run at (531,0) width 38: "2.11"
              RenderText at (569,0) size 6x18
                text run at (569,0) width 6: "-"
          RenderInline (generated) at (0,0) size 29x18
            RenderText at (575,0) size 12x18
              text run at (575,0) width 12: "A"
            RenderCounter at (587,0) size 11x18
              text run at (587,0) width 11: "3"
            RenderText at (598,0) size 6x18
              text run at (598,0) width 6: "-"
      RenderBlock {DIV} at (0,53) size 784x18
        RenderText {#text} at (0,0) size 604x18
          text run at (0,0) width 604: "B1-B2-B2.1-B2.2-A2.3-B2.4-A2.5-A2.6-B2.7-B2.8-A2.9-A2.10-A2.11-A3-"
