layer at (0,0) size 800x2948
  RenderView at (0,0) size 800x600
layer at (0,0) size 800x2948
  RenderBlock {HTML} at (0,0) size 800x2948
    RenderBody {BODY} at (8,8) size 784x2932
      RenderBlock {DIV} at (0,0) size 784x18 [color=#C0C0C0]
        RenderText {#text} at (0,0) size 112x18
          text run at (0,0) width 112: "Dummy text."
      RenderBlock {DIV} at (0,18) size 784x18 [color=#C0C0C0]
        RenderText {#text} at (0,0) size 112x18
          text run at (0,0) width 112: "Dummy text."
      RenderBlock {DIV} at (0,36) size 784x18 [color=#C0C0C0]
        RenderText {#text} at (0,0) size 112x18
          text run at (0,0) width 112: "Dummy text."
      RenderBlock {P} at (0,71) size 784x36
        RenderText {#text} at (0,0) size 783x36
          text run at (0,0) width 534: "Scroll this document. A line of blue should remain stuck at the "
          text run at (534,0) width 249: "top of the viewport the whole"
          text run at (0,18) width 44: "time."
      RenderBlock {DIV} at (0,124) size 784x18 [color=#C0C0C0]
        RenderText {#text} at (0,0) size 112x18
          text run at (0,0) width 112: "Dummy text."
      RenderBlock {DIV} at (0,142) size 784x18 [color=#C0C0C0]
        RenderText {#text} at (0,0) size 112x18
          text run at (0,0) width 112: "Dummy text."
      RenderBlock {DIV} at (0,160) size 784x18 [color=#C0C0C0]
        RenderText {#text} at (0,0) size 112x18
          text run at (0,0) width 112: "Dummy text."
      RenderBlock {DIV} at (0,178) size 784x18 [color=#C0C0C0]
        RenderText {#text} at (0,0) size 112x18
          text run at (0,0) width 112: "Dummy text."
      RenderBlock {DIV} at (0,196) size 784x18 [color=#C0C0C0]
        RenderText {#text} at (0,0) size 112x18
          text run at (0,0) width 112: "Dummy text."
      RenderBlock {DIV} at (0,214) size 784x18 [color=#C0C0C0]
        RenderText {#text} at (0,0) size 112x18
          text run at (0,0) width 112: "Dummy text."
      RenderBlock {DIV} at (0,232) size 784x18 [color=#C0C0C0]
        RenderText {#text} at (0,0) size 112x18
          text run at (0,0) width 112: "Dummy text."
      RenderBlock {DIV} at (0,250) size 784x18 [color=#C0C0C0]
        RenderText {#text} at (0,0) size 112x18
          text run at (0,0) width 112: "Dummy text."
      RenderBlock {DIV} at (0,268) size 784x18 [color=#C0C0C0]
        RenderText {#text} at (0,0) size 112x18
          text run at (0,0) width 112: "Dummy text."
      RenderBlock {DIV} at (0,286) size 784x18 [color=#C0C0C0]
        RenderText {#text} at (0,0) size 112x18
          text run at (0,0) width 112: "Dummy text."
      RenderBlock {DIV} at (0,304) size 784x18 [color=#C0C0C0]
        RenderText {#text} at (0,0) size 112x18
          text run at (0,0) width 112: "Dummy text."
      RenderBlock {DIV} at (0,322) size 784x18 [color=#C0C0C0]
        RenderText {#text} at (0,0) size 112x18
          text run at (0,0) width 112: "Dummy text."
      RenderBlock {DIV} at (0,340) size 784x18 [color=#C0C0C0]
        RenderText {#text} at (0,0) size 112x18
          text run at (0,0) width 112: "Dummy text."
      RenderBlock {DIV} at (0,358) size 784x18 [color=#C0C0C0]
        RenderText {#text} at (0,0) size 112x18
          text run at (0,0) width 112: "Dummy text."
      RenderBlock {DIV} at (0,376) size 784x18 [color=#C0C0C0]
        RenderText {#text} at (0,0) size 112x18
          text run at (0,0) width 112: "Dummy text."
      RenderBlock {DIV} at (0,394) size 784x18 [color=#C0C0C0]
        RenderText {#text} at (0,0) size 112x18
          text run at (0,0) width 112: "Dummy text."
      RenderBlock {DIV} at (0,412) size 784x18 [color=#C0C0C0]
        RenderText {#text} at (0,0) size 112x18
          text run at (0,0) width 112: "Dummy text."
      RenderBlock {DIV} at (0,430) size 784x18 [color=#C0C0C0]
        RenderText {#text} at (0,0) size 112x18
          text run at (0,0) width 112: "Dummy text."
      RenderBlock {DIV} at (0,448) size 784x18 [color=#C0C0C0]
        RenderText {#text} at (0,0) size 112x18
          text run at (0,0) width 112: "Dummy text."
      RenderBlock {DIV} at (0,466) size 784x18 [color=#C0C0C0]
        RenderText {#text} at (0,0) size 112x18
          text run at (0,0) width 112: "Dummy text."
      RenderBlock {DIV} at (0,484) size 784x18 [color=#C0C0C0]
        RenderText {#text} at (0,0) size 112x18
          text run at (0,0) width 112: "Dummy text."
      RenderBlock {DIV} at (0,502) size 784x18 [color=#C0C0C0]
        RenderText {#text} at (0,0) size 112x18
          text run at (0,0) width 112: "Dummy text."
      RenderBlock {DIV} at (0,520) size 784x18 [color=#C0C0C0]
        RenderText {#text} at (0,0) size 112x18
          text run at (0,0) width 112: "Dummy text."
      RenderBlock {DIV} at (0,538) size 784x18 [color=#C0C0C0]
        RenderText {#text} at (0,0) size 112x18
          text run at (0,0) width 112: "Dummy text."
      RenderBlock {DIV} at (0,556) size 784x18 [color=#C0C0C0]
        RenderText {#text} at (0,0) size 112x18
          text run at (0,0) width 112: "Dummy text."
      RenderBlock {DIV} at (0,574) size 784x18 [color=#C0C0C0]
        RenderText {#text} at (0,0) size 112x18
          text run at (0,0) width 112: "Dummy text."
      RenderBlock {DIV} at (0,592) size 784x18 [color=#C0C0C0]
        RenderText {#text} at (0,0) size 112x18
          text run at (0,0) width 112: "Dummy text."
      RenderBlock {DIV} at (0,610) size 784x18 [color=#C0C0C0]
        RenderText {#text} at (0,0) size 112x18
          text run at (0,0) width 112: "Dummy text."
      RenderBlock {DIV} at (0,628) size 784x18 [color=#C0C0C0]
        RenderText {#text} at (0,0) size 112x18
          text run at (0,0) width 112: "Dummy text."
      RenderBlock {DIV} at (0,646) size 784x18 [color=#C0C0C0]
        RenderText {#text} at (0,0) size 112x18
          text run at (0,0) width 112: "Dummy text."
      RenderBlock {DIV} at (0,664) size 784x18 [color=#C0C0C0]
        RenderText {#text} at (0,0) size 112x18
          text run at (0,0) width 112: "Dummy text."
      RenderBlock {DIV} at (0,682) size 784x18 [color=#C0C0C0]
        RenderText {#text} at (0,0) size 112x18
          text run at (0,0) width 112: "Dummy text."
      RenderBlock {DIV} at (0,700) size 784x18 [color=#C0C0C0]
        RenderText {#text} at (0,0) size 112x18
          text run at (0,0) width 112: "Dummy text."
      RenderBlock {DIV} at (0,718) size 784x18 [color=#C0C0C0]
        RenderText {#text} at (0,0) size 112x18
          text run at (0,0) width 112: "Dummy text."
      RenderBlock {DIV} at (0,736) size 784x18 [color=#C0C0C0]
        RenderText {#text} at (0,0) size 112x18
          text run at (0,0) width 112: "Dummy text."
      RenderBlock {DIV} at (0,754) size 784x18 [color=#C0C0C0]
        RenderText {#text} at (0,0) size 112x18
          text run at (0,0) width 112: "Dummy text."
      RenderBlock {DIV} at (0,772) size 784x18 [color=#C0C0C0]
        RenderText {#text} at (0,0) size 112x18
          text run at (0,0) width 112: "Dummy text."
      RenderBlock {DIV} at (0,790) size 784x18 [color=#C0C0C0]
        RenderText {#text} at (0,0) size 112x18
          text run at (0,0) width 112: "Dummy text."
      RenderBlock {DIV} at (0,808) size 784x18 [color=#C0C0C0]
        RenderText {#text} at (0,0) size 112x18
          text run at (0,0) width 112: "Dummy text."
      RenderBlock {DIV} at (0,826) size 784x18 [color=#C0C0C0]
        RenderText {#text} at (0,0) size 112x18
          text run at (0,0) width 112: "Dummy text."
      RenderBlock {DIV} at (0,844) size 784x18 [color=#C0C0C0]
        RenderText {#text} at (0,0) size 112x18
          text run at (0,0) width 112: "Dummy text."
      RenderBlock {DIV} at (0,862) size 784x18 [color=#C0C0C0]
        RenderText {#text} at (0,0) size 112x18
          text run at (0,0) width 112: "Dummy text."
      RenderBlock {DIV} at (0,880) size 784x18 [color=#C0C0C0]
        RenderText {#text} at (0,0) size 112x18
          text run at (0,0) width 112: "Dummy text."
      RenderBlock {DIV} at (0,898) size 784x18 [color=#C0C0C0]
        RenderText {#text} at (0,0) size 112x18
          text run at (0,0) width 112: "Dummy text."
      RenderBlock {DIV} at (0,916) size 784x18 [color=#C0C0C0]
        RenderText {#text} at (0,0) size 112x18
          text run at (0,0) width 112: "Dummy text."
      RenderBlock {DIV} at (0,934) size 784x18 [color=#C0C0C0]
        RenderText {#text} at (0,0) size 112x18
          text run at (0,0) width 112: "Dummy text."
      RenderBlock {DIV} at (0,952) size 784x18 [color=#C0C0C0]
        RenderText {#text} at (0,0) size 112x18
          text run at (0,0) width 112: "Dummy text."
      RenderBlock {DIV} at (0,970) size 784x18 [color=#C0C0C0]
        RenderText {#text} at (0,0) size 112x18
          text run at (0,0) width 112: "Dummy text."
      RenderBlock {DIV} at (0,988) size 784x18 [color=#C0C0C0]
        RenderText {#text} at (0,0) size 112x18
          text run at (0,0) width 112: "Dummy text."
      RenderBlock {DIV} at (0,1006) size 784x18 [color=#C0C0C0]
        RenderText {#text} at (0,0) size 112x18
          text run at (0,0) width 112: "Dummy text."
      RenderBlock {DIV} at (0,1024) size 784x18 [color=#C0C0C0]
        RenderText {#text} at (0,0) size 112x18
          text run at (0,0) width 112: "Dummy text."
      RenderBlock {DIV} at (0,1042) size 784x18 [color=#C0C0C0]
        RenderText {#text} at (0,0) size 112x18
          text run at (0,0) width 112: "Dummy text."
      RenderBlock {DIV} at (0,1060) size 784x18 [color=#C0C0C0]
        RenderText {#text} at (0,0) size 112x18
          text run at (0,0) width 112: "Dummy text."
      RenderBlock {DIV} at (0,1078) size 784x18 [color=#C0C0C0]
        RenderText {#text} at (0,0) size 112x18
          text run at (0,0) width 112: "Dummy text."
      RenderBlock {DIV} at (0,1096) size 784x18 [color=#C0C0C0]
        RenderText {#text} at (0,0) size 112x18
          text run at (0,0) width 112: "Dummy text."
      RenderBlock {DIV} at (0,1114) size 784x18 [color=#C0C0C0]
        RenderText {#text} at (0,0) size 112x18
          text run at (0,0) width 112: "Dummy text."
      RenderBlock {DIV} at (0,1132) size 784x18 [color=#C0C0C0]
        RenderText {#text} at (0,0) size 112x18
          text run at (0,0) width 112: "Dummy text."
      RenderBlock {DIV} at (0,1150) size 784x18 [color=#C0C0C0]
        RenderText {#text} at (0,0) size 112x18
          text run at (0,0) width 112: "Dummy text."
      RenderBlock {DIV} at (0,1168) size 784x18 [color=#C0C0C0]
        RenderText {#text} at (0,0) size 112x18
          text run at (0,0) width 112: "Dummy text."
      RenderBlock {DIV} at (0,1186) size 784x18 [color=#C0C0C0]
        RenderText {#text} at (0,0) size 112x18
          text run at (0,0) width 112: "Dummy text."
      RenderBlock {DIV} at (0,1204) size 784x18 [color=#C0C0C0]
        RenderText {#text} at (0,0) size 112x18
          text run at (0,0) width 112: "Dummy text."
      RenderBlock {DIV} at (0,1222) size 784x18 [color=#C0C0C0]
        RenderText {#text} at (0,0) size 112x18
          text run at (0,0) width 112: "Dummy text."
      RenderBlock {DIV} at (0,1240) size 784x18 [color=#C0C0C0]
        RenderText {#text} at (0,0) size 112x18
          text run at (0,0) width 112: "Dummy text."
      RenderBlock {DIV} at (0,1258) size 784x18 [color=#C0C0C0]
        RenderText {#text} at (0,0) size 112x18
          text run at (0,0) width 112: "Dummy text."
      RenderBlock {DIV} at (0,1276) size 784x18 [color=#C0C0C0]
        RenderText {#text} at (0,0) size 112x18
          text run at (0,0) width 112: "Dummy text."
      RenderBlock {DIV} at (0,1294) size 784x18 [color=#C0C0C0]
        RenderText {#text} at (0,0) size 112x18
          text run at (0,0) width 112: "Dummy text."
      RenderBlock {DIV} at (0,1312) size 784x18 [color=#C0C0C0]
        RenderText {#text} at (0,0) size 112x18
          text run at (0,0) width 112: "Dummy text."
      RenderBlock {DIV} at (0,1330) size 784x18 [color=#C0C0C0]
        RenderText {#text} at (0,0) size 112x18
          text run at (0,0) width 112: "Dummy text."
      RenderBlock {DIV} at (0,1348) size 784x18 [color=#C0C0C0]
        RenderText {#text} at (0,0) size 112x18
          text run at (0,0) width 112: "Dummy text."
      RenderBlock {DIV} at (0,1366) size 784x18 [color=#C0C0C0]
        RenderText {#text} at (0,0) size 112x18
          text run at (0,0) width 112: "Dummy text."
      RenderBlock {DIV} at (0,1384) size 784x18 [color=#C0C0C0]
        RenderText {#text} at (0,0) size 112x18
          text run at (0,0) width 112: "Dummy text."
      RenderBlock {DIV} at (0,1402) size 784x18 [color=#C0C0C0]
        RenderText {#text} at (0,0) size 112x18
          text run at (0,0) width 112: "Dummy text."
      RenderBlock {DIV} at (0,1420) size 784x18 [color=#C0C0C0]
        RenderText {#text} at (0,0) size 112x18
          text run at (0,0) width 112: "Dummy text."
      RenderBlock {DIV} at (0,1438) size 784x18 [color=#C0C0C0]
        RenderText {#text} at (0,0) size 112x18
          text run at (0,0) width 112: "Dummy text."
      RenderBlock {DIV} at (0,1456) size 784x18 [color=#C0C0C0]
        RenderText {#text} at (0,0) size 112x18
          text run at (0,0) width 112: "Dummy text."
      RenderBlock {DIV} at (0,1474) size 784x18 [color=#C0C0C0]
        RenderText {#text} at (0,0) size 112x18
          text run at (0,0) width 112: "Dummy text."
      RenderBlock {DIV} at (0,1492) size 784x18 [color=#C0C0C0]
        RenderText {#text} at (0,0) size 112x18
          text run at (0,0) width 112: "Dummy text."
      RenderBlock {DIV} at (0,1510) size 784x18 [color=#C0C0C0]
        RenderText {#text} at (0,0) size 112x18
          text run at (0,0) width 112: "Dummy text."
      RenderBlock {DIV} at (0,1528) size 784x18 [color=#C0C0C0]
        RenderText {#text} at (0,0) size 112x18
          text run at (0,0) width 112: "Dummy text."
      RenderBlock {DIV} at (0,1546) size 784x18 [color=#C0C0C0]
        RenderText {#text} at (0,0) size 112x18
          text run at (0,0) width 112: "Dummy text."
      RenderBlock {DIV} at (0,1564) size 784x18 [color=#C0C0C0]
        RenderText {#text} at (0,0) size 112x18
          text run at (0,0) width 112: "Dummy text."
      RenderBlock {DIV} at (0,1582) size 784x18 [color=#C0C0C0]
        RenderText {#text} at (0,0) size 112x18
          text run at (0,0) width 112: "Dummy text."
      RenderBlock {DIV} at (0,1600) size 784x18 [color=#C0C0C0]
        RenderText {#text} at (0,0) size 112x18
          text run at (0,0) width 112: "Dummy text."
      RenderBlock {DIV} at (0,1618) size 784x18 [color=#C0C0C0]
        RenderText {#text} at (0,0) size 112x18
          text run at (0,0) width 112: "Dummy text."
      RenderBlock {DIV} at (0,1636) size 784x18 [color=#C0C0C0]
        RenderText {#text} at (0,0) size 112x18
          text run at (0,0) width 112: "Dummy text."
      RenderBlock {DIV} at (0,1654) size 784x18 [color=#C0C0C0]
        RenderText {#text} at (0,0) size 112x18
          text run at (0,0) width 112: "Dummy text."
      RenderBlock {DIV} at (0,1672) size 784x18 [color=#C0C0C0]
        RenderText {#text} at (0,0) size 112x18
          text run at (0,0) width 112: "Dummy text."
      RenderBlock {DIV} at (0,1690) size 784x18 [color=#C0C0C0]
        RenderText {#text} at (0,0) size 112x18
          text run at (0,0) width 112: "Dummy text."
      RenderBlock {DIV} at (0,1708) size 784x18 [color=#C0C0C0]
        RenderText {#text} at (0,0) size 112x18
          text run at (0,0) width 112: "Dummy text."
      RenderBlock {DIV} at (0,1726) size 784x18 [color=#C0C0C0]
        RenderText {#text} at (0,0) size 112x18
          text run at (0,0) width 112: "Dummy text."
      RenderBlock {DIV} at (0,1744) size 784x18 [color=#C0C0C0]
        RenderText {#text} at (0,0) size 112x18
          text run at (0,0) width 112: "Dummy text."
      RenderBlock {DIV} at (0,1762) size 784x18 [color=#C0C0C0]
        RenderText {#text} at (0,0) size 112x18
          text run at (0,0) width 112: "Dummy text."
      RenderBlock {DIV} at (0,1780) size 784x18 [color=#C0C0C0]
        RenderText {#text} at (0,0) size 112x18
          text run at (0,0) width 112: "Dummy text."
      RenderBlock {DIV} at (0,1798) size 784x18 [color=#C0C0C0]
        RenderText {#text} at (0,0) size 112x18
          text run at (0,0) width 112: "Dummy text."
      RenderBlock {DIV} at (0,1816) size 784x18 [color=#C0C0C0]
        RenderText {#text} at (0,0) size 112x18
          text run at (0,0) width 112: "Dummy text."
      RenderBlock {DIV} at (0,1834) size 784x18 [color=#C0C0C0]
        RenderText {#text} at (0,0) size 112x18
          text run at (0,0) width 112: "Dummy text."
      RenderBlock {DIV} at (0,1852) size 784x18 [color=#C0C0C0]
        RenderText {#text} at (0,0) size 112x18
          text run at (0,0) width 112: "Dummy text."
      RenderBlock {DIV} at (0,1870) size 784x18 [color=#C0C0C0]
        RenderText {#text} at (0,0) size 112x18
          text run at (0,0) width 112: "Dummy text."
      RenderBlock {DIV} at (0,1888) size 784x18 [color=#C0C0C0]
        RenderText {#text} at (0,0) size 112x18
          text run at (0,0) width 112: "Dummy text."
      RenderBlock {DIV} at (0,1906) size 784x18 [color=#C0C0C0]
        RenderText {#text} at (0,0) size 112x18
          text run at (0,0) width 112: "Dummy text."
      RenderBlock {DIV} at (0,1924) size 784x18 [color=#C0C0C0]
        RenderText {#text} at (0,0) size 112x18
          text run at (0,0) width 112: "Dummy text."
      RenderBlock {DIV} at (0,1942) size 784x18 [color=#C0C0C0]
        RenderText {#text} at (0,0) size 112x18
          text run at (0,0) width 112: "Dummy text."
      RenderBlock {DIV} at (0,1960) size 784x18 [color=#C0C0C0]
        RenderText {#text} at (0,0) size 112x18
          text run at (0,0) width 112: "Dummy text."
      RenderBlock {DIV} at (0,1978) size 784x18 [color=#C0C0C0]
        RenderText {#text} at (0,0) size 112x18
          text run at (0,0) width 112: "Dummy text."
      RenderBlock {DIV} at (0,1996) size 784x18 [color=#C0C0C0]
        RenderText {#text} at (0,0) size 112x18
          text run at (0,0) width 112: "Dummy text."
      RenderBlock {DIV} at (0,2014) size 784x18 [color=#C0C0C0]
        RenderText {#text} at (0,0) size 112x18
          text run at (0,0) width 112: "Dummy text."
      RenderBlock {DIV} at (0,2032) size 784x18 [color=#C0C0C0]
        RenderText {#text} at (0,0) size 112x18
          text run at (0,0) width 112: "Dummy text."
      RenderBlock {DIV} at (0,2050) size 784x18 [color=#C0C0C0]
        RenderText {#text} at (0,0) size 112x18
          text run at (0,0) width 112: "Dummy text."
      RenderBlock {DIV} at (0,2068) size 784x18 [color=#C0C0C0]
        RenderText {#text} at (0,0) size 112x18
          text run at (0,0) width 112: "Dummy text."
      RenderBlock {DIV} at (0,2086) size 784x18 [color=#C0C0C0]
        RenderText {#text} at (0,0) size 112x18
          text run at (0,0) width 112: "Dummy text."
      RenderBlock {DIV} at (0,2104) size 784x18 [color=#C0C0C0]
        RenderText {#text} at (0,0) size 112x18
          text run at (0,0) width 112: "Dummy text."
      RenderBlock {DIV} at (0,2122) size 784x18 [color=#C0C0C0]
        RenderText {#text} at (0,0) size 112x18
          text run at (0,0) width 112: "Dummy text."
      RenderBlock {DIV} at (0,2140) size 784x18 [color=#C0C0C0]
        RenderText {#text} at (0,0) size 112x18
          text run at (0,0) width 112: "Dummy text."
      RenderBlock {DIV} at (0,2158) size 784x18 [color=#C0C0C0]
        RenderText {#text} at (0,0) size 112x18
          text run at (0,0) width 112: "Dummy text."
      RenderBlock {DIV} at (0,2176) size 784x18 [color=#C0C0C0]
        RenderText {#text} at (0,0) size 112x18
          text run at (0,0) width 112: "Dummy text."
      RenderBlock {DIV} at (0,2194) size 784x18 [color=#C0C0C0]
        RenderText {#text} at (0,0) size 112x18
          text run at (0,0) width 112: "Dummy text."
      RenderBlock {DIV} at (0,2212) size 784x18 [color=#C0C0C0]
        RenderText {#text} at (0,0) size 112x18
          text run at (0,0) width 112: "Dummy text."
      RenderBlock {DIV} at (0,2230) size 784x18 [color=#C0C0C0]
        RenderText {#text} at (0,0) size 112x18
          text run at (0,0) width 112: "Dummy text."
      RenderBlock {DIV} at (0,2248) size 784x18 [color=#C0C0C0]
        RenderText {#text} at (0,0) size 112x18
          text run at (0,0) width 112: "Dummy text."
      RenderBlock {DIV} at (0,2266) size 784x18 [color=#C0C0C0]
        RenderText {#text} at (0,0) size 112x18
          text run at (0,0) width 112: "Dummy text."
      RenderBlock {DIV} at (0,2284) size 784x18 [color=#C0C0C0]
        RenderText {#text} at (0,0) size 112x18
          text run at (0,0) width 112: "Dummy text."
      RenderBlock {DIV} at (0,2302) size 784x18 [color=#C0C0C0]
        RenderText {#text} at (0,0) size 112x18
          text run at (0,0) width 112: "Dummy text."
      RenderBlock {DIV} at (0,2320) size 784x18 [color=#C0C0C0]
        RenderText {#text} at (0,0) size 112x18
          text run at (0,0) width 112: "Dummy text."
      RenderBlock {DIV} at (0,2338) size 784x18 [color=#C0C0C0]
        RenderText {#text} at (0,0) size 112x18
          text run at (0,0) width 112: "Dummy text."
      RenderBlock {DIV} at (0,2356) size 784x18 [color=#C0C0C0]
        RenderText {#text} at (0,0) size 112x18
          text run at (0,0) width 112: "Dummy text."
      RenderBlock {DIV} at (0,2374) size 784x18 [color=#C0C0C0]
        RenderText {#text} at (0,0) size 112x18
          text run at (0,0) width 112: "Dummy text."
      RenderBlock {DIV} at (0,2392) size 784x18 [color=#C0C0C0]
        RenderText {#text} at (0,0) size 112x18
          text run at (0,0) width 112: "Dummy text."
      RenderBlock {DIV} at (0,2410) size 784x18 [color=#C0C0C0]
        RenderText {#text} at (0,0) size 112x18
          text run at (0,0) width 112: "Dummy text."
      RenderBlock {DIV} at (0,2428) size 784x18 [color=#C0C0C0]
        RenderText {#text} at (0,0) size 112x18
          text run at (0,0) width 112: "Dummy text."
      RenderBlock {DIV} at (0,2446) size 784x18 [color=#C0C0C0]
        RenderText {#text} at (0,0) size 112x18
          text run at (0,0) width 112: "Dummy text."
      RenderBlock {DIV} at (0,2464) size 784x18 [color=#C0C0C0]
        RenderText {#text} at (0,0) size 112x18
          text run at (0,0) width 112: "Dummy text."
      RenderBlock {DIV} at (0,2482) size 784x18 [color=#C0C0C0]
        RenderText {#text} at (0,0) size 112x18
          text run at (0,0) width 112: "Dummy text."
      RenderBlock {DIV} at (0,2500) size 784x18 [color=#C0C0C0]
        RenderText {#text} at (0,0) size 112x18
          text run at (0,0) width 112: "Dummy text."
      RenderBlock {DIV} at (0,2518) size 784x18 [color=#C0C0C0]
        RenderText {#text} at (0,0) size 112x18
          text run at (0,0) width 112: "Dummy text."
      RenderBlock {DIV} at (0,2536) size 784x18 [color=#C0C0C0]
        RenderText {#text} at (0,0) size 112x18
          text run at (0,0) width 112: "Dummy text."
      RenderBlock {DIV} at (0,2554) size 784x18 [color=#C0C0C0]
        RenderText {#text} at (0,0) size 112x18
          text run at (0,0) width 112: "Dummy text."
      RenderBlock {DIV} at (0,2572) size 784x18 [color=#C0C0C0]
        RenderText {#text} at (0,0) size 112x18
          text run at (0,0) width 112: "Dummy text."
      RenderBlock {DIV} at (0,2590) size 784x18 [color=#C0C0C0]
        RenderText {#text} at (0,0) size 112x18
          text run at (0,0) width 112: "Dummy text."
      RenderBlock {DIV} at (0,2608) size 784x18 [color=#C0C0C0]
        RenderText {#text} at (0,0) size 112x18
          text run at (0,0) width 112: "Dummy text."
      RenderBlock {DIV} at (0,2626) size 784x18 [color=#C0C0C0]
        RenderText {#text} at (0,0) size 112x18
          text run at (0,0) width 112: "Dummy text."
      RenderBlock {DIV} at (0,2644) size 784x18 [color=#C0C0C0]
        RenderText {#text} at (0,0) size 112x18
          text run at (0,0) width 112: "Dummy text."
      RenderBlock {DIV} at (0,2662) size 784x18 [color=#C0C0C0]
        RenderText {#text} at (0,0) size 112x18
          text run at (0,0) width 112: "Dummy text."
      RenderBlock {DIV} at (0,2680) size 784x18 [color=#C0C0C0]
        RenderText {#text} at (0,0) size 112x18
          text run at (0,0) width 112: "Dummy text."
      RenderBlock {DIV} at (0,2698) size 784x18 [color=#C0C0C0]
        RenderText {#text} at (0,0) size 112x18
          text run at (0,0) width 112: "Dummy text."
      RenderBlock {DIV} at (0,2716) size 784x18 [color=#C0C0C0]
        RenderText {#text} at (0,0) size 112x18
          text run at (0,0) width 112: "Dummy text."
      RenderBlock {DIV} at (0,2734) size 784x18 [color=#C0C0C0]
        RenderText {#text} at (0,0) size 112x18
          text run at (0,0) width 112: "Dummy text."
      RenderBlock {DIV} at (0,2752) size 784x18 [color=#C0C0C0]
        RenderText {#text} at (0,0) size 112x18
          text run at (0,0) width 112: "Dummy text."
      RenderBlock {DIV} at (0,2770) size 784x18 [color=#C0C0C0]
        RenderText {#text} at (0,0) size 112x18
          text run at (0,0) width 112: "Dummy text."
      RenderBlock {DIV} at (0,2788) size 784x18 [color=#C0C0C0]
        RenderText {#text} at (0,0) size 112x18
          text run at (0,0) width 112: "Dummy text."
      RenderBlock {DIV} at (0,2806) size 784x18 [color=#C0C0C0]
        RenderText {#text} at (0,0) size 112x18
          text run at (0,0) width 112: "Dummy text."
      RenderBlock {DIV} at (0,2824) size 784x18 [color=#C0C0C0]
        RenderText {#text} at (0,0) size 112x18
          text run at (0,0) width 112: "Dummy text."
      RenderBlock {DIV} at (0,2842) size 784x18 [color=#C0C0C0]
        RenderText {#text} at (0,0) size 112x18
          text run at (0,0) width 112: "Dummy text."
      RenderBlock {DIV} at (0,2860) size 784x18 [color=#C0C0C0]
        RenderText {#text} at (0,0) size 112x18
          text run at (0,0) width 112: "Dummy text."
      RenderBlock {DIV} at (0,2878) size 784x18 [color=#C0C0C0]
        RenderText {#text} at (0,0) size 112x18
          text run at (0,0) width 112: "Dummy text."
      RenderBlock {DIV} at (0,2896) size 784x18 [color=#C0C0C0]
        RenderText {#text} at (0,0) size 112x18
          text run at (0,0) width 112: "Dummy text."
      RenderBlock {DIV} at (0,2914) size 784x18 [color=#C0C0C0]
        RenderText {#text} at (0,0) size 112x18
          text run at (0,0) width 112: "Dummy text."
