layer at (0,0) size 800x600
  RenderView at (0,0) size 800x600
layer at (0,0) size 800x470
  RenderBlock {HTML} at (0,0) size 800x470
    RenderBody {BODY} at (8,17) size 784x436
      RenderBlock {P} at (0,0) size 784x18 [color=#000080]
        RenderText {#text} at (0,0) size 276x18
          text run at (0,0) width 276: "This sentence should be normal."
      RenderBlock {P} at (0,35) size 784x18 [color=#000080]
        RenderText {#text} at (0,0) size 430x18
          text run at (0,0) width 430: "This sentence should be bolder than normal."
      RenderBlock {P} at (0,70) size 784x18 [color=#000080]
        RenderText {#text} at (0,0) size 288x18
          text run at (0,0) width 288: "This sentence should be bold."
      RenderBlock {H4} at (0,110) size 784x18 [color=#000080]
        RenderText {#text} at (0,0) size 293x18
          text run at (0,0) width 293: "Whatever this line looks like..."
      RenderBlock {H4} at (0,150) size 784x18 [color=#000080]
        RenderText {#text} at (0,0) size 470x18
          text run at (0,0) width 470: "...this line should look bolder (or the same)."
      RenderBlock {P} at (0,190) size 784x18 [color=#000080]
        RenderInline {B} at (0,0) size 276x18
          RenderText {#text} at (0,0) size 276x18
            text run at (0,0) width 276: "This sentence should be normal."
        RenderText {#text} at (0,0) size 0x0
      RenderBlock {P} at (0,225) size 784x18 [color=#000080]
        RenderText {#text} at (0,0) size 297x18
          text run at (0,0) width 297: "This sentence should be very light."
      RenderBlock {P} at (0,260) size 784x18 [color=#000080]
        RenderText {#text} at (0,0) size 458x18
          text run at (0,0) width 458: "This sentence should be slightly bolder (or the same)."
      RenderBlock {P} at (0,295) size 784x18 [color=#000080]
        RenderText {#text} at (0,0) size 510x18
          text run at (0,0) width 510: "This sentence should be slightly bolder again (or the same)."
      RenderBlock {P} at (0,330) size 784x18 [color=#000080]
        RenderText {#text} at (0,0) size 614x18
          text run at (0,0) width 614: "This sentence should be slightly bolder still (but not the same)."
      RenderBlock {P} at (0,365) size 784x36 [color=#000080]
        RenderText {#text} at (0,0) size 763x36
          text run at (0,0) width 763: "This sentence should be the most bold (and maybe the same as the last"
          text run at (0,18) width 55: "one)."
      RenderBlock {P} at (0,418) size 784x18 [color=#000080]
        RenderText {#text} at (0,0) size 294x18
          text run at (0,0) width 294: "This sentence should be bold. "
        RenderInline {SPAN} at (0,0) size 276x18
          RenderText {#text} at (294,0) size 276x18
            text run at (294,0) width 276: "This sentence should be normal."
        RenderText {#text} at (0,0) size 0x0
