layer at (0,0) size 800x600
  RenderView at (0,0) size 800x600
layer at (0,0) size 800x366
  RenderBlock {HTML} at (0,0) size 800x366
    RenderBody {BODY} at (8,17) size 784x341
      RenderBlock {P} at (0,0) size 784x36
        RenderText {#text} at (0,0) size 755x36
          text run at (0,0) width 755: "There should be a stripy pattern of yellow and aqua below (each vertical stripe should be"
          text run at (0,18) width 202: "straight and unbroken)."
      RenderBlock {DIV} at (0,53) size 432x24 [color=#00FFFF] [bgcolor=#FFFF00]
        RenderText {#text} at (0,0) size 360x25
          text run at (0,0) width 360: "x x   x x   x x"
      RenderBlock {DIV} at (0,77) size 432x24 [color=#00FFFF] [bgcolor=#FFFF00]
        RenderText {#text} at (0,0) size 360x25
          text run at (0,0) width 360: "x x   x x   x x"
      RenderBlock {DIV} at (0,101) size 432x24 [color=#00FFFF] [bgcolor=#FFFF00]
        RenderText {#text} at (0,0) size 360x25
          text run at (0,0) width 360: "x x   x x   x x"
      RenderBlock {DIV} at (0,125) size 432x24 [color=#00FFFF] [bgcolor=#FFFF00]
        RenderText {#text} at (0,0) size 384x25
          text run at (0,0) width 384: "xx xx xx"
      RenderBlock {DIV} at (0,149) size 432x24 [color=#00FFFF] [bgcolor=#FFFF00]
        RenderText {#text} at (0,0) size 384x25
          text run at (0,0) width 384: "xx xx xx"
      RenderBlock {DIV} at (0,173) size 432x24 [color=#00FFFF] [bgcolor=#FFFF00]
        RenderText {#text} at (0,0) size 384x25
          text run at (0,0) width 384: "xx xx xx"
      RenderBlock {DIV} at (0,197) size 432x24 [color=#00FFFF] [bgcolor=#FFFF00]
        RenderText {#text} at (0,0) size 384x25
          text run at (0,0) width 384: "xx xx xx"
      RenderBlock {DIV} at (0,221) size 432x24 [color=#00FFFF] [bgcolor=#FFFF00]
        RenderText {#text} at (0,0) size 384x25
          text run at (0,0) width 384: "xx xx xx"
      RenderBlock {DIV} at (0,245) size 432x24 [color=#00FFFF] [bgcolor=#FFFF00]
        RenderText {#text} at (0,0) size 384x25
          text run at (0,0) width 384: "xx xx xx"
      RenderBlock {DIV} at (0,269) size 432x48 [color=#00FFFF] [bgcolor=#FFFF00]
        RenderText {#text} at (0,0) size 275x49
          text run at (0,0) width 275: "xx xx"
          text run at (0,24) width 110: "xx"
      RenderBlock {DIV} at (0,317) size 432x24 [color=#00FFFF] [bgcolor=#FFFF00]
        RenderText {#text} at (0,0) size 384x25
          text run at (0,0) width 384: "xx xx xx"
