layer at (0,0) size 800x600
  RenderView at (0,0) size 800x600
layer at (0,0) size 800x105
  RenderBlock {HTML} at (0,0) size 800x105
    RenderBody {BODY} at (8,17) size 784x80
      RenderBlock {P} at (0,0) size 784x18
        RenderText {#text} at (0,0) size 552x18
          text run at (0,0) width 552: "There should be a single small column of blue below with no red:"
      RenderBlock {DIV} at (0,35) size 784x15
        RenderImage {IMG} at (384,0) size 15x15
      RenderBlock {DIV} at (0,50) size 784x15
        RenderImage {IMG} at (384,0) size 15x15
      RenderBlock {DIV} at (0,65) size 784x15 [color=#0000FF]
        RenderText {#text} at (384,0) size 15x15
          text run at (384,0) width 15: "X"
