layer at (0,0) size 800x600
  RenderView at (0,0) size 800x600
layer at (0,0) size 800x249
  RenderBlock {HTML} at (0,0) size 800x249
    RenderBody {BODY} at (8,17) size 784x224
      RenderBlock {P} at (0,0) size 784x18
        RenderText {#text} at (0,0) size 428x18
          text run at (0,0) width 428: "There should be no red borders on the table below"
      RenderTable {TABLE} at (0,35) size 158x189 [border: (2px none #808080)]
        RenderTableSection {TBODY} at (2,2) size 153x184
          RenderTableRow {TR} at (0,0) size 153x61
            RenderTableCell {TD} at (0,18) size 50x25 [border: (3px solid #00FF00)] [r=0 c=0 rs=1 cs=1]
              RenderText {#text} at (4,4) size 40x18
                text run at (4,4) width 40: "solid"
            RenderTableCell {TD} at (50,16) size 54x28 [border: (3px solid #00FF00) (5px solid #FF0000) (3px solid #00FF00)] [r=0 c=1 rs=1 cs=1]
              RenderText {#text} at (4,4) size 40x18
                text run at (4,4) width 40: "solid"
            RenderTableCell {TD} at (104,18) size 49x25 [border: (3px solid #00FF00)] [r=0 c=2 rs=1 cs=1]
              RenderText {#text} at (4,4) size 40x18
                text run at (4,4) width 40: "solid"
          RenderTableRow {TR} at (0,61) size 153x63
            RenderTableCell {TD} at (0,80) size 50x25 [border: (3px solid #00FF00) (5px solid #FF0000) (2px solid #00FF00)] [r=1 c=0 rs=1 cs=1]
              RenderText {#text} at (4,4) size 40x18
                text run at (4,4) width 40: "solid"
            RenderTableCell {TD} at (50,77) size 54x30 [border: (5px inset #00FF00)] [r=1 c=1 rs=1 cs=1]
              RenderText {#text} at (6,6) size 42x18
                text run at (6,6) width 42: "inset"
            RenderTableCell {TD} at (104,80) size 49x25 [border: (3px solid #00FF00) (5px solid #FF0000)] [r=1 c=2 rs=1 cs=1]
              RenderText {#text} at (6,4) size 40x18
                text run at (6,4) width 40: "solid"
          RenderTableRow {TR} at (0,124) size 153x60
            RenderTableCell {TD} at (0,141) size 50x25 [border: (3px solid #00FF00)] [r=2 c=0 rs=1 cs=1]
              RenderText {#text} at (4,4) size 40x18
                text run at (4,4) width 40: "solid"
            RenderTableCell {TD} at (50,140) size 54x27 [border: (5px solid #FF0000) (2px solid #00FF00)] [r=2 c=1 rs=1 cs=1]
              RenderText {#text} at (4,6) size 40x18
                text run at (4,6) width 40: "solid"
            RenderTableCell {TD} at (104,141) size 49x25 [border: (3px solid #00FF00)] [r=2 c=2 rs=1 cs=1]
              RenderText {#text} at (4,4) size 40x18
                text run at (4,4) width 40: "solid"
