layer at (0,0) size 800x600
  RenderView at (0,0) size 800x600
layer at (0,0) size 800x600
  RenderBlock {HTML} at (0,0) size 800x600
    RenderBody {BODY} at (8,8) size 784x584
      RenderBlock {P} at (0,0) size 784x40
        RenderText {#text} at (0,0) size 53x19
          text run at (0,0) width 53: "Test for "
        RenderInline {I} at (0,0) size 749x39
          RenderInline {A} at (0,0) size 337x19 [color=#0000EE]
            RenderText {#text} at (53,0) size 337x19
              text run at (53,0) width 337: "http://bugzilla.opendarwin.org/show_bug.cgi?id=9193"
          RenderText {#text} at (390,0) size 749x39
            text run at (390,0) width 4: " "
            text run at (394,0) width 355: "REGRESSION: setting an opacity on an element with an"
            text run at (0,20) width 316: "outline causes the outline to disappear completely"
        RenderText {#text} at (316,20) size 4x19
          text run at (316,20) width 4: "."
      RenderBlock {HR} at (0,54) size 784x2 [border: (1px inset #000000)]
layer at (8,71) size 100x100
  RenderBlock {DIV} at (0,63) size 100x100 [bgcolor=#C0C0C0]
