layer at (0,0) size 800x600
  RenderView at (0,0) size 800x600
layer at (0,0) size 800x600
  RenderBlock {HTML} at (0,0) size 800x600
    RenderBody {BODY} at (8,8) size 784x576
      RenderBlock {P} at (0,0) size 784x40
        RenderText {#text} at (0,0) size 210x19
          text run at (0,0) width 210: "This test requires Chromium Linux "
        RenderInline {TT} at (0,0) size 80x16
          RenderText {#text} at (210,3) size 80x16
            text run at (210,3) width 80: "test_shell"
        RenderText {#text} at (290,0) size 18x19
          text run at (290,0) width 18: " in "
        RenderInline {TT} at (0,0) size 104x16
          RenderText {#text} at (308,3) size 104x16
            text run at (308,3) width 104: "--layout-test"
        RenderText {#text} at (412,0) size 750x39
          text run at (412,0) width 306: " mode, as that forces some rendering settings used "
          text run at (718,0) width 32: "in the"
          text run at (0,20) width 89: "following tests."
      RenderBlock {OL} at (0,56) size 784x235
        RenderListItem {LI} at (40,0) size 744x55
          RenderBlock {P} at (0,0) size 744x20
            RenderListMarker at (-21,0) size 16x19: "1"
            RenderText {#text} at (0,0) size 318x19
              text run at (0,0) width 318: "The following text should render without anti-aliasing:"
          RenderBlock {P} at (0,36) size 744x19
            RenderText {#text} at (0,0) size 154x18
              text run at (0,0) width 154: "Non anti-aliased sans."
        RenderListItem {LI} at (40,71) size 744x74
          RenderBlock {P} at (0,0) size 744x40
            RenderListMarker at (-21,0) size 16x19: "2"
            RenderText {#text} at (0,0) size 665x39
              text run at (0,0) width 315: "The following text should be slightly-hinted Georgia. "
              text run at (315,0) width 57: "The dots "
              text run at (372,0) width 293: "should be equally spaced, and letters in the word"
              text run at (0,20) width 84: "\"government\" "
              text run at (84,20) width 392: "should be naturally spaced (without an ugly space before the \"e\")."
          RenderBlock {P} at (0,56) size 744x18
            RenderText {#text} at (0,0) size 218x18
              text run at (0,0) width 218: "government ................................"
        RenderListItem {LI} at (40,161) size 744x74
          RenderBlock {P} at (0,0) size 744x40
            RenderListMarker at (-21,0) size 16x19: "3"
            RenderText {#text} at (0,0) size 738x39
              text run at (0,0) width 377: "The following text should be unhinted Verdana. The fontconfig "
              text run at (377,0) width 361: "configuration for this is contradictory, setting both full-hinting"
              text run at (0,20) width 245: "and no-hinting. The latter should win out."
          RenderBlock {P} at (0,56) size 744x18
            RenderText {#text} at (0,0) size 632x18
              text run at (0,0) width 444: "Here is Tigger doing what tiggers do best \x{2026} operating "
              text run at (444,0) width 188: "hydraulic exoskeletons."
