layer at (0,0) size 800x2288
  RenderView at (0,0) size 800x600
layer at (0,0) size 800x600
  RenderBlock {HTML} at (0,0) size 800x600
    RenderBody {BODY} at (8,8) size 784x584
      RenderBlock (anonymous) at (0,0) size 784x19
        RenderText {#text} at (0,0) size 122x19
          text run at (0,0) width 122: "Content at the end."
        RenderText {#text} at (0,0) size 0x0
        RenderText {#text} at (0,0) size 0x0
layer at (8,8) size 16x2280
  RenderBlock (positioned) {DIV} at (0,0) size 16x2280
    RenderText {#text} at (0,0) size 8x19
      text run at (0,0) width 8: "1"
    RenderBR {BR} at (8,14) size 0x0
    RenderText {#text} at (0,19) size 8x19
      text run at (0,19) width 8: "2"
    RenderBR {BR} at (8,33) size 0x0
    RenderText {#text} at (0,38) size 8x19
      text run at (0,38) width 8: "3"
    RenderBR {BR} at (8,52) size 0x0
    RenderText {#text} at (0,57) size 8x19
      text run at (0,57) width 8: "4"
    RenderBR {BR} at (8,71) size 0x0
    RenderText {#text} at (0,76) size 8x19
      text run at (0,76) width 8: "5"
    RenderBR {BR} at (8,90) size 0x0
    RenderText {#text} at (0,95) size 8x19
      text run at (0,95) width 8: "6"
    RenderBR {BR} at (8,109) size 0x0
    RenderText {#text} at (0,114) size 8x19
      text run at (0,114) width 8: "7"
    RenderBR {BR} at (8,128) size 0x0
    RenderText {#text} at (0,133) size 8x19
      text run at (0,133) width 8: "8"
    RenderBR {BR} at (8,147) size 0x0
    RenderText {#text} at (0,152) size 8x19
      text run at (0,152) width 8: "9"
    RenderBR {BR} at (8,166) size 0x0
    RenderText {#text} at (0,171) size 16x19
      text run at (0,171) width 16: "10"
    RenderBR {BR} at (16,185) size 0x0
    RenderText {#text} at (0,190) size 16x19
      text run at (0,190) width 16: "11"
    RenderBR {BR} at (16,204) size 0x0
    RenderText {#text} at (0,209) size 16x19
      text run at (0,209) width 16: "12"
    RenderBR {BR} at (16,223) size 0x0
    RenderText {#text} at (0,228) size 16x19
      text run at (0,228) width 16: "13"
    RenderBR {BR} at (16,242) size 0x0
    RenderText {#text} at (0,247) size 16x19
      text run at (0,247) width 16: "14"
    RenderBR {BR} at (16,261) size 0x0
    RenderText {#text} at (0,266) size 16x19
      text run at (0,266) width 16: "15"
    RenderBR {BR} at (16,280) size 0x0
    RenderText {#text} at (0,285) size 16x19
      text run at (0,285) width 16: "16"
    RenderBR {BR} at (16,299) size 0x0
    RenderText {#text} at (0,304) size 16x19
      text run at (0,304) width 16: "17"
    RenderBR {BR} at (16,318) size 0x0
    RenderText {#text} at (0,323) size 16x19
      text run at (0,323) width 16: "18"
    RenderBR {BR} at (16,337) size 0x0
    RenderText {#text} at (0,342) size 16x19
      text run at (0,342) width 16: "19"
    RenderBR {BR} at (16,356) size 0x0
    RenderText {#text} at (0,361) size 16x19
      text run at (0,361) width 16: "20"
    RenderBR {BR} at (16,375) size 0x0
    RenderText {#text} at (0,380) size 8x19
      text run at (0,380) width 8: "1"
    RenderBR {BR} at (8,394) size 0x0
    RenderText {#text} at (0,399) size 8x19
      text run at (0,399) width 8: "2"
    RenderBR {BR} at (8,413) size 0x0
    RenderText {#text} at (0,418) size 8x19
      text run at (0,418) width 8: "3"
    RenderBR {BR} at (8,432) size 0x0
    RenderText {#text} at (0,437) size 8x19
      text run at (0,437) width 8: "4"
    RenderBR {BR} at (8,451) size 0x0
    RenderText {#text} at (0,456) size 8x19
      text run at (0,456) width 8: "5"
    RenderBR {BR} at (8,470) size 0x0
    RenderText {#text} at (0,475) size 8x19
      text run at (0,475) width 8: "6"
    RenderBR {BR} at (8,489) size 0x0
    RenderText {#text} at (0,494) size 8x19
      text run at (0,494) width 8: "7"
    RenderBR {BR} at (8,508) size 0x0
    RenderText {#text} at (0,513) size 8x19
      text run at (0,513) width 8: "8"
    RenderBR {BR} at (8,527) size 0x0
    RenderText {#text} at (0,532) size 8x19
      text run at (0,532) width 8: "9"
    RenderBR {BR} at (8,546) size 0x0
    RenderText {#text} at (0,551) size 16x19
      text run at (0,551) width 16: "10"
    RenderBR {BR} at (16,565) size 0x0
    RenderText {#text} at (0,570) size 16x19
      text run at (0,570) width 16: "11"
    RenderBR {BR} at (16,584) size 0x0
    RenderText {#text} at (0,589) size 16x19
      text run at (0,589) width 16: "12"
    RenderBR {BR} at (16,603) size 0x0
    RenderText {#text} at (0,608) size 16x19
      text run at (0,608) width 16: "13"
    RenderBR {BR} at (16,622) size 0x0
    RenderText {#text} at (0,627) size 16x19
      text run at (0,627) width 16: "14"
    RenderBR {BR} at (16,641) size 0x0
    RenderText {#text} at (0,646) size 16x19
      text run at (0,646) width 16: "15"
    RenderBR {BR} at (16,660) size 0x0
    RenderText {#text} at (0,665) size 16x19
      text run at (0,665) width 16: "16"
    RenderBR {BR} at (16,679) size 0x0
    RenderText {#text} at (0,684) size 16x19
      text run at (0,684) width 16: "17"
    RenderBR {BR} at (16,698) size 0x0
    RenderText {#text} at (0,703) size 16x19
      text run at (0,703) width 16: "18"
    RenderBR {BR} at (16,717) size 0x0
    RenderText {#text} at (0,722) size 16x19
      text run at (0,722) width 16: "19"
    RenderBR {BR} at (16,736) size 0x0
    RenderText {#text} at (0,741) size 16x19
      text run at (0,741) width 16: "20"
    RenderBR {BR} at (16,755) size 0x0
    RenderText {#text} at (0,760) size 8x19
      text run at (0,760) width 8: "1"
    RenderBR {BR} at (8,774) size 0x0
    RenderText {#text} at (0,779) size 8x19
      text run at (0,779) width 8: "2"
    RenderBR {BR} at (8,793) size 0x0
    RenderText {#text} at (0,798) size 8x19
      text run at (0,798) width 8: "3"
    RenderBR {BR} at (8,812) size 0x0
    RenderText {#text} at (0,817) size 8x19
      text run at (0,817) width 8: "4"
    RenderBR {BR} at (8,831) size 0x0
    RenderText {#text} at (0,836) size 8x19
      text run at (0,836) width 8: "5"
    RenderBR {BR} at (8,850) size 0x0
    RenderText {#text} at (0,855) size 8x19
      text run at (0,855) width 8: "6"
    RenderBR {BR} at (8,869) size 0x0
    RenderText {#text} at (0,874) size 8x19
      text run at (0,874) width 8: "7"
    RenderBR {BR} at (8,888) size 0x0
    RenderText {#text} at (0,893) size 8x19
      text run at (0,893) width 8: "8"
    RenderBR {BR} at (8,907) size 0x0
    RenderText {#text} at (0,912) size 8x19
      text run at (0,912) width 8: "9"
    RenderBR {BR} at (8,926) size 0x0
    RenderText {#text} at (0,931) size 16x19
      text run at (0,931) width 16: "10"
    RenderBR {BR} at (16,945) size 0x0
    RenderText {#text} at (0,950) size 16x19
      text run at (0,950) width 16: "11"
    RenderBR {BR} at (16,964) size 0x0
    RenderText {#text} at (0,969) size 16x19
      text run at (0,969) width 16: "12"
    RenderBR {BR} at (16,983) size 0x0
    RenderText {#text} at (0,988) size 16x19
      text run at (0,988) width 16: "13"
    RenderBR {BR} at (16,1002) size 0x0
    RenderText {#text} at (0,1007) size 16x19
      text run at (0,1007) width 16: "14"
    RenderBR {BR} at (16,1021) size 0x0
    RenderText {#text} at (0,1026) size 16x19
      text run at (0,1026) width 16: "15"
    RenderBR {BR} at (16,1040) size 0x0
    RenderText {#text} at (0,1045) size 16x19
      text run at (0,1045) width 16: "16"
    RenderBR {BR} at (16,1059) size 0x0
    RenderText {#text} at (0,1064) size 16x19
      text run at (0,1064) width 16: "17"
    RenderBR {BR} at (16,1078) size 0x0
    RenderText {#text} at (0,1083) size 16x19
      text run at (0,1083) width 16: "18"
    RenderBR {BR} at (16,1097) size 0x0
    RenderText {#text} at (0,1102) size 16x19
      text run at (0,1102) width 16: "19"
    RenderBR {BR} at (16,1116) size 0x0
    RenderText {#text} at (0,1121) size 16x19
      text run at (0,1121) width 16: "20"
    RenderBR {BR} at (16,1135) size 0x0
    RenderText {#text} at (0,1140) size 8x19
      text run at (0,1140) width 8: "1"
    RenderBR {BR} at (8,1154) size 0x0
    RenderText {#text} at (0,1159) size 8x19
      text run at (0,1159) width 8: "2"
    RenderBR {BR} at (8,1173) size 0x0
    RenderText {#text} at (0,1178) size 8x19
      text run at (0,1178) width 8: "3"
    RenderBR {BR} at (8,1192) size 0x0
    RenderText {#text} at (0,1197) size 8x19
      text run at (0,1197) width 8: "4"
    RenderBR {BR} at (8,1211) size 0x0
    RenderText {#text} at (0,1216) size 8x19
      text run at (0,1216) width 8: "5"
    RenderBR {BR} at (8,1230) size 0x0
    RenderText {#text} at (0,1235) size 8x19
      text run at (0,1235) width 8: "6"
    RenderBR {BR} at (8,1249) size 0x0
    RenderText {#text} at (0,1254) size 8x19
      text run at (0,1254) width 8: "7"
    RenderBR {BR} at (8,1268) size 0x0
    RenderText {#text} at (0,1273) size 8x19
      text run at (0,1273) width 8: "8"
    RenderBR {BR} at (8,1287) size 0x0
    RenderText {#text} at (0,1292) size 8x19
      text run at (0,1292) width 8: "9"
    RenderBR {BR} at (8,1306) size 0x0
    RenderText {#text} at (0,1311) size 16x19
      text run at (0,1311) width 16: "10"
    RenderBR {BR} at (16,1325) size 0x0
    RenderText {#text} at (0,1330) size 16x19
      text run at (0,1330) width 16: "11"
    RenderBR {BR} at (16,1344) size 0x0
    RenderText {#text} at (0,1349) size 16x19
      text run at (0,1349) width 16: "12"
    RenderBR {BR} at (16,1363) size 0x0
    RenderText {#text} at (0,1368) size 16x19
      text run at (0,1368) width 16: "13"
    RenderBR {BR} at (16,1382) size 0x0
    RenderText {#text} at (0,1387) size 16x19
      text run at (0,1387) width 16: "14"
    RenderBR {BR} at (16,1401) size 0x0
    RenderText {#text} at (0,1406) size 16x19
      text run at (0,1406) width 16: "15"
    RenderBR {BR} at (16,1420) size 0x0
    RenderText {#text} at (0,1425) size 16x19
      text run at (0,1425) width 16: "16"
    RenderBR {BR} at (16,1439) size 0x0
    RenderText {#text} at (0,1444) size 16x19
      text run at (0,1444) width 16: "17"
    RenderBR {BR} at (16,1458) size 0x0
    RenderText {#text} at (0,1463) size 16x19
      text run at (0,1463) width 16: "18"
    RenderBR {BR} at (16,1477) size 0x0
    RenderText {#text} at (0,1482) size 16x19
      text run at (0,1482) width 16: "19"
    RenderBR {BR} at (16,1496) size 0x0
    RenderText {#text} at (0,1501) size 16x19
      text run at (0,1501) width 16: "20"
    RenderBR {BR} at (16,1515) size 0x0
    RenderText {#text} at (0,1520) size 8x19
      text run at (0,1520) width 8: "1"
    RenderBR {BR} at (8,1534) size 0x0
    RenderText {#text} at (0,1539) size 8x19
      text run at (0,1539) width 8: "2"
    RenderBR {BR} at (8,1553) size 0x0
    RenderText {#text} at (0,1558) size 8x19
      text run at (0,1558) width 8: "3"
    RenderBR {BR} at (8,1572) size 0x0
    RenderText {#text} at (0,1577) size 8x19
      text run at (0,1577) width 8: "4"
    RenderBR {BR} at (8,1591) size 0x0
    RenderText {#text} at (0,1596) size 8x19
      text run at (0,1596) width 8: "5"
    RenderBR {BR} at (8,1610) size 0x0
    RenderText {#text} at (0,1615) size 8x19
      text run at (0,1615) width 8: "6"
    RenderBR {BR} at (8,1629) size 0x0
    RenderText {#text} at (0,1634) size 8x19
      text run at (0,1634) width 8: "7"
    RenderBR {BR} at (8,1648) size 0x0
    RenderText {#text} at (0,1653) size 8x19
      text run at (0,1653) width 8: "8"
    RenderBR {BR} at (8,1667) size 0x0
    RenderText {#text} at (0,1672) size 8x19
      text run at (0,1672) width 8: "9"
    RenderBR {BR} at (8,1686) size 0x0
    RenderText {#text} at (0,1691) size 16x19
      text run at (0,1691) width 16: "10"
    RenderBR {BR} at (16,1705) size 0x0
    RenderText {#text} at (0,1710) size 16x19
      text run at (0,1710) width 16: "11"
    RenderBR {BR} at (16,1724) size 0x0
    RenderText {#text} at (0,1729) size 16x19
      text run at (0,1729) width 16: "12"
    RenderBR {BR} at (16,1743) size 0x0
    RenderText {#text} at (0,1748) size 16x19
      text run at (0,1748) width 16: "13"
    RenderBR {BR} at (16,1762) size 0x0
    RenderText {#text} at (0,1767) size 16x19
      text run at (0,1767) width 16: "14"
    RenderBR {BR} at (16,1781) size 0x0
    RenderText {#text} at (0,1786) size 16x19
      text run at (0,1786) width 16: "15"
    RenderBR {BR} at (16,1800) size 0x0
    RenderText {#text} at (0,1805) size 16x19
      text run at (0,1805) width 16: "16"
    RenderBR {BR} at (16,1819) size 0x0
    RenderText {#text} at (0,1824) size 16x19
      text run at (0,1824) width 16: "17"
    RenderBR {BR} at (16,1838) size 0x0
    RenderText {#text} at (0,1843) size 16x19
      text run at (0,1843) width 16: "18"
    RenderBR {BR} at (16,1857) size 0x0
    RenderText {#text} at (0,1862) size 16x19
      text run at (0,1862) width 16: "19"
    RenderBR {BR} at (16,1876) size 0x0
    RenderText {#text} at (0,1881) size 16x19
      text run at (0,1881) width 16: "20"
    RenderBR {BR} at (16,1895) size 0x0
    RenderText {#text} at (0,1900) size 8x19
      text run at (0,1900) width 8: "1"
    RenderBR {BR} at (8,1914) size 0x0
    RenderText {#text} at (0,1919) size 8x19
      text run at (0,1919) width 8: "2"
    RenderBR {BR} at (8,1933) size 0x0
    RenderText {#text} at (0,1938) size 8x19
      text run at (0,1938) width 8: "3"
    RenderBR {BR} at (8,1952) size 0x0
    RenderText {#text} at (0,1957) size 8x19
      text run at (0,1957) width 8: "4"
    RenderBR {BR} at (8,1971) size 0x0
    RenderText {#text} at (0,1976) size 8x19
      text run at (0,1976) width 8: "5"
    RenderBR {BR} at (8,1990) size 0x0
    RenderText {#text} at (0,1995) size 8x19
      text run at (0,1995) width 8: "6"
    RenderBR {BR} at (8,2009) size 0x0
    RenderText {#text} at (0,2014) size 8x19
      text run at (0,2014) width 8: "7"
    RenderBR {BR} at (8,2028) size 0x0
    RenderText {#text} at (0,2033) size 8x19
      text run at (0,2033) width 8: "8"
    RenderBR {BR} at (8,2047) size 0x0
    RenderText {#text} at (0,2052) size 8x19
      text run at (0,2052) width 8: "9"
    RenderBR {BR} at (8,2066) size 0x0
    RenderText {#text} at (0,2071) size 16x19
      text run at (0,2071) width 16: "10"
    RenderBR {BR} at (16,2085) size 0x0
    RenderText {#text} at (0,2090) size 16x19
      text run at (0,2090) width 16: "11"
    RenderBR {BR} at (16,2104) size 0x0
    RenderText {#text} at (0,2109) size 16x19
      text run at (0,2109) width 16: "12"
    RenderBR {BR} at (16,2123) size 0x0
    RenderText {#text} at (0,2128) size 16x19
      text run at (0,2128) width 16: "13"
    RenderBR {BR} at (16,2142) size 0x0
    RenderText {#text} at (0,2147) size 16x19
      text run at (0,2147) width 16: "14"
    RenderBR {BR} at (16,2161) size 0x0
    RenderText {#text} at (0,2166) size 16x19
      text run at (0,2166) width 16: "15"
    RenderBR {BR} at (16,2180) size 0x0
    RenderText {#text} at (0,2185) size 16x19
      text run at (0,2185) width 16: "16"
    RenderBR {BR} at (16,2199) size 0x0
    RenderText {#text} at (0,2204) size 16x19
      text run at (0,2204) width 16: "17"
    RenderBR {BR} at (16,2218) size 0x0
    RenderText {#text} at (0,2223) size 16x19
      text run at (0,2223) width 16: "18"
    RenderBR {BR} at (16,2237) size 0x0
    RenderText {#text} at (0,2242) size 16x19
      text run at (0,2242) width 16: "19"
    RenderBR {BR} at (16,2256) size 0x0
    RenderText {#text} at (0,2261) size 16x19
      text run at (0,2261) width 16: "20"
    RenderBR {BR} at (16,2275) size 0x0
