layer at (0,0) size 800x600
  RenderView at (0,0) size 800x600
layer at (0,0) size 800x600
  RenderBlock {HTML} at (0,0) size 800x600
    RenderBody {BODY} at (8,8) size 784x578
      RenderBlock {P} at (0,0) size 784x19
        RenderText {#text} at (0,0) size 98x19
          text run at (0,0) width 98: "First paragraph"
      RenderBlock {P} at (0,33) size 784x38
        RenderText {#text} at (0,0) size 234x19
          text run at (0,0) width 234: "Here is some regular paragraph text "
        RenderText {#text} at (78,19) size 105x19
          text run at (78,19) width 105: "Some more text."
      RenderBlock {P} at (0,85) size 784x19
        RenderText {#text} at (0,0) size 543x19
          text run at (0,0) width 543: "The image gets erroneously positioned to the top/left corner of the paragraph instead."
layer at (8,41) size 748x38
  RenderInline (relative positioned) {SPAN} at (0,0) size 748x38 [bgcolor=#90EE90]
    RenderText {#text} at (234,0) size 748x38
      text run at (234,0) width 514: "The image (found or not) should be positioned at the top/left corner of this green-"
      text run at (0,19) width 78: "shaded text "
layer at (242,41) size 42x42
  RenderImage {IMG} at (0,0) size 42x42 [border: (1px solid #000000)]
