layer at (0,0) size 800x600
  RenderView at (0,0) size 800x600
layer at (0,0) size 800x0
  RenderBlock {HTML} at (0,0) size 800x0
layer at (8,8) size 784x58
  RenderBody {BODY} at (8,8) size 784x58
    RenderBlock {DIV} at (0,0) size 784x58
      RenderText {#text} at (0,0) size 128x19
        text run at (0,0) width 128: "You should see two "
      RenderInline {I} at (0,0) size 108x19
        RenderText {#text} at (128,0) size 108x19
          text run at (128,0) width 108: "vertically stacked"
      RenderText {#text} at (236,0) size 777x58
        text run at (236,0) width 160: " green rectangles below. "
        text run at (396,0) width 179: "Each one is 100 pixels wide "
        text run at (575,0) width 114: "and 50 pixels tall. "
        text run at (689,0) width 58: "If the two"
        text run at (0,20) width 401: "green rectangles are on the same line, then the test has failed. "
        text run at (401,20) width 264: "This is a test of section 10.3.7 in CSS2.1. "
        text run at (665,20) width 112: "In particular it is a"
        text run at (0,39) width 215: "test of the shrink-to-fit algorithm's "
        text run at (215,39) width 244: "preferred minimum width computation."
layer at (8,66) size 100x110
  RenderBlock (positioned) {DIV} at (0,0) size 100x110
    RenderBlock {SPAN} at (0,0) size 100x50 [bgcolor=#008000]
    RenderText {#text} at (0,0) size 0x0
    RenderBlock {SPAN} at (0,55) size 100x50 [bgcolor=#008000]
    RenderText {#text} at (0,0) size 0x0
