layer at (0,0) size 800x600
  RenderView at (0,0) size 800x600
layer at (0,0) size 800x600
  RenderBlock {HTML} at (0,0) size 800x600
    RenderBody {BODY} at (8,8) size 784x584
layer at (8,8) size 107x76
  RenderBlock (positioned) {SPAN} at (0,0) size 107x76
    RenderText {#text} at (0,0) size 107x76
      text run at (0,0) width 107: "position:absolute"
      text run at (0,19) width 72: "span inside"
      text run at (0,38) width 99: "position:relative"
      text run at (0,57) width 31: "span"
