layer at (0,0) size 800x600
  RenderView at (0,0) size 800x600
layer at (0,0) size 800x600
  RenderBlock {HTML} at (0,0) size 800x600
    RenderBody {BODY} at (8,8) size 784x578
      RenderBlock {P} at (0,0) size 784x19
        RenderText {#text} at (0,0) size 321x19
          text run at (0,0) width 321: "The black outline box should stretch from the right "
        RenderInline {SPAN} at (0,0) size 27x19 [color=#0000FF]
          RenderText {#text} at (321,0) size 27x19
            text run at (321,0) width 27: "blue"
        RenderText {#text} at (348,0) size 117x19
          text run at (348,0) width 117: " border, to the left "
        RenderInline {SPAN} at (0,0) size 45x19 [color=#FFA500]
          RenderText {#text} at (465,0) size 45x19
            text run at (465,0) width 45: "orange"
        RenderText {#text} at (510,0) size 50x19
          text run at (510,0) width 50: " border."
      RenderBlock {P} at (0,33) size 600x19
        RenderText {#text} at (415,0) size 185x19
          text run at (415,0) width 185 RTL override: "ILorem ipsum dolor sit amet, "
        RenderText {#text} at (3,0) size 174x19
          text run at (3,0) width 174 RTL override: "irure dolor in reprehenderit."
layer at (8,41) size 218x21
  RenderInline (relative positioned) {SPAN} at (0,0) size 218x21 [bgcolor=#008000] [border: (1px solid #808080) (20px solid #0000FF) (1px solid #808080) (20px solid #FFA500)]
    RenderText {#text} at (279,0) size 96x19
      text run at (279,0) width 96 RTL override: "con a pariatur. "
    RenderText {#text} at (217,0) size 62x19
      text run at (217,0) width 62 RTL override: "duis aute "
layer at (215,41) size 178x19
  RenderBlock (positioned) {DIV} at (20,1) size 178x19
