layer at (0,0) size 800x600
  RenderView at (0,0) size 800x600
layer at (0,0) size 800x600
  RenderBlock {HTML} at (0,0) size 800x600
    RenderBody {BODY} at (42,42) size 716x516
      RenderBlock {P} at (0,0) size 716x38
        RenderText {#text} at (0,0) size 662x38
          text run at (0,0) width 662: "This test checks for a regression against rdar://problem/4364302 leftmargin and topmargin should match"
          text run at (0,19) width 275: "marginwidth and marginheight respectively."
      RenderBlock {P} at (0,52) size 716x19
        RenderText {#text} at (0,0) size 461x19
          text run at (0,0) width 461: "If it passes, the left, top, right, and bottom margins of the page will be 42."
