layer at (0,0) size 800x600
  RenderView at (0,0) size 800x600
layer at (0,0) size 800x600
  RenderBlock {HTML} at (0,0) size 800x600
    RenderBody {BODY} at (8,8) size 784x578
      RenderBlock {OL} at (0,0) size 784x38
        RenderListItem {LI} at (40,0) size 744x19
          RenderListMarker at (-20,0) size 16x19: "1"
          RenderText {#text} at (0,0) size 156x19
            text run at (0,0) width 156: "Make text bigger/smaller"
        RenderListItem {LI} at (40,19) size 744x19
          RenderListMarker at (-20,0) size 16x19: "2"
          RenderText {#text} at (0,0) size 209x19
            text run at (0,0) width 209: "Make the window narrower/wider"
layer at (8,60) size 129x25
  RenderBlock (positioned) {DIV} at (8,60) size 129x25 [border: (3px solid #000000)]
    RenderText {#text} at (43,3) size 83x19
      text run at (43,3) width 83: "Lorem ipsum"
