layer at (0,0) size 800x600
  RenderView at (0,0) size 800x600
layer at (0,0) size 800x600
  RenderBlock {HTML} at (0,0) size 800x600
    RenderBody {BODY} at (8,8) size 784x578
      RenderBlock (anonymous) at (0,0) size 784x19
        RenderText {#text} at (0,0) size 439x19
          text run at (0,0) width 439: "This is a test for bug 3166276. Set the following preferences to see it:"
      RenderBlock {UL} at (0,33) size 784x38
        RenderListItem {LI} at (40,0) size 744x19
          RenderListMarker at (-17,0) size 7x19: bullet
          RenderText {#text} at (0,0) size 217x19
            text run at (0,0) width 217: "Proportional font -- Times 15 point"
        RenderListItem {LI} at (40,19) size 744x19
          RenderListMarker at (-17,0) size 7x19: bullet
          RenderText {#text} at (0,0) size 224x19
            text run at (0,0) width 224: "Fixed width font -- Monaco 11 point"
      RenderBlock {P} at (0,85) size 784x67
        RenderTable {TABLE} at (0,0) size 784x67 [border: (1px outset #808080)]
          RenderTableSection {TBODY} at (1,1) size 782x65
            RenderTableRow {TR} at (0,2) size 782x61
              RenderTableCell {TD} at (2,2) size 778x61 [border: (1px inset #808080)] [r=0 c=0 rs=1 cs=1]
                RenderText {#text} at (2,2) size 119x19
                  text run at (2,2) width 119: "The following text: "
                RenderInline {TT} at (0,0) size 68x19
                  RenderText {#text} at (121,2) size 68x19
                    text run at (121,2) width 68: "hello world"
                RenderText {#text} at (189,2) size 772x57
                  text run at (189,2) width 585: ", is written using the <tt> tag. It should show up as Monaco 11 point, but instead it is showing"
                  text run at (2,21) width 772: "up as Monaco 15 point. The font is correct, but the point size is whatever is set for the proportional font. Note that this only"
                  text run at (2,40) width 202: "happens to text inside a <table>"
      RenderBlock {P} at (0,166) size 784x19
        RenderText {#text} at (0,0) size 295x19
          text run at (0,0) width 295: "Here is the same text again outside a <table>: "
        RenderInline {TT} at (0,0) size 68x19
          RenderText {#text} at (295,0) size 68x19
            text run at (295,0) width 68: "hello world"
        RenderText {#text} at (363,0) size 229x19
          text run at (363,0) width 229: ". Notice it is displayed correctly now."
        RenderText {#text} at (0,0) size 0x0
