layer at (0,0) size 800x600
  RenderView at (0,0) size 800x600
layer at (0,0) size 800x600
  RenderBlock {HTML} at (0,0) size 800x600
    RenderBody {BODY} at (8,8) size 784x584
      RenderTable {TABLE} at (0,0) size 153x44
        RenderTableSection {TBODY} at (0,0) size 153x44
          RenderTableRow {TR} at (0,2) size 153x40
            RenderTableCell {TD} at (2,2) size 48x40 [r=0 c=0 rs=1 cs=1]
              RenderText {#text} at (1,1) size 46x38
                text run at (1,1) width 28: "first-"
                text run at (1,20) width 46: "column"
            RenderTableCell {TD} at (52,11) size 99x21 [bgcolor=#BBBBBB] [r=0 c=1 rs=1 cs=1]
              RenderText {#text} at (1,1) size 97x19
                text run at (1,1) width 97: "second-column"
