layer at (0,0) size 800x766
  RenderView at (0,0) size 800x600
layer at (0,0) size 800x766
  RenderBlock {HTML} at (0,0) size 800x766
    RenderBody {BODY} at (8,8) size 784x744
      RenderTable {TABLE} at (0,0) size 784x84
        RenderTableSection {TBODY} at (0,0) size 784x84
          RenderTableRow {TR} at (0,2) size 784x80
            RenderTableCell {TD} at (2,30) size 704x23 [border: (1px solid #008000)] [r=0 c=0 rs=1 cs=1]
              RenderText {#text} at (2,2) size 8x19
                text run at (2,2) width 8: "1"
            RenderTableCell {TD} at (708,2) size 60x80 [border: (1px solid #008000)] [r=0 c=1 rs=1 cs=1]
              RenderText {#text} at (2,2) size 56x76
                text run at (2,2) width 55: "See, this"
                text run at (2,21) width 34: "is the"
                text run at (2,40) width 56: "problem."
                text run at (2,59) width 43: "It will..."
            RenderTableCell {TD} at (770,30) size 12x23 [border: (1px solid #008000)] [r=0 c=2 rs=1 cs=1]
              RenderText {#text} at (2,2) size 8x19
                text run at (2,2) width 8: "3"
      RenderBlock {P} at (0,98) size 784x0
      RenderTable {TABLE} at (0,98) size 784x206
        RenderTableSection {TBODY} at (0,0) size 784x206
          RenderTableRow {TR} at (0,2) size 784x202
            RenderTableCell {TD} at (2,2) size 780x202 [border: (1px solid #008000)] [r=0 c=0 rs=1 cs=1]
              RenderTable {TABLE} at (2,2) size 776x198
                RenderTableSection {TBODY} at (0,0) size 776x198
                  RenderTableRow {TR} at (0,2) size 776x194
                    RenderTableCell {TD} at (2,87) size 696x23 [border: (1px solid #008000)] [r=0 c=0 rs=1 cs=1]
                      RenderText {#text} at (2,2) size 8x19
                        text run at (2,2) width 8: "1"
                    RenderTableCell {TD} at (700,2) size 60x194 [border: (1px solid #008000)] [r=0 c=1 rs=1 cs=1]
                      RenderText {#text} at (2,2) size 56x190
                        text run at (2,2) width 55: "See, this"
                        text run at (2,21) width 34: "is the"
                        text run at (2,40) width 56: "problem."
                        text run at (2,59) width 42: "S See,"
                        text run at (2,78) width 36: "this is"
                        text run at (2,97) width 20: "the"
                        text run at (2,116) width 56: "problem."
                        text run at (2,135) width 55: "See, this"
                        text run at (2,154) width 34: "is the"
                        text run at (2,173) width 56: "problem."
                    RenderTableCell {TD} at (762,87) size 12x23 [border: (1px solid #008000)] [r=0 c=2 rs=1 cs=1]
                      RenderText {#text} at (2,2) size 8x19
                        text run at (2,2) width 8: "3"
      RenderBlock {P} at (0,318) size 784x0
      RenderTable {TABLE} at (0,318) size 524x206
        RenderTableSection {TBODY} at (0,0) size 524x206
          RenderTableRow {TR} at (0,2) size 524x202
            RenderTableCell {TD} at (2,2) size 520x202 [border: (1px solid #008000)] [r=0 c=0 rs=1 cs=1]
              RenderTable {TABLE} at (2,2) size 516x198
                RenderTableSection {TBODY} at (0,0) size 516x198
                  RenderTableRow {TR} at (0,2) size 516x194
                    RenderTableCell {TD} at (2,87) size 436x23 [border: (1px solid #008000)] [r=0 c=0 rs=1 cs=1]
                      RenderText {#text} at (2,2) size 8x19
                        text run at (2,2) width 8: "1"
                    RenderTableCell {TD} at (440,2) size 60x194 [border: (1px solid #008000)] [r=0 c=1 rs=1 cs=1]
                      RenderText {#text} at (2,2) size 56x190
                        text run at (2,2) width 55: "See, this"
                        text run at (2,21) width 34: "is the"
                        text run at (2,40) width 56: "problem."
                        text run at (2,59) width 42: "S See,"
                        text run at (2,78) width 36: "this is"
                        text run at (2,97) width 20: "the"
                        text run at (2,116) width 56: "problem."
                        text run at (2,135) width 55: "See, this"
                        text run at (2,154) width 34: "is the"
                        text run at (2,173) width 56: "problem."
                    RenderTableCell {TD} at (502,87) size 12x23 [border: (1px solid #008000)] [r=0 c=2 rs=1 cs=1]
                      RenderText {#text} at (2,2) size 8x19
                        text run at (2,2) width 8: "3"
      RenderBlock {P} at (0,538) size 784x0
      RenderTable {TABLE} at (0,538) size 524x206
        RenderTableSection {TBODY} at (0,0) size 524x206
          RenderTableRow {TR} at (0,2) size 524x202
            RenderTableCell {TD} at (2,2) size 520x202 [border: (1px solid #008000)] [r=0 c=0 rs=1 cs=1]
              RenderBlock {DIV} at (2,2) size 516x198
                RenderTable {TABLE} at (0,0) size 516x198
                  RenderTableSection {TBODY} at (0,0) size 516x198
                    RenderTableRow {TR} at (0,2) size 516x194
                      RenderTableCell {TD} at (2,87) size 436x23 [border: (1px solid #008000)] [r=0 c=0 rs=1 cs=1]
                        RenderText {#text} at (2,2) size 8x19
                          text run at (2,2) width 8: "1"
                      RenderTableCell {TD} at (440,2) size 60x194 [border: (1px solid #008000)] [r=0 c=1 rs=1 cs=1]
                        RenderText {#text} at (2,2) size 56x190
                          text run at (2,2) width 55: "See, this"
                          text run at (2,21) width 34: "is the"
                          text run at (2,40) width 56: "problem."
                          text run at (2,59) width 42: "S See,"
                          text run at (2,78) width 36: "this is"
                          text run at (2,97) width 20: "the"
                          text run at (2,116) width 56: "problem."
                          text run at (2,135) width 55: "See, this"
                          text run at (2,154) width 34: "is the"
                          text run at (2,173) width 56: "problem."
                      RenderTableCell {TD} at (502,87) size 12x23 [border: (1px solid #008000)] [r=0 c=2 rs=1 cs=1]
                        RenderText {#text} at (2,2) size 8x19
                          text run at (2,2) width 8: "3"
      RenderBlock {P} at (0,758) size 784x0
