layer at (0,0) size 800x600
  RenderView at (0,0) size 800x600
layer at (0,0) size 800x600
  RenderBlock {HTML} at (0,0) size 800x600
    RenderBody {BODY} at (8,8) size 784x584
      RenderTable {TABLE} at (0,0) size 784x355
        RenderTableSection {TBODY} at (0,0) size 784x355
          RenderTableRow {TR} at (0,0) size 784x27
            RenderTableCell {TD} at (0,0) size 784x27 [border: (1px solid #008000)] [r=0 c=0 rs=1 cs=3]
              RenderText {#text} at (4,4) size 232x19
                text run at (4,4) width 138: "   Join Now   Sign In   "
                text run at (142,4) width 94: "   Personalize: "
              RenderInline {A} at (0,0) size 51x19
                RenderText {#text} at (236,4) size 51x19
                  text run at (236,4) width 51: "Settings"
              RenderText {#text} at (287,4) size 13x19
                text run at (287,4) width 13: " \x{2022} "
              RenderInline {A} at (0,0) size 50x19
                RenderText {#text} at (300,4) size 50x19
                  text run at (300,4) width 50: "Content"
              RenderText {#text} at (350,4) size 13x19
                text run at (350,4) width 13: " \x{2022} "
              RenderInline {A} at (0,0) size 43x19
                RenderText {#text} at (363,4) size 43x19
                  text run at (363,4) width 43: "Layout"
              RenderText {#text} at (406,4) size 13x19
                text run at (406,4) width 13: " \x{2022} "
              RenderInline {A} at (0,0) size 110x19
                RenderText {#text} at (419,4) size 110x19
                  text run at (419,4) width 110: "Colors & Themes"
              RenderText {#text} at (529,4) size 13x19
                text run at (529,4) width 13: " \x{2022} "
              RenderInline {A} at (0,0) size 44x19
                RenderText {#text} at (542,4) size 44x19
                  text run at (542,4) width 44: "Sign In"
              RenderText {#text} at (586,4) size 171x19
                text run at (586,4) width 8: "  "
                text run at (594,4) width 84: "   My Links:   "
                text run at (678,4) width 79: "  Lite \x{2022} Email"
          RenderTableRow {TR} at (0,27) size 784x328
            RenderTableCell {TD} at (0,187) size 31x8 [border: (1px solid #008000)] [r=1 c=0 rs=1 cs=1]
            RenderTableCell {TD} at (31,27) size 533x328 [border: (1px solid #008000)] [r=1 c=1 rs=1 cs=1]
              RenderTable {TABLE} at (4,4) size 525x320
                RenderTableSection {TBODY} at (0,0) size 525x320
                  RenderTableRow {TR} at (0,2) size 525x316
                    RenderTableCell {TD} at (2,2) size 521x316 [border: (1px solid #008000)] [r=0 c=0 rs=1 cs=1]
                      RenderTable {TABLE} at (2,2) size 517x312
                        RenderTableSection {TBODY} at (0,0) size 517x312
                          RenderTableRow {TR} at (0,2) size 517x308
                            RenderTableCell {TD} at (2,154) size 220x4 [border: (1px solid #008000)] [r=0 c=0 rs=1 cs=1]
                            RenderTableCell {TD} at (224,2) size 68x308 [border: (1px solid #008000)] [r=0 c=1 rs=1 cs=1]
                              RenderText {#text} at (2,2) size 64x304
                                text run at (2,2) width 54: "This guy"
                                text run at (2,21) width 42: "should"
                                text run at (2,40) width 55: "have the"
                                text run at (2,59) width 57: "really big"
                                text run at (2,78) width 64: "maxwidth."
                                text run at (2,97) width 12: "It "
                                text run at (14,97) width 42: "should"
                                text run at (2,116) width 39: "be big"
                                text run at (2,135) width 64: "enough to"
                                text run at (2,154) width 34: "really"
                                text run at (2,173) width 34: "really"
                                text run at (2,192) width 37: "screw"
                                text run at (2,211) width 62: "things up."
                                text run at (2,230) width 43: "That is"
                                text run at (2,249) width 38: "what I"
                                text run at (2,268) width 53: "think will"
                                text run at (2,287) width 34: "work."
                            RenderTableCell {TD} at (294,154) size 221x4 [border: (1px solid #008000)] [r=0 c=2 rs=1 cs=1]
            RenderTableCell {TD} at (564,178) size 220x26 [border: (1px solid #008000)] [r=1 c=2 rs=1 cs=1]
              RenderImage {IMG} at (4,4) size 212x18
              RenderText {#text} at (0,0) size 0x0
