layer at (0,0) size 800x600
  RenderView at (0,0) size 800x600
layer at (0,0) size 800x60
  RenderBlock {html} at (0,0) size 800x60
    RenderBody {body} at (8,8) size 784x44
      RenderTable {table} at (0,0) size 76x25
        RenderTableSection (anonymous) at (0,0) size 76x25
          RenderTableRow {tr} at (0,2) size 76x21
            RenderTableCell {td} at (2,2) size 72x21 [r=0 c=0 rs=1 cs=1]
              RenderText {#text} at (1,1) size 70x19
                text run at (1,1) width 70: "Hello world"
      RenderBlock (anonymous) at (0,25) size 784x19
        RenderText {#text} at (0,0) size 208x19
          text run at (0,0) width 208: "Hello also? Why isn't this visible?"
