layer at (0,0) size 800x619
  RenderView at (0,0) size 800x600
layer at (0,0) size 800x619
  RenderBlock {HTML} at (0,0) size 800x619
    RenderBody {BODY} at (8,8) size 784x603
      RenderBlock {H1} at (0,0) size 784x38
        RenderText {#text} at (0,0) size 577x38
          text run at (0,0) width 577: "Fixed Columns, Auto Span, Minwidth Table"
      RenderTable {TABLE} at (0,56) size 100x40
        RenderTableSection {TBODY} at (0,0) size 100x40
          RenderTableRow {TR} at (0,0) size 100x20
            RenderTableCell {TD} at (0,10) size 33x0 [bgcolor=#00FFFF] [r=0 c=0 rs=1 cs=1]
            RenderTableCell {TD} at (33,10) size 67x0 [bgcolor=#FFFF00] [r=0 c=1 rs=1 cs=1]
          RenderTableRow {TR} at (0,20) size 100x20
            RenderTableCell {TD} at (0,30) size 100x0 [bgcolor=#FFC0CB] [r=1 c=0 rs=1 cs=2]
              RenderBlock {DIV} at (0,0) size 100x0
      RenderBlock {P} at (0,110) size 784x57
        RenderText {#text} at (0,0) size 143x19
          text run at (0,0) width 143: "The table width is: 100"
        RenderBR {BR} at (143,14) size 0x0
        RenderText {#text} at (0,19) size 130x19
          text run at (0,19) width 130: "Column One is: 33%"
        RenderBR {BR} at (130,33) size 0x0
        RenderText {#text} at (0,38) size 130x19
          text run at (0,38) width 130: "Column Two is: 67%"
      RenderBlock {HR} at (0,181) size 784x2 [border: (1px inset #000000)]
      RenderTable {TABLE} at (0,190) size 600x40
        RenderTableSection {TBODY} at (0,0) size 600x40
          RenderTableRow {TR} at (0,0) size 600x20
            RenderTableCell {TD} at (0,10) size 200x0 [bgcolor=#00FFFF] [r=0 c=0 rs=1 cs=1]
            RenderTableCell {TD} at (200,10) size 400x0 [bgcolor=#FFFF00] [r=0 c=1 rs=1 cs=1]
          RenderTableRow {TR} at (0,20) size 600x20
            RenderTableCell {TD} at (0,30) size 600x0 [bgcolor=#FFC0CB] [r=1 c=0 rs=1 cs=2]
              RenderBlock {DIV} at (0,0) size 600x0
      RenderBlock {P} at (0,244) size 784x57
        RenderText {#text} at (0,0) size 143x19
          text run at (0,0) width 143: "The table width is: 600"
        RenderBR {BR} at (143,14) size 0x0
        RenderText {#text} at (0,19) size 130x19
          text run at (0,19) width 130: "Column One is: 33%"
        RenderBR {BR} at (130,33) size 0x0
        RenderText {#text} at (0,38) size 130x19
          text run at (0,38) width 130: "Column Two is: 67%"
      RenderBlock {HR} at (0,315) size 784x2 [border: (1px inset #000000)]
      RenderTable {TABLE} at (0,324) size 600x58
        RenderTableSection {TBODY} at (0,0) size 600x58
          RenderTableRow {TR} at (0,0) size 600x38
            RenderTableCell {TD} at (0,0) size 200x38 [bgcolor=#00FFFF] [r=0 c=0 rs=1 cs=1]
              RenderText {#text} at (0,0) size 182x38
                text run at (0,0) width 182: "Fixed cell in column one with"
                text run at (0,19) width 66: "some text."
            RenderTableCell {TD} at (200,0) size 400x38 [bgcolor=#FFFF00] [r=0 c=1 rs=1 cs=1]
              RenderText {#text} at (0,0) size 388x38
                text run at (0,0) width 388: "Fixed cell in column two with a lot more text. Will the ratios be"
                text run at (0,19) width 72: "preserved?"
          RenderTableRow {TR} at (0,38) size 600x20
            RenderTableCell {TD} at (0,48) size 600x0 [bgcolor=#FFC0CB] [r=1 c=0 rs=1 cs=2]
              RenderBlock {DIV} at (0,0) size 600x0
      RenderBlock {P} at (0,396) size 784x57
        RenderText {#text} at (0,0) size 143x19
          text run at (0,0) width 143: "The table width is: 600"
        RenderBR {BR} at (143,14) size 0x0
        RenderText {#text} at (0,19) size 130x19
          text run at (0,19) width 130: "Column One is: 33%"
        RenderBR {BR} at (130,33) size 0x0
        RenderText {#text} at (0,38) size 130x19
          text run at (0,38) width 130: "Column Two is: 67%"
      RenderBlock {HR} at (0,467) size 784x2 [border: (1px inset #000000)]
      RenderTable {TABLE} at (0,476) size 600x40
        RenderTableSection {TBODY} at (0,0) size 600x40
          RenderTableRow {TR} at (0,0) size 600x20
            RenderTableCell {TD} at (0,10) size 200x0 [bgcolor=#00FFFF] [r=0 c=0 rs=1 cs=1]
              RenderBlock {DIV} at (0,0) size 100x0
            RenderTableCell {TD} at (200,10) size 400x0 [bgcolor=#FFFF00] [r=0 c=1 rs=1 cs=1]
              RenderBlock {DIV} at (0,0) size 250x0
          RenderTableRow {TR} at (0,20) size 600x20
            RenderTableCell {TD} at (0,30) size 600x0 [bgcolor=#FFC0CB] [r=1 c=0 rs=1 cs=2]
              RenderBlock {DIV} at (0,0) size 600x0
      RenderBlock {P} at (0,530) size 784x57
        RenderText {#text} at (0,0) size 143x19
          text run at (0,0) width 143: "The table width is: 600"
        RenderBR {BR} at (143,14) size 0x0
        RenderText {#text} at (0,19) size 130x19
          text run at (0,19) width 130: "Column One is: 33%"
        RenderBR {BR} at (130,33) size 0x0
        RenderText {#text} at (0,38) size 130x19
          text run at (0,38) width 130: "Column Two is: 67%"
      RenderBlock {HR} at (0,601) size 784x2 [border: (1px inset #000000)]
