layer at (0,0) size 800x600
  RenderView at (0,0) size 800x600
layer at (0,0) size 800x326
  RenderBlock {HTML} at (0,0) size 800x326
    RenderBody {BODY} at (8,16) size 784x302
      RenderBlock {H3} at (0,0) size 784x23
        RenderText {#text} at (0,0) size 206x22
          text run at (0,0) width 206: "ROWSPAN of 1024 - Works"
      RenderTable {TABLE} at (0,39) size 177x104 [border: (1px outset #808080)]
        RenderTableSection {TBODY} at (1,1) size 175x102
          RenderTableRow {TR} at (0,2) size 175x23
            RenderTableCell {TD} at (2,2) size 49x23 [border: (1px inset #808080)] [r=0 c=0 rs=1 cs=1]
              RenderText {#text} at (2,2) size 45x19
                text run at (2,2) width 45: "header"
            RenderTableCell {TD} at (53,39) size 8x23 [bgcolor=#000000] [border: (1px inset #808080)] [r=0 c=1 rs=1024 cs=1]
              RenderText {#text} at (2,2) size 4x19
                text run at (2,2) width 4: " "
            RenderTableCell {TD} at (63,2) size 49x23 [border: (1px inset #808080)] [r=0 c=2 rs=1 cs=1]
              RenderText {#text} at (2,2) size 45x19
                text run at (2,2) width 45: "header"
            RenderTableCell {TD} at (114,39) size 8x23 [bgcolor=#000000] [border: (1px inset #808080)] [r=0 c=3 rs=1024 cs=1]
              RenderText {#text} at (2,2) size 4x19
                text run at (2,2) width 4: " "
            RenderTableCell {TD} at (124,2) size 49x23 [border: (1px inset #808080)] [r=0 c=4 rs=1 cs=1]
              RenderText {#text} at (2,2) size 45x19
                text run at (2,2) width 45: "header"
          RenderTableRow {TR} at (0,27) size 175x23
            RenderTableCell {TD} at (2,27) size 49x23 [border: (1px inset #808080)] [r=1 c=0 rs=1 cs=1]
              RenderText {#text} at (2,2) size 41x19
                text run at (2,2) width 41: "foobar"
            RenderTableCell {TD} at (63,27) size 49x23 [border: (1px inset #808080)] [r=1 c=2 rs=1 cs=1]
              RenderText {#text} at (2,2) size 41x19
                text run at (2,2) width 41: "foobar"
            RenderTableCell {TD} at (124,27) size 49x23 [border: (1px inset #808080)] [r=1 c=4 rs=1 cs=1]
              RenderText {#text} at (2,2) size 41x19
                text run at (2,2) width 41: "foobar"
          RenderTableRow {TR} at (0,52) size 175x23
            RenderTableCell {TD} at (2,52) size 49x23 [border: (1px inset #808080)] [r=2 c=0 rs=1 cs=1]
              RenderText {#text} at (2,2) size 41x19
                text run at (2,2) width 41: "foobar"
            RenderTableCell {TD} at (63,52) size 49x23 [border: (1px inset #808080)] [r=2 c=2 rs=1 cs=1]
              RenderText {#text} at (2,2) size 41x19
                text run at (2,2) width 41: "foobar"
            RenderTableCell {TD} at (124,52) size 49x23 [border: (1px inset #808080)] [r=2 c=4 rs=1 cs=1]
              RenderText {#text} at (2,2) size 41x19
                text run at (2,2) width 41: "foobar"
          RenderTableRow {TR} at (0,77) size 175x23
            RenderTableCell {TD} at (2,77) size 49x23 [border: (1px inset #808080)] [r=3 c=0 rs=1 cs=1]
              RenderText {#text} at (2,2) size 41x19
                text run at (2,2) width 41: "foobar"
            RenderTableCell {TD} at (63,77) size 49x23 [border: (1px inset #808080)] [r=3 c=2 rs=1 cs=1]
              RenderText {#text} at (2,2) size 41x19
                text run at (2,2) width 41: "foobar"
            RenderTableCell {TD} at (124,77) size 49x23 [border: (1px inset #808080)] [r=3 c=4 rs=1 cs=1]
              RenderText {#text} at (2,2) size 41x19
                text run at (2,2) width 41: "foobar"
      RenderBlock {H3} at (0,159) size 784x23
        RenderText {#text} at (0,0) size 260x22
          text run at (0,0) width 260: "ROWSPAN of 1025 - Doesn't Work"
      RenderTable {TABLE} at (0,198) size 177x104 [border: (1px outset #808080)]
        RenderTableSection {TBODY} at (1,1) size 175x102
          RenderTableRow {TR} at (0,2) size 175x23
            RenderTableCell {TD} at (2,2) size 49x23 [border: (1px inset #808080)] [r=0 c=0 rs=1 cs=1]
              RenderText {#text} at (2,2) size 45x19
                text run at (2,2) width 45: "header"
            RenderTableCell {TD} at (53,39) size 8x23 [bgcolor=#000000] [border: (1px inset #808080)] [r=0 c=1 rs=1026 cs=1]
              RenderText {#text} at (2,2) size 4x19
                text run at (2,2) width 4: " "
            RenderTableCell {TD} at (63,2) size 49x23 [border: (1px inset #808080)] [r=0 c=2 rs=1 cs=1]
              RenderText {#text} at (2,2) size 45x19
                text run at (2,2) width 45: "header"
            RenderTableCell {TD} at (114,39) size 8x23 [bgcolor=#000000] [border: (1px inset #808080)] [r=0 c=3 rs=1026 cs=1]
              RenderText {#text} at (2,2) size 4x19
                text run at (2,2) width 4: " "
            RenderTableCell {TD} at (124,2) size 49x23 [border: (1px inset #808080)] [r=0 c=4 rs=1 cs=1]
              RenderText {#text} at (2,2) size 45x19
                text run at (2,2) width 45: "header"
          RenderTableRow {TR} at (0,27) size 175x23
            RenderTableCell {TD} at (2,27) size 49x23 [border: (1px inset #808080)] [r=1 c=0 rs=1 cs=1]
              RenderText {#text} at (2,2) size 41x19
                text run at (2,2) width 41: "foobar"
            RenderTableCell {TD} at (63,27) size 49x23 [border: (1px inset #808080)] [r=1 c=2 rs=1 cs=1]
              RenderText {#text} at (2,2) size 41x19
                text run at (2,2) width 41: "foobar"
            RenderTableCell {TD} at (124,27) size 49x23 [border: (1px inset #808080)] [r=1 c=4 rs=1 cs=1]
              RenderText {#text} at (2,2) size 41x19
                text run at (2,2) width 41: "foobar"
          RenderTableRow {TR} at (0,52) size 175x23
            RenderTableCell {TD} at (2,52) size 49x23 [border: (1px inset #808080)] [r=2 c=0 rs=1 cs=1]
              RenderText {#text} at (2,2) size 41x19
                text run at (2,2) width 41: "foobar"
            RenderTableCell {TD} at (63,52) size 49x23 [border: (1px inset #808080)] [r=2 c=2 rs=1 cs=1]
              RenderText {#text} at (2,2) size 41x19
                text run at (2,2) width 41: "foobar"
            RenderTableCell {TD} at (124,52) size 49x23 [border: (1px inset #808080)] [r=2 c=4 rs=1 cs=1]
              RenderText {#text} at (2,2) size 41x19
                text run at (2,2) width 41: "foobar"
          RenderTableRow {TR} at (0,77) size 175x23
            RenderTableCell {TD} at (2,77) size 49x23 [border: (1px inset #808080)] [r=3 c=0 rs=1 cs=1]
              RenderText {#text} at (2,2) size 41x19
                text run at (2,2) width 41: "foobar"
            RenderTableCell {TD} at (63,77) size 49x23 [border: (1px inset #808080)] [r=3 c=2 rs=1 cs=1]
              RenderText {#text} at (2,2) size 41x19
                text run at (2,2) width 41: "foobar"
            RenderTableCell {TD} at (124,77) size 49x23 [border: (1px inset #808080)] [r=3 c=4 rs=1 cs=1]
              RenderText {#text} at (2,2) size 41x19
                text run at (2,2) width 41: "foobar"
