layer at (0,0) size 800x600
  RenderView at (0,0) size 800x600
layer at (0,0) size 800x600
  RenderBlock {HTML} at (0,0) size 800x600
    RenderBody {BODY} at (8,8) size 784x584
      RenderBlock {P} at (0,0) size 784x20
        RenderText {#text} at (0,0) size 53x19
          text run at (0,0) width 53: "Test for "
        RenderInline {I} at (0,0) size 646x19
          RenderInline {A} at (0,0) size 294x19 [color=#0000EE]
            RenderText {#text} at (53,0) size 294x19
              text run at (53,0) width 294: "http://bugs.webkit.org/show_bug.cgi?id=13670"
          RenderText {#text} at (347,0) size 352x19
            text run at (347,0) width 4: " "
            text run at (351,0) width 348: "Table misrender when one of the TDs has width=100%"
        RenderText {#text} at (699,0) size 4x19
          text run at (699,0) width 4: "."
      RenderBlock {P} at (0,34) size 784x19
        RenderText {#text} at (0,0) size 559x19
          text run at (0,0) width 559: "There should be one green vertical line, 100px long and 2px thick, near the right margin."
      RenderTable {TABLE} at (0,67) size 784x50
        RenderTableSection {TBODY} at (0,0) size 784x50
          RenderTableRow {TR} at (0,0) size 784x50
            RenderTableCell {TD} at (0,25) size 782x0 [r=0 c=0 rs=1 cs=1]
            RenderTableCell {TD} at (782,0) size 2x50 [r=0 c=1 rs=1 cs=1]
              RenderBlock {DIV} at (0,0) size 2x50 [bgcolor=#008000]
      RenderBlock {DIV} at (0,117) size 784x50
        RenderBlock {DIV} at (782,0) size 2x50 [bgcolor=#008000]
