layer at (0,0) size 800x600
  RenderView at (0,0) size 800x600
layer at (0,0) size 800x185
  RenderBlock {HTML} at (0,0) size 800x185
    RenderBody {BODY} at (8,8) size 784x169
      RenderBlock {P} at (0,0) size 784x19
        RenderText {#text} at (0,0) size 111x19
          text run at (0,0) width 111: "Testcase for bug "
        RenderInline {A} at (0,0) size 32x19 [color=#0000EE]
          RenderText {#text} at (111,0) size 32x19
            text run at (111,0) width 32: "4874"
        RenderText {#text} at (143,0) size 412x19
          text run at (143,0) width 412: " - Table with absolute bottom positioning is positioned incorrectly."
      RenderBlock {H1} at (0,37) size 784x38
        RenderText {#text} at (0,0) size 160x38
          text run at (0,0) width 160: "Look Down!"
      RenderBlock {P} at (0,93) size 784x76
        RenderText {#text} at (0,0) size 773x76
          text run at (0,0) width 495: "At the bottom of the window you should see the word \"Paragraph\" followed by "
          text run at (495,0) width 269: "three boxes containing text. The entire red"
          text run at (0,19) width 203: "border around each box should "
          text run at (203,19) width 445: "be visible without scrolling (the window should not be scrollable at all). "
          text run at (648,19) width 104: "The three boxes"
          text run at (0,38) width 345: "should be aligned at the bottom with the bottom of the "
          text run at (345,38) width 428: "window. The text \"Tall table\" should be vertically centered in its box,"
          text run at (0,57) width 480: "which should be 50px tall. The other two boxes should both be shorter than "
          text run at (480,57) width 208: "50px, and have the same height."
layer at (120,550) size 120x50
  RenderTable {TABLE} at (120,550) size 120x50 [border: (1px solid #FF0000)]
    RenderTableSection {TBODY} at (1,1) size 118x48
      RenderTableRow {TR} at (0,2) size 118x44
        RenderTableCell {TD} at (2,13) size 114x21 [r=0 c=0 rs=1 cs=1]
          RenderText {#text} at (1,1) size 58x19
            text run at (1,1) width 58: "Tall table"
layer at (240,573) size 120x27
  RenderTable {TABLE} at (240,573) size 120x27 [border: (1px solid #FF0000)]
    RenderTableSection {TBODY} at (1,1) size 118x25
      RenderTableRow {TR} at (0,2) size 118x21
        RenderTableCell {TD} at (2,2) size 114x21 [r=0 c=0 rs=1 cs=1]
          RenderText {#text} at (1,1) size 81x19
            text run at (1,1) width 81: "Normal table"
layer at (360,573) size 120x27
  RenderTable {TABLE} at (360,573) size 120x27 [border: (1px solid #FF0000)]
    RenderTableSection {TBODY} at (1,1) size 118x25
      RenderTableRow {TR} at (0,2) size 118x21
        RenderTableCell {TD} at (2,2) size 114x21 [r=0 c=0 rs=1 cs=1]
          RenderText {#text} at (1,1) size 69x19
            text run at (1,1) width 69: "Short table"
layer at (0,581) size 67x19
  RenderBlock (positioned) {P} at (0,581) size 67x19
    RenderText {#text} at (0,0) size 67x19
      text run at (0,0) width 67: "Paragraph"
