layer at (0,0) size 800x600
  RenderView at (0,0) size 800x600
layer at (0,0) size 800x600
  RenderBlock {HTML} at (0,0) size 800x600
    RenderBody {BODY} at (8,8) size 784x584
      RenderTable {TABLE} at (0,0) size 146x26
        RenderTableSection {TBODY} at (0,0) size 146x26
          RenderTableRow {TR} at (0,2) size 146x22
            RenderTableCell {TH} at (2,2) size 62x22 [r=0 c=0 rs=1 cs=1]
              RenderText {#text} at (1,1) size 60x20
                text run at (1,1) width 60: "Header 1"
              RenderText {#text} at (0,0) size 0x0
            RenderTableCell {TD} at (66,2) size 38x21 [r=0 c=1 rs=1 cs=1]
              RenderText {#text} at (1,1) size 36x19
                text run at (1,1) width 36: "Cell 1"
            RenderTableCell {TD} at (106,2) size 38x21 [r=0 c=2 rs=1 cs=1]
              RenderText {#text} at (1,1) size 36x19
                text run at (1,1) width 36: "Cell 2"
      RenderBlock (anonymous) at (0,26) size 784x57
        RenderText {#text} at (0,0) size 93x19
          text run at (0,0) width 93: "h1 has index 0"
        RenderBR {BR} at (93,14) size 0x0
        RenderText {#text} at (0,19) size 92x19
          text run at (0,19) width 92: "c1 has index 1"
        RenderBR {BR} at (92,33) size 0x0
        RenderText {#text} at (0,38) size 92x19
          text run at (0,38) width 92: "c2 has index 2"
        RenderBR {BR} at (92,52) size 0x0
