layer at (0,0) size 800x600
  RenderView at (0,0) size 800x600
layer at (0,0) size 800x489
  RenderBlock {HTML} at (0,0) size 800x489
    RenderBody {BODY} at (8,14) size 784x467
      RenderBlock {DIV} at (0,0) size 600x467
        RenderBlock {P} at (0,0) size 600x19
          RenderText {#text} at (0,0) size 285x19
            text run at (0,0) width 285: "The following two tables should be the same."
        RenderBlock {P} at (0,33) size 600x19
          RenderText {#text} at (0,0) size 153x19
            text run at (0,0) width 153: "Table 1: width in <COL>"
        RenderTable {TABLE} at (0,66) size 256x177
          RenderTableCol {COL} at (0,0) size 0x0
          RenderTableCol {COL} at (0,0) size 0x0
          RenderTableSection {TBODY} at (0,0) size 256x177
            RenderTableRow {TR} at (0,2) size 256x173
              RenderTableCell {TD} at (2,2) size 150x173 [bgcolor=#FFFF00] [r=0 c=0 rs=1 cs=1]
                RenderText {#text} at (1,1) size 148x171
                  text run at (1,1) width 87: "Cras tincidunt"
                  text run at (1,20) width 142: "bibendum nunc. Morbi"
                  text run at (1,39) width 132: "condimentum aliquet"
                  text run at (1,58) width 100: "diam. Phasellus"
                  text run at (1,77) width 144: "pulvinar, nisl at tempor"
                  text run at (1,96) width 116: "auctor, dolor pede"
                  text run at (1,115) width 106: "vestibulum risus,"
                  text run at (1,134) width 148: "placerat malesuada dui"
                  text run at (1,153) width 148: "enim nec est. Nulla leo."
              RenderTableCell {TD} at (154,78) size 100x21 [bgcolor=#008000] [r=0 c=1 rs=1 cs=1]
                RenderText {#text} at (1,1) size 83x19
                  text run at (1,1) width 83: "Lorem ipsum"
        RenderBlock {P} at (0,257) size 600x19
          RenderText {#text} at (0,0) size 143x19
            text run at (0,0) width 143: "Table 2: width in <TD>"
        RenderTable {TABLE} at (0,290) size 260x177
          RenderTableSection {TBODY} at (0,0) size 260x177
            RenderTableRow {TR} at (0,2) size 260x173
              RenderTableCell {TD} at (2,2) size 152x173 [bgcolor=#FFFF00] [r=0 c=0 rs=1 cs=1]
                RenderText {#text} at (1,1) size 148x171
                  text run at (1,1) width 87: "Cras tincidunt"
                  text run at (1,20) width 142: "bibendum nunc. Morbi"
                  text run at (1,39) width 132: "condimentum aliquet"
                  text run at (1,58) width 100: "diam. Phasellus"
                  text run at (1,77) width 144: "pulvinar, nisl at tempor"
                  text run at (1,96) width 116: "auctor, dolor pede"
                  text run at (1,115) width 106: "vestibulum risus,"
                  text run at (1,134) width 148: "placerat malesuada dui"
                  text run at (1,153) width 148: "enim nec est. Nulla leo."
              RenderTableCell {TD} at (156,78) size 102x21 [bgcolor=#008000] [r=0 c=1 rs=1 cs=1]
                RenderText {#text} at (1,1) size 83x19
                  text run at (1,1) width 83: "Lorem ipsum"
