layer at (0,0) size 800x600
  RenderView at (0,0) size 800x600
layer at (0,0) size 800x142
  RenderBlock {HTML} at (0,0) size 800x142
    RenderBody {BODY} at (8,8) size 784x126
      RenderTable {TABLE} at (0,0) size 266x63
        RenderBlock {CAPTION} at (0,0) size 266x38
          RenderText {#text} at (30,0) size 206x38
            text run at (30,0) width 206: "The next line should have yellow"
            text run at (93,19) width 79: "background."
        RenderTableCol {COL} at (0,0) size 0x0 [bgcolor=#FFFF00]
        RenderTableSection {TBODY} at (0,38) size 266x25
          RenderTableRow {TR} at (0,2) size 266x21
            RenderTableCell {TD} at (2,2) size 262x21 [r=0 c=0 rs=1 cs=1]
              RenderText {#text} at (1,1) size 260x19
                text run at (1,1) width 260: "This line should have yellow background."
      RenderTable {TABLE} at (0,63) size 266x63
        RenderBlock {CAPTION} at (0,0) size 266x38
          RenderText {#text} at (30,0) size 206x38
            text run at (30,0) width 206: "The next line should have yellow"
            text run at (93,19) width 79: "background."
        RenderTableCol {COLGROUP} at (0,0) size 0x0
          RenderTableCol {COL} at (0,0) size 0x0 [bgcolor=#FFFF00]
        RenderTableSection {TBODY} at (0,38) size 266x25
          RenderTableRow {TR} at (0,2) size 266x21
            RenderTableCell {TD} at (2,2) size 262x21 [r=0 c=0 rs=1 cs=1]
              RenderText {#text} at (1,1) size 260x19
                text run at (1,1) width 260: "This line should have yellow background."
