layer at (0,0) size 800x600
  RenderView at (0,0) size 800x600
layer at (0,0) size 800x600
  RenderBlock {HTML} at (0,0) size 800x600
    RenderBody {BODY} at (8,8) size 784x584
      RenderTable {TABLE} at (0,0) size 237x219 [border: none]
        RenderTableCol {COLGROUP} at (0,0) size 0x0 [border: (1px solid #000000) none (1px solid #000000)]
        RenderTableCol {COLGROUP} at (0,0) size 0x0 [border: (1px solid #000000) none (1px solid #000000)]
        RenderTableSection {TBODY} at (0,0) size 236x218 [border: (1px solid #808080) none (1px solid #808080) none]
          RenderTableRow {TR} at (0,0) size 236x29
            RenderTableCell {TH} at (0,0) size 84x29 [border: (1px none #000000)] [r=0 c=0 rs=1 cs=1]
              RenderText {#text} at (11,5) size 62x20
                text run at (11,5) width 62: "Weekday"
            RenderTableCell {TH} at (84,0) size 45x29 [border: (1px none #000000)] [r=0 c=1 rs=1 cs=1]
              RenderText {#text} at (7,5) size 31x20
                text run at (7,5) width 31: "Date"
            RenderTableCell {TH} at (129,0) size 67x29 [border: (1px none #000000)] [r=0 c=2 rs=1 cs=1]
              RenderText {#text} at (4,5) size 59x20
                text run at (4,5) width 59: "Manager"
            RenderTableCell {TH} at (196,0) size 40x29 [border: (1px none #000000)] [r=0 c=3 rs=1 cs=1]
              RenderText {#text} at (8,5) size 24x20
                text run at (8,5) width 24: "Qty"
          RenderTableRow {TR} at (0,29) size 236x27
            RenderTableCell {TD} at (0,29) size 84x27 [border: none] [r=1 c=0 rs=1 cs=1]
              RenderText {#text} at (5,4) size 51x19
                text run at (5,4) width 51: "Monday"
            RenderTableCell {TD} at (84,29) size 45x27 [border: none] [r=1 c=1 rs=1 cs=1]
              RenderText {#text} at (5,4) size 36x19
                text run at (5,4) width 36: "09/11"
            RenderTableCell {TD} at (129,29) size 67x27 [r=1 c=2 rs=1 cs=1]
              RenderText {#text} at (4,4) size 42x19
                text run at (4,4) width 42: "Kelsey"
            RenderTableCell {TD} at (196,29) size 40x27 [r=1 c=3 rs=1 cs=1]
              RenderText {#text} at (4,4) size 24x19
                text run at (4,4) width 24: "639"
          RenderTableRow {TR} at (0,56) size 236x27
            RenderTableCell {TD} at (0,56) size 84x27 [border: none] [r=2 c=0 rs=1 cs=1]
              RenderText {#text} at (5,4) size 55x19
                text run at (5,4) width 55: "Tuesday"
            RenderTableCell {TD} at (84,56) size 45x27 [border: none] [r=2 c=1 rs=1 cs=1]
              RenderText {#text} at (5,4) size 36x19
                text run at (5,4) width 36: "09/12"
            RenderTableCell {TD} at (129,56) size 67x27 [r=2 c=2 rs=1 cs=1]
              RenderText {#text} at (4,4) size 49x19
                text run at (4,4) width 49: "Lindsey"
            RenderTableCell {TD} at (196,56) size 40x27 [r=2 c=3 rs=1 cs=1]
              RenderText {#text} at (4,4) size 24x19
                text run at (4,4) width 24: "596"
          RenderTableRow {TR} at (0,83) size 236x27
            RenderTableCell {TD} at (0,83) size 84x27 [border: none] [r=3 c=0 rs=1 cs=1]
              RenderText {#text} at (5,4) size 75x19
                text run at (5,4) width 75: "Wednesday"
            RenderTableCell {TD} at (84,83) size 45x27 [border: none] [r=3 c=1 rs=1 cs=1]
              RenderText {#text} at (5,4) size 36x19
                text run at (5,4) width 36: "09/13"
            RenderTableCell {TD} at (129,83) size 67x27 [r=3 c=2 rs=1 cs=1]
              RenderText {#text} at (4,4) size 41x19
                text run at (4,4) width 41: "Randy"
            RenderTableCell {TD} at (196,83) size 40x27 [r=3 c=3 rs=1 cs=1]
              RenderText {#text} at (4,4) size 32x19
                text run at (4,4) width 32: "1135"
          RenderTableRow {TR} at (0,110) size 236x27
            RenderTableCell {TD} at (0,110) size 84x27 [border: none] [r=4 c=0 rs=1 cs=1]
              RenderText {#text} at (5,4) size 60x19
                text run at (5,4) width 60: "Thursday"
            RenderTableCell {TD} at (84,110) size 45x27 [border: none] [r=4 c=1 rs=1 cs=1]
              RenderText {#text} at (5,4) size 36x19
                text run at (5,4) width 36: "09/14"
            RenderTableCell {TD} at (129,110) size 67x27 [r=4 c=2 rs=1 cs=1]
              RenderText {#text} at (4,4) size 40x19
                text run at (4,4) width 40: "Susan"
            RenderTableCell {TD} at (196,110) size 40x27 [r=4 c=3 rs=1 cs=1]
              RenderText {#text} at (4,4) size 32x19
                text run at (4,4) width 32: "1002"
          RenderTableRow {TR} at (0,137) size 236x27
            RenderTableCell {TD} at (0,137) size 84x27 [border: none] [r=5 c=0 rs=1 cs=1]
              RenderText {#text} at (5,4) size 40x19
                text run at (5,4) width 40: "Friday"
            RenderTableCell {TD} at (84,137) size 45x27 [border: none] [r=5 c=1 rs=1 cs=1]
              RenderText {#text} at (5,4) size 36x19
                text run at (5,4) width 36: "09/15"
            RenderTableCell {TD} at (129,137) size 67x27 [r=5 c=2 rs=1 cs=1]
              RenderText {#text} at (4,4) size 41x19
                text run at (4,4) width 41: "Randy"
            RenderTableCell {TD} at (196,137) size 40x27 [r=5 c=3 rs=1 cs=1]
              RenderText {#text} at (4,4) size 24x19
                text run at (4,4) width 24: "908"
          RenderTableRow {TR} at (0,164) size 236x27
            RenderTableCell {TD} at (0,164) size 84x27 [border: none] [r=6 c=0 rs=1 cs=1]
              RenderText {#text} at (5,4) size 57x19
                text run at (5,4) width 57: "Saturday"
            RenderTableCell {TD} at (84,164) size 45x27 [border: none] [r=6 c=1 rs=1 cs=1]
              RenderText {#text} at (5,4) size 36x19
                text run at (5,4) width 36: "09/16"
            RenderTableCell {TD} at (129,164) size 67x27 [r=6 c=2 rs=1 cs=1]
              RenderText {#text} at (4,4) size 49x19
                text run at (4,4) width 49: "Lindsey"
            RenderTableCell {TD} at (196,164) size 40x27 [r=6 c=3 rs=1 cs=1]
              RenderText {#text} at (4,4) size 24x19
                text run at (4,4) width 24: "371"
          RenderTableRow {TR} at (0,191) size 236x27
            RenderTableCell {TD} at (0,191) size 84x27 [border: none] [r=7 c=0 rs=1 cs=1]
              RenderText {#text} at (5,4) size 48x19
                text run at (5,4) width 48: "Sunday"
            RenderTableCell {TD} at (84,191) size 45x27 [border: none] [r=7 c=1 rs=1 cs=1]
              RenderText {#text} at (5,4) size 36x19
                text run at (5,4) width 36: "09/17"
            RenderTableCell {TD} at (129,191) size 67x27 [r=7 c=2 rs=1 cs=1]
              RenderText {#text} at (4,4) size 40x19
                text run at (4,4) width 40: "Susan"
            RenderTableCell {TD} at (196,191) size 40x27 [r=7 c=3 rs=1 cs=1]
              RenderText {#text} at (4,4) size 24x19
                text run at (4,4) width 24: "272"
