layer at (0,0) size 800x600
  RenderView at (0,0) size 800x600
layer at (0,0) size 800x600
  RenderBlock {HTML} at (0,0) size 800x600
    RenderBody {BODY} at (8,8) size 784x584
      RenderBlock {P} at (0,0) size 784x40
        RenderText {#text} at (0,0) size 219x19
          text run at (0,0) width 219: "This tests for a regression against "
        RenderInline {I} at (0,0) size 769x39
          RenderInline {A} at (0,0) size 337x19 [color=#0000EE]
            RenderText {#text} at (219,0) size 337x19
              text run at (219,0) width 337: "http://bugzilla.opendarwin.org/show_bug.cgi?id=7054"
          RenderText {#text} at (556,0) size 769x39
            text run at (556,0) width 4: " "
            text run at (560,0) width 209: "Vertical scroll bars do not appear"
            text run at (0,20) width 166: "or do not scroll completely"
        RenderText {#text} at (166,20) size 4x19
          text run at (166,20) width 4: "."
      RenderBlock {P} at (0,54) size 784x19
        RenderText {#text} at (0,0) size 649x19
          text run at (0,0) width 649: "The top two boxes should have horizontal scroll bars. The bottom box should have a vertical scroll bar."
      RenderBlock {HR} at (0,87) size 784x2 [border: (1px inset #000000)]
      RenderBlock (anonymous) at (0,198) size 784x19
        RenderBR {BR} at (0,0) size 0x19
      RenderBlock (anonymous) at (0,319) size 784x19
        RenderBR {BR} at (0,0) size 0x19
layer at (8,104) size 102x102 clip at (9,105) size 100x84 scrollWidth 133
  RenderBlock {DIV} at (0,96) size 102x102 [border: (1px solid #0000FF)]
    RenderTable {TABLE} at (1,1) size 6x6
      RenderTableSection {TBODY} at (0,0) size 6x6
        RenderTableRow {TR} at (0,2) size 6x2
          RenderTableCell {TD} at (2,2) size 2x2 [r=0 c=0 rs=1 cs=1]
layer at (8,225) size 102x102 clip at (9,226) size 100x84 scrollX 33 scrollWidth 133
  RenderBlock {DIV} at (0,217) size 102x102 [border: (1px solid #0000FF)]
    RenderTable {TABLE} at (95,1) size 6x6
      RenderTableSection {TBODY} at (0,0) size 6x6
        RenderTableRow {TR} at (0,2) size 6x2
          RenderTableCell {TD} at (2,2) size 2x2 [r=0 c=0 rs=1 cs=1]
layer at (8,346) size 102x102 clip at (9,347) size 84x100 scrollHeight 133
  RenderBlock {DIV} at (0,338) size 102x102 [border: (1px solid #0000FF)]
    RenderTable {TABLE} at (1,1) size 6x6
      RenderTableSection {TBODY} at (0,0) size 6x6
        RenderTableRow {TR} at (0,2) size 6x2
          RenderTableCell {TD} at (2,2) size 2x2 [r=0 c=0 rs=1 cs=1]
layer at (82,108) size 60x60 backgroundClip at (9,105) size 100x84 clip at (9,105) size 100x84 outlineClip at (9,105) size 100x84
  RenderBlock (positioned) {DIV} at (70,0) size 60x60 [bgcolor=#C0C0C0]
layer at (-24,229) size 60x60 backgroundClip at (9,226) size 100x84 clip at (9,226) size 100x84 outlineClip at (9,226) size 100x84
  RenderBlock (positioned) {DIV} at (-130,0) size 60x60 [bgcolor=#C0C0C0]
layer at (12,420) size 60x60 backgroundClip at (9,347) size 84x100 clip at (9,347) size 84x100 outlineClip at (9,347) size 84x100
  RenderBlock (positioned) {DIV} at (0,70) size 60x60 [bgcolor=#C0C0C0]
