layer at (0,0) size 800x600
  RenderView at (0,0) size 800x600
layer at (0,0) size 800x600
  RenderBlock {HTML} at (0,0) size 800x600
    RenderBody {BODY} at (8,8) size 784x578
      RenderBlock {P} at (0,0) size 784x20
        RenderText {#text} at (0,0) size 53x19
          text run at (0,0) width 53: "Test for "
        RenderInline {I} at (0,0) size 645x19
          RenderInline {A} at (0,0) size 337x19 [color=#0000EE]
            RenderText {#text} at (53,0) size 337x19
              text run at (53,0) width 337: "http://bugzilla.opendarwin.org/show_bug.cgi?id=9009"
          RenderText {#text} at (390,0) size 308x19
            text run at (390,0) width 4: " "
            text run at (394,0) width 304: "REGRESSION: ToT crash in WebCore at Zap2it"
        RenderText {#text} at (698,0) size 4x19
          text run at (698,0) width 4: "."
      RenderBlock {P} at (0,34) size 784x19
        RenderText {#text} at (0,0) size 148x19
          text run at (0,0) width 148: "No crash means PASS."
layer at (8,-6) size 100x7 backgroundClip at (0,0) size 800x600 clip at (0,0) size 800x600 outlineClip at (0,0) size 800x600
  RenderTable {TABLE} at (8,-6) size 100x7 [border: (5px solid #000000) none]
    RenderTableSection {TBODY} at (0,5) size 100x0
    RenderTableSection {TBODY} at (0,5) size 100x2
      RenderTableRow {TR} at (0,0) size 100x2
        RenderTableCell {TD} at (0,0) size 100x2 [r=0 c=0 rs=1 cs=1]
