layer at (0,0) size 800x600
  RenderView at (0,0) size 800x600
layer at (0,0) size 800x600
  RenderBlock {HTML} at (0,0) size 800x600
    RenderBody {BODY} at (8,8) size 784x584
      RenderBlock {P} at (0,0) size 784x19
        RenderText {#text} at (0,0) size 377x19
          text run at (0,0) width 377: "This page has a few form elements on it with various styles."
      RenderBlock {P} at (0,33) size 784x19
        RenderText {#text} at (0,0) size 572x19
          text run at (0,0) width 572: "In older versions of WebKit, the table styles would cause infinite recursion and hangs. See "
        RenderInline {A} at (0,0) size 112x19 [color=#0000EE]
          RenderText {#text} at (572,0) size 112x19
            text run at (572,0) width 112: "bugzilla bug 5731"
        RenderText {#text} at (684,0) size 4x19
          text run at (684,0) width 4: "."
      RenderBlock {DIV} at (0,66) size 784x19
        RenderInline {FORM} at (0,0) size 85x19
          RenderText {#text} at (0,0) size 85x19
            text run at (0,0) width 85: "display: inline"
      RenderBlock {DIV} at (0,85) size 784x19
        RenderBlock {FORM} at (0,0) size 784x19
          RenderText {#text} at (0,0) size 85x19
            text run at (0,0) width 85: "display: block"
      RenderBlock {DIV} at (0,118) size 784x19
        RenderListItem {FORM} at (0,0) size 784x19
          RenderListMarker at (-17,0) size 7x19: bullet
          RenderText {#text} at (0,0) size 101x19
            text run at (0,0) width 101: "display: list-item"
      RenderBlock {DIV} at (0,151) size 784x19
        RenderBlock (run-in) {FORM} at (0,0) size 784x19
          RenderText {#text} at (0,0) size 89x19
            text run at (0,0) width 89: "display: run-in"
      RenderBlock {DIV} at (0,184) size 784x19
        RenderBlock (compact) {FORM} at (0,0) size 784x19
          RenderText {#text} at (0,0) size 106x19
            text run at (0,0) width 106: "display: compact"
      RenderBlock {DIV} at (0,217) size 784x33
        RenderBlock {FORM} at (0,0) size 123x19
          RenderText {#text} at (0,0) size 123x19
            text run at (0,0) width 123: "display: inline-block"
      RenderBlock {DIV} at (0,250) size 784x19
        RenderTable {FORM} at (0,0) size 83x19
          RenderTableSection (anonymous) at (0,0) size 83x19
            RenderTableRow (anonymous) at (0,0) size 83x19
              RenderTableCell (anonymous) at (0,0) size 83x19 [r=0 c=0 rs=1 cs=1]
                RenderText {#text} at (0,0) size 83x19
                  text run at (0,0) width 83: "display: table"
      RenderBlock {DIV} at (0,283) size 784x33
        RenderTable {FORM} at (0,0) size 121x19
          RenderTableSection (anonymous) at (0,0) size 121x19
            RenderTableRow (anonymous) at (0,0) size 121x19
              RenderTableCell (anonymous) at (0,0) size 121x19 [r=0 c=0 rs=1 cs=1]
                RenderText {#text} at (0,0) size 121x19
                  text run at (0,0) width 121: "display: inline-table"
      RenderBlock {DIV} at (0,316) size 784x14
        RenderTable at (0,0) size 153x14
          RenderTableSection {FORM} at (0,0) size 153x14
            RenderTableRow (anonymous) at (0,0) size 153x14
              RenderTableCell (anonymous) at (0,0) size 153x0 [r=0 c=0 rs=1 cs=1]
                RenderText {#text} at (0,0) size 0x0
      RenderBlock {DIV} at (0,330) size 784x14
        RenderTable at (0,0) size 175x14
          RenderTableSection {FORM} at (0,0) size 175x14
            RenderTableRow (anonymous) at (0,0) size 175x14
              RenderTableCell (anonymous) at (0,0) size 175x0 [r=0 c=0 rs=1 cs=1]
                RenderText {#text} at (0,0) size 0x0
      RenderBlock {DIV} at (0,344) size 784x14
        RenderTable at (0,0) size 167x14
          RenderTableSection {FORM} at (0,0) size 167x14
            RenderTableRow (anonymous) at (0,0) size 167x14
              RenderTableCell (anonymous) at (0,0) size 167x0 [r=0 c=0 rs=1 cs=1]
                RenderText {#text} at (0,0) size 0x0
      RenderBlock {DIV} at (0,358) size 784x19
        RenderTable at (0,0) size 111x19
          RenderTableSection (anonymous) at (0,0) size 111x19
            RenderTableRow {FORM} at (0,0) size 111x19
              RenderTableCell (anonymous) at (0,0) size 111x19 [r=0 c=0 rs=1 cs=1]
                RenderText {#text} at (0,0) size 111x19
                  text run at (0,0) width 111: "display: table-row"
      RenderBlock {DIV} at (0,377) size 784x0
        RenderTable at (0,0) size 0x0
          RenderTableCol {FORM} at (0,0) size 0x0
      RenderBlock {DIV} at (0,377) size 784x0
        RenderTableCol {FORM} at (0,0) size 0x0
      RenderBlock {DIV} at (0,391) size 784x19
        RenderTable at (0,0) size 109x19
          RenderTableSection (anonymous) at (0,0) size 109x19
            RenderTableRow (anonymous) at (0,0) size 109x19
              RenderTableCell {FORM} at (0,0) size 109x19 [r=0 c=0 rs=1 cs=1]
                RenderText {#text} at (0,0) size 109x19
                  text run at (0,0) width 109: "display: table-cell"
      RenderBlock {DIV} at (0,410) size 784x0
        RenderTable at (0,0) size 48x0
          RenderBlock {FORM} at (0,0) size 0x0
            RenderText {#text} at (0,0) size 0x0
