layer at (0,0) size 800x600
  RenderView at (0,0) size 800x600
layer at (0,0) size 800x600
  RenderBlock {HTML} at (0,0) size 800x600
    RenderBody {BODY} at (8,8) size 784x584
      RenderBlock {H3} at (0,0) size 784x23
        RenderText {#text} at (0,0) size 232x22
          text run at (0,0) width 232: "Small Percentage Heights Bug"
      RenderBlock {P} at (0,39) size 784x38
        RenderText {#text} at (0,0) size 780x38
          text run at (0,0) width 404: "In the example below, all eight cells should be the same height. "
          text run at (404,0) width 376: "It appears that any percentage heights cause cells to fill the"
          text run at (0,19) width 122: "entire table height. "
          text run at (122,19) width 531: "Note how cell 8 is correct but 2-7 are not, despite the cells all specifying height:30%."
      RenderTable {TABLE} at (0,91) size 784x100 [border: (1px outset #808080)]
        RenderTableSection {TBODY} at (1,1) size 782x98
          RenderTableRow {TR} at (0,0) size 782x98
            RenderTableCell {TD} at (0,0) size 495x98 [bgcolor=#FFFF00] [border: (1px inset #808080)] [r=0 c=0 rs=1 cs=1]
              RenderText {#text} at (202,11) size 90x19
                text run at (202,11) width 90: "Table Data #1"
              RenderBR {BR} at (292,25) size 0x0
              RenderText {#text} at (213,30) size 68x19
                text run at (213,30) width 68: "Other cells"
              RenderBR {BR} at (281,44) size 0x0
              RenderText {#text} at (183,49) size 129x19
                text run at (183,49) width 129: "should be the height"
              RenderBR {BR} at (312,63) size 0x0
              RenderText {#text} at (216,68) size 63x19
                text run at (216,68) width 63: "of this cell"
            RenderTableCell {TD} at (495,19) size 41x60 [bgcolor=#006000] [border: (1px inset #808080)] [r=0 c=1 rs=1 cs=1]
              RenderText {#text} at (11,11) size 19x38
                text run at (11,11) width 19: "TD"
                text run at (12,30) width 16: "#2"
            RenderTableCell {TD} at (536,19) size 41x60 [bgcolor=#00FFFF] [border: (1px inset #808080)] [r=0 c=2 rs=1 cs=1]
              RenderText {#text} at (11,11) size 19x38
                text run at (11,11) width 19: "TD"
                text run at (12,30) width 16: "#3"
            RenderTableCell {TD} at (577,19) size 41x60 [bgcolor=#0000FF] [border: (1px inset #808080)] [r=0 c=3 rs=1 cs=1]
              RenderText {#text} at (11,11) size 19x38
                text run at (11,11) width 19: "TD"
                text run at (12,30) width 16: "#4"
            RenderTableCell {TD} at (618,19) size 41x60 [bgcolor=#008000] [border: (1px inset #808080)] [r=0 c=4 rs=1 cs=1]
              RenderText {#text} at (11,11) size 19x38
                text run at (11,11) width 19: "TD"
                text run at (12,30) width 16: "#5"
            RenderTableCell {TD} at (659,19) size 41x60 [bgcolor=#000080] [border: (1px inset #808080)] [r=0 c=5 rs=1 cs=1]
              RenderText {#text} at (11,11) size 19x38
                text run at (11,11) width 19: "TD"
                text run at (12,30) width 16: "#6"
            RenderTableCell {TD} at (700,19) size 41x60 [bgcolor=#CACACA] [border: (1px inset #808080)] [r=0 c=6 rs=1 cs=1]
              RenderText {#text} at (11,11) size 19x38
                text run at (11,11) width 19: "TD"
                text run at (12,30) width 16: "#7"
            RenderTableCell {TD} at (741,19) size 41x60 [bgcolor=#000000] [border: (1px inset #808080)] [r=0 c=7 rs=1 cs=1]
              RenderInline {FONT} at (0,0) size 19x38 [color=#FFFFFF]
                RenderText {#text} at (11,11) size 19x38
                  text run at (11,11) width 19: "TD"
                  text run at (12,30) width 16: "#8"
