layer at (0,0) size 800x600
  RenderView at (0,0) size 800x600
layer at (0,0) size 800x600
  RenderBlock {HTML} at (0,0) size 800x600
    RenderBody {BODY} at (8,8) size 784x584
      RenderBlock {P} at (0,0) size 784x40
        RenderText {#text} at (0,0) size 176x19
          text run at (0,0) width 176: "This is a regression test for "
        RenderInline {I} at (0,0) size 770x39
          RenderInline {A} at (0,0) size 337x19 [color=#0000EE]
            RenderText {#text} at (176,0) size 337x19
              text run at (176,0) width 337: "http://bugzilla.opendarwin.org/show_bug.cgi?id=9652"
          RenderText {#text} at (513,0) size 770x39
            text run at (513,0) width 4: " "
            text run at (517,0) width 253: "Assertion failure when changing an RTL"
            text run at (0,20) width 156: "table cell to display:none"
        RenderText {#text} at (156,20) size 4x19
          text run at (156,20) width 4: "."
      RenderBlock {HR} at (0,54) size 784x2 [border: (1px inset #000000)]
      RenderBlock {P} at (0,70) size 784x19
        RenderText {#text} at (0,0) size 254x19
          text run at (0,0) width 254: "No assertion failure means TEST PASS."
      RenderTable {TABLE} at (0,103) size 49x27 [border: (1px solid #008000)]
        RenderTableSection {TBODY} at (1,1) size 47x25
          RenderTableRow {TR} at (0,2) size 47x21
            RenderTableCell {TD} at (2,2) size 43x21 [r=0 c=0 rs=1 cs=1]
              RenderText {#text} at (1,1) size 41x19
                text run at (1,1) width 41: "Lorem"
