layer at (0,0) size 800x600
  RenderView at (0,0) size 800x600
layer at (0,0) size 800x161
  RenderBlock {HTML} at (0,0) size 800x161
    RenderBody {BODY} at (8,14) size 784x133
      RenderBlock {P} at (0,0) size 784x19
        RenderText {#text} at (0,0) size 194x19
          text run at (0,0) width 194: "There should be no red below."
      RenderBlock {DIV} at (0,33) size 784x100 [bgcolor=#FF0000]
        RenderBlock {P} at (0,0) size 784x100
          RenderImage {IMG} at (0,0) size 784x100
