layer at (0,0) size 800x600
  RenderView at (0,0) size 800x600
layer at (0,0) size 800x255
  RenderBlock {HTML} at (0,0) size 800x255
    RenderBody {BODY} at (8,14) size 784x233
      RenderBlock {P} at (0,0) size 784x19
        RenderText {#text} at (0,0) size 194x19
          text run at (0,0) width 194: "There should be no red below."
      RenderBlock {DIV} at (0,33) size 600x200 [bgcolor=#FF0000]
        RenderBlock {P} at (0,0) size 600x100 [bgcolor=#008000]
          RenderImage {IMG} at (0,0) size 100x100
          RenderImage {IMG} at (0,100) size 600x100
          RenderText {#text} at (0,0) size 0x0
