layer at (0,0) size 800x600
  RenderView at (0,0) size 800x600
layer at (0,0) size 800x600
  RenderBlock {HTML} at (0,0) size 800x600
    RenderBody {BODY} at (8,8) size 784x582
      RenderBlock {P} at (0,0) size 784x40
        RenderText {#text} at (0,0) size 53x19
          text run at (0,0) width 53: "Test for "
        RenderInline {I} at (0,0) size 772x39
          RenderInline {A} at (0,0) size 294x19 [color=#0000EE]
            RenderText {#text} at (53,0) size 294x19
              text run at (53,0) width 294: "http://bugs.webkit.org/show_bug.cgi?id=14449"
          RenderText {#text} at (347,0) size 772x39
            text run at (347,0) width 4: " "
            text run at (351,0) width 421: "REGRESSION (r14345-r14375): Absolutely positioned image does"
            text run at (0,20) width 250: "not scale to containing element's height"
        RenderText {#text} at (250,20) size 4x19
          text run at (250,20) width 4: "."
layer at (18,62) size 764x200
  RenderBlock (relative positioned) {DIV} at (10,54) size 764x200
layer at (18,62) size 100x100
  RenderBlock (relative positioned) {DIV} at (0,0) size 100x100 [bgcolor=#808080]
    RenderBlock {DIV} at (0,0) size 100x100
layer at (18,62) size 50x100
  RenderImage {IMG} at (0,0) size 50x100 [bgcolor=#0000FF]
layer at (18,272) size 764x200
  RenderBlock (relative positioned) {DIV} at (10,264) size 764x200
    RenderText {#text} at (0,0) size 0x0
layer at (18,272) size 50x95
  RenderImage {IMG} at (0,0) size 50x95 [bgcolor=#0000FF]
