layer at (0,0) size 800x600
  RenderView at (0,0) size 800x600
layer at (0,0) size 800x600
  RenderBlock {HTML} at (0,0) size 800x600
    RenderBody {BODY} at (8,8) size 784x584
      RenderBlock {P} at (0,0) size 784x19
        RenderText {#text} at (0,0) size 53x19
          text run at (0,0) width 53: "Test for "
        RenderInline {A} at (0,0) size 337x19 [color=#0000EE]
          RenderText {#text} at (53,0) size 337x19
            text run at (53,0) width 337: "http://bugzilla.opendarwin.org/show_bug.cgi?id=7281"
      RenderBlock {P} at (0,33) size 784x38
        RenderText {#text} at (0,0) size 771x38
          text run at (0,0) width 771: "This tests rendering of an applet element with Java disabled. If Java is disabled and Safari shows the content in the applet"
          text run at (0,19) width 161: "tag, then the test passed."
      RenderBlock (anonymous) at (0,85) size 784x19
        RenderInline {APPLET} at (0,0) size 66x19
          RenderText {#text} at (0,0) size 66x19
            text run at (0,0) width 66: "SUCCESS"
        RenderText {#text} at (0,0) size 0x0
