layer at (0,0) size 800x600
  RenderView at (0,0) size 800x600
layer at (0,0) size 800x600
  RenderBlock {HTML} at (0,0) size 800x600
    RenderBody {BODY} at (8,8) size 784x584
      RenderBlock {P} at (0,0) size 784x20
        RenderText {#text} at (0,0) size 53x19
          text run at (0,0) width 53: "Test for "
        RenderInline {I} at (0,0) size 522x19
          RenderInline {A} at (0,0) size 286x19 [color=#0000EE]
            RenderText {#text} at (53,0) size 286x19
              text run at (53,0) width 286: "http://bugs.webkit.org/show_bug.cgi?id=9276"
          RenderText {#text} at (339,0) size 236x19
            text run at (339,0) width 4: " "
            text run at (343,0) width 232: "Quirksmode: Image swap resize bug"
        RenderText {#text} at (575,0) size 4x19
          text run at (575,0) width 4: "."
      RenderBlock {P} at (0,34) size 784x19
        RenderText {#text} at (0,0) size 288x19
          text run at (0,0) width 288: "This should be a blue 100\x{D7}100 pixels square."
      RenderBlock (anonymous) at (0,67) size 784x100
        RenderImage {IMG} at (0,0) size 100x100
        RenderText {#text} at (0,0) size 0x0
        RenderText {#text} at (0,0) size 0x0
        RenderText {#text} at (0,0) size 0x0
