layer at (0,0) size 800x600
  RenderView at (0,0) size 800x600
layer at (0,0) size 800x600
  RenderBlock {HTML} at (0,0) size 800x600
    RenderBody {BODY} at (8,8) size 784x584
      RenderBlock {P} at (0,0) size 784x40
        RenderText {#text} at (0,0) size 260x19
          text run at (0,0) width 260: "This test checks for a regression against "
        RenderInline {I} at (0,0) size 739x39
          RenderInline {A} at (0,0) size 337x19 [color=#0000EE]
            RenderText {#text} at (260,0) size 337x19
              text run at (260,0) width 337: "http://bugzilla.opendarwin.org/show_bug.cgi?id=6276"
          RenderText {#text} at (597,0) size 739x39
            text run at (597,0) width 4: " "
            text run at (601,0) width 138: "Image thumbnails are"
            text run at (0,20) width 193: "misplaced on forum.2ostrov.ru"
        RenderText {#text} at (193,20) size 4x19
          text run at (193,20) width 4: "."
      RenderBlock {HR} at (0,54) size 784x2 [border: (1px inset #000000)]
      RenderBlock {P} at (0,70) size 784x19
        RenderText {#text} at (0,0) size 229x19
          text run at (0,0) width 229: "Box 1 and box 2 should be identical."
      RenderBlock (anonymous) at (0,103) size 784x19
        RenderText {#text} at (0,0) size 40x19
          text run at (0,0) width 40: "Box 1:"
      RenderBlock {DIV} at (0,122) size 67x87 [border: (1px solid #000000)]
        RenderBlock {DIV} at (6,6) size 40x20 [bgcolor=#0000FF]
        RenderText {#text} at (46,12) size 13x19
          text run at (46,12) width 13: " A"
        RenderBlock {DIV} at (6,31) size 35x20 [bgcolor=#FF0000]
        RenderText {#text} at (41,37) size 13x19
          text run at (41,37) width 13: " B"
        RenderBlock {DIV} at (6,56) size 20x20 [bgcolor=#008000]
        RenderText {#text} at (26,62) size 14x19
          text run at (26,62) width 14: " C"
      RenderBlock (anonymous) at (0,209) size 784x38
        RenderBR {BR} at (0,0) size 0x19
        RenderText {#text} at (0,19) size 40x19
          text run at (0,19) width 40: "Box 2:"
      RenderBlock {DIV} at (0,247) size 67x87 [border: (1px solid #000000)]
        RenderBlock {DIV} at (6,6) size 40x20 [bgcolor=#0000FF]
        RenderText {#text} at (46,12) size 13x19
          text run at (46,12) width 13: " A"
        RenderBlock {DIV} at (6,31) size 35x20 [bgcolor=#FF0000]
        RenderText {#text} at (41,37) size 13x19
          text run at (41,37) width 13: " B"
        RenderBlock {DIV} at (6,56) size 20x20 [bgcolor=#008000]
        RenderText {#text} at (26,62) size 14x19
          text run at (26,62) width 14: " C"
