layer at (0,0) size 800x600
  RenderView at (0,0) size 800x600
layer at (0,0) size 800x600
  RenderBlock {HTML} at (0,0) size 800x600
    RenderBody {BODY} at (8,8) size 784x584
      RenderBlock {DIV} at (0,0) size 10x44
        RenderText {#text} at (0,0) size 25x19
          text run at (0,0) width 25: "Foo"
        RenderImage {IMG} at (0,19) size 25x25
      RenderBlock {DIV} at (0,44) size 10x48
        RenderText {#text} at (0,0) size 25x19
          text run at (0,0) width 25: "Foo"
        RenderMenuList {SELECT} at (2,21) size 74x25 [bgcolor=#FFFFFF]
          RenderBlock (anonymous) at (8,4) size 42x19
            RenderText at (0,0) size 27x19
              text run at (0,0) width 27: "One"
      RenderBlock {DIV} at (0,92) size 10x48
        RenderText {#text} at (0,0) size 25x19
          text run at (0,0) width 25: "Foo"
        RenderTextControl {INPUT} at (2,21) size 168x25 [border: (2px inset #000000)]
      RenderBlock {DIV} at (0,140) size 10x44
        RenderImage {IMG} at (0,0) size 25x25
        RenderText {#text} at (0,25) size 25x19
          text run at (0,25) width 25: "Foo"
      RenderBlock {DIV} at (0,184) size 10x48
        RenderMenuList {SELECT} at (2,2) size 74x25 [bgcolor=#FFFFFF]
          RenderBlock (anonymous) at (8,4) size 42x19
            RenderText at (0,0) size 27x19
              text run at (0,0) width 27: "One"
        RenderText {#text} at (0,29) size 25x19
          text run at (0,29) width 25: "Foo"
      RenderBlock {DIV} at (0,232) size 10x48
        RenderTextControl {INPUT} at (2,2) size 168x25 [border: (2px inset #000000)]
        RenderText {#text} at (0,29) size 25x19
          text run at (0,29) width 25: "Foo"
layer at (13,124) size 162x19
  RenderBlock {DIV} at (3,3) size 162x19
layer at (13,245) size 162x19
  RenderBlock {DIV} at (3,3) size 162x19
