layer at (0,0) size 800x600
  RenderView at (0,0) size 800x600
layer at (0,0) size 800x600
  RenderBlock {HTML} at (0,0) size 800x600
    RenderBody {BODY} at (8,8) size 784x584
      RenderBlock (anonymous) at (0,0) size 784x19
        RenderText {#text} at (0,0) size 306x19
          text run at (0,0) width 306: "The following sets of buttons should not overlap."
      RenderTable {TABLE} at (0,19) size 784x36
        RenderTableSection {TBODY} at (0,0) size 784x36
          RenderTableRow {TR} at (0,1) size 784x34
            RenderTableCell {TD} at (1,1) size 65x34 [r=0 c=0 rs=1 cs=1]
              RenderButton {INPUT} at (1,3) size 63x28 [bgcolor=#C0C0C0]
                RenderBlock (anonymous) at (6,6) size 51x17
                  RenderText at (0,0) size 51x17
                    text run at (0,0) width 51: "New Mail"
            RenderTableCell {TD} at (67,1) size 46x34 [r=0 c=1 rs=1 cs=1]
              RenderButton {INPUT} at (1,3) size 44x28 [bgcolor=#C0C0C0]
                RenderBlock (anonymous) at (6,6) size 32x17
                  RenderText at (0,0) size 32x17
                    text run at (0,0) width 32: "Reply"
            RenderTableCell {TD} at (114,1) size 63x34 [r=0 c=2 rs=1 cs=1]
              RenderButton {INPUT} at (1,3) size 61x28 [bgcolor=#C0C0C0]
                RenderBlock (anonymous) at (6,6) size 49x17
                  RenderText at (0,0) size 49x17
                    text run at (0,0) width 49: "Reply All"
            RenderTableCell {TD} at (178,7) size 605x21 [r=0 c=3 rs=1 cs=1]
              RenderText {#text} at (1,1) size 4x19
                text run at (1,1) width 4: " "
      RenderBlock (anonymous) at (0,55) size 784x38
        RenderBR {BR} at (0,0) size 0x19
        RenderBR {BR} at (0,19) size 0x19
      RenderTable {TABLE} at (0,93) size 784x36
        RenderTableSection {TBODY} at (0,0) size 784x36
          RenderTableRow {TR} at (0,1) size 784x34
            RenderTableCell {TD} at (1,1) size 65x34 [r=0 c=0 rs=1 cs=1]
              RenderButton {INPUT} at (1,3) size 63x28 [bgcolor=#C0C0C0]
                RenderBlock (anonymous) at (6,6) size 51x17
                  RenderText at (0,0) size 51x17
                    text run at (0,0) width 51: "New Mail"
            RenderTableCell {TD} at (67,1) size 46x34 [r=0 c=1 rs=1 cs=1]
              RenderButton {INPUT} at (1,3) size 44x28 [bgcolor=#C0C0C0]
                RenderBlock (anonymous) at (6,6) size 32x17
                  RenderText at (0,0) size 32x17
                    text run at (0,0) width 32: "Reply"
            RenderTableCell {TD} at (114,1) size 63x34 [r=0 c=2 rs=1 cs=1]
              RenderButton {INPUT} at (1,3) size 61x28 [bgcolor=#C0C0C0]
                RenderBlock (anonymous) at (6,6) size 49x17
                  RenderText at (0,0) size 49x17
                    text run at (0,0) width 49: "Reply All"
            RenderTableCell {TD} at (178,7) size 605x21 [r=0 c=3 rs=1 cs=1]
              RenderText {#text} at (1,1) size 4x19
                text run at (1,1) width 4: " "
